{
  "Entries": [
    {
      "RequestUri": "/subscriptions/259fbb24-9bcd-4cfc-865c-fc33b22fe38a/resourcegroups/CosmosDBResourceGroup49?api-version=2016-09-01",
      "EncodedRequestUri": "L3N1YnNjcmlwdGlvbnMvMjU5ZmJiMjQtOWJjZC00Y2ZjLTg2NWMtZmMzM2IyMmZlMzhhL3Jlc291cmNlZ3JvdXBzL0Nvc21vc0RCUmVzb3VyY2VHcm91cDQ5P2FwaS12ZXJzaW9uPTIwMTYtMDktMDE=",
      "RequestMethod": "PUT",
      "RequestBody": "{\r\n  \"location\": \"East US\"\r\n}",
      "RequestHeaders": {
        "x-ms-client-request-id": [
          "3f6ba520-e094-4d5b-b159-d787b7f70f61"
        ],
        "Accept-Language": [
          "en-US"
        ],
        "User-Agent": [
          "FxVersion/4.6.28207.03",
          "OSName/Windows",
          "OSVersion/Microsoft.Windows.10.0.19044.",
          "Microsoft.Azure.Management.Internal.Resources.ResourceManagementClient/1.3.54"
        ],
        "Content-Type": [
          "application/json; charset=utf-8"
        ],
        "Content-Length": [
          "29"
        ]
      },
      "ResponseHeaders": {
        "Cache-Control": [
          "no-cache"
        ],
        "Pragma": [
          "no-cache"
        ],
        "x-ms-ratelimit-remaining-subscription-writes": [
          "1199"
        ],
        "x-ms-request-id": [
          "9fd1da54-6301-4d19-8e63-6f402e74bdad"
        ],
        "x-ms-correlation-request-id": [
          "9fd1da54-6301-4d19-8e63-6f402e74bdad"
        ],
        "x-ms-routing-request-id": [
          "WESTUS2:20220215T071420Z:9fd1da54-6301-4d19-8e63-6f402e74bdad"
        ],
        "Strict-Transport-Security": [
          "max-age=31536000; includeSubDomains"
        ],
        "X-Content-Type-Options": [
          "nosniff"
        ],
        "Date": [
          "Tue, 15 Feb 2022 07:14:19 GMT"
        ],
        "Content-Length": [
          "199"
        ],
        "Content-Type": [
          "application/json; charset=utf-8"
        ],
        "Expires": [
          "-1"
        ]
      },
      "ResponseBody": "{\r\n  \"id\": \"/subscriptions/259fbb24-9bcd-4cfc-865c-fc33b22fe38a/resourceGroups/CosmosDBResourceGroup49\",\r\n  \"name\": \"CosmosDBResourceGroup49\",\r\n  \"location\": \"eastus\",\r\n  \"properties\": {\r\n    \"provisioningState\": \"Succeeded\"\r\n  }\r\n}",
      "StatusCode": 201
    },
    {
      "RequestUri": "/subscriptions/259fbb24-9bcd-4cfc-865c-fc33b22fe38a/resourceGroups/CosmosDBResourceGroup49/providers/Microsoft.DocumentDB/databaseAccounts/cassandra-db2749?api-version=2021-11-15-preview",
      "EncodedRequestUri": "L3N1YnNjcmlwdGlvbnMvMjU5ZmJiMjQtOWJjZC00Y2ZjLTg2NWMtZmMzM2IyMmZlMzhhL3Jlc291cmNlR3JvdXBzL0Nvc21vc0RCUmVzb3VyY2VHcm91cDQ5L3Byb3ZpZGVycy9NaWNyb3NvZnQuRG9jdW1lbnREQi9kYXRhYmFzZUFjY291bnRzL2Nhc3NhbmRyYS1kYjI3NDk/YXBpLXZlcnNpb249MjAyMS0xMS0xNS1wcmV2aWV3",
      "RequestMethod": "GET",
      "RequestBody": "",
      "RequestHeaders": {
        "x-ms-client-request-id": [
          "5657bccd-2dc6-4563-ba87-45b6fb6b644e"
        ],
        "Accept-Language": [
          "en-US"
        ],
        "User-Agent": [
          "FxVersion/4.6.28207.03",
          "OSName/Windows",
          "OSVersion/Microsoft.Windows.10.0.19044.",
          "Microsoft.Azure.Management.CosmosDB.CosmosDBManagementClient/3.4.0.0"
        ]
      },
      "ResponseHeaders": {
        "Cache-Control": [
          "no-cache"
        ],
        "Pragma": [
          "no-cache"
        ],
        "x-ms-failure-cause": [
          "gateway"
        ],
        "x-ms-request-id": [
          "7d323d14-2e55-4371-952b-3e8ee1265fe0"
        ],
        "x-ms-correlation-request-id": [
          "7d323d14-2e55-4371-952b-3e8ee1265fe0"
        ],
        "x-ms-routing-request-id": [
          "WESTUS2:20220215T071421Z:7d323d14-2e55-4371-952b-3e8ee1265fe0"
        ],
        "Strict-Transport-Security": [
          "max-age=31536000; includeSubDomains"
        ],
        "X-Content-Type-Options": [
          "nosniff"
        ],
        "Date": [
          "Tue, 15 Feb 2022 07:14:20 GMT"
        ],
        "Content-Type": [
          "application/json; charset=utf-8"
        ],
        "Expires": [
          "-1"
        ],
        "Content-Length": [
          "249"
        ]
      },
      "ResponseBody": "{\r\n  \"error\": {\r\n    \"code\": \"ResourceNotFound\",\r\n    \"message\": \"The Resource 'Microsoft.DocumentDB/databaseAccounts/cassandra-db2749' under resource group 'CosmosDBResourceGroup49' was not found. For more details please go to https://aka.ms/ARMResourceNotFoundFix\"\r\n  }\r\n}",
      "StatusCode": 404
    },
    {
      "RequestUri": "/subscriptions/259fbb24-9bcd-4cfc-865c-fc33b22fe38a/resourceGroups/CosmosDBResourceGroup49/providers/Microsoft.DocumentDB/databaseAccounts/cassandra-db2749?api-version=2021-11-15-preview",
      "EncodedRequestUri": "L3N1YnNjcmlwdGlvbnMvMjU5ZmJiMjQtOWJjZC00Y2ZjLTg2NWMtZmMzM2IyMmZlMzhhL3Jlc291cmNlR3JvdXBzL0Nvc21vc0RCUmVzb3VyY2VHcm91cDQ5L3Byb3ZpZGVycy9NaWNyb3NvZnQuRG9jdW1lbnREQi9kYXRhYmFzZUFjY291bnRzL2Nhc3NhbmRyYS1kYjI3NDk/YXBpLXZlcnNpb249MjAyMS0xMS0xNS1wcmV2aWV3",
      "RequestMethod": "GET",
      "RequestBody": "",
      "RequestHeaders": {
        "x-ms-client-request-id": [
          "5657bccd-2dc6-4563-ba87-45b6fb6b644e"
        ],
        "User-Agent": [
          "FxVersion/4.6.28207.03",
          "OSName/Windows",
          "OSVersion/Microsoft.Windows.10.0.19044.",
          "Microsoft.Azure.Management.CosmosDB.CosmosDBManagementClient/3.4.0.0"
        ]
      },
      "ResponseHeaders": {
        "Cache-Control": [
          "no-store, no-cache"
        ],
        "Pragma": [
          "no-cache"
        ],
        "Strict-Transport-Security": [
          "max-age=31536000; includeSubDomains"
        ],
        "x-ms-gatewayversion": [
          "version=2.14.0"
        ],
        "Server": [
          "Microsoft-HTTPAPI/2.0"
        ],
        "x-ms-ratelimit-remaining-subscription-reads": [
          "11990"
        ],
        "x-ms-request-id": [
          "66461ebb-7506-4159-b954-fea6081dd51b"
        ],
        "x-ms-correlation-request-id": [
          "66461ebb-7506-4159-b954-fea6081dd51b"
        ],
        "x-ms-routing-request-id": [
          "WESTUS2:20220215T071827Z:66461ebb-7506-4159-b954-fea6081dd51b"
        ],
        "X-Content-Type-Options": [
          "nosniff"
        ],
        "Date": [
          "Tue, 15 Feb 2022 07:18:26 GMT"
        ],
        "Content-Length": [
          "2384"
        ],
        "Content-Type": [
          "application/json"
        ]
      },
      "ResponseBody": "{\r\n  \"id\": \"/subscriptions/259fbb24-9bcd-4cfc-865c-fc33b22fe38a/resourceGroups/CosmosDBResourceGroup49/providers/Microsoft.DocumentDB/databaseAccounts/cassandra-db2749\",\r\n  \"name\": \"cassandra-db2749\",\r\n  \"location\": \"East US\",\r\n  \"type\": \"Microsoft.DocumentDB/databaseAccounts\",\r\n  \"kind\": \"GlobalDocumentDB\",\r\n  \"tags\": {},\r\n  \"systemData\": {\r\n    \"createdAt\": \"2022-02-15T07:17:33.8496844Z\"\r\n  },\r\n  \"properties\": {\r\n    \"provisioningState\": \"Succeeded\",\r\n    \"documentEndpoint\": \"https://cassandra-db2749.documents.azure.com:443/\",\r\n    \"cassandraEndpoint\": \"https://cassandra-db2749.cassandra.cosmos.azure.com:443/\",\r\n    \"publicNetworkAccess\": \"Enabled\",\r\n    \"enableAutomaticFailover\": false,\r\n    \"enableMultipleWriteLocations\": false,\r\n    \"enablePartitionKeyMonitor\": false,\r\n    \"isVirtualNetworkFilterEnabled\": false,\r\n    \"virtualNetworkRules\": [],\r\n    \"EnabledApiTypes\": \"Cassandra\",\r\n    \"disableKeyBasedMetadataWriteAccess\": false,\r\n    \"enableFreeTier\": false,\r\n    \"enableAnalyticalStorage\": false,\r\n    \"analyticalStorageConfiguration\": {\r\n      \"schemaType\": \"WellDefined\"\r\n    },\r\n    \"instanceId\": \"6019fc3c-a565-448e-9ec4-8dcb32befc53\",\r\n    \"databaseAccountOfferType\": \"Standard\",\r\n    \"defaultIdentity\": \"FirstPartyIdentity\",\r\n    \"networkAclBypass\": \"None\",\r\n    \"disableLocalAuth\": false,\r\n    \"consistencyPolicy\": {\r\n      \"defaultConsistencyLevel\": \"Session\",\r\n      \"maxIntervalInSeconds\": 5,\r\n      \"maxStalenessPrefix\": 100\r\n    },\r\n    \"configurationOverrides\": {},\r\n    \"writeLocations\": [\r\n      {\r\n        \"id\": \"cassandra-db2749-eastus\",\r\n        \"locationName\": \"East US\",\r\n        \"documentEndpoint\": \"https://cassandra-db2749-eastus.documents.azure.com:443/\",\r\n        \"provisioningState\": \"Succeeded\",\r\n        \"failoverPriority\": 0,\r\n        \"isZoneRedundant\": false\r\n      }\r\n    ],\r\n    \"readLocations\": [\r\n      {\r\n        \"id\": \"cassandra-db2749-eastus\",\r\n        \"locationName\": \"East US\",\r\n        \"documentEndpoint\": \"https://cassandra-db2749-eastus.documents.azure.com:443/\",\r\n        \"provisioningState\": \"Succeeded\",\r\n        \"failoverPriority\": 0,\r\n        \"isZoneRedundant\": false\r\n      }\r\n    ],\r\n    \"locations\": [\r\n      {\r\n        \"id\": \"cassandra-db2749-eastus\",\r\n        \"locationName\": \"East US\",\r\n        \"documentEndpoint\": \"https://cassandra-db2749-eastus.documents.azure.com:443/\",\r\n        \"provisioningState\": \"Succeeded\",\r\n        \"failoverPriority\": 0,\r\n        \"isZoneRedundant\": false\r\n      }\r\n    ],\r\n    \"failoverPolicies\": [\r\n      {\r\n        \"id\": \"cassandra-db2749-eastus\",\r\n        \"locationName\": \"East US\",\r\n        \"failoverPriority\": 0\r\n      }\r\n    ],\r\n    \"cors\": [],\r\n    \"capabilities\": [\r\n      {\r\n        \"name\": \"EnableCassandra\"\r\n      }\r\n    ],\r\n    \"ipRules\": [],\r\n    \"backupPolicy\": {\r\n      \"type\": \"Periodic\",\r\n      \"periodicModeProperties\": {\r\n        \"backupIntervalInMinutes\": 240,\r\n        \"backupRetentionIntervalInHours\": 8,\r\n        \"backupStorageRedundancy\": \"Geo\"\r\n      }\r\n    },\r\n    \"networkAclBypassResourceIds\": [],\r\n    \"diagnosticLogSettings\": {\r\n      \"enableFullTextQuery\": \"None\"\r\n    }\r\n  },\r\n  \"identity\": {\r\n    \"type\": \"None\"\r\n  }\r\n}",
      "StatusCode": 200
    },
    {
      "RequestUri": "/subscriptions/259fbb24-9bcd-4cfc-865c-fc33b22fe38a/resourceGroups/CosmosDBResourceGroup49/providers/Microsoft.DocumentDB/databaseAccounts/cassandra-db2749?api-version=2021-11-15-preview",
      "EncodedRequestUri": "L3N1YnNjcmlwdGlvbnMvMjU5ZmJiMjQtOWJjZC00Y2ZjLTg2NWMtZmMzM2IyMmZlMzhhL3Jlc291cmNlR3JvdXBzL0Nvc21vc0RCUmVzb3VyY2VHcm91cDQ5L3Byb3ZpZGVycy9NaWNyb3NvZnQuRG9jdW1lbnREQi9kYXRhYmFzZUFjY291bnRzL2Nhc3NhbmRyYS1kYjI3NDk/YXBpLXZlcnNpb249MjAyMS0xMS0xNS1wcmV2aWV3",
      "RequestMethod": "PUT",
      "RequestBody": "{\r\n  \"properties\": {\r\n    \"consistencyPolicy\": {\r\n      \"defaultConsistencyLevel\": \"Session\"\r\n    },\r\n    \"locations\": [\r\n      {\r\n        \"locationName\": \"East Us\",\r\n        \"failoverPriority\": 0,\r\n        \"isZoneRedundant\": false\r\n      }\r\n    ],\r\n    \"isVirtualNetworkFilterEnabled\": false,\r\n    \"enableAutomaticFailover\": false,\r\n    \"capabilities\": [\r\n      {\r\n        \"name\": \"EnableCassandra\"\r\n      }\r\n    ],\r\n    \"virtualNetworkRules\": [],\r\n    \"enableMultipleWriteLocations\": false,\r\n    \"disableKeyBasedMetadataWriteAccess\": false,\r\n    \"networkAclBypassResourceIds\": [],\r\n    \"databaseAccountOfferType\": \"Standard\"\r\n  },\r\n  \"location\": \"East Us\",\r\n  \"tags\": {}\r\n}",
      "RequestHeaders": {
        "x-ms-client-request-id": [
          "5657bccd-2dc6-4563-ba87-45b6fb6b644e"
        ],
        "Accept-Language": [
          "en-US"
        ],
        "User-Agent": [
          "FxVersion/4.6.28207.03",
          "OSName/Windows",
          "OSVersion/Microsoft.Windows.10.0.19044.",
          "Microsoft.Azure.Management.CosmosDB.CosmosDBManagementClient/3.4.0.0"
        ],
        "Content-Type": [
          "application/json; charset=utf-8"
        ],
        "Content-Length": [
          "675"
        ]
      },
      "ResponseHeaders": {
        "Cache-Control": [
          "no-store, no-cache"
        ],
        "Pragma": [
          "no-cache"
        ],
        "Location": [
          "https://management.azure.com/subscriptions/259fbb24-9bcd-4cfc-865c-fc33b22fe38a/resourceGroups/CosmosDBResourceGroup49/providers/Microsoft.DocumentDB/databaseAccounts/cassandra-db2749/operationResults/074df3de-0edf-4da5-8974-6f12d475cd5a?api-version=2021-11-15-preview"
        ],
        "x-ms-request-id": [
          "074df3de-0edf-4da5-8974-6f12d475cd5a"
        ],
        "Azure-AsyncOperation": [
          "https://management.azure.com/subscriptions/259fbb24-9bcd-4cfc-865c-fc33b22fe38a/providers/Microsoft.DocumentDB/locations/eastus/operationsStatus/074df3de-0edf-4da5-8974-6f12d475cd5a?api-version=2021-11-15-preview"
        ],
        "Strict-Transport-Security": [
          "max-age=31536000; includeSubDomains"
        ],
        "x-ms-gatewayversion": [
          "version=2.14.0"
        ],
        "Server": [
          "Microsoft-HTTPAPI/2.0"
        ],
        "x-ms-ratelimit-remaining-subscription-writes": [
          "1199"
        ],
        "x-ms-correlation-request-id": [
          "ca860862-3b7a-419b-8522-6bf5b5130666"
        ],
        "x-ms-routing-request-id": [
          "WESTUS2:20220215T071426Z:ca860862-3b7a-419b-8522-6bf5b5130666"
        ],
        "X-Content-Type-Options": [
          "nosniff"
        ],
        "Date": [
          "Tue, 15 Feb 2022 07:14:26 GMT"
        ],
        "Content-Length": [
          "1982"
        ],
        "Content-Type": [
          "application/json"
        ]
      },
      "ResponseBody": "{\r\n  \"id\": \"/subscriptions/259fbb24-9bcd-4cfc-865c-fc33b22fe38a/resourceGroups/CosmosDBResourceGroup49/providers/Microsoft.DocumentDB/databaseAccounts/cassandra-db2749\",\r\n  \"name\": \"cassandra-db2749\",\r\n  \"location\": \"East US\",\r\n  \"type\": \"Microsoft.DocumentDB/databaseAccounts\",\r\n  \"kind\": \"GlobalDocumentDB\",\r\n  \"tags\": {},\r\n  \"systemData\": {\r\n    \"createdAt\": \"2022-02-15T07:14:24.5791517Z\"\r\n  },\r\n  \"properties\": {\r\n    \"provisioningState\": \"Creating\",\r\n    \"publicNetworkAccess\": \"Enabled\",\r\n    \"enableAutomaticFailover\": false,\r\n    \"enableMultipleWriteLocations\": false,\r\n    \"enablePartitionKeyMonitor\": false,\r\n    \"isVirtualNetworkFilterEnabled\": false,\r\n    \"virtualNetworkRules\": [],\r\n    \"EnabledApiTypes\": \"Cassandra\",\r\n    \"disableKeyBasedMetadataWriteAccess\": false,\r\n    \"enableFreeTier\": false,\r\n    \"enableAnalyticalStorage\": false,\r\n    \"analyticalStorageConfiguration\": {\r\n      \"schemaType\": \"WellDefined\"\r\n    },\r\n    \"instanceId\": \"6019fc3c-a565-448e-9ec4-8dcb32befc53\",\r\n    \"databaseAccountOfferType\": \"Standard\",\r\n    \"defaultIdentity\": \"\",\r\n    \"networkAclBypass\": \"None\",\r\n    \"disableLocalAuth\": false,\r\n    \"consistencyPolicy\": {\r\n      \"defaultConsistencyLevel\": \"Session\",\r\n      \"maxIntervalInSeconds\": 5,\r\n      \"maxStalenessPrefix\": 100\r\n    },\r\n    \"configurationOverrides\": {},\r\n    \"writeLocations\": [\r\n      {\r\n        \"id\": \"cassandra-db2749-eastus\",\r\n        \"locationName\": \"East US\",\r\n        \"provisioningState\": \"Creating\",\r\n        \"failoverPriority\": 0,\r\n        \"isZoneRedundant\": false\r\n      }\r\n    ],\r\n    \"readLocations\": [\r\n      {\r\n        \"id\": \"cassandra-db2749-eastus\",\r\n        \"locationName\": \"East US\",\r\n        \"provisioningState\": \"Creating\",\r\n        \"failoverPriority\": 0,\r\n        \"isZoneRedundant\": false\r\n      }\r\n    ],\r\n    \"locations\": [\r\n      {\r\n        \"id\": \"cassandra-db2749-eastus\",\r\n        \"locationName\": \"East US\",\r\n        \"provisioningState\": \"Creating\",\r\n        \"failoverPriority\": 0,\r\n        \"isZoneRedundant\": false\r\n      }\r\n    ],\r\n    \"failoverPolicies\": [\r\n      {\r\n        \"id\": \"cassandra-db2749-eastus\",\r\n        \"locationName\": \"East US\",\r\n        \"failoverPriority\": 0\r\n      }\r\n    ],\r\n    \"cors\": [],\r\n    \"capabilities\": [\r\n      {\r\n        \"name\": \"EnableCassandra\"\r\n      }\r\n    ],\r\n    \"ipRules\": [],\r\n    \"backupPolicy\": {\r\n      \"type\": \"Periodic\",\r\n      \"periodicModeProperties\": {\r\n        \"backupIntervalInMinutes\": 240,\r\n        \"backupRetentionIntervalInHours\": 8,\r\n        \"backupStorageRedundancy\": \"Invalid\"\r\n      }\r\n    },\r\n    \"networkAclBypassResourceIds\": [],\r\n    \"diagnosticLogSettings\": {\r\n      \"enableFullTextQuery\": \"None\"\r\n    }\r\n  },\r\n  \"identity\": {\r\n    \"type\": \"None\"\r\n  }\r\n}",
      "StatusCode": 200
    },
    {
      "RequestUri": "/subscriptions/259fbb24-9bcd-4cfc-865c-fc33b22fe38a/providers/Microsoft.DocumentDB/locations/eastus/operationsStatus/074df3de-0edf-4da5-8974-6f12d475cd5a?api-version=2021-11-15-preview",
      "EncodedRequestUri": "L3N1YnNjcmlwdGlvbnMvMjU5ZmJiMjQtOWJjZC00Y2ZjLTg2NWMtZmMzM2IyMmZlMzhhL3Byb3ZpZGVycy9NaWNyb3NvZnQuRG9jdW1lbnREQi9sb2NhdGlvbnMvZWFzdHVzL29wZXJhdGlvbnNTdGF0dXMvMDc0ZGYzZGUtMGVkZi00ZGE1LTg5NzQtNmYxMmQ0NzVjZDVhP2FwaS12ZXJzaW9uPTIwMjEtMTEtMTUtcHJldmlldw==",
      "RequestMethod": "GET",
      "RequestBody": "",
      "RequestHeaders": {
        "x-ms-client-request-id": [
          "5657bccd-2dc6-4563-ba87-45b6fb6b644e"
        ],
        "User-Agent": [
          "FxVersion/4.6.28207.03",
          "OSName/Windows",
          "OSVersion/Microsoft.Windows.10.0.19044.",
          "Microsoft.Azure.Management.CosmosDB.CosmosDBManagementClient/3.4.0.0"
        ]
      },
      "ResponseHeaders": {
        "Cache-Control": [
          "no-store, no-cache"
        ],
        "Pragma": [
          "no-cache"
        ],
        "Strict-Transport-Security": [
          "max-age=31536000; includeSubDomains"
        ],
        "x-ms-gatewayversion": [
          "version=2.14.0"
        ],
        "Server": [
          "Microsoft-HTTPAPI/2.0"
        ],
        "x-ms-ratelimit-remaining-subscription-reads": [
          "11998"
        ],
        "x-ms-request-id": [
          "52f64ffd-dc41-4e95-aeca-3a2f9a2d982c"
        ],
        "x-ms-correlation-request-id": [
          "52f64ffd-dc41-4e95-aeca-3a2f9a2d982c"
        ],
        "x-ms-routing-request-id": [
          "WESTUS2:20220215T071456Z:52f64ffd-dc41-4e95-aeca-3a2f9a2d982c"
        ],
        "X-Content-Type-Options": [
          "nosniff"
        ],
        "Date": [
          "Tue, 15 Feb 2022 07:14:56 GMT"
        ],
        "Content-Length": [
          "21"
        ],
        "Content-Type": [
          "application/json"
        ]
      },
      "ResponseBody": "{\r\n  \"status\": \"Dequeued\"\r\n}",
      "StatusCode": 200
    },
    {
      "RequestUri": "/subscriptions/259fbb24-9bcd-4cfc-865c-fc33b22fe38a/providers/Microsoft.DocumentDB/locations/eastus/operationsStatus/074df3de-0edf-4da5-8974-6f12d475cd5a?api-version=2021-11-15-preview",
      "EncodedRequestUri": "L3N1YnNjcmlwdGlvbnMvMjU5ZmJiMjQtOWJjZC00Y2ZjLTg2NWMtZmMzM2IyMmZlMzhhL3Byb3ZpZGVycy9NaWNyb3NvZnQuRG9jdW1lbnREQi9sb2NhdGlvbnMvZWFzdHVzL29wZXJhdGlvbnNTdGF0dXMvMDc0ZGYzZGUtMGVkZi00ZGE1LTg5NzQtNmYxMmQ0NzVjZDVhP2FwaS12ZXJzaW9uPTIwMjEtMTEtMTUtcHJldmlldw==",
      "RequestMethod": "GET",
      "RequestBody": "",
      "RequestHeaders": {
        "x-ms-client-request-id": [
          "5657bccd-2dc6-4563-ba87-45b6fb6b644e"
        ],
        "User-Agent": [
          "FxVersion/4.6.28207.03",
          "OSName/Windows",
          "OSVersion/Microsoft.Windows.10.0.19044.",
          "Microsoft.Azure.Management.CosmosDB.CosmosDBManagementClient/3.4.0.0"
        ]
      },
      "ResponseHeaders": {
        "Cache-Control": [
          "no-store, no-cache"
        ],
        "Pragma": [
          "no-cache"
        ],
        "Strict-Transport-Security": [
          "max-age=31536000; includeSubDomains"
        ],
        "x-ms-gatewayversion": [
          "version=2.14.0"
        ],
        "Server": [
          "Microsoft-HTTPAPI/2.0"
        ],
        "x-ms-ratelimit-remaining-subscription-reads": [
          "11997"
        ],
        "x-ms-request-id": [
          "4688163d-b73e-48ee-9db9-4d579fb85ea4"
        ],
        "x-ms-correlation-request-id": [
          "4688163d-b73e-48ee-9db9-4d579fb85ea4"
        ],
        "x-ms-routing-request-id": [
          "WESTUS2:20220215T071526Z:4688163d-b73e-48ee-9db9-4d579fb85ea4"
        ],
        "X-Content-Type-Options": [
          "nosniff"
        ],
        "Date": [
          "Tue, 15 Feb 2022 07:15:26 GMT"
        ],
        "Content-Length": [
          "21"
        ],
        "Content-Type": [
          "application/json"
        ]
      },
      "ResponseBody": "{\r\n  \"status\": \"Dequeued\"\r\n}",
      "StatusCode": 200
    },
    {
      "RequestUri": "/subscriptions/259fbb24-9bcd-4cfc-865c-fc33b22fe38a/providers/Microsoft.DocumentDB/locations/eastus/operationsStatus/074df3de-0edf-4da5-8974-6f12d475cd5a?api-version=2021-11-15-preview",
      "EncodedRequestUri": "L3N1YnNjcmlwdGlvbnMvMjU5ZmJiMjQtOWJjZC00Y2ZjLTg2NWMtZmMzM2IyMmZlMzhhL3Byb3ZpZGVycy9NaWNyb3NvZnQuRG9jdW1lbnREQi9sb2NhdGlvbnMvZWFzdHVzL29wZXJhdGlvbnNTdGF0dXMvMDc0ZGYzZGUtMGVkZi00ZGE1LTg5NzQtNmYxMmQ0NzVjZDVhP2FwaS12ZXJzaW9uPTIwMjEtMTEtMTUtcHJldmlldw==",
      "RequestMethod": "GET",
      "RequestBody": "",
      "RequestHeaders": {
        "x-ms-client-request-id": [
          "5657bccd-2dc6-4563-ba87-45b6fb6b644e"
        ],
        "User-Agent": [
          "FxVersion/4.6.28207.03",
          "OSName/Windows",
          "OSVersion/Microsoft.Windows.10.0.19044.",
          "Microsoft.Azure.Management.CosmosDB.CosmosDBManagementClient/3.4.0.0"
        ]
      },
      "ResponseHeaders": {
        "Cache-Control": [
          "no-store, no-cache"
        ],
        "Pragma": [
          "no-cache"
        ],
        "Strict-Transport-Security": [
          "max-age=31536000; includeSubDomains"
        ],
        "x-ms-gatewayversion": [
          "version=2.14.0"
        ],
        "Server": [
          "Microsoft-HTTPAPI/2.0"
        ],
        "x-ms-ratelimit-remaining-subscription-reads": [
          "11996"
        ],
        "x-ms-request-id": [
          "2cca5211-7f0a-4091-a1ef-7773cb5f849b"
        ],
        "x-ms-correlation-request-id": [
          "2cca5211-7f0a-4091-a1ef-7773cb5f849b"
        ],
        "x-ms-routing-request-id": [
          "WESTUS2:20220215T071556Z:2cca5211-7f0a-4091-a1ef-7773cb5f849b"
        ],
        "X-Content-Type-Options": [
          "nosniff"
        ],
        "Date": [
          "Tue, 15 Feb 2022 07:15:56 GMT"
        ],
        "Content-Length": [
          "21"
        ],
        "Content-Type": [
          "application/json"
        ]
      },
      "ResponseBody": "{\r\n  \"status\": \"Dequeued\"\r\n}",
      "StatusCode": 200
    },
    {
      "RequestUri": "/subscriptions/259fbb24-9bcd-4cfc-865c-fc33b22fe38a/providers/Microsoft.DocumentDB/locations/eastus/operationsStatus/074df3de-0edf-4da5-8974-6f12d475cd5a?api-version=2021-11-15-preview",
      "EncodedRequestUri": "L3N1YnNjcmlwdGlvbnMvMjU5ZmJiMjQtOWJjZC00Y2ZjLTg2NWMtZmMzM2IyMmZlMzhhL3Byb3ZpZGVycy9NaWNyb3NvZnQuRG9jdW1lbnREQi9sb2NhdGlvbnMvZWFzdHVzL29wZXJhdGlvbnNTdGF0dXMvMDc0ZGYzZGUtMGVkZi00ZGE1LTg5NzQtNmYxMmQ0NzVjZDVhP2FwaS12ZXJzaW9uPTIwMjEtMTEtMTUtcHJldmlldw==",
      "RequestMethod": "GET",
      "RequestBody": "",
      "RequestHeaders": {
        "x-ms-client-request-id": [
          "5657bccd-2dc6-4563-ba87-45b6fb6b644e"
        ],
        "User-Agent": [
          "FxVersion/4.6.28207.03",
          "OSName/Windows",
          "OSVersion/Microsoft.Windows.10.0.19044.",
          "Microsoft.Azure.Management.CosmosDB.CosmosDBManagementClient/3.4.0.0"
        ]
      },
      "ResponseHeaders": {
        "Cache-Control": [
          "no-store, no-cache"
        ],
        "Pragma": [
          "no-cache"
        ],
        "Strict-Transport-Security": [
          "max-age=31536000; includeSubDomains"
        ],
        "x-ms-gatewayversion": [
          "version=2.14.0"
        ],
        "Server": [
          "Microsoft-HTTPAPI/2.0"
        ],
        "x-ms-ratelimit-remaining-subscription-reads": [
          "11995"
        ],
        "x-ms-request-id": [
          "d5e6807d-7f28-4412-9093-72b04a274c1f"
        ],
        "x-ms-correlation-request-id": [
          "d5e6807d-7f28-4412-9093-72b04a274c1f"
        ],
        "x-ms-routing-request-id": [
          "WESTUS2:20220215T071627Z:d5e6807d-7f28-4412-9093-72b04a274c1f"
        ],
        "X-Content-Type-Options": [
          "nosniff"
        ],
        "Date": [
          "Tue, 15 Feb 2022 07:16:26 GMT"
        ],
        "Content-Length": [
          "21"
        ],
        "Content-Type": [
          "application/json"
        ]
      },
      "ResponseBody": "{\r\n  \"status\": \"Dequeued\"\r\n}",
      "StatusCode": 200
    },
    {
      "RequestUri": "/subscriptions/259fbb24-9bcd-4cfc-865c-fc33b22fe38a/providers/Microsoft.DocumentDB/locations/eastus/operationsStatus/074df3de-0edf-4da5-8974-6f12d475cd5a?api-version=2021-11-15-preview",
      "EncodedRequestUri": "L3N1YnNjcmlwdGlvbnMvMjU5ZmJiMjQtOWJjZC00Y2ZjLTg2NWMtZmMzM2IyMmZlMzhhL3Byb3ZpZGVycy9NaWNyb3NvZnQuRG9jdW1lbnREQi9sb2NhdGlvbnMvZWFzdHVzL29wZXJhdGlvbnNTdGF0dXMvMDc0ZGYzZGUtMGVkZi00ZGE1LTg5NzQtNmYxMmQ0NzVjZDVhP2FwaS12ZXJzaW9uPTIwMjEtMTEtMTUtcHJldmlldw==",
      "RequestMethod": "GET",
      "RequestBody": "",
      "RequestHeaders": {
        "x-ms-client-request-id": [
          "5657bccd-2dc6-4563-ba87-45b6fb6b644e"
        ],
        "User-Agent": [
          "FxVersion/4.6.28207.03",
          "OSName/Windows",
          "OSVersion/Microsoft.Windows.10.0.19044.",
          "Microsoft.Azure.Management.CosmosDB.CosmosDBManagementClient/3.4.0.0"
        ]
      },
      "ResponseHeaders": {
        "Cache-Control": [
          "no-store, no-cache"
        ],
        "Pragma": [
          "no-cache"
        ],
        "Strict-Transport-Security": [
          "max-age=31536000; includeSubDomains"
        ],
        "x-ms-gatewayversion": [
          "version=2.14.0"
        ],
        "Server": [
          "Microsoft-HTTPAPI/2.0"
        ],
        "x-ms-ratelimit-remaining-subscription-reads": [
          "11994"
        ],
        "x-ms-request-id": [
          "412d178b-26aa-4239-a241-3925b53d697c"
        ],
        "x-ms-correlation-request-id": [
          "412d178b-26aa-4239-a241-3925b53d697c"
        ],
        "x-ms-routing-request-id": [
          "WESTUS2:20220215T071657Z:412d178b-26aa-4239-a241-3925b53d697c"
        ],
        "X-Content-Type-Options": [
          "nosniff"
        ],
        "Date": [
          "Tue, 15 Feb 2022 07:16:56 GMT"
        ],
        "Content-Length": [
          "21"
        ],
        "Content-Type": [
          "application/json"
        ]
      },
      "ResponseBody": "{\r\n  \"status\": \"Dequeued\"\r\n}",
      "StatusCode": 200
    },
    {
      "RequestUri": "/subscriptions/259fbb24-9bcd-4cfc-865c-fc33b22fe38a/providers/Microsoft.DocumentDB/locations/eastus/operationsStatus/074df3de-0edf-4da5-8974-6f12d475cd5a?api-version=2021-11-15-preview",
      "EncodedRequestUri": "L3N1YnNjcmlwdGlvbnMvMjU5ZmJiMjQtOWJjZC00Y2ZjLTg2NWMtZmMzM2IyMmZlMzhhL3Byb3ZpZGVycy9NaWNyb3NvZnQuRG9jdW1lbnREQi9sb2NhdGlvbnMvZWFzdHVzL29wZXJhdGlvbnNTdGF0dXMvMDc0ZGYzZGUtMGVkZi00ZGE1LTg5NzQtNmYxMmQ0NzVjZDVhP2FwaS12ZXJzaW9uPTIwMjEtMTEtMTUtcHJldmlldw==",
      "RequestMethod": "GET",
      "RequestBody": "",
      "RequestHeaders": {
        "x-ms-client-request-id": [
          "5657bccd-2dc6-4563-ba87-45b6fb6b644e"
        ],
        "User-Agent": [
          "FxVersion/4.6.28207.03",
          "OSName/Windows",
          "OSVersion/Microsoft.Windows.10.0.19044.",
          "Microsoft.Azure.Management.CosmosDB.CosmosDBManagementClient/3.4.0.0"
        ]
      },
      "ResponseHeaders": {
        "Cache-Control": [
          "no-store, no-cache"
        ],
        "Pragma": [
          "no-cache"
        ],
        "Strict-Transport-Security": [
          "max-age=31536000; includeSubDomains"
        ],
        "x-ms-gatewayversion": [
          "version=2.14.0"
        ],
        "Server": [
          "Microsoft-HTTPAPI/2.0"
        ],
        "x-ms-ratelimit-remaining-subscription-reads": [
          "11993"
        ],
        "x-ms-request-id": [
          "beb363f4-a2cb-406d-9198-b7b32469679e"
        ],
        "x-ms-correlation-request-id": [
          "beb363f4-a2cb-406d-9198-b7b32469679e"
        ],
        "x-ms-routing-request-id": [
          "WESTUS2:20220215T071727Z:beb363f4-a2cb-406d-9198-b7b32469679e"
        ],
        "X-Content-Type-Options": [
          "nosniff"
        ],
        "Date": [
          "Tue, 15 Feb 2022 07:17:27 GMT"
        ],
        "Content-Length": [
          "21"
        ],
        "Content-Type": [
          "application/json"
        ]
      },
      "ResponseBody": "{\r\n  \"status\": \"Dequeued\"\r\n}",
      "StatusCode": 200
    },
    {
      "RequestUri": "/subscriptions/259fbb24-9bcd-4cfc-865c-fc33b22fe38a/providers/Microsoft.DocumentDB/locations/eastus/operationsStatus/074df3de-0edf-4da5-8974-6f12d475cd5a?api-version=2021-11-15-preview",
      "EncodedRequestUri": "L3N1YnNjcmlwdGlvbnMvMjU5ZmJiMjQtOWJjZC00Y2ZjLTg2NWMtZmMzM2IyMmZlMzhhL3Byb3ZpZGVycy9NaWNyb3NvZnQuRG9jdW1lbnREQi9sb2NhdGlvbnMvZWFzdHVzL29wZXJhdGlvbnNTdGF0dXMvMDc0ZGYzZGUtMGVkZi00ZGE1LTg5NzQtNmYxMmQ0NzVjZDVhP2FwaS12ZXJzaW9uPTIwMjEtMTEtMTUtcHJldmlldw==",
      "RequestMethod": "GET",
      "RequestBody": "",
      "RequestHeaders": {
        "x-ms-client-request-id": [
          "5657bccd-2dc6-4563-ba87-45b6fb6b644e"
        ],
        "User-Agent": [
          "FxVersion/4.6.28207.03",
          "OSName/Windows",
          "OSVersion/Microsoft.Windows.10.0.19044.",
          "Microsoft.Azure.Management.CosmosDB.CosmosDBManagementClient/3.4.0.0"
        ]
      },
      "ResponseHeaders": {
        "Cache-Control": [
          "no-store, no-cache"
        ],
        "Pragma": [
          "no-cache"
        ],
        "Strict-Transport-Security": [
          "max-age=31536000; includeSubDomains"
        ],
        "x-ms-gatewayversion": [
          "version=2.14.0"
        ],
        "Server": [
          "Microsoft-HTTPAPI/2.0"
        ],
        "x-ms-ratelimit-remaining-subscription-reads": [
          "11992"
        ],
        "x-ms-request-id": [
          "893502d4-32c8-4850-82cc-4409ff7331ed"
        ],
        "x-ms-correlation-request-id": [
          "893502d4-32c8-4850-82cc-4409ff7331ed"
        ],
        "x-ms-routing-request-id": [
          "WESTUS2:20220215T071757Z:893502d4-32c8-4850-82cc-4409ff7331ed"
        ],
        "X-Content-Type-Options": [
          "nosniff"
        ],
        "Date": [
          "Tue, 15 Feb 2022 07:17:57 GMT"
        ],
        "Content-Length": [
          "21"
        ],
        "Content-Type": [
          "application/json"
        ]
      },
      "ResponseBody": "{\r\n  \"status\": \"Dequeued\"\r\n}",
      "StatusCode": 200
    },
    {
      "RequestUri": "/subscriptions/259fbb24-9bcd-4cfc-865c-fc33b22fe38a/providers/Microsoft.DocumentDB/locations/eastus/operationsStatus/074df3de-0edf-4da5-8974-6f12d475cd5a?api-version=2021-11-15-preview",
      "EncodedRequestUri": "L3N1YnNjcmlwdGlvbnMvMjU5ZmJiMjQtOWJjZC00Y2ZjLTg2NWMtZmMzM2IyMmZlMzhhL3Byb3ZpZGVycy9NaWNyb3NvZnQuRG9jdW1lbnREQi9sb2NhdGlvbnMvZWFzdHVzL29wZXJhdGlvbnNTdGF0dXMvMDc0ZGYzZGUtMGVkZi00ZGE1LTg5NzQtNmYxMmQ0NzVjZDVhP2FwaS12ZXJzaW9uPTIwMjEtMTEtMTUtcHJldmlldw==",
      "RequestMethod": "GET",
      "RequestBody": "",
      "RequestHeaders": {
        "x-ms-client-request-id": [
          "5657bccd-2dc6-4563-ba87-45b6fb6b644e"
        ],
        "User-Agent": [
          "FxVersion/4.6.28207.03",
          "OSName/Windows",
          "OSVersion/Microsoft.Windows.10.0.19044.",
          "Microsoft.Azure.Management.CosmosDB.CosmosDBManagementClient/3.4.0.0"
        ]
      },
      "ResponseHeaders": {
        "Cache-Control": [
          "no-store, no-cache"
        ],
        "Pragma": [
          "no-cache"
        ],
        "Strict-Transport-Security": [
          "max-age=31536000; includeSubDomains"
        ],
        "x-ms-gatewayversion": [
          "version=2.14.0"
        ],
        "Server": [
          "Microsoft-HTTPAPI/2.0"
        ],
        "x-ms-ratelimit-remaining-subscription-reads": [
          "11991"
        ],
        "x-ms-request-id": [
          "6e48eb94-4bc0-4bad-a3c7-ae31bc174f61"
        ],
        "x-ms-correlation-request-id": [
          "6e48eb94-4bc0-4bad-a3c7-ae31bc174f61"
        ],
        "x-ms-routing-request-id": [
          "WESTUS2:20220215T071827Z:6e48eb94-4bc0-4bad-a3c7-ae31bc174f61"
        ],
        "X-Content-Type-Options": [
          "nosniff"
        ],
        "Date": [
          "Tue, 15 Feb 2022 07:18:26 GMT"
        ],
        "Content-Length": [
          "22"
        ],
        "Content-Type": [
          "application/json"
        ]
      },
      "ResponseBody": "{\r\n  \"status\": \"Succeeded\"\r\n}",
      "StatusCode": 200
    },
    {
      "RequestUri": "/subscriptions/259fbb24-9bcd-4cfc-865c-fc33b22fe38a/resourceGroups/CosmosDBResourceGroup49/providers/Microsoft.DocumentDB/databaseAccounts/cassandra-db2749/cassandraKeyspaces/keyspace1?api-version=2021-11-15-preview",
      "EncodedRequestUri": "L3N1YnNjcmlwdGlvbnMvMjU5ZmJiMjQtOWJjZC00Y2ZjLTg2NWMtZmMzM2IyMmZlMzhhL3Jlc291cmNlR3JvdXBzL0Nvc21vc0RCUmVzb3VyY2VHcm91cDQ5L3Byb3ZpZGVycy9NaWNyb3NvZnQuRG9jdW1lbnREQi9kYXRhYmFzZUFjY291bnRzL2Nhc3NhbmRyYS1kYjI3NDkvY2Fzc2FuZHJhS2V5c3BhY2VzL2tleXNwYWNlMT9hcGktdmVyc2lvbj0yMDIxLTExLTE1LXByZXZpZXc=",
      "RequestMethod": "GET",
      "RequestBody": "",
      "RequestHeaders": {
        "x-ms-client-request-id": [
          "b9b9bef9-f4b2-49d3-b3a8-9aa8c341729e"
        ],
        "Accept-Language": [
          "en-US"
        ],
        "User-Agent": [
          "FxVersion/4.6.28207.03",
          "OSName/Windows",
          "OSVersion/Microsoft.Windows.10.0.19044.",
          "Microsoft.Azure.Management.CosmosDB.CosmosDBManagementClient/3.4.0.0"
        ]
      },
      "ResponseHeaders": {
        "Cache-Control": [
          "no-store, no-cache"
        ],
        "Pragma": [
          "no-cache"
        ],
        "Strict-Transport-Security": [
          "max-age=31536000; includeSubDomains"
        ],
        "x-ms-gatewayversion": [
          "version=2.14.0"
        ],
        "Server": [
          "Microsoft-HTTPAPI/2.0"
        ],
        "x-ms-ratelimit-remaining-subscription-reads": [
          "11989"
        ],
        "x-ms-request-id": [
          "07062c26-40a9-4e4c-bad2-b06441efa98d"
        ],
        "x-ms-correlation-request-id": [
          "07062c26-40a9-4e4c-bad2-b06441efa98d"
        ],
        "x-ms-routing-request-id": [
          "WESTUS2:20220215T071828Z:07062c26-40a9-4e4c-bad2-b06441efa98d"
        ],
        "X-Content-Type-Options": [
          "nosniff"
        ],
        "Date": [
          "Tue, 15 Feb 2022 07:18:27 GMT"
        ],
        "Content-Length": [
          "5579"
        ],
        "Content-Type": [
          "application/json"
        ]
      },
      "ResponseBody": "{\r\n  \"code\": \"NotFound\",\r\n  \"message\": \"Message: {\\\"code\\\":\\\"NotFound\\\",\\\"message\\\":\\\"Message: {\\\\\\\"Errors\\\\\\\":[\\\\\\\"Resource Not Found. Learn more: https:\\\\\\\\/\\\\\\\\/aka.ms\\\\\\\\/cosmosdb-tsg-not-found\\\\\\\"]}\\\\r\\\\nActivityId: b9b9bef9-f4b2-49d3-b3a8-9aa8c341729e, Request URI: /apps/cdea7129-c8bc-4a75-ab5c-98cdeb77ce30/services/840689ee-f276-49d7-8c37-e5eba72451ed/partitions/2da1839a-7603-4e4a-b687-03da4bad352a/replicas/132892017064111750s, RequestStats: \\\\r\\\\nRequestStartTime: 2022-02-15T07:18:27.9967357Z, RequestEndTime: 2022-02-15T07:18:28.0067926Z,  Number of regions attempted:1\\\\r\\\\n{\\\\\\\"systemHistory\\\\\\\":[{\\\\\\\"dateUtc\\\\\\\":\\\\\\\"2022-02-15T07:17:19.2561974Z\\\\\\\",\\\\\\\"cpu\\\\\\\":0.541,\\\\\\\"memory\\\\\\\":463115656.000,\\\\\\\"threadInfo\\\\\\\":{\\\\\\\"isThreadStarving\\\\\\\":\\\\\\\"False\\\\\\\",\\\\\\\"threadWaitIntervalInMs\\\\\\\":0.0178,\\\\\\\"availableThreads\\\\\\\":32765,\\\\\\\"minThreads\\\\\\\":52,\\\\\\\"maxThreads\\\\\\\":32767}},{\\\\\\\"dateUtc\\\\\\\":\\\\\\\"2022-02-15T07:17:29.2663150Z\\\\\\\",\\\\\\\"cpu\\\\\\\":2.506,\\\\\\\"memory\\\\\\\":467735236.000,\\\\\\\"threadInfo\\\\\\\":{\\\\\\\"isThreadStarving\\\\\\\":\\\\\\\"False\\\\\\\",\\\\\\\"threadWaitIntervalInMs\\\\\\\":0.0119,\\\\\\\"availableThreads\\\\\\\":32763,\\\\\\\"minThreads\\\\\\\":52,\\\\\\\"maxThreads\\\\\\\":32767}},{\\\\\\\"dateUtc\\\\\\\":\\\\\\\"2022-02-15T07:17:39.2763863Z\\\\\\\",\\\\\\\"cpu\\\\\\\":1.655,\\\\\\\"memory\\\\\\\":466198040.000,\\\\\\\"threadInfo\\\\\\\":{\\\\\\\"isThreadStarving\\\\\\\":\\\\\\\"False\\\\\\\",\\\\\\\"threadWaitIntervalInMs\\\\\\\":0.0288,\\\\\\\"availableThreads\\\\\\\":32765,\\\\\\\"minThreads\\\\\\\":52,\\\\\\\"maxThreads\\\\\\\":32767}},{\\\\\\\"dateUtc\\\\\\\":\\\\\\\"2022-02-15T07:17:49.2864978Z\\\\\\\",\\\\\\\"cpu\\\\\\\":3.586,\\\\\\\"memory\\\\\\\":469156160.000,\\\\\\\"threadInfo\\\\\\\":{\\\\\\\"isThreadStarving\\\\\\\":\\\\\\\"False\\\\\\\",\\\\\\\"threadWaitIntervalInMs\\\\\\\":0.0207,\\\\\\\"availableThreads\\\\\\\":32763,\\\\\\\"minThreads\\\\\\\":52,\\\\\\\"maxThreads\\\\\\\":32767}},{\\\\\\\"dateUtc\\\\\\\":\\\\\\\"2022-02-15T07:17:59.2965557Z\\\\\\\",\\\\\\\"cpu\\\\\\\":2.060,\\\\\\\"memory\\\\\\\":467335116.000,\\\\\\\"threadInfo\\\\\\\":{\\\\\\\"isThreadStarving\\\\\\\":\\\\\\\"False\\\\\\\",\\\\\\\"threadWaitIntervalInMs\\\\\\\":0.0258,\\\\\\\"availableThreads\\\\\\\":32764,\\\\\\\"minThreads\\\\\\\":52,\\\\\\\"maxThreads\\\\\\\":32767}},{\\\\\\\"dateUtc\\\\\\\":\\\\\\\"2022-02-15T07:18:19.3067297Z\\\\\\\",\\\\\\\"cpu\\\\\\\":6.736,\\\\\\\"memory\\\\\\\":464137388.000,\\\\\\\"threadInfo\\\\\\\":{\\\\\\\"isThreadStarving\\\\\\\":\\\\\\\"False\\\\\\\",\\\\\\\"threadWaitIntervalInMs\\\\\\\":0.0106,\\\\\\\"availableThreads\\\\\\\":32761,\\\\\\\"minThreads\\\\\\\":52,\\\\\\\"maxThreads\\\\\\\":32767}}]}\\\\r\\\\nRequestStart: 2022-02-15T07:18:27.9967357Z; ResponseTime: 2022-02-15T07:18:28.0067926Z; StoreResult: StorePhysicalAddress: rntbd://10.0.0.19:11000/apps/cdea7129-c8bc-4a75-ab5c-98cdeb77ce30/services/840689ee-f276-49d7-8c37-e5eba72451ed/partitions/2da1839a-7603-4e4a-b687-03da4bad352a/replicas/132892017064111750s, LSN: 7, GlobalCommittedLsn: 7, PartitionKeyRangeId: , IsValid: True, StatusCode: 404, SubStatusCode: 0, RequestCharge: 1, ItemLSN: -1, SessionToken: -1#7, UsingLocalLSN: False, TransportException: null, BELatencyMs: 0.882, ActivityId: b9b9bef9-f4b2-49d3-b3a8-9aa8c341729e, RetryAfterInMs: , TransportRequestTimeline: {\\\\\\\"requestTimeline\\\\\\\":[{\\\\\\\"event\\\\\\\": \\\\\\\"Created\\\\\\\", \\\\\\\"startTimeUtc\\\\\\\": \\\\\\\"2022-02-15T07:18:27.9967357Z\\\\\\\", \\\\\\\"durationInMs\\\\\\\": 0.009},{\\\\\\\"event\\\\\\\": \\\\\\\"ChannelAcquisitionStarted\\\\\\\", \\\\\\\"startTimeUtc\\\\\\\": \\\\\\\"2022-02-15T07:18:27.9967447Z\\\\\\\", \\\\\\\"durationInMs\\\\\\\": 0.0025},{\\\\\\\"event\\\\\\\": \\\\\\\"Pipelined\\\\\\\", \\\\\\\"startTimeUtc\\\\\\\": \\\\\\\"2022-02-15T07:18:27.9967472Z\\\\\\\", \\\\\\\"durationInMs\\\\\\\": 0.1063},{\\\\\\\"event\\\\\\\": \\\\\\\"Transit Time\\\\\\\", \\\\\\\"startTimeUtc\\\\\\\": \\\\\\\"2022-02-15T07:18:27.9968535Z\\\\\\\", \\\\\\\"durationInMs\\\\\\\": 1.1556},{\\\\\\\"event\\\\\\\": \\\\\\\"Received\\\\\\\", \\\\\\\"startTimeUtc\\\\\\\": \\\\\\\"2022-02-15T07:18:27.9980091Z\\\\\\\", \\\\\\\"durationInMs\\\\\\\": 0.0643},{\\\\\\\"event\\\\\\\": \\\\\\\"Completed\\\\\\\", \\\\\\\"startTimeUtc\\\\\\\": \\\\\\\"2022-02-15T07:18:27.9980734Z\\\\\\\", \\\\\\\"durationInMs\\\\\\\": 0}],\\\\\\\"requestSizeInBytes\\\\\\\":462,\\\\\\\"responseMetadataSizeInBytes\\\\\\\":134,\\\\\\\"responseBodySizeInBytes\\\\\\\":87};\\\\r\\\\n ResourceType: Database, OperationType: Read\\\\r\\\\nRequestStart: 2022-02-15T07:18:27.9967357Z; ResponseTime: 2022-02-15T07:18:28.0067926Z; StoreResult: StorePhysicalAddress: rntbd://10.0.0.24:11000/apps/cdea7129-c8bc-4a75-ab5c-98cdeb77ce30/services/840689ee-f276-49d7-8c37-e5eba72451ed/partitions/2da1839a-7603-4e4a-b687-03da4bad352a/replicas/132892017064111752s, LSN: 7, GlobalCommittedLsn: 7, PartitionKeyRangeId: , IsValid: True, StatusCode: 404, SubStatusCode: 0, RequestCharge: 1, ItemLSN: -1, SessionToken: -1#7, UsingLocalLSN: False, TransportException: null, BELatencyMs: 1.026, ActivityId: b9b9bef9-f4b2-49d3-b3a8-9aa8c341729e, RetryAfterInMs: , TransportRequestTimeline: {\\\\\\\"requestTimeline\\\\\\\":[{\\\\\\\"event\\\\\\\": \\\\\\\"Created\\\\\\\", \\\\\\\"startTimeUtc\\\\\\\": \\\\\\\"2022-02-15T07:18:27.9967357Z\\\\\\\", \\\\\\\"durationInMs\\\\\\\": 0.0045},{\\\\\\\"event\\\\\\\": \\\\\\\"ChannelAcquisitionStarted\\\\\\\", \\\\\\\"startTimeUtc\\\\\\\": \\\\\\\"2022-02-15T07:18:27.9967402Z\\\\\\\", \\\\\\\"durationInMs\\\\\\\": 0.0069},{\\\\\\\"event\\\\\\\": \\\\\\\"Pipelined\\\\\\\", \\\\\\\"startTimeUtc\\\\\\\": \\\\\\\"2022-02-15T07:18:27.9967471Z\\\\\\\", \\\\\\\"durationInMs\\\\\\\": 0.0684},{\\\\\\\"event\\\\\\\": \\\\\\\"Transit Time\\\\\\\", \\\\\\\"startTimeUtc\\\\\\\": \\\\\\\"2022-02-15T07:18:27.9968155Z\\\\\\\", \\\\\\\"durationInMs\\\\\\\": 1.6131},{\\\\\\\"event\\\\\\\": \\\\\\\"Received\\\\\\\", \\\\\\\"startTimeUtc\\\\\\\": \\\\\\\"2022-02-15T07:18:27.9984286Z\\\\\\\", \\\\\\\"durationInMs\\\\\\\": 0.03},{\\\\\\\"event\\\\\\\": \\\\\\\"Completed\\\\\\\", \\\\\\\"startTimeUtc\\\\\\\": \\\\\\\"2022-02-15T07:18:27.9984586Z\\\\\\\", \\\\\\\"durationInMs\\\\\\\": 0}],\\\\\\\"requestSizeInBytes\\\\\\\":462,\\\\\\\"responseMetadataSizeInBytes\\\\\\\":134,\\\\\\\"responseBodySizeInBytes\\\\\\\":87};\\\\r\\\\n ResourceType: Database, OperationType: Read\\\\r\\\\n, SDK: Microsoft.Azure.Documents.Common/2.14.0\\\"}, Request URI: /dbs/keyspace1, RequestStats: , SDK: Microsoft.Azure.Documents.Common/2.14.0\"\r\n}",
      "StatusCode": 404
    },
    {
      "RequestUri": "/subscriptions/259fbb24-9bcd-4cfc-865c-fc33b22fe38a/resourceGroups/CosmosDBResourceGroup49/providers/Microsoft.DocumentDB/databaseAccounts/cassandra-db2749/cassandraKeyspaces/keyspace1?api-version=2021-11-15-preview",
      "EncodedRequestUri": "L3N1YnNjcmlwdGlvbnMvMjU5ZmJiMjQtOWJjZC00Y2ZjLTg2NWMtZmMzM2IyMmZlMzhhL3Jlc291cmNlR3JvdXBzL0Nvc21vc0RCUmVzb3VyY2VHcm91cDQ5L3Byb3ZpZGVycy9NaWNyb3NvZnQuRG9jdW1lbnREQi9kYXRhYmFzZUFjY291bnRzL2Nhc3NhbmRyYS1kYjI3NDkvY2Fzc2FuZHJhS2V5c3BhY2VzL2tleXNwYWNlMT9hcGktdmVyc2lvbj0yMDIxLTExLTE1LXByZXZpZXc=",
      "RequestMethod": "GET",
      "RequestBody": "",
      "RequestHeaders": {
        "x-ms-client-request-id": [
          "b9b9bef9-f4b2-49d3-b3a8-9aa8c341729e"
        ],
        "User-Agent": [
          "FxVersion/4.6.28207.03",
          "OSName/Windows",
          "OSVersion/Microsoft.Windows.10.0.19044.",
          "Microsoft.Azure.Management.CosmosDB.CosmosDBManagementClient/3.4.0.0"
        ]
      },
      "ResponseHeaders": {
        "Cache-Control": [
          "no-store, no-cache"
        ],
        "Pragma": [
          "no-cache"
        ],
        "Strict-Transport-Security": [
          "max-age=31536000; includeSubDomains"
        ],
        "x-ms-gatewayversion": [
          "version=2.14.0"
        ],
        "Server": [
          "Microsoft-HTTPAPI/2.0"
        ],
        "x-ms-ratelimit-remaining-subscription-reads": [
          "11987"
        ],
        "x-ms-request-id": [
          "93b9a0b1-af2b-485a-806e-ac631a783e45"
        ],
        "x-ms-correlation-request-id": [
          "93b9a0b1-af2b-485a-806e-ac631a783e45"
        ],
        "x-ms-routing-request-id": [
          "WESTUS2:20220215T071859Z:93b9a0b1-af2b-485a-806e-ac631a783e45"
        ],
        "X-Content-Type-Options": [
          "nosniff"
        ],
        "Date": [
          "Tue, 15 Feb 2022 07:18:58 GMT"
        ],
        "Content-Length": [
          "409"
        ],
        "Content-Type": [
          "application/json"
        ]
      },
      "ResponseBody": "{\r\n  \"id\": \"/subscriptions/259fbb24-9bcd-4cfc-865c-fc33b22fe38a/resourceGroups/CosmosDBResourceGroup49/providers/Microsoft.DocumentDB/databaseAccounts/cassandra-db2749/cassandraKeyspaces/keyspace1\",\r\n  \"type\": \"Microsoft.DocumentDB/databaseAccounts/cassandraKeyspaces\",\r\n  \"name\": \"keyspace1\",\r\n  \"properties\": {\r\n    \"resource\": {\r\n      \"id\": \"keyspace1\",\r\n      \"_rid\": \"ElI+AA==\",\r\n      \"_etag\": \"\\\"00005701-0000-0100-0000-620b53cb0000\\\"\",\r\n      \"_ts\": 1644909515\r\n    }\r\n  }\r\n}",
      "StatusCode": 200
    },
    {
      "RequestUri": "/subscriptions/259fbb24-9bcd-4cfc-865c-fc33b22fe38a/resourceGroups/CosmosDBResourceGroup49/providers/Microsoft.DocumentDB/databaseAccounts/cassandra-db2749/cassandraKeyspaces/keyspace1?api-version=2021-11-15-preview",
      "EncodedRequestUri": "L3N1YnNjcmlwdGlvbnMvMjU5ZmJiMjQtOWJjZC00Y2ZjLTg2NWMtZmMzM2IyMmZlMzhhL3Jlc291cmNlR3JvdXBzL0Nvc21vc0RCUmVzb3VyY2VHcm91cDQ5L3Byb3ZpZGVycy9NaWNyb3NvZnQuRG9jdW1lbnREQi9kYXRhYmFzZUFjY291bnRzL2Nhc3NhbmRyYS1kYjI3NDkvY2Fzc2FuZHJhS2V5c3BhY2VzL2tleXNwYWNlMT9hcGktdmVyc2lvbj0yMDIxLTExLTE1LXByZXZpZXc=",
      "RequestMethod": "GET",
      "RequestBody": "",
      "RequestHeaders": {
        "x-ms-client-request-id": [
          "0f994ace-4eb6-4ad4-a447-48ac4423717f"
        ],
        "Accept-Language": [
          "en-US"
        ],
        "User-Agent": [
          "FxVersion/4.6.28207.03",
          "OSName/Windows",
          "OSVersion/Microsoft.Windows.10.0.19044.",
          "Microsoft.Azure.Management.CosmosDB.CosmosDBManagementClient/3.4.0.0"
        ]
      },
      "ResponseHeaders": {
        "Cache-Control": [
          "no-store, no-cache"
        ],
        "Pragma": [
          "no-cache"
        ],
        "Strict-Transport-Security": [
          "max-age=31536000; includeSubDomains"
        ],
        "x-ms-gatewayversion": [
          "version=2.14.0"
        ],
        "Server": [
          "Microsoft-HTTPAPI/2.0"
        ],
        "x-ms-ratelimit-remaining-subscription-reads": [
          "11986"
        ],
        "x-ms-request-id": [
          "4987f809-6e3a-42da-a058-15da80f0335f"
        ],
        "x-ms-correlation-request-id": [
          "4987f809-6e3a-42da-a058-15da80f0335f"
        ],
        "x-ms-routing-request-id": [
          "WESTUS2:20220215T071859Z:4987f809-6e3a-42da-a058-15da80f0335f"
        ],
        "X-Content-Type-Options": [
          "nosniff"
        ],
        "Date": [
          "Tue, 15 Feb 2022 07:18:58 GMT"
        ],
        "Content-Length": [
          "409"
        ],
        "Content-Type": [
          "application/json"
        ]
      },
      "ResponseBody": "{\r\n  \"id\": \"/subscriptions/259fbb24-9bcd-4cfc-865c-fc33b22fe38a/resourceGroups/CosmosDBResourceGroup49/providers/Microsoft.DocumentDB/databaseAccounts/cassandra-db2749/cassandraKeyspaces/keyspace1\",\r\n  \"type\": \"Microsoft.DocumentDB/databaseAccounts/cassandraKeyspaces\",\r\n  \"name\": \"keyspace1\",\r\n  \"properties\": {\r\n    \"resource\": {\r\n      \"id\": \"keyspace1\",\r\n      \"_rid\": \"ElI+AA==\",\r\n      \"_etag\": \"\\\"00005701-0000-0100-0000-620b53cb0000\\\"\",\r\n      \"_ts\": 1644909515\r\n    }\r\n  }\r\n}",
      "StatusCode": 200
    },
    {
      "RequestUri": "/subscriptions/259fbb24-9bcd-4cfc-865c-fc33b22fe38a/resourceGroups/CosmosDBResourceGroup49/providers/Microsoft.DocumentDB/databaseAccounts/cassandra-db2749/cassandraKeyspaces/keyspace1?api-version=2021-11-15-preview",
      "EncodedRequestUri": "L3N1YnNjcmlwdGlvbnMvMjU5ZmJiMjQtOWJjZC00Y2ZjLTg2NWMtZmMzM2IyMmZlMzhhL3Jlc291cmNlR3JvdXBzL0Nvc21vc0RCUmVzb3VyY2VHcm91cDQ5L3Byb3ZpZGVycy9NaWNyb3NvZnQuRG9jdW1lbnREQi9kYXRhYmFzZUFjY291bnRzL2Nhc3NhbmRyYS1kYjI3NDkvY2Fzc2FuZHJhS2V5c3BhY2VzL2tleXNwYWNlMT9hcGktdmVyc2lvbj0yMDIxLTExLTE1LXByZXZpZXc=",
      "RequestMethod": "GET",
      "RequestBody": "",
      "RequestHeaders": {
        "x-ms-client-request-id": [
          "b3415bb6-a154-4432-ba1a-5ae84770c7f1"
        ],
        "Accept-Language": [
          "en-US"
        ],
        "User-Agent": [
          "FxVersion/4.6.28207.03",
          "OSName/Windows",
          "OSVersion/Microsoft.Windows.10.0.19044.",
          "Microsoft.Azure.Management.CosmosDB.CosmosDBManagementClient/3.4.0.0"
        ]
      },
      "ResponseHeaders": {
        "Cache-Control": [
          "no-store, no-cache"
        ],
        "Pragma": [
          "no-cache"
        ],
        "Strict-Transport-Security": [
          "max-age=31536000; includeSubDomains"
        ],
        "x-ms-gatewayversion": [
          "version=2.14.0"
        ],
        "Server": [
          "Microsoft-HTTPAPI/2.0"
        ],
        "x-ms-ratelimit-remaining-subscription-reads": [
          "11981"
        ],
        "x-ms-request-id": [
          "6cf18566-48f5-4fde-89b1-bbd642019371"
        ],
        "x-ms-correlation-request-id": [
          "6cf18566-48f5-4fde-89b1-bbd642019371"
        ],
        "x-ms-routing-request-id": [
          "WESTUS2:20220215T071930Z:6cf18566-48f5-4fde-89b1-bbd642019371"
        ],
        "X-Content-Type-Options": [
          "nosniff"
        ],
        "Date": [
          "Tue, 15 Feb 2022 07:19:30 GMT"
        ],
        "Content-Length": [
          "409"
        ],
        "Content-Type": [
          "application/json"
        ]
      },
      "ResponseBody": "{\r\n  \"id\": \"/subscriptions/259fbb24-9bcd-4cfc-865c-fc33b22fe38a/resourceGroups/CosmosDBResourceGroup49/providers/Microsoft.DocumentDB/databaseAccounts/cassandra-db2749/cassandraKeyspaces/keyspace1\",\r\n  \"type\": \"Microsoft.DocumentDB/databaseAccounts/cassandraKeyspaces\",\r\n  \"name\": \"keyspace1\",\r\n  \"properties\": {\r\n    \"resource\": {\r\n      \"id\": \"keyspace1\",\r\n      \"_rid\": \"ElI+AA==\",\r\n      \"_etag\": \"\\\"00005701-0000-0100-0000-620b53cb0000\\\"\",\r\n      \"_ts\": 1644909515\r\n    }\r\n  }\r\n}",
      "StatusCode": 200
    },
    {
      "RequestUri": "/subscriptions/259fbb24-9bcd-4cfc-865c-fc33b22fe38a/resourceGroups/CosmosDBResourceGroup49/providers/Microsoft.DocumentDB/databaseAccounts/cassandra-db2749/cassandraKeyspaces/keyspace1?api-version=2021-11-15-preview",
      "EncodedRequestUri": "L3N1YnNjcmlwdGlvbnMvMjU5ZmJiMjQtOWJjZC00Y2ZjLTg2NWMtZmMzM2IyMmZlMzhhL3Jlc291cmNlR3JvdXBzL0Nvc21vc0RCUmVzb3VyY2VHcm91cDQ5L3Byb3ZpZGVycy9NaWNyb3NvZnQuRG9jdW1lbnREQi9kYXRhYmFzZUFjY291bnRzL2Nhc3NhbmRyYS1kYjI3NDkvY2Fzc2FuZHJhS2V5c3BhY2VzL2tleXNwYWNlMT9hcGktdmVyc2lvbj0yMDIxLTExLTE1LXByZXZpZXc=",
      "RequestMethod": "GET",
      "RequestBody": "",
      "RequestHeaders": {
        "x-ms-client-request-id": [
          "9dfeedec-b247-46cf-a094-0111be277e23"
        ],
        "Accept-Language": [
          "en-US"
        ],
        "User-Agent": [
          "FxVersion/4.6.28207.03",
          "OSName/Windows",
          "OSVersion/Microsoft.Windows.10.0.19044.",
          "Microsoft.Azure.Management.CosmosDB.CosmosDBManagementClient/3.4.0.0"
        ]
      },
      "ResponseHeaders": {
        "Cache-Control": [
          "no-store, no-cache"
        ],
        "Pragma": [
          "no-cache"
        ],
        "Strict-Transport-Security": [
          "max-age=31536000; includeSubDomains"
        ],
        "x-ms-gatewayversion": [
          "version=2.14.0"
        ],
        "Server": [
          "Microsoft-HTTPAPI/2.0"
        ],
        "x-ms-ratelimit-remaining-subscription-reads": [
          "11977"
        ],
        "x-ms-request-id": [
          "8cddf560-44c8-429a-a859-6ea69c3601b9"
        ],
        "x-ms-correlation-request-id": [
          "8cddf560-44c8-429a-a859-6ea69c3601b9"
        ],
        "x-ms-routing-request-id": [
          "WESTUS2:20220215T071931Z:8cddf560-44c8-429a-a859-6ea69c3601b9"
        ],
        "X-Content-Type-Options": [
          "nosniff"
        ],
        "Date": [
          "Tue, 15 Feb 2022 07:19:30 GMT"
        ],
        "Content-Length": [
          "409"
        ],
        "Content-Type": [
          "application/json"
        ]
      },
      "ResponseBody": "{\r\n  \"id\": \"/subscriptions/259fbb24-9bcd-4cfc-865c-fc33b22fe38a/resourceGroups/CosmosDBResourceGroup49/providers/Microsoft.DocumentDB/databaseAccounts/cassandra-db2749/cassandraKeyspaces/keyspace1\",\r\n  \"type\": \"Microsoft.DocumentDB/databaseAccounts/cassandraKeyspaces\",\r\n  \"name\": \"keyspace1\",\r\n  \"properties\": {\r\n    \"resource\": {\r\n      \"id\": \"keyspace1\",\r\n      \"_rid\": \"ElI+AA==\",\r\n      \"_etag\": \"\\\"00005701-0000-0100-0000-620b53cb0000\\\"\",\r\n      \"_ts\": 1644909515\r\n    }\r\n  }\r\n}",
      "StatusCode": 200
    },
    {
      "RequestUri": "/subscriptions/259fbb24-9bcd-4cfc-865c-fc33b22fe38a/resourceGroups/CosmosDBResourceGroup49/providers/Microsoft.DocumentDB/databaseAccounts/cassandra-db2749/cassandraKeyspaces/keyspace1?api-version=2021-11-15-preview",
      "EncodedRequestUri": "L3N1YnNjcmlwdGlvbnMvMjU5ZmJiMjQtOWJjZC00Y2ZjLTg2NWMtZmMzM2IyMmZlMzhhL3Jlc291cmNlR3JvdXBzL0Nvc21vc0RCUmVzb3VyY2VHcm91cDQ5L3Byb3ZpZGVycy9NaWNyb3NvZnQuRG9jdW1lbnREQi9kYXRhYmFzZUFjY291bnRzL2Nhc3NhbmRyYS1kYjI3NDkvY2Fzc2FuZHJhS2V5c3BhY2VzL2tleXNwYWNlMT9hcGktdmVyc2lvbj0yMDIxLTExLTE1LXByZXZpZXc=",
      "RequestMethod": "GET",
      "RequestBody": "",
      "RequestHeaders": {
        "x-ms-client-request-id": [
          "9dfeedec-b247-46cf-a094-0111be277e23"
        ],
        "User-Agent": [
          "FxVersion/4.6.28207.03",
          "OSName/Windows",
          "OSVersion/Microsoft.Windows.10.0.19044.",
          "Microsoft.Azure.Management.CosmosDB.CosmosDBManagementClient/3.4.0.0"
        ]
      },
      "ResponseHeaders": {
        "Cache-Control": [
          "no-store, no-cache"
        ],
        "Pragma": [
          "no-cache"
        ],
        "Strict-Transport-Security": [
          "max-age=31536000; includeSubDomains"
        ],
        "x-ms-gatewayversion": [
          "version=2.14.0"
        ],
        "Server": [
          "Microsoft-HTTPAPI/2.0"
        ],
        "x-ms-ratelimit-remaining-subscription-reads": [
          "11975"
        ],
        "x-ms-request-id": [
          "ca27c086-91e5-4067-8235-b0ddd52d6a02"
        ],
        "x-ms-correlation-request-id": [
          "ca27c086-91e5-4067-8235-b0ddd52d6a02"
        ],
        "x-ms-routing-request-id": [
          "WESTUS2:20220215T072002Z:ca27c086-91e5-4067-8235-b0ddd52d6a02"
        ],
        "X-Content-Type-Options": [
          "nosniff"
        ],
        "Date": [
          "Tue, 15 Feb 2022 07:20:01 GMT"
        ],
        "Content-Length": [
          "409"
        ],
        "Content-Type": [
          "application/json"
        ]
      },
      "ResponseBody": "{\r\n  \"id\": \"/subscriptions/259fbb24-9bcd-4cfc-865c-fc33b22fe38a/resourceGroups/CosmosDBResourceGroup49/providers/Microsoft.DocumentDB/databaseAccounts/cassandra-db2749/cassandraKeyspaces/keyspace1\",\r\n  \"type\": \"Microsoft.DocumentDB/databaseAccounts/cassandraKeyspaces\",\r\n  \"name\": \"keyspace1\",\r\n  \"properties\": {\r\n    \"resource\": {\r\n      \"id\": \"keyspace1\",\r\n      \"_rid\": \"ElI+AA==\",\r\n      \"_etag\": \"\\\"00005701-0000-0100-0000-620b53cb0000\\\"\",\r\n      \"_ts\": 1644909515\r\n    }\r\n  }\r\n}",
      "StatusCode": 200
    },
    {
      "RequestUri": "/subscriptions/259fbb24-9bcd-4cfc-865c-fc33b22fe38a/resourceGroups/CosmosDBResourceGroup49/providers/Microsoft.DocumentDB/databaseAccounts/cassandra-db2749/cassandraKeyspaces/keyspace1?api-version=2021-11-15-preview",
      "EncodedRequestUri": "L3N1YnNjcmlwdGlvbnMvMjU5ZmJiMjQtOWJjZC00Y2ZjLTg2NWMtZmMzM2IyMmZlMzhhL3Jlc291cmNlR3JvdXBzL0Nvc21vc0RCUmVzb3VyY2VHcm91cDQ5L3Byb3ZpZGVycy9NaWNyb3NvZnQuRG9jdW1lbnREQi9kYXRhYmFzZUFjY291bnRzL2Nhc3NhbmRyYS1kYjI3NDkvY2Fzc2FuZHJhS2V5c3BhY2VzL2tleXNwYWNlMT9hcGktdmVyc2lvbj0yMDIxLTExLTE1LXByZXZpZXc=",
      "RequestMethod": "PUT",
      "RequestBody": "{\r\n  \"properties\": {\r\n    \"resource\": {\r\n      \"id\": \"keyspace1\"\r\n    },\r\n    \"options\": {\r\n      \"throughput\": 500\r\n    }\r\n  }\r\n}",
      "RequestHeaders": {
        "x-ms-client-request-id": [
          "b9b9bef9-f4b2-49d3-b3a8-9aa8c341729e"
        ],
        "Accept-Language": [
          "en-US"
        ],
        "User-Agent": [
          "FxVersion/4.6.28207.03",
          "OSName/Windows",
          "OSVersion/Microsoft.Windows.10.0.19044.",
          "Microsoft.Azure.Management.CosmosDB.CosmosDBManagementClient/3.4.0.0"
        ],
        "Content-Type": [
          "application/json; charset=utf-8"
        ],
        "Content-Length": [
          "130"
        ]
      },
      "ResponseHeaders": {
        "Cache-Control": [
          "no-store, no-cache"
        ],
        "Pragma": [
          "no-cache"
        ],
        "Location": [
          "https://management.azure.com/subscriptions/259fbb24-9bcd-4cfc-865c-fc33b22fe38a/resourceGroups/CosmosDBResourceGroup49/providers/Microsoft.DocumentDB/databaseAccounts/cassandra-db2749/cassandraKeyspaces/keyspace1/operationResults/5595d269-f14b-46fe-8ecd-fe27c6ae2f44?api-version=2021-11-15-preview"
        ],
        "Azure-AsyncOperation": [
          "https://management.azure.com/subscriptions/259fbb24-9bcd-4cfc-865c-fc33b22fe38a/providers/Microsoft.DocumentDB/locations/eastus/operationsStatus/5595d269-f14b-46fe-8ecd-fe27c6ae2f44?api-version=2021-11-15-preview"
        ],
        "x-ms-request-id": [
          "5595d269-f14b-46fe-8ecd-fe27c6ae2f44"
        ],
        "Strict-Transport-Security": [
          "max-age=31536000; includeSubDomains"
        ],
        "x-ms-gatewayversion": [
          "version=2.14.0"
        ],
        "Server": [
          "Microsoft-HTTPAPI/2.0"
        ],
        "x-ms-ratelimit-remaining-subscription-writes": [
          "1198"
        ],
        "x-ms-correlation-request-id": [
          "6df24b63-79c3-410a-9feb-1b74076c238f"
        ],
        "x-ms-routing-request-id": [
          "WESTUS2:20220215T071828Z:6df24b63-79c3-410a-9feb-1b74076c238f"
        ],
        "X-Content-Type-Options": [
          "nosniff"
        ],
        "Date": [
          "Tue, 15 Feb 2022 07:18:27 GMT"
        ],
        "Content-Length": [
          "21"
        ],
        "Content-Type": [
          "application/json"
        ]
      },
      "ResponseBody": "{\r\n  \"status\": \"Enqueued\"\r\n}",
      "StatusCode": 202
    },
    {
      "RequestUri": "/subscriptions/259fbb24-9bcd-4cfc-865c-fc33b22fe38a/resourceGroups/CosmosDBResourceGroup49/providers/Microsoft.DocumentDB/databaseAccounts/cassandra-db2749/cassandraKeyspaces/keyspace1?api-version=2021-11-15-preview",
      "EncodedRequestUri": "L3N1YnNjcmlwdGlvbnMvMjU5ZmJiMjQtOWJjZC00Y2ZjLTg2NWMtZmMzM2IyMmZlMzhhL3Jlc291cmNlR3JvdXBzL0Nvc21vc0RCUmVzb3VyY2VHcm91cDQ5L3Byb3ZpZGVycy9NaWNyb3NvZnQuRG9jdW1lbnREQi9kYXRhYmFzZUFjY291bnRzL2Nhc3NhbmRyYS1kYjI3NDkvY2Fzc2FuZHJhS2V5c3BhY2VzL2tleXNwYWNlMT9hcGktdmVyc2lvbj0yMDIxLTExLTE1LXByZXZpZXc=",
      "RequestMethod": "PUT",
      "RequestBody": "{\r\n  \"properties\": {\r\n    \"resource\": {\r\n      \"id\": \"keyspace1\"\r\n    },\r\n    \"options\": {\r\n      \"throughput\": 600\r\n    }\r\n  }\r\n}",
      "RequestHeaders": {
        "x-ms-client-request-id": [
          "9dfeedec-b247-46cf-a094-0111be277e23"
        ],
        "Accept-Language": [
          "en-US"
        ],
        "User-Agent": [
          "FxVersion/4.6.28207.03",
          "OSName/Windows",
          "OSVersion/Microsoft.Windows.10.0.19044.",
          "Microsoft.Azure.Management.CosmosDB.CosmosDBManagementClient/3.4.0.0"
        ],
        "Content-Type": [
          "application/json; charset=utf-8"
        ],
        "Content-Length": [
          "130"
        ]
      },
      "ResponseHeaders": {
        "Cache-Control": [
          "no-store, no-cache"
        ],
        "Pragma": [
          "no-cache"
        ],
        "Location": [
          "https://management.azure.com/subscriptions/259fbb24-9bcd-4cfc-865c-fc33b22fe38a/resourceGroups/CosmosDBResourceGroup49/providers/Microsoft.DocumentDB/databaseAccounts/cassandra-db2749/cassandraKeyspaces/keyspace1/operationResults/d988e324-2dac-4ec2-b9bf-056687e20b0f?api-version=2021-11-15-preview"
        ],
        "Azure-AsyncOperation": [
          "https://management.azure.com/subscriptions/259fbb24-9bcd-4cfc-865c-fc33b22fe38a/providers/Microsoft.DocumentDB/locations/eastus/operationsStatus/d988e324-2dac-4ec2-b9bf-056687e20b0f?api-version=2021-11-15-preview"
        ],
        "x-ms-request-id": [
          "d988e324-2dac-4ec2-b9bf-056687e20b0f"
        ],
        "Strict-Transport-Security": [
          "max-age=31536000; includeSubDomains"
        ],
        "x-ms-gatewayversion": [
          "version=2.14.0"
        ],
        "Server": [
          "Microsoft-HTTPAPI/2.0"
        ],
        "x-ms-ratelimit-remaining-subscription-writes": [
          "1196"
        ],
        "x-ms-correlation-request-id": [
          "0a283847-6460-44e9-9763-7f5993fa83e7"
        ],
        "x-ms-routing-request-id": [
          "WESTUS2:20220215T071932Z:0a283847-6460-44e9-9763-7f5993fa83e7"
        ],
        "X-Content-Type-Options": [
          "nosniff"
        ],
        "Date": [
          "Tue, 15 Feb 2022 07:19:31 GMT"
        ],
        "Content-Length": [
          "21"
        ],
        "Content-Type": [
          "application/json"
        ]
      },
      "ResponseBody": "{\r\n  \"status\": \"Enqueued\"\r\n}",
      "StatusCode": 202
    },
    {
      "RequestUri": "/subscriptions/259fbb24-9bcd-4cfc-865c-fc33b22fe38a/providers/Microsoft.DocumentDB/locations/eastus/operationsStatus/5595d269-f14b-46fe-8ecd-fe27c6ae2f44?api-version=2021-11-15-preview",
      "EncodedRequestUri": "L3N1YnNjcmlwdGlvbnMvMjU5ZmJiMjQtOWJjZC00Y2ZjLTg2NWMtZmMzM2IyMmZlMzhhL3Byb3ZpZGVycy9NaWNyb3NvZnQuRG9jdW1lbnREQi9sb2NhdGlvbnMvZWFzdHVzL29wZXJhdGlvbnNTdGF0dXMvNTU5NWQyNjktZjE0Yi00NmZlLThlY2QtZmUyN2M2YWUyZjQ0P2FwaS12ZXJzaW9uPTIwMjEtMTEtMTUtcHJldmlldw==",
      "RequestMethod": "GET",
      "RequestBody": "",
      "RequestHeaders": {
        "x-ms-client-request-id": [
          "b9b9bef9-f4b2-49d3-b3a8-9aa8c341729e"
        ],
        "User-Agent": [
          "FxVersion/4.6.28207.03",
          "OSName/Windows",
          "OSVersion/Microsoft.Windows.10.0.19044.",
          "Microsoft.Azure.Management.CosmosDB.CosmosDBManagementClient/3.4.0.0"
        ]
      },
      "ResponseHeaders": {
        "Cache-Control": [
          "no-store, no-cache"
        ],
        "Pragma": [
          "no-cache"
        ],
        "Strict-Transport-Security": [
          "max-age=31536000; includeSubDomains"
        ],
        "x-ms-gatewayversion": [
          "version=2.14.0"
        ],
        "Server": [
          "Microsoft-HTTPAPI/2.0"
        ],
        "x-ms-ratelimit-remaining-subscription-reads": [
          "11988"
        ],
        "x-ms-request-id": [
          "336ff17c-eb2e-4629-837a-33d6ee050928"
        ],
        "x-ms-correlation-request-id": [
          "336ff17c-eb2e-4629-837a-33d6ee050928"
        ],
        "x-ms-routing-request-id": [
          "WESTUS2:20220215T071858Z:336ff17c-eb2e-4629-837a-33d6ee050928"
        ],
        "X-Content-Type-Options": [
          "nosniff"
        ],
        "Date": [
          "Tue, 15 Feb 2022 07:18:58 GMT"
        ],
        "Content-Length": [
          "22"
        ],
        "Content-Type": [
          "application/json"
        ]
      },
      "ResponseBody": "{\r\n  \"status\": \"Succeeded\"\r\n}",
      "StatusCode": 200
    },
    {
      "RequestUri": "/subscriptions/259fbb24-9bcd-4cfc-865c-fc33b22fe38a/resourceGroups/CosmosDBResourceGroup49/providers/Microsoft.DocumentDB/databaseAccounts/cassandra-db2749/cassandraKeyspaces/keyspace1/tables/table?api-version=2021-11-15-preview",
      "EncodedRequestUri": "L3N1YnNjcmlwdGlvbnMvMjU5ZmJiMjQtOWJjZC00Y2ZjLTg2NWMtZmMzM2IyMmZlMzhhL3Jlc291cmNlR3JvdXBzL0Nvc21vc0RCUmVzb3VyY2VHcm91cDQ5L3Byb3ZpZGVycy9NaWNyb3NvZnQuRG9jdW1lbnREQi9kYXRhYmFzZUFjY291bnRzL2Nhc3NhbmRyYS1kYjI3NDkvY2Fzc2FuZHJhS2V5c3BhY2VzL2tleXNwYWNlMS90YWJsZXMvdGFibGU/YXBpLXZlcnNpb249MjAyMS0xMS0xNS1wcmV2aWV3",
      "RequestMethod": "GET",
      "RequestBody": "",
      "RequestHeaders": {
        "x-ms-client-request-id": [
          "b2e2bb91-db07-4713-a0ca-91deb3b72828"
        ],
        "Accept-Language": [
          "en-US"
        ],
        "User-Agent": [
          "FxVersion/4.6.28207.03",
          "OSName/Windows",
          "OSVersion/Microsoft.Windows.10.0.19044.",
          "Microsoft.Azure.Management.CosmosDB.CosmosDBManagementClient/3.4.0.0"
        ]
      },
      "ResponseHeaders": {
        "Cache-Control": [
          "no-store, no-cache"
        ],
        "Pragma": [
          "no-cache"
        ],
        "Strict-Transport-Security": [
          "max-age=31536000; includeSubDomains"
        ],
        "x-ms-gatewayversion": [
          "version=2.14.0"
        ],
        "Server": [
          "Microsoft-HTTPAPI/2.0"
        ],
        "x-ms-ratelimit-remaining-subscription-reads": [
          "11985"
        ],
        "x-ms-request-id": [
          "30cdd1a2-56f6-4a11-8e8e-d1a7f30af1e0"
        ],
        "x-ms-correlation-request-id": [
          "30cdd1a2-56f6-4a11-8e8e-d1a7f30af1e0"
        ],
        "x-ms-routing-request-id": [
          "WESTUS2:20220215T071859Z:30cdd1a2-56f6-4a11-8e8e-d1a7f30af1e0"
        ],
        "X-Content-Type-Options": [
          "nosniff"
        ],
        "Date": [
          "Tue, 15 Feb 2022 07:18:59 GMT"
        ],
        "Content-Length": [
          "5596"
        ],
        "Content-Type": [
          "application/json"
        ]
      },
      "ResponseBody": "{\r\n  \"code\": \"NotFound\",\r\n  \"message\": \"Message: {\\\"code\\\":\\\"NotFound\\\",\\\"message\\\":\\\"Message: {\\\\\\\"Errors\\\\\\\":[\\\\\\\"Resource Not Found. Learn more: https:\\\\\\\\/\\\\\\\\/aka.ms\\\\\\\\/cosmosdb-tsg-not-found\\\\\\\"]}\\\\r\\\\nActivityId: b2e2bb91-db07-4713-a0ca-91deb3b72828, Request URI: /apps/cdea7129-c8bc-4a75-ab5c-98cdeb77ce30/services/840689ee-f276-49d7-8c37-e5eba72451ed/partitions/2da1839a-7603-4e4a-b687-03da4bad352a/replicas/132892017064111751s, RequestStats: \\\\r\\\\nRequestStartTime: 2022-02-15T07:18:59.4942189Z, RequestEndTime: 2022-02-15T07:18:59.5042239Z,  Number of regions attempted:1\\\\r\\\\n{\\\\\\\"systemHistory\\\\\\\":[{\\\\\\\"dateUtc\\\\\\\":\\\\\\\"2022-02-15T07:18:03.6535173Z\\\\\\\",\\\\\\\"cpu\\\\\\\":1.036,\\\\\\\"memory\\\\\\\":467004112.000,\\\\\\\"threadInfo\\\\\\\":{\\\\\\\"isThreadStarving\\\\\\\":\\\\\\\"False\\\\\\\",\\\\\\\"threadWaitIntervalInMs\\\\\\\":0.0199,\\\\\\\"availableThreads\\\\\\\":32765,\\\\\\\"minThreads\\\\\\\":52,\\\\\\\"maxThreads\\\\\\\":32767}},{\\\\\\\"dateUtc\\\\\\\":\\\\\\\"2022-02-15T07:18:13.6637167Z\\\\\\\",\\\\\\\"cpu\\\\\\\":0.995,\\\\\\\"memory\\\\\\\":466593728.000,\\\\\\\"threadInfo\\\\\\\":{\\\\\\\"isThreadStarving\\\\\\\":\\\\\\\"False\\\\\\\",\\\\\\\"threadWaitIntervalInMs\\\\\\\":0.01,\\\\\\\"availableThreads\\\\\\\":32763,\\\\\\\"minThreads\\\\\\\":52,\\\\\\\"maxThreads\\\\\\\":32767}},{\\\\\\\"dateUtc\\\\\\\":\\\\\\\"2022-02-15T07:18:23.6637904Z\\\\\\\",\\\\\\\"cpu\\\\\\\":1.043,\\\\\\\"memory\\\\\\\":465814132.000,\\\\\\\"threadInfo\\\\\\\":{\\\\\\\"isThreadStarving\\\\\\\":\\\\\\\"False\\\\\\\",\\\\\\\"threadWaitIntervalInMs\\\\\\\":0.0146,\\\\\\\"availableThreads\\\\\\\":32763,\\\\\\\"minThreads\\\\\\\":52,\\\\\\\"maxThreads\\\\\\\":32767}},{\\\\\\\"dateUtc\\\\\\\":\\\\\\\"2022-02-15T07:18:33.6739048Z\\\\\\\",\\\\\\\"cpu\\\\\\\":1.256,\\\\\\\"memory\\\\\\\":468530984.000,\\\\\\\"threadInfo\\\\\\\":{\\\\\\\"isThreadStarving\\\\\\\":\\\\\\\"False\\\\\\\",\\\\\\\"threadWaitIntervalInMs\\\\\\\":0.0197,\\\\\\\"availableThreads\\\\\\\":32762,\\\\\\\"minThreads\\\\\\\":52,\\\\\\\"maxThreads\\\\\\\":32767}},{\\\\\\\"dateUtc\\\\\\\":\\\\\\\"2022-02-15T07:18:43.6840904Z\\\\\\\",\\\\\\\"cpu\\\\\\\":0.790,\\\\\\\"memory\\\\\\\":468128712.000,\\\\\\\"threadInfo\\\\\\\":{\\\\\\\"isThreadStarving\\\\\\\":\\\\\\\"False\\\\\\\",\\\\\\\"threadWaitIntervalInMs\\\\\\\":0.0131,\\\\\\\"availableThreads\\\\\\\":32764,\\\\\\\"minThreads\\\\\\\":52,\\\\\\\"maxThreads\\\\\\\":32767}},{\\\\\\\"dateUtc\\\\\\\":\\\\\\\"2022-02-15T07:18:53.6941650Z\\\\\\\",\\\\\\\"cpu\\\\\\\":1.837,\\\\\\\"memory\\\\\\\":467627672.000,\\\\\\\"threadInfo\\\\\\\":{\\\\\\\"isThreadStarving\\\\\\\":\\\\\\\"False\\\\\\\",\\\\\\\"threadWaitIntervalInMs\\\\\\\":0.0094,\\\\\\\"availableThreads\\\\\\\":32764,\\\\\\\"minThreads\\\\\\\":52,\\\\\\\"maxThreads\\\\\\\":32767}}]}\\\\r\\\\nRequestStart: 2022-02-15T07:18:59.4942189Z; ResponseTime: 2022-02-15T07:18:59.5042239Z; StoreResult: StorePhysicalAddress: rntbd://10.0.0.23:11000/apps/cdea7129-c8bc-4a75-ab5c-98cdeb77ce30/services/840689ee-f276-49d7-8c37-e5eba72451ed/partitions/2da1839a-7603-4e4a-b687-03da4bad352a/replicas/132892017064111751s, LSN: 8, GlobalCommittedLsn: 8, PartitionKeyRangeId: , IsValid: True, StatusCode: 404, SubStatusCode: 0, RequestCharge: 1, ItemLSN: -1, SessionToken: -1#8, UsingLocalLSN: False, TransportException: null, BELatencyMs: 1.029, ActivityId: b2e2bb91-db07-4713-a0ca-91deb3b72828, RetryAfterInMs: , TransportRequestTimeline: {\\\\\\\"requestTimeline\\\\\\\":[{\\\\\\\"event\\\\\\\": \\\\\\\"Created\\\\\\\", \\\\\\\"startTimeUtc\\\\\\\": \\\\\\\"2022-02-15T07:18:59.4942189Z\\\\\\\", \\\\\\\"durationInMs\\\\\\\": 0.0189},{\\\\\\\"event\\\\\\\": \\\\\\\"ChannelAcquisitionStarted\\\\\\\", \\\\\\\"startTimeUtc\\\\\\\": \\\\\\\"2022-02-15T07:18:59.4942378Z\\\\\\\", \\\\\\\"durationInMs\\\\\\\": 0.0032},{\\\\\\\"event\\\\\\\": \\\\\\\"Pipelined\\\\\\\", \\\\\\\"startTimeUtc\\\\\\\": \\\\\\\"2022-02-15T07:18:59.4942410Z\\\\\\\", \\\\\\\"durationInMs\\\\\\\": 0.2445},{\\\\\\\"event\\\\\\\": \\\\\\\"Transit Time\\\\\\\", \\\\\\\"startTimeUtc\\\\\\\": \\\\\\\"2022-02-15T07:18:59.4944855Z\\\\\\\", \\\\\\\"durationInMs\\\\\\\": 1.6398},{\\\\\\\"event\\\\\\\": \\\\\\\"Received\\\\\\\", \\\\\\\"startTimeUtc\\\\\\\": \\\\\\\"2022-02-15T07:18:59.4961253Z\\\\\\\", \\\\\\\"durationInMs\\\\\\\": 0.0381},{\\\\\\\"event\\\\\\\": \\\\\\\"Completed\\\\\\\", \\\\\\\"startTimeUtc\\\\\\\": \\\\\\\"2022-02-15T07:18:59.4961634Z\\\\\\\", \\\\\\\"durationInMs\\\\\\\": 0}],\\\\\\\"requestSizeInBytes\\\\\\\":478,\\\\\\\"responseMetadataSizeInBytes\\\\\\\":134,\\\\\\\"responseBodySizeInBytes\\\\\\\":87};\\\\r\\\\n ResourceType: Collection, OperationType: Read\\\\r\\\\nRequestStart: 2022-02-15T07:18:59.4942189Z; ResponseTime: 2022-02-15T07:18:59.5042239Z; StoreResult: StorePhysicalAddress: rntbd://10.0.0.19:11000/apps/cdea7129-c8bc-4a75-ab5c-98cdeb77ce30/services/840689ee-f276-49d7-8c37-e5eba72451ed/partitions/2da1839a-7603-4e4a-b687-03da4bad352a/replicas/132892017064111750s, LSN: 8, GlobalCommittedLsn: 8, PartitionKeyRangeId: , IsValid: True, StatusCode: 404, SubStatusCode: 0, RequestCharge: 1, ItemLSN: -1, SessionToken: -1#8, UsingLocalLSN: False, TransportException: null, BELatencyMs: 1.405, ActivityId: b2e2bb91-db07-4713-a0ca-91deb3b72828, RetryAfterInMs: , TransportRequestTimeline: {\\\\\\\"requestTimeline\\\\\\\":[{\\\\\\\"event\\\\\\\": \\\\\\\"Created\\\\\\\", \\\\\\\"startTimeUtc\\\\\\\": \\\\\\\"2022-02-15T07:18:59.4942189Z\\\\\\\", \\\\\\\"durationInMs\\\\\\\": 0.0058},{\\\\\\\"event\\\\\\\": \\\\\\\"ChannelAcquisitionStarted\\\\\\\", \\\\\\\"startTimeUtc\\\\\\\": \\\\\\\"2022-02-15T07:18:59.4942247Z\\\\\\\", \\\\\\\"durationInMs\\\\\\\": 0.0018},{\\\\\\\"event\\\\\\\": \\\\\\\"Pipelined\\\\\\\", \\\\\\\"startTimeUtc\\\\\\\": \\\\\\\"2022-02-15T07:18:59.4942265Z\\\\\\\", \\\\\\\"durationInMs\\\\\\\": 0.2072},{\\\\\\\"event\\\\\\\": \\\\\\\"Transit Time\\\\\\\", \\\\\\\"startTimeUtc\\\\\\\": \\\\\\\"2022-02-15T07:18:59.4944337Z\\\\\\\", \\\\\\\"durationInMs\\\\\\\": 1.9192},{\\\\\\\"event\\\\\\\": \\\\\\\"Received\\\\\\\", \\\\\\\"startTimeUtc\\\\\\\": \\\\\\\"2022-02-15T07:18:59.4963529Z\\\\\\\", \\\\\\\"durationInMs\\\\\\\": 0.0488},{\\\\\\\"event\\\\\\\": \\\\\\\"Completed\\\\\\\", \\\\\\\"startTimeUtc\\\\\\\": \\\\\\\"2022-02-15T07:18:59.4964017Z\\\\\\\", \\\\\\\"durationInMs\\\\\\\": 0}],\\\\\\\"requestSizeInBytes\\\\\\\":478,\\\\\\\"responseMetadataSizeInBytes\\\\\\\":134,\\\\\\\"responseBodySizeInBytes\\\\\\\":87};\\\\r\\\\n ResourceType: Collection, OperationType: Read\\\\r\\\\n, SDK: Microsoft.Azure.Documents.Common/2.14.0\\\"}, Request URI: /dbs/keyspace1/colls/table, RequestStats: , SDK: Microsoft.Azure.Documents.Common/2.14.0\"\r\n}",
      "StatusCode": 404
    },
    {
      "RequestUri": "/subscriptions/259fbb24-9bcd-4cfc-865c-fc33b22fe38a/resourceGroups/CosmosDBResourceGroup49/providers/Microsoft.DocumentDB/databaseAccounts/cassandra-db2749/cassandraKeyspaces/keyspace1/tables/table?api-version=2021-11-15-preview",
      "EncodedRequestUri": "L3N1YnNjcmlwdGlvbnMvMjU5ZmJiMjQtOWJjZC00Y2ZjLTg2NWMtZmMzM2IyMmZlMzhhL3Jlc291cmNlR3JvdXBzL0Nvc21vc0RCUmVzb3VyY2VHcm91cDQ5L3Byb3ZpZGVycy9NaWNyb3NvZnQuRG9jdW1lbnREQi9kYXRhYmFzZUFjY291bnRzL2Nhc3NhbmRyYS1kYjI3NDkvY2Fzc2FuZHJhS2V5c3BhY2VzL2tleXNwYWNlMS90YWJsZXMvdGFibGU/YXBpLXZlcnNpb249MjAyMS0xMS0xNS1wcmV2aWV3",
      "RequestMethod": "GET",
      "RequestBody": "",
      "RequestHeaders": {
        "x-ms-client-request-id": [
          "b2e2bb91-db07-4713-a0ca-91deb3b72828"
        ],
        "User-Agent": [
          "FxVersion/4.6.28207.03",
          "OSName/Windows",
          "OSVersion/Microsoft.Windows.10.0.19044.",
          "Microsoft.Azure.Management.CosmosDB.CosmosDBManagementClient/3.4.0.0"
        ]
      },
      "ResponseHeaders": {
        "Cache-Control": [
          "no-store, no-cache"
        ],
        "Pragma": [
          "no-cache"
        ],
        "Strict-Transport-Security": [
          "max-age=31536000; includeSubDomains"
        ],
        "x-ms-gatewayversion": [
          "version=2.14.0"
        ],
        "Server": [
          "Microsoft-HTTPAPI/2.0"
        ],
        "x-ms-ratelimit-remaining-subscription-reads": [
          "11983"
        ],
        "x-ms-request-id": [
          "97dbf7e8-e04c-4cac-bed5-1bcb9fb23e3a"
        ],
        "x-ms-correlation-request-id": [
          "97dbf7e8-e04c-4cac-bed5-1bcb9fb23e3a"
        ],
        "x-ms-routing-request-id": [
          "WESTUS2:20220215T071930Z:97dbf7e8-e04c-4cac-bed5-1bcb9fb23e3a"
        ],
        "X-Content-Type-Options": [
          "nosniff"
        ],
        "Date": [
          "Tue, 15 Feb 2022 07:19:29 GMT"
        ],
        "Content-Length": [
          "617"
        ],
        "Content-Type": [
          "application/json"
        ]
      },
      "ResponseBody": "{\r\n  \"id\": \"/subscriptions/259fbb24-9bcd-4cfc-865c-fc33b22fe38a/resourceGroups/CosmosDBResourceGroup49/providers/Microsoft.DocumentDB/databaseAccounts/cassandra-db2749/cassandraKeyspaces/keyspace1/tables/table\",\r\n  \"type\": \"Microsoft.DocumentDB/databaseAccounts/cassandraKeyspaces/tables\",\r\n  \"name\": \"table\",\r\n  \"properties\": {\r\n    \"resource\": {\r\n      \"id\": \"table\",\r\n      \"_rid\": \"ElI+AMTC5mQ=\",\r\n      \"_etag\": \"\\\"00005b01-0000-0100-0000-620b53e90000\\\"\",\r\n      \"_ts\": 1644909545,\r\n      \"defaultTtl\": 0,\r\n      \"schema\": {\r\n        \"columns\": [\r\n          {\r\n            \"name\": \"ColumnA\",\r\n            \"type\": \"int\"\r\n          },\r\n          {\r\n            \"name\": \"ColumnB\",\r\n            \"type\": \"ascii\"\r\n          }\r\n        ],\r\n        \"partitionKeys\": [\r\n          {\r\n            \"name\": \"ColumnA\"\r\n          }\r\n        ],\r\n        \"clusterKeys\": [\r\n          {\r\n            \"name\": \"ColumnB\",\r\n            \"orderBy\": \"Asc\"\r\n          }\r\n        ]\r\n      }\r\n    }\r\n  }\r\n}",
      "StatusCode": 200
    },
    {
      "RequestUri": "/subscriptions/259fbb24-9bcd-4cfc-865c-fc33b22fe38a/resourceGroups/CosmosDBResourceGroup49/providers/Microsoft.DocumentDB/databaseAccounts/cassandra-db2749/cassandraKeyspaces/keyspace1/tables/table?api-version=2021-11-15-preview",
      "EncodedRequestUri": "L3N1YnNjcmlwdGlvbnMvMjU5ZmJiMjQtOWJjZC00Y2ZjLTg2NWMtZmMzM2IyMmZlMzhhL3Jlc291cmNlR3JvdXBzL0Nvc21vc0RCUmVzb3VyY2VHcm91cDQ5L3Byb3ZpZGVycy9NaWNyb3NvZnQuRG9jdW1lbnREQi9kYXRhYmFzZUFjY291bnRzL2Nhc3NhbmRyYS1kYjI3NDkvY2Fzc2FuZHJhS2V5c3BhY2VzL2tleXNwYWNlMS90YWJsZXMvdGFibGU/YXBpLXZlcnNpb249MjAyMS0xMS0xNS1wcmV2aWV3",
      "RequestMethod": "GET",
      "RequestBody": "",
      "RequestHeaders": {
        "x-ms-client-request-id": [
          "9755e37f-cca7-4067-9621-e52aa3659b4b"
        ],
        "Accept-Language": [
          "en-US"
        ],
        "User-Agent": [
          "FxVersion/4.6.28207.03",
          "OSName/Windows",
          "OSVersion/Microsoft.Windows.10.0.19044.",
          "Microsoft.Azure.Management.CosmosDB.CosmosDBManagementClient/3.4.0.0"
        ]
      },
      "ResponseHeaders": {
        "Cache-Control": [
          "no-store, no-cache"
        ],
        "Pragma": [
          "no-cache"
        ],
        "Strict-Transport-Security": [
          "max-age=31536000; includeSubDomains"
        ],
        "x-ms-gatewayversion": [
          "version=2.14.0"
        ],
        "Server": [
          "Microsoft-HTTPAPI/2.0"
        ],
        "x-ms-ratelimit-remaining-subscription-reads": [
          "11982"
        ],
        "x-ms-request-id": [
          "7911717d-1449-42e1-b66c-495f52161c4f"
        ],
        "x-ms-correlation-request-id": [
          "7911717d-1449-42e1-b66c-495f52161c4f"
        ],
        "x-ms-routing-request-id": [
          "WESTUS2:20220215T071930Z:7911717d-1449-42e1-b66c-495f52161c4f"
        ],
        "X-Content-Type-Options": [
          "nosniff"
        ],
        "Date": [
          "Tue, 15 Feb 2022 07:19:29 GMT"
        ],
        "Content-Length": [
          "617"
        ],
        "Content-Type": [
          "application/json"
        ]
      },
      "ResponseBody": "{\r\n  \"id\": \"/subscriptions/259fbb24-9bcd-4cfc-865c-fc33b22fe38a/resourceGroups/CosmosDBResourceGroup49/providers/Microsoft.DocumentDB/databaseAccounts/cassandra-db2749/cassandraKeyspaces/keyspace1/tables/table\",\r\n  \"type\": \"Microsoft.DocumentDB/databaseAccounts/cassandraKeyspaces/tables\",\r\n  \"name\": \"table\",\r\n  \"properties\": {\r\n    \"resource\": {\r\n      \"id\": \"table\",\r\n      \"_rid\": \"ElI+AMTC5mQ=\",\r\n      \"_etag\": \"\\\"00005b01-0000-0100-0000-620b53e90000\\\"\",\r\n      \"_ts\": 1644909545,\r\n      \"defaultTtl\": 0,\r\n      \"schema\": {\r\n        \"columns\": [\r\n          {\r\n            \"name\": \"ColumnA\",\r\n            \"type\": \"int\"\r\n          },\r\n          {\r\n            \"name\": \"ColumnB\",\r\n            \"type\": \"ascii\"\r\n          }\r\n        ],\r\n        \"partitionKeys\": [\r\n          {\r\n            \"name\": \"ColumnA\"\r\n          }\r\n        ],\r\n        \"clusterKeys\": [\r\n          {\r\n            \"name\": \"ColumnB\",\r\n            \"orderBy\": \"Asc\"\r\n          }\r\n        ]\r\n      }\r\n    }\r\n  }\r\n}",
      "StatusCode": 200
    },
    {
      "RequestUri": "/subscriptions/259fbb24-9bcd-4cfc-865c-fc33b22fe38a/resourceGroups/CosmosDBResourceGroup49/providers/Microsoft.DocumentDB/databaseAccounts/cassandra-db2749/cassandraKeyspaces/keyspace1/tables/table?api-version=2021-11-15-preview",
      "EncodedRequestUri": "L3N1YnNjcmlwdGlvbnMvMjU5ZmJiMjQtOWJjZC00Y2ZjLTg2NWMtZmMzM2IyMmZlMzhhL3Jlc291cmNlR3JvdXBzL0Nvc21vc0RCUmVzb3VyY2VHcm91cDQ5L3Byb3ZpZGVycy9NaWNyb3NvZnQuRG9jdW1lbnREQi9kYXRhYmFzZUFjY291bnRzL2Nhc3NhbmRyYS1kYjI3NDkvY2Fzc2FuZHJhS2V5c3BhY2VzL2tleXNwYWNlMS90YWJsZXMvdGFibGU/YXBpLXZlcnNpb249MjAyMS0xMS0xNS1wcmV2aWV3",
      "RequestMethod": "GET",
      "RequestBody": "",
      "RequestHeaders": {
        "x-ms-client-request-id": [
          "797c3c55-0a0b-4a8a-97d3-c0bc0c7a81fe"
        ],
        "Accept-Language": [
          "en-US"
        ],
        "User-Agent": [
          "FxVersion/4.6.28207.03",
          "OSName/Windows",
          "OSVersion/Microsoft.Windows.10.0.19044.",
          "Microsoft.Azure.Management.CosmosDB.CosmosDBManagementClient/3.4.0.0"
        ]
      },
      "ResponseHeaders": {
        "Cache-Control": [
          "no-store, no-cache"
        ],
        "Pragma": [
          "no-cache"
        ],
        "Strict-Transport-Security": [
          "max-age=31536000; includeSubDomains"
        ],
        "x-ms-gatewayversion": [
          "version=2.14.0"
        ],
        "Server": [
          "Microsoft-HTTPAPI/2.0"
        ],
        "x-ms-ratelimit-remaining-subscription-reads": [
          "11980"
        ],
        "x-ms-request-id": [
          "114f222d-16e8-4a9e-8dce-cdc420a70f2d"
        ],
        "x-ms-correlation-request-id": [
          "114f222d-16e8-4a9e-8dce-cdc420a70f2d"
        ],
        "x-ms-routing-request-id": [
          "WESTUS2:20220215T071931Z:114f222d-16e8-4a9e-8dce-cdc420a70f2d"
        ],
        "X-Content-Type-Options": [
          "nosniff"
        ],
        "Date": [
          "Tue, 15 Feb 2022 07:19:30 GMT"
        ],
        "Content-Length": [
          "617"
        ],
        "Content-Type": [
          "application/json"
        ]
      },
      "ResponseBody": "{\r\n  \"id\": \"/subscriptions/259fbb24-9bcd-4cfc-865c-fc33b22fe38a/resourceGroups/CosmosDBResourceGroup49/providers/Microsoft.DocumentDB/databaseAccounts/cassandra-db2749/cassandraKeyspaces/keyspace1/tables/table\",\r\n  \"type\": \"Microsoft.DocumentDB/databaseAccounts/cassandraKeyspaces/tables\",\r\n  \"name\": \"table\",\r\n  \"properties\": {\r\n    \"resource\": {\r\n      \"id\": \"table\",\r\n      \"_rid\": \"ElI+AMTC5mQ=\",\r\n      \"_etag\": \"\\\"00005b01-0000-0100-0000-620b53e90000\\\"\",\r\n      \"_ts\": 1644909545,\r\n      \"defaultTtl\": 0,\r\n      \"schema\": {\r\n        \"columns\": [\r\n          {\r\n            \"name\": \"ColumnA\",\r\n            \"type\": \"int\"\r\n          },\r\n          {\r\n            \"name\": \"ColumnB\",\r\n            \"type\": \"ascii\"\r\n          }\r\n        ],\r\n        \"partitionKeys\": [\r\n          {\r\n            \"name\": \"ColumnA\"\r\n          }\r\n        ],\r\n        \"clusterKeys\": [\r\n          {\r\n            \"name\": \"ColumnB\",\r\n            \"orderBy\": \"Asc\"\r\n          }\r\n        ]\r\n      }\r\n    }\r\n  }\r\n}",
      "StatusCode": 200
    },
    {
      "RequestUri": "/subscriptions/259fbb24-9bcd-4cfc-865c-fc33b22fe38a/resourceGroups/CosmosDBResourceGroup49/providers/Microsoft.DocumentDB/databaseAccounts/cassandra-db2749/cassandraKeyspaces/keyspace1/tables/table?api-version=2021-11-15-preview",
      "EncodedRequestUri": "L3N1YnNjcmlwdGlvbnMvMjU5ZmJiMjQtOWJjZC00Y2ZjLTg2NWMtZmMzM2IyMmZlMzhhL3Jlc291cmNlR3JvdXBzL0Nvc21vc0RCUmVzb3VyY2VHcm91cDQ5L3Byb3ZpZGVycy9NaWNyb3NvZnQuRG9jdW1lbnREQi9kYXRhYmFzZUFjY291bnRzL2Nhc3NhbmRyYS1kYjI3NDkvY2Fzc2FuZHJhS2V5c3BhY2VzL2tleXNwYWNlMS90YWJsZXMvdGFibGU/YXBpLXZlcnNpb249MjAyMS0xMS0xNS1wcmV2aWV3",
      "RequestMethod": "GET",
      "RequestBody": "",
      "RequestHeaders": {
        "x-ms-client-request-id": [
          "75d0f2cf-f509-4896-b29e-1474ae89ccac"
        ],
        "Accept-Language": [
          "en-US"
        ],
        "User-Agent": [
          "FxVersion/4.6.28207.03",
          "OSName/Windows",
          "OSVersion/Microsoft.Windows.10.0.19044.",
          "Microsoft.Azure.Management.CosmosDB.CosmosDBManagementClient/3.4.0.0"
        ]
      },
      "ResponseHeaders": {
        "Cache-Control": [
          "no-store, no-cache"
        ],
        "Pragma": [
          "no-cache"
        ],
        "Strict-Transport-Security": [
          "max-age=31536000; includeSubDomains"
        ],
        "x-ms-gatewayversion": [
          "version=2.14.0"
        ],
        "Server": [
          "Microsoft-HTTPAPI/2.0"
        ],
        "x-ms-ratelimit-remaining-subscription-reads": [
          "11973"
        ],
        "x-ms-request-id": [
          "b9acfa09-a80e-48ac-bfd2-0eb8e64fd1fa"
        ],
        "x-ms-correlation-request-id": [
          "b9acfa09-a80e-48ac-bfd2-0eb8e64fd1fa"
        ],
        "x-ms-routing-request-id": [
          "WESTUS2:20220215T072002Z:b9acfa09-a80e-48ac-bfd2-0eb8e64fd1fa"
        ],
        "X-Content-Type-Options": [
          "nosniff"
        ],
        "Date": [
          "Tue, 15 Feb 2022 07:20:02 GMT"
        ],
        "Content-Length": [
          "617"
        ],
        "Content-Type": [
          "application/json"
        ]
      },
      "ResponseBody": "{\r\n  \"id\": \"/subscriptions/259fbb24-9bcd-4cfc-865c-fc33b22fe38a/resourceGroups/CosmosDBResourceGroup49/providers/Microsoft.DocumentDB/databaseAccounts/cassandra-db2749/cassandraKeyspaces/keyspace1/tables/table\",\r\n  \"type\": \"Microsoft.DocumentDB/databaseAccounts/cassandraKeyspaces/tables\",\r\n  \"name\": \"table\",\r\n  \"properties\": {\r\n    \"resource\": {\r\n      \"id\": \"table\",\r\n      \"_rid\": \"ElI+AMTC5mQ=\",\r\n      \"_etag\": \"\\\"00005b01-0000-0100-0000-620b53e90000\\\"\",\r\n      \"_ts\": 1644909545,\r\n      \"defaultTtl\": 0,\r\n      \"schema\": {\r\n        \"columns\": [\r\n          {\r\n            \"name\": \"ColumnA\",\r\n            \"type\": \"int\"\r\n          },\r\n          {\r\n            \"name\": \"ColumnB\",\r\n            \"type\": \"ascii\"\r\n          }\r\n        ],\r\n        \"partitionKeys\": [\r\n          {\r\n            \"name\": \"ColumnA\"\r\n          }\r\n        ],\r\n        \"clusterKeys\": [\r\n          {\r\n            \"name\": \"ColumnB\",\r\n            \"orderBy\": \"Asc\"\r\n          }\r\n        ]\r\n      }\r\n    }\r\n  }\r\n}",
      "StatusCode": 200
    },
    {
      "RequestUri": "/subscriptions/259fbb24-9bcd-4cfc-865c-fc33b22fe38a/resourceGroups/CosmosDBResourceGroup49/providers/Microsoft.DocumentDB/databaseAccounts/cassandra-db2749/cassandraKeyspaces/keyspace1/tables/table?api-version=2021-11-15-preview",
      "EncodedRequestUri": "L3N1YnNjcmlwdGlvbnMvMjU5ZmJiMjQtOWJjZC00Y2ZjLTg2NWMtZmMzM2IyMmZlMzhhL3Jlc291cmNlR3JvdXBzL0Nvc21vc0RCUmVzb3VyY2VHcm91cDQ5L3Byb3ZpZGVycy9NaWNyb3NvZnQuRG9jdW1lbnREQi9kYXRhYmFzZUFjY291bnRzL2Nhc3NhbmRyYS1kYjI3NDkvY2Fzc2FuZHJhS2V5c3BhY2VzL2tleXNwYWNlMS90YWJsZXMvdGFibGU/YXBpLXZlcnNpb249MjAyMS0xMS0xNS1wcmV2aWV3",
      "RequestMethod": "GET",
      "RequestBody": "",
      "RequestHeaders": {
        "x-ms-client-request-id": [
          "75d0f2cf-f509-4896-b29e-1474ae89ccac"
        ],
        "User-Agent": [
          "FxVersion/4.6.28207.03",
          "OSName/Windows",
          "OSVersion/Microsoft.Windows.10.0.19044.",
          "Microsoft.Azure.Management.CosmosDB.CosmosDBManagementClient/3.4.0.0"
        ]
      },
      "ResponseHeaders": {
        "Cache-Control": [
          "no-store, no-cache"
        ],
        "Pragma": [
          "no-cache"
        ],
        "Strict-Transport-Security": [
          "max-age=31536000; includeSubDomains"
        ],
        "x-ms-gatewayversion": [
          "version=2.14.0"
        ],
        "Server": [
          "Microsoft-HTTPAPI/2.0"
        ],
        "x-ms-ratelimit-remaining-subscription-reads": [
          "11971"
        ],
        "x-ms-request-id": [
          "c8ee1bb7-39c1-4e31-b885-325be1577422"
        ],
        "x-ms-correlation-request-id": [
          "c8ee1bb7-39c1-4e31-b885-325be1577422"
        ],
        "x-ms-routing-request-id": [
          "WESTUS2:20220215T072033Z:c8ee1bb7-39c1-4e31-b885-325be1577422"
        ],
        "X-Content-Type-Options": [
          "nosniff"
        ],
        "Date": [
          "Tue, 15 Feb 2022 07:20:33 GMT"
        ],
        "Content-Length": [
          "683"
        ],
        "Content-Type": [
          "application/json"
        ]
      },
      "ResponseBody": "{\r\n  \"id\": \"/subscriptions/259fbb24-9bcd-4cfc-865c-fc33b22fe38a/resourceGroups/CosmosDBResourceGroup49/providers/Microsoft.DocumentDB/databaseAccounts/cassandra-db2749/cassandraKeyspaces/keyspace1/tables/table\",\r\n  \"type\": \"Microsoft.DocumentDB/databaseAccounts/cassandraKeyspaces/tables\",\r\n  \"name\": \"table\",\r\n  \"properties\": {\r\n    \"resource\": {\r\n      \"id\": \"table\",\r\n      \"_rid\": \"ElI+AMTC5mQ=\",\r\n      \"_etag\": \"\\\"00006101-0000-0100-0000-620b54280000\\\"\",\r\n      \"_ts\": 1644909608,\r\n      \"defaultTtl\": 0,\r\n      \"schema\": {\r\n        \"columns\": [\r\n          {\r\n            \"name\": \"ColumnA\",\r\n            \"type\": \"int\"\r\n          },\r\n          {\r\n            \"name\": \"ColumnB\",\r\n            \"type\": \"ascii\"\r\n          },\r\n          {\r\n            \"name\": \"ColumnC\",\r\n            \"type\": \"int\"\r\n          },\r\n          {\r\n            \"name\": \"ColumnD\",\r\n            \"type\": \"ascii\"\r\n          }\r\n        ],\r\n        \"partitionKeys\": [\r\n          {\r\n            \"name\": \"ColumnA\"\r\n          }\r\n        ],\r\n        \"clusterKeys\": [\r\n          {\r\n            \"name\": \"ColumnB\",\r\n            \"orderBy\": \"Asc\"\r\n          }\r\n        ]\r\n      }\r\n    }\r\n  }\r\n}",
      "StatusCode": 200
    },
    {
      "RequestUri": "/subscriptions/259fbb24-9bcd-4cfc-865c-fc33b22fe38a/resourceGroups/CosmosDBResourceGroup49/providers/Microsoft.DocumentDB/databaseAccounts/cassandra-db2749/cassandraKeyspaces/keyspace1/tables/table?api-version=2021-11-15-preview",
      "EncodedRequestUri": "L3N1YnNjcmlwdGlvbnMvMjU5ZmJiMjQtOWJjZC00Y2ZjLTg2NWMtZmMzM2IyMmZlMzhhL3Jlc291cmNlR3JvdXBzL0Nvc21vc0RCUmVzb3VyY2VHcm91cDQ5L3Byb3ZpZGVycy9NaWNyb3NvZnQuRG9jdW1lbnREQi9kYXRhYmFzZUFjY291bnRzL2Nhc3NhbmRyYS1kYjI3NDkvY2Fzc2FuZHJhS2V5c3BhY2VzL2tleXNwYWNlMS90YWJsZXMvdGFibGU/YXBpLXZlcnNpb249MjAyMS0xMS0xNS1wcmV2aWV3",
      "RequestMethod": "PUT",
      "RequestBody": "{\r\n  \"properties\": {\r\n    \"resource\": {\r\n      \"id\": \"table\",\r\n      \"schema\": {\r\n        \"columns\": [\r\n          {\r\n            \"name\": \"ColumnA\",\r\n            \"type\": \"int\"\r\n          },\r\n          {\r\n            \"name\": \"ColumnB\",\r\n            \"type\": \"ascii\"\r\n          }\r\n        ],\r\n        \"partitionKeys\": [\r\n          {\r\n            \"name\": \"ColumnA\"\r\n          }\r\n        ],\r\n        \"clusterKeys\": [\r\n          {\r\n            \"name\": \"ColumnB\",\r\n            \"orderBy\": \"Asc\"\r\n          }\r\n        ]\r\n      }\r\n    },\r\n    \"options\": {}\r\n  }\r\n}",
      "RequestHeaders": {
        "x-ms-client-request-id": [
          "b2e2bb91-db07-4713-a0ca-91deb3b72828"
        ],
        "Accept-Language": [
          "en-US"
        ],
        "User-Agent": [
          "FxVersion/4.6.28207.03",
          "OSName/Windows",
          "OSVersion/Microsoft.Windows.10.0.19044.",
          "Microsoft.Azure.Management.CosmosDB.CosmosDBManagementClient/3.4.0.0"
        ],
        "Content-Type": [
          "application/json; charset=utf-8"
        ],
        "Content-Length": [
          "553"
        ]
      },
      "ResponseHeaders": {
        "Cache-Control": [
          "no-store, no-cache"
        ],
        "Pragma": [
          "no-cache"
        ],
        "Location": [
          "https://management.azure.com/subscriptions/259fbb24-9bcd-4cfc-865c-fc33b22fe38a/resourceGroups/CosmosDBResourceGroup49/providers/Microsoft.DocumentDB/databaseAccounts/cassandra-db2749/cassandraKeyspaces/keyspace1/tables/table/operationResults/b0abd734-da3d-4aeb-9f74-1d07984a1dfb?api-version=2021-11-15-preview"
        ],
        "Azure-AsyncOperation": [
          "https://management.azure.com/subscriptions/259fbb24-9bcd-4cfc-865c-fc33b22fe38a/providers/Microsoft.DocumentDB/locations/eastus/operationsStatus/b0abd734-da3d-4aeb-9f74-1d07984a1dfb?api-version=2021-11-15-preview"
        ],
        "x-ms-request-id": [
          "b0abd734-da3d-4aeb-9f74-1d07984a1dfb"
        ],
        "Strict-Transport-Security": [
          "max-age=31536000; includeSubDomains"
        ],
        "x-ms-gatewayversion": [
          "version=2.14.0"
        ],
        "Server": [
          "Microsoft-HTTPAPI/2.0"
        ],
        "x-ms-ratelimit-remaining-subscription-writes": [
          "1197"
        ],
        "x-ms-correlation-request-id": [
          "8da495ea-c21b-42a8-946c-43a50ad627ca"
        ],
        "x-ms-routing-request-id": [
          "WESTUS2:20220215T071900Z:8da495ea-c21b-42a8-946c-43a50ad627ca"
        ],
        "X-Content-Type-Options": [
          "nosniff"
        ],
        "Date": [
          "Tue, 15 Feb 2022 07:18:59 GMT"
        ],
        "Content-Length": [
          "21"
        ],
        "Content-Type": [
          "application/json"
        ]
      },
      "ResponseBody": "{\r\n  \"status\": \"Enqueued\"\r\n}",
      "StatusCode": 202
    },
    {
      "RequestUri": "/subscriptions/259fbb24-9bcd-4cfc-865c-fc33b22fe38a/resourceGroups/CosmosDBResourceGroup49/providers/Microsoft.DocumentDB/databaseAccounts/cassandra-db2749/cassandraKeyspaces/keyspace1/tables/table?api-version=2021-11-15-preview",
      "EncodedRequestUri": "L3N1YnNjcmlwdGlvbnMvMjU5ZmJiMjQtOWJjZC00Y2ZjLTg2NWMtZmMzM2IyMmZlMzhhL3Jlc291cmNlR3JvdXBzL0Nvc21vc0RCUmVzb3VyY2VHcm91cDQ5L3Byb3ZpZGVycy9NaWNyb3NvZnQuRG9jdW1lbnREQi9kYXRhYmFzZUFjY291bnRzL2Nhc3NhbmRyYS1kYjI3NDkvY2Fzc2FuZHJhS2V5c3BhY2VzL2tleXNwYWNlMS90YWJsZXMvdGFibGU/YXBpLXZlcnNpb249MjAyMS0xMS0xNS1wcmV2aWV3",
      "RequestMethod": "PUT",
      "RequestBody": "{\r\n  \"properties\": {\r\n    \"resource\": {\r\n      \"id\": \"table\",\r\n      \"defaultTtl\": 0,\r\n      \"schema\": {\r\n        \"columns\": [\r\n          {\r\n            \"name\": \"ColumnA\",\r\n            \"type\": \"int\"\r\n          },\r\n          {\r\n            \"name\": \"ColumnB\",\r\n            \"type\": \"ascii\"\r\n          },\r\n          {\r\n            \"name\": \"ColumnC\",\r\n            \"type\": \"int\"\r\n          },\r\n          {\r\n            \"name\": \"ColumnD\",\r\n            \"type\": \"ascii\"\r\n          }\r\n        ],\r\n        \"partitionKeys\": [\r\n          {\r\n            \"name\": \"ColumnA\"\r\n          }\r\n        ],\r\n        \"clusterKeys\": [\r\n          {\r\n            \"name\": \"ColumnB\",\r\n            \"orderBy\": \"Asc\"\r\n          }\r\n        ]\r\n      }\r\n    },\r\n    \"options\": {}\r\n  }\r\n}",
      "RequestHeaders": {
        "x-ms-client-request-id": [
          "75d0f2cf-f509-4896-b29e-1474ae89ccac"
        ],
        "Accept-Language": [
          "en-US"
        ],
        "User-Agent": [
          "FxVersion/4.6.28207.03",
          "OSName/Windows",
          "OSVersion/Microsoft.Windows.10.0.19044.",
          "Microsoft.Azure.Management.CosmosDB.CosmosDBManagementClient/3.4.0.0"
        ],
        "Content-Type": [
          "application/json; charset=utf-8"
        ],
        "Content-Length": [
          "751"
        ]
      },
      "ResponseHeaders": {
        "Cache-Control": [
          "no-store, no-cache"
        ],
        "Pragma": [
          "no-cache"
        ],
        "Location": [
          "https://management.azure.com/subscriptions/259fbb24-9bcd-4cfc-865c-fc33b22fe38a/resourceGroups/CosmosDBResourceGroup49/providers/Microsoft.DocumentDB/databaseAccounts/cassandra-db2749/cassandraKeyspaces/keyspace1/tables/table/operationResults/a74d2781-43a8-40c8-b8fe-8fd1eda3dd79?api-version=2021-11-15-preview"
        ],
        "Azure-AsyncOperation": [
          "https://management.azure.com/subscriptions/259fbb24-9bcd-4cfc-865c-fc33b22fe38a/providers/Microsoft.DocumentDB/locations/eastus/operationsStatus/a74d2781-43a8-40c8-b8fe-8fd1eda3dd79?api-version=2021-11-15-preview"
        ],
        "x-ms-request-id": [
          "a74d2781-43a8-40c8-b8fe-8fd1eda3dd79"
        ],
        "Strict-Transport-Security": [
          "max-age=31536000; includeSubDomains"
        ],
        "x-ms-gatewayversion": [
          "version=2.14.0"
        ],
        "Server": [
          "Microsoft-HTTPAPI/2.0"
        ],
        "x-ms-ratelimit-remaining-subscription-writes": [
          "1195"
        ],
        "x-ms-correlation-request-id": [
          "7e97cc2a-ced4-4e0c-929b-6b7649d3a7e9"
        ],
        "x-ms-routing-request-id": [
          "WESTUS2:20220215T072003Z:7e97cc2a-ced4-4e0c-929b-6b7649d3a7e9"
        ],
        "X-Content-Type-Options": [
          "nosniff"
        ],
        "Date": [
          "Tue, 15 Feb 2022 07:20:02 GMT"
        ],
        "Content-Length": [
          "21"
        ],
        "Content-Type": [
          "application/json"
        ]
      },
      "ResponseBody": "{\r\n  \"status\": \"Enqueued\"\r\n}",
      "StatusCode": 202
    },
    {
      "RequestUri": "/subscriptions/259fbb24-9bcd-4cfc-865c-fc33b22fe38a/providers/Microsoft.DocumentDB/locations/eastus/operationsStatus/b0abd734-da3d-4aeb-9f74-1d07984a1dfb?api-version=2021-11-15-preview",
      "EncodedRequestUri": "L3N1YnNjcmlwdGlvbnMvMjU5ZmJiMjQtOWJjZC00Y2ZjLTg2NWMtZmMzM2IyMmZlMzhhL3Byb3ZpZGVycy9NaWNyb3NvZnQuRG9jdW1lbnREQi9sb2NhdGlvbnMvZWFzdHVzL29wZXJhdGlvbnNTdGF0dXMvYjBhYmQ3MzQtZGEzZC00YWViLTlmNzQtMWQwNzk4NGExZGZiP2FwaS12ZXJzaW9uPTIwMjEtMTEtMTUtcHJldmlldw==",
      "RequestMethod": "GET",
      "RequestBody": "",
      "RequestHeaders": {
        "x-ms-client-request-id": [
          "b2e2bb91-db07-4713-a0ca-91deb3b72828"
        ],
        "User-Agent": [
          "FxVersion/4.6.28207.03",
          "OSName/Windows",
          "OSVersion/Microsoft.Windows.10.0.19044.",
          "Microsoft.Azure.Management.CosmosDB.CosmosDBManagementClient/3.4.0.0"
        ]
      },
      "ResponseHeaders": {
        "Cache-Control": [
          "no-store, no-cache"
        ],
        "Pragma": [
          "no-cache"
        ],
        "Strict-Transport-Security": [
          "max-age=31536000; includeSubDomains"
        ],
        "x-ms-gatewayversion": [
          "version=2.14.0"
        ],
        "Server": [
          "Microsoft-HTTPAPI/2.0"
        ],
        "x-ms-ratelimit-remaining-subscription-reads": [
          "11984"
        ],
        "x-ms-request-id": [
          "b43ddcb1-fca2-4a44-b2df-dd93fd1b53ce"
        ],
        "x-ms-correlation-request-id": [
          "b43ddcb1-fca2-4a44-b2df-dd93fd1b53ce"
        ],
        "x-ms-routing-request-id": [
          "WESTUS2:20220215T071930Z:b43ddcb1-fca2-4a44-b2df-dd93fd1b53ce"
        ],
        "X-Content-Type-Options": [
          "nosniff"
        ],
        "Date": [
          "Tue, 15 Feb 2022 07:19:29 GMT"
        ],
        "Content-Length": [
          "22"
        ],
        "Content-Type": [
          "application/json"
        ]
      },
      "ResponseBody": "{\r\n  \"status\": \"Succeeded\"\r\n}",
      "StatusCode": 200
    },
    {
      "RequestUri": "/subscriptions/259fbb24-9bcd-4cfc-865c-fc33b22fe38a/resourceGroups/CosmosDBResourceGroup49/providers/Microsoft.DocumentDB/databaseAccounts/cassandra-db2749/cassandraKeyspaces/keyspace2?api-version=2021-11-15-preview",
      "EncodedRequestUri": "L3N1YnNjcmlwdGlvbnMvMjU5ZmJiMjQtOWJjZC00Y2ZjLTg2NWMtZmMzM2IyMmZlMzhhL3Jlc291cmNlR3JvdXBzL0Nvc21vc0RCUmVzb3VyY2VHcm91cDQ5L3Byb3ZpZGVycy9NaWNyb3NvZnQuRG9jdW1lbnREQi9kYXRhYmFzZUFjY291bnRzL2Nhc3NhbmRyYS1kYjI3NDkvY2Fzc2FuZHJhS2V5c3BhY2VzL2tleXNwYWNlMj9hcGktdmVyc2lvbj0yMDIxLTExLTE1LXByZXZpZXc=",
      "RequestMethod": "GET",
      "RequestBody": "",
      "RequestHeaders": {
        "x-ms-client-request-id": [
          "e07bd39a-b4bb-45d6-846a-aa43496da5bd"
        ],
        "Accept-Language": [
          "en-US"
        ],
        "User-Agent": [
          "FxVersion/4.6.28207.03",
          "OSName/Windows",
          "OSVersion/Microsoft.Windows.10.0.19044.",
          "Microsoft.Azure.Management.CosmosDB.CosmosDBManagementClient/3.4.0.0"
        ]
      },
      "ResponseHeaders": {
        "Cache-Control": [
          "no-store, no-cache"
        ],
        "Pragma": [
          "no-cache"
        ],
        "Strict-Transport-Security": [
          "max-age=31536000; includeSubDomains"
        ],
        "x-ms-gatewayversion": [
          "version=2.14.0"
        ],
        "Server": [
          "Microsoft-HTTPAPI/2.0"
        ],
        "x-ms-ratelimit-remaining-subscription-reads": [
          "11979"
        ],
        "x-ms-request-id": [
          "1b3857bd-24f7-4b2e-ba89-b11de2812738"
        ],
        "x-ms-correlation-request-id": [
          "1b3857bd-24f7-4b2e-ba89-b11de2812738"
        ],
        "x-ms-routing-request-id": [
          "WESTUS2:20220215T071931Z:1b3857bd-24f7-4b2e-ba89-b11de2812738"
        ],
        "X-Content-Type-Options": [
          "nosniff"
        ],
        "Date": [
          "Tue, 15 Feb 2022 07:19:30 GMT"
        ],
        "Content-Length": [
          "5577"
        ],
        "Content-Type": [
          "application/json"
        ]
      },
      "ResponseBody": "{\r\n  \"code\": \"NotFound\",\r\n  \"message\": \"Message: {\\\"code\\\":\\\"NotFound\\\",\\\"message\\\":\\\"Message: {\\\\\\\"Errors\\\\\\\":[\\\\\\\"Resource Not Found. Learn more: https:\\\\\\\\/\\\\\\\\/aka.ms\\\\\\\\/cosmosdb-tsg-not-found\\\\\\\"]}\\\\r\\\\nActivityId: e07bd39a-b4bb-45d6-846a-aa43496da5bd, Request URI: /apps/cdea7129-c8bc-4a75-ab5c-98cdeb77ce30/services/840689ee-f276-49d7-8c37-e5eba72451ed/partitions/2da1839a-7603-4e4a-b687-03da4bad352a/replicas/132892017064111752s, RequestStats: \\\\r\\\\nRequestStartTime: 2022-02-15T07:19:31.2569111Z, RequestEndTime: 2022-02-15T07:19:31.2569111Z,  Number of regions attempted:1\\\\r\\\\n{\\\\\\\"systemHistory\\\\\\\":[{\\\\\\\"dateUtc\\\\\\\":\\\\\\\"2022-02-15T07:18:41.1265334Z\\\\\\\",\\\\\\\"cpu\\\\\\\":1.203,\\\\\\\"memory\\\\\\\":471384428.000,\\\\\\\"threadInfo\\\\\\\":{\\\\\\\"isThreadStarving\\\\\\\":\\\\\\\"False\\\\\\\",\\\\\\\"threadWaitIntervalInMs\\\\\\\":0.0109,\\\\\\\"availableThreads\\\\\\\":32763,\\\\\\\"minThreads\\\\\\\":52,\\\\\\\"maxThreads\\\\\\\":32767}},{\\\\\\\"dateUtc\\\\\\\":\\\\\\\"2022-02-15T07:18:51.1366680Z\\\\\\\",\\\\\\\"cpu\\\\\\\":0.690,\\\\\\\"memory\\\\\\\":470933924.000,\\\\\\\"threadInfo\\\\\\\":{\\\\\\\"isThreadStarving\\\\\\\":\\\\\\\"False\\\\\\\",\\\\\\\"threadWaitIntervalInMs\\\\\\\":0.0172,\\\\\\\"availableThreads\\\\\\\":32765,\\\\\\\"minThreads\\\\\\\":52,\\\\\\\"maxThreads\\\\\\\":32767}},{\\\\\\\"dateUtc\\\\\\\":\\\\\\\"2022-02-15T07:19:01.1567256Z\\\\\\\",\\\\\\\"cpu\\\\\\\":0.925,\\\\\\\"memory\\\\\\\":470729836.000,\\\\\\\"threadInfo\\\\\\\":{\\\\\\\"isThreadStarving\\\\\\\":\\\\\\\"False\\\\\\\",\\\\\\\"threadWaitIntervalInMs\\\\\\\":0.0159,\\\\\\\"availableThreads\\\\\\\":32763,\\\\\\\"minThreads\\\\\\\":52,\\\\\\\"maxThreads\\\\\\\":32767}},{\\\\\\\"dateUtc\\\\\\\":\\\\\\\"2022-02-15T07:19:11.1667317Z\\\\\\\",\\\\\\\"cpu\\\\\\\":1.383,\\\\\\\"memory\\\\\\\":469872508.000,\\\\\\\"threadInfo\\\\\\\":{\\\\\\\"isThreadStarving\\\\\\\":\\\\\\\"False\\\\\\\",\\\\\\\"threadWaitIntervalInMs\\\\\\\":0.0232,\\\\\\\"availableThreads\\\\\\\":32765,\\\\\\\"minThreads\\\\\\\":52,\\\\\\\"maxThreads\\\\\\\":32767}},{\\\\\\\"dateUtc\\\\\\\":\\\\\\\"2022-02-15T07:19:21.1767979Z\\\\\\\",\\\\\\\"cpu\\\\\\\":0.780,\\\\\\\"memory\\\\\\\":469327428.000,\\\\\\\"threadInfo\\\\\\\":{\\\\\\\"isThreadStarving\\\\\\\":\\\\\\\"False\\\\\\\",\\\\\\\"threadWaitIntervalInMs\\\\\\\":0.0097,\\\\\\\"availableThreads\\\\\\\":32764,\\\\\\\"minThreads\\\\\\\":52,\\\\\\\"maxThreads\\\\\\\":32767}},{\\\\\\\"dateUtc\\\\\\\":\\\\\\\"2022-02-15T07:19:31.1869033Z\\\\\\\",\\\\\\\"cpu\\\\\\\":0.886,\\\\\\\"memory\\\\\\\":468857040.000,\\\\\\\"threadInfo\\\\\\\":{\\\\\\\"isThreadStarving\\\\\\\":\\\\\\\"False\\\\\\\",\\\\\\\"threadWaitIntervalInMs\\\\\\\":0.0132,\\\\\\\"availableThreads\\\\\\\":32762,\\\\\\\"minThreads\\\\\\\":52,\\\\\\\"maxThreads\\\\\\\":32767}}]}\\\\r\\\\nRequestStart: 2022-02-15T07:19:31.2569111Z; ResponseTime: 2022-02-15T07:19:31.2569111Z; StoreResult: StorePhysicalAddress: rntbd://10.0.0.24:11000/apps/cdea7129-c8bc-4a75-ab5c-98cdeb77ce30/services/840689ee-f276-49d7-8c37-e5eba72451ed/partitions/2da1839a-7603-4e4a-b687-03da4bad352a/replicas/132892017064111752s, LSN: 9, GlobalCommittedLsn: 9, PartitionKeyRangeId: , IsValid: True, StatusCode: 404, SubStatusCode: 0, RequestCharge: 1, ItemLSN: -1, SessionToken: -1#9, UsingLocalLSN: False, TransportException: null, BELatencyMs: 0.254, ActivityId: e07bd39a-b4bb-45d6-846a-aa43496da5bd, RetryAfterInMs: , TransportRequestTimeline: {\\\\\\\"requestTimeline\\\\\\\":[{\\\\\\\"event\\\\\\\": \\\\\\\"Created\\\\\\\", \\\\\\\"startTimeUtc\\\\\\\": \\\\\\\"2022-02-15T07:19:31.2569111Z\\\\\\\", \\\\\\\"durationInMs\\\\\\\": 0.02},{\\\\\\\"event\\\\\\\": \\\\\\\"ChannelAcquisitionStarted\\\\\\\", \\\\\\\"startTimeUtc\\\\\\\": \\\\\\\"2022-02-15T07:19:31.2569311Z\\\\\\\", \\\\\\\"durationInMs\\\\\\\": 0.0054},{\\\\\\\"event\\\\\\\": \\\\\\\"Pipelined\\\\\\\", \\\\\\\"startTimeUtc\\\\\\\": \\\\\\\"2022-02-15T07:19:31.2569365Z\\\\\\\", \\\\\\\"durationInMs\\\\\\\": 0.2394},{\\\\\\\"event\\\\\\\": \\\\\\\"Transit Time\\\\\\\", \\\\\\\"startTimeUtc\\\\\\\": \\\\\\\"2022-02-15T07:19:31.2571759Z\\\\\\\", \\\\\\\"durationInMs\\\\\\\": 0.4859},{\\\\\\\"event\\\\\\\": \\\\\\\"Received\\\\\\\", \\\\\\\"startTimeUtc\\\\\\\": \\\\\\\"2022-02-15T07:19:31.2576618Z\\\\\\\", \\\\\\\"durationInMs\\\\\\\": 0.083},{\\\\\\\"event\\\\\\\": \\\\\\\"Completed\\\\\\\", \\\\\\\"startTimeUtc\\\\\\\": \\\\\\\"2022-02-15T07:19:31.2577448Z\\\\\\\", \\\\\\\"durationInMs\\\\\\\": 0}],\\\\\\\"requestSizeInBytes\\\\\\\":458,\\\\\\\"responseMetadataSizeInBytes\\\\\\\":134,\\\\\\\"responseBodySizeInBytes\\\\\\\":87};\\\\r\\\\n ResourceType: Database, OperationType: Read\\\\r\\\\nRequestStart: 2022-02-15T07:19:31.2569111Z; ResponseTime: 2022-02-15T07:19:31.2569111Z; StoreResult: StorePhysicalAddress: rntbd://10.0.0.23:11000/apps/cdea7129-c8bc-4a75-ab5c-98cdeb77ce30/services/840689ee-f276-49d7-8c37-e5eba72451ed/partitions/2da1839a-7603-4e4a-b687-03da4bad352a/replicas/132892017064111751s, LSN: 9, GlobalCommittedLsn: 9, PartitionKeyRangeId: , IsValid: True, StatusCode: 404, SubStatusCode: 0, RequestCharge: 1, ItemLSN: -1, SessionToken: -1#9, UsingLocalLSN: False, TransportException: null, BELatencyMs: 0.266, ActivityId: e07bd39a-b4bb-45d6-846a-aa43496da5bd, RetryAfterInMs: , TransportRequestTimeline: {\\\\\\\"requestTimeline\\\\\\\":[{\\\\\\\"event\\\\\\\": \\\\\\\"Created\\\\\\\", \\\\\\\"startTimeUtc\\\\\\\": \\\\\\\"2022-02-15T07:19:31.2569111Z\\\\\\\", \\\\\\\"durationInMs\\\\\\\": 0.0056},{\\\\\\\"event\\\\\\\": \\\\\\\"ChannelAcquisitionStarted\\\\\\\", \\\\\\\"startTimeUtc\\\\\\\": \\\\\\\"2022-02-15T07:19:31.2569167Z\\\\\\\", \\\\\\\"durationInMs\\\\\\\": 0.002},{\\\\\\\"event\\\\\\\": \\\\\\\"Pipelined\\\\\\\", \\\\\\\"startTimeUtc\\\\\\\": \\\\\\\"2022-02-15T07:19:31.2569187Z\\\\\\\", \\\\\\\"durationInMs\\\\\\\": 0.1711},{\\\\\\\"event\\\\\\\": \\\\\\\"Transit Time\\\\\\\", \\\\\\\"startTimeUtc\\\\\\\": \\\\\\\"2022-02-15T07:19:31.2570898Z\\\\\\\", \\\\\\\"durationInMs\\\\\\\": 0.9035},{\\\\\\\"event\\\\\\\": \\\\\\\"Received\\\\\\\", \\\\\\\"startTimeUtc\\\\\\\": \\\\\\\"2022-02-15T07:19:31.2579933Z\\\\\\\", \\\\\\\"durationInMs\\\\\\\": 0.026},{\\\\\\\"event\\\\\\\": \\\\\\\"Completed\\\\\\\", \\\\\\\"startTimeUtc\\\\\\\": \\\\\\\"2022-02-15T07:19:31.2580193Z\\\\\\\", \\\\\\\"durationInMs\\\\\\\": 0}],\\\\\\\"requestSizeInBytes\\\\\\\":458,\\\\\\\"responseMetadataSizeInBytes\\\\\\\":134,\\\\\\\"responseBodySizeInBytes\\\\\\\":87};\\\\r\\\\n ResourceType: Database, OperationType: Read\\\\r\\\\n, SDK: Microsoft.Azure.Documents.Common/2.14.0\\\"}, Request URI: /dbs/keyspace2, RequestStats: , SDK: Microsoft.Azure.Documents.Common/2.14.0\"\r\n}",
      "StatusCode": 404
    },
    {
      "RequestUri": "/subscriptions/259fbb24-9bcd-4cfc-865c-fc33b22fe38a/resourceGroups/CosmosDBResourceGroup49/providers/Microsoft.DocumentDB/databaseAccounts/cassandra-db2749/cassandraKeyspaces/keyspace1/tables/table2?api-version=2021-11-15-preview",
      "EncodedRequestUri": "L3N1YnNjcmlwdGlvbnMvMjU5ZmJiMjQtOWJjZC00Y2ZjLTg2NWMtZmMzM2IyMmZlMzhhL3Jlc291cmNlR3JvdXBzL0Nvc21vc0RCUmVzb3VyY2VHcm91cDQ5L3Byb3ZpZGVycy9NaWNyb3NvZnQuRG9jdW1lbnREQi9kYXRhYmFzZUFjY291bnRzL2Nhc3NhbmRyYS1kYjI3NDkvY2Fzc2FuZHJhS2V5c3BhY2VzL2tleXNwYWNlMS90YWJsZXMvdGFibGUyP2FwaS12ZXJzaW9uPTIwMjEtMTEtMTUtcHJldmlldw==",
      "RequestMethod": "GET",
      "RequestBody": "",
      "RequestHeaders": {
        "x-ms-client-request-id": [
          "aa7f2b28-dc09-42a3-aa0d-6e2fa71390ad"
        ],
        "Accept-Language": [
          "en-US"
        ],
        "User-Agent": [
          "FxVersion/4.6.28207.03",
          "OSName/Windows",
          "OSVersion/Microsoft.Windows.10.0.19044.",
          "Microsoft.Azure.Management.CosmosDB.CosmosDBManagementClient/3.4.0.0"
        ]
      },
      "ResponseHeaders": {
        "Cache-Control": [
          "no-store, no-cache"
        ],
        "Pragma": [
          "no-cache"
        ],
        "Strict-Transport-Security": [
          "max-age=31536000; includeSubDomains"
        ],
        "x-ms-gatewayversion": [
          "version=2.14.0"
        ],
        "Server": [
          "Microsoft-HTTPAPI/2.0"
        ],
        "x-ms-ratelimit-remaining-subscription-reads": [
          "11978"
        ],
        "x-ms-request-id": [
          "de547315-ab3a-46af-96cd-a9352655bcfc"
        ],
        "x-ms-correlation-request-id": [
          "de547315-ab3a-46af-96cd-a9352655bcfc"
        ],
        "x-ms-routing-request-id": [
          "WESTUS2:20220215T071931Z:de547315-ab3a-46af-96cd-a9352655bcfc"
        ],
        "X-Content-Type-Options": [
          "nosniff"
        ],
        "Date": [
          "Tue, 15 Feb 2022 07:19:30 GMT"
        ],
        "Content-Length": [
          "5597"
        ],
        "Content-Type": [
          "application/json"
        ]
      },
      "ResponseBody": "{\r\n  \"code\": \"NotFound\",\r\n  \"message\": \"Message: {\\\"code\\\":\\\"NotFound\\\",\\\"message\\\":\\\"Message: {\\\\\\\"Errors\\\\\\\":[\\\\\\\"Resource Not Found. Learn more: https:\\\\\\\\/\\\\\\\\/aka.ms\\\\\\\\/cosmosdb-tsg-not-found\\\\\\\"]}\\\\r\\\\nActivityId: aa7f2b28-dc09-42a3-aa0d-6e2fa71390ad, Request URI: /apps/cdea7129-c8bc-4a75-ab5c-98cdeb77ce30/services/840689ee-f276-49d7-8c37-e5eba72451ed/partitions/2da1839a-7603-4e4a-b687-03da4bad352a/replicas/132892017064111751s, RequestStats: \\\\r\\\\nRequestStartTime: 2022-02-15T07:19:31.4168549Z, RequestEndTime: 2022-02-15T07:19:31.4168549Z,  Number of regions attempted:1\\\\r\\\\n{\\\\\\\"systemHistory\\\\\\\":[{\\\\\\\"dateUtc\\\\\\\":\\\\\\\"2022-02-15T07:18:41.1265334Z\\\\\\\",\\\\\\\"cpu\\\\\\\":1.203,\\\\\\\"memory\\\\\\\":471384428.000,\\\\\\\"threadInfo\\\\\\\":{\\\\\\\"isThreadStarving\\\\\\\":\\\\\\\"False\\\\\\\",\\\\\\\"threadWaitIntervalInMs\\\\\\\":0.0109,\\\\\\\"availableThreads\\\\\\\":32763,\\\\\\\"minThreads\\\\\\\":52,\\\\\\\"maxThreads\\\\\\\":32767}},{\\\\\\\"dateUtc\\\\\\\":\\\\\\\"2022-02-15T07:18:51.1366680Z\\\\\\\",\\\\\\\"cpu\\\\\\\":0.690,\\\\\\\"memory\\\\\\\":470933924.000,\\\\\\\"threadInfo\\\\\\\":{\\\\\\\"isThreadStarving\\\\\\\":\\\\\\\"False\\\\\\\",\\\\\\\"threadWaitIntervalInMs\\\\\\\":0.0172,\\\\\\\"availableThreads\\\\\\\":32765,\\\\\\\"minThreads\\\\\\\":52,\\\\\\\"maxThreads\\\\\\\":32767}},{\\\\\\\"dateUtc\\\\\\\":\\\\\\\"2022-02-15T07:19:01.1567256Z\\\\\\\",\\\\\\\"cpu\\\\\\\":0.925,\\\\\\\"memory\\\\\\\":470729836.000,\\\\\\\"threadInfo\\\\\\\":{\\\\\\\"isThreadStarving\\\\\\\":\\\\\\\"False\\\\\\\",\\\\\\\"threadWaitIntervalInMs\\\\\\\":0.0159,\\\\\\\"availableThreads\\\\\\\":32763,\\\\\\\"minThreads\\\\\\\":52,\\\\\\\"maxThreads\\\\\\\":32767}},{\\\\\\\"dateUtc\\\\\\\":\\\\\\\"2022-02-15T07:19:11.1667317Z\\\\\\\",\\\\\\\"cpu\\\\\\\":1.383,\\\\\\\"memory\\\\\\\":469872508.000,\\\\\\\"threadInfo\\\\\\\":{\\\\\\\"isThreadStarving\\\\\\\":\\\\\\\"False\\\\\\\",\\\\\\\"threadWaitIntervalInMs\\\\\\\":0.0232,\\\\\\\"availableThreads\\\\\\\":32765,\\\\\\\"minThreads\\\\\\\":52,\\\\\\\"maxThreads\\\\\\\":32767}},{\\\\\\\"dateUtc\\\\\\\":\\\\\\\"2022-02-15T07:19:21.1767979Z\\\\\\\",\\\\\\\"cpu\\\\\\\":0.780,\\\\\\\"memory\\\\\\\":469327428.000,\\\\\\\"threadInfo\\\\\\\":{\\\\\\\"isThreadStarving\\\\\\\":\\\\\\\"False\\\\\\\",\\\\\\\"threadWaitIntervalInMs\\\\\\\":0.0097,\\\\\\\"availableThreads\\\\\\\":32764,\\\\\\\"minThreads\\\\\\\":52,\\\\\\\"maxThreads\\\\\\\":32767}},{\\\\\\\"dateUtc\\\\\\\":\\\\\\\"2022-02-15T07:19:31.1869033Z\\\\\\\",\\\\\\\"cpu\\\\\\\":0.886,\\\\\\\"memory\\\\\\\":468857040.000,\\\\\\\"threadInfo\\\\\\\":{\\\\\\\"isThreadStarving\\\\\\\":\\\\\\\"False\\\\\\\",\\\\\\\"threadWaitIntervalInMs\\\\\\\":0.0132,\\\\\\\"availableThreads\\\\\\\":32762,\\\\\\\"minThreads\\\\\\\":52,\\\\\\\"maxThreads\\\\\\\":32767}}]}\\\\r\\\\nRequestStart: 2022-02-15T07:19:31.4168549Z; ResponseTime: 2022-02-15T07:19:31.4168549Z; StoreResult: StorePhysicalAddress: rntbd://10.0.0.23:11000/apps/cdea7129-c8bc-4a75-ab5c-98cdeb77ce30/services/840689ee-f276-49d7-8c37-e5eba72451ed/partitions/2da1839a-7603-4e4a-b687-03da4bad352a/replicas/132892017064111751s, LSN: 9, GlobalCommittedLsn: 9, PartitionKeyRangeId: , IsValid: True, StatusCode: 404, SubStatusCode: 0, RequestCharge: 1, ItemLSN: -1, SessionToken: -1#9, UsingLocalLSN: False, TransportException: null, BELatencyMs: 0.283, ActivityId: aa7f2b28-dc09-42a3-aa0d-6e2fa71390ad, RetryAfterInMs: , TransportRequestTimeline: {\\\\\\\"requestTimeline\\\\\\\":[{\\\\\\\"event\\\\\\\": \\\\\\\"Created\\\\\\\", \\\\\\\"startTimeUtc\\\\\\\": \\\\\\\"2022-02-15T07:19:31.4168549Z\\\\\\\", \\\\\\\"durationInMs\\\\\\\": 0.0193},{\\\\\\\"event\\\\\\\": \\\\\\\"ChannelAcquisitionStarted\\\\\\\", \\\\\\\"startTimeUtc\\\\\\\": \\\\\\\"2022-02-15T07:19:31.4168742Z\\\\\\\", \\\\\\\"durationInMs\\\\\\\": 0.0033},{\\\\\\\"event\\\\\\\": \\\\\\\"Pipelined\\\\\\\", \\\\\\\"startTimeUtc\\\\\\\": \\\\\\\"2022-02-15T07:19:31.4168775Z\\\\\\\", \\\\\\\"durationInMs\\\\\\\": 0.2448},{\\\\\\\"event\\\\\\\": \\\\\\\"Transit Time\\\\\\\", \\\\\\\"startTimeUtc\\\\\\\": \\\\\\\"2022-02-15T07:19:31.4171223Z\\\\\\\", \\\\\\\"durationInMs\\\\\\\": 1.5735},{\\\\\\\"event\\\\\\\": \\\\\\\"Received\\\\\\\", \\\\\\\"startTimeUtc\\\\\\\": \\\\\\\"2022-02-15T07:19:31.4186958Z\\\\\\\", \\\\\\\"durationInMs\\\\\\\": 0.103},{\\\\\\\"event\\\\\\\": \\\\\\\"Completed\\\\\\\", \\\\\\\"startTimeUtc\\\\\\\": \\\\\\\"2022-02-15T07:19:31.4187988Z\\\\\\\", \\\\\\\"durationInMs\\\\\\\": 0}],\\\\\\\"requestSizeInBytes\\\\\\\":479,\\\\\\\"responseMetadataSizeInBytes\\\\\\\":134,\\\\\\\"responseBodySizeInBytes\\\\\\\":87};\\\\r\\\\n ResourceType: Collection, OperationType: Read\\\\r\\\\nRequestStart: 2022-02-15T07:19:31.4168549Z; ResponseTime: 2022-02-15T07:19:31.4168549Z; StoreResult: StorePhysicalAddress: rntbd://10.0.0.19:11000/apps/cdea7129-c8bc-4a75-ab5c-98cdeb77ce30/services/840689ee-f276-49d7-8c37-e5eba72451ed/partitions/2da1839a-7603-4e4a-b687-03da4bad352a/replicas/132892017064111750s, LSN: 9, GlobalCommittedLsn: 9, PartitionKeyRangeId: , IsValid: True, StatusCode: 404, SubStatusCode: 0, RequestCharge: 1, ItemLSN: -1, SessionToken: -1#9, UsingLocalLSN: False, TransportException: null, BELatencyMs: 0.582, ActivityId: aa7f2b28-dc09-42a3-aa0d-6e2fa71390ad, RetryAfterInMs: , TransportRequestTimeline: {\\\\\\\"requestTimeline\\\\\\\":[{\\\\\\\"event\\\\\\\": \\\\\\\"Created\\\\\\\", \\\\\\\"startTimeUtc\\\\\\\": \\\\\\\"2022-02-15T07:19:31.4168549Z\\\\\\\", \\\\\\\"durationInMs\\\\\\\": 0.0055},{\\\\\\\"event\\\\\\\": \\\\\\\"ChannelAcquisitionStarted\\\\\\\", \\\\\\\"startTimeUtc\\\\\\\": \\\\\\\"2022-02-15T07:19:31.4168604Z\\\\\\\", \\\\\\\"durationInMs\\\\\\\": 0.0018},{\\\\\\\"event\\\\\\\": \\\\\\\"Pipelined\\\\\\\", \\\\\\\"startTimeUtc\\\\\\\": \\\\\\\"2022-02-15T07:19:31.4168622Z\\\\\\\", \\\\\\\"durationInMs\\\\\\\": 0.2059},{\\\\\\\"event\\\\\\\": \\\\\\\"Transit Time\\\\\\\", \\\\\\\"startTimeUtc\\\\\\\": \\\\\\\"2022-02-15T07:19:31.4170681Z\\\\\\\", \\\\\\\"durationInMs\\\\\\\": 1.3302},{\\\\\\\"event\\\\\\\": \\\\\\\"Received\\\\\\\", \\\\\\\"startTimeUtc\\\\\\\": \\\\\\\"2022-02-15T07:19:31.4183983Z\\\\\\\", \\\\\\\"durationInMs\\\\\\\": 0.037},{\\\\\\\"event\\\\\\\": \\\\\\\"Completed\\\\\\\", \\\\\\\"startTimeUtc\\\\\\\": \\\\\\\"2022-02-15T07:19:31.4184353Z\\\\\\\", \\\\\\\"durationInMs\\\\\\\": 0}],\\\\\\\"requestSizeInBytes\\\\\\\":479,\\\\\\\"responseMetadataSizeInBytes\\\\\\\":134,\\\\\\\"responseBodySizeInBytes\\\\\\\":87};\\\\r\\\\n ResourceType: Collection, OperationType: Read\\\\r\\\\n, SDK: Microsoft.Azure.Documents.Common/2.14.0\\\"}, Request URI: /dbs/keyspace1/colls/table2, RequestStats: , SDK: Microsoft.Azure.Documents.Common/2.14.0\"\r\n}",
      "StatusCode": 404
    },
    {
      "RequestUri": "/subscriptions/259fbb24-9bcd-4cfc-865c-fc33b22fe38a/providers/Microsoft.DocumentDB/locations/eastus/operationsStatus/d988e324-2dac-4ec2-b9bf-056687e20b0f?api-version=2021-11-15-preview",
      "EncodedRequestUri": "L3N1YnNjcmlwdGlvbnMvMjU5ZmJiMjQtOWJjZC00Y2ZjLTg2NWMtZmMzM2IyMmZlMzhhL3Byb3ZpZGVycy9NaWNyb3NvZnQuRG9jdW1lbnREQi9sb2NhdGlvbnMvZWFzdHVzL29wZXJhdGlvbnNTdGF0dXMvZDk4OGUzMjQtMmRhYy00ZWMyLWI5YmYtMDU2Njg3ZTIwYjBmP2FwaS12ZXJzaW9uPTIwMjEtMTEtMTUtcHJldmlldw==",
      "RequestMethod": "GET",
      "RequestBody": "",
      "RequestHeaders": {
        "x-ms-client-request-id": [
          "9dfeedec-b247-46cf-a094-0111be277e23"
        ],
        "User-Agent": [
          "FxVersion/4.6.28207.03",
          "OSName/Windows",
          "OSVersion/Microsoft.Windows.10.0.19044.",
          "Microsoft.Azure.Management.CosmosDB.CosmosDBManagementClient/3.4.0.0"
        ]
      },
      "ResponseHeaders": {
        "Cache-Control": [
          "no-store, no-cache"
        ],
        "Pragma": [
          "no-cache"
        ],
        "Strict-Transport-Security": [
          "max-age=31536000; includeSubDomains"
        ],
        "x-ms-gatewayversion": [
          "version=2.14.0"
        ],
        "Server": [
          "Microsoft-HTTPAPI/2.0"
        ],
        "x-ms-ratelimit-remaining-subscription-reads": [
          "11976"
        ],
        "x-ms-request-id": [
          "67fcdb6d-6b01-4eef-bf74-1b872ddf5cf0"
        ],
        "x-ms-correlation-request-id": [
          "67fcdb6d-6b01-4eef-bf74-1b872ddf5cf0"
        ],
        "x-ms-routing-request-id": [
          "WESTUS2:20220215T072002Z:67fcdb6d-6b01-4eef-bf74-1b872ddf5cf0"
        ],
        "X-Content-Type-Options": [
          "nosniff"
        ],
        "Date": [
          "Tue, 15 Feb 2022 07:20:01 GMT"
        ],
        "Content-Length": [
          "22"
        ],
        "Content-Type": [
          "application/json"
        ]
      },
      "ResponseBody": "{\r\n  \"status\": \"Succeeded\"\r\n}",
      "StatusCode": 200
    },
    {
      "RequestUri": "/subscriptions/259fbb24-9bcd-4cfc-865c-fc33b22fe38a/resourceGroups/CosmosDBResourceGroup49/providers/Microsoft.DocumentDB/databaseAccounts/cassandra-db2749/cassandraKeyspaces/keyspace1/throughputSettings/default?api-version=2021-11-15-preview",
      "EncodedRequestUri": "L3N1YnNjcmlwdGlvbnMvMjU5ZmJiMjQtOWJjZC00Y2ZjLTg2NWMtZmMzM2IyMmZlMzhhL3Jlc291cmNlR3JvdXBzL0Nvc21vc0RCUmVzb3VyY2VHcm91cDQ5L3Byb3ZpZGVycy9NaWNyb3NvZnQuRG9jdW1lbnREQi9kYXRhYmFzZUFjY291bnRzL2Nhc3NhbmRyYS1kYjI3NDkvY2Fzc2FuZHJhS2V5c3BhY2VzL2tleXNwYWNlMS90aHJvdWdocHV0U2V0dGluZ3MvZGVmYXVsdD9hcGktdmVyc2lvbj0yMDIxLTExLTE1LXByZXZpZXc=",
      "RequestMethod": "GET",
      "RequestBody": "",
      "RequestHeaders": {
        "x-ms-client-request-id": [
          "fa93b8f7-93d3-4e67-a06a-7a3d8091ff46"
        ],
        "Accept-Language": [
          "en-US"
        ],
        "User-Agent": [
          "FxVersion/4.6.28207.03",
          "OSName/Windows",
          "OSVersion/Microsoft.Windows.10.0.19044.",
          "Microsoft.Azure.Management.CosmosDB.CosmosDBManagementClient/3.4.0.0"
        ]
      },
      "ResponseHeaders": {
        "Cache-Control": [
          "no-store, no-cache"
        ],
        "Pragma": [
          "no-cache"
        ],
        "Strict-Transport-Security": [
          "max-age=31536000; includeSubDomains"
        ],
        "x-ms-gatewayversion": [
          "version=2.14.0"
        ],
        "Server": [
          "Microsoft-HTTPAPI/2.0"
        ],
        "x-ms-ratelimit-remaining-subscription-reads": [
          "11974"
        ],
        "x-ms-request-id": [
          "696ff2c2-bc28-4557-a634-b95967a1b9e8"
        ],
        "x-ms-correlation-request-id": [
          "696ff2c2-bc28-4557-a634-b95967a1b9e8"
        ],
        "x-ms-routing-request-id": [
          "WESTUS2:20220215T072002Z:696ff2c2-bc28-4557-a634-b95967a1b9e8"
        ],
        "X-Content-Type-Options": [
          "nosniff"
        ],
        "Date": [
          "Tue, 15 Feb 2022 07:20:01 GMT"
        ],
        "Content-Length": [
          "390"
        ],
        "Content-Type": [
          "application/json"
        ]
      },
      "ResponseBody": "{\r\n  \"id\": \"/subscriptions/259fbb24-9bcd-4cfc-865c-fc33b22fe38a/resourceGroups/CosmosDBResourceGroup49/providers/Microsoft.DocumentDB/databaseAccounts/cassandra-db2749/cassandraKeyspaces/keyspace1/throughputSettings/default\",\r\n  \"type\": \"Microsoft.DocumentDB/databaseAccounts/cassandraKeyspaces/throughputSettings\",\r\n  \"name\": \"NCF7\",\r\n  \"properties\": {\r\n    \"resource\": {\r\n      \"throughput\": 600,\r\n      \"minimumThroughput\": \"400\"\r\n    }\r\n  }\r\n}",
      "StatusCode": 200
    },
    {
      "RequestUri": "/subscriptions/259fbb24-9bcd-4cfc-865c-fc33b22fe38a/providers/Microsoft.DocumentDB/locations/eastus/operationsStatus/a74d2781-43a8-40c8-b8fe-8fd1eda3dd79?api-version=2021-11-15-preview",
      "EncodedRequestUri": "L3N1YnNjcmlwdGlvbnMvMjU5ZmJiMjQtOWJjZC00Y2ZjLTg2NWMtZmMzM2IyMmZlMzhhL3Byb3ZpZGVycy9NaWNyb3NvZnQuRG9jdW1lbnREQi9sb2NhdGlvbnMvZWFzdHVzL29wZXJhdGlvbnNTdGF0dXMvYTc0ZDI3ODEtNDNhOC00MGM4LWI4ZmUtOGZkMWVkYTNkZDc5P2FwaS12ZXJzaW9uPTIwMjEtMTEtMTUtcHJldmlldw==",
      "RequestMethod": "GET",
      "RequestBody": "",
      "RequestHeaders": {
        "x-ms-client-request-id": [
          "75d0f2cf-f509-4896-b29e-1474ae89ccac"
        ],
        "User-Agent": [
          "FxVersion/4.6.28207.03",
          "OSName/Windows",
          "OSVersion/Microsoft.Windows.10.0.19044.",
          "Microsoft.Azure.Management.CosmosDB.CosmosDBManagementClient/3.4.0.0"
        ]
      },
      "ResponseHeaders": {
        "Cache-Control": [
          "no-store, no-cache"
        ],
        "Pragma": [
          "no-cache"
        ],
        "Strict-Transport-Security": [
          "max-age=31536000; includeSubDomains"
        ],
        "x-ms-gatewayversion": [
          "version=2.14.0"
        ],
        "Server": [
          "Microsoft-HTTPAPI/2.0"
        ],
        "x-ms-ratelimit-remaining-subscription-reads": [
          "11972"
        ],
        "x-ms-request-id": [
          "3924bc25-529c-4ebc-87b7-c1da97b14a89"
        ],
        "x-ms-correlation-request-id": [
          "3924bc25-529c-4ebc-87b7-c1da97b14a89"
        ],
        "x-ms-routing-request-id": [
          "WESTUS2:20220215T072033Z:3924bc25-529c-4ebc-87b7-c1da97b14a89"
        ],
        "X-Content-Type-Options": [
          "nosniff"
        ],
        "Date": [
          "Tue, 15 Feb 2022 07:20:33 GMT"
        ],
        "Content-Length": [
          "22"
        ],
        "Content-Type": [
          "application/json"
        ]
      },
      "ResponseBody": "{\r\n  \"status\": \"Succeeded\"\r\n}",
      "StatusCode": 200
    },
    {
      "RequestUri": "/subscriptions/259fbb24-9bcd-4cfc-865c-fc33b22fe38a/resourceGroups/CosmosDBResourceGroup49/providers/Microsoft.DocumentDB/databaseAccounts/cassandra-db2749/cassandraKeyspaces/keyspace1/tables?api-version=2021-11-15-preview",
      "EncodedRequestUri": "L3N1YnNjcmlwdGlvbnMvMjU5ZmJiMjQtOWJjZC00Y2ZjLTg2NWMtZmMzM2IyMmZlMzhhL3Jlc291cmNlR3JvdXBzL0Nvc21vc0RCUmVzb3VyY2VHcm91cDQ5L3Byb3ZpZGVycy9NaWNyb3NvZnQuRG9jdW1lbnREQi9kYXRhYmFzZUFjY291bnRzL2Nhc3NhbmRyYS1kYjI3NDkvY2Fzc2FuZHJhS2V5c3BhY2VzL2tleXNwYWNlMS90YWJsZXM/YXBpLXZlcnNpb249MjAyMS0xMS0xNS1wcmV2aWV3",
      "RequestMethod": "GET",
      "RequestBody": "",
      "RequestHeaders": {
        "x-ms-client-request-id": [
          "8f281620-87e4-43dc-ab0b-e22944d7a245"
        ],
        "Accept-Language": [
          "en-US"
        ],
        "User-Agent": [
          "FxVersion/4.6.28207.03",
          "OSName/Windows",
          "OSVersion/Microsoft.Windows.10.0.19044.",
          "Microsoft.Azure.Management.CosmosDB.CosmosDBManagementClient/3.4.0.0"
        ]
      },
      "ResponseHeaders": {
        "Cache-Control": [
          "no-store, no-cache"
        ],
        "Pragma": [
          "no-cache"
        ],
        "Strict-Transport-Security": [
          "max-age=31536000; includeSubDomains"
        ],
        "x-ms-gatewayversion": [
          "version=2.14.0"
        ],
        "Server": [
          "Microsoft-HTTPAPI/2.0"
        ],
        "x-ms-ratelimit-remaining-subscription-reads": [
          "11970"
        ],
        "x-ms-request-id": [
          "93e959c9-d9bc-4884-a29f-8c7b274a0402"
        ],
        "x-ms-correlation-request-id": [
          "93e959c9-d9bc-4884-a29f-8c7b274a0402"
        ],
        "x-ms-routing-request-id": [
          "WESTUS2:20220215T072033Z:93e959c9-d9bc-4884-a29f-8c7b274a0402"
        ],
        "X-Content-Type-Options": [
          "nosniff"
        ],
        "Date": [
          "Tue, 15 Feb 2022 07:20:33 GMT"
        ],
        "Content-Length": [
          "695"
        ],
        "Content-Type": [
          "application/json"
        ]
      },
      "ResponseBody": "{\r\n  \"value\": [\r\n    {\r\n      \"id\": \"/subscriptions/259fbb24-9bcd-4cfc-865c-fc33b22fe38a/resourceGroups/CosmosDBResourceGroup49/providers/Microsoft.DocumentDB/databaseAccounts/cassandra-db2749/cassandraKeyspaces/keyspace1/tables/table\",\r\n      \"type\": \"Microsoft.DocumentDB/databaseAccounts/cassandraKeyspaces/tables\",\r\n      \"name\": \"table\",\r\n      \"properties\": {\r\n        \"resource\": {\r\n          \"id\": \"table\",\r\n          \"_rid\": \"ElI+AMTC5mQ=\",\r\n          \"_etag\": \"\\\"00006101-0000-0100-0000-620b54280000\\\"\",\r\n          \"_ts\": 1644909608,\r\n          \"defaultTtl\": 0,\r\n          \"schema\": {\r\n            \"columns\": [\r\n              {\r\n                \"name\": \"ColumnA\",\r\n                \"type\": \"int\"\r\n              },\r\n              {\r\n                \"name\": \"ColumnB\",\r\n                \"type\": \"ascii\"\r\n              },\r\n              {\r\n                \"name\": \"ColumnC\",\r\n                \"type\": \"int\"\r\n              },\r\n              {\r\n                \"name\": \"ColumnD\",\r\n                \"type\": \"ascii\"\r\n              }\r\n            ],\r\n            \"partitionKeys\": [\r\n              {\r\n                \"name\": \"ColumnA\"\r\n              }\r\n            ],\r\n            \"clusterKeys\": [\r\n              {\r\n                \"name\": \"ColumnB\",\r\n                \"orderBy\": \"Asc\"\r\n              }\r\n            ]\r\n          }\r\n        }\r\n      }\r\n    }\r\n  ]\r\n}",
      "StatusCode": 200
    },
    {
      "RequestUri": "/subscriptions/259fbb24-9bcd-4cfc-865c-fc33b22fe38a/resourceGroups/CosmosDBResourceGroup49/providers/Microsoft.DocumentDB/databaseAccounts/cassandra-db2749/cassandraKeyspaces?api-version=2021-11-15-preview",
      "EncodedRequestUri": "L3N1YnNjcmlwdGlvbnMvMjU5ZmJiMjQtOWJjZC00Y2ZjLTg2NWMtZmMzM2IyMmZlMzhhL3Jlc291cmNlR3JvdXBzL0Nvc21vc0RCUmVzb3VyY2VHcm91cDQ5L3Byb3ZpZGVycy9NaWNyb3NvZnQuRG9jdW1lbnREQi9kYXRhYmFzZUFjY291bnRzL2Nhc3NhbmRyYS1kYjI3NDkvY2Fzc2FuZHJhS2V5c3BhY2VzP2FwaS12ZXJzaW9uPTIwMjEtMTEtMTUtcHJldmlldw==",
      "RequestMethod": "GET",
      "RequestBody": "",
      "RequestHeaders": {
        "x-ms-client-request-id": [
          "116ec7bb-86ea-445a-906e-d31003471193"
        ],
        "Accept-Language": [
          "en-US"
        ],
        "User-Agent": [
          "FxVersion/4.6.28207.03",
          "OSName/Windows",
          "OSVersion/Microsoft.Windows.10.0.19044.",
          "Microsoft.Azure.Management.CosmosDB.CosmosDBManagementClient/3.4.0.0"
        ]
      },
      "ResponseHeaders": {
        "Cache-Control": [
          "no-store, no-cache"
        ],
        "Pragma": [
          "no-cache"
        ],
        "Strict-Transport-Security": [
          "max-age=31536000; includeSubDomains"
        ],
        "x-ms-gatewayversion": [
          "version=2.14.0"
        ],
        "Server": [
          "Microsoft-HTTPAPI/2.0"
        ],
        "x-ms-ratelimit-remaining-subscription-reads": [
          "11969"
        ],
        "x-ms-request-id": [
          "23b76b1d-48ea-4714-956f-b9c8fe041717"
        ],
        "x-ms-correlation-request-id": [
          "23b76b1d-48ea-4714-956f-b9c8fe041717"
        ],
        "x-ms-routing-request-id": [
          "WESTUS2:20220215T072033Z:23b76b1d-48ea-4714-956f-b9c8fe041717"
        ],
        "X-Content-Type-Options": [
          "nosniff"
        ],
        "Date": [
          "Tue, 15 Feb 2022 07:20:33 GMT"
        ],
        "Content-Length": [
          "421"
        ],
        "Content-Type": [
          "application/json"
        ]
      },
      "ResponseBody": "{\r\n  \"value\": [\r\n    {\r\n      \"id\": \"/subscriptions/259fbb24-9bcd-4cfc-865c-fc33b22fe38a/resourceGroups/CosmosDBResourceGroup49/providers/Microsoft.DocumentDB/databaseAccounts/cassandra-db2749/cassandraKeyspaces/keyspace1\",\r\n      \"type\": \"Microsoft.DocumentDB/databaseAccounts/cassandraKeyspaces\",\r\n      \"name\": \"keyspace1\",\r\n      \"properties\": {\r\n        \"resource\": {\r\n          \"id\": \"keyspace1\",\r\n          \"_rid\": \"ElI+AA==\",\r\n          \"_etag\": \"\\\"00005701-0000-0100-0000-620b53cb0000\\\"\",\r\n          \"_ts\": 1644909515\r\n        }\r\n      }\r\n    }\r\n  ]\r\n}",
      "StatusCode": 200
    },
    {
      "RequestUri": "/subscriptions/259fbb24-9bcd-4cfc-865c-fc33b22fe38a/resourceGroups/CosmosDBResourceGroup49/providers/Microsoft.DocumentDB/databaseAccounts/cassandra-db2749/cassandraKeyspaces/keyspace1/tables/table?api-version=2021-11-15-preview",
      "EncodedRequestUri": "L3N1YnNjcmlwdGlvbnMvMjU5ZmJiMjQtOWJjZC00Y2ZjLTg2NWMtZmMzM2IyMmZlMzhhL3Jlc291cmNlR3JvdXBzL0Nvc21vc0RCUmVzb3VyY2VHcm91cDQ5L3Byb3ZpZGVycy9NaWNyb3NvZnQuRG9jdW1lbnREQi9kYXRhYmFzZUFjY291bnRzL2Nhc3NhbmRyYS1kYjI3NDkvY2Fzc2FuZHJhS2V5c3BhY2VzL2tleXNwYWNlMS90YWJsZXMvdGFibGU/YXBpLXZlcnNpb249MjAyMS0xMS0xNS1wcmV2aWV3",
      "RequestMethod": "DELETE",
      "RequestBody": "",
      "RequestHeaders": {
        "x-ms-client-request-id": [
          "ce1f761c-80db-448e-b775-f981a3d78c66"
        ],
        "Accept-Language": [
          "en-US"
        ],
        "User-Agent": [
          "FxVersion/4.6.28207.03",
          "OSName/Windows",
          "OSVersion/Microsoft.Windows.10.0.19044.",
          "Microsoft.Azure.Management.CosmosDB.CosmosDBManagementClient/3.4.0.0"
        ]
      },
      "ResponseHeaders": {
        "Cache-Control": [
          "no-store, no-cache"
        ],
        "Pragma": [
          "no-cache"
        ],
        "Location": [
          "https://management.azure.com/subscriptions/259fbb24-9bcd-4cfc-865c-fc33b22fe38a/resourceGroups/CosmosDBResourceGroup49/providers/Microsoft.DocumentDB/databaseAccounts/cassandra-db2749/cassandraKeyspaces/keyspace1/tables/table/operationResults/68a4836c-d40b-4cde-8c82-9345bfd86766?api-version=2021-11-15-preview"
        ],
        "Azure-AsyncOperation": [
          "https://management.azure.com/subscriptions/259fbb24-9bcd-4cfc-865c-fc33b22fe38a/providers/Microsoft.DocumentDB/locations/eastus/operationsStatus/68a4836c-d40b-4cde-8c82-9345bfd86766?api-version=2021-11-15-preview"
        ],
        "x-ms-request-id": [
          "68a4836c-d40b-4cde-8c82-9345bfd86766"
        ],
        "Strict-Transport-Security": [
          "max-age=31536000; includeSubDomains"
        ],
        "x-ms-gatewayversion": [
          "version=2.14.0"
        ],
        "Server": [
          "Microsoft-HTTPAPI/2.0"
        ],
        "x-ms-ratelimit-remaining-subscription-deletes": [
          "14999"
        ],
        "x-ms-correlation-request-id": [
          "77176ab0-9545-4f51-82e8-d4efa680f5da"
        ],
        "x-ms-routing-request-id": [
          "WESTUS2:20220215T072034Z:77176ab0-9545-4f51-82e8-d4efa680f5da"
        ],
        "X-Content-Type-Options": [
          "nosniff"
        ],
        "Date": [
          "Tue, 15 Feb 2022 07:20:34 GMT"
        ],
        "Content-Length": [
          "21"
        ],
        "Content-Type": [
          "application/json"
        ]
      },
      "ResponseBody": "{\r\n  \"status\": \"Enqueued\"\r\n}",
      "StatusCode": 202
    },
    {
      "RequestUri": "/subscriptions/259fbb24-9bcd-4cfc-865c-fc33b22fe38a/resourceGroups/CosmosDBResourceGroup49/providers/Microsoft.DocumentDB/databaseAccounts/cassandra-db2749/cassandraKeyspaces/keyspace1/tables/table?api-version=2021-11-15-preview",
      "EncodedRequestUri": "L3N1YnNjcmlwdGlvbnMvMjU5ZmJiMjQtOWJjZC00Y2ZjLTg2NWMtZmMzM2IyMmZlMzhhL3Jlc291cmNlR3JvdXBzL0Nvc21vc0RCUmVzb3VyY2VHcm91cDQ5L3Byb3ZpZGVycy9NaWNyb3NvZnQuRG9jdW1lbnREQi9kYXRhYmFzZUFjY291bnRzL2Nhc3NhbmRyYS1kYjI3NDkvY2Fzc2FuZHJhS2V5c3BhY2VzL2tleXNwYWNlMS90YWJsZXMvdGFibGU/YXBpLXZlcnNpb249MjAyMS0xMS0xNS1wcmV2aWV3",
      "RequestMethod": "DELETE",
      "RequestBody": "",
      "RequestHeaders": {
        "x-ms-client-request-id": [
          "466cd509-4d3a-4364-a524-82c7926737e7"
        ],
        "Accept-Language": [
          "en-US"
        ],
        "User-Agent": [
          "FxVersion/4.6.28207.03",
          "OSName/Windows",
          "OSVersion/Microsoft.Windows.10.0.19044.",
          "Microsoft.Azure.Management.CosmosDB.CosmosDBManagementClient/3.4.0.0"
        ]
      },
      "ResponseHeaders": {
        "Cache-Control": [
          "no-store, no-cache"
        ],
        "Pragma": [
          "no-cache"
        ],
        "Location": [
          "https://management.azure.com/subscriptions/259fbb24-9bcd-4cfc-865c-fc33b22fe38a/resourceGroups/CosmosDBResourceGroup49/providers/Microsoft.DocumentDB/databaseAccounts/cassandra-db2749/cassandraKeyspaces/keyspace1/tables/table/operationResults/bc30e4fc-f289-43af-a290-4eaca1e758e0?api-version=2021-11-15-preview"
        ],
        "Azure-AsyncOperation": [
          "https://management.azure.com/subscriptions/259fbb24-9bcd-4cfc-865c-fc33b22fe38a/providers/Microsoft.DocumentDB/locations/eastus/operationsStatus/bc30e4fc-f289-43af-a290-4eaca1e758e0?api-version=2021-11-15-preview"
        ],
        "x-ms-request-id": [
          "bc30e4fc-f289-43af-a290-4eaca1e758e0"
        ],
        "Strict-Transport-Security": [
          "max-age=31536000; includeSubDomains"
        ],
        "x-ms-gatewayversion": [
          "version=2.14.0"
        ],
        "Server": [
          "Microsoft-HTTPAPI/2.0"
        ],
        "x-ms-ratelimit-remaining-subscription-deletes": [
          "14999"
        ],
        "x-ms-correlation-request-id": [
          "7993f45f-97fd-4725-b3a3-d1ac236a9ba1"
        ],
        "x-ms-routing-request-id": [
          "WESTUS2:20220215T072137Z:7993f45f-97fd-4725-b3a3-d1ac236a9ba1"
        ],
        "X-Content-Type-Options": [
          "nosniff"
        ],
        "Date": [
          "Tue, 15 Feb 2022 07:21:36 GMT"
        ],
        "Content-Length": [
          "21"
        ],
        "Content-Type": [
          "application/json"
        ]
      },
      "ResponseBody": "{\r\n  \"status\": \"Enqueued\"\r\n}",
      "StatusCode": 202
    },
    {
      "RequestUri": "/subscriptions/259fbb24-9bcd-4cfc-865c-fc33b22fe38a/providers/Microsoft.DocumentDB/locations/eastus/operationsStatus/68a4836c-d40b-4cde-8c82-9345bfd86766?api-version=2021-11-15-preview",
      "EncodedRequestUri": "L3N1YnNjcmlwdGlvbnMvMjU5ZmJiMjQtOWJjZC00Y2ZjLTg2NWMtZmMzM2IyMmZlMzhhL3Byb3ZpZGVycy9NaWNyb3NvZnQuRG9jdW1lbnREQi9sb2NhdGlvbnMvZWFzdHVzL29wZXJhdGlvbnNTdGF0dXMvNjhhNDgzNmMtZDQwYi00Y2RlLThjODItOTM0NWJmZDg2NzY2P2FwaS12ZXJzaW9uPTIwMjEtMTEtMTUtcHJldmlldw==",
      "RequestMethod": "GET",
      "RequestBody": "",
      "RequestHeaders": {
        "x-ms-client-request-id": [
          "ce1f761c-80db-448e-b775-f981a3d78c66"
        ],
        "User-Agent": [
          "FxVersion/4.6.28207.03",
          "OSName/Windows",
          "OSVersion/Microsoft.Windows.10.0.19044.",
          "Microsoft.Azure.Management.CosmosDB.CosmosDBManagementClient/3.4.0.0"
        ]
      },
      "ResponseHeaders": {
        "Cache-Control": [
          "no-store, no-cache"
        ],
        "Pragma": [
          "no-cache"
        ],
        "Strict-Transport-Security": [
          "max-age=31536000; includeSubDomains"
        ],
        "x-ms-gatewayversion": [
          "version=2.14.0"
        ],
        "Server": [
          "Microsoft-HTTPAPI/2.0"
        ],
        "x-ms-ratelimit-remaining-subscription-reads": [
          "11968"
        ],
        "x-ms-request-id": [
          "efa3c7e4-d500-4232-af46-0aef395c4777"
        ],
        "x-ms-correlation-request-id": [
          "efa3c7e4-d500-4232-af46-0aef395c4777"
        ],
        "x-ms-routing-request-id": [
          "WESTUS2:20220215T072104Z:efa3c7e4-d500-4232-af46-0aef395c4777"
        ],
        "X-Content-Type-Options": [
          "nosniff"
        ],
        "Date": [
          "Tue, 15 Feb 2022 07:21:03 GMT"
        ],
        "Content-Length": [
          "22"
        ],
        "Content-Type": [
          "application/json"
        ]
      },
      "ResponseBody": "{\r\n  \"status\": \"Succeeded\"\r\n}",
      "StatusCode": 200
    },
    {
      "RequestUri": "/subscriptions/259fbb24-9bcd-4cfc-865c-fc33b22fe38a/resourceGroups/CosmosDBResourceGroup49/providers/Microsoft.DocumentDB/databaseAccounts/cassandra-db2749/cassandraKeyspaces/keyspace1/tables/table/operationResults/68a4836c-d40b-4cde-8c82-9345bfd86766?api-version=2021-11-15-preview",
      "EncodedRequestUri": "L3N1YnNjcmlwdGlvbnMvMjU5ZmJiMjQtOWJjZC00Y2ZjLTg2NWMtZmMzM2IyMmZlMzhhL3Jlc291cmNlR3JvdXBzL0Nvc21vc0RCUmVzb3VyY2VHcm91cDQ5L3Byb3ZpZGVycy9NaWNyb3NvZnQuRG9jdW1lbnREQi9kYXRhYmFzZUFjY291bnRzL2Nhc3NhbmRyYS1kYjI3NDkvY2Fzc2FuZHJhS2V5c3BhY2VzL2tleXNwYWNlMS90YWJsZXMvdGFibGUvb3BlcmF0aW9uUmVzdWx0cy82OGE0ODM2Yy1kNDBiLTRjZGUtOGM4Mi05MzQ1YmZkODY3NjY/YXBpLXZlcnNpb249MjAyMS0xMS0xNS1wcmV2aWV3",
      "RequestMethod": "GET",
      "RequestBody": "",
      "RequestHeaders": {
        "x-ms-client-request-id": [
          "ce1f761c-80db-448e-b775-f981a3d78c66"
        ],
        "User-Agent": [
          "FxVersion/4.6.28207.03",
          "OSName/Windows",
          "OSVersion/Microsoft.Windows.10.0.19044.",
          "Microsoft.Azure.Management.CosmosDB.CosmosDBManagementClient/3.4.0.0"
        ]
      },
      "ResponseHeaders": {
        "Cache-Control": [
          "no-store, no-cache"
        ],
        "Pragma": [
          "no-cache"
        ],
        "Strict-Transport-Security": [
          "max-age=31536000; includeSubDomains"
        ],
        "x-ms-gatewayversion": [
          "version=2.14.0"
        ],
        "Server": [
          "Microsoft-HTTPAPI/2.0"
        ],
        "x-ms-ratelimit-remaining-subscription-reads": [
          "11967"
        ],
        "x-ms-request-id": [
          "ac8126f9-7238-4081-bd20-2e89b3ad42d0"
        ],
        "x-ms-correlation-request-id": [
          "ac8126f9-7238-4081-bd20-2e89b3ad42d0"
        ],
        "x-ms-routing-request-id": [
          "WESTUS2:20220215T072104Z:ac8126f9-7238-4081-bd20-2e89b3ad42d0"
        ],
        "X-Content-Type-Options": [
          "nosniff"
        ],
        "Date": [
          "Tue, 15 Feb 2022 07:21:03 GMT"
        ],
        "Content-Type": [
          "application/json"
        ]
      },
      "ResponseBody": "",
      "StatusCode": 204
    },
    {
      "RequestUri": "/subscriptions/259fbb24-9bcd-4cfc-865c-fc33b22fe38a/resourceGroups/CosmosDBResourceGroup49/providers/Microsoft.DocumentDB/databaseAccounts/cassandra-db2749/cassandraKeyspaces/keyspace1?api-version=2021-11-15-preview",
      "EncodedRequestUri": "L3N1YnNjcmlwdGlvbnMvMjU5ZmJiMjQtOWJjZC00Y2ZjLTg2NWMtZmMzM2IyMmZlMzhhL3Jlc291cmNlR3JvdXBzL0Nvc21vc0RCUmVzb3VyY2VHcm91cDQ5L3Byb3ZpZGVycy9NaWNyb3NvZnQuRG9jdW1lbnREQi9kYXRhYmFzZUFjY291bnRzL2Nhc3NhbmRyYS1kYjI3NDkvY2Fzc2FuZHJhS2V5c3BhY2VzL2tleXNwYWNlMT9hcGktdmVyc2lvbj0yMDIxLTExLTE1LXByZXZpZXc=",
      "RequestMethod": "DELETE",
      "RequestBody": "",
      "RequestHeaders": {
        "x-ms-client-request-id": [
          "5eacbf96-f9ba-471c-b018-a470a65e0424"
        ],
        "Accept-Language": [
          "en-US"
        ],
        "User-Agent": [
          "FxVersion/4.6.28207.03",
          "OSName/Windows",
          "OSVersion/Microsoft.Windows.10.0.19044.",
          "Microsoft.Azure.Management.CosmosDB.CosmosDBManagementClient/3.4.0.0"
        ]
      },
      "ResponseHeaders": {
        "Cache-Control": [
          "no-store, no-cache"
        ],
        "Pragma": [
          "no-cache"
        ],
        "Location": [
          "https://management.azure.com/subscriptions/259fbb24-9bcd-4cfc-865c-fc33b22fe38a/resourceGroups/CosmosDBResourceGroup49/providers/Microsoft.DocumentDB/databaseAccounts/cassandra-db2749/cassandraKeyspaces/keyspace1/operationResults/20e9dc77-eb18-4885-9d58-d70a6f2c2685?api-version=2021-11-15-preview"
        ],
        "Azure-AsyncOperation": [
          "https://management.azure.com/subscriptions/259fbb24-9bcd-4cfc-865c-fc33b22fe38a/providers/Microsoft.DocumentDB/locations/eastus/operationsStatus/20e9dc77-eb18-4885-9d58-d70a6f2c2685?api-version=2021-11-15-preview"
        ],
        "x-ms-request-id": [
          "20e9dc77-eb18-4885-9d58-d70a6f2c2685"
        ],
        "Strict-Transport-Security": [
          "max-age=31536000; includeSubDomains"
        ],
        "x-ms-gatewayversion": [
          "version=2.14.0"
        ],
        "Server": [
          "Microsoft-HTTPAPI/2.0"
        ],
        "x-ms-ratelimit-remaining-subscription-deletes": [
          "14999"
        ],
        "x-ms-correlation-request-id": [
          "2dece1d1-340b-433c-b912-20fcd2aef40f"
        ],
        "x-ms-routing-request-id": [
          "WESTUS2:20220215T072105Z:2dece1d1-340b-433c-b912-20fcd2aef40f"
        ],
        "X-Content-Type-Options": [
          "nosniff"
        ],
        "Date": [
          "Tue, 15 Feb 2022 07:21:05 GMT"
        ],
        "Content-Length": [
          "21"
        ],
        "Content-Type": [
          "application/json"
        ]
      },
      "ResponseBody": "{\r\n  \"status\": \"Enqueued\"\r\n}",
      "StatusCode": 202
    },
    {
      "RequestUri": "/subscriptions/259fbb24-9bcd-4cfc-865c-fc33b22fe38a/resourceGroups/CosmosDBResourceGroup49/providers/Microsoft.DocumentDB/databaseAccounts/cassandra-db2749/cassandraKeyspaces/keyspace1?api-version=2021-11-15-preview",
      "EncodedRequestUri": "L3N1YnNjcmlwdGlvbnMvMjU5ZmJiMjQtOWJjZC00Y2ZjLTg2NWMtZmMzM2IyMmZlMzhhL3Jlc291cmNlR3JvdXBzL0Nvc21vc0RCUmVzb3VyY2VHcm91cDQ5L3Byb3ZpZGVycy9NaWNyb3NvZnQuRG9jdW1lbnREQi9kYXRhYmFzZUFjY291bnRzL2Nhc3NhbmRyYS1kYjI3NDkvY2Fzc2FuZHJhS2V5c3BhY2VzL2tleXNwYWNlMT9hcGktdmVyc2lvbj0yMDIxLTExLTE1LXByZXZpZXc=",
      "RequestMethod": "DELETE",
      "RequestBody": "",
      "RequestHeaders": {
        "x-ms-client-request-id": [
          "cf2452f3-a306-4f7e-b9eb-fc7371f4ac1d"
        ],
        "Accept-Language": [
          "en-US"
        ],
        "User-Agent": [
          "FxVersion/4.6.28207.03",
          "OSName/Windows",
          "OSVersion/Microsoft.Windows.10.0.19044.",
          "Microsoft.Azure.Management.CosmosDB.CosmosDBManagementClient/3.4.0.0"
        ]
      },
      "ResponseHeaders": {
        "Cache-Control": [
          "no-store, no-cache"
        ],
        "Pragma": [
          "no-cache"
        ],
        "Location": [
          "https://management.azure.com/subscriptions/259fbb24-9bcd-4cfc-865c-fc33b22fe38a/resourceGroups/CosmosDBResourceGroup49/providers/Microsoft.DocumentDB/databaseAccounts/cassandra-db2749/cassandraKeyspaces/keyspace1/operationResults/a38ab9f2-c89f-4ff4-9743-4ca65127abfa?api-version=2021-11-15-preview"
        ],
        "Azure-AsyncOperation": [
          "https://management.azure.com/subscriptions/259fbb24-9bcd-4cfc-865c-fc33b22fe38a/providers/Microsoft.DocumentDB/locations/eastus/operationsStatus/a38ab9f2-c89f-4ff4-9743-4ca65127abfa?api-version=2021-11-15-preview"
        ],
        "x-ms-request-id": [
          "a38ab9f2-c89f-4ff4-9743-4ca65127abfa"
        ],
        "Strict-Transport-Security": [
          "max-age=31536000; includeSubDomains"
        ],
        "x-ms-gatewayversion": [
          "version=2.14.0"
        ],
        "Server": [
          "Microsoft-HTTPAPI/2.0"
        ],
        "x-ms-ratelimit-remaining-subscription-deletes": [
          "14999"
        ],
        "x-ms-correlation-request-id": [
          "6eadd0b3-71f5-4859-8a2c-3767f2387cb3"
        ],
        "x-ms-routing-request-id": [
          "WESTUS2:20220215T072209Z:6eadd0b3-71f5-4859-8a2c-3767f2387cb3"
        ],
        "X-Content-Type-Options": [
          "nosniff"
        ],
        "Date": [
          "Tue, 15 Feb 2022 07:22:09 GMT"
        ],
        "Content-Length": [
          "21"
        ],
        "Content-Type": [
          "application/json"
        ]
      },
      "ResponseBody": "{\r\n  \"status\": \"Enqueued\"\r\n}",
      "StatusCode": 202
    },
    {
      "RequestUri": "/subscriptions/259fbb24-9bcd-4cfc-865c-fc33b22fe38a/providers/Microsoft.DocumentDB/locations/eastus/operationsStatus/20e9dc77-eb18-4885-9d58-d70a6f2c2685?api-version=2021-11-15-preview",
      "EncodedRequestUri": "L3N1YnNjcmlwdGlvbnMvMjU5ZmJiMjQtOWJjZC00Y2ZjLTg2NWMtZmMzM2IyMmZlMzhhL3Byb3ZpZGVycy9NaWNyb3NvZnQuRG9jdW1lbnREQi9sb2NhdGlvbnMvZWFzdHVzL29wZXJhdGlvbnNTdGF0dXMvMjBlOWRjNzctZWIxOC00ODg1LTlkNTgtZDcwYTZmMmMyNjg1P2FwaS12ZXJzaW9uPTIwMjEtMTEtMTUtcHJldmlldw==",
      "RequestMethod": "GET",
      "RequestBody": "",
      "RequestHeaders": {
        "x-ms-client-request-id": [
          "5eacbf96-f9ba-471c-b018-a470a65e0424"
        ],
        "User-Agent": [
          "FxVersion/4.6.28207.03",
          "OSName/Windows",
          "OSVersion/Microsoft.Windows.10.0.19044.",
          "Microsoft.Azure.Management.CosmosDB.CosmosDBManagementClient/3.4.0.0"
        ]
      },
      "ResponseHeaders": {
        "Cache-Control": [
          "no-store, no-cache"
        ],
        "Pragma": [
          "no-cache"
        ],
        "Strict-Transport-Security": [
          "max-age=31536000; includeSubDomains"
        ],
        "x-ms-gatewayversion": [
          "version=2.14.0"
        ],
        "Server": [
          "Microsoft-HTTPAPI/2.0"
        ],
        "x-ms-ratelimit-remaining-subscription-reads": [
          "11999"
        ],
        "x-ms-request-id": [
          "e83e248e-6f00-494d-871b-b279b604edfc"
        ],
        "x-ms-correlation-request-id": [
          "e83e248e-6f00-494d-871b-b279b604edfc"
        ],
        "x-ms-routing-request-id": [
          "WESTUS2:20220215T072135Z:e83e248e-6f00-494d-871b-b279b604edfc"
        ],
        "X-Content-Type-Options": [
          "nosniff"
        ],
        "Date": [
          "Tue, 15 Feb 2022 07:21:35 GMT"
        ],
        "Content-Length": [
          "22"
        ],
        "Content-Type": [
          "application/json"
        ]
      },
      "ResponseBody": "{\r\n  \"status\": \"Succeeded\"\r\n}",
      "StatusCode": 200
    },
    {
      "RequestUri": "/subscriptions/259fbb24-9bcd-4cfc-865c-fc33b22fe38a/resourceGroups/CosmosDBResourceGroup49/providers/Microsoft.DocumentDB/databaseAccounts/cassandra-db2749/cassandraKeyspaces/keyspace1/operationResults/20e9dc77-eb18-4885-9d58-d70a6f2c2685?api-version=2021-11-15-preview",
      "EncodedRequestUri": "L3N1YnNjcmlwdGlvbnMvMjU5ZmJiMjQtOWJjZC00Y2ZjLTg2NWMtZmMzM2IyMmZlMzhhL3Jlc291cmNlR3JvdXBzL0Nvc21vc0RCUmVzb3VyY2VHcm91cDQ5L3Byb3ZpZGVycy9NaWNyb3NvZnQuRG9jdW1lbnREQi9kYXRhYmFzZUFjY291bnRzL2Nhc3NhbmRyYS1kYjI3NDkvY2Fzc2FuZHJhS2V5c3BhY2VzL2tleXNwYWNlMS9vcGVyYXRpb25SZXN1bHRzLzIwZTlkYzc3LWViMTgtNDg4NS05ZDU4LWQ3MGE2ZjJjMjY4NT9hcGktdmVyc2lvbj0yMDIxLTExLTE1LXByZXZpZXc=",
      "RequestMethod": "GET",
      "RequestBody": "",
      "RequestHeaders": {
        "x-ms-client-request-id": [
          "5eacbf96-f9ba-471c-b018-a470a65e0424"
        ],
        "User-Agent": [
          "FxVersion/4.6.28207.03",
          "OSName/Windows",
          "OSVersion/Microsoft.Windows.10.0.19044.",
          "Microsoft.Azure.Management.CosmosDB.CosmosDBManagementClient/3.4.0.0"
        ]
      },
      "ResponseHeaders": {
        "Cache-Control": [
          "no-store, no-cache"
        ],
        "Pragma": [
          "no-cache"
        ],
        "Strict-Transport-Security": [
          "max-age=31536000; includeSubDomains"
        ],
        "x-ms-gatewayversion": [
          "version=2.14.0"
        ],
        "Server": [
          "Microsoft-HTTPAPI/2.0"
        ],
        "x-ms-ratelimit-remaining-subscription-reads": [
          "11998"
        ],
        "x-ms-request-id": [
          "a0d39232-e737-48f7-8387-dc48c21f7c92"
        ],
        "x-ms-correlation-request-id": [
          "a0d39232-e737-48f7-8387-dc48c21f7c92"
        ],
        "x-ms-routing-request-id": [
          "WESTUS2:20220215T072135Z:a0d39232-e737-48f7-8387-dc48c21f7c92"
        ],
        "X-Content-Type-Options": [
          "nosniff"
        ],
        "Date": [
          "Tue, 15 Feb 2022 07:21:35 GMT"
        ],
        "Content-Type": [
          "application/json"
        ]
      },
      "ResponseBody": "",
      "StatusCode": 204
    },
    {
      "RequestUri": "/subscriptions/259fbb24-9bcd-4cfc-865c-fc33b22fe38a/providers/Microsoft.DocumentDB/locations/eastus/operationsStatus/bc30e4fc-f289-43af-a290-4eaca1e758e0?api-version=2021-11-15-preview",
      "EncodedRequestUri": "L3N1YnNjcmlwdGlvbnMvMjU5ZmJiMjQtOWJjZC00Y2ZjLTg2NWMtZmMzM2IyMmZlMzhhL3Byb3ZpZGVycy9NaWNyb3NvZnQuRG9jdW1lbnREQi9sb2NhdGlvbnMvZWFzdHVzL29wZXJhdGlvbnNTdGF0dXMvYmMzMGU0ZmMtZjI4OS00M2FmLWEyOTAtNGVhY2ExZTc1OGUwP2FwaS12ZXJzaW9uPTIwMjEtMTEtMTUtcHJldmlldw==",
      "RequestMethod": "GET",
      "RequestBody": "",
      "RequestHeaders": {
        "x-ms-client-request-id": [
          "466cd509-4d3a-4364-a524-82c7926737e7"
        ],
        "User-Agent": [
          "FxVersion/4.6.28207.03",
          "OSName/Windows",
          "OSVersion/Microsoft.Windows.10.0.19044.",
          "Microsoft.Azure.Management.CosmosDB.CosmosDBManagementClient/3.4.0.0"
        ]
      },
      "ResponseHeaders": {
        "Cache-Control": [
          "no-store, no-cache"
        ],
        "Pragma": [
          "no-cache"
        ],
        "Strict-Transport-Security": [
          "max-age=31536000; includeSubDomains"
        ],
        "x-ms-gatewayversion": [
          "version=2.14.0"
        ],
        "Server": [
          "Microsoft-HTTPAPI/2.0"
        ],
        "x-ms-ratelimit-remaining-subscription-reads": [
          "11999"
        ],
        "x-ms-request-id": [
          "e1ed8762-7da2-46f8-b6d6-3333fcc56789"
        ],
        "x-ms-correlation-request-id": [
          "e1ed8762-7da2-46f8-b6d6-3333fcc56789"
        ],
        "x-ms-routing-request-id": [
          "WESTUS2:20220215T072207Z:e1ed8762-7da2-46f8-b6d6-3333fcc56789"
        ],
        "X-Content-Type-Options": [
          "nosniff"
        ],
        "Date": [
          "Tue, 15 Feb 2022 07:22:07 GMT"
        ],
        "Content-Length": [
          "22"
        ],
        "Content-Type": [
          "application/json"
        ]
      },
      "ResponseBody": "{\r\n  \"status\": \"Succeeded\"\r\n}",
      "StatusCode": 200
    },
    {
      "RequestUri": "/subscriptions/259fbb24-9bcd-4cfc-865c-fc33b22fe38a/resourceGroups/CosmosDBResourceGroup49/providers/Microsoft.DocumentDB/databaseAccounts/cassandra-db2749/cassandraKeyspaces/keyspace1/tables/table/operationResults/bc30e4fc-f289-43af-a290-4eaca1e758e0?api-version=2021-11-15-preview",
      "EncodedRequestUri": "L3N1YnNjcmlwdGlvbnMvMjU5ZmJiMjQtOWJjZC00Y2ZjLTg2NWMtZmMzM2IyMmZlMzhhL3Jlc291cmNlR3JvdXBzL0Nvc21vc0RCUmVzb3VyY2VHcm91cDQ5L3Byb3ZpZGVycy9NaWNyb3NvZnQuRG9jdW1lbnREQi9kYXRhYmFzZUFjY291bnRzL2Nhc3NhbmRyYS1kYjI3NDkvY2Fzc2FuZHJhS2V5c3BhY2VzL2tleXNwYWNlMS90YWJsZXMvdGFibGUvb3BlcmF0aW9uUmVzdWx0cy9iYzMwZTRmYy1mMjg5LTQzYWYtYTI5MC00ZWFjYTFlNzU4ZTA/YXBpLXZlcnNpb249MjAyMS0xMS0xNS1wcmV2aWV3",
      "RequestMethod": "GET",
      "RequestBody": "",
      "RequestHeaders": {
        "x-ms-client-request-id": [
          "466cd509-4d3a-4364-a524-82c7926737e7"
        ],
        "User-Agent": [
          "FxVersion/4.6.28207.03",
          "OSName/Windows",
          "OSVersion/Microsoft.Windows.10.0.19044.",
          "Microsoft.Azure.Management.CosmosDB.CosmosDBManagementClient/3.4.0.0"
        ]
      },
      "ResponseHeaders": {
        "Cache-Control": [
          "no-store, no-cache"
        ],
        "Pragma": [
          "no-cache"
        ],
        "Strict-Transport-Security": [
          "max-age=31536000; includeSubDomains"
        ],
        "x-ms-gatewayversion": [
          "version=2.14.0"
        ],
        "Server": [
          "Microsoft-HTTPAPI/2.0"
        ],
        "x-ms-ratelimit-remaining-subscription-reads": [
          "11998"
        ],
        "x-ms-request-id": [
          "1e8b34cb-f97a-49b5-b08f-48e07fb9ced5"
        ],
        "x-ms-correlation-request-id": [
          "1e8b34cb-f97a-49b5-b08f-48e07fb9ced5"
        ],
        "x-ms-routing-request-id": [
          "WESTUS2:20220215T072207Z:1e8b34cb-f97a-49b5-b08f-48e07fb9ced5"
        ],
        "X-Content-Type-Options": [
          "nosniff"
        ],
        "Date": [
          "Tue, 15 Feb 2022 07:22:07 GMT"
        ],
        "Content-Type": [
          "application/json"
        ]
      },
      "ResponseBody": "",
      "StatusCode": 204
    },
    {
      "RequestUri": "/subscriptions/259fbb24-9bcd-4cfc-865c-fc33b22fe38a/providers/Microsoft.DocumentDB/locations/eastus/operationsStatus/a38ab9f2-c89f-4ff4-9743-4ca65127abfa?api-version=2021-11-15-preview",
      "EncodedRequestUri": "L3N1YnNjcmlwdGlvbnMvMjU5ZmJiMjQtOWJjZC00Y2ZjLTg2NWMtZmMzM2IyMmZlMzhhL3Byb3ZpZGVycy9NaWNyb3NvZnQuRG9jdW1lbnREQi9sb2NhdGlvbnMvZWFzdHVzL29wZXJhdGlvbnNTdGF0dXMvYTM4YWI5ZjItYzg5Zi00ZmY0LTk3NDMtNGNhNjUxMjdhYmZhP2FwaS12ZXJzaW9uPTIwMjEtMTEtMTUtcHJldmlldw==",
      "RequestMethod": "GET",
      "RequestBody": "",
      "RequestHeaders": {
        "x-ms-client-request-id": [
          "cf2452f3-a306-4f7e-b9eb-fc7371f4ac1d"
        ],
        "User-Agent": [
          "FxVersion/4.6.28207.03",
          "OSName/Windows",
          "OSVersion/Microsoft.Windows.10.0.19044.",
          "Microsoft.Azure.Management.CosmosDB.CosmosDBManagementClient/3.4.0.0"
        ]
      },
      "ResponseHeaders": {
        "Cache-Control": [
          "no-store, no-cache"
        ],
        "Pragma": [
          "no-cache"
        ],
        "Strict-Transport-Security": [
          "max-age=31536000; includeSubDomains"
        ],
        "x-ms-gatewayversion": [
          "version=2.14.0"
        ],
        "Server": [
          "Microsoft-HTTPAPI/2.0"
        ],
        "x-ms-ratelimit-remaining-subscription-reads": [
          "11999"
        ],
        "x-ms-request-id": [
          "5e1b3228-0349-4dad-b8a9-607e07a479fa"
        ],
        "x-ms-correlation-request-id": [
          "5e1b3228-0349-4dad-b8a9-607e07a479fa"
        ],
        "x-ms-routing-request-id": [
          "WESTUS2:20220215T072239Z:5e1b3228-0349-4dad-b8a9-607e07a479fa"
        ],
        "X-Content-Type-Options": [
          "nosniff"
        ],
        "Date": [
          "Tue, 15 Feb 2022 07:22:39 GMT"
        ],
        "Content-Length": [
          "22"
        ],
        "Content-Type": [
          "application/json"
        ]
      },
      "ResponseBody": "{\r\n  \"status\": \"Succeeded\"\r\n}",
      "StatusCode": 200
    },
    {
      "RequestUri": "/subscriptions/259fbb24-9bcd-4cfc-865c-fc33b22fe38a/resourceGroups/CosmosDBResourceGroup49/providers/Microsoft.DocumentDB/databaseAccounts/cassandra-db2749/cassandraKeyspaces/keyspace1/operationResults/a38ab9f2-c89f-4ff4-9743-4ca65127abfa?api-version=2021-11-15-preview",
      "EncodedRequestUri": "L3N1YnNjcmlwdGlvbnMvMjU5ZmJiMjQtOWJjZC00Y2ZjLTg2NWMtZmMzM2IyMmZlMzhhL3Jlc291cmNlR3JvdXBzL0Nvc21vc0RCUmVzb3VyY2VHcm91cDQ5L3Byb3ZpZGVycy9NaWNyb3NvZnQuRG9jdW1lbnREQi9kYXRhYmFzZUFjY291bnRzL2Nhc3NhbmRyYS1kYjI3NDkvY2Fzc2FuZHJhS2V5c3BhY2VzL2tleXNwYWNlMS9vcGVyYXRpb25SZXN1bHRzL2EzOGFiOWYyLWM4OWYtNGZmNC05NzQzLTRjYTY1MTI3YWJmYT9hcGktdmVyc2lvbj0yMDIxLTExLTE1LXByZXZpZXc=",
      "RequestMethod": "GET",
      "RequestBody": "",
      "RequestHeaders": {
        "x-ms-client-request-id": [
          "cf2452f3-a306-4f7e-b9eb-fc7371f4ac1d"
        ],
        "User-Agent": [
          "FxVersion/4.6.28207.03",
          "OSName/Windows",
          "OSVersion/Microsoft.Windows.10.0.19044.",
          "Microsoft.Azure.Management.CosmosDB.CosmosDBManagementClient/3.4.0.0"
        ]
      },
      "ResponseHeaders": {
        "Cache-Control": [
          "no-store, no-cache"
        ],
        "Pragma": [
          "no-cache"
        ],
        "Strict-Transport-Security": [
          "max-age=31536000; includeSubDomains"
        ],
        "x-ms-gatewayversion": [
          "version=2.14.0"
        ],
        "Server": [
          "Microsoft-HTTPAPI/2.0"
        ],
        "x-ms-ratelimit-remaining-subscription-reads": [
          "11998"
        ],
        "x-ms-request-id": [
          "69330dd4-9177-491c-b3ad-c2de23cddb8f"
        ],
        "x-ms-correlation-request-id": [
          "69330dd4-9177-491c-b3ad-c2de23cddb8f"
        ],
        "x-ms-routing-request-id": [
          "WESTUS2:20220215T072239Z:69330dd4-9177-491c-b3ad-c2de23cddb8f"
        ],
        "X-Content-Type-Options": [
          "nosniff"
        ],
        "Date": [
          "Tue, 15 Feb 2022 07:22:39 GMT"
        ],
        "Content-Type": [
          "application/json"
        ]
      },
      "ResponseBody": "",
      "StatusCode": 204
    }
  ],
  "Names": {},
  "Variables": {
    "SubscriptionId": "259fbb24-9bcd-4cfc-865c-fc33b22fe38a"
  }
}