{
  "Entries": [
    {
      "RequestUri": "/subscriptions/23587e98-b6ac-4328-a753-03bcd3c8e744/resourcegroups/CosmosDBResourceGroup45?api-version=2016-09-01",
      "EncodedRequestUri": "L3N1YnNjcmlwdGlvbnMvMjM1ODdlOTgtYjZhYy00MzI4LWE3NTMtMDNiY2QzYzhlNzQ0L3Jlc291cmNlZ3JvdXBzL0Nvc21vc0RCUmVzb3VyY2VHcm91cDQ1P2FwaS12ZXJzaW9uPTIwMTYtMDktMDE=",
      "RequestMethod": "PUT",
      "RequestHeaders": {
        "x-ms-client-request-id": [
          "5ffb10b8-af57-4554-b63d-8e0b34203c22"
        ],
        "Accept-Language": [
          "en-US"
        ],
        "User-Agent": [
          "FxVersion/4.700.22.55902",
          "OSName/Windows",
          "OSVersion/Microsoft.Windows.10.0.22621",
          "Microsoft.Azure.Management.Internal.Resources.ResourceManagementClient/1.3.73"
        ],
        "Content-Type": [
          "application/json; charset=utf-8"
        ],
        "Content-Length": [
          "29"
        ]
      },
      "RequestBody": "{\r\n  \"location\": \"East US\"\r\n}",
      "ResponseHeaders": {
        "Cache-Control": [
          "no-cache"
        ],
        "Pragma": [
          "no-cache"
        ],
        "x-ms-ratelimit-remaining-subscription-writes": [
          "1197"
        ],
        "x-ms-request-id": [
          "722f5810-9daf-4f50-99c7-2be847c6ec2a"
        ],
        "x-ms-correlation-request-id": [
          "722f5810-9daf-4f50-99c7-2be847c6ec2a"
        ],
        "x-ms-routing-request-id": [
          "EASTUS2EUAP:20230412T105802Z:722f5810-9daf-4f50-99c7-2be847c6ec2a"
        ],
        "Strict-Transport-Security": [
          "max-age=31536000; includeSubDomains"
        ],
        "X-Content-Type-Options": [
          "nosniff"
        ],
        "Date": [
          "Wed, 12 Apr 2023 10:58:02 GMT"
        ],
        "Content-Length": [
          "199"
        ],
        "Content-Type": [
          "application/json; charset=utf-8"
        ],
        "Expires": [
          "-1"
        ]
      },
      "ResponseBody": "{\r\n  \"id\": \"/subscriptions/23587e98-b6ac-4328-a753-03bcd3c8e744/resourceGroups/CosmosDBResourceGroup45\",\r\n  \"name\": \"CosmosDBResourceGroup45\",\r\n  \"location\": \"eastus\",\r\n  \"properties\": {\r\n    \"provisioningState\": \"Succeeded\"\r\n  }\r\n}",
      "StatusCode": 201
    },
    {
      "RequestUri": "/subscriptions/23587e98-b6ac-4328-a753-03bcd3c8e744/resourceGroups/CosmosDBResourceGroup45/providers/Microsoft.DocumentDB/databaseAccounts/cassandra-db2745?api-version=2022-11-15-preview",
      "EncodedRequestUri": "L3N1YnNjcmlwdGlvbnMvMjM1ODdlOTgtYjZhYy00MzI4LWE3NTMtMDNiY2QzYzhlNzQ0L3Jlc291cmNlR3JvdXBzL0Nvc21vc0RCUmVzb3VyY2VHcm91cDQ1L3Byb3ZpZGVycy9NaWNyb3NvZnQuRG9jdW1lbnREQi9kYXRhYmFzZUFjY291bnRzL2Nhc3NhbmRyYS1kYjI3NDU/YXBpLXZlcnNpb249MjAyMi0xMS0xNS1wcmV2aWV3",
      "RequestMethod": "GET",
      "RequestHeaders": {
        "x-ms-client-request-id": [
          "af26b0ad-1a79-4105-bf70-5874a05d4cf7"
        ],
        "Accept-Language": [
          "en-US"
        ],
        "User-Agent": [
          "FxVersion/4.700.22.55902",
          "OSName/Windows",
          "OSVersion/Microsoft.Windows.10.0.22621",
          "Microsoft.Azure.Management.CosmosDB.CosmosDBManagementClient/1.9.1"
        ]
      },
      "RequestBody": "",
      "ResponseHeaders": {
        "Cache-Control": [
          "no-cache"
        ],
        "Pragma": [
          "no-cache"
        ],
        "x-ms-failure-cause": [
          "gateway"
        ],
        "x-ms-request-id": [
          "2968a197-e5ed-49f7-adfb-31ff35c5a67d"
        ],
        "x-ms-correlation-request-id": [
          "2968a197-e5ed-49f7-adfb-31ff35c5a67d"
        ],
        "x-ms-routing-request-id": [
          "EASTUS2EUAP:20230412T105803Z:2968a197-e5ed-49f7-adfb-31ff35c5a67d"
        ],
        "Strict-Transport-Security": [
          "max-age=31536000; includeSubDomains"
        ],
        "X-Content-Type-Options": [
          "nosniff"
        ],
        "Date": [
          "Wed, 12 Apr 2023 10:58:02 GMT"
        ],
        "Content-Type": [
          "application/json; charset=utf-8"
        ],
        "Expires": [
          "-1"
        ],
        "Content-Length": [
          "249"
        ]
      },
      "ResponseBody": "{\r\n  \"error\": {\r\n    \"code\": \"ResourceNotFound\",\r\n    \"message\": \"The Resource 'Microsoft.DocumentDB/databaseAccounts/cassandra-db2745' under resource group 'CosmosDBResourceGroup45' was not found. For more details please go to https://aka.ms/ARMResourceNotFoundFix\"\r\n  }\r\n}",
      "StatusCode": 404
    },
    {
      "RequestUri": "/subscriptions/23587e98-b6ac-4328-a753-03bcd3c8e744/resourceGroups/CosmosDBResourceGroup45/providers/Microsoft.DocumentDB/databaseAccounts/cassandra-db2745?api-version=2022-11-15-preview",
      "EncodedRequestUri": "L3N1YnNjcmlwdGlvbnMvMjM1ODdlOTgtYjZhYy00MzI4LWE3NTMtMDNiY2QzYzhlNzQ0L3Jlc291cmNlR3JvdXBzL0Nvc21vc0RCUmVzb3VyY2VHcm91cDQ1L3Byb3ZpZGVycy9NaWNyb3NvZnQuRG9jdW1lbnREQi9kYXRhYmFzZUFjY291bnRzL2Nhc3NhbmRyYS1kYjI3NDU/YXBpLXZlcnNpb249MjAyMi0xMS0xNS1wcmV2aWV3",
      "RequestMethod": "GET",
      "RequestHeaders": {
        "x-ms-client-request-id": [
          "af26b0ad-1a79-4105-bf70-5874a05d4cf7"
        ],
        "User-Agent": [
          "FxVersion/4.700.22.55902",
          "OSName/Windows",
          "OSVersion/Microsoft.Windows.10.0.22621",
          "Microsoft.Azure.Management.CosmosDB.CosmosDBManagementClient/1.9.1"
        ]
      },
      "RequestBody": "",
      "ResponseHeaders": {
        "Cache-Control": [
          "no-store, no-cache"
        ],
        "Pragma": [
          "no-cache"
        ],
        "Strict-Transport-Security": [
          "max-age=31536000; includeSubDomains"
        ],
        "x-ms-gatewayversion": [
          "version=2.14.0"
        ],
        "Server": [
          "Microsoft-HTTPAPI/2.0"
        ],
        "x-ms-ratelimit-remaining-subscription-reads": [
          "11987"
        ],
        "x-ms-request-id": [
          "7c504945-c857-40dc-b25c-a4f31dd6c871"
        ],
        "x-ms-correlation-request-id": [
          "7c504945-c857-40dc-b25c-a4f31dd6c871"
        ],
        "x-ms-routing-request-id": [
          "EASTUS2EUAP:20230412T110108Z:7c504945-c857-40dc-b25c-a4f31dd6c871"
        ],
        "X-Content-Type-Options": [
          "nosniff"
        ],
        "Date": [
          "Wed, 12 Apr 2023 11:01:08 GMT"
        ],
        "Content-Length": [
          "2875"
        ],
        "Content-Type": [
          "application/json"
        ]
      },
      "ResponseBody": "{\r\n  \"id\": \"/subscriptions/23587e98-b6ac-4328-a753-03bcd3c8e744/resourceGroups/CosmosDBResourceGroup45/providers/Microsoft.DocumentDB/databaseAccounts/cassandra-db2745\",\r\n  \"name\": \"cassandra-db2745\",\r\n  \"location\": \"East US\",\r\n  \"type\": \"Microsoft.DocumentDB/databaseAccounts\",\r\n  \"kind\": \"GlobalDocumentDB\",\r\n  \"tags\": {},\r\n  \"systemData\": {\r\n    \"createdAt\": \"2023-04-12T11:00:31.720054Z\"\r\n  },\r\n  \"properties\": {\r\n    \"provisioningState\": \"Succeeded\",\r\n    \"documentEndpoint\": \"https://cassandra-db2745.documents.azure.com:443/\",\r\n    \"cassandraEndpoint\": \"https://cassandra-db2745.cassandra.cosmos.azure.com:443/\",\r\n    \"sqlEndpoint\": \"https://cassandra-db2745.documents.azure.com:443/\",\r\n    \"publicNetworkAccess\": \"Enabled\",\r\n    \"enableAutomaticFailover\": false,\r\n    \"enableMultipleWriteLocations\": false,\r\n    \"enablePartitionKeyMonitor\": false,\r\n    \"isVirtualNetworkFilterEnabled\": false,\r\n    \"virtualNetworkRules\": [],\r\n    \"EnabledApiTypes\": \"Cassandra\",\r\n    \"disableKeyBasedMetadataWriteAccess\": false,\r\n    \"enableFreeTier\": false,\r\n    \"enableAnalyticalStorage\": false,\r\n    \"analyticalStorageConfiguration\": {\r\n      \"schemaType\": \"WellDefined\"\r\n    },\r\n    \"instanceId\": \"5aa7f818-3f12-4f73-bc98-cd02d93133ed\",\r\n    \"databaseAccountOfferType\": \"Standard\",\r\n    \"enableMaterializedViews\": false,\r\n    \"defaultIdentity\": \"FirstPartyIdentity\",\r\n    \"networkAclBypass\": \"None\",\r\n    \"disableLocalAuth\": false,\r\n    \"enablePartitionMerge\": false,\r\n    \"enableBurstCapacity\": false,\r\n    \"minimalTlsVersion\": \"Tls12\",\r\n    \"consistencyPolicy\": {\r\n      \"defaultConsistencyLevel\": \"Session\",\r\n      \"maxIntervalInSeconds\": 5,\r\n      \"maxStalenessPrefix\": 100\r\n    },\r\n    \"configurationOverrides\": {},\r\n    \"writeLocations\": [\r\n      {\r\n        \"id\": \"cassandra-db2745-eastus\",\r\n        \"locationName\": \"East US\",\r\n        \"documentEndpoint\": \"https://cassandra-db2745-eastus.documents.azure.com:443/\",\r\n        \"provisioningState\": \"Succeeded\",\r\n        \"failoverPriority\": 0,\r\n        \"isZoneRedundant\": false\r\n      }\r\n    ],\r\n    \"readLocations\": [\r\n      {\r\n        \"id\": \"cassandra-db2745-eastus\",\r\n        \"locationName\": \"East US\",\r\n        \"documentEndpoint\": \"https://cassandra-db2745-eastus.documents.azure.com:443/\",\r\n        \"provisioningState\": \"Succeeded\",\r\n        \"failoverPriority\": 0,\r\n        \"isZoneRedundant\": false\r\n      }\r\n    ],\r\n    \"locations\": [\r\n      {\r\n        \"id\": \"cassandra-db2745-eastus\",\r\n        \"locationName\": \"East US\",\r\n        \"documentEndpoint\": \"https://cassandra-db2745-eastus.documents.azure.com:443/\",\r\n        \"provisioningState\": \"Succeeded\",\r\n        \"failoverPriority\": 0,\r\n        \"isZoneRedundant\": false\r\n      }\r\n    ],\r\n    \"failoverPolicies\": [\r\n      {\r\n        \"id\": \"cassandra-db2745-eastus\",\r\n        \"locationName\": \"East US\",\r\n        \"failoverPriority\": 0\r\n      }\r\n    ],\r\n    \"cors\": [],\r\n    \"capabilities\": [\r\n      {\r\n        \"name\": \"EnableCassandra\"\r\n      }\r\n    ],\r\n    \"ipRules\": [],\r\n    \"backupPolicy\": {\r\n      \"type\": \"Periodic\",\r\n      \"periodicModeProperties\": {\r\n        \"backupIntervalInMinutes\": 240,\r\n        \"backupRetentionIntervalInHours\": 8,\r\n        \"backupStorageRedundancy\": \"Geo\"\r\n      }\r\n    },\r\n    \"networkAclBypassResourceIds\": [],\r\n    \"diagnosticLogSettings\": {\r\n      \"enableFullTextQuery\": \"None\"\r\n    },\r\n    \"keysMetadata\": {\r\n      \"primaryMasterKey\": {\r\n        \"generationTime\": \"2023-04-12T11:00:31.720054Z\"\r\n      },\r\n      \"secondaryMasterKey\": {\r\n        \"generationTime\": \"2023-04-12T11:00:31.720054Z\"\r\n      },\r\n      \"primaryReadonlyMasterKey\": {\r\n        \"generationTime\": \"2023-04-12T11:00:31.720054Z\"\r\n      },\r\n      \"secondaryReadonlyMasterKey\": {\r\n        \"generationTime\": \"2023-04-12T11:00:31.720054Z\"\r\n      }\r\n    }\r\n  },\r\n  \"identity\": {\r\n    \"type\": \"None\"\r\n  }\r\n}",
      "StatusCode": 200
    },
    {
      "RequestUri": "/subscriptions/23587e98-b6ac-4328-a753-03bcd3c8e744/resourceGroups/CosmosDBResourceGroup45/providers/Microsoft.DocumentDB/databaseAccounts/cassandra-db2745?api-version=2022-11-15-preview",
      "EncodedRequestUri": "L3N1YnNjcmlwdGlvbnMvMjM1ODdlOTgtYjZhYy00MzI4LWE3NTMtMDNiY2QzYzhlNzQ0L3Jlc291cmNlR3JvdXBzL0Nvc21vc0RCUmVzb3VyY2VHcm91cDQ1L3Byb3ZpZGVycy9NaWNyb3NvZnQuRG9jdW1lbnREQi9kYXRhYmFzZUFjY291bnRzL2Nhc3NhbmRyYS1kYjI3NDU/YXBpLXZlcnNpb249MjAyMi0xMS0xNS1wcmV2aWV3",
      "RequestMethod": "GET",
      "RequestHeaders": {
        "x-ms-client-request-id": [
          "54aeda4f-89d9-40bb-af22-d1760d4b3b4c"
        ],
        "Accept-Language": [
          "en-US"
        ],
        "User-Agent": [
          "FxVersion/4.700.22.55902",
          "OSName/Windows",
          "OSVersion/Microsoft.Windows.10.0.22621",
          "Microsoft.Azure.Management.CosmosDB.CosmosDBManagementClient/1.9.1"
        ]
      },
      "RequestBody": "",
      "ResponseHeaders": {
        "Cache-Control": [
          "no-store, no-cache"
        ],
        "Pragma": [
          "no-cache"
        ],
        "Strict-Transport-Security": [
          "max-age=31536000; includeSubDomains"
        ],
        "x-ms-gatewayversion": [
          "version=2.14.0"
        ],
        "Server": [
          "Microsoft-HTTPAPI/2.0"
        ],
        "x-ms-ratelimit-remaining-subscription-reads": [
          "11998"
        ],
        "x-ms-request-id": [
          "ef8e9abf-4a89-4914-a046-e58f97117c47"
        ],
        "x-ms-correlation-request-id": [
          "ef8e9abf-4a89-4914-a046-e58f97117c47"
        ],
        "x-ms-routing-request-id": [
          "EASTUS2EUAP:20230412T110109Z:ef8e9abf-4a89-4914-a046-e58f97117c47"
        ],
        "X-Content-Type-Options": [
          "nosniff"
        ],
        "Date": [
          "Wed, 12 Apr 2023 11:01:09 GMT"
        ],
        "Content-Length": [
          "2875"
        ],
        "Content-Type": [
          "application/json"
        ]
      },
      "ResponseBody": "{\r\n  \"id\": \"/subscriptions/23587e98-b6ac-4328-a753-03bcd3c8e744/resourceGroups/CosmosDBResourceGroup45/providers/Microsoft.DocumentDB/databaseAccounts/cassandra-db2745\",\r\n  \"name\": \"cassandra-db2745\",\r\n  \"location\": \"East US\",\r\n  \"type\": \"Microsoft.DocumentDB/databaseAccounts\",\r\n  \"kind\": \"GlobalDocumentDB\",\r\n  \"tags\": {},\r\n  \"systemData\": {\r\n    \"createdAt\": \"2023-04-12T11:00:31.720054Z\"\r\n  },\r\n  \"properties\": {\r\n    \"provisioningState\": \"Succeeded\",\r\n    \"documentEndpoint\": \"https://cassandra-db2745.documents.azure.com:443/\",\r\n    \"cassandraEndpoint\": \"https://cassandra-db2745.cassandra.cosmos.azure.com:443/\",\r\n    \"sqlEndpoint\": \"https://cassandra-db2745.documents.azure.com:443/\",\r\n    \"publicNetworkAccess\": \"Enabled\",\r\n    \"enableAutomaticFailover\": false,\r\n    \"enableMultipleWriteLocations\": false,\r\n    \"enablePartitionKeyMonitor\": false,\r\n    \"isVirtualNetworkFilterEnabled\": false,\r\n    \"virtualNetworkRules\": [],\r\n    \"EnabledApiTypes\": \"Cassandra\",\r\n    \"disableKeyBasedMetadataWriteAccess\": false,\r\n    \"enableFreeTier\": false,\r\n    \"enableAnalyticalStorage\": false,\r\n    \"analyticalStorageConfiguration\": {\r\n      \"schemaType\": \"WellDefined\"\r\n    },\r\n    \"instanceId\": \"5aa7f818-3f12-4f73-bc98-cd02d93133ed\",\r\n    \"databaseAccountOfferType\": \"Standard\",\r\n    \"enableMaterializedViews\": false,\r\n    \"defaultIdentity\": \"FirstPartyIdentity\",\r\n    \"networkAclBypass\": \"None\",\r\n    \"disableLocalAuth\": false,\r\n    \"enablePartitionMerge\": false,\r\n    \"enableBurstCapacity\": false,\r\n    \"minimalTlsVersion\": \"Tls12\",\r\n    \"consistencyPolicy\": {\r\n      \"defaultConsistencyLevel\": \"Session\",\r\n      \"maxIntervalInSeconds\": 5,\r\n      \"maxStalenessPrefix\": 100\r\n    },\r\n    \"configurationOverrides\": {},\r\n    \"writeLocations\": [\r\n      {\r\n        \"id\": \"cassandra-db2745-eastus\",\r\n        \"locationName\": \"East US\",\r\n        \"documentEndpoint\": \"https://cassandra-db2745-eastus.documents.azure.com:443/\",\r\n        \"provisioningState\": \"Succeeded\",\r\n        \"failoverPriority\": 0,\r\n        \"isZoneRedundant\": false\r\n      }\r\n    ],\r\n    \"readLocations\": [\r\n      {\r\n        \"id\": \"cassandra-db2745-eastus\",\r\n        \"locationName\": \"East US\",\r\n        \"documentEndpoint\": \"https://cassandra-db2745-eastus.documents.azure.com:443/\",\r\n        \"provisioningState\": \"Succeeded\",\r\n        \"failoverPriority\": 0,\r\n        \"isZoneRedundant\": false\r\n      }\r\n    ],\r\n    \"locations\": [\r\n      {\r\n        \"id\": \"cassandra-db2745-eastus\",\r\n        \"locationName\": \"East US\",\r\n        \"documentEndpoint\": \"https://cassandra-db2745-eastus.documents.azure.com:443/\",\r\n        \"provisioningState\": \"Succeeded\",\r\n        \"failoverPriority\": 0,\r\n        \"isZoneRedundant\": false\r\n      }\r\n    ],\r\n    \"failoverPolicies\": [\r\n      {\r\n        \"id\": \"cassandra-db2745-eastus\",\r\n        \"locationName\": \"East US\",\r\n        \"failoverPriority\": 0\r\n      }\r\n    ],\r\n    \"cors\": [],\r\n    \"capabilities\": [\r\n      {\r\n        \"name\": \"EnableCassandra\"\r\n      }\r\n    ],\r\n    \"ipRules\": [],\r\n    \"backupPolicy\": {\r\n      \"type\": \"Periodic\",\r\n      \"periodicModeProperties\": {\r\n        \"backupIntervalInMinutes\": 240,\r\n        \"backupRetentionIntervalInHours\": 8,\r\n        \"backupStorageRedundancy\": \"Geo\"\r\n      }\r\n    },\r\n    \"networkAclBypassResourceIds\": [],\r\n    \"diagnosticLogSettings\": {\r\n      \"enableFullTextQuery\": \"None\"\r\n    },\r\n    \"keysMetadata\": {\r\n      \"primaryMasterKey\": {\r\n        \"generationTime\": \"2023-04-12T11:00:31.720054Z\"\r\n      },\r\n      \"secondaryMasterKey\": {\r\n        \"generationTime\": \"2023-04-12T11:00:31.720054Z\"\r\n      },\r\n      \"primaryReadonlyMasterKey\": {\r\n        \"generationTime\": \"2023-04-12T11:00:31.720054Z\"\r\n      },\r\n      \"secondaryReadonlyMasterKey\": {\r\n        \"generationTime\": \"2023-04-12T11:00:31.720054Z\"\r\n      }\r\n    }\r\n  },\r\n  \"identity\": {\r\n    \"type\": \"None\"\r\n  }\r\n}",
      "StatusCode": 200
    },
    {
      "RequestUri": "/subscriptions/23587e98-b6ac-4328-a753-03bcd3c8e744/resourceGroups/CosmosDBResourceGroup45/providers/Microsoft.DocumentDB/databaseAccounts/cassandra-db2745?api-version=2022-11-15-preview",
      "EncodedRequestUri": "L3N1YnNjcmlwdGlvbnMvMjM1ODdlOTgtYjZhYy00MzI4LWE3NTMtMDNiY2QzYzhlNzQ0L3Jlc291cmNlR3JvdXBzL0Nvc21vc0RCUmVzb3VyY2VHcm91cDQ1L3Byb3ZpZGVycy9NaWNyb3NvZnQuRG9jdW1lbnREQi9kYXRhYmFzZUFjY291bnRzL2Nhc3NhbmRyYS1kYjI3NDU/YXBpLXZlcnNpb249MjAyMi0xMS0xNS1wcmV2aWV3",
      "RequestMethod": "PUT",
      "RequestHeaders": {
        "x-ms-client-request-id": [
          "af26b0ad-1a79-4105-bf70-5874a05d4cf7"
        ],
        "Accept-Language": [
          "en-US"
        ],
        "User-Agent": [
          "FxVersion/4.700.22.55902",
          "OSName/Windows",
          "OSVersion/Microsoft.Windows.10.0.22621",
          "Microsoft.Azure.Management.CosmosDB.CosmosDBManagementClient/1.9.1"
        ],
        "Content-Type": [
          "application/json; charset=utf-8"
        ],
        "Content-Length": [
          "675"
        ]
      },
      "RequestBody": "{\r\n  \"properties\": {\r\n    \"consistencyPolicy\": {\r\n      \"defaultConsistencyLevel\": \"Session\"\r\n    },\r\n    \"locations\": [\r\n      {\r\n        \"locationName\": \"East Us\",\r\n        \"failoverPriority\": 0,\r\n        \"isZoneRedundant\": false\r\n      }\r\n    ],\r\n    \"isVirtualNetworkFilterEnabled\": false,\r\n    \"enableAutomaticFailover\": false,\r\n    \"capabilities\": [\r\n      {\r\n        \"name\": \"EnableCassandra\"\r\n      }\r\n    ],\r\n    \"virtualNetworkRules\": [],\r\n    \"enableMultipleWriteLocations\": false,\r\n    \"disableKeyBasedMetadataWriteAccess\": false,\r\n    \"networkAclBypassResourceIds\": [],\r\n    \"databaseAccountOfferType\": \"Standard\"\r\n  },\r\n  \"location\": \"East Us\",\r\n  \"tags\": {}\r\n}",
      "ResponseHeaders": {
        "Cache-Control": [
          "no-store, no-cache"
        ],
        "Pragma": [
          "no-cache"
        ],
        "Location": [
          "https://eastus2euap.management.azure.com/subscriptions/23587e98-b6ac-4328-a753-03bcd3c8e744/resourceGroups/CosmosDBResourceGroup45/providers/Microsoft.DocumentDB/databaseAccounts/cassandra-db2745/operationResults/010d0972-8e03-4907-a548-f341cbffc0a7?api-version=2022-11-15-preview"
        ],
        "x-ms-request-id": [
          "010d0972-8e03-4907-a548-f341cbffc0a7"
        ],
        "Azure-AsyncOperation": [
          "https://eastus2euap.management.azure.com/subscriptions/23587e98-b6ac-4328-a753-03bcd3c8e744/providers/Microsoft.DocumentDB/locations/eastus/operationsStatus/010d0972-8e03-4907-a548-f341cbffc0a7?api-version=2022-11-15-preview"
        ],
        "Strict-Transport-Security": [
          "max-age=31536000; includeSubDomains"
        ],
        "x-ms-gatewayversion": [
          "version=2.14.0"
        ],
        "Server": [
          "Microsoft-HTTPAPI/2.0"
        ],
        "x-ms-ratelimit-remaining-subscription-writes": [
          "1198"
        ],
        "x-ms-correlation-request-id": [
          "0330c357-bec2-4331-a6bd-a95056267fe9"
        ],
        "x-ms-routing-request-id": [
          "EASTUS2EUAP:20230412T105807Z:0330c357-bec2-4331-a6bd-a95056267fe9"
        ],
        "X-Content-Type-Options": [
          "nosniff"
        ],
        "Date": [
          "Wed, 12 Apr 2023 10:58:07 GMT"
        ],
        "Content-Length": [
          "2412"
        ],
        "Content-Type": [
          "application/json"
        ]
      },
      "ResponseBody": "{\r\n  \"id\": \"/subscriptions/23587e98-b6ac-4328-a753-03bcd3c8e744/resourceGroups/CosmosDBResourceGroup45/providers/Microsoft.DocumentDB/databaseAccounts/cassandra-db2745\",\r\n  \"name\": \"cassandra-db2745\",\r\n  \"location\": \"East US\",\r\n  \"type\": \"Microsoft.DocumentDB/databaseAccounts\",\r\n  \"kind\": \"GlobalDocumentDB\",\r\n  \"tags\": {},\r\n  \"systemData\": {\r\n    \"createdAt\": \"2023-04-12T10:58:06.1188999Z\"\r\n  },\r\n  \"properties\": {\r\n    \"provisioningState\": \"Creating\",\r\n    \"publicNetworkAccess\": \"Enabled\",\r\n    \"enableAutomaticFailover\": false,\r\n    \"enableMultipleWriteLocations\": false,\r\n    \"enablePartitionKeyMonitor\": false,\r\n    \"isVirtualNetworkFilterEnabled\": false,\r\n    \"virtualNetworkRules\": [],\r\n    \"EnabledApiTypes\": \"Cassandra\",\r\n    \"disableKeyBasedMetadataWriteAccess\": false,\r\n    \"enableFreeTier\": false,\r\n    \"enableAnalyticalStorage\": false,\r\n    \"analyticalStorageConfiguration\": {\r\n      \"schemaType\": \"WellDefined\"\r\n    },\r\n    \"instanceId\": \"5aa7f818-3f12-4f73-bc98-cd02d93133ed\",\r\n    \"databaseAccountOfferType\": \"Standard\",\r\n    \"enableMaterializedViews\": false,\r\n    \"defaultIdentity\": \"\",\r\n    \"networkAclBypass\": \"None\",\r\n    \"disableLocalAuth\": false,\r\n    \"enablePartitionMerge\": false,\r\n    \"enableBurstCapacity\": false,\r\n    \"minimalTlsVersion\": \"Tls12\",\r\n    \"consistencyPolicy\": {\r\n      \"defaultConsistencyLevel\": \"Session\",\r\n      \"maxIntervalInSeconds\": 5,\r\n      \"maxStalenessPrefix\": 100\r\n    },\r\n    \"configurationOverrides\": {},\r\n    \"writeLocations\": [\r\n      {\r\n        \"id\": \"cassandra-db2745-eastus\",\r\n        \"locationName\": \"East US\",\r\n        \"provisioningState\": \"Creating\",\r\n        \"failoverPriority\": 0,\r\n        \"isZoneRedundant\": false\r\n      }\r\n    ],\r\n    \"readLocations\": [\r\n      {\r\n        \"id\": \"cassandra-db2745-eastus\",\r\n        \"locationName\": \"East US\",\r\n        \"provisioningState\": \"Creating\",\r\n        \"failoverPriority\": 0,\r\n        \"isZoneRedundant\": false\r\n      }\r\n    ],\r\n    \"locations\": [\r\n      {\r\n        \"id\": \"cassandra-db2745-eastus\",\r\n        \"locationName\": \"East US\",\r\n        \"provisioningState\": \"Creating\",\r\n        \"failoverPriority\": 0,\r\n        \"isZoneRedundant\": false\r\n      }\r\n    ],\r\n    \"failoverPolicies\": [\r\n      {\r\n        \"id\": \"cassandra-db2745-eastus\",\r\n        \"locationName\": \"East US\",\r\n        \"failoverPriority\": 0\r\n      }\r\n    ],\r\n    \"cors\": [],\r\n    \"capabilities\": [\r\n      {\r\n        \"name\": \"EnableCassandra\"\r\n      }\r\n    ],\r\n    \"ipRules\": [],\r\n    \"backupPolicy\": {\r\n      \"type\": \"Periodic\",\r\n      \"periodicModeProperties\": {\r\n        \"backupIntervalInMinutes\": 240,\r\n        \"backupRetentionIntervalInHours\": 8,\r\n        \"backupStorageRedundancy\": \"Invalid\"\r\n      }\r\n    },\r\n    \"networkAclBypassResourceIds\": [],\r\n    \"diagnosticLogSettings\": {\r\n      \"enableFullTextQuery\": \"None\"\r\n    },\r\n    \"keysMetadata\": {\r\n      \"primaryMasterKey\": {\r\n        \"generationTime\": \"2023-04-12T10:58:06.1188999Z\"\r\n      },\r\n      \"secondaryMasterKey\": {\r\n        \"generationTime\": \"2023-04-12T10:58:06.1188999Z\"\r\n      },\r\n      \"primaryReadonlyMasterKey\": {\r\n        \"generationTime\": \"2023-04-12T10:58:06.1188999Z\"\r\n      },\r\n      \"secondaryReadonlyMasterKey\": {\r\n        \"generationTime\": \"2023-04-12T10:58:06.1188999Z\"\r\n      }\r\n    }\r\n  },\r\n  \"identity\": {\r\n    \"type\": \"None\"\r\n  }\r\n}",
      "StatusCode": 200
    },
    {
      "RequestUri": "/subscriptions/23587e98-b6ac-4328-a753-03bcd3c8e744/providers/Microsoft.DocumentDB/locations/eastus/operationsStatus/010d0972-8e03-4907-a548-f341cbffc0a7?api-version=2022-11-15-preview",
      "EncodedRequestUri": "L3N1YnNjcmlwdGlvbnMvMjM1ODdlOTgtYjZhYy00MzI4LWE3NTMtMDNiY2QzYzhlNzQ0L3Byb3ZpZGVycy9NaWNyb3NvZnQuRG9jdW1lbnREQi9sb2NhdGlvbnMvZWFzdHVzL29wZXJhdGlvbnNTdGF0dXMvMDEwZDA5NzItOGUwMy00OTA3LWE1NDgtZjM0MWNiZmZjMGE3P2FwaS12ZXJzaW9uPTIwMjItMTEtMTUtcHJldmlldw==",
      "RequestMethod": "GET",
      "RequestHeaders": {
        "x-ms-client-request-id": [
          "af26b0ad-1a79-4105-bf70-5874a05d4cf7"
        ],
        "User-Agent": [
          "FxVersion/4.700.22.55902",
          "OSName/Windows",
          "OSVersion/Microsoft.Windows.10.0.22621",
          "Microsoft.Azure.Management.CosmosDB.CosmosDBManagementClient/1.9.1"
        ]
      },
      "RequestBody": "",
      "ResponseHeaders": {
        "Cache-Control": [
          "no-store, no-cache"
        ],
        "Pragma": [
          "no-cache"
        ],
        "Strict-Transport-Security": [
          "max-age=31536000; includeSubDomains"
        ],
        "x-ms-gatewayversion": [
          "version=2.14.0"
        ],
        "Server": [
          "Microsoft-HTTPAPI/2.0"
        ],
        "x-ms-ratelimit-remaining-subscription-reads": [
          "11990"
        ],
        "x-ms-request-id": [
          "688ee3ef-173b-48ae-ac2a-160994260895"
        ],
        "x-ms-correlation-request-id": [
          "688ee3ef-173b-48ae-ac2a-160994260895"
        ],
        "x-ms-routing-request-id": [
          "EASTUS2EUAP:20230412T105838Z:688ee3ef-173b-48ae-ac2a-160994260895"
        ],
        "X-Content-Type-Options": [
          "nosniff"
        ],
        "Date": [
          "Wed, 12 Apr 2023 10:58:37 GMT"
        ],
        "Content-Length": [
          "21"
        ],
        "Content-Type": [
          "application/json"
        ]
      },
      "ResponseBody": "{\r\n  \"status\": \"Dequeued\"\r\n}",
      "StatusCode": 200
    },
    {
      "RequestUri": "/subscriptions/23587e98-b6ac-4328-a753-03bcd3c8e744/providers/Microsoft.DocumentDB/locations/eastus/operationsStatus/010d0972-8e03-4907-a548-f341cbffc0a7?api-version=2022-11-15-preview",
      "EncodedRequestUri": "L3N1YnNjcmlwdGlvbnMvMjM1ODdlOTgtYjZhYy00MzI4LWE3NTMtMDNiY2QzYzhlNzQ0L3Byb3ZpZGVycy9NaWNyb3NvZnQuRG9jdW1lbnREQi9sb2NhdGlvbnMvZWFzdHVzL29wZXJhdGlvbnNTdGF0dXMvMDEwZDA5NzItOGUwMy00OTA3LWE1NDgtZjM0MWNiZmZjMGE3P2FwaS12ZXJzaW9uPTIwMjItMTEtMTUtcHJldmlldw==",
      "RequestMethod": "GET",
      "RequestHeaders": {
        "x-ms-client-request-id": [
          "af26b0ad-1a79-4105-bf70-5874a05d4cf7"
        ],
        "User-Agent": [
          "FxVersion/4.700.22.55902",
          "OSName/Windows",
          "OSVersion/Microsoft.Windows.10.0.22621",
          "Microsoft.Azure.Management.CosmosDB.CosmosDBManagementClient/1.9.1"
        ]
      },
      "RequestBody": "",
      "ResponseHeaders": {
        "Cache-Control": [
          "no-store, no-cache"
        ],
        "Pragma": [
          "no-cache"
        ],
        "Strict-Transport-Security": [
          "max-age=31536000; includeSubDomains"
        ],
        "x-ms-gatewayversion": [
          "version=2.14.0"
        ],
        "Server": [
          "Microsoft-HTTPAPI/2.0"
        ],
        "x-ms-ratelimit-remaining-subscription-reads": [
          "11989"
        ],
        "x-ms-request-id": [
          "cd57c36e-4299-4d66-8dc8-37fad01d4100"
        ],
        "x-ms-correlation-request-id": [
          "cd57c36e-4299-4d66-8dc8-37fad01d4100"
        ],
        "x-ms-routing-request-id": [
          "EASTUS2EUAP:20230412T105908Z:cd57c36e-4299-4d66-8dc8-37fad01d4100"
        ],
        "X-Content-Type-Options": [
          "nosniff"
        ],
        "Date": [
          "Wed, 12 Apr 2023 10:59:07 GMT"
        ],
        "Content-Length": [
          "21"
        ],
        "Content-Type": [
          "application/json"
        ]
      },
      "ResponseBody": "{\r\n  \"status\": \"Dequeued\"\r\n}",
      "StatusCode": 200
    },
    {
      "RequestUri": "/subscriptions/23587e98-b6ac-4328-a753-03bcd3c8e744/providers/Microsoft.DocumentDB/locations/eastus/operationsStatus/010d0972-8e03-4907-a548-f341cbffc0a7?api-version=2022-11-15-preview",
      "EncodedRequestUri": "L3N1YnNjcmlwdGlvbnMvMjM1ODdlOTgtYjZhYy00MzI4LWE3NTMtMDNiY2QzYzhlNzQ0L3Byb3ZpZGVycy9NaWNyb3NvZnQuRG9jdW1lbnREQi9sb2NhdGlvbnMvZWFzdHVzL29wZXJhdGlvbnNTdGF0dXMvMDEwZDA5NzItOGUwMy00OTA3LWE1NDgtZjM0MWNiZmZjMGE3P2FwaS12ZXJzaW9uPTIwMjItMTEtMTUtcHJldmlldw==",
      "RequestMethod": "GET",
      "RequestHeaders": {
        "x-ms-client-request-id": [
          "af26b0ad-1a79-4105-bf70-5874a05d4cf7"
        ],
        "User-Agent": [
          "FxVersion/4.700.22.55902",
          "OSName/Windows",
          "OSVersion/Microsoft.Windows.10.0.22621",
          "Microsoft.Azure.Management.CosmosDB.CosmosDBManagementClient/1.9.1"
        ]
      },
      "RequestBody": "",
      "ResponseHeaders": {
        "Cache-Control": [
          "no-store, no-cache"
        ],
        "Pragma": [
          "no-cache"
        ],
        "Strict-Transport-Security": [
          "max-age=31536000; includeSubDomains"
        ],
        "x-ms-gatewayversion": [
          "version=2.14.0"
        ],
        "Server": [
          "Microsoft-HTTPAPI/2.0"
        ],
        "x-ms-ratelimit-remaining-subscription-reads": [
          "11988"
        ],
        "x-ms-request-id": [
          "cc4b98a0-0258-4f50-ba9d-765eec5dd9b9"
        ],
        "x-ms-correlation-request-id": [
          "cc4b98a0-0258-4f50-ba9d-765eec5dd9b9"
        ],
        "x-ms-routing-request-id": [
          "EASTUS2EUAP:20230412T105938Z:cc4b98a0-0258-4f50-ba9d-765eec5dd9b9"
        ],
        "X-Content-Type-Options": [
          "nosniff"
        ],
        "Date": [
          "Wed, 12 Apr 2023 10:59:37 GMT"
        ],
        "Content-Length": [
          "21"
        ],
        "Content-Type": [
          "application/json"
        ]
      },
      "ResponseBody": "{\r\n  \"status\": \"Dequeued\"\r\n}",
      "StatusCode": 200
    },
    {
      "RequestUri": "/subscriptions/23587e98-b6ac-4328-a753-03bcd3c8e744/providers/Microsoft.DocumentDB/locations/eastus/operationsStatus/010d0972-8e03-4907-a548-f341cbffc0a7?api-version=2022-11-15-preview",
      "EncodedRequestUri": "L3N1YnNjcmlwdGlvbnMvMjM1ODdlOTgtYjZhYy00MzI4LWE3NTMtMDNiY2QzYzhlNzQ0L3Byb3ZpZGVycy9NaWNyb3NvZnQuRG9jdW1lbnREQi9sb2NhdGlvbnMvZWFzdHVzL29wZXJhdGlvbnNTdGF0dXMvMDEwZDA5NzItOGUwMy00OTA3LWE1NDgtZjM0MWNiZmZjMGE3P2FwaS12ZXJzaW9uPTIwMjItMTEtMTUtcHJldmlldw==",
      "RequestMethod": "GET",
      "RequestHeaders": {
        "x-ms-client-request-id": [
          "af26b0ad-1a79-4105-bf70-5874a05d4cf7"
        ],
        "User-Agent": [
          "FxVersion/4.700.22.55902",
          "OSName/Windows",
          "OSVersion/Microsoft.Windows.10.0.22621",
          "Microsoft.Azure.Management.CosmosDB.CosmosDBManagementClient/1.9.1"
        ]
      },
      "RequestBody": "",
      "ResponseHeaders": {
        "Cache-Control": [
          "no-store, no-cache"
        ],
        "Pragma": [
          "no-cache"
        ],
        "Strict-Transport-Security": [
          "max-age=31536000; includeSubDomains"
        ],
        "x-ms-gatewayversion": [
          "version=2.14.0"
        ],
        "Server": [
          "Microsoft-HTTPAPI/2.0"
        ],
        "x-ms-ratelimit-remaining-subscription-reads": [
          "11990"
        ],
        "x-ms-request-id": [
          "a919c79e-f1af-4d0a-ab47-162af052a1f3"
        ],
        "x-ms-correlation-request-id": [
          "a919c79e-f1af-4d0a-ab47-162af052a1f3"
        ],
        "x-ms-routing-request-id": [
          "EASTUS2EUAP:20230412T110008Z:a919c79e-f1af-4d0a-ab47-162af052a1f3"
        ],
        "X-Content-Type-Options": [
          "nosniff"
        ],
        "Date": [
          "Wed, 12 Apr 2023 11:00:08 GMT"
        ],
        "Content-Length": [
          "21"
        ],
        "Content-Type": [
          "application/json"
        ]
      },
      "ResponseBody": "{\r\n  \"status\": \"Dequeued\"\r\n}",
      "StatusCode": 200
    },
    {
      "RequestUri": "/subscriptions/23587e98-b6ac-4328-a753-03bcd3c8e744/providers/Microsoft.DocumentDB/locations/eastus/operationsStatus/010d0972-8e03-4907-a548-f341cbffc0a7?api-version=2022-11-15-preview",
      "EncodedRequestUri": "L3N1YnNjcmlwdGlvbnMvMjM1ODdlOTgtYjZhYy00MzI4LWE3NTMtMDNiY2QzYzhlNzQ0L3Byb3ZpZGVycy9NaWNyb3NvZnQuRG9jdW1lbnREQi9sb2NhdGlvbnMvZWFzdHVzL29wZXJhdGlvbnNTdGF0dXMvMDEwZDA5NzItOGUwMy00OTA3LWE1NDgtZjM0MWNiZmZjMGE3P2FwaS12ZXJzaW9uPTIwMjItMTEtMTUtcHJldmlldw==",
      "RequestMethod": "GET",
      "RequestHeaders": {
        "x-ms-client-request-id": [
          "af26b0ad-1a79-4105-bf70-5874a05d4cf7"
        ],
        "User-Agent": [
          "FxVersion/4.700.22.55902",
          "OSName/Windows",
          "OSVersion/Microsoft.Windows.10.0.22621",
          "Microsoft.Azure.Management.CosmosDB.CosmosDBManagementClient/1.9.1"
        ]
      },
      "RequestBody": "",
      "ResponseHeaders": {
        "Cache-Control": [
          "no-store, no-cache"
        ],
        "Pragma": [
          "no-cache"
        ],
        "Strict-Transport-Security": [
          "max-age=31536000; includeSubDomains"
        ],
        "x-ms-gatewayversion": [
          "version=2.14.0"
        ],
        "Server": [
          "Microsoft-HTTPAPI/2.0"
        ],
        "x-ms-ratelimit-remaining-subscription-reads": [
          "11989"
        ],
        "x-ms-request-id": [
          "d2ed880e-d374-4566-b619-94fe44e7f574"
        ],
        "x-ms-correlation-request-id": [
          "d2ed880e-d374-4566-b619-94fe44e7f574"
        ],
        "x-ms-routing-request-id": [
          "EASTUS2EUAP:20230412T110038Z:d2ed880e-d374-4566-b619-94fe44e7f574"
        ],
        "X-Content-Type-Options": [
          "nosniff"
        ],
        "Date": [
          "Wed, 12 Apr 2023 11:00:38 GMT"
        ],
        "Content-Length": [
          "21"
        ],
        "Content-Type": [
          "application/json"
        ]
      },
      "ResponseBody": "{\r\n  \"status\": \"Dequeued\"\r\n}",
      "StatusCode": 200
    },
    {
      "RequestUri": "/subscriptions/23587e98-b6ac-4328-a753-03bcd3c8e744/providers/Microsoft.DocumentDB/locations/eastus/operationsStatus/010d0972-8e03-4907-a548-f341cbffc0a7?api-version=2022-11-15-preview",
      "EncodedRequestUri": "L3N1YnNjcmlwdGlvbnMvMjM1ODdlOTgtYjZhYy00MzI4LWE3NTMtMDNiY2QzYzhlNzQ0L3Byb3ZpZGVycy9NaWNyb3NvZnQuRG9jdW1lbnREQi9sb2NhdGlvbnMvZWFzdHVzL29wZXJhdGlvbnNTdGF0dXMvMDEwZDA5NzItOGUwMy00OTA3LWE1NDgtZjM0MWNiZmZjMGE3P2FwaS12ZXJzaW9uPTIwMjItMTEtMTUtcHJldmlldw==",
      "RequestMethod": "GET",
      "RequestHeaders": {
        "x-ms-client-request-id": [
          "af26b0ad-1a79-4105-bf70-5874a05d4cf7"
        ],
        "User-Agent": [
          "FxVersion/4.700.22.55902",
          "OSName/Windows",
          "OSVersion/Microsoft.Windows.10.0.22621",
          "Microsoft.Azure.Management.CosmosDB.CosmosDBManagementClient/1.9.1"
        ]
      },
      "RequestBody": "",
      "ResponseHeaders": {
        "Cache-Control": [
          "no-store, no-cache"
        ],
        "Pragma": [
          "no-cache"
        ],
        "Strict-Transport-Security": [
          "max-age=31536000; includeSubDomains"
        ],
        "x-ms-gatewayversion": [
          "version=2.14.0"
        ],
        "Server": [
          "Microsoft-HTTPAPI/2.0"
        ],
        "x-ms-ratelimit-remaining-subscription-reads": [
          "11988"
        ],
        "x-ms-request-id": [
          "c8c0e0ba-66c9-41c1-b70a-492b2af316ce"
        ],
        "x-ms-correlation-request-id": [
          "c8c0e0ba-66c9-41c1-b70a-492b2af316ce"
        ],
        "x-ms-routing-request-id": [
          "EASTUS2EUAP:20230412T110108Z:c8c0e0ba-66c9-41c1-b70a-492b2af316ce"
        ],
        "X-Content-Type-Options": [
          "nosniff"
        ],
        "Date": [
          "Wed, 12 Apr 2023 11:01:08 GMT"
        ],
        "Content-Length": [
          "22"
        ],
        "Content-Type": [
          "application/json"
        ]
      },
      "ResponseBody": "{\r\n  \"status\": \"Succeeded\"\r\n}",
      "StatusCode": 200
    },
    {
      "RequestUri": "/subscriptions/23587e98-b6ac-4328-a753-03bcd3c8e744/resourceGroups/CosmosDBResourceGroup45/providers/Microsoft.DocumentDB/databaseAccounts/cassandra-db2745/cassandraKeyspaces/db2?api-version=2022-11-15-preview",
      "EncodedRequestUri": "L3N1YnNjcmlwdGlvbnMvMjM1ODdlOTgtYjZhYy00MzI4LWE3NTMtMDNiY2QzYzhlNzQ0L3Jlc291cmNlR3JvdXBzL0Nvc21vc0RCUmVzb3VyY2VHcm91cDQ1L3Byb3ZpZGVycy9NaWNyb3NvZnQuRG9jdW1lbnREQi9kYXRhYmFzZUFjY291bnRzL2Nhc3NhbmRyYS1kYjI3NDUvY2Fzc2FuZHJhS2V5c3BhY2VzL2RiMj9hcGktdmVyc2lvbj0yMDIyLTExLTE1LXByZXZpZXc=",
      "RequestMethod": "GET",
      "RequestHeaders": {
        "x-ms-client-request-id": [
          "9a351c69-fa22-4c11-b93d-947d713d2a82"
        ],
        "Accept-Language": [
          "en-US"
        ],
        "User-Agent": [
          "FxVersion/4.700.22.55902",
          "OSName/Windows",
          "OSVersion/Microsoft.Windows.10.0.22621",
          "Microsoft.Azure.Management.CosmosDB.CosmosDBManagementClient/1.9.1"
        ]
      },
      "RequestBody": "",
      "ResponseHeaders": {
        "Cache-Control": [
          "no-store, no-cache"
        ],
        "Pragma": [
          "no-cache"
        ],
        "Strict-Transport-Security": [
          "max-age=31536000; includeSubDomains"
        ],
        "x-ms-gatewayversion": [
          "version=2.14.0"
        ],
        "Server": [
          "Microsoft-HTTPAPI/2.0"
        ],
        "x-ms-ratelimit-remaining-subscription-reads": [
          "11985"
        ],
        "x-ms-request-id": [
          "1d436316-86ea-4e07-a874-28d8c29de203"
        ],
        "x-ms-correlation-request-id": [
          "1d436316-86ea-4e07-a874-28d8c29de203"
        ],
        "x-ms-routing-request-id": [
          "EASTUS2EUAP:20230412T110110Z:1d436316-86ea-4e07-a874-28d8c29de203"
        ],
        "X-Content-Type-Options": [
          "nosniff"
        ],
        "Date": [
          "Wed, 12 Apr 2023 11:01:09 GMT"
        ],
        "Content-Length": [
          "6521"
        ],
        "Content-Type": [
          "application/json"
        ]
      },
      "ResponseBody": "{\r\n  \"code\": \"NotFound\",\r\n  \"message\": \"Message: {\\\"code\\\":\\\"NotFound\\\",\\\"message\\\":\\\"Message: {\\\\\\\"Errors\\\\\\\":[\\\\\\\"Resource Not Found. Learn more: https:\\\\\\\\/\\\\\\\\/aka.ms\\\\\\\\/cosmosdb-tsg-not-found\\\\\\\"]}\\\\r\\\\nActivityId: 9a351c69-fa22-4c11-b93d-947d713d2a82, Request URI: /apps/8d259590-24bb-4146-a08c-0aeb547f2709/services/517cab45-543a-4129-b440-2df1ad2f198f/partitions/dbfb7566-0fa1-4d82-8045-eadfed296124/replicas/133117449044804950s, RequestStats: \\\\r\\\\nRequestStartTime: 2023-04-12T11:01:10.1339101Z, RequestEndTime: 2023-04-12T11:01:10.1339101Z,  Number of regions attempted:1\\\\r\\\\n{\\\\\\\"systemHistory\\\\\\\":[{\\\\\\\"dateUtc\\\\\\\":\\\\\\\"2023-04-12T11:00:00.3724720Z\\\\\\\",\\\\\\\"cpu\\\\\\\":0.268,\\\\\\\"memory\\\\\\\":501392004.000,\\\\\\\"threadInfo\\\\\\\":{\\\\\\\"isThreadStarving\\\\\\\":\\\\\\\"False\\\\\\\",\\\\\\\"threadWaitIntervalInMs\\\\\\\":0.0185,\\\\\\\"availableThreads\\\\\\\":32759,\\\\\\\"minThreads\\\\\\\":52,\\\\\\\"maxThreads\\\\\\\":32767},\\\\\\\"numberOfOpenTcpConnection\\\\\\\":1946},{\\\\\\\"dateUtc\\\\\\\":\\\\\\\"2023-04-12T11:00:20.3828437Z\\\\\\\",\\\\\\\"cpu\\\\\\\":0.170,\\\\\\\"memory\\\\\\\":501399864.000,\\\\\\\"threadInfo\\\\\\\":{\\\\\\\"isThreadStarving\\\\\\\":\\\\\\\"False\\\\\\\",\\\\\\\"threadWaitIntervalInMs\\\\\\\":0.0224,\\\\\\\"availableThreads\\\\\\\":32763,\\\\\\\"minThreads\\\\\\\":52,\\\\\\\"maxThreads\\\\\\\":32767},\\\\\\\"numberOfOpenTcpConnection\\\\\\\":1946},{\\\\\\\"dateUtc\\\\\\\":\\\\\\\"2023-04-12T11:00:30.3831490Z\\\\\\\",\\\\\\\"cpu\\\\\\\":0.225,\\\\\\\"memory\\\\\\\":501402544.000,\\\\\\\"threadInfo\\\\\\\":{\\\\\\\"isThreadStarving\\\\\\\":\\\\\\\"False\\\\\\\",\\\\\\\"threadWaitIntervalInMs\\\\\\\":0.0277,\\\\\\\"availableThreads\\\\\\\":32702,\\\\\\\"minThreads\\\\\\\":52,\\\\\\\"maxThreads\\\\\\\":32767},\\\\\\\"numberOfOpenTcpConnection\\\\\\\":1946},{\\\\\\\"dateUtc\\\\\\\":\\\\\\\"2023-04-12T11:00:40.3933487Z\\\\\\\",\\\\\\\"cpu\\\\\\\":0.222,\\\\\\\"memory\\\\\\\":501400688.000,\\\\\\\"threadInfo\\\\\\\":{\\\\\\\"isThreadStarving\\\\\\\":\\\\\\\"False\\\\\\\",\\\\\\\"threadWaitIntervalInMs\\\\\\\":0.0168,\\\\\\\"availableThreads\\\\\\\":32764,\\\\\\\"minThreads\\\\\\\":52,\\\\\\\"maxThreads\\\\\\\":32767},\\\\\\\"numberOfOpenTcpConnection\\\\\\\":1946},{\\\\\\\"dateUtc\\\\\\\":\\\\\\\"2023-04-12T11:00:50.3935441Z\\\\\\\",\\\\\\\"cpu\\\\\\\":0.975,\\\\\\\"memory\\\\\\\":501899576.000,\\\\\\\"threadInfo\\\\\\\":{\\\\\\\"isThreadStarving\\\\\\\":\\\\\\\"False\\\\\\\",\\\\\\\"threadWaitIntervalInMs\\\\\\\":0.0163,\\\\\\\"availableThreads\\\\\\\":32713,\\\\\\\"minThreads\\\\\\\":52,\\\\\\\"maxThreads\\\\\\\":32767},\\\\\\\"numberOfOpenTcpConnection\\\\\\\":1944},{\\\\\\\"dateUtc\\\\\\\":\\\\\\\"2023-04-12T11:01:00.4036710Z\\\\\\\",\\\\\\\"cpu\\\\\\\":0.156,\\\\\\\"memory\\\\\\\":501898012.000,\\\\\\\"threadInfo\\\\\\\":{\\\\\\\"isThreadStarving\\\\\\\":\\\\\\\"False\\\\\\\",\\\\\\\"threadWaitIntervalInMs\\\\\\\":0.0157,\\\\\\\"availableThreads\\\\\\\":32757,\\\\\\\"minThreads\\\\\\\":52,\\\\\\\"maxThreads\\\\\\\":32767},\\\\\\\"numberOfOpenTcpConnection\\\\\\\":1944}]}\\\\r\\\\nRequestStart: 2023-04-12T11:01:10.1339101Z; ResponseTime: 2023-04-12T11:01:10.1339101Z; StoreResult: StorePhysicalAddress: rntbd://10.0.0.86:11000/apps/8d259590-24bb-4146-a08c-0aeb547f2709/services/517cab45-543a-4129-b440-2df1ad2f198f/partitions/dbfb7566-0fa1-4d82-8045-eadfed296124/replicas/133117449044804950s, LSN: 7, GlobalCommittedLsn: 7, PartitionKeyRangeId: , IsValid: True, StatusCode: 404, SubStatusCode: 0, RequestCharge: 1, ItemLSN: -1, SessionToken: -1#7, UsingLocalLSN: False, TransportException: null, BELatencyMs: 1.005, ActivityId: 9a351c69-fa22-4c11-b93d-947d713d2a82, RetryAfterInMs: , TransportRequestTimeline: {\\\\\\\"requestTimeline\\\\\\\":[{\\\\\\\"event\\\\\\\": \\\\\\\"Created\\\\\\\", \\\\\\\"startTimeUtc\\\\\\\": \\\\\\\"2023-04-12T11:01:10.1339101Z\\\\\\\", \\\\\\\"durationInMs\\\\\\\": 0.0084},{\\\\\\\"event\\\\\\\": \\\\\\\"ChannelAcquisitionStarted\\\\\\\", \\\\\\\"startTimeUtc\\\\\\\": \\\\\\\"2023-04-12T11:01:10.1339185Z\\\\\\\", \\\\\\\"durationInMs\\\\\\\": 0.0023},{\\\\\\\"event\\\\\\\": \\\\\\\"Pipelined\\\\\\\", \\\\\\\"startTimeUtc\\\\\\\": \\\\\\\"2023-04-12T11:01:10.1339208Z\\\\\\\", \\\\\\\"durationInMs\\\\\\\": 0.2005},{\\\\\\\"event\\\\\\\": \\\\\\\"Transit Time\\\\\\\", \\\\\\\"startTimeUtc\\\\\\\": \\\\\\\"2023-04-12T11:01:10.1341213Z\\\\\\\", \\\\\\\"durationInMs\\\\\\\": 1.3852},{\\\\\\\"event\\\\\\\": \\\\\\\"Received\\\\\\\", \\\\\\\"startTimeUtc\\\\\\\": \\\\\\\"2023-04-12T11:01:10.1355065Z\\\\\\\", \\\\\\\"durationInMs\\\\\\\": 0.0725},{\\\\\\\"event\\\\\\\": \\\\\\\"Completed\\\\\\\", \\\\\\\"startTimeUtc\\\\\\\": \\\\\\\"2023-04-12T11:01:10.1355790Z\\\\\\\", \\\\\\\"durationInMs\\\\\\\": 0}],\\\\\\\"serviceEndpointStats\\\\\\\":{\\\\\\\"inflightRequests\\\\\\\":1,\\\\\\\"openConnections\\\\\\\":1},\\\\\\\"connectionStats\\\\\\\":{\\\\\\\"waitforConnectionInit\\\\\\\":\\\\\\\"False\\\\\\\",\\\\\\\"callsPendingReceive\\\\\\\":0,\\\\\\\"lastSendAttempt\\\\\\\":\\\\\\\"2023-04-12T11:01:10.0838683Z\\\\\\\",\\\\\\\"lastSend\\\\\\\":\\\\\\\"2023-04-12T11:01:10.0838683Z\\\\\\\",\\\\\\\"lastReceive\\\\\\\":\\\\\\\"2023-04-12T11:01:10.0838683Z\\\\\\\"},\\\\\\\"requestSizeInBytes\\\\\\\":452,\\\\\\\"responseMetadataSizeInBytes\\\\\\\":134,\\\\\\\"responseBodySizeInBytes\\\\\\\":87};\\\\r\\\\n ResourceType: Database, OperationType: Read\\\\r\\\\nRequestStart: 2023-04-12T11:01:10.1339101Z; ResponseTime: 2023-04-12T11:01:10.1339101Z; StoreResult: StorePhysicalAddress: rntbd://10.0.0.98:11300/apps/8d259590-24bb-4146-a08c-0aeb547f2709/services/517cab45-543a-4129-b440-2df1ad2f198f/partitions/dbfb7566-0fa1-4d82-8045-eadfed296124/replicas/133117449044804951s, LSN: 7, GlobalCommittedLsn: 7, PartitionKeyRangeId: , IsValid: True, StatusCode: 404, SubStatusCode: 0, RequestCharge: 1, ItemLSN: -1, SessionToken: -1#7, UsingLocalLSN: False, TransportException: null, BELatencyMs: 1.193, ActivityId: 9a351c69-fa22-4c11-b93d-947d713d2a82, RetryAfterInMs: , TransportRequestTimeline: {\\\\\\\"requestTimeline\\\\\\\":[{\\\\\\\"event\\\\\\\": \\\\\\\"Created\\\\\\\", \\\\\\\"startTimeUtc\\\\\\\": \\\\\\\"2023-04-12T11:01:10.1339101Z\\\\\\\", \\\\\\\"durationInMs\\\\\\\": 0.0039},{\\\\\\\"event\\\\\\\": \\\\\\\"ChannelAcquisitionStarted\\\\\\\", \\\\\\\"startTimeUtc\\\\\\\": \\\\\\\"2023-04-12T11:01:10.1339140Z\\\\\\\", \\\\\\\"durationInMs\\\\\\\": 0.0013},{\\\\\\\"event\\\\\\\": \\\\\\\"Pipelined\\\\\\\", \\\\\\\"startTimeUtc\\\\\\\": \\\\\\\"2023-04-12T11:01:10.1339153Z\\\\\\\", \\\\\\\"durationInMs\\\\\\\": 0.1369},{\\\\\\\"event\\\\\\\": \\\\\\\"Transit Time\\\\\\\", \\\\\\\"startTimeUtc\\\\\\\": \\\\\\\"2023-04-12T11:01:10.1340522Z\\\\\\\", \\\\\\\"durationInMs\\\\\\\": 1.592},{\\\\\\\"event\\\\\\\": \\\\\\\"Received\\\\\\\", \\\\\\\"startTimeUtc\\\\\\\": \\\\\\\"2023-04-12T11:01:10.1356442Z\\\\\\\", \\\\\\\"durationInMs\\\\\\\": 0.0615},{\\\\\\\"event\\\\\\\": \\\\\\\"Completed\\\\\\\", \\\\\\\"startTimeUtc\\\\\\\": \\\\\\\"2023-04-12T11:01:10.1357057Z\\\\\\\", \\\\\\\"durationInMs\\\\\\\": 0}],\\\\\\\"serviceEndpointStats\\\\\\\":{\\\\\\\"inflightRequests\\\\\\\":1,\\\\\\\"openConnections\\\\\\\":1},\\\\\\\"connectionStats\\\\\\\":{\\\\\\\"waitforConnectionInit\\\\\\\":\\\\\\\"False\\\\\\\",\\\\\\\"callsPendingReceive\\\\\\\":0,\\\\\\\"lastSendAttempt\\\\\\\":\\\\\\\"2023-04-12T11:01:10.0838683Z\\\\\\\",\\\\\\\"lastSend\\\\\\\":\\\\\\\"2023-04-12T11:01:10.0838683Z\\\\\\\",\\\\\\\"lastReceive\\\\\\\":\\\\\\\"2023-04-12T11:01:10.0838683Z\\\\\\\"},\\\\\\\"requestSizeInBytes\\\\\\\":452,\\\\\\\"responseMetadataSizeInBytes\\\\\\\":134,\\\\\\\"responseBodySizeInBytes\\\\\\\":87};\\\\r\\\\n ResourceType: Database, OperationType: Read\\\\r\\\\n, SDK: Microsoft.Azure.Documents.Common/2.14.0\\\"}, Request URI: /dbs/db2, RequestStats: , SDK: Microsoft.Azure.Documents.Common/2.14.0\"\r\n}",
      "StatusCode": 404
    },
    {
      "RequestUri": "/subscriptions/23587e98-b6ac-4328-a753-03bcd3c8e744/resourceGroups/CosmosDBResourceGroup45/providers/Microsoft.DocumentDB/databaseAccounts/cassandra-db2745/cassandraKeyspaces/db2?api-version=2022-11-15-preview",
      "EncodedRequestUri": "L3N1YnNjcmlwdGlvbnMvMjM1ODdlOTgtYjZhYy00MzI4LWE3NTMtMDNiY2QzYzhlNzQ0L3Jlc291cmNlR3JvdXBzL0Nvc21vc0RCUmVzb3VyY2VHcm91cDQ1L3Byb3ZpZGVycy9NaWNyb3NvZnQuRG9jdW1lbnREQi9kYXRhYmFzZUFjY291bnRzL2Nhc3NhbmRyYS1kYjI3NDUvY2Fzc2FuZHJhS2V5c3BhY2VzL2RiMj9hcGktdmVyc2lvbj0yMDIyLTExLTE1LXByZXZpZXc=",
      "RequestMethod": "GET",
      "RequestHeaders": {
        "x-ms-client-request-id": [
          "9a351c69-fa22-4c11-b93d-947d713d2a82"
        ],
        "User-Agent": [
          "FxVersion/4.700.22.55902",
          "OSName/Windows",
          "OSVersion/Microsoft.Windows.10.0.22621",
          "Microsoft.Azure.Management.CosmosDB.CosmosDBManagementClient/1.9.1"
        ]
      },
      "RequestBody": "",
      "ResponseHeaders": {
        "Cache-Control": [
          "no-store, no-cache"
        ],
        "Pragma": [
          "no-cache"
        ],
        "Strict-Transport-Security": [
          "max-age=31536000; includeSubDomains"
        ],
        "x-ms-gatewayversion": [
          "version=2.14.0"
        ],
        "Server": [
          "Microsoft-HTTPAPI/2.0"
        ],
        "x-ms-ratelimit-remaining-subscription-reads": [
          "11983"
        ],
        "x-ms-request-id": [
          "b3333d5f-7aa6-4c08-bee2-60ce0d3fb4f0"
        ],
        "x-ms-correlation-request-id": [
          "b3333d5f-7aa6-4c08-bee2-60ce0d3fb4f0"
        ],
        "x-ms-routing-request-id": [
          "EASTUS2EUAP:20230412T110141Z:b3333d5f-7aa6-4c08-bee2-60ce0d3fb4f0"
        ],
        "X-Content-Type-Options": [
          "nosniff"
        ],
        "Date": [
          "Wed, 12 Apr 2023 11:01:41 GMT"
        ],
        "Content-Length": [
          "391"
        ],
        "Content-Type": [
          "application/json"
        ]
      },
      "ResponseBody": "{\r\n  \"id\": \"/subscriptions/23587e98-b6ac-4328-a753-03bcd3c8e744/resourceGroups/CosmosDBResourceGroup45/providers/Microsoft.DocumentDB/databaseAccounts/cassandra-db2745/cassandraKeyspaces/db2\",\r\n  \"type\": \"Microsoft.DocumentDB/databaseAccounts/cassandraKeyspaces\",\r\n  \"name\": \"db2\",\r\n  \"properties\": {\r\n    \"resource\": {\r\n      \"id\": \"db2\",\r\n      \"_rid\": \"Ot0PAA==\",\r\n      \"_etag\": \"\\\"00000900-0000-0100-0000-64368f7e0000\\\"\",\r\n      \"_ts\": 1681297278\r\n    }\r\n  }\r\n}",
      "StatusCode": 200
    },
    {
      "RequestUri": "/subscriptions/23587e98-b6ac-4328-a753-03bcd3c8e744/resourceGroups/CosmosDBResourceGroup45/providers/Microsoft.DocumentDB/databaseAccounts/cassandra-db2745/cassandraKeyspaces/db2?api-version=2022-11-15-preview",
      "EncodedRequestUri": "L3N1YnNjcmlwdGlvbnMvMjM1ODdlOTgtYjZhYy00MzI4LWE3NTMtMDNiY2QzYzhlNzQ0L3Jlc291cmNlR3JvdXBzL0Nvc21vc0RCUmVzb3VyY2VHcm91cDQ1L3Byb3ZpZGVycy9NaWNyb3NvZnQuRG9jdW1lbnREQi9kYXRhYmFzZUFjY291bnRzL2Nhc3NhbmRyYS1kYjI3NDUvY2Fzc2FuZHJhS2V5c3BhY2VzL2RiMj9hcGktdmVyc2lvbj0yMDIyLTExLTE1LXByZXZpZXc=",
      "RequestMethod": "GET",
      "RequestHeaders": {
        "x-ms-client-request-id": [
          "57f48980-f44f-4400-9a41-33ac28b2accf"
        ],
        "Accept-Language": [
          "en-US"
        ],
        "User-Agent": [
          "FxVersion/4.700.22.55902",
          "OSName/Windows",
          "OSVersion/Microsoft.Windows.10.0.22621",
          "Microsoft.Azure.Management.CosmosDB.CosmosDBManagementClient/1.9.1"
        ]
      },
      "RequestBody": "",
      "ResponseHeaders": {
        "Cache-Control": [
          "no-store, no-cache"
        ],
        "Pragma": [
          "no-cache"
        ],
        "Strict-Transport-Security": [
          "max-age=31536000; includeSubDomains"
        ],
        "x-ms-gatewayversion": [
          "version=2.14.0"
        ],
        "Server": [
          "Microsoft-HTTPAPI/2.0"
        ],
        "x-ms-ratelimit-remaining-subscription-reads": [
          "11986"
        ],
        "x-ms-request-id": [
          "b7c85adb-0f51-4d76-9aec-9f7d053d612f"
        ],
        "x-ms-correlation-request-id": [
          "b7c85adb-0f51-4d76-9aec-9f7d053d612f"
        ],
        "x-ms-routing-request-id": [
          "EASTUS2EUAP:20230412T110142Z:b7c85adb-0f51-4d76-9aec-9f7d053d612f"
        ],
        "X-Content-Type-Options": [
          "nosniff"
        ],
        "Date": [
          "Wed, 12 Apr 2023 11:01:42 GMT"
        ],
        "Content-Length": [
          "391"
        ],
        "Content-Type": [
          "application/json"
        ]
      },
      "ResponseBody": "{\r\n  \"id\": \"/subscriptions/23587e98-b6ac-4328-a753-03bcd3c8e744/resourceGroups/CosmosDBResourceGroup45/providers/Microsoft.DocumentDB/databaseAccounts/cassandra-db2745/cassandraKeyspaces/db2\",\r\n  \"type\": \"Microsoft.DocumentDB/databaseAccounts/cassandraKeyspaces\",\r\n  \"name\": \"db2\",\r\n  \"properties\": {\r\n    \"resource\": {\r\n      \"id\": \"db2\",\r\n      \"_rid\": \"Ot0PAA==\",\r\n      \"_etag\": \"\\\"00000900-0000-0100-0000-64368f7e0000\\\"\",\r\n      \"_ts\": 1681297278\r\n    }\r\n  }\r\n}",
      "StatusCode": 200
    },
    {
      "RequestUri": "/subscriptions/23587e98-b6ac-4328-a753-03bcd3c8e744/resourceGroups/CosmosDBResourceGroup45/providers/Microsoft.DocumentDB/databaseAccounts/cassandra-db2745/cassandraKeyspaces/db2?api-version=2022-11-15-preview",
      "EncodedRequestUri": "L3N1YnNjcmlwdGlvbnMvMjM1ODdlOTgtYjZhYy00MzI4LWE3NTMtMDNiY2QzYzhlNzQ0L3Jlc291cmNlR3JvdXBzL0Nvc21vc0RCUmVzb3VyY2VHcm91cDQ1L3Byb3ZpZGVycy9NaWNyb3NvZnQuRG9jdW1lbnREQi9kYXRhYmFzZUFjY291bnRzL2Nhc3NhbmRyYS1kYjI3NDUvY2Fzc2FuZHJhS2V5c3BhY2VzL2RiMj9hcGktdmVyc2lvbj0yMDIyLTExLTE1LXByZXZpZXc=",
      "RequestMethod": "GET",
      "RequestHeaders": {
        "x-ms-client-request-id": [
          "57f48980-f44f-4400-9a41-33ac28b2accf"
        ],
        "User-Agent": [
          "FxVersion/4.700.22.55902",
          "OSName/Windows",
          "OSVersion/Microsoft.Windows.10.0.22621",
          "Microsoft.Azure.Management.CosmosDB.CosmosDBManagementClient/1.9.1"
        ]
      },
      "RequestBody": "",
      "ResponseHeaders": {
        "Cache-Control": [
          "no-store, no-cache"
        ],
        "Pragma": [
          "no-cache"
        ],
        "Strict-Transport-Security": [
          "max-age=31536000; includeSubDomains"
        ],
        "x-ms-gatewayversion": [
          "version=2.14.0"
        ],
        "Server": [
          "Microsoft-HTTPAPI/2.0"
        ],
        "x-ms-ratelimit-remaining-subscription-reads": [
          "11984"
        ],
        "x-ms-request-id": [
          "8dc2f79f-043c-46f8-b155-a92a01f84caf"
        ],
        "x-ms-correlation-request-id": [
          "8dc2f79f-043c-46f8-b155-a92a01f84caf"
        ],
        "x-ms-routing-request-id": [
          "EASTUS2EUAP:20230412T110213Z:8dc2f79f-043c-46f8-b155-a92a01f84caf"
        ],
        "X-Content-Type-Options": [
          "nosniff"
        ],
        "Date": [
          "Wed, 12 Apr 2023 11:02:12 GMT"
        ],
        "Content-Length": [
          "391"
        ],
        "Content-Type": [
          "application/json"
        ]
      },
      "ResponseBody": "{\r\n  \"id\": \"/subscriptions/23587e98-b6ac-4328-a753-03bcd3c8e744/resourceGroups/CosmosDBResourceGroup45/providers/Microsoft.DocumentDB/databaseAccounts/cassandra-db2745/cassandraKeyspaces/db2\",\r\n  \"type\": \"Microsoft.DocumentDB/databaseAccounts/cassandraKeyspaces\",\r\n  \"name\": \"db2\",\r\n  \"properties\": {\r\n    \"resource\": {\r\n      \"id\": \"db2\",\r\n      \"_rid\": \"Ot0PAA==\",\r\n      \"_etag\": \"\\\"00000900-0000-0100-0000-64368f7e0000\\\"\",\r\n      \"_ts\": 1681297278\r\n    }\r\n  }\r\n}",
      "StatusCode": 200
    },
    {
      "RequestUri": "/subscriptions/23587e98-b6ac-4328-a753-03bcd3c8e744/resourceGroups/CosmosDBResourceGroup45/providers/Microsoft.DocumentDB/databaseAccounts/cassandra-db2745/cassandraKeyspaces/db2?api-version=2022-11-15-preview",
      "EncodedRequestUri": "L3N1YnNjcmlwdGlvbnMvMjM1ODdlOTgtYjZhYy00MzI4LWE3NTMtMDNiY2QzYzhlNzQ0L3Jlc291cmNlR3JvdXBzL0Nvc21vc0RCUmVzb3VyY2VHcm91cDQ1L3Byb3ZpZGVycy9NaWNyb3NvZnQuRG9jdW1lbnREQi9kYXRhYmFzZUFjY291bnRzL2Nhc3NhbmRyYS1kYjI3NDUvY2Fzc2FuZHJhS2V5c3BhY2VzL2RiMj9hcGktdmVyc2lvbj0yMDIyLTExLTE1LXByZXZpZXc=",
      "RequestMethod": "GET",
      "RequestHeaders": {
        "x-ms-client-request-id": [
          "ffd229d8-15d1-4671-9b85-45bccf6e30ca"
        ],
        "Accept-Language": [
          "en-US"
        ],
        "User-Agent": [
          "FxVersion/4.700.22.55902",
          "OSName/Windows",
          "OSVersion/Microsoft.Windows.10.0.22621",
          "Microsoft.Azure.Management.CosmosDB.CosmosDBManagementClient/1.9.1"
        ]
      },
      "RequestBody": "",
      "ResponseHeaders": {
        "Cache-Control": [
          "no-store, no-cache"
        ],
        "Pragma": [
          "no-cache"
        ],
        "Strict-Transport-Security": [
          "max-age=31536000; includeSubDomains"
        ],
        "x-ms-gatewayversion": [
          "version=2.14.0"
        ],
        "Server": [
          "Microsoft-HTTPAPI/2.0"
        ],
        "x-ms-ratelimit-remaining-subscription-reads": [
          "11982"
        ],
        "x-ms-request-id": [
          "99f1cb06-5a6a-4fbc-ae2f-a815d30d2bed"
        ],
        "x-ms-correlation-request-id": [
          "99f1cb06-5a6a-4fbc-ae2f-a815d30d2bed"
        ],
        "x-ms-routing-request-id": [
          "EASTUS2EUAP:20230412T110213Z:99f1cb06-5a6a-4fbc-ae2f-a815d30d2bed"
        ],
        "X-Content-Type-Options": [
          "nosniff"
        ],
        "Date": [
          "Wed, 12 Apr 2023 11:02:13 GMT"
        ],
        "Content-Length": [
          "391"
        ],
        "Content-Type": [
          "application/json"
        ]
      },
      "ResponseBody": "{\r\n  \"id\": \"/subscriptions/23587e98-b6ac-4328-a753-03bcd3c8e744/resourceGroups/CosmosDBResourceGroup45/providers/Microsoft.DocumentDB/databaseAccounts/cassandra-db2745/cassandraKeyspaces/db2\",\r\n  \"type\": \"Microsoft.DocumentDB/databaseAccounts/cassandraKeyspaces\",\r\n  \"name\": \"db2\",\r\n  \"properties\": {\r\n    \"resource\": {\r\n      \"id\": \"db2\",\r\n      \"_rid\": \"Ot0PAA==\",\r\n      \"_etag\": \"\\\"00000900-0000-0100-0000-64368f7e0000\\\"\",\r\n      \"_ts\": 1681297278\r\n    }\r\n  }\r\n}",
      "StatusCode": 200
    },
    {
      "RequestUri": "/subscriptions/23587e98-b6ac-4328-a753-03bcd3c8e744/resourceGroups/CosmosDBResourceGroup45/providers/Microsoft.DocumentDB/databaseAccounts/cassandra-db2745/cassandraKeyspaces/db2?api-version=2022-11-15-preview",
      "EncodedRequestUri": "L3N1YnNjcmlwdGlvbnMvMjM1ODdlOTgtYjZhYy00MzI4LWE3NTMtMDNiY2QzYzhlNzQ0L3Jlc291cmNlR3JvdXBzL0Nvc21vc0RCUmVzb3VyY2VHcm91cDQ1L3Byb3ZpZGVycy9NaWNyb3NvZnQuRG9jdW1lbnREQi9kYXRhYmFzZUFjY291bnRzL2Nhc3NhbmRyYS1kYjI3NDUvY2Fzc2FuZHJhS2V5c3BhY2VzL2RiMj9hcGktdmVyc2lvbj0yMDIyLTExLTE1LXByZXZpZXc=",
      "RequestMethod": "GET",
      "RequestHeaders": {
        "x-ms-client-request-id": [
          "ffd229d8-15d1-4671-9b85-45bccf6e30ca"
        ],
        "User-Agent": [
          "FxVersion/4.700.22.55902",
          "OSName/Windows",
          "OSVersion/Microsoft.Windows.10.0.22621",
          "Microsoft.Azure.Management.CosmosDB.CosmosDBManagementClient/1.9.1"
        ]
      },
      "RequestBody": "",
      "ResponseHeaders": {
        "Cache-Control": [
          "no-store, no-cache"
        ],
        "Pragma": [
          "no-cache"
        ],
        "Strict-Transport-Security": [
          "max-age=31536000; includeSubDomains"
        ],
        "x-ms-gatewayversion": [
          "version=2.14.0"
        ],
        "Server": [
          "Microsoft-HTTPAPI/2.0"
        ],
        "x-ms-ratelimit-remaining-subscription-reads": [
          "11980"
        ],
        "x-ms-request-id": [
          "5b66848d-0b07-468a-87ba-9c100cb9c808"
        ],
        "x-ms-correlation-request-id": [
          "5b66848d-0b07-468a-87ba-9c100cb9c808"
        ],
        "x-ms-routing-request-id": [
          "EASTUS2EUAP:20230412T110244Z:5b66848d-0b07-468a-87ba-9c100cb9c808"
        ],
        "X-Content-Type-Options": [
          "nosniff"
        ],
        "Date": [
          "Wed, 12 Apr 2023 11:02:43 GMT"
        ],
        "Content-Length": [
          "391"
        ],
        "Content-Type": [
          "application/json"
        ]
      },
      "ResponseBody": "{\r\n  \"id\": \"/subscriptions/23587e98-b6ac-4328-a753-03bcd3c8e744/resourceGroups/CosmosDBResourceGroup45/providers/Microsoft.DocumentDB/databaseAccounts/cassandra-db2745/cassandraKeyspaces/db2\",\r\n  \"type\": \"Microsoft.DocumentDB/databaseAccounts/cassandraKeyspaces\",\r\n  \"name\": \"db2\",\r\n  \"properties\": {\r\n    \"resource\": {\r\n      \"id\": \"db2\",\r\n      \"_rid\": \"Ot0PAA==\",\r\n      \"_etag\": \"\\\"00000900-0000-0100-0000-64368f7e0000\\\"\",\r\n      \"_ts\": 1681297278\r\n    }\r\n  }\r\n}",
      "StatusCode": 200
    },
    {
      "RequestUri": "/subscriptions/23587e98-b6ac-4328-a753-03bcd3c8e744/resourceGroups/CosmosDBResourceGroup45/providers/Microsoft.DocumentDB/databaseAccounts/cassandra-db2745/cassandraKeyspaces/db2?api-version=2022-11-15-preview",
      "EncodedRequestUri": "L3N1YnNjcmlwdGlvbnMvMjM1ODdlOTgtYjZhYy00MzI4LWE3NTMtMDNiY2QzYzhlNzQ0L3Jlc291cmNlR3JvdXBzL0Nvc21vc0RCUmVzb3VyY2VHcm91cDQ1L3Byb3ZpZGVycy9NaWNyb3NvZnQuRG9jdW1lbnREQi9kYXRhYmFzZUFjY291bnRzL2Nhc3NhbmRyYS1kYjI3NDUvY2Fzc2FuZHJhS2V5c3BhY2VzL2RiMj9hcGktdmVyc2lvbj0yMDIyLTExLTE1LXByZXZpZXc=",
      "RequestMethod": "GET",
      "RequestHeaders": {
        "x-ms-client-request-id": [
          "b7d2b5f9-f399-4676-b44f-5151c1218545"
        ],
        "Accept-Language": [
          "en-US"
        ],
        "User-Agent": [
          "FxVersion/4.700.22.55902",
          "OSName/Windows",
          "OSVersion/Microsoft.Windows.10.0.22621",
          "Microsoft.Azure.Management.CosmosDB.CosmosDBManagementClient/1.9.1"
        ]
      },
      "RequestBody": "",
      "ResponseHeaders": {
        "Cache-Control": [
          "no-store, no-cache"
        ],
        "Pragma": [
          "no-cache"
        ],
        "Strict-Transport-Security": [
          "max-age=31536000; includeSubDomains"
        ],
        "x-ms-gatewayversion": [
          "version=2.14.0"
        ],
        "Server": [
          "Microsoft-HTTPAPI/2.0"
        ],
        "x-ms-ratelimit-remaining-subscription-reads": [
          "11971"
        ],
        "x-ms-request-id": [
          "9548c9a6-ed10-46b4-9120-040fdb1a9289"
        ],
        "x-ms-correlation-request-id": [
          "9548c9a6-ed10-46b4-9120-040fdb1a9289"
        ],
        "x-ms-routing-request-id": [
          "EASTUS2EUAP:20230412T110419Z:9548c9a6-ed10-46b4-9120-040fdb1a9289"
        ],
        "X-Content-Type-Options": [
          "nosniff"
        ],
        "Date": [
          "Wed, 12 Apr 2023 11:04:19 GMT"
        ],
        "Content-Length": [
          "391"
        ],
        "Content-Type": [
          "application/json"
        ]
      },
      "ResponseBody": "{\r\n  \"id\": \"/subscriptions/23587e98-b6ac-4328-a753-03bcd3c8e744/resourceGroups/CosmosDBResourceGroup45/providers/Microsoft.DocumentDB/databaseAccounts/cassandra-db2745/cassandraKeyspaces/db2\",\r\n  \"type\": \"Microsoft.DocumentDB/databaseAccounts/cassandraKeyspaces\",\r\n  \"name\": \"db2\",\r\n  \"properties\": {\r\n    \"resource\": {\r\n      \"id\": \"db2\",\r\n      \"_rid\": \"Ot0PAA==\",\r\n      \"_etag\": \"\\\"00000900-0000-0100-0000-64368f7e0000\\\"\",\r\n      \"_ts\": 1681297278\r\n    }\r\n  }\r\n}",
      "StatusCode": 200
    },
    {
      "RequestUri": "/subscriptions/23587e98-b6ac-4328-a753-03bcd3c8e744/resourceGroups/CosmosDBResourceGroup45/providers/Microsoft.DocumentDB/databaseAccounts/cassandra-db2745/cassandraKeyspaces/db2?api-version=2022-11-15-preview",
      "EncodedRequestUri": "L3N1YnNjcmlwdGlvbnMvMjM1ODdlOTgtYjZhYy00MzI4LWE3NTMtMDNiY2QzYzhlNzQ0L3Jlc291cmNlR3JvdXBzL0Nvc21vc0RCUmVzb3VyY2VHcm91cDQ1L3Byb3ZpZGVycy9NaWNyb3NvZnQuRG9jdW1lbnREQi9kYXRhYmFzZUFjY291bnRzL2Nhc3NhbmRyYS1kYjI3NDUvY2Fzc2FuZHJhS2V5c3BhY2VzL2RiMj9hcGktdmVyc2lvbj0yMDIyLTExLTE1LXByZXZpZXc=",
      "RequestMethod": "PUT",
      "RequestHeaders": {
        "x-ms-client-request-id": [
          "9a351c69-fa22-4c11-b93d-947d713d2a82"
        ],
        "Accept-Language": [
          "en-US"
        ],
        "User-Agent": [
          "FxVersion/4.700.22.55902",
          "OSName/Windows",
          "OSVersion/Microsoft.Windows.10.0.22621",
          "Microsoft.Azure.Management.CosmosDB.CosmosDBManagementClient/1.9.1"
        ],
        "Content-Type": [
          "application/json; charset=utf-8"
        ],
        "Content-Length": [
          "124"
        ]
      },
      "RequestBody": "{\r\n  \"properties\": {\r\n    \"resource\": {\r\n      \"id\": \"db2\"\r\n    },\r\n    \"options\": {\r\n      \"throughput\": 500\r\n    }\r\n  }\r\n}",
      "ResponseHeaders": {
        "Cache-Control": [
          "no-store, no-cache"
        ],
        "Pragma": [
          "no-cache"
        ],
        "Location": [
          "https://eastus2euap.management.azure.com/subscriptions/23587e98-b6ac-4328-a753-03bcd3c8e744/resourceGroups/CosmosDBResourceGroup45/providers/Microsoft.DocumentDB/databaseAccounts/cassandra-db2745/cassandraKeyspaces/db2/operationResults/a884dcab-c83b-4581-b18b-9a2b4c4cf54c?api-version=2022-11-15-preview"
        ],
        "Azure-AsyncOperation": [
          "https://eastus2euap.management.azure.com/subscriptions/23587e98-b6ac-4328-a753-03bcd3c8e744/providers/Microsoft.DocumentDB/locations/eastus/operationsStatus/a884dcab-c83b-4581-b18b-9a2b4c4cf54c?api-version=2022-11-15-preview"
        ],
        "x-ms-request-id": [
          "a884dcab-c83b-4581-b18b-9a2b4c4cf54c"
        ],
        "Strict-Transport-Security": [
          "max-age=31536000; includeSubDomains"
        ],
        "x-ms-gatewayversion": [
          "version=2.14.0"
        ],
        "Server": [
          "Microsoft-HTTPAPI/2.0"
        ],
        "x-ms-ratelimit-remaining-subscription-writes": [
          "1197"
        ],
        "x-ms-correlation-request-id": [
          "261f3e58-2f7a-4ea6-abec-93a1d89b2f10"
        ],
        "x-ms-routing-request-id": [
          "EASTUS2EUAP:20230412T110111Z:261f3e58-2f7a-4ea6-abec-93a1d89b2f10"
        ],
        "X-Content-Type-Options": [
          "nosniff"
        ],
        "Date": [
          "Wed, 12 Apr 2023 11:01:11 GMT"
        ],
        "Content-Length": [
          "21"
        ],
        "Content-Type": [
          "application/json"
        ]
      },
      "ResponseBody": "{\r\n  \"status\": \"Enqueued\"\r\n}",
      "StatusCode": 202
    },
    {
      "RequestUri": "/subscriptions/23587e98-b6ac-4328-a753-03bcd3c8e744/resourceGroups/CosmosDBResourceGroup45/providers/Microsoft.DocumentDB/databaseAccounts/cassandra-db2745/cassandraKeyspaces/db2?api-version=2022-11-15-preview",
      "EncodedRequestUri": "L3N1YnNjcmlwdGlvbnMvMjM1ODdlOTgtYjZhYy00MzI4LWE3NTMtMDNiY2QzYzhlNzQ0L3Jlc291cmNlR3JvdXBzL0Nvc21vc0RCUmVzb3VyY2VHcm91cDQ1L3Byb3ZpZGVycy9NaWNyb3NvZnQuRG9jdW1lbnREQi9kYXRhYmFzZUFjY291bnRzL2Nhc3NhbmRyYS1kYjI3NDUvY2Fzc2FuZHJhS2V5c3BhY2VzL2RiMj9hcGktdmVyc2lvbj0yMDIyLTExLTE1LXByZXZpZXc=",
      "RequestMethod": "PUT",
      "RequestHeaders": {
        "x-ms-client-request-id": [
          "57f48980-f44f-4400-9a41-33ac28b2accf"
        ],
        "Accept-Language": [
          "en-US"
        ],
        "User-Agent": [
          "FxVersion/4.700.22.55902",
          "OSName/Windows",
          "OSVersion/Microsoft.Windows.10.0.22621",
          "Microsoft.Azure.Management.CosmosDB.CosmosDBManagementClient/1.9.1"
        ],
        "Content-Type": [
          "application/json; charset=utf-8"
        ],
        "Content-Length": [
          "93"
        ]
      },
      "RequestBody": "{\r\n  \"properties\": {\r\n    \"resource\": {\r\n      \"id\": \"db2\"\r\n    },\r\n    \"options\": {}\r\n  }\r\n}",
      "ResponseHeaders": {
        "Cache-Control": [
          "no-store, no-cache"
        ],
        "Pragma": [
          "no-cache"
        ],
        "Location": [
          "https://eastus2euap.management.azure.com/subscriptions/23587e98-b6ac-4328-a753-03bcd3c8e744/resourceGroups/CosmosDBResourceGroup45/providers/Microsoft.DocumentDB/databaseAccounts/cassandra-db2745/cassandraKeyspaces/db2/operationResults/04cd4803-dd07-4152-be3d-4500c92d3a63?api-version=2022-11-15-preview"
        ],
        "Azure-AsyncOperation": [
          "https://eastus2euap.management.azure.com/subscriptions/23587e98-b6ac-4328-a753-03bcd3c8e744/providers/Microsoft.DocumentDB/locations/eastus/operationsStatus/04cd4803-dd07-4152-be3d-4500c92d3a63?api-version=2022-11-15-preview"
        ],
        "x-ms-request-id": [
          "04cd4803-dd07-4152-be3d-4500c92d3a63"
        ],
        "Strict-Transport-Security": [
          "max-age=31536000; includeSubDomains"
        ],
        "x-ms-gatewayversion": [
          "version=2.14.0"
        ],
        "Server": [
          "Microsoft-HTTPAPI/2.0"
        ],
        "x-ms-ratelimit-remaining-subscription-writes": [
          "1197"
        ],
        "x-ms-correlation-request-id": [
          "ee87b428-aa10-492a-b592-b049a3c377cc"
        ],
        "x-ms-routing-request-id": [
          "EASTUS2EUAP:20230412T110142Z:ee87b428-aa10-492a-b592-b049a3c377cc"
        ],
        "X-Content-Type-Options": [
          "nosniff"
        ],
        "Date": [
          "Wed, 12 Apr 2023 11:01:42 GMT"
        ],
        "Content-Length": [
          "21"
        ],
        "Content-Type": [
          "application/json"
        ]
      },
      "ResponseBody": "{\r\n  \"status\": \"Enqueued\"\r\n}",
      "StatusCode": 202
    },
    {
      "RequestUri": "/subscriptions/23587e98-b6ac-4328-a753-03bcd3c8e744/resourceGroups/CosmosDBResourceGroup45/providers/Microsoft.DocumentDB/databaseAccounts/cassandra-db2745/cassandraKeyspaces/db2?api-version=2022-11-15-preview",
      "EncodedRequestUri": "L3N1YnNjcmlwdGlvbnMvMjM1ODdlOTgtYjZhYy00MzI4LWE3NTMtMDNiY2QzYzhlNzQ0L3Jlc291cmNlR3JvdXBzL0Nvc21vc0RCUmVzb3VyY2VHcm91cDQ1L3Byb3ZpZGVycy9NaWNyb3NvZnQuRG9jdW1lbnREQi9kYXRhYmFzZUFjY291bnRzL2Nhc3NhbmRyYS1kYjI3NDUvY2Fzc2FuZHJhS2V5c3BhY2VzL2RiMj9hcGktdmVyc2lvbj0yMDIyLTExLTE1LXByZXZpZXc=",
      "RequestMethod": "PUT",
      "RequestHeaders": {
        "x-ms-client-request-id": [
          "ffd229d8-15d1-4671-9b85-45bccf6e30ca"
        ],
        "Accept-Language": [
          "en-US"
        ],
        "User-Agent": [
          "FxVersion/4.700.22.55902",
          "OSName/Windows",
          "OSVersion/Microsoft.Windows.10.0.22621",
          "Microsoft.Azure.Management.CosmosDB.CosmosDBManagementClient/1.9.1"
        ],
        "Content-Type": [
          "application/json; charset=utf-8"
        ],
        "Content-Length": [
          "124"
        ]
      },
      "RequestBody": "{\r\n  \"properties\": {\r\n    \"resource\": {\r\n      \"id\": \"db2\"\r\n    },\r\n    \"options\": {\r\n      \"throughput\": 500\r\n    }\r\n  }\r\n}",
      "ResponseHeaders": {
        "Cache-Control": [
          "no-store, no-cache"
        ],
        "Pragma": [
          "no-cache"
        ],
        "Location": [
          "https://eastus2euap.management.azure.com/subscriptions/23587e98-b6ac-4328-a753-03bcd3c8e744/resourceGroups/CosmosDBResourceGroup45/providers/Microsoft.DocumentDB/databaseAccounts/cassandra-db2745/cassandraKeyspaces/db2/operationResults/1323c978-f37c-4870-9206-14c819cb9625?api-version=2022-11-15-preview"
        ],
        "Azure-AsyncOperation": [
          "https://eastus2euap.management.azure.com/subscriptions/23587e98-b6ac-4328-a753-03bcd3c8e744/providers/Microsoft.DocumentDB/locations/eastus/operationsStatus/1323c978-f37c-4870-9206-14c819cb9625?api-version=2022-11-15-preview"
        ],
        "x-ms-request-id": [
          "1323c978-f37c-4870-9206-14c819cb9625"
        ],
        "Strict-Transport-Security": [
          "max-age=31536000; includeSubDomains"
        ],
        "x-ms-gatewayversion": [
          "version=2.14.0"
        ],
        "Server": [
          "Microsoft-HTTPAPI/2.0"
        ],
        "x-ms-ratelimit-remaining-subscription-writes": [
          "1196"
        ],
        "x-ms-correlation-request-id": [
          "15d0bb9f-bdf9-4a23-9b38-72ea55847110"
        ],
        "x-ms-routing-request-id": [
          "EASTUS2EUAP:20230412T110214Z:15d0bb9f-bdf9-4a23-9b38-72ea55847110"
        ],
        "X-Content-Type-Options": [
          "nosniff"
        ],
        "Date": [
          "Wed, 12 Apr 2023 11:02:13 GMT"
        ],
        "Content-Length": [
          "21"
        ],
        "Content-Type": [
          "application/json"
        ]
      },
      "ResponseBody": "{\r\n  \"status\": \"Enqueued\"\r\n}",
      "StatusCode": 202
    },
    {
      "RequestUri": "/subscriptions/23587e98-b6ac-4328-a753-03bcd3c8e744/providers/Microsoft.DocumentDB/locations/eastus/operationsStatus/a884dcab-c83b-4581-b18b-9a2b4c4cf54c?api-version=2022-11-15-preview",
      "EncodedRequestUri": "L3N1YnNjcmlwdGlvbnMvMjM1ODdlOTgtYjZhYy00MzI4LWE3NTMtMDNiY2QzYzhlNzQ0L3Byb3ZpZGVycy9NaWNyb3NvZnQuRG9jdW1lbnREQi9sb2NhdGlvbnMvZWFzdHVzL29wZXJhdGlvbnNTdGF0dXMvYTg4NGRjYWItYzgzYi00NTgxLWIxOGItOWEyYjRjNGNmNTRjP2FwaS12ZXJzaW9uPTIwMjItMTEtMTUtcHJldmlldw==",
      "RequestMethod": "GET",
      "RequestHeaders": {
        "x-ms-client-request-id": [
          "9a351c69-fa22-4c11-b93d-947d713d2a82"
        ],
        "User-Agent": [
          "FxVersion/4.700.22.55902",
          "OSName/Windows",
          "OSVersion/Microsoft.Windows.10.0.22621",
          "Microsoft.Azure.Management.CosmosDB.CosmosDBManagementClient/1.9.1"
        ]
      },
      "RequestBody": "",
      "ResponseHeaders": {
        "Cache-Control": [
          "no-store, no-cache"
        ],
        "Pragma": [
          "no-cache"
        ],
        "Strict-Transport-Security": [
          "max-age=31536000; includeSubDomains"
        ],
        "x-ms-gatewayversion": [
          "version=2.14.0"
        ],
        "Server": [
          "Microsoft-HTTPAPI/2.0"
        ],
        "x-ms-ratelimit-remaining-subscription-reads": [
          "11984"
        ],
        "x-ms-request-id": [
          "96c293ab-8d08-40b2-b0da-ebaff11d9f04"
        ],
        "x-ms-correlation-request-id": [
          "96c293ab-8d08-40b2-b0da-ebaff11d9f04"
        ],
        "x-ms-routing-request-id": [
          "EASTUS2EUAP:20230412T110141Z:96c293ab-8d08-40b2-b0da-ebaff11d9f04"
        ],
        "X-Content-Type-Options": [
          "nosniff"
        ],
        "Date": [
          "Wed, 12 Apr 2023 11:01:41 GMT"
        ],
        "Content-Length": [
          "22"
        ],
        "Content-Type": [
          "application/json"
        ]
      },
      "ResponseBody": "{\r\n  \"status\": \"Succeeded\"\r\n}",
      "StatusCode": 200
    },
    {
      "RequestUri": "/subscriptions/23587e98-b6ac-4328-a753-03bcd3c8e744/providers/Microsoft.DocumentDB/locations/eastus/operationsStatus/04cd4803-dd07-4152-be3d-4500c92d3a63?api-version=2022-11-15-preview",
      "EncodedRequestUri": "L3N1YnNjcmlwdGlvbnMvMjM1ODdlOTgtYjZhYy00MzI4LWE3NTMtMDNiY2QzYzhlNzQ0L3Byb3ZpZGVycy9NaWNyb3NvZnQuRG9jdW1lbnREQi9sb2NhdGlvbnMvZWFzdHVzL29wZXJhdGlvbnNTdGF0dXMvMDRjZDQ4MDMtZGQwNy00MTUyLWJlM2QtNDUwMGM5MmQzYTYzP2FwaS12ZXJzaW9uPTIwMjItMTEtMTUtcHJldmlldw==",
      "RequestMethod": "GET",
      "RequestHeaders": {
        "x-ms-client-request-id": [
          "57f48980-f44f-4400-9a41-33ac28b2accf"
        ],
        "User-Agent": [
          "FxVersion/4.700.22.55902",
          "OSName/Windows",
          "OSVersion/Microsoft.Windows.10.0.22621",
          "Microsoft.Azure.Management.CosmosDB.CosmosDBManagementClient/1.9.1"
        ]
      },
      "RequestBody": "",
      "ResponseHeaders": {
        "Cache-Control": [
          "no-store, no-cache"
        ],
        "Pragma": [
          "no-cache"
        ],
        "Strict-Transport-Security": [
          "max-age=31536000; includeSubDomains"
        ],
        "x-ms-gatewayversion": [
          "version=2.14.0"
        ],
        "Server": [
          "Microsoft-HTTPAPI/2.0"
        ],
        "x-ms-ratelimit-remaining-subscription-reads": [
          "11985"
        ],
        "x-ms-request-id": [
          "c770ee15-f43e-4a20-b774-635ee2836724"
        ],
        "x-ms-correlation-request-id": [
          "c770ee15-f43e-4a20-b774-635ee2836724"
        ],
        "x-ms-routing-request-id": [
          "EASTUS2EUAP:20230412T110212Z:c770ee15-f43e-4a20-b774-635ee2836724"
        ],
        "X-Content-Type-Options": [
          "nosniff"
        ],
        "Date": [
          "Wed, 12 Apr 2023 11:02:12 GMT"
        ],
        "Content-Length": [
          "22"
        ],
        "Content-Type": [
          "application/json"
        ]
      },
      "ResponseBody": "{\r\n  \"status\": \"Succeeded\"\r\n}",
      "StatusCode": 200
    },
    {
      "RequestUri": "/subscriptions/23587e98-b6ac-4328-a753-03bcd3c8e744/providers/Microsoft.DocumentDB/locations/eastus/operationsStatus/1323c978-f37c-4870-9206-14c819cb9625?api-version=2022-11-15-preview",
      "EncodedRequestUri": "L3N1YnNjcmlwdGlvbnMvMjM1ODdlOTgtYjZhYy00MzI4LWE3NTMtMDNiY2QzYzhlNzQ0L3Byb3ZpZGVycy9NaWNyb3NvZnQuRG9jdW1lbnREQi9sb2NhdGlvbnMvZWFzdHVzL29wZXJhdGlvbnNTdGF0dXMvMTMyM2M5NzgtZjM3Yy00ODcwLTkyMDYtMTRjODE5Y2I5NjI1P2FwaS12ZXJzaW9uPTIwMjItMTEtMTUtcHJldmlldw==",
      "RequestMethod": "GET",
      "RequestHeaders": {
        "x-ms-client-request-id": [
          "ffd229d8-15d1-4671-9b85-45bccf6e30ca"
        ],
        "User-Agent": [
          "FxVersion/4.700.22.55902",
          "OSName/Windows",
          "OSVersion/Microsoft.Windows.10.0.22621",
          "Microsoft.Azure.Management.CosmosDB.CosmosDBManagementClient/1.9.1"
        ]
      },
      "RequestBody": "",
      "ResponseHeaders": {
        "Cache-Control": [
          "no-store, no-cache"
        ],
        "Pragma": [
          "no-cache"
        ],
        "Strict-Transport-Security": [
          "max-age=31536000; includeSubDomains"
        ],
        "x-ms-gatewayversion": [
          "version=2.14.0"
        ],
        "Server": [
          "Microsoft-HTTPAPI/2.0"
        ],
        "x-ms-ratelimit-remaining-subscription-reads": [
          "11981"
        ],
        "x-ms-request-id": [
          "08b5c1db-ccf4-4cdb-aac5-98b60fa4bbba"
        ],
        "x-ms-correlation-request-id": [
          "08b5c1db-ccf4-4cdb-aac5-98b60fa4bbba"
        ],
        "x-ms-routing-request-id": [
          "EASTUS2EUAP:20230412T110244Z:08b5c1db-ccf4-4cdb-aac5-98b60fa4bbba"
        ],
        "X-Content-Type-Options": [
          "nosniff"
        ],
        "Date": [
          "Wed, 12 Apr 2023 11:02:43 GMT"
        ],
        "Content-Length": [
          "22"
        ],
        "Content-Type": [
          "application/json"
        ]
      },
      "ResponseBody": "{\r\n  \"status\": \"Succeeded\"\r\n}",
      "StatusCode": 200
    },
    {
      "RequestUri": "/subscriptions/23587e98-b6ac-4328-a753-03bcd3c8e744/resourceGroups/CosmosDBResourceGroup45/providers/Microsoft.DocumentDB/databaseAccounts/cassandra-db2745/cassandraKeyspaces/db2/tables/table?api-version=2022-11-15-preview",
      "EncodedRequestUri": "L3N1YnNjcmlwdGlvbnMvMjM1ODdlOTgtYjZhYy00MzI4LWE3NTMtMDNiY2QzYzhlNzQ0L3Jlc291cmNlR3JvdXBzL0Nvc21vc0RCUmVzb3VyY2VHcm91cDQ1L3Byb3ZpZGVycy9NaWNyb3NvZnQuRG9jdW1lbnREQi9kYXRhYmFzZUFjY291bnRzL2Nhc3NhbmRyYS1kYjI3NDUvY2Fzc2FuZHJhS2V5c3BhY2VzL2RiMi90YWJsZXMvdGFibGU/YXBpLXZlcnNpb249MjAyMi0xMS0xNS1wcmV2aWV3",
      "RequestMethod": "GET",
      "RequestHeaders": {
        "x-ms-client-request-id": [
          "28c52ef7-e175-445e-af72-475692d2a7ec"
        ],
        "Accept-Language": [
          "en-US"
        ],
        "User-Agent": [
          "FxVersion/4.700.22.55902",
          "OSName/Windows",
          "OSVersion/Microsoft.Windows.10.0.22621",
          "Microsoft.Azure.Management.CosmosDB.CosmosDBManagementClient/1.9.1"
        ]
      },
      "RequestBody": "",
      "ResponseHeaders": {
        "Cache-Control": [
          "no-store, no-cache"
        ],
        "Pragma": [
          "no-cache"
        ],
        "Strict-Transport-Security": [
          "max-age=31536000; includeSubDomains"
        ],
        "x-ms-gatewayversion": [
          "version=2.14.0"
        ],
        "Server": [
          "Microsoft-HTTPAPI/2.0"
        ],
        "x-ms-ratelimit-remaining-subscription-reads": [
          "11979"
        ],
        "x-ms-request-id": [
          "e3dbb001-4558-496d-b3c8-389033089f39"
        ],
        "x-ms-correlation-request-id": [
          "e3dbb001-4558-496d-b3c8-389033089f39"
        ],
        "x-ms-routing-request-id": [
          "EASTUS2EUAP:20230412T110244Z:e3dbb001-4558-496d-b3c8-389033089f39"
        ],
        "X-Content-Type-Options": [
          "nosniff"
        ],
        "Date": [
          "Wed, 12 Apr 2023 11:02:43 GMT"
        ],
        "Content-Length": [
          "6536"
        ],
        "Content-Type": [
          "application/json"
        ]
      },
      "ResponseBody": "{\r\n  \"code\": \"NotFound\",\r\n  \"message\": \"Message: {\\\"code\\\":\\\"NotFound\\\",\\\"message\\\":\\\"Message: {\\\\\\\"Errors\\\\\\\":[\\\\\\\"Resource Not Found. Learn more: https:\\\\\\\\/\\\\\\\\/aka.ms\\\\\\\\/cosmosdb-tsg-not-found\\\\\\\"]}\\\\r\\\\nActivityId: 28c52ef7-e175-445e-af72-475692d2a7ec, Request URI: /apps/8d259590-24bb-4146-a08c-0aeb547f2709/services/517cab45-543a-4129-b440-2df1ad2f198f/partitions/dbfb7566-0fa1-4d82-8045-eadfed296124/replicas/133117449044804950s, RequestStats: \\\\r\\\\nRequestStartTime: 2023-04-12T11:02:44.7858059Z, RequestEndTime: 2023-04-12T11:02:44.7956914Z,  Number of regions attempted:1\\\\r\\\\n{\\\\\\\"systemHistory\\\\\\\":[{\\\\\\\"dateUtc\\\\\\\":\\\\\\\"2023-04-12T11:01:30.4143106Z\\\\\\\",\\\\\\\"cpu\\\\\\\":0.657,\\\\\\\"memory\\\\\\\":501800948.000,\\\\\\\"threadInfo\\\\\\\":{\\\\\\\"isThreadStarving\\\\\\\":\\\\\\\"False\\\\\\\",\\\\\\\"threadWaitIntervalInMs\\\\\\\":0.0306,\\\\\\\"availableThreads\\\\\\\":32735,\\\\\\\"minThreads\\\\\\\":52,\\\\\\\"maxThreads\\\\\\\":32767},\\\\\\\"numberOfOpenTcpConnection\\\\\\\":1944},{\\\\\\\"dateUtc\\\\\\\":\\\\\\\"2023-04-12T11:01:40.4245386Z\\\\\\\",\\\\\\\"cpu\\\\\\\":0.279,\\\\\\\"memory\\\\\\\":501791448.000,\\\\\\\"threadInfo\\\\\\\":{\\\\\\\"isThreadStarving\\\\\\\":\\\\\\\"False\\\\\\\",\\\\\\\"threadWaitIntervalInMs\\\\\\\":0.0133,\\\\\\\"availableThreads\\\\\\\":32764,\\\\\\\"minThreads\\\\\\\":52,\\\\\\\"maxThreads\\\\\\\":32767},\\\\\\\"numberOfOpenTcpConnection\\\\\\\":1962},{\\\\\\\"dateUtc\\\\\\\":\\\\\\\"2023-04-12T11:02:00.4349315Z\\\\\\\",\\\\\\\"cpu\\\\\\\":0.176,\\\\\\\"memory\\\\\\\":501783588.000,\\\\\\\"threadInfo\\\\\\\":{\\\\\\\"isThreadStarving\\\\\\\":\\\\\\\"False\\\\\\\",\\\\\\\"threadWaitIntervalInMs\\\\\\\":0.0325,\\\\\\\"availableThreads\\\\\\\":32764,\\\\\\\"minThreads\\\\\\\":52,\\\\\\\"maxThreads\\\\\\\":32767},\\\\\\\"numberOfOpenTcpConnection\\\\\\\":1965},{\\\\\\\"dateUtc\\\\\\\":\\\\\\\"2023-04-12T11:02:10.4350911Z\\\\\\\",\\\\\\\"cpu\\\\\\\":0.105,\\\\\\\"memory\\\\\\\":501780016.000,\\\\\\\"threadInfo\\\\\\\":{\\\\\\\"isThreadStarving\\\\\\\":\\\\\\\"False\\\\\\\",\\\\\\\"threadWaitIntervalInMs\\\\\\\":0.0224,\\\\\\\"availableThreads\\\\\\\":32699,\\\\\\\"minThreads\\\\\\\":52,\\\\\\\"maxThreads\\\\\\\":32767},\\\\\\\"numberOfOpenTcpConnection\\\\\\\":1965},{\\\\\\\"dateUtc\\\\\\\":\\\\\\\"2023-04-12T11:02:30.4454749Z\\\\\\\",\\\\\\\"cpu\\\\\\\":0.146,\\\\\\\"memory\\\\\\\":501766340.000,\\\\\\\"threadInfo\\\\\\\":{\\\\\\\"isThreadStarving\\\\\\\":\\\\\\\"False\\\\\\\",\\\\\\\"threadWaitIntervalInMs\\\\\\\":0.0085,\\\\\\\"availableThreads\\\\\\\":32742,\\\\\\\"minThreads\\\\\\\":52,\\\\\\\"maxThreads\\\\\\\":32767},\\\\\\\"numberOfOpenTcpConnection\\\\\\\":1964},{\\\\\\\"dateUtc\\\\\\\":\\\\\\\"2023-04-12T11:02:40.4656725Z\\\\\\\",\\\\\\\"cpu\\\\\\\":0.111,\\\\\\\"memory\\\\\\\":501773816.000,\\\\\\\"threadInfo\\\\\\\":{\\\\\\\"isThreadStarving\\\\\\\":\\\\\\\"False\\\\\\\",\\\\\\\"threadWaitIntervalInMs\\\\\\\":0.0155,\\\\\\\"availableThreads\\\\\\\":32764,\\\\\\\"minThreads\\\\\\\":52,\\\\\\\"maxThreads\\\\\\\":32767},\\\\\\\"numberOfOpenTcpConnection\\\\\\\":1964}]}\\\\r\\\\nRequestStart: 2023-04-12T11:02:44.7858059Z; ResponseTime: 2023-04-12T11:02:44.7956914Z; StoreResult: StorePhysicalAddress: rntbd://10.0.0.86:11000/apps/8d259590-24bb-4146-a08c-0aeb547f2709/services/517cab45-543a-4129-b440-2df1ad2f198f/partitions/dbfb7566-0fa1-4d82-8045-eadfed296124/replicas/133117449044804950s, LSN: 8, GlobalCommittedLsn: 8, PartitionKeyRangeId: , IsValid: True, StatusCode: 404, SubStatusCode: 0, RequestCharge: 1, ItemLSN: -1, SessionToken: -1#8, UsingLocalLSN: False, TransportException: null, BELatencyMs: 2.061, ActivityId: 28c52ef7-e175-445e-af72-475692d2a7ec, RetryAfterInMs: , TransportRequestTimeline: {\\\\\\\"requestTimeline\\\\\\\":[{\\\\\\\"event\\\\\\\": \\\\\\\"Created\\\\\\\", \\\\\\\"startTimeUtc\\\\\\\": \\\\\\\"2023-04-12T11:02:44.7858059Z\\\\\\\", \\\\\\\"durationInMs\\\\\\\": 0.0176},{\\\\\\\"event\\\\\\\": \\\\\\\"ChannelAcquisitionStarted\\\\\\\", \\\\\\\"startTimeUtc\\\\\\\": \\\\\\\"2023-04-12T11:02:44.7858235Z\\\\\\\", \\\\\\\"durationInMs\\\\\\\": 0.0035},{\\\\\\\"event\\\\\\\": \\\\\\\"Pipelined\\\\\\\", \\\\\\\"startTimeUtc\\\\\\\": \\\\\\\"2023-04-12T11:02:44.7858270Z\\\\\\\", \\\\\\\"durationInMs\\\\\\\": 0.1041},{\\\\\\\"event\\\\\\\": \\\\\\\"Transit Time\\\\\\\", \\\\\\\"startTimeUtc\\\\\\\": \\\\\\\"2023-04-12T11:02:44.7859311Z\\\\\\\", \\\\\\\"durationInMs\\\\\\\": 2.579},{\\\\\\\"event\\\\\\\": \\\\\\\"Received\\\\\\\", \\\\\\\"startTimeUtc\\\\\\\": \\\\\\\"2023-04-12T11:02:44.7885101Z\\\\\\\", \\\\\\\"durationInMs\\\\\\\": 0.0264},{\\\\\\\"event\\\\\\\": \\\\\\\"Completed\\\\\\\", \\\\\\\"startTimeUtc\\\\\\\": \\\\\\\"2023-04-12T11:02:44.7885365Z\\\\\\\", \\\\\\\"durationInMs\\\\\\\": 0}],\\\\\\\"serviceEndpointStats\\\\\\\":{\\\\\\\"inflightRequests\\\\\\\":1,\\\\\\\"openConnections\\\\\\\":1},\\\\\\\"connectionStats\\\\\\\":{\\\\\\\"waitforConnectionInit\\\\\\\":\\\\\\\"False\\\\\\\",\\\\\\\"callsPendingReceive\\\\\\\":0,\\\\\\\"lastSendAttempt\\\\\\\":\\\\\\\"2023-04-12T11:02:44.3457532Z\\\\\\\",\\\\\\\"lastSend\\\\\\\":\\\\\\\"2023-04-12T11:02:44.3457532Z\\\\\\\",\\\\\\\"lastReceive\\\\\\\":\\\\\\\"2023-04-12T11:02:44.3457532Z\\\\\\\"},\\\\\\\"requestSizeInBytes\\\\\\\":470,\\\\\\\"responseMetadataSizeInBytes\\\\\\\":134,\\\\\\\"responseBodySizeInBytes\\\\\\\":87};\\\\r\\\\n ResourceType: Collection, OperationType: Read\\\\r\\\\nRequestStart: 2023-04-12T11:02:44.7858059Z; ResponseTime: 2023-04-12T11:02:44.7956914Z; StoreResult: StorePhysicalAddress: rntbd://10.0.0.98:11300/apps/8d259590-24bb-4146-a08c-0aeb547f2709/services/517cab45-543a-4129-b440-2df1ad2f198f/partitions/dbfb7566-0fa1-4d82-8045-eadfed296124/replicas/133117449044804951s, LSN: 8, GlobalCommittedLsn: 8, PartitionKeyRangeId: , IsValid: True, StatusCode: 404, SubStatusCode: 0, RequestCharge: 1, ItemLSN: -1, SessionToken: -1#8, UsingLocalLSN: False, TransportException: null, BELatencyMs: 1.25, ActivityId: 28c52ef7-e175-445e-af72-475692d2a7ec, RetryAfterInMs: , TransportRequestTimeline: {\\\\\\\"requestTimeline\\\\\\\":[{\\\\\\\"event\\\\\\\": \\\\\\\"Created\\\\\\\", \\\\\\\"startTimeUtc\\\\\\\": \\\\\\\"2023-04-12T11:02:44.7858059Z\\\\\\\", \\\\\\\"durationInMs\\\\\\\": 0.0056},{\\\\\\\"event\\\\\\\": \\\\\\\"ChannelAcquisitionStarted\\\\\\\", \\\\\\\"startTimeUtc\\\\\\\": \\\\\\\"2023-04-12T11:02:44.7858115Z\\\\\\\", \\\\\\\"durationInMs\\\\\\\": 0.0019},{\\\\\\\"event\\\\\\\": \\\\\\\"Pipelined\\\\\\\", \\\\\\\"startTimeUtc\\\\\\\": \\\\\\\"2023-04-12T11:02:44.7858134Z\\\\\\\", \\\\\\\"durationInMs\\\\\\\": 0.0715},{\\\\\\\"event\\\\\\\": \\\\\\\"Transit Time\\\\\\\", \\\\\\\"startTimeUtc\\\\\\\": \\\\\\\"2023-04-12T11:02:44.7858849Z\\\\\\\", \\\\\\\"durationInMs\\\\\\\": 1.9624},{\\\\\\\"event\\\\\\\": \\\\\\\"Received\\\\\\\", \\\\\\\"startTimeUtc\\\\\\\": \\\\\\\"2023-04-12T11:02:44.7878473Z\\\\\\\", \\\\\\\"durationInMs\\\\\\\": 0.1295},{\\\\\\\"event\\\\\\\": \\\\\\\"Completed\\\\\\\", \\\\\\\"startTimeUtc\\\\\\\": \\\\\\\"2023-04-12T11:02:44.7879768Z\\\\\\\", \\\\\\\"durationInMs\\\\\\\": 0}],\\\\\\\"serviceEndpointStats\\\\\\\":{\\\\\\\"inflightRequests\\\\\\\":1,\\\\\\\"openConnections\\\\\\\":1},\\\\\\\"connectionStats\\\\\\\":{\\\\\\\"waitforConnectionInit\\\\\\\":\\\\\\\"False\\\\\\\",\\\\\\\"callsPendingReceive\\\\\\\":0,\\\\\\\"lastSendAttempt\\\\\\\":\\\\\\\"2023-04-12T11:02:44.3457532Z\\\\\\\",\\\\\\\"lastSend\\\\\\\":\\\\\\\"2023-04-12T11:02:44.3457532Z\\\\\\\",\\\\\\\"lastReceive\\\\\\\":\\\\\\\"2023-04-12T11:02:44.3457532Z\\\\\\\"},\\\\\\\"requestSizeInBytes\\\\\\\":470,\\\\\\\"responseMetadataSizeInBytes\\\\\\\":134,\\\\\\\"responseBodySizeInBytes\\\\\\\":87};\\\\r\\\\n ResourceType: Collection, OperationType: Read\\\\r\\\\n, SDK: Microsoft.Azure.Documents.Common/2.14.0\\\"}, Request URI: /dbs/db2/colls/table, RequestStats: , SDK: Microsoft.Azure.Documents.Common/2.14.0\"\r\n}",
      "StatusCode": 404
    },
    {
      "RequestUri": "/subscriptions/23587e98-b6ac-4328-a753-03bcd3c8e744/resourceGroups/CosmosDBResourceGroup45/providers/Microsoft.DocumentDB/databaseAccounts/cassandra-db2745/cassandraKeyspaces/db2/tables/table?api-version=2022-11-15-preview",
      "EncodedRequestUri": "L3N1YnNjcmlwdGlvbnMvMjM1ODdlOTgtYjZhYy00MzI4LWE3NTMtMDNiY2QzYzhlNzQ0L3Jlc291cmNlR3JvdXBzL0Nvc21vc0RCUmVzb3VyY2VHcm91cDQ1L3Byb3ZpZGVycy9NaWNyb3NvZnQuRG9jdW1lbnREQi9kYXRhYmFzZUFjY291bnRzL2Nhc3NhbmRyYS1kYjI3NDUvY2Fzc2FuZHJhS2V5c3BhY2VzL2RiMi90YWJsZXMvdGFibGU/YXBpLXZlcnNpb249MjAyMi0xMS0xNS1wcmV2aWV3",
      "RequestMethod": "GET",
      "RequestHeaders": {
        "x-ms-client-request-id": [
          "28c52ef7-e175-445e-af72-475692d2a7ec"
        ],
        "User-Agent": [
          "FxVersion/4.700.22.55902",
          "OSName/Windows",
          "OSVersion/Microsoft.Windows.10.0.22621",
          "Microsoft.Azure.Management.CosmosDB.CosmosDBManagementClient/1.9.1"
        ]
      },
      "RequestBody": "",
      "ResponseHeaders": {
        "Cache-Control": [
          "no-store, no-cache"
        ],
        "Pragma": [
          "no-cache"
        ],
        "Strict-Transport-Security": [
          "max-age=31536000; includeSubDomains"
        ],
        "x-ms-gatewayversion": [
          "version=2.14.0"
        ],
        "Server": [
          "Microsoft-HTTPAPI/2.0"
        ],
        "x-ms-ratelimit-remaining-subscription-reads": [
          "11977"
        ],
        "x-ms-request-id": [
          "948d9899-94c8-4f54-8f99-3a68b5f03e99"
        ],
        "x-ms-correlation-request-id": [
          "948d9899-94c8-4f54-8f99-3a68b5f03e99"
        ],
        "x-ms-routing-request-id": [
          "EASTUS2EUAP:20230412T110315Z:948d9899-94c8-4f54-8f99-3a68b5f03e99"
        ],
        "X-Content-Type-Options": [
          "nosniff"
        ],
        "Date": [
          "Wed, 12 Apr 2023 11:03:14 GMT"
        ],
        "Content-Length": [
          "611"
        ],
        "Content-Type": [
          "application/json"
        ]
      },
      "ResponseBody": "{\r\n  \"id\": \"/subscriptions/23587e98-b6ac-4328-a753-03bcd3c8e744/resourceGroups/CosmosDBResourceGroup45/providers/Microsoft.DocumentDB/databaseAccounts/cassandra-db2745/cassandraKeyspaces/db2/tables/table\",\r\n  \"type\": \"Microsoft.DocumentDB/databaseAccounts/cassandraKeyspaces/tables\",\r\n  \"name\": \"table\",\r\n  \"properties\": {\r\n    \"resource\": {\r\n      \"id\": \"table\",\r\n      \"_rid\": \"Ot0PAPtAGxs=\",\r\n      \"_etag\": \"\\\"00001100-0000-0100-0000-64368fd90000\\\"\",\r\n      \"_ts\": 1681297369,\r\n      \"defaultTtl\": 0,\r\n      \"schema\": {\r\n        \"columns\": [\r\n          {\r\n            \"name\": \"ColumnA\",\r\n            \"type\": \"int\"\r\n          },\r\n          {\r\n            \"name\": \"ColumnB\",\r\n            \"type\": \"ascii\"\r\n          }\r\n        ],\r\n        \"partitionKeys\": [\r\n          {\r\n            \"name\": \"ColumnA\"\r\n          }\r\n        ],\r\n        \"clusterKeys\": [\r\n          {\r\n            \"name\": \"ColumnB\",\r\n            \"orderBy\": \"Asc\"\r\n          }\r\n        ]\r\n      }\r\n    }\r\n  }\r\n}",
      "StatusCode": 200
    },
    {
      "RequestUri": "/subscriptions/23587e98-b6ac-4328-a753-03bcd3c8e744/resourceGroups/CosmosDBResourceGroup45/providers/Microsoft.DocumentDB/databaseAccounts/cassandra-db2745/cassandraKeyspaces/db2/tables/table?api-version=2022-11-15-preview",
      "EncodedRequestUri": "L3N1YnNjcmlwdGlvbnMvMjM1ODdlOTgtYjZhYy00MzI4LWE3NTMtMDNiY2QzYzhlNzQ0L3Jlc291cmNlR3JvdXBzL0Nvc21vc0RCUmVzb3VyY2VHcm91cDQ1L3Byb3ZpZGVycy9NaWNyb3NvZnQuRG9jdW1lbnREQi9kYXRhYmFzZUFjY291bnRzL2Nhc3NhbmRyYS1kYjI3NDUvY2Fzc2FuZHJhS2V5c3BhY2VzL2RiMi90YWJsZXMvdGFibGU/YXBpLXZlcnNpb249MjAyMi0xMS0xNS1wcmV2aWV3",
      "RequestMethod": "GET",
      "RequestHeaders": {
        "x-ms-client-request-id": [
          "861986ab-a29f-40c1-b321-767e6008be47"
        ],
        "Accept-Language": [
          "en-US"
        ],
        "User-Agent": [
          "FxVersion/4.700.22.55902",
          "OSName/Windows",
          "OSVersion/Microsoft.Windows.10.0.22621",
          "Microsoft.Azure.Management.CosmosDB.CosmosDBManagementClient/1.9.1"
        ]
      },
      "RequestBody": "",
      "ResponseHeaders": {
        "Cache-Control": [
          "no-store, no-cache"
        ],
        "Pragma": [
          "no-cache"
        ],
        "Strict-Transport-Security": [
          "max-age=31536000; includeSubDomains"
        ],
        "x-ms-gatewayversion": [
          "version=2.14.0"
        ],
        "Server": [
          "Microsoft-HTTPAPI/2.0"
        ],
        "x-ms-ratelimit-remaining-subscription-reads": [
          "11976"
        ],
        "x-ms-request-id": [
          "3fab4ad7-8fe2-4442-92b3-04b99e56f01a"
        ],
        "x-ms-correlation-request-id": [
          "3fab4ad7-8fe2-4442-92b3-04b99e56f01a"
        ],
        "x-ms-routing-request-id": [
          "EASTUS2EUAP:20230412T110316Z:3fab4ad7-8fe2-4442-92b3-04b99e56f01a"
        ],
        "X-Content-Type-Options": [
          "nosniff"
        ],
        "Date": [
          "Wed, 12 Apr 2023 11:03:15 GMT"
        ],
        "Content-Length": [
          "611"
        ],
        "Content-Type": [
          "application/json"
        ]
      },
      "ResponseBody": "{\r\n  \"id\": \"/subscriptions/23587e98-b6ac-4328-a753-03bcd3c8e744/resourceGroups/CosmosDBResourceGroup45/providers/Microsoft.DocumentDB/databaseAccounts/cassandra-db2745/cassandraKeyspaces/db2/tables/table\",\r\n  \"type\": \"Microsoft.DocumentDB/databaseAccounts/cassandraKeyspaces/tables\",\r\n  \"name\": \"table\",\r\n  \"properties\": {\r\n    \"resource\": {\r\n      \"id\": \"table\",\r\n      \"_rid\": \"Ot0PAPtAGxs=\",\r\n      \"_etag\": \"\\\"00001100-0000-0100-0000-64368fd90000\\\"\",\r\n      \"_ts\": 1681297369,\r\n      \"defaultTtl\": 0,\r\n      \"schema\": {\r\n        \"columns\": [\r\n          {\r\n            \"name\": \"ColumnA\",\r\n            \"type\": \"int\"\r\n          },\r\n          {\r\n            \"name\": \"ColumnB\",\r\n            \"type\": \"ascii\"\r\n          }\r\n        ],\r\n        \"partitionKeys\": [\r\n          {\r\n            \"name\": \"ColumnA\"\r\n          }\r\n        ],\r\n        \"clusterKeys\": [\r\n          {\r\n            \"name\": \"ColumnB\",\r\n            \"orderBy\": \"Asc\"\r\n          }\r\n        ]\r\n      }\r\n    }\r\n  }\r\n}",
      "StatusCode": 200
    },
    {
      "RequestUri": "/subscriptions/23587e98-b6ac-4328-a753-03bcd3c8e744/resourceGroups/CosmosDBResourceGroup45/providers/Microsoft.DocumentDB/databaseAccounts/cassandra-db2745/cassandraKeyspaces/db2/tables/table?api-version=2022-11-15-preview",
      "EncodedRequestUri": "L3N1YnNjcmlwdGlvbnMvMjM1ODdlOTgtYjZhYy00MzI4LWE3NTMtMDNiY2QzYzhlNzQ0L3Jlc291cmNlR3JvdXBzL0Nvc21vc0RCUmVzb3VyY2VHcm91cDQ1L3Byb3ZpZGVycy9NaWNyb3NvZnQuRG9jdW1lbnREQi9kYXRhYmFzZUFjY291bnRzL2Nhc3NhbmRyYS1kYjI3NDUvY2Fzc2FuZHJhS2V5c3BhY2VzL2RiMi90YWJsZXMvdGFibGU/YXBpLXZlcnNpb249MjAyMi0xMS0xNS1wcmV2aWV3",
      "RequestMethod": "GET",
      "RequestHeaders": {
        "x-ms-client-request-id": [
          "861986ab-a29f-40c1-b321-767e6008be47"
        ],
        "User-Agent": [
          "FxVersion/4.700.22.55902",
          "OSName/Windows",
          "OSVersion/Microsoft.Windows.10.0.22621",
          "Microsoft.Azure.Management.CosmosDB.CosmosDBManagementClient/1.9.1"
        ]
      },
      "RequestBody": "",
      "ResponseHeaders": {
        "Cache-Control": [
          "no-store, no-cache"
        ],
        "Pragma": [
          "no-cache"
        ],
        "Strict-Transport-Security": [
          "max-age=31536000; includeSubDomains"
        ],
        "x-ms-gatewayversion": [
          "version=2.14.0"
        ],
        "Server": [
          "Microsoft-HTTPAPI/2.0"
        ],
        "x-ms-ratelimit-remaining-subscription-reads": [
          "11974"
        ],
        "x-ms-request-id": [
          "b21b15d7-c5c7-4988-964a-24c5b9767c22"
        ],
        "x-ms-correlation-request-id": [
          "b21b15d7-c5c7-4988-964a-24c5b9767c22"
        ],
        "x-ms-routing-request-id": [
          "EASTUS2EUAP:20230412T110346Z:b21b15d7-c5c7-4988-964a-24c5b9767c22"
        ],
        "X-Content-Type-Options": [
          "nosniff"
        ],
        "Date": [
          "Wed, 12 Apr 2023 11:03:46 GMT"
        ],
        "Content-Length": [
          "677"
        ],
        "Content-Type": [
          "application/json"
        ]
      },
      "ResponseBody": "{\r\n  \"id\": \"/subscriptions/23587e98-b6ac-4328-a753-03bcd3c8e744/resourceGroups/CosmosDBResourceGroup45/providers/Microsoft.DocumentDB/databaseAccounts/cassandra-db2745/cassandraKeyspaces/db2/tables/table\",\r\n  \"type\": \"Microsoft.DocumentDB/databaseAccounts/cassandraKeyspaces/tables\",\r\n  \"name\": \"table\",\r\n  \"properties\": {\r\n    \"resource\": {\r\n      \"id\": \"table\",\r\n      \"_rid\": \"Ot0PAPtAGxs=\",\r\n      \"_etag\": \"\\\"00001400-0000-0100-0000-64368ff80000\\\"\",\r\n      \"_ts\": 1681297400,\r\n      \"defaultTtl\": 0,\r\n      \"schema\": {\r\n        \"columns\": [\r\n          {\r\n            \"name\": \"ColumnA\",\r\n            \"type\": \"int\"\r\n          },\r\n          {\r\n            \"name\": \"ColumnB\",\r\n            \"type\": \"ascii\"\r\n          },\r\n          {\r\n            \"name\": \"ColumnC\",\r\n            \"type\": \"int\"\r\n          },\r\n          {\r\n            \"name\": \"ColumnD\",\r\n            \"type\": \"ascii\"\r\n          }\r\n        ],\r\n        \"partitionKeys\": [\r\n          {\r\n            \"name\": \"ColumnA\"\r\n          }\r\n        ],\r\n        \"clusterKeys\": [\r\n          {\r\n            \"name\": \"ColumnB\",\r\n            \"orderBy\": \"Asc\"\r\n          }\r\n        ]\r\n      }\r\n    }\r\n  }\r\n}",
      "StatusCode": 200
    },
    {
      "RequestUri": "/subscriptions/23587e98-b6ac-4328-a753-03bcd3c8e744/resourceGroups/CosmosDBResourceGroup45/providers/Microsoft.DocumentDB/databaseAccounts/cassandra-db2745/cassandraKeyspaces/db2/tables/table?api-version=2022-11-15-preview",
      "EncodedRequestUri": "L3N1YnNjcmlwdGlvbnMvMjM1ODdlOTgtYjZhYy00MzI4LWE3NTMtMDNiY2QzYzhlNzQ0L3Jlc291cmNlR3JvdXBzL0Nvc21vc0RCUmVzb3VyY2VHcm91cDQ1L3Byb3ZpZGVycy9NaWNyb3NvZnQuRG9jdW1lbnREQi9kYXRhYmFzZUFjY291bnRzL2Nhc3NhbmRyYS1kYjI3NDUvY2Fzc2FuZHJhS2V5c3BhY2VzL2RiMi90YWJsZXMvdGFibGU/YXBpLXZlcnNpb249MjAyMi0xMS0xNS1wcmV2aWV3",
      "RequestMethod": "GET",
      "RequestHeaders": {
        "x-ms-client-request-id": [
          "94edff0a-c45e-4e94-ba16-490f1a99f017"
        ],
        "Accept-Language": [
          "en-US"
        ],
        "User-Agent": [
          "FxVersion/4.700.22.55902",
          "OSName/Windows",
          "OSVersion/Microsoft.Windows.10.0.22621",
          "Microsoft.Azure.Management.CosmosDB.CosmosDBManagementClient/1.9.1"
        ]
      },
      "RequestBody": "",
      "ResponseHeaders": {
        "Cache-Control": [
          "no-store, no-cache"
        ],
        "Pragma": [
          "no-cache"
        ],
        "Strict-Transport-Security": [
          "max-age=31536000; includeSubDomains"
        ],
        "x-ms-gatewayversion": [
          "version=2.14.0"
        ],
        "Server": [
          "Microsoft-HTTPAPI/2.0"
        ],
        "x-ms-ratelimit-remaining-subscription-reads": [
          "11977"
        ],
        "x-ms-request-id": [
          "b9d0c906-7d42-47dc-99f9-b78cd773094d"
        ],
        "x-ms-correlation-request-id": [
          "b9d0c906-7d42-47dc-99f9-b78cd773094d"
        ],
        "x-ms-routing-request-id": [
          "EASTUS2EUAP:20230412T110347Z:b9d0c906-7d42-47dc-99f9-b78cd773094d"
        ],
        "X-Content-Type-Options": [
          "nosniff"
        ],
        "Date": [
          "Wed, 12 Apr 2023 11:03:47 GMT"
        ],
        "Content-Length": [
          "677"
        ],
        "Content-Type": [
          "application/json"
        ]
      },
      "ResponseBody": "{\r\n  \"id\": \"/subscriptions/23587e98-b6ac-4328-a753-03bcd3c8e744/resourceGroups/CosmosDBResourceGroup45/providers/Microsoft.DocumentDB/databaseAccounts/cassandra-db2745/cassandraKeyspaces/db2/tables/table\",\r\n  \"type\": \"Microsoft.DocumentDB/databaseAccounts/cassandraKeyspaces/tables\",\r\n  \"name\": \"table\",\r\n  \"properties\": {\r\n    \"resource\": {\r\n      \"id\": \"table\",\r\n      \"_rid\": \"Ot0PAPtAGxs=\",\r\n      \"_etag\": \"\\\"00001400-0000-0100-0000-64368ff80000\\\"\",\r\n      \"_ts\": 1681297400,\r\n      \"defaultTtl\": 0,\r\n      \"schema\": {\r\n        \"columns\": [\r\n          {\r\n            \"name\": \"ColumnA\",\r\n            \"type\": \"int\"\r\n          },\r\n          {\r\n            \"name\": \"ColumnB\",\r\n            \"type\": \"ascii\"\r\n          },\r\n          {\r\n            \"name\": \"ColumnC\",\r\n            \"type\": \"int\"\r\n          },\r\n          {\r\n            \"name\": \"ColumnD\",\r\n            \"type\": \"ascii\"\r\n          }\r\n        ],\r\n        \"partitionKeys\": [\r\n          {\r\n            \"name\": \"ColumnA\"\r\n          }\r\n        ],\r\n        \"clusterKeys\": [\r\n          {\r\n            \"name\": \"ColumnB\",\r\n            \"orderBy\": \"Asc\"\r\n          }\r\n        ]\r\n      }\r\n    }\r\n  }\r\n}",
      "StatusCode": 200
    },
    {
      "RequestUri": "/subscriptions/23587e98-b6ac-4328-a753-03bcd3c8e744/resourceGroups/CosmosDBResourceGroup45/providers/Microsoft.DocumentDB/databaseAccounts/cassandra-db2745/cassandraKeyspaces/db2/tables/table?api-version=2022-11-15-preview",
      "EncodedRequestUri": "L3N1YnNjcmlwdGlvbnMvMjM1ODdlOTgtYjZhYy00MzI4LWE3NTMtMDNiY2QzYzhlNzQ0L3Jlc291cmNlR3JvdXBzL0Nvc21vc0RCUmVzb3VyY2VHcm91cDQ1L3Byb3ZpZGVycy9NaWNyb3NvZnQuRG9jdW1lbnREQi9kYXRhYmFzZUFjY291bnRzL2Nhc3NhbmRyYS1kYjI3NDUvY2Fzc2FuZHJhS2V5c3BhY2VzL2RiMi90YWJsZXMvdGFibGU/YXBpLXZlcnNpb249MjAyMi0xMS0xNS1wcmV2aWV3",
      "RequestMethod": "GET",
      "RequestHeaders": {
        "x-ms-client-request-id": [
          "94edff0a-c45e-4e94-ba16-490f1a99f017"
        ],
        "User-Agent": [
          "FxVersion/4.700.22.55902",
          "OSName/Windows",
          "OSVersion/Microsoft.Windows.10.0.22621",
          "Microsoft.Azure.Management.CosmosDB.CosmosDBManagementClient/1.9.1"
        ]
      },
      "RequestBody": "",
      "ResponseHeaders": {
        "Cache-Control": [
          "no-store, no-cache"
        ],
        "Pragma": [
          "no-cache"
        ],
        "Strict-Transport-Security": [
          "max-age=31536000; includeSubDomains"
        ],
        "x-ms-gatewayversion": [
          "version=2.14.0"
        ],
        "Server": [
          "Microsoft-HTTPAPI/2.0"
        ],
        "x-ms-ratelimit-remaining-subscription-reads": [
          "11975"
        ],
        "x-ms-request-id": [
          "e5fd7e2f-40b0-43ca-8836-c97a55254cfd"
        ],
        "x-ms-correlation-request-id": [
          "e5fd7e2f-40b0-43ca-8836-c97a55254cfd"
        ],
        "x-ms-routing-request-id": [
          "EASTUS2EUAP:20230412T110418Z:e5fd7e2f-40b0-43ca-8836-c97a55254cfd"
        ],
        "X-Content-Type-Options": [
          "nosniff"
        ],
        "Date": [
          "Wed, 12 Apr 2023 11:04:18 GMT"
        ],
        "Content-Length": [
          "677"
        ],
        "Content-Type": [
          "application/json"
        ]
      },
      "ResponseBody": "{\r\n  \"id\": \"/subscriptions/23587e98-b6ac-4328-a753-03bcd3c8e744/resourceGroups/CosmosDBResourceGroup45/providers/Microsoft.DocumentDB/databaseAccounts/cassandra-db2745/cassandraKeyspaces/db2/tables/table\",\r\n  \"type\": \"Microsoft.DocumentDB/databaseAccounts/cassandraKeyspaces/tables\",\r\n  \"name\": \"table\",\r\n  \"properties\": {\r\n    \"resource\": {\r\n      \"id\": \"table\",\r\n      \"_rid\": \"Ot0PAPtAGxs=\",\r\n      \"_etag\": \"\\\"00001400-0000-0100-0000-64368ff80000\\\"\",\r\n      \"_ts\": 1681297400,\r\n      \"defaultTtl\": 0,\r\n      \"schema\": {\r\n        \"columns\": [\r\n          {\r\n            \"name\": \"ColumnA\",\r\n            \"type\": \"int\"\r\n          },\r\n          {\r\n            \"name\": \"ColumnB\",\r\n            \"type\": \"ascii\"\r\n          },\r\n          {\r\n            \"name\": \"ColumnC\",\r\n            \"type\": \"int\"\r\n          },\r\n          {\r\n            \"name\": \"ColumnD\",\r\n            \"type\": \"ascii\"\r\n          }\r\n        ],\r\n        \"partitionKeys\": [\r\n          {\r\n            \"name\": \"ColumnA\"\r\n          }\r\n        ],\r\n        \"clusterKeys\": [\r\n          {\r\n            \"name\": \"ColumnB\",\r\n            \"orderBy\": \"Asc\"\r\n          }\r\n        ]\r\n      }\r\n    }\r\n  }\r\n}",
      "StatusCode": 200
    },
    {
      "RequestUri": "/subscriptions/23587e98-b6ac-4328-a753-03bcd3c8e744/resourceGroups/CosmosDBResourceGroup45/providers/Microsoft.DocumentDB/databaseAccounts/cassandra-db2745/cassandraKeyspaces/db2/tables/table?api-version=2022-11-15-preview",
      "EncodedRequestUri": "L3N1YnNjcmlwdGlvbnMvMjM1ODdlOTgtYjZhYy00MzI4LWE3NTMtMDNiY2QzYzhlNzQ0L3Jlc291cmNlR3JvdXBzL0Nvc21vc0RCUmVzb3VyY2VHcm91cDQ1L3Byb3ZpZGVycy9NaWNyb3NvZnQuRG9jdW1lbnREQi9kYXRhYmFzZUFjY291bnRzL2Nhc3NhbmRyYS1kYjI3NDUvY2Fzc2FuZHJhS2V5c3BhY2VzL2RiMi90YWJsZXMvdGFibGU/YXBpLXZlcnNpb249MjAyMi0xMS0xNS1wcmV2aWV3",
      "RequestMethod": "GET",
      "RequestHeaders": {
        "x-ms-client-request-id": [
          "6de389a6-9115-4562-bf1c-f6ee2649e71e"
        ],
        "Accept-Language": [
          "en-US"
        ],
        "User-Agent": [
          "FxVersion/4.700.22.55902",
          "OSName/Windows",
          "OSVersion/Microsoft.Windows.10.0.22621",
          "Microsoft.Azure.Management.CosmosDB.CosmosDBManagementClient/1.9.1"
        ]
      },
      "RequestBody": "",
      "ResponseHeaders": {
        "Cache-Control": [
          "no-store, no-cache"
        ],
        "Pragma": [
          "no-cache"
        ],
        "Strict-Transport-Security": [
          "max-age=31536000; includeSubDomains"
        ],
        "x-ms-gatewayversion": [
          "version=2.14.0"
        ],
        "Server": [
          "Microsoft-HTTPAPI/2.0"
        ],
        "x-ms-ratelimit-remaining-subscription-reads": [
          "11970"
        ],
        "x-ms-request-id": [
          "06139cb4-59f9-4b91-b474-b42855910c3b"
        ],
        "x-ms-correlation-request-id": [
          "06139cb4-59f9-4b91-b474-b42855910c3b"
        ],
        "x-ms-routing-request-id": [
          "EASTUS2EUAP:20230412T110420Z:06139cb4-59f9-4b91-b474-b42855910c3b"
        ],
        "X-Content-Type-Options": [
          "nosniff"
        ],
        "Date": [
          "Wed, 12 Apr 2023 11:04:19 GMT"
        ],
        "Content-Length": [
          "677"
        ],
        "Content-Type": [
          "application/json"
        ]
      },
      "ResponseBody": "{\r\n  \"id\": \"/subscriptions/23587e98-b6ac-4328-a753-03bcd3c8e744/resourceGroups/CosmosDBResourceGroup45/providers/Microsoft.DocumentDB/databaseAccounts/cassandra-db2745/cassandraKeyspaces/db2/tables/table\",\r\n  \"type\": \"Microsoft.DocumentDB/databaseAccounts/cassandraKeyspaces/tables\",\r\n  \"name\": \"table\",\r\n  \"properties\": {\r\n    \"resource\": {\r\n      \"id\": \"table\",\r\n      \"_rid\": \"Ot0PAPtAGxs=\",\r\n      \"_etag\": \"\\\"00001400-0000-0100-0000-64368ff80000\\\"\",\r\n      \"_ts\": 1681297400,\r\n      \"defaultTtl\": 0,\r\n      \"schema\": {\r\n        \"columns\": [\r\n          {\r\n            \"name\": \"ColumnA\",\r\n            \"type\": \"int\"\r\n          },\r\n          {\r\n            \"name\": \"ColumnB\",\r\n            \"type\": \"ascii\"\r\n          },\r\n          {\r\n            \"name\": \"ColumnC\",\r\n            \"type\": \"int\"\r\n          },\r\n          {\r\n            \"name\": \"ColumnD\",\r\n            \"type\": \"ascii\"\r\n          }\r\n        ],\r\n        \"partitionKeys\": [\r\n          {\r\n            \"name\": \"ColumnA\"\r\n          }\r\n        ],\r\n        \"clusterKeys\": [\r\n          {\r\n            \"name\": \"ColumnB\",\r\n            \"orderBy\": \"Asc\"\r\n          }\r\n        ]\r\n      }\r\n    }\r\n  }\r\n}",
      "StatusCode": 200
    },
    {
      "RequestUri": "/subscriptions/23587e98-b6ac-4328-a753-03bcd3c8e744/resourceGroups/CosmosDBResourceGroup45/providers/Microsoft.DocumentDB/databaseAccounts/cassandra-db2745/cassandraKeyspaces/db2/tables/table?api-version=2022-11-15-preview",
      "EncodedRequestUri": "L3N1YnNjcmlwdGlvbnMvMjM1ODdlOTgtYjZhYy00MzI4LWE3NTMtMDNiY2QzYzhlNzQ0L3Jlc291cmNlR3JvdXBzL0Nvc21vc0RCUmVzb3VyY2VHcm91cDQ1L3Byb3ZpZGVycy9NaWNyb3NvZnQuRG9jdW1lbnREQi9kYXRhYmFzZUFjY291bnRzL2Nhc3NhbmRyYS1kYjI3NDUvY2Fzc2FuZHJhS2V5c3BhY2VzL2RiMi90YWJsZXMvdGFibGU/YXBpLXZlcnNpb249MjAyMi0xMS0xNS1wcmV2aWV3",
      "RequestMethod": "PUT",
      "RequestHeaders": {
        "x-ms-client-request-id": [
          "28c52ef7-e175-445e-af72-475692d2a7ec"
        ],
        "Accept-Language": [
          "en-US"
        ],
        "User-Agent": [
          "FxVersion/4.700.22.55902",
          "OSName/Windows",
          "OSVersion/Microsoft.Windows.10.0.22621",
          "Microsoft.Azure.Management.CosmosDB.CosmosDBManagementClient/1.9.1"
        ],
        "Content-Type": [
          "application/json; charset=utf-8"
        ],
        "Content-Length": [
          "553"
        ]
      },
      "RequestBody": "{\r\n  \"properties\": {\r\n    \"resource\": {\r\n      \"id\": \"table\",\r\n      \"schema\": {\r\n        \"columns\": [\r\n          {\r\n            \"name\": \"ColumnA\",\r\n            \"type\": \"int\"\r\n          },\r\n          {\r\n            \"name\": \"ColumnB\",\r\n            \"type\": \"ascii\"\r\n          }\r\n        ],\r\n        \"partitionKeys\": [\r\n          {\r\n            \"name\": \"ColumnA\"\r\n          }\r\n        ],\r\n        \"clusterKeys\": [\r\n          {\r\n            \"name\": \"ColumnB\",\r\n            \"orderBy\": \"Asc\"\r\n          }\r\n        ]\r\n      }\r\n    },\r\n    \"options\": {}\r\n  }\r\n}",
      "ResponseHeaders": {
        "Cache-Control": [
          "no-store, no-cache"
        ],
        "Pragma": [
          "no-cache"
        ],
        "Location": [
          "https://eastus2euap.management.azure.com/subscriptions/23587e98-b6ac-4328-a753-03bcd3c8e744/resourceGroups/CosmosDBResourceGroup45/providers/Microsoft.DocumentDB/databaseAccounts/cassandra-db2745/cassandraKeyspaces/db2/tables/table/operationResults/b5ce9895-79d3-4f59-adca-cd438b13273e?api-version=2022-11-15-preview"
        ],
        "Azure-AsyncOperation": [
          "https://eastus2euap.management.azure.com/subscriptions/23587e98-b6ac-4328-a753-03bcd3c8e744/providers/Microsoft.DocumentDB/locations/eastus/operationsStatus/b5ce9895-79d3-4f59-adca-cd438b13273e?api-version=2022-11-15-preview"
        ],
        "x-ms-request-id": [
          "b5ce9895-79d3-4f59-adca-cd438b13273e"
        ],
        "Strict-Transport-Security": [
          "max-age=31536000; includeSubDomains"
        ],
        "x-ms-gatewayversion": [
          "version=2.14.0"
        ],
        "Server": [
          "Microsoft-HTTPAPI/2.0"
        ],
        "x-ms-ratelimit-remaining-subscription-writes": [
          "1195"
        ],
        "x-ms-correlation-request-id": [
          "d3c0e679-f152-43f2-91af-4f55dfdcf4a9"
        ],
        "x-ms-routing-request-id": [
          "EASTUS2EUAP:20230412T110245Z:d3c0e679-f152-43f2-91af-4f55dfdcf4a9"
        ],
        "X-Content-Type-Options": [
          "nosniff"
        ],
        "Date": [
          "Wed, 12 Apr 2023 11:02:45 GMT"
        ],
        "Content-Length": [
          "21"
        ],
        "Content-Type": [
          "application/json"
        ]
      },
      "ResponseBody": "{\r\n  \"status\": \"Enqueued\"\r\n}",
      "StatusCode": 202
    },
    {
      "RequestUri": "/subscriptions/23587e98-b6ac-4328-a753-03bcd3c8e744/resourceGroups/CosmosDBResourceGroup45/providers/Microsoft.DocumentDB/databaseAccounts/cassandra-db2745/cassandraKeyspaces/db2/tables/table?api-version=2022-11-15-preview",
      "EncodedRequestUri": "L3N1YnNjcmlwdGlvbnMvMjM1ODdlOTgtYjZhYy00MzI4LWE3NTMtMDNiY2QzYzhlNzQ0L3Jlc291cmNlR3JvdXBzL0Nvc21vc0RCUmVzb3VyY2VHcm91cDQ1L3Byb3ZpZGVycy9NaWNyb3NvZnQuRG9jdW1lbnREQi9kYXRhYmFzZUFjY291bnRzL2Nhc3NhbmRyYS1kYjI3NDUvY2Fzc2FuZHJhS2V5c3BhY2VzL2RiMi90YWJsZXMvdGFibGU/YXBpLXZlcnNpb249MjAyMi0xMS0xNS1wcmV2aWV3",
      "RequestMethod": "PUT",
      "RequestHeaders": {
        "x-ms-client-request-id": [
          "861986ab-a29f-40c1-b321-767e6008be47"
        ],
        "Accept-Language": [
          "en-US"
        ],
        "User-Agent": [
          "FxVersion/4.700.22.55902",
          "OSName/Windows",
          "OSVersion/Microsoft.Windows.10.0.22621",
          "Microsoft.Azure.Management.CosmosDB.CosmosDBManagementClient/1.9.1"
        ],
        "Content-Type": [
          "application/json; charset=utf-8"
        ],
        "Content-Length": [
          "751"
        ]
      },
      "RequestBody": "{\r\n  \"properties\": {\r\n    \"resource\": {\r\n      \"id\": \"table\",\r\n      \"defaultTtl\": 0,\r\n      \"schema\": {\r\n        \"columns\": [\r\n          {\r\n            \"name\": \"ColumnA\",\r\n            \"type\": \"int\"\r\n          },\r\n          {\r\n            \"name\": \"ColumnB\",\r\n            \"type\": \"ascii\"\r\n          },\r\n          {\r\n            \"name\": \"ColumnC\",\r\n            \"type\": \"int\"\r\n          },\r\n          {\r\n            \"name\": \"ColumnD\",\r\n            \"type\": \"ascii\"\r\n          }\r\n        ],\r\n        \"partitionKeys\": [\r\n          {\r\n            \"name\": \"ColumnA\"\r\n          }\r\n        ],\r\n        \"clusterKeys\": [\r\n          {\r\n            \"name\": \"ColumnB\",\r\n            \"orderBy\": \"Asc\"\r\n          }\r\n        ]\r\n      }\r\n    },\r\n    \"options\": {}\r\n  }\r\n}",
      "ResponseHeaders": {
        "Cache-Control": [
          "no-store, no-cache"
        ],
        "Pragma": [
          "no-cache"
        ],
        "Location": [
          "https://eastus2euap.management.azure.com/subscriptions/23587e98-b6ac-4328-a753-03bcd3c8e744/resourceGroups/CosmosDBResourceGroup45/providers/Microsoft.DocumentDB/databaseAccounts/cassandra-db2745/cassandraKeyspaces/db2/tables/table/operationResults/91a778fb-4237-4e6e-8833-23589f529fed?api-version=2022-11-15-preview"
        ],
        "Azure-AsyncOperation": [
          "https://eastus2euap.management.azure.com/subscriptions/23587e98-b6ac-4328-a753-03bcd3c8e744/providers/Microsoft.DocumentDB/locations/eastus/operationsStatus/91a778fb-4237-4e6e-8833-23589f529fed?api-version=2022-11-15-preview"
        ],
        "x-ms-request-id": [
          "91a778fb-4237-4e6e-8833-23589f529fed"
        ],
        "Strict-Transport-Security": [
          "max-age=31536000; includeSubDomains"
        ],
        "x-ms-gatewayversion": [
          "version=2.14.0"
        ],
        "Server": [
          "Microsoft-HTTPAPI/2.0"
        ],
        "x-ms-ratelimit-remaining-subscription-writes": [
          "1194"
        ],
        "x-ms-correlation-request-id": [
          "fb479b01-b04a-426e-aa55-c822ca79f437"
        ],
        "x-ms-routing-request-id": [
          "EASTUS2EUAP:20230412T110316Z:fb479b01-b04a-426e-aa55-c822ca79f437"
        ],
        "X-Content-Type-Options": [
          "nosniff"
        ],
        "Date": [
          "Wed, 12 Apr 2023 11:03:15 GMT"
        ],
        "Content-Length": [
          "21"
        ],
        "Content-Type": [
          "application/json"
        ]
      },
      "ResponseBody": "{\r\n  \"status\": \"Enqueued\"\r\n}",
      "StatusCode": 202
    },
    {
      "RequestUri": "/subscriptions/23587e98-b6ac-4328-a753-03bcd3c8e744/resourceGroups/CosmosDBResourceGroup45/providers/Microsoft.DocumentDB/databaseAccounts/cassandra-db2745/cassandraKeyspaces/db2/tables/table?api-version=2022-11-15-preview",
      "EncodedRequestUri": "L3N1YnNjcmlwdGlvbnMvMjM1ODdlOTgtYjZhYy00MzI4LWE3NTMtMDNiY2QzYzhlNzQ0L3Jlc291cmNlR3JvdXBzL0Nvc21vc0RCUmVzb3VyY2VHcm91cDQ1L3Byb3ZpZGVycy9NaWNyb3NvZnQuRG9jdW1lbnREQi9kYXRhYmFzZUFjY291bnRzL2Nhc3NhbmRyYS1kYjI3NDUvY2Fzc2FuZHJhS2V5c3BhY2VzL2RiMi90YWJsZXMvdGFibGU/YXBpLXZlcnNpb249MjAyMi0xMS0xNS1wcmV2aWV3",
      "RequestMethod": "PUT",
      "RequestHeaders": {
        "x-ms-client-request-id": [
          "94edff0a-c45e-4e94-ba16-490f1a99f017"
        ],
        "Accept-Language": [
          "en-US"
        ],
        "User-Agent": [
          "FxVersion/4.700.22.55902",
          "OSName/Windows",
          "OSVersion/Microsoft.Windows.10.0.22621",
          "Microsoft.Azure.Management.CosmosDB.CosmosDBManagementClient/1.9.1"
        ],
        "Content-Type": [
          "application/json; charset=utf-8"
        ],
        "Content-Length": [
          "751"
        ]
      },
      "RequestBody": "{\r\n  \"properties\": {\r\n    \"resource\": {\r\n      \"id\": \"table\",\r\n      \"defaultTtl\": 0,\r\n      \"schema\": {\r\n        \"columns\": [\r\n          {\r\n            \"name\": \"ColumnA\",\r\n            \"type\": \"int\"\r\n          },\r\n          {\r\n            \"name\": \"ColumnB\",\r\n            \"type\": \"ascii\"\r\n          },\r\n          {\r\n            \"name\": \"ColumnC\",\r\n            \"type\": \"int\"\r\n          },\r\n          {\r\n            \"name\": \"ColumnD\",\r\n            \"type\": \"ascii\"\r\n          }\r\n        ],\r\n        \"partitionKeys\": [\r\n          {\r\n            \"name\": \"ColumnA\"\r\n          }\r\n        ],\r\n        \"clusterKeys\": [\r\n          {\r\n            \"name\": \"ColumnB\",\r\n            \"orderBy\": \"Asc\"\r\n          }\r\n        ]\r\n      }\r\n    },\r\n    \"options\": {}\r\n  }\r\n}",
      "ResponseHeaders": {
        "Cache-Control": [
          "no-store, no-cache"
        ],
        "Pragma": [
          "no-cache"
        ],
        "Location": [
          "https://eastus2euap.management.azure.com/subscriptions/23587e98-b6ac-4328-a753-03bcd3c8e744/resourceGroups/CosmosDBResourceGroup45/providers/Microsoft.DocumentDB/databaseAccounts/cassandra-db2745/cassandraKeyspaces/db2/tables/table/operationResults/54d44755-b2b3-4635-b2ec-78c6ac2ac709?api-version=2022-11-15-preview"
        ],
        "Azure-AsyncOperation": [
          "https://eastus2euap.management.azure.com/subscriptions/23587e98-b6ac-4328-a753-03bcd3c8e744/providers/Microsoft.DocumentDB/locations/eastus/operationsStatus/54d44755-b2b3-4635-b2ec-78c6ac2ac709?api-version=2022-11-15-preview"
        ],
        "x-ms-request-id": [
          "54d44755-b2b3-4635-b2ec-78c6ac2ac709"
        ],
        "Strict-Transport-Security": [
          "max-age=31536000; includeSubDomains"
        ],
        "x-ms-gatewayversion": [
          "version=2.14.0"
        ],
        "Server": [
          "Microsoft-HTTPAPI/2.0"
        ],
        "x-ms-ratelimit-remaining-subscription-writes": [
          "1198"
        ],
        "x-ms-correlation-request-id": [
          "e984b152-e32b-49e9-bac3-2f4403a3c4ca"
        ],
        "x-ms-routing-request-id": [
          "EASTUS2EUAP:20230412T110348Z:e984b152-e32b-49e9-bac3-2f4403a3c4ca"
        ],
        "X-Content-Type-Options": [
          "nosniff"
        ],
        "Date": [
          "Wed, 12 Apr 2023 11:03:47 GMT"
        ],
        "Content-Length": [
          "21"
        ],
        "Content-Type": [
          "application/json"
        ]
      },
      "ResponseBody": "{\r\n  \"status\": \"Enqueued\"\r\n}",
      "StatusCode": 202
    },
    {
      "RequestUri": "/subscriptions/23587e98-b6ac-4328-a753-03bcd3c8e744/providers/Microsoft.DocumentDB/locations/eastus/operationsStatus/b5ce9895-79d3-4f59-adca-cd438b13273e?api-version=2022-11-15-preview",
      "EncodedRequestUri": "L3N1YnNjcmlwdGlvbnMvMjM1ODdlOTgtYjZhYy00MzI4LWE3NTMtMDNiY2QzYzhlNzQ0L3Byb3ZpZGVycy9NaWNyb3NvZnQuRG9jdW1lbnREQi9sb2NhdGlvbnMvZWFzdHVzL29wZXJhdGlvbnNTdGF0dXMvYjVjZTk4OTUtNzlkMy00ZjU5LWFkY2EtY2Q0MzhiMTMyNzNlP2FwaS12ZXJzaW9uPTIwMjItMTEtMTUtcHJldmlldw==",
      "RequestMethod": "GET",
      "RequestHeaders": {
        "x-ms-client-request-id": [
          "28c52ef7-e175-445e-af72-475692d2a7ec"
        ],
        "User-Agent": [
          "FxVersion/4.700.22.55902",
          "OSName/Windows",
          "OSVersion/Microsoft.Windows.10.0.22621",
          "Microsoft.Azure.Management.CosmosDB.CosmosDBManagementClient/1.9.1"
        ]
      },
      "RequestBody": "",
      "ResponseHeaders": {
        "Cache-Control": [
          "no-store, no-cache"
        ],
        "Pragma": [
          "no-cache"
        ],
        "Strict-Transport-Security": [
          "max-age=31536000; includeSubDomains"
        ],
        "x-ms-gatewayversion": [
          "version=2.14.0"
        ],
        "Server": [
          "Microsoft-HTTPAPI/2.0"
        ],
        "x-ms-ratelimit-remaining-subscription-reads": [
          "11978"
        ],
        "x-ms-request-id": [
          "9473a753-5a9f-49ae-90d9-fdcd51dbe18b"
        ],
        "x-ms-correlation-request-id": [
          "9473a753-5a9f-49ae-90d9-fdcd51dbe18b"
        ],
        "x-ms-routing-request-id": [
          "EASTUS2EUAP:20230412T110315Z:9473a753-5a9f-49ae-90d9-fdcd51dbe18b"
        ],
        "X-Content-Type-Options": [
          "nosniff"
        ],
        "Date": [
          "Wed, 12 Apr 2023 11:03:14 GMT"
        ],
        "Content-Length": [
          "22"
        ],
        "Content-Type": [
          "application/json"
        ]
      },
      "ResponseBody": "{\r\n  \"status\": \"Succeeded\"\r\n}",
      "StatusCode": 200
    },
    {
      "RequestUri": "/subscriptions/23587e98-b6ac-4328-a753-03bcd3c8e744/providers/Microsoft.DocumentDB/locations/eastus/operationsStatus/91a778fb-4237-4e6e-8833-23589f529fed?api-version=2022-11-15-preview",
      "EncodedRequestUri": "L3N1YnNjcmlwdGlvbnMvMjM1ODdlOTgtYjZhYy00MzI4LWE3NTMtMDNiY2QzYzhlNzQ0L3Byb3ZpZGVycy9NaWNyb3NvZnQuRG9jdW1lbnREQi9sb2NhdGlvbnMvZWFzdHVzL29wZXJhdGlvbnNTdGF0dXMvOTFhNzc4ZmItNDIzNy00ZTZlLTg4MzMtMjM1ODlmNTI5ZmVkP2FwaS12ZXJzaW9uPTIwMjItMTEtMTUtcHJldmlldw==",
      "RequestMethod": "GET",
      "RequestHeaders": {
        "x-ms-client-request-id": [
          "861986ab-a29f-40c1-b321-767e6008be47"
        ],
        "User-Agent": [
          "FxVersion/4.700.22.55902",
          "OSName/Windows",
          "OSVersion/Microsoft.Windows.10.0.22621",
          "Microsoft.Azure.Management.CosmosDB.CosmosDBManagementClient/1.9.1"
        ]
      },
      "RequestBody": "",
      "ResponseHeaders": {
        "Cache-Control": [
          "no-store, no-cache"
        ],
        "Pragma": [
          "no-cache"
        ],
        "Strict-Transport-Security": [
          "max-age=31536000; includeSubDomains"
        ],
        "x-ms-gatewayversion": [
          "version=2.14.0"
        ],
        "Server": [
          "Microsoft-HTTPAPI/2.0"
        ],
        "x-ms-ratelimit-remaining-subscription-reads": [
          "11975"
        ],
        "x-ms-request-id": [
          "2a063321-234b-4569-8df8-2bf1ab4596f2"
        ],
        "x-ms-correlation-request-id": [
          "2a063321-234b-4569-8df8-2bf1ab4596f2"
        ],
        "x-ms-routing-request-id": [
          "EASTUS2EUAP:20230412T110346Z:2a063321-234b-4569-8df8-2bf1ab4596f2"
        ],
        "X-Content-Type-Options": [
          "nosniff"
        ],
        "Date": [
          "Wed, 12 Apr 2023 11:03:46 GMT"
        ],
        "Content-Length": [
          "22"
        ],
        "Content-Type": [
          "application/json"
        ]
      },
      "ResponseBody": "{\r\n  \"status\": \"Succeeded\"\r\n}",
      "StatusCode": 200
    },
    {
      "RequestUri": "/subscriptions/23587e98-b6ac-4328-a753-03bcd3c8e744/providers/Microsoft.DocumentDB/locations/eastus/operationsStatus/54d44755-b2b3-4635-b2ec-78c6ac2ac709?api-version=2022-11-15-preview",
      "EncodedRequestUri": "L3N1YnNjcmlwdGlvbnMvMjM1ODdlOTgtYjZhYy00MzI4LWE3NTMtMDNiY2QzYzhlNzQ0L3Byb3ZpZGVycy9NaWNyb3NvZnQuRG9jdW1lbnREQi9sb2NhdGlvbnMvZWFzdHVzL29wZXJhdGlvbnNTdGF0dXMvNTRkNDQ3NTUtYjJiMy00NjM1LWIyZWMtNzhjNmFjMmFjNzA5P2FwaS12ZXJzaW9uPTIwMjItMTEtMTUtcHJldmlldw==",
      "RequestMethod": "GET",
      "RequestHeaders": {
        "x-ms-client-request-id": [
          "94edff0a-c45e-4e94-ba16-490f1a99f017"
        ],
        "User-Agent": [
          "FxVersion/4.700.22.55902",
          "OSName/Windows",
          "OSVersion/Microsoft.Windows.10.0.22621",
          "Microsoft.Azure.Management.CosmosDB.CosmosDBManagementClient/1.9.1"
        ]
      },
      "RequestBody": "",
      "ResponseHeaders": {
        "Cache-Control": [
          "no-store, no-cache"
        ],
        "Pragma": [
          "no-cache"
        ],
        "Strict-Transport-Security": [
          "max-age=31536000; includeSubDomains"
        ],
        "x-ms-gatewayversion": [
          "version=2.14.0"
        ],
        "Server": [
          "Microsoft-HTTPAPI/2.0"
        ],
        "x-ms-ratelimit-remaining-subscription-reads": [
          "11976"
        ],
        "x-ms-request-id": [
          "93f1f8af-40f4-43f0-8337-55ecebecaba2"
        ],
        "x-ms-correlation-request-id": [
          "93f1f8af-40f4-43f0-8337-55ecebecaba2"
        ],
        "x-ms-routing-request-id": [
          "EASTUS2EUAP:20230412T110418Z:93f1f8af-40f4-43f0-8337-55ecebecaba2"
        ],
        "X-Content-Type-Options": [
          "nosniff"
        ],
        "Date": [
          "Wed, 12 Apr 2023 11:04:18 GMT"
        ],
        "Content-Length": [
          "22"
        ],
        "Content-Type": [
          "application/json"
        ]
      },
      "ResponseBody": "{\r\n  \"status\": \"Succeeded\"\r\n}",
      "StatusCode": 200
    },
    {
      "RequestUri": "/subscriptions/23587e98-b6ac-4328-a753-03bcd3c8e744/resourceGroups/CosmosDBResourceGroup45/providers/Microsoft.DocumentDB/databaseAccounts/cassandra-db2745/cassandraKeyspaces/db2/tables?api-version=2022-11-15-preview",
      "EncodedRequestUri": "L3N1YnNjcmlwdGlvbnMvMjM1ODdlOTgtYjZhYy00MzI4LWE3NTMtMDNiY2QzYzhlNzQ0L3Jlc291cmNlR3JvdXBzL0Nvc21vc0RCUmVzb3VyY2VHcm91cDQ1L3Byb3ZpZGVycy9NaWNyb3NvZnQuRG9jdW1lbnREQi9kYXRhYmFzZUFjY291bnRzL2Nhc3NhbmRyYS1kYjI3NDUvY2Fzc2FuZHJhS2V5c3BhY2VzL2RiMi90YWJsZXM/YXBpLXZlcnNpb249MjAyMi0xMS0xNS1wcmV2aWV3",
      "RequestMethod": "GET",
      "RequestHeaders": {
        "x-ms-client-request-id": [
          "56b98e69-8e68-48ec-bb81-5b36068a05b4"
        ],
        "Accept-Language": [
          "en-US"
        ],
        "User-Agent": [
          "FxVersion/4.700.22.55902",
          "OSName/Windows",
          "OSVersion/Microsoft.Windows.10.0.22621",
          "Microsoft.Azure.Management.CosmosDB.CosmosDBManagementClient/1.9.1"
        ]
      },
      "RequestBody": "",
      "ResponseHeaders": {
        "Cache-Control": [
          "no-store, no-cache"
        ],
        "Pragma": [
          "no-cache"
        ],
        "Strict-Transport-Security": [
          "max-age=31536000; includeSubDomains"
        ],
        "x-ms-gatewayversion": [
          "version=2.14.0"
        ],
        "Server": [
          "Microsoft-HTTPAPI/2.0"
        ],
        "x-ms-ratelimit-remaining-subscription-reads": [
          "11973"
        ],
        "x-ms-request-id": [
          "b5688f71-ec7b-4f56-93b7-192ff97ed218"
        ],
        "x-ms-correlation-request-id": [
          "b5688f71-ec7b-4f56-93b7-192ff97ed218"
        ],
        "x-ms-routing-request-id": [
          "EASTUS2EUAP:20230412T110420Z:b5688f71-ec7b-4f56-93b7-192ff97ed218"
        ],
        "X-Content-Type-Options": [
          "nosniff"
        ],
        "Date": [
          "Wed, 12 Apr 2023 11:04:20 GMT"
        ],
        "Content-Length": [
          "689"
        ],
        "Content-Type": [
          "application/json"
        ]
      },
      "ResponseBody": "{\r\n  \"value\": [\r\n    {\r\n      \"id\": \"/subscriptions/23587e98-b6ac-4328-a753-03bcd3c8e744/resourceGroups/CosmosDBResourceGroup45/providers/Microsoft.DocumentDB/databaseAccounts/cassandra-db2745/cassandraKeyspaces/db2/tables/table\",\r\n      \"type\": \"Microsoft.DocumentDB/databaseAccounts/cassandraKeyspaces/tables\",\r\n      \"name\": \"table\",\r\n      \"properties\": {\r\n        \"resource\": {\r\n          \"id\": \"table\",\r\n          \"_rid\": \"Ot0PAPtAGxs=\",\r\n          \"_etag\": \"\\\"00001400-0000-0100-0000-64368ff80000\\\"\",\r\n          \"_ts\": 1681297400,\r\n          \"defaultTtl\": 0,\r\n          \"schema\": {\r\n            \"columns\": [\r\n              {\r\n                \"name\": \"ColumnA\",\r\n                \"type\": \"int\"\r\n              },\r\n              {\r\n                \"name\": \"ColumnB\",\r\n                \"type\": \"ascii\"\r\n              },\r\n              {\r\n                \"name\": \"ColumnC\",\r\n                \"type\": \"int\"\r\n              },\r\n              {\r\n                \"name\": \"ColumnD\",\r\n                \"type\": \"ascii\"\r\n              }\r\n            ],\r\n            \"partitionKeys\": [\r\n              {\r\n                \"name\": \"ColumnA\"\r\n              }\r\n            ],\r\n            \"clusterKeys\": [\r\n              {\r\n                \"name\": \"ColumnB\",\r\n                \"orderBy\": \"Asc\"\r\n              }\r\n            ]\r\n          }\r\n        }\r\n      }\r\n    }\r\n  ]\r\n}",
      "StatusCode": 200
    },
    {
      "RequestUri": "/subscriptions/23587e98-b6ac-4328-a753-03bcd3c8e744/resourceGroups/CosmosDBResourceGroup45/providers/Microsoft.DocumentDB/databaseAccounts/cassandra-db2745/cassandraKeyspaces?api-version=2022-11-15-preview",
      "EncodedRequestUri": "L3N1YnNjcmlwdGlvbnMvMjM1ODdlOTgtYjZhYy00MzI4LWE3NTMtMDNiY2QzYzhlNzQ0L3Jlc291cmNlR3JvdXBzL0Nvc21vc0RCUmVzb3VyY2VHcm91cDQ1L3Byb3ZpZGVycy9NaWNyb3NvZnQuRG9jdW1lbnREQi9kYXRhYmFzZUFjY291bnRzL2Nhc3NhbmRyYS1kYjI3NDUvY2Fzc2FuZHJhS2V5c3BhY2VzP2FwaS12ZXJzaW9uPTIwMjItMTEtMTUtcHJldmlldw==",
      "RequestMethod": "GET",
      "RequestHeaders": {
        "x-ms-client-request-id": [
          "75d9c505-3f0c-4538-8c27-ffffe3d11f4c"
        ],
        "Accept-Language": [
          "en-US"
        ],
        "User-Agent": [
          "FxVersion/4.700.22.55902",
          "OSName/Windows",
          "OSVersion/Microsoft.Windows.10.0.22621",
          "Microsoft.Azure.Management.CosmosDB.CosmosDBManagementClient/1.9.1"
        ]
      },
      "RequestBody": "",
      "ResponseHeaders": {
        "Cache-Control": [
          "no-store, no-cache"
        ],
        "Pragma": [
          "no-cache"
        ],
        "Strict-Transport-Security": [
          "max-age=31536000; includeSubDomains"
        ],
        "x-ms-gatewayversion": [
          "version=2.14.0"
        ],
        "Server": [
          "Microsoft-HTTPAPI/2.0"
        ],
        "x-ms-ratelimit-remaining-subscription-reads": [
          "11996"
        ],
        "x-ms-request-id": [
          "389de478-2032-4529-9a42-0d04a60efbac"
        ],
        "x-ms-correlation-request-id": [
          "389de478-2032-4529-9a42-0d04a60efbac"
        ],
        "x-ms-routing-request-id": [
          "EASTUS2EUAP:20230412T110421Z:389de478-2032-4529-9a42-0d04a60efbac"
        ],
        "X-Content-Type-Options": [
          "nosniff"
        ],
        "Date": [
          "Wed, 12 Apr 2023 11:04:20 GMT"
        ],
        "Content-Length": [
          "403"
        ],
        "Content-Type": [
          "application/json"
        ]
      },
      "ResponseBody": "{\r\n  \"value\": [\r\n    {\r\n      \"id\": \"/subscriptions/23587e98-b6ac-4328-a753-03bcd3c8e744/resourceGroups/CosmosDBResourceGroup45/providers/Microsoft.DocumentDB/databaseAccounts/cassandra-db2745/cassandraKeyspaces/db2\",\r\n      \"type\": \"Microsoft.DocumentDB/databaseAccounts/cassandraKeyspaces\",\r\n      \"name\": \"db2\",\r\n      \"properties\": {\r\n        \"resource\": {\r\n          \"id\": \"db2\",\r\n          \"_rid\": \"Ot0PAA==\",\r\n          \"_etag\": \"\\\"00000900-0000-0100-0000-64368f7e0000\\\"\",\r\n          \"_ts\": 1681297278\r\n        }\r\n      }\r\n    }\r\n  ]\r\n}",
      "StatusCode": 200
    },
    {
      "RequestUri": "/subscriptions/23587e98-b6ac-4328-a753-03bcd3c8e744/resourceGroups/CosmosDBResourceGroup45/providers/Microsoft.DocumentDB/databaseAccounts/cassandra-db2745/cassandraKeyspaces/db2/tables/table?api-version=2022-11-15-preview",
      "EncodedRequestUri": "L3N1YnNjcmlwdGlvbnMvMjM1ODdlOTgtYjZhYy00MzI4LWE3NTMtMDNiY2QzYzhlNzQ0L3Jlc291cmNlR3JvdXBzL0Nvc21vc0RCUmVzb3VyY2VHcm91cDQ1L3Byb3ZpZGVycy9NaWNyb3NvZnQuRG9jdW1lbnREQi9kYXRhYmFzZUFjY291bnRzL2Nhc3NhbmRyYS1kYjI3NDUvY2Fzc2FuZHJhS2V5c3BhY2VzL2RiMi90YWJsZXMvdGFibGU/YXBpLXZlcnNpb249MjAyMi0xMS0xNS1wcmV2aWV3",
      "RequestMethod": "DELETE",
      "RequestHeaders": {
        "x-ms-client-request-id": [
          "3911ab9e-bb12-4b0d-9ebd-dc52aaa4a747"
        ],
        "Accept-Language": [
          "en-US"
        ],
        "User-Agent": [
          "FxVersion/4.700.22.55902",
          "OSName/Windows",
          "OSVersion/Microsoft.Windows.10.0.22621",
          "Microsoft.Azure.Management.CosmosDB.CosmosDBManagementClient/1.9.1"
        ]
      },
      "RequestBody": "",
      "ResponseHeaders": {
        "Cache-Control": [
          "no-store, no-cache"
        ],
        "Pragma": [
          "no-cache"
        ],
        "Location": [
          "https://eastus2euap.management.azure.com/subscriptions/23587e98-b6ac-4328-a753-03bcd3c8e744/resourceGroups/CosmosDBResourceGroup45/providers/Microsoft.DocumentDB/databaseAccounts/cassandra-db2745/cassandraKeyspaces/db2/tables/table/operationResults/8452ae0e-ba01-4004-9d9b-ba0655612b61?api-version=2022-11-15-preview"
        ],
        "Azure-AsyncOperation": [
          "https://eastus2euap.management.azure.com/subscriptions/23587e98-b6ac-4328-a753-03bcd3c8e744/providers/Microsoft.DocumentDB/locations/eastus/operationsStatus/8452ae0e-ba01-4004-9d9b-ba0655612b61?api-version=2022-11-15-preview"
        ],
        "x-ms-request-id": [
          "8452ae0e-ba01-4004-9d9b-ba0655612b61"
        ],
        "Strict-Transport-Security": [
          "max-age=31536000; includeSubDomains"
        ],
        "x-ms-gatewayversion": [
          "version=2.14.0"
        ],
        "Server": [
          "Microsoft-HTTPAPI/2.0"
        ],
        "x-ms-ratelimit-remaining-subscription-deletes": [
          "14997"
        ],
        "x-ms-correlation-request-id": [
          "87ad5a34-b6c8-44e6-ab79-4cc74227548a"
        ],
        "x-ms-routing-request-id": [
          "EASTUS2EUAP:20230412T110422Z:87ad5a34-b6c8-44e6-ab79-4cc74227548a"
        ],
        "X-Content-Type-Options": [
          "nosniff"
        ],
        "Date": [
          "Wed, 12 Apr 2023 11:04:21 GMT"
        ],
        "Content-Length": [
          "21"
        ],
        "Content-Type": [
          "application/json"
        ]
      },
      "ResponseBody": "{\r\n  \"status\": \"Enqueued\"\r\n}",
      "StatusCode": 202
    },
    {
      "RequestUri": "/subscriptions/23587e98-b6ac-4328-a753-03bcd3c8e744/resourceGroups/CosmosDBResourceGroup45/providers/Microsoft.DocumentDB/databaseAccounts/cassandra-db2745/cassandraKeyspaces/db2/tables/table?api-version=2022-11-15-preview",
      "EncodedRequestUri": "L3N1YnNjcmlwdGlvbnMvMjM1ODdlOTgtYjZhYy00MzI4LWE3NTMtMDNiY2QzYzhlNzQ0L3Jlc291cmNlR3JvdXBzL0Nvc21vc0RCUmVzb3VyY2VHcm91cDQ1L3Byb3ZpZGVycy9NaWNyb3NvZnQuRG9jdW1lbnREQi9kYXRhYmFzZUFjY291bnRzL2Nhc3NhbmRyYS1kYjI3NDUvY2Fzc2FuZHJhS2V5c3BhY2VzL2RiMi90YWJsZXMvdGFibGU/YXBpLXZlcnNpb249MjAyMi0xMS0xNS1wcmV2aWV3",
      "RequestMethod": "DELETE",
      "RequestHeaders": {
        "x-ms-client-request-id": [
          "4b760e48-02b0-4cda-8dc5-6e8372008562"
        ],
        "Accept-Language": [
          "en-US"
        ],
        "User-Agent": [
          "FxVersion/4.700.22.55902",
          "OSName/Windows",
          "OSVersion/Microsoft.Windows.10.0.22621",
          "Microsoft.Azure.Management.CosmosDB.CosmosDBManagementClient/1.9.1"
        ]
      },
      "RequestBody": "",
      "ResponseHeaders": {
        "Cache-Control": [
          "no-store, no-cache"
        ],
        "Pragma": [
          "no-cache"
        ],
        "Location": [
          "https://eastus2euap.management.azure.com/subscriptions/23587e98-b6ac-4328-a753-03bcd3c8e744/resourceGroups/CosmosDBResourceGroup45/providers/Microsoft.DocumentDB/databaseAccounts/cassandra-db2745/cassandraKeyspaces/db2/tables/table/operationResults/13260048-8bb2-4176-87e9-ebd98dce5253?api-version=2022-11-15-preview"
        ],
        "Azure-AsyncOperation": [
          "https://eastus2euap.management.azure.com/subscriptions/23587e98-b6ac-4328-a753-03bcd3c8e744/providers/Microsoft.DocumentDB/locations/eastus/operationsStatus/13260048-8bb2-4176-87e9-ebd98dce5253?api-version=2022-11-15-preview"
        ],
        "x-ms-request-id": [
          "13260048-8bb2-4176-87e9-ebd98dce5253"
        ],
        "Strict-Transport-Security": [
          "max-age=31536000; includeSubDomains"
        ],
        "x-ms-gatewayversion": [
          "version=2.14.0"
        ],
        "Server": [
          "Microsoft-HTTPAPI/2.0"
        ],
        "x-ms-ratelimit-remaining-subscription-deletes": [
          "14997"
        ],
        "x-ms-correlation-request-id": [
          "820c3fd9-e59e-4f02-bc1f-4a2d07ebdcec"
        ],
        "x-ms-routing-request-id": [
          "EASTUS2EUAP:20230412T110525Z:820c3fd9-e59e-4f02-bc1f-4a2d07ebdcec"
        ],
        "X-Content-Type-Options": [
          "nosniff"
        ],
        "Date": [
          "Wed, 12 Apr 2023 11:05:24 GMT"
        ],
        "Content-Length": [
          "21"
        ],
        "Content-Type": [
          "application/json"
        ]
      },
      "ResponseBody": "{\r\n  \"status\": \"Enqueued\"\r\n}",
      "StatusCode": 202
    },
    {
      "RequestUri": "/subscriptions/23587e98-b6ac-4328-a753-03bcd3c8e744/providers/Microsoft.DocumentDB/locations/eastus/operationsStatus/8452ae0e-ba01-4004-9d9b-ba0655612b61?api-version=2022-11-15-preview",
      "EncodedRequestUri": "L3N1YnNjcmlwdGlvbnMvMjM1ODdlOTgtYjZhYy00MzI4LWE3NTMtMDNiY2QzYzhlNzQ0L3Byb3ZpZGVycy9NaWNyb3NvZnQuRG9jdW1lbnREQi9sb2NhdGlvbnMvZWFzdHVzL29wZXJhdGlvbnNTdGF0dXMvODQ1MmFlMGUtYmEwMS00MDA0LTlkOWItYmEwNjU1NjEyYjYxP2FwaS12ZXJzaW9uPTIwMjItMTEtMTUtcHJldmlldw==",
      "RequestMethod": "GET",
      "RequestHeaders": {
        "x-ms-client-request-id": [
          "3911ab9e-bb12-4b0d-9ebd-dc52aaa4a747"
        ],
        "User-Agent": [
          "FxVersion/4.700.22.55902",
          "OSName/Windows",
          "OSVersion/Microsoft.Windows.10.0.22621",
          "Microsoft.Azure.Management.CosmosDB.CosmosDBManagementClient/1.9.1"
        ]
      },
      "RequestBody": "",
      "ResponseHeaders": {
        "Cache-Control": [
          "no-store, no-cache"
        ],
        "Pragma": [
          "no-cache"
        ],
        "Strict-Transport-Security": [
          "max-age=31536000; includeSubDomains"
        ],
        "x-ms-gatewayversion": [
          "version=2.14.0"
        ],
        "Server": [
          "Microsoft-HTTPAPI/2.0"
        ],
        "x-ms-ratelimit-remaining-subscription-reads": [
          "11969"
        ],
        "x-ms-request-id": [
          "d84e30e5-7361-4a47-beb0-83fcbe161c95"
        ],
        "x-ms-correlation-request-id": [
          "d84e30e5-7361-4a47-beb0-83fcbe161c95"
        ],
        "x-ms-routing-request-id": [
          "EASTUS2EUAP:20230412T110452Z:d84e30e5-7361-4a47-beb0-83fcbe161c95"
        ],
        "X-Content-Type-Options": [
          "nosniff"
        ],
        "Date": [
          "Wed, 12 Apr 2023 11:04:52 GMT"
        ],
        "Content-Length": [
          "22"
        ],
        "Content-Type": [
          "application/json"
        ]
      },
      "ResponseBody": "{\r\n  \"status\": \"Succeeded\"\r\n}",
      "StatusCode": 200
    },
    {
      "RequestUri": "/subscriptions/23587e98-b6ac-4328-a753-03bcd3c8e744/resourceGroups/CosmosDBResourceGroup45/providers/Microsoft.DocumentDB/databaseAccounts/cassandra-db2745/cassandraKeyspaces/db2/tables/table/operationResults/8452ae0e-ba01-4004-9d9b-ba0655612b61?api-version=2022-11-15-preview",
      "EncodedRequestUri": "L3N1YnNjcmlwdGlvbnMvMjM1ODdlOTgtYjZhYy00MzI4LWE3NTMtMDNiY2QzYzhlNzQ0L3Jlc291cmNlR3JvdXBzL0Nvc21vc0RCUmVzb3VyY2VHcm91cDQ1L3Byb3ZpZGVycy9NaWNyb3NvZnQuRG9jdW1lbnREQi9kYXRhYmFzZUFjY291bnRzL2Nhc3NhbmRyYS1kYjI3NDUvY2Fzc2FuZHJhS2V5c3BhY2VzL2RiMi90YWJsZXMvdGFibGUvb3BlcmF0aW9uUmVzdWx0cy84NDUyYWUwZS1iYTAxLTQwMDQtOWQ5Yi1iYTA2NTU2MTJiNjE/YXBpLXZlcnNpb249MjAyMi0xMS0xNS1wcmV2aWV3",
      "RequestMethod": "GET",
      "RequestHeaders": {
        "x-ms-client-request-id": [
          "3911ab9e-bb12-4b0d-9ebd-dc52aaa4a747"
        ],
        "User-Agent": [
          "FxVersion/4.700.22.55902",
          "OSName/Windows",
          "OSVersion/Microsoft.Windows.10.0.22621",
          "Microsoft.Azure.Management.CosmosDB.CosmosDBManagementClient/1.9.1"
        ]
      },
      "RequestBody": "",
      "ResponseHeaders": {
        "Cache-Control": [
          "no-store, no-cache"
        ],
        "Pragma": [
          "no-cache"
        ],
        "Strict-Transport-Security": [
          "max-age=31536000; includeSubDomains"
        ],
        "x-ms-activity-id": [
          "3911ab9e-bb12-4b0d-9ebd-dc52aaa4a747"
        ],
        "Server": [
          "Microsoft-HTTPAPI/2.0"
        ],
        "x-ms-ratelimit-remaining-subscription-reads": [
          "11968"
        ],
        "x-ms-request-id": [
          "07b8c748-98b7-4676-a03a-bef7462c39fc"
        ],
        "x-ms-correlation-request-id": [
          "07b8c748-98b7-4676-a03a-bef7462c39fc"
        ],
        "x-ms-routing-request-id": [
          "EASTUS2EUAP:20230412T110452Z:07b8c748-98b7-4676-a03a-bef7462c39fc"
        ],
        "X-Content-Type-Options": [
          "nosniff"
        ],
        "Date": [
          "Wed, 12 Apr 2023 11:04:52 GMT"
        ]
      },
      "ResponseBody": "",
      "StatusCode": 204
    },
    {
      "RequestUri": "/subscriptions/23587e98-b6ac-4328-a753-03bcd3c8e744/resourceGroups/CosmosDBResourceGroup45/providers/Microsoft.DocumentDB/databaseAccounts/cassandra-db2745/cassandraKeyspaces/db2?api-version=2022-11-15-preview",
      "EncodedRequestUri": "L3N1YnNjcmlwdGlvbnMvMjM1ODdlOTgtYjZhYy00MzI4LWE3NTMtMDNiY2QzYzhlNzQ0L3Jlc291cmNlR3JvdXBzL0Nvc21vc0RCUmVzb3VyY2VHcm91cDQ1L3Byb3ZpZGVycy9NaWNyb3NvZnQuRG9jdW1lbnREQi9kYXRhYmFzZUFjY291bnRzL2Nhc3NhbmRyYS1kYjI3NDUvY2Fzc2FuZHJhS2V5c3BhY2VzL2RiMj9hcGktdmVyc2lvbj0yMDIyLTExLTE1LXByZXZpZXc=",
      "RequestMethod": "DELETE",
      "RequestHeaders": {
        "x-ms-client-request-id": [
          "20b892d9-92e2-445c-bbcb-c8c644f6b1c1"
        ],
        "Accept-Language": [
          "en-US"
        ],
        "User-Agent": [
          "FxVersion/4.700.22.55902",
          "OSName/Windows",
          "OSVersion/Microsoft.Windows.10.0.22621",
          "Microsoft.Azure.Management.CosmosDB.CosmosDBManagementClient/1.9.1"
        ]
      },
      "RequestBody": "",
      "ResponseHeaders": {
        "Cache-Control": [
          "no-store, no-cache"
        ],
        "Pragma": [
          "no-cache"
        ],
        "Location": [
          "https://eastus2euap.management.azure.com/subscriptions/23587e98-b6ac-4328-a753-03bcd3c8e744/resourceGroups/CosmosDBResourceGroup45/providers/Microsoft.DocumentDB/databaseAccounts/cassandra-db2745/cassandraKeyspaces/db2/operationResults/66183d2c-f0c6-4314-8fc6-3e6951f5b7ab?api-version=2022-11-15-preview"
        ],
        "Azure-AsyncOperation": [
          "https://eastus2euap.management.azure.com/subscriptions/23587e98-b6ac-4328-a753-03bcd3c8e744/providers/Microsoft.DocumentDB/locations/eastus/operationsStatus/66183d2c-f0c6-4314-8fc6-3e6951f5b7ab?api-version=2022-11-15-preview"
        ],
        "x-ms-request-id": [
          "66183d2c-f0c6-4314-8fc6-3e6951f5b7ab"
        ],
        "Strict-Transport-Security": [
          "max-age=31536000; includeSubDomains"
        ],
        "x-ms-gatewayversion": [
          "version=2.14.0"
        ],
        "Server": [
          "Microsoft-HTTPAPI/2.0"
        ],
        "x-ms-ratelimit-remaining-subscription-deletes": [
          "14998"
        ],
        "x-ms-correlation-request-id": [
          "1fee3e45-16dc-4050-b2ea-482f2eb58741"
        ],
        "x-ms-routing-request-id": [
          "EASTUS2EUAP:20230412T110454Z:1fee3e45-16dc-4050-b2ea-482f2eb58741"
        ],
        "X-Content-Type-Options": [
          "nosniff"
        ],
        "Date": [
          "Wed, 12 Apr 2023 11:04:53 GMT"
        ],
        "Content-Length": [
          "21"
        ],
        "Content-Type": [
          "application/json"
        ]
      },
      "ResponseBody": "{\r\n  \"status\": \"Enqueued\"\r\n}",
      "StatusCode": 202
    },
    {
      "RequestUri": "/subscriptions/23587e98-b6ac-4328-a753-03bcd3c8e744/resourceGroups/CosmosDBResourceGroup45/providers/Microsoft.DocumentDB/databaseAccounts/cassandra-db2745/cassandraKeyspaces/db2?api-version=2022-11-15-preview",
      "EncodedRequestUri": "L3N1YnNjcmlwdGlvbnMvMjM1ODdlOTgtYjZhYy00MzI4LWE3NTMtMDNiY2QzYzhlNzQ0L3Jlc291cmNlR3JvdXBzL0Nvc21vc0RCUmVzb3VyY2VHcm91cDQ1L3Byb3ZpZGVycy9NaWNyb3NvZnQuRG9jdW1lbnREQi9kYXRhYmFzZUFjY291bnRzL2Nhc3NhbmRyYS1kYjI3NDUvY2Fzc2FuZHJhS2V5c3BhY2VzL2RiMj9hcGktdmVyc2lvbj0yMDIyLTExLTE1LXByZXZpZXc=",
      "RequestMethod": "DELETE",
      "RequestHeaders": {
        "x-ms-client-request-id": [
          "17a88569-d5b6-465b-9e68-c459f1563477"
        ],
        "Accept-Language": [
          "en-US"
        ],
        "User-Agent": [
          "FxVersion/4.700.22.55902",
          "OSName/Windows",
          "OSVersion/Microsoft.Windows.10.0.22621",
          "Microsoft.Azure.Management.CosmosDB.CosmosDBManagementClient/1.9.1"
        ]
      },
      "RequestBody": "",
      "ResponseHeaders": {
        "Cache-Control": [
          "no-store, no-cache"
        ],
        "Pragma": [
          "no-cache"
        ],
        "Location": [
          "https://eastus2euap.management.azure.com/subscriptions/23587e98-b6ac-4328-a753-03bcd3c8e744/resourceGroups/CosmosDBResourceGroup45/providers/Microsoft.DocumentDB/databaseAccounts/cassandra-db2745/cassandraKeyspaces/db2/operationResults/e542a222-bd85-46a2-8f6e-cbfb602aa859?api-version=2022-11-15-preview"
        ],
        "Azure-AsyncOperation": [
          "https://eastus2euap.management.azure.com/subscriptions/23587e98-b6ac-4328-a753-03bcd3c8e744/providers/Microsoft.DocumentDB/locations/eastus/operationsStatus/e542a222-bd85-46a2-8f6e-cbfb602aa859?api-version=2022-11-15-preview"
        ],
        "x-ms-request-id": [
          "e542a222-bd85-46a2-8f6e-cbfb602aa859"
        ],
        "Strict-Transport-Security": [
          "max-age=31536000; includeSubDomains"
        ],
        "x-ms-gatewayversion": [
          "version=2.14.0"
        ],
        "Server": [
          "Microsoft-HTTPAPI/2.0"
        ],
        "x-ms-ratelimit-remaining-subscription-deletes": [
          "14997"
        ],
        "x-ms-correlation-request-id": [
          "75d22806-c975-47c0-860b-04bb1aef886b"
        ],
        "x-ms-routing-request-id": [
          "EASTUS2EUAP:20230412T110556Z:75d22806-c975-47c0-860b-04bb1aef886b"
        ],
        "X-Content-Type-Options": [
          "nosniff"
        ],
        "Date": [
          "Wed, 12 Apr 2023 11:05:56 GMT"
        ],
        "Content-Length": [
          "21"
        ],
        "Content-Type": [
          "application/json"
        ]
      },
      "ResponseBody": "{\r\n  \"status\": \"Enqueued\"\r\n}",
      "StatusCode": 202
    },
    {
      "RequestUri": "/subscriptions/23587e98-b6ac-4328-a753-03bcd3c8e744/providers/Microsoft.DocumentDB/locations/eastus/operationsStatus/66183d2c-f0c6-4314-8fc6-3e6951f5b7ab?api-version=2022-11-15-preview",
      "EncodedRequestUri": "L3N1YnNjcmlwdGlvbnMvMjM1ODdlOTgtYjZhYy00MzI4LWE3NTMtMDNiY2QzYzhlNzQ0L3Byb3ZpZGVycy9NaWNyb3NvZnQuRG9jdW1lbnREQi9sb2NhdGlvbnMvZWFzdHVzL29wZXJhdGlvbnNTdGF0dXMvNjYxODNkMmMtZjBjNi00MzE0LThmYzYtM2U2OTUxZjViN2FiP2FwaS12ZXJzaW9uPTIwMjItMTEtMTUtcHJldmlldw==",
      "RequestMethod": "GET",
      "RequestHeaders": {
        "x-ms-client-request-id": [
          "20b892d9-92e2-445c-bbcb-c8c644f6b1c1"
        ],
        "User-Agent": [
          "FxVersion/4.700.22.55902",
          "OSName/Windows",
          "OSVersion/Microsoft.Windows.10.0.22621",
          "Microsoft.Azure.Management.CosmosDB.CosmosDBManagementClient/1.9.1"
        ]
      },
      "RequestBody": "",
      "ResponseHeaders": {
        "Cache-Control": [
          "no-store, no-cache"
        ],
        "Pragma": [
          "no-cache"
        ],
        "Strict-Transport-Security": [
          "max-age=31536000; includeSubDomains"
        ],
        "x-ms-gatewayversion": [
          "version=2.14.0"
        ],
        "Server": [
          "Microsoft-HTTPAPI/2.0"
        ],
        "x-ms-ratelimit-remaining-subscription-reads": [
          "11997"
        ],
        "x-ms-request-id": [
          "84129b03-2ba3-483d-ada1-4c2a42f910d3"
        ],
        "x-ms-correlation-request-id": [
          "84129b03-2ba3-483d-ada1-4c2a42f910d3"
        ],
        "x-ms-routing-request-id": [
          "EASTUS2EUAP:20230412T110524Z:84129b03-2ba3-483d-ada1-4c2a42f910d3"
        ],
        "X-Content-Type-Options": [
          "nosniff"
        ],
        "Date": [
          "Wed, 12 Apr 2023 11:05:23 GMT"
        ],
        "Content-Length": [
          "22"
        ],
        "Content-Type": [
          "application/json"
        ]
      },
      "ResponseBody": "{\r\n  \"status\": \"Succeeded\"\r\n}",
      "StatusCode": 200
    },
    {
      "RequestUri": "/subscriptions/23587e98-b6ac-4328-a753-03bcd3c8e744/resourceGroups/CosmosDBResourceGroup45/providers/Microsoft.DocumentDB/databaseAccounts/cassandra-db2745/cassandraKeyspaces/db2/operationResults/66183d2c-f0c6-4314-8fc6-3e6951f5b7ab?api-version=2022-11-15-preview",
      "EncodedRequestUri": "L3N1YnNjcmlwdGlvbnMvMjM1ODdlOTgtYjZhYy00MzI4LWE3NTMtMDNiY2QzYzhlNzQ0L3Jlc291cmNlR3JvdXBzL0Nvc21vc0RCUmVzb3VyY2VHcm91cDQ1L3Byb3ZpZGVycy9NaWNyb3NvZnQuRG9jdW1lbnREQi9kYXRhYmFzZUFjY291bnRzL2Nhc3NhbmRyYS1kYjI3NDUvY2Fzc2FuZHJhS2V5c3BhY2VzL2RiMi9vcGVyYXRpb25SZXN1bHRzLzY2MTgzZDJjLWYwYzYtNDMxNC04ZmM2LTNlNjk1MWY1YjdhYj9hcGktdmVyc2lvbj0yMDIyLTExLTE1LXByZXZpZXc=",
      "RequestMethod": "GET",
      "RequestHeaders": {
        "x-ms-client-request-id": [
          "20b892d9-92e2-445c-bbcb-c8c644f6b1c1"
        ],
        "User-Agent": [
          "FxVersion/4.700.22.55902",
          "OSName/Windows",
          "OSVersion/Microsoft.Windows.10.0.22621",
          "Microsoft.Azure.Management.CosmosDB.CosmosDBManagementClient/1.9.1"
        ]
      },
      "RequestBody": "",
      "ResponseHeaders": {
        "Cache-Control": [
          "no-store, no-cache"
        ],
        "Pragma": [
          "no-cache"
        ],
        "Strict-Transport-Security": [
          "max-age=31536000; includeSubDomains"
        ],
        "x-ms-activity-id": [
          "20b892d9-92e2-445c-bbcb-c8c644f6b1c1"
        ],
        "Server": [
          "Microsoft-HTTPAPI/2.0"
        ],
        "x-ms-ratelimit-remaining-subscription-reads": [
          "11996"
        ],
        "x-ms-request-id": [
          "c5b9c476-f21d-4ab2-9ca7-325fbaa98c3d"
        ],
        "x-ms-correlation-request-id": [
          "c5b9c476-f21d-4ab2-9ca7-325fbaa98c3d"
        ],
        "x-ms-routing-request-id": [
          "EASTUS2EUAP:20230412T110524Z:c5b9c476-f21d-4ab2-9ca7-325fbaa98c3d"
        ],
        "X-Content-Type-Options": [
          "nosniff"
        ],
        "Date": [
          "Wed, 12 Apr 2023 11:05:24 GMT"
        ]
      },
      "ResponseBody": "",
      "StatusCode": 204
    },
    {
      "RequestUri": "/subscriptions/23587e98-b6ac-4328-a753-03bcd3c8e744/providers/Microsoft.DocumentDB/locations/eastus/operationsStatus/13260048-8bb2-4176-87e9-ebd98dce5253?api-version=2022-11-15-preview",
      "EncodedRequestUri": "L3N1YnNjcmlwdGlvbnMvMjM1ODdlOTgtYjZhYy00MzI4LWE3NTMtMDNiY2QzYzhlNzQ0L3Byb3ZpZGVycy9NaWNyb3NvZnQuRG9jdW1lbnREQi9sb2NhdGlvbnMvZWFzdHVzL29wZXJhdGlvbnNTdGF0dXMvMTMyNjAwNDgtOGJiMi00MTc2LTg3ZTktZWJkOThkY2U1MjUzP2FwaS12ZXJzaW9uPTIwMjItMTEtMTUtcHJldmlldw==",
      "RequestMethod": "GET",
      "RequestHeaders": {
        "x-ms-client-request-id": [
          "4b760e48-02b0-4cda-8dc5-6e8372008562"
        ],
        "User-Agent": [
          "FxVersion/4.700.22.55902",
          "OSName/Windows",
          "OSVersion/Microsoft.Windows.10.0.22621",
          "Microsoft.Azure.Management.CosmosDB.CosmosDBManagementClient/1.9.1"
        ]
      },
      "RequestBody": "",
      "ResponseHeaders": {
        "Cache-Control": [
          "no-store, no-cache"
        ],
        "Pragma": [
          "no-cache"
        ],
        "Strict-Transport-Security": [
          "max-age=31536000; includeSubDomains"
        ],
        "x-ms-gatewayversion": [
          "version=2.14.0"
        ],
        "Server": [
          "Microsoft-HTTPAPI/2.0"
        ],
        "x-ms-ratelimit-remaining-subscription-reads": [
          "11996"
        ],
        "x-ms-request-id": [
          "247ff2df-5aa5-46a7-a2dc-66e84bc33cf7"
        ],
        "x-ms-correlation-request-id": [
          "247ff2df-5aa5-46a7-a2dc-66e84bc33cf7"
        ],
        "x-ms-routing-request-id": [
          "EASTUS2EUAP:20230412T110555Z:247ff2df-5aa5-46a7-a2dc-66e84bc33cf7"
        ],
        "X-Content-Type-Options": [
          "nosniff"
        ],
        "Date": [
          "Wed, 12 Apr 2023 11:05:54 GMT"
        ],
        "Content-Length": [
          "22"
        ],
        "Content-Type": [
          "application/json"
        ]
      },
      "ResponseBody": "{\r\n  \"status\": \"Succeeded\"\r\n}",
      "StatusCode": 200
    },
    {
      "RequestUri": "/subscriptions/23587e98-b6ac-4328-a753-03bcd3c8e744/resourceGroups/CosmosDBResourceGroup45/providers/Microsoft.DocumentDB/databaseAccounts/cassandra-db2745/cassandraKeyspaces/db2/tables/table/operationResults/13260048-8bb2-4176-87e9-ebd98dce5253?api-version=2022-11-15-preview",
      "EncodedRequestUri": "L3N1YnNjcmlwdGlvbnMvMjM1ODdlOTgtYjZhYy00MzI4LWE3NTMtMDNiY2QzYzhlNzQ0L3Jlc291cmNlR3JvdXBzL0Nvc21vc0RCUmVzb3VyY2VHcm91cDQ1L3Byb3ZpZGVycy9NaWNyb3NvZnQuRG9jdW1lbnREQi9kYXRhYmFzZUFjY291bnRzL2Nhc3NhbmRyYS1kYjI3NDUvY2Fzc2FuZHJhS2V5c3BhY2VzL2RiMi90YWJsZXMvdGFibGUvb3BlcmF0aW9uUmVzdWx0cy8xMzI2MDA0OC04YmIyLTQxNzYtODdlOS1lYmQ5OGRjZTUyNTM/YXBpLXZlcnNpb249MjAyMi0xMS0xNS1wcmV2aWV3",
      "RequestMethod": "GET",
      "RequestHeaders": {
        "x-ms-client-request-id": [
          "4b760e48-02b0-4cda-8dc5-6e8372008562"
        ],
        "User-Agent": [
          "FxVersion/4.700.22.55902",
          "OSName/Windows",
          "OSVersion/Microsoft.Windows.10.0.22621",
          "Microsoft.Azure.Management.CosmosDB.CosmosDBManagementClient/1.9.1"
        ]
      },
      "RequestBody": "",
      "ResponseHeaders": {
        "Cache-Control": [
          "no-store, no-cache"
        ],
        "Pragma": [
          "no-cache"
        ],
        "Strict-Transport-Security": [
          "max-age=31536000; includeSubDomains"
        ],
        "x-ms-activity-id": [
          "4b760e48-02b0-4cda-8dc5-6e8372008562"
        ],
        "Server": [
          "Microsoft-HTTPAPI/2.0"
        ],
        "x-ms-ratelimit-remaining-subscription-reads": [
          "11995"
        ],
        "x-ms-request-id": [
          "ad5ad156-88fd-4cb3-bc34-9e5135539ce1"
        ],
        "x-ms-correlation-request-id": [
          "ad5ad156-88fd-4cb3-bc34-9e5135539ce1"
        ],
        "x-ms-routing-request-id": [
          "EASTUS2EUAP:20230412T110555Z:ad5ad156-88fd-4cb3-bc34-9e5135539ce1"
        ],
        "X-Content-Type-Options": [
          "nosniff"
        ],
        "Date": [
          "Wed, 12 Apr 2023 11:05:54 GMT"
        ]
      },
      "ResponseBody": "",
      "StatusCode": 204
    },
    {
      "RequestUri": "/subscriptions/23587e98-b6ac-4328-a753-03bcd3c8e744/providers/Microsoft.DocumentDB/locations/eastus/operationsStatus/e542a222-bd85-46a2-8f6e-cbfb602aa859?api-version=2022-11-15-preview",
      "EncodedRequestUri": "L3N1YnNjcmlwdGlvbnMvMjM1ODdlOTgtYjZhYy00MzI4LWE3NTMtMDNiY2QzYzhlNzQ0L3Byb3ZpZGVycy9NaWNyb3NvZnQuRG9jdW1lbnREQi9sb2NhdGlvbnMvZWFzdHVzL29wZXJhdGlvbnNTdGF0dXMvZTU0MmEyMjItYmQ4NS00NmEyLThmNmUtY2JmYjYwMmFhODU5P2FwaS12ZXJzaW9uPTIwMjItMTEtMTUtcHJldmlldw==",
      "RequestMethod": "GET",
      "RequestHeaders": {
        "x-ms-client-request-id": [
          "17a88569-d5b6-465b-9e68-c459f1563477"
        ],
        "User-Agent": [
          "FxVersion/4.700.22.55902",
          "OSName/Windows",
          "OSVersion/Microsoft.Windows.10.0.22621",
          "Microsoft.Azure.Management.CosmosDB.CosmosDBManagementClient/1.9.1"
        ]
      },
      "RequestBody": "",
      "ResponseHeaders": {
        "Cache-Control": [
          "no-store, no-cache"
        ],
        "Pragma": [
          "no-cache"
        ],
        "Strict-Transport-Security": [
          "max-age=31536000; includeSubDomains"
        ],
        "x-ms-gatewayversion": [
          "version=2.14.0"
        ],
        "Server": [
          "Microsoft-HTTPAPI/2.0"
        ],
        "x-ms-ratelimit-remaining-subscription-reads": [
          "11995"
        ],
        "x-ms-request-id": [
          "0754072d-bf75-4bc7-b6bf-bd9b1326d123"
        ],
        "x-ms-correlation-request-id": [
          "0754072d-bf75-4bc7-b6bf-bd9b1326d123"
        ],
        "x-ms-routing-request-id": [
          "EASTUS2EUAP:20230412T110626Z:0754072d-bf75-4bc7-b6bf-bd9b1326d123"
        ],
        "X-Content-Type-Options": [
          "nosniff"
        ],
        "Date": [
          "Wed, 12 Apr 2023 11:06:26 GMT"
        ],
        "Content-Length": [
          "22"
        ],
        "Content-Type": [
          "application/json"
        ]
      },
      "ResponseBody": "{\r\n  \"status\": \"Succeeded\"\r\n}",
      "StatusCode": 200
    },
    {
      "RequestUri": "/subscriptions/23587e98-b6ac-4328-a753-03bcd3c8e744/resourceGroups/CosmosDBResourceGroup45/providers/Microsoft.DocumentDB/databaseAccounts/cassandra-db2745/cassandraKeyspaces/db2/operationResults/e542a222-bd85-46a2-8f6e-cbfb602aa859?api-version=2022-11-15-preview",
      "EncodedRequestUri": "L3N1YnNjcmlwdGlvbnMvMjM1ODdlOTgtYjZhYy00MzI4LWE3NTMtMDNiY2QzYzhlNzQ0L3Jlc291cmNlR3JvdXBzL0Nvc21vc0RCUmVzb3VyY2VHcm91cDQ1L3Byb3ZpZGVycy9NaWNyb3NvZnQuRG9jdW1lbnREQi9kYXRhYmFzZUFjY291bnRzL2Nhc3NhbmRyYS1kYjI3NDUvY2Fzc2FuZHJhS2V5c3BhY2VzL2RiMi9vcGVyYXRpb25SZXN1bHRzL2U1NDJhMjIyLWJkODUtNDZhMi04ZjZlLWNiZmI2MDJhYTg1OT9hcGktdmVyc2lvbj0yMDIyLTExLTE1LXByZXZpZXc=",
      "RequestMethod": "GET",
      "RequestHeaders": {
        "x-ms-client-request-id": [
          "17a88569-d5b6-465b-9e68-c459f1563477"
        ],
        "User-Agent": [
          "FxVersion/4.700.22.55902",
          "OSName/Windows",
          "OSVersion/Microsoft.Windows.10.0.22621",
          "Microsoft.Azure.Management.CosmosDB.CosmosDBManagementClient/1.9.1"
        ]
      },
      "RequestBody": "",
      "ResponseHeaders": {
        "Cache-Control": [
          "no-store, no-cache"
        ],
        "Pragma": [
          "no-cache"
        ],
        "Strict-Transport-Security": [
          "max-age=31536000; includeSubDomains"
        ],
        "x-ms-activity-id": [
          "17a88569-d5b6-465b-9e68-c459f1563477"
        ],
        "Server": [
          "Microsoft-HTTPAPI/2.0"
        ],
        "x-ms-ratelimit-remaining-subscription-reads": [
          "11994"
        ],
        "x-ms-request-id": [
          "019d737c-aeae-4fc4-b58a-1c2baee9db3e"
        ],
        "x-ms-correlation-request-id": [
          "019d737c-aeae-4fc4-b58a-1c2baee9db3e"
        ],
        "x-ms-routing-request-id": [
          "EASTUS2EUAP:20230412T110626Z:019d737c-aeae-4fc4-b58a-1c2baee9db3e"
        ],
        "X-Content-Type-Options": [
          "nosniff"
        ],
        "Date": [
          "Wed, 12 Apr 2023 11:06:26 GMT"
        ]
      },
      "ResponseBody": "",
      "StatusCode": 204
    }
  ],
  "Names": {},
  "Variables": {
    "SubscriptionId": "23587e98-b6ac-4328-a753-03bcd3c8e744"
  }
}