{
  "Entries": [
    {
      "RequestUri": "/subscriptions/23587e98-b6ac-4328-a753-03bcd3c8e744/resourcegroups/CosmosDBResourceGroup49?api-version=2016-09-01",
      "EncodedRequestUri": "L3N1YnNjcmlwdGlvbnMvMjM1ODdlOTgtYjZhYy00MzI4LWE3NTMtMDNiY2QzYzhlNzQ0L3Jlc291cmNlZ3JvdXBzL0Nvc21vc0RCUmVzb3VyY2VHcm91cDQ5P2FwaS12ZXJzaW9uPTIwMTYtMDktMDE=",
      "RequestMethod": "PUT",
      "RequestHeaders": {
        "x-ms-client-request-id": [
          "e44e6c69-0f83-4082-82be-e6a2dc688c2c"
        ],
        "Accept-Language": [
          "en-US"
        ],
        "User-Agent": [
          "FxVersion/4.700.22.55902",
          "OSName/Windows",
          "OSVersion/Microsoft.Windows.10.0.22621",
          "Microsoft.Azure.Management.Internal.Resources.ResourceManagementClient/1.3.71"
        ],
        "Content-Type": [
          "application/json; charset=utf-8"
        ],
        "Content-Length": [
          "29"
        ]
      },
      "RequestBody": "{\r\n  \"location\": \"East US\"\r\n}",
      "ResponseHeaders": {
        "Cache-Control": [
          "no-cache"
        ],
        "Pragma": [
          "no-cache"
        ],
        "x-ms-ratelimit-remaining-subscription-writes": [
          "1199"
        ],
        "x-ms-request-id": [
          "bdf491b5-8768-436e-9fb4-dbee8454dec8"
        ],
        "x-ms-correlation-request-id": [
          "bdf491b5-8768-436e-9fb4-dbee8454dec8"
        ],
        "x-ms-routing-request-id": [
          "WESTUS:20230308T223927Z:bdf491b5-8768-436e-9fb4-dbee8454dec8"
        ],
        "Strict-Transport-Security": [
          "max-age=31536000; includeSubDomains"
        ],
        "X-Content-Type-Options": [
          "nosniff"
        ],
        "Date": [
          "Wed, 08 Mar 2023 22:39:27 GMT"
        ],
        "Content-Length": [
          "199"
        ],
        "Content-Type": [
          "application/json; charset=utf-8"
        ],
        "Expires": [
          "-1"
        ]
      },
      "ResponseBody": "{\r\n  \"id\": \"/subscriptions/23587e98-b6ac-4328-a753-03bcd3c8e744/resourceGroups/CosmosDBResourceGroup49\",\r\n  \"name\": \"CosmosDBResourceGroup49\",\r\n  \"location\": \"eastus\",\r\n  \"properties\": {\r\n    \"provisioningState\": \"Succeeded\"\r\n  }\r\n}",
      "StatusCode": 201
    },
    {
      "RequestUri": "/subscriptions/23587e98-b6ac-4328-a753-03bcd3c8e744/resourceGroups/CosmosDBResourceGroup49/providers/Microsoft.DocumentDB/databaseAccounts/cassandra-db2749?api-version=2022-08-15-preview",
      "EncodedRequestUri": "L3N1YnNjcmlwdGlvbnMvMjM1ODdlOTgtYjZhYy00MzI4LWE3NTMtMDNiY2QzYzhlNzQ0L3Jlc291cmNlR3JvdXBzL0Nvc21vc0RCUmVzb3VyY2VHcm91cDQ5L3Byb3ZpZGVycy9NaWNyb3NvZnQuRG9jdW1lbnREQi9kYXRhYmFzZUFjY291bnRzL2Nhc3NhbmRyYS1kYjI3NDk/YXBpLXZlcnNpb249MjAyMi0wOC0xNS1wcmV2aWV3",
      "RequestMethod": "GET",
      "RequestHeaders": {
        "x-ms-client-request-id": [
          "a18ee52a-2fac-4179-ae28-f77b6fbc88c5"
        ],
        "Accept-Language": [
          "en-US"
        ],
        "User-Agent": [
          "FxVersion/4.700.22.55902",
          "OSName/Windows",
          "OSVersion/Microsoft.Windows.10.0.22621",
          "Microsoft.Azure.Management.CosmosDB.CosmosDBManagementClient/3.9.1.0"
        ]
      },
      "RequestBody": "",
      "ResponseHeaders": {
        "Cache-Control": [
          "no-cache"
        ],
        "Pragma": [
          "no-cache"
        ],
        "x-ms-failure-cause": [
          "gateway"
        ],
        "x-ms-request-id": [
          "b73ff336-1741-4ae9-802c-45ffff0a59b0"
        ],
        "x-ms-correlation-request-id": [
          "b73ff336-1741-4ae9-802c-45ffff0a59b0"
        ],
        "x-ms-routing-request-id": [
          "WESTUS:20230308T223927Z:b73ff336-1741-4ae9-802c-45ffff0a59b0"
        ],
        "Strict-Transport-Security": [
          "max-age=31536000; includeSubDomains"
        ],
        "X-Content-Type-Options": [
          "nosniff"
        ],
        "Date": [
          "Wed, 08 Mar 2023 22:39:26 GMT"
        ],
        "Content-Type": [
          "application/json; charset=utf-8"
        ],
        "Expires": [
          "-1"
        ],
        "Content-Length": [
          "249"
        ]
      },
      "ResponseBody": "{\r\n  \"error\": {\r\n    \"code\": \"ResourceNotFound\",\r\n    \"message\": \"The Resource 'Microsoft.DocumentDB/databaseAccounts/cassandra-db2749' under resource group 'CosmosDBResourceGroup49' was not found. For more details please go to https://aka.ms/ARMResourceNotFoundFix\"\r\n  }\r\n}",
      "StatusCode": 404
    },
    {
      "RequestUri": "/subscriptions/23587e98-b6ac-4328-a753-03bcd3c8e744/resourceGroups/CosmosDBResourceGroup49/providers/Microsoft.DocumentDB/databaseAccounts/cassandra-db2749?api-version=2022-08-15-preview",
      "EncodedRequestUri": "L3N1YnNjcmlwdGlvbnMvMjM1ODdlOTgtYjZhYy00MzI4LWE3NTMtMDNiY2QzYzhlNzQ0L3Jlc291cmNlR3JvdXBzL0Nvc21vc0RCUmVzb3VyY2VHcm91cDQ5L3Byb3ZpZGVycy9NaWNyb3NvZnQuRG9jdW1lbnREQi9kYXRhYmFzZUFjY291bnRzL2Nhc3NhbmRyYS1kYjI3NDk/YXBpLXZlcnNpb249MjAyMi0wOC0xNS1wcmV2aWV3",
      "RequestMethod": "GET",
      "RequestHeaders": {
        "x-ms-client-request-id": [
          "a18ee52a-2fac-4179-ae28-f77b6fbc88c5"
        ],
        "User-Agent": [
          "FxVersion/4.700.22.55902",
          "OSName/Windows",
          "OSVersion/Microsoft.Windows.10.0.22621",
          "Microsoft.Azure.Management.CosmosDB.CosmosDBManagementClient/3.9.1.0"
        ]
      },
      "RequestBody": "",
      "ResponseHeaders": {
        "Cache-Control": [
          "no-store, no-cache"
        ],
        "Pragma": [
          "no-cache"
        ],
        "Strict-Transport-Security": [
          "max-age=31536000; includeSubDomains"
        ],
        "x-ms-gatewayversion": [
          "version=2.14.0"
        ],
        "Server": [
          "Microsoft-HTTPAPI/2.0"
        ],
        "x-ms-ratelimit-remaining-subscription-reads": [
          "11992"
        ],
        "x-ms-request-id": [
          "95c76b06-e7f2-4074-8317-03c3d387608f"
        ],
        "x-ms-correlation-request-id": [
          "95c76b06-e7f2-4074-8317-03c3d387608f"
        ],
        "x-ms-routing-request-id": [
          "WESTUS:20230308T224234Z:95c76b06-e7f2-4074-8317-03c3d387608f"
        ],
        "X-Content-Type-Options": [
          "nosniff"
        ],
        "Date": [
          "Wed, 08 Mar 2023 22:42:34 GMT"
        ],
        "Content-Length": [
          "2824"
        ],
        "Content-Type": [
          "application/json"
        ]
      },
      "ResponseBody": "{\r\n  \"id\": \"/subscriptions/23587e98-b6ac-4328-a753-03bcd3c8e744/resourceGroups/CosmosDBResourceGroup49/providers/Microsoft.DocumentDB/databaseAccounts/cassandra-db2749\",\r\n  \"name\": \"cassandra-db2749\",\r\n  \"location\": \"East US\",\r\n  \"type\": \"Microsoft.DocumentDB/databaseAccounts\",\r\n  \"kind\": \"GlobalDocumentDB\",\r\n  \"tags\": {},\r\n  \"systemData\": {\r\n    \"createdAt\": \"2023-03-08T22:41:51.6123717Z\"\r\n  },\r\n  \"properties\": {\r\n    \"provisioningState\": \"Succeeded\",\r\n    \"documentEndpoint\": \"https://cassandra-db2749.documents.azure.com:443/\",\r\n    \"cassandraEndpoint\": \"https://cassandra-db2749.cassandra.cosmos.azure.com:443/\",\r\n    \"sqlEndpoint\": \"https://cassandra-db2749.documents.azure.com:443/\",\r\n    \"publicNetworkAccess\": \"Enabled\",\r\n    \"enableAutomaticFailover\": false,\r\n    \"enableMultipleWriteLocations\": false,\r\n    \"enablePartitionKeyMonitor\": false,\r\n    \"isVirtualNetworkFilterEnabled\": false,\r\n    \"virtualNetworkRules\": [],\r\n    \"EnabledApiTypes\": \"Cassandra\",\r\n    \"disableKeyBasedMetadataWriteAccess\": false,\r\n    \"enableFreeTier\": false,\r\n    \"enableAnalyticalStorage\": false,\r\n    \"analyticalStorageConfiguration\": {\r\n      \"schemaType\": \"WellDefined\"\r\n    },\r\n    \"instanceId\": \"0189db0a-bbdc-4f18-8aa5-2eb8115ca99d\",\r\n    \"databaseAccountOfferType\": \"Standard\",\r\n    \"enableMaterializedViews\": false,\r\n    \"defaultIdentity\": \"FirstPartyIdentity\",\r\n    \"networkAclBypass\": \"None\",\r\n    \"disableLocalAuth\": false,\r\n    \"enablePartitionMerge\": false,\r\n    \"consistencyPolicy\": {\r\n      \"defaultConsistencyLevel\": \"Session\",\r\n      \"maxIntervalInSeconds\": 5,\r\n      \"maxStalenessPrefix\": 100\r\n    },\r\n    \"configurationOverrides\": {},\r\n    \"writeLocations\": [\r\n      {\r\n        \"id\": \"cassandra-db2749-eastus\",\r\n        \"locationName\": \"East US\",\r\n        \"documentEndpoint\": \"https://cassandra-db2749-eastus.documents.azure.com:443/\",\r\n        \"provisioningState\": \"Succeeded\",\r\n        \"failoverPriority\": 0,\r\n        \"isZoneRedundant\": false\r\n      }\r\n    ],\r\n    \"readLocations\": [\r\n      {\r\n        \"id\": \"cassandra-db2749-eastus\",\r\n        \"locationName\": \"East US\",\r\n        \"documentEndpoint\": \"https://cassandra-db2749-eastus.documents.azure.com:443/\",\r\n        \"provisioningState\": \"Succeeded\",\r\n        \"failoverPriority\": 0,\r\n        \"isZoneRedundant\": false\r\n      }\r\n    ],\r\n    \"locations\": [\r\n      {\r\n        \"id\": \"cassandra-db2749-eastus\",\r\n        \"locationName\": \"East US\",\r\n        \"documentEndpoint\": \"https://cassandra-db2749-eastus.documents.azure.com:443/\",\r\n        \"provisioningState\": \"Succeeded\",\r\n        \"failoverPriority\": 0,\r\n        \"isZoneRedundant\": false\r\n      }\r\n    ],\r\n    \"failoverPolicies\": [\r\n      {\r\n        \"id\": \"cassandra-db2749-eastus\",\r\n        \"locationName\": \"East US\",\r\n        \"failoverPriority\": 0\r\n      }\r\n    ],\r\n    \"cors\": [],\r\n    \"capabilities\": [\r\n      {\r\n        \"name\": \"EnableCassandra\"\r\n      }\r\n    ],\r\n    \"ipRules\": [],\r\n    \"backupPolicy\": {\r\n      \"type\": \"Periodic\",\r\n      \"periodicModeProperties\": {\r\n        \"backupIntervalInMinutes\": 240,\r\n        \"backupRetentionIntervalInHours\": 8,\r\n        \"backupStorageRedundancy\": \"Geo\"\r\n      }\r\n    },\r\n    \"networkAclBypassResourceIds\": [],\r\n    \"diagnosticLogSettings\": {\r\n      \"enableFullTextQuery\": \"None\"\r\n    },\r\n    \"keysMetadata\": {\r\n      \"primaryMasterKey\": {\r\n        \"generationTime\": \"2023-03-08T22:41:51.6123717Z\"\r\n      },\r\n      \"secondaryMasterKey\": {\r\n        \"generationTime\": \"2023-03-08T22:41:51.6123717Z\"\r\n      },\r\n      \"primaryReadonlyMasterKey\": {\r\n        \"generationTime\": \"2023-03-08T22:41:51.6123717Z\"\r\n      },\r\n      \"secondaryReadonlyMasterKey\": {\r\n        \"generationTime\": \"2023-03-08T22:41:51.6123717Z\"\r\n      }\r\n    }\r\n  },\r\n  \"identity\": {\r\n    \"type\": \"None\"\r\n  }\r\n}",
      "StatusCode": 200
    },
    {
      "RequestUri": "/subscriptions/23587e98-b6ac-4328-a753-03bcd3c8e744/resourceGroups/CosmosDBResourceGroup49/providers/Microsoft.DocumentDB/databaseAccounts/cassandra-db2749?api-version=2022-08-15-preview",
      "EncodedRequestUri": "L3N1YnNjcmlwdGlvbnMvMjM1ODdlOTgtYjZhYy00MzI4LWE3NTMtMDNiY2QzYzhlNzQ0L3Jlc291cmNlR3JvdXBzL0Nvc21vc0RCUmVzb3VyY2VHcm91cDQ5L3Byb3ZpZGVycy9NaWNyb3NvZnQuRG9jdW1lbnREQi9kYXRhYmFzZUFjY291bnRzL2Nhc3NhbmRyYS1kYjI3NDk/YXBpLXZlcnNpb249MjAyMi0wOC0xNS1wcmV2aWV3",
      "RequestMethod": "PUT",
      "RequestHeaders": {
        "x-ms-client-request-id": [
          "a18ee52a-2fac-4179-ae28-f77b6fbc88c5"
        ],
        "Accept-Language": [
          "en-US"
        ],
        "User-Agent": [
          "FxVersion/4.700.22.55902",
          "OSName/Windows",
          "OSVersion/Microsoft.Windows.10.0.22621",
          "Microsoft.Azure.Management.CosmosDB.CosmosDBManagementClient/3.9.1.0"
        ],
        "Content-Type": [
          "application/json; charset=utf-8"
        ],
        "Content-Length": [
          "675"
        ]
      },
      "RequestBody": "{\r\n  \"properties\": {\r\n    \"consistencyPolicy\": {\r\n      \"defaultConsistencyLevel\": \"Session\"\r\n    },\r\n    \"locations\": [\r\n      {\r\n        \"locationName\": \"East Us\",\r\n        \"failoverPriority\": 0,\r\n        \"isZoneRedundant\": false\r\n      }\r\n    ],\r\n    \"isVirtualNetworkFilterEnabled\": false,\r\n    \"enableAutomaticFailover\": false,\r\n    \"capabilities\": [\r\n      {\r\n        \"name\": \"EnableCassandra\"\r\n      }\r\n    ],\r\n    \"virtualNetworkRules\": [],\r\n    \"enableMultipleWriteLocations\": false,\r\n    \"disableKeyBasedMetadataWriteAccess\": false,\r\n    \"networkAclBypassResourceIds\": [],\r\n    \"databaseAccountOfferType\": \"Standard\"\r\n  },\r\n  \"location\": \"East Us\",\r\n  \"tags\": {}\r\n}",
      "ResponseHeaders": {
        "Cache-Control": [
          "no-store, no-cache"
        ],
        "Pragma": [
          "no-cache"
        ],
        "Location": [
          "https://management.azure.com/subscriptions/23587e98-b6ac-4328-a753-03bcd3c8e744/resourceGroups/CosmosDBResourceGroup49/providers/Microsoft.DocumentDB/databaseAccounts/cassandra-db2749/operationResults/7d82d69d-4e65-40b4-9f27-b4ed17ae51f7?api-version=2022-08-15-preview"
        ],
        "x-ms-request-id": [
          "7d82d69d-4e65-40b4-9f27-b4ed17ae51f7"
        ],
        "Azure-AsyncOperation": [
          "https://management.azure.com/subscriptions/23587e98-b6ac-4328-a753-03bcd3c8e744/providers/Microsoft.DocumentDB/locations/eastus/operationsStatus/7d82d69d-4e65-40b4-9f27-b4ed17ae51f7?api-version=2022-08-15-preview"
        ],
        "Strict-Transport-Security": [
          "max-age=31536000; includeSubDomains"
        ],
        "x-ms-gatewayversion": [
          "version=2.14.0"
        ],
        "Server": [
          "Microsoft-HTTPAPI/2.0"
        ],
        "x-ms-ratelimit-remaining-subscription-writes": [
          "1199"
        ],
        "x-ms-correlation-request-id": [
          "99881c7b-a5d6-4b81-be39-f6010454ef0e"
        ],
        "x-ms-routing-request-id": [
          "WESTUS:20230308T223932Z:99881c7b-a5d6-4b81-be39-f6010454ef0e"
        ],
        "X-Content-Type-Options": [
          "nosniff"
        ],
        "Date": [
          "Wed, 08 Mar 2023 22:39:32 GMT"
        ],
        "Content-Length": [
          "2356"
        ],
        "Content-Type": [
          "application/json"
        ]
      },
      "ResponseBody": "{\r\n  \"id\": \"/subscriptions/23587e98-b6ac-4328-a753-03bcd3c8e744/resourceGroups/CosmosDBResourceGroup49/providers/Microsoft.DocumentDB/databaseAccounts/cassandra-db2749\",\r\n  \"name\": \"cassandra-db2749\",\r\n  \"location\": \"East US\",\r\n  \"type\": \"Microsoft.DocumentDB/databaseAccounts\",\r\n  \"kind\": \"GlobalDocumentDB\",\r\n  \"tags\": {},\r\n  \"systemData\": {\r\n    \"createdAt\": \"2023-03-08T22:39:30.3797083Z\"\r\n  },\r\n  \"properties\": {\r\n    \"provisioningState\": \"Creating\",\r\n    \"publicNetworkAccess\": \"Enabled\",\r\n    \"enableAutomaticFailover\": false,\r\n    \"enableMultipleWriteLocations\": false,\r\n    \"enablePartitionKeyMonitor\": false,\r\n    \"isVirtualNetworkFilterEnabled\": false,\r\n    \"virtualNetworkRules\": [],\r\n    \"EnabledApiTypes\": \"Cassandra\",\r\n    \"disableKeyBasedMetadataWriteAccess\": false,\r\n    \"enableFreeTier\": false,\r\n    \"enableAnalyticalStorage\": false,\r\n    \"analyticalStorageConfiguration\": {\r\n      \"schemaType\": \"WellDefined\"\r\n    },\r\n    \"instanceId\": \"0189db0a-bbdc-4f18-8aa5-2eb8115ca99d\",\r\n    \"databaseAccountOfferType\": \"Standard\",\r\n    \"enableMaterializedViews\": false,\r\n    \"defaultIdentity\": \"\",\r\n    \"networkAclBypass\": \"None\",\r\n    \"disableLocalAuth\": false,\r\n    \"enablePartitionMerge\": false,\r\n    \"consistencyPolicy\": {\r\n      \"defaultConsistencyLevel\": \"Session\",\r\n      \"maxIntervalInSeconds\": 5,\r\n      \"maxStalenessPrefix\": 100\r\n    },\r\n    \"configurationOverrides\": {},\r\n    \"writeLocations\": [\r\n      {\r\n        \"id\": \"cassandra-db2749-eastus\",\r\n        \"locationName\": \"East US\",\r\n        \"provisioningState\": \"Creating\",\r\n        \"failoverPriority\": 0,\r\n        \"isZoneRedundant\": false\r\n      }\r\n    ],\r\n    \"readLocations\": [\r\n      {\r\n        \"id\": \"cassandra-db2749-eastus\",\r\n        \"locationName\": \"East US\",\r\n        \"provisioningState\": \"Creating\",\r\n        \"failoverPriority\": 0,\r\n        \"isZoneRedundant\": false\r\n      }\r\n    ],\r\n    \"locations\": [\r\n      {\r\n        \"id\": \"cassandra-db2749-eastus\",\r\n        \"locationName\": \"East US\",\r\n        \"provisioningState\": \"Creating\",\r\n        \"failoverPriority\": 0,\r\n        \"isZoneRedundant\": false\r\n      }\r\n    ],\r\n    \"failoverPolicies\": [\r\n      {\r\n        \"id\": \"cassandra-db2749-eastus\",\r\n        \"locationName\": \"East US\",\r\n        \"failoverPriority\": 0\r\n      }\r\n    ],\r\n    \"cors\": [],\r\n    \"capabilities\": [\r\n      {\r\n        \"name\": \"EnableCassandra\"\r\n      }\r\n    ],\r\n    \"ipRules\": [],\r\n    \"backupPolicy\": {\r\n      \"type\": \"Periodic\",\r\n      \"periodicModeProperties\": {\r\n        \"backupIntervalInMinutes\": 240,\r\n        \"backupRetentionIntervalInHours\": 8,\r\n        \"backupStorageRedundancy\": \"Invalid\"\r\n      }\r\n    },\r\n    \"networkAclBypassResourceIds\": [],\r\n    \"diagnosticLogSettings\": {\r\n      \"enableFullTextQuery\": \"None\"\r\n    },\r\n    \"keysMetadata\": {\r\n      \"primaryMasterKey\": {\r\n        \"generationTime\": \"2023-03-08T22:39:30.3797083Z\"\r\n      },\r\n      \"secondaryMasterKey\": {\r\n        \"generationTime\": \"2023-03-08T22:39:30.3797083Z\"\r\n      },\r\n      \"primaryReadonlyMasterKey\": {\r\n        \"generationTime\": \"2023-03-08T22:39:30.3797083Z\"\r\n      },\r\n      \"secondaryReadonlyMasterKey\": {\r\n        \"generationTime\": \"2023-03-08T22:39:30.3797083Z\"\r\n      }\r\n    }\r\n  },\r\n  \"identity\": {\r\n    \"type\": \"None\"\r\n  }\r\n}",
      "StatusCode": 200
    },
    {
      "RequestUri": "/subscriptions/23587e98-b6ac-4328-a753-03bcd3c8e744/providers/Microsoft.DocumentDB/locations/eastus/operationsStatus/7d82d69d-4e65-40b4-9f27-b4ed17ae51f7?api-version=2022-08-15-preview",
      "EncodedRequestUri": "L3N1YnNjcmlwdGlvbnMvMjM1ODdlOTgtYjZhYy00MzI4LWE3NTMtMDNiY2QzYzhlNzQ0L3Byb3ZpZGVycy9NaWNyb3NvZnQuRG9jdW1lbnREQi9sb2NhdGlvbnMvZWFzdHVzL29wZXJhdGlvbnNTdGF0dXMvN2Q4MmQ2OWQtNGU2NS00MGI0LTlmMjctYjRlZDE3YWU1MWY3P2FwaS12ZXJzaW9uPTIwMjItMDgtMTUtcHJldmlldw==",
      "RequestMethod": "GET",
      "RequestHeaders": {
        "x-ms-client-request-id": [
          "a18ee52a-2fac-4179-ae28-f77b6fbc88c5"
        ],
        "User-Agent": [
          "FxVersion/4.700.22.55902",
          "OSName/Windows",
          "OSVersion/Microsoft.Windows.10.0.22621",
          "Microsoft.Azure.Management.CosmosDB.CosmosDBManagementClient/3.9.1.0"
        ]
      },
      "RequestBody": "",
      "ResponseHeaders": {
        "Cache-Control": [
          "no-store, no-cache"
        ],
        "Pragma": [
          "no-cache"
        ],
        "Strict-Transport-Security": [
          "max-age=31536000; includeSubDomains"
        ],
        "x-ms-gatewayversion": [
          "version=2.14.0"
        ],
        "Server": [
          "Microsoft-HTTPAPI/2.0"
        ],
        "x-ms-ratelimit-remaining-subscription-reads": [
          "11998"
        ],
        "x-ms-request-id": [
          "2d432196-9a51-447b-b3b1-4c38939e68b5"
        ],
        "x-ms-correlation-request-id": [
          "2d432196-9a51-447b-b3b1-4c38939e68b5"
        ],
        "x-ms-routing-request-id": [
          "WESTUS:20230308T224003Z:2d432196-9a51-447b-b3b1-4c38939e68b5"
        ],
        "X-Content-Type-Options": [
          "nosniff"
        ],
        "Date": [
          "Wed, 08 Mar 2023 22:40:02 GMT"
        ],
        "Content-Length": [
          "21"
        ],
        "Content-Type": [
          "application/json"
        ]
      },
      "ResponseBody": "{\r\n  \"status\": \"Dequeued\"\r\n}",
      "StatusCode": 200
    },
    {
      "RequestUri": "/subscriptions/23587e98-b6ac-4328-a753-03bcd3c8e744/providers/Microsoft.DocumentDB/locations/eastus/operationsStatus/7d82d69d-4e65-40b4-9f27-b4ed17ae51f7?api-version=2022-08-15-preview",
      "EncodedRequestUri": "L3N1YnNjcmlwdGlvbnMvMjM1ODdlOTgtYjZhYy00MzI4LWE3NTMtMDNiY2QzYzhlNzQ0L3Byb3ZpZGVycy9NaWNyb3NvZnQuRG9jdW1lbnREQi9sb2NhdGlvbnMvZWFzdHVzL29wZXJhdGlvbnNTdGF0dXMvN2Q4MmQ2OWQtNGU2NS00MGI0LTlmMjctYjRlZDE3YWU1MWY3P2FwaS12ZXJzaW9uPTIwMjItMDgtMTUtcHJldmlldw==",
      "RequestMethod": "GET",
      "RequestHeaders": {
        "x-ms-client-request-id": [
          "a18ee52a-2fac-4179-ae28-f77b6fbc88c5"
        ],
        "User-Agent": [
          "FxVersion/4.700.22.55902",
          "OSName/Windows",
          "OSVersion/Microsoft.Windows.10.0.22621",
          "Microsoft.Azure.Management.CosmosDB.CosmosDBManagementClient/3.9.1.0"
        ]
      },
      "RequestBody": "",
      "ResponseHeaders": {
        "Cache-Control": [
          "no-store, no-cache"
        ],
        "Pragma": [
          "no-cache"
        ],
        "Strict-Transport-Security": [
          "max-age=31536000; includeSubDomains"
        ],
        "x-ms-gatewayversion": [
          "version=2.14.0"
        ],
        "Server": [
          "Microsoft-HTTPAPI/2.0"
        ],
        "x-ms-ratelimit-remaining-subscription-reads": [
          "11997"
        ],
        "x-ms-request-id": [
          "1ad20830-61ee-4919-920a-db6b46e5f3b7"
        ],
        "x-ms-correlation-request-id": [
          "1ad20830-61ee-4919-920a-db6b46e5f3b7"
        ],
        "x-ms-routing-request-id": [
          "WESTUS:20230308T224033Z:1ad20830-61ee-4919-920a-db6b46e5f3b7"
        ],
        "X-Content-Type-Options": [
          "nosniff"
        ],
        "Date": [
          "Wed, 08 Mar 2023 22:40:33 GMT"
        ],
        "Content-Length": [
          "21"
        ],
        "Content-Type": [
          "application/json"
        ]
      },
      "ResponseBody": "{\r\n  \"status\": \"Dequeued\"\r\n}",
      "StatusCode": 200
    },
    {
      "RequestUri": "/subscriptions/23587e98-b6ac-4328-a753-03bcd3c8e744/providers/Microsoft.DocumentDB/locations/eastus/operationsStatus/7d82d69d-4e65-40b4-9f27-b4ed17ae51f7?api-version=2022-08-15-preview",
      "EncodedRequestUri": "L3N1YnNjcmlwdGlvbnMvMjM1ODdlOTgtYjZhYy00MzI4LWE3NTMtMDNiY2QzYzhlNzQ0L3Byb3ZpZGVycy9NaWNyb3NvZnQuRG9jdW1lbnREQi9sb2NhdGlvbnMvZWFzdHVzL29wZXJhdGlvbnNTdGF0dXMvN2Q4MmQ2OWQtNGU2NS00MGI0LTlmMjctYjRlZDE3YWU1MWY3P2FwaS12ZXJzaW9uPTIwMjItMDgtMTUtcHJldmlldw==",
      "RequestMethod": "GET",
      "RequestHeaders": {
        "x-ms-client-request-id": [
          "a18ee52a-2fac-4179-ae28-f77b6fbc88c5"
        ],
        "User-Agent": [
          "FxVersion/4.700.22.55902",
          "OSName/Windows",
          "OSVersion/Microsoft.Windows.10.0.22621",
          "Microsoft.Azure.Management.CosmosDB.CosmosDBManagementClient/3.9.1.0"
        ]
      },
      "RequestBody": "",
      "ResponseHeaders": {
        "Cache-Control": [
          "no-store, no-cache"
        ],
        "Pragma": [
          "no-cache"
        ],
        "Strict-Transport-Security": [
          "max-age=31536000; includeSubDomains"
        ],
        "x-ms-gatewayversion": [
          "version=2.14.0"
        ],
        "Server": [
          "Microsoft-HTTPAPI/2.0"
        ],
        "x-ms-ratelimit-remaining-subscription-reads": [
          "11996"
        ],
        "x-ms-request-id": [
          "ff03aeb6-e10e-4922-a0da-dce29b83d6ec"
        ],
        "x-ms-correlation-request-id": [
          "ff03aeb6-e10e-4922-a0da-dce29b83d6ec"
        ],
        "x-ms-routing-request-id": [
          "WESTUS:20230308T224103Z:ff03aeb6-e10e-4922-a0da-dce29b83d6ec"
        ],
        "X-Content-Type-Options": [
          "nosniff"
        ],
        "Date": [
          "Wed, 08 Mar 2023 22:41:03 GMT"
        ],
        "Content-Length": [
          "21"
        ],
        "Content-Type": [
          "application/json"
        ]
      },
      "ResponseBody": "{\r\n  \"status\": \"Dequeued\"\r\n}",
      "StatusCode": 200
    },
    {
      "RequestUri": "/subscriptions/23587e98-b6ac-4328-a753-03bcd3c8e744/providers/Microsoft.DocumentDB/locations/eastus/operationsStatus/7d82d69d-4e65-40b4-9f27-b4ed17ae51f7?api-version=2022-08-15-preview",
      "EncodedRequestUri": "L3N1YnNjcmlwdGlvbnMvMjM1ODdlOTgtYjZhYy00MzI4LWE3NTMtMDNiY2QzYzhlNzQ0L3Byb3ZpZGVycy9NaWNyb3NvZnQuRG9jdW1lbnREQi9sb2NhdGlvbnMvZWFzdHVzL29wZXJhdGlvbnNTdGF0dXMvN2Q4MmQ2OWQtNGU2NS00MGI0LTlmMjctYjRlZDE3YWU1MWY3P2FwaS12ZXJzaW9uPTIwMjItMDgtMTUtcHJldmlldw==",
      "RequestMethod": "GET",
      "RequestHeaders": {
        "x-ms-client-request-id": [
          "a18ee52a-2fac-4179-ae28-f77b6fbc88c5"
        ],
        "User-Agent": [
          "FxVersion/4.700.22.55902",
          "OSName/Windows",
          "OSVersion/Microsoft.Windows.10.0.22621",
          "Microsoft.Azure.Management.CosmosDB.CosmosDBManagementClient/3.9.1.0"
        ]
      },
      "RequestBody": "",
      "ResponseHeaders": {
        "Cache-Control": [
          "no-store, no-cache"
        ],
        "Pragma": [
          "no-cache"
        ],
        "Strict-Transport-Security": [
          "max-age=31536000; includeSubDomains"
        ],
        "x-ms-gatewayversion": [
          "version=2.14.0"
        ],
        "Server": [
          "Microsoft-HTTPAPI/2.0"
        ],
        "x-ms-ratelimit-remaining-subscription-reads": [
          "11995"
        ],
        "x-ms-request-id": [
          "1acf0de7-90a2-43d6-8b7f-69cfe2f5ae88"
        ],
        "x-ms-correlation-request-id": [
          "1acf0de7-90a2-43d6-8b7f-69cfe2f5ae88"
        ],
        "x-ms-routing-request-id": [
          "WESTUS:20230308T224133Z:1acf0de7-90a2-43d6-8b7f-69cfe2f5ae88"
        ],
        "X-Content-Type-Options": [
          "nosniff"
        ],
        "Date": [
          "Wed, 08 Mar 2023 22:41:33 GMT"
        ],
        "Content-Length": [
          "21"
        ],
        "Content-Type": [
          "application/json"
        ]
      },
      "ResponseBody": "{\r\n  \"status\": \"Dequeued\"\r\n}",
      "StatusCode": 200
    },
    {
      "RequestUri": "/subscriptions/23587e98-b6ac-4328-a753-03bcd3c8e744/providers/Microsoft.DocumentDB/locations/eastus/operationsStatus/7d82d69d-4e65-40b4-9f27-b4ed17ae51f7?api-version=2022-08-15-preview",
      "EncodedRequestUri": "L3N1YnNjcmlwdGlvbnMvMjM1ODdlOTgtYjZhYy00MzI4LWE3NTMtMDNiY2QzYzhlNzQ0L3Byb3ZpZGVycy9NaWNyb3NvZnQuRG9jdW1lbnREQi9sb2NhdGlvbnMvZWFzdHVzL29wZXJhdGlvbnNTdGF0dXMvN2Q4MmQ2OWQtNGU2NS00MGI0LTlmMjctYjRlZDE3YWU1MWY3P2FwaS12ZXJzaW9uPTIwMjItMDgtMTUtcHJldmlldw==",
      "RequestMethod": "GET",
      "RequestHeaders": {
        "x-ms-client-request-id": [
          "a18ee52a-2fac-4179-ae28-f77b6fbc88c5"
        ],
        "User-Agent": [
          "FxVersion/4.700.22.55902",
          "OSName/Windows",
          "OSVersion/Microsoft.Windows.10.0.22621",
          "Microsoft.Azure.Management.CosmosDB.CosmosDBManagementClient/3.9.1.0"
        ]
      },
      "RequestBody": "",
      "ResponseHeaders": {
        "Cache-Control": [
          "no-store, no-cache"
        ],
        "Pragma": [
          "no-cache"
        ],
        "Strict-Transport-Security": [
          "max-age=31536000; includeSubDomains"
        ],
        "x-ms-gatewayversion": [
          "version=2.14.0"
        ],
        "Server": [
          "Microsoft-HTTPAPI/2.0"
        ],
        "x-ms-ratelimit-remaining-subscription-reads": [
          "11994"
        ],
        "x-ms-request-id": [
          "68c9fc5a-7a6c-448a-b2b8-6a61d056c12c"
        ],
        "x-ms-correlation-request-id": [
          "68c9fc5a-7a6c-448a-b2b8-6a61d056c12c"
        ],
        "x-ms-routing-request-id": [
          "WESTUS:20230308T224203Z:68c9fc5a-7a6c-448a-b2b8-6a61d056c12c"
        ],
        "X-Content-Type-Options": [
          "nosniff"
        ],
        "Date": [
          "Wed, 08 Mar 2023 22:42:02 GMT"
        ],
        "Content-Length": [
          "21"
        ],
        "Content-Type": [
          "application/json"
        ]
      },
      "ResponseBody": "{\r\n  \"status\": \"Dequeued\"\r\n}",
      "StatusCode": 200
    },
    {
      "RequestUri": "/subscriptions/23587e98-b6ac-4328-a753-03bcd3c8e744/providers/Microsoft.DocumentDB/locations/eastus/operationsStatus/7d82d69d-4e65-40b4-9f27-b4ed17ae51f7?api-version=2022-08-15-preview",
      "EncodedRequestUri": "L3N1YnNjcmlwdGlvbnMvMjM1ODdlOTgtYjZhYy00MzI4LWE3NTMtMDNiY2QzYzhlNzQ0L3Byb3ZpZGVycy9NaWNyb3NvZnQuRG9jdW1lbnREQi9sb2NhdGlvbnMvZWFzdHVzL29wZXJhdGlvbnNTdGF0dXMvN2Q4MmQ2OWQtNGU2NS00MGI0LTlmMjctYjRlZDE3YWU1MWY3P2FwaS12ZXJzaW9uPTIwMjItMDgtMTUtcHJldmlldw==",
      "RequestMethod": "GET",
      "RequestHeaders": {
        "x-ms-client-request-id": [
          "a18ee52a-2fac-4179-ae28-f77b6fbc88c5"
        ],
        "User-Agent": [
          "FxVersion/4.700.22.55902",
          "OSName/Windows",
          "OSVersion/Microsoft.Windows.10.0.22621",
          "Microsoft.Azure.Management.CosmosDB.CosmosDBManagementClient/3.9.1.0"
        ]
      },
      "RequestBody": "",
      "ResponseHeaders": {
        "Cache-Control": [
          "no-store, no-cache"
        ],
        "Pragma": [
          "no-cache"
        ],
        "Strict-Transport-Security": [
          "max-age=31536000; includeSubDomains"
        ],
        "x-ms-gatewayversion": [
          "version=2.14.0"
        ],
        "Server": [
          "Microsoft-HTTPAPI/2.0"
        ],
        "x-ms-ratelimit-remaining-subscription-reads": [
          "11993"
        ],
        "x-ms-request-id": [
          "ce06415c-809d-4e6e-8d0b-280f67ea60ec"
        ],
        "x-ms-correlation-request-id": [
          "ce06415c-809d-4e6e-8d0b-280f67ea60ec"
        ],
        "x-ms-routing-request-id": [
          "WESTUS:20230308T224234Z:ce06415c-809d-4e6e-8d0b-280f67ea60ec"
        ],
        "X-Content-Type-Options": [
          "nosniff"
        ],
        "Date": [
          "Wed, 08 Mar 2023 22:42:33 GMT"
        ],
        "Content-Length": [
          "22"
        ],
        "Content-Type": [
          "application/json"
        ]
      },
      "ResponseBody": "{\r\n  \"status\": \"Succeeded\"\r\n}",
      "StatusCode": 200
    },
    {
      "RequestUri": "/subscriptions/23587e98-b6ac-4328-a753-03bcd3c8e744/resourceGroups/CosmosDBResourceGroup49/providers/Microsoft.DocumentDB/databaseAccounts/cassandra-db2749/cassandraKeyspaces/keyspace1?api-version=2022-08-15-preview",
      "EncodedRequestUri": "L3N1YnNjcmlwdGlvbnMvMjM1ODdlOTgtYjZhYy00MzI4LWE3NTMtMDNiY2QzYzhlNzQ0L3Jlc291cmNlR3JvdXBzL0Nvc21vc0RCUmVzb3VyY2VHcm91cDQ5L3Byb3ZpZGVycy9NaWNyb3NvZnQuRG9jdW1lbnREQi9kYXRhYmFzZUFjY291bnRzL2Nhc3NhbmRyYS1kYjI3NDkvY2Fzc2FuZHJhS2V5c3BhY2VzL2tleXNwYWNlMT9hcGktdmVyc2lvbj0yMDIyLTA4LTE1LXByZXZpZXc=",
      "RequestMethod": "GET",
      "RequestHeaders": {
        "x-ms-client-request-id": [
          "7985efca-2b09-4035-b992-f17bebdc4e72"
        ],
        "Accept-Language": [
          "en-US"
        ],
        "User-Agent": [
          "FxVersion/4.700.22.55902",
          "OSName/Windows",
          "OSVersion/Microsoft.Windows.10.0.22621",
          "Microsoft.Azure.Management.CosmosDB.CosmosDBManagementClient/3.9.1.0"
        ]
      },
      "RequestBody": "",
      "ResponseHeaders": {
        "Cache-Control": [
          "no-store, no-cache"
        ],
        "Pragma": [
          "no-cache"
        ],
        "Strict-Transport-Security": [
          "max-age=31536000; includeSubDomains"
        ],
        "x-ms-gatewayversion": [
          "version=2.14.0"
        ],
        "Server": [
          "Microsoft-HTTPAPI/2.0"
        ],
        "x-ms-ratelimit-remaining-subscription-reads": [
          "11999"
        ],
        "x-ms-request-id": [
          "6825c7a9-a960-4c78-884a-c9b6eaa6e767"
        ],
        "x-ms-correlation-request-id": [
          "6825c7a9-a960-4c78-884a-c9b6eaa6e767"
        ],
        "x-ms-routing-request-id": [
          "WESTUS:20230308T224235Z:6825c7a9-a960-4c78-884a-c9b6eaa6e767"
        ],
        "X-Content-Type-Options": [
          "nosniff"
        ],
        "Date": [
          "Wed, 08 Mar 2023 22:42:34 GMT"
        ],
        "Content-Length": [
          "6519"
        ],
        "Content-Type": [
          "application/json"
        ]
      },
      "ResponseBody": "{\r\n  \"code\": \"NotFound\",\r\n  \"message\": \"Message: {\\\"code\\\":\\\"NotFound\\\",\\\"message\\\":\\\"Message: {\\\\\\\"Errors\\\\\\\":[\\\\\\\"Resource Not Found. Learn more: https:\\\\\\\\/\\\\\\\\/aka.ms\\\\\\\\/cosmosdb-tsg-not-found\\\\\\\"]}\\\\r\\\\nActivityId: 7985efca-2b09-4035-b992-f17bebdc4e72, Request URI: /apps/27468ac2-a8a6-4b1a-9d08-3108423a0e66/services/31b502b1-2b41-4cdd-8edc-3856355eee4c/partitions/1b78f70a-9c27-4743-a42e-52aa6bee1209/replicas/133224072062557713s, RequestStats: \\\\r\\\\nRequestStartTime: 2023-03-08T22:42:34.9836534Z, RequestEndTime: 2023-03-08T22:42:34.9836534Z,  Number of regions attempted:1\\\\r\\\\n{\\\\\\\"systemHistory\\\\\\\":[{\\\\\\\"dateUtc\\\\\\\":\\\\\\\"2023-03-08T22:41:44.9338183Z\\\\\\\",\\\\\\\"cpu\\\\\\\":0.443,\\\\\\\"memory\\\\\\\":649989800.000,\\\\\\\"threadInfo\\\\\\\":{\\\\\\\"isThreadStarving\\\\\\\":\\\\\\\"False\\\\\\\",\\\\\\\"threadWaitIntervalInMs\\\\\\\":0.0119,\\\\\\\"availableThreads\\\\\\\":32763,\\\\\\\"minThreads\\\\\\\":64,\\\\\\\"maxThreads\\\\\\\":32767},\\\\\\\"numberOfOpenTcpConnection\\\\\\\":363},{\\\\\\\"dateUtc\\\\\\\":\\\\\\\"2023-03-08T22:41:54.9437880Z\\\\\\\",\\\\\\\"cpu\\\\\\\":0.325,\\\\\\\"memory\\\\\\\":649975928.000,\\\\\\\"threadInfo\\\\\\\":{\\\\\\\"isThreadStarving\\\\\\\":\\\\\\\"False\\\\\\\",\\\\\\\"threadWaitIntervalInMs\\\\\\\":0.0216,\\\\\\\"availableThreads\\\\\\\":32764,\\\\\\\"minThreads\\\\\\\":64,\\\\\\\"maxThreads\\\\\\\":32767},\\\\\\\"numberOfOpenTcpConnection\\\\\\\":367},{\\\\\\\"dateUtc\\\\\\\":\\\\\\\"2023-03-08T22:42:04.9537553Z\\\\\\\",\\\\\\\"cpu\\\\\\\":0.914,\\\\\\\"memory\\\\\\\":649942692.000,\\\\\\\"threadInfo\\\\\\\":{\\\\\\\"isThreadStarving\\\\\\\":\\\\\\\"False\\\\\\\",\\\\\\\"threadWaitIntervalInMs\\\\\\\":0.0161,\\\\\\\"availableThreads\\\\\\\":32764,\\\\\\\"minThreads\\\\\\\":64,\\\\\\\"maxThreads\\\\\\\":32767},\\\\\\\"numberOfOpenTcpConnection\\\\\\\":367},{\\\\\\\"dateUtc\\\\\\\":\\\\\\\"2023-03-08T22:42:14.9637240Z\\\\\\\",\\\\\\\"cpu\\\\\\\":0.312,\\\\\\\"memory\\\\\\\":649943688.000,\\\\\\\"threadInfo\\\\\\\":{\\\\\\\"isThreadStarving\\\\\\\":\\\\\\\"False\\\\\\\",\\\\\\\"threadWaitIntervalInMs\\\\\\\":0.022,\\\\\\\"availableThreads\\\\\\\":32763,\\\\\\\"minThreads\\\\\\\":64,\\\\\\\"maxThreads\\\\\\\":32767},\\\\\\\"numberOfOpenTcpConnection\\\\\\\":369},{\\\\\\\"dateUtc\\\\\\\":\\\\\\\"2023-03-08T22:42:24.9736843Z\\\\\\\",\\\\\\\"cpu\\\\\\\":0.212,\\\\\\\"memory\\\\\\\":649944792.000,\\\\\\\"threadInfo\\\\\\\":{\\\\\\\"isThreadStarving\\\\\\\":\\\\\\\"False\\\\\\\",\\\\\\\"threadWaitIntervalInMs\\\\\\\":0.0179,\\\\\\\"availableThreads\\\\\\\":32762,\\\\\\\"minThreads\\\\\\\":64,\\\\\\\"maxThreads\\\\\\\":32767},\\\\\\\"numberOfOpenTcpConnection\\\\\\\":369},{\\\\\\\"dateUtc\\\\\\\":\\\\\\\"2023-03-08T22:42:34.9836534Z\\\\\\\",\\\\\\\"cpu\\\\\\\":0.313,\\\\\\\"memory\\\\\\\":649944904.000,\\\\\\\"threadInfo\\\\\\\":{\\\\\\\"isThreadStarving\\\\\\\":\\\\\\\"False\\\\\\\",\\\\\\\"threadWaitIntervalInMs\\\\\\\":0.0314,\\\\\\\"availableThreads\\\\\\\":32761,\\\\\\\"minThreads\\\\\\\":64,\\\\\\\"maxThreads\\\\\\\":32767},\\\\\\\"numberOfOpenTcpConnection\\\\\\\":369}]}\\\\r\\\\nRequestStart: 2023-03-08T22:42:34.9836534Z; ResponseTime: 2023-03-08T22:42:34.9836534Z; StoreResult: StorePhysicalAddress: rntbd://10.0.1.4:11300/apps/27468ac2-a8a6-4b1a-9d08-3108423a0e66/services/31b502b1-2b41-4cdd-8edc-3856355eee4c/partitions/1b78f70a-9c27-4743-a42e-52aa6bee1209/replicas/133224072062557713s, LSN: 7, GlobalCommittedLsn: 7, PartitionKeyRangeId: , IsValid: True, StatusCode: 404, SubStatusCode: 0, RequestCharge: 1, ItemLSN: -1, SessionToken: -1#7, UsingLocalLSN: False, TransportException: null, BELatencyMs: 1.238, ActivityId: 7985efca-2b09-4035-b992-f17bebdc4e72, RetryAfterInMs: , TransportRequestTimeline: {\\\\\\\"requestTimeline\\\\\\\":[{\\\\\\\"event\\\\\\\": \\\\\\\"Created\\\\\\\", \\\\\\\"startTimeUtc\\\\\\\": \\\\\\\"2023-03-08T22:42:34.9836534Z\\\\\\\", \\\\\\\"durationInMs\\\\\\\": 0.0056},{\\\\\\\"event\\\\\\\": \\\\\\\"ChannelAcquisitionStarted\\\\\\\", \\\\\\\"startTimeUtc\\\\\\\": \\\\\\\"2023-03-08T22:42:34.9836590Z\\\\\\\", \\\\\\\"durationInMs\\\\\\\": 0.0022},{\\\\\\\"event\\\\\\\": \\\\\\\"Pipelined\\\\\\\", \\\\\\\"startTimeUtc\\\\\\\": \\\\\\\"2023-03-08T22:42:34.9836612Z\\\\\\\", \\\\\\\"durationInMs\\\\\\\": 0.0875},{\\\\\\\"event\\\\\\\": \\\\\\\"Transit Time\\\\\\\", \\\\\\\"startTimeUtc\\\\\\\": \\\\\\\"2023-03-08T22:42:34.9837487Z\\\\\\\", \\\\\\\"durationInMs\\\\\\\": 1.5884},{\\\\\\\"event\\\\\\\": \\\\\\\"Received\\\\\\\", \\\\\\\"startTimeUtc\\\\\\\": \\\\\\\"2023-03-08T22:42:34.9853371Z\\\\\\\", \\\\\\\"durationInMs\\\\\\\": 0.0214},{\\\\\\\"event\\\\\\\": \\\\\\\"Completed\\\\\\\", \\\\\\\"startTimeUtc\\\\\\\": \\\\\\\"2023-03-08T22:42:34.9853585Z\\\\\\\", \\\\\\\"durationInMs\\\\\\\": 0}],\\\\\\\"serviceEndpointStats\\\\\\\":{\\\\\\\"inflightRequests\\\\\\\":1,\\\\\\\"openConnections\\\\\\\":1},\\\\\\\"connectionStats\\\\\\\":{\\\\\\\"waitforConnectionInit\\\\\\\":\\\\\\\"False\\\\\\\",\\\\\\\"callsPendingReceive\\\\\\\":0,\\\\\\\"lastSendAttempt\\\\\\\":\\\\\\\"2023-03-08T22:42:34.9436554Z\\\\\\\",\\\\\\\"lastSend\\\\\\\":\\\\\\\"2023-03-08T22:42:34.9436554Z\\\\\\\",\\\\\\\"lastReceive\\\\\\\":\\\\\\\"2023-03-08T22:42:34.9436554Z\\\\\\\"},\\\\\\\"requestSizeInBytes\\\\\\\":456,\\\\\\\"responseMetadataSizeInBytes\\\\\\\":134,\\\\\\\"responseBodySizeInBytes\\\\\\\":87};\\\\r\\\\n ResourceType: Database, OperationType: Read\\\\r\\\\nRequestStart: 2023-03-08T22:42:34.9836534Z; ResponseTime: 2023-03-08T22:42:34.9836534Z; StoreResult: StorePhysicalAddress: rntbd://10.0.1.8:11000/apps/27468ac2-a8a6-4b1a-9d08-3108423a0e66/services/31b502b1-2b41-4cdd-8edc-3856355eee4c/partitions/1b78f70a-9c27-4743-a42e-52aa6bee1209/replicas/133224072062557712s, LSN: 7, GlobalCommittedLsn: 7, PartitionKeyRangeId: , IsValid: True, StatusCode: 404, SubStatusCode: 0, RequestCharge: 1, ItemLSN: -1, SessionToken: -1#7, UsingLocalLSN: False, TransportException: null, BELatencyMs: 0.784, ActivityId: 7985efca-2b09-4035-b992-f17bebdc4e72, RetryAfterInMs: , TransportRequestTimeline: {\\\\\\\"requestTimeline\\\\\\\":[{\\\\\\\"event\\\\\\\": \\\\\\\"Created\\\\\\\", \\\\\\\"startTimeUtc\\\\\\\": \\\\\\\"2023-03-08T22:42:34.9836534Z\\\\\\\", \\\\\\\"durationInMs\\\\\\\": 0.0026},{\\\\\\\"event\\\\\\\": \\\\\\\"ChannelAcquisitionStarted\\\\\\\", \\\\\\\"startTimeUtc\\\\\\\": \\\\\\\"2023-03-08T22:42:34.9836560Z\\\\\\\", \\\\\\\"durationInMs\\\\\\\": 0.0011},{\\\\\\\"event\\\\\\\": \\\\\\\"Pipelined\\\\\\\", \\\\\\\"startTimeUtc\\\\\\\": \\\\\\\"2023-03-08T22:42:34.9836571Z\\\\\\\", \\\\\\\"durationInMs\\\\\\\": 0.0483},{\\\\\\\"event\\\\\\\": \\\\\\\"Transit Time\\\\\\\", \\\\\\\"startTimeUtc\\\\\\\": \\\\\\\"2023-03-08T22:42:34.9837054Z\\\\\\\", \\\\\\\"durationInMs\\\\\\\": 1.1246},{\\\\\\\"event\\\\\\\": \\\\\\\"Received\\\\\\\", \\\\\\\"startTimeUtc\\\\\\\": \\\\\\\"2023-03-08T22:42:34.9848300Z\\\\\\\", \\\\\\\"durationInMs\\\\\\\": 0.1436},{\\\\\\\"event\\\\\\\": \\\\\\\"Completed\\\\\\\", \\\\\\\"startTimeUtc\\\\\\\": \\\\\\\"2023-03-08T22:42:34.9849736Z\\\\\\\", \\\\\\\"durationInMs\\\\\\\": 0}],\\\\\\\"serviceEndpointStats\\\\\\\":{\\\\\\\"inflightRequests\\\\\\\":1,\\\\\\\"openConnections\\\\\\\":1},\\\\\\\"connectionStats\\\\\\\":{\\\\\\\"waitforConnectionInit\\\\\\\":\\\\\\\"False\\\\\\\",\\\\\\\"callsPendingReceive\\\\\\\":0,\\\\\\\"lastSendAttempt\\\\\\\":\\\\\\\"2023-03-08T22:42:34.8936667Z\\\\\\\",\\\\\\\"lastSend\\\\\\\":\\\\\\\"2023-03-08T22:42:34.8936667Z\\\\\\\",\\\\\\\"lastReceive\\\\\\\":\\\\\\\"2023-03-08T22:42:34.8936667Z\\\\\\\"},\\\\\\\"requestSizeInBytes\\\\\\\":456,\\\\\\\"responseMetadataSizeInBytes\\\\\\\":134,\\\\\\\"responseBodySizeInBytes\\\\\\\":87};\\\\r\\\\n ResourceType: Database, OperationType: Read\\\\r\\\\n, SDK: Microsoft.Azure.Documents.Common/2.14.0\\\"}, Request URI: /dbs/keyspace1, RequestStats: , SDK: Microsoft.Azure.Documents.Common/2.14.0\"\r\n}",
      "StatusCode": 404
    },
    {
      "RequestUri": "/subscriptions/23587e98-b6ac-4328-a753-03bcd3c8e744/resourceGroups/CosmosDBResourceGroup49/providers/Microsoft.DocumentDB/databaseAccounts/cassandra-db2749/cassandraKeyspaces/keyspace1?api-version=2022-08-15-preview",
      "EncodedRequestUri": "L3N1YnNjcmlwdGlvbnMvMjM1ODdlOTgtYjZhYy00MzI4LWE3NTMtMDNiY2QzYzhlNzQ0L3Jlc291cmNlR3JvdXBzL0Nvc21vc0RCUmVzb3VyY2VHcm91cDQ5L3Byb3ZpZGVycy9NaWNyb3NvZnQuRG9jdW1lbnREQi9kYXRhYmFzZUFjY291bnRzL2Nhc3NhbmRyYS1kYjI3NDkvY2Fzc2FuZHJhS2V5c3BhY2VzL2tleXNwYWNlMT9hcGktdmVyc2lvbj0yMDIyLTA4LTE1LXByZXZpZXc=",
      "RequestMethod": "GET",
      "RequestHeaders": {
        "x-ms-client-request-id": [
          "7985efca-2b09-4035-b992-f17bebdc4e72"
        ],
        "User-Agent": [
          "FxVersion/4.700.22.55902",
          "OSName/Windows",
          "OSVersion/Microsoft.Windows.10.0.22621",
          "Microsoft.Azure.Management.CosmosDB.CosmosDBManagementClient/3.9.1.0"
        ]
      },
      "RequestBody": "",
      "ResponseHeaders": {
        "Cache-Control": [
          "no-store, no-cache"
        ],
        "Pragma": [
          "no-cache"
        ],
        "Strict-Transport-Security": [
          "max-age=31536000; includeSubDomains"
        ],
        "x-ms-gatewayversion": [
          "version=2.14.0"
        ],
        "Server": [
          "Microsoft-HTTPAPI/2.0"
        ],
        "x-ms-ratelimit-remaining-subscription-reads": [
          "11997"
        ],
        "x-ms-request-id": [
          "63fe47bf-2c25-48f1-9137-c6bcc80f986f"
        ],
        "x-ms-correlation-request-id": [
          "63fe47bf-2c25-48f1-9137-c6bcc80f986f"
        ],
        "x-ms-routing-request-id": [
          "WESTUS:20230308T224306Z:63fe47bf-2c25-48f1-9137-c6bcc80f986f"
        ],
        "X-Content-Type-Options": [
          "nosniff"
        ],
        "Date": [
          "Wed, 08 Mar 2023 22:43:05 GMT"
        ],
        "Content-Length": [
          "409"
        ],
        "Content-Type": [
          "application/json"
        ]
      },
      "ResponseBody": "{\r\n  \"id\": \"/subscriptions/23587e98-b6ac-4328-a753-03bcd3c8e744/resourceGroups/CosmosDBResourceGroup49/providers/Microsoft.DocumentDB/databaseAccounts/cassandra-db2749/cassandraKeyspaces/keyspace1\",\r\n  \"type\": \"Microsoft.DocumentDB/databaseAccounts/cassandraKeyspaces\",\r\n  \"name\": \"keyspace1\",\r\n  \"properties\": {\r\n    \"resource\": {\r\n      \"id\": \"keyspace1\",\r\n      \"_rid\": \"kPU8AA==\",\r\n      \"_etag\": \"\\\"00000c18-0000-0100-0000-64090f630000\\\"\",\r\n      \"_ts\": 1678315363\r\n    }\r\n  }\r\n}",
      "StatusCode": 200
    },
    {
      "RequestUri": "/subscriptions/23587e98-b6ac-4328-a753-03bcd3c8e744/resourceGroups/CosmosDBResourceGroup49/providers/Microsoft.DocumentDB/databaseAccounts/cassandra-db2749/cassandraKeyspaces/keyspace1?api-version=2022-08-15-preview",
      "EncodedRequestUri": "L3N1YnNjcmlwdGlvbnMvMjM1ODdlOTgtYjZhYy00MzI4LWE3NTMtMDNiY2QzYzhlNzQ0L3Jlc291cmNlR3JvdXBzL0Nvc21vc0RCUmVzb3VyY2VHcm91cDQ5L3Byb3ZpZGVycy9NaWNyb3NvZnQuRG9jdW1lbnREQi9kYXRhYmFzZUFjY291bnRzL2Nhc3NhbmRyYS1kYjI3NDkvY2Fzc2FuZHJhS2V5c3BhY2VzL2tleXNwYWNlMT9hcGktdmVyc2lvbj0yMDIyLTA4LTE1LXByZXZpZXc=",
      "RequestMethod": "GET",
      "RequestHeaders": {
        "x-ms-client-request-id": [
          "b526acb6-28e0-4ab1-a6d4-bfab1a067a37"
        ],
        "Accept-Language": [
          "en-US"
        ],
        "User-Agent": [
          "FxVersion/4.700.22.55902",
          "OSName/Windows",
          "OSVersion/Microsoft.Windows.10.0.22621",
          "Microsoft.Azure.Management.CosmosDB.CosmosDBManagementClient/3.9.1.0"
        ]
      },
      "RequestBody": "",
      "ResponseHeaders": {
        "Cache-Control": [
          "no-store, no-cache"
        ],
        "Pragma": [
          "no-cache"
        ],
        "Strict-Transport-Security": [
          "max-age=31536000; includeSubDomains"
        ],
        "x-ms-gatewayversion": [
          "version=2.14.0"
        ],
        "Server": [
          "Microsoft-HTTPAPI/2.0"
        ],
        "x-ms-ratelimit-remaining-subscription-reads": [
          "11999"
        ],
        "x-ms-request-id": [
          "3af51ab2-4594-49de-9539-c5a48be8652e"
        ],
        "x-ms-correlation-request-id": [
          "3af51ab2-4594-49de-9539-c5a48be8652e"
        ],
        "x-ms-routing-request-id": [
          "WESTUS:20230308T224306Z:3af51ab2-4594-49de-9539-c5a48be8652e"
        ],
        "X-Content-Type-Options": [
          "nosniff"
        ],
        "Date": [
          "Wed, 08 Mar 2023 22:43:06 GMT"
        ],
        "Content-Length": [
          "409"
        ],
        "Content-Type": [
          "application/json"
        ]
      },
      "ResponseBody": "{\r\n  \"id\": \"/subscriptions/23587e98-b6ac-4328-a753-03bcd3c8e744/resourceGroups/CosmosDBResourceGroup49/providers/Microsoft.DocumentDB/databaseAccounts/cassandra-db2749/cassandraKeyspaces/keyspace1\",\r\n  \"type\": \"Microsoft.DocumentDB/databaseAccounts/cassandraKeyspaces\",\r\n  \"name\": \"keyspace1\",\r\n  \"properties\": {\r\n    \"resource\": {\r\n      \"id\": \"keyspace1\",\r\n      \"_rid\": \"kPU8AA==\",\r\n      \"_etag\": \"\\\"00000c18-0000-0100-0000-64090f630000\\\"\",\r\n      \"_ts\": 1678315363\r\n    }\r\n  }\r\n}",
      "StatusCode": 200
    },
    {
      "RequestUri": "/subscriptions/23587e98-b6ac-4328-a753-03bcd3c8e744/resourceGroups/CosmosDBResourceGroup49/providers/Microsoft.DocumentDB/databaseAccounts/cassandra-db2749/cassandraKeyspaces/keyspace1?api-version=2022-08-15-preview",
      "EncodedRequestUri": "L3N1YnNjcmlwdGlvbnMvMjM1ODdlOTgtYjZhYy00MzI4LWE3NTMtMDNiY2QzYzhlNzQ0L3Jlc291cmNlR3JvdXBzL0Nvc21vc0RCUmVzb3VyY2VHcm91cDQ5L3Byb3ZpZGVycy9NaWNyb3NvZnQuRG9jdW1lbnREQi9kYXRhYmFzZUFjY291bnRzL2Nhc3NhbmRyYS1kYjI3NDkvY2Fzc2FuZHJhS2V5c3BhY2VzL2tleXNwYWNlMT9hcGktdmVyc2lvbj0yMDIyLTA4LTE1LXByZXZpZXc=",
      "RequestMethod": "GET",
      "RequestHeaders": {
        "x-ms-client-request-id": [
          "cfa7496e-7d22-42d3-8fc3-5ab6ae13b7c8"
        ],
        "Accept-Language": [
          "en-US"
        ],
        "User-Agent": [
          "FxVersion/4.700.22.55902",
          "OSName/Windows",
          "OSVersion/Microsoft.Windows.10.0.22621",
          "Microsoft.Azure.Management.CosmosDB.CosmosDBManagementClient/3.9.1.0"
        ]
      },
      "RequestBody": "",
      "ResponseHeaders": {
        "Cache-Control": [
          "no-store, no-cache"
        ],
        "Pragma": [
          "no-cache"
        ],
        "Strict-Transport-Security": [
          "max-age=31536000; includeSubDomains"
        ],
        "x-ms-gatewayversion": [
          "version=2.14.0"
        ],
        "Server": [
          "Microsoft-HTTPAPI/2.0"
        ],
        "x-ms-ratelimit-remaining-subscription-reads": [
          "11999"
        ],
        "x-ms-request-id": [
          "610a8b88-b1da-4164-87e6-e4f709cd7049"
        ],
        "x-ms-correlation-request-id": [
          "610a8b88-b1da-4164-87e6-e4f709cd7049"
        ],
        "x-ms-routing-request-id": [
          "WESTUS2:20230308T224340Z:610a8b88-b1da-4164-87e6-e4f709cd7049"
        ],
        "X-Content-Type-Options": [
          "nosniff"
        ],
        "Date": [
          "Wed, 08 Mar 2023 22:43:39 GMT"
        ],
        "Content-Length": [
          "409"
        ],
        "Content-Type": [
          "application/json"
        ]
      },
      "ResponseBody": "{\r\n  \"id\": \"/subscriptions/23587e98-b6ac-4328-a753-03bcd3c8e744/resourceGroups/CosmosDBResourceGroup49/providers/Microsoft.DocumentDB/databaseAccounts/cassandra-db2749/cassandraKeyspaces/keyspace1\",\r\n  \"type\": \"Microsoft.DocumentDB/databaseAccounts/cassandraKeyspaces\",\r\n  \"name\": \"keyspace1\",\r\n  \"properties\": {\r\n    \"resource\": {\r\n      \"id\": \"keyspace1\",\r\n      \"_rid\": \"kPU8AA==\",\r\n      \"_etag\": \"\\\"00000c18-0000-0100-0000-64090f630000\\\"\",\r\n      \"_ts\": 1678315363\r\n    }\r\n  }\r\n}",
      "StatusCode": 200
    },
    {
      "RequestUri": "/subscriptions/23587e98-b6ac-4328-a753-03bcd3c8e744/resourceGroups/CosmosDBResourceGroup49/providers/Microsoft.DocumentDB/databaseAccounts/cassandra-db2749/cassandraKeyspaces/keyspace1?api-version=2022-08-15-preview",
      "EncodedRequestUri": "L3N1YnNjcmlwdGlvbnMvMjM1ODdlOTgtYjZhYy00MzI4LWE3NTMtMDNiY2QzYzhlNzQ0L3Jlc291cmNlR3JvdXBzL0Nvc21vc0RCUmVzb3VyY2VHcm91cDQ5L3Byb3ZpZGVycy9NaWNyb3NvZnQuRG9jdW1lbnREQi9kYXRhYmFzZUFjY291bnRzL2Nhc3NhbmRyYS1kYjI3NDkvY2Fzc2FuZHJhS2V5c3BhY2VzL2tleXNwYWNlMT9hcGktdmVyc2lvbj0yMDIyLTA4LTE1LXByZXZpZXc=",
      "RequestMethod": "GET",
      "RequestHeaders": {
        "x-ms-client-request-id": [
          "b0d73315-55ee-4898-b649-291665e0b500"
        ],
        "Accept-Language": [
          "en-US"
        ],
        "User-Agent": [
          "FxVersion/4.700.22.55902",
          "OSName/Windows",
          "OSVersion/Microsoft.Windows.10.0.22621",
          "Microsoft.Azure.Management.CosmosDB.CosmosDBManagementClient/3.9.1.0"
        ]
      },
      "RequestBody": "",
      "ResponseHeaders": {
        "Cache-Control": [
          "no-store, no-cache"
        ],
        "Pragma": [
          "no-cache"
        ],
        "Strict-Transport-Security": [
          "max-age=31536000; includeSubDomains"
        ],
        "x-ms-gatewayversion": [
          "version=2.14.0"
        ],
        "Server": [
          "Microsoft-HTTPAPI/2.0"
        ],
        "x-ms-ratelimit-remaining-subscription-reads": [
          "11999"
        ],
        "x-ms-request-id": [
          "1531aa06-a4b2-43e9-82f4-7be2c0fc6fb5"
        ],
        "x-ms-correlation-request-id": [
          "1531aa06-a4b2-43e9-82f4-7be2c0fc6fb5"
        ],
        "x-ms-routing-request-id": [
          "WESTUS2:20230308T224342Z:1531aa06-a4b2-43e9-82f4-7be2c0fc6fb5"
        ],
        "X-Content-Type-Options": [
          "nosniff"
        ],
        "Date": [
          "Wed, 08 Mar 2023 22:43:41 GMT"
        ],
        "Content-Length": [
          "409"
        ],
        "Content-Type": [
          "application/json"
        ]
      },
      "ResponseBody": "{\r\n  \"id\": \"/subscriptions/23587e98-b6ac-4328-a753-03bcd3c8e744/resourceGroups/CosmosDBResourceGroup49/providers/Microsoft.DocumentDB/databaseAccounts/cassandra-db2749/cassandraKeyspaces/keyspace1\",\r\n  \"type\": \"Microsoft.DocumentDB/databaseAccounts/cassandraKeyspaces\",\r\n  \"name\": \"keyspace1\",\r\n  \"properties\": {\r\n    \"resource\": {\r\n      \"id\": \"keyspace1\",\r\n      \"_rid\": \"kPU8AA==\",\r\n      \"_etag\": \"\\\"00000c18-0000-0100-0000-64090f630000\\\"\",\r\n      \"_ts\": 1678315363\r\n    }\r\n  }\r\n}",
      "StatusCode": 200
    },
    {
      "RequestUri": "/subscriptions/23587e98-b6ac-4328-a753-03bcd3c8e744/resourceGroups/CosmosDBResourceGroup49/providers/Microsoft.DocumentDB/databaseAccounts/cassandra-db2749/cassandraKeyspaces/keyspace1?api-version=2022-08-15-preview",
      "EncodedRequestUri": "L3N1YnNjcmlwdGlvbnMvMjM1ODdlOTgtYjZhYy00MzI4LWE3NTMtMDNiY2QzYzhlNzQ0L3Jlc291cmNlR3JvdXBzL0Nvc21vc0RCUmVzb3VyY2VHcm91cDQ5L3Byb3ZpZGVycy9NaWNyb3NvZnQuRG9jdW1lbnREQi9kYXRhYmFzZUFjY291bnRzL2Nhc3NhbmRyYS1kYjI3NDkvY2Fzc2FuZHJhS2V5c3BhY2VzL2tleXNwYWNlMT9hcGktdmVyc2lvbj0yMDIyLTA4LTE1LXByZXZpZXc=",
      "RequestMethod": "GET",
      "RequestHeaders": {
        "x-ms-client-request-id": [
          "b0d73315-55ee-4898-b649-291665e0b500"
        ],
        "User-Agent": [
          "FxVersion/4.700.22.55902",
          "OSName/Windows",
          "OSVersion/Microsoft.Windows.10.0.22621",
          "Microsoft.Azure.Management.CosmosDB.CosmosDBManagementClient/3.9.1.0"
        ]
      },
      "RequestBody": "",
      "ResponseHeaders": {
        "Cache-Control": [
          "no-store, no-cache"
        ],
        "Pragma": [
          "no-cache"
        ],
        "Strict-Transport-Security": [
          "max-age=31536000; includeSubDomains"
        ],
        "x-ms-gatewayversion": [
          "version=2.14.0"
        ],
        "Server": [
          "Microsoft-HTTPAPI/2.0"
        ],
        "x-ms-ratelimit-remaining-subscription-reads": [
          "11997"
        ],
        "x-ms-request-id": [
          "239a1950-45e8-4280-9b91-441970d25877"
        ],
        "x-ms-correlation-request-id": [
          "239a1950-45e8-4280-9b91-441970d25877"
        ],
        "x-ms-routing-request-id": [
          "WESTUS2:20230308T224413Z:239a1950-45e8-4280-9b91-441970d25877"
        ],
        "X-Content-Type-Options": [
          "nosniff"
        ],
        "Date": [
          "Wed, 08 Mar 2023 22:44:13 GMT"
        ],
        "Content-Length": [
          "409"
        ],
        "Content-Type": [
          "application/json"
        ]
      },
      "ResponseBody": "{\r\n  \"id\": \"/subscriptions/23587e98-b6ac-4328-a753-03bcd3c8e744/resourceGroups/CosmosDBResourceGroup49/providers/Microsoft.DocumentDB/databaseAccounts/cassandra-db2749/cassandraKeyspaces/keyspace1\",\r\n  \"type\": \"Microsoft.DocumentDB/databaseAccounts/cassandraKeyspaces\",\r\n  \"name\": \"keyspace1\",\r\n  \"properties\": {\r\n    \"resource\": {\r\n      \"id\": \"keyspace1\",\r\n      \"_rid\": \"kPU8AA==\",\r\n      \"_etag\": \"\\\"00000c18-0000-0100-0000-64090f630000\\\"\",\r\n      \"_ts\": 1678315363\r\n    }\r\n  }\r\n}",
      "StatusCode": 200
    },
    {
      "RequestUri": "/subscriptions/23587e98-b6ac-4328-a753-03bcd3c8e744/resourceGroups/CosmosDBResourceGroup49/providers/Microsoft.DocumentDB/databaseAccounts/cassandra-db2749/cassandraKeyspaces/keyspace1?api-version=2022-08-15-preview",
      "EncodedRequestUri": "L3N1YnNjcmlwdGlvbnMvMjM1ODdlOTgtYjZhYy00MzI4LWE3NTMtMDNiY2QzYzhlNzQ0L3Jlc291cmNlR3JvdXBzL0Nvc21vc0RCUmVzb3VyY2VHcm91cDQ5L3Byb3ZpZGVycy9NaWNyb3NvZnQuRG9jdW1lbnREQi9kYXRhYmFzZUFjY291bnRzL2Nhc3NhbmRyYS1kYjI3NDkvY2Fzc2FuZHJhS2V5c3BhY2VzL2tleXNwYWNlMT9hcGktdmVyc2lvbj0yMDIyLTA4LTE1LXByZXZpZXc=",
      "RequestMethod": "PUT",
      "RequestHeaders": {
        "x-ms-client-request-id": [
          "7985efca-2b09-4035-b992-f17bebdc4e72"
        ],
        "Accept-Language": [
          "en-US"
        ],
        "User-Agent": [
          "FxVersion/4.700.22.55902",
          "OSName/Windows",
          "OSVersion/Microsoft.Windows.10.0.22621",
          "Microsoft.Azure.Management.CosmosDB.CosmosDBManagementClient/3.9.1.0"
        ],
        "Content-Type": [
          "application/json; charset=utf-8"
        ],
        "Content-Length": [
          "130"
        ]
      },
      "RequestBody": "{\r\n  \"properties\": {\r\n    \"resource\": {\r\n      \"id\": \"keyspace1\"\r\n    },\r\n    \"options\": {\r\n      \"throughput\": 500\r\n    }\r\n  }\r\n}",
      "ResponseHeaders": {
        "Cache-Control": [
          "no-store, no-cache"
        ],
        "Pragma": [
          "no-cache"
        ],
        "Location": [
          "https://management.azure.com/subscriptions/23587e98-b6ac-4328-a753-03bcd3c8e744/resourceGroups/CosmosDBResourceGroup49/providers/Microsoft.DocumentDB/databaseAccounts/cassandra-db2749/cassandraKeyspaces/keyspace1/operationResults/504c6724-9af5-4981-9297-885b067cfd38?api-version=2022-08-15-preview"
        ],
        "Azure-AsyncOperation": [
          "https://management.azure.com/subscriptions/23587e98-b6ac-4328-a753-03bcd3c8e744/providers/Microsoft.DocumentDB/locations/eastus/operationsStatus/504c6724-9af5-4981-9297-885b067cfd38?api-version=2022-08-15-preview"
        ],
        "x-ms-request-id": [
          "504c6724-9af5-4981-9297-885b067cfd38"
        ],
        "Strict-Transport-Security": [
          "max-age=31536000; includeSubDomains"
        ],
        "x-ms-gatewayversion": [
          "version=2.14.0"
        ],
        "Server": [
          "Microsoft-HTTPAPI/2.0"
        ],
        "x-ms-ratelimit-remaining-subscription-writes": [
          "1199"
        ],
        "x-ms-correlation-request-id": [
          "77d70ba8-2559-4c13-96ed-a579057bb746"
        ],
        "x-ms-routing-request-id": [
          "WESTUS:20230308T224235Z:77d70ba8-2559-4c13-96ed-a579057bb746"
        ],
        "X-Content-Type-Options": [
          "nosniff"
        ],
        "Date": [
          "Wed, 08 Mar 2023 22:42:35 GMT"
        ],
        "Content-Length": [
          "21"
        ],
        "Content-Type": [
          "application/json"
        ]
      },
      "ResponseBody": "{\r\n  \"status\": \"Enqueued\"\r\n}",
      "StatusCode": 202
    },
    {
      "RequestUri": "/subscriptions/23587e98-b6ac-4328-a753-03bcd3c8e744/resourceGroups/CosmosDBResourceGroup49/providers/Microsoft.DocumentDB/databaseAccounts/cassandra-db2749/cassandraKeyspaces/keyspace1?api-version=2022-08-15-preview",
      "EncodedRequestUri": "L3N1YnNjcmlwdGlvbnMvMjM1ODdlOTgtYjZhYy00MzI4LWE3NTMtMDNiY2QzYzhlNzQ0L3Jlc291cmNlR3JvdXBzL0Nvc21vc0RCUmVzb3VyY2VHcm91cDQ5L3Byb3ZpZGVycy9NaWNyb3NvZnQuRG9jdW1lbnREQi9kYXRhYmFzZUFjY291bnRzL2Nhc3NhbmRyYS1kYjI3NDkvY2Fzc2FuZHJhS2V5c3BhY2VzL2tleXNwYWNlMT9hcGktdmVyc2lvbj0yMDIyLTA4LTE1LXByZXZpZXc=",
      "RequestMethod": "PUT",
      "RequestHeaders": {
        "x-ms-client-request-id": [
          "b0d73315-55ee-4898-b649-291665e0b500"
        ],
        "Accept-Language": [
          "en-US"
        ],
        "User-Agent": [
          "FxVersion/4.700.22.55902",
          "OSName/Windows",
          "OSVersion/Microsoft.Windows.10.0.22621",
          "Microsoft.Azure.Management.CosmosDB.CosmosDBManagementClient/3.9.1.0"
        ],
        "Content-Type": [
          "application/json; charset=utf-8"
        ],
        "Content-Length": [
          "130"
        ]
      },
      "RequestBody": "{\r\n  \"properties\": {\r\n    \"resource\": {\r\n      \"id\": \"keyspace1\"\r\n    },\r\n    \"options\": {\r\n      \"throughput\": 600\r\n    }\r\n  }\r\n}",
      "ResponseHeaders": {
        "Cache-Control": [
          "no-store, no-cache"
        ],
        "Pragma": [
          "no-cache"
        ],
        "Location": [
          "https://management.azure.com/subscriptions/23587e98-b6ac-4328-a753-03bcd3c8e744/resourceGroups/CosmosDBResourceGroup49/providers/Microsoft.DocumentDB/databaseAccounts/cassandra-db2749/cassandraKeyspaces/keyspace1/operationResults/18b294c8-e186-49f8-93b6-b92a9c871151?api-version=2022-08-15-preview"
        ],
        "Azure-AsyncOperation": [
          "https://management.azure.com/subscriptions/23587e98-b6ac-4328-a753-03bcd3c8e744/providers/Microsoft.DocumentDB/locations/eastus/operationsStatus/18b294c8-e186-49f8-93b6-b92a9c871151?api-version=2022-08-15-preview"
        ],
        "x-ms-request-id": [
          "18b294c8-e186-49f8-93b6-b92a9c871151"
        ],
        "Strict-Transport-Security": [
          "max-age=31536000; includeSubDomains"
        ],
        "x-ms-gatewayversion": [
          "version=2.14.0"
        ],
        "Server": [
          "Microsoft-HTTPAPI/2.0"
        ],
        "x-ms-ratelimit-remaining-subscription-writes": [
          "1199"
        ],
        "x-ms-correlation-request-id": [
          "761863c0-4b11-466c-9d36-eaea3b94c681"
        ],
        "x-ms-routing-request-id": [
          "WESTUS2:20230308T224342Z:761863c0-4b11-466c-9d36-eaea3b94c681"
        ],
        "X-Content-Type-Options": [
          "nosniff"
        ],
        "Date": [
          "Wed, 08 Mar 2023 22:43:41 GMT"
        ],
        "Content-Length": [
          "21"
        ],
        "Content-Type": [
          "application/json"
        ]
      },
      "ResponseBody": "{\r\n  \"status\": \"Enqueued\"\r\n}",
      "StatusCode": 202
    },
    {
      "RequestUri": "/subscriptions/23587e98-b6ac-4328-a753-03bcd3c8e744/providers/Microsoft.DocumentDB/locations/eastus/operationsStatus/504c6724-9af5-4981-9297-885b067cfd38?api-version=2022-08-15-preview",
      "EncodedRequestUri": "L3N1YnNjcmlwdGlvbnMvMjM1ODdlOTgtYjZhYy00MzI4LWE3NTMtMDNiY2QzYzhlNzQ0L3Byb3ZpZGVycy9NaWNyb3NvZnQuRG9jdW1lbnREQi9sb2NhdGlvbnMvZWFzdHVzL29wZXJhdGlvbnNTdGF0dXMvNTA0YzY3MjQtOWFmNS00OTgxLTkyOTctODg1YjA2N2NmZDM4P2FwaS12ZXJzaW9uPTIwMjItMDgtMTUtcHJldmlldw==",
      "RequestMethod": "GET",
      "RequestHeaders": {
        "x-ms-client-request-id": [
          "7985efca-2b09-4035-b992-f17bebdc4e72"
        ],
        "User-Agent": [
          "FxVersion/4.700.22.55902",
          "OSName/Windows",
          "OSVersion/Microsoft.Windows.10.0.22621",
          "Microsoft.Azure.Management.CosmosDB.CosmosDBManagementClient/3.9.1.0"
        ]
      },
      "RequestBody": "",
      "ResponseHeaders": {
        "Cache-Control": [
          "no-store, no-cache"
        ],
        "Pragma": [
          "no-cache"
        ],
        "Strict-Transport-Security": [
          "max-age=31536000; includeSubDomains"
        ],
        "x-ms-gatewayversion": [
          "version=2.14.0"
        ],
        "Server": [
          "Microsoft-HTTPAPI/2.0"
        ],
        "x-ms-ratelimit-remaining-subscription-reads": [
          "11998"
        ],
        "x-ms-request-id": [
          "6f0f611b-c20a-4e08-957e-7b231545b946"
        ],
        "x-ms-correlation-request-id": [
          "6f0f611b-c20a-4e08-957e-7b231545b946"
        ],
        "x-ms-routing-request-id": [
          "WESTUS:20230308T224305Z:6f0f611b-c20a-4e08-957e-7b231545b946"
        ],
        "X-Content-Type-Options": [
          "nosniff"
        ],
        "Date": [
          "Wed, 08 Mar 2023 22:43:05 GMT"
        ],
        "Content-Length": [
          "22"
        ],
        "Content-Type": [
          "application/json"
        ]
      },
      "ResponseBody": "{\r\n  \"status\": \"Succeeded\"\r\n}",
      "StatusCode": 200
    },
    {
      "RequestUri": "/subscriptions/23587e98-b6ac-4328-a753-03bcd3c8e744/resourceGroups/CosmosDBResourceGroup49/providers/Microsoft.DocumentDB/databaseAccounts/cassandra-db2749/cassandraKeyspaces/keyspace1/tables/table?api-version=2022-08-15-preview",
      "EncodedRequestUri": "L3N1YnNjcmlwdGlvbnMvMjM1ODdlOTgtYjZhYy00MzI4LWE3NTMtMDNiY2QzYzhlNzQ0L3Jlc291cmNlR3JvdXBzL0Nvc21vc0RCUmVzb3VyY2VHcm91cDQ5L3Byb3ZpZGVycy9NaWNyb3NvZnQuRG9jdW1lbnREQi9kYXRhYmFzZUFjY291bnRzL2Nhc3NhbmRyYS1kYjI3NDkvY2Fzc2FuZHJhS2V5c3BhY2VzL2tleXNwYWNlMS90YWJsZXMvdGFibGU/YXBpLXZlcnNpb249MjAyMi0wOC0xNS1wcmV2aWV3",
      "RequestMethod": "GET",
      "RequestHeaders": {
        "x-ms-client-request-id": [
          "7c2b3b7e-a568-42ae-ab59-c7cbf35f4f0b"
        ],
        "Accept-Language": [
          "en-US"
        ],
        "User-Agent": [
          "FxVersion/4.700.22.55902",
          "OSName/Windows",
          "OSVersion/Microsoft.Windows.10.0.22621",
          "Microsoft.Azure.Management.CosmosDB.CosmosDBManagementClient/3.9.1.0"
        ]
      },
      "RequestBody": "",
      "ResponseHeaders": {
        "Cache-Control": [
          "no-store, no-cache"
        ],
        "Pragma": [
          "no-cache"
        ],
        "Strict-Transport-Security": [
          "max-age=31536000; includeSubDomains"
        ],
        "x-ms-gatewayversion": [
          "version=2.14.0"
        ],
        "Server": [
          "Microsoft-HTTPAPI/2.0"
        ],
        "x-ms-ratelimit-remaining-subscription-reads": [
          "11999"
        ],
        "x-ms-request-id": [
          "eeaf1662-524b-44b1-9d6e-ca202742ec8f"
        ],
        "x-ms-correlation-request-id": [
          "eeaf1662-524b-44b1-9d6e-ca202742ec8f"
        ],
        "x-ms-routing-request-id": [
          "WESTUS:20230308T224307Z:eeaf1662-524b-44b1-9d6e-ca202742ec8f"
        ],
        "X-Content-Type-Options": [
          "nosniff"
        ],
        "Date": [
          "Wed, 08 Mar 2023 22:43:07 GMT"
        ],
        "Content-Length": [
          "6534"
        ],
        "Content-Type": [
          "application/json"
        ]
      },
      "ResponseBody": "{\r\n  \"code\": \"NotFound\",\r\n  \"message\": \"Message: {\\\"code\\\":\\\"NotFound\\\",\\\"message\\\":\\\"Message: {\\\\\\\"Errors\\\\\\\":[\\\\\\\"Resource Not Found. Learn more: https:\\\\\\\\/\\\\\\\\/aka.ms\\\\\\\\/cosmosdb-tsg-not-found\\\\\\\"]}\\\\r\\\\nActivityId: 7c2b3b7e-a568-42ae-ab59-c7cbf35f4f0b, Request URI: /apps/27468ac2-a8a6-4b1a-9d08-3108423a0e66/services/31b502b1-2b41-4cdd-8edc-3856355eee4c/partitions/1b78f70a-9c27-4743-a42e-52aa6bee1209/replicas/133224072062557714s, RequestStats: \\\\r\\\\nRequestStartTime: 2023-03-08T22:43:07.7488006Z, RequestEndTime: 2023-03-08T22:43:07.7587884Z,  Number of regions attempted:1\\\\r\\\\n{\\\\\\\"systemHistory\\\\\\\":[{\\\\\\\"dateUtc\\\\\\\":\\\\\\\"2023-03-08T22:42:10.6490352Z\\\\\\\",\\\\\\\"cpu\\\\\\\":0.368,\\\\\\\"memory\\\\\\\":652592648.000,\\\\\\\"threadInfo\\\\\\\":{\\\\\\\"isThreadStarving\\\\\\\":\\\\\\\"False\\\\\\\",\\\\\\\"threadWaitIntervalInMs\\\\\\\":0.0153,\\\\\\\"availableThreads\\\\\\\":32763,\\\\\\\"minThreads\\\\\\\":64,\\\\\\\"maxThreads\\\\\\\":32767},\\\\\\\"numberOfOpenTcpConnection\\\\\\\":379},{\\\\\\\"dateUtc\\\\\\\":\\\\\\\"2023-03-08T22:42:20.6589990Z\\\\\\\",\\\\\\\"cpu\\\\\\\":0.802,\\\\\\\"memory\\\\\\\":652398612.000,\\\\\\\"threadInfo\\\\\\\":{\\\\\\\"isThreadStarving\\\\\\\":\\\\\\\"False\\\\\\\",\\\\\\\"threadWaitIntervalInMs\\\\\\\":0.0169,\\\\\\\"availableThreads\\\\\\\":32764,\\\\\\\"minThreads\\\\\\\":64,\\\\\\\"maxThreads\\\\\\\":32767},\\\\\\\"numberOfOpenTcpConnection\\\\\\\":378},{\\\\\\\"dateUtc\\\\\\\":\\\\\\\"2023-03-08T22:42:30.6689707Z\\\\\\\",\\\\\\\"cpu\\\\\\\":0.629,\\\\\\\"memory\\\\\\\":652257768.000,\\\\\\\"threadInfo\\\\\\\":{\\\\\\\"isThreadStarving\\\\\\\":\\\\\\\"False\\\\\\\",\\\\\\\"threadWaitIntervalInMs\\\\\\\":0.0182,\\\\\\\"availableThreads\\\\\\\":32763,\\\\\\\"minThreads\\\\\\\":64,\\\\\\\"maxThreads\\\\\\\":32767},\\\\\\\"numberOfOpenTcpConnection\\\\\\\":378},{\\\\\\\"dateUtc\\\\\\\":\\\\\\\"2023-03-08T22:42:40.6789311Z\\\\\\\",\\\\\\\"cpu\\\\\\\":0.222,\\\\\\\"memory\\\\\\\":652260276.000,\\\\\\\"threadInfo\\\\\\\":{\\\\\\\"isThreadStarving\\\\\\\":\\\\\\\"False\\\\\\\",\\\\\\\"threadWaitIntervalInMs\\\\\\\":0.0181,\\\\\\\"availableThreads\\\\\\\":32763,\\\\\\\"minThreads\\\\\\\":64,\\\\\\\"maxThreads\\\\\\\":32767},\\\\\\\"numberOfOpenTcpConnection\\\\\\\":378},{\\\\\\\"dateUtc\\\\\\\":\\\\\\\"2023-03-08T22:42:50.6888550Z\\\\\\\",\\\\\\\"cpu\\\\\\\":0.444,\\\\\\\"memory\\\\\\\":652245180.000,\\\\\\\"threadInfo\\\\\\\":{\\\\\\\"isThreadStarving\\\\\\\":\\\\\\\"False\\\\\\\",\\\\\\\"threadWaitIntervalInMs\\\\\\\":0.016,\\\\\\\"availableThreads\\\\\\\":32763,\\\\\\\"minThreads\\\\\\\":64,\\\\\\\"maxThreads\\\\\\\":32767},\\\\\\\"numberOfOpenTcpConnection\\\\\\\":378},{\\\\\\\"dateUtc\\\\\\\":\\\\\\\"2023-03-08T22:43:00.6987978Z\\\\\\\",\\\\\\\"cpu\\\\\\\":0.659,\\\\\\\"memory\\\\\\\":652220220.000,\\\\\\\"threadInfo\\\\\\\":{\\\\\\\"isThreadStarving\\\\\\\":\\\\\\\"False\\\\\\\",\\\\\\\"threadWaitIntervalInMs\\\\\\\":0.0239,\\\\\\\"availableThreads\\\\\\\":32763,\\\\\\\"minThreads\\\\\\\":64,\\\\\\\"maxThreads\\\\\\\":32767},\\\\\\\"numberOfOpenTcpConnection\\\\\\\":378}]}\\\\r\\\\nRequestStart: 2023-03-08T22:43:07.7488006Z; ResponseTime: 2023-03-08T22:43:07.7587884Z; StoreResult: StorePhysicalAddress: rntbd://10.0.1.10:11000/apps/27468ac2-a8a6-4b1a-9d08-3108423a0e66/services/31b502b1-2b41-4cdd-8edc-3856355eee4c/partitions/1b78f70a-9c27-4743-a42e-52aa6bee1209/replicas/133224072062557714s, LSN: 8, GlobalCommittedLsn: 8, PartitionKeyRangeId: , IsValid: True, StatusCode: 404, SubStatusCode: 0, RequestCharge: 1, ItemLSN: -1, SessionToken: -1#8, UsingLocalLSN: False, TransportException: null, BELatencyMs: 0.782, ActivityId: 7c2b3b7e-a568-42ae-ab59-c7cbf35f4f0b, RetryAfterInMs: , TransportRequestTimeline: {\\\\\\\"requestTimeline\\\\\\\":[{\\\\\\\"event\\\\\\\": \\\\\\\"Created\\\\\\\", \\\\\\\"startTimeUtc\\\\\\\": \\\\\\\"2023-03-08T22:43:07.7488006Z\\\\\\\", \\\\\\\"durationInMs\\\\\\\": 0.01},{\\\\\\\"event\\\\\\\": \\\\\\\"ChannelAcquisitionStarted\\\\\\\", \\\\\\\"startTimeUtc\\\\\\\": \\\\\\\"2023-03-08T22:43:07.7488106Z\\\\\\\", \\\\\\\"durationInMs\\\\\\\": 0.0033},{\\\\\\\"event\\\\\\\": \\\\\\\"Pipelined\\\\\\\", \\\\\\\"startTimeUtc\\\\\\\": \\\\\\\"2023-03-08T22:43:07.7488139Z\\\\\\\", \\\\\\\"durationInMs\\\\\\\": 0.1212},{\\\\\\\"event\\\\\\\": \\\\\\\"Transit Time\\\\\\\", \\\\\\\"startTimeUtc\\\\\\\": \\\\\\\"2023-03-08T22:43:07.7489351Z\\\\\\\", \\\\\\\"durationInMs\\\\\\\": 1.1147},{\\\\\\\"event\\\\\\\": \\\\\\\"Received\\\\\\\", \\\\\\\"startTimeUtc\\\\\\\": \\\\\\\"2023-03-08T22:43:07.7500498Z\\\\\\\", \\\\\\\"durationInMs\\\\\\\": 0.0697},{\\\\\\\"event\\\\\\\": \\\\\\\"Completed\\\\\\\", \\\\\\\"startTimeUtc\\\\\\\": \\\\\\\"2023-03-08T22:43:07.7501195Z\\\\\\\", \\\\\\\"durationInMs\\\\\\\": 0}],\\\\\\\"serviceEndpointStats\\\\\\\":{\\\\\\\"inflightRequests\\\\\\\":1,\\\\\\\"openConnections\\\\\\\":1},\\\\\\\"connectionStats\\\\\\\":{\\\\\\\"waitforConnectionInit\\\\\\\":\\\\\\\"False\\\\\\\",\\\\\\\"callsPendingReceive\\\\\\\":0,\\\\\\\"lastSendAttempt\\\\\\\":\\\\\\\"2023-03-08T22:43:07.7087899Z\\\\\\\",\\\\\\\"lastSend\\\\\\\":\\\\\\\"2023-03-08T22:43:07.7087899Z\\\\\\\",\\\\\\\"lastReceive\\\\\\\":\\\\\\\"2023-03-08T22:43:07.7087899Z\\\\\\\"},\\\\\\\"requestSizeInBytes\\\\\\\":474,\\\\\\\"responseMetadataSizeInBytes\\\\\\\":134,\\\\\\\"responseBodySizeInBytes\\\\\\\":87};\\\\r\\\\n ResourceType: Collection, OperationType: Read\\\\r\\\\nRequestStart: 2023-03-08T22:43:07.7488006Z; ResponseTime: 2023-03-08T22:43:07.7587884Z; StoreResult: StorePhysicalAddress: rntbd://10.0.1.4:11300/apps/27468ac2-a8a6-4b1a-9d08-3108423a0e66/services/31b502b1-2b41-4cdd-8edc-3856355eee4c/partitions/1b78f70a-9c27-4743-a42e-52aa6bee1209/replicas/133224072062557713s, LSN: 8, GlobalCommittedLsn: 8, PartitionKeyRangeId: , IsValid: True, StatusCode: 404, SubStatusCode: 0, RequestCharge: 1, ItemLSN: -1, SessionToken: -1#8, UsingLocalLSN: False, TransportException: null, BELatencyMs: 1.116, ActivityId: 7c2b3b7e-a568-42ae-ab59-c7cbf35f4f0b, RetryAfterInMs: , TransportRequestTimeline: {\\\\\\\"requestTimeline\\\\\\\":[{\\\\\\\"event\\\\\\\": \\\\\\\"Created\\\\\\\", \\\\\\\"startTimeUtc\\\\\\\": \\\\\\\"2023-03-08T22:43:07.7488006Z\\\\\\\", \\\\\\\"durationInMs\\\\\\\": 0.0036},{\\\\\\\"event\\\\\\\": \\\\\\\"ChannelAcquisitionStarted\\\\\\\", \\\\\\\"startTimeUtc\\\\\\\": \\\\\\\"2023-03-08T22:43:07.7488042Z\\\\\\\", \\\\\\\"durationInMs\\\\\\\": 0.0009},{\\\\\\\"event\\\\\\\": \\\\\\\"Pipelined\\\\\\\", \\\\\\\"startTimeUtc\\\\\\\": \\\\\\\"2023-03-08T22:43:07.7488051Z\\\\\\\", \\\\\\\"durationInMs\\\\\\\": 0.0543},{\\\\\\\"event\\\\\\\": \\\\\\\"Transit Time\\\\\\\", \\\\\\\"startTimeUtc\\\\\\\": \\\\\\\"2023-03-08T22:43:07.7488594Z\\\\\\\", \\\\\\\"durationInMs\\\\\\\": 1.5109},{\\\\\\\"event\\\\\\\": \\\\\\\"Received\\\\\\\", \\\\\\\"startTimeUtc\\\\\\\": \\\\\\\"2023-03-08T22:43:07.7503703Z\\\\\\\", \\\\\\\"durationInMs\\\\\\\": 0.0269},{\\\\\\\"event\\\\\\\": \\\\\\\"Completed\\\\\\\", \\\\\\\"startTimeUtc\\\\\\\": \\\\\\\"2023-03-08T22:43:07.7503972Z\\\\\\\", \\\\\\\"durationInMs\\\\\\\": 0}],\\\\\\\"serviceEndpointStats\\\\\\\":{\\\\\\\"inflightRequests\\\\\\\":1,\\\\\\\"openConnections\\\\\\\":1},\\\\\\\"connectionStats\\\\\\\":{\\\\\\\"waitforConnectionInit\\\\\\\":\\\\\\\"False\\\\\\\",\\\\\\\"callsPendingReceive\\\\\\\":0,\\\\\\\"lastSendAttempt\\\\\\\":\\\\\\\"2023-03-08T22:43:07.7087899Z\\\\\\\",\\\\\\\"lastSend\\\\\\\":\\\\\\\"2023-03-08T22:43:07.7087899Z\\\\\\\",\\\\\\\"lastReceive\\\\\\\":\\\\\\\"2023-03-08T22:43:07.7087899Z\\\\\\\"},\\\\\\\"requestSizeInBytes\\\\\\\":474,\\\\\\\"responseMetadataSizeInBytes\\\\\\\":134,\\\\\\\"responseBodySizeInBytes\\\\\\\":87};\\\\r\\\\n ResourceType: Collection, OperationType: Read\\\\r\\\\n, SDK: Microsoft.Azure.Documents.Common/2.14.0\\\"}, Request URI: /dbs/keyspace1/colls/table, RequestStats: , SDK: Microsoft.Azure.Documents.Common/2.14.0\"\r\n}",
      "StatusCode": 404
    },
    {
      "RequestUri": "/subscriptions/23587e98-b6ac-4328-a753-03bcd3c8e744/resourceGroups/CosmosDBResourceGroup49/providers/Microsoft.DocumentDB/databaseAccounts/cassandra-db2749/cassandraKeyspaces/keyspace1/tables/table?api-version=2022-08-15-preview",
      "EncodedRequestUri": "L3N1YnNjcmlwdGlvbnMvMjM1ODdlOTgtYjZhYy00MzI4LWE3NTMtMDNiY2QzYzhlNzQ0L3Jlc291cmNlR3JvdXBzL0Nvc21vc0RCUmVzb3VyY2VHcm91cDQ5L3Byb3ZpZGVycy9NaWNyb3NvZnQuRG9jdW1lbnREQi9kYXRhYmFzZUFjY291bnRzL2Nhc3NhbmRyYS1kYjI3NDkvY2Fzc2FuZHJhS2V5c3BhY2VzL2tleXNwYWNlMS90YWJsZXMvdGFibGU/YXBpLXZlcnNpb249MjAyMi0wOC0xNS1wcmV2aWV3",
      "RequestMethod": "GET",
      "RequestHeaders": {
        "x-ms-client-request-id": [
          "7c2b3b7e-a568-42ae-ab59-c7cbf35f4f0b"
        ],
        "User-Agent": [
          "FxVersion/4.700.22.55902",
          "OSName/Windows",
          "OSVersion/Microsoft.Windows.10.0.22621",
          "Microsoft.Azure.Management.CosmosDB.CosmosDBManagementClient/3.9.1.0"
        ]
      },
      "RequestBody": "",
      "ResponseHeaders": {
        "Cache-Control": [
          "no-store, no-cache"
        ],
        "Pragma": [
          "no-cache"
        ],
        "Strict-Transport-Security": [
          "max-age=31536000; includeSubDomains"
        ],
        "x-ms-gatewayversion": [
          "version=2.14.0"
        ],
        "Server": [
          "Microsoft-HTTPAPI/2.0"
        ],
        "x-ms-ratelimit-remaining-subscription-reads": [
          "11997"
        ],
        "x-ms-request-id": [
          "6711d3ce-6616-4b26-b7c3-bbab0876ffee"
        ],
        "x-ms-correlation-request-id": [
          "6711d3ce-6616-4b26-b7c3-bbab0876ffee"
        ],
        "x-ms-routing-request-id": [
          "WESTUS:20230308T224338Z:6711d3ce-6616-4b26-b7c3-bbab0876ffee"
        ],
        "X-Content-Type-Options": [
          "nosniff"
        ],
        "Date": [
          "Wed, 08 Mar 2023 22:43:38 GMT"
        ],
        "Content-Length": [
          "617"
        ],
        "Content-Type": [
          "application/json"
        ]
      },
      "ResponseBody": "{\r\n  \"id\": \"/subscriptions/23587e98-b6ac-4328-a753-03bcd3c8e744/resourceGroups/CosmosDBResourceGroup49/providers/Microsoft.DocumentDB/databaseAccounts/cassandra-db2749/cassandraKeyspaces/keyspace1/tables/table\",\r\n  \"type\": \"Microsoft.DocumentDB/databaseAccounts/cassandraKeyspaces/tables\",\r\n  \"name\": \"table\",\r\n  \"properties\": {\r\n    \"resource\": {\r\n      \"id\": \"table\",\r\n      \"_rid\": \"kPU8AOqlXC0=\",\r\n      \"_etag\": \"\\\"00001018-0000-0100-0000-64090f810000\\\"\",\r\n      \"_ts\": 1678315393,\r\n      \"defaultTtl\": 0,\r\n      \"schema\": {\r\n        \"columns\": [\r\n          {\r\n            \"name\": \"ColumnA\",\r\n            \"type\": \"int\"\r\n          },\r\n          {\r\n            \"name\": \"ColumnB\",\r\n            \"type\": \"ascii\"\r\n          }\r\n        ],\r\n        \"partitionKeys\": [\r\n          {\r\n            \"name\": \"ColumnA\"\r\n          }\r\n        ],\r\n        \"clusterKeys\": [\r\n          {\r\n            \"name\": \"ColumnB\",\r\n            \"orderBy\": \"Asc\"\r\n          }\r\n        ]\r\n      }\r\n    }\r\n  }\r\n}",
      "StatusCode": 200
    },
    {
      "RequestUri": "/subscriptions/23587e98-b6ac-4328-a753-03bcd3c8e744/resourceGroups/CosmosDBResourceGroup49/providers/Microsoft.DocumentDB/databaseAccounts/cassandra-db2749/cassandraKeyspaces/keyspace1/tables/table?api-version=2022-08-15-preview",
      "EncodedRequestUri": "L3N1YnNjcmlwdGlvbnMvMjM1ODdlOTgtYjZhYy00MzI4LWE3NTMtMDNiY2QzYzhlNzQ0L3Jlc291cmNlR3JvdXBzL0Nvc21vc0RCUmVzb3VyY2VHcm91cDQ5L3Byb3ZpZGVycy9NaWNyb3NvZnQuRG9jdW1lbnREQi9kYXRhYmFzZUFjY291bnRzL2Nhc3NhbmRyYS1kYjI3NDkvY2Fzc2FuZHJhS2V5c3BhY2VzL2tleXNwYWNlMS90YWJsZXMvdGFibGU/YXBpLXZlcnNpb249MjAyMi0wOC0xNS1wcmV2aWV3",
      "RequestMethod": "GET",
      "RequestHeaders": {
        "x-ms-client-request-id": [
          "0ac515ab-9233-4406-97f0-ae080a9e232a"
        ],
        "Accept-Language": [
          "en-US"
        ],
        "User-Agent": [
          "FxVersion/4.700.22.55902",
          "OSName/Windows",
          "OSVersion/Microsoft.Windows.10.0.22621",
          "Microsoft.Azure.Management.CosmosDB.CosmosDBManagementClient/3.9.1.0"
        ]
      },
      "RequestBody": "",
      "ResponseHeaders": {
        "Cache-Control": [
          "no-store, no-cache"
        ],
        "Pragma": [
          "no-cache"
        ],
        "Strict-Transport-Security": [
          "max-age=31536000; includeSubDomains"
        ],
        "x-ms-gatewayversion": [
          "version=2.14.0"
        ],
        "Server": [
          "Microsoft-HTTPAPI/2.0"
        ],
        "x-ms-ratelimit-remaining-subscription-reads": [
          "11999"
        ],
        "x-ms-request-id": [
          "1b969c5b-8fbf-47aa-9aa1-59db52565ccb"
        ],
        "x-ms-correlation-request-id": [
          "1b969c5b-8fbf-47aa-9aa1-59db52565ccb"
        ],
        "x-ms-routing-request-id": [
          "WESTUS2:20230308T224339Z:1b969c5b-8fbf-47aa-9aa1-59db52565ccb"
        ],
        "X-Content-Type-Options": [
          "nosniff"
        ],
        "Date": [
          "Wed, 08 Mar 2023 22:43:39 GMT"
        ],
        "Content-Length": [
          "617"
        ],
        "Content-Type": [
          "application/json"
        ]
      },
      "ResponseBody": "{\r\n  \"id\": \"/subscriptions/23587e98-b6ac-4328-a753-03bcd3c8e744/resourceGroups/CosmosDBResourceGroup49/providers/Microsoft.DocumentDB/databaseAccounts/cassandra-db2749/cassandraKeyspaces/keyspace1/tables/table\",\r\n  \"type\": \"Microsoft.DocumentDB/databaseAccounts/cassandraKeyspaces/tables\",\r\n  \"name\": \"table\",\r\n  \"properties\": {\r\n    \"resource\": {\r\n      \"id\": \"table\",\r\n      \"_rid\": \"kPU8AOqlXC0=\",\r\n      \"_etag\": \"\\\"00001018-0000-0100-0000-64090f810000\\\"\",\r\n      \"_ts\": 1678315393,\r\n      \"defaultTtl\": 0,\r\n      \"schema\": {\r\n        \"columns\": [\r\n          {\r\n            \"name\": \"ColumnA\",\r\n            \"type\": \"int\"\r\n          },\r\n          {\r\n            \"name\": \"ColumnB\",\r\n            \"type\": \"ascii\"\r\n          }\r\n        ],\r\n        \"partitionKeys\": [\r\n          {\r\n            \"name\": \"ColumnA\"\r\n          }\r\n        ],\r\n        \"clusterKeys\": [\r\n          {\r\n            \"name\": \"ColumnB\",\r\n            \"orderBy\": \"Asc\"\r\n          }\r\n        ]\r\n      }\r\n    }\r\n  }\r\n}",
      "StatusCode": 200
    },
    {
      "RequestUri": "/subscriptions/23587e98-b6ac-4328-a753-03bcd3c8e744/resourceGroups/CosmosDBResourceGroup49/providers/Microsoft.DocumentDB/databaseAccounts/cassandra-db2749/cassandraKeyspaces/keyspace1/tables/table?api-version=2022-08-15-preview",
      "EncodedRequestUri": "L3N1YnNjcmlwdGlvbnMvMjM1ODdlOTgtYjZhYy00MzI4LWE3NTMtMDNiY2QzYzhlNzQ0L3Jlc291cmNlR3JvdXBzL0Nvc21vc0RCUmVzb3VyY2VHcm91cDQ5L3Byb3ZpZGVycy9NaWNyb3NvZnQuRG9jdW1lbnREQi9kYXRhYmFzZUFjY291bnRzL2Nhc3NhbmRyYS1kYjI3NDkvY2Fzc2FuZHJhS2V5c3BhY2VzL2tleXNwYWNlMS90YWJsZXMvdGFibGU/YXBpLXZlcnNpb249MjAyMi0wOC0xNS1wcmV2aWV3",
      "RequestMethod": "GET",
      "RequestHeaders": {
        "x-ms-client-request-id": [
          "55187f95-5fc7-4cbb-9fcb-7661a0b1237e"
        ],
        "Accept-Language": [
          "en-US"
        ],
        "User-Agent": [
          "FxVersion/4.700.22.55902",
          "OSName/Windows",
          "OSVersion/Microsoft.Windows.10.0.22621",
          "Microsoft.Azure.Management.CosmosDB.CosmosDBManagementClient/3.9.1.0"
        ]
      },
      "RequestBody": "",
      "ResponseHeaders": {
        "Cache-Control": [
          "no-store, no-cache"
        ],
        "Pragma": [
          "no-cache"
        ],
        "Strict-Transport-Security": [
          "max-age=31536000; includeSubDomains"
        ],
        "x-ms-gatewayversion": [
          "version=2.14.0"
        ],
        "Server": [
          "Microsoft-HTTPAPI/2.0"
        ],
        "x-ms-ratelimit-remaining-subscription-reads": [
          "11999"
        ],
        "x-ms-request-id": [
          "1735c787-0614-4b09-a5b0-22f7395edf29"
        ],
        "x-ms-correlation-request-id": [
          "1735c787-0614-4b09-a5b0-22f7395edf29"
        ],
        "x-ms-routing-request-id": [
          "WESTUS2:20230308T224340Z:1735c787-0614-4b09-a5b0-22f7395edf29"
        ],
        "X-Content-Type-Options": [
          "nosniff"
        ],
        "Date": [
          "Wed, 08 Mar 2023 22:43:39 GMT"
        ],
        "Content-Length": [
          "617"
        ],
        "Content-Type": [
          "application/json"
        ]
      },
      "ResponseBody": "{\r\n  \"id\": \"/subscriptions/23587e98-b6ac-4328-a753-03bcd3c8e744/resourceGroups/CosmosDBResourceGroup49/providers/Microsoft.DocumentDB/databaseAccounts/cassandra-db2749/cassandraKeyspaces/keyspace1/tables/table\",\r\n  \"type\": \"Microsoft.DocumentDB/databaseAccounts/cassandraKeyspaces/tables\",\r\n  \"name\": \"table\",\r\n  \"properties\": {\r\n    \"resource\": {\r\n      \"id\": \"table\",\r\n      \"_rid\": \"kPU8AOqlXC0=\",\r\n      \"_etag\": \"\\\"00001018-0000-0100-0000-64090f810000\\\"\",\r\n      \"_ts\": 1678315393,\r\n      \"defaultTtl\": 0,\r\n      \"schema\": {\r\n        \"columns\": [\r\n          {\r\n            \"name\": \"ColumnA\",\r\n            \"type\": \"int\"\r\n          },\r\n          {\r\n            \"name\": \"ColumnB\",\r\n            \"type\": \"ascii\"\r\n          }\r\n        ],\r\n        \"partitionKeys\": [\r\n          {\r\n            \"name\": \"ColumnA\"\r\n          }\r\n        ],\r\n        \"clusterKeys\": [\r\n          {\r\n            \"name\": \"ColumnB\",\r\n            \"orderBy\": \"Asc\"\r\n          }\r\n        ]\r\n      }\r\n    }\r\n  }\r\n}",
      "StatusCode": 200
    },
    {
      "RequestUri": "/subscriptions/23587e98-b6ac-4328-a753-03bcd3c8e744/resourceGroups/CosmosDBResourceGroup49/providers/Microsoft.DocumentDB/databaseAccounts/cassandra-db2749/cassandraKeyspaces/keyspace1/tables/table?api-version=2022-08-15-preview",
      "EncodedRequestUri": "L3N1YnNjcmlwdGlvbnMvMjM1ODdlOTgtYjZhYy00MzI4LWE3NTMtMDNiY2QzYzhlNzQ0L3Jlc291cmNlR3JvdXBzL0Nvc21vc0RCUmVzb3VyY2VHcm91cDQ5L3Byb3ZpZGVycy9NaWNyb3NvZnQuRG9jdW1lbnREQi9kYXRhYmFzZUFjY291bnRzL2Nhc3NhbmRyYS1kYjI3NDkvY2Fzc2FuZHJhS2V5c3BhY2VzL2tleXNwYWNlMS90YWJsZXMvdGFibGU/YXBpLXZlcnNpb249MjAyMi0wOC0xNS1wcmV2aWV3",
      "RequestMethod": "GET",
      "RequestHeaders": {
        "x-ms-client-request-id": [
          "46003b9d-a107-42d9-b295-68883cd4ecfd"
        ],
        "Accept-Language": [
          "en-US"
        ],
        "User-Agent": [
          "FxVersion/4.700.22.55902",
          "OSName/Windows",
          "OSVersion/Microsoft.Windows.10.0.22621",
          "Microsoft.Azure.Management.CosmosDB.CosmosDBManagementClient/3.9.1.0"
        ]
      },
      "RequestBody": "",
      "ResponseHeaders": {
        "Cache-Control": [
          "no-store, no-cache"
        ],
        "Pragma": [
          "no-cache"
        ],
        "Strict-Transport-Security": [
          "max-age=31536000; includeSubDomains"
        ],
        "x-ms-gatewayversion": [
          "version=2.14.0"
        ],
        "Server": [
          "Microsoft-HTTPAPI/2.0"
        ],
        "x-ms-ratelimit-remaining-subscription-reads": [
          "11999"
        ],
        "x-ms-request-id": [
          "ab3dd5c0-c104-40ed-a4bc-98acbd08622f"
        ],
        "x-ms-correlation-request-id": [
          "ab3dd5c0-c104-40ed-a4bc-98acbd08622f"
        ],
        "x-ms-routing-request-id": [
          "WESTUS2:20230308T224414Z:ab3dd5c0-c104-40ed-a4bc-98acbd08622f"
        ],
        "X-Content-Type-Options": [
          "nosniff"
        ],
        "Date": [
          "Wed, 08 Mar 2023 22:44:13 GMT"
        ],
        "Content-Length": [
          "617"
        ],
        "Content-Type": [
          "application/json"
        ]
      },
      "ResponseBody": "{\r\n  \"id\": \"/subscriptions/23587e98-b6ac-4328-a753-03bcd3c8e744/resourceGroups/CosmosDBResourceGroup49/providers/Microsoft.DocumentDB/databaseAccounts/cassandra-db2749/cassandraKeyspaces/keyspace1/tables/table\",\r\n  \"type\": \"Microsoft.DocumentDB/databaseAccounts/cassandraKeyspaces/tables\",\r\n  \"name\": \"table\",\r\n  \"properties\": {\r\n    \"resource\": {\r\n      \"id\": \"table\",\r\n      \"_rid\": \"kPU8AOqlXC0=\",\r\n      \"_etag\": \"\\\"00001018-0000-0100-0000-64090f810000\\\"\",\r\n      \"_ts\": 1678315393,\r\n      \"defaultTtl\": 0,\r\n      \"schema\": {\r\n        \"columns\": [\r\n          {\r\n            \"name\": \"ColumnA\",\r\n            \"type\": \"int\"\r\n          },\r\n          {\r\n            \"name\": \"ColumnB\",\r\n            \"type\": \"ascii\"\r\n          }\r\n        ],\r\n        \"partitionKeys\": [\r\n          {\r\n            \"name\": \"ColumnA\"\r\n          }\r\n        ],\r\n        \"clusterKeys\": [\r\n          {\r\n            \"name\": \"ColumnB\",\r\n            \"orderBy\": \"Asc\"\r\n          }\r\n        ]\r\n      }\r\n    }\r\n  }\r\n}",
      "StatusCode": 200
    },
    {
      "RequestUri": "/subscriptions/23587e98-b6ac-4328-a753-03bcd3c8e744/resourceGroups/CosmosDBResourceGroup49/providers/Microsoft.DocumentDB/databaseAccounts/cassandra-db2749/cassandraKeyspaces/keyspace1/tables/table?api-version=2022-08-15-preview",
      "EncodedRequestUri": "L3N1YnNjcmlwdGlvbnMvMjM1ODdlOTgtYjZhYy00MzI4LWE3NTMtMDNiY2QzYzhlNzQ0L3Jlc291cmNlR3JvdXBzL0Nvc21vc0RCUmVzb3VyY2VHcm91cDQ5L3Byb3ZpZGVycy9NaWNyb3NvZnQuRG9jdW1lbnREQi9kYXRhYmFzZUFjY291bnRzL2Nhc3NhbmRyYS1kYjI3NDkvY2Fzc2FuZHJhS2V5c3BhY2VzL2tleXNwYWNlMS90YWJsZXMvdGFibGU/YXBpLXZlcnNpb249MjAyMi0wOC0xNS1wcmV2aWV3",
      "RequestMethod": "GET",
      "RequestHeaders": {
        "x-ms-client-request-id": [
          "46003b9d-a107-42d9-b295-68883cd4ecfd"
        ],
        "User-Agent": [
          "FxVersion/4.700.22.55902",
          "OSName/Windows",
          "OSVersion/Microsoft.Windows.10.0.22621",
          "Microsoft.Azure.Management.CosmosDB.CosmosDBManagementClient/3.9.1.0"
        ]
      },
      "RequestBody": "",
      "ResponseHeaders": {
        "Cache-Control": [
          "no-store, no-cache"
        ],
        "Pragma": [
          "no-cache"
        ],
        "Strict-Transport-Security": [
          "max-age=31536000; includeSubDomains"
        ],
        "x-ms-gatewayversion": [
          "version=2.14.0"
        ],
        "Server": [
          "Microsoft-HTTPAPI/2.0"
        ],
        "x-ms-ratelimit-remaining-subscription-reads": [
          "11997"
        ],
        "x-ms-request-id": [
          "21486a39-3cd7-4554-9121-968edee3f6d7"
        ],
        "x-ms-correlation-request-id": [
          "21486a39-3cd7-4554-9121-968edee3f6d7"
        ],
        "x-ms-routing-request-id": [
          "WESTUS2:20230308T224445Z:21486a39-3cd7-4554-9121-968edee3f6d7"
        ],
        "X-Content-Type-Options": [
          "nosniff"
        ],
        "Date": [
          "Wed, 08 Mar 2023 22:44:45 GMT"
        ],
        "Content-Length": [
          "683"
        ],
        "Content-Type": [
          "application/json"
        ]
      },
      "ResponseBody": "{\r\n  \"id\": \"/subscriptions/23587e98-b6ac-4328-a753-03bcd3c8e744/resourceGroups/CosmosDBResourceGroup49/providers/Microsoft.DocumentDB/databaseAccounts/cassandra-db2749/cassandraKeyspaces/keyspace1/tables/table\",\r\n  \"type\": \"Microsoft.DocumentDB/databaseAccounts/cassandraKeyspaces/tables\",\r\n  \"name\": \"table\",\r\n  \"properties\": {\r\n    \"resource\": {\r\n      \"id\": \"table\",\r\n      \"_rid\": \"kPU8AOqlXC0=\",\r\n      \"_etag\": \"\\\"00001618-0000-0100-0000-64090fc30000\\\"\",\r\n      \"_ts\": 1678315459,\r\n      \"defaultTtl\": 0,\r\n      \"schema\": {\r\n        \"columns\": [\r\n          {\r\n            \"name\": \"ColumnA\",\r\n            \"type\": \"int\"\r\n          },\r\n          {\r\n            \"name\": \"ColumnB\",\r\n            \"type\": \"ascii\"\r\n          },\r\n          {\r\n            \"name\": \"ColumnC\",\r\n            \"type\": \"int\"\r\n          },\r\n          {\r\n            \"name\": \"ColumnD\",\r\n            \"type\": \"ascii\"\r\n          }\r\n        ],\r\n        \"partitionKeys\": [\r\n          {\r\n            \"name\": \"ColumnA\"\r\n          }\r\n        ],\r\n        \"clusterKeys\": [\r\n          {\r\n            \"name\": \"ColumnB\",\r\n            \"orderBy\": \"Asc\"\r\n          }\r\n        ]\r\n      }\r\n    }\r\n  }\r\n}",
      "StatusCode": 200
    },
    {
      "RequestUri": "/subscriptions/23587e98-b6ac-4328-a753-03bcd3c8e744/resourceGroups/CosmosDBResourceGroup49/providers/Microsoft.DocumentDB/databaseAccounts/cassandra-db2749/cassandraKeyspaces/keyspace1/tables/table?api-version=2022-08-15-preview",
      "EncodedRequestUri": "L3N1YnNjcmlwdGlvbnMvMjM1ODdlOTgtYjZhYy00MzI4LWE3NTMtMDNiY2QzYzhlNzQ0L3Jlc291cmNlR3JvdXBzL0Nvc21vc0RCUmVzb3VyY2VHcm91cDQ5L3Byb3ZpZGVycy9NaWNyb3NvZnQuRG9jdW1lbnREQi9kYXRhYmFzZUFjY291bnRzL2Nhc3NhbmRyYS1kYjI3NDkvY2Fzc2FuZHJhS2V5c3BhY2VzL2tleXNwYWNlMS90YWJsZXMvdGFibGU/YXBpLXZlcnNpb249MjAyMi0wOC0xNS1wcmV2aWV3",
      "RequestMethod": "PUT",
      "RequestHeaders": {
        "x-ms-client-request-id": [
          "7c2b3b7e-a568-42ae-ab59-c7cbf35f4f0b"
        ],
        "Accept-Language": [
          "en-US"
        ],
        "User-Agent": [
          "FxVersion/4.700.22.55902",
          "OSName/Windows",
          "OSVersion/Microsoft.Windows.10.0.22621",
          "Microsoft.Azure.Management.CosmosDB.CosmosDBManagementClient/3.9.1.0"
        ],
        "Content-Type": [
          "application/json; charset=utf-8"
        ],
        "Content-Length": [
          "553"
        ]
      },
      "RequestBody": "{\r\n  \"properties\": {\r\n    \"resource\": {\r\n      \"id\": \"table\",\r\n      \"schema\": {\r\n        \"columns\": [\r\n          {\r\n            \"name\": \"ColumnA\",\r\n            \"type\": \"int\"\r\n          },\r\n          {\r\n            \"name\": \"ColumnB\",\r\n            \"type\": \"ascii\"\r\n          }\r\n        ],\r\n        \"partitionKeys\": [\r\n          {\r\n            \"name\": \"ColumnA\"\r\n          }\r\n        ],\r\n        \"clusterKeys\": [\r\n          {\r\n            \"name\": \"ColumnB\",\r\n            \"orderBy\": \"Asc\"\r\n          }\r\n        ]\r\n      }\r\n    },\r\n    \"options\": {}\r\n  }\r\n}",
      "ResponseHeaders": {
        "Cache-Control": [
          "no-store, no-cache"
        ],
        "Pragma": [
          "no-cache"
        ],
        "Location": [
          "https://management.azure.com/subscriptions/23587e98-b6ac-4328-a753-03bcd3c8e744/resourceGroups/CosmosDBResourceGroup49/providers/Microsoft.DocumentDB/databaseAccounts/cassandra-db2749/cassandraKeyspaces/keyspace1/tables/table/operationResults/99a3af25-e2db-4c0a-bb1e-ec9a8972ed56?api-version=2022-08-15-preview"
        ],
        "Azure-AsyncOperation": [
          "https://management.azure.com/subscriptions/23587e98-b6ac-4328-a753-03bcd3c8e744/providers/Microsoft.DocumentDB/locations/eastus/operationsStatus/99a3af25-e2db-4c0a-bb1e-ec9a8972ed56?api-version=2022-08-15-preview"
        ],
        "x-ms-request-id": [
          "99a3af25-e2db-4c0a-bb1e-ec9a8972ed56"
        ],
        "Strict-Transport-Security": [
          "max-age=31536000; includeSubDomains"
        ],
        "x-ms-gatewayversion": [
          "version=2.14.0"
        ],
        "Server": [
          "Microsoft-HTTPAPI/2.0"
        ],
        "x-ms-ratelimit-remaining-subscription-writes": [
          "1199"
        ],
        "x-ms-correlation-request-id": [
          "375613b3-19ca-497f-953a-b547e84bf673"
        ],
        "x-ms-routing-request-id": [
          "WESTUS:20230308T224308Z:375613b3-19ca-497f-953a-b547e84bf673"
        ],
        "X-Content-Type-Options": [
          "nosniff"
        ],
        "Date": [
          "Wed, 08 Mar 2023 22:43:07 GMT"
        ],
        "Content-Length": [
          "21"
        ],
        "Content-Type": [
          "application/json"
        ]
      },
      "ResponseBody": "{\r\n  \"status\": \"Enqueued\"\r\n}",
      "StatusCode": 202
    },
    {
      "RequestUri": "/subscriptions/23587e98-b6ac-4328-a753-03bcd3c8e744/resourceGroups/CosmosDBResourceGroup49/providers/Microsoft.DocumentDB/databaseAccounts/cassandra-db2749/cassandraKeyspaces/keyspace1/tables/table?api-version=2022-08-15-preview",
      "EncodedRequestUri": "L3N1YnNjcmlwdGlvbnMvMjM1ODdlOTgtYjZhYy00MzI4LWE3NTMtMDNiY2QzYzhlNzQ0L3Jlc291cmNlR3JvdXBzL0Nvc21vc0RCUmVzb3VyY2VHcm91cDQ5L3Byb3ZpZGVycy9NaWNyb3NvZnQuRG9jdW1lbnREQi9kYXRhYmFzZUFjY291bnRzL2Nhc3NhbmRyYS1kYjI3NDkvY2Fzc2FuZHJhS2V5c3BhY2VzL2tleXNwYWNlMS90YWJsZXMvdGFibGU/YXBpLXZlcnNpb249MjAyMi0wOC0xNS1wcmV2aWV3",
      "RequestMethod": "PUT",
      "RequestHeaders": {
        "x-ms-client-request-id": [
          "46003b9d-a107-42d9-b295-68883cd4ecfd"
        ],
        "Accept-Language": [
          "en-US"
        ],
        "User-Agent": [
          "FxVersion/4.700.22.55902",
          "OSName/Windows",
          "OSVersion/Microsoft.Windows.10.0.22621",
          "Microsoft.Azure.Management.CosmosDB.CosmosDBManagementClient/3.9.1.0"
        ],
        "Content-Type": [
          "application/json; charset=utf-8"
        ],
        "Content-Length": [
          "751"
        ]
      },
      "RequestBody": "{\r\n  \"properties\": {\r\n    \"resource\": {\r\n      \"id\": \"table\",\r\n      \"defaultTtl\": 0,\r\n      \"schema\": {\r\n        \"columns\": [\r\n          {\r\n            \"name\": \"ColumnA\",\r\n            \"type\": \"int\"\r\n          },\r\n          {\r\n            \"name\": \"ColumnB\",\r\n            \"type\": \"ascii\"\r\n          },\r\n          {\r\n            \"name\": \"ColumnC\",\r\n            \"type\": \"int\"\r\n          },\r\n          {\r\n            \"name\": \"ColumnD\",\r\n            \"type\": \"ascii\"\r\n          }\r\n        ],\r\n        \"partitionKeys\": [\r\n          {\r\n            \"name\": \"ColumnA\"\r\n          }\r\n        ],\r\n        \"clusterKeys\": [\r\n          {\r\n            \"name\": \"ColumnB\",\r\n            \"orderBy\": \"Asc\"\r\n          }\r\n        ]\r\n      }\r\n    },\r\n    \"options\": {}\r\n  }\r\n}",
      "ResponseHeaders": {
        "Cache-Control": [
          "no-store, no-cache"
        ],
        "Pragma": [
          "no-cache"
        ],
        "Location": [
          "https://management.azure.com/subscriptions/23587e98-b6ac-4328-a753-03bcd3c8e744/resourceGroups/CosmosDBResourceGroup49/providers/Microsoft.DocumentDB/databaseAccounts/cassandra-db2749/cassandraKeyspaces/keyspace1/tables/table/operationResults/e7e643e0-3bea-4ba8-9f16-310710c3e8a7?api-version=2022-08-15-preview"
        ],
        "Azure-AsyncOperation": [
          "https://management.azure.com/subscriptions/23587e98-b6ac-4328-a753-03bcd3c8e744/providers/Microsoft.DocumentDB/locations/eastus/operationsStatus/e7e643e0-3bea-4ba8-9f16-310710c3e8a7?api-version=2022-08-15-preview"
        ],
        "x-ms-request-id": [
          "e7e643e0-3bea-4ba8-9f16-310710c3e8a7"
        ],
        "Strict-Transport-Security": [
          "max-age=31536000; includeSubDomains"
        ],
        "x-ms-gatewayversion": [
          "version=2.14.0"
        ],
        "Server": [
          "Microsoft-HTTPAPI/2.0"
        ],
        "x-ms-ratelimit-remaining-subscription-writes": [
          "1199"
        ],
        "x-ms-correlation-request-id": [
          "bd167d22-6072-4aeb-995b-c5631a55370b"
        ],
        "x-ms-routing-request-id": [
          "WESTUS2:20230308T224415Z:bd167d22-6072-4aeb-995b-c5631a55370b"
        ],
        "X-Content-Type-Options": [
          "nosniff"
        ],
        "Date": [
          "Wed, 08 Mar 2023 22:44:14 GMT"
        ],
        "Content-Length": [
          "21"
        ],
        "Content-Type": [
          "application/json"
        ]
      },
      "ResponseBody": "{\r\n  \"status\": \"Enqueued\"\r\n}",
      "StatusCode": 202
    },
    {
      "RequestUri": "/subscriptions/23587e98-b6ac-4328-a753-03bcd3c8e744/providers/Microsoft.DocumentDB/locations/eastus/operationsStatus/99a3af25-e2db-4c0a-bb1e-ec9a8972ed56?api-version=2022-08-15-preview",
      "EncodedRequestUri": "L3N1YnNjcmlwdGlvbnMvMjM1ODdlOTgtYjZhYy00MzI4LWE3NTMtMDNiY2QzYzhlNzQ0L3Byb3ZpZGVycy9NaWNyb3NvZnQuRG9jdW1lbnREQi9sb2NhdGlvbnMvZWFzdHVzL29wZXJhdGlvbnNTdGF0dXMvOTlhM2FmMjUtZTJkYi00YzBhLWJiMWUtZWM5YTg5NzJlZDU2P2FwaS12ZXJzaW9uPTIwMjItMDgtMTUtcHJldmlldw==",
      "RequestMethod": "GET",
      "RequestHeaders": {
        "x-ms-client-request-id": [
          "7c2b3b7e-a568-42ae-ab59-c7cbf35f4f0b"
        ],
        "User-Agent": [
          "FxVersion/4.700.22.55902",
          "OSName/Windows",
          "OSVersion/Microsoft.Windows.10.0.22621",
          "Microsoft.Azure.Management.CosmosDB.CosmosDBManagementClient/3.9.1.0"
        ]
      },
      "RequestBody": "",
      "ResponseHeaders": {
        "Cache-Control": [
          "no-store, no-cache"
        ],
        "Pragma": [
          "no-cache"
        ],
        "Strict-Transport-Security": [
          "max-age=31536000; includeSubDomains"
        ],
        "x-ms-gatewayversion": [
          "version=2.14.0"
        ],
        "Server": [
          "Microsoft-HTTPAPI/2.0"
        ],
        "x-ms-ratelimit-remaining-subscription-reads": [
          "11998"
        ],
        "x-ms-request-id": [
          "53f3d06a-49f1-421a-ad7b-b874e3f5744d"
        ],
        "x-ms-correlation-request-id": [
          "53f3d06a-49f1-421a-ad7b-b874e3f5744d"
        ],
        "x-ms-routing-request-id": [
          "WESTUS:20230308T224338Z:53f3d06a-49f1-421a-ad7b-b874e3f5744d"
        ],
        "X-Content-Type-Options": [
          "nosniff"
        ],
        "Date": [
          "Wed, 08 Mar 2023 22:43:37 GMT"
        ],
        "Content-Length": [
          "22"
        ],
        "Content-Type": [
          "application/json"
        ]
      },
      "ResponseBody": "{\r\n  \"status\": \"Succeeded\"\r\n}",
      "StatusCode": 200
    },
    {
      "RequestUri": "/subscriptions/23587e98-b6ac-4328-a753-03bcd3c8e744/resourceGroups/CosmosDBResourceGroup49/providers/Microsoft.DocumentDB/databaseAccounts/cassandra-db2749/cassandraKeyspaces/keyspace2?api-version=2022-08-15-preview",
      "EncodedRequestUri": "L3N1YnNjcmlwdGlvbnMvMjM1ODdlOTgtYjZhYy00MzI4LWE3NTMtMDNiY2QzYzhlNzQ0L3Jlc291cmNlR3JvdXBzL0Nvc21vc0RCUmVzb3VyY2VHcm91cDQ5L3Byb3ZpZGVycy9NaWNyb3NvZnQuRG9jdW1lbnREQi9kYXRhYmFzZUFjY291bnRzL2Nhc3NhbmRyYS1kYjI3NDkvY2Fzc2FuZHJhS2V5c3BhY2VzL2tleXNwYWNlMj9hcGktdmVyc2lvbj0yMDIyLTA4LTE1LXByZXZpZXc=",
      "RequestMethod": "GET",
      "RequestHeaders": {
        "x-ms-client-request-id": [
          "d0d793d7-68e2-49eb-bff0-1514932f4d38"
        ],
        "Accept-Language": [
          "en-US"
        ],
        "User-Agent": [
          "FxVersion/4.700.22.55902",
          "OSName/Windows",
          "OSVersion/Microsoft.Windows.10.0.22621",
          "Microsoft.Azure.Management.CosmosDB.CosmosDBManagementClient/3.9.1.0"
        ]
      },
      "RequestBody": "",
      "ResponseHeaders": {
        "Cache-Control": [
          "no-store, no-cache"
        ],
        "Pragma": [
          "no-cache"
        ],
        "Strict-Transport-Security": [
          "max-age=31536000; includeSubDomains"
        ],
        "x-ms-gatewayversion": [
          "version=2.14.0"
        ],
        "Server": [
          "Microsoft-HTTPAPI/2.0"
        ],
        "x-ms-ratelimit-remaining-subscription-reads": [
          "11999"
        ],
        "x-ms-request-id": [
          "ee31db17-875e-43e1-945e-f3a8d0b32a60"
        ],
        "x-ms-correlation-request-id": [
          "ee31db17-875e-43e1-945e-f3a8d0b32a60"
        ],
        "x-ms-routing-request-id": [
          "WESTUS2:20230308T224341Z:ee31db17-875e-43e1-945e-f3a8d0b32a60"
        ],
        "X-Content-Type-Options": [
          "nosniff"
        ],
        "Date": [
          "Wed, 08 Mar 2023 22:43:41 GMT"
        ],
        "Content-Length": [
          "6516"
        ],
        "Content-Type": [
          "application/json"
        ]
      },
      "ResponseBody": "{\r\n  \"code\": \"NotFound\",\r\n  \"message\": \"Message: {\\\"code\\\":\\\"NotFound\\\",\\\"message\\\":\\\"Message: {\\\\\\\"Errors\\\\\\\":[\\\\\\\"Resource Not Found. Learn more: https:\\\\\\\\/\\\\\\\\/aka.ms\\\\\\\\/cosmosdb-tsg-not-found\\\\\\\"]}\\\\r\\\\nActivityId: d0d793d7-68e2-49eb-bff0-1514932f4d38, Request URI: /apps/27468ac2-a8a6-4b1a-9d08-3108423a0e66/services/31b502b1-2b41-4cdd-8edc-3856355eee4c/partitions/1b78f70a-9c27-4743-a42e-52aa6bee1209/replicas/133224072062557713s, RequestStats: \\\\r\\\\nRequestStartTime: 2023-03-08T22:43:41.3124693Z, RequestEndTime: 2023-03-08T22:43:41.3124693Z,  Number of regions attempted:1\\\\r\\\\n{\\\\\\\"systemHistory\\\\\\\":[{\\\\\\\"dateUtc\\\\\\\":\\\\\\\"2023-03-08T22:42:41.3025729Z\\\\\\\",\\\\\\\"cpu\\\\\\\":0.364,\\\\\\\"memory\\\\\\\":654847764.000,\\\\\\\"threadInfo\\\\\\\":{\\\\\\\"isThreadStarving\\\\\\\":\\\\\\\"False\\\\\\\",\\\\\\\"threadWaitIntervalInMs\\\\\\\":0.0189,\\\\\\\"availableThreads\\\\\\\":32764,\\\\\\\"minThreads\\\\\\\":64,\\\\\\\"maxThreads\\\\\\\":32767},\\\\\\\"numberOfOpenTcpConnection\\\\\\\":390},{\\\\\\\"dateUtc\\\\\\\":\\\\\\\"2023-03-08T22:42:51.3125620Z\\\\\\\",\\\\\\\"cpu\\\\\\\":0.656,\\\\\\\"memory\\\\\\\":654850160.000,\\\\\\\"threadInfo\\\\\\\":{\\\\\\\"isThreadStarving\\\\\\\":\\\\\\\"False\\\\\\\",\\\\\\\"threadWaitIntervalInMs\\\\\\\":0.0167,\\\\\\\"availableThreads\\\\\\\":32764,\\\\\\\"minThreads\\\\\\\":64,\\\\\\\"maxThreads\\\\\\\":32767},\\\\\\\"numberOfOpenTcpConnection\\\\\\\":390},{\\\\\\\"dateUtc\\\\\\\":\\\\\\\"2023-03-08T22:43:01.3225562Z\\\\\\\",\\\\\\\"cpu\\\\\\\":0.315,\\\\\\\"memory\\\\\\\":654815564.000,\\\\\\\"threadInfo\\\\\\\":{\\\\\\\"isThreadStarving\\\\\\\":\\\\\\\"False\\\\\\\",\\\\\\\"threadWaitIntervalInMs\\\\\\\":0.0181,\\\\\\\"availableThreads\\\\\\\":32763,\\\\\\\"minThreads\\\\\\\":64,\\\\\\\"maxThreads\\\\\\\":32767},\\\\\\\"numberOfOpenTcpConnection\\\\\\\":390},{\\\\\\\"dateUtc\\\\\\\":\\\\\\\"2023-03-08T22:43:11.3325376Z\\\\\\\",\\\\\\\"cpu\\\\\\\":0.394,\\\\\\\"memory\\\\\\\":654827316.000,\\\\\\\"threadInfo\\\\\\\":{\\\\\\\"isThreadStarving\\\\\\\":\\\\\\\"False\\\\\\\",\\\\\\\"threadWaitIntervalInMs\\\\\\\":0.0165,\\\\\\\"availableThreads\\\\\\\":32760,\\\\\\\"minThreads\\\\\\\":64,\\\\\\\"maxThreads\\\\\\\":32767},\\\\\\\"numberOfOpenTcpConnection\\\\\\\":390},{\\\\\\\"dateUtc\\\\\\\":\\\\\\\"2023-03-08T22:43:21.3425392Z\\\\\\\",\\\\\\\"cpu\\\\\\\":0.603,\\\\\\\"memory\\\\\\\":654790812.000,\\\\\\\"threadInfo\\\\\\\":{\\\\\\\"isThreadStarving\\\\\\\":\\\\\\\"False\\\\\\\",\\\\\\\"threadWaitIntervalInMs\\\\\\\":0.0114,\\\\\\\"availableThreads\\\\\\\":32763,\\\\\\\"minThreads\\\\\\\":64,\\\\\\\"maxThreads\\\\\\\":32767},\\\\\\\"numberOfOpenTcpConnection\\\\\\\":390},{\\\\\\\"dateUtc\\\\\\\":\\\\\\\"2023-03-08T22:43:31.3525214Z\\\\\\\",\\\\\\\"cpu\\\\\\\":0.432,\\\\\\\"memory\\\\\\\":654785444.000,\\\\\\\"threadInfo\\\\\\\":{\\\\\\\"isThreadStarving\\\\\\\":\\\\\\\"False\\\\\\\",\\\\\\\"threadWaitIntervalInMs\\\\\\\":0.02,\\\\\\\"availableThreads\\\\\\\":32763,\\\\\\\"minThreads\\\\\\\":64,\\\\\\\"maxThreads\\\\\\\":32767},\\\\\\\"numberOfOpenTcpConnection\\\\\\\":390}]}\\\\r\\\\nRequestStart: 2023-03-08T22:43:41.3124693Z; ResponseTime: 2023-03-08T22:43:41.3124693Z; StoreResult: StorePhysicalAddress: rntbd://10.0.1.4:11300/apps/27468ac2-a8a6-4b1a-9d08-3108423a0e66/services/31b502b1-2b41-4cdd-8edc-3856355eee4c/partitions/1b78f70a-9c27-4743-a42e-52aa6bee1209/replicas/133224072062557713s, LSN: 9, GlobalCommittedLsn: 9, PartitionKeyRangeId: , IsValid: True, StatusCode: 404, SubStatusCode: 0, RequestCharge: 1, ItemLSN: -1, SessionToken: -1#9, UsingLocalLSN: False, TransportException: null, BELatencyMs: 0.211, ActivityId: d0d793d7-68e2-49eb-bff0-1514932f4d38, RetryAfterInMs: , TransportRequestTimeline: {\\\\\\\"requestTimeline\\\\\\\":[{\\\\\\\"event\\\\\\\": \\\\\\\"Created\\\\\\\", \\\\\\\"startTimeUtc\\\\\\\": \\\\\\\"2023-03-08T22:43:41.3124693Z\\\\\\\", \\\\\\\"durationInMs\\\\\\\": 0.0066},{\\\\\\\"event\\\\\\\": \\\\\\\"ChannelAcquisitionStarted\\\\\\\", \\\\\\\"startTimeUtc\\\\\\\": \\\\\\\"2023-03-08T22:43:41.3124759Z\\\\\\\", \\\\\\\"durationInMs\\\\\\\": 0.009},{\\\\\\\"event\\\\\\\": \\\\\\\"Pipelined\\\\\\\", \\\\\\\"startTimeUtc\\\\\\\": \\\\\\\"2023-03-08T22:43:41.3124849Z\\\\\\\", \\\\\\\"durationInMs\\\\\\\": 0.0916},{\\\\\\\"event\\\\\\\": \\\\\\\"Transit Time\\\\\\\", \\\\\\\"startTimeUtc\\\\\\\": \\\\\\\"2023-03-08T22:43:41.3125765Z\\\\\\\", \\\\\\\"durationInMs\\\\\\\": 0.4344},{\\\\\\\"event\\\\\\\": \\\\\\\"Received\\\\\\\", \\\\\\\"startTimeUtc\\\\\\\": \\\\\\\"2023-03-08T22:43:41.3130109Z\\\\\\\", \\\\\\\"durationInMs\\\\\\\": 0.077},{\\\\\\\"event\\\\\\\": \\\\\\\"Completed\\\\\\\", \\\\\\\"startTimeUtc\\\\\\\": \\\\\\\"2023-03-08T22:43:41.3130879Z\\\\\\\", \\\\\\\"durationInMs\\\\\\\": 0}],\\\\\\\"serviceEndpointStats\\\\\\\":{\\\\\\\"inflightRequests\\\\\\\":1,\\\\\\\"openConnections\\\\\\\":1},\\\\\\\"connectionStats\\\\\\\":{\\\\\\\"waitforConnectionInit\\\\\\\":\\\\\\\"False\\\\\\\",\\\\\\\"callsPendingReceive\\\\\\\":0,\\\\\\\"lastSendAttempt\\\\\\\":\\\\\\\"2023-03-08T22:43:38.6824736Z\\\\\\\",\\\\\\\"lastSend\\\\\\\":\\\\\\\"2023-03-08T22:43:38.6824736Z\\\\\\\",\\\\\\\"lastReceive\\\\\\\":\\\\\\\"2023-03-08T22:43:38.7124732Z\\\\\\\"},\\\\\\\"requestSizeInBytes\\\\\\\":456,\\\\\\\"responseMetadataSizeInBytes\\\\\\\":134,\\\\\\\"responseBodySizeInBytes\\\\\\\":87};\\\\r\\\\n ResourceType: Database, OperationType: Read\\\\r\\\\nRequestStart: 2023-03-08T22:43:41.3124693Z; ResponseTime: 2023-03-08T22:43:41.3124693Z; StoreResult: StorePhysicalAddress: rntbd://10.0.1.8:11000/apps/27468ac2-a8a6-4b1a-9d08-3108423a0e66/services/31b502b1-2b41-4cdd-8edc-3856355eee4c/partitions/1b78f70a-9c27-4743-a42e-52aa6bee1209/replicas/133224072062557712s, LSN: 9, GlobalCommittedLsn: 9, PartitionKeyRangeId: , IsValid: True, StatusCode: 404, SubStatusCode: 0, RequestCharge: 1, ItemLSN: -1, SessionToken: -1#9, UsingLocalLSN: False, TransportException: null, BELatencyMs: 0.217, ActivityId: d0d793d7-68e2-49eb-bff0-1514932f4d38, RetryAfterInMs: , TransportRequestTimeline: {\\\\\\\"requestTimeline\\\\\\\":[{\\\\\\\"event\\\\\\\": \\\\\\\"Created\\\\\\\", \\\\\\\"startTimeUtc\\\\\\\": \\\\\\\"2023-03-08T22:43:41.3124693Z\\\\\\\", \\\\\\\"durationInMs\\\\\\\": 0.0028},{\\\\\\\"event\\\\\\\": \\\\\\\"ChannelAcquisitionStarted\\\\\\\", \\\\\\\"startTimeUtc\\\\\\\": \\\\\\\"2023-03-08T22:43:41.3124721Z\\\\\\\", \\\\\\\"durationInMs\\\\\\\": 0.0013},{\\\\\\\"event\\\\\\\": \\\\\\\"Pipelined\\\\\\\", \\\\\\\"startTimeUtc\\\\\\\": \\\\\\\"2023-03-08T22:43:41.3124734Z\\\\\\\", \\\\\\\"durationInMs\\\\\\\": 0.0505},{\\\\\\\"event\\\\\\\": \\\\\\\"Transit Time\\\\\\\", \\\\\\\"startTimeUtc\\\\\\\": \\\\\\\"2023-03-08T22:43:41.3125239Z\\\\\\\", \\\\\\\"durationInMs\\\\\\\": 0.4305},{\\\\\\\"event\\\\\\\": \\\\\\\"Received\\\\\\\", \\\\\\\"startTimeUtc\\\\\\\": \\\\\\\"2023-03-08T22:43:41.3129544Z\\\\\\\", \\\\\\\"durationInMs\\\\\\\": 0.0472},{\\\\\\\"event\\\\\\\": \\\\\\\"Completed\\\\\\\", \\\\\\\"startTimeUtc\\\\\\\": \\\\\\\"2023-03-08T22:43:41.3130016Z\\\\\\\", \\\\\\\"durationInMs\\\\\\\": 0}],\\\\\\\"serviceEndpointStats\\\\\\\":{\\\\\\\"inflightRequests\\\\\\\":1,\\\\\\\"openConnections\\\\\\\":1},\\\\\\\"connectionStats\\\\\\\":{\\\\\\\"waitforConnectionInit\\\\\\\":\\\\\\\"False\\\\\\\",\\\\\\\"callsPendingReceive\\\\\\\":0,\\\\\\\"lastSendAttempt\\\\\\\":\\\\\\\"2023-03-08T22:43:41.2724679Z\\\\\\\",\\\\\\\"lastSend\\\\\\\":\\\\\\\"2023-03-08T22:43:41.2724679Z\\\\\\\",\\\\\\\"lastReceive\\\\\\\":\\\\\\\"2023-03-08T22:43:41.2724679Z\\\\\\\"},\\\\\\\"requestSizeInBytes\\\\\\\":456,\\\\\\\"responseMetadataSizeInBytes\\\\\\\":134,\\\\\\\"responseBodySizeInBytes\\\\\\\":87};\\\\r\\\\n ResourceType: Database, OperationType: Read\\\\r\\\\n, SDK: Microsoft.Azure.Documents.Common/2.14.0\\\"}, Request URI: /dbs/keyspace2, RequestStats: , SDK: Microsoft.Azure.Documents.Common/2.14.0\"\r\n}",
      "StatusCode": 404
    },
    {
      "RequestUri": "/subscriptions/23587e98-b6ac-4328-a753-03bcd3c8e744/resourceGroups/CosmosDBResourceGroup49/providers/Microsoft.DocumentDB/databaseAccounts/cassandra-db2749/cassandraKeyspaces/keyspace1/tables/table2?api-version=2022-08-15-preview",
      "EncodedRequestUri": "L3N1YnNjcmlwdGlvbnMvMjM1ODdlOTgtYjZhYy00MzI4LWE3NTMtMDNiY2QzYzhlNzQ0L3Jlc291cmNlR3JvdXBzL0Nvc21vc0RCUmVzb3VyY2VHcm91cDQ5L3Byb3ZpZGVycy9NaWNyb3NvZnQuRG9jdW1lbnREQi9kYXRhYmFzZUFjY291bnRzL2Nhc3NhbmRyYS1kYjI3NDkvY2Fzc2FuZHJhS2V5c3BhY2VzL2tleXNwYWNlMS90YWJsZXMvdGFibGUyP2FwaS12ZXJzaW9uPTIwMjItMDgtMTUtcHJldmlldw==",
      "RequestMethod": "GET",
      "RequestHeaders": {
        "x-ms-client-request-id": [
          "61f6af33-552f-421a-a813-6f7954731d4c"
        ],
        "Accept-Language": [
          "en-US"
        ],
        "User-Agent": [
          "FxVersion/4.700.22.55902",
          "OSName/Windows",
          "OSVersion/Microsoft.Windows.10.0.22621",
          "Microsoft.Azure.Management.CosmosDB.CosmosDBManagementClient/3.9.1.0"
        ]
      },
      "RequestBody": "",
      "ResponseHeaders": {
        "Cache-Control": [
          "no-store, no-cache"
        ],
        "Pragma": [
          "no-cache"
        ],
        "Strict-Transport-Security": [
          "max-age=31536000; includeSubDomains"
        ],
        "x-ms-gatewayversion": [
          "version=2.14.0"
        ],
        "Server": [
          "Microsoft-HTTPAPI/2.0"
        ],
        "x-ms-ratelimit-remaining-subscription-reads": [
          "11999"
        ],
        "x-ms-request-id": [
          "3e99ebc1-75d1-43e8-a77b-06895a266759"
        ],
        "x-ms-correlation-request-id": [
          "3e99ebc1-75d1-43e8-a77b-06895a266759"
        ],
        "x-ms-routing-request-id": [
          "WESTUS2:20230308T224342Z:3e99ebc1-75d1-43e8-a77b-06895a266759"
        ],
        "X-Content-Type-Options": [
          "nosniff"
        ],
        "Date": [
          "Wed, 08 Mar 2023 22:43:42 GMT"
        ],
        "Content-Length": [
          "6537"
        ],
        "Content-Type": [
          "application/json"
        ]
      },
      "ResponseBody": "{\r\n  \"code\": \"NotFound\",\r\n  \"message\": \"Message: {\\\"code\\\":\\\"NotFound\\\",\\\"message\\\":\\\"Message: {\\\\\\\"Errors\\\\\\\":[\\\\\\\"Resource Not Found. Learn more: https:\\\\\\\\/\\\\\\\\/aka.ms\\\\\\\\/cosmosdb-tsg-not-found\\\\\\\"]}\\\\r\\\\nActivityId: 61f6af33-552f-421a-a813-6f7954731d4c, Request URI: /apps/27468ac2-a8a6-4b1a-9d08-3108423a0e66/services/31b502b1-2b41-4cdd-8edc-3856355eee4c/partitions/1b78f70a-9c27-4743-a42e-52aa6bee1209/replicas/133224072062557714s, RequestStats: \\\\r\\\\nRequestStartTime: 2023-03-08T22:43:41.9733714Z, RequestEndTime: 2023-03-08T22:43:41.9833635Z,  Number of regions attempted:1\\\\r\\\\n{\\\\\\\"systemHistory\\\\\\\":[{\\\\\\\"dateUtc\\\\\\\":\\\\\\\"2023-03-08T22:42:34.9836534Z\\\\\\\",\\\\\\\"cpu\\\\\\\":0.313,\\\\\\\"memory\\\\\\\":649944904.000,\\\\\\\"threadInfo\\\\\\\":{\\\\\\\"isThreadStarving\\\\\\\":\\\\\\\"False\\\\\\\",\\\\\\\"threadWaitIntervalInMs\\\\\\\":0.0314,\\\\\\\"availableThreads\\\\\\\":32761,\\\\\\\"minThreads\\\\\\\":64,\\\\\\\"maxThreads\\\\\\\":32767},\\\\\\\"numberOfOpenTcpConnection\\\\\\\":369},{\\\\\\\"dateUtc\\\\\\\":\\\\\\\"2023-03-08T22:42:44.9935989Z\\\\\\\",\\\\\\\"cpu\\\\\\\":1.590,\\\\\\\"memory\\\\\\\":649796100.000,\\\\\\\"threadInfo\\\\\\\":{\\\\\\\"isThreadStarving\\\\\\\":\\\\\\\"False\\\\\\\",\\\\\\\"threadWaitIntervalInMs\\\\\\\":0.0594,\\\\\\\"availableThreads\\\\\\\":32763,\\\\\\\"minThreads\\\\\\\":64,\\\\\\\"maxThreads\\\\\\\":32767},\\\\\\\"numberOfOpenTcpConnection\\\\\\\":370},{\\\\\\\"dateUtc\\\\\\\":\\\\\\\"2023-03-08T22:42:55.0035515Z\\\\\\\",\\\\\\\"cpu\\\\\\\":0.222,\\\\\\\"memory\\\\\\\":649797300.000,\\\\\\\"threadInfo\\\\\\\":{\\\\\\\"isThreadStarving\\\\\\\":\\\\\\\"False\\\\\\\",\\\\\\\"threadWaitIntervalInMs\\\\\\\":0.0125,\\\\\\\"availableThreads\\\\\\\":32763,\\\\\\\"minThreads\\\\\\\":64,\\\\\\\"maxThreads\\\\\\\":32767},\\\\\\\"numberOfOpenTcpConnection\\\\\\\":369},{\\\\\\\"dateUtc\\\\\\\":\\\\\\\"2023-03-08T22:43:05.0135215Z\\\\\\\",\\\\\\\"cpu\\\\\\\":0.389,\\\\\\\"memory\\\\\\\":649794132.000,\\\\\\\"threadInfo\\\\\\\":{\\\\\\\"isThreadStarving\\\\\\\":\\\\\\\"False\\\\\\\",\\\\\\\"threadWaitIntervalInMs\\\\\\\":0.064,\\\\\\\"availableThreads\\\\\\\":32764,\\\\\\\"minThreads\\\\\\\":64,\\\\\\\"maxThreads\\\\\\\":32767},\\\\\\\"numberOfOpenTcpConnection\\\\\\\":369},{\\\\\\\"dateUtc\\\\\\\":\\\\\\\"2023-03-08T22:43:15.0234687Z\\\\\\\",\\\\\\\"cpu\\\\\\\":0.280,\\\\\\\"memory\\\\\\\":649745708.000,\\\\\\\"threadInfo\\\\\\\":{\\\\\\\"isThreadStarving\\\\\\\":\\\\\\\"False\\\\\\\",\\\\\\\"threadWaitIntervalInMs\\\\\\\":0.0149,\\\\\\\"availableThreads\\\\\\\":32762,\\\\\\\"minThreads\\\\\\\":64,\\\\\\\"maxThreads\\\\\\\":32767},\\\\\\\"numberOfOpenTcpConnection\\\\\\\":371},{\\\\\\\"dateUtc\\\\\\\":\\\\\\\"2023-03-08T22:43:25.0334146Z\\\\\\\",\\\\\\\"cpu\\\\\\\":0.400,\\\\\\\"memory\\\\\\\":649733212.000,\\\\\\\"threadInfo\\\\\\\":{\\\\\\\"isThreadStarving\\\\\\\":\\\\\\\"False\\\\\\\",\\\\\\\"threadWaitIntervalInMs\\\\\\\":0.0128,\\\\\\\"availableThreads\\\\\\\":32764,\\\\\\\"minThreads\\\\\\\":64,\\\\\\\"maxThreads\\\\\\\":32767},\\\\\\\"numberOfOpenTcpConnection\\\\\\\":368}]}\\\\r\\\\nRequestStart: 2023-03-08T22:43:41.9733714Z; ResponseTime: 2023-03-08T22:43:41.9833635Z; StoreResult: StorePhysicalAddress: rntbd://10.0.1.10:11000/apps/27468ac2-a8a6-4b1a-9d08-3108423a0e66/services/31b502b1-2b41-4cdd-8edc-3856355eee4c/partitions/1b78f70a-9c27-4743-a42e-52aa6bee1209/replicas/133224072062557714s, LSN: 9, GlobalCommittedLsn: 9, PartitionKeyRangeId: , IsValid: True, StatusCode: 404, SubStatusCode: 0, RequestCharge: 1, ItemLSN: -1, SessionToken: -1#9, UsingLocalLSN: False, TransportException: null, BELatencyMs: 0.224, ActivityId: 61f6af33-552f-421a-a813-6f7954731d4c, RetryAfterInMs: , TransportRequestTimeline: {\\\\\\\"requestTimeline\\\\\\\":[{\\\\\\\"event\\\\\\\": \\\\\\\"Created\\\\\\\", \\\\\\\"startTimeUtc\\\\\\\": \\\\\\\"2023-03-08T22:43:41.9733714Z\\\\\\\", \\\\\\\"durationInMs\\\\\\\": 0.0143},{\\\\\\\"event\\\\\\\": \\\\\\\"ChannelAcquisitionStarted\\\\\\\", \\\\\\\"startTimeUtc\\\\\\\": \\\\\\\"2023-03-08T22:43:41.9733857Z\\\\\\\", \\\\\\\"durationInMs\\\\\\\": 0.0023},{\\\\\\\"event\\\\\\\": \\\\\\\"Pipelined\\\\\\\", \\\\\\\"startTimeUtc\\\\\\\": \\\\\\\"2023-03-08T22:43:41.9733880Z\\\\\\\", \\\\\\\"durationInMs\\\\\\\": 0.0888},{\\\\\\\"event\\\\\\\": \\\\\\\"Transit Time\\\\\\\", \\\\\\\"startTimeUtc\\\\\\\": \\\\\\\"2023-03-08T22:43:41.9734768Z\\\\\\\", \\\\\\\"durationInMs\\\\\\\": 0.5795},{\\\\\\\"event\\\\\\\": \\\\\\\"Received\\\\\\\", \\\\\\\"startTimeUtc\\\\\\\": \\\\\\\"2023-03-08T22:43:41.9740563Z\\\\\\\", \\\\\\\"durationInMs\\\\\\\": 0.0758},{\\\\\\\"event\\\\\\\": \\\\\\\"Completed\\\\\\\", \\\\\\\"startTimeUtc\\\\\\\": \\\\\\\"2023-03-08T22:43:41.9741321Z\\\\\\\", \\\\\\\"durationInMs\\\\\\\": 0}],\\\\\\\"serviceEndpointStats\\\\\\\":{\\\\\\\"inflightRequests\\\\\\\":1,\\\\\\\"openConnections\\\\\\\":1},\\\\\\\"connectionStats\\\\\\\":{\\\\\\\"waitforConnectionInit\\\\\\\":\\\\\\\"False\\\\\\\",\\\\\\\"callsPendingReceive\\\\\\\":0,\\\\\\\"lastSendAttempt\\\\\\\":\\\\\\\"2023-03-08T22:43:41.8433648Z\\\\\\\",\\\\\\\"lastSend\\\\\\\":\\\\\\\"2023-03-08T22:43:41.8433648Z\\\\\\\",\\\\\\\"lastReceive\\\\\\\":\\\\\\\"2023-03-08T22:43:41.8433648Z\\\\\\\"},\\\\\\\"requestSizeInBytes\\\\\\\":483,\\\\\\\"responseMetadataSizeInBytes\\\\\\\":134,\\\\\\\"responseBodySizeInBytes\\\\\\\":87};\\\\r\\\\n ResourceType: Collection, OperationType: Read\\\\r\\\\nRequestStart: 2023-03-08T22:43:41.9733714Z; ResponseTime: 2023-03-08T22:43:41.9833635Z; StoreResult: StorePhysicalAddress: rntbd://10.0.1.8:11000/apps/27468ac2-a8a6-4b1a-9d08-3108423a0e66/services/31b502b1-2b41-4cdd-8edc-3856355eee4c/partitions/1b78f70a-9c27-4743-a42e-52aa6bee1209/replicas/133224072062557712s, LSN: 9, GlobalCommittedLsn: 9, PartitionKeyRangeId: , IsValid: True, StatusCode: 404, SubStatusCode: 0, RequestCharge: 1, ItemLSN: -1, SessionToken: -1#9, UsingLocalLSN: False, TransportException: null, BELatencyMs: 0.201, ActivityId: 61f6af33-552f-421a-a813-6f7954731d4c, RetryAfterInMs: , TransportRequestTimeline: {\\\\\\\"requestTimeline\\\\\\\":[{\\\\\\\"event\\\\\\\": \\\\\\\"Created\\\\\\\", \\\\\\\"startTimeUtc\\\\\\\": \\\\\\\"2023-03-08T22:43:41.9733714Z\\\\\\\", \\\\\\\"durationInMs\\\\\\\": 0.0034},{\\\\\\\"event\\\\\\\": \\\\\\\"ChannelAcquisitionStarted\\\\\\\", \\\\\\\"startTimeUtc\\\\\\\": \\\\\\\"2023-03-08T22:43:41.9733748Z\\\\\\\", \\\\\\\"durationInMs\\\\\\\": 0.0064},{\\\\\\\"event\\\\\\\": \\\\\\\"Pipelined\\\\\\\", \\\\\\\"startTimeUtc\\\\\\\": \\\\\\\"2023-03-08T22:43:41.9733812Z\\\\\\\", \\\\\\\"durationInMs\\\\\\\": 0.0544},{\\\\\\\"event\\\\\\\": \\\\\\\"Transit Time\\\\\\\", \\\\\\\"startTimeUtc\\\\\\\": \\\\\\\"2023-03-08T22:43:41.9734356Z\\\\\\\", \\\\\\\"durationInMs\\\\\\\": 0.5823},{\\\\\\\"event\\\\\\\": \\\\\\\"Received\\\\\\\", \\\\\\\"startTimeUtc\\\\\\\": \\\\\\\"2023-03-08T22:43:41.9740179Z\\\\\\\", \\\\\\\"durationInMs\\\\\\\": 0.0453},{\\\\\\\"event\\\\\\\": \\\\\\\"Completed\\\\\\\", \\\\\\\"startTimeUtc\\\\\\\": \\\\\\\"2023-03-08T22:43:41.9740632Z\\\\\\\", \\\\\\\"durationInMs\\\\\\\": 0}],\\\\\\\"serviceEndpointStats\\\\\\\":{\\\\\\\"inflightRequests\\\\\\\":1,\\\\\\\"openConnections\\\\\\\":1},\\\\\\\"connectionStats\\\\\\\":{\\\\\\\"waitforConnectionInit\\\\\\\":\\\\\\\"False\\\\\\\",\\\\\\\"callsPendingReceive\\\\\\\":0,\\\\\\\"lastSendAttempt\\\\\\\":\\\\\\\"2023-03-08T22:43:40.5833773Z\\\\\\\",\\\\\\\"lastSend\\\\\\\":\\\\\\\"2023-03-08T22:43:40.5833773Z\\\\\\\",\\\\\\\"lastReceive\\\\\\\":\\\\\\\"2023-03-08T22:43:40.5833773Z\\\\\\\"},\\\\\\\"requestSizeInBytes\\\\\\\":483,\\\\\\\"responseMetadataSizeInBytes\\\\\\\":134,\\\\\\\"responseBodySizeInBytes\\\\\\\":87};\\\\r\\\\n ResourceType: Collection, OperationType: Read\\\\r\\\\n, SDK: Microsoft.Azure.Documents.Common/2.14.0\\\"}, Request URI: /dbs/keyspace1/colls/table2, RequestStats: , SDK: Microsoft.Azure.Documents.Common/2.14.0\"\r\n}",
      "StatusCode": 404
    },
    {
      "RequestUri": "/subscriptions/23587e98-b6ac-4328-a753-03bcd3c8e744/providers/Microsoft.DocumentDB/locations/eastus/operationsStatus/18b294c8-e186-49f8-93b6-b92a9c871151?api-version=2022-08-15-preview",
      "EncodedRequestUri": "L3N1YnNjcmlwdGlvbnMvMjM1ODdlOTgtYjZhYy00MzI4LWE3NTMtMDNiY2QzYzhlNzQ0L3Byb3ZpZGVycy9NaWNyb3NvZnQuRG9jdW1lbnREQi9sb2NhdGlvbnMvZWFzdHVzL29wZXJhdGlvbnNTdGF0dXMvMThiMjk0YzgtZTE4Ni00OWY4LTkzYjYtYjkyYTljODcxMTUxP2FwaS12ZXJzaW9uPTIwMjItMDgtMTUtcHJldmlldw==",
      "RequestMethod": "GET",
      "RequestHeaders": {
        "x-ms-client-request-id": [
          "b0d73315-55ee-4898-b649-291665e0b500"
        ],
        "User-Agent": [
          "FxVersion/4.700.22.55902",
          "OSName/Windows",
          "OSVersion/Microsoft.Windows.10.0.22621",
          "Microsoft.Azure.Management.CosmosDB.CosmosDBManagementClient/3.9.1.0"
        ]
      },
      "RequestBody": "",
      "ResponseHeaders": {
        "Cache-Control": [
          "no-store, no-cache"
        ],
        "Pragma": [
          "no-cache"
        ],
        "Strict-Transport-Security": [
          "max-age=31536000; includeSubDomains"
        ],
        "x-ms-gatewayversion": [
          "version=2.14.0"
        ],
        "Server": [
          "Microsoft-HTTPAPI/2.0"
        ],
        "x-ms-ratelimit-remaining-subscription-reads": [
          "11998"
        ],
        "x-ms-request-id": [
          "860d1889-3acc-4050-9f6e-e497af9ebe3d"
        ],
        "x-ms-correlation-request-id": [
          "860d1889-3acc-4050-9f6e-e497af9ebe3d"
        ],
        "x-ms-routing-request-id": [
          "WESTUS2:20230308T224413Z:860d1889-3acc-4050-9f6e-e497af9ebe3d"
        ],
        "X-Content-Type-Options": [
          "nosniff"
        ],
        "Date": [
          "Wed, 08 Mar 2023 22:44:13 GMT"
        ],
        "Content-Length": [
          "22"
        ],
        "Content-Type": [
          "application/json"
        ]
      },
      "ResponseBody": "{\r\n  \"status\": \"Succeeded\"\r\n}",
      "StatusCode": 200
    },
    {
      "RequestUri": "/subscriptions/23587e98-b6ac-4328-a753-03bcd3c8e744/resourceGroups/CosmosDBResourceGroup49/providers/Microsoft.DocumentDB/databaseAccounts/cassandra-db2749/cassandraKeyspaces/keyspace1/throughputSettings/default?api-version=2022-08-15-preview",
      "EncodedRequestUri": "L3N1YnNjcmlwdGlvbnMvMjM1ODdlOTgtYjZhYy00MzI4LWE3NTMtMDNiY2QzYzhlNzQ0L3Jlc291cmNlR3JvdXBzL0Nvc21vc0RCUmVzb3VyY2VHcm91cDQ5L3Byb3ZpZGVycy9NaWNyb3NvZnQuRG9jdW1lbnREQi9kYXRhYmFzZUFjY291bnRzL2Nhc3NhbmRyYS1kYjI3NDkvY2Fzc2FuZHJhS2V5c3BhY2VzL2tleXNwYWNlMS90aHJvdWdocHV0U2V0dGluZ3MvZGVmYXVsdD9hcGktdmVyc2lvbj0yMDIyLTA4LTE1LXByZXZpZXc=",
      "RequestMethod": "GET",
      "RequestHeaders": {
        "x-ms-client-request-id": [
          "f99b7ecb-79cb-44c0-98a5-281c0dd23c47"
        ],
        "Accept-Language": [
          "en-US"
        ],
        "User-Agent": [
          "FxVersion/4.700.22.55902",
          "OSName/Windows",
          "OSVersion/Microsoft.Windows.10.0.22621",
          "Microsoft.Azure.Management.CosmosDB.CosmosDBManagementClient/3.9.1.0"
        ]
      },
      "RequestBody": "",
      "ResponseHeaders": {
        "Cache-Control": [
          "no-store, no-cache"
        ],
        "Pragma": [
          "no-cache"
        ],
        "Strict-Transport-Security": [
          "max-age=31536000; includeSubDomains"
        ],
        "x-ms-gatewayversion": [
          "version=2.14.0"
        ],
        "Server": [
          "Microsoft-HTTPAPI/2.0"
        ],
        "x-ms-ratelimit-remaining-subscription-reads": [
          "11999"
        ],
        "x-ms-request-id": [
          "d4cba887-82ad-40b4-88ff-04c8ca2a9404"
        ],
        "x-ms-correlation-request-id": [
          "d4cba887-82ad-40b4-88ff-04c8ca2a9404"
        ],
        "x-ms-routing-request-id": [
          "WESTUS2:20230308T224414Z:d4cba887-82ad-40b4-88ff-04c8ca2a9404"
        ],
        "X-Content-Type-Options": [
          "nosniff"
        ],
        "Date": [
          "Wed, 08 Mar 2023 22:44:13 GMT"
        ],
        "Content-Length": [
          "390"
        ],
        "Content-Type": [
          "application/json"
        ]
      },
      "ResponseBody": "{\r\n  \"id\": \"/subscriptions/23587e98-b6ac-4328-a753-03bcd3c8e744/resourceGroups/CosmosDBResourceGroup49/providers/Microsoft.DocumentDB/databaseAccounts/cassandra-db2749/cassandraKeyspaces/keyspace1/throughputSettings/default\",\r\n  \"type\": \"Microsoft.DocumentDB/databaseAccounts/cassandraKeyspaces/throughputSettings\",\r\n  \"name\": \"tejP\",\r\n  \"properties\": {\r\n    \"resource\": {\r\n      \"throughput\": 600,\r\n      \"minimumThroughput\": \"400\"\r\n    }\r\n  }\r\n}",
      "StatusCode": 200
    },
    {
      "RequestUri": "/subscriptions/23587e98-b6ac-4328-a753-03bcd3c8e744/providers/Microsoft.DocumentDB/locations/eastus/operationsStatus/e7e643e0-3bea-4ba8-9f16-310710c3e8a7?api-version=2022-08-15-preview",
      "EncodedRequestUri": "L3N1YnNjcmlwdGlvbnMvMjM1ODdlOTgtYjZhYy00MzI4LWE3NTMtMDNiY2QzYzhlNzQ0L3Byb3ZpZGVycy9NaWNyb3NvZnQuRG9jdW1lbnREQi9sb2NhdGlvbnMvZWFzdHVzL29wZXJhdGlvbnNTdGF0dXMvZTdlNjQzZTAtM2JlYS00YmE4LTlmMTYtMzEwNzEwYzNlOGE3P2FwaS12ZXJzaW9uPTIwMjItMDgtMTUtcHJldmlldw==",
      "RequestMethod": "GET",
      "RequestHeaders": {
        "x-ms-client-request-id": [
          "46003b9d-a107-42d9-b295-68883cd4ecfd"
        ],
        "User-Agent": [
          "FxVersion/4.700.22.55902",
          "OSName/Windows",
          "OSVersion/Microsoft.Windows.10.0.22621",
          "Microsoft.Azure.Management.CosmosDB.CosmosDBManagementClient/3.9.1.0"
        ]
      },
      "RequestBody": "",
      "ResponseHeaders": {
        "Cache-Control": [
          "no-store, no-cache"
        ],
        "Pragma": [
          "no-cache"
        ],
        "Strict-Transport-Security": [
          "max-age=31536000; includeSubDomains"
        ],
        "x-ms-gatewayversion": [
          "version=2.14.0"
        ],
        "Server": [
          "Microsoft-HTTPAPI/2.0"
        ],
        "x-ms-ratelimit-remaining-subscription-reads": [
          "11998"
        ],
        "x-ms-request-id": [
          "52fa8d0e-f589-4b20-9fdf-ce49e68fdd5a"
        ],
        "x-ms-correlation-request-id": [
          "52fa8d0e-f589-4b20-9fdf-ce49e68fdd5a"
        ],
        "x-ms-routing-request-id": [
          "WESTUS2:20230308T224445Z:52fa8d0e-f589-4b20-9fdf-ce49e68fdd5a"
        ],
        "X-Content-Type-Options": [
          "nosniff"
        ],
        "Date": [
          "Wed, 08 Mar 2023 22:44:45 GMT"
        ],
        "Content-Length": [
          "22"
        ],
        "Content-Type": [
          "application/json"
        ]
      },
      "ResponseBody": "{\r\n  \"status\": \"Succeeded\"\r\n}",
      "StatusCode": 200
    },
    {
      "RequestUri": "/subscriptions/23587e98-b6ac-4328-a753-03bcd3c8e744/resourceGroups/CosmosDBResourceGroup49/providers/Microsoft.DocumentDB/databaseAccounts/cassandra-db2749/cassandraKeyspaces/keyspace1/tables?api-version=2022-08-15-preview",
      "EncodedRequestUri": "L3N1YnNjcmlwdGlvbnMvMjM1ODdlOTgtYjZhYy00MzI4LWE3NTMtMDNiY2QzYzhlNzQ0L3Jlc291cmNlR3JvdXBzL0Nvc21vc0RCUmVzb3VyY2VHcm91cDQ5L3Byb3ZpZGVycy9NaWNyb3NvZnQuRG9jdW1lbnREQi9kYXRhYmFzZUFjY291bnRzL2Nhc3NhbmRyYS1kYjI3NDkvY2Fzc2FuZHJhS2V5c3BhY2VzL2tleXNwYWNlMS90YWJsZXM/YXBpLXZlcnNpb249MjAyMi0wOC0xNS1wcmV2aWV3",
      "RequestMethod": "GET",
      "RequestHeaders": {
        "x-ms-client-request-id": [
          "ae4a03f2-df49-4193-b853-da0377334245"
        ],
        "Accept-Language": [
          "en-US"
        ],
        "User-Agent": [
          "FxVersion/4.700.22.55902",
          "OSName/Windows",
          "OSVersion/Microsoft.Windows.10.0.22621",
          "Microsoft.Azure.Management.CosmosDB.CosmosDBManagementClient/3.9.1.0"
        ]
      },
      "RequestBody": "",
      "ResponseHeaders": {
        "Cache-Control": [
          "no-store, no-cache"
        ],
        "Pragma": [
          "no-cache"
        ],
        "Strict-Transport-Security": [
          "max-age=31536000; includeSubDomains"
        ],
        "x-ms-gatewayversion": [
          "version=2.14.0"
        ],
        "Server": [
          "Microsoft-HTTPAPI/2.0"
        ],
        "x-ms-ratelimit-remaining-subscription-reads": [
          "11999"
        ],
        "x-ms-request-id": [
          "8a2452d8-fed3-4508-a903-7caaebdb838d"
        ],
        "x-ms-correlation-request-id": [
          "8a2452d8-fed3-4508-a903-7caaebdb838d"
        ],
        "x-ms-routing-request-id": [
          "WESTUS2:20230308T224446Z:8a2452d8-fed3-4508-a903-7caaebdb838d"
        ],
        "X-Content-Type-Options": [
          "nosniff"
        ],
        "Date": [
          "Wed, 08 Mar 2023 22:44:46 GMT"
        ],
        "Content-Length": [
          "695"
        ],
        "Content-Type": [
          "application/json"
        ]
      },
      "ResponseBody": "{\r\n  \"value\": [\r\n    {\r\n      \"id\": \"/subscriptions/23587e98-b6ac-4328-a753-03bcd3c8e744/resourceGroups/CosmosDBResourceGroup49/providers/Microsoft.DocumentDB/databaseAccounts/cassandra-db2749/cassandraKeyspaces/keyspace1/tables/table\",\r\n      \"type\": \"Microsoft.DocumentDB/databaseAccounts/cassandraKeyspaces/tables\",\r\n      \"name\": \"table\",\r\n      \"properties\": {\r\n        \"resource\": {\r\n          \"id\": \"table\",\r\n          \"_rid\": \"kPU8AOqlXC0=\",\r\n          \"_etag\": \"\\\"00001618-0000-0100-0000-64090fc30000\\\"\",\r\n          \"_ts\": 1678315459,\r\n          \"defaultTtl\": 0,\r\n          \"schema\": {\r\n            \"columns\": [\r\n              {\r\n                \"name\": \"ColumnA\",\r\n                \"type\": \"int\"\r\n              },\r\n              {\r\n                \"name\": \"ColumnB\",\r\n                \"type\": \"ascii\"\r\n              },\r\n              {\r\n                \"name\": \"ColumnC\",\r\n                \"type\": \"int\"\r\n              },\r\n              {\r\n                \"name\": \"ColumnD\",\r\n                \"type\": \"ascii\"\r\n              }\r\n            ],\r\n            \"partitionKeys\": [\r\n              {\r\n                \"name\": \"ColumnA\"\r\n              }\r\n            ],\r\n            \"clusterKeys\": [\r\n              {\r\n                \"name\": \"ColumnB\",\r\n                \"orderBy\": \"Asc\"\r\n              }\r\n            ]\r\n          }\r\n        }\r\n      }\r\n    }\r\n  ]\r\n}",
      "StatusCode": 200
    },
    {
      "RequestUri": "/subscriptions/23587e98-b6ac-4328-a753-03bcd3c8e744/resourceGroups/CosmosDBResourceGroup49/providers/Microsoft.DocumentDB/databaseAccounts/cassandra-db2749/cassandraKeyspaces?api-version=2022-08-15-preview",
      "EncodedRequestUri": "L3N1YnNjcmlwdGlvbnMvMjM1ODdlOTgtYjZhYy00MzI4LWE3NTMtMDNiY2QzYzhlNzQ0L3Jlc291cmNlR3JvdXBzL0Nvc21vc0RCUmVzb3VyY2VHcm91cDQ5L3Byb3ZpZGVycy9NaWNyb3NvZnQuRG9jdW1lbnREQi9kYXRhYmFzZUFjY291bnRzL2Nhc3NhbmRyYS1kYjI3NDkvY2Fzc2FuZHJhS2V5c3BhY2VzP2FwaS12ZXJzaW9uPTIwMjItMDgtMTUtcHJldmlldw==",
      "RequestMethod": "GET",
      "RequestHeaders": {
        "x-ms-client-request-id": [
          "f82270d8-c4dd-4115-9ba2-dfd1278f939b"
        ],
        "Accept-Language": [
          "en-US"
        ],
        "User-Agent": [
          "FxVersion/4.700.22.55902",
          "OSName/Windows",
          "OSVersion/Microsoft.Windows.10.0.22621",
          "Microsoft.Azure.Management.CosmosDB.CosmosDBManagementClient/3.9.1.0"
        ]
      },
      "RequestBody": "",
      "ResponseHeaders": {
        "Cache-Control": [
          "no-store, no-cache"
        ],
        "Pragma": [
          "no-cache"
        ],
        "Strict-Transport-Security": [
          "max-age=31536000; includeSubDomains"
        ],
        "x-ms-gatewayversion": [
          "version=2.14.0"
        ],
        "Server": [
          "Microsoft-HTTPAPI/2.0"
        ],
        "x-ms-ratelimit-remaining-subscription-reads": [
          "11996"
        ],
        "x-ms-request-id": [
          "44248502-d3df-4e66-8947-cd39f9c17dca"
        ],
        "x-ms-correlation-request-id": [
          "44248502-d3df-4e66-8947-cd39f9c17dca"
        ],
        "x-ms-routing-request-id": [
          "WESTUS2:20230308T224447Z:44248502-d3df-4e66-8947-cd39f9c17dca"
        ],
        "X-Content-Type-Options": [
          "nosniff"
        ],
        "Date": [
          "Wed, 08 Mar 2023 22:44:46 GMT"
        ],
        "Content-Length": [
          "421"
        ],
        "Content-Type": [
          "application/json"
        ]
      },
      "ResponseBody": "{\r\n  \"value\": [\r\n    {\r\n      \"id\": \"/subscriptions/23587e98-b6ac-4328-a753-03bcd3c8e744/resourceGroups/CosmosDBResourceGroup49/providers/Microsoft.DocumentDB/databaseAccounts/cassandra-db2749/cassandraKeyspaces/keyspace1\",\r\n      \"type\": \"Microsoft.DocumentDB/databaseAccounts/cassandraKeyspaces\",\r\n      \"name\": \"keyspace1\",\r\n      \"properties\": {\r\n        \"resource\": {\r\n          \"id\": \"keyspace1\",\r\n          \"_rid\": \"kPU8AA==\",\r\n          \"_etag\": \"\\\"00000c18-0000-0100-0000-64090f630000\\\"\",\r\n          \"_ts\": 1678315363\r\n        }\r\n      }\r\n    }\r\n  ]\r\n}",
      "StatusCode": 200
    },
    {
      "RequestUri": "/subscriptions/23587e98-b6ac-4328-a753-03bcd3c8e744/resourceGroups/CosmosDBResourceGroup49/providers/Microsoft.DocumentDB/databaseAccounts/cassandra-db2749/cassandraKeyspaces/keyspace1/tables/table?api-version=2022-08-15-preview",
      "EncodedRequestUri": "L3N1YnNjcmlwdGlvbnMvMjM1ODdlOTgtYjZhYy00MzI4LWE3NTMtMDNiY2QzYzhlNzQ0L3Jlc291cmNlR3JvdXBzL0Nvc21vc0RCUmVzb3VyY2VHcm91cDQ5L3Byb3ZpZGVycy9NaWNyb3NvZnQuRG9jdW1lbnREQi9kYXRhYmFzZUFjY291bnRzL2Nhc3NhbmRyYS1kYjI3NDkvY2Fzc2FuZHJhS2V5c3BhY2VzL2tleXNwYWNlMS90YWJsZXMvdGFibGU/YXBpLXZlcnNpb249MjAyMi0wOC0xNS1wcmV2aWV3",
      "RequestMethod": "DELETE",
      "RequestHeaders": {
        "x-ms-client-request-id": [
          "f53b5b27-7359-4e21-be67-2b81eaff71dd"
        ],
        "Accept-Language": [
          "en-US"
        ],
        "User-Agent": [
          "FxVersion/4.700.22.55902",
          "OSName/Windows",
          "OSVersion/Microsoft.Windows.10.0.22621",
          "Microsoft.Azure.Management.CosmosDB.CosmosDBManagementClient/3.9.1.0"
        ]
      },
      "RequestBody": "",
      "ResponseHeaders": {
        "Cache-Control": [
          "no-store, no-cache"
        ],
        "Pragma": [
          "no-cache"
        ],
        "Location": [
          "https://management.azure.com/subscriptions/23587e98-b6ac-4328-a753-03bcd3c8e744/resourceGroups/CosmosDBResourceGroup49/providers/Microsoft.DocumentDB/databaseAccounts/cassandra-db2749/cassandraKeyspaces/keyspace1/tables/table/operationResults/f7a2afac-76bd-450f-b539-425a4bb0f211?api-version=2022-08-15-preview"
        ],
        "Azure-AsyncOperation": [
          "https://management.azure.com/subscriptions/23587e98-b6ac-4328-a753-03bcd3c8e744/providers/Microsoft.DocumentDB/locations/eastus/operationsStatus/f7a2afac-76bd-450f-b539-425a4bb0f211?api-version=2022-08-15-preview"
        ],
        "x-ms-request-id": [
          "f7a2afac-76bd-450f-b539-425a4bb0f211"
        ],
        "Strict-Transport-Security": [
          "max-age=31536000; includeSubDomains"
        ],
        "x-ms-gatewayversion": [
          "version=2.14.0"
        ],
        "Server": [
          "Microsoft-HTTPAPI/2.0"
        ],
        "x-ms-ratelimit-remaining-subscription-deletes": [
          "14999"
        ],
        "x-ms-correlation-request-id": [
          "259c87d8-e0a5-4921-a438-beab28b8c054"
        ],
        "x-ms-routing-request-id": [
          "WESTUS2:20230308T224448Z:259c87d8-e0a5-4921-a438-beab28b8c054"
        ],
        "X-Content-Type-Options": [
          "nosniff"
        ],
        "Date": [
          "Wed, 08 Mar 2023 22:44:48 GMT"
        ],
        "Content-Length": [
          "21"
        ],
        "Content-Type": [
          "application/json"
        ]
      },
      "ResponseBody": "{\r\n  \"status\": \"Enqueued\"\r\n}",
      "StatusCode": 202
    },
    {
      "RequestUri": "/subscriptions/23587e98-b6ac-4328-a753-03bcd3c8e744/resourceGroups/CosmosDBResourceGroup49/providers/Microsoft.DocumentDB/databaseAccounts/cassandra-db2749/cassandraKeyspaces/keyspace1/tables/table?api-version=2022-08-15-preview",
      "EncodedRequestUri": "L3N1YnNjcmlwdGlvbnMvMjM1ODdlOTgtYjZhYy00MzI4LWE3NTMtMDNiY2QzYzhlNzQ0L3Jlc291cmNlR3JvdXBzL0Nvc21vc0RCUmVzb3VyY2VHcm91cDQ5L3Byb3ZpZGVycy9NaWNyb3NvZnQuRG9jdW1lbnREQi9kYXRhYmFzZUFjY291bnRzL2Nhc3NhbmRyYS1kYjI3NDkvY2Fzc2FuZHJhS2V5c3BhY2VzL2tleXNwYWNlMS90YWJsZXMvdGFibGU/YXBpLXZlcnNpb249MjAyMi0wOC0xNS1wcmV2aWV3",
      "RequestMethod": "DELETE",
      "RequestHeaders": {
        "x-ms-client-request-id": [
          "ae66f04b-d1ea-49ab-b7c3-59ce9a51593d"
        ],
        "Accept-Language": [
          "en-US"
        ],
        "User-Agent": [
          "FxVersion/4.700.22.55902",
          "OSName/Windows",
          "OSVersion/Microsoft.Windows.10.0.22621",
          "Microsoft.Azure.Management.CosmosDB.CosmosDBManagementClient/3.9.1.0"
        ]
      },
      "RequestBody": "",
      "ResponseHeaders": {
        "Cache-Control": [
          "no-store, no-cache"
        ],
        "Pragma": [
          "no-cache"
        ],
        "Location": [
          "https://management.azure.com/subscriptions/23587e98-b6ac-4328-a753-03bcd3c8e744/resourceGroups/CosmosDBResourceGroup49/providers/Microsoft.DocumentDB/databaseAccounts/cassandra-db2749/cassandraKeyspaces/keyspace1/tables/table/operationResults/4164a612-9eb1-4947-9030-b12496faa17b?api-version=2022-08-15-preview"
        ],
        "Azure-AsyncOperation": [
          "https://management.azure.com/subscriptions/23587e98-b6ac-4328-a753-03bcd3c8e744/providers/Microsoft.DocumentDB/locations/eastus/operationsStatus/4164a612-9eb1-4947-9030-b12496faa17b?api-version=2022-08-15-preview"
        ],
        "x-ms-request-id": [
          "4164a612-9eb1-4947-9030-b12496faa17b"
        ],
        "Strict-Transport-Security": [
          "max-age=31536000; includeSubDomains"
        ],
        "x-ms-gatewayversion": [
          "version=2.14.0"
        ],
        "Server": [
          "Microsoft-HTTPAPI/2.0"
        ],
        "x-ms-ratelimit-remaining-subscription-deletes": [
          "14999"
        ],
        "x-ms-correlation-request-id": [
          "3d77bcad-dc4c-4b11-9c21-8dd7e90f56e4"
        ],
        "x-ms-routing-request-id": [
          "WESTUS2:20230308T224550Z:3d77bcad-dc4c-4b11-9c21-8dd7e90f56e4"
        ],
        "X-Content-Type-Options": [
          "nosniff"
        ],
        "Date": [
          "Wed, 08 Mar 2023 22:45:50 GMT"
        ],
        "Content-Length": [
          "21"
        ],
        "Content-Type": [
          "application/json"
        ]
      },
      "ResponseBody": "{\r\n  \"status\": \"Enqueued\"\r\n}",
      "StatusCode": 202
    },
    {
      "RequestUri": "/subscriptions/23587e98-b6ac-4328-a753-03bcd3c8e744/providers/Microsoft.DocumentDB/locations/eastus/operationsStatus/f7a2afac-76bd-450f-b539-425a4bb0f211?api-version=2022-08-15-preview",
      "EncodedRequestUri": "L3N1YnNjcmlwdGlvbnMvMjM1ODdlOTgtYjZhYy00MzI4LWE3NTMtMDNiY2QzYzhlNzQ0L3Byb3ZpZGVycy9NaWNyb3NvZnQuRG9jdW1lbnREQi9sb2NhdGlvbnMvZWFzdHVzL29wZXJhdGlvbnNTdGF0dXMvZjdhMmFmYWMtNzZiZC00NTBmLWI1MzktNDI1YTRiYjBmMjExP2FwaS12ZXJzaW9uPTIwMjItMDgtMTUtcHJldmlldw==",
      "RequestMethod": "GET",
      "RequestHeaders": {
        "x-ms-client-request-id": [
          "f53b5b27-7359-4e21-be67-2b81eaff71dd"
        ],
        "User-Agent": [
          "FxVersion/4.700.22.55902",
          "OSName/Windows",
          "OSVersion/Microsoft.Windows.10.0.22621",
          "Microsoft.Azure.Management.CosmosDB.CosmosDBManagementClient/3.9.1.0"
        ]
      },
      "RequestBody": "",
      "ResponseHeaders": {
        "Cache-Control": [
          "no-store, no-cache"
        ],
        "Pragma": [
          "no-cache"
        ],
        "Strict-Transport-Security": [
          "max-age=31536000; includeSubDomains"
        ],
        "x-ms-gatewayversion": [
          "version=2.14.0"
        ],
        "Server": [
          "Microsoft-HTTPAPI/2.0"
        ],
        "x-ms-ratelimit-remaining-subscription-reads": [
          "11999"
        ],
        "x-ms-request-id": [
          "19fc190c-b70b-457b-a801-da9d4d5daa82"
        ],
        "x-ms-correlation-request-id": [
          "19fc190c-b70b-457b-a801-da9d4d5daa82"
        ],
        "x-ms-routing-request-id": [
          "WESTUS2:20230308T224518Z:19fc190c-b70b-457b-a801-da9d4d5daa82"
        ],
        "X-Content-Type-Options": [
          "nosniff"
        ],
        "Date": [
          "Wed, 08 Mar 2023 22:45:18 GMT"
        ],
        "Content-Length": [
          "22"
        ],
        "Content-Type": [
          "application/json"
        ]
      },
      "ResponseBody": "{\r\n  \"status\": \"Succeeded\"\r\n}",
      "StatusCode": 200
    },
    {
      "RequestUri": "/subscriptions/23587e98-b6ac-4328-a753-03bcd3c8e744/resourceGroups/CosmosDBResourceGroup49/providers/Microsoft.DocumentDB/databaseAccounts/cassandra-db2749/cassandraKeyspaces/keyspace1/tables/table/operationResults/f7a2afac-76bd-450f-b539-425a4bb0f211?api-version=2022-08-15-preview",
      "EncodedRequestUri": "L3N1YnNjcmlwdGlvbnMvMjM1ODdlOTgtYjZhYy00MzI4LWE3NTMtMDNiY2QzYzhlNzQ0L3Jlc291cmNlR3JvdXBzL0Nvc21vc0RCUmVzb3VyY2VHcm91cDQ5L3Byb3ZpZGVycy9NaWNyb3NvZnQuRG9jdW1lbnREQi9kYXRhYmFzZUFjY291bnRzL2Nhc3NhbmRyYS1kYjI3NDkvY2Fzc2FuZHJhS2V5c3BhY2VzL2tleXNwYWNlMS90YWJsZXMvdGFibGUvb3BlcmF0aW9uUmVzdWx0cy9mN2EyYWZhYy03NmJkLTQ1MGYtYjUzOS00MjVhNGJiMGYyMTE/YXBpLXZlcnNpb249MjAyMi0wOC0xNS1wcmV2aWV3",
      "RequestMethod": "GET",
      "RequestHeaders": {
        "x-ms-client-request-id": [
          "f53b5b27-7359-4e21-be67-2b81eaff71dd"
        ],
        "User-Agent": [
          "FxVersion/4.700.22.55902",
          "OSName/Windows",
          "OSVersion/Microsoft.Windows.10.0.22621",
          "Microsoft.Azure.Management.CosmosDB.CosmosDBManagementClient/3.9.1.0"
        ]
      },
      "RequestBody": "",
      "ResponseHeaders": {
        "Cache-Control": [
          "no-store, no-cache"
        ],
        "Pragma": [
          "no-cache"
        ],
        "Strict-Transport-Security": [
          "max-age=31536000; includeSubDomains"
        ],
        "x-ms-activity-id": [
          "f53b5b27-7359-4e21-be67-2b81eaff71dd"
        ],
        "Server": [
          "Microsoft-HTTPAPI/2.0"
        ],
        "x-ms-ratelimit-remaining-subscription-reads": [
          "11998"
        ],
        "x-ms-request-id": [
          "c399749b-4fe6-4409-8980-a73a911f6e3c"
        ],
        "x-ms-correlation-request-id": [
          "c399749b-4fe6-4409-8980-a73a911f6e3c"
        ],
        "x-ms-routing-request-id": [
          "WESTUS2:20230308T224518Z:c399749b-4fe6-4409-8980-a73a911f6e3c"
        ],
        "X-Content-Type-Options": [
          "nosniff"
        ],
        "Date": [
          "Wed, 08 Mar 2023 22:45:18 GMT"
        ]
      },
      "ResponseBody": "",
      "StatusCode": 204
    },
    {
      "RequestUri": "/subscriptions/23587e98-b6ac-4328-a753-03bcd3c8e744/resourceGroups/CosmosDBResourceGroup49/providers/Microsoft.DocumentDB/databaseAccounts/cassandra-db2749/cassandraKeyspaces/keyspace1?api-version=2022-08-15-preview",
      "EncodedRequestUri": "L3N1YnNjcmlwdGlvbnMvMjM1ODdlOTgtYjZhYy00MzI4LWE3NTMtMDNiY2QzYzhlNzQ0L3Jlc291cmNlR3JvdXBzL0Nvc21vc0RCUmVzb3VyY2VHcm91cDQ5L3Byb3ZpZGVycy9NaWNyb3NvZnQuRG9jdW1lbnREQi9kYXRhYmFzZUFjY291bnRzL2Nhc3NhbmRyYS1kYjI3NDkvY2Fzc2FuZHJhS2V5c3BhY2VzL2tleXNwYWNlMT9hcGktdmVyc2lvbj0yMDIyLTA4LTE1LXByZXZpZXc=",
      "RequestMethod": "DELETE",
      "RequestHeaders": {
        "x-ms-client-request-id": [
          "dd0f89f7-e4be-4319-a9e0-137213fd91c5"
        ],
        "Accept-Language": [
          "en-US"
        ],
        "User-Agent": [
          "FxVersion/4.700.22.55902",
          "OSName/Windows",
          "OSVersion/Microsoft.Windows.10.0.22621",
          "Microsoft.Azure.Management.CosmosDB.CosmosDBManagementClient/3.9.1.0"
        ]
      },
      "RequestBody": "",
      "ResponseHeaders": {
        "Cache-Control": [
          "no-store, no-cache"
        ],
        "Pragma": [
          "no-cache"
        ],
        "Location": [
          "https://management.azure.com/subscriptions/23587e98-b6ac-4328-a753-03bcd3c8e744/resourceGroups/CosmosDBResourceGroup49/providers/Microsoft.DocumentDB/databaseAccounts/cassandra-db2749/cassandraKeyspaces/keyspace1/operationResults/290d72fb-c616-4c6d-ad62-a577c3fc694a?api-version=2022-08-15-preview"
        ],
        "Azure-AsyncOperation": [
          "https://management.azure.com/subscriptions/23587e98-b6ac-4328-a753-03bcd3c8e744/providers/Microsoft.DocumentDB/locations/eastus/operationsStatus/290d72fb-c616-4c6d-ad62-a577c3fc694a?api-version=2022-08-15-preview"
        ],
        "x-ms-request-id": [
          "290d72fb-c616-4c6d-ad62-a577c3fc694a"
        ],
        "Strict-Transport-Security": [
          "max-age=31536000; includeSubDomains"
        ],
        "x-ms-gatewayversion": [
          "version=2.14.0"
        ],
        "Server": [
          "Microsoft-HTTPAPI/2.0"
        ],
        "x-ms-ratelimit-remaining-subscription-deletes": [
          "14999"
        ],
        "x-ms-correlation-request-id": [
          "3d6497e9-8f27-450f-8cd8-2d3aa99501da"
        ],
        "x-ms-routing-request-id": [
          "WESTUS2:20230308T224519Z:3d6497e9-8f27-450f-8cd8-2d3aa99501da"
        ],
        "X-Content-Type-Options": [
          "nosniff"
        ],
        "Date": [
          "Wed, 08 Mar 2023 22:45:18 GMT"
        ],
        "Content-Length": [
          "21"
        ],
        "Content-Type": [
          "application/json"
        ]
      },
      "ResponseBody": "{\r\n  \"status\": \"Enqueued\"\r\n}",
      "StatusCode": 202
    },
    {
      "RequestUri": "/subscriptions/23587e98-b6ac-4328-a753-03bcd3c8e744/resourceGroups/CosmosDBResourceGroup49/providers/Microsoft.DocumentDB/databaseAccounts/cassandra-db2749/cassandraKeyspaces/keyspace1?api-version=2022-08-15-preview",
      "EncodedRequestUri": "L3N1YnNjcmlwdGlvbnMvMjM1ODdlOTgtYjZhYy00MzI4LWE3NTMtMDNiY2QzYzhlNzQ0L3Jlc291cmNlR3JvdXBzL0Nvc21vc0RCUmVzb3VyY2VHcm91cDQ5L3Byb3ZpZGVycy9NaWNyb3NvZnQuRG9jdW1lbnREQi9kYXRhYmFzZUFjY291bnRzL2Nhc3NhbmRyYS1kYjI3NDkvY2Fzc2FuZHJhS2V5c3BhY2VzL2tleXNwYWNlMT9hcGktdmVyc2lvbj0yMDIyLTA4LTE1LXByZXZpZXc=",
      "RequestMethod": "DELETE",
      "RequestHeaders": {
        "x-ms-client-request-id": [
          "e7c95b0d-0279-4549-956d-037e00dc9049"
        ],
        "Accept-Language": [
          "en-US"
        ],
        "User-Agent": [
          "FxVersion/4.700.22.55902",
          "OSName/Windows",
          "OSVersion/Microsoft.Windows.10.0.22621",
          "Microsoft.Azure.Management.CosmosDB.CosmosDBManagementClient/3.9.1.0"
        ]
      },
      "RequestBody": "",
      "ResponseHeaders": {
        "Cache-Control": [
          "no-store, no-cache"
        ],
        "Pragma": [
          "no-cache"
        ],
        "Location": [
          "https://management.azure.com/subscriptions/23587e98-b6ac-4328-a753-03bcd3c8e744/resourceGroups/CosmosDBResourceGroup49/providers/Microsoft.DocumentDB/databaseAccounts/cassandra-db2749/cassandraKeyspaces/keyspace1/operationResults/7d0c2365-4b0d-49ed-9c73-c9b68d17ec40?api-version=2022-08-15-preview"
        ],
        "Azure-AsyncOperation": [
          "https://management.azure.com/subscriptions/23587e98-b6ac-4328-a753-03bcd3c8e744/providers/Microsoft.DocumentDB/locations/eastus/operationsStatus/7d0c2365-4b0d-49ed-9c73-c9b68d17ec40?api-version=2022-08-15-preview"
        ],
        "x-ms-request-id": [
          "7d0c2365-4b0d-49ed-9c73-c9b68d17ec40"
        ],
        "Strict-Transport-Security": [
          "max-age=31536000; includeSubDomains"
        ],
        "x-ms-gatewayversion": [
          "version=2.14.0"
        ],
        "Server": [
          "Microsoft-HTTPAPI/2.0"
        ],
        "x-ms-ratelimit-remaining-subscription-deletes": [
          "14999"
        ],
        "x-ms-correlation-request-id": [
          "02568e0e-23d8-4157-aaf6-48b78ef0ac91"
        ],
        "x-ms-routing-request-id": [
          "WESTUS2:20230308T224621Z:02568e0e-23d8-4157-aaf6-48b78ef0ac91"
        ],
        "X-Content-Type-Options": [
          "nosniff"
        ],
        "Date": [
          "Wed, 08 Mar 2023 22:46:21 GMT"
        ],
        "Content-Length": [
          "21"
        ],
        "Content-Type": [
          "application/json"
        ]
      },
      "ResponseBody": "{\r\n  \"status\": \"Enqueued\"\r\n}",
      "StatusCode": 202
    },
    {
      "RequestUri": "/subscriptions/23587e98-b6ac-4328-a753-03bcd3c8e744/providers/Microsoft.DocumentDB/locations/eastus/operationsStatus/290d72fb-c616-4c6d-ad62-a577c3fc694a?api-version=2022-08-15-preview",
      "EncodedRequestUri": "L3N1YnNjcmlwdGlvbnMvMjM1ODdlOTgtYjZhYy00MzI4LWE3NTMtMDNiY2QzYzhlNzQ0L3Byb3ZpZGVycy9NaWNyb3NvZnQuRG9jdW1lbnREQi9sb2NhdGlvbnMvZWFzdHVzL29wZXJhdGlvbnNTdGF0dXMvMjkwZDcyZmItYzYxNi00YzZkLWFkNjItYTU3N2MzZmM2OTRhP2FwaS12ZXJzaW9uPTIwMjItMDgtMTUtcHJldmlldw==",
      "RequestMethod": "GET",
      "RequestHeaders": {
        "x-ms-client-request-id": [
          "dd0f89f7-e4be-4319-a9e0-137213fd91c5"
        ],
        "User-Agent": [
          "FxVersion/4.700.22.55902",
          "OSName/Windows",
          "OSVersion/Microsoft.Windows.10.0.22621",
          "Microsoft.Azure.Management.CosmosDB.CosmosDBManagementClient/3.9.1.0"
        ]
      },
      "RequestBody": "",
      "ResponseHeaders": {
        "Cache-Control": [
          "no-store, no-cache"
        ],
        "Pragma": [
          "no-cache"
        ],
        "Strict-Transport-Security": [
          "max-age=31536000; includeSubDomains"
        ],
        "x-ms-gatewayversion": [
          "version=2.14.0"
        ],
        "Server": [
          "Microsoft-HTTPAPI/2.0"
        ],
        "x-ms-ratelimit-remaining-subscription-reads": [
          "11999"
        ],
        "x-ms-request-id": [
          "646c97f3-94e6-47bd-ba54-b1f93fc4fb8c"
        ],
        "x-ms-correlation-request-id": [
          "646c97f3-94e6-47bd-ba54-b1f93fc4fb8c"
        ],
        "x-ms-routing-request-id": [
          "WESTUS2:20230308T224549Z:646c97f3-94e6-47bd-ba54-b1f93fc4fb8c"
        ],
        "X-Content-Type-Options": [
          "nosniff"
        ],
        "Date": [
          "Wed, 08 Mar 2023 22:45:49 GMT"
        ],
        "Content-Length": [
          "22"
        ],
        "Content-Type": [
          "application/json"
        ]
      },
      "ResponseBody": "{\r\n  \"status\": \"Succeeded\"\r\n}",
      "StatusCode": 200
    },
    {
      "RequestUri": "/subscriptions/23587e98-b6ac-4328-a753-03bcd3c8e744/resourceGroups/CosmosDBResourceGroup49/providers/Microsoft.DocumentDB/databaseAccounts/cassandra-db2749/cassandraKeyspaces/keyspace1/operationResults/290d72fb-c616-4c6d-ad62-a577c3fc694a?api-version=2022-08-15-preview",
      "EncodedRequestUri": "L3N1YnNjcmlwdGlvbnMvMjM1ODdlOTgtYjZhYy00MzI4LWE3NTMtMDNiY2QzYzhlNzQ0L3Jlc291cmNlR3JvdXBzL0Nvc21vc0RCUmVzb3VyY2VHcm91cDQ5L3Byb3ZpZGVycy9NaWNyb3NvZnQuRG9jdW1lbnREQi9kYXRhYmFzZUFjY291bnRzL2Nhc3NhbmRyYS1kYjI3NDkvY2Fzc2FuZHJhS2V5c3BhY2VzL2tleXNwYWNlMS9vcGVyYXRpb25SZXN1bHRzLzI5MGQ3MmZiLWM2MTYtNGM2ZC1hZDYyLWE1NzdjM2ZjNjk0YT9hcGktdmVyc2lvbj0yMDIyLTA4LTE1LXByZXZpZXc=",
      "RequestMethod": "GET",
      "RequestHeaders": {
        "x-ms-client-request-id": [
          "dd0f89f7-e4be-4319-a9e0-137213fd91c5"
        ],
        "User-Agent": [
          "FxVersion/4.700.22.55902",
          "OSName/Windows",
          "OSVersion/Microsoft.Windows.10.0.22621",
          "Microsoft.Azure.Management.CosmosDB.CosmosDBManagementClient/3.9.1.0"
        ]
      },
      "RequestBody": "",
      "ResponseHeaders": {
        "Cache-Control": [
          "no-store, no-cache"
        ],
        "Pragma": [
          "no-cache"
        ],
        "Strict-Transport-Security": [
          "max-age=31536000; includeSubDomains"
        ],
        "x-ms-activity-id": [
          "dd0f89f7-e4be-4319-a9e0-137213fd91c5"
        ],
        "Server": [
          "Microsoft-HTTPAPI/2.0"
        ],
        "x-ms-ratelimit-remaining-subscription-reads": [
          "11998"
        ],
        "x-ms-request-id": [
          "511e6c25-f034-4862-9a79-29a0b6378ae4"
        ],
        "x-ms-correlation-request-id": [
          "511e6c25-f034-4862-9a79-29a0b6378ae4"
        ],
        "x-ms-routing-request-id": [
          "WESTUS2:20230308T224549Z:511e6c25-f034-4862-9a79-29a0b6378ae4"
        ],
        "X-Content-Type-Options": [
          "nosniff"
        ],
        "Date": [
          "Wed, 08 Mar 2023 22:45:49 GMT"
        ]
      },
      "ResponseBody": "",
      "StatusCode": 204
    },
    {
      "RequestUri": "/subscriptions/23587e98-b6ac-4328-a753-03bcd3c8e744/providers/Microsoft.DocumentDB/locations/eastus/operationsStatus/4164a612-9eb1-4947-9030-b12496faa17b?api-version=2022-08-15-preview",
      "EncodedRequestUri": "L3N1YnNjcmlwdGlvbnMvMjM1ODdlOTgtYjZhYy00MzI4LWE3NTMtMDNiY2QzYzhlNzQ0L3Byb3ZpZGVycy9NaWNyb3NvZnQuRG9jdW1lbnREQi9sb2NhdGlvbnMvZWFzdHVzL29wZXJhdGlvbnNTdGF0dXMvNDE2NGE2MTItOWViMS00OTQ3LTkwMzAtYjEyNDk2ZmFhMTdiP2FwaS12ZXJzaW9uPTIwMjItMDgtMTUtcHJldmlldw==",
      "RequestMethod": "GET",
      "RequestHeaders": {
        "x-ms-client-request-id": [
          "ae66f04b-d1ea-49ab-b7c3-59ce9a51593d"
        ],
        "User-Agent": [
          "FxVersion/4.700.22.55902",
          "OSName/Windows",
          "OSVersion/Microsoft.Windows.10.0.22621",
          "Microsoft.Azure.Management.CosmosDB.CosmosDBManagementClient/3.9.1.0"
        ]
      },
      "RequestBody": "",
      "ResponseHeaders": {
        "Cache-Control": [
          "no-store, no-cache"
        ],
        "Pragma": [
          "no-cache"
        ],
        "Strict-Transport-Security": [
          "max-age=31536000; includeSubDomains"
        ],
        "x-ms-gatewayversion": [
          "version=2.14.0"
        ],
        "Server": [
          "Microsoft-HTTPAPI/2.0"
        ],
        "x-ms-ratelimit-remaining-subscription-reads": [
          "11999"
        ],
        "x-ms-request-id": [
          "1dc5756e-3128-4508-a03d-4fc4a57c6332"
        ],
        "x-ms-correlation-request-id": [
          "1dc5756e-3128-4508-a03d-4fc4a57c6332"
        ],
        "x-ms-routing-request-id": [
          "WESTUS2:20230308T224620Z:1dc5756e-3128-4508-a03d-4fc4a57c6332"
        ],
        "X-Content-Type-Options": [
          "nosniff"
        ],
        "Date": [
          "Wed, 08 Mar 2023 22:46:20 GMT"
        ],
        "Content-Length": [
          "22"
        ],
        "Content-Type": [
          "application/json"
        ]
      },
      "ResponseBody": "{\r\n  \"status\": \"Succeeded\"\r\n}",
      "StatusCode": 200
    },
    {
      "RequestUri": "/subscriptions/23587e98-b6ac-4328-a753-03bcd3c8e744/resourceGroups/CosmosDBResourceGroup49/providers/Microsoft.DocumentDB/databaseAccounts/cassandra-db2749/cassandraKeyspaces/keyspace1/tables/table/operationResults/4164a612-9eb1-4947-9030-b12496faa17b?api-version=2022-08-15-preview",
      "EncodedRequestUri": "L3N1YnNjcmlwdGlvbnMvMjM1ODdlOTgtYjZhYy00MzI4LWE3NTMtMDNiY2QzYzhlNzQ0L3Jlc291cmNlR3JvdXBzL0Nvc21vc0RCUmVzb3VyY2VHcm91cDQ5L3Byb3ZpZGVycy9NaWNyb3NvZnQuRG9jdW1lbnREQi9kYXRhYmFzZUFjY291bnRzL2Nhc3NhbmRyYS1kYjI3NDkvY2Fzc2FuZHJhS2V5c3BhY2VzL2tleXNwYWNlMS90YWJsZXMvdGFibGUvb3BlcmF0aW9uUmVzdWx0cy80MTY0YTYxMi05ZWIxLTQ5NDctOTAzMC1iMTI0OTZmYWExN2I/YXBpLXZlcnNpb249MjAyMi0wOC0xNS1wcmV2aWV3",
      "RequestMethod": "GET",
      "RequestHeaders": {
        "x-ms-client-request-id": [
          "ae66f04b-d1ea-49ab-b7c3-59ce9a51593d"
        ],
        "User-Agent": [
          "FxVersion/4.700.22.55902",
          "OSName/Windows",
          "OSVersion/Microsoft.Windows.10.0.22621",
          "Microsoft.Azure.Management.CosmosDB.CosmosDBManagementClient/3.9.1.0"
        ]
      },
      "RequestBody": "",
      "ResponseHeaders": {
        "Cache-Control": [
          "no-store, no-cache"
        ],
        "Pragma": [
          "no-cache"
        ],
        "Strict-Transport-Security": [
          "max-age=31536000; includeSubDomains"
        ],
        "x-ms-activity-id": [
          "ae66f04b-d1ea-49ab-b7c3-59ce9a51593d"
        ],
        "Server": [
          "Microsoft-HTTPAPI/2.0"
        ],
        "x-ms-ratelimit-remaining-subscription-reads": [
          "11998"
        ],
        "x-ms-request-id": [
          "6b20968d-4e07-4efa-8237-ba48e2eb2d25"
        ],
        "x-ms-correlation-request-id": [
          "6b20968d-4e07-4efa-8237-ba48e2eb2d25"
        ],
        "x-ms-routing-request-id": [
          "WESTUS2:20230308T224621Z:6b20968d-4e07-4efa-8237-ba48e2eb2d25"
        ],
        "X-Content-Type-Options": [
          "nosniff"
        ],
        "Date": [
          "Wed, 08 Mar 2023 22:46:20 GMT"
        ]
      },
      "ResponseBody": "",
      "StatusCode": 204
    },
    {
      "RequestUri": "/subscriptions/23587e98-b6ac-4328-a753-03bcd3c8e744/providers/Microsoft.DocumentDB/locations/eastus/operationsStatus/7d0c2365-4b0d-49ed-9c73-c9b68d17ec40?api-version=2022-08-15-preview",
      "EncodedRequestUri": "L3N1YnNjcmlwdGlvbnMvMjM1ODdlOTgtYjZhYy00MzI4LWE3NTMtMDNiY2QzYzhlNzQ0L3Byb3ZpZGVycy9NaWNyb3NvZnQuRG9jdW1lbnREQi9sb2NhdGlvbnMvZWFzdHVzL29wZXJhdGlvbnNTdGF0dXMvN2QwYzIzNjUtNGIwZC00OWVkLTljNzMtYzliNjhkMTdlYzQwP2FwaS12ZXJzaW9uPTIwMjItMDgtMTUtcHJldmlldw==",
      "RequestMethod": "GET",
      "RequestHeaders": {
        "x-ms-client-request-id": [
          "e7c95b0d-0279-4549-956d-037e00dc9049"
        ],
        "User-Agent": [
          "FxVersion/4.700.22.55902",
          "OSName/Windows",
          "OSVersion/Microsoft.Windows.10.0.22621",
          "Microsoft.Azure.Management.CosmosDB.CosmosDBManagementClient/3.9.1.0"
        ]
      },
      "RequestBody": "",
      "ResponseHeaders": {
        "Cache-Control": [
          "no-store, no-cache"
        ],
        "Pragma": [
          "no-cache"
        ],
        "Strict-Transport-Security": [
          "max-age=31536000; includeSubDomains"
        ],
        "x-ms-gatewayversion": [
          "version=2.14.0"
        ],
        "Server": [
          "Microsoft-HTTPAPI/2.0"
        ],
        "x-ms-ratelimit-remaining-subscription-reads": [
          "11999"
        ],
        "x-ms-request-id": [
          "52ecc288-f1b4-43c1-92f0-53903803aa8b"
        ],
        "x-ms-correlation-request-id": [
          "52ecc288-f1b4-43c1-92f0-53903803aa8b"
        ],
        "x-ms-routing-request-id": [
          "WESTUS2:20230308T224652Z:52ecc288-f1b4-43c1-92f0-53903803aa8b"
        ],
        "X-Content-Type-Options": [
          "nosniff"
        ],
        "Date": [
          "Wed, 08 Mar 2023 22:46:52 GMT"
        ],
        "Content-Length": [
          "22"
        ],
        "Content-Type": [
          "application/json"
        ]
      },
      "ResponseBody": "{\r\n  \"status\": \"Succeeded\"\r\n}",
      "StatusCode": 200
    },
    {
      "RequestUri": "/subscriptions/23587e98-b6ac-4328-a753-03bcd3c8e744/resourceGroups/CosmosDBResourceGroup49/providers/Microsoft.DocumentDB/databaseAccounts/cassandra-db2749/cassandraKeyspaces/keyspace1/operationResults/7d0c2365-4b0d-49ed-9c73-c9b68d17ec40?api-version=2022-08-15-preview",
      "EncodedRequestUri": "L3N1YnNjcmlwdGlvbnMvMjM1ODdlOTgtYjZhYy00MzI4LWE3NTMtMDNiY2QzYzhlNzQ0L3Jlc291cmNlR3JvdXBzL0Nvc21vc0RCUmVzb3VyY2VHcm91cDQ5L3Byb3ZpZGVycy9NaWNyb3NvZnQuRG9jdW1lbnREQi9kYXRhYmFzZUFjY291bnRzL2Nhc3NhbmRyYS1kYjI3NDkvY2Fzc2FuZHJhS2V5c3BhY2VzL2tleXNwYWNlMS9vcGVyYXRpb25SZXN1bHRzLzdkMGMyMzY1LTRiMGQtNDllZC05YzczLWM5YjY4ZDE3ZWM0MD9hcGktdmVyc2lvbj0yMDIyLTA4LTE1LXByZXZpZXc=",
      "RequestMethod": "GET",
      "RequestHeaders": {
        "x-ms-client-request-id": [
          "e7c95b0d-0279-4549-956d-037e00dc9049"
        ],
        "User-Agent": [
          "FxVersion/4.700.22.55902",
          "OSName/Windows",
          "OSVersion/Microsoft.Windows.10.0.22621",
          "Microsoft.Azure.Management.CosmosDB.CosmosDBManagementClient/3.9.1.0"
        ]
      },
      "RequestBody": "",
      "ResponseHeaders": {
        "Cache-Control": [
          "no-store, no-cache"
        ],
        "Pragma": [
          "no-cache"
        ],
        "Strict-Transport-Security": [
          "max-age=31536000; includeSubDomains"
        ],
        "x-ms-activity-id": [
          "e7c95b0d-0279-4549-956d-037e00dc9049"
        ],
        "Server": [
          "Microsoft-HTTPAPI/2.0"
        ],
        "x-ms-ratelimit-remaining-subscription-reads": [
          "11998"
        ],
        "x-ms-request-id": [
          "c56d3ad0-237d-4894-8ffd-6faec0ced38c"
        ],
        "x-ms-correlation-request-id": [
          "c56d3ad0-237d-4894-8ffd-6faec0ced38c"
        ],
        "x-ms-routing-request-id": [
          "WESTUS2:20230308T224652Z:c56d3ad0-237d-4894-8ffd-6faec0ced38c"
        ],
        "X-Content-Type-Options": [
          "nosniff"
        ],
        "Date": [
          "Wed, 08 Mar 2023 22:46:52 GMT"
        ]
      },
      "ResponseBody": "",
      "StatusCode": 204
    }
  ],
  "Names": {},
  "Variables": {
    "SubscriptionId": "23587e98-b6ac-4328-a753-03bcd3c8e744"
  }
}