{
  "AzStorageCacheTarget+[NoContext]+CreateExpanded+$PUT+https://management.azure.com/subscriptions/9e223dbe-3399-4e19-88eb-0975f02ac87f/resourcegroups/azps_test_gp_storagecache/providers/Microsoft.StorageCache/caches/azps-storagecache/storageTargets/azps-74ou0k?api-version=2023-05-01+1": {
    "Request": {
      "Method": "PUT",
      "RequestUri": "https://management.azure.com/subscriptions/9e223dbe-3399-4e19-88eb-0975f02ac87f/resourcegroups/azps_test_gp_storagecache/providers/Microsoft.StorageCache/caches/azps-storagecache/storageTargets/azps-74ou0k?api-version=2023-05-01",
      "Content": "{\r\n  \"properties\": {\r\n    \"nfs3\": {\r\n      \"target\": \"110.0.44.44\",\r\n      \"usageModel\": \"READ_WRITE\",\r\n      \"verificationTimer\": 30\r\n    },\r\n    \"targetType\": \"nfs3\"\r\n  }\r\n}",
      "isContentBase64": false,
      "Headers": {
      },
      "ContentHeaders": {
        "Content-Type": [ "application/json" ],
        "Content-Length": [ "175" ]
      }
    },
    "Response": {
      "StatusCode": 201,
      "Headers": {
        "Cache-Control": [ "no-cache" ],
        "Pragma": [ "no-cache" ],
        "Azure-AsyncOperation": [ "https://management.azure.com/subscriptions/9e223dbe-3399-4e19-88eb-0975f02ac87f/providers/Microsoft.StorageCache/locations/eastus/ascOperations/93610356-96fc-4df1-a089-9c1ccba381a2?api-version=2023-05-01" ],
        "x-ms-ratelimit-remaining-resource": [ "Microsoft.Compute/CreateStorageTarget1Min;59" ],
        "Strict-Transport-Security": [ "max-age=31536000; includeSubDomains" ],
        "x-ms-served-by": [ "e5a4c888-f47e-4149-a66b-81f70a85cba0_133284935153294162,e5a4c888-f47e-4149-a66b-81f70a85cba0_133284935153294162" ],
        "x-ms-request-id": [ "93610356-96fc-4df1-a089-9c1ccba381a2" ],
        "Server": [ "Microsoft-HTTPAPI/2.0", "Microsoft-HTTPAPI/2.0" ],
        "x-ms-ratelimit-remaining-subscription-writes": [ "1197" ],
        "x-ms-correlation-request-id": [ "42ef6d0c-ad3c-4dc3-9fcb-0613db0d171a" ],
        "x-ms-routing-request-id": [ "JAPANEAST:20230704T093736Z:42ef6d0c-ad3c-4dc3-9fcb-0613db0d171a" ],
        "X-Content-Type-Options": [ "nosniff" ],
        "Date": [ "Tue, 04 Jul 2023 09:37:36 GMT" ]
      },
      "ContentHeaders": {
        "Content-Length": [ "878" ],
        "Content-Type": [ "application/json; charset=utf-8" ],
        "Expires": [ "-1" ]
      },
      "Content": "{\r\n  \"name\": \"azps-74ou0k\",\r\n  \"id\": \"/subscriptions/9e223dbe-3399-4e19-88eb-0975f02ac87f/resourceGroups/azps_test_gp_storagecache/providers/Microsoft.StorageCache/caches/azps-storagecache/storageTargets/azps-74ou0k\",\r\n  \"type\": \"Microsoft.StorageCache/caches/storageTargets\",\r\n  \"location\": \"eastus\",\r\n  \"properties\": {\r\n    \"allocationPercentage\": 100,\r\n    \"targetType\": \"nfs3\",\r\n    \"provisioningState\": \"Creating\",\r\n    \"state\": \"Busy\",\r\n    \"junctions\": [],\r\n    \"nfs3\": {\r\n      \"target\": \"110.0.44.44\",\r\n      \"usageModel\": \"READ_WRITE\",\r\n      \"verificationTimer\": 30\r\n    }\r\n  },\r\n  \"systemData\": {\r\n    \"createdBy\": \"v-jinpel@microsoft.com\",\r\n    \"createdByType\": \"User\",\r\n    \"createdAt\": \"2023-07-04T09:37:36.3262332Z\",\r\n    \"lastModifiedBy\": \"v-jinpel@microsoft.com\",\r\n    \"lastModifiedByType\": \"User\",\r\n    \"lastModifiedAt\": \"2023-07-04T09:37:36.3262332Z\"\r\n  }\r\n}",
      "isContentBase64": false
    }
  },
  "AzStorageCacheTarget+[NoContext]+CreateExpanded+$GET+https://management.azure.com/subscriptions/9e223dbe-3399-4e19-88eb-0975f02ac87f/providers/Microsoft.StorageCache/locations/eastus/ascOperations/93610356-96fc-4df1-a089-9c1ccba381a2?api-version=2023-05-01+2": {
    "Request": {
      "Method": "GET",
      "RequestUri": "https://management.azure.com/subscriptions/9e223dbe-3399-4e19-88eb-0975f02ac87f/providers/Microsoft.StorageCache/locations/eastus/ascOperations/93610356-96fc-4df1-a089-9c1ccba381a2?api-version=2023-05-01",
      "Content": null,
      "isContentBase64": false,
      "Headers": {
        "Authorization": [ "[Filtered]" ],
        "x-ms-unique-id": [ "35" ],
        "x-ms-client-request-id": [ "84df0560-9aa2-42e8-9c01-dbbadeaffcfc" ],
        "CommandName": [ "New-AzStorageCacheTarget" ],
        "FullCommandName": [ "New-AzStorageCacheTarget_CreateExpanded" ],
        "ParameterSetName": [ "__AllParameterSets" ],
        "User-Agent": [ "AzurePowershell/v0.0.0", "PSVersion/v7.3.4", "Az.StorageCache/0.1.0" ]
      },
      "ContentHeaders": {
      }
    },
    "Response": {
      "StatusCode": 200,
      "Headers": {
        "Cache-Control": [ "no-cache" ],
        "Pragma": [ "no-cache" ],
        "x-ms-ratelimit-remaining-resource": [ "Microsoft.Compute/GetOperationStatus1Min;237" ],
        "Strict-Transport-Security": [ "max-age=31536000; includeSubDomains" ],
        "x-ms-served-by": [ "e5a4c888-f47e-4149-a66b-81f70a85cba0_133284935153294162,e5a4c888-f47e-4149-a66b-81f70a85cba0_133284935153294162" ],
        "x-ms-request-id": [ "2a168cb0-b907-4cd6-be16-f6430e78b927" ],
        "Server": [ "Microsoft-HTTPAPI/2.0", "Microsoft-HTTPAPI/2.0" ],
        "x-ms-ratelimit-remaining-subscription-reads": [ "11971" ],
        "x-ms-correlation-request-id": [ "9b968301-f3d1-40b5-b000-3ac37f4ad0f6" ],
        "x-ms-routing-request-id": [ "JAPANEAST:20230704T093807Z:9b968301-f3d1-40b5-b000-3ac37f4ad0f6" ],
        "X-Content-Type-Options": [ "nosniff" ],
        "Date": [ "Tue, 04 Jul 2023 09:38:06 GMT" ]
      },
      "ContentHeaders": {
        "Content-Length": [ "184" ],
        "Content-Type": [ "application/json; charset=utf-8" ],
        "Expires": [ "-1" ]
      },
      "Content": "{\r\n  \"startTime\": \"2023-07-04T09:37:36.5855498+00:00\",\r\n  \"endTime\": \"2023-07-04T09:38:07.0405488+00:00\",\r\n  \"status\": \"Succeeded\",\r\n  \"name\": \"93610356-96fc-4df1-a089-9c1ccba381a2\"\r\n}",
      "isContentBase64": false
    }
  },
  "AzStorageCacheTarget+[NoContext]+CreateExpanded+$GET+https://management.azure.com/subscriptions/9e223dbe-3399-4e19-88eb-0975f02ac87f/resourcegroups/azps_test_gp_storagecache/providers/Microsoft.StorageCache/caches/azps-storagecache/storageTargets/azps-74ou0k?api-version=2023-05-01+3": {
    "Request": {
      "Method": "GET",
      "RequestUri": "https://management.azure.com/subscriptions/9e223dbe-3399-4e19-88eb-0975f02ac87f/resourcegroups/azps_test_gp_storagecache/providers/Microsoft.StorageCache/caches/azps-storagecache/storageTargets/azps-74ou0k?api-version=2023-05-01",
      "Content": null,
      "isContentBase64": false,
      "Headers": {
        "Authorization": [ "[Filtered]" ],
        "x-ms-unique-id": [ "36" ],
        "x-ms-client-request-id": [ "84df0560-9aa2-42e8-9c01-dbbadeaffcfc" ],
        "CommandName": [ "New-AzStorageCacheTarget" ],
        "FullCommandName": [ "New-AzStorageCacheTarget_CreateExpanded" ],
        "ParameterSetName": [ "__AllParameterSets" ],
        "User-Agent": [ "AzurePowershell/v0.0.0", "PSVersion/v7.3.4", "Az.StorageCache/0.1.0" ]
      },
      "ContentHeaders": {
      }
    },
    "Response": {
      "StatusCode": 200,
      "Headers": {
        "Cache-Control": [ "no-cache" ],
        "Pragma": [ "no-cache" ],
        "x-ms-ratelimit-remaining-resource": [ "Microsoft.Compute/GetStorageTarget1Min;119" ],
        "Strict-Transport-Security": [ "max-age=31536000; includeSubDomains" ],
        "x-ms-served-by": [ "e5a4c888-f47e-4149-a66b-81f70a85cba0_133284935153294162,e5a4c888-f47e-4149-a66b-81f70a85cba0_133284935153294162" ],
        "x-ms-request-id": [ "1138f382-1471-4ab8-ba77-53534a7b8fc7" ],
        "Server": [ "Microsoft-HTTPAPI/2.0", "Microsoft-HTTPAPI/2.0" ],
        "x-ms-ratelimit-remaining-subscription-reads": [ "11970" ],
        "x-ms-correlation-request-id": [ "b6620ac0-d252-4f01-8cb3-9bf91b718951" ],
        "x-ms-routing-request-id": [ "JAPANEAST:20230704T093807Z:b6620ac0-d252-4f01-8cb3-9bf91b718951" ],
        "X-Content-Type-Options": [ "nosniff" ],
        "Date": [ "Tue, 04 Jul 2023 09:38:06 GMT" ]
      },
      "ContentHeaders": {
        "Content-Length": [ "880" ],
        "Content-Type": [ "application/json; charset=utf-8" ],
        "Expires": [ "-1" ]
      },
      "Content": "{\r\n  \"name\": \"azps-74ou0k\",\r\n  \"id\": \"/subscriptions/9e223dbe-3399-4e19-88eb-0975f02ac87f/resourceGroups/azps_test_gp_storagecache/providers/Microsoft.StorageCache/caches/azps-storagecache/storageTargets/azps-74ou0k\",\r\n  \"type\": \"Microsoft.StorageCache/caches/storageTargets\",\r\n  \"location\": \"eastus\",\r\n  \"properties\": {\r\n    \"allocationPercentage\": 100,\r\n    \"targetType\": \"nfs3\",\r\n    \"provisioningState\": \"Succeeded\",\r\n    \"state\": \"Ready\",\r\n    \"junctions\": [],\r\n    \"nfs3\": {\r\n      \"target\": \"110.0.44.44\",\r\n      \"usageModel\": \"READ_WRITE\",\r\n      \"verificationTimer\": 30\r\n    }\r\n  },\r\n  \"systemData\": {\r\n    \"createdBy\": \"v-jinpel@microsoft.com\",\r\n    \"createdByType\": \"User\",\r\n    \"createdAt\": \"2023-07-04T09:37:36.3262332Z\",\r\n    \"lastModifiedBy\": \"v-jinpel@microsoft.com\",\r\n    \"lastModifiedByType\": \"User\",\r\n    \"lastModifiedAt\": \"2023-07-04T09:37:36.3262332Z\"\r\n  }\r\n}",
      "isContentBase64": false
    }
  },
  "AzStorageCacheTarget+[NoContext]+Invalidate+$POST+https://management.azure.com/subscriptions/9e223dbe-3399-4e19-88eb-0975f02ac87f/resourcegroups/azps_test_gp_storagecache/providers/Microsoft.StorageCache/caches/azps-storagecache/storageTargets/azps-74ou0k/invalidate?api-version=2023-05-01+1": {
    "Request": {
      "Method": "POST",
      "RequestUri": "https://management.azure.com/subscriptions/9e223dbe-3399-4e19-88eb-0975f02ac87f/resourcegroups/azps_test_gp_storagecache/providers/Microsoft.StorageCache/caches/azps-storagecache/storageTargets/azps-74ou0k/invalidate?api-version=2023-05-01",
      "Content": null,
      "isContentBase64": false,
      "Headers": {
        "x-ms-unique-id": [ "37" ],
        "x-ms-client-request-id": [ "ce8dabfb-8e7b-4013-82ef-cbcfadbd70a6" ],
        "CommandName": [ "Invoke-AzStorageCacheInvalidateTarget" ],
        "FullCommandName": [ "Invoke-AzStorageCacheInvalidateTarget_Invalidate" ],
        "ParameterSetName": [ "__AllParameterSets" ],
        "User-Agent": [ "AzurePowershell/v0.0.0", "PSVersion/v7.3.4", "Az.StorageCache/0.1.0" ],
        "Authorization": [ "[Filtered]" ]
      },
      "ContentHeaders": {
      }
    },
    "Response": {
      "StatusCode": 202,
      "Headers": {
        "Cache-Control": [ "no-cache" ],
        "Pragma": [ "no-cache" ],
        "Location": [ "https://management.azure.com/subscriptions/9e223dbe-3399-4e19-88eb-0975f02ac87f/providers/Microsoft.StorageCache/locations/eastus/ascOperations/14555783-e939-4f0e-bae7-823a77183ffe?monitor=true\u0026api-version=2023-05-01" ],
        "Azure-AsyncOperation": [ "https://management.azure.com/subscriptions/9e223dbe-3399-4e19-88eb-0975f02ac87f/providers/Microsoft.StorageCache/locations/eastus/ascOperations/14555783-e939-4f0e-bae7-823a77183ffe?api-version=2023-05-01" ],
        "x-ms-ratelimit-remaining-resource": [ "Microsoft.Compute/FlushOrInvalidateStorageTarget5Min;119" ],
        "Strict-Transport-Security": [ "max-age=31536000; includeSubDomains" ],
        "x-ms-served-by": [ "e5a4c888-f47e-4149-a66b-81f70a85cba0_133284935153294162,e5a4c888-f47e-4149-a66b-81f70a85cba0_133284935153294162" ],
        "x-ms-request-id": [ "14555783-e939-4f0e-bae7-823a77183ffe" ],
        "Server": [ "Microsoft-HTTPAPI/2.0", "Microsoft-HTTPAPI/2.0" ],
        "x-ms-ratelimit-remaining-subscription-writes": [ "1197" ],
        "x-ms-correlation-request-id": [ "57466f04-dd55-4b0c-a7ab-64443a1ab117" ],
        "x-ms-routing-request-id": [ "JAPANEAST:20230704T093808Z:57466f04-dd55-4b0c-a7ab-64443a1ab117" ],
        "X-Content-Type-Options": [ "nosniff" ],
        "Date": [ "Tue, 04 Jul 2023 09:38:07 GMT" ]
      },
      "ContentHeaders": {
        "Expires": [ "-1" ],
        "Content-Length": [ "0" ]
      },
      "Content": null,
      "isContentBase64": false
    }
  },
  "AzStorageCacheTarget+[NoContext]+Invalidate+$GET+https://management.azure.com/subscriptions/9e223dbe-3399-4e19-88eb-0975f02ac87f/providers/Microsoft.StorageCache/locations/eastus/ascOperations/14555783-e939-4f0e-bae7-823a77183ffe?api-version=2023-05-01+2": {
    "Request": {
      "Method": "GET",
      "RequestUri": "https://management.azure.com/subscriptions/9e223dbe-3399-4e19-88eb-0975f02ac87f/providers/Microsoft.StorageCache/locations/eastus/ascOperations/14555783-e939-4f0e-bae7-823a77183ffe?api-version=2023-05-01",
      "Content": null,
      "isContentBase64": false,
      "Headers": {
        "Authorization": [ "[Filtered]" ],
        "x-ms-unique-id": [ "38" ],
        "x-ms-client-request-id": [ "ce8dabfb-8e7b-4013-82ef-cbcfadbd70a6" ],
        "CommandName": [ "Invoke-AzStorageCacheInvalidateTarget" ],
        "FullCommandName": [ "Invoke-AzStorageCacheInvalidateTarget_Invalidate" ],
        "ParameterSetName": [ "__AllParameterSets" ],
        "User-Agent": [ "AzurePowershell/v0.0.0", "PSVersion/v7.3.4", "Az.StorageCache/0.1.0" ]
      },
      "ContentHeaders": {
      }
    },
    "Response": {
      "StatusCode": 200,
      "Headers": {
        "Cache-Control": [ "no-cache" ],
        "Pragma": [ "no-cache" ],
        "x-ms-ratelimit-remaining-resource": [ "Microsoft.Compute/GetOperationStatus1Min;235" ],
        "Strict-Transport-Security": [ "max-age=31536000; includeSubDomains" ],
        "x-ms-served-by": [ "e5a4c888-f47e-4149-a66b-81f70a85cba0_133284935153294162,e5a4c888-f47e-4149-a66b-81f70a85cba0_133284935153294162" ],
        "x-ms-request-id": [ "3034106b-5671-4b73-8a25-05b239c6c15f" ],
        "Server": [ "Microsoft-HTTPAPI/2.0", "Microsoft-HTTPAPI/2.0" ],
        "x-ms-ratelimit-remaining-subscription-reads": [ "11969" ],
        "x-ms-correlation-request-id": [ "dff72b77-e239-4d34-bbc4-e03bde718db3" ],
        "x-ms-routing-request-id": [ "JAPANEAST:20230704T093838Z:dff72b77-e239-4d34-bbc4-e03bde718db3" ],
        "X-Content-Type-Options": [ "nosniff" ],
        "Date": [ "Tue, 04 Jul 2023 09:38:38 GMT" ]
      },
      "ContentHeaders": {
        "Content-Length": [ "134" ],
        "Content-Type": [ "application/json; charset=utf-8" ],
        "Expires": [ "-1" ]
      },
      "Content": "{\r\n  \"startTime\": \"2023-07-04T09:38:08.1030797+00:00\",\r\n  \"status\": \"InProgress\",\r\n  \"name\": \"14555783-e939-4f0e-bae7-823a77183ffe\"\r\n}",
      "isContentBase64": false
    }
  },
  "AzStorageCacheTarget+[NoContext]+Invalidate+$GET+https://management.azure.com/subscriptions/9e223dbe-3399-4e19-88eb-0975f02ac87f/providers/Microsoft.StorageCache/locations/eastus/ascOperations/14555783-e939-4f0e-bae7-823a77183ffe?api-version=2023-05-01+3": {
    "Request": {
      "Method": "GET",
      "RequestUri": "https://management.azure.com/subscriptions/9e223dbe-3399-4e19-88eb-0975f02ac87f/providers/Microsoft.StorageCache/locations/eastus/ascOperations/14555783-e939-4f0e-bae7-823a77183ffe?api-version=2023-05-01",
      "Content": null,
      "isContentBase64": false,
      "Headers": {
        "Authorization": [ "[Filtered]" ],
        "x-ms-unique-id": [ "39" ],
        "x-ms-client-request-id": [ "ce8dabfb-8e7b-4013-82ef-cbcfadbd70a6" ],
        "CommandName": [ "Invoke-AzStorageCacheInvalidateTarget" ],
        "FullCommandName": [ "Invoke-AzStorageCacheInvalidateTarget_Invalidate" ],
        "ParameterSetName": [ "__AllParameterSets" ],
        "User-Agent": [ "AzurePowershell/v0.0.0", "PSVersion/v7.3.4", "Az.StorageCache/0.1.0" ]
      },
      "ContentHeaders": {
      }
    },
    "Response": {
      "StatusCode": 200,
      "Headers": {
        "Cache-Control": [ "no-cache" ],
        "Pragma": [ "no-cache" ],
        "x-ms-ratelimit-remaining-resource": [ "Microsoft.Compute/GetOperationStatus1Min;235" ],
        "Strict-Transport-Security": [ "max-age=31536000; includeSubDomains" ],
        "x-ms-served-by": [ "e5a4c888-f47e-4149-a66b-81f70a85cba0_133284935153294162,e5a4c888-f47e-4149-a66b-81f70a85cba0_133284935153294162" ],
        "x-ms-request-id": [ "e10738a4-8348-4bc3-99d3-3c29bd0e74d1" ],
        "Server": [ "Microsoft-HTTPAPI/2.0", "Microsoft-HTTPAPI/2.0" ],
        "x-ms-ratelimit-remaining-subscription-reads": [ "11968" ],
        "x-ms-correlation-request-id": [ "92cd4ded-5108-4c02-a35b-678f71054ec4" ],
        "x-ms-routing-request-id": [ "JAPANEAST:20230704T093908Z:92cd4ded-5108-4c02-a35b-678f71054ec4" ],
        "X-Content-Type-Options": [ "nosniff" ],
        "Date": [ "Tue, 04 Jul 2023 09:39:08 GMT" ]
      },
      "ContentHeaders": {
        "Content-Length": [ "234" ],
        "Content-Type": [ "application/json; charset=utf-8" ],
        "Expires": [ "-1" ]
      },
      "Content": "{\r\n  \"startTime\": \"2023-07-04T09:38:08.1030797+00:00\",\r\n  \"endTime\": \"2023-07-04T09:38:51.0787824+00:00\",\r\n  \"status\": \"Succeeded\",\r\n  \"properties\": {\r\n    \"output\": \"success\"\r\n  },\r\n  \"name\": \"14555783-e939-4f0e-bae7-823a77183ffe\"\r\n}",
      "isContentBase64": false
    }
  },
  "AzStorageCacheTarget+[NoContext]+Invalidate+$GET+https://management.azure.com/subscriptions/9e223dbe-3399-4e19-88eb-0975f02ac87f/providers/Microsoft.StorageCache/locations/eastus/ascOperations/14555783-e939-4f0e-bae7-823a77183ffe?api-version=2023-05-01+4": {
    "Request": {
      "Method": "GET",
      "RequestUri": "https://management.azure.com/subscriptions/9e223dbe-3399-4e19-88eb-0975f02ac87f/providers/Microsoft.StorageCache/locations/eastus/ascOperations/14555783-e939-4f0e-bae7-823a77183ffe?api-version=2023-05-01",
      "Content": null,
      "isContentBase64": false,
      "Headers": {
        "Authorization": [ "[Filtered]" ],
        "x-ms-unique-id": [ "40" ],
        "x-ms-client-request-id": [ "ce8dabfb-8e7b-4013-82ef-cbcfadbd70a6" ],
        "CommandName": [ "Invoke-AzStorageCacheInvalidateTarget" ],
        "FullCommandName": [ "Invoke-AzStorageCacheInvalidateTarget_Invalidate" ],
        "ParameterSetName": [ "__AllParameterSets" ],
        "User-Agent": [ "AzurePowershell/v0.0.0", "PSVersion/v7.3.4", "Az.StorageCache/0.1.0" ]
      },
      "ContentHeaders": {
      }
    },
    "Response": {
      "StatusCode": 200,
      "Headers": {
        "Cache-Control": [ "no-cache" ],
        "Pragma": [ "no-cache" ],
        "x-ms-ratelimit-remaining-resource": [ "Microsoft.Compute/GetOperationStatus1Min;234" ],
        "Strict-Transport-Security": [ "max-age=31536000; includeSubDomains" ],
        "x-ms-served-by": [ "e5a4c888-f47e-4149-a66b-81f70a85cba0_133284935153294162,e5a4c888-f47e-4149-a66b-81f70a85cba0_133284935153294162" ],
        "x-ms-request-id": [ "8339f32f-bd0f-469a-afc6-591dd735fd60" ],
        "Server": [ "Microsoft-HTTPAPI/2.0", "Microsoft-HTTPAPI/2.0" ],
        "x-ms-ratelimit-remaining-subscription-reads": [ "11967" ],
        "x-ms-correlation-request-id": [ "0625504f-de7d-480f-9c60-f8f68f0cf0c3" ],
        "x-ms-routing-request-id": [ "JAPANEAST:20230704T093909Z:0625504f-de7d-480f-9c60-f8f68f0cf0c3" ],
        "X-Content-Type-Options": [ "nosniff" ],
        "Date": [ "Tue, 04 Jul 2023 09:39:08 GMT" ]
      },
      "ContentHeaders": {
        "Content-Length": [ "234" ],
        "Content-Type": [ "application/json; charset=utf-8" ],
        "Expires": [ "-1" ]
      },
      "Content": "{\r\n  \"startTime\": \"2023-07-04T09:38:08.1030797+00:00\",\r\n  \"endTime\": \"2023-07-04T09:38:51.0787824+00:00\",\r\n  \"status\": \"Succeeded\",\r\n  \"properties\": {\r\n    \"output\": \"success\"\r\n  },\r\n  \"name\": \"14555783-e939-4f0e-bae7-823a77183ffe\"\r\n}",
      "isContentBase64": false
    }
  },
  "AzStorageCacheTarget+[NoContext]+Resume+$POST+https://management.azure.com/subscriptions/9e223dbe-3399-4e19-88eb-0975f02ac87f/resourcegroups/azps_test_gp_storagecache/providers/Microsoft.StorageCache/caches/azps-storagecache/storageTargets/azps-74ou0k/resume?api-version=2023-05-01+1": {
    "Request": {
      "Method": "POST",
      "RequestUri": "https://management.azure.com/subscriptions/9e223dbe-3399-4e19-88eb-0975f02ac87f/resourcegroups/azps_test_gp_storagecache/providers/Microsoft.StorageCache/caches/azps-storagecache/storageTargets/azps-74ou0k/resume?api-version=2023-05-01",
      "Content": null,
      "isContentBase64": false,
      "Headers": {
        "x-ms-unique-id": [ "41" ],
        "x-ms-client-request-id": [ "d48e3313-6b96-4f96-98fd-b3542eb4209c" ],
        "CommandName": [ "Resume-AzStorageCacheTarget" ],
        "FullCommandName": [ "Resume-AzStorageCacheTarget_Resume" ],
        "ParameterSetName": [ "__AllParameterSets" ],
        "User-Agent": [ "AzurePowershell/v0.0.0", "PSVersion/v7.3.4", "Az.StorageCache/0.1.0" ],
        "Authorization": [ "[Filtered]" ]
      },
      "ContentHeaders": {
      }
    },
    "Response": {
      "StatusCode": 202,
      "Headers": {
        "Cache-Control": [ "no-cache" ],
        "Pragma": [ "no-cache" ],
        "Location": [ "https://management.azure.com/subscriptions/9e223dbe-3399-4e19-88eb-0975f02ac87f/providers/Microsoft.StorageCache/locations/eastus/ascOperations/f237211c-7d99-4eae-9c7e-acdf530b17dc?monitor=true\u0026api-version=2023-05-01" ],
        "Azure-AsyncOperation": [ "https://management.azure.com/subscriptions/9e223dbe-3399-4e19-88eb-0975f02ac87f/providers/Microsoft.StorageCache/locations/eastus/ascOperations/f237211c-7d99-4eae-9c7e-acdf530b17dc?api-version=2023-05-01" ],
        "x-ms-ratelimit-remaining-resource": [ "Microsoft.Compute/ResumeOrSuspendStorageTarget1Min;239" ],
        "Strict-Transport-Security": [ "max-age=31536000; includeSubDomains" ],
        "x-ms-served-by": [ "e5a4c888-f47e-4149-a66b-81f70a85cba0_133284935153294162,e5a4c888-f47e-4149-a66b-81f70a85cba0_133284935153294162" ],
        "x-ms-request-id": [ "f237211c-7d99-4eae-9c7e-acdf530b17dc" ],
        "Server": [ "Microsoft-HTTPAPI/2.0", "Microsoft-HTTPAPI/2.0" ],
        "x-ms-ratelimit-remaining-subscription-writes": [ "1196" ],
        "x-ms-correlation-request-id": [ "9625b817-151e-4fc1-854c-a5041f4a2696" ],
        "x-ms-routing-request-id": [ "JAPANEAST:20230704T093910Z:9625b817-151e-4fc1-854c-a5041f4a2696" ],
        "X-Content-Type-Options": [ "nosniff" ],
        "Date": [ "Tue, 04 Jul 2023 09:39:09 GMT" ]
      },
      "ContentHeaders": {
        "Expires": [ "-1" ],
        "Content-Length": [ "0" ]
      },
      "Content": null,
      "isContentBase64": false
    }
  },
  "AzStorageCacheTarget+[NoContext]+Resume+$GET+https://management.azure.com/subscriptions/9e223dbe-3399-4e19-88eb-0975f02ac87f/providers/Microsoft.StorageCache/locations/eastus/ascOperations/f237211c-7d99-4eae-9c7e-acdf530b17dc?api-version=2023-05-01+2": {
    "Request": {
      "Method": "GET",
      "RequestUri": "https://management.azure.com/subscriptions/9e223dbe-3399-4e19-88eb-0975f02ac87f/providers/Microsoft.StorageCache/locations/eastus/ascOperations/f237211c-7d99-4eae-9c7e-acdf530b17dc?api-version=2023-05-01",
      "Content": null,
      "isContentBase64": false,
      "Headers": {
        "Authorization": [ "[Filtered]" ],
        "x-ms-unique-id": [ "42" ],
        "x-ms-client-request-id": [ "d48e3313-6b96-4f96-98fd-b3542eb4209c" ],
        "CommandName": [ "Resume-AzStorageCacheTarget" ],
        "FullCommandName": [ "Resume-AzStorageCacheTarget_Resume" ],
        "ParameterSetName": [ "__AllParameterSets" ],
        "User-Agent": [ "AzurePowershell/v0.0.0", "PSVersion/v7.3.4", "Az.StorageCache/0.1.0" ]
      },
      "ContentHeaders": {
      }
    },
    "Response": {
      "StatusCode": 200,
      "Headers": {
        "Cache-Control": [ "no-cache" ],
        "Pragma": [ "no-cache" ],
        "x-ms-ratelimit-remaining-resource": [ "Microsoft.Compute/GetOperationStatus1Min;235" ],
        "Strict-Transport-Security": [ "max-age=31536000; includeSubDomains" ],
        "x-ms-served-by": [ "e5a4c888-f47e-4149-a66b-81f70a85cba0_133284935153294162,e5a4c888-f47e-4149-a66b-81f70a85cba0_133284935153294162" ],
        "x-ms-request-id": [ "7c87a078-4002-4899-82f1-f1186c3b030c" ],
        "Server": [ "Microsoft-HTTPAPI/2.0", "Microsoft-HTTPAPI/2.0" ],
        "x-ms-ratelimit-remaining-subscription-reads": [ "11966" ],
        "x-ms-correlation-request-id": [ "d8f07a40-1b2b-4b09-8572-9f81917da423" ],
        "x-ms-routing-request-id": [ "JAPANEAST:20230704T093941Z:d8f07a40-1b2b-4b09-8572-9f81917da423" ],
        "X-Content-Type-Options": [ "nosniff" ],
        "Date": [ "Tue, 04 Jul 2023 09:39:40 GMT" ]
      },
      "ContentHeaders": {
        "Content-Length": [ "234" ],
        "Content-Type": [ "application/json; charset=utf-8" ],
        "Expires": [ "-1" ]
      },
      "Content": "{\r\n  \"startTime\": \"2023-07-04T09:39:10.5638855+00:00\",\r\n  \"endTime\": \"2023-07-04T09:39:11.7682023+00:00\",\r\n  \"status\": \"Succeeded\",\r\n  \"properties\": {\r\n    \"output\": \"success\"\r\n  },\r\n  \"name\": \"f237211c-7d99-4eae-9c7e-acdf530b17dc\"\r\n}",
      "isContentBase64": false
    }
  },
  "AzStorageCacheTarget+[NoContext]+Resume+$GET+https://management.azure.com/subscriptions/9e223dbe-3399-4e19-88eb-0975f02ac87f/providers/Microsoft.StorageCache/locations/eastus/ascOperations/f237211c-7d99-4eae-9c7e-acdf530b17dc?api-version=2023-05-01+3": {
    "Request": {
      "Method": "GET",
      "RequestUri": "https://management.azure.com/subscriptions/9e223dbe-3399-4e19-88eb-0975f02ac87f/providers/Microsoft.StorageCache/locations/eastus/ascOperations/f237211c-7d99-4eae-9c7e-acdf530b17dc?api-version=2023-05-01",
      "Content": null,
      "isContentBase64": false,
      "Headers": {
        "Authorization": [ "[Filtered]" ],
        "x-ms-unique-id": [ "43" ],
        "x-ms-client-request-id": [ "d48e3313-6b96-4f96-98fd-b3542eb4209c" ],
        "CommandName": [ "Resume-AzStorageCacheTarget" ],
        "FullCommandName": [ "Resume-AzStorageCacheTarget_Resume" ],
        "ParameterSetName": [ "__AllParameterSets" ],
        "User-Agent": [ "AzurePowershell/v0.0.0", "PSVersion/v7.3.4", "Az.StorageCache/0.1.0" ]
      },
      "ContentHeaders": {
      }
    },
    "Response": {
      "StatusCode": 200,
      "Headers": {
        "Cache-Control": [ "no-cache" ],
        "Pragma": [ "no-cache" ],
        "x-ms-ratelimit-remaining-resource": [ "Microsoft.Compute/GetOperationStatus1Min;234" ],
        "Strict-Transport-Security": [ "max-age=31536000; includeSubDomains" ],
        "x-ms-served-by": [ "e5a4c888-f47e-4149-a66b-81f70a85cba0_133284935153294162,e5a4c888-f47e-4149-a66b-81f70a85cba0_133284935153294162" ],
        "x-ms-request-id": [ "dd3fa21c-c3e3-46ff-80ca-d8cac4b5d20a" ],
        "Server": [ "Microsoft-HTTPAPI/2.0", "Microsoft-HTTPAPI/2.0" ],
        "x-ms-ratelimit-remaining-subscription-reads": [ "11965" ],
        "x-ms-correlation-request-id": [ "41bfa3c8-6004-4b5b-864a-aa4d5f6b2f65" ],
        "x-ms-routing-request-id": [ "JAPANEAST:20230704T093941Z:41bfa3c8-6004-4b5b-864a-aa4d5f6b2f65" ],
        "X-Content-Type-Options": [ "nosniff" ],
        "Date": [ "Tue, 04 Jul 2023 09:39:40 GMT" ]
      },
      "ContentHeaders": {
        "Content-Length": [ "234" ],
        "Content-Type": [ "application/json; charset=utf-8" ],
        "Expires": [ "-1" ]
      },
      "Content": "{\r\n  \"startTime\": \"2023-07-04T09:39:10.5638855+00:00\",\r\n  \"endTime\": \"2023-07-04T09:39:11.7682023+00:00\",\r\n  \"status\": \"Succeeded\",\r\n  \"properties\": {\r\n    \"output\": \"success\"\r\n  },\r\n  \"name\": \"f237211c-7d99-4eae-9c7e-acdf530b17dc\"\r\n}",
      "isContentBase64": false
    }
  },
  "AzStorageCacheTarget+[NoContext]+Suspend+$POST+https://management.azure.com/subscriptions/9e223dbe-3399-4e19-88eb-0975f02ac87f/resourcegroups/azps_test_gp_storagecache/providers/Microsoft.StorageCache/caches/azps-storagecache/storageTargets/azps-74ou0k/suspend?api-version=2023-05-01+1": {
    "Request": {
      "Method": "POST",
      "RequestUri": "https://management.azure.com/subscriptions/9e223dbe-3399-4e19-88eb-0975f02ac87f/resourcegroups/azps_test_gp_storagecache/providers/Microsoft.StorageCache/caches/azps-storagecache/storageTargets/azps-74ou0k/suspend?api-version=2023-05-01",
      "Content": null,
      "isContentBase64": false,
      "Headers": {
        "x-ms-unique-id": [ "44" ],
        "x-ms-client-request-id": [ "a9885125-fab2-4169-b5fd-2af14013b5f7" ],
        "CommandName": [ "Suspend-AzStorageCacheTarget" ],
        "FullCommandName": [ "Suspend-AzStorageCacheTarget_Suspend" ],
        "ParameterSetName": [ "__AllParameterSets" ],
        "User-Agent": [ "AzurePowershell/v0.0.0", "PSVersion/v7.3.4", "Az.StorageCache/0.1.0" ],
        "Authorization": [ "[Filtered]" ]
      },
      "ContentHeaders": {
      }
    },
    "Response": {
      "StatusCode": 202,
      "Headers": {
        "Cache-Control": [ "no-cache" ],
        "Pragma": [ "no-cache" ],
        "Location": [ "https://management.azure.com/subscriptions/9e223dbe-3399-4e19-88eb-0975f02ac87f/providers/Microsoft.StorageCache/locations/eastus/ascOperations/769ef276-09b9-48cd-91e8-6cc85d4cdc01?monitor=true\u0026api-version=2023-05-01" ],
        "Azure-AsyncOperation": [ "https://management.azure.com/subscriptions/9e223dbe-3399-4e19-88eb-0975f02ac87f/providers/Microsoft.StorageCache/locations/eastus/ascOperations/769ef276-09b9-48cd-91e8-6cc85d4cdc01?api-version=2023-05-01" ],
        "x-ms-ratelimit-remaining-resource": [ "Microsoft.Compute/ResumeOrSuspendStorageTarget1Min;238" ],
        "Strict-Transport-Security": [ "max-age=31536000; includeSubDomains" ],
        "x-ms-served-by": [ "e5a4c888-f47e-4149-a66b-81f70a85cba0_133284935153294162,e5a4c888-f47e-4149-a66b-81f70a85cba0_133284935153294162" ],
        "x-ms-request-id": [ "769ef276-09b9-48cd-91e8-6cc85d4cdc01" ],
        "Server": [ "Microsoft-HTTPAPI/2.0", "Microsoft-HTTPAPI/2.0" ],
        "x-ms-ratelimit-remaining-subscription-writes": [ "1195" ],
        "x-ms-correlation-request-id": [ "8e4865c5-5a9c-48f6-8014-82ca2dc96117" ],
        "x-ms-routing-request-id": [ "JAPANEAST:20230704T093941Z:8e4865c5-5a9c-48f6-8014-82ca2dc96117" ],
        "X-Content-Type-Options": [ "nosniff" ],
        "Date": [ "Tue, 04 Jul 2023 09:39:41 GMT" ]
      },
      "ContentHeaders": {
        "Expires": [ "-1" ],
        "Content-Length": [ "0" ]
      },
      "Content": null,
      "isContentBase64": false
    }
  },
  "AzStorageCacheTarget+[NoContext]+Suspend+$GET+https://management.azure.com/subscriptions/9e223dbe-3399-4e19-88eb-0975f02ac87f/providers/Microsoft.StorageCache/locations/eastus/ascOperations/769ef276-09b9-48cd-91e8-6cc85d4cdc01?api-version=2023-05-01+2": {
    "Request": {
      "Method": "GET",
      "RequestUri": "https://management.azure.com/subscriptions/9e223dbe-3399-4e19-88eb-0975f02ac87f/providers/Microsoft.StorageCache/locations/eastus/ascOperations/769ef276-09b9-48cd-91e8-6cc85d4cdc01?api-version=2023-05-01",
      "Content": null,
      "isContentBase64": false,
      "Headers": {
        "Authorization": [ "[Filtered]" ],
        "x-ms-unique-id": [ "45" ],
        "x-ms-client-request-id": [ "a9885125-fab2-4169-b5fd-2af14013b5f7" ],
        "CommandName": [ "Suspend-AzStorageCacheTarget" ],
        "FullCommandName": [ "Suspend-AzStorageCacheTarget_Suspend" ],
        "ParameterSetName": [ "__AllParameterSets" ],
        "User-Agent": [ "AzurePowershell/v0.0.0", "PSVersion/v7.3.4", "Az.StorageCache/0.1.0" ]
      },
      "ContentHeaders": {
      }
    },
    "Response": {
      "StatusCode": 200,
      "Headers": {
        "Cache-Control": [ "no-cache" ],
        "Pragma": [ "no-cache" ],
        "x-ms-ratelimit-remaining-resource": [ "Microsoft.Compute/GetOperationStatus1Min;235" ],
        "Strict-Transport-Security": [ "max-age=31536000; includeSubDomains" ],
        "x-ms-served-by": [ "e5a4c888-f47e-4149-a66b-81f70a85cba0_133284935153294162,e5a4c888-f47e-4149-a66b-81f70a85cba0_133284935153294162" ],
        "x-ms-request-id": [ "ef34fe3b-c1ee-441c-8930-945f6001c1f0" ],
        "Server": [ "Microsoft-HTTPAPI/2.0", "Microsoft-HTTPAPI/2.0" ],
        "x-ms-ratelimit-remaining-subscription-reads": [ "11964" ],
        "x-ms-correlation-request-id": [ "08845a76-b4dd-437c-8130-2ab59cbce50c" ],
        "x-ms-routing-request-id": [ "JAPANEAST:20230704T094012Z:08845a76-b4dd-437c-8130-2ab59cbce50c" ],
        "X-Content-Type-Options": [ "nosniff" ],
        "Date": [ "Tue, 04 Jul 2023 09:40:12 GMT" ]
      },
      "ContentHeaders": {
        "Content-Length": [ "234" ],
        "Content-Type": [ "application/json; charset=utf-8" ],
        "Expires": [ "-1" ]
      },
      "Content": "{\r\n  \"startTime\": \"2023-07-04T09:39:41.8255116+00:00\",\r\n  \"endTime\": \"2023-07-04T09:39:43.0598914+00:00\",\r\n  \"status\": \"Succeeded\",\r\n  \"properties\": {\r\n    \"output\": \"success\"\r\n  },\r\n  \"name\": \"769ef276-09b9-48cd-91e8-6cc85d4cdc01\"\r\n}",
      "isContentBase64": false
    }
  },
  "AzStorageCacheTarget+[NoContext]+Suspend+$GET+https://management.azure.com/subscriptions/9e223dbe-3399-4e19-88eb-0975f02ac87f/providers/Microsoft.StorageCache/locations/eastus/ascOperations/769ef276-09b9-48cd-91e8-6cc85d4cdc01?api-version=2023-05-01+3": {
    "Request": {
      "Method": "GET",
      "RequestUri": "https://management.azure.com/subscriptions/9e223dbe-3399-4e19-88eb-0975f02ac87f/providers/Microsoft.StorageCache/locations/eastus/ascOperations/769ef276-09b9-48cd-91e8-6cc85d4cdc01?api-version=2023-05-01",
      "Content": null,
      "isContentBase64": false,
      "Headers": {
        "Authorization": [ "[Filtered]" ],
        "x-ms-unique-id": [ "46" ],
        "x-ms-client-request-id": [ "a9885125-fab2-4169-b5fd-2af14013b5f7" ],
        "CommandName": [ "Suspend-AzStorageCacheTarget" ],
        "FullCommandName": [ "Suspend-AzStorageCacheTarget_Suspend" ],
        "ParameterSetName": [ "__AllParameterSets" ],
        "User-Agent": [ "AzurePowershell/v0.0.0", "PSVersion/v7.3.4", "Az.StorageCache/0.1.0" ]
      },
      "ContentHeaders": {
      }
    },
    "Response": {
      "StatusCode": 200,
      "Headers": {
        "Cache-Control": [ "no-cache" ],
        "Pragma": [ "no-cache" ],
        "x-ms-ratelimit-remaining-resource": [ "Microsoft.Compute/GetOperationStatus1Min;234" ],
        "Strict-Transport-Security": [ "max-age=31536000; includeSubDomains" ],
        "x-ms-served-by": [ "e5a4c888-f47e-4149-a66b-81f70a85cba0_133284935153294162,e5a4c888-f47e-4149-a66b-81f70a85cba0_133284935153294162" ],
        "x-ms-request-id": [ "d018f609-1d40-4623-ae4d-ba1c8802fa4d" ],
        "Server": [ "Microsoft-HTTPAPI/2.0", "Microsoft-HTTPAPI/2.0" ],
        "x-ms-ratelimit-remaining-subscription-reads": [ "11963" ],
        "x-ms-correlation-request-id": [ "c0272c9c-6567-4095-af86-a9560dfbfb8e" ],
        "x-ms-routing-request-id": [ "JAPANEAST:20230704T094012Z:c0272c9c-6567-4095-af86-a9560dfbfb8e" ],
        "X-Content-Type-Options": [ "nosniff" ],
        "Date": [ "Tue, 04 Jul 2023 09:40:12 GMT" ]
      },
      "ContentHeaders": {
        "Content-Length": [ "234" ],
        "Content-Type": [ "application/json; charset=utf-8" ],
        "Expires": [ "-1" ]
      },
      "Content": "{\r\n  \"startTime\": \"2023-07-04T09:39:41.8255116+00:00\",\r\n  \"endTime\": \"2023-07-04T09:39:43.0598914+00:00\",\r\n  \"status\": \"Succeeded\",\r\n  \"properties\": {\r\n    \"output\": \"success\"\r\n  },\r\n  \"name\": \"769ef276-09b9-48cd-91e8-6cc85d4cdc01\"\r\n}",
      "isContentBase64": false
    }
  },
  "AzStorageCacheTarget+[NoContext]+Refresh+$POST+https://management.azure.com/subscriptions/9e223dbe-3399-4e19-88eb-0975f02ac87f/resourcegroups/azps_test_gp_storagecache/providers/Microsoft.StorageCache/caches/azps-storagecache/storageTargets/azps-74ou0k/dnsRefresh?api-version=2023-05-01+1": {
    "Request": {
      "Method": "POST",
      "RequestUri": "https://management.azure.com/subscriptions/9e223dbe-3399-4e19-88eb-0975f02ac87f/resourcegroups/azps_test_gp_storagecache/providers/Microsoft.StorageCache/caches/azps-storagecache/storageTargets/azps-74ou0k/dnsRefresh?api-version=2023-05-01",
      "Content": null,
      "isContentBase64": false,
      "Headers": {
        "x-ms-unique-id": [ "47" ],
        "x-ms-client-request-id": [ "7e255092-cd0d-4ef9-a52b-3526c72abcaa" ],
        "CommandName": [ "Update-AzStorageCacheTargetDns" ],
        "FullCommandName": [ "Update-AzStorageCacheTargetDns_Refresh" ],
        "ParameterSetName": [ "__AllParameterSets" ],
        "User-Agent": [ "AzurePowershell/v0.0.0", "PSVersion/v7.3.4", "Az.StorageCache/0.1.0" ],
        "Authorization": [ "[Filtered]" ]
      },
      "ContentHeaders": {
      }
    },
    "Response": {
      "StatusCode": 202,
      "Headers": {
        "Cache-Control": [ "no-cache" ],
        "Pragma": [ "no-cache" ],
        "Location": [ "https://management.azure.com/subscriptions/9e223dbe-3399-4e19-88eb-0975f02ac87f/providers/Microsoft.StorageCache/locations/eastus/ascOperations/39d9573f-d7a0-4a94-af9c-27b0e49e5d05?monitor=true\u0026api-version=2023-05-01" ],
        "Azure-AsyncOperation": [ "https://management.azure.com/subscriptions/9e223dbe-3399-4e19-88eb-0975f02ac87f/providers/Microsoft.StorageCache/locations/eastus/ascOperations/39d9573f-d7a0-4a94-af9c-27b0e49e5d05?api-version=2023-05-01" ],
        "x-ms-ratelimit-remaining-resource": [ "Microsoft.Compute/DnsRefreshStorageTarget1Min;89" ],
        "Strict-Transport-Security": [ "max-age=31536000; includeSubDomains" ],
        "x-ms-served-by": [ "e5a4c888-f47e-4149-a66b-81f70a85cba0_133284935153294162,e5a4c888-f47e-4149-a66b-81f70a85cba0_133284935153294162" ],
        "x-ms-request-id": [ "39d9573f-d7a0-4a94-af9c-27b0e49e5d05" ],
        "Server": [ "Microsoft-HTTPAPI/2.0", "Microsoft-HTTPAPI/2.0" ],
        "x-ms-ratelimit-remaining-subscription-writes": [ "1194" ],
        "x-ms-correlation-request-id": [ "0b364406-17fe-4eb9-925d-5b2be0485f91" ],
        "x-ms-routing-request-id": [ "JAPANEAST:20230704T094013Z:0b364406-17fe-4eb9-925d-5b2be0485f91" ],
        "X-Content-Type-Options": [ "nosniff" ],
        "Date": [ "Tue, 04 Jul 2023 09:40:13 GMT" ]
      },
      "ContentHeaders": {
        "Expires": [ "-1" ],
        "Content-Length": [ "0" ]
      },
      "Content": null,
      "isContentBase64": false
    }
  },
  "AzStorageCacheTarget+[NoContext]+Refresh+$GET+https://management.azure.com/subscriptions/9e223dbe-3399-4e19-88eb-0975f02ac87f/providers/Microsoft.StorageCache/locations/eastus/ascOperations/39d9573f-d7a0-4a94-af9c-27b0e49e5d05?api-version=2023-05-01+2": {
    "Request": {
      "Method": "GET",
      "RequestUri": "https://management.azure.com/subscriptions/9e223dbe-3399-4e19-88eb-0975f02ac87f/providers/Microsoft.StorageCache/locations/eastus/ascOperations/39d9573f-d7a0-4a94-af9c-27b0e49e5d05?api-version=2023-05-01",
      "Content": null,
      "isContentBase64": false,
      "Headers": {
        "Authorization": [ "[Filtered]" ],
        "x-ms-unique-id": [ "48" ],
        "x-ms-client-request-id": [ "7e255092-cd0d-4ef9-a52b-3526c72abcaa" ],
        "CommandName": [ "Update-AzStorageCacheTargetDns" ],
        "FullCommandName": [ "Update-AzStorageCacheTargetDns_Refresh" ],
        "ParameterSetName": [ "__AllParameterSets" ],
        "User-Agent": [ "AzurePowershell/v0.0.0", "PSVersion/v7.3.4", "Az.StorageCache/0.1.0" ]
      },
      "ContentHeaders": {
      }
    },
    "Response": {
      "StatusCode": 200,
      "Headers": {
        "Cache-Control": [ "no-cache" ],
        "Pragma": [ "no-cache" ],
        "x-ms-ratelimit-remaining-resource": [ "Microsoft.Compute/GetOperationStatus1Min;235" ],
        "Strict-Transport-Security": [ "max-age=31536000; includeSubDomains" ],
        "x-ms-served-by": [ "e5a4c888-f47e-4149-a66b-81f70a85cba0_133284935153294162,e5a4c888-f47e-4149-a66b-81f70a85cba0_133284935153294162" ],
        "x-ms-request-id": [ "1a544c27-6252-4bf1-b01f-0c93378c1223" ],
        "x-ms-ratelimit-remaining-subscription-reads": [ "11962" ],
        "Server": [ "Microsoft-HTTPAPI/2.0", "Microsoft-HTTPAPI/2.0" ],
        "x-ms-correlation-request-id": [ "1181ace5-7086-4ffb-9eda-b26eea2aafbd" ],
        "x-ms-routing-request-id": [ "JAPANEAST:20230704T094043Z:1181ace5-7086-4ffb-9eda-b26eea2aafbd" ],
        "X-Content-Type-Options": [ "nosniff" ],
        "Date": [ "Tue, 04 Jul 2023 09:40:43 GMT" ]
      },
      "ContentHeaders": {
        "Content-Length": [ "134" ],
        "Content-Type": [ "application/json; charset=utf-8" ],
        "Expires": [ "-1" ]
      },
      "Content": "{\r\n  \"startTime\": \"2023-07-04T09:40:13.0792789+00:00\",\r\n  \"status\": \"InProgress\",\r\n  \"name\": \"39d9573f-d7a0-4a94-af9c-27b0e49e5d05\"\r\n}",
      "isContentBase64": false
    }
  },
  "AzStorageCacheTarget+[NoContext]+Refresh+$GET+https://management.azure.com/subscriptions/9e223dbe-3399-4e19-88eb-0975f02ac87f/providers/Microsoft.StorageCache/locations/eastus/ascOperations/39d9573f-d7a0-4a94-af9c-27b0e49e5d05?api-version=2023-05-01+3": {
    "Request": {
      "Method": "GET",
      "RequestUri": "https://management.azure.com/subscriptions/9e223dbe-3399-4e19-88eb-0975f02ac87f/providers/Microsoft.StorageCache/locations/eastus/ascOperations/39d9573f-d7a0-4a94-af9c-27b0e49e5d05?api-version=2023-05-01",
      "Content": null,
      "isContentBase64": false,
      "Headers": {
        "Authorization": [ "[Filtered]" ],
        "x-ms-unique-id": [ "49" ],
        "x-ms-client-request-id": [ "7e255092-cd0d-4ef9-a52b-3526c72abcaa" ],
        "CommandName": [ "Update-AzStorageCacheTargetDns" ],
        "FullCommandName": [ "Update-AzStorageCacheTargetDns_Refresh" ],
        "ParameterSetName": [ "__AllParameterSets" ],
        "User-Agent": [ "AzurePowershell/v0.0.0", "PSVersion/v7.3.4", "Az.StorageCache/0.1.0" ]
      },
      "ContentHeaders": {
      }
    },
    "Response": {
      "StatusCode": 200,
      "Headers": {
        "Cache-Control": [ "no-cache" ],
        "Pragma": [ "no-cache" ],
        "x-ms-ratelimit-remaining-resource": [ "Microsoft.Compute/GetOperationStatus1Min;236" ],
        "Strict-Transport-Security": [ "max-age=31536000; includeSubDomains" ],
        "x-ms-served-by": [ "e5a4c888-f47e-4149-a66b-81f70a85cba0_133284935153294162,e5a4c888-f47e-4149-a66b-81f70a85cba0_133284935153294162" ],
        "x-ms-request-id": [ "8ed8d1be-2266-48d8-9e2d-ac5a931ed3d3" ],
        "Server": [ "Microsoft-HTTPAPI/2.0", "Microsoft-HTTPAPI/2.0" ],
        "x-ms-ratelimit-remaining-subscription-reads": [ "11961" ],
        "x-ms-correlation-request-id": [ "78e25107-f7a2-4b0c-822d-dd982084c73c" ],
        "x-ms-routing-request-id": [ "JAPANEAST:20230704T094114Z:78e25107-f7a2-4b0c-822d-dd982084c73c" ],
        "X-Content-Type-Options": [ "nosniff" ],
        "Date": [ "Tue, 04 Jul 2023 09:41:14 GMT" ]
      },
      "ContentHeaders": {
        "Content-Length": [ "234" ],
        "Content-Type": [ "application/json; charset=utf-8" ],
        "Expires": [ "-1" ]
      },
      "Content": "{\r\n  \"startTime\": \"2023-07-04T09:40:13.0792789+00:00\",\r\n  \"endTime\": \"2023-07-04T09:40:46.1585963+00:00\",\r\n  \"status\": \"Succeeded\",\r\n  \"properties\": {\r\n    \"output\": \"success\"\r\n  },\r\n  \"name\": \"39d9573f-d7a0-4a94-af9c-27b0e49e5d05\"\r\n}",
      "isContentBase64": false
    }
  },
  "AzStorageCacheTarget+[NoContext]+Refresh+$GET+https://management.azure.com/subscriptions/9e223dbe-3399-4e19-88eb-0975f02ac87f/providers/Microsoft.StorageCache/locations/eastus/ascOperations/39d9573f-d7a0-4a94-af9c-27b0e49e5d05?api-version=2023-05-01+4": {
    "Request": {
      "Method": "GET",
      "RequestUri": "https://management.azure.com/subscriptions/9e223dbe-3399-4e19-88eb-0975f02ac87f/providers/Microsoft.StorageCache/locations/eastus/ascOperations/39d9573f-d7a0-4a94-af9c-27b0e49e5d05?api-version=2023-05-01",
      "Content": null,
      "isContentBase64": false,
      "Headers": {
        "Authorization": [ "[Filtered]" ],
        "x-ms-unique-id": [ "50" ],
        "x-ms-client-request-id": [ "7e255092-cd0d-4ef9-a52b-3526c72abcaa" ],
        "CommandName": [ "Update-AzStorageCacheTargetDns" ],
        "FullCommandName": [ "Update-AzStorageCacheTargetDns_Refresh" ],
        "ParameterSetName": [ "__AllParameterSets" ],
        "User-Agent": [ "AzurePowershell/v0.0.0", "PSVersion/v7.3.4", "Az.StorageCache/0.1.0" ]
      },
      "ContentHeaders": {
      }
    },
    "Response": {
      "StatusCode": 200,
      "Headers": {
        "Cache-Control": [ "no-cache" ],
        "Pragma": [ "no-cache" ],
        "x-ms-ratelimit-remaining-resource": [ "Microsoft.Compute/GetOperationStatus1Min;235" ],
        "Strict-Transport-Security": [ "max-age=31536000; includeSubDomains" ],
        "x-ms-served-by": [ "e5a4c888-f47e-4149-a66b-81f70a85cba0_133284935153294162,e5a4c888-f47e-4149-a66b-81f70a85cba0_133284935153294162" ],
        "x-ms-request-id": [ "9241038d-3a76-4c94-9315-69e6f42d407d" ],
        "Server": [ "Microsoft-HTTPAPI/2.0", "Microsoft-HTTPAPI/2.0" ],
        "x-ms-ratelimit-remaining-subscription-reads": [ "11960" ],
        "x-ms-correlation-request-id": [ "e3066bd4-40f2-47fe-a0c5-0700e29c9208" ],
        "x-ms-routing-request-id": [ "JAPANEAST:20230704T094115Z:e3066bd4-40f2-47fe-a0c5-0700e29c9208" ],
        "X-Content-Type-Options": [ "nosniff" ],
        "Date": [ "Tue, 04 Jul 2023 09:41:15 GMT" ]
      },
      "ContentHeaders": {
        "Content-Length": [ "234" ],
        "Content-Type": [ "application/json; charset=utf-8" ],
        "Expires": [ "-1" ]
      },
      "Content": "{\r\n  \"startTime\": \"2023-07-04T09:40:13.0792789+00:00\",\r\n  \"endTime\": \"2023-07-04T09:40:46.1585963+00:00\",\r\n  \"status\": \"Succeeded\",\r\n  \"properties\": {\r\n    \"output\": \"success\"\r\n  },\r\n  \"name\": \"39d9573f-d7a0-4a94-af9c-27b0e49e5d05\"\r\n}",
      "isContentBase64": false
    }
  },
  "AzStorageCacheTarget+[NoContext]+SpaceViaIdentity+$POST+https://management.azure.com/subscriptions/9e223dbe-3399-4e19-88eb-0975f02ac87f/resourcegroups/azps_test_gp_storagecache/providers/Microsoft.StorageCache/caches/azps-storagecache/spaceAllocation?api-version=2023-05-01+1": {
    "Request": {
      "Method": "POST",
      "RequestUri": "https://management.azure.com/subscriptions/9e223dbe-3399-4e19-88eb-0975f02ac87f/resourcegroups/azps_test_gp_storagecache/providers/Microsoft.StorageCache/caches/azps-storagecache/spaceAllocation?api-version=2023-05-01",
      "Content": "[\r\n  {\r\n    \"name\": \"azps-74ou0k\",\r\n    \"allocationPercentage\": 100\r\n  }\r\n]",
      "isContentBase64": false,
      "Headers": {
      },
      "ContentHeaders": {
        "Content-Type": [ "application/json" ],
        "Content-Length": [ "75" ]
      }
    },
    "Response": {
      "StatusCode": 202,
      "Headers": {
        "Cache-Control": [ "no-cache" ],
        "Pragma": [ "no-cache" ],
        "Location": [ "https://management.azure.com/subscriptions/9e223dbe-3399-4e19-88eb-0975f02ac87f/providers/Microsoft.StorageCache/locations/eastus/ascOperations/383f3346-3722-4135-9369-a1116446c74f?monitor=true\u0026api-version=2023-05-01" ],
        "Azure-AsyncOperation": [ "https://management.azure.com/subscriptions/9e223dbe-3399-4e19-88eb-0975f02ac87f/providers/Microsoft.StorageCache/locations/eastus/ascOperations/383f3346-3722-4135-9369-a1116446c74f?api-version=2023-05-01" ],
        "x-ms-ratelimit-remaining-resource": [ "Microsoft.Compute/UpdateSpaceAllocation1Min;59" ],
        "Strict-Transport-Security": [ "max-age=31536000; includeSubDomains" ],
        "x-ms-served-by": [ "e5a4c888-f47e-4149-a66b-81f70a85cba0_133284935153294162,e5a4c888-f47e-4149-a66b-81f70a85cba0_133284935153294162" ],
        "x-ms-request-id": [ "383f3346-3722-4135-9369-a1116446c74f" ],
        "Server": [ "Microsoft-HTTPAPI/2.0", "Microsoft-HTTPAPI/2.0" ],
        "x-ms-ratelimit-remaining-subscription-writes": [ "1193" ],
        "x-ms-correlation-request-id": [ "6a514d97-3253-4d8b-8a13-6702c8ee4e45" ],
        "x-ms-routing-request-id": [ "JAPANEAST:20230704T094116Z:6a514d97-3253-4d8b-8a13-6702c8ee4e45" ],
        "X-Content-Type-Options": [ "nosniff" ],
        "Date": [ "Tue, 04 Jul 2023 09:41:16 GMT" ]
      },
      "ContentHeaders": {
        "Expires": [ "-1" ],
        "Content-Length": [ "0" ]
      },
      "Content": null,
      "isContentBase64": false
    }
  },
  "AzStorageCacheTarget+[NoContext]+SpaceViaIdentity+$GET+https://management.azure.com/subscriptions/9e223dbe-3399-4e19-88eb-0975f02ac87f/providers/Microsoft.StorageCache/locations/eastus/ascOperations/383f3346-3722-4135-9369-a1116446c74f?api-version=2023-05-01+2": {
    "Request": {
      "Method": "GET",
      "RequestUri": "https://management.azure.com/subscriptions/9e223dbe-3399-4e19-88eb-0975f02ac87f/providers/Microsoft.StorageCache/locations/eastus/ascOperations/383f3346-3722-4135-9369-a1116446c74f?api-version=2023-05-01",
      "Content": null,
      "isContentBase64": false,
      "Headers": {
        "Authorization": [ "[Filtered]" ],
        "x-ms-unique-id": [ "52" ],
        "x-ms-client-request-id": [ "a8a9a23e-db29-47f0-865d-b32c27175b61" ],
        "CommandName": [ "Update-AzStorageCacheSpaceAllocation" ],
        "FullCommandName": [ "Update-AzStorageCacheSpaceAllocation_Space" ],
        "ParameterSetName": [ "__AllParameterSets" ],
        "User-Agent": [ "AzurePowershell/v0.0.0", "PSVersion/v7.3.4", "Az.StorageCache/0.1.0" ]
      },
      "ContentHeaders": {
      }
    },
    "Response": {
      "StatusCode": 200,
      "Headers": {
        "Cache-Control": [ "no-cache" ],
        "Pragma": [ "no-cache" ],
        "x-ms-ratelimit-remaining-resource": [ "Microsoft.Compute/GetOperationStatus1Min;236" ],
        "Strict-Transport-Security": [ "max-age=31536000; includeSubDomains" ],
        "x-ms-served-by": [ "e5a4c888-f47e-4149-a66b-81f70a85cba0_133284935153294162,e5a4c888-f47e-4149-a66b-81f70a85cba0_133284935153294162" ],
        "x-ms-request-id": [ "c002fee2-bf2e-4a57-b340-316ada296a39" ],
        "Server": [ "Microsoft-HTTPAPI/2.0", "Microsoft-HTTPAPI/2.0" ],
        "x-ms-ratelimit-remaining-subscription-reads": [ "11959" ],
        "x-ms-correlation-request-id": [ "4a182af7-f1f9-4587-8fea-17b1378f3598" ],
        "x-ms-routing-request-id": [ "JAPANEAST:20230704T094147Z:4a182af7-f1f9-4587-8fea-17b1378f3598" ],
        "X-Content-Type-Options": [ "nosniff" ],
        "Date": [ "Tue, 04 Jul 2023 09:41:47 GMT" ]
      },
      "ContentHeaders": {
        "Content-Length": [ "234" ],
        "Content-Type": [ "application/json; charset=utf-8" ],
        "Expires": [ "-1" ]
      },
      "Content": "{\r\n  \"startTime\": \"2023-07-04T09:41:16.5238492+00:00\",\r\n  \"endTime\": \"2023-07-04T09:41:18.3520105+00:00\",\r\n  \"status\": \"Succeeded\",\r\n  \"properties\": {\r\n    \"output\": \"success\"\r\n  },\r\n  \"name\": \"383f3346-3722-4135-9369-a1116446c74f\"\r\n}",
      "isContentBase64": false
    }
  },
  "AzStorageCacheTarget+[NoContext]+SpaceViaIdentity+$GET+https://management.azure.com/subscriptions/9e223dbe-3399-4e19-88eb-0975f02ac87f/providers/Microsoft.StorageCache/locations/eastus/ascOperations/383f3346-3722-4135-9369-a1116446c74f?api-version=2023-05-01+3": {
    "Request": {
      "Method": "GET",
      "RequestUri": "https://management.azure.com/subscriptions/9e223dbe-3399-4e19-88eb-0975f02ac87f/providers/Microsoft.StorageCache/locations/eastus/ascOperations/383f3346-3722-4135-9369-a1116446c74f?api-version=2023-05-01",
      "Content": null,
      "isContentBase64": false,
      "Headers": {
        "Authorization": [ "[Filtered]" ],
        "x-ms-unique-id": [ "53" ],
        "x-ms-client-request-id": [ "a8a9a23e-db29-47f0-865d-b32c27175b61" ],
        "CommandName": [ "Update-AzStorageCacheSpaceAllocation" ],
        "FullCommandName": [ "Update-AzStorageCacheSpaceAllocation_Space" ],
        "ParameterSetName": [ "__AllParameterSets" ],
        "User-Agent": [ "AzurePowershell/v0.0.0", "PSVersion/v7.3.4", "Az.StorageCache/0.1.0" ]
      },
      "ContentHeaders": {
      }
    },
    "Response": {
      "StatusCode": 200,
      "Headers": {
        "Cache-Control": [ "no-cache" ],
        "Pragma": [ "no-cache" ],
        "x-ms-ratelimit-remaining-resource": [ "Microsoft.Compute/GetOperationStatus1Min;235" ],
        "Strict-Transport-Security": [ "max-age=31536000; includeSubDomains" ],
        "x-ms-served-by": [ "e5a4c888-f47e-4149-a66b-81f70a85cba0_133284935153294162,e5a4c888-f47e-4149-a66b-81f70a85cba0_133284935153294162" ],
        "x-ms-request-id": [ "2303500c-f9b1-4959-975b-b91bb6a135d2" ],
        "Server": [ "Microsoft-HTTPAPI/2.0", "Microsoft-HTTPAPI/2.0" ],
        "x-ms-ratelimit-remaining-subscription-reads": [ "11958" ],
        "x-ms-correlation-request-id": [ "dda7ef37-5ad9-4ed9-8bc1-f0e56f60eea2" ],
        "x-ms-routing-request-id": [ "JAPANEAST:20230704T094148Z:dda7ef37-5ad9-4ed9-8bc1-f0e56f60eea2" ],
        "X-Content-Type-Options": [ "nosniff" ],
        "Date": [ "Tue, 04 Jul 2023 09:41:47 GMT" ]
      },
      "ContentHeaders": {
        "Content-Length": [ "234" ],
        "Content-Type": [ "application/json; charset=utf-8" ],
        "Expires": [ "-1" ]
      },
      "Content": "{\r\n  \"startTime\": \"2023-07-04T09:41:16.5238492+00:00\",\r\n  \"endTime\": \"2023-07-04T09:41:18.3520105+00:00\",\r\n  \"status\": \"Succeeded\",\r\n  \"properties\": {\r\n    \"output\": \"success\"\r\n  },\r\n  \"name\": \"383f3346-3722-4135-9369-a1116446c74f\"\r\n}",
      "isContentBase64": false
    }
  },
  "AzStorageCacheTarget+[NoContext]+Upgrade+$POST+https://management.azure.com/subscriptions/9e223dbe-3399-4e19-88eb-0975f02ac87f/resourcegroups/azps_test_gp_storagecache/providers/Microsoft.StorageCache/caches/azps-storagecache/upgrade?api-version=2023-05-01+1": {
    "Request": {
      "Method": "POST",
      "RequestUri": "https://management.azure.com/subscriptions/9e223dbe-3399-4e19-88eb-0975f02ac87f/resourcegroups/azps_test_gp_storagecache/providers/Microsoft.StorageCache/caches/azps-storagecache/upgrade?api-version=2023-05-01",
      "Content": null,
      "isContentBase64": false,
      "Headers": {
        "x-ms-unique-id": [ "54" ],
        "x-ms-client-request-id": [ "575c94d9-fff3-4f15-ae97-1e5d998c0b6f" ],
        "CommandName": [ "Update-AzStorageCacheFirmware" ],
        "FullCommandName": [ "Update-AzStorageCacheFirmware_Upgrade" ],
        "ParameterSetName": [ "__AllParameterSets" ],
        "User-Agent": [ "AzurePowershell/v0.0.0", "PSVersion/v7.3.4", "Az.StorageCache/0.1.0" ],
        "Authorization": [ "[Filtered]" ]
      },
      "ContentHeaders": {
      }
    },
    "Response": {
      "StatusCode": 204,
      "Headers": {
        "Cache-Control": [ "no-cache" ],
        "Pragma": [ "no-cache" ],
        "x-ms-ratelimit-remaining-resource": [ "Microsoft.Compute/UpdateFirmware1Min;59" ],
        "Strict-Transport-Security": [ "max-age=31536000; includeSubDomains" ],
        "x-ms-served-by": [ "e5a4c888-f47e-4149-a66b-81f70a85cba0_133284935153294162,e5a4c888-f47e-4149-a66b-81f70a85cba0_133284935153294162" ],
        "x-ms-request-id": [ "d299f67d-0566-48f6-a559-bf76310ffff1" ],
        "Server": [ "Microsoft-HTTPAPI/2.0", "Microsoft-HTTPAPI/2.0" ],
        "x-ms-ratelimit-remaining-subscription-writes": [ "1192" ],
        "x-ms-correlation-request-id": [ "04422620-c1e9-40aa-bff8-1eb2fcd5e188" ],
        "x-ms-routing-request-id": [ "JAPANEAST:20230704T094148Z:04422620-c1e9-40aa-bff8-1eb2fcd5e188" ],
        "X-Content-Type-Options": [ "nosniff" ],
        "Date": [ "Tue, 04 Jul 2023 09:41:48 GMT" ]
      },
      "ContentHeaders": {
        "Expires": [ "-1" ]
      },
      "Content": null,
      "isContentBase64": false
    }
  },
  "AzStorageCacheTarget+[NoContext]+List+$GET+https://management.azure.com/subscriptions/9e223dbe-3399-4e19-88eb-0975f02ac87f/resourcegroups/azps_test_gp_storagecache/providers/Microsoft.StorageCache/caches/azps-storagecache/storageTargets?api-version=2023-05-01+1": {
    "Request": {
      "Method": "GET",
      "RequestUri": "https://management.azure.com/subscriptions/9e223dbe-3399-4e19-88eb-0975f02ac87f/resourcegroups/azps_test_gp_storagecache/providers/Microsoft.StorageCache/caches/azps-storagecache/storageTargets?api-version=2023-05-01",
      "Content": null,
      "isContentBase64": false,
      "Headers": {
        "x-ms-unique-id": [ "55" ],
        "x-ms-client-request-id": [ "4b7b79cc-d24d-4cc7-8837-c99bdc593846" ],
        "CommandName": [ "Get-AzStorageCacheTarget" ],
        "FullCommandName": [ "Get-AzStorageCacheTarget_List" ],
        "ParameterSetName": [ "__AllParameterSets" ],
        "User-Agent": [ "AzurePowershell/v0.0.0", "PSVersion/v7.3.4", "Az.StorageCache/0.1.0" ],
        "Authorization": [ "[Filtered]" ]
      },
      "ContentHeaders": {
      }
    },
    "Response": {
      "StatusCode": 200,
      "Headers": {
        "Cache-Control": [ "no-cache" ],
        "Pragma": [ "no-cache" ],
        "x-ms-ratelimit-remaining-resource": [ "Microsoft.Compute/ListStorageTarget1Min;119" ],
        "Strict-Transport-Security": [ "max-age=31536000; includeSubDomains" ],
        "x-ms-served-by": [ "e5a4c888-f47e-4149-a66b-81f70a85cba0_133284935153294162,e5a4c888-f47e-4149-a66b-81f70a85cba0_133284935153294162" ],
        "x-ms-request-id": [ "167bf83b-78cb-43c6-ae4c-c98390651768" ],
        "Server": [ "Microsoft-HTTPAPI/2.0", "Microsoft-HTTPAPI/2.0" ],
        "x-ms-ratelimit-remaining-subscription-reads": [ "11957" ],
        "x-ms-correlation-request-id": [ "615415e2-a1c8-4ee7-ad8f-57d01e4e5ac7" ],
        "x-ms-routing-request-id": [ "JAPANEAST:20230704T094149Z:615415e2-a1c8-4ee7-ad8f-57d01e4e5ac7" ],
        "X-Content-Type-Options": [ "nosniff" ],
        "Date": [ "Tue, 04 Jul 2023 09:41:48 GMT" ]
      },
      "ContentHeaders": {
        "Content-Length": [ "1009" ],
        "Content-Type": [ "application/json; charset=utf-8" ],
        "Expires": [ "-1" ]
      },
      "Content": "{\r\n  \"value\": [\r\n    {\r\n      \"name\": \"azps-74ou0k\",\r\n      \"id\": \"/subscriptions/9e223dbe-3399-4e19-88eb-0975f02ac87f/resourceGroups/AZPS_TEST_GP_STORAGECACHE/providers/Microsoft.StorageCache/caches/azps-storagecache/storageTargets/azps-74ou0k\",\r\n      \"type\": \"Microsoft.StorageCache/caches/storageTargets\",\r\n      \"location\": \"eastus\",\r\n      \"properties\": {\r\n        \"allocationPercentage\": 100,\r\n        \"targetType\": \"nfs3\",\r\n        \"provisioningState\": \"Succeeded\",\r\n        \"state\": \"Ready\",\r\n        \"junctions\": [],\r\n        \"nfs3\": {\r\n          \"target\": \"110.0.44.44\",\r\n          \"usageModel\": \"READ_WRITE\",\r\n          \"verificationTimer\": 30\r\n        }\r\n      },\r\n      \"systemData\": {\r\n        \"createdBy\": \"v-jinpel@microsoft.com\",\r\n        \"createdByType\": \"User\",\r\n        \"createdAt\": \"2023-07-04T09:37:36.3262332Z\",\r\n        \"lastModifiedBy\": \"v-jinpel@microsoft.com\",\r\n        \"lastModifiedByType\": \"User\",\r\n        \"lastModifiedAt\": \"2023-07-04T09:37:36.3262332Z\"\r\n      }\r\n    }\r\n  ]\r\n}",
      "isContentBase64": false
    }
  },
  "AzStorageCacheTarget+[NoContext]+Get+$GET+https://management.azure.com/subscriptions/9e223dbe-3399-4e19-88eb-0975f02ac87f/resourcegroups/azps_test_gp_storagecache/providers/Microsoft.StorageCache/caches/azps-storagecache/storageTargets/azps-74ou0k?api-version=2023-05-01+1": {
    "Request": {
      "Method": "GET",
      "RequestUri": "https://management.azure.com/subscriptions/9e223dbe-3399-4e19-88eb-0975f02ac87f/resourcegroups/azps_test_gp_storagecache/providers/Microsoft.StorageCache/caches/azps-storagecache/storageTargets/azps-74ou0k?api-version=2023-05-01",
      "Content": null,
      "isContentBase64": false,
      "Headers": {
        "x-ms-unique-id": [ "56" ],
        "x-ms-client-request-id": [ "43405309-ac60-4b5c-8c37-6eda2f5a395f" ],
        "CommandName": [ "Get-AzStorageCacheTarget" ],
        "FullCommandName": [ "Get-AzStorageCacheTarget_Get" ],
        "ParameterSetName": [ "__AllParameterSets" ],
        "User-Agent": [ "AzurePowershell/v0.0.0", "PSVersion/v7.3.4", "Az.StorageCache/0.1.0" ],
        "Authorization": [ "[Filtered]" ]
      },
      "ContentHeaders": {
      }
    },
    "Response": {
      "StatusCode": 200,
      "Headers": {
        "Cache-Control": [ "no-cache" ],
        "Pragma": [ "no-cache" ],
        "x-ms-ratelimit-remaining-resource": [ "Microsoft.Compute/GetStorageTarget1Min;119" ],
        "Strict-Transport-Security": [ "max-age=31536000; includeSubDomains" ],
        "x-ms-served-by": [ "e5a4c888-f47e-4149-a66b-81f70a85cba0_133284935153294162,e5a4c888-f47e-4149-a66b-81f70a85cba0_133284935153294162" ],
        "x-ms-request-id": [ "4a6af5fc-0355-46c2-a124-6bd13a12930e" ],
        "Server": [ "Microsoft-HTTPAPI/2.0", "Microsoft-HTTPAPI/2.0" ],
        "x-ms-ratelimit-remaining-subscription-reads": [ "11956" ],
        "x-ms-correlation-request-id": [ "21974408-f3e1-4ffe-bf28-dc5402613b59" ],
        "x-ms-routing-request-id": [ "JAPANEAST:20230704T094149Z:21974408-f3e1-4ffe-bf28-dc5402613b59" ],
        "X-Content-Type-Options": [ "nosniff" ],
        "Date": [ "Tue, 04 Jul 2023 09:41:49 GMT" ]
      },
      "ContentHeaders": {
        "Content-Length": [ "880" ],
        "Content-Type": [ "application/json; charset=utf-8" ],
        "Expires": [ "-1" ]
      },
      "Content": "{\r\n  \"name\": \"azps-74ou0k\",\r\n  \"id\": \"/subscriptions/9e223dbe-3399-4e19-88eb-0975f02ac87f/resourceGroups/azps_test_gp_storagecache/providers/Microsoft.StorageCache/caches/azps-storagecache/storageTargets/azps-74ou0k\",\r\n  \"type\": \"Microsoft.StorageCache/caches/storageTargets\",\r\n  \"location\": \"eastus\",\r\n  \"properties\": {\r\n    \"allocationPercentage\": 100,\r\n    \"targetType\": \"nfs3\",\r\n    \"provisioningState\": \"Succeeded\",\r\n    \"state\": \"Ready\",\r\n    \"junctions\": [],\r\n    \"nfs3\": {\r\n      \"target\": \"110.0.44.44\",\r\n      \"usageModel\": \"READ_WRITE\",\r\n      \"verificationTimer\": 30\r\n    }\r\n  },\r\n  \"systemData\": {\r\n    \"createdBy\": \"v-jinpel@microsoft.com\",\r\n    \"createdByType\": \"User\",\r\n    \"createdAt\": \"2023-07-04T09:37:36.3262332Z\",\r\n    \"lastModifiedBy\": \"v-jinpel@microsoft.com\",\r\n    \"lastModifiedByType\": \"User\",\r\n    \"lastModifiedAt\": \"2023-07-04T09:37:36.3262332Z\"\r\n  }\r\n}",
      "isContentBase64": false
    }
  },
  "AzStorageCacheTarget+[NoContext]+Flush+$POST+https://management.azure.com/subscriptions/9e223dbe-3399-4e19-88eb-0975f02ac87f/resourcegroups/azps_test_gp_storagecache/providers/Microsoft.StorageCache/caches/azps-storagecache/storageTargets/azps-74ou0k/flush?api-version=2023-05-01+1": {
    "Request": {
      "Method": "POST",
      "RequestUri": "https://management.azure.com/subscriptions/9e223dbe-3399-4e19-88eb-0975f02ac87f/resourcegroups/azps_test_gp_storagecache/providers/Microsoft.StorageCache/caches/azps-storagecache/storageTargets/azps-74ou0k/flush?api-version=2023-05-01",
      "Content": null,
      "isContentBase64": false,
      "Headers": {
        "x-ms-unique-id": [ "57" ],
        "x-ms-client-request-id": [ "64400a59-9e86-4aa0-9f71-e3bab8658802" ],
        "CommandName": [ "Clear-AzStorageCacheTarget" ],
        "FullCommandName": [ "Clear-AzStorageCacheTarget_Flush" ],
        "ParameterSetName": [ "__AllParameterSets" ],
        "User-Agent": [ "AzurePowershell/v0.0.0", "PSVersion/v7.3.4", "Az.StorageCache/0.1.0" ],
        "Authorization": [ "[Filtered]" ]
      },
      "ContentHeaders": {
      }
    },
    "Response": {
      "StatusCode": 202,
      "Headers": {
        "Cache-Control": [ "no-cache" ],
        "Pragma": [ "no-cache" ],
        "Location": [ "https://management.azure.com/subscriptions/9e223dbe-3399-4e19-88eb-0975f02ac87f/providers/Microsoft.StorageCache/locations/eastus/ascOperations/693ec7e6-1967-4f80-ad9a-1c71926d5c56?monitor=true\u0026api-version=2023-05-01" ],
        "Azure-AsyncOperation": [ "https://management.azure.com/subscriptions/9e223dbe-3399-4e19-88eb-0975f02ac87f/providers/Microsoft.StorageCache/locations/eastus/ascOperations/693ec7e6-1967-4f80-ad9a-1c71926d5c56?api-version=2023-05-01" ],
        "x-ms-ratelimit-remaining-resource": [ "Microsoft.Compute/FlushOrInvalidateStorageTarget5Min;118" ],
        "Strict-Transport-Security": [ "max-age=31536000; includeSubDomains" ],
        "x-ms-served-by": [ "e5a4c888-f47e-4149-a66b-81f70a85cba0_133284935153294162,e5a4c888-f47e-4149-a66b-81f70a85cba0_133284935153294162" ],
        "x-ms-request-id": [ "693ec7e6-1967-4f80-ad9a-1c71926d5c56" ],
        "Server": [ "Microsoft-HTTPAPI/2.0", "Microsoft-HTTPAPI/2.0" ],
        "x-ms-ratelimit-remaining-subscription-writes": [ "1191" ],
        "x-ms-correlation-request-id": [ "0c073722-01a9-4d43-9642-5069cd407418" ],
        "x-ms-routing-request-id": [ "JAPANEAST:20230704T094150Z:0c073722-01a9-4d43-9642-5069cd407418" ],
        "X-Content-Type-Options": [ "nosniff" ],
        "Date": [ "Tue, 04 Jul 2023 09:41:49 GMT" ]
      },
      "ContentHeaders": {
        "Expires": [ "-1" ],
        "Content-Length": [ "0" ]
      },
      "Content": null,
      "isContentBase64": false
    }
  },
  "AzStorageCacheTarget+[NoContext]+Flush+$GET+https://management.azure.com/subscriptions/9e223dbe-3399-4e19-88eb-0975f02ac87f/providers/Microsoft.StorageCache/locations/eastus/ascOperations/693ec7e6-1967-4f80-ad9a-1c71926d5c56?api-version=2023-05-01+2": {
    "Request": {
      "Method": "GET",
      "RequestUri": "https://management.azure.com/subscriptions/9e223dbe-3399-4e19-88eb-0975f02ac87f/providers/Microsoft.StorageCache/locations/eastus/ascOperations/693ec7e6-1967-4f80-ad9a-1c71926d5c56?api-version=2023-05-01",
      "Content": null,
      "isContentBase64": false,
      "Headers": {
        "Authorization": [ "[Filtered]" ],
        "x-ms-unique-id": [ "58" ],
        "x-ms-client-request-id": [ "64400a59-9e86-4aa0-9f71-e3bab8658802" ],
        "CommandName": [ "Clear-AzStorageCacheTarget" ],
        "FullCommandName": [ "Clear-AzStorageCacheTarget_Flush" ],
        "ParameterSetName": [ "__AllParameterSets" ],
        "User-Agent": [ "AzurePowershell/v0.0.0", "PSVersion/v7.3.4", "Az.StorageCache/0.1.0" ]
      },
      "ContentHeaders": {
      }
    },
    "Response": {
      "StatusCode": 200,
      "Headers": {
        "Cache-Control": [ "no-cache" ],
        "Pragma": [ "no-cache" ],
        "x-ms-ratelimit-remaining-resource": [ "Microsoft.Compute/GetOperationStatus1Min;235" ],
        "Strict-Transport-Security": [ "max-age=31536000; includeSubDomains" ],
        "x-ms-served-by": [ "e5a4c888-f47e-4149-a66b-81f70a85cba0_133284935153294162,e5a4c888-f47e-4149-a66b-81f70a85cba0_133284935153294162" ],
        "x-ms-request-id": [ "51e93ff4-bcfc-46b8-865a-761fdec27c1c" ],
        "Server": [ "Microsoft-HTTPAPI/2.0", "Microsoft-HTTPAPI/2.0" ],
        "x-ms-ratelimit-remaining-subscription-reads": [ "11955" ],
        "x-ms-correlation-request-id": [ "82845f88-c368-4f55-9230-f586bef1a297" ],
        "x-ms-routing-request-id": [ "JAPANEAST:20230704T094220Z:82845f88-c368-4f55-9230-f586bef1a297" ],
        "X-Content-Type-Options": [ "nosniff" ],
        "Date": [ "Tue, 04 Jul 2023 09:42:20 GMT" ]
      },
      "ContentHeaders": {
        "Content-Length": [ "234" ],
        "Content-Type": [ "application/json; charset=utf-8" ],
        "Expires": [ "-1" ]
      },
      "Content": "{\r\n  \"startTime\": \"2023-07-04T09:41:50.3721155+00:00\",\r\n  \"endTime\": \"2023-07-04T09:42:15.5805132+00:00\",\r\n  \"status\": \"Succeeded\",\r\n  \"properties\": {\r\n    \"output\": \"success\"\r\n  },\r\n  \"name\": \"693ec7e6-1967-4f80-ad9a-1c71926d5c56\"\r\n}",
      "isContentBase64": false
    }
  },
  "AzStorageCacheTarget+[NoContext]+Flush+$GET+https://management.azure.com/subscriptions/9e223dbe-3399-4e19-88eb-0975f02ac87f/providers/Microsoft.StorageCache/locations/eastus/ascOperations/693ec7e6-1967-4f80-ad9a-1c71926d5c56?api-version=2023-05-01+3": {
    "Request": {
      "Method": "GET",
      "RequestUri": "https://management.azure.com/subscriptions/9e223dbe-3399-4e19-88eb-0975f02ac87f/providers/Microsoft.StorageCache/locations/eastus/ascOperations/693ec7e6-1967-4f80-ad9a-1c71926d5c56?api-version=2023-05-01",
      "Content": null,
      "isContentBase64": false,
      "Headers": {
        "Authorization": [ "[Filtered]" ],
        "x-ms-unique-id": [ "59" ],
        "x-ms-client-request-id": [ "64400a59-9e86-4aa0-9f71-e3bab8658802" ],
        "CommandName": [ "Clear-AzStorageCacheTarget" ],
        "FullCommandName": [ "Clear-AzStorageCacheTarget_Flush" ],
        "ParameterSetName": [ "__AllParameterSets" ],
        "User-Agent": [ "AzurePowershell/v0.0.0", "PSVersion/v7.3.4", "Az.StorageCache/0.1.0" ]
      },
      "ContentHeaders": {
      }
    },
    "Response": {
      "StatusCode": 200,
      "Headers": {
        "Cache-Control": [ "no-cache" ],
        "Pragma": [ "no-cache" ],
        "x-ms-ratelimit-remaining-resource": [ "Microsoft.Compute/GetOperationStatus1Min;234" ],
        "Strict-Transport-Security": [ "max-age=31536000; includeSubDomains" ],
        "x-ms-served-by": [ "e5a4c888-f47e-4149-a66b-81f70a85cba0_133284935153294162,e5a4c888-f47e-4149-a66b-81f70a85cba0_133284935153294162" ],
        "x-ms-request-id": [ "a0402369-e234-49a9-886a-b52f432e797d" ],
        "Server": [ "Microsoft-HTTPAPI/2.0", "Microsoft-HTTPAPI/2.0" ],
        "x-ms-ratelimit-remaining-subscription-reads": [ "11954" ],
        "x-ms-correlation-request-id": [ "ff24be11-23ef-462e-a59d-f9a0de7c1660" ],
        "x-ms-routing-request-id": [ "JAPANEAST:20230704T094221Z:ff24be11-23ef-462e-a59d-f9a0de7c1660" ],
        "X-Content-Type-Options": [ "nosniff" ],
        "Date": [ "Tue, 04 Jul 2023 09:42:20 GMT" ]
      },
      "ContentHeaders": {
        "Content-Length": [ "234" ],
        "Content-Type": [ "application/json; charset=utf-8" ],
        "Expires": [ "-1" ]
      },
      "Content": "{\r\n  \"startTime\": \"2023-07-04T09:41:50.3721155+00:00\",\r\n  \"endTime\": \"2023-07-04T09:42:15.5805132+00:00\",\r\n  \"status\": \"Succeeded\",\r\n  \"properties\": {\r\n    \"output\": \"success\"\r\n  },\r\n  \"name\": \"693ec7e6-1967-4f80-ad9a-1c71926d5c56\"\r\n}",
      "isContentBase64": false
    }
  },
  "AzStorageCacheTarget+[NoContext]+Restore+$POST+https://management.azure.com/subscriptions/9e223dbe-3399-4e19-88eb-0975f02ac87f/resourceGroups/azps_test_gp_storagecache/providers/Microsoft.StorageCache/caches/azps-storagecache/storageTargets/azps-74ou0k/restoreDefaults?api-version=2023-05-01+1": {
    "Request": {
      "Method": "POST",
      "RequestUri": "https://management.azure.com/subscriptions/9e223dbe-3399-4e19-88eb-0975f02ac87f/resourceGroups/azps_test_gp_storagecache/providers/Microsoft.StorageCache/caches/azps-storagecache/storageTargets/azps-74ou0k/restoreDefaults?api-version=2023-05-01",
      "Content": null,
      "isContentBase64": false,
      "Headers": {
        "x-ms-unique-id": [ "60" ],
        "x-ms-client-request-id": [ "8954e4da-da2c-4418-96f2-1ecb0a8dd13e" ],
        "CommandName": [ "Restore-AzStorageCacheTargetSetting" ],
        "FullCommandName": [ "Restore-AzStorageCacheTargetSetting_Restore" ],
        "ParameterSetName": [ "__AllParameterSets" ],
        "User-Agent": [ "AzurePowershell/v0.0.0", "PSVersion/v7.3.4", "Az.StorageCache/0.1.0" ],
        "Authorization": [ "[Filtered]" ]
      },
      "ContentHeaders": {
      }
    },
    "Response": {
      "StatusCode": 202,
      "Headers": {
        "Cache-Control": [ "no-cache" ],
        "Pragma": [ "no-cache" ],
        "Location": [ "https://management.azure.com/subscriptions/9e223dbe-3399-4e19-88eb-0975f02ac87f/providers/Microsoft.StorageCache/locations/eastus/ascOperations/23879182-c561-4683-8313-4d36173fdf44?monitor=true\u0026api-version=2023-05-01" ],
        "Azure-AsyncOperation": [ "https://management.azure.com/subscriptions/9e223dbe-3399-4e19-88eb-0975f02ac87f/providers/Microsoft.StorageCache/locations/eastus/ascOperations/23879182-c561-4683-8313-4d36173fdf44?api-version=2023-05-01" ],
        "Strict-Transport-Security": [ "max-age=31536000; includeSubDomains" ],
        "x-ms-served-by": [ "e5a4c888-f47e-4149-a66b-81f70a85cba0_133284935153294162,e5a4c888-f47e-4149-a66b-81f70a85cba0_133284935153294162" ],
        "x-ms-request-id": [ "23879182-c561-4683-8313-4d36173fdf44" ],
        "Server": [ "Microsoft-HTTPAPI/2.0", "Microsoft-HTTPAPI/2.0" ],
        "x-ms-ratelimit-remaining-subscription-writes": [ "1190" ],
        "x-ms-correlation-request-id": [ "d1aaa6e0-914b-47ba-829e-c2c03cbfa97b" ],
        "x-ms-routing-request-id": [ "JAPANEAST:20230704T094221Z:d1aaa6e0-914b-47ba-829e-c2c03cbfa97b" ],
        "X-Content-Type-Options": [ "nosniff" ],
        "Date": [ "Tue, 04 Jul 2023 09:42:21 GMT" ]
      },
      "ContentHeaders": {
        "Expires": [ "-1" ],
        "Content-Length": [ "0" ]
      },
      "Content": null,
      "isContentBase64": false
    }
  },
  "AzStorageCacheTarget+[NoContext]+Restore+$GET+https://management.azure.com/subscriptions/9e223dbe-3399-4e19-88eb-0975f02ac87f/providers/Microsoft.StorageCache/locations/eastus/ascOperations/23879182-c561-4683-8313-4d36173fdf44?api-version=2023-05-01+2": {
    "Request": {
      "Method": "GET",
      "RequestUri": "https://management.azure.com/subscriptions/9e223dbe-3399-4e19-88eb-0975f02ac87f/providers/Microsoft.StorageCache/locations/eastus/ascOperations/23879182-c561-4683-8313-4d36173fdf44?api-version=2023-05-01",
      "Content": null,
      "isContentBase64": false,
      "Headers": {
        "Authorization": [ "[Filtered]" ],
        "x-ms-unique-id": [ "61" ],
        "x-ms-client-request-id": [ "8954e4da-da2c-4418-96f2-1ecb0a8dd13e" ],
        "CommandName": [ "Restore-AzStorageCacheTargetSetting" ],
        "FullCommandName": [ "Restore-AzStorageCacheTargetSetting_Restore" ],
        "ParameterSetName": [ "__AllParameterSets" ],
        "User-Agent": [ "AzurePowershell/v0.0.0", "PSVersion/v7.3.4", "Az.StorageCache/0.1.0" ]
      },
      "ContentHeaders": {
      }
    },
    "Response": {
      "StatusCode": 200,
      "Headers": {
        "Cache-Control": [ "no-cache" ],
        "Pragma": [ "no-cache" ],
        "x-ms-ratelimit-remaining-resource": [ "Microsoft.Compute/GetOperationStatus1Min;234" ],
        "Strict-Transport-Security": [ "max-age=31536000; includeSubDomains" ],
        "x-ms-served-by": [ "e5a4c888-f47e-4149-a66b-81f70a85cba0_133284935153294162,e5a4c888-f47e-4149-a66b-81f70a85cba0_133284935153294162" ],
        "x-ms-request-id": [ "2c90d486-05bc-4a43-9256-511e51601a54" ],
        "Server": [ "Microsoft-HTTPAPI/2.0", "Microsoft-HTTPAPI/2.0" ],
        "x-ms-ratelimit-remaining-subscription-reads": [ "11953" ],
        "x-ms-correlation-request-id": [ "716bb683-0565-4d12-90fa-a76b62ff8b2e" ],
        "x-ms-routing-request-id": [ "JAPANEAST:20230704T094252Z:716bb683-0565-4d12-90fa-a76b62ff8b2e" ],
        "X-Content-Type-Options": [ "nosniff" ],
        "Date": [ "Tue, 04 Jul 2023 09:42:51 GMT" ]
      },
      "ContentHeaders": {
        "Content-Length": [ "234" ],
        "Content-Type": [ "application/json; charset=utf-8" ],
        "Expires": [ "-1" ]
      },
      "Content": "{\r\n  \"startTime\": \"2023-07-04T09:42:21.6639328+00:00\",\r\n  \"endTime\": \"2023-07-04T09:42:39.0411505+00:00\",\r\n  \"status\": \"Succeeded\",\r\n  \"properties\": {\r\n    \"output\": \"success\"\r\n  },\r\n  \"name\": \"23879182-c561-4683-8313-4d36173fdf44\"\r\n}",
      "isContentBase64": false
    }
  },
  "AzStorageCacheTarget+[NoContext]+Restore+$GET+https://management.azure.com/subscriptions/9e223dbe-3399-4e19-88eb-0975f02ac87f/providers/Microsoft.StorageCache/locations/eastus/ascOperations/23879182-c561-4683-8313-4d36173fdf44?monitor=true\u0026api-version=2023-05-01+3": {
    "Request": {
      "Method": "GET",
      "RequestUri": "https://management.azure.com/subscriptions/9e223dbe-3399-4e19-88eb-0975f02ac87f/providers/Microsoft.StorageCache/locations/eastus/ascOperations/23879182-c561-4683-8313-4d36173fdf44?monitor=true\u0026api-version=2023-05-01",
      "Content": null,
      "isContentBase64": false,
      "Headers": {
        "Authorization": [ "[Filtered]" ],
        "x-ms-unique-id": [ "62" ],
        "x-ms-client-request-id": [ "8954e4da-da2c-4418-96f2-1ecb0a8dd13e" ],
        "CommandName": [ "Restore-AzStorageCacheTargetSetting" ],
        "FullCommandName": [ "Restore-AzStorageCacheTargetSetting_Restore" ],
        "ParameterSetName": [ "__AllParameterSets" ],
        "User-Agent": [ "AzurePowershell/v0.0.0", "PSVersion/v7.3.4", "Az.StorageCache/0.1.0" ]
      },
      "ContentHeaders": {
      }
    },
    "Response": {
      "StatusCode": 200,
      "Headers": {
        "Cache-Control": [ "no-cache" ],
        "Pragma": [ "no-cache" ],
        "x-ms-ratelimit-remaining-resource": [ "Microsoft.Compute/GetOperationStatus1Min;233" ],
        "Strict-Transport-Security": [ "max-age=31536000; includeSubDomains" ],
        "x-ms-served-by": [ "e5a4c888-f47e-4149-a66b-81f70a85cba0_133284935153294162,e5a4c888-f47e-4149-a66b-81f70a85cba0_133284935153294162" ],
        "x-ms-request-id": [ "6c0d5495-9d8d-4ea1-9ec9-8b52c50d09b0" ],
        "Server": [ "Microsoft-HTTPAPI/2.0", "Microsoft-HTTPAPI/2.0" ],
        "x-ms-ratelimit-remaining-subscription-reads": [ "11952" ],
        "x-ms-correlation-request-id": [ "3bd55613-9bff-41bd-b2e5-59bcf5d10b90" ],
        "x-ms-routing-request-id": [ "JAPANEAST:20230704T094252Z:3bd55613-9bff-41bd-b2e5-59bcf5d10b90" ],
        "X-Content-Type-Options": [ "nosniff" ],
        "Date": [ "Tue, 04 Jul 2023 09:42:51 GMT" ]
      },
      "ContentHeaders": {
        "Content-Length": [ "9" ],
        "Content-Type": [ "application/json; charset=utf-8" ],
        "Expires": [ "-1" ]
      },
      "Content": "\"success\"",
      "isContentBase64": false
    }
  }
}