{
  "Entries": [
    {
      "RequestUri": "/subscriptions/c886bc58-08de-4e01-993f-e01ba3702aaf/providers/Microsoft.Network/applicationGatewayAvailableSslOptions/default?api-version=2018-02-01",
      "EncodedRequestUri": "L3N1YnNjcmlwdGlvbnMvYzg4NmJjNTgtMDhkZS00ZTAxLTk5M2YtZTAxYmEzNzAyYWFmL3Byb3ZpZGVycy9NaWNyb3NvZnQuTmV0d29yay9hcHBsaWNhdGlvbkdhdGV3YXlBdmFpbGFibGVTc2xPcHRpb25zL2RlZmF1bHQ/YXBpLXZlcnNpb249MjAxOC0wMi0wMQ==",
      "RequestMethod": "GET",
      "RequestBody": "",
      "RequestHeaders": {
        "x-ms-client-request-id": [
          "8859f0f3-21bb-46d8-bc51-379b367ad940"
        ],
        "accept-language": [
          "en-US"
        ],
        "User-Agent": [
          "FxVersion/4.7.2633.0",
          "OSName/Windows10Enterprise",
          "OSVersion/6.3.16299",
          "Microsoft.Azure.Management.Network.NetworkManagementClient/18.0.0.0"
        ]
      },
      "ResponseBody": "{\r\n  \"name\": \"default\",\r\n  \"id\": \"/subscriptions/c886bc58-08de-4e01-993f-e01ba3702aaf/resourceGroups//providers/Microsoft.Network/ApplicationGatewayAvailableSslOptions/default\",\r\n  \"type\": \"Microsoft.Network/ApplicationGatewayAvailableSslOptions\",\r\n  \"properties\": {\r\n    \"predefinedPolicies\": [\r\n      {\r\n        \"name\": \"AppGwSslPolicy20150501\",\r\n        \"id\": \"/subscriptions/c886bc58-08de-4e01-993f-e01ba3702aaf/resourceGroups//providers/Microsoft.Network/ApplicationGatewayAvailableSslOptions/default/ApplicationGatewaySslPredefinedPolicy/AppGwSslPolicy20150501\",\r\n        \"properties\": {\r\n          \"cipherSuites\": [\r\n            \"TLS_ECDHE_RSA_WITH_AES_256_GCM_SHA384\",\r\n            \"TLS_ECDHE_RSA_WITH_AES_128_GCM_SHA256\",\r\n            \"TLS_ECDHE_RSA_WITH_AES_256_CBC_SHA384\",\r\n            \"TLS_ECDHE_RSA_WITH_AES_128_CBC_SHA256\",\r\n            \"TLS_ECDHE_RSA_WITH_AES_256_CBC_SHA\",\r\n            \"TLS_ECDHE_RSA_WITH_AES_128_CBC_SHA\",\r\n            \"TLS_DHE_RSA_WITH_AES_256_GCM_SHA384\",\r\n            \"TLS_DHE_RSA_WITH_AES_128_GCM_SHA256\",\r\n            \"TLS_DHE_RSA_WITH_AES_256_CBC_SHA\",\r\n            \"TLS_DHE_RSA_WITH_AES_128_CBC_SHA\",\r\n            \"TLS_RSA_WITH_AES_256_GCM_SHA384\",\r\n            \"TLS_RSA_WITH_AES_128_GCM_SHA256\",\r\n            \"TLS_RSA_WITH_AES_256_CBC_SHA256\",\r\n            \"TLS_RSA_WITH_AES_128_CBC_SHA256\",\r\n            \"TLS_RSA_WITH_AES_256_CBC_SHA\",\r\n            \"TLS_RSA_WITH_AES_128_CBC_SHA\",\r\n            \"TLS_ECDHE_ECDSA_WITH_AES_256_GCM_SHA384\",\r\n            \"TLS_ECDHE_ECDSA_WITH_AES_128_GCM_SHA256\",\r\n            \"TLS_ECDHE_ECDSA_WITH_AES_256_CBC_SHA384\",\r\n            \"TLS_ECDHE_ECDSA_WITH_AES_128_CBC_SHA256\",\r\n            \"TLS_ECDHE_ECDSA_WITH_AES_256_CBC_SHA\",\r\n            \"TLS_ECDHE_ECDSA_WITH_AES_128_CBC_SHA\",\r\n            \"TLS_DHE_DSS_WITH_AES_256_CBC_SHA256\",\r\n            \"TLS_DHE_DSS_WITH_AES_128_CBC_SHA256\",\r\n            \"TLS_DHE_DSS_WITH_AES_256_CBC_SHA\",\r\n            \"TLS_DHE_DSS_WITH_AES_128_CBC_SHA\",\r\n            \"TLS_RSA_WITH_3DES_EDE_CBC_SHA\",\r\n            \"TLS_DHE_DSS_WITH_3DES_EDE_CBC_SHA\"\r\n          ],\r\n          \"minProtocolVersion\": \"TLSv1_0\"\r\n        }\r\n      },\r\n      {\r\n        \"name\": \"AppGwSslPolicy20170401\",\r\n        \"id\": \"/subscriptions/c886bc58-08de-4e01-993f-e01ba3702aaf/resourceGroups//providers/Microsoft.Network/ApplicationGatewayAvailableSslOptions/default/ApplicationGatewaySslPredefinedPolicy/AppGwSslPolicy20170401\",\r\n        \"properties\": {\r\n          \"cipherSuites\": [\r\n            \"TLS_ECDHE_ECDSA_WITH_AES_128_GCM_SHA256\",\r\n            \"TLS_ECDHE_ECDSA_WITH_AES_256_GCM_SHA384\",\r\n            \"TLS_ECDHE_ECDSA_WITH_AES_128_CBC_SHA\",\r\n            \"TLS_ECDHE_ECDSA_WITH_AES_256_CBC_SHA\",\r\n            \"TLS_ECDHE_ECDSA_WITH_AES_128_CBC_SHA256\",\r\n            \"TLS_ECDHE_ECDSA_WITH_AES_256_CBC_SHA384\",\r\n            \"TLS_ECDHE_RSA_WITH_AES_256_GCM_SHA384\",\r\n            \"TLS_ECDHE_RSA_WITH_AES_128_GCM_SHA256\",\r\n            \"TLS_ECDHE_RSA_WITH_AES_128_CBC_SHA\",\r\n            \"TLS_ECDHE_RSA_WITH_AES_256_CBC_SHA\",\r\n            \"TLS_RSA_WITH_AES_256_GCM_SHA384\",\r\n            \"TLS_RSA_WITH_AES_128_GCM_SHA256\",\r\n            \"TLS_RSA_WITH_AES_256_CBC_SHA256\",\r\n            \"TLS_RSA_WITH_AES_128_CBC_SHA256\",\r\n            \"TLS_RSA_WITH_AES_256_CBC_SHA\",\r\n            \"TLS_RSA_WITH_AES_128_CBC_SHA\"\r\n          ],\r\n          \"minProtocolVersion\": \"TLSv1_1\"\r\n        }\r\n      },\r\n      {\r\n        \"name\": \"AppGwSslPolicy20170401S\",\r\n        \"id\": \"/subscriptions/c886bc58-08de-4e01-993f-e01ba3702aaf/resourceGroups//providers/Microsoft.Network/ApplicationGatewayAvailableSslOptions/default/ApplicationGatewaySslPredefinedPolicy/AppGwSslPolicy20170401S\",\r\n        \"properties\": {\r\n          \"cipherSuites\": [\r\n            \"TLS_ECDHE_ECDSA_WITH_AES_128_GCM_SHA256\",\r\n            \"TLS_ECDHE_ECDSA_WITH_AES_256_GCM_SHA384\",\r\n            \"TLS_ECDHE_ECDSA_WITH_AES_128_CBC_SHA\",\r\n            \"TLS_ECDHE_ECDSA_WITH_AES_256_CBC_SHA\",\r\n            \"TLS_ECDHE_ECDSA_WITH_AES_128_CBC_SHA256\",\r\n            \"TLS_ECDHE_ECDSA_WITH_AES_256_CBC_SHA384\",\r\n            \"TLS_ECDHE_RSA_WITH_AES_256_GCM_SHA384\",\r\n            \"TLS_ECDHE_RSA_WITH_AES_128_GCM_SHA256\",\r\n            \"TLS_ECDHE_RSA_WITH_AES_128_CBC_SHA\",\r\n            \"TLS_ECDHE_RSA_WITH_AES_256_CBC_SHA\",\r\n            \"TLS_RSA_WITH_AES_256_GCM_SHA384\",\r\n            \"TLS_RSA_WITH_AES_128_GCM_SHA256\",\r\n            \"TLS_RSA_WITH_AES_256_CBC_SHA256\",\r\n            \"TLS_RSA_WITH_AES_128_CBC_SHA256\",\r\n            \"TLS_RSA_WITH_AES_256_CBC_SHA\",\r\n            \"TLS_RSA_WITH_AES_128_CBC_SHA\"\r\n          ],\r\n          \"minProtocolVersion\": \"TLSv1_2\"\r\n        }\r\n      }\r\n    ],\r\n    \"defaultPolicy\": \"AppGwSslPolicy20150501\",\r\n    \"availableCipherSuites\": [\r\n      \"TLS_ECDHE_RSA_WITH_AES_256_GCM_SHA384\",\r\n      \"TLS_ECDHE_RSA_WITH_AES_128_GCM_SHA256\",\r\n      \"TLS_ECDHE_RSA_WITH_AES_256_CBC_SHA384\",\r\n      \"TLS_ECDHE_RSA_WITH_AES_128_CBC_SHA256\",\r\n      \"TLS_ECDHE_RSA_WITH_AES_256_CBC_SHA\",\r\n      \"TLS_ECDHE_RSA_WITH_AES_128_CBC_SHA\",\r\n      \"TLS_DHE_RSA_WITH_AES_256_GCM_SHA384\",\r\n      \"TLS_DHE_RSA_WITH_AES_128_GCM_SHA256\",\r\n      \"TLS_DHE_RSA_WITH_AES_256_CBC_SHA\",\r\n      \"TLS_DHE_RSA_WITH_AES_128_CBC_SHA\",\r\n      \"TLS_RSA_WITH_AES_256_GCM_SHA384\",\r\n      \"TLS_RSA_WITH_AES_128_GCM_SHA256\",\r\n      \"TLS_RSA_WITH_AES_256_CBC_SHA256\",\r\n      \"TLS_RSA_WITH_AES_128_CBC_SHA256\",\r\n      \"TLS_RSA_WITH_AES_256_CBC_SHA\",\r\n      \"TLS_RSA_WITH_AES_128_CBC_SHA\",\r\n      \"TLS_ECDHE_ECDSA_WITH_AES_256_GCM_SHA384\",\r\n      \"TLS_ECDHE_ECDSA_WITH_AES_128_GCM_SHA256\",\r\n      \"TLS_ECDHE_ECDSA_WITH_AES_256_CBC_SHA384\",\r\n      \"TLS_ECDHE_ECDSA_WITH_AES_128_CBC_SHA256\",\r\n      \"TLS_ECDHE_ECDSA_WITH_AES_256_CBC_SHA\",\r\n      \"TLS_ECDHE_ECDSA_WITH_AES_128_CBC_SHA\",\r\n      \"TLS_DHE_DSS_WITH_AES_256_CBC_SHA256\",\r\n      \"TLS_DHE_DSS_WITH_AES_128_CBC_SHA256\",\r\n      \"TLS_DHE_DSS_WITH_AES_256_CBC_SHA\",\r\n      \"TLS_DHE_DSS_WITH_AES_128_CBC_SHA\",\r\n      \"TLS_RSA_WITH_3DES_EDE_CBC_SHA\",\r\n      \"TLS_DHE_DSS_WITH_3DES_EDE_CBC_SHA\"\r\n    ],\r\n    \"availableProtocols\": [\r\n      \"TLSv1_0\",\r\n      \"TLSv1_1\",\r\n      \"TLSv1_2\"\r\n    ]\r\n  }\r\n}",
      "ResponseHeaders": {
        "Content-Length": [
          "6036"
        ],
        "Content-Type": [
          "application/json; charset=utf-8"
        ],
        "Expires": [
          "-1"
        ],
        "Pragma": [
          "no-cache"
        ],
        "x-ms-request-id": [
          "951b6938-7eea-4b3f-ace1-b69fd46460f1"
        ],
        "Strict-Transport-Security": [
          "max-age=31536000; includeSubDomains"
        ],
        "Cache-Control": [
          "no-cache"
        ],
        "Server": [
          "Microsoft-HTTPAPI/2.0",
          "Microsoft-HTTPAPI/2.0"
        ],
        "x-ms-ratelimit-remaining-subscription-reads": [
          "14997"
        ],
        "x-ms-correlation-request-id": [
          "0ec245bd-20b0-48b8-81c1-5ce252d3d902"
        ],
        "x-ms-routing-request-id": [
          "WESTUS2:20180414T134726Z:0ec245bd-20b0-48b8-81c1-5ce252d3d902"
        ],
        "X-Content-Type-Options": [
          "nosniff"
        ],
        "Date": [
          "Sat, 14 Apr 2018 13:47:26 GMT"
        ]
      },
      "StatusCode": 200
    },
    {
      "RequestUri": "/subscriptions/c886bc58-08de-4e01-993f-e01ba3702aaf/providers/Microsoft.Network/applicationGatewayAvailableSslOptions/default/predefinedPolicies?api-version=2018-02-01",
      "EncodedRequestUri": "L3N1YnNjcmlwdGlvbnMvYzg4NmJjNTgtMDhkZS00ZTAxLTk5M2YtZTAxYmEzNzAyYWFmL3Byb3ZpZGVycy9NaWNyb3NvZnQuTmV0d29yay9hcHBsaWNhdGlvbkdhdGV3YXlBdmFpbGFibGVTc2xPcHRpb25zL2RlZmF1bHQvcHJlZGVmaW5lZFBvbGljaWVzP2FwaS12ZXJzaW9uPTIwMTgtMDItMDE=",
      "RequestMethod": "GET",
      "RequestBody": "",
      "RequestHeaders": {
        "x-ms-client-request-id": [
          "06d3b15f-db2f-40de-88ad-77712b72bf03"
        ],
        "accept-language": [
          "en-US"
        ],
        "User-Agent": [
          "FxVersion/4.7.2633.0",
          "OSName/Windows10Enterprise",
          "OSVersion/6.3.16299",
          "Microsoft.Azure.Management.Network.NetworkManagementClient/18.0.0.0"
        ]
      },
      "ResponseBody": "{\r\n  \"value\": [\r\n    {\r\n      \"name\": \"AppGwSslPolicy20150501\",\r\n      \"id\": \"/subscriptions/c886bc58-08de-4e01-993f-e01ba3702aaf/resourceGroups//providers/Microsoft.Network/ApplicationGatewayAvailableSslOptions/default/ApplicationGatewaySslPredefinedPolicy/AppGwSslPolicy20150501\",\r\n      \"properties\": {\r\n        \"cipherSuites\": [\r\n          \"TLS_ECDHE_RSA_WITH_AES_256_GCM_SHA384\",\r\n          \"TLS_ECDHE_RSA_WITH_AES_128_GCM_SHA256\",\r\n          \"TLS_ECDHE_RSA_WITH_AES_256_CBC_SHA384\",\r\n          \"TLS_ECDHE_RSA_WITH_AES_128_CBC_SHA256\",\r\n          \"TLS_ECDHE_RSA_WITH_AES_256_CBC_SHA\",\r\n          \"TLS_ECDHE_RSA_WITH_AES_128_CBC_SHA\",\r\n          \"TLS_DHE_RSA_WITH_AES_256_GCM_SHA384\",\r\n          \"TLS_DHE_RSA_WITH_AES_128_GCM_SHA256\",\r\n          \"TLS_DHE_RSA_WITH_AES_256_CBC_SHA\",\r\n          \"TLS_DHE_RSA_WITH_AES_128_CBC_SHA\",\r\n          \"TLS_RSA_WITH_AES_256_GCM_SHA384\",\r\n          \"TLS_RSA_WITH_AES_128_GCM_SHA256\",\r\n          \"TLS_RSA_WITH_AES_256_CBC_SHA256\",\r\n          \"TLS_RSA_WITH_AES_128_CBC_SHA256\",\r\n          \"TLS_RSA_WITH_AES_256_CBC_SHA\",\r\n          \"TLS_RSA_WITH_AES_128_CBC_SHA\",\r\n          \"TLS_ECDHE_ECDSA_WITH_AES_256_GCM_SHA384\",\r\n          \"TLS_ECDHE_ECDSA_WITH_AES_128_GCM_SHA256\",\r\n          \"TLS_ECDHE_ECDSA_WITH_AES_256_CBC_SHA384\",\r\n          \"TLS_ECDHE_ECDSA_WITH_AES_128_CBC_SHA256\",\r\n          \"TLS_ECDHE_ECDSA_WITH_AES_256_CBC_SHA\",\r\n          \"TLS_ECDHE_ECDSA_WITH_AES_128_CBC_SHA\",\r\n          \"TLS_DHE_DSS_WITH_AES_256_CBC_SHA256\",\r\n          \"TLS_DHE_DSS_WITH_AES_128_CBC_SHA256\",\r\n          \"TLS_DHE_DSS_WITH_AES_256_CBC_SHA\",\r\n          \"TLS_DHE_DSS_WITH_AES_128_CBC_SHA\",\r\n          \"TLS_RSA_WITH_3DES_EDE_CBC_SHA\",\r\n          \"TLS_DHE_DSS_WITH_3DES_EDE_CBC_SHA\"\r\n        ],\r\n        \"minProtocolVersion\": \"TLSv1_0\"\r\n      }\r\n    },\r\n    {\r\n      \"name\": \"AppGwSslPolicy20170401\",\r\n      \"id\": \"/subscriptions/c886bc58-08de-4e01-993f-e01ba3702aaf/resourceGroups//providers/Microsoft.Network/ApplicationGatewayAvailableSslOptions/default/ApplicationGatewaySslPredefinedPolicy/AppGwSslPolicy20170401\",\r\n      \"properties\": {\r\n        \"cipherSuites\": [\r\n          \"TLS_ECDHE_ECDSA_WITH_AES_128_GCM_SHA256\",\r\n          \"TLS_ECDHE_ECDSA_WITH_AES_256_GCM_SHA384\",\r\n          \"TLS_ECDHE_ECDSA_WITH_AES_128_CBC_SHA\",\r\n          \"TLS_ECDHE_ECDSA_WITH_AES_256_CBC_SHA\",\r\n          \"TLS_ECDHE_ECDSA_WITH_AES_128_CBC_SHA256\",\r\n          \"TLS_ECDHE_ECDSA_WITH_AES_256_CBC_SHA384\",\r\n          \"TLS_ECDHE_RSA_WITH_AES_256_GCM_SHA384\",\r\n          \"TLS_ECDHE_RSA_WITH_AES_128_GCM_SHA256\",\r\n          \"TLS_ECDHE_RSA_WITH_AES_128_CBC_SHA\",\r\n          \"TLS_ECDHE_RSA_WITH_AES_256_CBC_SHA\",\r\n          \"TLS_RSA_WITH_AES_256_GCM_SHA384\",\r\n          \"TLS_RSA_WITH_AES_128_GCM_SHA256\",\r\n          \"TLS_RSA_WITH_AES_256_CBC_SHA256\",\r\n          \"TLS_RSA_WITH_AES_128_CBC_SHA256\",\r\n          \"TLS_RSA_WITH_AES_256_CBC_SHA\",\r\n          \"TLS_RSA_WITH_AES_128_CBC_SHA\"\r\n        ],\r\n        \"minProtocolVersion\": \"TLSv1_1\"\r\n      }\r\n    },\r\n    {\r\n      \"name\": \"AppGwSslPolicy20170401S\",\r\n      \"id\": \"/subscriptions/c886bc58-08de-4e01-993f-e01ba3702aaf/resourceGroups//providers/Microsoft.Network/ApplicationGatewayAvailableSslOptions/default/ApplicationGatewaySslPredefinedPolicy/AppGwSslPolicy20170401S\",\r\n      \"properties\": {\r\n        \"cipherSuites\": [\r\n          \"TLS_ECDHE_ECDSA_WITH_AES_128_GCM_SHA256\",\r\n          \"TLS_ECDHE_ECDSA_WITH_AES_256_GCM_SHA384\",\r\n          \"TLS_ECDHE_ECDSA_WITH_AES_128_CBC_SHA\",\r\n          \"TLS_ECDHE_ECDSA_WITH_AES_256_CBC_SHA\",\r\n          \"TLS_ECDHE_ECDSA_WITH_AES_128_CBC_SHA256\",\r\n          \"TLS_ECDHE_ECDSA_WITH_AES_256_CBC_SHA384\",\r\n          \"TLS_ECDHE_RSA_WITH_AES_256_GCM_SHA384\",\r\n          \"TLS_ECDHE_RSA_WITH_AES_128_GCM_SHA256\",\r\n          \"TLS_ECDHE_RSA_WITH_AES_128_CBC_SHA\",\r\n          \"TLS_ECDHE_RSA_WITH_AES_256_CBC_SHA\",\r\n          \"TLS_RSA_WITH_AES_256_GCM_SHA384\",\r\n          \"TLS_RSA_WITH_AES_128_GCM_SHA256\",\r\n          \"TLS_RSA_WITH_AES_256_CBC_SHA256\",\r\n          \"TLS_RSA_WITH_AES_128_CBC_SHA256\",\r\n          \"TLS_RSA_WITH_AES_256_CBC_SHA\",\r\n          \"TLS_RSA_WITH_AES_128_CBC_SHA\"\r\n        ],\r\n        \"minProtocolVersion\": \"TLSv1_2\"\r\n      }\r\n    }\r\n  ]\r\n}",
      "ResponseHeaders": {
        "Content-Length": [
          "4136"
        ],
        "Content-Type": [
          "application/json; charset=utf-8"
        ],
        "Expires": [
          "-1"
        ],
        "Pragma": [
          "no-cache"
        ],
        "x-ms-request-id": [
          "fba02201-52f4-4e91-a36f-bae0911f8920"
        ],
        "Strict-Transport-Security": [
          "max-age=31536000; includeSubDomains"
        ],
        "Cache-Control": [
          "no-cache"
        ],
        "Server": [
          "Microsoft-HTTPAPI/2.0",
          "Microsoft-HTTPAPI/2.0"
        ],
        "x-ms-ratelimit-remaining-subscription-reads": [
          "14996"
        ],
        "x-ms-correlation-request-id": [
          "8ead527a-617b-4610-b0dc-de8387e0a339"
        ],
        "x-ms-routing-request-id": [
          "WESTUS2:20180414T134727Z:8ead527a-617b-4610-b0dc-de8387e0a339"
        ],
        "X-Content-Type-Options": [
          "nosniff"
        ],
        "Date": [
          "Sat, 14 Apr 2018 13:47:26 GMT"
        ]
      },
      "StatusCode": 200
    },
    {
      "RequestUri": "/subscriptions/c886bc58-08de-4e01-993f-e01ba3702aaf/providers/Microsoft.Network/applicationGatewayAvailableSslOptions/default/predefinedPolicies/AppGwSslPolicy20170401?api-version=2018-02-01",
      "EncodedRequestUri": "L3N1YnNjcmlwdGlvbnMvYzg4NmJjNTgtMDhkZS00ZTAxLTk5M2YtZTAxYmEzNzAyYWFmL3Byb3ZpZGVycy9NaWNyb3NvZnQuTmV0d29yay9hcHBsaWNhdGlvbkdhdGV3YXlBdmFpbGFibGVTc2xPcHRpb25zL2RlZmF1bHQvcHJlZGVmaW5lZFBvbGljaWVzL0FwcEd3U3NsUG9saWN5MjAxNzA0MDE/YXBpLXZlcnNpb249MjAxOC0wMi0wMQ==",
      "RequestMethod": "GET",
      "RequestBody": "",
      "RequestHeaders": {
        "x-ms-client-request-id": [
          "3df9f617-dc73-4bc0-b14e-2ac23f6a32b9"
        ],
        "accept-language": [
          "en-US"
        ],
        "User-Agent": [
          "FxVersion/4.7.2633.0",
          "OSName/Windows10Enterprise",
          "OSVersion/6.3.16299",
          "Microsoft.Azure.Management.Network.NetworkManagementClient/18.0.0.0"
        ]
      },
      "ResponseBody": "{\r\n  \"name\": \"AppGwSslPolicy20170401\",\r\n  \"id\": \"/subscriptions/c886bc58-08de-4e01-993f-e01ba3702aaf/resourceGroups//providers/Microsoft.Network/ApplicationGatewayAvailableSslOptions/default/ApplicationGatewaySslPredefinedPolicy/AppGwSslPolicy20170401\",\r\n  \"properties\": {\r\n    \"cipherSuites\": [\r\n      \"TLS_ECDHE_ECDSA_WITH_AES_128_GCM_SHA256\",\r\n      \"TLS_ECDHE_ECDSA_WITH_AES_256_GCM_SHA384\",\r\n      \"TLS_ECDHE_ECDSA_WITH_AES_128_CBC_SHA\",\r\n      \"TLS_ECDHE_ECDSA_WITH_AES_256_CBC_SHA\",\r\n      \"TLS_ECDHE_ECDSA_WITH_AES_128_CBC_SHA256\",\r\n      \"TLS_ECDHE_ECDSA_WITH_AES_256_CBC_SHA384\",\r\n      \"TLS_ECDHE_RSA_WITH_AES_256_GCM_SHA384\",\r\n      \"TLS_ECDHE_RSA_WITH_AES_128_GCM_SHA256\",\r\n      \"TLS_ECDHE_RSA_WITH_AES_128_CBC_SHA\",\r\n      \"TLS_ECDHE_RSA_WITH_AES_256_CBC_SHA\",\r\n      \"TLS_RSA_WITH_AES_256_GCM_SHA384\",\r\n      \"TLS_RSA_WITH_AES_128_GCM_SHA256\",\r\n      \"TLS_RSA_WITH_AES_256_CBC_SHA256\",\r\n      \"TLS_RSA_WITH_AES_128_CBC_SHA256\",\r\n      \"TLS_RSA_WITH_AES_256_CBC_SHA\",\r\n      \"TLS_RSA_WITH_AES_128_CBC_SHA\"\r\n    ],\r\n    \"minProtocolVersion\": \"TLSv1_1\"\r\n  }\r\n}",
      "ResponseHeaders": {
        "Content-Length": [
          "1073"
        ],
        "Content-Type": [
          "application/json; charset=utf-8"
        ],
        "Expires": [
          "-1"
        ],
        "Pragma": [
          "no-cache"
        ],
        "x-ms-request-id": [
          "7c4087d8-8b4a-4e2b-b97a-ed43a7eef6be"
        ],
        "Strict-Transport-Security": [
          "max-age=31536000; includeSubDomains"
        ],
        "Cache-Control": [
          "no-cache"
        ],
        "Server": [
          "Microsoft-HTTPAPI/2.0",
          "Microsoft-HTTPAPI/2.0"
        ],
        "x-ms-ratelimit-remaining-subscription-reads": [
          "14995"
        ],
        "x-ms-correlation-request-id": [
          "452481e8-7671-4c0a-9bdc-c403efe98599"
        ],
        "x-ms-routing-request-id": [
          "WESTUS2:20180414T134727Z:452481e8-7671-4c0a-9bdc-c403efe98599"
        ],
        "X-Content-Type-Options": [
          "nosniff"
        ],
        "Date": [
          "Sat, 14 Apr 2018 13:47:26 GMT"
        ]
      },
      "StatusCode": 200
    }
  ],
  "Names": {},
  "Variables": {
    "SubscriptionId": "c886bc58-08de-4e01-993f-e01ba3702aaf"
  }
}