{
  "Entries": [
    {
<<<<<<< HEAD
      "RequestUri": "/subscriptions/a6383be3-f0e8-4968-93d5-10f2625f5bb5/providers/Microsoft.OperationalInsights?api-version=2016-02-01",
      "EncodedRequestUri": "L3N1YnNjcmlwdGlvbnMvYTYzODNiZTMtZjBlOC00OTY4LTkzZDUtMTBmMjYyNWY1YmI1L3Byb3ZpZGVycy9NaWNyb3NvZnQuT3BlcmF0aW9uYWxJbnNpZ2h0cz9hcGktdmVyc2lvbj0yMDE2LTAyLTAx",
      "RequestMethod": "GET",
      "RequestBody": "",
      "RequestHeaders": {
        "User-Agent": [
          "Microsoft.Azure.Management.Resources.ResourceManagementClient/2.0.0.0"
        ]
      },
      "ResponseBody": "{\r\n  \"id\": \"/subscriptions/a6383be3-f0e8-4968-93d5-10f2625f5bb5/providers/Microsoft.OperationalInsights\",\r\n  \"namespace\": \"Microsoft.OperationalInsights\",\r\n  \"authorization\": {\r\n    \"applicationId\": \"d2a0a418-0aac-4541-82b2-b3142c89da77\",\r\n    \"roleDefinitionId\": \"86695298-2eb9-48a7-9ec3-2fdb38b6878b\"\r\n  },\r\n  \"resourceTypes\": [\r\n    {\r\n      \"resourceType\": \"workspaces\",\r\n      \"locations\": [\r\n        \"East US\",\r\n        \"West Europe\",\r\n        \"Southeast Asia\",\r\n        \"Australia Southeast\",\r\n        \"West Central US\"\r\n      ],\r\n      \"apiVersions\": [\r\n        \"2017-03-03-preview\",\r\n        \"2017-01-01-preview\",\r\n        \"2015-11-01-preview\",\r\n        \"2015-03-20\"\r\n      ],\r\n      \"capabilities\": \"CrossResourceGroupResourceMove, CrossSubscriptionResourceMove\"\r\n    },\r\n    {\r\n      \"resourceType\": \"workspaces/dataSources\",\r\n      \"locations\": [\r\n        \"East US\",\r\n        \"West Europe\",\r\n        \"Southeast Asia\",\r\n        \"Australia Southeast\",\r\n        \"West Central US\"\r\n      ],\r\n      \"apiVersions\": [\r\n        \"2015-11-01-preview\"\r\n      ]\r\n    },\r\n    {\r\n      \"resourceType\": \"storageInsightConfigs\",\r\n      \"locations\": [],\r\n      \"apiVersions\": [\r\n        \"2014-10-10\"\r\n      ]\r\n    },\r\n    {\r\n      \"resourceType\": \"workspaces/linkedServices\",\r\n      \"locations\": [\r\n        \"East US\",\r\n        \"West Europe\",\r\n        \"Southeast Asia\",\r\n        \"Australia Southeast\",\r\n        \"West Central US\"\r\n      ],\r\n      \"apiVersions\": [\r\n        \"2015-11-01-preview\"\r\n      ]\r\n    },\r\n    {\r\n      \"resourceType\": \"linkTargets\",\r\n      \"locations\": [\r\n        \"East US\"\r\n      ],\r\n      \"apiVersions\": [\r\n        \"2015-03-20\",\r\n        \"2014-10-10\"\r\n      ]\r\n    },\r\n    {\r\n      \"resourceType\": \"operations\",\r\n      \"locations\": [],\r\n      \"apiVersions\": [\r\n        \"2014-11-10\"\r\n      ]\r\n    }\r\n  ],\r\n  \"registrationState\": \"Registered\"\r\n}",
      "ResponseHeaders": {
        "Content-Length": [
          "1229"
        ],
        "Content-Type": [
          "application/json; charset=utf-8"
        ],
        "Expires": [
          "-1"
=======
      "RequestUri": "/subscriptions/57947cb5-aadd-4b6c-9e8e-27f545bb7bf5/providers/Microsoft.OperationalInsights?api-version=2016-09-01",
      "EncodedRequestUri": "L3N1YnNjcmlwdGlvbnMvNTc5NDdjYjUtYWFkZC00YjZjLTllOGUtMjdmNTQ1YmI3YmY1L3Byb3ZpZGVycy9NaWNyb3NvZnQuT3BlcmF0aW9uYWxJbnNpZ2h0cz9hcGktdmVyc2lvbj0yMDE2LTA5LTAx",
      "RequestMethod": "GET",
      "RequestBody": "",
      "RequestHeaders": {
        "x-ms-client-request-id": [
          "9859a80f-5cd3-4e0c-934e-00c2cfde8cfa"
        ],
        "Accept-Language": [
          "en-US"
        ],
        "User-Agent": [
          "FxVersion/4.6.28008.02",
          "OSName/Windows",
          "OSVersion/Microsoft.Windows.10.0.18363.",
          "Microsoft.Azure.Management.Internal.Resources.ResourceManagementClient/1.3.13"
        ]
      },
      "ResponseHeaders": {
        "Cache-Control": [
          "no-cache"
>>>>>>> d78b04a5306127f583235b13752c48d4f7d1289a
        ],
        "Pragma": [
          "no-cache"
        ],
        "x-ms-ratelimit-remaining-subscription-reads": [
<<<<<<< HEAD
          "14826"
        ],
        "x-ms-request-id": [
          "8c22d368-4f47-4daf-9a34-dd903630cdf7"
        ],
        "x-ms-correlation-request-id": [
          "8c22d368-4f47-4daf-9a34-dd903630cdf7"
        ],
        "x-ms-routing-request-id": [
          "WESTUS2:20170504T003148Z:8c22d368-4f47-4daf-9a34-dd903630cdf7"
=======
          "11999"
        ],
        "x-ms-request-id": [
          "bd97e8ec-edac-4fae-9752-5aaaf31442ae"
        ],
        "x-ms-correlation-request-id": [
          "bd97e8ec-edac-4fae-9752-5aaaf31442ae"
        ],
        "x-ms-routing-request-id": [
          "SOUTHEASTASIA:20200509T081640Z:bd97e8ec-edac-4fae-9752-5aaaf31442ae"
>>>>>>> d78b04a5306127f583235b13752c48d4f7d1289a
        ],
        "Strict-Transport-Security": [
          "max-age=31536000; includeSubDomains"
        ],
<<<<<<< HEAD
        "Cache-Control": [
          "no-cache"
        ],
        "Date": [
          "Thu, 04 May 2017 00:31:48 GMT"
        ]
      },
      "StatusCode": 200
    },
    {
      "RequestUri": "/subscriptions/a6383be3-f0e8-4968-93d5-10f2625f5bb5/resourcegroups/onesdk5594?api-version=2016-02-01",
      "EncodedRequestUri": "L3N1YnNjcmlwdGlvbnMvYTYzODNiZTMtZjBlOC00OTY4LTkzZDUtMTBmMjYyNWY1YmI1L3Jlc291cmNlZ3JvdXBzL29uZXNkazU1OTQ/YXBpLXZlcnNpb249MjAxNi0wMi0wMQ==",
      "RequestMethod": "PUT",
      "RequestBody": "{\r\n  \"location\": \"East US\"\r\n}",
      "RequestHeaders": {
=======
        "X-Content-Type-Options": [
          "nosniff"
        ],
        "Date": [
          "Sat, 09 May 2020 08:16:40 GMT"
        ],
        "Content-Type": [
          "application/json; charset=utf-8"
        ],
        "Expires": [
          "-1"
        ],
        "Content-Length": [
          "5961"
        ]
      },
      "ResponseBody": "{\r\n  \"id\": \"/subscriptions/57947cb5-aadd-4b6c-9e8e-27f545bb7bf5/providers/Microsoft.OperationalInsights\",\r\n  \"namespace\": \"Microsoft.OperationalInsights\",\r\n  \"authorizations\": [\r\n    {\r\n      \"applicationId\": \"d2a0a418-0aac-4541-82b2-b3142c89da77\",\r\n      \"roleDefinitionId\": \"86695298-2eb9-48a7-9ec3-2fdb38b6878b\"\r\n    },\r\n    {\r\n      \"applicationId\": \"ca7f3f0b-7d91-482c-8e09-c5d840d0eac5\",\r\n      \"roleDefinitionId\": \"5d5a2e56-9835-44aa-93db-d2f19e155438\"\r\n    }\r\n  ],\r\n  \"resourceTypes\": [\r\n    {\r\n      \"resourceType\": \"workspaces\",\r\n      \"locations\": [\r\n        \"East US\",\r\n        \"West Europe\",\r\n        \"Southeast Asia\",\r\n        \"Australia Southeast\",\r\n        \"West Central US\",\r\n        \"Japan East\",\r\n        \"UK South\",\r\n        \"Central India\",\r\n        \"Canada Central\",\r\n        \"West US 2\",\r\n        \"Australia Central\",\r\n        \"Australia East\",\r\n        \"France Central\",\r\n        \"Korea Central\",\r\n        \"North Europe\",\r\n        \"Central US\",\r\n        \"East Asia\",\r\n        \"East US 2\",\r\n        \"South Central US\",\r\n        \"North Central US\",\r\n        \"West US\",\r\n        \"UK West\",\r\n        \"South Africa North\",\r\n        \"Brazil South\",\r\n        \"Switzerland North\",\r\n        \"Switzerland West\",\r\n        \"East US 2 EUAP\"\r\n      ],\r\n      \"apiVersions\": [\r\n        \"2020-03-01-preview\",\r\n        \"2017-04-26-preview\",\r\n        \"2017-03-15-preview\",\r\n        \"2017-03-03-preview\",\r\n        \"2017-01-01-preview\",\r\n        \"2015-11-01-preview\",\r\n        \"2015-03-20\"\r\n      ],\r\n      \"capabilities\": \"CrossResourceGroupResourceMove, CrossSubscriptionResourceMove\"\r\n    },\r\n    {\r\n      \"resourceType\": \"locations\",\r\n      \"locations\": [],\r\n      \"apiVersions\": [\r\n        \"2020-03-01-preview\",\r\n        \"2019-08-01-preview\",\r\n        \"2017-04-26-preview\",\r\n        \"2017-03-15-preview\",\r\n        \"2017-03-03-preview\",\r\n        \"2017-01-01-preview\",\r\n        \"2015-11-01-preview\",\r\n        \"2015-03-20\"\r\n      ]\r\n    },\r\n    {\r\n      \"resourceType\": \"locations/operationStatuses\",\r\n      \"locations\": [\r\n        \"East US\",\r\n        \"West Europe\",\r\n        \"Southeast Asia\",\r\n        \"Australia Southeast\",\r\n        \"West Central US\",\r\n        \"Japan East\",\r\n        \"UK South\",\r\n        \"Central India\",\r\n        \"Canada Central\",\r\n        \"West US 2\",\r\n        \"Australia Central\",\r\n        \"Australia East\",\r\n        \"France Central\",\r\n        \"Korea Central\",\r\n        \"North Europe\",\r\n        \"Central US\",\r\n        \"East Asia\",\r\n        \"East US 2\",\r\n        \"South Central US\",\r\n        \"North Central US\",\r\n        \"West US\",\r\n        \"UK West\",\r\n        \"South Africa North\",\r\n        \"Brazil South\",\r\n        \"Switzerland North\",\r\n        \"Switzerland West\",\r\n        \"East US 2 EUAP\"\r\n      ],\r\n      \"apiVersions\": [\r\n        \"2020-03-01-preview\",\r\n        \"2019-08-01-preview\",\r\n        \"2017-04-26-preview\",\r\n        \"2017-03-15-preview\",\r\n        \"2017-03-03-preview\",\r\n        \"2017-01-01-preview\",\r\n        \"2015-11-01-preview\",\r\n        \"2015-03-20\"\r\n      ]\r\n    },\r\n    {\r\n      \"resourceType\": \"workspaces/scopedPrivateLinkProxies\",\r\n      \"locations\": [\r\n        \"East US\",\r\n        \"West Europe\",\r\n        \"Southeast Asia\",\r\n        \"Australia Southeast\",\r\n        \"West Central US\",\r\n        \"Japan East\",\r\n        \"UK South\",\r\n        \"Central India\",\r\n        \"Canada Central\",\r\n        \"West US 2\",\r\n        \"Australia Central\",\r\n        \"Australia East\",\r\n        \"France Central\",\r\n        \"Korea Central\",\r\n        \"North Europe\",\r\n        \"Central US\",\r\n        \"East Asia\",\r\n        \"East US 2\",\r\n        \"South Central US\",\r\n        \"North Central US\",\r\n        \"West US\",\r\n        \"UK West\",\r\n        \"South Africa North\",\r\n        \"Brazil South\",\r\n        \"Switzerland North\",\r\n        \"Switzerland West\",\r\n        \"East US 2 EUAP\"\r\n      ],\r\n      \"apiVersions\": [\r\n        \"2020-03-01-preview\",\r\n        \"2019-08-01-preview\",\r\n        \"2015-11-01-preview\"\r\n      ]\r\n    },\r\n    {\r\n      \"resourceType\": \"workspaces/query\",\r\n      \"locations\": [\r\n        \"East US 2 EUAP\"\r\n      ],\r\n      \"apiVersions\": [\r\n        \"2017-10-01\"\r\n      ]\r\n    },\r\n    {\r\n      \"resourceType\": \"workspaces/metadata\",\r\n      \"locations\": [\r\n        \"East US 2 EUAP\"\r\n      ],\r\n      \"apiVersions\": [\r\n        \"2017-10-01\"\r\n      ]\r\n    },\r\n    {\r\n      \"resourceType\": \"workspaces/dataSources\",\r\n      \"locations\": [\r\n        \"East US\",\r\n        \"West Europe\",\r\n        \"Southeast Asia\",\r\n        \"Australia Southeast\",\r\n        \"West Central US\",\r\n        \"Japan East\",\r\n        \"UK South\",\r\n        \"Central India\",\r\n        \"Canada Central\",\r\n        \"West US 2\",\r\n        \"Australia Central\",\r\n        \"Australia East\",\r\n        \"France Central\",\r\n        \"Korea Central\",\r\n        \"North Europe\",\r\n        \"Central US\",\r\n        \"East Asia\",\r\n        \"East US 2\",\r\n        \"South Central US\",\r\n        \"North Central US\",\r\n        \"West US\",\r\n        \"UK West\",\r\n        \"South Africa North\",\r\n        \"Brazil South\",\r\n        \"Switzerland North\",\r\n        \"Switzerland West\",\r\n        \"East US 2 EUAP\"\r\n      ],\r\n      \"apiVersions\": [\r\n        \"2020-03-01-preview\",\r\n        \"2015-11-01-preview\"\r\n      ]\r\n    },\r\n    {\r\n      \"resourceType\": \"workspaces/linkedStorageAccounts\",\r\n      \"locations\": [\r\n        \"East US\",\r\n        \"West Europe\",\r\n        \"Southeast Asia\",\r\n        \"Australia Southeast\",\r\n        \"West Central US\",\r\n        \"Japan East\",\r\n        \"UK South\",\r\n        \"Central India\",\r\n        \"Canada Central\",\r\n        \"West US 2\",\r\n        \"Australia Central\",\r\n        \"Australia East\",\r\n        \"France Central\",\r\n        \"Korea Central\",\r\n        \"North Europe\",\r\n        \"Central US\",\r\n        \"East Asia\",\r\n        \"East US 2\",\r\n        \"South Central US\",\r\n        \"North Central US\",\r\n        \"West US\",\r\n        \"UK West\",\r\n        \"South Africa North\",\r\n        \"Brazil South\",\r\n        \"Switzerland North\",\r\n        \"Switzerland West\",\r\n        \"East US 2 EUAP\"\r\n      ],\r\n      \"apiVersions\": [\r\n        \"2020-03-01-preview\",\r\n        \"2019-08-01-preview\"\r\n      ]\r\n    },\r\n    {\r\n      \"resourceType\": \"storageInsightConfigs\",\r\n      \"locations\": [],\r\n      \"apiVersions\": [\r\n        \"2020-03-01-preview\",\r\n        \"2014-10-10\"\r\n      ],\r\n      \"capabilities\": \"SupportsExtension\"\r\n    },\r\n    {\r\n      \"resourceType\": \"workspaces/linkedServices\",\r\n      \"locations\": [\r\n        \"East US\",\r\n        \"West Europe\",\r\n        \"Southeast Asia\",\r\n        \"Australia Southeast\",\r\n        \"West Central US\",\r\n        \"Japan East\",\r\n        \"UK South\",\r\n        \"Central India\",\r\n        \"Canada Central\",\r\n        \"West US 2\",\r\n        \"Australia Central\",\r\n        \"Australia East\",\r\n        \"France Central\",\r\n        \"Korea Central\",\r\n        \"North Europe\",\r\n        \"Central US\",\r\n        \"East Asia\",\r\n        \"East US 2\",\r\n        \"South Central US\",\r\n        \"North Central US\",\r\n        \"West US\",\r\n        \"UK West\",\r\n        \"South Africa North\",\r\n        \"Brazil South\",\r\n        \"Switzerland North\",\r\n        \"Switzerland West\",\r\n        \"East US 2 EUAP\"\r\n      ],\r\n      \"apiVersions\": [\r\n        \"2020-03-01-preview\",\r\n        \"2019-08-01-preview\",\r\n        \"2015-11-01-preview\"\r\n      ]\r\n    },\r\n    {\r\n      \"resourceType\": \"linkTargets\",\r\n      \"locations\": [\r\n        \"East US\"\r\n      ],\r\n      \"apiVersions\": [\r\n        \"2020-03-01-preview\",\r\n        \"2015-03-20\"\r\n      ]\r\n    },\r\n    {\r\n      \"resourceType\": \"operations\",\r\n      \"locations\": [],\r\n      \"apiVersions\": [\r\n        \"2020-03-01-preview\",\r\n        \"2015-11-01-preview\",\r\n        \"2014-11-10\"\r\n      ]\r\n    },\r\n    {\r\n      \"resourceType\": \"clusters\",\r\n      \"locations\": [\r\n        \"East US\",\r\n        \"West Europe\",\r\n        \"Southeast Asia\",\r\n        \"Australia Southeast\",\r\n        \"West Central US\",\r\n        \"Japan East\",\r\n        \"UK South\",\r\n        \"Central India\",\r\n        \"Canada Central\",\r\n        \"East US 2 EUAP\",\r\n        \"West US 2\",\r\n        \"Australia Central\",\r\n        \"Australia East\",\r\n        \"France Central\",\r\n        \"Korea Central\",\r\n        \"North Europe\",\r\n        \"Central US\",\r\n        \"East Asia\",\r\n        \"East US 2\",\r\n        \"South Central US\",\r\n        \"North Central US\",\r\n        \"West US\",\r\n        \"UK West\",\r\n        \"South Africa North\",\r\n        \"Switzerland North\",\r\n        \"Switzerland West\",\r\n        \"Brazil South\"\r\n      ],\r\n      \"apiVersions\": [\r\n        \"2020-03-01-preview\",\r\n        \"2019-08-01-preview\"\r\n      ],\r\n      \"capabilities\": \"CrossResourceGroupResourceMove, CrossSubscriptionResourceMove, SystemAssignedResourceIdentity\"\r\n    },\r\n    {\r\n      \"resourceType\": \"workspaces/dataExports\",\r\n      \"locations\": [\r\n        \"East US\",\r\n        \"West Europe\",\r\n        \"Southeast Asia\",\r\n        \"Australia Southeast\",\r\n        \"West Central US\",\r\n        \"Japan East\",\r\n        \"UK South\",\r\n        \"Central India\",\r\n        \"Canada Central\",\r\n        \"East US 2 EUAP\",\r\n        \"West US 2\",\r\n        \"Australia Central\",\r\n        \"Australia East\",\r\n        \"France Central\",\r\n        \"Korea Central\",\r\n        \"North Europe\",\r\n        \"Central US\",\r\n        \"East Asia\",\r\n        \"East US 2\",\r\n        \"South Central US\",\r\n        \"North Central US\",\r\n        \"West US\",\r\n        \"UK West\",\r\n        \"South Africa North\",\r\n        \"Brazil South\",\r\n        \"Switzerland North\",\r\n        \"Switzerland West\"\r\n      ],\r\n      \"apiVersions\": [\r\n        \"2020-03-01-preview\",\r\n        \"2019-08-01-preview\"\r\n      ]\r\n    }\r\n  ],\r\n  \"registrationState\": \"Registered\"\r\n}",
      "StatusCode": 200
    },
    {
      "RequestUri": "/subscriptions/57947cb5-aadd-4b6c-9e8e-27f545bb7bf5/resourcegroups/ps1567?api-version=2016-09-01",
      "EncodedRequestUri": "L3N1YnNjcmlwdGlvbnMvNTc5NDdjYjUtYWFkZC00YjZjLTllOGUtMjdmNTQ1YmI3YmY1L3Jlc291cmNlZ3JvdXBzL3BzMTU2Nz9hcGktdmVyc2lvbj0yMDE2LTA5LTAx",
      "RequestMethod": "PUT",
      "RequestBody": "{\r\n  \"location\": \"East US\"\r\n}",
      "RequestHeaders": {
        "x-ms-client-request-id": [
          "b80a5ea1-2580-4d5d-8870-c60f999b27cb"
        ],
        "Accept-Language": [
          "en-US"
        ],
        "User-Agent": [
          "FxVersion/4.6.28008.02",
          "OSName/Windows",
          "OSVersion/Microsoft.Windows.10.0.18363.",
          "Microsoft.Azure.Management.Internal.Resources.ResourceManagementClient/1.3.13"
        ],
>>>>>>> d78b04a5306127f583235b13752c48d4f7d1289a
        "Content-Type": [
          "application/json; charset=utf-8"
        ],
        "Content-Length": [
          "29"
<<<<<<< HEAD
        ],
        "User-Agent": [
          "Microsoft.Azure.Management.Resources.ResourceManagementClient/2.0.0.0"
        ]
      },
      "ResponseBody": "{\r\n  \"id\": \"/subscriptions/a6383be3-f0e8-4968-93d5-10f2625f5bb5/resourceGroups/onesdk5594\",\r\n  \"name\": \"onesdk5594\",\r\n  \"location\": \"eastus\",\r\n  \"properties\": {\r\n    \"provisioningState\": \"Succeeded\"\r\n  }\r\n}",
      "ResponseHeaders": {
        "Content-Length": [
          "173"
        ],
        "Content-Type": [
          "application/json; charset=utf-8"
        ],
        "Expires": [
          "-1"
=======
        ]
      },
      "ResponseHeaders": {
        "Cache-Control": [
          "no-cache"
>>>>>>> d78b04a5306127f583235b13752c48d4f7d1289a
        ],
        "Pragma": [
          "no-cache"
        ],
        "x-ms-ratelimit-remaining-subscription-writes": [
<<<<<<< HEAD
          "1198"
        ],
        "x-ms-request-id": [
          "3e0d7459-cdaa-41b7-914e-ecc935838f60"
        ],
        "x-ms-correlation-request-id": [
          "3e0d7459-cdaa-41b7-914e-ecc935838f60"
        ],
        "x-ms-routing-request-id": [
          "WESTUS2:20170504T003149Z:3e0d7459-cdaa-41b7-914e-ecc935838f60"
=======
          "1199"
        ],
        "x-ms-request-id": [
          "f92a266d-c69a-40c0-8b58-9a237a90b242"
        ],
        "x-ms-correlation-request-id": [
          "f92a266d-c69a-40c0-8b58-9a237a90b242"
        ],
        "x-ms-routing-request-id": [
          "SOUTHEASTASIA:20200509T081644Z:f92a266d-c69a-40c0-8b58-9a237a90b242"
>>>>>>> d78b04a5306127f583235b13752c48d4f7d1289a
        ],
        "Strict-Transport-Security": [
          "max-age=31536000; includeSubDomains"
        ],
<<<<<<< HEAD
        "Cache-Control": [
          "no-cache"
        ],
        "Date": [
          "Thu, 04 May 2017 00:31:49 GMT"
        ]
      },
      "StatusCode": 201
    },
    {
      "RequestUri": "/subscriptions/a6383be3-f0e8-4968-93d5-10f2625f5bb5/resourcegroups/onesdk5594/providers/Microsoft.OperationalInsights/workspaces/AzTestonesdk8103?api-version=2015-11-01-preview",
      "EncodedRequestUri": "L3N1YnNjcmlwdGlvbnMvYTYzODNiZTMtZjBlOC00OTY4LTkzZDUtMTBmMjYyNWY1YmI1L3Jlc291cmNlZ3JvdXBzL29uZXNkazU1OTQvcHJvdmlkZXJzL01pY3Jvc29mdC5PcGVyYXRpb25hbEluc2lnaHRzL3dvcmtzcGFjZXMvQXpUZXN0b25lc2RrODEwMz9hcGktdmVyc2lvbj0yMDE1LTExLTAxLXByZXZpZXc=",
      "RequestMethod": "PUT",
      "RequestBody": "{\r\n  \"properties\": {\r\n    \"sku\": {\r\n      \"name\": \"premium\"\r\n    }\r\n  },\r\n  \"location\": \"East US\",\r\n  \"tags\": {}\r\n}",
      "RequestHeaders": {
        "Content-Type": [
          "application/json; charset=utf-8"
        ],
        "Content-Length": [
          "115"
        ],
        "x-ms-client-request-id": [
          "845116e3-066c-4135-ae8d-5632402e1da1"
        ],
        "accept-language": [
          "en-US"
        ],
        "User-Agent": [
          "FxVersion/4.7.2046.0",
          "OSName/Windows_10_Enterprise",
          "OSVersion/6.3.15063",
          "Microsoft.Azure.Management.OperationalInsights.OperationalInsightsManagementClient/0.18.0-preview"
        ]
      },
      "ResponseBody": "{\r\n  \"properties\": {\r\n    \"source\": \"Azure\",\r\n    \"customerId\": \"87e54ea8-aba8-4c33-9328-89f7c0b4de00\",\r\n    \"portalUrl\": \"https://eus.mms.microsoft.com/Account?tenant=72f988bf-86f1-41af-91ab-2d7cd011db47&resource=%2fsubscriptions%2fa6383be3-f0e8-4968-93d5-10f2625f5bb5%2fresourcegroups%2fonesdk5594%2fproviders%2fmicrosoft.operationalinsights%2fworkspaces%2faztestonesdk8103\",\r\n    \"provisioningState\": \"Creating\",\r\n    \"sku\": {\r\n      \"name\": \"premium\"\r\n    },\r\n    \"retentionInDays\": 365,\r\n    \"features\": {\r\n      \"legacy\": 0,\r\n      \"searchVersion\": 0\r\n    }\r\n  },\r\n  \"id\": \"/subscriptions/a6383be3-f0e8-4968-93d5-10f2625f5bb5/resourcegroups/onesdk5594/providers/microsoft.operationalinsights/workspaces/aztestonesdk8103\",\r\n  \"name\": \"AzTestonesdk8103\",\r\n  \"type\": \"Microsoft.OperationalInsights/workspaces\",\r\n  \"location\": \"East US\",\r\n  \"tags\": {}\r\n}",
      "ResponseHeaders": {
        "Content-Length": [
          "856"
        ],
        "Content-Type": [
          "application/json"
=======
        "X-Content-Type-Options": [
          "nosniff"
        ],
        "Date": [
          "Sat, 09 May 2020 08:16:43 GMT"
        ],
        "Content-Length": [
          "165"
        ],
        "Content-Type": [
          "application/json; charset=utf-8"
        ],
        "Expires": [
          "-1"
        ]
      },
      "ResponseBody": "{\r\n  \"id\": \"/subscriptions/57947cb5-aadd-4b6c-9e8e-27f545bb7bf5/resourceGroups/ps1567\",\r\n  \"name\": \"ps1567\",\r\n  \"location\": \"eastus\",\r\n  \"properties\": {\r\n    \"provisioningState\": \"Succeeded\"\r\n  }\r\n}",
      "StatusCode": 201
    },
    {
      "RequestUri": "/subscriptions/57947cb5-aadd-4b6c-9e8e-27f545bb7bf5/resourcegroups/ps1567/providers/Microsoft.OperationalInsights/workspaces/AzTestps1179?api-version=2020-03-01-preview",
      "EncodedRequestUri": "L3N1YnNjcmlwdGlvbnMvNTc5NDdjYjUtYWFkZC00YjZjLTllOGUtMjdmNTQ1YmI3YmY1L3Jlc291cmNlZ3JvdXBzL3BzMTU2Ny9wcm92aWRlcnMvTWljcm9zb2Z0Lk9wZXJhdGlvbmFsSW5zaWdodHMvd29ya3NwYWNlcy9BelRlc3RwczExNzk/YXBpLXZlcnNpb249MjAyMC0wMy0wMS1wcmV2aWV3",
      "RequestMethod": "PUT",
      "RequestBody": "{\r\n  \"properties\": {\r\n    \"sku\": {\r\n      \"name\": \"premium\"\r\n    }\r\n  },\r\n  \"tags\": {},\r\n  \"location\": \"East US\"\r\n}",
      "RequestHeaders": {
        "x-ms-client-request-id": [
          "bd337289-ad5b-43dc-accd-0f17ec0a804e"
        ],
        "Accept-Language": [
          "en-US"
        ],
        "User-Agent": [
          "FxVersion/4.6.28008.02",
          "OSName/Windows",
          "OSVersion/Microsoft.Windows.10.0.18363.",
          "Microsoft.Azure.Management.OperationalInsights.OperationalInsightsManagementClient/0.20.0.0"
        ],
        "Content-Type": [
          "application/json; charset=utf-8"
        ],
        "Content-Length": [
          "115"
        ]
      },
      "ResponseHeaders": {
        "Cache-Control": [
          "no-cache"
>>>>>>> d78b04a5306127f583235b13752c48d4f7d1289a
        ],
        "Pragma": [
          "no-cache"
        ],
        "x-ms-request-id": [
<<<<<<< HEAD
          "460a4dad-cc0a-45a7-b396-3a7789dabdb0"
=======
          "d8712d2c-bf6a-4d26-9cd2-fea867d2e477"
>>>>>>> d78b04a5306127f583235b13752c48d4f7d1289a
        ],
        "Strict-Transport-Security": [
          "max-age=31536000; includeSubDomains"
        ],
<<<<<<< HEAD
        "Cache-Control": [
          "no-cache"
        ],
        "Server": [
          "Microsoft-IIS/8.5",
          "Microsoft-IIS/8.5"
        ],
        "X-AspNet-Version": [
          "4.0.30319"
=======
        "X-Content-Type-Options": [
          "nosniff"
        ],
        "Server": [
          "Microsoft-IIS/10.0",
          "Microsoft-IIS/10.0"
>>>>>>> d78b04a5306127f583235b13752c48d4f7d1289a
        ],
        "X-Powered-By": [
          "ASP.NET",
          "ASP.NET"
        ],
<<<<<<< HEAD
        "X-Content-Type-Options": [
          "nosniff"
        ],
        "x-ms-ratelimit-remaining-subscription-writes": [
          "1192"
        ],
        "x-ms-correlation-request-id": [
          "d03adfc5-c359-4cee-a433-1f680a1e6337"
        ],
        "x-ms-routing-request-id": [
          "WESTUS2:20170504T003153Z:d03adfc5-c359-4cee-a433-1f680a1e6337"
        ],
        "Date": [
          "Thu, 04 May 2017 00:31:52 GMT"
        ]
      },
      "StatusCode": 201
    },
    {
      "RequestUri": "/subscriptions/a6383be3-f0e8-4968-93d5-10f2625f5bb5/resourcegroups/onesdk5594/providers/Microsoft.OperationalInsights/workspaces/AzTestonesdk8103?api-version=2015-11-01-preview",
      "EncodedRequestUri": "L3N1YnNjcmlwdGlvbnMvYTYzODNiZTMtZjBlOC00OTY4LTkzZDUtMTBmMjYyNWY1YmI1L3Jlc291cmNlZ3JvdXBzL29uZXNkazU1OTQvcHJvdmlkZXJzL01pY3Jvc29mdC5PcGVyYXRpb25hbEluc2lnaHRzL3dvcmtzcGFjZXMvQXpUZXN0b25lc2RrODEwMz9hcGktdmVyc2lvbj0yMDE1LTExLTAxLXByZXZpZXc=",
=======
        "x-ms-ratelimit-remaining-subscription-writes": [
          "1198"
        ],
        "x-ms-correlation-request-id": [
          "71589e5c-3acb-4d04-8b27-5f92b58b07c2"
        ],
        "x-ms-routing-request-id": [
          "SOUTHEASTASIA:20200509T081655Z:71589e5c-3acb-4d04-8b27-5f92b58b07c2"
        ],
        "Date": [
          "Sat, 09 May 2020 08:16:54 GMT"
        ],
        "Content-Length": [
          "956"
        ],
        "Content-Type": [
          "application/json"
        ]
      },
      "ResponseBody": "{\r\n  \"properties\": {\r\n    \"source\": \"Azure\",\r\n    \"customerId\": \"cb598e50-f8ab-475b-8ce7-5aa82d07875c\",\r\n    \"provisioningState\": \"Creating\",\r\n    \"sku\": {\r\n      \"name\": \"premium\",\r\n      \"lastSkuUpdate\": \"Sat, 09 May 2020 08:16:52 GMT\"\r\n    },\r\n    \"retentionInDays\": 365,\r\n    \"features\": {\r\n      \"legacy\": 0,\r\n      \"searchVersion\": 1,\r\n      \"enableLogAccessUsingOnlyResourcePermissions\": true\r\n    },\r\n    \"workspaceCapping\": {\r\n      \"dailyQuotaGb\": -1.0,\r\n      \"quotaNextResetTime\": \"Sun, 10 May 2020 01:00:00 GMT\",\r\n      \"dataIngestionStatus\": \"RespectQuota\"\r\n    },\r\n    \"publicNetworkAccessForIngestion\": \"Enabled\",\r\n    \"publicNetworkAccessForQuery\": \"Enabled\"\r\n  },\r\n  \"id\": \"/subscriptions/57947cb5-aadd-4b6c-9e8e-27f545bb7bf5/resourcegroups/ps1567/providers/microsoft.operationalinsights/workspaces/aztestps1179\",\r\n  \"name\": \"AzTestps1179\",\r\n  \"type\": \"Microsoft.OperationalInsights/workspaces\",\r\n  \"location\": \"East US\",\r\n  \"tags\": {}\r\n}",
      "StatusCode": 201
    },
    {
      "RequestUri": "/subscriptions/57947cb5-aadd-4b6c-9e8e-27f545bb7bf5/resourcegroups/ps1567/providers/Microsoft.OperationalInsights/workspaces/AzTestps1179?api-version=2020-03-01-preview",
      "EncodedRequestUri": "L3N1YnNjcmlwdGlvbnMvNTc5NDdjYjUtYWFkZC00YjZjLTllOGUtMjdmNTQ1YmI3YmY1L3Jlc291cmNlZ3JvdXBzL3BzMTU2Ny9wcm92aWRlcnMvTWljcm9zb2Z0Lk9wZXJhdGlvbmFsSW5zaWdodHMvd29ya3NwYWNlcy9BelRlc3RwczExNzk/YXBpLXZlcnNpb249MjAyMC0wMy0wMS1wcmV2aWV3",
>>>>>>> d78b04a5306127f583235b13752c48d4f7d1289a
      "RequestMethod": "GET",
      "RequestBody": "",
      "RequestHeaders": {
        "User-Agent": [
<<<<<<< HEAD
          "FxVersion/4.7.2046.0",
          "OSName/Windows_10_Enterprise",
          "OSVersion/6.3.15063",
          "Microsoft.Azure.Management.OperationalInsights.OperationalInsightsManagementClient/0.18.0-preview"
        ]
      },
      "ResponseBody": "{\r\n  \"properties\": {\r\n    \"source\": \"Azure\",\r\n    \"customerId\": \"87e54ea8-aba8-4c33-9328-89f7c0b4de00\",\r\n    \"portalUrl\": \"https://eus.mms.microsoft.com/Account?tenant=72f988bf-86f1-41af-91ab-2d7cd011db47&resource=%2fsubscriptions%2fa6383be3-f0e8-4968-93d5-10f2625f5bb5%2fresourcegroups%2fonesdk5594%2fproviders%2fmicrosoft.operationalinsights%2fworkspaces%2faztestonesdk8103\",\r\n    \"provisioningState\": \"Succeeded\",\r\n    \"sku\": {\r\n      \"name\": \"premium\"\r\n    },\r\n    \"retentionInDays\": 365,\r\n    \"features\": {\r\n      \"legacy\": 0,\r\n      \"searchVersion\": 0\r\n    }\r\n  },\r\n  \"id\": \"/subscriptions/a6383be3-f0e8-4968-93d5-10f2625f5bb5/resourcegroups/onesdk5594/providers/microsoft.operationalinsights/workspaces/aztestonesdk8103\",\r\n  \"name\": \"AzTestonesdk8103\",\r\n  \"type\": \"Microsoft.OperationalInsights/workspaces\",\r\n  \"location\": \"East US\",\r\n  \"tags\": {}\r\n}",
      "ResponseHeaders": {
        "Content-Length": [
          "857"
        ],
        "Content-Type": [
          "application/json"
=======
          "FxVersion/4.6.28008.02",
          "OSName/Windows",
          "OSVersion/Microsoft.Windows.10.0.18363.",
          "Microsoft.Azure.Management.OperationalInsights.OperationalInsightsManagementClient/0.20.0.0"
        ]
      },
      "ResponseHeaders": {
        "Cache-Control": [
          "no-cache"
>>>>>>> d78b04a5306127f583235b13752c48d4f7d1289a
        ],
        "Pragma": [
          "no-cache"
        ],
        "x-ms-request-id": [
<<<<<<< HEAD
          "8de9886d-6831-41a7-a3ae-59d2cada1ea7"
=======
          "e607b1cd-79af-467e-8248-69ef1a006432"
>>>>>>> d78b04a5306127f583235b13752c48d4f7d1289a
        ],
        "Strict-Transport-Security": [
          "max-age=31536000; includeSubDomains"
        ],
<<<<<<< HEAD
        "Cache-Control": [
          "no-cache"
        ],
        "Server": [
          "Microsoft-IIS/8.5",
          "Microsoft-IIS/8.5"
        ],
        "X-AspNet-Version": [
          "4.0.30319"
=======
        "X-Content-Type-Options": [
          "nosniff"
        ],
        "Server": [
          "Microsoft-IIS/10.0",
          "Microsoft-IIS/10.0"
>>>>>>> d78b04a5306127f583235b13752c48d4f7d1289a
        ],
        "X-Powered-By": [
          "ASP.NET",
          "ASP.NET"
        ],
<<<<<<< HEAD
        "X-Content-Type-Options": [
          "nosniff"
        ],
        "x-ms-ratelimit-remaining-subscription-reads": [
          "14811"
        ],
        "x-ms-correlation-request-id": [
          "d364fd56-8722-4a40-9dfa-1444675e1114"
        ],
        "x-ms-routing-request-id": [
          "WESTUS2:20170504T003223Z:d364fd56-8722-4a40-9dfa-1444675e1114"
        ],
        "Date": [
          "Thu, 04 May 2017 00:32:23 GMT"
        ]
      },
      "StatusCode": 200
    },
    {
      "RequestUri": "/subscriptions/a6383be3-f0e8-4968-93d5-10f2625f5bb5/resourcegroups/onesdk5594/providers/Microsoft.OperationalInsights/workspaces/AzTestonesdk8103/dataSources?$filter=kind%20eq%20'IISLogs'&api-version=2015-11-01-preview",
      "EncodedRequestUri": "L3N1YnNjcmlwdGlvbnMvYTYzODNiZTMtZjBlOC00OTY4LTkzZDUtMTBmMjYyNWY1YmI1L3Jlc291cmNlZ3JvdXBzL29uZXNkazU1OTQvcHJvdmlkZXJzL01pY3Jvc29mdC5PcGVyYXRpb25hbEluc2lnaHRzL3dvcmtzcGFjZXMvQXpUZXN0b25lc2RrODEwMy9kYXRhU291cmNlcz8kZmlsdGVyPWtpbmQlMjBlcSUyMCdJSVNMb2dzJyZhcGktdmVyc2lvbj0yMDE1LTExLTAxLXByZXZpZXc=",
=======
        "x-ms-ratelimit-remaining-subscription-reads": [
          "11991"
        ],
        "x-ms-correlation-request-id": [
          "bb677f05-8e50-48a3-a7e0-6bbafbeacee9"
        ],
        "x-ms-routing-request-id": [
          "SOUTHEASTASIA:20200509T081725Z:bb677f05-8e50-48a3-a7e0-6bbafbeacee9"
        ],
        "Date": [
          "Sat, 09 May 2020 08:17:24 GMT"
        ],
        "Content-Length": [
          "957"
        ],
        "Content-Type": [
          "application/json"
        ]
      },
      "ResponseBody": "{\r\n  \"properties\": {\r\n    \"source\": \"Azure\",\r\n    \"customerId\": \"cb598e50-f8ab-475b-8ce7-5aa82d07875c\",\r\n    \"provisioningState\": \"Succeeded\",\r\n    \"sku\": {\r\n      \"name\": \"premium\",\r\n      \"lastSkuUpdate\": \"Sat, 09 May 2020 08:16:52 GMT\"\r\n    },\r\n    \"retentionInDays\": 365,\r\n    \"features\": {\r\n      \"legacy\": 0,\r\n      \"searchVersion\": 1,\r\n      \"enableLogAccessUsingOnlyResourcePermissions\": true\r\n    },\r\n    \"workspaceCapping\": {\r\n      \"dailyQuotaGb\": -1.0,\r\n      \"quotaNextResetTime\": \"Sun, 10 May 2020 01:00:00 GMT\",\r\n      \"dataIngestionStatus\": \"RespectQuota\"\r\n    },\r\n    \"publicNetworkAccessForIngestion\": \"Enabled\",\r\n    \"publicNetworkAccessForQuery\": \"Enabled\"\r\n  },\r\n  \"id\": \"/subscriptions/57947cb5-aadd-4b6c-9e8e-27f545bb7bf5/resourcegroups/ps1567/providers/microsoft.operationalinsights/workspaces/aztestps1179\",\r\n  \"name\": \"AzTestps1179\",\r\n  \"type\": \"Microsoft.OperationalInsights/workspaces\",\r\n  \"location\": \"East US\",\r\n  \"tags\": {}\r\n}",
      "StatusCode": 200
    },
    {
      "RequestUri": "/subscriptions/57947cb5-aadd-4b6c-9e8e-27f545bb7bf5/resourcegroups/ps1567/providers/Microsoft.OperationalInsights/workspaces/AzTestps1179/dataSources?$filter=kind%20eq%20'IISLogs'&api-version=2020-03-01-preview",
      "EncodedRequestUri": "L3N1YnNjcmlwdGlvbnMvNTc5NDdjYjUtYWFkZC00YjZjLTllOGUtMjdmNTQ1YmI3YmY1L3Jlc291cmNlZ3JvdXBzL3BzMTU2Ny9wcm92aWRlcnMvTWljcm9zb2Z0Lk9wZXJhdGlvbmFsSW5zaWdodHMvd29ya3NwYWNlcy9BelRlc3RwczExNzkvZGF0YVNvdXJjZXM/JGZpbHRlcj1raW5kJTIwZXElMjAnSUlTTG9ncycmYXBpLXZlcnNpb249MjAyMC0wMy0wMS1wcmV2aWV3",
>>>>>>> d78b04a5306127f583235b13752c48d4f7d1289a
      "RequestMethod": "GET",
      "RequestBody": "",
      "RequestHeaders": {
        "x-ms-client-request-id": [
<<<<<<< HEAD
          "dd8fc920-db67-4778-8d52-4a774bf363f7"
        ],
        "accept-language": [
          "en-US"
        ],
        "User-Agent": [
          "FxVersion/4.7.2046.0",
          "OSName/Windows_10_Enterprise",
          "OSVersion/6.3.15063",
          "Microsoft.Azure.Management.OperationalInsights.OperationalInsightsManagementClient/0.18.0-preview"
        ]
      },
      "ResponseBody": "{\r\n  \"value\": []\r\n}",
      "ResponseHeaders": {
        "Content-Length": [
          "12"
        ],
        "Content-Type": [
          "application/json; charset=utf-8"
        ],
        "Expires": [
          "-1"
=======
          "5b0e9528-5a13-4894-ad67-680043b6ded4"
        ],
        "Accept-Language": [
          "en-US"
        ],
        "User-Agent": [
          "FxVersion/4.6.28008.02",
          "OSName/Windows",
          "OSVersion/Microsoft.Windows.10.0.18363.",
          "Microsoft.Azure.Management.OperationalInsights.OperationalInsightsManagementClient/0.20.0.0"
        ]
      },
      "ResponseHeaders": {
        "Cache-Control": [
          "no-cache"
>>>>>>> d78b04a5306127f583235b13752c48d4f7d1289a
        ],
        "Pragma": [
          "no-cache"
        ],
        "Strict-Transport-Security": [
          "max-age=31536000; includeSubDomains"
        ],
        "X-Content-Type-Options": [
          "nosniff"
        ],
<<<<<<< HEAD
        "x-ms-ratelimit-remaining-subscription-reads": [
          "14810"
        ],
        "x-ms-request-id": [
          "408c74fd-0b12-4712-9404-a156295ab8a0"
        ],
        "x-ms-correlation-request-id": [
          "408c74fd-0b12-4712-9404-a156295ab8a0"
        ],
        "x-ms-routing-request-id": [
          "WESTUS2:20170504T003224Z:408c74fd-0b12-4712-9404-a156295ab8a0"
        ],
        "Cache-Control": [
          "no-cache"
        ],
        "Date": [
          "Thu, 04 May 2017 00:32:23 GMT"
        ],
        "Server": [
          "Microsoft-IIS/8.5"
        ],
        "X-Powered-By": [
          "ASP.NET"
        ]
      },
      "StatusCode": 200
    },
    {
      "RequestUri": "/subscriptions/a6383be3-f0e8-4968-93d5-10f2625f5bb5/resourcegroups/onesdk5594/providers/Microsoft.OperationalInsights/workspaces/AzTestonesdk8103/dataSources?$filter=kind%20eq%20'IISLogs'&api-version=2015-11-01-preview",
      "EncodedRequestUri": "L3N1YnNjcmlwdGlvbnMvYTYzODNiZTMtZjBlOC00OTY4LTkzZDUtMTBmMjYyNWY1YmI1L3Jlc291cmNlZ3JvdXBzL29uZXNkazU1OTQvcHJvdmlkZXJzL01pY3Jvc29mdC5PcGVyYXRpb25hbEluc2lnaHRzL3dvcmtzcGFjZXMvQXpUZXN0b25lc2RrODEwMy9kYXRhU291cmNlcz8kZmlsdGVyPWtpbmQlMjBlcSUyMCdJSVNMb2dzJyZhcGktdmVyc2lvbj0yMDE1LTExLTAxLXByZXZpZXc=",
=======
        "Server": [
          "Microsoft-IIS/10.0"
        ],
        "X-Powered-By": [
          "ASP.NET"
        ],
        "x-ms-ratelimit-remaining-subscription-reads": [
          "11990"
        ],
        "x-ms-request-id": [
          "88b67ebc-766d-4712-bb16-6ba26a983bbd"
        ],
        "x-ms-correlation-request-id": [
          "88b67ebc-766d-4712-bb16-6ba26a983bbd"
        ],
        "x-ms-routing-request-id": [
          "SOUTHEASTASIA:20200509T081725Z:88b67ebc-766d-4712-bb16-6ba26a983bbd"
        ],
        "Date": [
          "Sat, 09 May 2020 08:17:25 GMT"
        ],
        "Content-Length": [
          "12"
        ],
        "Content-Type": [
          "application/json; charset=utf-8"
        ],
        "Expires": [
          "-1"
        ]
      },
      "ResponseBody": "{\r\n  \"value\": []\r\n}",
      "StatusCode": 200
    },
    {
      "RequestUri": "/subscriptions/57947cb5-aadd-4b6c-9e8e-27f545bb7bf5/resourcegroups/ps1567/providers/Microsoft.OperationalInsights/workspaces/AzTestps1179/dataSources?$filter=kind%20eq%20'IISLogs'&api-version=2020-03-01-preview",
      "EncodedRequestUri": "L3N1YnNjcmlwdGlvbnMvNTc5NDdjYjUtYWFkZC00YjZjLTllOGUtMjdmNTQ1YmI3YmY1L3Jlc291cmNlZ3JvdXBzL3BzMTU2Ny9wcm92aWRlcnMvTWljcm9zb2Z0Lk9wZXJhdGlvbmFsSW5zaWdodHMvd29ya3NwYWNlcy9BelRlc3RwczExNzkvZGF0YVNvdXJjZXM/JGZpbHRlcj1raW5kJTIwZXElMjAnSUlTTG9ncycmYXBpLXZlcnNpb249MjAyMC0wMy0wMS1wcmV2aWV3",
>>>>>>> d78b04a5306127f583235b13752c48d4f7d1289a
      "RequestMethod": "GET",
      "RequestBody": "",
      "RequestHeaders": {
        "x-ms-client-request-id": [
<<<<<<< HEAD
          "2458bbe2-5c4d-43fa-b54d-3c45fa2b36cd"
        ],
        "accept-language": [
          "en-US"
        ],
        "User-Agent": [
          "FxVersion/4.7.2046.0",
          "OSName/Windows_10_Enterprise",
          "OSVersion/6.3.15063",
          "Microsoft.Azure.Management.OperationalInsights.OperationalInsightsManagementClient/0.18.0-preview"
        ]
      },
      "ResponseBody": "{\r\n  \"value\": [\r\n    {\r\n      \"kind\": \"IISLogs\",\r\n      \"properties\": {\r\n        \"state\": \"OnPremiseEnabled\"\r\n      },\r\n      \"id\": \"/subscriptions/a6383be3-f0e8-4968-93d5-10f2625f5bb5/resourceGroups/onesdk5594/providers/Microsoft.OperationalInsights/workspaces/AzTestonesdk8103/datasources/DataSource_IISLogs\",\r\n      \"etag\": \"W/\\\"datetime'2017-05-04T00%3A32%3A24.3678743Z'\\\"\",\r\n      \"name\": \"DataSource_IISLogs\",\r\n      \"type\": \"Microsoft.OperationalInsights/workspaces/datasources\"\r\n    }\r\n  ]\r\n}",
      "ResponseHeaders": {
        "Content-Length": [
          "404"
        ],
        "Content-Type": [
          "application/json; charset=utf-8"
        ],
        "Expires": [
          "-1"
=======
          "8fe894f6-f043-4312-957a-6894251765d5"
        ],
        "Accept-Language": [
          "en-US"
        ],
        "User-Agent": [
          "FxVersion/4.6.28008.02",
          "OSName/Windows",
          "OSVersion/Microsoft.Windows.10.0.18363.",
          "Microsoft.Azure.Management.OperationalInsights.OperationalInsightsManagementClient/0.20.0.0"
        ]
      },
      "ResponseHeaders": {
        "Cache-Control": [
          "no-cache"
>>>>>>> d78b04a5306127f583235b13752c48d4f7d1289a
        ],
        "Pragma": [
          "no-cache"
        ],
        "Strict-Transport-Security": [
          "max-age=31536000; includeSubDomains"
        ],
        "X-Content-Type-Options": [
          "nosniff"
        ],
<<<<<<< HEAD
        "x-ms-ratelimit-remaining-subscription-reads": [
          "14808"
        ],
        "x-ms-request-id": [
          "dbbf656c-7d49-4cd4-be42-0de5fa73dc3a"
        ],
        "x-ms-correlation-request-id": [
          "dbbf656c-7d49-4cd4-be42-0de5fa73dc3a"
        ],
        "x-ms-routing-request-id": [
          "WESTUS2:20170504T003225Z:dbbf656c-7d49-4cd4-be42-0de5fa73dc3a"
        ],
        "Cache-Control": [
          "no-cache"
        ],
        "Date": [
          "Thu, 04 May 2017 00:32:25 GMT"
        ],
        "Server": [
          "Microsoft-IIS/8.5"
        ],
        "X-Powered-By": [
          "ASP.NET"
        ]
      },
      "StatusCode": 200
    },
    {
      "RequestUri": "/subscriptions/a6383be3-f0e8-4968-93d5-10f2625f5bb5/resourcegroups/onesdk5594/providers/Microsoft.OperationalInsights/workspaces/AzTestonesdk8103/dataSources/DataSource_IISLogs?api-version=2015-11-01-preview",
      "EncodedRequestUri": "L3N1YnNjcmlwdGlvbnMvYTYzODNiZTMtZjBlOC00OTY4LTkzZDUtMTBmMjYyNWY1YmI1L3Jlc291cmNlZ3JvdXBzL29uZXNkazU1OTQvcHJvdmlkZXJzL01pY3Jvc29mdC5PcGVyYXRpb25hbEluc2lnaHRzL3dvcmtzcGFjZXMvQXpUZXN0b25lc2RrODEwMy9kYXRhU291cmNlcy9EYXRhU291cmNlX0lJU0xvZ3M/YXBpLXZlcnNpb249MjAxNS0xMS0wMS1wcmV2aWV3",
=======
        "Server": [
          "Microsoft-IIS/10.0"
        ],
        "X-Powered-By": [
          "ASP.NET"
        ],
        "x-ms-ratelimit-remaining-subscription-reads": [
          "11988"
        ],
        "x-ms-request-id": [
          "b71f98d8-b3c0-40af-a3bd-78a8a82ca538"
        ],
        "x-ms-correlation-request-id": [
          "b71f98d8-b3c0-40af-a3bd-78a8a82ca538"
        ],
        "x-ms-routing-request-id": [
          "SOUTHEASTASIA:20200509T081727Z:b71f98d8-b3c0-40af-a3bd-78a8a82ca538"
        ],
        "Date": [
          "Sat, 09 May 2020 08:17:26 GMT"
        ],
        "Content-Length": [
          "396"
        ],
        "Content-Type": [
          "application/json; charset=utf-8"
        ],
        "Expires": [
          "-1"
        ]
      },
      "ResponseBody": "{\r\n  \"value\": [\r\n    {\r\n      \"kind\": \"IISLogs\",\r\n      \"properties\": {\r\n        \"state\": \"OnPremiseEnabled\"\r\n      },\r\n      \"id\": \"/subscriptions/57947cb5-aadd-4b6c-9e8e-27f545bb7bf5/resourceGroups/ps1567/providers/Microsoft.OperationalInsights/workspaces/AzTestps1179/datasources/DataSource_IISLogs\",\r\n      \"etag\": \"W/\\\"datetime'2020-05-09T08%3A17%3A26.6950732Z'\\\"\",\r\n      \"name\": \"DataSource_IISLogs\",\r\n      \"type\": \"Microsoft.OperationalInsights/workspaces/datasources\"\r\n    }\r\n  ]\r\n}",
      "StatusCode": 200
    },
    {
      "RequestUri": "/subscriptions/57947cb5-aadd-4b6c-9e8e-27f545bb7bf5/resourcegroups/ps1567/providers/Microsoft.OperationalInsights/workspaces/AzTestps1179/dataSources/DataSource_IISLogs?api-version=2020-03-01-preview",
      "EncodedRequestUri": "L3N1YnNjcmlwdGlvbnMvNTc5NDdjYjUtYWFkZC00YjZjLTllOGUtMjdmNTQ1YmI3YmY1L3Jlc291cmNlZ3JvdXBzL3BzMTU2Ny9wcm92aWRlcnMvTWljcm9zb2Z0Lk9wZXJhdGlvbmFsSW5zaWdodHMvd29ya3NwYWNlcy9BelRlc3RwczExNzkvZGF0YVNvdXJjZXMvRGF0YVNvdXJjZV9JSVNMb2dzP2FwaS12ZXJzaW9uPTIwMjAtMDMtMDEtcHJldmlldw==",
>>>>>>> d78b04a5306127f583235b13752c48d4f7d1289a
      "RequestMethod": "GET",
      "RequestBody": "",
      "RequestHeaders": {
        "x-ms-client-request-id": [
<<<<<<< HEAD
          "8094cf7b-784d-488c-a09b-7a840f88ba7a"
        ],
        "accept-language": [
          "en-US"
        ],
        "User-Agent": [
          "FxVersion/4.7.2046.0",
          "OSName/Windows_10_Enterprise",
          "OSVersion/6.3.15063",
          "Microsoft.Azure.Management.OperationalInsights.OperationalInsightsManagementClient/0.18.0-preview"
        ]
      },
      "ResponseBody": "{\r\n  \"error\": {\r\n    \"code\": \"DataSourceNotFound\",\r\n    \"message\": \"DataSource 'DataSource_IISLogs' could not be found.\"\r\n  }\r\n}",
      "ResponseHeaders": {
        "Content-Length": [
          "103"
        ],
        "Content-Type": [
          "application/json; charset=utf-8"
        ],
        "Expires": [
          "-1"
=======
          "e1654de2-8112-4fd4-8221-ff0dbfc2742f"
        ],
        "Accept-Language": [
          "en-US"
        ],
        "User-Agent": [
          "FxVersion/4.6.28008.02",
          "OSName/Windows",
          "OSVersion/Microsoft.Windows.10.0.18363.",
          "Microsoft.Azure.Management.OperationalInsights.OperationalInsightsManagementClient/0.20.0.0"
        ]
      },
      "ResponseHeaders": {
        "Cache-Control": [
          "no-cache"
>>>>>>> d78b04a5306127f583235b13752c48d4f7d1289a
        ],
        "Pragma": [
          "no-cache"
        ],
        "Strict-Transport-Security": [
          "max-age=31536000; includeSubDomains"
        ],
        "X-Content-Type-Options": [
          "nosniff"
        ],
<<<<<<< HEAD
        "x-ms-ratelimit-remaining-subscription-reads": [
          "14809"
        ],
        "x-ms-request-id": [
          "a1266fdb-cde4-4faf-9f30-da60e49adfda"
        ],
        "x-ms-correlation-request-id": [
          "a1266fdb-cde4-4faf-9f30-da60e49adfda"
        ],
        "x-ms-routing-request-id": [
          "WESTUS2:20170504T003224Z:a1266fdb-cde4-4faf-9f30-da60e49adfda"
        ],
        "Cache-Control": [
          "no-cache"
        ],
        "Date": [
          "Thu, 04 May 2017 00:32:24 GMT"
        ],
        "Server": [
          "Microsoft-IIS/8.5"
        ],
        "X-Powered-By": [
          "ASP.NET"
        ]
      },
      "StatusCode": 404
    },
    {
      "RequestUri": "/subscriptions/a6383be3-f0e8-4968-93d5-10f2625f5bb5/resourcegroups/onesdk5594/providers/Microsoft.OperationalInsights/workspaces/AzTestonesdk8103/dataSources/DataSource_IISLogs?api-version=2015-11-01-preview",
      "EncodedRequestUri": "L3N1YnNjcmlwdGlvbnMvYTYzODNiZTMtZjBlOC00OTY4LTkzZDUtMTBmMjYyNWY1YmI1L3Jlc291cmNlZ3JvdXBzL29uZXNkazU1OTQvcHJvdmlkZXJzL01pY3Jvc29mdC5PcGVyYXRpb25hbEluc2lnaHRzL3dvcmtzcGFjZXMvQXpUZXN0b25lc2RrODEwMy9kYXRhU291cmNlcy9EYXRhU291cmNlX0lJU0xvZ3M/YXBpLXZlcnNpb249MjAxNS0xMS0wMS1wcmV2aWV3",
=======
        "Server": [
          "Microsoft-IIS/10.0"
        ],
        "X-Powered-By": [
          "ASP.NET"
        ],
        "x-ms-ratelimit-remaining-subscription-reads": [
          "11989"
        ],
        "x-ms-request-id": [
          "f661539b-3d2b-44a0-8748-a84401aa466c"
        ],
        "x-ms-correlation-request-id": [
          "f661539b-3d2b-44a0-8748-a84401aa466c"
        ],
        "x-ms-routing-request-id": [
          "SOUTHEASTASIA:20200509T081726Z:f661539b-3d2b-44a0-8748-a84401aa466c"
        ],
        "Date": [
          "Sat, 09 May 2020 08:17:25 GMT"
        ],
        "Content-Length": [
          "103"
        ],
        "Content-Type": [
          "application/json; charset=utf-8"
        ],
        "Expires": [
          "-1"
        ]
      },
      "ResponseBody": "{\r\n  \"error\": {\r\n    \"code\": \"DataSourceNotFound\",\r\n    \"message\": \"DataSource 'DataSource_IISLogs' could not be found.\"\r\n  }\r\n}",
      "StatusCode": 404
    },
    {
      "RequestUri": "/subscriptions/57947cb5-aadd-4b6c-9e8e-27f545bb7bf5/resourcegroups/ps1567/providers/Microsoft.OperationalInsights/workspaces/AzTestps1179/dataSources/DataSource_IISLogs?api-version=2020-03-01-preview",
      "EncodedRequestUri": "L3N1YnNjcmlwdGlvbnMvNTc5NDdjYjUtYWFkZC00YjZjLTllOGUtMjdmNTQ1YmI3YmY1L3Jlc291cmNlZ3JvdXBzL3BzMTU2Ny9wcm92aWRlcnMvTWljcm9zb2Z0Lk9wZXJhdGlvbmFsSW5zaWdodHMvd29ya3NwYWNlcy9BelRlc3RwczExNzkvZGF0YVNvdXJjZXMvRGF0YVNvdXJjZV9JSVNMb2dzP2FwaS12ZXJzaW9uPTIwMjAtMDMtMDEtcHJldmlldw==",
>>>>>>> d78b04a5306127f583235b13752c48d4f7d1289a
      "RequestMethod": "GET",
      "RequestBody": "",
      "RequestHeaders": {
        "x-ms-client-request-id": [
<<<<<<< HEAD
          "478dd6db-bed2-45bd-9fa3-da59004c3173"
        ],
        "accept-language": [
          "en-US"
        ],
        "User-Agent": [
          "FxVersion/4.7.2046.0",
          "OSName/Windows_10_Enterprise",
          "OSVersion/6.3.15063",
          "Microsoft.Azure.Management.OperationalInsights.OperationalInsightsManagementClient/0.18.0-preview"
        ]
      },
      "ResponseBody": "{\r\n  \"kind\": \"IISLogs\",\r\n  \"properties\": {\r\n    \"state\": \"OnPremiseEnabled\"\r\n  },\r\n  \"id\": \"/subscriptions/a6383be3-f0e8-4968-93d5-10f2625f5bb5/resourceGroups/onesdk5594/providers/Microsoft.OperationalInsights/workspaces/AzTestonesdk8103/datasources/DataSource_IISLogs\",\r\n  \"etag\": \"W/\\\"datetime'2017-05-04T00%3A32%3A24.3678743Z'\\\"\",\r\n  \"name\": \"DataSource_IISLogs\",\r\n  \"type\": \"Microsoft.OperationalInsights/workspaces/datasources\"\r\n}",
      "ResponseHeaders": {
        "Content-Length": [
          "392"
        ],
        "Content-Type": [
          "application/json; charset=utf-8"
        ],
        "Expires": [
          "-1"
=======
          "2f6700c4-9e6d-497f-a4e4-471146b9fcd8"
        ],
        "Accept-Language": [
          "en-US"
        ],
        "User-Agent": [
          "FxVersion/4.6.28008.02",
          "OSName/Windows",
          "OSVersion/Microsoft.Windows.10.0.18363.",
          "Microsoft.Azure.Management.OperationalInsights.OperationalInsightsManagementClient/0.20.0.0"
        ]
      },
      "ResponseHeaders": {
        "Cache-Control": [
          "no-cache"
>>>>>>> d78b04a5306127f583235b13752c48d4f7d1289a
        ],
        "Pragma": [
          "no-cache"
        ],
        "Strict-Transport-Security": [
          "max-age=31536000; includeSubDomains"
        ],
        "X-Content-Type-Options": [
          "nosniff"
        ],
<<<<<<< HEAD
        "x-ms-ratelimit-remaining-subscription-reads": [
          "14807"
        ],
        "x-ms-request-id": [
          "66d729f8-d6e9-4190-9d03-d7da2bf43d37"
        ],
        "x-ms-correlation-request-id": [
          "66d729f8-d6e9-4190-9d03-d7da2bf43d37"
        ],
        "x-ms-routing-request-id": [
          "WESTUS2:20170504T003225Z:66d729f8-d6e9-4190-9d03-d7da2bf43d37"
        ],
        "Cache-Control": [
          "no-cache"
        ],
        "Date": [
          "Thu, 04 May 2017 00:32:25 GMT"
        ],
        "Server": [
          "Microsoft-IIS/8.5"
        ],
        "X-Powered-By": [
          "ASP.NET"
        ]
      },
      "StatusCode": 200
    },
    {
      "RequestUri": "/subscriptions/a6383be3-f0e8-4968-93d5-10f2625f5bb5/resourcegroups/onesdk5594/providers/Microsoft.OperationalInsights/workspaces/AzTestonesdk8103/dataSources/DataSource_IISLogs?api-version=2015-11-01-preview",
      "EncodedRequestUri": "L3N1YnNjcmlwdGlvbnMvYTYzODNiZTMtZjBlOC00OTY4LTkzZDUtMTBmMjYyNWY1YmI1L3Jlc291cmNlZ3JvdXBzL29uZXNkazU1OTQvcHJvdmlkZXJzL01pY3Jvc29mdC5PcGVyYXRpb25hbEluc2lnaHRzL3dvcmtzcGFjZXMvQXpUZXN0b25lc2RrODEwMy9kYXRhU291cmNlcy9EYXRhU291cmNlX0lJU0xvZ3M/YXBpLXZlcnNpb249MjAxNS0xMS0wMS1wcmV2aWV3",
      "RequestMethod": "PUT",
      "RequestBody": "{\r\n  \"properties\": {\r\n    \"state\": \"OnPremiseEnabled\"\r\n  },\r\n  \"kind\": \"IISLogs\"\r\n}",
      "RequestHeaders": {
        "Content-Type": [
          "application/json; charset=utf-8"
        ],
        "Content-Length": [
          "83"
        ],
        "x-ms-client-request-id": [
          "f16cae59-a42e-40b7-8de3-1f21420f9b74"
        ],
        "accept-language": [
          "en-US"
        ],
        "User-Agent": [
          "FxVersion/4.7.2046.0",
          "OSName/Windows_10_Enterprise",
          "OSVersion/6.3.15063",
          "Microsoft.Azure.Management.OperationalInsights.OperationalInsightsManagementClient/0.18.0-preview"
        ]
      },
      "ResponseBody": "{\r\n  \"kind\": \"IISLogs\",\r\n  \"properties\": {\r\n    \"state\": \"OnPremiseEnabled\"\r\n  },\r\n  \"id\": \"/subscriptions/a6383be3-f0e8-4968-93d5-10f2625f5bb5/resourceGroups/onesdk5594/providers/Microsoft.OperationalInsights/workspaces/AzTestonesdk8103/datasources/DataSource_IISLogs\",\r\n  \"etag\": \"W/\\\"datetime'2017-05-04T00%3A32%3A24.3678743Z'\\\"\",\r\n  \"name\": \"DataSource_IISLogs\",\r\n  \"type\": \"Microsoft.OperationalInsights/workspaces/datasources\"\r\n}",
      "ResponseHeaders": {
        "Content-Length": [
          "392"
=======
        "Server": [
          "Microsoft-IIS/10.0"
        ],
        "X-Powered-By": [
          "ASP.NET"
        ],
        "x-ms-ratelimit-remaining-subscription-reads": [
          "11987"
        ],
        "x-ms-request-id": [
          "e07540a8-5ee5-4331-b4dd-aaf23f9a3f0c"
        ],
        "x-ms-correlation-request-id": [
          "e07540a8-5ee5-4331-b4dd-aaf23f9a3f0c"
        ],
        "x-ms-routing-request-id": [
          "SOUTHEASTASIA:20200509T081728Z:e07540a8-5ee5-4331-b4dd-aaf23f9a3f0c"
        ],
        "Date": [
          "Sat, 09 May 2020 08:17:27 GMT"
        ],
        "Content-Length": [
          "384"
        ],
        "Content-Type": [
          "application/json; charset=utf-8"
        ],
        "Expires": [
          "-1"
        ]
      },
      "ResponseBody": "{\r\n  \"kind\": \"IISLogs\",\r\n  \"properties\": {\r\n    \"state\": \"OnPremiseEnabled\"\r\n  },\r\n  \"id\": \"/subscriptions/57947cb5-aadd-4b6c-9e8e-27f545bb7bf5/resourceGroups/ps1567/providers/Microsoft.OperationalInsights/workspaces/AzTestps1179/datasources/DataSource_IISLogs\",\r\n  \"etag\": \"W/\\\"datetime'2020-05-09T08%3A17%3A26.6950732Z'\\\"\",\r\n  \"name\": \"DataSource_IISLogs\",\r\n  \"type\": \"Microsoft.OperationalInsights/workspaces/datasources\"\r\n}",
      "StatusCode": 200
    },
    {
      "RequestUri": "/subscriptions/57947cb5-aadd-4b6c-9e8e-27f545bb7bf5/resourcegroups/ps1567/providers/Microsoft.OperationalInsights/workspaces/AzTestps1179/dataSources/DataSource_IISLogs?api-version=2020-03-01-preview",
      "EncodedRequestUri": "L3N1YnNjcmlwdGlvbnMvNTc5NDdjYjUtYWFkZC00YjZjLTllOGUtMjdmNTQ1YmI3YmY1L3Jlc291cmNlZ3JvdXBzL3BzMTU2Ny9wcm92aWRlcnMvTWljcm9zb2Z0Lk9wZXJhdGlvbmFsSW5zaWdodHMvd29ya3NwYWNlcy9BelRlc3RwczExNzkvZGF0YVNvdXJjZXMvRGF0YVNvdXJjZV9JSVNMb2dzP2FwaS12ZXJzaW9uPTIwMjAtMDMtMDEtcHJldmlldw==",
      "RequestMethod": "PUT",
      "RequestBody": "{\r\n  \"properties\": {\r\n    \"state\": \"OnPremiseEnabled\"\r\n  },\r\n  \"kind\": \"IISLogs\"\r\n}",
      "RequestHeaders": {
        "x-ms-client-request-id": [
          "bc889f7a-b26a-44e1-805f-d375cc10db79"
        ],
        "Accept-Language": [
          "en-US"
        ],
        "User-Agent": [
          "FxVersion/4.6.28008.02",
          "OSName/Windows",
          "OSVersion/Microsoft.Windows.10.0.18363.",
          "Microsoft.Azure.Management.OperationalInsights.OperationalInsightsManagementClient/0.20.0.0"
>>>>>>> d78b04a5306127f583235b13752c48d4f7d1289a
        ],
        "Content-Type": [
          "application/json; charset=utf-8"
        ],
<<<<<<< HEAD
        "Expires": [
          "-1"
=======
        "Content-Length": [
          "83"
        ]
      },
      "ResponseHeaders": {
        "Cache-Control": [
          "no-cache"
>>>>>>> d78b04a5306127f583235b13752c48d4f7d1289a
        ],
        "Pragma": [
          "no-cache"
        ],
        "Strict-Transport-Security": [
          "max-age=31536000; includeSubDomains"
        ],
        "X-Content-Type-Options": [
          "nosniff"
        ],
<<<<<<< HEAD
        "x-ms-ratelimit-remaining-subscription-writes": [
          "1191"
        ],
        "x-ms-request-id": [
          "fcd2c4d9-1e87-4ed7-9753-81d13f6d4e02"
        ],
        "x-ms-correlation-request-id": [
          "fcd2c4d9-1e87-4ed7-9753-81d13f6d4e02"
        ],
        "x-ms-routing-request-id": [
          "WESTUS2:20170504T003225Z:fcd2c4d9-1e87-4ed7-9753-81d13f6d4e02"
        ],
        "Cache-Control": [
          "no-cache"
        ],
        "Date": [
          "Thu, 04 May 2017 00:32:24 GMT"
        ],
        "Server": [
          "Microsoft-IIS/8.5"
        ],
        "X-Powered-By": [
          "ASP.NET"
        ]
      },
      "StatusCode": 200
    },
    {
      "RequestUri": "/subscriptions/a6383be3-f0e8-4968-93d5-10f2625f5bb5/resourcegroups/onesdk5594/providers/Microsoft.OperationalInsights/workspaces/AzTestonesdk8103/dataSources/DataSource_IISLogs?api-version=2015-11-01-preview",
      "EncodedRequestUri": "L3N1YnNjcmlwdGlvbnMvYTYzODNiZTMtZjBlOC00OTY4LTkzZDUtMTBmMjYyNWY1YmI1L3Jlc291cmNlZ3JvdXBzL29uZXNkazU1OTQvcHJvdmlkZXJzL01pY3Jvc29mdC5PcGVyYXRpb25hbEluc2lnaHRzL3dvcmtzcGFjZXMvQXpUZXN0b25lc2RrODEwMy9kYXRhU291cmNlcy9EYXRhU291cmNlX0lJU0xvZ3M/YXBpLXZlcnNpb249MjAxNS0xMS0wMS1wcmV2aWV3",
      "RequestMethod": "PUT",
      "RequestBody": "{\r\n  \"properties\": {\r\n    \"state\": \"OnPremiseDisabled\"\r\n  },\r\n  \"kind\": \"IISLogs\"\r\n}",
      "RequestHeaders": {
        "Content-Type": [
          "application/json; charset=utf-8"
        ],
        "Content-Length": [
          "84"
        ],
        "x-ms-client-request-id": [
          "8988887e-ef93-4986-bd0f-d465b817944e"
        ],
        "accept-language": [
          "en-US"
        ],
        "User-Agent": [
          "FxVersion/4.7.2046.0",
          "OSName/Windows_10_Enterprise",
          "OSVersion/6.3.15063",
          "Microsoft.Azure.Management.OperationalInsights.OperationalInsightsManagementClient/0.18.0-preview"
        ]
      },
      "ResponseBody": "{\r\n  \"kind\": \"IISLogs\",\r\n  \"properties\": {\r\n    \"state\": \"OnPremiseDisabled\"\r\n  },\r\n  \"id\": \"/subscriptions/a6383be3-f0e8-4968-93d5-10f2625f5bb5/resourceGroups/onesdk5594/providers/Microsoft.OperationalInsights/workspaces/AzTestonesdk8103/datasources/DataSource_IISLogs\",\r\n  \"etag\": \"W/\\\"datetime'2017-05-04T00%3A32%3A25.3729763Z'\\\"\",\r\n  \"name\": \"DataSource_IISLogs\",\r\n  \"type\": \"Microsoft.OperationalInsights/workspaces/datasources\"\r\n}",
      "ResponseHeaders": {
        "Content-Length": [
          "393"
=======
        "Server": [
          "Microsoft-IIS/10.0"
        ],
        "X-Powered-By": [
          "ASP.NET"
        ],
        "x-ms-ratelimit-remaining-subscription-writes": [
          "1197"
        ],
        "x-ms-request-id": [
          "99ab791e-f25e-4c8a-a493-b20bdef8a220"
        ],
        "x-ms-correlation-request-id": [
          "99ab791e-f25e-4c8a-a493-b20bdef8a220"
        ],
        "x-ms-routing-request-id": [
          "SOUTHEASTASIA:20200509T081727Z:99ab791e-f25e-4c8a-a493-b20bdef8a220"
        ],
        "Date": [
          "Sat, 09 May 2020 08:17:26 GMT"
        ],
        "Content-Length": [
          "384"
        ],
        "Content-Type": [
          "application/json; charset=utf-8"
        ],
        "Expires": [
          "-1"
        ]
      },
      "ResponseBody": "{\r\n  \"kind\": \"IISLogs\",\r\n  \"properties\": {\r\n    \"state\": \"OnPremiseEnabled\"\r\n  },\r\n  \"id\": \"/subscriptions/57947cb5-aadd-4b6c-9e8e-27f545bb7bf5/resourceGroups/ps1567/providers/Microsoft.OperationalInsights/workspaces/AzTestps1179/datasources/DataSource_IISLogs\",\r\n  \"etag\": \"W/\\\"datetime'2020-05-09T08%3A17%3A26.6950732Z'\\\"\",\r\n  \"name\": \"DataSource_IISLogs\",\r\n  \"type\": \"Microsoft.OperationalInsights/workspaces/datasources\"\r\n}",
      "StatusCode": 200
    },
    {
      "RequestUri": "/subscriptions/57947cb5-aadd-4b6c-9e8e-27f545bb7bf5/resourcegroups/ps1567/providers/Microsoft.OperationalInsights/workspaces/AzTestps1179/dataSources/DataSource_IISLogs?api-version=2020-03-01-preview",
      "EncodedRequestUri": "L3N1YnNjcmlwdGlvbnMvNTc5NDdjYjUtYWFkZC00YjZjLTllOGUtMjdmNTQ1YmI3YmY1L3Jlc291cmNlZ3JvdXBzL3BzMTU2Ny9wcm92aWRlcnMvTWljcm9zb2Z0Lk9wZXJhdGlvbmFsSW5zaWdodHMvd29ya3NwYWNlcy9BelRlc3RwczExNzkvZGF0YVNvdXJjZXMvRGF0YVNvdXJjZV9JSVNMb2dzP2FwaS12ZXJzaW9uPTIwMjAtMDMtMDEtcHJldmlldw==",
      "RequestMethod": "PUT",
      "RequestBody": "{\r\n  \"properties\": {\r\n    \"state\": \"OnPremiseDisabled\"\r\n  },\r\n  \"kind\": \"IISLogs\"\r\n}",
      "RequestHeaders": {
        "x-ms-client-request-id": [
          "e230f441-077c-4238-8ce1-c47685c5202f"
        ],
        "Accept-Language": [
          "en-US"
        ],
        "User-Agent": [
          "FxVersion/4.6.28008.02",
          "OSName/Windows",
          "OSVersion/Microsoft.Windows.10.0.18363.",
          "Microsoft.Azure.Management.OperationalInsights.OperationalInsightsManagementClient/0.20.0.0"
>>>>>>> d78b04a5306127f583235b13752c48d4f7d1289a
        ],
        "Content-Type": [
          "application/json; charset=utf-8"
        ],
<<<<<<< HEAD
        "Expires": [
          "-1"
=======
        "Content-Length": [
          "84"
        ]
      },
      "ResponseHeaders": {
        "Cache-Control": [
          "no-cache"
>>>>>>> d78b04a5306127f583235b13752c48d4f7d1289a
        ],
        "Pragma": [
          "no-cache"
        ],
        "Strict-Transport-Security": [
          "max-age=31536000; includeSubDomains"
        ],
        "X-Content-Type-Options": [
          "nosniff"
        ],
<<<<<<< HEAD
        "x-ms-ratelimit-remaining-subscription-writes": [
          "1190"
        ],
        "x-ms-request-id": [
          "08c2267a-9804-4951-aca2-4055a70c8267"
        ],
        "x-ms-correlation-request-id": [
          "08c2267a-9804-4951-aca2-4055a70c8267"
        ],
        "x-ms-routing-request-id": [
          "WESTUS2:20170504T003226Z:08c2267a-9804-4951-aca2-4055a70c8267"
        ],
        "Cache-Control": [
          "no-cache"
        ],
        "Date": [
          "Thu, 04 May 2017 00:32:25 GMT"
        ],
        "Server": [
          "Microsoft-IIS/8.5"
        ],
        "X-Powered-By": [
          "ASP.NET"
        ]
      },
      "StatusCode": 200
    },
    {
      "RequestUri": "/subscriptions/a6383be3-f0e8-4968-93d5-10f2625f5bb5/resourcegroups/onesdk5594/providers/Microsoft.OperationalInsights/workspaces/AzTestonesdk8103/dataSources?$filter=kind%20eq%20'CustomLogCollection'&api-version=2015-11-01-preview",
      "EncodedRequestUri": "L3N1YnNjcmlwdGlvbnMvYTYzODNiZTMtZjBlOC00OTY4LTkzZDUtMTBmMjYyNWY1YmI1L3Jlc291cmNlZ3JvdXBzL29uZXNkazU1OTQvcHJvdmlkZXJzL01pY3Jvc29mdC5PcGVyYXRpb25hbEluc2lnaHRzL3dvcmtzcGFjZXMvQXpUZXN0b25lc2RrODEwMy9kYXRhU291cmNlcz8kZmlsdGVyPWtpbmQlMjBlcSUyMCdDdXN0b21Mb2dDb2xsZWN0aW9uJyZhcGktdmVyc2lvbj0yMDE1LTExLTAxLXByZXZpZXc=",
=======
        "Server": [
          "Microsoft-IIS/10.0"
        ],
        "X-Powered-By": [
          "ASP.NET"
        ],
        "x-ms-ratelimit-remaining-subscription-writes": [
          "1196"
        ],
        "x-ms-request-id": [
          "64d11f49-6835-4562-b155-7e6d68af4d9c"
        ],
        "x-ms-correlation-request-id": [
          "64d11f49-6835-4562-b155-7e6d68af4d9c"
        ],
        "x-ms-routing-request-id": [
          "SOUTHEASTASIA:20200509T081728Z:64d11f49-6835-4562-b155-7e6d68af4d9c"
        ],
        "Date": [
          "Sat, 09 May 2020 08:17:28 GMT"
        ],
        "Content-Length": [
          "385"
        ],
        "Content-Type": [
          "application/json; charset=utf-8"
        ],
        "Expires": [
          "-1"
        ]
      },
      "ResponseBody": "{\r\n  \"kind\": \"IISLogs\",\r\n  \"properties\": {\r\n    \"state\": \"OnPremiseDisabled\"\r\n  },\r\n  \"id\": \"/subscriptions/57947cb5-aadd-4b6c-9e8e-27f545bb7bf5/resourceGroups/ps1567/providers/Microsoft.OperationalInsights/workspaces/AzTestps1179/datasources/DataSource_IISLogs\",\r\n  \"etag\": \"W/\\\"datetime'2020-05-09T08%3A17%3A28.3513542Z'\\\"\",\r\n  \"name\": \"DataSource_IISLogs\",\r\n  \"type\": \"Microsoft.OperationalInsights/workspaces/datasources\"\r\n}",
      "StatusCode": 200
    },
    {
      "RequestUri": "/subscriptions/57947cb5-aadd-4b6c-9e8e-27f545bb7bf5/resourcegroups/ps1567/providers/Microsoft.OperationalInsights/workspaces/AzTestps1179/dataSources?$filter=kind%20eq%20'CustomLogCollection'&api-version=2020-03-01-preview",
      "EncodedRequestUri": "L3N1YnNjcmlwdGlvbnMvNTc5NDdjYjUtYWFkZC00YjZjLTllOGUtMjdmNTQ1YmI3YmY1L3Jlc291cmNlZ3JvdXBzL3BzMTU2Ny9wcm92aWRlcnMvTWljcm9zb2Z0Lk9wZXJhdGlvbmFsSW5zaWdodHMvd29ya3NwYWNlcy9BelRlc3RwczExNzkvZGF0YVNvdXJjZXM/JGZpbHRlcj1raW5kJTIwZXElMjAnQ3VzdG9tTG9nQ29sbGVjdGlvbicmYXBpLXZlcnNpb249MjAyMC0wMy0wMS1wcmV2aWV3",
>>>>>>> d78b04a5306127f583235b13752c48d4f7d1289a
      "RequestMethod": "GET",
      "RequestBody": "",
      "RequestHeaders": {
        "x-ms-client-request-id": [
<<<<<<< HEAD
          "2f96cffb-7153-4772-835b-68c1e749c0ae"
        ],
        "accept-language": [
          "en-US"
        ],
        "User-Agent": [
          "FxVersion/4.7.2046.0",
          "OSName/Windows_10_Enterprise",
          "OSVersion/6.3.15063",
          "Microsoft.Azure.Management.OperationalInsights.OperationalInsightsManagementClient/0.18.0-preview"
        ]
      },
      "ResponseBody": "{\r\n  \"value\": []\r\n}",
      "ResponseHeaders": {
        "Content-Length": [
          "12"
        ],
        "Content-Type": [
          "application/json; charset=utf-8"
        ],
        "Expires": [
          "-1"
=======
          "af93f854-8439-4df2-b324-46d9081573ec"
        ],
        "Accept-Language": [
          "en-US"
        ],
        "User-Agent": [
          "FxVersion/4.6.28008.02",
          "OSName/Windows",
          "OSVersion/Microsoft.Windows.10.0.18363.",
          "Microsoft.Azure.Management.OperationalInsights.OperationalInsightsManagementClient/0.20.0.0"
        ]
      },
      "ResponseHeaders": {
        "Cache-Control": [
          "no-cache"
>>>>>>> d78b04a5306127f583235b13752c48d4f7d1289a
        ],
        "Pragma": [
          "no-cache"
        ],
        "Strict-Transport-Security": [
          "max-age=31536000; includeSubDomains"
        ],
        "X-Content-Type-Options": [
          "nosniff"
        ],
<<<<<<< HEAD
        "x-ms-ratelimit-remaining-subscription-reads": [
          "14806"
        ],
        "x-ms-request-id": [
          "c07c8b1c-2931-4b8d-a06b-dee5fb1a61cc"
        ],
        "x-ms-correlation-request-id": [
          "c07c8b1c-2931-4b8d-a06b-dee5fb1a61cc"
        ],
        "x-ms-routing-request-id": [
          "WESTUS2:20170504T003226Z:c07c8b1c-2931-4b8d-a06b-dee5fb1a61cc"
        ],
        "Cache-Control": [
          "no-cache"
        ],
        "Date": [
          "Thu, 04 May 2017 00:32:25 GMT"
        ],
        "Server": [
          "Microsoft-IIS/8.5"
        ],
        "X-Powered-By": [
          "ASP.NET"
        ]
      },
      "StatusCode": 200
    },
    {
      "RequestUri": "/subscriptions/a6383be3-f0e8-4968-93d5-10f2625f5bb5/resourcegroups/onesdk5594/providers/Microsoft.OperationalInsights/workspaces/AzTestonesdk8103/dataSources?$filter=kind%20eq%20'CustomLogCollection'&api-version=2015-11-01-preview",
      "EncodedRequestUri": "L3N1YnNjcmlwdGlvbnMvYTYzODNiZTMtZjBlOC00OTY4LTkzZDUtMTBmMjYyNWY1YmI1L3Jlc291cmNlZ3JvdXBzL29uZXNkazU1OTQvcHJvdmlkZXJzL01pY3Jvc29mdC5PcGVyYXRpb25hbEluc2lnaHRzL3dvcmtzcGFjZXMvQXpUZXN0b25lc2RrODEwMy9kYXRhU291cmNlcz8kZmlsdGVyPWtpbmQlMjBlcSUyMCdDdXN0b21Mb2dDb2xsZWN0aW9uJyZhcGktdmVyc2lvbj0yMDE1LTExLTAxLXByZXZpZXc=",
=======
        "Server": [
          "Microsoft-IIS/10.0"
        ],
        "X-Powered-By": [
          "ASP.NET"
        ],
        "x-ms-ratelimit-remaining-subscription-reads": [
          "11986"
        ],
        "x-ms-request-id": [
          "bc4a6e26-10b9-4900-97b8-3cc035ecbd61"
        ],
        "x-ms-correlation-request-id": [
          "bc4a6e26-10b9-4900-97b8-3cc035ecbd61"
        ],
        "x-ms-routing-request-id": [
          "SOUTHEASTASIA:20200509T081729Z:bc4a6e26-10b9-4900-97b8-3cc035ecbd61"
        ],
        "Date": [
          "Sat, 09 May 2020 08:17:28 GMT"
        ],
        "Content-Length": [
          "12"
        ],
        "Content-Type": [
          "application/json; charset=utf-8"
        ],
        "Expires": [
          "-1"
        ]
      },
      "ResponseBody": "{\r\n  \"value\": []\r\n}",
      "StatusCode": 200
    },
    {
      "RequestUri": "/subscriptions/57947cb5-aadd-4b6c-9e8e-27f545bb7bf5/resourcegroups/ps1567/providers/Microsoft.OperationalInsights/workspaces/AzTestps1179/dataSources?$filter=kind%20eq%20'CustomLogCollection'&api-version=2020-03-01-preview",
      "EncodedRequestUri": "L3N1YnNjcmlwdGlvbnMvNTc5NDdjYjUtYWFkZC00YjZjLTllOGUtMjdmNTQ1YmI3YmY1L3Jlc291cmNlZ3JvdXBzL3BzMTU2Ny9wcm92aWRlcnMvTWljcm9zb2Z0Lk9wZXJhdGlvbmFsSW5zaWdodHMvd29ya3NwYWNlcy9BelRlc3RwczExNzkvZGF0YVNvdXJjZXM/JGZpbHRlcj1raW5kJTIwZXElMjAnQ3VzdG9tTG9nQ29sbGVjdGlvbicmYXBpLXZlcnNpb249MjAyMC0wMy0wMS1wcmV2aWV3",
>>>>>>> d78b04a5306127f583235b13752c48d4f7d1289a
      "RequestMethod": "GET",
      "RequestBody": "",
      "RequestHeaders": {
        "x-ms-client-request-id": [
<<<<<<< HEAD
          "63360a3b-26d7-452d-a3ea-9249490020df"
        ],
        "accept-language": [
          "en-US"
        ],
        "User-Agent": [
          "FxVersion/4.7.2046.0",
          "OSName/Windows_10_Enterprise",
          "OSVersion/6.3.15063",
          "Microsoft.Azure.Management.OperationalInsights.OperationalInsightsManagementClient/0.18.0-preview"
        ]
      },
      "ResponseBody": "{\r\n  \"value\": [\r\n    {\r\n      \"kind\": \"CustomLogCollection\",\r\n      \"properties\": {\r\n        \"state\": \"LinuxLogsEnabled\"\r\n      },\r\n      \"id\": \"/subscriptions/a6383be3-f0e8-4968-93d5-10f2625f5bb5/resourceGroups/onesdk5594/providers/Microsoft.OperationalInsights/workspaces/AzTestonesdk8103/datasources/DataSource_CustomLogCollection\",\r\n      \"etag\": \"W/\\\"datetime'2017-05-04T00%3A32%3A26.2167779Z'\\\"\",\r\n      \"name\": \"DataSource_CustomLogCollection\",\r\n      \"type\": \"Microsoft.OperationalInsights/workspaces/datasources\"\r\n    }\r\n  ]\r\n}",
      "ResponseHeaders": {
        "Content-Length": [
          "440"
        ],
        "Content-Type": [
          "application/json; charset=utf-8"
        ],
        "Expires": [
          "-1"
=======
          "3c20f2ed-7b35-446d-9a63-523d28ce2579"
        ],
        "Accept-Language": [
          "en-US"
        ],
        "User-Agent": [
          "FxVersion/4.6.28008.02",
          "OSName/Windows",
          "OSVersion/Microsoft.Windows.10.0.18363.",
          "Microsoft.Azure.Management.OperationalInsights.OperationalInsightsManagementClient/0.20.0.0"
        ]
      },
      "ResponseHeaders": {
        "Cache-Control": [
          "no-cache"
>>>>>>> d78b04a5306127f583235b13752c48d4f7d1289a
        ],
        "Pragma": [
          "no-cache"
        ],
        "Strict-Transport-Security": [
          "max-age=31536000; includeSubDomains"
        ],
        "X-Content-Type-Options": [
          "nosniff"
        ],
<<<<<<< HEAD
        "x-ms-ratelimit-remaining-subscription-reads": [
          "14804"
        ],
        "x-ms-request-id": [
          "5f032b6e-a61e-4b7c-953b-da89ad508d51"
        ],
        "x-ms-correlation-request-id": [
          "5f032b6e-a61e-4b7c-953b-da89ad508d51"
        ],
        "x-ms-routing-request-id": [
          "WESTUS2:20170504T003227Z:5f032b6e-a61e-4b7c-953b-da89ad508d51"
        ],
        "Cache-Control": [
          "no-cache"
        ],
        "Date": [
          "Thu, 04 May 2017 00:32:26 GMT"
        ],
        "Server": [
          "Microsoft-IIS/8.5"
        ],
        "X-Powered-By": [
          "ASP.NET"
        ]
      },
      "StatusCode": 200
    },
    {
      "RequestUri": "/subscriptions/a6383be3-f0e8-4968-93d5-10f2625f5bb5/resourcegroups/onesdk5594/providers/Microsoft.OperationalInsights/workspaces/AzTestonesdk8103/dataSources/DataSource_CustomLogCollection?api-version=2015-11-01-preview",
      "EncodedRequestUri": "L3N1YnNjcmlwdGlvbnMvYTYzODNiZTMtZjBlOC00OTY4LTkzZDUtMTBmMjYyNWY1YmI1L3Jlc291cmNlZ3JvdXBzL29uZXNkazU1OTQvcHJvdmlkZXJzL01pY3Jvc29mdC5PcGVyYXRpb25hbEluc2lnaHRzL3dvcmtzcGFjZXMvQXpUZXN0b25lc2RrODEwMy9kYXRhU291cmNlcy9EYXRhU291cmNlX0N1c3RvbUxvZ0NvbGxlY3Rpb24/YXBpLXZlcnNpb249MjAxNS0xMS0wMS1wcmV2aWV3",
=======
        "Server": [
          "Microsoft-IIS/10.0"
        ],
        "X-Powered-By": [
          "ASP.NET"
        ],
        "x-ms-ratelimit-remaining-subscription-reads": [
          "11984"
        ],
        "x-ms-request-id": [
          "a10a1215-62ef-460e-9bfe-2e468956fb7e"
        ],
        "x-ms-correlation-request-id": [
          "a10a1215-62ef-460e-9bfe-2e468956fb7e"
        ],
        "x-ms-routing-request-id": [
          "SOUTHEASTASIA:20200509T081730Z:a10a1215-62ef-460e-9bfe-2e468956fb7e"
        ],
        "Date": [
          "Sat, 09 May 2020 08:17:30 GMT"
        ],
        "Content-Length": [
          "432"
        ],
        "Content-Type": [
          "application/json; charset=utf-8"
        ],
        "Expires": [
          "-1"
        ]
      },
      "ResponseBody": "{\r\n  \"value\": [\r\n    {\r\n      \"kind\": \"CustomLogCollection\",\r\n      \"properties\": {\r\n        \"state\": \"LinuxLogsEnabled\"\r\n      },\r\n      \"id\": \"/subscriptions/57947cb5-aadd-4b6c-9e8e-27f545bb7bf5/resourceGroups/ps1567/providers/Microsoft.OperationalInsights/workspaces/AzTestps1179/datasources/DataSource_CustomLogCollection\",\r\n      \"etag\": \"W/\\\"datetime'2020-05-09T08%3A17%3A29.8359394Z'\\\"\",\r\n      \"name\": \"DataSource_CustomLogCollection\",\r\n      \"type\": \"Microsoft.OperationalInsights/workspaces/datasources\"\r\n    }\r\n  ]\r\n}",
      "StatusCode": 200
    },
    {
      "RequestUri": "/subscriptions/57947cb5-aadd-4b6c-9e8e-27f545bb7bf5/resourcegroups/ps1567/providers/Microsoft.OperationalInsights/workspaces/AzTestps1179/dataSources/DataSource_CustomLogCollection?api-version=2020-03-01-preview",
      "EncodedRequestUri": "L3N1YnNjcmlwdGlvbnMvNTc5NDdjYjUtYWFkZC00YjZjLTllOGUtMjdmNTQ1YmI3YmY1L3Jlc291cmNlZ3JvdXBzL3BzMTU2Ny9wcm92aWRlcnMvTWljcm9zb2Z0Lk9wZXJhdGlvbmFsSW5zaWdodHMvd29ya3NwYWNlcy9BelRlc3RwczExNzkvZGF0YVNvdXJjZXMvRGF0YVNvdXJjZV9DdXN0b21Mb2dDb2xsZWN0aW9uP2FwaS12ZXJzaW9uPTIwMjAtMDMtMDEtcHJldmlldw==",
>>>>>>> d78b04a5306127f583235b13752c48d4f7d1289a
      "RequestMethod": "GET",
      "RequestBody": "",
      "RequestHeaders": {
        "x-ms-client-request-id": [
<<<<<<< HEAD
          "1cdcfa1d-100f-4b38-af09-e46abfa45530"
        ],
        "accept-language": [
          "en-US"
        ],
        "User-Agent": [
          "FxVersion/4.7.2046.0",
          "OSName/Windows_10_Enterprise",
          "OSVersion/6.3.15063",
          "Microsoft.Azure.Management.OperationalInsights.OperationalInsightsManagementClient/0.18.0-preview"
        ]
      },
      "ResponseBody": "{\r\n  \"error\": {\r\n    \"code\": \"DataSourceNotFound\",\r\n    \"message\": \"DataSource 'DataSource_CustomLogCollection' could not be found.\"\r\n  }\r\n}",
      "ResponseHeaders": {
        "Content-Length": [
          "115"
        ],
        "Content-Type": [
          "application/json; charset=utf-8"
        ],
        "Expires": [
          "-1"
=======
          "abf3b342-85c2-46b7-8fca-a64421a47160"
        ],
        "Accept-Language": [
          "en-US"
        ],
        "User-Agent": [
          "FxVersion/4.6.28008.02",
          "OSName/Windows",
          "OSVersion/Microsoft.Windows.10.0.18363.",
          "Microsoft.Azure.Management.OperationalInsights.OperationalInsightsManagementClient/0.20.0.0"
        ]
      },
      "ResponseHeaders": {
        "Cache-Control": [
          "no-cache"
>>>>>>> d78b04a5306127f583235b13752c48d4f7d1289a
        ],
        "Pragma": [
          "no-cache"
        ],
        "Strict-Transport-Security": [
          "max-age=31536000; includeSubDomains"
        ],
        "X-Content-Type-Options": [
          "nosniff"
        ],
<<<<<<< HEAD
        "x-ms-ratelimit-remaining-subscription-reads": [
          "14805"
        ],
        "x-ms-request-id": [
          "048aec93-2fcb-4c88-82f7-d242454faf92"
        ],
        "x-ms-correlation-request-id": [
          "048aec93-2fcb-4c88-82f7-d242454faf92"
        ],
        "x-ms-routing-request-id": [
          "WESTUS2:20170504T003226Z:048aec93-2fcb-4c88-82f7-d242454faf92"
        ],
        "Cache-Control": [
          "no-cache"
        ],
        "Date": [
          "Thu, 04 May 2017 00:32:26 GMT"
        ],
        "Server": [
          "Microsoft-IIS/8.5"
        ],
        "X-Powered-By": [
          "ASP.NET"
        ]
      },
      "StatusCode": 404
    },
    {
      "RequestUri": "/subscriptions/a6383be3-f0e8-4968-93d5-10f2625f5bb5/resourcegroups/onesdk5594/providers/Microsoft.OperationalInsights/workspaces/AzTestonesdk8103/dataSources/DataSource_CustomLogCollection?api-version=2015-11-01-preview",
      "EncodedRequestUri": "L3N1YnNjcmlwdGlvbnMvYTYzODNiZTMtZjBlOC00OTY4LTkzZDUtMTBmMjYyNWY1YmI1L3Jlc291cmNlZ3JvdXBzL29uZXNkazU1OTQvcHJvdmlkZXJzL01pY3Jvc29mdC5PcGVyYXRpb25hbEluc2lnaHRzL3dvcmtzcGFjZXMvQXpUZXN0b25lc2RrODEwMy9kYXRhU291cmNlcy9EYXRhU291cmNlX0N1c3RvbUxvZ0NvbGxlY3Rpb24/YXBpLXZlcnNpb249MjAxNS0xMS0wMS1wcmV2aWV3",
=======
        "Server": [
          "Microsoft-IIS/10.0"
        ],
        "X-Powered-By": [
          "ASP.NET"
        ],
        "x-ms-ratelimit-remaining-subscription-reads": [
          "11985"
        ],
        "x-ms-request-id": [
          "880d17c4-d6a0-4224-816e-e904efe71ff4"
        ],
        "x-ms-correlation-request-id": [
          "880d17c4-d6a0-4224-816e-e904efe71ff4"
        ],
        "x-ms-routing-request-id": [
          "SOUTHEASTASIA:20200509T081729Z:880d17c4-d6a0-4224-816e-e904efe71ff4"
        ],
        "Date": [
          "Sat, 09 May 2020 08:17:28 GMT"
        ],
        "Content-Length": [
          "115"
        ],
        "Content-Type": [
          "application/json; charset=utf-8"
        ],
        "Expires": [
          "-1"
        ]
      },
      "ResponseBody": "{\r\n  \"error\": {\r\n    \"code\": \"DataSourceNotFound\",\r\n    \"message\": \"DataSource 'DataSource_CustomLogCollection' could not be found.\"\r\n  }\r\n}",
      "StatusCode": 404
    },
    {
      "RequestUri": "/subscriptions/57947cb5-aadd-4b6c-9e8e-27f545bb7bf5/resourcegroups/ps1567/providers/Microsoft.OperationalInsights/workspaces/AzTestps1179/dataSources/DataSource_CustomLogCollection?api-version=2020-03-01-preview",
      "EncodedRequestUri": "L3N1YnNjcmlwdGlvbnMvNTc5NDdjYjUtYWFkZC00YjZjLTllOGUtMjdmNTQ1YmI3YmY1L3Jlc291cmNlZ3JvdXBzL3BzMTU2Ny9wcm92aWRlcnMvTWljcm9zb2Z0Lk9wZXJhdGlvbmFsSW5zaWdodHMvd29ya3NwYWNlcy9BelRlc3RwczExNzkvZGF0YVNvdXJjZXMvRGF0YVNvdXJjZV9DdXN0b21Mb2dDb2xsZWN0aW9uP2FwaS12ZXJzaW9uPTIwMjAtMDMtMDEtcHJldmlldw==",
>>>>>>> d78b04a5306127f583235b13752c48d4f7d1289a
      "RequestMethod": "GET",
      "RequestBody": "",
      "RequestHeaders": {
        "x-ms-client-request-id": [
<<<<<<< HEAD
          "1d63b588-bd44-42dc-bf65-b69e5c4180fc"
        ],
        "accept-language": [
          "en-US"
        ],
        "User-Agent": [
          "FxVersion/4.7.2046.0",
          "OSName/Windows_10_Enterprise",
          "OSVersion/6.3.15063",
          "Microsoft.Azure.Management.OperationalInsights.OperationalInsightsManagementClient/0.18.0-preview"
        ]
      },
      "ResponseBody": "{\r\n  \"kind\": \"CustomLogCollection\",\r\n  \"properties\": {\r\n    \"state\": \"LinuxLogsEnabled\"\r\n  },\r\n  \"id\": \"/subscriptions/a6383be3-f0e8-4968-93d5-10f2625f5bb5/resourceGroups/onesdk5594/providers/Microsoft.OperationalInsights/workspaces/AzTestonesdk8103/datasources/DataSource_CustomLogCollection\",\r\n  \"etag\": \"W/\\\"datetime'2017-05-04T00%3A32%3A26.2167779Z'\\\"\",\r\n  \"name\": \"DataSource_CustomLogCollection\",\r\n  \"type\": \"Microsoft.OperationalInsights/workspaces/datasources\"\r\n}",
      "ResponseHeaders": {
        "Content-Length": [
          "428"
        ],
        "Content-Type": [
          "application/json; charset=utf-8"
        ],
        "Expires": [
          "-1"
=======
          "daf983a8-7591-42c1-bea4-a3a5ea417c97"
        ],
        "Accept-Language": [
          "en-US"
        ],
        "User-Agent": [
          "FxVersion/4.6.28008.02",
          "OSName/Windows",
          "OSVersion/Microsoft.Windows.10.0.18363.",
          "Microsoft.Azure.Management.OperationalInsights.OperationalInsightsManagementClient/0.20.0.0"
        ]
      },
      "ResponseHeaders": {
        "Cache-Control": [
          "no-cache"
>>>>>>> d78b04a5306127f583235b13752c48d4f7d1289a
        ],
        "Pragma": [
          "no-cache"
        ],
        "Strict-Transport-Security": [
          "max-age=31536000; includeSubDomains"
        ],
        "X-Content-Type-Options": [
          "nosniff"
        ],
<<<<<<< HEAD
        "x-ms-ratelimit-remaining-subscription-reads": [
          "14803"
        ],
        "x-ms-request-id": [
          "16837811-9c38-45df-af85-26148ab7f838"
        ],
        "x-ms-correlation-request-id": [
          "16837811-9c38-45df-af85-26148ab7f838"
        ],
        "x-ms-routing-request-id": [
          "WESTUS2:20170504T003227Z:16837811-9c38-45df-af85-26148ab7f838"
        ],
        "Cache-Control": [
          "no-cache"
        ],
        "Date": [
          "Thu, 04 May 2017 00:32:26 GMT"
        ],
        "Server": [
          "Microsoft-IIS/8.5"
        ],
        "X-Powered-By": [
          "ASP.NET"
        ]
      },
      "StatusCode": 200
    },
    {
      "RequestUri": "/subscriptions/a6383be3-f0e8-4968-93d5-10f2625f5bb5/resourcegroups/onesdk5594/providers/Microsoft.OperationalInsights/workspaces/AzTestonesdk8103/dataSources/DataSource_CustomLogCollection?api-version=2015-11-01-preview",
      "EncodedRequestUri": "L3N1YnNjcmlwdGlvbnMvYTYzODNiZTMtZjBlOC00OTY4LTkzZDUtMTBmMjYyNWY1YmI1L3Jlc291cmNlZ3JvdXBzL29uZXNkazU1OTQvcHJvdmlkZXJzL01pY3Jvc29mdC5PcGVyYXRpb25hbEluc2lnaHRzL3dvcmtzcGFjZXMvQXpUZXN0b25lc2RrODEwMy9kYXRhU291cmNlcy9EYXRhU291cmNlX0N1c3RvbUxvZ0NvbGxlY3Rpb24/YXBpLXZlcnNpb249MjAxNS0xMS0wMS1wcmV2aWV3",
      "RequestMethod": "PUT",
      "RequestBody": "{\r\n  \"properties\": {\r\n    \"state\": \"LinuxLogsEnabled\"\r\n  },\r\n  \"kind\": \"CustomLogCollection\"\r\n}",
      "RequestHeaders": {
        "Content-Type": [
          "application/json; charset=utf-8"
        ],
        "Content-Length": [
          "95"
        ],
        "x-ms-client-request-id": [
          "8c3b263c-3616-402c-b098-5639aa34ca2e"
        ],
        "accept-language": [
          "en-US"
        ],
        "User-Agent": [
          "FxVersion/4.7.2046.0",
          "OSName/Windows_10_Enterprise",
          "OSVersion/6.3.15063",
          "Microsoft.Azure.Management.OperationalInsights.OperationalInsightsManagementClient/0.18.0-preview"
        ]
      },
      "ResponseBody": "{\r\n  \"kind\": \"CustomLogCollection\",\r\n  \"properties\": {\r\n    \"state\": \"LinuxLogsEnabled\"\r\n  },\r\n  \"id\": \"/subscriptions/a6383be3-f0e8-4968-93d5-10f2625f5bb5/resourceGroups/onesdk5594/providers/Microsoft.OperationalInsights/workspaces/AzTestonesdk8103/datasources/DataSource_CustomLogCollection\",\r\n  \"etag\": \"W/\\\"datetime'2017-05-04T00%3A32%3A26.2167779Z'\\\"\",\r\n  \"name\": \"DataSource_CustomLogCollection\",\r\n  \"type\": \"Microsoft.OperationalInsights/workspaces/datasources\"\r\n}",
      "ResponseHeaders": {
        "Content-Length": [
          "428"
=======
        "Server": [
          "Microsoft-IIS/10.0"
        ],
        "X-Powered-By": [
          "ASP.NET"
        ],
        "x-ms-ratelimit-remaining-subscription-reads": [
          "11983"
        ],
        "x-ms-request-id": [
          "bfb0c9cd-31e4-452b-bc4c-c5d78c0b04a4"
        ],
        "x-ms-correlation-request-id": [
          "bfb0c9cd-31e4-452b-bc4c-c5d78c0b04a4"
        ],
        "x-ms-routing-request-id": [
          "SOUTHEASTASIA:20200509T081731Z:bfb0c9cd-31e4-452b-bc4c-c5d78c0b04a4"
        ],
        "Date": [
          "Sat, 09 May 2020 08:17:30 GMT"
        ],
        "Content-Length": [
          "420"
        ],
        "Content-Type": [
          "application/json; charset=utf-8"
        ],
        "Expires": [
          "-1"
        ]
      },
      "ResponseBody": "{\r\n  \"kind\": \"CustomLogCollection\",\r\n  \"properties\": {\r\n    \"state\": \"LinuxLogsEnabled\"\r\n  },\r\n  \"id\": \"/subscriptions/57947cb5-aadd-4b6c-9e8e-27f545bb7bf5/resourceGroups/ps1567/providers/Microsoft.OperationalInsights/workspaces/AzTestps1179/datasources/DataSource_CustomLogCollection\",\r\n  \"etag\": \"W/\\\"datetime'2020-05-09T08%3A17%3A29.8359394Z'\\\"\",\r\n  \"name\": \"DataSource_CustomLogCollection\",\r\n  \"type\": \"Microsoft.OperationalInsights/workspaces/datasources\"\r\n}",
      "StatusCode": 200
    },
    {
      "RequestUri": "/subscriptions/57947cb5-aadd-4b6c-9e8e-27f545bb7bf5/resourcegroups/ps1567/providers/Microsoft.OperationalInsights/workspaces/AzTestps1179/dataSources/DataSource_CustomLogCollection?api-version=2020-03-01-preview",
      "EncodedRequestUri": "L3N1YnNjcmlwdGlvbnMvNTc5NDdjYjUtYWFkZC00YjZjLTllOGUtMjdmNTQ1YmI3YmY1L3Jlc291cmNlZ3JvdXBzL3BzMTU2Ny9wcm92aWRlcnMvTWljcm9zb2Z0Lk9wZXJhdGlvbmFsSW5zaWdodHMvd29ya3NwYWNlcy9BelRlc3RwczExNzkvZGF0YVNvdXJjZXMvRGF0YVNvdXJjZV9DdXN0b21Mb2dDb2xsZWN0aW9uP2FwaS12ZXJzaW9uPTIwMjAtMDMtMDEtcHJldmlldw==",
      "RequestMethod": "PUT",
      "RequestBody": "{\r\n  \"properties\": {\r\n    \"state\": \"LinuxLogsEnabled\"\r\n  },\r\n  \"kind\": \"CustomLogCollection\"\r\n}",
      "RequestHeaders": {
        "x-ms-client-request-id": [
          "a3728297-27cf-4621-94e9-ae07d282fd3b"
        ],
        "Accept-Language": [
          "en-US"
        ],
        "User-Agent": [
          "FxVersion/4.6.28008.02",
          "OSName/Windows",
          "OSVersion/Microsoft.Windows.10.0.18363.",
          "Microsoft.Azure.Management.OperationalInsights.OperationalInsightsManagementClient/0.20.0.0"
>>>>>>> d78b04a5306127f583235b13752c48d4f7d1289a
        ],
        "Content-Type": [
          "application/json; charset=utf-8"
        ],
<<<<<<< HEAD
        "Expires": [
          "-1"
=======
        "Content-Length": [
          "95"
        ]
      },
      "ResponseHeaders": {
        "Cache-Control": [
          "no-cache"
>>>>>>> d78b04a5306127f583235b13752c48d4f7d1289a
        ],
        "Pragma": [
          "no-cache"
        ],
        "Strict-Transport-Security": [
          "max-age=31536000; includeSubDomains"
        ],
        "X-Content-Type-Options": [
          "nosniff"
        ],
<<<<<<< HEAD
        "x-ms-ratelimit-remaining-subscription-writes": [
          "1189"
        ],
        "x-ms-request-id": [
          "ca63d7c8-9daf-4a74-91f9-92126cb92159"
        ],
        "x-ms-correlation-request-id": [
          "ca63d7c8-9daf-4a74-91f9-92126cb92159"
        ],
        "x-ms-routing-request-id": [
          "WESTUS2:20170504T003227Z:ca63d7c8-9daf-4a74-91f9-92126cb92159"
        ],
        "Cache-Control": [
          "no-cache"
        ],
        "Date": [
          "Thu, 04 May 2017 00:32:26 GMT"
        ],
        "Server": [
          "Microsoft-IIS/8.5"
        ],
        "X-Powered-By": [
          "ASP.NET"
        ]
      },
      "StatusCode": 200
    },
    {
      "RequestUri": "/subscriptions/a6383be3-f0e8-4968-93d5-10f2625f5bb5/resourcegroups/onesdk5594/providers/Microsoft.OperationalInsights/workspaces/AzTestonesdk8103/dataSources/DataSource_CustomLogCollection?api-version=2015-11-01-preview",
      "EncodedRequestUri": "L3N1YnNjcmlwdGlvbnMvYTYzODNiZTMtZjBlOC00OTY4LTkzZDUtMTBmMjYyNWY1YmI1L3Jlc291cmNlZ3JvdXBzL29uZXNkazU1OTQvcHJvdmlkZXJzL01pY3Jvc29mdC5PcGVyYXRpb25hbEluc2lnaHRzL3dvcmtzcGFjZXMvQXpUZXN0b25lc2RrODEwMy9kYXRhU291cmNlcy9EYXRhU291cmNlX0N1c3RvbUxvZ0NvbGxlY3Rpb24/YXBpLXZlcnNpb249MjAxNS0xMS0wMS1wcmV2aWV3",
      "RequestMethod": "PUT",
      "RequestBody": "{\r\n  \"properties\": {\r\n    \"state\": \"LinuxLogsDisabled\"\r\n  },\r\n  \"kind\": \"CustomLogCollection\"\r\n}",
      "RequestHeaders": {
        "Content-Type": [
          "application/json; charset=utf-8"
        ],
        "Content-Length": [
          "96"
        ],
        "x-ms-client-request-id": [
          "7dd5e226-5736-4ae9-9a17-aea8bf79f9f6"
        ],
        "accept-language": [
          "en-US"
        ],
        "User-Agent": [
          "FxVersion/4.7.2046.0",
          "OSName/Windows_10_Enterprise",
          "OSVersion/6.3.15063",
          "Microsoft.Azure.Management.OperationalInsights.OperationalInsightsManagementClient/0.18.0-preview"
        ]
      },
      "ResponseBody": "{\r\n  \"kind\": \"CustomLogCollection\",\r\n  \"properties\": {\r\n    \"state\": \"LinuxLogsDisabled\"\r\n  },\r\n  \"id\": \"/subscriptions/a6383be3-f0e8-4968-93d5-10f2625f5bb5/resourceGroups/onesdk5594/providers/Microsoft.OperationalInsights/workspaces/AzTestonesdk8103/datasources/DataSource_CustomLogCollection\",\r\n  \"etag\": \"W/\\\"datetime'2017-05-04T00%3A32%3A27.0294918Z'\\\"\",\r\n  \"name\": \"DataSource_CustomLogCollection\",\r\n  \"type\": \"Microsoft.OperationalInsights/workspaces/datasources\"\r\n}",
      "ResponseHeaders": {
        "Content-Length": [
          "429"
=======
        "Server": [
          "Microsoft-IIS/10.0"
        ],
        "X-Powered-By": [
          "ASP.NET"
        ],
        "x-ms-ratelimit-remaining-subscription-writes": [
          "1195"
        ],
        "x-ms-request-id": [
          "1f6fcd3c-98d0-476b-a042-035704828f31"
        ],
        "x-ms-correlation-request-id": [
          "1f6fcd3c-98d0-476b-a042-035704828f31"
        ],
        "x-ms-routing-request-id": [
          "SOUTHEASTASIA:20200509T081730Z:1f6fcd3c-98d0-476b-a042-035704828f31"
        ],
        "Date": [
          "Sat, 09 May 2020 08:17:29 GMT"
        ],
        "Content-Length": [
          "420"
        ],
        "Content-Type": [
          "application/json; charset=utf-8"
        ],
        "Expires": [
          "-1"
        ]
      },
      "ResponseBody": "{\r\n  \"kind\": \"CustomLogCollection\",\r\n  \"properties\": {\r\n    \"state\": \"LinuxLogsEnabled\"\r\n  },\r\n  \"id\": \"/subscriptions/57947cb5-aadd-4b6c-9e8e-27f545bb7bf5/resourceGroups/ps1567/providers/Microsoft.OperationalInsights/workspaces/AzTestps1179/datasources/DataSource_CustomLogCollection\",\r\n  \"etag\": \"W/\\\"datetime'2020-05-09T08%3A17%3A29.8359394Z'\\\"\",\r\n  \"name\": \"DataSource_CustomLogCollection\",\r\n  \"type\": \"Microsoft.OperationalInsights/workspaces/datasources\"\r\n}",
      "StatusCode": 200
    },
    {
      "RequestUri": "/subscriptions/57947cb5-aadd-4b6c-9e8e-27f545bb7bf5/resourcegroups/ps1567/providers/Microsoft.OperationalInsights/workspaces/AzTestps1179/dataSources/DataSource_CustomLogCollection?api-version=2020-03-01-preview",
      "EncodedRequestUri": "L3N1YnNjcmlwdGlvbnMvNTc5NDdjYjUtYWFkZC00YjZjLTllOGUtMjdmNTQ1YmI3YmY1L3Jlc291cmNlZ3JvdXBzL3BzMTU2Ny9wcm92aWRlcnMvTWljcm9zb2Z0Lk9wZXJhdGlvbmFsSW5zaWdodHMvd29ya3NwYWNlcy9BelRlc3RwczExNzkvZGF0YVNvdXJjZXMvRGF0YVNvdXJjZV9DdXN0b21Mb2dDb2xsZWN0aW9uP2FwaS12ZXJzaW9uPTIwMjAtMDMtMDEtcHJldmlldw==",
      "RequestMethod": "PUT",
      "RequestBody": "{\r\n  \"properties\": {\r\n    \"state\": \"LinuxLogsDisabled\"\r\n  },\r\n  \"kind\": \"CustomLogCollection\"\r\n}",
      "RequestHeaders": {
        "x-ms-client-request-id": [
          "0d3ed521-4370-4fad-9f45-9327573b0d85"
        ],
        "Accept-Language": [
          "en-US"
        ],
        "User-Agent": [
          "FxVersion/4.6.28008.02",
          "OSName/Windows",
          "OSVersion/Microsoft.Windows.10.0.18363.",
          "Microsoft.Azure.Management.OperationalInsights.OperationalInsightsManagementClient/0.20.0.0"
>>>>>>> d78b04a5306127f583235b13752c48d4f7d1289a
        ],
        "Content-Type": [
          "application/json; charset=utf-8"
        ],
<<<<<<< HEAD
        "Expires": [
          "-1"
=======
        "Content-Length": [
          "96"
        ]
      },
      "ResponseHeaders": {
        "Cache-Control": [
          "no-cache"
>>>>>>> d78b04a5306127f583235b13752c48d4f7d1289a
        ],
        "Pragma": [
          "no-cache"
        ],
        "Strict-Transport-Security": [
          "max-age=31536000; includeSubDomains"
        ],
        "X-Content-Type-Options": [
          "nosniff"
        ],
<<<<<<< HEAD
        "x-ms-ratelimit-remaining-subscription-writes": [
          "1188"
        ],
        "x-ms-request-id": [
          "8d22597b-8e63-41dd-b3c0-5a5a8ac8d3ca"
        ],
        "x-ms-correlation-request-id": [
          "8d22597b-8e63-41dd-b3c0-5a5a8ac8d3ca"
        ],
        "x-ms-routing-request-id": [
          "WESTUS2:20170504T003227Z:8d22597b-8e63-41dd-b3c0-5a5a8ac8d3ca"
        ],
        "Cache-Control": [
          "no-cache"
        ],
        "Date": [
          "Thu, 04 May 2017 00:32:27 GMT"
        ],
        "Server": [
          "Microsoft-IIS/8.5"
        ],
        "X-Powered-By": [
          "ASP.NET"
        ]
      },
      "StatusCode": 200
    },
    {
      "RequestUri": "/subscriptions/a6383be3-f0e8-4968-93d5-10f2625f5bb5/resourcegroups/onesdk5594/providers/Microsoft.OperationalInsights/workspaces/AzTestonesdk8103/dataSources?$filter=kind%20eq%20'LinuxPerformanceCollection'&api-version=2015-11-01-preview",
      "EncodedRequestUri": "L3N1YnNjcmlwdGlvbnMvYTYzODNiZTMtZjBlOC00OTY4LTkzZDUtMTBmMjYyNWY1YmI1L3Jlc291cmNlZ3JvdXBzL29uZXNkazU1OTQvcHJvdmlkZXJzL01pY3Jvc29mdC5PcGVyYXRpb25hbEluc2lnaHRzL3dvcmtzcGFjZXMvQXpUZXN0b25lc2RrODEwMy9kYXRhU291cmNlcz8kZmlsdGVyPWtpbmQlMjBlcSUyMCdMaW51eFBlcmZvcm1hbmNlQ29sbGVjdGlvbicmYXBpLXZlcnNpb249MjAxNS0xMS0wMS1wcmV2aWV3",
=======
        "Server": [
          "Microsoft-IIS/10.0"
        ],
        "X-Powered-By": [
          "ASP.NET"
        ],
        "x-ms-ratelimit-remaining-subscription-writes": [
          "1194"
        ],
        "x-ms-request-id": [
          "993aeebc-77b1-4e3a-82bd-4af62369e563"
        ],
        "x-ms-correlation-request-id": [
          "993aeebc-77b1-4e3a-82bd-4af62369e563"
        ],
        "x-ms-routing-request-id": [
          "SOUTHEASTASIA:20200509T081731Z:993aeebc-77b1-4e3a-82bd-4af62369e563"
        ],
        "Date": [
          "Sat, 09 May 2020 08:17:31 GMT"
        ],
        "Content-Length": [
          "421"
        ],
        "Content-Type": [
          "application/json; charset=utf-8"
        ],
        "Expires": [
          "-1"
        ]
      },
      "ResponseBody": "{\r\n  \"kind\": \"CustomLogCollection\",\r\n  \"properties\": {\r\n    \"state\": \"LinuxLogsDisabled\"\r\n  },\r\n  \"id\": \"/subscriptions/57947cb5-aadd-4b6c-9e8e-27f545bb7bf5/resourceGroups/ps1567/providers/Microsoft.OperationalInsights/workspaces/AzTestps1179/datasources/DataSource_CustomLogCollection\",\r\n  \"etag\": \"W/\\\"datetime'2020-05-09T08%3A17%3A31.5078255Z'\\\"\",\r\n  \"name\": \"DataSource_CustomLogCollection\",\r\n  \"type\": \"Microsoft.OperationalInsights/workspaces/datasources\"\r\n}",
      "StatusCode": 200
    },
    {
      "RequestUri": "/subscriptions/57947cb5-aadd-4b6c-9e8e-27f545bb7bf5/resourcegroups/ps1567/providers/Microsoft.OperationalInsights/workspaces/AzTestps1179/dataSources?$filter=kind%20eq%20'LinuxPerformanceCollection'&api-version=2020-03-01-preview",
      "EncodedRequestUri": "L3N1YnNjcmlwdGlvbnMvNTc5NDdjYjUtYWFkZC00YjZjLTllOGUtMjdmNTQ1YmI3YmY1L3Jlc291cmNlZ3JvdXBzL3BzMTU2Ny9wcm92aWRlcnMvTWljcm9zb2Z0Lk9wZXJhdGlvbmFsSW5zaWdodHMvd29ya3NwYWNlcy9BelRlc3RwczExNzkvZGF0YVNvdXJjZXM/JGZpbHRlcj1raW5kJTIwZXElMjAnTGludXhQZXJmb3JtYW5jZUNvbGxlY3Rpb24nJmFwaS12ZXJzaW9uPTIwMjAtMDMtMDEtcHJldmlldw==",
>>>>>>> d78b04a5306127f583235b13752c48d4f7d1289a
      "RequestMethod": "GET",
      "RequestBody": "",
      "RequestHeaders": {
        "x-ms-client-request-id": [
<<<<<<< HEAD
          "30774e19-8d5a-433c-9ac7-16dcc664cd16"
        ],
        "accept-language": [
          "en-US"
        ],
        "User-Agent": [
          "FxVersion/4.7.2046.0",
          "OSName/Windows_10_Enterprise",
          "OSVersion/6.3.15063",
          "Microsoft.Azure.Management.OperationalInsights.OperationalInsightsManagementClient/0.18.0-preview"
        ]
      },
      "ResponseBody": "{\r\n  \"value\": []\r\n}",
      "ResponseHeaders": {
        "Content-Length": [
          "12"
        ],
        "Content-Type": [
          "application/json; charset=utf-8"
        ],
        "Expires": [
          "-1"
=======
          "8c169747-f019-40b1-bea3-4fcf552992cf"
        ],
        "Accept-Language": [
          "en-US"
        ],
        "User-Agent": [
          "FxVersion/4.6.28008.02",
          "OSName/Windows",
          "OSVersion/Microsoft.Windows.10.0.18363.",
          "Microsoft.Azure.Management.OperationalInsights.OperationalInsightsManagementClient/0.20.0.0"
        ]
      },
      "ResponseHeaders": {
        "Cache-Control": [
          "no-cache"
>>>>>>> d78b04a5306127f583235b13752c48d4f7d1289a
        ],
        "Pragma": [
          "no-cache"
        ],
        "Strict-Transport-Security": [
          "max-age=31536000; includeSubDomains"
        ],
        "X-Content-Type-Options": [
          "nosniff"
        ],
<<<<<<< HEAD
        "x-ms-ratelimit-remaining-subscription-reads": [
          "14802"
        ],
        "x-ms-request-id": [
          "9685bd7e-5085-403f-aad3-2d6f367e6bec"
        ],
        "x-ms-correlation-request-id": [
          "9685bd7e-5085-403f-aad3-2d6f367e6bec"
        ],
        "x-ms-routing-request-id": [
          "WESTUS2:20170504T003227Z:9685bd7e-5085-403f-aad3-2d6f367e6bec"
        ],
        "Cache-Control": [
          "no-cache"
        ],
        "Date": [
          "Thu, 04 May 2017 00:32:27 GMT"
        ],
        "Server": [
          "Microsoft-IIS/8.5"
        ],
        "X-Powered-By": [
          "ASP.NET"
        ]
      },
      "StatusCode": 200
    },
    {
      "RequestUri": "/subscriptions/a6383be3-f0e8-4968-93d5-10f2625f5bb5/resourcegroups/onesdk5594/providers/Microsoft.OperationalInsights/workspaces/AzTestonesdk8103/dataSources?$filter=kind%20eq%20'LinuxPerformanceCollection'&api-version=2015-11-01-preview",
      "EncodedRequestUri": "L3N1YnNjcmlwdGlvbnMvYTYzODNiZTMtZjBlOC00OTY4LTkzZDUtMTBmMjYyNWY1YmI1L3Jlc291cmNlZ3JvdXBzL29uZXNkazU1OTQvcHJvdmlkZXJzL01pY3Jvc29mdC5PcGVyYXRpb25hbEluc2lnaHRzL3dvcmtzcGFjZXMvQXpUZXN0b25lc2RrODEwMy9kYXRhU291cmNlcz8kZmlsdGVyPWtpbmQlMjBlcSUyMCdMaW51eFBlcmZvcm1hbmNlQ29sbGVjdGlvbicmYXBpLXZlcnNpb249MjAxNS0xMS0wMS1wcmV2aWV3",
=======
        "Server": [
          "Microsoft-IIS/10.0"
        ],
        "X-Powered-By": [
          "ASP.NET"
        ],
        "x-ms-ratelimit-remaining-subscription-reads": [
          "11982"
        ],
        "x-ms-request-id": [
          "19a85d8d-ea08-42aa-a320-4fbc92bb26ea"
        ],
        "x-ms-correlation-request-id": [
          "19a85d8d-ea08-42aa-a320-4fbc92bb26ea"
        ],
        "x-ms-routing-request-id": [
          "SOUTHEASTASIA:20200509T081732Z:19a85d8d-ea08-42aa-a320-4fbc92bb26ea"
        ],
        "Date": [
          "Sat, 09 May 2020 08:17:31 GMT"
        ],
        "Content-Length": [
          "12"
        ],
        "Content-Type": [
          "application/json; charset=utf-8"
        ],
        "Expires": [
          "-1"
        ]
      },
      "ResponseBody": "{\r\n  \"value\": []\r\n}",
      "StatusCode": 200
    },
    {
      "RequestUri": "/subscriptions/57947cb5-aadd-4b6c-9e8e-27f545bb7bf5/resourcegroups/ps1567/providers/Microsoft.OperationalInsights/workspaces/AzTestps1179/dataSources?$filter=kind%20eq%20'LinuxPerformanceCollection'&api-version=2020-03-01-preview",
      "EncodedRequestUri": "L3N1YnNjcmlwdGlvbnMvNTc5NDdjYjUtYWFkZC00YjZjLTllOGUtMjdmNTQ1YmI3YmY1L3Jlc291cmNlZ3JvdXBzL3BzMTU2Ny9wcm92aWRlcnMvTWljcm9zb2Z0Lk9wZXJhdGlvbmFsSW5zaWdodHMvd29ya3NwYWNlcy9BelRlc3RwczExNzkvZGF0YVNvdXJjZXM/JGZpbHRlcj1raW5kJTIwZXElMjAnTGludXhQZXJmb3JtYW5jZUNvbGxlY3Rpb24nJmFwaS12ZXJzaW9uPTIwMjAtMDMtMDEtcHJldmlldw==",
>>>>>>> d78b04a5306127f583235b13752c48d4f7d1289a
      "RequestMethod": "GET",
      "RequestBody": "",
      "RequestHeaders": {
        "x-ms-client-request-id": [
<<<<<<< HEAD
          "900f3d12-e3cb-448d-98a4-45a0484e5be4"
        ],
        "accept-language": [
          "en-US"
        ],
        "User-Agent": [
          "FxVersion/4.7.2046.0",
          "OSName/Windows_10_Enterprise",
          "OSVersion/6.3.15063",
          "Microsoft.Azure.Management.OperationalInsights.OperationalInsightsManagementClient/0.18.0-preview"
        ]
      },
      "ResponseBody": "{\r\n  \"value\": [\r\n    {\r\n      \"kind\": \"LinuxPerformanceCollection\",\r\n      \"properties\": {\r\n        \"state\": \"Enabled\"\r\n      },\r\n      \"id\": \"/subscriptions/a6383be3-f0e8-4968-93d5-10f2625f5bb5/resourceGroups/onesdk5594/providers/Microsoft.OperationalInsights/workspaces/AzTestonesdk8103/datasources/DataSource_LinuxPerformanceCollection\",\r\n      \"etag\": \"W/\\\"datetime'2017-05-04T00%3A32%3A27.7638936Z'\\\"\",\r\n      \"name\": \"DataSource_LinuxPerformanceCollection\",\r\n      \"type\": \"Microsoft.OperationalInsights/workspaces/datasources\"\r\n    }\r\n  ]\r\n}",
      "ResponseHeaders": {
        "Content-Length": [
          "452"
        ],
        "Content-Type": [
          "application/json; charset=utf-8"
        ],
        "Expires": [
          "-1"
=======
          "f21531ae-9036-4a0a-89f1-4a5f80cd9900"
        ],
        "Accept-Language": [
          "en-US"
        ],
        "User-Agent": [
          "FxVersion/4.6.28008.02",
          "OSName/Windows",
          "OSVersion/Microsoft.Windows.10.0.18363.",
          "Microsoft.Azure.Management.OperationalInsights.OperationalInsightsManagementClient/0.20.0.0"
        ]
      },
      "ResponseHeaders": {
        "Cache-Control": [
          "no-cache"
>>>>>>> d78b04a5306127f583235b13752c48d4f7d1289a
        ],
        "Pragma": [
          "no-cache"
        ],
        "Strict-Transport-Security": [
          "max-age=31536000; includeSubDomains"
        ],
        "X-Content-Type-Options": [
          "nosniff"
        ],
<<<<<<< HEAD
        "x-ms-ratelimit-remaining-subscription-reads": [
          "14800"
        ],
        "x-ms-request-id": [
          "33f954c7-6ce4-44bf-bb39-8c88a676117c"
        ],
        "x-ms-correlation-request-id": [
          "33f954c7-6ce4-44bf-bb39-8c88a676117c"
        ],
        "x-ms-routing-request-id": [
          "WESTUS2:20170504T003228Z:33f954c7-6ce4-44bf-bb39-8c88a676117c"
        ],
        "Cache-Control": [
          "no-cache"
        ],
        "Date": [
          "Thu, 04 May 2017 00:32:28 GMT"
        ],
        "Server": [
          "Microsoft-IIS/8.5"
        ],
        "X-Powered-By": [
          "ASP.NET"
        ]
      },
      "StatusCode": 200
    },
    {
      "RequestUri": "/subscriptions/a6383be3-f0e8-4968-93d5-10f2625f5bb5/resourcegroups/onesdk5594/providers/Microsoft.OperationalInsights/workspaces/AzTestonesdk8103/dataSources/DataSource_LinuxPerformanceCollection?api-version=2015-11-01-preview",
      "EncodedRequestUri": "L3N1YnNjcmlwdGlvbnMvYTYzODNiZTMtZjBlOC00OTY4LTkzZDUtMTBmMjYyNWY1YmI1L3Jlc291cmNlZ3JvdXBzL29uZXNkazU1OTQvcHJvdmlkZXJzL01pY3Jvc29mdC5PcGVyYXRpb25hbEluc2lnaHRzL3dvcmtzcGFjZXMvQXpUZXN0b25lc2RrODEwMy9kYXRhU291cmNlcy9EYXRhU291cmNlX0xpbnV4UGVyZm9ybWFuY2VDb2xsZWN0aW9uP2FwaS12ZXJzaW9uPTIwMTUtMTEtMDEtcHJldmlldw==",
=======
        "Server": [
          "Microsoft-IIS/10.0"
        ],
        "X-Powered-By": [
          "ASP.NET"
        ],
        "x-ms-ratelimit-remaining-subscription-reads": [
          "11980"
        ],
        "x-ms-request-id": [
          "36d86c1f-2c8e-446b-afdf-e0af3e1df852"
        ],
        "x-ms-correlation-request-id": [
          "36d86c1f-2c8e-446b-afdf-e0af3e1df852"
        ],
        "x-ms-routing-request-id": [
          "SOUTHEASTASIA:20200509T081733Z:36d86c1f-2c8e-446b-afdf-e0af3e1df852"
        ],
        "Date": [
          "Sat, 09 May 2020 08:17:33 GMT"
        ],
        "Content-Length": [
          "444"
        ],
        "Content-Type": [
          "application/json; charset=utf-8"
        ],
        "Expires": [
          "-1"
        ]
      },
      "ResponseBody": "{\r\n  \"value\": [\r\n    {\r\n      \"kind\": \"LinuxPerformanceCollection\",\r\n      \"properties\": {\r\n        \"state\": \"Enabled\"\r\n      },\r\n      \"id\": \"/subscriptions/57947cb5-aadd-4b6c-9e8e-27f545bb7bf5/resourceGroups/ps1567/providers/Microsoft.OperationalInsights/workspaces/AzTestps1179/datasources/DataSource_LinuxPerformanceCollection\",\r\n      \"etag\": \"W/\\\"datetime'2020-05-09T08%3A17%3A32.9765764Z'\\\"\",\r\n      \"name\": \"DataSource_LinuxPerformanceCollection\",\r\n      \"type\": \"Microsoft.OperationalInsights/workspaces/datasources\"\r\n    }\r\n  ]\r\n}",
      "StatusCode": 200
    },
    {
      "RequestUri": "/subscriptions/57947cb5-aadd-4b6c-9e8e-27f545bb7bf5/resourcegroups/ps1567/providers/Microsoft.OperationalInsights/workspaces/AzTestps1179/dataSources/DataSource_LinuxPerformanceCollection?api-version=2020-03-01-preview",
      "EncodedRequestUri": "L3N1YnNjcmlwdGlvbnMvNTc5NDdjYjUtYWFkZC00YjZjLTllOGUtMjdmNTQ1YmI3YmY1L3Jlc291cmNlZ3JvdXBzL3BzMTU2Ny9wcm92aWRlcnMvTWljcm9zb2Z0Lk9wZXJhdGlvbmFsSW5zaWdodHMvd29ya3NwYWNlcy9BelRlc3RwczExNzkvZGF0YVNvdXJjZXMvRGF0YVNvdXJjZV9MaW51eFBlcmZvcm1hbmNlQ29sbGVjdGlvbj9hcGktdmVyc2lvbj0yMDIwLTAzLTAxLXByZXZpZXc=",
>>>>>>> d78b04a5306127f583235b13752c48d4f7d1289a
      "RequestMethod": "GET",
      "RequestBody": "",
      "RequestHeaders": {
        "x-ms-client-request-id": [
<<<<<<< HEAD
          "be41dad6-1f41-4739-9c4a-942c1d69f461"
        ],
        "accept-language": [
          "en-US"
        ],
        "User-Agent": [
          "FxVersion/4.7.2046.0",
          "OSName/Windows_10_Enterprise",
          "OSVersion/6.3.15063",
          "Microsoft.Azure.Management.OperationalInsights.OperationalInsightsManagementClient/0.18.0-preview"
        ]
      },
      "ResponseBody": "{\r\n  \"error\": {\r\n    \"code\": \"DataSourceNotFound\",\r\n    \"message\": \"DataSource 'DataSource_LinuxPerformanceCollection' could not be found.\"\r\n  }\r\n}",
      "ResponseHeaders": {
        "Content-Length": [
          "122"
        ],
        "Content-Type": [
          "application/json; charset=utf-8"
        ],
        "Expires": [
          "-1"
=======
          "1c593bca-9c07-445b-b524-c3a9f0d56d4d"
        ],
        "Accept-Language": [
          "en-US"
        ],
        "User-Agent": [
          "FxVersion/4.6.28008.02",
          "OSName/Windows",
          "OSVersion/Microsoft.Windows.10.0.18363.",
          "Microsoft.Azure.Management.OperationalInsights.OperationalInsightsManagementClient/0.20.0.0"
        ]
      },
      "ResponseHeaders": {
        "Cache-Control": [
          "no-cache"
>>>>>>> d78b04a5306127f583235b13752c48d4f7d1289a
        ],
        "Pragma": [
          "no-cache"
        ],
        "Strict-Transport-Security": [
          "max-age=31536000; includeSubDomains"
        ],
        "X-Content-Type-Options": [
          "nosniff"
        ],
<<<<<<< HEAD
        "x-ms-ratelimit-remaining-subscription-reads": [
          "14801"
        ],
        "x-ms-request-id": [
          "befc807f-f5a4-4873-906c-bf176405de01"
        ],
        "x-ms-correlation-request-id": [
          "befc807f-f5a4-4873-906c-bf176405de01"
        ],
        "x-ms-routing-request-id": [
          "WESTUS2:20170504T003228Z:befc807f-f5a4-4873-906c-bf176405de01"
        ],
        "Cache-Control": [
          "no-cache"
        ],
        "Date": [
          "Thu, 04 May 2017 00:32:27 GMT"
        ],
        "Server": [
          "Microsoft-IIS/8.5"
        ],
        "X-Powered-By": [
          "ASP.NET"
        ]
      },
      "StatusCode": 404
    },
    {
      "RequestUri": "/subscriptions/a6383be3-f0e8-4968-93d5-10f2625f5bb5/resourcegroups/onesdk5594/providers/Microsoft.OperationalInsights/workspaces/AzTestonesdk8103/dataSources/DataSource_LinuxPerformanceCollection?api-version=2015-11-01-preview",
      "EncodedRequestUri": "L3N1YnNjcmlwdGlvbnMvYTYzODNiZTMtZjBlOC00OTY4LTkzZDUtMTBmMjYyNWY1YmI1L3Jlc291cmNlZ3JvdXBzL29uZXNkazU1OTQvcHJvdmlkZXJzL01pY3Jvc29mdC5PcGVyYXRpb25hbEluc2lnaHRzL3dvcmtzcGFjZXMvQXpUZXN0b25lc2RrODEwMy9kYXRhU291cmNlcy9EYXRhU291cmNlX0xpbnV4UGVyZm9ybWFuY2VDb2xsZWN0aW9uP2FwaS12ZXJzaW9uPTIwMTUtMTEtMDEtcHJldmlldw==",
=======
        "Server": [
          "Microsoft-IIS/10.0"
        ],
        "X-Powered-By": [
          "ASP.NET"
        ],
        "x-ms-ratelimit-remaining-subscription-reads": [
          "11981"
        ],
        "x-ms-request-id": [
          "e81cef69-071c-4dfd-8e9c-30cf87315d1c"
        ],
        "x-ms-correlation-request-id": [
          "e81cef69-071c-4dfd-8e9c-30cf87315d1c"
        ],
        "x-ms-routing-request-id": [
          "SOUTHEASTASIA:20200509T081732Z:e81cef69-071c-4dfd-8e9c-30cf87315d1c"
        ],
        "Date": [
          "Sat, 09 May 2020 08:17:31 GMT"
        ],
        "Content-Length": [
          "122"
        ],
        "Content-Type": [
          "application/json; charset=utf-8"
        ],
        "Expires": [
          "-1"
        ]
      },
      "ResponseBody": "{\r\n  \"error\": {\r\n    \"code\": \"DataSourceNotFound\",\r\n    \"message\": \"DataSource 'DataSource_LinuxPerformanceCollection' could not be found.\"\r\n  }\r\n}",
      "StatusCode": 404
    },
    {
      "RequestUri": "/subscriptions/57947cb5-aadd-4b6c-9e8e-27f545bb7bf5/resourcegroups/ps1567/providers/Microsoft.OperationalInsights/workspaces/AzTestps1179/dataSources/DataSource_LinuxPerformanceCollection?api-version=2020-03-01-preview",
      "EncodedRequestUri": "L3N1YnNjcmlwdGlvbnMvNTc5NDdjYjUtYWFkZC00YjZjLTllOGUtMjdmNTQ1YmI3YmY1L3Jlc291cmNlZ3JvdXBzL3BzMTU2Ny9wcm92aWRlcnMvTWljcm9zb2Z0Lk9wZXJhdGlvbmFsSW5zaWdodHMvd29ya3NwYWNlcy9BelRlc3RwczExNzkvZGF0YVNvdXJjZXMvRGF0YVNvdXJjZV9MaW51eFBlcmZvcm1hbmNlQ29sbGVjdGlvbj9hcGktdmVyc2lvbj0yMDIwLTAzLTAxLXByZXZpZXc=",
>>>>>>> d78b04a5306127f583235b13752c48d4f7d1289a
      "RequestMethod": "GET",
      "RequestBody": "",
      "RequestHeaders": {
        "x-ms-client-request-id": [
<<<<<<< HEAD
          "b2721306-5d90-4f35-bd2d-861b00324908"
        ],
        "accept-language": [
          "en-US"
        ],
        "User-Agent": [
          "FxVersion/4.7.2046.0",
          "OSName/Windows_10_Enterprise",
          "OSVersion/6.3.15063",
          "Microsoft.Azure.Management.OperationalInsights.OperationalInsightsManagementClient/0.18.0-preview"
        ]
      },
      "ResponseBody": "{\r\n  \"kind\": \"LinuxPerformanceCollection\",\r\n  \"properties\": {\r\n    \"state\": \"Enabled\"\r\n  },\r\n  \"id\": \"/subscriptions/a6383be3-f0e8-4968-93d5-10f2625f5bb5/resourceGroups/onesdk5594/providers/Microsoft.OperationalInsights/workspaces/AzTestonesdk8103/datasources/DataSource_LinuxPerformanceCollection\",\r\n  \"etag\": \"W/\\\"datetime'2017-05-04T00%3A32%3A27.7638936Z'\\\"\",\r\n  \"name\": \"DataSource_LinuxPerformanceCollection\",\r\n  \"type\": \"Microsoft.OperationalInsights/workspaces/datasources\"\r\n}",
      "ResponseHeaders": {
        "Content-Length": [
          "440"
        ],
        "Content-Type": [
          "application/json; charset=utf-8"
        ],
        "Expires": [
          "-1"
=======
          "1d4f8e96-5c44-4e39-9adb-4b4e11681411"
        ],
        "Accept-Language": [
          "en-US"
        ],
        "User-Agent": [
          "FxVersion/4.6.28008.02",
          "OSName/Windows",
          "OSVersion/Microsoft.Windows.10.0.18363.",
          "Microsoft.Azure.Management.OperationalInsights.OperationalInsightsManagementClient/0.20.0.0"
        ]
      },
      "ResponseHeaders": {
        "Cache-Control": [
          "no-cache"
>>>>>>> d78b04a5306127f583235b13752c48d4f7d1289a
        ],
        "Pragma": [
          "no-cache"
        ],
        "Strict-Transport-Security": [
          "max-age=31536000; includeSubDomains"
        ],
        "X-Content-Type-Options": [
          "nosniff"
        ],
<<<<<<< HEAD
        "x-ms-ratelimit-remaining-subscription-reads": [
          "14799"
        ],
        "x-ms-request-id": [
          "e5122055-5440-4535-9158-ab6264333fe4"
        ],
        "x-ms-correlation-request-id": [
          "e5122055-5440-4535-9158-ab6264333fe4"
        ],
        "x-ms-routing-request-id": [
          "WESTUS2:20170504T003228Z:e5122055-5440-4535-9158-ab6264333fe4"
        ],
        "Cache-Control": [
          "no-cache"
        ],
        "Date": [
          "Thu, 04 May 2017 00:32:28 GMT"
        ],
        "Server": [
          "Microsoft-IIS/8.5"
        ],
        "X-Powered-By": [
          "ASP.NET"
        ]
      },
      "StatusCode": 200
    },
    {
      "RequestUri": "/subscriptions/a6383be3-f0e8-4968-93d5-10f2625f5bb5/resourcegroups/onesdk5594/providers/Microsoft.OperationalInsights/workspaces/AzTestonesdk8103/dataSources/DataSource_LinuxPerformanceCollection?api-version=2015-11-01-preview",
      "EncodedRequestUri": "L3N1YnNjcmlwdGlvbnMvYTYzODNiZTMtZjBlOC00OTY4LTkzZDUtMTBmMjYyNWY1YmI1L3Jlc291cmNlZ3JvdXBzL29uZXNkazU1OTQvcHJvdmlkZXJzL01pY3Jvc29mdC5PcGVyYXRpb25hbEluc2lnaHRzL3dvcmtzcGFjZXMvQXpUZXN0b25lc2RrODEwMy9kYXRhU291cmNlcy9EYXRhU291cmNlX0xpbnV4UGVyZm9ybWFuY2VDb2xsZWN0aW9uP2FwaS12ZXJzaW9uPTIwMTUtMTEtMDEtcHJldmlldw==",
      "RequestMethod": "PUT",
      "RequestBody": "{\r\n  \"properties\": {\r\n    \"state\": \"Enabled\"\r\n  },\r\n  \"kind\": \"LinuxPerformanceCollection\"\r\n}",
      "RequestHeaders": {
        "Content-Type": [
          "application/json; charset=utf-8"
        ],
        "Content-Length": [
          "93"
        ],
        "x-ms-client-request-id": [
          "81c3ecd1-e981-4d11-b3e6-24ce3cf5af78"
        ],
        "accept-language": [
          "en-US"
        ],
        "User-Agent": [
          "FxVersion/4.7.2046.0",
          "OSName/Windows_10_Enterprise",
          "OSVersion/6.3.15063",
          "Microsoft.Azure.Management.OperationalInsights.OperationalInsightsManagementClient/0.18.0-preview"
        ]
      },
      "ResponseBody": "{\r\n  \"kind\": \"LinuxPerformanceCollection\",\r\n  \"properties\": {\r\n    \"state\": \"Enabled\"\r\n  },\r\n  \"id\": \"/subscriptions/a6383be3-f0e8-4968-93d5-10f2625f5bb5/resourceGroups/onesdk5594/providers/Microsoft.OperationalInsights/workspaces/AzTestonesdk8103/datasources/DataSource_LinuxPerformanceCollection\",\r\n  \"etag\": \"W/\\\"datetime'2017-05-04T00%3A32%3A27.7638936Z'\\\"\",\r\n  \"name\": \"DataSource_LinuxPerformanceCollection\",\r\n  \"type\": \"Microsoft.OperationalInsights/workspaces/datasources\"\r\n}",
      "ResponseHeaders": {
        "Content-Length": [
          "440"
=======
        "Server": [
          "Microsoft-IIS/10.0"
        ],
        "X-Powered-By": [
          "ASP.NET"
        ],
        "x-ms-ratelimit-remaining-subscription-reads": [
          "11979"
        ],
        "x-ms-request-id": [
          "2e4875fd-6a1d-42ea-aefb-ecd205d1971f"
        ],
        "x-ms-correlation-request-id": [
          "2e4875fd-6a1d-42ea-aefb-ecd205d1971f"
        ],
        "x-ms-routing-request-id": [
          "SOUTHEASTASIA:20200509T081734Z:2e4875fd-6a1d-42ea-aefb-ecd205d1971f"
        ],
        "Date": [
          "Sat, 09 May 2020 08:17:33 GMT"
        ],
        "Content-Length": [
          "432"
        ],
        "Content-Type": [
          "application/json; charset=utf-8"
        ],
        "Expires": [
          "-1"
        ]
      },
      "ResponseBody": "{\r\n  \"kind\": \"LinuxPerformanceCollection\",\r\n  \"properties\": {\r\n    \"state\": \"Enabled\"\r\n  },\r\n  \"id\": \"/subscriptions/57947cb5-aadd-4b6c-9e8e-27f545bb7bf5/resourceGroups/ps1567/providers/Microsoft.OperationalInsights/workspaces/AzTestps1179/datasources/DataSource_LinuxPerformanceCollection\",\r\n  \"etag\": \"W/\\\"datetime'2020-05-09T08%3A17%3A32.9765764Z'\\\"\",\r\n  \"name\": \"DataSource_LinuxPerformanceCollection\",\r\n  \"type\": \"Microsoft.OperationalInsights/workspaces/datasources\"\r\n}",
      "StatusCode": 200
    },
    {
      "RequestUri": "/subscriptions/57947cb5-aadd-4b6c-9e8e-27f545bb7bf5/resourcegroups/ps1567/providers/Microsoft.OperationalInsights/workspaces/AzTestps1179/dataSources/DataSource_LinuxPerformanceCollection?api-version=2020-03-01-preview",
      "EncodedRequestUri": "L3N1YnNjcmlwdGlvbnMvNTc5NDdjYjUtYWFkZC00YjZjLTllOGUtMjdmNTQ1YmI3YmY1L3Jlc291cmNlZ3JvdXBzL3BzMTU2Ny9wcm92aWRlcnMvTWljcm9zb2Z0Lk9wZXJhdGlvbmFsSW5zaWdodHMvd29ya3NwYWNlcy9BelRlc3RwczExNzkvZGF0YVNvdXJjZXMvRGF0YVNvdXJjZV9MaW51eFBlcmZvcm1hbmNlQ29sbGVjdGlvbj9hcGktdmVyc2lvbj0yMDIwLTAzLTAxLXByZXZpZXc=",
      "RequestMethod": "PUT",
      "RequestBody": "{\r\n  \"properties\": {\r\n    \"state\": \"Enabled\"\r\n  },\r\n  \"kind\": \"LinuxPerformanceCollection\"\r\n}",
      "RequestHeaders": {
        "x-ms-client-request-id": [
          "ba98a78a-4a83-44ae-b500-c64221b098e9"
        ],
        "Accept-Language": [
          "en-US"
        ],
        "User-Agent": [
          "FxVersion/4.6.28008.02",
          "OSName/Windows",
          "OSVersion/Microsoft.Windows.10.0.18363.",
          "Microsoft.Azure.Management.OperationalInsights.OperationalInsightsManagementClient/0.20.0.0"
>>>>>>> d78b04a5306127f583235b13752c48d4f7d1289a
        ],
        "Content-Type": [
          "application/json; charset=utf-8"
        ],
<<<<<<< HEAD
        "Expires": [
          "-1"
=======
        "Content-Length": [
          "93"
        ]
      },
      "ResponseHeaders": {
        "Cache-Control": [
          "no-cache"
>>>>>>> d78b04a5306127f583235b13752c48d4f7d1289a
        ],
        "Pragma": [
          "no-cache"
        ],
        "Strict-Transport-Security": [
          "max-age=31536000; includeSubDomains"
        ],
        "X-Content-Type-Options": [
          "nosniff"
        ],
<<<<<<< HEAD
        "x-ms-ratelimit-remaining-subscription-writes": [
          "1187"
        ],
        "x-ms-request-id": [
          "f89e2561-0bbc-4680-9374-23b1f7ab60e6"
        ],
        "x-ms-correlation-request-id": [
          "f89e2561-0bbc-4680-9374-23b1f7ab60e6"
        ],
        "x-ms-routing-request-id": [
          "WESTUS2:20170504T003228Z:f89e2561-0bbc-4680-9374-23b1f7ab60e6"
        ],
        "Cache-Control": [
          "no-cache"
        ],
        "Date": [
          "Thu, 04 May 2017 00:32:28 GMT"
        ],
        "Server": [
          "Microsoft-IIS/8.5"
        ],
        "X-Powered-By": [
          "ASP.NET"
        ]
      },
      "StatusCode": 200
    },
    {
      "RequestUri": "/subscriptions/a6383be3-f0e8-4968-93d5-10f2625f5bb5/resourcegroups/onesdk5594/providers/Microsoft.OperationalInsights/workspaces/AzTestonesdk8103/dataSources/DataSource_LinuxPerformanceCollection?api-version=2015-11-01-preview",
      "EncodedRequestUri": "L3N1YnNjcmlwdGlvbnMvYTYzODNiZTMtZjBlOC00OTY4LTkzZDUtMTBmMjYyNWY1YmI1L3Jlc291cmNlZ3JvdXBzL29uZXNkazU1OTQvcHJvdmlkZXJzL01pY3Jvc29mdC5PcGVyYXRpb25hbEluc2lnaHRzL3dvcmtzcGFjZXMvQXpUZXN0b25lc2RrODEwMy9kYXRhU291cmNlcy9EYXRhU291cmNlX0xpbnV4UGVyZm9ybWFuY2VDb2xsZWN0aW9uP2FwaS12ZXJzaW9uPTIwMTUtMTEtMDEtcHJldmlldw==",
      "RequestMethod": "PUT",
      "RequestBody": "{\r\n  \"properties\": {\r\n    \"state\": \"Disabled\"\r\n  },\r\n  \"kind\": \"LinuxPerformanceCollection\"\r\n}",
      "RequestHeaders": {
        "Content-Type": [
          "application/json; charset=utf-8"
        ],
        "Content-Length": [
          "94"
        ],
        "x-ms-client-request-id": [
          "2fc24fce-d4e0-4ad5-83f3-31c8e7c239ca"
        ],
        "accept-language": [
          "en-US"
        ],
        "User-Agent": [
          "FxVersion/4.7.2046.0",
          "OSName/Windows_10_Enterprise",
          "OSVersion/6.3.15063",
          "Microsoft.Azure.Management.OperationalInsights.OperationalInsightsManagementClient/0.18.0-preview"
        ]
      },
      "ResponseBody": "{\r\n  \"kind\": \"LinuxPerformanceCollection\",\r\n  \"properties\": {\r\n    \"state\": \"Disabled\"\r\n  },\r\n  \"id\": \"/subscriptions/a6383be3-f0e8-4968-93d5-10f2625f5bb5/resourceGroups/onesdk5594/providers/Microsoft.OperationalInsights/workspaces/AzTestonesdk8103/datasources/DataSource_LinuxPerformanceCollection\",\r\n  \"etag\": \"W/\\\"datetime'2017-05-04T00%3A32%3A28.4389166Z'\\\"\",\r\n  \"name\": \"DataSource_LinuxPerformanceCollection\",\r\n  \"type\": \"Microsoft.OperationalInsights/workspaces/datasources\"\r\n}",
      "ResponseHeaders": {
        "Content-Length": [
          "441"
=======
        "Server": [
          "Microsoft-IIS/10.0"
        ],
        "X-Powered-By": [
          "ASP.NET"
        ],
        "x-ms-ratelimit-remaining-subscription-writes": [
          "1193"
        ],
        "x-ms-request-id": [
          "478f1146-4615-459f-8b0c-f5c17a56f6a7"
        ],
        "x-ms-correlation-request-id": [
          "478f1146-4615-459f-8b0c-f5c17a56f6a7"
        ],
        "x-ms-routing-request-id": [
          "SOUTHEASTASIA:20200509T081733Z:478f1146-4615-459f-8b0c-f5c17a56f6a7"
        ],
        "Date": [
          "Sat, 09 May 2020 08:17:32 GMT"
        ],
        "Content-Length": [
          "432"
        ],
        "Content-Type": [
          "application/json; charset=utf-8"
        ],
        "Expires": [
          "-1"
        ]
      },
      "ResponseBody": "{\r\n  \"kind\": \"LinuxPerformanceCollection\",\r\n  \"properties\": {\r\n    \"state\": \"Enabled\"\r\n  },\r\n  \"id\": \"/subscriptions/57947cb5-aadd-4b6c-9e8e-27f545bb7bf5/resourceGroups/ps1567/providers/Microsoft.OperationalInsights/workspaces/AzTestps1179/datasources/DataSource_LinuxPerformanceCollection\",\r\n  \"etag\": \"W/\\\"datetime'2020-05-09T08%3A17%3A32.9765764Z'\\\"\",\r\n  \"name\": \"DataSource_LinuxPerformanceCollection\",\r\n  \"type\": \"Microsoft.OperationalInsights/workspaces/datasources\"\r\n}",
      "StatusCode": 200
    },
    {
      "RequestUri": "/subscriptions/57947cb5-aadd-4b6c-9e8e-27f545bb7bf5/resourcegroups/ps1567/providers/Microsoft.OperationalInsights/workspaces/AzTestps1179/dataSources/DataSource_LinuxPerformanceCollection?api-version=2020-03-01-preview",
      "EncodedRequestUri": "L3N1YnNjcmlwdGlvbnMvNTc5NDdjYjUtYWFkZC00YjZjLTllOGUtMjdmNTQ1YmI3YmY1L3Jlc291cmNlZ3JvdXBzL3BzMTU2Ny9wcm92aWRlcnMvTWljcm9zb2Z0Lk9wZXJhdGlvbmFsSW5zaWdodHMvd29ya3NwYWNlcy9BelRlc3RwczExNzkvZGF0YVNvdXJjZXMvRGF0YVNvdXJjZV9MaW51eFBlcmZvcm1hbmNlQ29sbGVjdGlvbj9hcGktdmVyc2lvbj0yMDIwLTAzLTAxLXByZXZpZXc=",
      "RequestMethod": "PUT",
      "RequestBody": "{\r\n  \"properties\": {\r\n    \"state\": \"Disabled\"\r\n  },\r\n  \"kind\": \"LinuxPerformanceCollection\"\r\n}",
      "RequestHeaders": {
        "x-ms-client-request-id": [
          "43566660-3a2e-425d-b42c-c3bfe935b2e8"
        ],
        "Accept-Language": [
          "en-US"
        ],
        "User-Agent": [
          "FxVersion/4.6.28008.02",
          "OSName/Windows",
          "OSVersion/Microsoft.Windows.10.0.18363.",
          "Microsoft.Azure.Management.OperationalInsights.OperationalInsightsManagementClient/0.20.0.0"
>>>>>>> d78b04a5306127f583235b13752c48d4f7d1289a
        ],
        "Content-Type": [
          "application/json; charset=utf-8"
        ],
<<<<<<< HEAD
        "Expires": [
          "-1"
=======
        "Content-Length": [
          "94"
        ]
      },
      "ResponseHeaders": {
        "Cache-Control": [
          "no-cache"
>>>>>>> d78b04a5306127f583235b13752c48d4f7d1289a
        ],
        "Pragma": [
          "no-cache"
        ],
        "Strict-Transport-Security": [
          "max-age=31536000; includeSubDomains"
        ],
        "X-Content-Type-Options": [
          "nosniff"
        ],
<<<<<<< HEAD
        "x-ms-ratelimit-remaining-subscription-writes": [
          "1186"
        ],
        "x-ms-request-id": [
          "8c3ed4f9-cd15-4c55-adcd-ab01a5914adf"
        ],
        "x-ms-correlation-request-id": [
          "8c3ed4f9-cd15-4c55-adcd-ab01a5914adf"
        ],
        "x-ms-routing-request-id": [
          "WESTUS2:20170504T003229Z:8c3ed4f9-cd15-4c55-adcd-ab01a5914adf"
        ],
        "Cache-Control": [
          "no-cache"
        ],
        "Date": [
          "Thu, 04 May 2017 00:32:28 GMT"
        ],
        "Server": [
          "Microsoft-IIS/8.5"
        ],
        "X-Powered-By": [
          "ASP.NET"
        ]
      },
      "StatusCode": 200
    },
    {
      "RequestUri": "/subscriptions/a6383be3-f0e8-4968-93d5-10f2625f5bb5/resourcegroups/onesdk5594/providers/Microsoft.OperationalInsights/workspaces/AzTestonesdk8103/dataSources?$filter=kind%20eq%20'LinuxSyslogCollection'&api-version=2015-11-01-preview",
      "EncodedRequestUri": "L3N1YnNjcmlwdGlvbnMvYTYzODNiZTMtZjBlOC00OTY4LTkzZDUtMTBmMjYyNWY1YmI1L3Jlc291cmNlZ3JvdXBzL29uZXNkazU1OTQvcHJvdmlkZXJzL01pY3Jvc29mdC5PcGVyYXRpb25hbEluc2lnaHRzL3dvcmtzcGFjZXMvQXpUZXN0b25lc2RrODEwMy9kYXRhU291cmNlcz8kZmlsdGVyPWtpbmQlMjBlcSUyMCdMaW51eFN5c2xvZ0NvbGxlY3Rpb24nJmFwaS12ZXJzaW9uPTIwMTUtMTEtMDEtcHJldmlldw==",
=======
        "Server": [
          "Microsoft-IIS/10.0"
        ],
        "X-Powered-By": [
          "ASP.NET"
        ],
        "x-ms-ratelimit-remaining-subscription-writes": [
          "1192"
        ],
        "x-ms-request-id": [
          "f72192d0-1ead-48ff-97be-fcdf78ef612d"
        ],
        "x-ms-correlation-request-id": [
          "f72192d0-1ead-48ff-97be-fcdf78ef612d"
        ],
        "x-ms-routing-request-id": [
          "SOUTHEASTASIA:20200509T081734Z:f72192d0-1ead-48ff-97be-fcdf78ef612d"
        ],
        "Date": [
          "Sat, 09 May 2020 08:17:34 GMT"
        ],
        "Content-Length": [
          "433"
        ],
        "Content-Type": [
          "application/json; charset=utf-8"
        ],
        "Expires": [
          "-1"
        ]
      },
      "ResponseBody": "{\r\n  \"kind\": \"LinuxPerformanceCollection\",\r\n  \"properties\": {\r\n    \"state\": \"Disabled\"\r\n  },\r\n  \"id\": \"/subscriptions/57947cb5-aadd-4b6c-9e8e-27f545bb7bf5/resourceGroups/ps1567/providers/Microsoft.OperationalInsights/workspaces/AzTestps1179/datasources/DataSource_LinuxPerformanceCollection\",\r\n  \"etag\": \"W/\\\"datetime'2020-05-09T08%3A17%3A34.4610563Z'\\\"\",\r\n  \"name\": \"DataSource_LinuxPerformanceCollection\",\r\n  \"type\": \"Microsoft.OperationalInsights/workspaces/datasources\"\r\n}",
      "StatusCode": 200
    },
    {
      "RequestUri": "/subscriptions/57947cb5-aadd-4b6c-9e8e-27f545bb7bf5/resourcegroups/ps1567/providers/Microsoft.OperationalInsights/workspaces/AzTestps1179/dataSources?$filter=kind%20eq%20'LinuxSyslogCollection'&api-version=2020-03-01-preview",
      "EncodedRequestUri": "L3N1YnNjcmlwdGlvbnMvNTc5NDdjYjUtYWFkZC00YjZjLTllOGUtMjdmNTQ1YmI3YmY1L3Jlc291cmNlZ3JvdXBzL3BzMTU2Ny9wcm92aWRlcnMvTWljcm9zb2Z0Lk9wZXJhdGlvbmFsSW5zaWdodHMvd29ya3NwYWNlcy9BelRlc3RwczExNzkvZGF0YVNvdXJjZXM/JGZpbHRlcj1raW5kJTIwZXElMjAnTGludXhTeXNsb2dDb2xsZWN0aW9uJyZhcGktdmVyc2lvbj0yMDIwLTAzLTAxLXByZXZpZXc=",
>>>>>>> d78b04a5306127f583235b13752c48d4f7d1289a
      "RequestMethod": "GET",
      "RequestBody": "",
      "RequestHeaders": {
        "x-ms-client-request-id": [
<<<<<<< HEAD
          "7163148d-c063-4fad-93ce-e2d18411f14c"
        ],
        "accept-language": [
          "en-US"
        ],
        "User-Agent": [
          "FxVersion/4.7.2046.0",
          "OSName/Windows_10_Enterprise",
          "OSVersion/6.3.15063",
          "Microsoft.Azure.Management.OperationalInsights.OperationalInsightsManagementClient/0.18.0-preview"
        ]
      },
      "ResponseBody": "{\r\n  \"value\": []\r\n}",
      "ResponseHeaders": {
        "Content-Length": [
          "12"
        ],
        "Content-Type": [
          "application/json; charset=utf-8"
        ],
        "Expires": [
          "-1"
=======
          "0b6424be-fede-4fa1-97b4-4f6571357c0e"
        ],
        "Accept-Language": [
          "en-US"
        ],
        "User-Agent": [
          "FxVersion/4.6.28008.02",
          "OSName/Windows",
          "OSVersion/Microsoft.Windows.10.0.18363.",
          "Microsoft.Azure.Management.OperationalInsights.OperationalInsightsManagementClient/0.20.0.0"
        ]
      },
      "ResponseHeaders": {
        "Cache-Control": [
          "no-cache"
>>>>>>> d78b04a5306127f583235b13752c48d4f7d1289a
        ],
        "Pragma": [
          "no-cache"
        ],
        "Strict-Transport-Security": [
          "max-age=31536000; includeSubDomains"
        ],
        "X-Content-Type-Options": [
          "nosniff"
        ],
<<<<<<< HEAD
        "x-ms-ratelimit-remaining-subscription-reads": [
          "14798"
        ],
        "x-ms-request-id": [
          "30923c02-c92e-4e56-ad7f-9cce11727b21"
        ],
        "x-ms-correlation-request-id": [
          "30923c02-c92e-4e56-ad7f-9cce11727b21"
        ],
        "x-ms-routing-request-id": [
          "WESTUS2:20170504T003229Z:30923c02-c92e-4e56-ad7f-9cce11727b21"
        ],
        "Cache-Control": [
          "no-cache"
        ],
        "Date": [
          "Thu, 04 May 2017 00:32:28 GMT"
        ],
        "Server": [
          "Microsoft-IIS/8.5"
        ],
        "X-Powered-By": [
          "ASP.NET"
        ]
      },
      "StatusCode": 200
    },
    {
      "RequestUri": "/subscriptions/a6383be3-f0e8-4968-93d5-10f2625f5bb5/resourcegroups/onesdk5594/providers/Microsoft.OperationalInsights/workspaces/AzTestonesdk8103/dataSources?$filter=kind%20eq%20'LinuxSyslogCollection'&api-version=2015-11-01-preview",
      "EncodedRequestUri": "L3N1YnNjcmlwdGlvbnMvYTYzODNiZTMtZjBlOC00OTY4LTkzZDUtMTBmMjYyNWY1YmI1L3Jlc291cmNlZ3JvdXBzL29uZXNkazU1OTQvcHJvdmlkZXJzL01pY3Jvc29mdC5PcGVyYXRpb25hbEluc2lnaHRzL3dvcmtzcGFjZXMvQXpUZXN0b25lc2RrODEwMy9kYXRhU291cmNlcz8kZmlsdGVyPWtpbmQlMjBlcSUyMCdMaW51eFN5c2xvZ0NvbGxlY3Rpb24nJmFwaS12ZXJzaW9uPTIwMTUtMTEtMDEtcHJldmlldw==",
=======
        "Server": [
          "Microsoft-IIS/10.0"
        ],
        "X-Powered-By": [
          "ASP.NET"
        ],
        "x-ms-ratelimit-remaining-subscription-reads": [
          "11978"
        ],
        "x-ms-request-id": [
          "c9f8df56-22e6-4548-afa1-b56e148c9fed"
        ],
        "x-ms-correlation-request-id": [
          "c9f8df56-22e6-4548-afa1-b56e148c9fed"
        ],
        "x-ms-routing-request-id": [
          "SOUTHEASTASIA:20200509T081735Z:c9f8df56-22e6-4548-afa1-b56e148c9fed"
        ],
        "Date": [
          "Sat, 09 May 2020 08:17:34 GMT"
        ],
        "Content-Length": [
          "12"
        ],
        "Content-Type": [
          "application/json; charset=utf-8"
        ],
        "Expires": [
          "-1"
        ]
      },
      "ResponseBody": "{\r\n  \"value\": []\r\n}",
      "StatusCode": 200
    },
    {
      "RequestUri": "/subscriptions/57947cb5-aadd-4b6c-9e8e-27f545bb7bf5/resourcegroups/ps1567/providers/Microsoft.OperationalInsights/workspaces/AzTestps1179/dataSources?$filter=kind%20eq%20'LinuxSyslogCollection'&api-version=2020-03-01-preview",
      "EncodedRequestUri": "L3N1YnNjcmlwdGlvbnMvNTc5NDdjYjUtYWFkZC00YjZjLTllOGUtMjdmNTQ1YmI3YmY1L3Jlc291cmNlZ3JvdXBzL3BzMTU2Ny9wcm92aWRlcnMvTWljcm9zb2Z0Lk9wZXJhdGlvbmFsSW5zaWdodHMvd29ya3NwYWNlcy9BelRlc3RwczExNzkvZGF0YVNvdXJjZXM/JGZpbHRlcj1raW5kJTIwZXElMjAnTGludXhTeXNsb2dDb2xsZWN0aW9uJyZhcGktdmVyc2lvbj0yMDIwLTAzLTAxLXByZXZpZXc=",
>>>>>>> d78b04a5306127f583235b13752c48d4f7d1289a
      "RequestMethod": "GET",
      "RequestBody": "",
      "RequestHeaders": {
        "x-ms-client-request-id": [
<<<<<<< HEAD
          "bbfbc46e-5b26-45c4-9225-d4e2e6560d74"
        ],
        "accept-language": [
          "en-US"
        ],
        "User-Agent": [
          "FxVersion/4.7.2046.0",
          "OSName/Windows_10_Enterprise",
          "OSVersion/6.3.15063",
          "Microsoft.Azure.Management.OperationalInsights.OperationalInsightsManagementClient/0.18.0-preview"
        ]
      },
      "ResponseBody": "{\r\n  \"value\": [\r\n    {\r\n      \"kind\": \"LinuxSyslogCollection\",\r\n      \"properties\": {\r\n        \"state\": \"Enabled\"\r\n      },\r\n      \"id\": \"/subscriptions/a6383be3-f0e8-4968-93d5-10f2625f5bb5/resourceGroups/onesdk5594/providers/Microsoft.OperationalInsights/workspaces/AzTestonesdk8103/datasources/DataSource_LinuxSyslogCollection\",\r\n      \"etag\": \"W/\\\"datetime'2017-05-04T00%3A32%3A29.2227009Z'\\\"\",\r\n      \"name\": \"DataSource_LinuxSyslogCollection\",\r\n      \"type\": \"Microsoft.OperationalInsights/workspaces/datasources\"\r\n    }\r\n  ]\r\n}",
      "ResponseHeaders": {
        "Content-Length": [
          "437"
        ],
        "Content-Type": [
          "application/json; charset=utf-8"
        ],
        "Expires": [
          "-1"
=======
          "a659dcf7-9792-4c1d-b4b3-56ca6625e32b"
        ],
        "Accept-Language": [
          "en-US"
        ],
        "User-Agent": [
          "FxVersion/4.6.28008.02",
          "OSName/Windows",
          "OSVersion/Microsoft.Windows.10.0.18363.",
          "Microsoft.Azure.Management.OperationalInsights.OperationalInsightsManagementClient/0.20.0.0"
        ]
      },
      "ResponseHeaders": {
        "Cache-Control": [
          "no-cache"
>>>>>>> d78b04a5306127f583235b13752c48d4f7d1289a
        ],
        "Pragma": [
          "no-cache"
        ],
        "Strict-Transport-Security": [
          "max-age=31536000; includeSubDomains"
        ],
        "X-Content-Type-Options": [
          "nosniff"
        ],
<<<<<<< HEAD
        "x-ms-ratelimit-remaining-subscription-reads": [
          "14796"
        ],
        "x-ms-request-id": [
          "7416af2b-ef2a-4a42-87b6-c92794f650bd"
        ],
        "x-ms-correlation-request-id": [
          "7416af2b-ef2a-4a42-87b6-c92794f650bd"
        ],
        "x-ms-routing-request-id": [
          "WESTUS2:20170504T003230Z:7416af2b-ef2a-4a42-87b6-c92794f650bd"
        ],
        "Cache-Control": [
          "no-cache"
        ],
        "Date": [
          "Thu, 04 May 2017 00:32:29 GMT"
        ],
        "Server": [
          "Microsoft-IIS/8.5"
        ],
        "X-Powered-By": [
          "ASP.NET"
        ]
      },
      "StatusCode": 200
    },
    {
      "RequestUri": "/subscriptions/a6383be3-f0e8-4968-93d5-10f2625f5bb5/resourcegroups/onesdk5594/providers/Microsoft.OperationalInsights/workspaces/AzTestonesdk8103/dataSources/DataSource_LinuxSyslogCollection?api-version=2015-11-01-preview",
      "EncodedRequestUri": "L3N1YnNjcmlwdGlvbnMvYTYzODNiZTMtZjBlOC00OTY4LTkzZDUtMTBmMjYyNWY1YmI1L3Jlc291cmNlZ3JvdXBzL29uZXNkazU1OTQvcHJvdmlkZXJzL01pY3Jvc29mdC5PcGVyYXRpb25hbEluc2lnaHRzL3dvcmtzcGFjZXMvQXpUZXN0b25lc2RrODEwMy9kYXRhU291cmNlcy9EYXRhU291cmNlX0xpbnV4U3lzbG9nQ29sbGVjdGlvbj9hcGktdmVyc2lvbj0yMDE1LTExLTAxLXByZXZpZXc=",
=======
        "Server": [
          "Microsoft-IIS/10.0"
        ],
        "X-Powered-By": [
          "ASP.NET"
        ],
        "x-ms-ratelimit-remaining-subscription-reads": [
          "11976"
        ],
        "x-ms-request-id": [
          "ec75a60a-9482-4d82-927d-236ea4109edb"
        ],
        "x-ms-correlation-request-id": [
          "ec75a60a-9482-4d82-927d-236ea4109edb"
        ],
        "x-ms-routing-request-id": [
          "SOUTHEASTASIA:20200509T081736Z:ec75a60a-9482-4d82-927d-236ea4109edb"
        ],
        "Date": [
          "Sat, 09 May 2020 08:17:36 GMT"
        ],
        "Content-Length": [
          "429"
        ],
        "Content-Type": [
          "application/json; charset=utf-8"
        ],
        "Expires": [
          "-1"
        ]
      },
      "ResponseBody": "{\r\n  \"value\": [\r\n    {\r\n      \"kind\": \"LinuxSyslogCollection\",\r\n      \"properties\": {\r\n        \"state\": \"Enabled\"\r\n      },\r\n      \"id\": \"/subscriptions/57947cb5-aadd-4b6c-9e8e-27f545bb7bf5/resourceGroups/ps1567/providers/Microsoft.OperationalInsights/workspaces/AzTestps1179/datasources/DataSource_LinuxSyslogCollection\",\r\n      \"etag\": \"W/\\\"datetime'2020-05-09T08%3A17%3A35.9610609Z'\\\"\",\r\n      \"name\": \"DataSource_LinuxSyslogCollection\",\r\n      \"type\": \"Microsoft.OperationalInsights/workspaces/datasources\"\r\n    }\r\n  ]\r\n}",
      "StatusCode": 200
    },
    {
      "RequestUri": "/subscriptions/57947cb5-aadd-4b6c-9e8e-27f545bb7bf5/resourcegroups/ps1567/providers/Microsoft.OperationalInsights/workspaces/AzTestps1179/dataSources/DataSource_LinuxSyslogCollection?api-version=2020-03-01-preview",
      "EncodedRequestUri": "L3N1YnNjcmlwdGlvbnMvNTc5NDdjYjUtYWFkZC00YjZjLTllOGUtMjdmNTQ1YmI3YmY1L3Jlc291cmNlZ3JvdXBzL3BzMTU2Ny9wcm92aWRlcnMvTWljcm9zb2Z0Lk9wZXJhdGlvbmFsSW5zaWdodHMvd29ya3NwYWNlcy9BelRlc3RwczExNzkvZGF0YVNvdXJjZXMvRGF0YVNvdXJjZV9MaW51eFN5c2xvZ0NvbGxlY3Rpb24/YXBpLXZlcnNpb249MjAyMC0wMy0wMS1wcmV2aWV3",
>>>>>>> d78b04a5306127f583235b13752c48d4f7d1289a
      "RequestMethod": "GET",
      "RequestBody": "",
      "RequestHeaders": {
        "x-ms-client-request-id": [
<<<<<<< HEAD
          "e1a15aa1-e179-4d65-89ec-a40e87e376a2"
        ],
        "accept-language": [
          "en-US"
        ],
        "User-Agent": [
          "FxVersion/4.7.2046.0",
          "OSName/Windows_10_Enterprise",
          "OSVersion/6.3.15063",
          "Microsoft.Azure.Management.OperationalInsights.OperationalInsightsManagementClient/0.18.0-preview"
        ]
      },
      "ResponseBody": "{\r\n  \"error\": {\r\n    \"code\": \"DataSourceNotFound\",\r\n    \"message\": \"DataSource 'DataSource_LinuxSyslogCollection' could not be found.\"\r\n  }\r\n}",
      "ResponseHeaders": {
        "Content-Length": [
          "117"
        ],
        "Content-Type": [
          "application/json; charset=utf-8"
        ],
        "Expires": [
          "-1"
=======
          "dedda4f1-0c96-40bd-a6fb-6d7351d93247"
        ],
        "Accept-Language": [
          "en-US"
        ],
        "User-Agent": [
          "FxVersion/4.6.28008.02",
          "OSName/Windows",
          "OSVersion/Microsoft.Windows.10.0.18363.",
          "Microsoft.Azure.Management.OperationalInsights.OperationalInsightsManagementClient/0.20.0.0"
        ]
      },
      "ResponseHeaders": {
        "Cache-Control": [
          "no-cache"
>>>>>>> d78b04a5306127f583235b13752c48d4f7d1289a
        ],
        "Pragma": [
          "no-cache"
        ],
        "Strict-Transport-Security": [
          "max-age=31536000; includeSubDomains"
        ],
        "X-Content-Type-Options": [
          "nosniff"
        ],
<<<<<<< HEAD
        "x-ms-ratelimit-remaining-subscription-reads": [
          "14797"
        ],
        "x-ms-request-id": [
          "ece0507f-c0de-4414-9ad3-ff6f4eb894e7"
        ],
        "x-ms-correlation-request-id": [
          "ece0507f-c0de-4414-9ad3-ff6f4eb894e7"
        ],
        "x-ms-routing-request-id": [
          "WESTUS2:20170504T003229Z:ece0507f-c0de-4414-9ad3-ff6f4eb894e7"
        ],
        "Cache-Control": [
          "no-cache"
        ],
        "Date": [
          "Thu, 04 May 2017 00:32:29 GMT"
        ],
        "Server": [
          "Microsoft-IIS/8.5"
        ],
        "X-Powered-By": [
          "ASP.NET"
        ]
      },
      "StatusCode": 404
    },
    {
      "RequestUri": "/subscriptions/a6383be3-f0e8-4968-93d5-10f2625f5bb5/resourcegroups/onesdk5594/providers/Microsoft.OperationalInsights/workspaces/AzTestonesdk8103/dataSources/DataSource_LinuxSyslogCollection?api-version=2015-11-01-preview",
      "EncodedRequestUri": "L3N1YnNjcmlwdGlvbnMvYTYzODNiZTMtZjBlOC00OTY4LTkzZDUtMTBmMjYyNWY1YmI1L3Jlc291cmNlZ3JvdXBzL29uZXNkazU1OTQvcHJvdmlkZXJzL01pY3Jvc29mdC5PcGVyYXRpb25hbEluc2lnaHRzL3dvcmtzcGFjZXMvQXpUZXN0b25lc2RrODEwMy9kYXRhU291cmNlcy9EYXRhU291cmNlX0xpbnV4U3lzbG9nQ29sbGVjdGlvbj9hcGktdmVyc2lvbj0yMDE1LTExLTAxLXByZXZpZXc=",
=======
        "Server": [
          "Microsoft-IIS/10.0"
        ],
        "X-Powered-By": [
          "ASP.NET"
        ],
        "x-ms-ratelimit-remaining-subscription-reads": [
          "11977"
        ],
        "x-ms-request-id": [
          "2996ca7f-6b90-47ff-95ed-ccdfff5fcf51"
        ],
        "x-ms-correlation-request-id": [
          "2996ca7f-6b90-47ff-95ed-ccdfff5fcf51"
        ],
        "x-ms-routing-request-id": [
          "SOUTHEASTASIA:20200509T081735Z:2996ca7f-6b90-47ff-95ed-ccdfff5fcf51"
        ],
        "Date": [
          "Sat, 09 May 2020 08:17:34 GMT"
        ],
        "Content-Length": [
          "117"
        ],
        "Content-Type": [
          "application/json; charset=utf-8"
        ],
        "Expires": [
          "-1"
        ]
      },
      "ResponseBody": "{\r\n  \"error\": {\r\n    \"code\": \"DataSourceNotFound\",\r\n    \"message\": \"DataSource 'DataSource_LinuxSyslogCollection' could not be found.\"\r\n  }\r\n}",
      "StatusCode": 404
    },
    {
      "RequestUri": "/subscriptions/57947cb5-aadd-4b6c-9e8e-27f545bb7bf5/resourcegroups/ps1567/providers/Microsoft.OperationalInsights/workspaces/AzTestps1179/dataSources/DataSource_LinuxSyslogCollection?api-version=2020-03-01-preview",
      "EncodedRequestUri": "L3N1YnNjcmlwdGlvbnMvNTc5NDdjYjUtYWFkZC00YjZjLTllOGUtMjdmNTQ1YmI3YmY1L3Jlc291cmNlZ3JvdXBzL3BzMTU2Ny9wcm92aWRlcnMvTWljcm9zb2Z0Lk9wZXJhdGlvbmFsSW5zaWdodHMvd29ya3NwYWNlcy9BelRlc3RwczExNzkvZGF0YVNvdXJjZXMvRGF0YVNvdXJjZV9MaW51eFN5c2xvZ0NvbGxlY3Rpb24/YXBpLXZlcnNpb249MjAyMC0wMy0wMS1wcmV2aWV3",
>>>>>>> d78b04a5306127f583235b13752c48d4f7d1289a
      "RequestMethod": "GET",
      "RequestBody": "",
      "RequestHeaders": {
        "x-ms-client-request-id": [
<<<<<<< HEAD
          "dcc96f79-9977-4f3a-83ac-5c8b251ecf8d"
        ],
        "accept-language": [
          "en-US"
        ],
        "User-Agent": [
          "FxVersion/4.7.2046.0",
          "OSName/Windows_10_Enterprise",
          "OSVersion/6.3.15063",
          "Microsoft.Azure.Management.OperationalInsights.OperationalInsightsManagementClient/0.18.0-preview"
        ]
      },
      "ResponseBody": "{\r\n  \"kind\": \"LinuxSyslogCollection\",\r\n  \"properties\": {\r\n    \"state\": \"Enabled\"\r\n  },\r\n  \"id\": \"/subscriptions/a6383be3-f0e8-4968-93d5-10f2625f5bb5/resourceGroups/onesdk5594/providers/Microsoft.OperationalInsights/workspaces/AzTestonesdk8103/datasources/DataSource_LinuxSyslogCollection\",\r\n  \"etag\": \"W/\\\"datetime'2017-05-04T00%3A32%3A29.2227009Z'\\\"\",\r\n  \"name\": \"DataSource_LinuxSyslogCollection\",\r\n  \"type\": \"Microsoft.OperationalInsights/workspaces/datasources\"\r\n}",
      "ResponseHeaders": {
        "Content-Length": [
          "425"
        ],
        "Content-Type": [
          "application/json; charset=utf-8"
        ],
        "Expires": [
          "-1"
=======
          "a47de766-9220-482d-b2d9-e0c8b6ce55c9"
        ],
        "Accept-Language": [
          "en-US"
        ],
        "User-Agent": [
          "FxVersion/4.6.28008.02",
          "OSName/Windows",
          "OSVersion/Microsoft.Windows.10.0.18363.",
          "Microsoft.Azure.Management.OperationalInsights.OperationalInsightsManagementClient/0.20.0.0"
        ]
      },
      "ResponseHeaders": {
        "Cache-Control": [
          "no-cache"
>>>>>>> d78b04a5306127f583235b13752c48d4f7d1289a
        ],
        "Pragma": [
          "no-cache"
        ],
        "Strict-Transport-Security": [
          "max-age=31536000; includeSubDomains"
        ],
        "X-Content-Type-Options": [
          "nosniff"
        ],
<<<<<<< HEAD
        "x-ms-ratelimit-remaining-subscription-reads": [
          "14795"
        ],
        "x-ms-request-id": [
          "40eb3bda-4fd9-47a0-8189-896ebfb04266"
        ],
        "x-ms-correlation-request-id": [
          "40eb3bda-4fd9-47a0-8189-896ebfb04266"
        ],
        "x-ms-routing-request-id": [
          "WESTUS2:20170504T003230Z:40eb3bda-4fd9-47a0-8189-896ebfb04266"
        ],
        "Cache-Control": [
          "no-cache"
        ],
        "Date": [
          "Thu, 04 May 2017 00:32:29 GMT"
        ],
        "Server": [
          "Microsoft-IIS/8.5"
        ],
        "X-Powered-By": [
          "ASP.NET"
        ]
      },
      "StatusCode": 200
    },
    {
      "RequestUri": "/subscriptions/a6383be3-f0e8-4968-93d5-10f2625f5bb5/resourcegroups/onesdk5594/providers/Microsoft.OperationalInsights/workspaces/AzTestonesdk8103/dataSources/DataSource_LinuxSyslogCollection?api-version=2015-11-01-preview",
      "EncodedRequestUri": "L3N1YnNjcmlwdGlvbnMvYTYzODNiZTMtZjBlOC00OTY4LTkzZDUtMTBmMjYyNWY1YmI1L3Jlc291cmNlZ3JvdXBzL29uZXNkazU1OTQvcHJvdmlkZXJzL01pY3Jvc29mdC5PcGVyYXRpb25hbEluc2lnaHRzL3dvcmtzcGFjZXMvQXpUZXN0b25lc2RrODEwMy9kYXRhU291cmNlcy9EYXRhU291cmNlX0xpbnV4U3lzbG9nQ29sbGVjdGlvbj9hcGktdmVyc2lvbj0yMDE1LTExLTAxLXByZXZpZXc=",
      "RequestMethod": "PUT",
      "RequestBody": "{\r\n  \"properties\": {\r\n    \"state\": \"Enabled\"\r\n  },\r\n  \"kind\": \"LinuxSyslogCollection\"\r\n}",
      "RequestHeaders": {
        "Content-Type": [
          "application/json; charset=utf-8"
        ],
        "Content-Length": [
          "88"
        ],
        "x-ms-client-request-id": [
          "12badbae-68b2-4bf7-ab58-cf3dc8b96c31"
        ],
        "accept-language": [
          "en-US"
        ],
        "User-Agent": [
          "FxVersion/4.7.2046.0",
          "OSName/Windows_10_Enterprise",
          "OSVersion/6.3.15063",
          "Microsoft.Azure.Management.OperationalInsights.OperationalInsightsManagementClient/0.18.0-preview"
        ]
      },
      "ResponseBody": "{\r\n  \"kind\": \"LinuxSyslogCollection\",\r\n  \"properties\": {\r\n    \"state\": \"Enabled\"\r\n  },\r\n  \"id\": \"/subscriptions/a6383be3-f0e8-4968-93d5-10f2625f5bb5/resourceGroups/onesdk5594/providers/Microsoft.OperationalInsights/workspaces/AzTestonesdk8103/datasources/DataSource_LinuxSyslogCollection\",\r\n  \"etag\": \"W/\\\"datetime'2017-05-04T00%3A32%3A29.2227009Z'\\\"\",\r\n  \"name\": \"DataSource_LinuxSyslogCollection\",\r\n  \"type\": \"Microsoft.OperationalInsights/workspaces/datasources\"\r\n}",
      "ResponseHeaders": {
        "Content-Length": [
          "425"
=======
        "Server": [
          "Microsoft-IIS/10.0"
        ],
        "X-Powered-By": [
          "ASP.NET"
        ],
        "x-ms-ratelimit-remaining-subscription-reads": [
          "11975"
        ],
        "x-ms-request-id": [
          "62d7b8db-0e07-43b7-a588-d7b2b2412eb8"
        ],
        "x-ms-correlation-request-id": [
          "62d7b8db-0e07-43b7-a588-d7b2b2412eb8"
        ],
        "x-ms-routing-request-id": [
          "SOUTHEASTASIA:20200509T081737Z:62d7b8db-0e07-43b7-a588-d7b2b2412eb8"
        ],
        "Date": [
          "Sat, 09 May 2020 08:17:36 GMT"
        ],
        "Content-Length": [
          "417"
        ],
        "Content-Type": [
          "application/json; charset=utf-8"
        ],
        "Expires": [
          "-1"
        ]
      },
      "ResponseBody": "{\r\n  \"kind\": \"LinuxSyslogCollection\",\r\n  \"properties\": {\r\n    \"state\": \"Enabled\"\r\n  },\r\n  \"id\": \"/subscriptions/57947cb5-aadd-4b6c-9e8e-27f545bb7bf5/resourceGroups/ps1567/providers/Microsoft.OperationalInsights/workspaces/AzTestps1179/datasources/DataSource_LinuxSyslogCollection\",\r\n  \"etag\": \"W/\\\"datetime'2020-05-09T08%3A17%3A35.9610609Z'\\\"\",\r\n  \"name\": \"DataSource_LinuxSyslogCollection\",\r\n  \"type\": \"Microsoft.OperationalInsights/workspaces/datasources\"\r\n}",
      "StatusCode": 200
    },
    {
      "RequestUri": "/subscriptions/57947cb5-aadd-4b6c-9e8e-27f545bb7bf5/resourcegroups/ps1567/providers/Microsoft.OperationalInsights/workspaces/AzTestps1179/dataSources/DataSource_LinuxSyslogCollection?api-version=2020-03-01-preview",
      "EncodedRequestUri": "L3N1YnNjcmlwdGlvbnMvNTc5NDdjYjUtYWFkZC00YjZjLTllOGUtMjdmNTQ1YmI3YmY1L3Jlc291cmNlZ3JvdXBzL3BzMTU2Ny9wcm92aWRlcnMvTWljcm9zb2Z0Lk9wZXJhdGlvbmFsSW5zaWdodHMvd29ya3NwYWNlcy9BelRlc3RwczExNzkvZGF0YVNvdXJjZXMvRGF0YVNvdXJjZV9MaW51eFN5c2xvZ0NvbGxlY3Rpb24/YXBpLXZlcnNpb249MjAyMC0wMy0wMS1wcmV2aWV3",
      "RequestMethod": "PUT",
      "RequestBody": "{\r\n  \"properties\": {\r\n    \"state\": \"Enabled\"\r\n  },\r\n  \"kind\": \"LinuxSyslogCollection\"\r\n}",
      "RequestHeaders": {
        "x-ms-client-request-id": [
          "0dcf547c-4d47-4991-8de4-8c59b5ec51a3"
        ],
        "Accept-Language": [
          "en-US"
        ],
        "User-Agent": [
          "FxVersion/4.6.28008.02",
          "OSName/Windows",
          "OSVersion/Microsoft.Windows.10.0.18363.",
          "Microsoft.Azure.Management.OperationalInsights.OperationalInsightsManagementClient/0.20.0.0"
>>>>>>> d78b04a5306127f583235b13752c48d4f7d1289a
        ],
        "Content-Type": [
          "application/json; charset=utf-8"
        ],
<<<<<<< HEAD
        "Expires": [
          "-1"
=======
        "Content-Length": [
          "88"
        ]
      },
      "ResponseHeaders": {
        "Cache-Control": [
          "no-cache"
>>>>>>> d78b04a5306127f583235b13752c48d4f7d1289a
        ],
        "Pragma": [
          "no-cache"
        ],
        "Strict-Transport-Security": [
          "max-age=31536000; includeSubDomains"
        ],
        "X-Content-Type-Options": [
          "nosniff"
        ],
<<<<<<< HEAD
        "x-ms-ratelimit-remaining-subscription-writes": [
          "1185"
        ],
        "x-ms-request-id": [
          "390b57da-8a9e-4b78-81d8-6ea7abdfc9ea"
        ],
        "x-ms-correlation-request-id": [
          "390b57da-8a9e-4b78-81d8-6ea7abdfc9ea"
        ],
        "x-ms-routing-request-id": [
          "WESTUS2:20170504T003230Z:390b57da-8a9e-4b78-81d8-6ea7abdfc9ea"
        ],
        "Cache-Control": [
          "no-cache"
        ],
        "Date": [
          "Thu, 04 May 2017 00:32:29 GMT"
        ],
        "Server": [
          "Microsoft-IIS/8.5"
        ],
        "X-Powered-By": [
          "ASP.NET"
        ]
      },
      "StatusCode": 200
    },
    {
      "RequestUri": "/subscriptions/a6383be3-f0e8-4968-93d5-10f2625f5bb5/resourcegroups/onesdk5594/providers/Microsoft.OperationalInsights/workspaces/AzTestonesdk8103/dataSources/DataSource_LinuxSyslogCollection?api-version=2015-11-01-preview",
      "EncodedRequestUri": "L3N1YnNjcmlwdGlvbnMvYTYzODNiZTMtZjBlOC00OTY4LTkzZDUtMTBmMjYyNWY1YmI1L3Jlc291cmNlZ3JvdXBzL29uZXNkazU1OTQvcHJvdmlkZXJzL01pY3Jvc29mdC5PcGVyYXRpb25hbEluc2lnaHRzL3dvcmtzcGFjZXMvQXpUZXN0b25lc2RrODEwMy9kYXRhU291cmNlcy9EYXRhU291cmNlX0xpbnV4U3lzbG9nQ29sbGVjdGlvbj9hcGktdmVyc2lvbj0yMDE1LTExLTAxLXByZXZpZXc=",
      "RequestMethod": "PUT",
      "RequestBody": "{\r\n  \"properties\": {\r\n    \"state\": \"Disabled\"\r\n  },\r\n  \"kind\": \"LinuxSyslogCollection\"\r\n}",
      "RequestHeaders": {
        "Content-Type": [
          "application/json; charset=utf-8"
        ],
        "Content-Length": [
          "89"
        ],
        "x-ms-client-request-id": [
          "0330380b-a1fd-4b9b-9987-02d46a26f661"
        ],
        "accept-language": [
          "en-US"
        ],
        "User-Agent": [
          "FxVersion/4.7.2046.0",
          "OSName/Windows_10_Enterprise",
          "OSVersion/6.3.15063",
          "Microsoft.Azure.Management.OperationalInsights.OperationalInsightsManagementClient/0.18.0-preview"
        ]
      },
      "ResponseBody": "{\r\n  \"kind\": \"LinuxSyslogCollection\",\r\n  \"properties\": {\r\n    \"state\": \"Disabled\"\r\n  },\r\n  \"id\": \"/subscriptions/a6383be3-f0e8-4968-93d5-10f2625f5bb5/resourceGroups/onesdk5594/providers/Microsoft.OperationalInsights/workspaces/AzTestonesdk8103/datasources/DataSource_LinuxSyslogCollection\",\r\n  \"etag\": \"W/\\\"datetime'2017-05-04T00%3A32%3A29.8931255Z'\\\"\",\r\n  \"name\": \"DataSource_LinuxSyslogCollection\",\r\n  \"type\": \"Microsoft.OperationalInsights/workspaces/datasources\"\r\n}",
      "ResponseHeaders": {
        "Content-Length": [
          "426"
=======
        "Server": [
          "Microsoft-IIS/10.0"
        ],
        "X-Powered-By": [
          "ASP.NET"
        ],
        "x-ms-ratelimit-remaining-subscription-writes": [
          "1191"
        ],
        "x-ms-request-id": [
          "57fcf165-1bcd-490f-b3a0-ac10aa02e143"
        ],
        "x-ms-correlation-request-id": [
          "57fcf165-1bcd-490f-b3a0-ac10aa02e143"
        ],
        "x-ms-routing-request-id": [
          "SOUTHEASTASIA:20200509T081736Z:57fcf165-1bcd-490f-b3a0-ac10aa02e143"
        ],
        "Date": [
          "Sat, 09 May 2020 08:17:35 GMT"
        ],
        "Content-Length": [
          "417"
        ],
        "Content-Type": [
          "application/json; charset=utf-8"
        ],
        "Expires": [
          "-1"
        ]
      },
      "ResponseBody": "{\r\n  \"kind\": \"LinuxSyslogCollection\",\r\n  \"properties\": {\r\n    \"state\": \"Enabled\"\r\n  },\r\n  \"id\": \"/subscriptions/57947cb5-aadd-4b6c-9e8e-27f545bb7bf5/resourceGroups/ps1567/providers/Microsoft.OperationalInsights/workspaces/AzTestps1179/datasources/DataSource_LinuxSyslogCollection\",\r\n  \"etag\": \"W/\\\"datetime'2020-05-09T08%3A17%3A35.9610609Z'\\\"\",\r\n  \"name\": \"DataSource_LinuxSyslogCollection\",\r\n  \"type\": \"Microsoft.OperationalInsights/workspaces/datasources\"\r\n}",
      "StatusCode": 200
    },
    {
      "RequestUri": "/subscriptions/57947cb5-aadd-4b6c-9e8e-27f545bb7bf5/resourcegroups/ps1567/providers/Microsoft.OperationalInsights/workspaces/AzTestps1179/dataSources/DataSource_LinuxSyslogCollection?api-version=2020-03-01-preview",
      "EncodedRequestUri": "L3N1YnNjcmlwdGlvbnMvNTc5NDdjYjUtYWFkZC00YjZjLTllOGUtMjdmNTQ1YmI3YmY1L3Jlc291cmNlZ3JvdXBzL3BzMTU2Ny9wcm92aWRlcnMvTWljcm9zb2Z0Lk9wZXJhdGlvbmFsSW5zaWdodHMvd29ya3NwYWNlcy9BelRlc3RwczExNzkvZGF0YVNvdXJjZXMvRGF0YVNvdXJjZV9MaW51eFN5c2xvZ0NvbGxlY3Rpb24/YXBpLXZlcnNpb249MjAyMC0wMy0wMS1wcmV2aWV3",
      "RequestMethod": "PUT",
      "RequestBody": "{\r\n  \"properties\": {\r\n    \"state\": \"Disabled\"\r\n  },\r\n  \"kind\": \"LinuxSyslogCollection\"\r\n}",
      "RequestHeaders": {
        "x-ms-client-request-id": [
          "1dbb660d-4118-41da-a44a-0549b4a3dc2b"
        ],
        "Accept-Language": [
          "en-US"
        ],
        "User-Agent": [
          "FxVersion/4.6.28008.02",
          "OSName/Windows",
          "OSVersion/Microsoft.Windows.10.0.18363.",
          "Microsoft.Azure.Management.OperationalInsights.OperationalInsightsManagementClient/0.20.0.0"
>>>>>>> d78b04a5306127f583235b13752c48d4f7d1289a
        ],
        "Content-Type": [
          "application/json; charset=utf-8"
        ],
<<<<<<< HEAD
        "Expires": [
          "-1"
=======
        "Content-Length": [
          "89"
        ]
      },
      "ResponseHeaders": {
        "Cache-Control": [
          "no-cache"
>>>>>>> d78b04a5306127f583235b13752c48d4f7d1289a
        ],
        "Pragma": [
          "no-cache"
        ],
        "Strict-Transport-Security": [
          "max-age=31536000; includeSubDomains"
        ],
        "X-Content-Type-Options": [
          "nosniff"
        ],
<<<<<<< HEAD
        "x-ms-ratelimit-remaining-subscription-writes": [
          "1184"
        ],
        "x-ms-request-id": [
          "2cff621e-c797-4668-8575-d870e5cf95e7"
        ],
        "x-ms-correlation-request-id": [
          "2cff621e-c797-4668-8575-d870e5cf95e7"
        ],
        "x-ms-routing-request-id": [
          "WESTUS2:20170504T003230Z:2cff621e-c797-4668-8575-d870e5cf95e7"
        ],
        "Cache-Control": [
          "no-cache"
        ],
        "Date": [
          "Thu, 04 May 2017 00:32:30 GMT"
        ],
        "Server": [
          "Microsoft-IIS/8.5"
        ],
        "X-Powered-By": [
          "ASP.NET"
        ]
      },
=======
        "Server": [
          "Microsoft-IIS/10.0"
        ],
        "X-Powered-By": [
          "ASP.NET"
        ],
        "x-ms-ratelimit-remaining-subscription-writes": [
          "1190"
        ],
        "x-ms-request-id": [
          "931ed192-22a5-4278-9f65-7863e0e3c1c9"
        ],
        "x-ms-correlation-request-id": [
          "931ed192-22a5-4278-9f65-7863e0e3c1c9"
        ],
        "x-ms-routing-request-id": [
          "SOUTHEASTASIA:20200509T081737Z:931ed192-22a5-4278-9f65-7863e0e3c1c9"
        ],
        "Date": [
          "Sat, 09 May 2020 08:17:37 GMT"
        ],
        "Content-Length": [
          "418"
        ],
        "Content-Type": [
          "application/json; charset=utf-8"
        ],
        "Expires": [
          "-1"
        ]
      },
      "ResponseBody": "{\r\n  \"kind\": \"LinuxSyslogCollection\",\r\n  \"properties\": {\r\n    \"state\": \"Disabled\"\r\n  },\r\n  \"id\": \"/subscriptions/57947cb5-aadd-4b6c-9e8e-27f545bb7bf5/resourceGroups/ps1567/providers/Microsoft.OperationalInsights/workspaces/AzTestps1179/datasources/DataSource_LinuxSyslogCollection\",\r\n  \"etag\": \"W/\\\"datetime'2020-05-09T08%3A17%3A37.4297794Z'\\\"\",\r\n  \"name\": \"DataSource_LinuxSyslogCollection\",\r\n  \"type\": \"Microsoft.OperationalInsights/workspaces/datasources\"\r\n}",
>>>>>>> d78b04a5306127f583235b13752c48d4f7d1289a
      "StatusCode": 200
    }
  ],
  "Names": {
    "Test-ToggleSingletonDataSourceState": [
<<<<<<< HEAD
      "onesdk8103",
      "onesdk5594"
    ]
  },
  "Variables": {
    "SubscriptionId": "a6383be3-f0e8-4968-93d5-10f2625f5bb5"
=======
      "ps1179",
      "ps1567"
    ]
  },
  "Variables": {
    "SubscriptionId": "57947cb5-aadd-4b6c-9e8e-27f545bb7bf5"
>>>>>>> d78b04a5306127f583235b13752c48d4f7d1289a
  }
}