{
  "Entries": [
    {
      "RequestUri": "/subscriptions/57947cb5-aadd-4b6c-9e8e-27f545bb7bf5/providers/Microsoft.OperationalInsights?api-version=2016-09-01",
      "EncodedRequestUri": "L3N1YnNjcmlwdGlvbnMvNTc5NDdjYjUtYWFkZC00YjZjLTllOGUtMjdmNTQ1YmI3YmY1L3Byb3ZpZGVycy9NaWNyb3NvZnQuT3BlcmF0aW9uYWxJbnNpZ2h0cz9hcGktdmVyc2lvbj0yMDE2LTA5LTAx",
      "RequestMethod": "GET",
      "RequestBody": "",
      "RequestHeaders": {
        "x-ms-client-request-id": [
          "366a0f21-4ac8-4ca8-ad6b-847a14d56ff5"
        ],
        "Accept-Language": [
          "en-US"
        ],
        "User-Agent": [
          "FxVersion/4.6.30411.01",
          "OSName/Windows",
          "OSVersion/Microsoft.Windows.10.0.22000.",
          "Microsoft.Azure.Management.Internal.Resources.ResourceManagementClient/1.3.51"
        ]
      },
      "ResponseHeaders": {
        "Cache-Control": [
          "no-cache"
        ],
        "Pragma": [
          "no-cache"
        ],
        "x-ms-ratelimit-remaining-subscription-reads": [
          "11999"
        ],
        "x-ms-request-id": [
          "e8f9e334-4e52-4fac-92af-9ce5fad94314"
        ],
        "x-ms-correlation-request-id": [
          "e8f9e334-4e52-4fac-92af-9ce5fad94314"
        ],
        "x-ms-routing-request-id": [
          "NORTHEUROPE:20211116T091017Z:e8f9e334-4e52-4fac-92af-9ce5fad94314"
        ],
        "Strict-Transport-Security": [
          "max-age=31536000; includeSubDomains"
        ],
        "X-Content-Type-Options": [
          "nosniff"
        ],
        "Date": [
          "Tue, 16 Nov 2021 09:10:16 GMT"
        ],
        "Content-Type": [
          "application/json; charset=utf-8"
        ],
        "Expires": [
          "-1"
        ],
        "Content-Length": [
          "11333"
        ]
      },
      "ResponseBody": "{\r\n  \"id\": \"/subscriptions/57947cb5-aadd-4b6c-9e8e-27f545bb7bf5/providers/Microsoft.OperationalInsights\",\r\n  \"namespace\": \"Microsoft.OperationalInsights\",\r\n  \"authorizations\": [\r\n    {\r\n      \"applicationId\": \"d2a0a418-0aac-4541-82b2-b3142c89da77\",\r\n      \"roleDefinitionId\": \"86695298-2eb9-48a7-9ec3-2fdb38b6878b\"\r\n    },\r\n    {\r\n      \"applicationId\": \"ca7f3f0b-7d91-482c-8e09-c5d840d0eac5\",\r\n      \"roleDefinitionId\": \"5d5a2e56-9835-44aa-93db-d2f19e155438\"\r\n    }\r\n  ],\r\n  \"resourceTypes\": [\r\n    {\r\n      \"resourceType\": \"workspaces\",\r\n      \"locations\": [\r\n        \"East US\",\r\n        \"West Europe\",\r\n        \"Southeast Asia\",\r\n        \"Australia Southeast\",\r\n        \"West Central US\",\r\n        \"Japan East\",\r\n        \"UK South\",\r\n        \"Central India\",\r\n        \"Canada Central\",\r\n        \"West US 2\",\r\n        \"Australia Central\",\r\n        \"Australia East\",\r\n        \"France Central\",\r\n        \"Korea Central\",\r\n        \"North Europe\",\r\n        \"Central US\",\r\n        \"East Asia\",\r\n        \"East US 2\",\r\n        \"South Central US\",\r\n        \"North Central US\",\r\n        \"West US\",\r\n        \"UK West\",\r\n        \"South Africa North\",\r\n        \"Brazil South\",\r\n        \"Switzerland North\",\r\n        \"Switzerland West\",\r\n        \"Germany West Central\",\r\n        \"Australia Central 2\",\r\n        \"UAE Central\",\r\n        \"UAE North\",\r\n        \"Japan West\",\r\n        \"Brazil Southeast\",\r\n        \"Norway East\",\r\n        \"Norway West\",\r\n        \"France South\",\r\n        \"South India\",\r\n        \"Jio India West\",\r\n        \"Canada East\",\r\n        \"West US 3\",\r\n        \"East US 2 EUAP\",\r\n        \"Korea South\",\r\n        \"Jio India Central\"\r\n      ],\r\n      \"apiVersions\": [\r\n        \"2021-06-01\",\r\n        \"2021-03-01-privatepreview\",\r\n        \"2020-10-01\",\r\n        \"2020-08-01\",\r\n        \"2020-03-01-preview\",\r\n        \"2017-04-26-preview\",\r\n        \"2017-03-15-preview\",\r\n        \"2017-03-03-preview\",\r\n        \"2017-01-01-preview\",\r\n        \"2015-11-01-preview\",\r\n        \"2015-03-20\"\r\n      ],\r\n      \"capabilities\": \"CrossResourceGroupResourceMove, CrossSubscriptionResourceMove\"\r\n    },\r\n    {\r\n      \"resourceType\": \"querypacks\",\r\n      \"locations\": [\r\n        \"West Central US\",\r\n        \"East US\",\r\n        \"South Central US\",\r\n        \"North Europe\",\r\n        \"West Europe\",\r\n        \"Southeast Asia\",\r\n        \"West US 2\",\r\n        \"UK South\",\r\n        \"Canada Central\",\r\n        \"Central India\",\r\n        \"Japan East\",\r\n        \"Australia East\",\r\n        \"Korea Central\",\r\n        \"France Central\",\r\n        \"Central US\",\r\n        \"East US 2\",\r\n        \"East Asia\",\r\n        \"West US\",\r\n        \"South Africa North\",\r\n        \"North Central US\",\r\n        \"Brazil South\",\r\n        \"Switzerland North\",\r\n        \"Norway East\",\r\n        \"Australia Southeast\",\r\n        \"Australia Central 2\",\r\n        \"Germany West Central\",\r\n        \"Switzerland West\",\r\n        \"UAE Central\",\r\n        \"UK West\",\r\n        \"Brazil Southeast\",\r\n        \"Japan West\",\r\n        \"UAE North\",\r\n        \"Australia Central\",\r\n        \"France South\",\r\n        \"South India\",\r\n        \"Jio India West\",\r\n        \"Canada East\",\r\n        \"West US 3\",\r\n        \"East US 2 EUAP\",\r\n        \"Korea South\",\r\n        \"Jio India Central\"\r\n      ],\r\n      \"apiVersions\": [\r\n        \"2019-09-01-preview\"\r\n      ],\r\n      \"capabilities\": \"None\"\r\n    },\r\n    {\r\n      \"resourceType\": \"locations\",\r\n      \"locations\": [],\r\n      \"apiVersions\": [\r\n        \"2020-10-01\",\r\n        \"2020-08-01\",\r\n        \"2020-03-01-preview\",\r\n        \"2019-08-01-preview\",\r\n        \"2017-04-26-preview\",\r\n        \"2017-03-15-preview\",\r\n        \"2017-03-03-preview\",\r\n        \"2017-01-01-preview\",\r\n        \"2015-11-01-preview\",\r\n        \"2015-03-20\"\r\n      ]\r\n    },\r\n    {\r\n      \"resourceType\": \"locations/operationStatuses\",\r\n      \"locations\": [\r\n        \"East US\",\r\n        \"West Europe\",\r\n        \"Southeast Asia\",\r\n        \"Australia Southeast\",\r\n        \"West Central US\",\r\n        \"Japan East\",\r\n        \"UK South\",\r\n        \"Central India\",\r\n        \"Canada Central\",\r\n        \"West US 2\",\r\n        \"Australia Central\",\r\n        \"Australia East\",\r\n        \"France Central\",\r\n        \"Korea Central\",\r\n        \"North Europe\",\r\n        \"Central US\",\r\n        \"East Asia\",\r\n        \"East US 2\",\r\n        \"South Central US\",\r\n        \"North Central US\",\r\n        \"West US\",\r\n        \"UK West\",\r\n        \"South Africa North\",\r\n        \"Brazil South\",\r\n        \"Switzerland North\",\r\n        \"Switzerland West\",\r\n        \"Germany West Central\",\r\n        \"Australia Central 2\",\r\n        \"UAE Central\",\r\n        \"UAE North\",\r\n        \"Japan West\",\r\n        \"Brazil Southeast\",\r\n        \"Norway East\",\r\n        \"Norway West\",\r\n        \"France South\",\r\n        \"South India\",\r\n        \"Jio India West\",\r\n        \"Canada East\",\r\n        \"West US 3\",\r\n        \"East US 2 EUAP\",\r\n        \"Korea South\",\r\n        \"Jio India Central\"\r\n      ],\r\n      \"apiVersions\": [\r\n        \"2020-10-01\",\r\n        \"2020-08-01\",\r\n        \"2020-03-01-preview\",\r\n        \"2019-08-01-preview\",\r\n        \"2017-04-26-preview\",\r\n        \"2017-03-15-preview\",\r\n        \"2017-03-03-preview\",\r\n        \"2017-01-01-preview\",\r\n        \"2015-11-01-preview\",\r\n        \"2015-03-20\"\r\n      ]\r\n    },\r\n    {\r\n      \"resourceType\": \"workspaces/scopedPrivateLinkProxies\",\r\n      \"locations\": [\r\n        \"East US\",\r\n        \"West Europe\",\r\n        \"Southeast Asia\",\r\n        \"Australia Southeast\",\r\n        \"West Central US\",\r\n        \"Japan East\",\r\n        \"UK South\",\r\n        \"Central India\",\r\n        \"Canada Central\",\r\n        \"West US 2\",\r\n        \"Australia Central\",\r\n        \"Australia East\",\r\n        \"France Central\",\r\n        \"Korea Central\",\r\n        \"North Europe\",\r\n        \"Central US\",\r\n        \"East Asia\",\r\n        \"East US 2\",\r\n        \"South Central US\",\r\n        \"North Central US\",\r\n        \"West US\",\r\n        \"UK West\",\r\n        \"South Africa North\",\r\n        \"Brazil South\",\r\n        \"Switzerland North\",\r\n        \"Switzerland West\",\r\n        \"Germany West Central\",\r\n        \"Australia Central 2\",\r\n        \"UAE Central\",\r\n        \"UAE North\",\r\n        \"Japan West\",\r\n        \"Brazil Southeast\",\r\n        \"Norway East\",\r\n        \"Norway West\",\r\n        \"France South\",\r\n        \"South India\",\r\n        \"Jio India West\",\r\n        \"Canada East\",\r\n        \"West US 3\",\r\n        \"East US 2 EUAP\",\r\n        \"Korea South\",\r\n        \"Jio India Central\"\r\n      ],\r\n      \"apiVersions\": [\r\n        \"2020-03-01-preview\",\r\n        \"2019-08-01-preview\",\r\n        \"2015-11-01-preview\"\r\n      ]\r\n    },\r\n    {\r\n      \"resourceType\": \"workspaces/query\",\r\n      \"locations\": [\r\n        \"East US 2 EUAP\"\r\n      ],\r\n      \"apiVersions\": [\r\n        \"2017-10-01\"\r\n      ]\r\n    },\r\n    {\r\n      \"resourceType\": \"workspaces/metadata\",\r\n      \"locations\": [\r\n        \"East US 2 EUAP\"\r\n      ],\r\n      \"apiVersions\": [\r\n        \"2017-10-01\"\r\n      ]\r\n    },\r\n    {\r\n      \"resourceType\": \"workspaces/dataSources\",\r\n      \"locations\": [\r\n        \"East US\",\r\n        \"West Europe\",\r\n        \"Southeast Asia\",\r\n        \"Australia Southeast\",\r\n        \"West Central US\",\r\n        \"Japan East\",\r\n        \"UK South\",\r\n        \"Central India\",\r\n        \"Canada Central\",\r\n        \"West US 2\",\r\n        \"Australia Central\",\r\n        \"Australia East\",\r\n        \"France Central\",\r\n        \"Korea Central\",\r\n        \"North Europe\",\r\n        \"Central US\",\r\n        \"East Asia\",\r\n        \"East US 2\",\r\n        \"South Central US\",\r\n        \"North Central US\",\r\n        \"West US\",\r\n        \"UK West\",\r\n        \"South Africa North\",\r\n        \"Brazil South\",\r\n        \"Switzerland North\",\r\n        \"Switzerland West\",\r\n        \"Germany West Central\",\r\n        \"Australia Central 2\",\r\n        \"UAE Central\",\r\n        \"UAE North\",\r\n        \"Japan West\",\r\n        \"Brazil Southeast\",\r\n        \"Norway East\",\r\n        \"Norway West\",\r\n        \"France South\",\r\n        \"South India\",\r\n        \"Jio India West\",\r\n        \"Canada East\",\r\n        \"West US 3\",\r\n        \"East US 2 EUAP\",\r\n        \"Korea South\",\r\n        \"Jio India Central\"\r\n      ],\r\n      \"apiVersions\": [\r\n        \"2020-08-01\",\r\n        \"2020-03-01-preview\",\r\n        \"2015-11-01-preview\"\r\n      ]\r\n    },\r\n    {\r\n      \"resourceType\": \"workspaces/linkedStorageAccounts\",\r\n      \"locations\": [\r\n        \"East US\",\r\n        \"West Europe\",\r\n        \"Southeast Asia\",\r\n        \"Australia Southeast\",\r\n        \"West Central US\",\r\n        \"Japan East\",\r\n        \"UK South\",\r\n        \"Central India\",\r\n        \"Canada Central\",\r\n        \"West US 2\",\r\n        \"Australia Central\",\r\n        \"Australia East\",\r\n        \"France Central\",\r\n        \"Korea Central\",\r\n        \"North Europe\",\r\n        \"Central US\",\r\n        \"East Asia\",\r\n        \"East US 2\",\r\n        \"South Central US\",\r\n        \"North Central US\",\r\n        \"West US\",\r\n        \"UK West\",\r\n        \"South Africa North\",\r\n        \"Brazil South\",\r\n        \"Switzerland North\",\r\n        \"Switzerland West\",\r\n        \"Germany West Central\",\r\n        \"Australia Central 2\",\r\n        \"UAE Central\",\r\n        \"UAE North\",\r\n        \"Japan West\",\r\n        \"Brazil Southeast\",\r\n        \"Norway East\",\r\n        \"Norway West\",\r\n        \"France South\",\r\n        \"South India\",\r\n        \"Jio India West\",\r\n        \"Canada East\",\r\n        \"West US 3\",\r\n        \"East US 2 EUAP\",\r\n        \"Korea South\",\r\n        \"Jio India Central\"\r\n      ],\r\n      \"apiVersions\": [\r\n        \"2020-08-01\",\r\n        \"2020-03-01-preview\",\r\n        \"2019-08-01-preview\"\r\n      ]\r\n    },\r\n    {\r\n      \"resourceType\": \"workspaces/tables\",\r\n      \"locations\": [\r\n        \"East US\",\r\n        \"West Europe\",\r\n        \"Southeast Asia\",\r\n        \"Australia Southeast\",\r\n        \"West Central US\",\r\n        \"Japan East\",\r\n        \"UK South\",\r\n        \"Central India\",\r\n        \"Canada Central\",\r\n        \"West US 2\",\r\n        \"Australia East\",\r\n        \"Australia Central\",\r\n        \"France Central\",\r\n        \"Korea Central\",\r\n        \"North Europe\",\r\n        \"Central US\",\r\n        \"East Asia\",\r\n        \"East US 2\",\r\n        \"South Central US\",\r\n        \"North Central US\",\r\n        \"West US\",\r\n        \"UK West\",\r\n        \"South Africa North\",\r\n        \"Brazil South\",\r\n        \"Switzerland North\",\r\n        \"Switzerland West\",\r\n        \"Germany West Central\",\r\n        \"Australia Central 2\",\r\n        \"UAE Central\",\r\n        \"UAE North\",\r\n        \"Japan West\",\r\n        \"Brazil Southeast\",\r\n        \"Norway East\",\r\n        \"Norway West\",\r\n        \"France South\",\r\n        \"South India\",\r\n        \"Jio India West\",\r\n        \"Canada East\",\r\n        \"West US 3\",\r\n        \"East US 2 EUAP\",\r\n        \"Korea South\",\r\n        \"Jio India Central\",\r\n        \"Sweden Central\",\r\n        \"Sweden South\"\r\n      ],\r\n      \"apiVersions\": [\r\n        \"2021-07-01-privatepreview\",\r\n        \"2021-03-01-privatepreview\",\r\n        \"2020-10-01\"\r\n      ]\r\n    },\r\n    {\r\n      \"resourceType\": \"workspaces/storageInsightConfigs\",\r\n      \"locations\": [\r\n        \"East US\",\r\n        \"West Europe\",\r\n        \"Southeast Asia\",\r\n        \"Australia Southeast\",\r\n        \"West Central US\",\r\n        \"Japan East\",\r\n        \"UK South\",\r\n        \"Central India\",\r\n        \"Canada Central\",\r\n        \"West US 2\",\r\n        \"Australia East\",\r\n        \"Australia Central\",\r\n        \"France Central\",\r\n        \"Korea Central\",\r\n        \"North Europe\",\r\n        \"Central US\",\r\n        \"East Asia\",\r\n        \"East US 2\",\r\n        \"South Central US\",\r\n        \"North Central US\",\r\n        \"West US\",\r\n        \"UK West\",\r\n        \"South Africa North\",\r\n        \"Brazil South\",\r\n        \"Switzerland North\",\r\n        \"Switzerland West\",\r\n        \"Germany West Central\",\r\n        \"Australia Central 2\",\r\n        \"UAE Central\",\r\n        \"UAE North\",\r\n        \"Japan West\",\r\n        \"Brazil Southeast\",\r\n        \"Norway East\",\r\n        \"Norway West\",\r\n        \"France South\",\r\n        \"South India\",\r\n        \"Jio India West\",\r\n        \"Canada East\",\r\n        \"West US 3\",\r\n        \"East US 2 EUAP\",\r\n        \"Korea South\",\r\n        \"Jio India Central\"\r\n      ],\r\n      \"apiVersions\": [\r\n        \"2020-08-01\",\r\n        \"2020-03-01-preview\",\r\n        \"2017-04-26-preview\",\r\n        \"2017-03-15-preview\",\r\n        \"2017-03-03-preview\",\r\n        \"2017-01-01-preview\",\r\n        \"2015-11-01-preview\",\r\n        \"2015-03-20\"\r\n      ]\r\n    },\r\n    {\r\n      \"resourceType\": \"storageInsightConfigs\",\r\n      \"locations\": [],\r\n      \"apiVersions\": [\r\n        \"2020-08-01\",\r\n        \"2020-03-01-preview\",\r\n        \"2014-10-10\"\r\n      ],\r\n      \"capabilities\": \"SupportsExtension\"\r\n    },\r\n    {\r\n      \"resourceType\": \"workspaces/linkedServices\",\r\n      \"locations\": [\r\n        \"East US\",\r\n        \"West Europe\",\r\n        \"Southeast Asia\",\r\n        \"Australia Southeast\",\r\n        \"West Central US\",\r\n        \"Japan East\",\r\n        \"UK South\",\r\n        \"Central India\",\r\n        \"Canada Central\",\r\n        \"West US 2\",\r\n        \"Australia Central\",\r\n        \"Australia East\",\r\n        \"France Central\",\r\n        \"Korea Central\",\r\n        \"North Europe\",\r\n        \"Central US\",\r\n        \"East Asia\",\r\n        \"East US 2\",\r\n        \"South Central US\",\r\n        \"North Central US\",\r\n        \"West US\",\r\n        \"UK West\",\r\n        \"South Africa North\",\r\n        \"Brazil South\",\r\n        \"Switzerland North\",\r\n        \"Switzerland West\",\r\n        \"Germany West Central\",\r\n        \"Australia Central 2\",\r\n        \"UAE Central\",\r\n        \"UAE North\",\r\n        \"Japan West\",\r\n        \"Brazil Southeast\",\r\n        \"Norway East\",\r\n        \"Norway West\",\r\n        \"France South\",\r\n        \"South India\",\r\n        \"Jio India West\",\r\n        \"Canada East\",\r\n        \"West US 3\",\r\n        \"East US 2 EUAP\",\r\n        \"Korea South\",\r\n        \"Jio India Central\"\r\n      ],\r\n      \"apiVersions\": [\r\n        \"2020-08-01\",\r\n        \"2020-03-01-preview\",\r\n        \"2019-08-01-preview\",\r\n        \"2015-11-01-preview\"\r\n      ]\r\n    },\r\n    {\r\n      \"resourceType\": \"linkTargets\",\r\n      \"locations\": [\r\n        \"East US\"\r\n      ],\r\n      \"apiVersions\": [\r\n        \"2020-03-01-preview\",\r\n        \"2015-03-20\"\r\n      ]\r\n    },\r\n    {\r\n      \"resourceType\": \"deletedWorkspaces\",\r\n      \"locations\": [\r\n        \"East US\",\r\n        \"West Europe\",\r\n        \"Southeast Asia\",\r\n        \"Australia Southeast\",\r\n        \"West Central US\",\r\n        \"Japan East\",\r\n        \"UK South\",\r\n        \"Central India\",\r\n        \"Canada Central\",\r\n        \"West US 2\",\r\n        \"Australia Central\",\r\n        \"Australia East\",\r\n        \"France Central\",\r\n        \"Korea Central\",\r\n        \"North Europe\",\r\n        \"Central US\",\r\n        \"East Asia\",\r\n        \"East US 2\",\r\n        \"South Central US\",\r\n        \"North Central US\",\r\n        \"West US\",\r\n        \"UK West\",\r\n        \"South Africa North\",\r\n        \"Brazil South\",\r\n        \"Switzerland North\",\r\n        \"Switzerland West\",\r\n        \"Germany West Central\",\r\n        \"Australia Central 2\",\r\n        \"UAE Central\",\r\n        \"UAE North\",\r\n        \"Japan West\",\r\n        \"Brazil Southeast\",\r\n        \"Norway East\",\r\n        \"Norway West\",\r\n        \"France South\",\r\n        \"South India\",\r\n        \"Jio India West\",\r\n        \"Canada East\",\r\n        \"West US 3\",\r\n        \"East US 2 EUAP\",\r\n        \"Korea South\",\r\n        \"Jio India Central\"\r\n      ],\r\n      \"apiVersions\": [\r\n        \"2020-10-01\",\r\n        \"2020-08-01\",\r\n        \"2020-03-01-preview\"\r\n      ]\r\n    },\r\n    {\r\n      \"resourceType\": \"operations\",\r\n      \"locations\": [],\r\n      \"apiVersions\": [\r\n        \"2020-10-01\",\r\n        \"2020-08-01\",\r\n        \"2020-03-01-preview\",\r\n        \"2015-11-01-preview\",\r\n        \"2014-11-10\"\r\n      ]\r\n    },\r\n    {\r\n      \"resourceType\": \"clusters\",\r\n      \"locations\": [\r\n        \"East US\",\r\n        \"West Europe\",\r\n        \"Southeast Asia\",\r\n        \"Australia Southeast\",\r\n        \"West Central US\",\r\n        \"Japan East\",\r\n        \"UK South\",\r\n        \"Central India\",\r\n        \"Canada Central\",\r\n        \"West US 2\",\r\n        \"Australia Central\",\r\n        \"Australia East\",\r\n        \"France Central\",\r\n        \"Korea Central\",\r\n        \"North Europe\",\r\n        \"Central US\",\r\n        \"East Asia\",\r\n        \"East US 2\",\r\n        \"South Central US\",\r\n        \"North Central US\",\r\n        \"West US\",\r\n        \"UK West\",\r\n        \"South Africa North\",\r\n        \"Switzerland North\",\r\n        \"Switzerland West\",\r\n        \"Germany West Central\",\r\n        \"Australia Central 2\",\r\n        \"UAE Central\",\r\n        \"Brazil South\",\r\n        \"UAE North\",\r\n        \"Japan West\",\r\n        \"Brazil Southeast\",\r\n        \"Norway East\",\r\n        \"Norway West\",\r\n        \"France South\",\r\n        \"South India\",\r\n        \"Jio India West\",\r\n        \"Canada East\",\r\n        \"West US 3\",\r\n        \"East US 2 EUAP\",\r\n        \"Korea South\",\r\n        \"Jio India Central\"\r\n      ],\r\n      \"apiVersions\": [\r\n        \"2021-06-01\",\r\n        \"2020-10-01\",\r\n        \"2020-08-01\",\r\n        \"2020-03-01-preview\",\r\n        \"2019-08-01-preview\"\r\n      ],\r\n      \"capabilities\": \"CrossResourceGroupResourceMove, CrossSubscriptionResourceMove, SystemAssignedResourceIdentity\"\r\n    },\r\n    {\r\n      \"resourceType\": \"workspaces/dataExports\",\r\n      \"locations\": [\r\n        \"East US\",\r\n        \"West Europe\",\r\n        \"Southeast Asia\",\r\n        \"Australia Southeast\",\r\n        \"West Central US\",\r\n        \"Japan East\",\r\n        \"UK South\",\r\n        \"Central India\",\r\n        \"Canada Central\",\r\n        \"West US 2\",\r\n        \"Australia Central\",\r\n        \"Australia East\",\r\n        \"France Central\",\r\n        \"Korea Central\",\r\n        \"North Europe\",\r\n        \"Central US\",\r\n        \"East Asia\",\r\n        \"East US 2\",\r\n        \"South Central US\",\r\n        \"North Central US\",\r\n        \"West US\",\r\n        \"UK West\",\r\n        \"South Africa North\",\r\n        \"Brazil South\",\r\n        \"Switzerland North\",\r\n        \"Switzerland West\",\r\n        \"Germany West Central\",\r\n        \"Australia Central 2\",\r\n        \"UAE Central\",\r\n        \"UAE North\",\r\n        \"Japan West\",\r\n        \"Brazil Southeast\",\r\n        \"Norway East\",\r\n        \"Norway West\",\r\n        \"France South\",\r\n        \"South India\",\r\n        \"Jio India West\",\r\n        \"Canada East\",\r\n        \"West US 3\",\r\n        \"East US 2 EUAP\",\r\n        \"Jio India Central\"\r\n      ],\r\n      \"apiVersions\": [\r\n        \"2020-08-01\",\r\n        \"2020-03-01-preview\",\r\n        \"2019-08-01-preview\"\r\n      ]\r\n    }\r\n  ],\r\n  \"registrationState\": \"Registered\"\r\n}",
      "StatusCode": 200
    },
    {
      "RequestUri": "/subscriptions/57947cb5-aadd-4b6c-9e8e-27f545bb7bf5/resourcegroups/ps6991?api-version=2016-09-01",
      "EncodedRequestUri": "L3N1YnNjcmlwdGlvbnMvNTc5NDdjYjUtYWFkZC00YjZjLTllOGUtMjdmNTQ1YmI3YmY1L3Jlc291cmNlZ3JvdXBzL3BzNjk5MT9hcGktdmVyc2lvbj0yMDE2LTA5LTAx",
      "RequestMethod": "PUT",
      "RequestBody": "{\r\n  \"location\": \"East US\"\r\n}",
      "RequestHeaders": {
        "x-ms-client-request-id": [
          "0092446b-f6dc-4448-9a56-a8bd1b287e54"
        ],
        "Accept-Language": [
          "en-US"
        ],
        "User-Agent": [
          "FxVersion/4.6.30411.01",
          "OSName/Windows",
          "OSVersion/Microsoft.Windows.10.0.22000.",
          "Microsoft.Azure.Management.Internal.Resources.ResourceManagementClient/1.3.51"
        ],
        "Content-Type": [
          "application/json; charset=utf-8"
        ],
        "Content-Length": [
          "29"
        ]
      },
      "ResponseHeaders": {
        "Cache-Control": [
          "no-cache"
        ],
        "Pragma": [
          "no-cache"
        ],
        "x-ms-ratelimit-remaining-subscription-writes": [
          "1199"
        ],
        "x-ms-request-id": [
          "17c8b1c7-266f-4ae7-a2fb-5abdf29062c3"
        ],
        "x-ms-correlation-request-id": [
          "17c8b1c7-266f-4ae7-a2fb-5abdf29062c3"
        ],
        "x-ms-routing-request-id": [
          "NORTHEUROPE:20211116T091018Z:17c8b1c7-266f-4ae7-a2fb-5abdf29062c3"
        ],
        "Strict-Transport-Security": [
          "max-age=31536000; includeSubDomains"
        ],
        "X-Content-Type-Options": [
          "nosniff"
        ],
        "Date": [
          "Tue, 16 Nov 2021 09:10:17 GMT"
        ],
        "Content-Length": [
          "165"
        ],
        "Content-Type": [
          "application/json; charset=utf-8"
        ],
        "Expires": [
          "-1"
        ]
      },
      "ResponseBody": "{\r\n  \"id\": \"/subscriptions/57947cb5-aadd-4b6c-9e8e-27f545bb7bf5/resourceGroups/ps6991\",\r\n  \"name\": \"ps6991\",\r\n  \"location\": \"eastus\",\r\n  \"properties\": {\r\n    \"provisioningState\": \"Succeeded\"\r\n  }\r\n}",
      "StatusCode": 201
    },
    {
      "RequestUri": "/subscriptions/57947cb5-aadd-4b6c-9e8e-27f545bb7bf5/resourcegroups/ps6991/providers/Microsoft.OperationalInsights/workspaces/AzTestps9263?api-version=2020-10-01",
      "EncodedRequestUri": "L3N1YnNjcmlwdGlvbnMvNTc5NDdjYjUtYWFkZC00YjZjLTllOGUtMjdmNTQ1YmI3YmY1L3Jlc291cmNlZ3JvdXBzL3BzNjk5MS9wcm92aWRlcnMvTWljcm9zb2Z0Lk9wZXJhdGlvbmFsSW5zaWdodHMvd29ya3NwYWNlcy9BelRlc3RwczkyNjM/YXBpLXZlcnNpb249MjAyMC0xMC0wMQ==",
      "RequestMethod": "PUT",
      "RequestBody": "{\r\n  \"properties\": {\r\n    \"sku\": {\r\n      \"name\": \"pergb2018\"\r\n    },\r\n    \"features\": {}\r\n  },\r\n  \"tags\": {},\r\n  \"location\": \"East US\"\r\n}",
      "RequestHeaders": {
        "x-ms-client-request-id": [
          "8775fb2d-5983-4980-8a08-b25d07a2c99d"
        ],
        "Accept-Language": [
          "en-US"
        ],
        "User-Agent": [
          "FxVersion/4.6.30411.01",
          "OSName/Windows",
          "OSVersion/Microsoft.Windows.10.0.22000.",
          "Microsoft.Azure.Management.OperationalInsights.OperationalInsightsManagementClient/0.24.0.0"
        ],
        "Content-Type": [
          "application/json; charset=utf-8"
        ],
        "Content-Length": [
          "138"
        ]
      },
      "ResponseHeaders": {
        "Cache-Control": [
          "no-cache"
        ],
        "Pragma": [
          "no-cache"
        ],
        "x-ms-request-id": [
          "93b2439b-c12b-45fc-a746-eb207acf7ef2"
        ],
        "Strict-Transport-Security": [
          "max-age=31536000; includeSubDomains"
        ],
        "X-Content-Type-Options": [
          "nosniff"
        ],
        "Server": [
          "Microsoft-IIS/10.0",
          "Microsoft-IIS/10.0"
        ],
        "X-Powered-By": [
          "ASP.NET",
          "ASP.NET"
        ],
        "x-ms-ratelimit-remaining-subscription-writes": [
          "1199"
        ],
        "x-ms-correlation-request-id": [
          "ddf2cbf6-af2f-4d58-a5ef-a09c9f4ea657"
        ],
        "x-ms-routing-request-id": [
          "NORTHEUROPE:20211116T091022Z:ddf2cbf6-af2f-4d58-a5ef-a09c9f4ea657"
        ],
        "Date": [
          "Tue, 16 Nov 2021 09:10:21 GMT"
        ],
        "Content-Length": [
          "1064"
        ],
        "Content-Type": [
          "application/json"
        ]
      },
      "ResponseBody": "{\r\n  \"properties\": {\r\n    \"source\": \"Azure\",\r\n    \"customerId\": \"0af754a4-ec2b-41cc-87b8-467bb88a029b\",\r\n    \"provisioningState\": \"Creating\",\r\n    \"sku\": {\r\n      \"name\": \"pergb2018\",\r\n      \"lastSkuUpdate\": \"Tue, 16 Nov 2021 09:10:21 GMT\"\r\n    },\r\n    \"retentionInDays\": 30,\r\n    \"features\": {\r\n      \"legacy\": 0,\r\n      \"searchVersion\": 1,\r\n      \"enableLogAccessUsingOnlyResourcePermissions\": true\r\n    },\r\n    \"workspaceCapping\": {\r\n      \"dailyQuotaGb\": -1.0,\r\n      \"quotaNextResetTime\": \"Tue, 16 Nov 2021 23:00:00 GMT\",\r\n      \"dataIngestionStatus\": \"RespectQuota\"\r\n    },\r\n    \"publicNetworkAccessForIngestion\": \"Enabled\",\r\n    \"publicNetworkAccessForQuery\": \"Enabled\",\r\n    \"createdDate\": \"Tue, 16 Nov 2021 09:10:21 GMT\",\r\n    \"modifiedDate\": \"Tue, 16 Nov 2021 09:10:21 GMT\"\r\n  },\r\n  \"id\": \"/subscriptions/57947cb5-aadd-4b6c-9e8e-27f545bb7bf5/resourcegroups/ps6991/providers/microsoft.operationalinsights/workspaces/aztestps9263\",\r\n  \"name\": \"AzTestps9263\",\r\n  \"type\": \"Microsoft.OperationalInsights/workspaces\",\r\n  \"location\": \"East US\",\r\n  \"tags\": {}\r\n}",
      "StatusCode": 201
    },
    {
      "RequestUri": "/subscriptions/57947cb5-aadd-4b6c-9e8e-27f545bb7bf5/resourcegroups/ps6991/providers/Microsoft.OperationalInsights/workspaces/AzTestps9263?api-version=2020-10-01",
      "EncodedRequestUri": "L3N1YnNjcmlwdGlvbnMvNTc5NDdjYjUtYWFkZC00YjZjLTllOGUtMjdmNTQ1YmI3YmY1L3Jlc291cmNlZ3JvdXBzL3BzNjk5MS9wcm92aWRlcnMvTWljcm9zb2Z0Lk9wZXJhdGlvbmFsSW5zaWdodHMvd29ya3NwYWNlcy9BelRlc3RwczkyNjM/YXBpLXZlcnNpb249MjAyMC0xMC0wMQ==",
      "RequestMethod": "GET",
      "RequestBody": "",
      "RequestHeaders": {
        "x-ms-client-request-id": [
          "8775fb2d-5983-4980-8a08-b25d07a2c99d"
        ],
        "User-Agent": [
          "FxVersion/4.6.30411.01",
          "OSName/Windows",
          "OSVersion/Microsoft.Windows.10.0.22000.",
          "Microsoft.Azure.Management.OperationalInsights.OperationalInsightsManagementClient/0.24.0.0"
        ]
      },
      "ResponseHeaders": {
        "Cache-Control": [
          "no-cache"
        ],
        "Pragma": [
          "no-cache"
        ],
        "x-ms-request-id": [
          "0d373311-5bc6-4561-b9e7-46d5b4d48479"
        ],
        "Strict-Transport-Security": [
          "max-age=31536000; includeSubDomains"
        ],
        "X-Content-Type-Options": [
          "nosniff"
        ],
        "Server": [
          "Microsoft-IIS/10.0",
          "Microsoft-IIS/10.0"
        ],
        "X-Powered-By": [
          "ASP.NET",
          "ASP.NET"
        ],
        "x-ms-ratelimit-remaining-subscription-reads": [
          "11999"
        ],
        "x-ms-correlation-request-id": [
          "01144652-86f5-43c4-ae4b-e465b8895411"
        ],
        "x-ms-routing-request-id": [
          "NORTHEUROPE:20211116T091052Z:01144652-86f5-43c4-ae4b-e465b8895411"
        ],
        "Date": [
          "Tue, 16 Nov 2021 09:10:51 GMT"
        ],
        "Content-Length": [
          "1065"
        ],
        "Content-Type": [
          "application/json"
        ]
      },
      "ResponseBody": "{\r\n  \"properties\": {\r\n    \"source\": \"Azure\",\r\n    \"customerId\": \"0af754a4-ec2b-41cc-87b8-467bb88a029b\",\r\n    \"provisioningState\": \"Succeeded\",\r\n    \"sku\": {\r\n      \"name\": \"pergb2018\",\r\n      \"lastSkuUpdate\": \"Tue, 16 Nov 2021 09:10:21 GMT\"\r\n    },\r\n    \"retentionInDays\": 30,\r\n    \"features\": {\r\n      \"legacy\": 0,\r\n      \"searchVersion\": 1,\r\n      \"enableLogAccessUsingOnlyResourcePermissions\": true\r\n    },\r\n    \"workspaceCapping\": {\r\n      \"dailyQuotaGb\": -1.0,\r\n      \"quotaNextResetTime\": \"Tue, 16 Nov 2021 23:00:00 GMT\",\r\n      \"dataIngestionStatus\": \"RespectQuota\"\r\n    },\r\n    \"publicNetworkAccessForIngestion\": \"Enabled\",\r\n    \"publicNetworkAccessForQuery\": \"Enabled\",\r\n    \"createdDate\": \"Tue, 16 Nov 2021 09:10:21 GMT\",\r\n    \"modifiedDate\": \"Tue, 16 Nov 2021 09:10:22 GMT\"\r\n  },\r\n  \"id\": \"/subscriptions/57947cb5-aadd-4b6c-9e8e-27f545bb7bf5/resourcegroups/ps6991/providers/microsoft.operationalinsights/workspaces/aztestps9263\",\r\n  \"name\": \"AzTestps9263\",\r\n  \"type\": \"Microsoft.OperationalInsights/workspaces\",\r\n  \"location\": \"East US\",\r\n  \"tags\": {}\r\n}",
      "StatusCode": 200
    },
    {
      "RequestUri": "/subscriptions/57947cb5-aadd-4b6c-9e8e-27f545bb7bf5/resourcegroups/ps6991/providers/Microsoft.OperationalInsights/workspaces/AzTestps9263/dataSources?$filter=kind%20eq%20'IISLogs'&api-version=2020-08-01",
      "EncodedRequestUri": "L3N1YnNjcmlwdGlvbnMvNTc5NDdjYjUtYWFkZC00YjZjLTllOGUtMjdmNTQ1YmI3YmY1L3Jlc291cmNlZ3JvdXBzL3BzNjk5MS9wcm92aWRlcnMvTWljcm9zb2Z0Lk9wZXJhdGlvbmFsSW5zaWdodHMvd29ya3NwYWNlcy9BelRlc3RwczkyNjMvZGF0YVNvdXJjZXM/JGZpbHRlcj1raW5kJTIwZXElMjAnSUlTTG9ncycmYXBpLXZlcnNpb249MjAyMC0wOC0wMQ==",
      "RequestMethod": "GET",
      "RequestBody": "",
      "RequestHeaders": {
        "x-ms-client-request-id": [
          "d0360f2c-f087-461b-8f57-d310b779032a"
        ],
        "Accept-Language": [
          "en-US"
        ],
        "User-Agent": [
          "FxVersion/4.6.30411.01",
          "OSName/Windows",
          "OSVersion/Microsoft.Windows.10.0.22000.",
          "Microsoft.Azure.Management.OperationalInsights.OperationalInsightsManagementClient/0.24.0.0"
        ]
      },
      "ResponseHeaders": {
        "Cache-Control": [
          "no-cache"
        ],
        "Pragma": [
          "no-cache"
        ],
        "Strict-Transport-Security": [
          "max-age=31536000; includeSubDomains"
        ],
        "X-Content-Type-Options": [
          "nosniff"
        ],
        "Server": [
          "Microsoft-IIS/10.0"
        ],
        "X-Powered-By": [
          "ASP.NET"
        ],
        "x-ms-ratelimit-remaining-subscription-reads": [
          "11998"
        ],
        "x-ms-request-id": [
          "b763b2e6-9b16-4f69-aea6-4a7d2507c661"
        ],
        "x-ms-correlation-request-id": [
          "b763b2e6-9b16-4f69-aea6-4a7d2507c661"
        ],
        "x-ms-routing-request-id": [
          "NORTHEUROPE:20211116T091052Z:b763b2e6-9b16-4f69-aea6-4a7d2507c661"
        ],
        "Date": [
          "Tue, 16 Nov 2021 09:10:51 GMT"
        ],
        "Content-Length": [
          "12"
        ],
        "Content-Type": [
          "application/json; charset=utf-8"
        ],
        "Expires": [
          "-1"
        ]
      },
      "ResponseBody": "{\r\n  \"value\": []\r\n}",
      "StatusCode": 200
    },
    {
      "RequestUri": "/subscriptions/57947cb5-aadd-4b6c-9e8e-27f545bb7bf5/resourcegroups/ps6991/providers/Microsoft.OperationalInsights/workspaces/AzTestps9263/dataSources?$filter=kind%20eq%20'IISLogs'&api-version=2020-08-01",
      "EncodedRequestUri": "L3N1YnNjcmlwdGlvbnMvNTc5NDdjYjUtYWFkZC00YjZjLTllOGUtMjdmNTQ1YmI3YmY1L3Jlc291cmNlZ3JvdXBzL3BzNjk5MS9wcm92aWRlcnMvTWljcm9zb2Z0Lk9wZXJhdGlvbmFsSW5zaWdodHMvd29ya3NwYWNlcy9BelRlc3RwczkyNjMvZGF0YVNvdXJjZXM/JGZpbHRlcj1raW5kJTIwZXElMjAnSUlTTG9ncycmYXBpLXZlcnNpb249MjAyMC0wOC0wMQ==",
      "RequestMethod": "GET",
      "RequestBody": "",
      "RequestHeaders": {
        "x-ms-client-request-id": [
          "99567aa7-59f9-4ddf-a514-cb0c163c7e7b"
        ],
        "Accept-Language": [
          "en-US"
        ],
        "User-Agent": [
          "FxVersion/4.6.30411.01",
          "OSName/Windows",
          "OSVersion/Microsoft.Windows.10.0.22000.",
          "Microsoft.Azure.Management.OperationalInsights.OperationalInsightsManagementClient/0.24.0.0"
        ]
      },
      "ResponseHeaders": {
        "Cache-Control": [
          "no-cache"
        ],
        "Pragma": [
          "no-cache"
        ],
        "Strict-Transport-Security": [
          "max-age=31536000; includeSubDomains"
        ],
        "X-Content-Type-Options": [
          "nosniff"
        ],
        "Server": [
          "Microsoft-IIS/10.0"
        ],
        "X-Powered-By": [
          "ASP.NET"
        ],
        "x-ms-ratelimit-remaining-subscription-reads": [
          "11996"
        ],
        "x-ms-request-id": [
          "cd47744e-6638-4ab3-970c-a10164a04bde"
        ],
        "x-ms-correlation-request-id": [
          "cd47744e-6638-4ab3-970c-a10164a04bde"
        ],
        "x-ms-routing-request-id": [
          "NORTHEUROPE:20211116T091054Z:cd47744e-6638-4ab3-970c-a10164a04bde"
        ],
        "Date": [
          "Tue, 16 Nov 2021 09:10:53 GMT"
        ],
        "Content-Length": [
          "396"
        ],
        "Content-Type": [
          "application/json; charset=utf-8"
        ],
        "Expires": [
          "-1"
        ]
      },
      "ResponseBody": "{\r\n  \"value\": [\r\n    {\r\n      \"kind\": \"IISLogs\",\r\n      \"properties\": {\r\n        \"state\": \"OnPremiseEnabled\"\r\n      },\r\n      \"id\": \"/subscriptions/57947cb5-aadd-4b6c-9e8e-27f545bb7bf5/resourceGroups/ps6991/providers/Microsoft.OperationalInsights/workspaces/AzTestps9263/datasources/DataSource_IISLogs\",\r\n      \"etag\": \"W/\\\"datetime'2021-11-16T09%3A10%3A53.2370302Z'\\\"\",\r\n      \"name\": \"DataSource_IISLogs\",\r\n      \"type\": \"Microsoft.OperationalInsights/workspaces/datasources\"\r\n    }\r\n  ]\r\n}",
      "StatusCode": 200
    },
    {
      "RequestUri": "/subscriptions/57947cb5-aadd-4b6c-9e8e-27f545bb7bf5/resourcegroups/ps6991/providers/Microsoft.OperationalInsights/workspaces/AzTestps9263/dataSources/DataSource_IISLogs?api-version=2020-08-01",
      "EncodedRequestUri": "L3N1YnNjcmlwdGlvbnMvNTc5NDdjYjUtYWFkZC00YjZjLTllOGUtMjdmNTQ1YmI3YmY1L3Jlc291cmNlZ3JvdXBzL3BzNjk5MS9wcm92aWRlcnMvTWljcm9zb2Z0Lk9wZXJhdGlvbmFsSW5zaWdodHMvd29ya3NwYWNlcy9BelRlc3RwczkyNjMvZGF0YVNvdXJjZXMvRGF0YVNvdXJjZV9JSVNMb2dzP2FwaS12ZXJzaW9uPTIwMjAtMDgtMDE=",
      "RequestMethod": "GET",
      "RequestBody": "",
      "RequestHeaders": {
        "x-ms-client-request-id": [
          "d0360f2c-f087-461b-8f57-d310b779032a"
        ],
        "Accept-Language": [
          "en-US"
        ],
        "User-Agent": [
          "FxVersion/4.6.30411.01",
          "OSName/Windows",
          "OSVersion/Microsoft.Windows.10.0.22000.",
          "Microsoft.Azure.Management.OperationalInsights.OperationalInsightsManagementClient/0.24.0.0"
        ]
      },
      "ResponseHeaders": {
        "Cache-Control": [
          "no-cache"
        ],
        "Pragma": [
          "no-cache"
        ],
        "Strict-Transport-Security": [
          "max-age=31536000; includeSubDomains"
        ],
        "X-Content-Type-Options": [
          "nosniff"
        ],
        "Server": [
          "Microsoft-IIS/10.0"
        ],
        "X-Powered-By": [
          "ASP.NET"
        ],
        "x-ms-ratelimit-remaining-subscription-reads": [
          "11997"
        ],
        "x-ms-request-id": [
          "5c762811-cd73-4118-bdd3-266545185893"
        ],
        "x-ms-correlation-request-id": [
          "5c762811-cd73-4118-bdd3-266545185893"
        ],
        "x-ms-routing-request-id": [
          "NORTHEUROPE:20211116T091053Z:5c762811-cd73-4118-bdd3-266545185893"
        ],
        "Date": [
          "Tue, 16 Nov 2021 09:10:52 GMT"
        ],
        "Content-Length": [
          "103"
        ],
        "Content-Type": [
          "application/json; charset=utf-8"
        ],
        "Expires": [
          "-1"
        ]
      },
      "ResponseBody": "{\r\n  \"error\": {\r\n    \"code\": \"DataSourceNotFound\",\r\n    \"message\": \"DataSource 'DataSource_IISLogs' could not be found.\"\r\n  }\r\n}",
      "StatusCode": 404
    },
    {
      "RequestUri": "/subscriptions/57947cb5-aadd-4b6c-9e8e-27f545bb7bf5/resourcegroups/ps6991/providers/Microsoft.OperationalInsights/workspaces/AzTestps9263/dataSources/DataSource_IISLogs?api-version=2020-08-01",
      "EncodedRequestUri": "L3N1YnNjcmlwdGlvbnMvNTc5NDdjYjUtYWFkZC00YjZjLTllOGUtMjdmNTQ1YmI3YmY1L3Jlc291cmNlZ3JvdXBzL3BzNjk5MS9wcm92aWRlcnMvTWljcm9zb2Z0Lk9wZXJhdGlvbmFsSW5zaWdodHMvd29ya3NwYWNlcy9BelRlc3RwczkyNjMvZGF0YVNvdXJjZXMvRGF0YVNvdXJjZV9JSVNMb2dzP2FwaS12ZXJzaW9uPTIwMjAtMDgtMDE=",
      "RequestMethod": "GET",
      "RequestBody": "",
      "RequestHeaders": {
        "x-ms-client-request-id": [
          "99567aa7-59f9-4ddf-a514-cb0c163c7e7b"
        ],
        "Accept-Language": [
          "en-US"
        ],
        "User-Agent": [
          "FxVersion/4.6.30411.01",
          "OSName/Windows",
          "OSVersion/Microsoft.Windows.10.0.22000.",
          "Microsoft.Azure.Management.OperationalInsights.OperationalInsightsManagementClient/0.24.0.0"
        ]
      },
      "ResponseHeaders": {
        "Cache-Control": [
          "no-cache"
        ],
        "Pragma": [
          "no-cache"
        ],
        "Strict-Transport-Security": [
          "max-age=31536000; includeSubDomains"
        ],
        "X-Content-Type-Options": [
          "nosniff"
        ],
        "Server": [
          "Microsoft-IIS/10.0"
        ],
        "X-Powered-By": [
          "ASP.NET"
        ],
        "x-ms-ratelimit-remaining-subscription-reads": [
          "11995"
        ],
        "x-ms-request-id": [
          "65a51953-2eec-45cc-a896-a64658c211d7"
        ],
        "x-ms-correlation-request-id": [
          "65a51953-2eec-45cc-a896-a64658c211d7"
        ],
        "x-ms-routing-request-id": [
          "NORTHEUROPE:20211116T091054Z:65a51953-2eec-45cc-a896-a64658c211d7"
        ],
        "Date": [
          "Tue, 16 Nov 2021 09:10:53 GMT"
        ],
        "Content-Length": [
          "384"
        ],
        "Content-Type": [
          "application/json; charset=utf-8"
        ],
        "Expires": [
          "-1"
        ]
      },
      "ResponseBody": "{\r\n  \"kind\": \"IISLogs\",\r\n  \"properties\": {\r\n    \"state\": \"OnPremiseEnabled\"\r\n  },\r\n  \"id\": \"/subscriptions/57947cb5-aadd-4b6c-9e8e-27f545bb7bf5/resourceGroups/ps6991/providers/Microsoft.OperationalInsights/workspaces/AzTestps9263/datasources/DataSource_IISLogs\",\r\n  \"etag\": \"W/\\\"datetime'2021-11-16T09%3A10%3A53.2370302Z'\\\"\",\r\n  \"name\": \"DataSource_IISLogs\",\r\n  \"type\": \"Microsoft.OperationalInsights/workspaces/datasources\"\r\n}",
      "StatusCode": 200
    },
    {
      "RequestUri": "/subscriptions/57947cb5-aadd-4b6c-9e8e-27f545bb7bf5/resourcegroups/ps6991/providers/Microsoft.OperationalInsights/workspaces/AzTestps9263/dataSources/DataSource_IISLogs?api-version=2020-08-01",
      "EncodedRequestUri": "L3N1YnNjcmlwdGlvbnMvNTc5NDdjYjUtYWFkZC00YjZjLTllOGUtMjdmNTQ1YmI3YmY1L3Jlc291cmNlZ3JvdXBzL3BzNjk5MS9wcm92aWRlcnMvTWljcm9zb2Z0Lk9wZXJhdGlvbmFsSW5zaWdodHMvd29ya3NwYWNlcy9BelRlc3RwczkyNjMvZGF0YVNvdXJjZXMvRGF0YVNvdXJjZV9JSVNMb2dzP2FwaS12ZXJzaW9uPTIwMjAtMDgtMDE=",
      "RequestMethod": "PUT",
      "RequestBody": "{\r\n  \"properties\": {\r\n    \"state\": \"OnPremiseEnabled\"\r\n  },\r\n  \"kind\": \"IISLogs\"\r\n}",
      "RequestHeaders": {
        "x-ms-client-request-id": [
          "d0360f2c-f087-461b-8f57-d310b779032a"
        ],
        "Accept-Language": [
          "en-US"
        ],
        "User-Agent": [
          "FxVersion/4.6.30411.01",
          "OSName/Windows",
          "OSVersion/Microsoft.Windows.10.0.22000.",
          "Microsoft.Azure.Management.OperationalInsights.OperationalInsightsManagementClient/0.24.0.0"
        ],
        "Content-Type": [
          "application/json; charset=utf-8"
        ],
        "Content-Length": [
          "83"
        ]
      },
      "ResponseHeaders": {
        "Cache-Control": [
          "no-cache"
        ],
        "Pragma": [
          "no-cache"
        ],
        "Strict-Transport-Security": [
          "max-age=31536000; includeSubDomains"
        ],
        "X-Content-Type-Options": [
          "nosniff"
        ],
        "Server": [
          "Microsoft-IIS/10.0"
        ],
        "X-Powered-By": [
          "ASP.NET"
        ],
        "x-ms-ratelimit-remaining-subscription-writes": [
          "1198"
        ],
        "x-ms-request-id": [
          "2756d77d-89bb-46ef-bf48-d8b9bb887d30"
        ],
        "x-ms-correlation-request-id": [
          "2756d77d-89bb-46ef-bf48-d8b9bb887d30"
        ],
        "x-ms-routing-request-id": [
          "NORTHEUROPE:20211116T091053Z:2756d77d-89bb-46ef-bf48-d8b9bb887d30"
        ],
        "Date": [
          "Tue, 16 Nov 2021 09:10:52 GMT"
        ],
        "Content-Length": [
          "384"
        ],
        "Content-Type": [
          "application/json; charset=utf-8"
        ],
        "Expires": [
          "-1"
        ]
      },
      "ResponseBody": "{\r\n  \"kind\": \"IISLogs\",\r\n  \"properties\": {\r\n    \"state\": \"OnPremiseEnabled\"\r\n  },\r\n  \"id\": \"/subscriptions/57947cb5-aadd-4b6c-9e8e-27f545bb7bf5/resourceGroups/ps6991/providers/Microsoft.OperationalInsights/workspaces/AzTestps9263/datasources/DataSource_IISLogs\",\r\n  \"etag\": \"W/\\\"datetime'2021-11-16T09%3A10%3A53.2370302Z'\\\"\",\r\n  \"name\": \"DataSource_IISLogs\",\r\n  \"type\": \"Microsoft.OperationalInsights/workspaces/datasources\"\r\n}",
      "StatusCode": 200
    },
    {
      "RequestUri": "/subscriptions/57947cb5-aadd-4b6c-9e8e-27f545bb7bf5/resourcegroups/ps6991/providers/Microsoft.OperationalInsights/workspaces/AzTestps9263/dataSources/DataSource_IISLogs?api-version=2020-08-01",
      "EncodedRequestUri": "L3N1YnNjcmlwdGlvbnMvNTc5NDdjYjUtYWFkZC00YjZjLTllOGUtMjdmNTQ1YmI3YmY1L3Jlc291cmNlZ3JvdXBzL3BzNjk5MS9wcm92aWRlcnMvTWljcm9zb2Z0Lk9wZXJhdGlvbmFsSW5zaWdodHMvd29ya3NwYWNlcy9BelRlc3RwczkyNjMvZGF0YVNvdXJjZXMvRGF0YVNvdXJjZV9JSVNMb2dzP2FwaS12ZXJzaW9uPTIwMjAtMDgtMDE=",
      "RequestMethod": "PUT",
      "RequestBody": "{\r\n  \"properties\": {\r\n    \"state\": \"OnPremiseDisabled\"\r\n  },\r\n  \"kind\": \"IISLogs\"\r\n}",
      "RequestHeaders": {
        "x-ms-client-request-id": [
          "99567aa7-59f9-4ddf-a514-cb0c163c7e7b"
        ],
        "Accept-Language": [
          "en-US"
        ],
        "User-Agent": [
          "FxVersion/4.6.30411.01",
          "OSName/Windows",
          "OSVersion/Microsoft.Windows.10.0.22000.",
          "Microsoft.Azure.Management.OperationalInsights.OperationalInsightsManagementClient/0.24.0.0"
        ],
        "Content-Type": [
          "application/json; charset=utf-8"
        ],
        "Content-Length": [
          "84"
        ]
      },
      "ResponseHeaders": {
        "Cache-Control": [
          "no-cache"
        ],
        "Pragma": [
          "no-cache"
        ],
        "Strict-Transport-Security": [
          "max-age=31536000; includeSubDomains"
        ],
        "X-Content-Type-Options": [
          "nosniff"
        ],
        "Server": [
          "Microsoft-IIS/10.0"
        ],
        "X-Powered-By": [
          "ASP.NET"
        ],
        "x-ms-ratelimit-remaining-subscription-writes": [
          "1197"
        ],
        "x-ms-request-id": [
          "fe924fec-05cd-4682-b82b-0cfb226bbcbc"
        ],
        "x-ms-correlation-request-id": [
          "fe924fec-05cd-4682-b82b-0cfb226bbcbc"
        ],
        "x-ms-routing-request-id": [
          "NORTHEUROPE:20211116T091054Z:fe924fec-05cd-4682-b82b-0cfb226bbcbc"
        ],
        "Date": [
          "Tue, 16 Nov 2021 09:10:53 GMT"
        ],
        "Content-Length": [
          "385"
        ],
        "Content-Type": [
          "application/json; charset=utf-8"
        ],
        "Expires": [
          "-1"
        ]
      },
      "ResponseBody": "{\r\n  \"kind\": \"IISLogs\",\r\n  \"properties\": {\r\n    \"state\": \"OnPremiseDisabled\"\r\n  },\r\n  \"id\": \"/subscriptions/57947cb5-aadd-4b6c-9e8e-27f545bb7bf5/resourceGroups/ps6991/providers/Microsoft.OperationalInsights/workspaces/AzTestps9263/datasources/DataSource_IISLogs\",\r\n  \"etag\": \"W/\\\"datetime'2021-11-16T09%3A10%3A54.5499170Z'\\\"\",\r\n  \"name\": \"DataSource_IISLogs\",\r\n  \"type\": \"Microsoft.OperationalInsights/workspaces/datasources\"\r\n}",
      "StatusCode": 200
    },
    {
      "RequestUri": "/subscriptions/57947cb5-aadd-4b6c-9e8e-27f545bb7bf5/resourcegroups/ps6991/providers/Microsoft.OperationalInsights/workspaces/AzTestps9263/dataSources?$filter=kind%20eq%20'CustomLogCollection'&api-version=2020-08-01",
      "EncodedRequestUri": "L3N1YnNjcmlwdGlvbnMvNTc5NDdjYjUtYWFkZC00YjZjLTllOGUtMjdmNTQ1YmI3YmY1L3Jlc291cmNlZ3JvdXBzL3BzNjk5MS9wcm92aWRlcnMvTWljcm9zb2Z0Lk9wZXJhdGlvbmFsSW5zaWdodHMvd29ya3NwYWNlcy9BelRlc3RwczkyNjMvZGF0YVNvdXJjZXM/JGZpbHRlcj1raW5kJTIwZXElMjAnQ3VzdG9tTG9nQ29sbGVjdGlvbicmYXBpLXZlcnNpb249MjAyMC0wOC0wMQ==",
      "RequestMethod": "GET",
      "RequestBody": "",
      "RequestHeaders": {
        "x-ms-client-request-id": [
          "b62a8410-320e-4077-94a3-0ef64c48b198"
        ],
        "Accept-Language": [
          "en-US"
        ],
        "User-Agent": [
          "FxVersion/4.6.30411.01",
          "OSName/Windows",
          "OSVersion/Microsoft.Windows.10.0.22000.",
          "Microsoft.Azure.Management.OperationalInsights.OperationalInsightsManagementClient/0.24.0.0"
        ]
      },
      "ResponseHeaders": {
        "Cache-Control": [
          "no-cache"
        ],
        "Pragma": [
          "no-cache"
        ],
        "Strict-Transport-Security": [
          "max-age=31536000; includeSubDomains"
        ],
        "X-Content-Type-Options": [
          "nosniff"
        ],
        "Server": [
          "Microsoft-IIS/10.0"
        ],
        "X-Powered-By": [
          "ASP.NET"
        ],
        "x-ms-ratelimit-remaining-subscription-reads": [
          "11994"
        ],
        "x-ms-request-id": [
          "68fd4b77-e773-483e-aeaa-5cfe0afed7ab"
        ],
        "x-ms-correlation-request-id": [
          "68fd4b77-e773-483e-aeaa-5cfe0afed7ab"
        ],
        "x-ms-routing-request-id": [
          "NORTHEUROPE:20211116T091055Z:68fd4b77-e773-483e-aeaa-5cfe0afed7ab"
        ],
        "Date": [
          "Tue, 16 Nov 2021 09:10:54 GMT"
        ],
        "Content-Length": [
          "12"
        ],
        "Content-Type": [
          "application/json; charset=utf-8"
        ],
        "Expires": [
          "-1"
        ]
      },
      "ResponseBody": "{\r\n  \"value\": []\r\n}",
      "StatusCode": 200
    },
    {
      "RequestUri": "/subscriptions/57947cb5-aadd-4b6c-9e8e-27f545bb7bf5/resourcegroups/ps6991/providers/Microsoft.OperationalInsights/workspaces/AzTestps9263/dataSources?$filter=kind%20eq%20'CustomLogCollection'&api-version=2020-08-01",
      "EncodedRequestUri": "L3N1YnNjcmlwdGlvbnMvNTc5NDdjYjUtYWFkZC00YjZjLTllOGUtMjdmNTQ1YmI3YmY1L3Jlc291cmNlZ3JvdXBzL3BzNjk5MS9wcm92aWRlcnMvTWljcm9zb2Z0Lk9wZXJhdGlvbmFsSW5zaWdodHMvd29ya3NwYWNlcy9BelRlc3RwczkyNjMvZGF0YVNvdXJjZXM/JGZpbHRlcj1raW5kJTIwZXElMjAnQ3VzdG9tTG9nQ29sbGVjdGlvbicmYXBpLXZlcnNpb249MjAyMC0wOC0wMQ==",
      "RequestMethod": "GET",
      "RequestBody": "",
      "RequestHeaders": {
        "x-ms-client-request-id": [
          "b61283eb-7a02-4b1c-8318-09c836c4f6a8"
        ],
        "Accept-Language": [
          "en-US"
        ],
        "User-Agent": [
          "FxVersion/4.6.30411.01",
          "OSName/Windows",
          "OSVersion/Microsoft.Windows.10.0.22000.",
          "Microsoft.Azure.Management.OperationalInsights.OperationalInsightsManagementClient/0.24.0.0"
        ]
      },
      "ResponseHeaders": {
        "Cache-Control": [
          "no-cache"
        ],
        "Pragma": [
          "no-cache"
        ],
        "Strict-Transport-Security": [
          "max-age=31536000; includeSubDomains"
        ],
        "X-Content-Type-Options": [
          "nosniff"
        ],
        "Server": [
          "Microsoft-IIS/10.0"
        ],
        "X-Powered-By": [
          "ASP.NET"
        ],
        "x-ms-ratelimit-remaining-subscription-reads": [
          "11992"
        ],
        "x-ms-request-id": [
          "3e38b94d-6cf9-4cc0-9abf-fee970e09047"
        ],
        "x-ms-correlation-request-id": [
          "3e38b94d-6cf9-4cc0-9abf-fee970e09047"
        ],
        "x-ms-routing-request-id": [
          "NORTHEUROPE:20211116T091056Z:3e38b94d-6cf9-4cc0-9abf-fee970e09047"
        ],
        "Date": [
          "Tue, 16 Nov 2021 09:10:55 GMT"
        ],
        "Content-Length": [
          "432"
        ],
        "Content-Type": [
          "application/json; charset=utf-8"
        ],
        "Expires": [
          "-1"
        ]
      },
      "ResponseBody": "{\r\n  \"value\": [\r\n    {\r\n      \"kind\": \"CustomLogCollection\",\r\n      \"properties\": {\r\n        \"state\": \"LinuxLogsEnabled\"\r\n      },\r\n      \"id\": \"/subscriptions/57947cb5-aadd-4b6c-9e8e-27f545bb7bf5/resourceGroups/ps6991/providers/Microsoft.OperationalInsights/workspaces/AzTestps9263/datasources/DataSource_CustomLogCollection\",\r\n      \"etag\": \"W/\\\"datetime'2021-11-16T09%3A10%3A55.6675813Z'\\\"\",\r\n      \"name\": \"DataSource_CustomLogCollection\",\r\n      \"type\": \"Microsoft.OperationalInsights/workspaces/datasources\"\r\n    }\r\n  ]\r\n}",
      "StatusCode": 200
    },
    {
      "RequestUri": "/subscriptions/57947cb5-aadd-4b6c-9e8e-27f545bb7bf5/resourcegroups/ps6991/providers/Microsoft.OperationalInsights/workspaces/AzTestps9263/dataSources/DataSource_CustomLogCollection?api-version=2020-08-01",
      "EncodedRequestUri": "L3N1YnNjcmlwdGlvbnMvNTc5NDdjYjUtYWFkZC00YjZjLTllOGUtMjdmNTQ1YmI3YmY1L3Jlc291cmNlZ3JvdXBzL3BzNjk5MS9wcm92aWRlcnMvTWljcm9zb2Z0Lk9wZXJhdGlvbmFsSW5zaWdodHMvd29ya3NwYWNlcy9BelRlc3RwczkyNjMvZGF0YVNvdXJjZXMvRGF0YVNvdXJjZV9DdXN0b21Mb2dDb2xsZWN0aW9uP2FwaS12ZXJzaW9uPTIwMjAtMDgtMDE=",
      "RequestMethod": "GET",
      "RequestBody": "",
      "RequestHeaders": {
        "x-ms-client-request-id": [
          "b62a8410-320e-4077-94a3-0ef64c48b198"
        ],
        "Accept-Language": [
          "en-US"
        ],
        "User-Agent": [
          "FxVersion/4.6.30411.01",
          "OSName/Windows",
          "OSVersion/Microsoft.Windows.10.0.22000.",
          "Microsoft.Azure.Management.OperationalInsights.OperationalInsightsManagementClient/0.24.0.0"
        ]
      },
      "ResponseHeaders": {
        "Cache-Control": [
          "no-cache"
        ],
        "Pragma": [
          "no-cache"
        ],
        "Strict-Transport-Security": [
          "max-age=31536000; includeSubDomains"
        ],
        "X-Content-Type-Options": [
          "nosniff"
        ],
        "Server": [
          "Microsoft-IIS/10.0"
        ],
        "X-Powered-By": [
          "ASP.NET"
        ],
        "x-ms-ratelimit-remaining-subscription-reads": [
          "11993"
        ],
        "x-ms-request-id": [
          "177b4437-83c2-4294-a874-c63d2a94031b"
        ],
        "x-ms-correlation-request-id": [
          "177b4437-83c2-4294-a874-c63d2a94031b"
        ],
        "x-ms-routing-request-id": [
          "NORTHEUROPE:20211116T091055Z:177b4437-83c2-4294-a874-c63d2a94031b"
        ],
        "Date": [
          "Tue, 16 Nov 2021 09:10:54 GMT"
        ],
        "Content-Length": [
          "115"
        ],
        "Content-Type": [
          "application/json; charset=utf-8"
        ],
        "Expires": [
          "-1"
        ]
      },
      "ResponseBody": "{\r\n  \"error\": {\r\n    \"code\": \"DataSourceNotFound\",\r\n    \"message\": \"DataSource 'DataSource_CustomLogCollection' could not be found.\"\r\n  }\r\n}",
      "StatusCode": 404
    },
    {
      "RequestUri": "/subscriptions/57947cb5-aadd-4b6c-9e8e-27f545bb7bf5/resourcegroups/ps6991/providers/Microsoft.OperationalInsights/workspaces/AzTestps9263/dataSources/DataSource_CustomLogCollection?api-version=2020-08-01",
      "EncodedRequestUri": "L3N1YnNjcmlwdGlvbnMvNTc5NDdjYjUtYWFkZC00YjZjLTllOGUtMjdmNTQ1YmI3YmY1L3Jlc291cmNlZ3JvdXBzL3BzNjk5MS9wcm92aWRlcnMvTWljcm9zb2Z0Lk9wZXJhdGlvbmFsSW5zaWdodHMvd29ya3NwYWNlcy9BelRlc3RwczkyNjMvZGF0YVNvdXJjZXMvRGF0YVNvdXJjZV9DdXN0b21Mb2dDb2xsZWN0aW9uP2FwaS12ZXJzaW9uPTIwMjAtMDgtMDE=",
      "RequestMethod": "GET",
      "RequestBody": "",
      "RequestHeaders": {
        "x-ms-client-request-id": [
          "b61283eb-7a02-4b1c-8318-09c836c4f6a8"
        ],
        "Accept-Language": [
          "en-US"
        ],
        "User-Agent": [
          "FxVersion/4.6.30411.01",
          "OSName/Windows",
          "OSVersion/Microsoft.Windows.10.0.22000.",
          "Microsoft.Azure.Management.OperationalInsights.OperationalInsightsManagementClient/0.24.0.0"
        ]
      },
      "ResponseHeaders": {
        "Cache-Control": [
          "no-cache"
        ],
        "Pragma": [
          "no-cache"
        ],
        "Strict-Transport-Security": [
          "max-age=31536000; includeSubDomains"
        ],
        "X-Content-Type-Options": [
          "nosniff"
        ],
        "Server": [
          "Microsoft-IIS/10.0"
        ],
        "X-Powered-By": [
          "ASP.NET"
        ],
        "x-ms-ratelimit-remaining-subscription-reads": [
          "11991"
        ],
        "x-ms-request-id": [
          "7e4a2040-9ee2-4a46-b653-a99f7c36ca5a"
        ],
        "x-ms-correlation-request-id": [
          "7e4a2040-9ee2-4a46-b653-a99f7c36ca5a"
        ],
        "x-ms-routing-request-id": [
          "NORTHEUROPE:20211116T091056Z:7e4a2040-9ee2-4a46-b653-a99f7c36ca5a"
        ],
        "Date": [
          "Tue, 16 Nov 2021 09:10:55 GMT"
        ],
        "Content-Length": [
          "420"
        ],
        "Content-Type": [
          "application/json; charset=utf-8"
        ],
        "Expires": [
          "-1"
        ]
      },
      "ResponseBody": "{\r\n  \"kind\": \"CustomLogCollection\",\r\n  \"properties\": {\r\n    \"state\": \"LinuxLogsEnabled\"\r\n  },\r\n  \"id\": \"/subscriptions/57947cb5-aadd-4b6c-9e8e-27f545bb7bf5/resourceGroups/ps6991/providers/Microsoft.OperationalInsights/workspaces/AzTestps9263/datasources/DataSource_CustomLogCollection\",\r\n  \"etag\": \"W/\\\"datetime'2021-11-16T09%3A10%3A55.6675813Z'\\\"\",\r\n  \"name\": \"DataSource_CustomLogCollection\",\r\n  \"type\": \"Microsoft.OperationalInsights/workspaces/datasources\"\r\n}",
      "StatusCode": 200
    },
    {
      "RequestUri": "/subscriptions/57947cb5-aadd-4b6c-9e8e-27f545bb7bf5/resourcegroups/ps6991/providers/Microsoft.OperationalInsights/workspaces/AzTestps9263/dataSources/DataSource_CustomLogCollection?api-version=2020-08-01",
      "EncodedRequestUri": "L3N1YnNjcmlwdGlvbnMvNTc5NDdjYjUtYWFkZC00YjZjLTllOGUtMjdmNTQ1YmI3YmY1L3Jlc291cmNlZ3JvdXBzL3BzNjk5MS9wcm92aWRlcnMvTWljcm9zb2Z0Lk9wZXJhdGlvbmFsSW5zaWdodHMvd29ya3NwYWNlcy9BelRlc3RwczkyNjMvZGF0YVNvdXJjZXMvRGF0YVNvdXJjZV9DdXN0b21Mb2dDb2xsZWN0aW9uP2FwaS12ZXJzaW9uPTIwMjAtMDgtMDE=",
      "RequestMethod": "PUT",
      "RequestBody": "{\r\n  \"properties\": {\r\n    \"state\": \"LinuxLogsEnabled\"\r\n  },\r\n  \"kind\": \"CustomLogCollection\"\r\n}",
      "RequestHeaders": {
        "x-ms-client-request-id": [
          "b62a8410-320e-4077-94a3-0ef64c48b198"
        ],
        "Accept-Language": [
          "en-US"
        ],
        "User-Agent": [
          "FxVersion/4.6.30411.01",
          "OSName/Windows",
          "OSVersion/Microsoft.Windows.10.0.22000.",
          "Microsoft.Azure.Management.OperationalInsights.OperationalInsightsManagementClient/0.24.0.0"
        ],
        "Content-Type": [
          "application/json; charset=utf-8"
        ],
        "Content-Length": [
          "95"
        ]
      },
      "ResponseHeaders": {
        "Cache-Control": [
          "no-cache"
        ],
        "Pragma": [
          "no-cache"
        ],
        "Strict-Transport-Security": [
          "max-age=31536000; includeSubDomains"
        ],
        "X-Content-Type-Options": [
          "nosniff"
        ],
        "Server": [
          "Microsoft-IIS/10.0"
        ],
        "X-Powered-By": [
          "ASP.NET"
        ],
        "x-ms-ratelimit-remaining-subscription-writes": [
          "1196"
        ],
        "x-ms-request-id": [
          "a62e42a6-076f-4178-8689-e28f1c4e106b"
        ],
        "x-ms-correlation-request-id": [
          "a62e42a6-076f-4178-8689-e28f1c4e106b"
        ],
        "x-ms-routing-request-id": [
          "NORTHEUROPE:20211116T091056Z:a62e42a6-076f-4178-8689-e28f1c4e106b"
        ],
        "Date": [
          "Tue, 16 Nov 2021 09:10:55 GMT"
        ],
        "Content-Length": [
          "420"
        ],
        "Content-Type": [
          "application/json; charset=utf-8"
        ],
        "Expires": [
          "-1"
        ]
      },
      "ResponseBody": "{\r\n  \"kind\": \"CustomLogCollection\",\r\n  \"properties\": {\r\n    \"state\": \"LinuxLogsEnabled\"\r\n  },\r\n  \"id\": \"/subscriptions/57947cb5-aadd-4b6c-9e8e-27f545bb7bf5/resourceGroups/ps6991/providers/Microsoft.OperationalInsights/workspaces/AzTestps9263/datasources/DataSource_CustomLogCollection\",\r\n  \"etag\": \"W/\\\"datetime'2021-11-16T09%3A10%3A55.6675813Z'\\\"\",\r\n  \"name\": \"DataSource_CustomLogCollection\",\r\n  \"type\": \"Microsoft.OperationalInsights/workspaces/datasources\"\r\n}",
      "StatusCode": 200
    },
    {
      "RequestUri": "/subscriptions/57947cb5-aadd-4b6c-9e8e-27f545bb7bf5/resourcegroups/ps6991/providers/Microsoft.OperationalInsights/workspaces/AzTestps9263/dataSources/DataSource_CustomLogCollection?api-version=2020-08-01",
      "EncodedRequestUri": "L3N1YnNjcmlwdGlvbnMvNTc5NDdjYjUtYWFkZC00YjZjLTllOGUtMjdmNTQ1YmI3YmY1L3Jlc291cmNlZ3JvdXBzL3BzNjk5MS9wcm92aWRlcnMvTWljcm9zb2Z0Lk9wZXJhdGlvbmFsSW5zaWdodHMvd29ya3NwYWNlcy9BelRlc3RwczkyNjMvZGF0YVNvdXJjZXMvRGF0YVNvdXJjZV9DdXN0b21Mb2dDb2xsZWN0aW9uP2FwaS12ZXJzaW9uPTIwMjAtMDgtMDE=",
      "RequestMethod": "PUT",
      "RequestBody": "{\r\n  \"properties\": {\r\n    \"state\": \"LinuxLogsDisabled\"\r\n  },\r\n  \"kind\": \"CustomLogCollection\"\r\n}",
      "RequestHeaders": {
        "x-ms-client-request-id": [
          "b61283eb-7a02-4b1c-8318-09c836c4f6a8"
        ],
        "Accept-Language": [
          "en-US"
        ],
        "User-Agent": [
          "FxVersion/4.6.30411.01",
          "OSName/Windows",
          "OSVersion/Microsoft.Windows.10.0.22000.",
          "Microsoft.Azure.Management.OperationalInsights.OperationalInsightsManagementClient/0.24.0.0"
        ],
        "Content-Type": [
          "application/json; charset=utf-8"
        ],
        "Content-Length": [
          "96"
        ]
      },
      "ResponseHeaders": {
        "Cache-Control": [
          "no-cache"
        ],
        "Pragma": [
          "no-cache"
        ],
        "Strict-Transport-Security": [
          "max-age=31536000; includeSubDomains"
        ],
        "X-Content-Type-Options": [
          "nosniff"
        ],
        "Server": [
          "Microsoft-IIS/10.0"
        ],
        "X-Powered-By": [
          "ASP.NET"
        ],
        "x-ms-ratelimit-remaining-subscription-writes": [
          "1195"
        ],
        "x-ms-request-id": [
          "8c4156c7-96ea-4b66-8789-8e9c185952b3"
        ],
        "x-ms-correlation-request-id": [
          "8c4156c7-96ea-4b66-8789-8e9c185952b3"
        ],
        "x-ms-routing-request-id": [
          "NORTHEUROPE:20211116T091057Z:8c4156c7-96ea-4b66-8789-8e9c185952b3"
        ],
        "Date": [
          "Tue, 16 Nov 2021 09:10:56 GMT"
        ],
        "Content-Length": [
          "421"
        ],
        "Content-Type": [
          "application/json; charset=utf-8"
        ],
        "Expires": [
          "-1"
        ]
      },
      "ResponseBody": "{\r\n  \"kind\": \"CustomLogCollection\",\r\n  \"properties\": {\r\n    \"state\": \"LinuxLogsDisabled\"\r\n  },\r\n  \"id\": \"/subscriptions/57947cb5-aadd-4b6c-9e8e-27f545bb7bf5/resourceGroups/ps6991/providers/Microsoft.OperationalInsights/workspaces/AzTestps9263/datasources/DataSource_CustomLogCollection\",\r\n  \"etag\": \"W/\\\"datetime'2021-11-16T09%3A10%3A56.8448020Z'\\\"\",\r\n  \"name\": \"DataSource_CustomLogCollection\",\r\n  \"type\": \"Microsoft.OperationalInsights/workspaces/datasources\"\r\n}",
      "StatusCode": 200
    },
    {
      "RequestUri": "/subscriptions/57947cb5-aadd-4b6c-9e8e-27f545bb7bf5/resourcegroups/ps6991/providers/Microsoft.OperationalInsights/workspaces/AzTestps9263/dataSources?$filter=kind%20eq%20'LinuxPerformanceCollection'&api-version=2020-08-01",
      "EncodedRequestUri": "L3N1YnNjcmlwdGlvbnMvNTc5NDdjYjUtYWFkZC00YjZjLTllOGUtMjdmNTQ1YmI3YmY1L3Jlc291cmNlZ3JvdXBzL3BzNjk5MS9wcm92aWRlcnMvTWljcm9zb2Z0Lk9wZXJhdGlvbmFsSW5zaWdodHMvd29ya3NwYWNlcy9BelRlc3RwczkyNjMvZGF0YVNvdXJjZXM/JGZpbHRlcj1raW5kJTIwZXElMjAnTGludXhQZXJmb3JtYW5jZUNvbGxlY3Rpb24nJmFwaS12ZXJzaW9uPTIwMjAtMDgtMDE=",
      "RequestMethod": "GET",
      "RequestBody": "",
      "RequestHeaders": {
        "x-ms-client-request-id": [
          "249ff880-da58-4e6d-b087-ac21699efeac"
        ],
        "Accept-Language": [
          "en-US"
        ],
        "User-Agent": [
          "FxVersion/4.6.30411.01",
          "OSName/Windows",
          "OSVersion/Microsoft.Windows.10.0.22000.",
          "Microsoft.Azure.Management.OperationalInsights.OperationalInsightsManagementClient/0.24.0.0"
        ]
      },
      "ResponseHeaders": {
        "Cache-Control": [
          "no-cache"
        ],
        "Pragma": [
          "no-cache"
        ],
        "Strict-Transport-Security": [
          "max-age=31536000; includeSubDomains"
        ],
        "X-Content-Type-Options": [
          "nosniff"
        ],
        "Server": [
          "Microsoft-IIS/10.0"
        ],
        "X-Powered-By": [
          "ASP.NET"
        ],
        "x-ms-ratelimit-remaining-subscription-reads": [
          "11990"
        ],
        "x-ms-request-id": [
          "b4f769cc-2ccf-4537-9af4-dd06e4534111"
        ],
        "x-ms-correlation-request-id": [
          "b4f769cc-2ccf-4537-9af4-dd06e4534111"
        ],
        "x-ms-routing-request-id": [
          "NORTHEUROPE:20211116T091057Z:b4f769cc-2ccf-4537-9af4-dd06e4534111"
        ],
        "Date": [
          "Tue, 16 Nov 2021 09:10:56 GMT"
        ],
        "Content-Length": [
          "12"
        ],
        "Content-Type": [
          "application/json; charset=utf-8"
        ],
        "Expires": [
          "-1"
        ]
      },
      "ResponseBody": "{\r\n  \"value\": []\r\n}",
      "StatusCode": 200
    },
    {
      "RequestUri": "/subscriptions/57947cb5-aadd-4b6c-9e8e-27f545bb7bf5/resourcegroups/ps6991/providers/Microsoft.OperationalInsights/workspaces/AzTestps9263/dataSources?$filter=kind%20eq%20'LinuxPerformanceCollection'&api-version=2020-08-01",
      "EncodedRequestUri": "L3N1YnNjcmlwdGlvbnMvNTc5NDdjYjUtYWFkZC00YjZjLTllOGUtMjdmNTQ1YmI3YmY1L3Jlc291cmNlZ3JvdXBzL3BzNjk5MS9wcm92aWRlcnMvTWljcm9zb2Z0Lk9wZXJhdGlvbmFsSW5zaWdodHMvd29ya3NwYWNlcy9BelRlc3RwczkyNjMvZGF0YVNvdXJjZXM/JGZpbHRlcj1raW5kJTIwZXElMjAnTGludXhQZXJmb3JtYW5jZUNvbGxlY3Rpb24nJmFwaS12ZXJzaW9uPTIwMjAtMDgtMDE=",
      "RequestMethod": "GET",
      "RequestBody": "",
      "RequestHeaders": {
        "x-ms-client-request-id": [
          "e3b3b4cd-7103-4f6e-ab99-b398a13c052f"
        ],
        "Accept-Language": [
          "en-US"
        ],
        "User-Agent": [
          "FxVersion/4.6.30411.01",
          "OSName/Windows",
          "OSVersion/Microsoft.Windows.10.0.22000.",
          "Microsoft.Azure.Management.OperationalInsights.OperationalInsightsManagementClient/0.24.0.0"
        ]
      },
      "ResponseHeaders": {
        "Cache-Control": [
          "no-cache"
        ],
        "Pragma": [
          "no-cache"
        ],
        "Strict-Transport-Security": [
          "max-age=31536000; includeSubDomains"
        ],
        "X-Content-Type-Options": [
          "nosniff"
        ],
        "Server": [
          "Microsoft-IIS/10.0"
        ],
        "X-Powered-By": [
          "ASP.NET"
        ],
        "x-ms-ratelimit-remaining-subscription-reads": [
          "11988"
        ],
        "x-ms-request-id": [
          "110b8d99-8e9b-4f53-97da-f41c4f4fbf45"
        ],
        "x-ms-correlation-request-id": [
          "110b8d99-8e9b-4f53-97da-f41c4f4fbf45"
        ],
        "x-ms-routing-request-id": [
          "NORTHEUROPE:20211116T091058Z:110b8d99-8e9b-4f53-97da-f41c4f4fbf45"
        ],
        "Date": [
          "Tue, 16 Nov 2021 09:10:57 GMT"
        ],
        "Content-Length": [
          "444"
        ],
        "Content-Type": [
          "application/json; charset=utf-8"
        ],
        "Expires": [
          "-1"
        ]
      },
      "ResponseBody": "{\r\n  \"value\": [\r\n    {\r\n      \"kind\": \"LinuxPerformanceCollection\",\r\n      \"properties\": {\r\n        \"state\": \"Enabled\"\r\n      },\r\n      \"id\": \"/subscriptions/57947cb5-aadd-4b6c-9e8e-27f545bb7bf5/resourceGroups/ps6991/providers/Microsoft.OperationalInsights/workspaces/AzTestps9263/datasources/DataSource_LinuxPerformanceCollection\",\r\n      \"etag\": \"W/\\\"datetime'2021-11-16T09%3A10%3A57.9043921Z'\\\"\",\r\n      \"name\": \"DataSource_LinuxPerformanceCollection\",\r\n      \"type\": \"Microsoft.OperationalInsights/workspaces/datasources\"\r\n    }\r\n  ]\r\n}",
      "StatusCode": 200
    },
    {
      "RequestUri": "/subscriptions/57947cb5-aadd-4b6c-9e8e-27f545bb7bf5/resourcegroups/ps6991/providers/Microsoft.OperationalInsights/workspaces/AzTestps9263/dataSources/DataSource_LinuxPerformanceCollection?api-version=2020-08-01",
      "EncodedRequestUri": "L3N1YnNjcmlwdGlvbnMvNTc5NDdjYjUtYWFkZC00YjZjLTllOGUtMjdmNTQ1YmI3YmY1L3Jlc291cmNlZ3JvdXBzL3BzNjk5MS9wcm92aWRlcnMvTWljcm9zb2Z0Lk9wZXJhdGlvbmFsSW5zaWdodHMvd29ya3NwYWNlcy9BelRlc3RwczkyNjMvZGF0YVNvdXJjZXMvRGF0YVNvdXJjZV9MaW51eFBlcmZvcm1hbmNlQ29sbGVjdGlvbj9hcGktdmVyc2lvbj0yMDIwLTA4LTAx",
      "RequestMethod": "GET",
      "RequestBody": "",
      "RequestHeaders": {
        "x-ms-client-request-id": [
          "249ff880-da58-4e6d-b087-ac21699efeac"
        ],
        "Accept-Language": [
          "en-US"
        ],
        "User-Agent": [
          "FxVersion/4.6.30411.01",
          "OSName/Windows",
          "OSVersion/Microsoft.Windows.10.0.22000.",
          "Microsoft.Azure.Management.OperationalInsights.OperationalInsightsManagementClient/0.24.0.0"
        ]
      },
      "ResponseHeaders": {
        "Cache-Control": [
          "no-cache"
        ],
        "Pragma": [
          "no-cache"
        ],
        "Strict-Transport-Security": [
          "max-age=31536000; includeSubDomains"
        ],
        "X-Content-Type-Options": [
          "nosniff"
        ],
        "Server": [
          "Microsoft-IIS/10.0"
        ],
        "X-Powered-By": [
          "ASP.NET"
        ],
        "x-ms-ratelimit-remaining-subscription-reads": [
          "11989"
        ],
        "x-ms-request-id": [
          "53e8c535-4aa8-4bec-8184-aa3a0985cc37"
        ],
        "x-ms-correlation-request-id": [
          "53e8c535-4aa8-4bec-8184-aa3a0985cc37"
        ],
        "x-ms-routing-request-id": [
          "NORTHEUROPE:20211116T091057Z:53e8c535-4aa8-4bec-8184-aa3a0985cc37"
        ],
        "Date": [
          "Tue, 16 Nov 2021 09:10:56 GMT"
        ],
        "Content-Length": [
          "122"
        ],
        "Content-Type": [
          "application/json; charset=utf-8"
        ],
        "Expires": [
          "-1"
        ]
      },
      "ResponseBody": "{\r\n  \"error\": {\r\n    \"code\": \"DataSourceNotFound\",\r\n    \"message\": \"DataSource 'DataSource_LinuxPerformanceCollection' could not be found.\"\r\n  }\r\n}",
      "StatusCode": 404
    },
    {
      "RequestUri": "/subscriptions/57947cb5-aadd-4b6c-9e8e-27f545bb7bf5/resourcegroups/ps6991/providers/Microsoft.OperationalInsights/workspaces/AzTestps9263/dataSources/DataSource_LinuxPerformanceCollection?api-version=2020-08-01",
      "EncodedRequestUri": "L3N1YnNjcmlwdGlvbnMvNTc5NDdjYjUtYWFkZC00YjZjLTllOGUtMjdmNTQ1YmI3YmY1L3Jlc291cmNlZ3JvdXBzL3BzNjk5MS9wcm92aWRlcnMvTWljcm9zb2Z0Lk9wZXJhdGlvbmFsSW5zaWdodHMvd29ya3NwYWNlcy9BelRlc3RwczkyNjMvZGF0YVNvdXJjZXMvRGF0YVNvdXJjZV9MaW51eFBlcmZvcm1hbmNlQ29sbGVjdGlvbj9hcGktdmVyc2lvbj0yMDIwLTA4LTAx",
      "RequestMethod": "GET",
      "RequestBody": "",
      "RequestHeaders": {
        "x-ms-client-request-id": [
          "e3b3b4cd-7103-4f6e-ab99-b398a13c052f"
        ],
        "Accept-Language": [
          "en-US"
        ],
        "User-Agent": [
          "FxVersion/4.6.30411.01",
          "OSName/Windows",
          "OSVersion/Microsoft.Windows.10.0.22000.",
          "Microsoft.Azure.Management.OperationalInsights.OperationalInsightsManagementClient/0.24.0.0"
        ]
      },
      "ResponseHeaders": {
        "Cache-Control": [
          "no-cache"
        ],
        "Pragma": [
          "no-cache"
        ],
        "Strict-Transport-Security": [
          "max-age=31536000; includeSubDomains"
        ],
        "X-Content-Type-Options": [
          "nosniff"
        ],
        "Server": [
          "Microsoft-IIS/10.0"
        ],
        "X-Powered-By": [
          "ASP.NET"
        ],
        "x-ms-ratelimit-remaining-subscription-reads": [
          "11987"
        ],
        "x-ms-request-id": [
          "482d12e7-ec9d-4a0c-a9c2-b1d71d30a027"
        ],
        "x-ms-correlation-request-id": [
          "482d12e7-ec9d-4a0c-a9c2-b1d71d30a027"
        ],
        "x-ms-routing-request-id": [
          "NORTHEUROPE:20211116T091058Z:482d12e7-ec9d-4a0c-a9c2-b1d71d30a027"
        ],
        "Date": [
          "Tue, 16 Nov 2021 09:10:57 GMT"
        ],
        "Content-Length": [
          "432"
        ],
        "Content-Type": [
          "application/json; charset=utf-8"
        ],
        "Expires": [
          "-1"
        ]
      },
      "ResponseBody": "{\r\n  \"kind\": \"LinuxPerformanceCollection\",\r\n  \"properties\": {\r\n    \"state\": \"Enabled\"\r\n  },\r\n  \"id\": \"/subscriptions/57947cb5-aadd-4b6c-9e8e-27f545bb7bf5/resourceGroups/ps6991/providers/Microsoft.OperationalInsights/workspaces/AzTestps9263/datasources/DataSource_LinuxPerformanceCollection\",\r\n  \"etag\": \"W/\\\"datetime'2021-11-16T09%3A10%3A57.9043921Z'\\\"\",\r\n  \"name\": \"DataSource_LinuxPerformanceCollection\",\r\n  \"type\": \"Microsoft.OperationalInsights/workspaces/datasources\"\r\n}",
      "StatusCode": 200
    },
    {
      "RequestUri": "/subscriptions/57947cb5-aadd-4b6c-9e8e-27f545bb7bf5/resourcegroups/ps6991/providers/Microsoft.OperationalInsights/workspaces/AzTestps9263/dataSources/DataSource_LinuxPerformanceCollection?api-version=2020-08-01",
      "EncodedRequestUri": "L3N1YnNjcmlwdGlvbnMvNTc5NDdjYjUtYWFkZC00YjZjLTllOGUtMjdmNTQ1YmI3YmY1L3Jlc291cmNlZ3JvdXBzL3BzNjk5MS9wcm92aWRlcnMvTWljcm9zb2Z0Lk9wZXJhdGlvbmFsSW5zaWdodHMvd29ya3NwYWNlcy9BelRlc3RwczkyNjMvZGF0YVNvdXJjZXMvRGF0YVNvdXJjZV9MaW51eFBlcmZvcm1hbmNlQ29sbGVjdGlvbj9hcGktdmVyc2lvbj0yMDIwLTA4LTAx",
      "RequestMethod": "PUT",
      "RequestBody": "{\r\n  \"properties\": {\r\n    \"state\": \"Enabled\"\r\n  },\r\n  \"kind\": \"LinuxPerformanceCollection\"\r\n}",
      "RequestHeaders": {
        "x-ms-client-request-id": [
          "249ff880-da58-4e6d-b087-ac21699efeac"
        ],
        "Accept-Language": [
          "en-US"
        ],
        "User-Agent": [
          "FxVersion/4.6.30411.01",
          "OSName/Windows",
          "OSVersion/Microsoft.Windows.10.0.22000.",
          "Microsoft.Azure.Management.OperationalInsights.OperationalInsightsManagementClient/0.24.0.0"
        ],
        "Content-Type": [
          "application/json; charset=utf-8"
        ],
        "Content-Length": [
          "93"
        ]
      },
      "ResponseHeaders": {
        "Cache-Control": [
          "no-cache"
        ],
        "Pragma": [
          "no-cache"
        ],
        "Strict-Transport-Security": [
          "max-age=31536000; includeSubDomains"
        ],
        "X-Content-Type-Options": [
          "nosniff"
        ],
        "Server": [
          "Microsoft-IIS/10.0"
        ],
        "X-Powered-By": [
          "ASP.NET"
        ],
        "x-ms-ratelimit-remaining-subscription-writes": [
          "1194"
        ],
        "x-ms-request-id": [
          "c10c5dca-b15c-4ddd-be65-a468eb52d3ad"
        ],
        "x-ms-correlation-request-id": [
          "c10c5dca-b15c-4ddd-be65-a468eb52d3ad"
        ],
        "x-ms-routing-request-id": [
          "NORTHEUROPE:20211116T091058Z:c10c5dca-b15c-4ddd-be65-a468eb52d3ad"
        ],
        "Date": [
          "Tue, 16 Nov 2021 09:10:57 GMT"
        ],
        "Content-Length": [
          "432"
        ],
        "Content-Type": [
          "application/json; charset=utf-8"
        ],
        "Expires": [
          "-1"
        ]
      },
      "ResponseBody": "{\r\n  \"kind\": \"LinuxPerformanceCollection\",\r\n  \"properties\": {\r\n    \"state\": \"Enabled\"\r\n  },\r\n  \"id\": \"/subscriptions/57947cb5-aadd-4b6c-9e8e-27f545bb7bf5/resourceGroups/ps6991/providers/Microsoft.OperationalInsights/workspaces/AzTestps9263/datasources/DataSource_LinuxPerformanceCollection\",\r\n  \"etag\": \"W/\\\"datetime'2021-11-16T09%3A10%3A57.9043921Z'\\\"\",\r\n  \"name\": \"DataSource_LinuxPerformanceCollection\",\r\n  \"type\": \"Microsoft.OperationalInsights/workspaces/datasources\"\r\n}",
      "StatusCode": 200
    },
    {
      "RequestUri": "/subscriptions/57947cb5-aadd-4b6c-9e8e-27f545bb7bf5/resourcegroups/ps6991/providers/Microsoft.OperationalInsights/workspaces/AzTestps9263/dataSources/DataSource_LinuxPerformanceCollection?api-version=2020-08-01",
      "EncodedRequestUri": "L3N1YnNjcmlwdGlvbnMvNTc5NDdjYjUtYWFkZC00YjZjLTllOGUtMjdmNTQ1YmI3YmY1L3Jlc291cmNlZ3JvdXBzL3BzNjk5MS9wcm92aWRlcnMvTWljcm9zb2Z0Lk9wZXJhdGlvbmFsSW5zaWdodHMvd29ya3NwYWNlcy9BelRlc3RwczkyNjMvZGF0YVNvdXJjZXMvRGF0YVNvdXJjZV9MaW51eFBlcmZvcm1hbmNlQ29sbGVjdGlvbj9hcGktdmVyc2lvbj0yMDIwLTA4LTAx",
      "RequestMethod": "PUT",
      "RequestBody": "{\r\n  \"properties\": {\r\n    \"state\": \"Disabled\"\r\n  },\r\n  \"kind\": \"LinuxPerformanceCollection\"\r\n}",
      "RequestHeaders": {
        "x-ms-client-request-id": [
          "e3b3b4cd-7103-4f6e-ab99-b398a13c052f"
        ],
        "Accept-Language": [
          "en-US"
        ],
        "User-Agent": [
          "FxVersion/4.6.30411.01",
          "OSName/Windows",
          "OSVersion/Microsoft.Windows.10.0.22000.",
          "Microsoft.Azure.Management.OperationalInsights.OperationalInsightsManagementClient/0.24.0.0"
        ],
        "Content-Type": [
          "application/json; charset=utf-8"
        ],
        "Content-Length": [
          "94"
        ]
      },
      "ResponseHeaders": {
        "Cache-Control": [
          "no-cache"
        ],
        "Pragma": [
          "no-cache"
        ],
        "Strict-Transport-Security": [
          "max-age=31536000; includeSubDomains"
        ],
        "X-Content-Type-Options": [
          "nosniff"
        ],
        "Server": [
          "Microsoft-IIS/10.0"
        ],
        "X-Powered-By": [
          "ASP.NET"
        ],
        "x-ms-ratelimit-remaining-subscription-writes": [
          "1193"
        ],
        "x-ms-request-id": [
          "a836f262-2410-4172-9587-19aa2511378c"
        ],
        "x-ms-correlation-request-id": [
          "a836f262-2410-4172-9587-19aa2511378c"
        ],
        "x-ms-routing-request-id": [
          "NORTHEUROPE:20211116T091059Z:a836f262-2410-4172-9587-19aa2511378c"
        ],
        "Date": [
          "Tue, 16 Nov 2021 09:10:59 GMT"
        ],
        "Content-Length": [
          "433"
        ],
        "Content-Type": [
          "application/json; charset=utf-8"
        ],
        "Expires": [
          "-1"
        ]
      },
      "ResponseBody": "{\r\n  \"kind\": \"LinuxPerformanceCollection\",\r\n  \"properties\": {\r\n    \"state\": \"Disabled\"\r\n  },\r\n  \"id\": \"/subscriptions/57947cb5-aadd-4b6c-9e8e-27f545bb7bf5/resourceGroups/ps6991/providers/Microsoft.OperationalInsights/workspaces/AzTestps9263/datasources/DataSource_LinuxPerformanceCollection\",\r\n  \"etag\": \"W/\\\"datetime'2021-11-16T09%3A10%3A58.9579454Z'\\\"\",\r\n  \"name\": \"DataSource_LinuxPerformanceCollection\",\r\n  \"type\": \"Microsoft.OperationalInsights/workspaces/datasources\"\r\n}",
      "StatusCode": 200
    },
    {
      "RequestUri": "/subscriptions/57947cb5-aadd-4b6c-9e8e-27f545bb7bf5/resourcegroups/ps6991/providers/Microsoft.OperationalInsights/workspaces/AzTestps9263/dataSources?$filter=kind%20eq%20'LinuxSyslogCollection'&api-version=2020-08-01",
      "EncodedRequestUri": "L3N1YnNjcmlwdGlvbnMvNTc5NDdjYjUtYWFkZC00YjZjLTllOGUtMjdmNTQ1YmI3YmY1L3Jlc291cmNlZ3JvdXBzL3BzNjk5MS9wcm92aWRlcnMvTWljcm9zb2Z0Lk9wZXJhdGlvbmFsSW5zaWdodHMvd29ya3NwYWNlcy9BelRlc3RwczkyNjMvZGF0YVNvdXJjZXM/JGZpbHRlcj1raW5kJTIwZXElMjAnTGludXhTeXNsb2dDb2xsZWN0aW9uJyZhcGktdmVyc2lvbj0yMDIwLTA4LTAx",
      "RequestMethod": "GET",
      "RequestBody": "",
      "RequestHeaders": {
        "x-ms-client-request-id": [
          "596b9743-70d8-4e98-aa86-e394da8d5467"
        ],
        "Accept-Language": [
          "en-US"
        ],
        "User-Agent": [
          "FxVersion/4.6.30411.01",
          "OSName/Windows",
          "OSVersion/Microsoft.Windows.10.0.22000.",
          "Microsoft.Azure.Management.OperationalInsights.OperationalInsightsManagementClient/0.24.0.0"
        ]
      },
      "ResponseHeaders": {
        "Cache-Control": [
          "no-cache"
        ],
        "Pragma": [
          "no-cache"
        ],
        "Strict-Transport-Security": [
          "max-age=31536000; includeSubDomains"
        ],
        "X-Content-Type-Options": [
          "nosniff"
        ],
        "Server": [
          "Microsoft-IIS/10.0"
        ],
        "X-Powered-By": [
          "ASP.NET"
        ],
        "x-ms-ratelimit-remaining-subscription-reads": [
          "11986"
        ],
        "x-ms-request-id": [
          "455a1cba-4cde-4587-bf87-3c834afb6482"
        ],
        "x-ms-correlation-request-id": [
          "455a1cba-4cde-4587-bf87-3c834afb6482"
        ],
        "x-ms-routing-request-id": [
          "NORTHEUROPE:20211116T091059Z:455a1cba-4cde-4587-bf87-3c834afb6482"
        ],
        "Date": [
          "Tue, 16 Nov 2021 09:10:59 GMT"
        ],
        "Content-Length": [
          "12"
        ],
        "Content-Type": [
          "application/json; charset=utf-8"
        ],
        "Expires": [
          "-1"
        ]
      },
      "ResponseBody": "{\r\n  \"value\": []\r\n}",
      "StatusCode": 200
    },
    {
      "RequestUri": "/subscriptions/57947cb5-aadd-4b6c-9e8e-27f545bb7bf5/resourcegroups/ps6991/providers/Microsoft.OperationalInsights/workspaces/AzTestps9263/dataSources?$filter=kind%20eq%20'LinuxSyslogCollection'&api-version=2020-08-01",
      "EncodedRequestUri": "L3N1YnNjcmlwdGlvbnMvNTc5NDdjYjUtYWFkZC00YjZjLTllOGUtMjdmNTQ1YmI3YmY1L3Jlc291cmNlZ3JvdXBzL3BzNjk5MS9wcm92aWRlcnMvTWljcm9zb2Z0Lk9wZXJhdGlvbmFsSW5zaWdodHMvd29ya3NwYWNlcy9BelRlc3RwczkyNjMvZGF0YVNvdXJjZXM/JGZpbHRlcj1raW5kJTIwZXElMjAnTGludXhTeXNsb2dDb2xsZWN0aW9uJyZhcGktdmVyc2lvbj0yMDIwLTA4LTAx",
      "RequestMethod": "GET",
      "RequestBody": "",
      "RequestHeaders": {
        "x-ms-client-request-id": [
          "a72b9835-4407-4d10-ab21-dc2bd046fb67"
        ],
        "Accept-Language": [
          "en-US"
        ],
        "User-Agent": [
          "FxVersion/4.6.30411.01",
          "OSName/Windows",
          "OSVersion/Microsoft.Windows.10.0.22000.",
          "Microsoft.Azure.Management.OperationalInsights.OperationalInsightsManagementClient/0.24.0.0"
        ]
      },
      "ResponseHeaders": {
        "Cache-Control": [
          "no-cache"
        ],
        "Pragma": [
          "no-cache"
        ],
        "Strict-Transport-Security": [
          "max-age=31536000; includeSubDomains"
        ],
        "X-Content-Type-Options": [
          "nosniff"
        ],
        "Server": [
          "Microsoft-IIS/10.0"
        ],
        "X-Powered-By": [
          "ASP.NET"
        ],
        "x-ms-ratelimit-remaining-subscription-reads": [
          "11984"
        ],
        "x-ms-request-id": [
          "33a20045-8c20-497f-bbb8-07f3d907583e"
        ],
        "x-ms-correlation-request-id": [
          "33a20045-8c20-497f-bbb8-07f3d907583e"
        ],
        "x-ms-routing-request-id": [
          "NORTHEUROPE:20211116T091100Z:33a20045-8c20-497f-bbb8-07f3d907583e"
        ],
        "Date": [
          "Tue, 16 Nov 2021 09:11:00 GMT"
        ],
        "Content-Length": [
          "429"
        ],
        "Content-Type": [
          "application/json; charset=utf-8"
        ],
        "Expires": [
          "-1"
        ]
      },
      "ResponseBody": "{\r\n  \"value\": [\r\n    {\r\n      \"kind\": \"LinuxSyslogCollection\",\r\n      \"properties\": {\r\n        \"state\": \"Enabled\"\r\n      },\r\n      \"id\": \"/subscriptions/57947cb5-aadd-4b6c-9e8e-27f545bb7bf5/resourceGroups/ps6991/providers/Microsoft.OperationalInsights/workspaces/AzTestps9263/datasources/DataSource_LinuxSyslogCollection\",\r\n      \"etag\": \"W/\\\"datetime'2021-11-16T09%3A11%3A00.0865582Z'\\\"\",\r\n      \"name\": \"DataSource_LinuxSyslogCollection\",\r\n      \"type\": \"Microsoft.OperationalInsights/workspaces/datasources\"\r\n    }\r\n  ]\r\n}",
      "StatusCode": 200
    },
    {
      "RequestUri": "/subscriptions/57947cb5-aadd-4b6c-9e8e-27f545bb7bf5/resourcegroups/ps6991/providers/Microsoft.OperationalInsights/workspaces/AzTestps9263/dataSources/DataSource_LinuxSyslogCollection?api-version=2020-08-01",
      "EncodedRequestUri": "L3N1YnNjcmlwdGlvbnMvNTc5NDdjYjUtYWFkZC00YjZjLTllOGUtMjdmNTQ1YmI3YmY1L3Jlc291cmNlZ3JvdXBzL3BzNjk5MS9wcm92aWRlcnMvTWljcm9zb2Z0Lk9wZXJhdGlvbmFsSW5zaWdodHMvd29ya3NwYWNlcy9BelRlc3RwczkyNjMvZGF0YVNvdXJjZXMvRGF0YVNvdXJjZV9MaW51eFN5c2xvZ0NvbGxlY3Rpb24/YXBpLXZlcnNpb249MjAyMC0wOC0wMQ==",
      "RequestMethod": "GET",
      "RequestBody": "",
      "RequestHeaders": {
        "x-ms-client-request-id": [
          "596b9743-70d8-4e98-aa86-e394da8d5467"
        ],
        "Accept-Language": [
          "en-US"
        ],
        "User-Agent": [
          "FxVersion/4.6.30411.01",
          "OSName/Windows",
          "OSVersion/Microsoft.Windows.10.0.22000.",
          "Microsoft.Azure.Management.OperationalInsights.OperationalInsightsManagementClient/0.24.0.0"
        ]
      },
      "ResponseHeaders": {
        "Cache-Control": [
          "no-cache"
        ],
        "Pragma": [
          "no-cache"
        ],
        "Strict-Transport-Security": [
          "max-age=31536000; includeSubDomains"
        ],
        "X-Content-Type-Options": [
          "nosniff"
        ],
        "Server": [
          "Microsoft-IIS/10.0"
        ],
        "X-Powered-By": [
          "ASP.NET"
        ],
        "x-ms-ratelimit-remaining-subscription-reads": [
          "11985"
        ],
        "x-ms-request-id": [
          "ac2b7da2-43f2-46d6-be7e-9693e25082e0"
        ],
        "x-ms-correlation-request-id": [
          "ac2b7da2-43f2-46d6-be7e-9693e25082e0"
        ],
        "x-ms-routing-request-id": [
          "NORTHEUROPE:20211116T091059Z:ac2b7da2-43f2-46d6-be7e-9693e25082e0"
        ],
        "Date": [
          "Tue, 16 Nov 2021 09:10:59 GMT"
        ],
        "Content-Length": [
          "117"
        ],
        "Content-Type": [
          "application/json; charset=utf-8"
        ],
        "Expires": [
          "-1"
        ]
      },
      "ResponseBody": "{\r\n  \"error\": {\r\n    \"code\": \"DataSourceNotFound\",\r\n    \"message\": \"DataSource 'DataSource_LinuxSyslogCollection' could not be found.\"\r\n  }\r\n}",
      "StatusCode": 404
    },
    {
      "RequestUri": "/subscriptions/57947cb5-aadd-4b6c-9e8e-27f545bb7bf5/resourcegroups/ps6991/providers/Microsoft.OperationalInsights/workspaces/AzTestps9263/dataSources/DataSource_LinuxSyslogCollection?api-version=2020-08-01",
      "EncodedRequestUri": "L3N1YnNjcmlwdGlvbnMvNTc5NDdjYjUtYWFkZC00YjZjLTllOGUtMjdmNTQ1YmI3YmY1L3Jlc291cmNlZ3JvdXBzL3BzNjk5MS9wcm92aWRlcnMvTWljcm9zb2Z0Lk9wZXJhdGlvbmFsSW5zaWdodHMvd29ya3NwYWNlcy9BelRlc3RwczkyNjMvZGF0YVNvdXJjZXMvRGF0YVNvdXJjZV9MaW51eFN5c2xvZ0NvbGxlY3Rpb24/YXBpLXZlcnNpb249MjAyMC0wOC0wMQ==",
      "RequestMethod": "GET",
      "RequestBody": "",
      "RequestHeaders": {
        "x-ms-client-request-id": [
          "a72b9835-4407-4d10-ab21-dc2bd046fb67"
        ],
        "Accept-Language": [
          "en-US"
        ],
        "User-Agent": [
          "FxVersion/4.6.30411.01",
          "OSName/Windows",
          "OSVersion/Microsoft.Windows.10.0.22000.",
          "Microsoft.Azure.Management.OperationalInsights.OperationalInsightsManagementClient/0.24.0.0"
        ]
      },
      "ResponseHeaders": {
        "Cache-Control": [
          "no-cache"
        ],
        "Pragma": [
          "no-cache"
        ],
        "Strict-Transport-Security": [
          "max-age=31536000; includeSubDomains"
        ],
        "X-Content-Type-Options": [
          "nosniff"
        ],
        "Server": [
          "Microsoft-IIS/10.0"
        ],
        "X-Powered-By": [
          "ASP.NET"
        ],
        "x-ms-ratelimit-remaining-subscription-reads": [
          "11983"
        ],
        "x-ms-request-id": [
          "abe19606-f793-4bc2-8910-9d7260cbd14e"
        ],
        "x-ms-correlation-request-id": [
          "abe19606-f793-4bc2-8910-9d7260cbd14e"
        ],
        "x-ms-routing-request-id": [
          "NORTHEUROPE:20211116T091100Z:abe19606-f793-4bc2-8910-9d7260cbd14e"
        ],
        "Date": [
          "Tue, 16 Nov 2021 09:11:00 GMT"
        ],
        "Content-Length": [
          "417"
        ],
        "Content-Type": [
          "application/json; charset=utf-8"
        ],
        "Expires": [
          "-1"
        ]
      },
      "ResponseBody": "{\r\n  \"kind\": \"LinuxSyslogCollection\",\r\n  \"properties\": {\r\n    \"state\": \"Enabled\"\r\n  },\r\n  \"id\": \"/subscriptions/57947cb5-aadd-4b6c-9e8e-27f545bb7bf5/resourceGroups/ps6991/providers/Microsoft.OperationalInsights/workspaces/AzTestps9263/datasources/DataSource_LinuxSyslogCollection\",\r\n  \"etag\": \"W/\\\"datetime'2021-11-16T09%3A11%3A00.0865582Z'\\\"\",\r\n  \"name\": \"DataSource_LinuxSyslogCollection\",\r\n  \"type\": \"Microsoft.OperationalInsights/workspaces/datasources\"\r\n}",
      "StatusCode": 200
    },
    {
      "RequestUri": "/subscriptions/57947cb5-aadd-4b6c-9e8e-27f545bb7bf5/resourcegroups/ps6991/providers/Microsoft.OperationalInsights/workspaces/AzTestps9263/dataSources/DataSource_LinuxSyslogCollection?api-version=2020-08-01",
      "EncodedRequestUri": "L3N1YnNjcmlwdGlvbnMvNTc5NDdjYjUtYWFkZC00YjZjLTllOGUtMjdmNTQ1YmI3YmY1L3Jlc291cmNlZ3JvdXBzL3BzNjk5MS9wcm92aWRlcnMvTWljcm9zb2Z0Lk9wZXJhdGlvbmFsSW5zaWdodHMvd29ya3NwYWNlcy9BelRlc3RwczkyNjMvZGF0YVNvdXJjZXMvRGF0YVNvdXJjZV9MaW51eFN5c2xvZ0NvbGxlY3Rpb24/YXBpLXZlcnNpb249MjAyMC0wOC0wMQ==",
      "RequestMethod": "PUT",
      "RequestBody": "{\r\n  \"properties\": {\r\n    \"state\": \"Enabled\"\r\n  },\r\n  \"kind\": \"LinuxSyslogCollection\"\r\n}",
      "RequestHeaders": {
        "x-ms-client-request-id": [
          "596b9743-70d8-4e98-aa86-e394da8d5467"
        ],
        "Accept-Language": [
          "en-US"
        ],
        "User-Agent": [
          "FxVersion/4.6.30411.01",
          "OSName/Windows",
          "OSVersion/Microsoft.Windows.10.0.22000.",
          "Microsoft.Azure.Management.OperationalInsights.OperationalInsightsManagementClient/0.24.0.0"
        ],
        "Content-Type": [
          "application/json; charset=utf-8"
        ],
        "Content-Length": [
          "88"
        ]
      },
      "ResponseHeaders": {
        "Cache-Control": [
          "no-cache"
        ],
        "Pragma": [
          "no-cache"
        ],
        "Strict-Transport-Security": [
          "max-age=31536000; includeSubDomains"
        ],
        "X-Content-Type-Options": [
          "nosniff"
        ],
        "Server": [
          "Microsoft-IIS/10.0"
        ],
        "X-Powered-By": [
          "ASP.NET"
        ],
        "x-ms-ratelimit-remaining-subscription-writes": [
          "1192"
        ],
        "x-ms-request-id": [
          "5d96cc16-fd90-45f6-8c89-bb6fcc760d4f"
        ],
        "x-ms-correlation-request-id": [
          "5d96cc16-fd90-45f6-8c89-bb6fcc760d4f"
        ],
        "x-ms-routing-request-id": [
          "NORTHEUROPE:20211116T091100Z:5d96cc16-fd90-45f6-8c89-bb6fcc760d4f"
        ],
        "Date": [
          "Tue, 16 Nov 2021 09:11:00 GMT"
        ],
        "Content-Length": [
          "417"
        ],
        "Content-Type": [
          "application/json; charset=utf-8"
        ],
        "Expires": [
          "-1"
        ]
      },
      "ResponseBody": "{\r\n  \"kind\": \"LinuxSyslogCollection\",\r\n  \"properties\": {\r\n    \"state\": \"Enabled\"\r\n  },\r\n  \"id\": \"/subscriptions/57947cb5-aadd-4b6c-9e8e-27f545bb7bf5/resourceGroups/ps6991/providers/Microsoft.OperationalInsights/workspaces/AzTestps9263/datasources/DataSource_LinuxSyslogCollection\",\r\n  \"etag\": \"W/\\\"datetime'2021-11-16T09%3A11%3A00.0865582Z'\\\"\",\r\n  \"name\": \"DataSource_LinuxSyslogCollection\",\r\n  \"type\": \"Microsoft.OperationalInsights/workspaces/datasources\"\r\n}",
      "StatusCode": 200
    },
    {
      "RequestUri": "/subscriptions/57947cb5-aadd-4b6c-9e8e-27f545bb7bf5/resourcegroups/ps6991/providers/Microsoft.OperationalInsights/workspaces/AzTestps9263/dataSources/DataSource_LinuxSyslogCollection?api-version=2020-08-01",
      "EncodedRequestUri": "L3N1YnNjcmlwdGlvbnMvNTc5NDdjYjUtYWFkZC00YjZjLTllOGUtMjdmNTQ1YmI3YmY1L3Jlc291cmNlZ3JvdXBzL3BzNjk5MS9wcm92aWRlcnMvTWljcm9zb2Z0Lk9wZXJhdGlvbmFsSW5zaWdodHMvd29ya3NwYWNlcy9BelRlc3RwczkyNjMvZGF0YVNvdXJjZXMvRGF0YVNvdXJjZV9MaW51eFN5c2xvZ0NvbGxlY3Rpb24/YXBpLXZlcnNpb249MjAyMC0wOC0wMQ==",
      "RequestMethod": "PUT",
      "RequestBody": "{\r\n  \"properties\": {\r\n    \"state\": \"Disabled\"\r\n  },\r\n  \"kind\": \"LinuxSyslogCollection\"\r\n}",
      "RequestHeaders": {
        "x-ms-client-request-id": [
          "a72b9835-4407-4d10-ab21-dc2bd046fb67"
        ],
        "Accept-Language": [
          "en-US"
        ],
        "User-Agent": [
          "FxVersion/4.6.30411.01",
          "OSName/Windows",
          "OSVersion/Microsoft.Windows.10.0.22000.",
          "Microsoft.Azure.Management.OperationalInsights.OperationalInsightsManagementClient/0.24.0.0"
        ],
        "Content-Type": [
          "application/json; charset=utf-8"
        ],
        "Content-Length": [
          "89"
        ]
      },
      "ResponseHeaders": {
        "Cache-Control": [
          "no-cache"
        ],
        "Pragma": [
          "no-cache"
        ],
        "Strict-Transport-Security": [
          "max-age=31536000; includeSubDomains"
        ],
        "X-Content-Type-Options": [
          "nosniff"
        ],
        "Server": [
          "Microsoft-IIS/10.0"
        ],
        "X-Powered-By": [
          "ASP.NET"
        ],
        "x-ms-ratelimit-remaining-subscription-writes": [
          "1191"
        ],
        "x-ms-request-id": [
          "003e89eb-922f-4def-8e8d-e780a5f41b25"
        ],
        "x-ms-correlation-request-id": [
          "003e89eb-922f-4def-8e8d-e780a5f41b25"
        ],
        "x-ms-routing-request-id": [
          "NORTHEUROPE:20211116T091103Z:003e89eb-922f-4def-8e8d-e780a5f41b25"
        ],
        "Date": [
          "Tue, 16 Nov 2021 09:11:03 GMT"
        ],
        "Content-Length": [
          "418"
        ],
        "Content-Type": [
          "application/json; charset=utf-8"
        ],
        "Expires": [
          "-1"
        ]
      },
      "ResponseBody": "{\r\n  \"kind\": \"LinuxSyslogCollection\",\r\n  \"properties\": {\r\n    \"state\": \"Disabled\"\r\n  },\r\n  \"id\": \"/subscriptions/57947cb5-aadd-4b6c-9e8e-27f545bb7bf5/resourceGroups/ps6991/providers/Microsoft.OperationalInsights/workspaces/AzTestps9263/datasources/DataSource_LinuxSyslogCollection\",\r\n  \"etag\": \"W/\\\"datetime'2021-11-16T09%3A11%3A01.0976083Z'\\\"\",\r\n  \"name\": \"DataSource_LinuxSyslogCollection\",\r\n  \"type\": \"Microsoft.OperationalInsights/workspaces/datasources\"\r\n}",
      "StatusCode": 200
    }
  ],
  "Names": {
    "Test-ToggleSingletonDataSourceState": [
      "ps9263",
      "ps6991"
    ]
  },
  "Variables": {
    "SubscriptionId": "57947cb5-aadd-4b6c-9e8e-27f545bb7bf5"
  }
}