{
  "Entries": [
    {
      "RequestUri": "/subscriptions/ce4a7590-4722-4bcf-a2c6-e473e9f11778/providers/Microsoft.Storage?api-version=2016-09-01",
      "EncodedRequestUri": "L3N1YnNjcmlwdGlvbnMvY2U0YTc1OTAtNDcyMi00YmNmLWEyYzYtZTQ3M2U5ZjExNzc4L3Byb3ZpZGVycy9NaWNyb3NvZnQuU3RvcmFnZT9hcGktdmVyc2lvbj0yMDE2LTA5LTAx",
      "RequestMethod": "GET",
      "RequestBody": "",
      "RequestHeaders": {
        "x-ms-client-request-id": [
          "af6facf5-7c4f-4998-9677-29795c118839"
        ],
        "Accept-Language": [
          "en-US"
        ],
        "User-Agent": [
          "FxVersion/4.6.27207.03",
          "OSName/Windows",
          "OSVersion/Microsoft.Windows.10.0.17763.",
          "Microsoft.Azure.Management.Internal.Resources.ResourceManagementClient/1.1.19"
        ]
      },
      "ResponseHeaders": {
        "Cache-Control": [
          "no-cache"
        ],
        "Pragma": [
          "no-cache"
        ],
        "x-ms-ratelimit-remaining-subscription-reads": [
          "11992"
        ],
        "x-ms-request-id": [
          "d53c60c0-5d4c-412e-893d-e85c3014a86f"
        ],
        "x-ms-correlation-request-id": [
          "d53c60c0-5d4c-412e-893d-e85c3014a86f"
        ],
        "x-ms-routing-request-id": [
          "SOUTHEASTASIA:20190419T080236Z:d53c60c0-5d4c-412e-893d-e85c3014a86f"
        ],
        "Strict-Transport-Security": [
          "max-age=31536000; includeSubDomains"
        ],
        "X-Content-Type-Options": [
          "nosniff"
        ],
        "Date": [
          "Fri, 19 Apr 2019 08:02:35 GMT"
        ],
        "Content-Type": [
          "application/json; charset=utf-8"
        ],
        "Expires": [
          "-1"
        ],
        "Content-Length": [
          "9297"
        ]
      },
      "ResponseBody": "{\r\n  \"id\": \"/subscriptions/ce4a7590-4722-4bcf-a2c6-e473e9f11778/providers/Microsoft.Storage\",\r\n  \"namespace\": \"Microsoft.Storage\",\r\n  \"authorizations\": [\r\n    {\r\n      \"applicationId\": \"a6aa9161-5291-40bb-8c5c-923b567bee3b\",\r\n      \"roleDefinitionId\": \"070ab87f-0efc-4423-b18b-756f3bdb0236\"\r\n    },\r\n    {\r\n      \"applicationId\": \"e406a681-f3d4-42a8-90b6-c2b029497af1\"\r\n    }\r\n  ],\r\n  \"resourceTypes\": [\r\n    {\r\n      \"resourceType\": \"storageAccounts\",\r\n      \"locations\": [\r\n        \"East US\",\r\n        \"East US 2\",\r\n        \"West US\",\r\n        \"West Europe\",\r\n        \"East Asia\",\r\n        \"Southeast Asia\",\r\n        \"Japan East\",\r\n        \"Japan West\",\r\n        \"North Central US\",\r\n        \"South Central US\",\r\n        \"Central US\",\r\n        \"North Europe\",\r\n        \"Brazil South\",\r\n        \"Australia East\",\r\n        \"Australia Southeast\",\r\n        \"South India\",\r\n        \"Central India\",\r\n        \"West India\",\r\n        \"Canada East\",\r\n        \"Canada Central\",\r\n        \"West US 2\",\r\n        \"West Central US\",\r\n        \"UK South\",\r\n        \"UK West\",\r\n        \"Korea Central\",\r\n        \"Korea South\",\r\n        \"France Central\",\r\n        \"South Africa North\",\r\n        \"East US 2 (Stage)\",\r\n        \"East US 2 EUAP\",\r\n        \"Central US EUAP\"\r\n      ],\r\n      \"apiVersions\": [\r\n        \"2019-04-01\",\r\n        \"2018-11-01\",\r\n        \"2018-07-01\",\r\n        \"2018-03-01-preview\",\r\n        \"2018-02-01\",\r\n        \"2017-10-01\",\r\n        \"2017-06-01\",\r\n        \"2016-12-01\",\r\n        \"2016-05-01\",\r\n        \"2016-01-01\",\r\n        \"2015-06-15\",\r\n        \"2015-05-01-preview\"\r\n      ],\r\n      \"capabilities\": \"CrossResourceGroupResourceMove, CrossSubscriptionResourceMove, SystemAssignedResourceIdentity\"\r\n    },\r\n    {\r\n      \"resourceType\": \"operations\",\r\n      \"locations\": [],\r\n      \"apiVersions\": [\r\n        \"2019-04-01\",\r\n        \"2018-11-01\",\r\n        \"2018-07-01\",\r\n        \"2018-03-01-preview\",\r\n        \"2018-02-01\",\r\n        \"2017-10-01\",\r\n        \"2017-06-01\",\r\n        \"2016-12-01\",\r\n        \"2016-05-01\",\r\n        \"2016-01-01\",\r\n        \"2015-06-15\",\r\n        \"2015-05-01-preview\"\r\n      ]\r\n    },\r\n    {\r\n      \"resourceType\": \"locations/asyncoperations\",\r\n      \"locations\": [\r\n        \"East US\",\r\n        \"East US 2\",\r\n        \"West US\",\r\n        \"West Europe\",\r\n        \"East Asia\",\r\n        \"Southeast Asia\",\r\n        \"Japan East\",\r\n        \"Japan West\",\r\n        \"North Central US\",\r\n        \"South Central US\",\r\n        \"Central US\",\r\n        \"North Europe\",\r\n        \"Brazil South\",\r\n        \"Australia East\",\r\n        \"Australia Southeast\",\r\n        \"South India\",\r\n        \"Central India\",\r\n        \"West India\",\r\n        \"Canada East\",\r\n        \"Canada Central\",\r\n        \"West US 2\",\r\n        \"West Central US\",\r\n        \"UK South\",\r\n        \"UK West\",\r\n        \"Korea Central\",\r\n        \"Korea South\",\r\n        \"France Central\",\r\n        \"South Africa North\",\r\n        \"East US 2 (Stage)\",\r\n        \"East US 2 EUAP\",\r\n        \"Central US EUAP\"\r\n      ],\r\n      \"apiVersions\": [\r\n        \"2019-04-01\",\r\n        \"2018-11-01\",\r\n        \"2018-07-01\",\r\n        \"2018-03-01-preview\",\r\n        \"2018-02-01\",\r\n        \"2017-10-01\",\r\n        \"2017-06-01\",\r\n        \"2016-12-01\",\r\n        \"2016-05-01\",\r\n        \"2016-01-01\",\r\n        \"2015-06-15\",\r\n        \"2015-05-01-preview\"\r\n      ]\r\n    },\r\n    {\r\n      \"resourceType\": \"storageAccounts/listAccountSas\",\r\n      \"locations\": [\r\n        \"East US\",\r\n        \"East US 2\",\r\n        \"West US\",\r\n        \"West Europe\",\r\n        \"East Asia\",\r\n        \"Southeast Asia\",\r\n        \"Japan East\",\r\n        \"Japan West\",\r\n        \"North Central US\",\r\n        \"South Central US\",\r\n        \"Central US\",\r\n        \"North Europe\",\r\n        \"Brazil South\",\r\n        \"Australia East\",\r\n        \"Australia Southeast\",\r\n        \"South India\",\r\n        \"Central India\",\r\n        \"West India\",\r\n        \"Canada East\",\r\n        \"Canada Central\",\r\n        \"West US 2\",\r\n        \"West Central US\",\r\n        \"UK South\",\r\n        \"UK West\",\r\n        \"Korea Central\",\r\n        \"Korea South\",\r\n        \"France Central\",\r\n        \"South Africa North\",\r\n        \"East US 2 (Stage)\",\r\n        \"East US 2 EUAP\",\r\n        \"Central US EUAP\"\r\n      ],\r\n      \"apiVersions\": [\r\n        \"2019-04-01\",\r\n        \"2018-11-01\",\r\n        \"2018-07-01\",\r\n        \"2018-03-01-preview\",\r\n        \"2018-02-01\",\r\n        \"2017-10-01\",\r\n        \"2017-06-01\",\r\n        \"2016-12-01\",\r\n        \"2016-05-01\"\r\n      ]\r\n    },\r\n    {\r\n      \"resourceType\": \"storageAccounts/listServiceSas\",\r\n      \"locations\": [\r\n        \"East US\",\r\n        \"East US 2\",\r\n        \"West US\",\r\n        \"West Europe\",\r\n        \"East Asia\",\r\n        \"Southeast Asia\",\r\n        \"Japan East\",\r\n        \"Japan West\",\r\n        \"North Central US\",\r\n        \"South Central US\",\r\n        \"Central US\",\r\n        \"North Europe\",\r\n        \"Brazil South\",\r\n        \"Australia East\",\r\n        \"Australia Southeast\",\r\n        \"South India\",\r\n        \"Central India\",\r\n        \"West India\",\r\n        \"Canada East\",\r\n        \"Canada Central\",\r\n        \"West US 2\",\r\n        \"West Central US\",\r\n        \"UK South\",\r\n        \"UK West\",\r\n        \"Korea Central\",\r\n        \"Korea South\",\r\n        \"France Central\",\r\n        \"South Africa North\",\r\n        \"East US 2 (Stage)\",\r\n        \"East US 2 EUAP\",\r\n        \"Central US EUAP\"\r\n      ],\r\n      \"apiVersions\": [\r\n        \"2019-04-01\",\r\n        \"2018-11-01\",\r\n        \"2018-07-01\",\r\n        \"2018-03-01-preview\",\r\n        \"2018-02-01\",\r\n        \"2017-10-01\",\r\n        \"2017-06-01\",\r\n        \"2016-12-01\",\r\n        \"2016-05-01\"\r\n      ]\r\n    },\r\n    {\r\n      \"resourceType\": \"storageAccounts/blobServices\",\r\n      \"locations\": [\r\n        \"East US\",\r\n        \"East US 2\",\r\n        \"West US\",\r\n        \"West Europe\",\r\n        \"East Asia\",\r\n        \"Southeast Asia\",\r\n        \"Japan East\",\r\n        \"Japan West\",\r\n        \"North Central US\",\r\n        \"South Central US\",\r\n        \"Central US\",\r\n        \"North Europe\",\r\n        \"Brazil South\",\r\n        \"Australia East\",\r\n        \"Australia Southeast\",\r\n        \"South India\",\r\n        \"Central India\",\r\n        \"West India\",\r\n        \"Canada East\",\r\n        \"Canada Central\",\r\n        \"West US 2\",\r\n        \"West Central US\",\r\n        \"UK South\",\r\n        \"UK West\",\r\n        \"Korea Central\",\r\n        \"Korea South\",\r\n        \"France Central\",\r\n        \"South Africa North\",\r\n        \"East US 2 (Stage)\",\r\n        \"East US 2 EUAP\",\r\n        \"Central US EUAP\"\r\n      ],\r\n      \"apiVersions\": [\r\n        \"2019-04-01\",\r\n        \"2018-11-01\",\r\n        \"2018-07-01\",\r\n        \"2018-03-01-preview\",\r\n        \"2018-02-01\",\r\n        \"2017-10-01\",\r\n        \"2017-06-01\",\r\n        \"2016-12-01\",\r\n        \"2016-05-01\"\r\n      ]\r\n    },\r\n    {\r\n      \"resourceType\": \"storageAccounts/tableServices\",\r\n      \"locations\": [\r\n        \"East US\",\r\n        \"East US 2\",\r\n        \"West US\",\r\n        \"West Europe\",\r\n        \"East Asia\",\r\n        \"Southeast Asia\",\r\n        \"Japan East\",\r\n        \"Japan West\",\r\n        \"North Central US\",\r\n        \"South Central US\",\r\n        \"Central US\",\r\n        \"North Europe\",\r\n        \"Brazil South\",\r\n        \"Australia East\",\r\n        \"Australia Southeast\",\r\n        \"South India\",\r\n        \"Central India\",\r\n        \"West India\",\r\n        \"Canada East\",\r\n        \"Canada Central\",\r\n        \"West US 2\",\r\n        \"West Central US\",\r\n        \"UK South\",\r\n        \"UK West\",\r\n        \"Korea Central\",\r\n        \"Korea South\",\r\n        \"France Central\",\r\n        \"South Africa North\",\r\n        \"East US 2 (Stage)\",\r\n        \"East US 2 EUAP\",\r\n        \"Central US EUAP\"\r\n      ],\r\n      \"apiVersions\": [\r\n        \"2019-04-01\",\r\n        \"2018-11-01\",\r\n        \"2018-07-01\",\r\n        \"2018-03-01-preview\",\r\n        \"2018-02-01\",\r\n        \"2017-10-01\",\r\n        \"2017-06-01\",\r\n        \"2016-12-01\",\r\n        \"2016-05-01\"\r\n      ]\r\n    },\r\n    {\r\n      \"resourceType\": \"storageAccounts/queueServices\",\r\n      \"locations\": [\r\n        \"East US\",\r\n        \"East US 2\",\r\n        \"West US\",\r\n        \"West Europe\",\r\n        \"East Asia\",\r\n        \"Southeast Asia\",\r\n        \"Japan East\",\r\n        \"Japan West\",\r\n        \"North Central US\",\r\n        \"South Central US\",\r\n        \"Central US\",\r\n        \"North Europe\",\r\n        \"Brazil South\",\r\n        \"Australia East\",\r\n        \"Australia Southeast\",\r\n        \"South India\",\r\n        \"Central India\",\r\n        \"West India\",\r\n        \"Canada East\",\r\n        \"Canada Central\",\r\n        \"West US 2\",\r\n        \"West Central US\",\r\n        \"UK South\",\r\n        \"UK West\",\r\n        \"Korea Central\",\r\n        \"Korea South\",\r\n        \"France Central\",\r\n        \"South Africa North\",\r\n        \"East US 2 (Stage)\",\r\n        \"East US 2 EUAP\",\r\n        \"Central US EUAP\"\r\n      ],\r\n      \"apiVersions\": [\r\n        \"2019-04-01\",\r\n        \"2018-11-01\",\r\n        \"2018-07-01\",\r\n        \"2018-03-01-preview\",\r\n        \"2018-02-01\",\r\n        \"2017-10-01\",\r\n        \"2017-06-01\",\r\n        \"2016-12-01\",\r\n        \"2016-05-01\"\r\n      ]\r\n    },\r\n    {\r\n      \"resourceType\": \"storageAccounts/fileServices\",\r\n      \"locations\": [\r\n        \"East US\",\r\n        \"East US 2\",\r\n        \"West US\",\r\n        \"West Europe\",\r\n        \"East Asia\",\r\n        \"Southeast Asia\",\r\n        \"Japan East\",\r\n        \"Japan West\",\r\n        \"North Central US\",\r\n        \"South Central US\",\r\n        \"Central US\",\r\n        \"North Europe\",\r\n        \"Brazil South\",\r\n        \"Australia East\",\r\n        \"Australia Southeast\",\r\n        \"South India\",\r\n        \"Central India\",\r\n        \"West India\",\r\n        \"Canada East\",\r\n        \"Canada Central\",\r\n        \"West US 2\",\r\n        \"West Central US\",\r\n        \"UK South\",\r\n        \"UK West\",\r\n        \"Korea Central\",\r\n        \"Korea South\",\r\n        \"France Central\",\r\n        \"South Africa North\",\r\n        \"East US 2 (Stage)\",\r\n        \"East US 2 EUAP\",\r\n        \"Central US EUAP\"\r\n      ],\r\n      \"apiVersions\": [\r\n        \"2019-04-01\",\r\n        \"2018-11-01\",\r\n        \"2018-07-01\",\r\n        \"2018-03-01-preview\",\r\n        \"2018-02-01\",\r\n        \"2017-10-01\",\r\n        \"2017-06-01\",\r\n        \"2016-12-01\",\r\n        \"2016-05-01\"\r\n      ]\r\n    },\r\n    {\r\n      \"resourceType\": \"locations\",\r\n      \"locations\": [],\r\n      \"apiVersions\": [\r\n        \"2019-04-01\",\r\n        \"2018-11-01\",\r\n        \"2018-07-01\",\r\n        \"2018-03-01-preview\",\r\n        \"2018-02-01\",\r\n        \"2017-10-01\",\r\n        \"2017-06-01\",\r\n        \"2016-12-01\",\r\n        \"2016-07-01\",\r\n        \"2016-01-01\"\r\n      ]\r\n    },\r\n    {\r\n      \"resourceType\": \"locations/usages\",\r\n      \"locations\": [\r\n        \"East US\",\r\n        \"East US 2\",\r\n        \"West US\",\r\n        \"West Europe\",\r\n        \"East Asia\",\r\n        \"Southeast Asia\",\r\n        \"Japan East\",\r\n        \"Japan West\",\r\n        \"North Central US\",\r\n        \"South Central US\",\r\n        \"Central US\",\r\n        \"North Europe\",\r\n        \"Brazil South\",\r\n        \"Australia East\",\r\n        \"Australia Southeast\",\r\n        \"South India\",\r\n        \"Central India\",\r\n        \"West India\",\r\n        \"Canada East\",\r\n        \"Canada Central\",\r\n        \"West US 2\",\r\n        \"West Central US\",\r\n        \"UK South\",\r\n        \"UK West\",\r\n        \"Korea Central\",\r\n        \"Korea South\",\r\n        \"France Central\",\r\n        \"South Africa North\",\r\n        \"East US 2 (Stage)\",\r\n        \"East US 2 EUAP\",\r\n        \"Central US EUAP\"\r\n      ],\r\n      \"apiVersions\": [\r\n        \"2019-04-01\",\r\n        \"2018-11-01\",\r\n        \"2018-07-01\",\r\n        \"2018-03-01-preview\",\r\n        \"2018-02-01\",\r\n        \"2017-10-01\",\r\n        \"2017-06-01\",\r\n        \"2016-12-01\"\r\n      ]\r\n    },\r\n    {\r\n      \"resourceType\": \"locations/deleteVirtualNetworkOrSubnets\",\r\n      \"locations\": [\r\n        \"East US\",\r\n        \"East US 2\",\r\n        \"West US\",\r\n        \"West Europe\",\r\n        \"East Asia\",\r\n        \"Southeast Asia\",\r\n        \"Japan East\",\r\n        \"Japan West\",\r\n        \"North Central US\",\r\n        \"South Central US\",\r\n        \"Central US\",\r\n        \"North Europe\",\r\n        \"Brazil South\",\r\n        \"Australia East\",\r\n        \"Australia Southeast\",\r\n        \"South India\",\r\n        \"Central India\",\r\n        \"West India\",\r\n        \"Canada East\",\r\n        \"Canada Central\",\r\n        \"West US 2\",\r\n        \"West Central US\",\r\n        \"UK South\",\r\n        \"UK West\",\r\n        \"Korea Central\",\r\n        \"Korea South\",\r\n        \"France Central\",\r\n        \"South Africa North\",\r\n        \"East US 2 (Stage)\",\r\n        \"East US 2 EUAP\",\r\n        \"Central US EUAP\"\r\n      ],\r\n      \"apiVersions\": [\r\n        \"2019-04-01\",\r\n        \"2018-11-01\",\r\n        \"2018-07-01\",\r\n        \"2018-03-01-preview\",\r\n        \"2018-02-01\",\r\n        \"2017-10-01\",\r\n        \"2017-06-01\",\r\n        \"2016-12-01\",\r\n        \"2016-07-01\"\r\n      ]\r\n    },\r\n    {\r\n      \"resourceType\": \"usages\",\r\n      \"locations\": [],\r\n      \"apiVersions\": [\r\n        \"2019-04-01\",\r\n        \"2018-11-01\",\r\n        \"2018-07-01\",\r\n        \"2018-03-01-preview\",\r\n        \"2018-02-01\",\r\n        \"2017-10-01\",\r\n        \"2017-06-01\",\r\n        \"2016-12-01\",\r\n        \"2016-05-01\",\r\n        \"2016-01-01\",\r\n        \"2015-06-15\",\r\n        \"2015-05-01-preview\"\r\n      ]\r\n    },\r\n    {\r\n      \"resourceType\": \"checkNameAvailability\",\r\n      \"locations\": [],\r\n      \"apiVersions\": [\r\n        \"2019-04-01\",\r\n        \"2018-11-01\",\r\n        \"2018-07-01\",\r\n        \"2018-03-01-preview\",\r\n        \"2018-02-01\",\r\n        \"2017-10-01\",\r\n        \"2017-06-01\",\r\n        \"2016-12-01\",\r\n        \"2016-05-01\",\r\n        \"2016-01-01\",\r\n        \"2015-06-15\",\r\n        \"2015-05-01-preview\"\r\n      ]\r\n    },\r\n    {\r\n      \"resourceType\": \"storageAccounts/services\",\r\n      \"locations\": [\r\n        \"East US\",\r\n        \"West US\",\r\n        \"East US 2 (Stage)\",\r\n        \"West Europe\",\r\n        \"North Europe\",\r\n        \"East Asia\",\r\n        \"Southeast Asia\",\r\n        \"Japan East\",\r\n        \"Japan West\",\r\n        \"North Central US\",\r\n        \"South Central US\",\r\n        \"East US 2\",\r\n        \"Central US\",\r\n        \"Australia East\",\r\n        \"Australia Southeast\",\r\n        \"Brazil South\",\r\n        \"South India\",\r\n        \"Central India\",\r\n        \"West India\",\r\n        \"Canada East\",\r\n        \"Canada Central\",\r\n        \"West US 2\",\r\n        \"West Central US\",\r\n        \"UK South\",\r\n        \"UK West\",\r\n        \"Korea Central\",\r\n        \"Korea South\",\r\n        \"France Central\",\r\n        \"South Africa North\",\r\n        \"East US 2 EUAP\",\r\n        \"Central US EUAP\"\r\n      ],\r\n      \"apiVersions\": [\r\n        \"2014-04-01\"\r\n      ]\r\n    },\r\n    {\r\n      \"resourceType\": \"storageAccounts/services/metricDefinitions\",\r\n      \"locations\": [\r\n        \"East US\",\r\n        \"West US\",\r\n        \"East US 2 (Stage)\",\r\n        \"West Europe\",\r\n        \"North Europe\",\r\n        \"East Asia\",\r\n        \"Southeast Asia\",\r\n        \"Japan East\",\r\n        \"Japan West\",\r\n        \"North Central US\",\r\n        \"South Central US\",\r\n        \"East US 2\",\r\n        \"Central US\",\r\n        \"Australia East\",\r\n        \"Australia Southeast\",\r\n        \"Brazil South\",\r\n        \"South India\",\r\n        \"Central India\",\r\n        \"West India\",\r\n        \"Canada East\",\r\n        \"Canada Central\",\r\n        \"West US 2\",\r\n        \"West Central US\",\r\n        \"UK South\",\r\n        \"UK West\",\r\n        \"Korea Central\",\r\n        \"Korea South\",\r\n        \"France Central\",\r\n        \"South Africa North\",\r\n        \"East US 2 EUAP\",\r\n        \"Central US EUAP\"\r\n      ],\r\n      \"apiVersions\": [\r\n        \"2014-04-01\"\r\n      ]\r\n    }\r\n  ],\r\n  \"registrationState\": \"Registered\"\r\n}",
      "StatusCode": 200
    },
    {
      "RequestUri": "/subscriptions/ce4a7590-4722-4bcf-a2c6-e473e9f11778/resourcegroups/pstestrg3196?api-version=2016-09-01",
      "EncodedRequestUri": "L3N1YnNjcmlwdGlvbnMvY2U0YTc1OTAtNDcyMi00YmNmLWEyYzYtZTQ3M2U5ZjExNzc4L3Jlc291cmNlZ3JvdXBzL3BzdGVzdHJnMzE5Nj9hcGktdmVyc2lvbj0yMDE2LTA5LTAx",
      "RequestMethod": "PUT",
      "RequestBody": "{\r\n  \"location\": \"West US\"\r\n}",
      "RequestHeaders": {
        "x-ms-client-request-id": [
          "c79d628b-8ac4-4807-b894-6746ce4dd937"
        ],
        "Accept-Language": [
          "en-US"
        ],
        "User-Agent": [
          "FxVersion/4.6.27207.03",
          "OSName/Windows",
          "OSVersion/Microsoft.Windows.10.0.17763.",
          "Microsoft.Azure.Management.Internal.Resources.ResourceManagementClient/1.1.19"
        ],
        "Content-Type": [
          "application/json; charset=utf-8"
        ],
        "Content-Length": [
          "29"
        ]
      },
      "ResponseHeaders": {
        "Cache-Control": [
          "no-cache"
        ],
        "Pragma": [
          "no-cache"
        ],
        "x-ms-ratelimit-remaining-subscription-writes": [
          "1197"
        ],
        "x-ms-request-id": [
          "29116c91-6958-461d-b2ab-9aba45f39b4d"
        ],
        "x-ms-correlation-request-id": [
          "29116c91-6958-461d-b2ab-9aba45f39b4d"
        ],
        "x-ms-routing-request-id": [
          "SOUTHEASTASIA:20190419T080238Z:29116c91-6958-461d-b2ab-9aba45f39b4d"
        ],
        "Strict-Transport-Security": [
          "max-age=31536000; includeSubDomains"
        ],
        "X-Content-Type-Options": [
          "nosniff"
        ],
        "Date": [
          "Fri, 19 Apr 2019 08:02:38 GMT"
        ],
        "Content-Length": [
          "177"
        ],
        "Content-Type": [
          "application/json; charset=utf-8"
        ],
        "Expires": [
          "-1"
        ]
      },
      "ResponseBody": "{\r\n  \"id\": \"/subscriptions/ce4a7590-4722-4bcf-a2c6-e473e9f11778/resourceGroups/pstestrg3196\",\r\n  \"name\": \"pstestrg3196\",\r\n  \"location\": \"westus\",\r\n  \"properties\": {\r\n    \"provisioningState\": \"Succeeded\"\r\n  }\r\n}",
      "StatusCode": 201
    },
    {
      "RequestUri": "/subscriptions/ce4a7590-4722-4bcf-a2c6-e473e9f11778/providers/Microsoft.Storage/checkNameAvailability?api-version=2019-04-01",
      "EncodedRequestUri": "L3N1YnNjcmlwdGlvbnMvY2U0YTc1OTAtNDcyMi00YmNmLWEyYzYtZTQ3M2U5ZjExNzc4L3Byb3ZpZGVycy9NaWNyb3NvZnQuU3RvcmFnZS9jaGVja05hbWVBdmFpbGFiaWxpdHk/YXBpLXZlcnNpb249MjAxOS0wNC0wMQ==",
      "RequestMethod": "POST",
      "RequestBody": "{\r\n  \"name\": \"stopstestrg3196\",\r\n  \"type\": \"Microsoft.Storage/storageAccounts\"\r\n}",
      "RequestHeaders": {
        "x-ms-client-request-id": [
          "14a82a48-ddd0-4039-826f-98b3386e5275"
        ],
        "Accept-Language": [
          "en-US"
        ],
        "User-Agent": [
          "FxVersion/4.6.27207.03",
          "OSName/Windows",
          "OSVersion/Microsoft.Windows.10.0.17763.",
          "Microsoft.Azure.Management.Storage.StorageManagementClient/11.0.0.0"
        ],
        "Content-Type": [
          "application/json; charset=utf-8"
        ],
        "Content-Length": [
          "81"
        ]
      },
      "ResponseHeaders": {
        "Cache-Control": [
          "no-cache"
        ],
        "Pragma": [
          "no-cache"
        ],
        "x-ms-request-id": [
          "45a6ab82-4461-424e-a6de-ea25f8a10f38"
        ],
        "Strict-Transport-Security": [
          "max-age=31536000; includeSubDomains"
        ],
        "Server": [
          "Microsoft-Azure-Storage-Resource-Provider/1.0,Microsoft-HTTPAPI/2.0 Microsoft-HTTPAPI/2.0"
        ],
        "x-ms-ratelimit-remaining-subscription-reads": [
          "11994"
        ],
        "x-ms-correlation-request-id": [
          "0acf7cec-bf93-4a03-bb72-888b3871e522"
        ],
        "x-ms-routing-request-id": [
          "SOUTHEASTASIA:20190419T080239Z:0acf7cec-bf93-4a03-bb72-888b3871e522"
        ],
        "X-Content-Type-Options": [
          "nosniff"
        ],
        "Date": [
          "Fri, 19 Apr 2019 08:02:39 GMT"
        ],
        "Content-Length": [
          "22"
        ],
        "Content-Type": [
          "application/json"
        ],
        "Expires": [
          "-1"
        ]
      },
      "ResponseBody": "{\r\n  \"nameAvailable\": true\r\n}",
      "StatusCode": 200
    },
    {
      "RequestUri": "/subscriptions/ce4a7590-4722-4bcf-a2c6-e473e9f11778/providers/Microsoft.Storage/checkNameAvailability?api-version=2019-04-01",
      "EncodedRequestUri": "L3N1YnNjcmlwdGlvbnMvY2U0YTc1OTAtNDcyMi00YmNmLWEyYzYtZTQ3M2U5ZjExNzc4L3Byb3ZpZGVycy9NaWNyb3NvZnQuU3RvcmFnZS9jaGVja05hbWVBdmFpbGFiaWxpdHk/YXBpLXZlcnNpb249MjAxOS0wNC0wMQ==",
      "RequestMethod": "POST",
      "RequestBody": "{\r\n  \"name\": \"stopstestrg31962\",\r\n  \"type\": \"Microsoft.Storage/storageAccounts\"\r\n}",
      "RequestHeaders": {
        "x-ms-client-request-id": [
          "1a896b3d-b39c-4f86-858f-143561b91bf9"
        ],
        "Accept-Language": [
          "en-US"
        ],
        "User-Agent": [
          "FxVersion/4.6.27207.03",
          "OSName/Windows",
          "OSVersion/Microsoft.Windows.10.0.17763.",
          "Microsoft.Azure.Management.Storage.StorageManagementClient/11.0.0.0"
        ],
        "Content-Type": [
          "application/json; charset=utf-8"
        ],
        "Content-Length": [
          "82"
        ]
      },
      "ResponseHeaders": {
        "Cache-Control": [
          "no-cache"
        ],
        "Pragma": [
          "no-cache"
        ],
        "x-ms-request-id": [
          "7b7b7361-ad94-45eb-8e8e-3a7e567da4e8"
        ],
        "Strict-Transport-Security": [
          "max-age=31536000; includeSubDomains"
        ],
        "Server": [
          "Microsoft-Azure-Storage-Resource-Provider/1.0,Microsoft-HTTPAPI/2.0 Microsoft-HTTPAPI/2.0"
        ],
        "x-ms-ratelimit-remaining-subscription-reads": [
          "11970"
        ],
        "x-ms-correlation-request-id": [
          "0aa3c6bf-6e4a-4e57-a60b-53fb732f32cb"
        ],
        "x-ms-routing-request-id": [
          "SOUTHEASTASIA:20190419T080302Z:0aa3c6bf-6e4a-4e57-a60b-53fb732f32cb"
        ],
        "X-Content-Type-Options": [
          "nosniff"
        ],
        "Date": [
          "Fri, 19 Apr 2019 08:03:01 GMT"
        ],
        "Content-Length": [
          "22"
        ],
        "Content-Type": [
          "application/json"
        ],
        "Expires": [
          "-1"
        ]
      },
      "ResponseBody": "{\r\n  \"nameAvailable\": true\r\n}",
      "StatusCode": 200
    },
    {
      "RequestUri": "/subscriptions/ce4a7590-4722-4bcf-a2c6-e473e9f11778/resourceGroups/pstestrg3196/providers/Microsoft.Storage/storageAccounts/stopstestrg3196?api-version=2019-04-01",
      "EncodedRequestUri": "L3N1YnNjcmlwdGlvbnMvY2U0YTc1OTAtNDcyMi00YmNmLWEyYzYtZTQ3M2U5ZjExNzc4L3Jlc291cmNlR3JvdXBzL3BzdGVzdHJnMzE5Ni9wcm92aWRlcnMvTWljcm9zb2Z0LlN0b3JhZ2Uvc3RvcmFnZUFjY291bnRzL3N0b3BzdGVzdHJnMzE5Nj9hcGktdmVyc2lvbj0yMDE5LTA0LTAx",
      "RequestMethod": "PUT",
      "RequestBody": "{\r\n  \"sku\": {\r\n    \"name\": \"Standard_GRS\"\r\n  },\r\n  \"kind\": \"StorageV2\",\r\n  \"location\": \"West US\"\r\n}",
      "RequestHeaders": {
        "x-ms-client-request-id": [
          "d9219c3e-3a58-4af8-9e2e-f7d665cd6546"
        ],
        "Accept-Language": [
          "en-US"
        ],
        "User-Agent": [
          "FxVersion/4.6.27207.03",
          "OSName/Windows",
          "OSVersion/Microsoft.Windows.10.0.17763.",
          "Microsoft.Azure.Management.Storage.StorageManagementClient/11.0.0.0"
        ],
        "Content-Type": [
          "application/json; charset=utf-8"
        ],
        "Content-Length": [
          "99"
        ]
      },
      "ResponseHeaders": {
        "Cache-Control": [
          "no-cache"
        ],
        "Pragma": [
          "no-cache"
        ],
        "Location": [
          "https://management.azure.com/subscriptions/ce4a7590-4722-4bcf-a2c6-e473e9f11778/providers/Microsoft.Storage/locations/westus/asyncoperations/ec5ca0f4-92e6-40df-b99c-5526788676d3?monitor=true&api-version=2019-04-01"
        ],
        "Retry-After": [
          "17"
        ],
        "x-ms-request-id": [
          "ec5ca0f4-92e6-40df-b99c-5526788676d3"
        ],
        "Strict-Transport-Security": [
          "max-age=31536000; includeSubDomains"
        ],
        "x-ms-ratelimit-remaining-subscription-writes": [
          "1194"
        ],
        "Server": [
          "Microsoft-Azure-Storage-Resource-Provider/1.0,Microsoft-HTTPAPI/2.0 Microsoft-HTTPAPI/2.0"
        ],
        "x-ms-correlation-request-id": [
          "dc556f7a-df4e-4c7a-9d4a-332831cf0832"
        ],
        "x-ms-routing-request-id": [
          "SOUTHEASTASIA:20190419T080243Z:dc556f7a-df4e-4c7a-9d4a-332831cf0832"
        ],
        "X-Content-Type-Options": [
          "nosniff"
        ],
        "Date": [
          "Fri, 19 Apr 2019 08:02:43 GMT"
        ],
        "Content-Type": [
          "text/plain; charset=utf-8"
        ],
        "Expires": [
          "-1"
        ],
        "Content-Length": [
          "0"
        ]
      },
      "ResponseBody": "",
      "StatusCode": 202
    },
    {
      "RequestUri": "/subscriptions/ce4a7590-4722-4bcf-a2c6-e473e9f11778/providers/Microsoft.Storage/locations/westus/asyncoperations/ec5ca0f4-92e6-40df-b99c-5526788676d3?monitor=true&api-version=2019-04-01",
      "EncodedRequestUri": "L3N1YnNjcmlwdGlvbnMvY2U0YTc1OTAtNDcyMi00YmNmLWEyYzYtZTQ3M2U5ZjExNzc4L3Byb3ZpZGVycy9NaWNyb3NvZnQuU3RvcmFnZS9sb2NhdGlvbnMvd2VzdHVzL2FzeW5jb3BlcmF0aW9ucy9lYzVjYTBmNC05MmU2LTQwZGYtYjk5Yy01NTI2Nzg4Njc2ZDM/bW9uaXRvcj10cnVlJmFwaS12ZXJzaW9uPTIwMTktMDQtMDE=",
      "RequestMethod": "GET",
      "RequestBody": "",
      "RequestHeaders": {
        "User-Agent": [
          "FxVersion/4.6.27207.03",
          "OSName/Windows",
          "OSVersion/Microsoft.Windows.10.0.17763.",
          "Microsoft.Azure.Management.Storage.StorageManagementClient/11.0.0.0"
        ]
      },
      "ResponseHeaders": {
        "Cache-Control": [
          "no-cache"
        ],
        "Pragma": [
          "no-cache"
        ],
        "x-ms-request-id": [
          "49abdf04-a151-41cc-bde4-d4649e287703"
        ],
        "Strict-Transport-Security": [
          "max-age=31536000; includeSubDomains"
        ],
        "Server": [
          "Microsoft-Azure-Storage-Resource-Provider/1.0,Microsoft-HTTPAPI/2.0 Microsoft-HTTPAPI/2.0"
        ],
        "x-ms-ratelimit-remaining-subscription-reads": [
          "11993"
        ],
        "x-ms-correlation-request-id": [
          "1bb02b57-c04a-410e-b085-c94100fe9600"
        ],
        "x-ms-routing-request-id": [
          "SOUTHEASTASIA:20190419T080301Z:1bb02b57-c04a-410e-b085-c94100fe9600"
        ],
        "X-Content-Type-Options": [
          "nosniff"
        ],
        "Date": [
          "Fri, 19 Apr 2019 08:03:00 GMT"
        ],
        "Content-Length": [
          "1246"
        ],
        "Content-Type": [
          "application/json"
        ],
        "Expires": [
          "-1"
        ]
      },
      "ResponseBody": "{\r\n  \"sku\": {\r\n    \"name\": \"Standard_GRS\",\r\n    \"tier\": \"Standard\"\r\n  },\r\n  \"kind\": \"StorageV2\",\r\n  \"id\": \"/subscriptions/ce4a7590-4722-4bcf-a2c6-e473e9f11778/resourceGroups/pstestrg3196/providers/Microsoft.Storage/storageAccounts/stopstestrg3196\",\r\n  \"name\": \"stopstestrg3196\",\r\n  \"type\": \"Microsoft.Storage/storageAccounts\",\r\n  \"location\": \"westus\",\r\n  \"tags\": {},\r\n  \"properties\": {\r\n    \"networkAcls\": {\r\n      \"bypass\": \"AzureServices\",\r\n      \"virtualNetworkRules\": [],\r\n      \"ipRules\": [],\r\n      \"defaultAction\": \"Allow\"\r\n    },\r\n    \"supportsHttpsTrafficOnly\": false,\r\n    \"encryption\": {\r\n      \"services\": {\r\n        \"file\": {\r\n          \"enabled\": true,\r\n          \"lastEnabledTime\": \"2019-04-19T08:02:41.7433472Z\"\r\n        },\r\n        \"blob\": {\r\n          \"enabled\": true,\r\n          \"lastEnabledTime\": \"2019-04-19T08:02:41.7433472Z\"\r\n        }\r\n      },\r\n      \"keySource\": \"Microsoft.Storage\"\r\n    },\r\n    \"accessTier\": \"Hot\",\r\n    \"provisioningState\": \"Succeeded\",\r\n    \"creationTime\": \"2019-04-19T08:02:41.649606Z\",\r\n    \"primaryEndpoints\": {\r\n      \"dfs\": \"https://stopstestrg3196.dfs.core.windows.net/\",\r\n      \"web\": \"https://stopstestrg3196.z22.web.core.windows.net/\",\r\n      \"blob\": \"https://stopstestrg3196.blob.core.windows.net/\",\r\n      \"queue\": \"https://stopstestrg3196.queue.core.windows.net/\",\r\n      \"table\": \"https://stopstestrg3196.table.core.windows.net/\",\r\n      \"file\": \"https://stopstestrg3196.file.core.windows.net/\"\r\n    },\r\n    \"primaryLocation\": \"westus\",\r\n    \"statusOfPrimary\": \"available\",\r\n    \"secondaryLocation\": \"eastus\",\r\n    \"statusOfSecondary\": \"available\"\r\n  }\r\n}",
      "StatusCode": 200
    },
    {
      "RequestUri": "/subscriptions/ce4a7590-4722-4bcf-a2c6-e473e9f11778/resourceGroups/pstestrg3196/providers/Microsoft.Storage/storageAccounts/stopstestrg3196?api-version=2019-04-01",
      "EncodedRequestUri": "L3N1YnNjcmlwdGlvbnMvY2U0YTc1OTAtNDcyMi00YmNmLWEyYzYtZTQ3M2U5ZjExNzc4L3Jlc291cmNlR3JvdXBzL3BzdGVzdHJnMzE5Ni9wcm92aWRlcnMvTWljcm9zb2Z0LlN0b3JhZ2Uvc3RvcmFnZUFjY291bnRzL3N0b3BzdGVzdHJnMzE5Nj9hcGktdmVyc2lvbj0yMDE5LTA0LTAx",
      "RequestMethod": "GET",
      "RequestBody": "",
      "RequestHeaders": {
        "x-ms-client-request-id": [
          "9494bff3-5e19-4be6-bfe2-3520034bbf56"
        ],
        "Accept-Language": [
          "en-US"
        ],
        "User-Agent": [
          "FxVersion/4.6.27207.03",
          "OSName/Windows",
          "OSVersion/Microsoft.Windows.10.0.17763.",
          "Microsoft.Azure.Management.Storage.StorageManagementClient/11.0.0.0"
        ]
      },
      "ResponseHeaders": {
        "Cache-Control": [
          "no-cache"
        ],
        "Pragma": [
          "no-cache"
        ],
        "x-ms-request-id": [
          "bcbc4925-4ab0-4f94-b4be-201df294d0ec"
        ],
        "Strict-Transport-Security": [
          "max-age=31536000; includeSubDomains"
        ],
        "Server": [
          "Microsoft-Azure-Storage-Resource-Provider/1.0,Microsoft-HTTPAPI/2.0 Microsoft-HTTPAPI/2.0"
        ],
        "x-ms-ratelimit-remaining-subscription-reads": [
          "11992"
        ],
        "x-ms-correlation-request-id": [
          "5c95a6fa-8fc5-499b-ad5f-16ceb88e1a9a"
        ],
        "x-ms-routing-request-id": [
          "SOUTHEASTASIA:20190419T080301Z:5c95a6fa-8fc5-499b-ad5f-16ceb88e1a9a"
        ],
        "X-Content-Type-Options": [
          "nosniff"
        ],
        "Date": [
          "Fri, 19 Apr 2019 08:03:00 GMT"
        ],
        "Content-Length": [
          "1246"
        ],
        "Content-Type": [
          "application/json"
        ],
        "Expires": [
          "-1"
        ]
      },
      "ResponseBody": "{\r\n  \"sku\": {\r\n    \"name\": \"Standard_GRS\",\r\n    \"tier\": \"Standard\"\r\n  },\r\n  \"kind\": \"StorageV2\",\r\n  \"id\": \"/subscriptions/ce4a7590-4722-4bcf-a2c6-e473e9f11778/resourceGroups/pstestrg3196/providers/Microsoft.Storage/storageAccounts/stopstestrg3196\",\r\n  \"name\": \"stopstestrg3196\",\r\n  \"type\": \"Microsoft.Storage/storageAccounts\",\r\n  \"location\": \"westus\",\r\n  \"tags\": {},\r\n  \"properties\": {\r\n    \"networkAcls\": {\r\n      \"bypass\": \"AzureServices\",\r\n      \"virtualNetworkRules\": [],\r\n      \"ipRules\": [],\r\n      \"defaultAction\": \"Allow\"\r\n    },\r\n    \"supportsHttpsTrafficOnly\": false,\r\n    \"encryption\": {\r\n      \"services\": {\r\n        \"file\": {\r\n          \"enabled\": true,\r\n          \"lastEnabledTime\": \"2019-04-19T08:02:41.7433472Z\"\r\n        },\r\n        \"blob\": {\r\n          \"enabled\": true,\r\n          \"lastEnabledTime\": \"2019-04-19T08:02:41.7433472Z\"\r\n        }\r\n      },\r\n      \"keySource\": \"Microsoft.Storage\"\r\n    },\r\n    \"accessTier\": \"Hot\",\r\n    \"provisioningState\": \"Succeeded\",\r\n    \"creationTime\": \"2019-04-19T08:02:41.649606Z\",\r\n    \"primaryEndpoints\": {\r\n      \"dfs\": \"https://stopstestrg3196.dfs.core.windows.net/\",\r\n      \"web\": \"https://stopstestrg3196.z22.web.core.windows.net/\",\r\n      \"blob\": \"https://stopstestrg3196.blob.core.windows.net/\",\r\n      \"queue\": \"https://stopstestrg3196.queue.core.windows.net/\",\r\n      \"table\": \"https://stopstestrg3196.table.core.windows.net/\",\r\n      \"file\": \"https://stopstestrg3196.file.core.windows.net/\"\r\n    },\r\n    \"primaryLocation\": \"westus\",\r\n    \"statusOfPrimary\": \"available\",\r\n    \"secondaryLocation\": \"eastus\",\r\n    \"statusOfSecondary\": \"available\"\r\n  }\r\n}",
      "StatusCode": 200
    },
    {
      "RequestUri": "/subscriptions/ce4a7590-4722-4bcf-a2c6-e473e9f11778/resourceGroups/pstestrg3196/providers/Microsoft.Storage/storageAccounts/stopstestrg3196?api-version=2019-04-01",
      "EncodedRequestUri": "L3N1YnNjcmlwdGlvbnMvY2U0YTc1OTAtNDcyMi00YmNmLWEyYzYtZTQ3M2U5ZjExNzc4L3Jlc291cmNlR3JvdXBzL3BzdGVzdHJnMzE5Ni9wcm92aWRlcnMvTWljcm9zb2Z0LlN0b3JhZ2Uvc3RvcmFnZUFjY291bnRzL3N0b3BzdGVzdHJnMzE5Nj9hcGktdmVyc2lvbj0yMDE5LTA0LTAx",
      "RequestMethod": "GET",
      "RequestBody": "",
      "RequestHeaders": {
        "x-ms-client-request-id": [
          "ffe21901-8f19-44a9-944d-86a3e668f825"
        ],
        "Accept-Language": [
          "en-US"
        ],
        "User-Agent": [
          "FxVersion/4.6.27207.03",
          "OSName/Windows",
          "OSVersion/Microsoft.Windows.10.0.17763.",
          "Microsoft.Azure.Management.Storage.StorageManagementClient/11.0.0.0"
        ]
      },
      "ResponseHeaders": {
        "Cache-Control": [
          "no-cache"
        ],
        "Pragma": [
          "no-cache"
        ],
        "x-ms-request-id": [
          "9e8470a4-1dc9-4452-bb16-67b59234f4f3"
        ],
        "Strict-Transport-Security": [
          "max-age=31536000; includeSubDomains"
        ],
        "Server": [
          "Microsoft-Azure-Storage-Resource-Provider/1.0,Microsoft-HTTPAPI/2.0 Microsoft-HTTPAPI/2.0"
        ],
        "x-ms-ratelimit-remaining-subscription-reads": [
          "11995"
        ],
        "x-ms-correlation-request-id": [
          "ab1a325e-ff41-4a03-b14b-651ebf71ab04"
        ],
        "x-ms-routing-request-id": [
          "SOUTHEASTASIA:20190419T080301Z:ab1a325e-ff41-4a03-b14b-651ebf71ab04"
        ],
        "X-Content-Type-Options": [
          "nosniff"
        ],
        "Date": [
          "Fri, 19 Apr 2019 08:03:00 GMT"
        ],
        "Content-Length": [
          "1246"
        ],
        "Content-Type": [
          "application/json"
        ],
        "Expires": [
          "-1"
        ]
      },
      "ResponseBody": "{\r\n  \"sku\": {\r\n    \"name\": \"Standard_GRS\",\r\n    \"tier\": \"Standard\"\r\n  },\r\n  \"kind\": \"StorageV2\",\r\n  \"id\": \"/subscriptions/ce4a7590-4722-4bcf-a2c6-e473e9f11778/resourceGroups/pstestrg3196/providers/Microsoft.Storage/storageAccounts/stopstestrg3196\",\r\n  \"name\": \"stopstestrg3196\",\r\n  \"type\": \"Microsoft.Storage/storageAccounts\",\r\n  \"location\": \"westus\",\r\n  \"tags\": {},\r\n  \"properties\": {\r\n    \"networkAcls\": {\r\n      \"bypass\": \"AzureServices\",\r\n      \"virtualNetworkRules\": [],\r\n      \"ipRules\": [],\r\n      \"defaultAction\": \"Allow\"\r\n    },\r\n    \"supportsHttpsTrafficOnly\": false,\r\n    \"encryption\": {\r\n      \"services\": {\r\n        \"file\": {\r\n          \"enabled\": true,\r\n          \"lastEnabledTime\": \"2019-04-19T08:02:41.7433472Z\"\r\n        },\r\n        \"blob\": {\r\n          \"enabled\": true,\r\n          \"lastEnabledTime\": \"2019-04-19T08:02:41.7433472Z\"\r\n        }\r\n      },\r\n      \"keySource\": \"Microsoft.Storage\"\r\n    },\r\n    \"accessTier\": \"Hot\",\r\n    \"provisioningState\": \"Succeeded\",\r\n    \"creationTime\": \"2019-04-19T08:02:41.649606Z\",\r\n    \"primaryEndpoints\": {\r\n      \"dfs\": \"https://stopstestrg3196.dfs.core.windows.net/\",\r\n      \"web\": \"https://stopstestrg3196.z22.web.core.windows.net/\",\r\n      \"blob\": \"https://stopstestrg3196.blob.core.windows.net/\",\r\n      \"queue\": \"https://stopstestrg3196.queue.core.windows.net/\",\r\n      \"table\": \"https://stopstestrg3196.table.core.windows.net/\",\r\n      \"file\": \"https://stopstestrg3196.file.core.windows.net/\"\r\n    },\r\n    \"primaryLocation\": \"westus\",\r\n    \"statusOfPrimary\": \"available\",\r\n    \"secondaryLocation\": \"eastus\",\r\n    \"statusOfSecondary\": \"available\"\r\n  }\r\n}",
      "StatusCode": 200
    },
    {
      "RequestUri": "/subscriptions/ce4a7590-4722-4bcf-a2c6-e473e9f11778/resourceGroups/pstestrg3196/providers/Microsoft.Storage/storageAccounts/stopstestrg3196?api-version=2019-04-01",
      "EncodedRequestUri": "L3N1YnNjcmlwdGlvbnMvY2U0YTc1OTAtNDcyMi00YmNmLWEyYzYtZTQ3M2U5ZjExNzc4L3Jlc291cmNlR3JvdXBzL3BzdGVzdHJnMzE5Ni9wcm92aWRlcnMvTWljcm9zb2Z0LlN0b3JhZ2Uvc3RvcmFnZUFjY291bnRzL3N0b3BzdGVzdHJnMzE5Nj9hcGktdmVyc2lvbj0yMDE5LTA0LTAx",
      "RequestMethod": "GET",
      "RequestBody": "",
      "RequestHeaders": {
        "x-ms-client-request-id": [
          "077d2f9e-92f8-4225-9c1c-886926280656"
        ],
        "Accept-Language": [
          "en-US"
        ],
        "User-Agent": [
          "FxVersion/4.6.27207.03",
          "OSName/Windows",
          "OSVersion/Microsoft.Windows.10.0.17763.",
          "Microsoft.Azure.Management.Storage.StorageManagementClient/11.0.0.0"
        ]
      },
      "ResponseHeaders": {
        "Cache-Control": [
          "no-cache"
        ],
        "Pragma": [
          "no-cache"
        ],
        "x-ms-request-id": [
          "5b139260-32cc-4332-b726-74bfce28914e"
        ],
        "Strict-Transport-Security": [
          "max-age=31536000; includeSubDomains"
        ],
        "x-ms-ratelimit-remaining-subscription-reads": [
          "11996"
        ],
        "Server": [
          "Microsoft-Azure-Storage-Resource-Provider/1.0,Microsoft-HTTPAPI/2.0 Microsoft-HTTPAPI/2.0"
        ],
        "x-ms-correlation-request-id": [
          "5717e29e-f0ba-42b3-bdaa-d61e396f9c69"
        ],
        "x-ms-routing-request-id": [
          "SOUTHEASTASIA:20190419T080323Z:5717e29e-f0ba-42b3-bdaa-d61e396f9c69"
        ],
        "X-Content-Type-Options": [
          "nosniff"
        ],
        "Date": [
          "Fri, 19 Apr 2019 08:03:22 GMT"
        ],
        "Content-Length": [
          "1246"
        ],
        "Content-Type": [
          "application/json"
        ],
        "Expires": [
          "-1"
        ]
      },
      "ResponseBody": "{\r\n  \"sku\": {\r\n    \"name\": \"Standard_GRS\",\r\n    \"tier\": \"Standard\"\r\n  },\r\n  \"kind\": \"StorageV2\",\r\n  \"id\": \"/subscriptions/ce4a7590-4722-4bcf-a2c6-e473e9f11778/resourceGroups/pstestrg3196/providers/Microsoft.Storage/storageAccounts/stopstestrg3196\",\r\n  \"name\": \"stopstestrg3196\",\r\n  \"type\": \"Microsoft.Storage/storageAccounts\",\r\n  \"location\": \"westus\",\r\n  \"tags\": {},\r\n  \"properties\": {\r\n    \"networkAcls\": {\r\n      \"bypass\": \"AzureServices\",\r\n      \"virtualNetworkRules\": [],\r\n      \"ipRules\": [],\r\n      \"defaultAction\": \"Allow\"\r\n    },\r\n    \"supportsHttpsTrafficOnly\": false,\r\n    \"encryption\": {\r\n      \"services\": {\r\n        \"file\": {\r\n          \"enabled\": true,\r\n          \"lastEnabledTime\": \"2019-04-19T08:02:41.7433472Z\"\r\n        },\r\n        \"blob\": {\r\n          \"enabled\": true,\r\n          \"lastEnabledTime\": \"2019-04-19T08:02:41.7433472Z\"\r\n        }\r\n      },\r\n      \"keySource\": \"Microsoft.Storage\"\r\n    },\r\n    \"accessTier\": \"Hot\",\r\n    \"provisioningState\": \"Succeeded\",\r\n    \"creationTime\": \"2019-04-19T08:02:41.649606Z\",\r\n    \"primaryEndpoints\": {\r\n      \"dfs\": \"https://stopstestrg3196.dfs.core.windows.net/\",\r\n      \"web\": \"https://stopstestrg3196.z22.web.core.windows.net/\",\r\n      \"blob\": \"https://stopstestrg3196.blob.core.windows.net/\",\r\n      \"queue\": \"https://stopstestrg3196.queue.core.windows.net/\",\r\n      \"table\": \"https://stopstestrg3196.table.core.windows.net/\",\r\n      \"file\": \"https://stopstestrg3196.file.core.windows.net/\"\r\n    },\r\n    \"primaryLocation\": \"westus\",\r\n    \"statusOfPrimary\": \"available\",\r\n    \"secondaryLocation\": \"eastus\",\r\n    \"statusOfSecondary\": \"available\"\r\n  }\r\n}",
      "StatusCode": 200
    },
    {
      "RequestUri": "/subscriptions/ce4a7590-4722-4bcf-a2c6-e473e9f11778/resourceGroups/pstestrg3196/providers/Microsoft.Storage/storageAccounts/stopstestrg3196?api-version=2019-04-01",
      "EncodedRequestUri": "L3N1YnNjcmlwdGlvbnMvY2U0YTc1OTAtNDcyMi00YmNmLWEyYzYtZTQ3M2U5ZjExNzc4L3Jlc291cmNlR3JvdXBzL3BzdGVzdHJnMzE5Ni9wcm92aWRlcnMvTWljcm9zb2Z0LlN0b3JhZ2Uvc3RvcmFnZUFjY291bnRzL3N0b3BzdGVzdHJnMzE5Nj9hcGktdmVyc2lvbj0yMDE5LTA0LTAx",
      "RequestMethod": "GET",
      "RequestBody": "",
      "RequestHeaders": {
        "x-ms-client-request-id": [
          "0b8fbcca-0d76-4f2a-a355-fc76c14f4e38"
        ],
        "Accept-Language": [
          "en-US"
        ],
        "User-Agent": [
          "FxVersion/4.6.27207.03",
          "OSName/Windows",
          "OSVersion/Microsoft.Windows.10.0.17763.",
          "Microsoft.Azure.Management.Storage.StorageManagementClient/11.0.0.0"
        ]
      },
      "ResponseHeaders": {
        "Cache-Control": [
          "no-cache"
        ],
        "Pragma": [
          "no-cache"
        ],
        "x-ms-request-id": [
          "79005209-dc6c-46e0-9c14-a25922f1b2a8"
        ],
        "Strict-Transport-Security": [
          "max-age=31536000; includeSubDomains"
        ],
        "Server": [
          "Microsoft-Azure-Storage-Resource-Provider/1.0,Microsoft-HTTPAPI/2.0 Microsoft-HTTPAPI/2.0"
        ],
        "x-ms-ratelimit-remaining-subscription-reads": [
          "11991"
        ],
        "x-ms-correlation-request-id": [
          "ad16d084-92d2-4d3d-95d9-9c49bbb050a6"
        ],
        "x-ms-routing-request-id": [
          "SOUTHEASTASIA:20190419T080325Z:ad16d084-92d2-4d3d-95d9-9c49bbb050a6"
        ],
        "X-Content-Type-Options": [
          "nosniff"
        ],
        "Date": [
          "Fri, 19 Apr 2019 08:03:25 GMT"
        ],
        "Content-Length": [
          "1246"
        ],
        "Content-Type": [
          "application/json"
        ],
        "Expires": [
          "-1"
        ]
      },
      "ResponseBody": "{\r\n  \"sku\": {\r\n    \"name\": \"Standard_GRS\",\r\n    \"tier\": \"Standard\"\r\n  },\r\n  \"kind\": \"StorageV2\",\r\n  \"id\": \"/subscriptions/ce4a7590-4722-4bcf-a2c6-e473e9f11778/resourceGroups/pstestrg3196/providers/Microsoft.Storage/storageAccounts/stopstestrg3196\",\r\n  \"name\": \"stopstestrg3196\",\r\n  \"type\": \"Microsoft.Storage/storageAccounts\",\r\n  \"location\": \"westus\",\r\n  \"tags\": {},\r\n  \"properties\": {\r\n    \"networkAcls\": {\r\n      \"bypass\": \"AzureServices\",\r\n      \"virtualNetworkRules\": [],\r\n      \"ipRules\": [],\r\n      \"defaultAction\": \"Allow\"\r\n    },\r\n    \"supportsHttpsTrafficOnly\": false,\r\n    \"encryption\": {\r\n      \"services\": {\r\n        \"file\": {\r\n          \"enabled\": true,\r\n          \"lastEnabledTime\": \"2019-04-19T08:02:41.7433472Z\"\r\n        },\r\n        \"blob\": {\r\n          \"enabled\": true,\r\n          \"lastEnabledTime\": \"2019-04-19T08:02:41.7433472Z\"\r\n        }\r\n      },\r\n      \"keySource\": \"Microsoft.Storage\"\r\n    },\r\n    \"accessTier\": \"Hot\",\r\n    \"provisioningState\": \"Succeeded\",\r\n    \"creationTime\": \"2019-04-19T08:02:41.649606Z\",\r\n    \"primaryEndpoints\": {\r\n      \"dfs\": \"https://stopstestrg3196.dfs.core.windows.net/\",\r\n      \"web\": \"https://stopstestrg3196.z22.web.core.windows.net/\",\r\n      \"blob\": \"https://stopstestrg3196.blob.core.windows.net/\",\r\n      \"queue\": \"https://stopstestrg3196.queue.core.windows.net/\",\r\n      \"table\": \"https://stopstestrg3196.table.core.windows.net/\",\r\n      \"file\": \"https://stopstestrg3196.file.core.windows.net/\"\r\n    },\r\n    \"primaryLocation\": \"westus\",\r\n    \"statusOfPrimary\": \"available\",\r\n    \"secondaryLocation\": \"eastus\",\r\n    \"statusOfSecondary\": \"available\"\r\n  }\r\n}",
      "StatusCode": 200
    },
    {
      "RequestUri": "/subscriptions/ce4a7590-4722-4bcf-a2c6-e473e9f11778/resourceGroups/pstestrg3196/providers/Microsoft.Storage/storageAccounts/stopstestrg3196?api-version=2019-04-01",
      "EncodedRequestUri": "L3N1YnNjcmlwdGlvbnMvY2U0YTc1OTAtNDcyMi00YmNmLWEyYzYtZTQ3M2U5ZjExNzc4L3Jlc291cmNlR3JvdXBzL3BzdGVzdHJnMzE5Ni9wcm92aWRlcnMvTWljcm9zb2Z0LlN0b3JhZ2Uvc3RvcmFnZUFjY291bnRzL3N0b3BzdGVzdHJnMzE5Nj9hcGktdmVyc2lvbj0yMDE5LTA0LTAx",
      "RequestMethod": "GET",
      "RequestBody": "",
      "RequestHeaders": {
        "x-ms-client-request-id": [
          "7242681a-3d8c-4e0b-bb6a-a240fd7494f3"
        ],
        "Accept-Language": [
          "en-US"
        ],
        "User-Agent": [
          "FxVersion/4.6.27207.03",
          "OSName/Windows",
          "OSVersion/Microsoft.Windows.10.0.17763.",
          "Microsoft.Azure.Management.Storage.StorageManagementClient/11.0.0.0"
        ]
      },
      "ResponseHeaders": {
        "Cache-Control": [
          "no-cache"
        ],
        "Pragma": [
          "no-cache"
        ],
        "x-ms-request-id": [
          "e7c01bc5-fff6-4ded-9ca4-13029ac57f88"
        ],
        "Strict-Transport-Security": [
          "max-age=31536000; includeSubDomains"
        ],
        "Server": [
          "Microsoft-Azure-Storage-Resource-Provider/1.0,Microsoft-HTTPAPI/2.0 Microsoft-HTTPAPI/2.0"
        ],
        "x-ms-ratelimit-remaining-subscription-reads": [
          "11994"
        ],
        "x-ms-correlation-request-id": [
          "8a5ff43e-a30e-42a1-a6cb-c0a4ab0ae33a"
        ],
        "x-ms-routing-request-id": [
          "SOUTHEASTASIA:20190419T080328Z:8a5ff43e-a30e-42a1-a6cb-c0a4ab0ae33a"
        ],
        "X-Content-Type-Options": [
          "nosniff"
        ],
        "Date": [
          "Fri, 19 Apr 2019 08:03:27 GMT"
        ],
        "Content-Length": [
          "1245"
        ],
        "Content-Type": [
          "application/json"
        ],
        "Expires": [
          "-1"
        ]
      },
      "ResponseBody": "{\r\n  \"sku\": {\r\n    \"name\": \"Standard_GRS\",\r\n    \"tier\": \"Standard\"\r\n  },\r\n  \"kind\": \"StorageV2\",\r\n  \"id\": \"/subscriptions/ce4a7590-4722-4bcf-a2c6-e473e9f11778/resourceGroups/pstestrg3196/providers/Microsoft.Storage/storageAccounts/stopstestrg3196\",\r\n  \"name\": \"stopstestrg3196\",\r\n  \"type\": \"Microsoft.Storage/storageAccounts\",\r\n  \"location\": \"westus\",\r\n  \"tags\": {},\r\n  \"properties\": {\r\n    \"networkAcls\": {\r\n      \"bypass\": \"AzureServices\",\r\n      \"virtualNetworkRules\": [],\r\n      \"ipRules\": [],\r\n      \"defaultAction\": \"Allow\"\r\n    },\r\n    \"supportsHttpsTrafficOnly\": true,\r\n    \"encryption\": {\r\n      \"services\": {\r\n        \"file\": {\r\n          \"enabled\": true,\r\n          \"lastEnabledTime\": \"2019-04-19T08:02:41.7433472Z\"\r\n        },\r\n        \"blob\": {\r\n          \"enabled\": true,\r\n          \"lastEnabledTime\": \"2019-04-19T08:02:41.7433472Z\"\r\n        }\r\n      },\r\n      \"keySource\": \"Microsoft.Storage\"\r\n    },\r\n    \"accessTier\": \"Hot\",\r\n    \"provisioningState\": \"Succeeded\",\r\n    \"creationTime\": \"2019-04-19T08:02:41.649606Z\",\r\n    \"primaryEndpoints\": {\r\n      \"dfs\": \"https://stopstestrg3196.dfs.core.windows.net/\",\r\n      \"web\": \"https://stopstestrg3196.z22.web.core.windows.net/\",\r\n      \"blob\": \"https://stopstestrg3196.blob.core.windows.net/\",\r\n      \"queue\": \"https://stopstestrg3196.queue.core.windows.net/\",\r\n      \"table\": \"https://stopstestrg3196.table.core.windows.net/\",\r\n      \"file\": \"https://stopstestrg3196.file.core.windows.net/\"\r\n    },\r\n    \"primaryLocation\": \"westus\",\r\n    \"statusOfPrimary\": \"available\",\r\n    \"secondaryLocation\": \"eastus\",\r\n    \"statusOfSecondary\": \"available\"\r\n  }\r\n}",
      "StatusCode": 200
    },
    {
      "RequestUri": "/subscriptions/ce4a7590-4722-4bcf-a2c6-e473e9f11778/resourceGroups/pstestrg3196/providers/Microsoft.Storage/storageAccounts/stopstestrg3196?api-version=2019-04-01",
      "EncodedRequestUri": "L3N1YnNjcmlwdGlvbnMvY2U0YTc1OTAtNDcyMi00YmNmLWEyYzYtZTQ3M2U5ZjExNzc4L3Jlc291cmNlR3JvdXBzL3BzdGVzdHJnMzE5Ni9wcm92aWRlcnMvTWljcm9zb2Z0LlN0b3JhZ2Uvc3RvcmFnZUFjY291bnRzL3N0b3BzdGVzdHJnMzE5Nj9hcGktdmVyc2lvbj0yMDE5LTA0LTAx",
      "RequestMethod": "GET",
      "RequestBody": "",
      "RequestHeaders": {
        "x-ms-client-request-id": [
          "6ccc66f4-ffa0-4f51-bb0f-690913426829"
        ],
        "Accept-Language": [
          "en-US"
        ],
        "User-Agent": [
          "FxVersion/4.6.27207.03",
          "OSName/Windows",
          "OSVersion/Microsoft.Windows.10.0.17763.",
          "Microsoft.Azure.Management.Storage.StorageManagementClient/11.0.0.0"
        ]
      },
      "ResponseHeaders": {
        "Cache-Control": [
          "no-cache"
        ],
        "Pragma": [
          "no-cache"
        ],
        "x-ms-request-id": [
          "5387f03c-066f-49ad-86d8-9f6a4b4ed0d5"
        ],
        "Strict-Transport-Security": [
          "max-age=31536000; includeSubDomains"
        ],
        "Server": [
          "Microsoft-Azure-Storage-Resource-Provider/1.0,Microsoft-HTTPAPI/2.0 Microsoft-HTTPAPI/2.0"
        ],
        "x-ms-ratelimit-remaining-subscription-reads": [
          "11991"
        ],
        "x-ms-correlation-request-id": [
          "89d7888f-13c8-456b-9937-10f61dbded98"
        ],
        "x-ms-routing-request-id": [
          "SOUTHEASTASIA:20190419T080328Z:89d7888f-13c8-456b-9937-10f61dbded98"
        ],
        "X-Content-Type-Options": [
          "nosniff"
        ],
        "Date": [
          "Fri, 19 Apr 2019 08:03:28 GMT"
        ],
        "Content-Length": [
          "1245"
        ],
        "Content-Type": [
          "application/json"
        ],
        "Expires": [
          "-1"
        ]
      },
      "ResponseBody": "{\r\n  \"sku\": {\r\n    \"name\": \"Standard_GRS\",\r\n    \"tier\": \"Standard\"\r\n  },\r\n  \"kind\": \"StorageV2\",\r\n  \"id\": \"/subscriptions/ce4a7590-4722-4bcf-a2c6-e473e9f11778/resourceGroups/pstestrg3196/providers/Microsoft.Storage/storageAccounts/stopstestrg3196\",\r\n  \"name\": \"stopstestrg3196\",\r\n  \"type\": \"Microsoft.Storage/storageAccounts\",\r\n  \"location\": \"westus\",\r\n  \"tags\": {},\r\n  \"properties\": {\r\n    \"networkAcls\": {\r\n      \"bypass\": \"AzureServices\",\r\n      \"virtualNetworkRules\": [],\r\n      \"ipRules\": [],\r\n      \"defaultAction\": \"Allow\"\r\n    },\r\n    \"supportsHttpsTrafficOnly\": true,\r\n    \"encryption\": {\r\n      \"services\": {\r\n        \"file\": {\r\n          \"enabled\": true,\r\n          \"lastEnabledTime\": \"2019-04-19T08:02:41.7433472Z\"\r\n        },\r\n        \"blob\": {\r\n          \"enabled\": true,\r\n          \"lastEnabledTime\": \"2019-04-19T08:02:41.7433472Z\"\r\n        }\r\n      },\r\n      \"keySource\": \"Microsoft.Storage\"\r\n    },\r\n    \"accessTier\": \"Hot\",\r\n    \"provisioningState\": \"Succeeded\",\r\n    \"creationTime\": \"2019-04-19T08:02:41.649606Z\",\r\n    \"primaryEndpoints\": {\r\n      \"dfs\": \"https://stopstestrg3196.dfs.core.windows.net/\",\r\n      \"web\": \"https://stopstestrg3196.z22.web.core.windows.net/\",\r\n      \"blob\": \"https://stopstestrg3196.blob.core.windows.net/\",\r\n      \"queue\": \"https://stopstestrg3196.queue.core.windows.net/\",\r\n      \"table\": \"https://stopstestrg3196.table.core.windows.net/\",\r\n      \"file\": \"https://stopstestrg3196.file.core.windows.net/\"\r\n    },\r\n    \"primaryLocation\": \"westus\",\r\n    \"statusOfPrimary\": \"available\",\r\n    \"secondaryLocation\": \"eastus\",\r\n    \"statusOfSecondary\": \"available\"\r\n  }\r\n}",
      "StatusCode": 200
    },
    {
      "RequestUri": "/subscriptions/ce4a7590-4722-4bcf-a2c6-e473e9f11778/resourceGroups/pstestrg3196/providers/Microsoft.Storage/storageAccounts/stopstestrg31962?api-version=2019-04-01",
      "EncodedRequestUri": "L3N1YnNjcmlwdGlvbnMvY2U0YTc1OTAtNDcyMi00YmNmLWEyYzYtZTQ3M2U5ZjExNzc4L3Jlc291cmNlR3JvdXBzL3BzdGVzdHJnMzE5Ni9wcm92aWRlcnMvTWljcm9zb2Z0LlN0b3JhZ2Uvc3RvcmFnZUFjY291bnRzL3N0b3BzdGVzdHJnMzE5NjI/YXBpLXZlcnNpb249MjAxOS0wNC0wMQ==",
      "RequestMethod": "PUT",
      "RequestBody": "{\r\n  \"sku\": {\r\n    \"name\": \"Standard_GRS\"\r\n  },\r\n  \"kind\": \"StorageV2\",\r\n  \"location\": \"westus\"\r\n}",
      "RequestHeaders": {
        "x-ms-client-request-id": [
          "bc319c4f-9aac-408d-a502-cc2987ebcffb"
        ],
        "Accept-Language": [
          "en-US"
        ],
        "User-Agent": [
          "FxVersion/4.6.27207.03",
          "OSName/Windows",
          "OSVersion/Microsoft.Windows.10.0.17763.",
          "Microsoft.Azure.Management.Storage.StorageManagementClient/11.0.0.0"
        ],
        "Content-Type": [
          "application/json; charset=utf-8"
        ],
        "Content-Length": [
          "98"
        ]
      },
      "ResponseHeaders": {
        "Cache-Control": [
          "no-cache"
        ],
        "Pragma": [
          "no-cache"
        ],
        "Location": [
          "https://management.azure.com/subscriptions/ce4a7590-4722-4bcf-a2c6-e473e9f11778/providers/Microsoft.Storage/locations/westus/asyncoperations/7114ef74-8e8f-41b7-8cbe-c13bc2a3a519?monitor=true&api-version=2019-04-01"
        ],
        "Retry-After": [
          "17"
        ],
        "x-ms-request-id": [
          "7114ef74-8e8f-41b7-8cbe-c13bc2a3a519"
        ],
        "Strict-Transport-Security": [
          "max-age=31536000; includeSubDomains"
        ],
        "Server": [
          "Microsoft-Azure-Storage-Resource-Provider/1.0,Microsoft-HTTPAPI/2.0 Microsoft-HTTPAPI/2.0"
        ],
        "x-ms-ratelimit-remaining-subscription-writes": [
          "1194"
        ],
        "x-ms-correlation-request-id": [
          "b25b888f-d9d3-453a-a871-fae983d93f62"
        ],
        "x-ms-routing-request-id": [
          "SOUTHEASTASIA:20190419T080305Z:b25b888f-d9d3-453a-a871-fae983d93f62"
        ],
        "X-Content-Type-Options": [
          "nosniff"
        ],
        "Date": [
          "Fri, 19 Apr 2019 08:03:04 GMT"
        ],
        "Content-Type": [
          "text/plain; charset=utf-8"
        ],
        "Expires": [
          "-1"
        ],
        "Content-Length": [
          "0"
        ]
      },
      "ResponseBody": "",
      "StatusCode": 202
    },
    {
      "RequestUri": "/subscriptions/ce4a7590-4722-4bcf-a2c6-e473e9f11778/providers/Microsoft.Storage/locations/westus/asyncoperations/7114ef74-8e8f-41b7-8cbe-c13bc2a3a519?monitor=true&api-version=2019-04-01",
      "EncodedRequestUri": "L3N1YnNjcmlwdGlvbnMvY2U0YTc1OTAtNDcyMi00YmNmLWEyYzYtZTQ3M2U5ZjExNzc4L3Byb3ZpZGVycy9NaWNyb3NvZnQuU3RvcmFnZS9sb2NhdGlvbnMvd2VzdHVzL2FzeW5jb3BlcmF0aW9ucy83MTE0ZWY3NC04ZThmLTQxYjctOGNiZS1jMTNiYzJhM2E1MTk/bW9uaXRvcj10cnVlJmFwaS12ZXJzaW9uPTIwMTktMDQtMDE=",
      "RequestMethod": "GET",
      "RequestBody": "",
      "RequestHeaders": {
        "User-Agent": [
          "FxVersion/4.6.27207.03",
          "OSName/Windows",
          "OSVersion/Microsoft.Windows.10.0.17763.",
          "Microsoft.Azure.Management.Storage.StorageManagementClient/11.0.0.0"
        ]
      },
      "ResponseHeaders": {
        "Cache-Control": [
          "no-cache"
        ],
        "Pragma": [
          "no-cache"
        ],
        "x-ms-request-id": [
          "4e5b8a14-b24d-40ad-834a-1b57ab806a1c"
        ],
        "Strict-Transport-Security": [
          "max-age=31536000; includeSubDomains"
        ],
        "Server": [
          "Microsoft-Azure-Storage-Resource-Provider/1.0,Microsoft-HTTPAPI/2.0 Microsoft-HTTPAPI/2.0"
        ],
        "x-ms-ratelimit-remaining-subscription-reads": [
          "11969"
        ],
        "x-ms-correlation-request-id": [
          "74342f2b-482c-4c0e-a164-b21d695ddab5"
        ],
        "x-ms-routing-request-id": [
          "SOUTHEASTASIA:20190419T080322Z:74342f2b-482c-4c0e-a164-b21d695ddab5"
        ],
        "X-Content-Type-Options": [
          "nosniff"
        ],
        "Date": [
          "Fri, 19 Apr 2019 08:03:22 GMT"
        ],
        "Content-Length": [
          "1254"
        ],
        "Content-Type": [
          "application/json"
        ],
        "Expires": [
          "-1"
        ]
      },
      "ResponseBody": "{\r\n  \"sku\": {\r\n    \"name\": \"Standard_GRS\",\r\n    \"tier\": \"Standard\"\r\n  },\r\n  \"kind\": \"StorageV2\",\r\n  \"id\": \"/subscriptions/ce4a7590-4722-4bcf-a2c6-e473e9f11778/resourceGroups/pstestrg3196/providers/Microsoft.Storage/storageAccounts/stopstestrg31962\",\r\n  \"name\": \"stopstestrg31962\",\r\n  \"type\": \"Microsoft.Storage/storageAccounts\",\r\n  \"location\": \"westus\",\r\n  \"tags\": {},\r\n  \"properties\": {\r\n    \"networkAcls\": {\r\n      \"bypass\": \"AzureServices\",\r\n      \"virtualNetworkRules\": [],\r\n      \"ipRules\": [],\r\n      \"defaultAction\": \"Allow\"\r\n    },\r\n    \"supportsHttpsTrafficOnly\": false,\r\n    \"encryption\": {\r\n      \"services\": {\r\n        \"file\": {\r\n          \"enabled\": true,\r\n          \"lastEnabledTime\": \"2019-04-19T08:03:04.7629057Z\"\r\n        },\r\n        \"blob\": {\r\n          \"enabled\": true,\r\n          \"lastEnabledTime\": \"2019-04-19T08:03:04.7629057Z\"\r\n        }\r\n      },\r\n      \"keySource\": \"Microsoft.Storage\"\r\n    },\r\n    \"accessTier\": \"Hot\",\r\n    \"provisioningState\": \"Succeeded\",\r\n    \"creationTime\": \"2019-04-19T08:03:04.6691047Z\",\r\n    \"primaryEndpoints\": {\r\n      \"dfs\": \"https://stopstestrg31962.dfs.core.windows.net/\",\r\n      \"web\": \"https://stopstestrg31962.z22.web.core.windows.net/\",\r\n      \"blob\": \"https://stopstestrg31962.blob.core.windows.net/\",\r\n      \"queue\": \"https://stopstestrg31962.queue.core.windows.net/\",\r\n      \"table\": \"https://stopstestrg31962.table.core.windows.net/\",\r\n      \"file\": \"https://stopstestrg31962.file.core.windows.net/\"\r\n    },\r\n    \"primaryLocation\": \"westus\",\r\n    \"statusOfPrimary\": \"available\",\r\n    \"secondaryLocation\": \"eastus\",\r\n    \"statusOfSecondary\": \"available\"\r\n  }\r\n}",
      "StatusCode": 200
    },
    {
      "RequestUri": "/subscriptions/ce4a7590-4722-4bcf-a2c6-e473e9f11778/resourceGroups/pstestrg3196/providers/Microsoft.Storage/storageAccounts/stopstestrg31962?api-version=2019-04-01",
      "EncodedRequestUri": "L3N1YnNjcmlwdGlvbnMvY2U0YTc1OTAtNDcyMi00YmNmLWEyYzYtZTQ3M2U5ZjExNzc4L3Jlc291cmNlR3JvdXBzL3BzdGVzdHJnMzE5Ni9wcm92aWRlcnMvTWljcm9zb2Z0LlN0b3JhZ2Uvc3RvcmFnZUFjY291bnRzL3N0b3BzdGVzdHJnMzE5NjI/YXBpLXZlcnNpb249MjAxOS0wNC0wMQ==",
      "RequestMethod": "GET",
      "RequestBody": "",
      "RequestHeaders": {
        "x-ms-client-request-id": [
          "8ddcae20-3c1c-4618-aaee-0e3aa4e6f5af"
        ],
        "Accept-Language": [
          "en-US"
        ],
        "User-Agent": [
          "FxVersion/4.6.27207.03",
          "OSName/Windows",
          "OSVersion/Microsoft.Windows.10.0.17763.",
          "Microsoft.Azure.Management.Storage.StorageManagementClient/11.0.0.0"
        ]
      },
      "ResponseHeaders": {
        "Cache-Control": [
          "no-cache"
        ],
        "Pragma": [
          "no-cache"
        ],
        "x-ms-request-id": [
          "559c56ba-edb9-47ed-a724-694ae268460f"
        ],
        "Strict-Transport-Security": [
          "max-age=31536000; includeSubDomains"
        ],
        "Server": [
          "Microsoft-Azure-Storage-Resource-Provider/1.0,Microsoft-HTTPAPI/2.0 Microsoft-HTTPAPI/2.0"
        ],
        "x-ms-ratelimit-remaining-subscription-reads": [
          "11968"
        ],
        "x-ms-correlation-request-id": [
          "a91fffcf-f041-4d33-afb0-9dde46a8a404"
        ],
        "x-ms-routing-request-id": [
          "SOUTHEASTASIA:20190419T080322Z:a91fffcf-f041-4d33-afb0-9dde46a8a404"
        ],
        "X-Content-Type-Options": [
          "nosniff"
        ],
        "Date": [
          "Fri, 19 Apr 2019 08:03:22 GMT"
        ],
        "Content-Length": [
          "1254"
        ],
        "Content-Type": [
          "application/json"
        ],
        "Expires": [
          "-1"
        ]
      },
      "ResponseBody": "{\r\n  \"sku\": {\r\n    \"name\": \"Standard_GRS\",\r\n    \"tier\": \"Standard\"\r\n  },\r\n  \"kind\": \"StorageV2\",\r\n  \"id\": \"/subscriptions/ce4a7590-4722-4bcf-a2c6-e473e9f11778/resourceGroups/pstestrg3196/providers/Microsoft.Storage/storageAccounts/stopstestrg31962\",\r\n  \"name\": \"stopstestrg31962\",\r\n  \"type\": \"Microsoft.Storage/storageAccounts\",\r\n  \"location\": \"westus\",\r\n  \"tags\": {},\r\n  \"properties\": {\r\n    \"networkAcls\": {\r\n      \"bypass\": \"AzureServices\",\r\n      \"virtualNetworkRules\": [],\r\n      \"ipRules\": [],\r\n      \"defaultAction\": \"Allow\"\r\n    },\r\n    \"supportsHttpsTrafficOnly\": false,\r\n    \"encryption\": {\r\n      \"services\": {\r\n        \"file\": {\r\n          \"enabled\": true,\r\n          \"lastEnabledTime\": \"2019-04-19T08:03:04.7629057Z\"\r\n        },\r\n        \"blob\": {\r\n          \"enabled\": true,\r\n          \"lastEnabledTime\": \"2019-04-19T08:03:04.7629057Z\"\r\n        }\r\n      },\r\n      \"keySource\": \"Microsoft.Storage\"\r\n    },\r\n    \"accessTier\": \"Hot\",\r\n    \"provisioningState\": \"Succeeded\",\r\n    \"creationTime\": \"2019-04-19T08:03:04.6691047Z\",\r\n    \"primaryEndpoints\": {\r\n      \"dfs\": \"https://stopstestrg31962.dfs.core.windows.net/\",\r\n      \"web\": \"https://stopstestrg31962.z22.web.core.windows.net/\",\r\n      \"blob\": \"https://stopstestrg31962.blob.core.windows.net/\",\r\n      \"queue\": \"https://stopstestrg31962.queue.core.windows.net/\",\r\n      \"table\": \"https://stopstestrg31962.table.core.windows.net/\",\r\n      \"file\": \"https://stopstestrg31962.file.core.windows.net/\"\r\n    },\r\n    \"primaryLocation\": \"westus\",\r\n    \"statusOfPrimary\": \"available\",\r\n    \"secondaryLocation\": \"eastus\",\r\n    \"statusOfSecondary\": \"available\"\r\n  }\r\n}",
      "StatusCode": 200
    },
    {
      "RequestUri": "/subscriptions/ce4a7590-4722-4bcf-a2c6-e473e9f11778/resourceGroups/pstestrg3196/providers/Microsoft.Storage/storageAccounts/stopstestrg3196?api-version=2019-04-01",
      "EncodedRequestUri": "L3N1YnNjcmlwdGlvbnMvY2U0YTc1OTAtNDcyMi00YmNmLWEyYzYtZTQ3M2U5ZjExNzc4L3Jlc291cmNlR3JvdXBzL3BzdGVzdHJnMzE5Ni9wcm92aWRlcnMvTWljcm9zb2Z0LlN0b3JhZ2Uvc3RvcmFnZUFjY291bnRzL3N0b3BzdGVzdHJnMzE5Nj9hcGktdmVyc2lvbj0yMDE5LTA0LTAx",
      "RequestMethod": "PATCH",
      "RequestBody": "{\r\n  \"tags\": {},\r\n  \"kind\": \"StorageV2\"\r\n}",
      "RequestHeaders": {
        "x-ms-client-request-id": [
          "f6e4f6c1-8bc3-411e-875c-ed81ae317453"
        ],
        "Accept-Language": [
          "en-US"
        ],
        "User-Agent": [
          "FxVersion/4.6.27207.03",
          "OSName/Windows",
          "OSVersion/Microsoft.Windows.10.0.17763.",
          "Microsoft.Azure.Management.Storage.StorageManagementClient/11.0.0.0"
        ],
        "Content-Type": [
          "application/json; charset=utf-8"
        ],
        "Content-Length": [
          "42"
        ]
      },
      "ResponseHeaders": {
        "Cache-Control": [
          "no-cache"
        ],
        "Pragma": [
          "no-cache"
        ],
        "x-ms-request-id": [
          "87d8b2ed-a315-488c-b58f-6427b10e4d12"
        ],
        "Strict-Transport-Security": [
          "max-age=31536000; includeSubDomains"
        ],
        "Server": [
          "Microsoft-Azure-Storage-Resource-Provider/1.0,Microsoft-HTTPAPI/2.0 Microsoft-HTTPAPI/2.0"
        ],
        "x-ms-ratelimit-remaining-subscription-writes": [
          "1193"
        ],
        "x-ms-correlation-request-id": [
          "36d41807-5458-4cd8-9529-2a32f6da0710"
        ],
        "x-ms-routing-request-id": [
          "SOUTHEASTASIA:20190419T080325Z:36d41807-5458-4cd8-9529-2a32f6da0710"
        ],
        "X-Content-Type-Options": [
          "nosniff"
        ],
        "Date": [
          "Fri, 19 Apr 2019 08:03:24 GMT"
        ],
        "Content-Length": [
          "1246"
        ],
        "Content-Type": [
          "application/json"
        ],
        "Expires": [
          "-1"
        ]
      },
      "ResponseBody": "{\r\n  \"sku\": {\r\n    \"name\": \"Standard_GRS\",\r\n    \"tier\": \"Standard\"\r\n  },\r\n  \"kind\": \"StorageV2\",\r\n  \"id\": \"/subscriptions/ce4a7590-4722-4bcf-a2c6-e473e9f11778/resourceGroups/pstestrg3196/providers/Microsoft.Storage/storageAccounts/stopstestrg3196\",\r\n  \"name\": \"stopstestrg3196\",\r\n  \"type\": \"Microsoft.Storage/storageAccounts\",\r\n  \"location\": \"westus\",\r\n  \"tags\": {},\r\n  \"properties\": {\r\n    \"networkAcls\": {\r\n      \"bypass\": \"AzureServices\",\r\n      \"virtualNetworkRules\": [],\r\n      \"ipRules\": [],\r\n      \"defaultAction\": \"Allow\"\r\n    },\r\n    \"supportsHttpsTrafficOnly\": false,\r\n    \"encryption\": {\r\n      \"services\": {\r\n        \"file\": {\r\n          \"enabled\": true,\r\n          \"lastEnabledTime\": \"2019-04-19T08:02:41.7433472Z\"\r\n        },\r\n        \"blob\": {\r\n          \"enabled\": true,\r\n          \"lastEnabledTime\": \"2019-04-19T08:02:41.7433472Z\"\r\n        }\r\n      },\r\n      \"keySource\": \"Microsoft.Storage\"\r\n    },\r\n    \"accessTier\": \"Hot\",\r\n    \"provisioningState\": \"Succeeded\",\r\n    \"creationTime\": \"2019-04-19T08:02:41.649606Z\",\r\n    \"primaryEndpoints\": {\r\n      \"dfs\": \"https://stopstestrg3196.dfs.core.windows.net/\",\r\n      \"web\": \"https://stopstestrg3196.z22.web.core.windows.net/\",\r\n      \"blob\": \"https://stopstestrg3196.blob.core.windows.net/\",\r\n      \"queue\": \"https://stopstestrg3196.queue.core.windows.net/\",\r\n      \"table\": \"https://stopstestrg3196.table.core.windows.net/\",\r\n      \"file\": \"https://stopstestrg3196.file.core.windows.net/\"\r\n    },\r\n    \"primaryLocation\": \"westus\",\r\n    \"statusOfPrimary\": \"available\",\r\n    \"secondaryLocation\": \"eastus\",\r\n    \"statusOfSecondary\": \"available\"\r\n  }\r\n}",
      "StatusCode": 200
    },
    {
      "RequestUri": "/subscriptions/ce4a7590-4722-4bcf-a2c6-e473e9f11778/resourceGroups/pstestrg3196/providers/Microsoft.Storage/storageAccounts/stopstestrg3196?api-version=2019-04-01",
      "EncodedRequestUri": "L3N1YnNjcmlwdGlvbnMvY2U0YTc1OTAtNDcyMi00YmNmLWEyYzYtZTQ3M2U5ZjExNzc4L3Jlc291cmNlR3JvdXBzL3BzdGVzdHJnMzE5Ni9wcm92aWRlcnMvTWljcm9zb2Z0LlN0b3JhZ2Uvc3RvcmFnZUFjY291bnRzL3N0b3BzdGVzdHJnMzE5Nj9hcGktdmVyc2lvbj0yMDE5LTA0LTAx",
      "RequestMethod": "PATCH",
      "RequestBody": "{\r\n  \"tags\": {},\r\n  \"properties\": {\r\n    \"supportsHttpsTrafficOnly\": true\r\n  }\r\n}",
      "RequestHeaders": {
        "x-ms-client-request-id": [
          "c051b1ff-3596-4b1c-8222-b598118ac1df"
        ],
        "Accept-Language": [
          "en-US"
        ],
        "User-Agent": [
          "FxVersion/4.6.27207.03",
          "OSName/Windows",
          "OSVersion/Microsoft.Windows.10.0.17763.",
          "Microsoft.Azure.Management.Storage.StorageManagementClient/11.0.0.0"
        ],
        "Content-Type": [
          "application/json; charset=utf-8"
        ],
        "Content-Length": [
          "81"
        ]
      },
      "ResponseHeaders": {
        "Cache-Control": [
          "no-cache"
        ],
        "Pragma": [
          "no-cache"
        ],
        "x-ms-request-id": [
          "25c04a49-9e2f-45f1-bad0-8cff8c56fd0a"
        ],
        "Strict-Transport-Security": [
          "max-age=31536000; includeSubDomains"
        ],
        "Server": [
          "Microsoft-Azure-Storage-Resource-Provider/1.0,Microsoft-HTTPAPI/2.0 Microsoft-HTTPAPI/2.0"
        ],
        "x-ms-ratelimit-remaining-subscription-writes": [
          "1198"
        ],
        "x-ms-correlation-request-id": [
          "b3c223c7-a237-4420-8d28-28eb2fa71ba3"
        ],
        "x-ms-routing-request-id": [
          "SOUTHEASTASIA:20190419T080328Z:b3c223c7-a237-4420-8d28-28eb2fa71ba3"
        ],
        "X-Content-Type-Options": [
          "nosniff"
        ],
        "Date": [
          "Fri, 19 Apr 2019 08:03:27 GMT"
        ],
        "Content-Length": [
          "1245"
        ],
        "Content-Type": [
          "application/json"
        ],
        "Expires": [
          "-1"
        ]
      },
      "ResponseBody": "{\r\n  \"sku\": {\r\n    \"name\": \"Standard_GRS\",\r\n    \"tier\": \"Standard\"\r\n  },\r\n  \"kind\": \"StorageV2\",\r\n  \"id\": \"/subscriptions/ce4a7590-4722-4bcf-a2c6-e473e9f11778/resourceGroups/pstestrg3196/providers/Microsoft.Storage/storageAccounts/stopstestrg3196\",\r\n  \"name\": \"stopstestrg3196\",\r\n  \"type\": \"Microsoft.Storage/storageAccounts\",\r\n  \"location\": \"westus\",\r\n  \"tags\": {},\r\n  \"properties\": {\r\n    \"networkAcls\": {\r\n      \"bypass\": \"AzureServices\",\r\n      \"virtualNetworkRules\": [],\r\n      \"ipRules\": [],\r\n      \"defaultAction\": \"Allow\"\r\n    },\r\n    \"supportsHttpsTrafficOnly\": true,\r\n    \"encryption\": {\r\n      \"services\": {\r\n        \"file\": {\r\n          \"enabled\": true,\r\n          \"lastEnabledTime\": \"2019-04-19T08:02:41.7433472Z\"\r\n        },\r\n        \"blob\": {\r\n          \"enabled\": true,\r\n          \"lastEnabledTime\": \"2019-04-19T08:02:41.7433472Z\"\r\n        }\r\n      },\r\n      \"keySource\": \"Microsoft.Storage\"\r\n    },\r\n    \"accessTier\": \"Hot\",\r\n    \"provisioningState\": \"Succeeded\",\r\n    \"creationTime\": \"2019-04-19T08:02:41.649606Z\",\r\n    \"primaryEndpoints\": {\r\n      \"dfs\": \"https://stopstestrg3196.dfs.core.windows.net/\",\r\n      \"web\": \"https://stopstestrg3196.z22.web.core.windows.net/\",\r\n      \"blob\": \"https://stopstestrg3196.blob.core.windows.net/\",\r\n      \"queue\": \"https://stopstestrg3196.queue.core.windows.net/\",\r\n      \"table\": \"https://stopstestrg3196.table.core.windows.net/\",\r\n      \"file\": \"https://stopstestrg3196.file.core.windows.net/\"\r\n    },\r\n    \"primaryLocation\": \"westus\",\r\n    \"statusOfPrimary\": \"available\",\r\n    \"secondaryLocation\": \"eastus\",\r\n    \"statusOfSecondary\": \"available\"\r\n  }\r\n}",
      "StatusCode": 200
    },
    {
      "RequestUri": "/subscriptions/ce4a7590-4722-4bcf-a2c6-e473e9f11778/resourceGroups/pstestrg3196/providers/Microsoft.Storage/storageAccounts/stopstestrg3196?api-version=2019-04-01",
      "EncodedRequestUri": "L3N1YnNjcmlwdGlvbnMvY2U0YTc1OTAtNDcyMi00YmNmLWEyYzYtZTQ3M2U5ZjExNzc4L3Jlc291cmNlR3JvdXBzL3BzdGVzdHJnMzE5Ni9wcm92aWRlcnMvTWljcm9zb2Z0LlN0b3JhZ2Uvc3RvcmFnZUFjY291bnRzL3N0b3BzdGVzdHJnMzE5Nj9hcGktdmVyc2lvbj0yMDE5LTA0LTAx",
      "RequestMethod": "DELETE",
      "RequestBody": "",
      "RequestHeaders": {
        "x-ms-client-request-id": [
          "ea17739f-ad3b-45fb-b0a6-e73cd0e56a4c"
        ],
        "Accept-Language": [
          "en-US"
        ],
        "User-Agent": [
          "FxVersion/4.6.27207.03",
          "OSName/Windows",
          "OSVersion/Microsoft.Windows.10.0.17763.",
          "Microsoft.Azure.Management.Storage.StorageManagementClient/11.0.0.0"
        ]
      },
      "ResponseHeaders": {
        "Cache-Control": [
          "no-cache"
        ],
        "Pragma": [
          "no-cache"
        ],
        "x-ms-request-id": [
          "b3846752-ba35-4183-8e8a-08169d2e84bf"
        ],
        "Strict-Transport-Security": [
          "max-age=31536000; includeSubDomains"
        ],
        "Server": [
          "Microsoft-Azure-Storage-Resource-Provider/1.0,Microsoft-HTTPAPI/2.0 Microsoft-HTTPAPI/2.0"
        ],
        "x-ms-ratelimit-remaining-subscription-deletes": [
          "14999"
        ],
        "x-ms-correlation-request-id": [
          "13dc6562-6ae9-4877-8875-a4205bfd963b"
        ],
        "x-ms-routing-request-id": [
          "SOUTHEASTASIA:20190419T080331Z:13dc6562-6ae9-4877-8875-a4205bfd963b"
        ],
        "X-Content-Type-Options": [
          "nosniff"
        ],
        "Date": [
          "Fri, 19 Apr 2019 08:03:31 GMT"
        ],
        "Content-Type": [
          "text/plain; charset=utf-8"
        ],
        "Expires": [
          "-1"
        ],
        "Content-Length": [
          "0"
        ]
      },
      "ResponseBody": "",
      "StatusCode": 200
    },
    {
      "RequestUri": "/subscriptions/ce4a7590-4722-4bcf-a2c6-e473e9f11778/resourceGroups/pstestrg3196/providers/Microsoft.Storage/storageAccounts/stopstestrg31962?api-version=2019-04-01",
      "EncodedRequestUri": "L3N1YnNjcmlwdGlvbnMvY2U0YTc1OTAtNDcyMi00YmNmLWEyYzYtZTQ3M2U5ZjExNzc4L3Jlc291cmNlR3JvdXBzL3BzdGVzdHJnMzE5Ni9wcm92aWRlcnMvTWljcm9zb2Z0LlN0b3JhZ2Uvc3RvcmFnZUFjY291bnRzL3N0b3BzdGVzdHJnMzE5NjI/YXBpLXZlcnNpb249MjAxOS0wNC0wMQ==",
      "RequestMethod": "DELETE",
      "RequestBody": "",
      "RequestHeaders": {
        "x-ms-client-request-id": [
          "62a48ee5-c06e-4a66-bb99-38c5a883cc25"
        ],
        "Accept-Language": [
          "en-US"
        ],
        "User-Agent": [
          "FxVersion/4.6.27207.03",
          "OSName/Windows",
          "OSVersion/Microsoft.Windows.10.0.17763.",
          "Microsoft.Azure.Management.Storage.StorageManagementClient/11.0.0.0"
        ]
      },
      "ResponseHeaders": {
        "Cache-Control": [
          "no-cache"
        ],
        "Pragma": [
          "no-cache"
        ],
        "x-ms-request-id": [
          "7c9a3196-c70e-4e29-a936-be5c14bd4410"
        ],
        "Strict-Transport-Security": [
          "max-age=31536000; includeSubDomains"
        ],
        "Server": [
          "Microsoft-Azure-Storage-Resource-Provider/1.0,Microsoft-HTTPAPI/2.0 Microsoft-HTTPAPI/2.0"
        ],
        "x-ms-ratelimit-remaining-subscription-deletes": [
          "14995"
        ],
        "x-ms-correlation-request-id": [
          "9b0f8d9e-751e-4143-8afe-ff4aee3d99d1"
        ],
        "x-ms-routing-request-id": [
          "SOUTHEASTASIA:20190419T080335Z:9b0f8d9e-751e-4143-8afe-ff4aee3d99d1"
        ],
        "X-Content-Type-Options": [
          "nosniff"
        ],
        "Date": [
          "Fri, 19 Apr 2019 08:03:35 GMT"
        ],
        "Content-Type": [
          "text/plain; charset=utf-8"
        ],
        "Expires": [
          "-1"
        ],
        "Content-Length": [
          "0"
        ]
      },
      "ResponseBody": "",
      "StatusCode": 200
    },
    {
      "RequestUri": "/subscriptions/ce4a7590-4722-4bcf-a2c6-e473e9f11778/resourcegroups/pstestrg3196?api-version=2016-09-01",
      "EncodedRequestUri": "L3N1YnNjcmlwdGlvbnMvY2U0YTc1OTAtNDcyMi00YmNmLWEyYzYtZTQ3M2U5ZjExNzc4L3Jlc291cmNlZ3JvdXBzL3BzdGVzdHJnMzE5Nj9hcGktdmVyc2lvbj0yMDE2LTA5LTAx",
      "RequestMethod": "DELETE",
      "RequestBody": "",
      "RequestHeaders": {
        "x-ms-client-request-id": [
          "c685636d-f1a9-40fe-93e2-149b75f12a86"
        ],
        "Accept-Language": [
          "en-US"
        ],
        "User-Agent": [
          "FxVersion/4.6.27207.03",
          "OSName/Windows",
          "OSVersion/Microsoft.Windows.10.0.17763.",
          "Microsoft.Azure.Management.Internal.Resources.ResourceManagementClient/1.1.19"
        ]
      },
      "ResponseHeaders": {
        "Cache-Control": [
          "no-cache"
        ],
        "Pragma": [
          "no-cache"
        ],
        "Location": [
          "https://management.azure.com/subscriptions/ce4a7590-4722-4bcf-a2c6-e473e9f11778/operationresults/eyJqb2JJZCI6IlJFU09VUkNFR1JPVVBERUxFVElPTkpPQi1QU1RFU1RSRzMxOTYtV0VTVFVTIiwiam9iTG9jYXRpb24iOiJ3ZXN0dXMifQ?api-version=2016-09-01"
        ],
        "Retry-After": [
          "15"
        ],
        "x-ms-ratelimit-remaining-subscription-deletes": [
          "14996"
        ],
        "x-ms-request-id": [
          "0b9c6ab9-c315-4f80-8cf4-dde45ebbea7f"
        ],
        "x-ms-correlation-request-id": [
          "0b9c6ab9-c315-4f80-8cf4-dde45ebbea7f"
        ],
        "x-ms-routing-request-id": [
          "SOUTHEASTASIA:20190419T080338Z:0b9c6ab9-c315-4f80-8cf4-dde45ebbea7f"
        ],
        "Strict-Transport-Security": [
          "max-age=31536000; includeSubDomains"
        ],
        "X-Content-Type-Options": [
          "nosniff"
        ],
        "Date": [
          "Fri, 19 Apr 2019 08:03:38 GMT"
        ],
        "Expires": [
          "-1"
        ],
        "Content-Length": [
          "0"
        ]
      },
      "ResponseBody": "",
      "StatusCode": 202
    },
    {
      "RequestUri": "/subscriptions/ce4a7590-4722-4bcf-a2c6-e473e9f11778/operationresults/eyJqb2JJZCI6IlJFU09VUkNFR1JPVVBERUxFVElPTkpPQi1QU1RFU1RSRzMxOTYtV0VTVFVTIiwiam9iTG9jYXRpb24iOiJ3ZXN0dXMifQ?api-version=2016-09-01",
      "EncodedRequestUri": "L3N1YnNjcmlwdGlvbnMvY2U0YTc1OTAtNDcyMi00YmNmLWEyYzYtZTQ3M2U5ZjExNzc4L29wZXJhdGlvbnJlc3VsdHMvZXlKcWIySkpaQ0k2SWxKRlUwOVZVa05GUjFKUFZWQkVSVXhGVkVsUFRrcFBRaTFRVTFSRlUxUlNSek14T1RZdFYwVlRWRlZUSWl3aWFtOWlURzlqWVhScGIyNGlPaUozWlhOMGRYTWlmUT9hcGktdmVyc2lvbj0yMDE2LTA5LTAx",
      "RequestMethod": "GET",
      "RequestBody": "",
      "RequestHeaders": {
        "User-Agent": [
          "FxVersion/4.6.27207.03",
          "OSName/Windows",
          "OSVersion/Microsoft.Windows.10.0.17763.",
          "Microsoft.Azure.Management.Internal.Resources.ResourceManagementClient/1.1.19"
        ]
      },
      "ResponseHeaders": {
        "Cache-Control": [
          "no-cache"
        ],
        "Pragma": [
          "no-cache"
        ],
        "Location": [
          "https://management.azure.com/subscriptions/ce4a7590-4722-4bcf-a2c6-e473e9f11778/operationresults/eyJqb2JJZCI6IlJFU09VUkNFR1JPVVBERUxFVElPTkpPQi1QU1RFU1RSRzMxOTYtV0VTVFVTIiwiam9iTG9jYXRpb24iOiJ3ZXN0dXMifQ?api-version=2016-09-01"
        ],
        "Retry-After": [
          "15"
        ],
        "x-ms-ratelimit-remaining-subscription-reads": [
          "11967"
        ],
        "x-ms-request-id": [
          "7280a51e-65cd-4054-9ca9-8c2210842852"
        ],
        "x-ms-correlation-request-id": [
          "7280a51e-65cd-4054-9ca9-8c2210842852"
        ],
        "x-ms-routing-request-id": [
          "SOUTHEASTASIA:20190419T080353Z:7280a51e-65cd-4054-9ca9-8c2210842852"
        ],
        "Strict-Transport-Security": [
          "max-age=31536000; includeSubDomains"
        ],
        "X-Content-Type-Options": [
          "nosniff"
        ],
        "Date": [
          "Fri, 19 Apr 2019 08:03:53 GMT"
        ],
        "Expires": [
          "-1"
        ],
        "Content-Length": [
          "0"
        ]
      },
      "ResponseBody": "",
      "StatusCode": 202
    },
    {
      "RequestUri": "/subscriptions/ce4a7590-4722-4bcf-a2c6-e473e9f11778/operationresults/eyJqb2JJZCI6IlJFU09VUkNFR1JPVVBERUxFVElPTkpPQi1QU1RFU1RSRzMxOTYtV0VTVFVTIiwiam9iTG9jYXRpb24iOiJ3ZXN0dXMifQ?api-version=2016-09-01",
      "EncodedRequestUri": "L3N1YnNjcmlwdGlvbnMvY2U0YTc1OTAtNDcyMi00YmNmLWEyYzYtZTQ3M2U5ZjExNzc4L29wZXJhdGlvbnJlc3VsdHMvZXlKcWIySkpaQ0k2SWxKRlUwOVZVa05GUjFKUFZWQkVSVXhGVkVsUFRrcFBRaTFRVTFSRlUxUlNSek14T1RZdFYwVlRWRlZUSWl3aWFtOWlURzlqWVhScGIyNGlPaUozWlhOMGRYTWlmUT9hcGktdmVyc2lvbj0yMDE2LTA5LTAx",
      "RequestMethod": "GET",
      "RequestBody": "",
      "RequestHeaders": {
        "User-Agent": [
          "FxVersion/4.6.27207.03",
          "OSName/Windows",
          "OSVersion/Microsoft.Windows.10.0.17763.",
          "Microsoft.Azure.Management.Internal.Resources.ResourceManagementClient/1.1.19"
        ]
      },
      "ResponseHeaders": {
        "Cache-Control": [
          "no-cache"
        ],
        "Pragma": [
          "no-cache"
        ],
        "Location": [
          "https://management.azure.com/subscriptions/ce4a7590-4722-4bcf-a2c6-e473e9f11778/operationresults/eyJqb2JJZCI6IlJFU09VUkNFR1JPVVBERUxFVElPTkpPQi1QU1RFU1RSRzMxOTYtV0VTVFVTIiwiam9iTG9jYXRpb24iOiJ3ZXN0dXMifQ?api-version=2016-09-01"
        ],
        "Retry-After": [
          "15"
        ],
        "x-ms-ratelimit-remaining-subscription-reads": [
          "11966"
        ],
        "x-ms-request-id": [
          "4db27896-431c-497e-a323-d0df9b8467ed"
        ],
        "x-ms-correlation-request-id": [
          "4db27896-431c-497e-a323-d0df9b8467ed"
        ],
        "x-ms-routing-request-id": [
          "SOUTHEASTASIA:20190419T080409Z:4db27896-431c-497e-a323-d0df9b8467ed"
        ],
        "Strict-Transport-Security": [
          "max-age=31536000; includeSubDomains"
        ],
        "X-Content-Type-Options": [
          "nosniff"
        ],
        "Date": [
          "Fri, 19 Apr 2019 08:04:09 GMT"
        ],
        "Expires": [
          "-1"
        ],
        "Content-Length": [
          "0"
        ]
      },
      "ResponseBody": "",
      "StatusCode": 202
    },
    {
      "RequestUri": "/subscriptions/ce4a7590-4722-4bcf-a2c6-e473e9f11778/operationresults/eyJqb2JJZCI6IlJFU09VUkNFR1JPVVBERUxFVElPTkpPQi1QU1RFU1RSRzMxOTYtV0VTVFVTIiwiam9iTG9jYXRpb24iOiJ3ZXN0dXMifQ?api-version=2016-09-01",
      "EncodedRequestUri": "L3N1YnNjcmlwdGlvbnMvY2U0YTc1OTAtNDcyMi00YmNmLWEyYzYtZTQ3M2U5ZjExNzc4L29wZXJhdGlvbnJlc3VsdHMvZXlKcWIySkpaQ0k2SWxKRlUwOVZVa05GUjFKUFZWQkVSVXhGVkVsUFRrcFBRaTFRVTFSRlUxUlNSek14T1RZdFYwVlRWRlZUSWl3aWFtOWlURzlqWVhScGIyNGlPaUozWlhOMGRYTWlmUT9hcGktdmVyc2lvbj0yMDE2LTA5LTAx",
      "RequestMethod": "GET",
      "RequestBody": "",
      "RequestHeaders": {
        "User-Agent": [
          "FxVersion/4.6.27207.03",
          "OSName/Windows",
          "OSVersion/Microsoft.Windows.10.0.17763.",
          "Microsoft.Azure.Management.Internal.Resources.ResourceManagementClient/1.1.19"
        ]
      },
      "ResponseHeaders": {
        "Cache-Control": [
          "no-cache"
        ],
        "Pragma": [
          "no-cache"
        ],
        "x-ms-ratelimit-remaining-subscription-reads": [
          "11965"
        ],
        "x-ms-request-id": [
          "d298c71b-050d-432e-a566-996b86b0b92d"
        ],
        "x-ms-correlation-request-id": [
          "d298c71b-050d-432e-a566-996b86b0b92d"
        ],
        "x-ms-routing-request-id": [
          "SOUTHEASTASIA:20190419T080424Z:d298c71b-050d-432e-a566-996b86b0b92d"
        ],
        "Strict-Transport-Security": [
          "max-age=31536000; includeSubDomains"
        ],
        "X-Content-Type-Options": [
          "nosniff"
        ],
        "Date": [
          "Fri, 19 Apr 2019 08:04:24 GMT"
        ],
        "Expires": [
          "-1"
        ],
        "Content-Length": [
          "0"
        ]
      },
      "ResponseBody": "",
      "StatusCode": 200
    },
    {
      "RequestUri": "/subscriptions/ce4a7590-4722-4bcf-a2c6-e473e9f11778/operationresults/eyJqb2JJZCI6IlJFU09VUkNFR1JPVVBERUxFVElPTkpPQi1QU1RFU1RSRzMxOTYtV0VTVFVTIiwiam9iTG9jYXRpb24iOiJ3ZXN0dXMifQ?api-version=2016-09-01",
      "EncodedRequestUri": "L3N1YnNjcmlwdGlvbnMvY2U0YTc1OTAtNDcyMi00YmNmLWEyYzYtZTQ3M2U5ZjExNzc4L29wZXJhdGlvbnJlc3VsdHMvZXlKcWIySkpaQ0k2SWxKRlUwOVZVa05GUjFKUFZWQkVSVXhGVkVsUFRrcFBRaTFRVTFSRlUxUlNSek14T1RZdFYwVlRWRlZUSWl3aWFtOWlURzlqWVhScGIyNGlPaUozWlhOMGRYTWlmUT9hcGktdmVyc2lvbj0yMDE2LTA5LTAx",
      "RequestMethod": "GET",
      "RequestBody": "",
      "RequestHeaders": {
        "User-Agent": [
          "FxVersion/4.6.27207.03",
          "OSName/Windows",
          "OSVersion/Microsoft.Windows.10.0.17763.",
          "Microsoft.Azure.Management.Internal.Resources.ResourceManagementClient/1.1.19"
        ]
      },
      "ResponseHeaders": {
        "Cache-Control": [
          "no-cache"
        ],
        "Pragma": [
          "no-cache"
        ],
        "x-ms-ratelimit-remaining-subscription-reads": [
          "11964"
        ],
        "x-ms-request-id": [
          "ef19f175-69ae-45ec-a723-886f610ef978"
        ],
        "x-ms-correlation-request-id": [
          "ef19f175-69ae-45ec-a723-886f610ef978"
        ],
        "x-ms-routing-request-id": [
          "SOUTHEASTASIA:20190419T080425Z:ef19f175-69ae-45ec-a723-886f610ef978"
        ],
        "Strict-Transport-Security": [
          "max-age=31536000; includeSubDomains"
        ],
        "X-Content-Type-Options": [
          "nosniff"
        ],
        "Date": [
          "Fri, 19 Apr 2019 08:04:24 GMT"
        ],
        "Expires": [
          "-1"
        ],
        "Content-Length": [
          "0"
        ]
      },
      "ResponseBody": "",
      "StatusCode": 200
    }
  ],
  "Names": {
    "Test-PipingNewUpdateAccount": [
      "pstestrg3196"
    ]
  },
  "Variables": {
    "SubscriptionId": "ce4a7590-4722-4bcf-a2c6-e473e9f11778"
  }
}