{
  "Entries": [
    {
      "RequestUri": "/subscriptions/45b60d85-fd72-427a-a708-f994d26e593e/resourcegroups/pstestrg9353?api-version=2016-09-01",
      "EncodedRequestUri": "L3N1YnNjcmlwdGlvbnMvNDViNjBkODUtZmQ3Mi00MjdhLWE3MDgtZjk5NGQyNmU1OTNlL3Jlc291cmNlZ3JvdXBzL3BzdGVzdHJnOTM1Mz9hcGktdmVyc2lvbj0yMDE2LTA5LTAx",
      "RequestMethod": "PUT",
      "RequestHeaders": {
        "x-ms-client-request-id": [
          "5e2d71a8-4ed6-4491-a59e-c1b3c1b3125b"
        ],
        "Accept-Language": [
          "en-US"
        ],
        "User-Agent": [
          "FxVersion/4.700.22.55902",
          "OSName/Windows",
          "OSVersion/Microsoft.Windows.10.0.19045",
          "Microsoft.Azure.Management.Internal.Resources.ResourceManagementClient/1.3.82"
        ],
        "Content-Type": [
          "application/json; charset=utf-8"
        ],
        "Content-Length": [
          "33"
        ]
      },
      "RequestBody": "{\r\n  \"location\": \"eastus2euap\"\r\n}",
      "ResponseHeaders": {
        "Cache-Control": [
          "no-cache"
        ],
        "Pragma": [
          "no-cache"
        ],
        "x-ms-ratelimit-remaining-subscription-writes": [
          "1199"
        ],
        "x-ms-request-id": [
          "cf13ac92-b065-489a-9803-bd159e9b5f8e"
        ],
        "x-ms-correlation-request-id": [
          "cf13ac92-b065-489a-9803-bd159e9b5f8e"
        ],
        "x-ms-routing-request-id": [
          "EASTUS2EUAP:20230805T050659Z:cf13ac92-b065-489a-9803-bd159e9b5f8e"
        ],
        "Strict-Transport-Security": [
          "max-age=31536000; includeSubDomains"
        ],
        "X-Content-Type-Options": [
          "nosniff"
        ],
        "Date": [
          "Sat, 05 Aug 2023 05:06:59 GMT"
        ],
        "Content-Length": [
          "182"
        ],
        "Content-Type": [
          "application/json; charset=utf-8"
        ],
        "Expires": [
          "-1"
        ]
      },
      "ResponseBody": "{\r\n  \"id\": \"/subscriptions/45b60d85-fd72-427a-a708-f994d26e593e/resourceGroups/pstestrg9353\",\r\n  \"name\": \"pstestrg9353\",\r\n  \"location\": \"eastus2euap\",\r\n  \"properties\": {\r\n    \"provisioningState\": \"Succeeded\"\r\n  }\r\n}",
      "StatusCode": 201
    },
    {
      "RequestUri": "/subscriptions/45b60d85-fd72-427a-a708-f994d26e593e/providers/Microsoft.Storage/checkNameAvailability?api-version=2023-01-01",
      "EncodedRequestUri": "L3N1YnNjcmlwdGlvbnMvNDViNjBkODUtZmQ3Mi00MjdhLWE3MDgtZjk5NGQyNmU1OTNlL3Byb3ZpZGVycy9NaWNyb3NvZnQuU3RvcmFnZS9jaGVja05hbWVBdmFpbGFiaWxpdHk/YXBpLXZlcnNpb249MjAyMy0wMS0wMQ==",
      "RequestMethod": "POST",
      "RequestHeaders": {
        "x-ms-client-request-id": [
          "c722fff3-54bc-432e-ba60-61dbcf8b6646"
        ],
        "Accept-Language": [
          "en-US"
        ],
        "User-Agent": [
          "FxVersion/4.700.22.55902",
          "OSName/Windows",
          "OSVersion/Microsoft.Windows.10.0.19045",
          "Microsoft.Azure.Management.Storage.StorageManagementClient/5.9.0"
        ],
        "Content-Type": [
          "application/json; charset=utf-8"
        ],
        "Content-Length": [
          "81"
        ]
      },
      "RequestBody": "{\r\n  \"name\": \"stopstestrg9353\",\r\n  \"type\": \"Microsoft.Storage/storageAccounts\"\r\n}",
      "ResponseHeaders": {
        "Cache-Control": [
          "no-cache"
        ],
        "Pragma": [
          "no-cache"
        ],
        "x-ms-request-id": [
          "eecc81b7-ec74-499c-81b8-338cfbda2396"
        ],
        "Strict-Transport-Security": [
          "max-age=31536000; includeSubDomains"
        ],
        "Server": [
          "Microsoft-Azure-Storage-Resource-Provider/1.0,Microsoft-HTTPAPI/2.0 Microsoft-HTTPAPI/2.0"
        ],
        "x-ms-ratelimit-remaining-subscription-reads": [
          "11998"
        ],
        "x-ms-correlation-request-id": [
          "03dbe770-d61e-4a20-a79c-46708c970e2c"
        ],
        "x-ms-routing-request-id": [
          "EASTUS2EUAP:20230805T050701Z:03dbe770-d61e-4a20-a79c-46708c970e2c"
        ],
        "X-Content-Type-Options": [
          "nosniff"
        ],
        "Date": [
          "Sat, 05 Aug 2023 05:07:01 GMT"
        ],
        "Content-Length": [
          "22"
        ],
        "Content-Type": [
          "application/json"
        ],
        "Expires": [
          "-1"
        ]
      },
      "ResponseBody": "{\r\n  \"nameAvailable\": true\r\n}",
      "StatusCode": 200
    },
    {
      "RequestUri": "/subscriptions/45b60d85-fd72-427a-a708-f994d26e593e/resourceGroups/pstestrg9353/providers/Microsoft.Storage/storageAccounts/stopstestrg9353?api-version=2023-01-01",
      "EncodedRequestUri": "L3N1YnNjcmlwdGlvbnMvNDViNjBkODUtZmQ3Mi00MjdhLWE3MDgtZjk5NGQyNmU1OTNlL3Jlc291cmNlR3JvdXBzL3BzdGVzdHJnOTM1My9wcm92aWRlcnMvTWljcm9zb2Z0LlN0b3JhZ2Uvc3RvcmFnZUFjY291bnRzL3N0b3BzdGVzdHJnOTM1Mz9hcGktdmVyc2lvbj0yMDIzLTAxLTAx",
      "RequestMethod": "PUT",
      "RequestHeaders": {
        "x-ms-client-request-id": [
          "c722fff3-54bc-432e-ba60-61dbcf8b6646"
        ],
        "Accept-Language": [
          "en-US"
        ],
        "User-Agent": [
          "FxVersion/4.700.22.55902",
          "OSName/Windows",
          "OSVersion/Microsoft.Windows.10.0.19045",
          "Microsoft.Azure.Management.Storage.StorageManagementClient/5.9.0"
        ],
        "Content-Type": [
          "application/json; charset=utf-8"
        ],
        "Content-Length": [
          "200"
        ]
      },
      "RequestBody": "{\r\n  \"sku\": {\r\n    \"name\": \"Standard_LRS\"\r\n  },\r\n  \"kind\": \"StorageV2\",\r\n  \"location\": \"eastus2euap\",\r\n  \"properties\": {\r\n    \"allowBlobPublicAccess\": false,\r\n    \"minimumTlsVersion\": \"TLS1_2\"\r\n  }\r\n}",
      "ResponseHeaders": {
        "Cache-Control": [
          "no-cache"
        ],
        "Pragma": [
          "no-cache"
        ],
        "Location": [
          "https://management.azure.com/subscriptions/45b60d85-fd72-427a-a708-f994d26e593e/providers/Microsoft.Storage/locations/eastus2euap/asyncoperations/d0785481-4efb-4cad-8bd3-bc62ed1bb46f?monitor=true&api-version=2023-01-01"
        ],
        "Retry-After": [
          "17"
        ],
        "x-ms-request-id": [
          "d0785481-4efb-4cad-8bd3-bc62ed1bb46f"
        ],
        "Strict-Transport-Security": [
          "max-age=31536000; includeSubDomains"
        ],
        "Server": [
          "Microsoft-Azure-Storage-Resource-Provider/1.0,Microsoft-HTTPAPI/2.0 Microsoft-HTTPAPI/2.0"
        ],
        "x-ms-operation-identifier": [
          "appId=a000255f-5f09-45e0-a970-9d9ed9cc6453,tenantId=72f988bf-86f1-41af-91ab-2d7cd011db47,objectId=d6f7e858-345d-45f6-849c-8175519656b7/eastus2euap/b75428ae-65fb-43e8-bf59-edce6c72c350"
        ],
        "x-ms-ratelimit-remaining-subscription-writes": [
          "1199"
        ],
        "x-ms-correlation-request-id": [
          "9dc6d0a7-dde9-4a77-8b21-232a88f141b6"
        ],
        "x-ms-routing-request-id": [
          "EASTUS2EUAP:20230805T050706Z:9dc6d0a7-dde9-4a77-8b21-232a88f141b6"
        ],
        "X-Content-Type-Options": [
          "nosniff"
        ],
        "Date": [
          "Sat, 05 Aug 2023 05:07:05 GMT"
        ],
        "Content-Type": [
          "text/plain; charset=utf-8"
        ],
        "Expires": [
          "-1"
        ],
        "Content-Length": [
          "0"
        ]
      },
      "ResponseBody": "",
      "StatusCode": 202
    },
    {
      "RequestUri": "/subscriptions/45b60d85-fd72-427a-a708-f994d26e593e/providers/Microsoft.Storage/locations/eastus2euap/asyncoperations/d0785481-4efb-4cad-8bd3-bc62ed1bb46f?monitor=true&api-version=2023-01-01",
      "EncodedRequestUri": "L3N1YnNjcmlwdGlvbnMvNDViNjBkODUtZmQ3Mi00MjdhLWE3MDgtZjk5NGQyNmU1OTNlL3Byb3ZpZGVycy9NaWNyb3NvZnQuU3RvcmFnZS9sb2NhdGlvbnMvZWFzdHVzMmV1YXAvYXN5bmNvcGVyYXRpb25zL2QwNzg1NDgxLTRlZmItNGNhZC04YmQzLWJjNjJlZDFiYjQ2Zj9tb25pdG9yPXRydWUmYXBpLXZlcnNpb249MjAyMy0wMS0wMQ==",
      "RequestMethod": "GET",
      "RequestHeaders": {
        "x-ms-client-request-id": [
          "c722fff3-54bc-432e-ba60-61dbcf8b6646"
        ],
        "User-Agent": [
          "FxVersion/4.700.22.55902",
          "OSName/Windows",
          "OSVersion/Microsoft.Windows.10.0.19045",
          "Microsoft.Azure.Management.Storage.StorageManagementClient/5.9.0"
        ]
      },
      "RequestBody": "",
      "ResponseHeaders": {
        "Cache-Control": [
          "no-cache"
        ],
        "Pragma": [
          "no-cache"
        ],
        "Location": [
          "https://management.azure.com/subscriptions/45b60d85-fd72-427a-a708-f994d26e593e/providers/Microsoft.Storage/locations/eastus2euap/asyncoperations/d0785481-4efb-4cad-8bd3-bc62ed1bb46f?monitor=true&api-version=2023-01-01"
        ],
        "Retry-After": [
          "3"
        ],
        "x-ms-request-id": [
          "c838b7fa-8e4f-4790-90c4-520e8cc66275"
        ],
        "Strict-Transport-Security": [
          "max-age=31536000; includeSubDomains"
        ],
        "Server": [
          "Microsoft-Azure-Storage-Resource-Provider/1.0,Microsoft-HTTPAPI/2.0 Microsoft-HTTPAPI/2.0"
        ],
        "x-ms-ratelimit-remaining-subscription-reads": [
          "11997"
        ],
        "x-ms-correlation-request-id": [
          "bd2a53ea-1f3c-4649-987c-9f58fe5891eb"
        ],
        "x-ms-routing-request-id": [
          "EASTUS2EUAP:20230805T050723Z:bd2a53ea-1f3c-4649-987c-9f58fe5891eb"
        ],
        "X-Content-Type-Options": [
          "nosniff"
        ],
        "Date": [
          "Sat, 05 Aug 2023 05:07:22 GMT"
        ],
        "Content-Type": [
          "text/plain; charset=utf-8"
        ],
        "Expires": [
          "-1"
        ],
        "Content-Length": [
          "0"
        ]
      },
      "ResponseBody": "",
      "StatusCode": 202
    },
    {
      "RequestUri": "/subscriptions/45b60d85-fd72-427a-a708-f994d26e593e/providers/Microsoft.Storage/locations/eastus2euap/asyncoperations/d0785481-4efb-4cad-8bd3-bc62ed1bb46f?monitor=true&api-version=2023-01-01",
      "EncodedRequestUri": "L3N1YnNjcmlwdGlvbnMvNDViNjBkODUtZmQ3Mi00MjdhLWE3MDgtZjk5NGQyNmU1OTNlL3Byb3ZpZGVycy9NaWNyb3NvZnQuU3RvcmFnZS9sb2NhdGlvbnMvZWFzdHVzMmV1YXAvYXN5bmNvcGVyYXRpb25zL2QwNzg1NDgxLTRlZmItNGNhZC04YmQzLWJjNjJlZDFiYjQ2Zj9tb25pdG9yPXRydWUmYXBpLXZlcnNpb249MjAyMy0wMS0wMQ==",
      "RequestMethod": "GET",
      "RequestHeaders": {
        "x-ms-client-request-id": [
          "c722fff3-54bc-432e-ba60-61dbcf8b6646"
        ],
        "User-Agent": [
          "FxVersion/4.700.22.55902",
          "OSName/Windows",
          "OSVersion/Microsoft.Windows.10.0.19045",
          "Microsoft.Azure.Management.Storage.StorageManagementClient/5.9.0"
        ]
      },
      "RequestBody": "",
      "ResponseHeaders": {
        "Cache-Control": [
          "no-cache"
        ],
        "Pragma": [
          "no-cache"
        ],
        "x-ms-request-id": [
          "5fb323d9-88ae-4087-81ed-c077fbce5e71"
        ],
        "Strict-Transport-Security": [
          "max-age=31536000; includeSubDomains"
        ],
        "Server": [
          "Microsoft-Azure-Storage-Resource-Provider/1.0,Microsoft-HTTPAPI/2.0 Microsoft-HTTPAPI/2.0"
        ],
        "x-ms-ratelimit-remaining-subscription-reads": [
          "11996"
        ],
        "x-ms-correlation-request-id": [
          "6aa8b58d-2691-40fc-840e-8c8d67b55f32"
        ],
        "x-ms-routing-request-id": [
          "EASTUS2EUAP:20230805T050726Z:6aa8b58d-2691-40fc-840e-8c8d67b55f32"
        ],
        "X-Content-Type-Options": [
          "nosniff"
        ],
        "Date": [
          "Sat, 05 Aug 2023 05:07:26 GMT"
        ],
        "Content-Length": [
          "1471"
        ],
        "Content-Type": [
          "application/json"
        ],
        "Expires": [
          "-1"
        ]
      },
      "ResponseBody": "{\r\n  \"sku\": {\r\n    \"name\": \"Standard_LRS\",\r\n    \"tier\": \"Standard\"\r\n  },\r\n  \"kind\": \"StorageV2\",\r\n  \"id\": \"/subscriptions/45b60d85-fd72-427a-a708-f994d26e593e/resourceGroups/pstestrg9353/providers/Microsoft.Storage/storageAccounts/stopstestrg9353\",\r\n  \"name\": \"stopstestrg9353\",\r\n  \"type\": \"Microsoft.Storage/storageAccounts\",\r\n  \"location\": \"eastus2euap\",\r\n  \"tags\": {},\r\n  \"properties\": {\r\n    \"keyCreationTime\": {\r\n      \"key1\": \"2023-08-05T05:07:02.9503169Z\",\r\n      \"key2\": \"2023-08-05T05:07:02.9503169Z\"\r\n    },\r\n    \"allowCrossTenantReplication\": false,\r\n    \"privateEndpointConnections\": [],\r\n    \"minimumTlsVersion\": \"TLS1_2\",\r\n    \"allowBlobPublicAccess\": false,\r\n    \"networkAcls\": {\r\n      \"ipv6Rules\": [],\r\n      \"bypass\": \"AzureServices\",\r\n      \"virtualNetworkRules\": [],\r\n      \"ipRules\": [],\r\n      \"defaultAction\": \"Allow\"\r\n    },\r\n    \"supportsHttpsTrafficOnly\": true,\r\n    \"encryption\": {\r\n      \"services\": {\r\n        \"file\": {\r\n          \"keyType\": \"Account\",\r\n          \"enabled\": true,\r\n          \"lastEnabledTime\": \"2023-08-05T05:07:03.3722006Z\"\r\n        },\r\n        \"blob\": {\r\n          \"keyType\": \"Account\",\r\n          \"enabled\": true,\r\n          \"lastEnabledTime\": \"2023-08-05T05:07:03.3722006Z\"\r\n        }\r\n      },\r\n      \"keySource\": \"Microsoft.Storage\"\r\n    },\r\n    \"accessTier\": \"Hot\",\r\n    \"provisioningState\": \"Succeeded\",\r\n    \"creationTime\": \"2023-08-05T05:07:02.8409684Z\",\r\n    \"primaryEndpoints\": {\r\n      \"dfs\": \"https://stopstestrg9353.dfs.core.windows.net/\",\r\n      \"web\": \"https://stopstestrg9353.z3.web.core.windows.net/\",\r\n      \"blob\": \"https://stopstestrg9353.blob.core.windows.net/\",\r\n      \"queue\": \"https://stopstestrg9353.queue.core.windows.net/\",\r\n      \"table\": \"https://stopstestrg9353.table.core.windows.net/\",\r\n      \"file\": \"https://stopstestrg9353.file.core.windows.net/\"\r\n    },\r\n    \"primaryLocation\": \"eastus2euap\",\r\n    \"statusOfPrimary\": \"available\"\r\n  }\r\n}",
      "StatusCode": 200
    },
    {
      "RequestUri": "/subscriptions/45b60d85-fd72-427a-a708-f994d26e593e/resourceGroups/pstestrg9353/providers/Microsoft.Storage/storageAccounts/stopstestrg9353?api-version=2023-01-01",
      "EncodedRequestUri": "L3N1YnNjcmlwdGlvbnMvNDViNjBkODUtZmQ3Mi00MjdhLWE3MDgtZjk5NGQyNmU1OTNlL3Jlc291cmNlR3JvdXBzL3BzdGVzdHJnOTM1My9wcm92aWRlcnMvTWljcm9zb2Z0LlN0b3JhZ2Uvc3RvcmFnZUFjY291bnRzL3N0b3BzdGVzdHJnOTM1Mz9hcGktdmVyc2lvbj0yMDIzLTAxLTAx",
      "RequestMethod": "GET",
      "RequestHeaders": {
        "x-ms-client-request-id": [
          "c722fff3-54bc-432e-ba60-61dbcf8b6646"
        ],
        "Accept-Language": [
          "en-US"
        ],
        "User-Agent": [
          "FxVersion/4.700.22.55902",
          "OSName/Windows",
          "OSVersion/Microsoft.Windows.10.0.19045",
          "Microsoft.Azure.Management.Storage.StorageManagementClient/5.9.0"
        ]
      },
      "RequestBody": "",
      "ResponseHeaders": {
        "Cache-Control": [
          "no-cache"
        ],
        "Pragma": [
          "no-cache"
        ],
        "x-ms-request-id": [
          "20f4b1bf-65f8-4e6e-88e7-5740eb2f076d"
        ],
        "Strict-Transport-Security": [
          "max-age=31536000; includeSubDomains"
        ],
        "Server": [
          "Microsoft-Azure-Storage-Resource-Provider/1.0,Microsoft-HTTPAPI/2.0 Microsoft-HTTPAPI/2.0"
        ],
        "x-ms-ratelimit-remaining-subscription-reads": [
          "11995"
        ],
        "x-ms-correlation-request-id": [
          "a80a1a62-ba82-412c-87ff-62bbaa2632c6"
        ],
        "x-ms-routing-request-id": [
          "EASTUS2EUAP:20230805T050727Z:a80a1a62-ba82-412c-87ff-62bbaa2632c6"
        ],
        "X-Content-Type-Options": [
          "nosniff"
        ],
        "Date": [
          "Sat, 05 Aug 2023 05:07:26 GMT"
        ],
        "Content-Length": [
          "1471"
        ],
        "Content-Type": [
          "application/json"
        ],
        "Expires": [
          "-1"
        ]
      },
      "ResponseBody": "{\r\n  \"sku\": {\r\n    \"name\": \"Standard_LRS\",\r\n    \"tier\": \"Standard\"\r\n  },\r\n  \"kind\": \"StorageV2\",\r\n  \"id\": \"/subscriptions/45b60d85-fd72-427a-a708-f994d26e593e/resourceGroups/pstestrg9353/providers/Microsoft.Storage/storageAccounts/stopstestrg9353\",\r\n  \"name\": \"stopstestrg9353\",\r\n  \"type\": \"Microsoft.Storage/storageAccounts\",\r\n  \"location\": \"eastus2euap\",\r\n  \"tags\": {},\r\n  \"properties\": {\r\n    \"keyCreationTime\": {\r\n      \"key1\": \"2023-08-05T05:07:02.9503169Z\",\r\n      \"key2\": \"2023-08-05T05:07:02.9503169Z\"\r\n    },\r\n    \"allowCrossTenantReplication\": false,\r\n    \"privateEndpointConnections\": [],\r\n    \"minimumTlsVersion\": \"TLS1_2\",\r\n    \"allowBlobPublicAccess\": false,\r\n    \"networkAcls\": {\r\n      \"ipv6Rules\": [],\r\n      \"bypass\": \"AzureServices\",\r\n      \"virtualNetworkRules\": [],\r\n      \"ipRules\": [],\r\n      \"defaultAction\": \"Allow\"\r\n    },\r\n    \"supportsHttpsTrafficOnly\": true,\r\n    \"encryption\": {\r\n      \"services\": {\r\n        \"file\": {\r\n          \"keyType\": \"Account\",\r\n          \"enabled\": true,\r\n          \"lastEnabledTime\": \"2023-08-05T05:07:03.3722006Z\"\r\n        },\r\n        \"blob\": {\r\n          \"keyType\": \"Account\",\r\n          \"enabled\": true,\r\n          \"lastEnabledTime\": \"2023-08-05T05:07:03.3722006Z\"\r\n        }\r\n      },\r\n      \"keySource\": \"Microsoft.Storage\"\r\n    },\r\n    \"accessTier\": \"Hot\",\r\n    \"provisioningState\": \"Succeeded\",\r\n    \"creationTime\": \"2023-08-05T05:07:02.8409684Z\",\r\n    \"primaryEndpoints\": {\r\n      \"dfs\": \"https://stopstestrg9353.dfs.core.windows.net/\",\r\n      \"web\": \"https://stopstestrg9353.z3.web.core.windows.net/\",\r\n      \"blob\": \"https://stopstestrg9353.blob.core.windows.net/\",\r\n      \"queue\": \"https://stopstestrg9353.queue.core.windows.net/\",\r\n      \"table\": \"https://stopstestrg9353.table.core.windows.net/\",\r\n      \"file\": \"https://stopstestrg9353.file.core.windows.net/\"\r\n    },\r\n    \"primaryLocation\": \"eastus2euap\",\r\n    \"statusOfPrimary\": \"available\"\r\n  }\r\n}",
      "StatusCode": 200
    },
    {
      "RequestUri": "/subscriptions/45b60d85-fd72-427a-a708-f994d26e593e/resourceGroups/pstestrg9353/providers/Microsoft.Storage/storageAccounts/stopstestrg9353?api-version=2023-01-01",
      "EncodedRequestUri": "L3N1YnNjcmlwdGlvbnMvNDViNjBkODUtZmQ3Mi00MjdhLWE3MDgtZjk5NGQyNmU1OTNlL3Jlc291cmNlR3JvdXBzL3BzdGVzdHJnOTM1My9wcm92aWRlcnMvTWljcm9zb2Z0LlN0b3JhZ2Uvc3RvcmFnZUFjY291bnRzL3N0b3BzdGVzdHJnOTM1Mz9hcGktdmVyc2lvbj0yMDIzLTAxLTAx",
      "RequestMethod": "GET",
      "RequestHeaders": {
        "x-ms-client-request-id": [
          "fa7239da-146c-4cec-b12d-4dc3f6ba3368"
        ],
        "Accept-Language": [
          "en-US"
        ],
        "User-Agent": [
          "FxVersion/4.700.22.55902",
          "OSName/Windows",
          "OSVersion/Microsoft.Windows.10.0.19045",
          "Microsoft.Azure.Management.Storage.StorageManagementClient/5.9.0"
        ]
      },
      "RequestBody": "",
      "ResponseHeaders": {
        "Cache-Control": [
          "no-cache"
        ],
        "Pragma": [
          "no-cache"
        ],
        "x-ms-request-id": [
          "400dead5-0a54-46a2-91e9-db25ba519df4"
        ],
        "Strict-Transport-Security": [
          "max-age=31536000; includeSubDomains"
        ],
        "Server": [
          "Microsoft-Azure-Storage-Resource-Provider/1.0,Microsoft-HTTPAPI/2.0 Microsoft-HTTPAPI/2.0"
        ],
        "x-ms-ratelimit-remaining-subscription-reads": [
          "11995"
        ],
        "x-ms-correlation-request-id": [
          "115a4457-50a7-4e9c-96ca-5f30cf0a7e4e"
        ],
        "x-ms-routing-request-id": [
          "EASTUS2EUAP:20230805T050728Z:115a4457-50a7-4e9c-96ca-5f30cf0a7e4e"
        ],
        "X-Content-Type-Options": [
          "nosniff"
        ],
        "Date": [
          "Sat, 05 Aug 2023 05:07:28 GMT"
        ],
        "Content-Length": [
          "1471"
        ],
        "Content-Type": [
          "application/json"
        ],
        "Expires": [
          "-1"
        ]
      },
      "ResponseBody": "{\r\n  \"sku\": {\r\n    \"name\": \"Standard_LRS\",\r\n    \"tier\": \"Standard\"\r\n  },\r\n  \"kind\": \"StorageV2\",\r\n  \"id\": \"/subscriptions/45b60d85-fd72-427a-a708-f994d26e593e/resourceGroups/pstestrg9353/providers/Microsoft.Storage/storageAccounts/stopstestrg9353\",\r\n  \"name\": \"stopstestrg9353\",\r\n  \"type\": \"Microsoft.Storage/storageAccounts\",\r\n  \"location\": \"eastus2euap\",\r\n  \"tags\": {},\r\n  \"properties\": {\r\n    \"keyCreationTime\": {\r\n      \"key1\": \"2023-08-05T05:07:02.9503169Z\",\r\n      \"key2\": \"2023-08-05T05:07:02.9503169Z\"\r\n    },\r\n    \"allowCrossTenantReplication\": false,\r\n    \"privateEndpointConnections\": [],\r\n    \"minimumTlsVersion\": \"TLS1_2\",\r\n    \"allowBlobPublicAccess\": false,\r\n    \"networkAcls\": {\r\n      \"ipv6Rules\": [],\r\n      \"bypass\": \"AzureServices\",\r\n      \"virtualNetworkRules\": [],\r\n      \"ipRules\": [],\r\n      \"defaultAction\": \"Allow\"\r\n    },\r\n    \"supportsHttpsTrafficOnly\": true,\r\n    \"encryption\": {\r\n      \"services\": {\r\n        \"file\": {\r\n          \"keyType\": \"Account\",\r\n          \"enabled\": true,\r\n          \"lastEnabledTime\": \"2023-08-05T05:07:03.3722006Z\"\r\n        },\r\n        \"blob\": {\r\n          \"keyType\": \"Account\",\r\n          \"enabled\": true,\r\n          \"lastEnabledTime\": \"2023-08-05T05:07:03.3722006Z\"\r\n        }\r\n      },\r\n      \"keySource\": \"Microsoft.Storage\"\r\n    },\r\n    \"accessTier\": \"Hot\",\r\n    \"provisioningState\": \"Succeeded\",\r\n    \"creationTime\": \"2023-08-05T05:07:02.8409684Z\",\r\n    \"primaryEndpoints\": {\r\n      \"dfs\": \"https://stopstestrg9353.dfs.core.windows.net/\",\r\n      \"web\": \"https://stopstestrg9353.z3.web.core.windows.net/\",\r\n      \"blob\": \"https://stopstestrg9353.blob.core.windows.net/\",\r\n      \"queue\": \"https://stopstestrg9353.queue.core.windows.net/\",\r\n      \"table\": \"https://stopstestrg9353.table.core.windows.net/\",\r\n      \"file\": \"https://stopstestrg9353.file.core.windows.net/\"\r\n    },\r\n    \"primaryLocation\": \"eastus2euap\",\r\n    \"statusOfPrimary\": \"available\"\r\n  }\r\n}",
      "StatusCode": 200
    },
    {
      "RequestUri": "/subscriptions/45b60d85-fd72-427a-a708-f994d26e593e/resourceGroups/pstestrg9353/providers/Microsoft.Storage/storageAccounts/stopstestrg9353?api-version=2023-01-01",
      "EncodedRequestUri": "L3N1YnNjcmlwdGlvbnMvNDViNjBkODUtZmQ3Mi00MjdhLWE3MDgtZjk5NGQyNmU1OTNlL3Jlc291cmNlR3JvdXBzL3BzdGVzdHJnOTM1My9wcm92aWRlcnMvTWljcm9zb2Z0LlN0b3JhZ2Uvc3RvcmFnZUFjY291bnRzL3N0b3BzdGVzdHJnOTM1Mz9hcGktdmVyc2lvbj0yMDIzLTAxLTAx",
      "RequestMethod": "GET",
      "RequestHeaders": {
        "x-ms-client-request-id": [
          "bc196b15-54ec-4779-8f33-caca55dac091"
        ],
        "Accept-Language": [
          "en-US"
        ],
        "User-Agent": [
          "FxVersion/4.700.22.55902",
          "OSName/Windows",
          "OSVersion/Microsoft.Windows.10.0.19045",
          "Microsoft.Azure.Management.Storage.StorageManagementClient/5.9.0"
        ]
      },
      "RequestBody": "",
      "ResponseHeaders": {
        "Cache-Control": [
          "no-cache"
        ],
        "Pragma": [
          "no-cache"
        ],
        "x-ms-request-id": [
          "dc488421-ee38-410c-b30c-76e842998f4f"
        ],
        "Strict-Transport-Security": [
          "max-age=31536000; includeSubDomains"
        ],
        "Server": [
          "Microsoft-Azure-Storage-Resource-Provider/1.0,Microsoft-HTTPAPI/2.0 Microsoft-HTTPAPI/2.0"
        ],
        "x-ms-ratelimit-remaining-subscription-reads": [
          "11998"
        ],
        "x-ms-correlation-request-id": [
          "17212ffd-aa5f-4f86-93ab-57022d9715bb"
        ],
        "x-ms-routing-request-id": [
          "EASTUS2EUAP:20230805T050732Z:17212ffd-aa5f-4f86-93ab-57022d9715bb"
        ],
        "X-Content-Type-Options": [
          "nosniff"
        ],
        "Date": [
          "Sat, 05 Aug 2023 05:07:32 GMT"
        ],
        "Content-Length": [
          "1470"
        ],
        "Content-Type": [
          "application/json"
        ],
        "Expires": [
          "-1"
        ]
      },
      "ResponseBody": "{\r\n  \"sku\": {\r\n    \"name\": \"Standard_LRS\",\r\n    \"tier\": \"Standard\"\r\n  },\r\n  \"kind\": \"StorageV2\",\r\n  \"id\": \"/subscriptions/45b60d85-fd72-427a-a708-f994d26e593e/resourceGroups/pstestrg9353/providers/Microsoft.Storage/storageAccounts/stopstestrg9353\",\r\n  \"name\": \"stopstestrg9353\",\r\n  \"type\": \"Microsoft.Storage/storageAccounts\",\r\n  \"location\": \"eastus2euap\",\r\n  \"tags\": {},\r\n  \"properties\": {\r\n    \"keyCreationTime\": {\r\n      \"key1\": \"2023-08-05T05:07:02.9503169Z\",\r\n      \"key2\": \"2023-08-05T05:07:02.9503169Z\"\r\n    },\r\n    \"allowCrossTenantReplication\": false,\r\n    \"privateEndpointConnections\": [],\r\n    \"minimumTlsVersion\": \"TLS1_1\",\r\n    \"allowBlobPublicAccess\": true,\r\n    \"networkAcls\": {\r\n      \"ipv6Rules\": [],\r\n      \"bypass\": \"AzureServices\",\r\n      \"virtualNetworkRules\": [],\r\n      \"ipRules\": [],\r\n      \"defaultAction\": \"Allow\"\r\n    },\r\n    \"supportsHttpsTrafficOnly\": true,\r\n    \"encryption\": {\r\n      \"services\": {\r\n        \"file\": {\r\n          \"keyType\": \"Account\",\r\n          \"enabled\": true,\r\n          \"lastEnabledTime\": \"2023-08-05T05:07:03.3722006Z\"\r\n        },\r\n        \"blob\": {\r\n          \"keyType\": \"Account\",\r\n          \"enabled\": true,\r\n          \"lastEnabledTime\": \"2023-08-05T05:07:03.3722006Z\"\r\n        }\r\n      },\r\n      \"keySource\": \"Microsoft.Storage\"\r\n    },\r\n    \"accessTier\": \"Hot\",\r\n    \"provisioningState\": \"Succeeded\",\r\n    \"creationTime\": \"2023-08-05T05:07:02.8409684Z\",\r\n    \"primaryEndpoints\": {\r\n      \"dfs\": \"https://stopstestrg9353.dfs.core.windows.net/\",\r\n      \"web\": \"https://stopstestrg9353.z3.web.core.windows.net/\",\r\n      \"blob\": \"https://stopstestrg9353.blob.core.windows.net/\",\r\n      \"queue\": \"https://stopstestrg9353.queue.core.windows.net/\",\r\n      \"table\": \"https://stopstestrg9353.table.core.windows.net/\",\r\n      \"file\": \"https://stopstestrg9353.file.core.windows.net/\"\r\n    },\r\n    \"primaryLocation\": \"eastus2euap\",\r\n    \"statusOfPrimary\": \"available\"\r\n  }\r\n}",
      "StatusCode": 200
    },
    {
      "RequestUri": "/subscriptions/45b60d85-fd72-427a-a708-f994d26e593e/resourceGroups/pstestrg9353/providers/Microsoft.Storage/storageAccounts/stopstestrg9353?api-version=2023-01-01",
      "EncodedRequestUri": "L3N1YnNjcmlwdGlvbnMvNDViNjBkODUtZmQ3Mi00MjdhLWE3MDgtZjk5NGQyNmU1OTNlL3Jlc291cmNlR3JvdXBzL3BzdGVzdHJnOTM1My9wcm92aWRlcnMvTWljcm9zb2Z0LlN0b3JhZ2Uvc3RvcmFnZUFjY291bnRzL3N0b3BzdGVzdHJnOTM1Mz9hcGktdmVyc2lvbj0yMDIzLTAxLTAx",
      "RequestMethod": "GET",
      "RequestHeaders": {
        "x-ms-client-request-id": [
          "0999f4ec-b582-4166-8eac-29eb06a249e1"
        ],
        "Accept-Language": [
          "en-US"
        ],
        "User-Agent": [
          "FxVersion/4.700.22.55902",
          "OSName/Windows",
          "OSVersion/Microsoft.Windows.10.0.19045",
          "Microsoft.Azure.Management.Storage.StorageManagementClient/5.9.0"
        ]
      },
      "RequestBody": "",
      "ResponseHeaders": {
        "Cache-Control": [
          "no-cache"
        ],
        "Pragma": [
          "no-cache"
        ],
        "x-ms-request-id": [
          "ac3953ca-c3ac-4780-960c-8e2479157571"
        ],
        "Strict-Transport-Security": [
          "max-age=31536000; includeSubDomains"
        ],
        "Server": [
          "Microsoft-Azure-Storage-Resource-Provider/1.0,Microsoft-HTTPAPI/2.0 Microsoft-HTTPAPI/2.0"
        ],
        "x-ms-ratelimit-remaining-subscription-reads": [
          "11995"
        ],
        "x-ms-correlation-request-id": [
          "106efb4a-5c28-4bba-8f4f-610bc33cc749"
        ],
        "x-ms-routing-request-id": [
          "EASTUS2EUAP:20230805T050733Z:106efb4a-5c28-4bba-8f4f-610bc33cc749"
        ],
        "X-Content-Type-Options": [
          "nosniff"
        ],
        "Date": [
          "Sat, 05 Aug 2023 05:07:32 GMT"
        ],
        "Content-Length": [
          "1470"
        ],
        "Content-Type": [
          "application/json"
        ],
        "Expires": [
          "-1"
        ]
      },
      "ResponseBody": "{\r\n  \"sku\": {\r\n    \"name\": \"Standard_LRS\",\r\n    \"tier\": \"Standard\"\r\n  },\r\n  \"kind\": \"StorageV2\",\r\n  \"id\": \"/subscriptions/45b60d85-fd72-427a-a708-f994d26e593e/resourceGroups/pstestrg9353/providers/Microsoft.Storage/storageAccounts/stopstestrg9353\",\r\n  \"name\": \"stopstestrg9353\",\r\n  \"type\": \"Microsoft.Storage/storageAccounts\",\r\n  \"location\": \"eastus2euap\",\r\n  \"tags\": {},\r\n  \"properties\": {\r\n    \"keyCreationTime\": {\r\n      \"key1\": \"2023-08-05T05:07:02.9503169Z\",\r\n      \"key2\": \"2023-08-05T05:07:02.9503169Z\"\r\n    },\r\n    \"allowCrossTenantReplication\": false,\r\n    \"privateEndpointConnections\": [],\r\n    \"minimumTlsVersion\": \"TLS1_1\",\r\n    \"allowBlobPublicAccess\": true,\r\n    \"networkAcls\": {\r\n      \"ipv6Rules\": [],\r\n      \"bypass\": \"AzureServices\",\r\n      \"virtualNetworkRules\": [],\r\n      \"ipRules\": [],\r\n      \"defaultAction\": \"Allow\"\r\n    },\r\n    \"supportsHttpsTrafficOnly\": true,\r\n    \"encryption\": {\r\n      \"services\": {\r\n        \"file\": {\r\n          \"keyType\": \"Account\",\r\n          \"enabled\": true,\r\n          \"lastEnabledTime\": \"2023-08-05T05:07:03.3722006Z\"\r\n        },\r\n        \"blob\": {\r\n          \"keyType\": \"Account\",\r\n          \"enabled\": true,\r\n          \"lastEnabledTime\": \"2023-08-05T05:07:03.3722006Z\"\r\n        }\r\n      },\r\n      \"keySource\": \"Microsoft.Storage\"\r\n    },\r\n    \"accessTier\": \"Hot\",\r\n    \"provisioningState\": \"Succeeded\",\r\n    \"creationTime\": \"2023-08-05T05:07:02.8409684Z\",\r\n    \"primaryEndpoints\": {\r\n      \"dfs\": \"https://stopstestrg9353.dfs.core.windows.net/\",\r\n      \"web\": \"https://stopstestrg9353.z3.web.core.windows.net/\",\r\n      \"blob\": \"https://stopstestrg9353.blob.core.windows.net/\",\r\n      \"queue\": \"https://stopstestrg9353.queue.core.windows.net/\",\r\n      \"table\": \"https://stopstestrg9353.table.core.windows.net/\",\r\n      \"file\": \"https://stopstestrg9353.file.core.windows.net/\"\r\n    },\r\n    \"primaryLocation\": \"eastus2euap\",\r\n    \"statusOfPrimary\": \"available\"\r\n  }\r\n}",
      "StatusCode": 200
    },
    {
      "RequestUri": "/subscriptions/45b60d85-fd72-427a-a708-f994d26e593e/resourceGroups/pstestrg9353/providers/Microsoft.Storage/storageAccounts/stopstestrg9353?api-version=2023-01-01",
      "EncodedRequestUri": "L3N1YnNjcmlwdGlvbnMvNDViNjBkODUtZmQ3Mi00MjdhLWE3MDgtZjk5NGQyNmU1OTNlL3Jlc291cmNlR3JvdXBzL3BzdGVzdHJnOTM1My9wcm92aWRlcnMvTWljcm9zb2Z0LlN0b3JhZ2Uvc3RvcmFnZUFjY291bnRzL3N0b3BzdGVzdHJnOTM1Mz9hcGktdmVyc2lvbj0yMDIzLTAxLTAx",
      "RequestMethod": "PATCH",
      "RequestHeaders": {
        "x-ms-client-request-id": [
          "bc196b15-54ec-4779-8f33-caca55dac091"
        ],
        "Accept-Language": [
          "en-US"
        ],
        "User-Agent": [
          "FxVersion/4.700.22.55902",
          "OSName/Windows",
          "OSVersion/Microsoft.Windows.10.0.19045",
          "Microsoft.Azure.Management.Storage.StorageManagementClient/5.9.0"
        ],
        "Content-Type": [
          "application/json; charset=utf-8"
        ],
        "Content-Length": [
          "145"
        ]
      },
      "RequestBody": "{\r\n  \"sku\": {\r\n    \"name\": \"Standard_LRS\"\r\n  },\r\n  \"properties\": {\r\n    \"allowBlobPublicAccess\": true,\r\n    \"minimumTlsVersion\": \"TLS1_1\"\r\n  }\r\n}",
      "ResponseHeaders": {
        "Cache-Control": [
          "no-cache"
        ],
        "Pragma": [
          "no-cache"
        ],
        "x-ms-request-id": [
          "fe173125-b331-4c28-bd8b-1f9c91a88aa8"
        ],
        "Strict-Transport-Security": [
          "max-age=31536000; includeSubDomains"
        ],
        "Server": [
          "Microsoft-Azure-Storage-Resource-Provider/1.0,Microsoft-HTTPAPI/2.0 Microsoft-HTTPAPI/2.0"
        ],
        "x-ms-ratelimit-remaining-subscription-writes": [
          "1199"
        ],
        "x-ms-correlation-request-id": [
          "f401044b-e533-4787-bf75-7215ccb40daf"
        ],
        "x-ms-routing-request-id": [
          "EASTUS2EUAP:20230805T050732Z:f401044b-e533-4787-bf75-7215ccb40daf"
        ],
        "X-Content-Type-Options": [
          "nosniff"
        ],
        "Date": [
          "Sat, 05 Aug 2023 05:07:32 GMT"
        ],
        "Content-Length": [
          "1470"
        ],
        "Content-Type": [
          "application/json"
        ],
        "Expires": [
          "-1"
        ]
      },
      "ResponseBody": "{\r\n  \"sku\": {\r\n    \"name\": \"Standard_LRS\",\r\n    \"tier\": \"Standard\"\r\n  },\r\n  \"kind\": \"StorageV2\",\r\n  \"id\": \"/subscriptions/45b60d85-fd72-427a-a708-f994d26e593e/resourceGroups/pstestrg9353/providers/Microsoft.Storage/storageAccounts/stopstestrg9353\",\r\n  \"name\": \"stopstestrg9353\",\r\n  \"type\": \"Microsoft.Storage/storageAccounts\",\r\n  \"location\": \"eastus2euap\",\r\n  \"tags\": {},\r\n  \"properties\": {\r\n    \"keyCreationTime\": {\r\n      \"key1\": \"2023-08-05T05:07:02.9503169Z\",\r\n      \"key2\": \"2023-08-05T05:07:02.9503169Z\"\r\n    },\r\n    \"allowCrossTenantReplication\": false,\r\n    \"privateEndpointConnections\": [],\r\n    \"minimumTlsVersion\": \"TLS1_1\",\r\n    \"allowBlobPublicAccess\": true,\r\n    \"networkAcls\": {\r\n      \"ipv6Rules\": [],\r\n      \"bypass\": \"AzureServices\",\r\n      \"virtualNetworkRules\": [],\r\n      \"ipRules\": [],\r\n      \"defaultAction\": \"Allow\"\r\n    },\r\n    \"supportsHttpsTrafficOnly\": true,\r\n    \"encryption\": {\r\n      \"services\": {\r\n        \"file\": {\r\n          \"keyType\": \"Account\",\r\n          \"enabled\": true,\r\n          \"lastEnabledTime\": \"2023-08-05T05:07:03.3722006Z\"\r\n        },\r\n        \"blob\": {\r\n          \"keyType\": \"Account\",\r\n          \"enabled\": true,\r\n          \"lastEnabledTime\": \"2023-08-05T05:07:03.3722006Z\"\r\n        }\r\n      },\r\n      \"keySource\": \"Microsoft.Storage\"\r\n    },\r\n    \"accessTier\": \"Hot\",\r\n    \"provisioningState\": \"Succeeded\",\r\n    \"creationTime\": \"2023-08-05T05:07:02.8409684Z\",\r\n    \"primaryEndpoints\": {\r\n      \"dfs\": \"https://stopstestrg9353.dfs.core.windows.net/\",\r\n      \"web\": \"https://stopstestrg9353.z3.web.core.windows.net/\",\r\n      \"blob\": \"https://stopstestrg9353.blob.core.windows.net/\",\r\n      \"queue\": \"https://stopstestrg9353.queue.core.windows.net/\",\r\n      \"table\": \"https://stopstestrg9353.table.core.windows.net/\",\r\n      \"file\": \"https://stopstestrg9353.file.core.windows.net/\"\r\n    },\r\n    \"primaryLocation\": \"eastus2euap\",\r\n    \"statusOfPrimary\": \"available\"\r\n  }\r\n}",
      "StatusCode": 200
    },
    {
      "RequestUri": "/subscriptions/45b60d85-fd72-427a-a708-f994d26e593e/resourceGroups/pstestrg9353/providers/Microsoft.Storage/storageAccounts/stopstestrg9353?api-version=2023-01-01",
      "EncodedRequestUri": "L3N1YnNjcmlwdGlvbnMvNDViNjBkODUtZmQ3Mi00MjdhLWE3MDgtZjk5NGQyNmU1OTNlL3Jlc291cmNlR3JvdXBzL3BzdGVzdHJnOTM1My9wcm92aWRlcnMvTWljcm9zb2Z0LlN0b3JhZ2Uvc3RvcmFnZUFjY291bnRzL3N0b3BzdGVzdHJnOTM1Mz9hcGktdmVyc2lvbj0yMDIzLTAxLTAx",
      "RequestMethod": "DELETE",
      "RequestHeaders": {
        "x-ms-client-request-id": [
          "04c34b24-68f7-4a89-8cd1-d75e1e71cafe"
        ],
        "Accept-Language": [
          "en-US"
        ],
        "User-Agent": [
          "FxVersion/4.700.22.55902",
          "OSName/Windows",
          "OSVersion/Microsoft.Windows.10.0.19045",
          "Microsoft.Azure.Management.Storage.StorageManagementClient/5.9.0"
        ]
      },
      "RequestBody": "",
      "ResponseHeaders": {
        "Cache-Control": [
          "no-cache"
        ],
        "Pragma": [
          "no-cache"
        ],
        "x-ms-request-id": [
          "d2507b7b-ea7e-4629-8b61-bfb080b14395"
        ],
        "Strict-Transport-Security": [
          "max-age=31536000; includeSubDomains"
        ],
        "Server": [
          "Microsoft-Azure-Storage-Resource-Provider/1.0,Microsoft-HTTPAPI/2.0 Microsoft-HTTPAPI/2.0"
        ],
        "x-ms-ratelimit-remaining-subscription-deletes": [
          "14999"
        ],
        "x-ms-correlation-request-id": [
          "a1e6c81d-261e-40a8-a0f5-89de3377d747"
        ],
        "x-ms-routing-request-id": [
          "EASTUS2EUAP:20230805T050737Z:a1e6c81d-261e-40a8-a0f5-89de3377d747"
        ],
        "X-Content-Type-Options": [
          "nosniff"
        ],
        "Date": [
          "Sat, 05 Aug 2023 05:07:37 GMT"
        ],
        "Content-Type": [
          "text/plain; charset=utf-8"
        ],
        "Expires": [
          "-1"
        ],
        "Content-Length": [
          "0"
        ]
      },
      "ResponseBody": "",
      "StatusCode": 200
    },
    {
      "RequestUri": "/subscriptions/45b60d85-fd72-427a-a708-f994d26e593e/resourcegroups/pstestrg9353?api-version=2016-09-01",
      "EncodedRequestUri": "L3N1YnNjcmlwdGlvbnMvNDViNjBkODUtZmQ3Mi00MjdhLWE3MDgtZjk5NGQyNmU1OTNlL3Jlc291cmNlZ3JvdXBzL3BzdGVzdHJnOTM1Mz9hcGktdmVyc2lvbj0yMDE2LTA5LTAx",
      "RequestMethod": "DELETE",
      "RequestHeaders": {
        "x-ms-client-request-id": [
          "d4d70023-925a-4bbe-902f-976c63551c9f"
        ],
        "Accept-Language": [
          "en-US"
        ],
        "User-Agent": [
          "FxVersion/4.700.22.55902",
          "OSName/Windows",
          "OSVersion/Microsoft.Windows.10.0.19045",
          "Microsoft.Azure.Management.Internal.Resources.ResourceManagementClient/1.3.82"
        ]
      },
      "RequestBody": "",
      "ResponseHeaders": {
        "Cache-Control": [
          "no-cache"
        ],
        "Pragma": [
          "no-cache"
        ],
        "Location": [
          "https://management.azure.com/subscriptions/45b60d85-fd72-427a-a708-f994d26e593e/operationresults/eyJqb2JJZCI6IlJFU09VUkNFR1JPVVBERUxFVElPTkpPQi1QU1RFU1RSRzkzNTMtRUFTVFVTMkVVQVAiLCJqb2JMb2NhdGlvbiI6ImVhc3R1czJldWFwIn0?api-version=2016-09-01"
        ],
        "Retry-After": [
          "15"
        ],
        "x-ms-ratelimit-remaining-subscription-deletes": [
          "14999"
        ],
        "x-ms-request-id": [
          "68dc5f00-72bf-464c-92b5-684488dce517"
        ],
        "x-ms-correlation-request-id": [
          "68dc5f00-72bf-464c-92b5-684488dce517"
        ],
        "x-ms-routing-request-id": [
          "EASTUS2EUAP:20230805T050739Z:68dc5f00-72bf-464c-92b5-684488dce517"
        ],
        "Strict-Transport-Security": [
          "max-age=31536000; includeSubDomains"
        ],
        "X-Content-Type-Options": [
          "nosniff"
        ],
        "Date": [
          "Sat, 05 Aug 2023 05:07:38 GMT"
        ],
        "Expires": [
          "-1"
        ],
        "Content-Length": [
          "0"
        ]
      },
      "ResponseBody": "",
      "StatusCode": 202
    },
    {
      "RequestUri": "/subscriptions/45b60d85-fd72-427a-a708-f994d26e593e/operationresults/eyJqb2JJZCI6IlJFU09VUkNFR1JPVVBERUxFVElPTkpPQi1QU1RFU1RSRzkzNTMtRUFTVFVTMkVVQVAiLCJqb2JMb2NhdGlvbiI6ImVhc3R1czJldWFwIn0?api-version=2016-09-01",
      "EncodedRequestUri": "L3N1YnNjcmlwdGlvbnMvNDViNjBkODUtZmQ3Mi00MjdhLWE3MDgtZjk5NGQyNmU1OTNlL29wZXJhdGlvbnJlc3VsdHMvZXlKcWIySkpaQ0k2SWxKRlUwOVZVa05GUjFKUFZWQkVSVXhGVkVsUFRrcFBRaTFRVTFSRlUxUlNSemt6TlRNdFJVRlRWRlZUTWtWVlFWQWlMQ0pxYjJKTWIyTmhkR2x2YmlJNkltVmhjM1IxY3pKbGRXRndJbjA/YXBpLXZlcnNpb249MjAxNi0wOS0wMQ==",
      "RequestMethod": "GET",
      "RequestHeaders": {
        "User-Agent": [
          "FxVersion/4.700.22.55902",
          "OSName/Windows",
          "OSVersion/Microsoft.Windows.10.0.19045",
          "Microsoft.Azure.Management.Internal.Resources.ResourceManagementClient/1.3.82"
        ]
      },
      "RequestBody": "",
      "ResponseHeaders": {
        "Cache-Control": [
          "no-cache"
        ],
        "Pragma": [
          "no-cache"
        ],
        "x-ms-ratelimit-remaining-subscription-reads": [
          "11994"
        ],
        "x-ms-request-id": [
          "7d96f35d-d51f-4a92-bec9-9f6141844aaa"
        ],
        "x-ms-correlation-request-id": [
          "7d96f35d-d51f-4a92-bec9-9f6141844aaa"
        ],
        "x-ms-routing-request-id": [
          "EASTUS2EUAP:20230805T050754Z:7d96f35d-d51f-4a92-bec9-9f6141844aaa"
        ],
        "Strict-Transport-Security": [
          "max-age=31536000; includeSubDomains"
        ],
        "X-Content-Type-Options": [
          "nosniff"
        ],
        "Date": [
          "Sat, 05 Aug 2023 05:07:54 GMT"
        ],
        "Expires": [
          "-1"
        ],
        "Content-Length": [
          "0"
        ]
      },
      "ResponseBody": "",
      "StatusCode": 200
    },
    {
      "RequestUri": "/subscriptions/45b60d85-fd72-427a-a708-f994d26e593e/operationresults/eyJqb2JJZCI6IlJFU09VUkNFR1JPVVBERUxFVElPTkpPQi1QU1RFU1RSRzkzNTMtRUFTVFVTMkVVQVAiLCJqb2JMb2NhdGlvbiI6ImVhc3R1czJldWFwIn0?api-version=2016-09-01",
      "EncodedRequestUri": "L3N1YnNjcmlwdGlvbnMvNDViNjBkODUtZmQ3Mi00MjdhLWE3MDgtZjk5NGQyNmU1OTNlL29wZXJhdGlvbnJlc3VsdHMvZXlKcWIySkpaQ0k2SWxKRlUwOVZVa05GUjFKUFZWQkVSVXhGVkVsUFRrcFBRaTFRVTFSRlUxUlNSemt6TlRNdFJVRlRWRlZUTWtWVlFWQWlMQ0pxYjJKTWIyTmhkR2x2YmlJNkltVmhjM1IxY3pKbGRXRndJbjA/YXBpLXZlcnNpb249MjAxNi0wOS0wMQ==",
      "RequestMethod": "GET",
      "RequestHeaders": {
        "User-Agent": [
          "FxVersion/4.700.22.55902",
          "OSName/Windows",
          "OSVersion/Microsoft.Windows.10.0.19045",
          "Microsoft.Azure.Management.Internal.Resources.ResourceManagementClient/1.3.82"
        ]
      },
      "RequestBody": "",
      "ResponseHeaders": {
        "Cache-Control": [
          "no-cache"
        ],
        "Pragma": [
          "no-cache"
        ],
        "x-ms-ratelimit-remaining-subscription-reads": [
          "11993"
        ],
        "x-ms-request-id": [
          "410e1673-3143-4425-97e8-aadea56da350"
        ],
        "x-ms-correlation-request-id": [
          "410e1673-3143-4425-97e8-aadea56da350"
        ],
        "x-ms-routing-request-id": [
          "EASTUS2EUAP:20230805T050755Z:410e1673-3143-4425-97e8-aadea56da350"
        ],
        "Strict-Transport-Security": [
          "max-age=31536000; includeSubDomains"
        ],
        "X-Content-Type-Options": [
          "nosniff"
        ],
        "Date": [
          "Sat, 05 Aug 2023 05:07:54 GMT"
        ],
        "Expires": [
          "-1"
        ],
        "Content-Length": [
          "0"
        ]
      },
      "ResponseBody": "",
      "StatusCode": 200
    }
  ],
  "Names": {
    "Test-NewSetAzureStorageAccountTLSveresionBlobPublicAccess": [
      "pstestrg9353"
    ]
  },
  "Variables": {
    "SubscriptionId": "45b60d85-fd72-427a-a708-f994d26e593e"
  }
}