{
  "Entries": [
    {
      "RequestUri": "/subscriptions/8ab2551d-41e5-489b-9273-1cdf1cbc7dc6/providers/Microsoft.Subscriptions.Admin/locations/local/quotas?api-version=2015-11-01",
      "EncodedRequestUri": "L3N1YnNjcmlwdGlvbnMvOGFiMjU1MWQtNDFlNS00ODliLTkyNzMtMWNkZjFjYmM3ZGM2L3Byb3ZpZGVycy9NaWNyb3NvZnQuU3Vic2NyaXB0aW9ucy5BZG1pbi9sb2NhdGlvbnMvbG9jYWwvcXVvdGFzP2FwaS12ZXJzaW9uPTIwMTUtMTEtMDE=",
      "RequestMethod": "GET",
      "RequestBody": "",
      "RequestHeaders": {
        "x-ms-client-request-id": [
          "4262f2ec-99c2-4ed4-9ea6-a70f1163aee8"
        ],
        "accept-language": [
          "en-US"
        ],
        "User-Agent": [
          "FxVersion/4.6.26011.01",
          "Microsoft.AzureStack.Management.Subscriptions.Admin.SubscriptionsAdminClient/0.1.0.0"
        ]
      },
      "ResponseBody": "{\r\n  \"value\": [\r\n    {\r\n      \"id\": \"/subscriptions/8ab2551d-41e5-489b-9273-1cdf1cbc7dc6/providers/Microsoft.Subscriptions.Admin/locations/local/quotas/delegatedProviderQuota\",\r\n      \"name\": \"local/delegatedProviderQuota\",\r\n      \"type\": \"Microsoft.Subscriptions.Admin/locations/quotas\",\r\n      \"location\": \"local\",\r\n      \"properties\": {\r\n        \"allowCustomPortalBranding\": false\r\n      }\r\n    }\r\n  ]\r\n}",
      "ResponseHeaders": {
        "Content-Length": [
          "320"
        ],
        "Content-Type": [
          "application/json; charset=utf-8"
        ],
        "Expires": [
          "-1"
        ],
        "Cache-Control": [
          "no-cache"
        ],
        "Date": [
          "Tue, 13 Mar 2018 18:49:37 GMT"
        ],
        "Pragma": [
          "no-cache"
        ],
        "x-ms-ratelimit-remaining-subscription-reads": [
          "14773"
        ],
        "x-ms-request-id": [
          "81695321-d063-4170-bfdf-ea98a0f3a2e4"
        ],
        "x-ms-correlation-request-id": [
          "81695321-d063-4170-bfdf-ea98a0f3a2e4"
        ],
        "x-ms-routing-request-id": [
          "LOCAL:20180313T184938Z:81695321-d063-4170-bfdf-ea98a0f3a2e4"
        ],
        "Strict-Transport-Security": [
          "max-age=31536000; includeSubDomains"
        ],
        "X-Content-Type-Options": [
          "nosniff"
        ]
      },
      "StatusCode": 200
    },
    {
      "RequestUri": "/subscriptions/8ab2551d-41e5-489b-9273-1cdf1cbc7dc6/resourcegroups/testrg/providers/Microsoft.Subscriptions.Admin/plans/testplans?api-version=2015-11-01",
      "EncodedRequestUri": "L3N1YnNjcmlwdGlvbnMvOGFiMjU1MWQtNDFlNS00ODliLTkyNzMtMWNkZjFjYmM3ZGM2L3Jlc291cmNlZ3JvdXBzL3Rlc3RyZy9wcm92aWRlcnMvTWljcm9zb2Z0LlN1YnNjcmlwdGlvbnMuQWRtaW4vcGxhbnMvdGVzdHBsYW5zP2FwaS12ZXJzaW9uPTIwMTUtMTEtMDE=",
      "RequestMethod": "PUT",
      "RequestBody": "{\r\n  \"properties\": {\r\n    \"description\": \"testplans\",\r\n    \"displayName\": \"testplans\",\r\n    \"quotaIds\": [\r\n      \"/subscriptions/8ab2551d-41e5-489b-9273-1cdf1cbc7dc6/providers/Microsoft.Subscriptions.Admin/locations/local/quotas/delegatedProviderQuota\"\r\n    ],\r\n    \"name\": \"testplans\"\r\n  },\r\n  \"location\": \"local\"\r\n}",
      "RequestHeaders": {
        "Content-Type": [
          "application/json; charset=utf-8"
        ],
        "Content-Length": [
          "317"
        ],
        "x-ms-client-request-id": [
          "ffb8f8ca-d3f7-470b-b08c-d848657c54b9"
        ],
        "accept-language": [
          "en-US"
        ],
        "User-Agent": [
          "FxVersion/4.6.26011.01",
          "Microsoft.AzureStack.Management.Subscriptions.Admin.SubscriptionsAdminClient/0.1.0.0"
        ]
      },
      "ResponseBody": "{\r\n  \"id\": \"/subscriptions/8ab2551d-41e5-489b-9273-1cdf1cbc7dc6/resourceGroups/testrg/providers/Microsoft.Subscriptions.Admin/plans/testplans\",\r\n  \"name\": \"testplans\",\r\n  \"type\": \"Microsoft.Subscriptions.Admin/plans\",\r\n  \"location\": \"local\",\r\n  \"properties\": {\r\n    \"name\": \"testplans\",\r\n    \"displayName\": \"testplans\",\r\n    \"description\": \"testplans\",\r\n    \"subscriptionCount\": 0,\r\n    \"quotaIds\": [\r\n      \"/subscriptions/8ab2551d-41e5-489b-9273-1cdf1cbc7dc6/providers/Microsoft.Subscriptions.Admin/locations/local/quotas/delegatedProviderQuota\"\r\n    ]\r\n  }\r\n}",
      "ResponseHeaders": {
        "Content-Length": [
          "482"
        ],
        "Content-Type": [
          "application/json; charset=utf-8"
        ],
        "Expires": [
          "-1"
        ],
        "Cache-Control": [
          "no-cache"
        ],
        "Date": [
          "Tue, 13 Mar 2018 18:49:38 GMT"
        ],
        "Pragma": [
          "no-cache"
        ],
        "x-ms-ratelimit-remaining-subscription-writes": [
          "1193"
        ],
        "x-ms-request-id": [
          "e13a4a32-1c8f-4cdd-8c2c-e47a3937ddd5"
        ],
        "x-ms-correlation-request-id": [
          "e13a4a32-1c8f-4cdd-8c2c-e47a3937ddd5"
        ],
        "x-ms-routing-request-id": [
          "LOCAL:20180313T184938Z:e13a4a32-1c8f-4cdd-8c2c-e47a3937ddd5"
        ],
        "Strict-Transport-Security": [
          "max-age=31536000; includeSubDomains"
        ],
        "X-Content-Type-Options": [
          "nosniff"
        ]
      },
      "StatusCode": 201
    },
    {
      "RequestUri": "/subscriptions/8ab2551d-41e5-489b-9273-1cdf1cbc7dc6/resourcegroups/testrg/providers/Microsoft.Subscriptions.Admin/plans/testplans?api-version=2015-11-01",
      "EncodedRequestUri": "L3N1YnNjcmlwdGlvbnMvOGFiMjU1MWQtNDFlNS00ODliLTkyNzMtMWNkZjFjYmM3ZGM2L3Jlc291cmNlZ3JvdXBzL3Rlc3RyZy9wcm92aWRlcnMvTWljcm9zb2Z0LlN1YnNjcmlwdGlvbnMuQWRtaW4vcGxhbnMvdGVzdHBsYW5zP2FwaS12ZXJzaW9uPTIwMTUtMTEtMDE=",
      "RequestMethod": "GET",
      "RequestBody": "",
      "RequestHeaders": {
        "x-ms-client-request-id": [
          "b445e190-bb83-477b-a664-c9be73c63823"
        ],
        "accept-language": [
          "en-US"
        ],
        "User-Agent": [
          "FxVersion/4.6.26011.01",
          "Microsoft.AzureStack.Management.Subscriptions.Admin.SubscriptionsAdminClient/0.1.0.0"
        ]
      },
      "ResponseBody": "{\r\n  \"id\": \"/subscriptions/8ab2551d-41e5-489b-9273-1cdf1cbc7dc6/resourceGroups/testrg/providers/Microsoft.Subscriptions.Admin/plans/testplans\",\r\n  \"name\": \"testplans\",\r\n  \"type\": \"Microsoft.Subscriptions.Admin/plans\",\r\n  \"location\": \"local\",\r\n  \"properties\": {\r\n    \"name\": \"testplans\",\r\n    \"displayName\": \"testplans\",\r\n    \"description\": \"testplans\",\r\n    \"subscriptionCount\": 0,\r\n    \"quotaIds\": [\r\n      \"/subscriptions/8ab2551d-41e5-489b-9273-1cdf1cbc7dc6/providers/Microsoft.Subscriptions.Admin/locations/local/quotas/delegatedProviderQuota\"\r\n    ]\r\n  }\r\n}",
      "ResponseHeaders": {
        "Content-Length": [
          "482"
        ],
        "Content-Type": [
          "application/json; charset=utf-8"
        ],
        "Expires": [
          "-1"
        ],
        "Cache-Control": [
          "no-cache"
        ],
        "Date": [
          "Tue, 13 Mar 2018 18:49:38 GMT"
        ],
        "Pragma": [
          "no-cache"
        ],
        "x-ms-ratelimit-remaining-subscription-reads": [
          "14772"
        ],
        "x-ms-request-id": [
          "6d94a88c-5b14-4877-8835-1731b38963ff"
        ],
        "x-ms-correlation-request-id": [
          "6d94a88c-5b14-4877-8835-1731b38963ff"
        ],
        "x-ms-routing-request-id": [
          "LOCAL:20180313T184938Z:6d94a88c-5b14-4877-8835-1731b38963ff"
        ],
        "Strict-Transport-Security": [
          "max-age=31536000; includeSubDomains"
        ],
        "X-Content-Type-Options": [
          "nosniff"
        ]
      },
      "StatusCode": 200
    },
    {
      "RequestUri": "/subscriptions/8ab2551d-41e5-489b-9273-1cdf1cbc7dc6/resourcegroups/testrg/providers/Microsoft.Subscriptions.Admin/plans/testplans?api-version=2015-11-01",
      "EncodedRequestUri": "L3N1YnNjcmlwdGlvbnMvOGFiMjU1MWQtNDFlNS00ODliLTkyNzMtMWNkZjFjYmM3ZGM2L3Jlc291cmNlZ3JvdXBzL3Rlc3RyZy9wcm92aWRlcnMvTWljcm9zb2Z0LlN1YnNjcmlwdGlvbnMuQWRtaW4vcGxhbnMvdGVzdHBsYW5zP2FwaS12ZXJzaW9uPTIwMTUtMTEtMDE=",
      "RequestMethod": "GET",
      "RequestBody": "",
      "RequestHeaders": {
        "x-ms-client-request-id": [
          "4ca55d7f-f38e-40a7-ba7f-cc28331bf37d"
        ],
        "accept-language": [
          "en-US"
        ],
        "User-Agent": [
          "FxVersion/4.6.26011.01",
          "Microsoft.AzureStack.Management.Subscriptions.Admin.SubscriptionsAdminClient/0.1.0.0"
        ]
      },
      "ResponseBody": "{\r\n  \"error\": {\r\n    \"code\": \"ResourceNotFound\",\r\n    \"message\": \"The Resource 'Microsoft.Subscriptions.Admin/plans/testplans' under resource group 'testrg' was not found.\"\r\n  }\r\n}",
      "ResponseHeaders": {
        "Content-Length": [
          "155"
        ],
        "Content-Type": [
          "application/json; charset=utf-8"
        ],
        "Expires": [
          "-1"
        ],
        "Cache-Control": [
          "no-cache"
        ],
        "Date": [
          "Tue, 13 Mar 2018 18:49:38 GMT"
        ],
        "Pragma": [
          "no-cache"
        ],
        "x-ms-failure-cause": [
          "gateway"
        ],
        "x-ms-request-id": [
          "0125c5b2-513b-47e9-aecd-e3cd07592a04"
        ],
        "x-ms-correlation-request-id": [
          "0125c5b2-513b-47e9-aecd-e3cd07592a04"
        ],
        "x-ms-routing-request-id": [
          "LOCAL:20180313T184938Z:0125c5b2-513b-47e9-aecd-e3cd07592a04"
        ],
        "Strict-Transport-Security": [
          "max-age=31536000; includeSubDomains"
        ],
        "X-Content-Type-Options": [
          "nosniff"
        ]
      },
      "StatusCode": 404
    },
    {
      "RequestUri": "/subscriptions/8ab2551d-41e5-489b-9273-1cdf1cbc7dc6/resourcegroups/testrg/providers/Microsoft.Subscriptions.Admin/plans/testplans?api-version=2015-11-01",
      "EncodedRequestUri": "L3N1YnNjcmlwdGlvbnMvOGFiMjU1MWQtNDFlNS00ODliLTkyNzMtMWNkZjFjYmM3ZGM2L3Jlc291cmNlZ3JvdXBzL3Rlc3RyZy9wcm92aWRlcnMvTWljcm9zb2Z0LlN1YnNjcmlwdGlvbnMuQWRtaW4vcGxhbnMvdGVzdHBsYW5zP2FwaS12ZXJzaW9uPTIwMTUtMTEtMDE=",
      "RequestMethod": "DELETE",
      "RequestBody": "",
      "RequestHeaders": {
        "x-ms-client-request-id": [
          "eb3d2518-99b8-45a6-b73f-d18c3203621d"
        ],
        "accept-language": [
          "en-US"
        ],
        "User-Agent": [
          "FxVersion/4.6.26011.01",
          "Microsoft.AzureStack.Management.Subscriptions.Admin.SubscriptionsAdminClient/0.1.0.0"
        ]
      },
      "ResponseBody": "",
      "ResponseHeaders": {
        "Content-Length": [
          "0"
        ],
        "Expires": [
          "-1"
        ],
        "Cache-Control": [
          "no-cache"
        ],
        "Date": [
          "Tue, 13 Mar 2018 18:49:38 GMT"
        ],
        "Pragma": [
          "no-cache"
        ],
        "x-ms-ratelimit-remaining-subscription-writes": [
          "1192"
        ],
        "x-ms-request-id": [
          "7f6d0fc1-ad71-4e8d-9164-f9b88c7e401b"
        ],
        "x-ms-correlation-request-id": [
          "7f6d0fc1-ad71-4e8d-9164-f9b88c7e401b"
        ],
        "x-ms-routing-request-id": [
          "LOCAL:20180313T184938Z:7f6d0fc1-ad71-4e8d-9164-f9b88c7e401b"
        ],
        "Strict-Transport-Security": [
          "max-age=31536000; includeSubDomains"
        ],
        "X-Content-Type-Options": [
          "nosniff"
        ]
      },
      "StatusCode": 200
    }
  ],
  "Names": {},
  "Variables": {
    "SubscriptionId": "8ab2551d-41e5-489b-9273-1cdf1cbc7dc6"
  }
}