{
  "Entries": [
    {
      "RequestUri": "/pools?api-version=2017-01-01.4.0",
      "EncodedRequestUri": "L3Bvb2xzP2FwaS12ZXJzaW9uPTIwMTctMDEtMDEuNC4w",
      "RequestMethod": "POST",
      "RequestBody": "{\r\n  \"id\": \"removenodepool\",\r\n  \"vmSize\": \"small\",\r\n  \"cloudServiceConfiguration\": {\r\n    \"osFamily\": \"4\",\r\n    \"targetOSVersion\": \"*\"\r\n  },\r\n  \"targetDedicated\": 2,\r\n  \"enableInterNodeCommunication\": true\r\n}",
      "RequestHeaders": {
        "Content-Type": [
          "application/json; odata=minimalmetadata; charset=utf-8"
        ],
        "Content-Length": [
          "208"
        ],
        "client-request-id": [
          "45089dcf-9a1a-4426-ab81-1c18adca663e"
        ],
        "accept-language": [
          "en-US"
        ],
        "ocp-date": [
          "Thu, 09 Feb 2017 17:21:51 GMT"
        ],
        "User-Agent": [
          "FxVersion/4.6.1586.0",
          "OSName/Windows_10_Enterprise",
          "OSVersion/6.3.14393",
          "Microsoft.Azure.Batch.Protocol.BatchServiceClient/6.0.0.0",
          "AzurePowershell/v3.4.0"
        ]
      },
      "ResponseBody": "",
      "ResponseHeaders": {
        "Last-Modified": [
          "Thu, 09 Feb 2017 17:21:52 GMT"
        ],
        "Transfer-Encoding": [
          "chunked"
        ],
        "request-id": [
          "5d65f795-2a8c-4ceb-9158-e441013d689f"
        ],
        "Strict-Transport-Security": [
          "max-age=31536000; includeSubDomains"
        ],
        "X-Content-Type-Options": [
          "nosniff"
        ],
        "DataServiceVersion": [
          "3.0"
        ],
        "DataServiceId": [
          "https://jstesteastus2.eastus2.batch.azure.com/pools/removenodepool"
        ],
        "Date": [
          "Thu, 09 Feb 2017 17:21:50 GMT"
        ],
        "ETag": [
          "0x8D451102369ECC7"
        ],
        "Location": [
          "https://jstesteastus2.eastus2.batch.azure.com/pools/removenodepool"
        ],
        "Server": [
          "Microsoft-HTTPAPI/2.0"
        ]
      },
      "StatusCode": 201
    },
    {
      "RequestUri": "/pools/removenodepool?api-version=2017-01-01.4.0",
      "EncodedRequestUri": "L3Bvb2xzL3JlbW92ZW5vZGVwb29sP2FwaS12ZXJzaW9uPTIwMTctMDEtMDEuNC4w",
      "RequestMethod": "GET",
      "RequestBody": "",
      "RequestHeaders": {
        "client-request-id": [
          "adabc1ac-4211-4453-bd00-bd830d438894"
        ],
        "accept-language": [
          "en-US"
        ],
        "ocp-date": [
          "Thu, 09 Feb 2017 17:21:52 GMT"
        ],
        "User-Agent": [
          "FxVersion/4.6.1586.0",
          "OSName/Windows_10_Enterprise",
          "OSVersion/6.3.14393",
          "Microsoft.Azure.Batch.Protocol.BatchServiceClient/6.0.0.0",
          "AzurePowershell/v3.4.0"
        ]
      },
      "ResponseBody": "{\r\n  \"odata.metadata\": \"https://jstesteastus2.eastus2.batch.azure.com/$metadata#pools/@Element\",\r\n  \"id\": \"removenodepool\",\r\n  \"url\": \"https://jstesteastus2.eastus2.batch.azure.com/pools/removenodepool\",\r\n  \"eTag\": \"0x8D451102369ECC7\",\r\n  \"lastModified\": \"2017-02-09T17:21:52.1553607Z\",\r\n  \"creationTime\": \"2017-02-09T17:21:52.1553607Z\",\r\n  \"state\": \"active\",\r\n  \"stateTransitionTime\": \"2017-02-09T17:21:52.1553607Z\",\r\n  \"allocationState\": \"resizing\",\r\n  \"allocationStateTransitionTime\": \"2017-02-09T17:21:52.1553607Z\",\r\n  \"vmSize\": \"small\",\r\n  \"resizeTimeout\": \"PT15M\",\r\n  \"currentDedicated\": 0,\r\n  \"targetDedicated\": 2,\r\n  \"enableAutoScale\": false,\r\n  \"enableInterNodeCommunication\": true,\r\n  \"maxTasksPerNode\": 1,\r\n  \"taskSchedulingPolicy\": {\r\n    \"nodeFillType\": \"Spread\"\r\n  },\r\n  \"cloudServiceConfiguration\": {\r\n    \"osFamily\": \"4\",\r\n    \"targetOSVersion\": \"*\",\r\n    \"currentOSVersion\": \"*\"\r\n  }\r\n}",
      "ResponseHeaders": {
        "Content-Type": [
          "application/json; odata=minimalmetadata"
        ],
        "Last-Modified": [
          "Thu, 09 Feb 2017 17:21:52 GMT"
        ],
        "Transfer-Encoding": [
          "chunked"
        ],
        "request-id": [
          "7639a224-56aa-41ca-ae07-7555a3d70811"
        ],
        "Strict-Transport-Security": [
          "max-age=31536000; includeSubDomains"
        ],
        "X-Content-Type-Options": [
          "nosniff"
        ],
        "DataServiceVersion": [
          "3.0"
        ],
        "Date": [
          "Thu, 09 Feb 2017 17:21:50 GMT"
        ],
        "ETag": [
          "0x8D451102369ECC7"
        ],
        "Server": [
          "Microsoft-HTTPAPI/2.0"
        ]
      },
      "StatusCode": 200
    },
    {
      "RequestUri": "/pools/removenodepool?api-version=2017-01-01.4.0",
      "EncodedRequestUri": "L3Bvb2xzL3JlbW92ZW5vZGVwb29sP2FwaS12ZXJzaW9uPTIwMTctMDEtMDEuNC4w",
      "RequestMethod": "GET",
      "RequestBody": "",
      "RequestHeaders": {
        "client-request-id": [
          "96287277-925a-4b9d-aad2-3316e7fcd225"
        ],
        "accept-language": [
          "en-US"
        ],
        "ocp-date": [
          "Thu, 09 Feb 2017 17:21:57 GMT"
        ],
        "User-Agent": [
          "FxVersion/4.6.1586.0",
          "OSName/Windows_10_Enterprise",
          "OSVersion/6.3.14393",
          "Microsoft.Azure.Batch.Protocol.BatchServiceClient/6.0.0.0",
          "AzurePowershell/v3.4.0"
        ]
      },
      "ResponseBody": "{\r\n  \"odata.metadata\": \"https://jstesteastus2.eastus2.batch.azure.com/$metadata#pools/@Element\",\r\n  \"id\": \"removenodepool\",\r\n  \"url\": \"https://jstesteastus2.eastus2.batch.azure.com/pools/removenodepool\",\r\n  \"eTag\": \"0x8D451102369ECC7\",\r\n  \"lastModified\": \"2017-02-09T17:21:52.1553607Z\",\r\n  \"creationTime\": \"2017-02-09T17:21:52.1553607Z\",\r\n  \"state\": \"active\",\r\n  \"stateTransitionTime\": \"2017-02-09T17:21:52.1553607Z\",\r\n  \"allocationState\": \"resizing\",\r\n  \"allocationStateTransitionTime\": \"2017-02-09T17:21:52.1553607Z\",\r\n  \"vmSize\": \"small\",\r\n  \"resizeTimeout\": \"PT15M\",\r\n  \"currentDedicated\": 0,\r\n  \"targetDedicated\": 2,\r\n  \"enableAutoScale\": false,\r\n  \"enableInterNodeCommunication\": true,\r\n  \"maxTasksPerNode\": 1,\r\n  \"taskSchedulingPolicy\": {\r\n    \"nodeFillType\": \"Spread\"\r\n  },\r\n  \"cloudServiceConfiguration\": {\r\n    \"osFamily\": \"4\",\r\n    \"targetOSVersion\": \"*\",\r\n    \"currentOSVersion\": \"*\"\r\n  }\r\n}",
      "ResponseHeaders": {
        "Content-Type": [
          "application/json; odata=minimalmetadata"
        ],
        "Last-Modified": [
          "Thu, 09 Feb 2017 17:21:52 GMT"
        ],
        "Transfer-Encoding": [
          "chunked"
        ],
        "request-id": [
          "a7954e75-fa9b-489f-9417-265e3a016ac3"
        ],
        "Strict-Transport-Security": [
          "max-age=31536000; includeSubDomains"
        ],
        "X-Content-Type-Options": [
          "nosniff"
        ],
        "DataServiceVersion": [
          "3.0"
        ],
        "Date": [
          "Thu, 09 Feb 2017 17:21:55 GMT"
        ],
        "ETag": [
          "0x8D451102369ECC7"
        ],
        "Server": [
          "Microsoft-HTTPAPI/2.0"
        ]
      },
      "StatusCode": 200
    },
    {
      "RequestUri": "/pools/removenodepool?api-version=2017-01-01.4.0",
      "EncodedRequestUri": "L3Bvb2xzL3JlbW92ZW5vZGVwb29sP2FwaS12ZXJzaW9uPTIwMTctMDEtMDEuNC4w",
      "RequestMethod": "GET",
      "RequestBody": "",
      "RequestHeaders": {
        "client-request-id": [
          "bd542626-88b1-4943-a41e-4619304f7a3c"
        ],
        "accept-language": [
          "en-US"
        ],
        "ocp-date": [
          "Thu, 09 Feb 2017 17:22:02 GMT"
        ],
        "User-Agent": [
          "FxVersion/4.6.1586.0",
          "OSName/Windows_10_Enterprise",
          "OSVersion/6.3.14393",
          "Microsoft.Azure.Batch.Protocol.BatchServiceClient/6.0.0.0",
          "AzurePowershell/v3.4.0"
        ]
      },
      "ResponseBody": "{\r\n  \"odata.metadata\": \"https://jstesteastus2.eastus2.batch.azure.com/$metadata#pools/@Element\",\r\n  \"id\": \"removenodepool\",\r\n  \"url\": \"https://jstesteastus2.eastus2.batch.azure.com/pools/removenodepool\",\r\n  \"eTag\": \"0x8D451102369ECC7\",\r\n  \"lastModified\": \"2017-02-09T17:21:52.1553607Z\",\r\n  \"creationTime\": \"2017-02-09T17:21:52.1553607Z\",\r\n  \"state\": \"active\",\r\n  \"stateTransitionTime\": \"2017-02-09T17:21:52.1553607Z\",\r\n  \"allocationState\": \"resizing\",\r\n  \"allocationStateTransitionTime\": \"2017-02-09T17:21:52.1553607Z\",\r\n  \"vmSize\": \"small\",\r\n  \"resizeTimeout\": \"PT15M\",\r\n  \"currentDedicated\": 0,\r\n  \"targetDedicated\": 2,\r\n  \"enableAutoScale\": false,\r\n  \"enableInterNodeCommunication\": true,\r\n  \"maxTasksPerNode\": 1,\r\n  \"taskSchedulingPolicy\": {\r\n    \"nodeFillType\": \"Spread\"\r\n  },\r\n  \"cloudServiceConfiguration\": {\r\n    \"osFamily\": \"4\",\r\n    \"targetOSVersion\": \"*\",\r\n    \"currentOSVersion\": \"*\"\r\n  }\r\n}",
      "ResponseHeaders": {
        "Content-Type": [
          "application/json; odata=minimalmetadata"
        ],
        "Last-Modified": [
          "Thu, 09 Feb 2017 17:21:52 GMT"
        ],
        "Transfer-Encoding": [
          "chunked"
        ],
        "request-id": [
          "02120c4c-2329-41bd-b375-8460347e891b"
        ],
        "Strict-Transport-Security": [
          "max-age=31536000; includeSubDomains"
        ],
        "X-Content-Type-Options": [
          "nosniff"
        ],
        "DataServiceVersion": [
          "3.0"
        ],
        "Date": [
          "Thu, 09 Feb 2017 17:22:00 GMT"
        ],
        "ETag": [
          "0x8D451102369ECC7"
        ],
        "Server": [
          "Microsoft-HTTPAPI/2.0"
        ]
      },
      "StatusCode": 200
    },
    {
      "RequestUri": "/pools/removenodepool?api-version=2017-01-01.4.0",
      "EncodedRequestUri": "L3Bvb2xzL3JlbW92ZW5vZGVwb29sP2FwaS12ZXJzaW9uPTIwMTctMDEtMDEuNC4w",
      "RequestMethod": "GET",
      "RequestBody": "",
      "RequestHeaders": {
        "client-request-id": [
          "2b8640a1-7bdc-48f1-8ce2-dac9c8efc7aa"
        ],
        "accept-language": [
          "en-US"
        ],
        "ocp-date": [
          "Thu, 09 Feb 2017 17:22:07 GMT"
        ],
        "User-Agent": [
          "FxVersion/4.6.1586.0",
          "OSName/Windows_10_Enterprise",
          "OSVersion/6.3.14393",
          "Microsoft.Azure.Batch.Protocol.BatchServiceClient/6.0.0.0",
          "AzurePowershell/v3.4.0"
        ]
      },
      "ResponseBody": "{\r\n  \"odata.metadata\": \"https://jstesteastus2.eastus2.batch.azure.com/$metadata#pools/@Element\",\r\n  \"id\": \"removenodepool\",\r\n  \"url\": \"https://jstesteastus2.eastus2.batch.azure.com/pools/removenodepool\",\r\n  \"eTag\": \"0x8D451102369ECC7\",\r\n  \"lastModified\": \"2017-02-09T17:21:52.1553607Z\",\r\n  \"creationTime\": \"2017-02-09T17:21:52.1553607Z\",\r\n  \"state\": \"active\",\r\n  \"stateTransitionTime\": \"2017-02-09T17:21:52.1553607Z\",\r\n  \"allocationState\": \"resizing\",\r\n  \"allocationStateTransitionTime\": \"2017-02-09T17:21:52.1553607Z\",\r\n  \"vmSize\": \"small\",\r\n  \"resizeTimeout\": \"PT15M\",\r\n  \"currentDedicated\": 0,\r\n  \"targetDedicated\": 2,\r\n  \"enableAutoScale\": false,\r\n  \"enableInterNodeCommunication\": true,\r\n  \"maxTasksPerNode\": 1,\r\n  \"taskSchedulingPolicy\": {\r\n    \"nodeFillType\": \"Spread\"\r\n  },\r\n  \"cloudServiceConfiguration\": {\r\n    \"osFamily\": \"4\",\r\n    \"targetOSVersion\": \"*\",\r\n    \"currentOSVersion\": \"*\"\r\n  }\r\n}",
      "ResponseHeaders": {
        "Content-Type": [
          "application/json; odata=minimalmetadata"
        ],
        "Last-Modified": [
          "Thu, 09 Feb 2017 17:21:52 GMT"
        ],
        "Transfer-Encoding": [
          "chunked"
        ],
        "request-id": [
          "e5203fcb-5fa5-4cd2-b170-78463c37ce74"
        ],
        "Strict-Transport-Security": [
          "max-age=31536000; includeSubDomains"
        ],
        "X-Content-Type-Options": [
          "nosniff"
        ],
        "DataServiceVersion": [
          "3.0"
        ],
        "Date": [
          "Thu, 09 Feb 2017 17:22:05 GMT"
        ],
        "ETag": [
          "0x8D451102369ECC7"
        ],
        "Server": [
          "Microsoft-HTTPAPI/2.0"
        ]
      },
      "StatusCode": 200
    },
    {
      "RequestUri": "/pools/removenodepool?api-version=2017-01-01.4.0",
      "EncodedRequestUri": "L3Bvb2xzL3JlbW92ZW5vZGVwb29sP2FwaS12ZXJzaW9uPTIwMTctMDEtMDEuNC4w",
      "RequestMethod": "GET",
      "RequestBody": "",
      "RequestHeaders": {
        "client-request-id": [
          "4d9ea185-d420-44b1-8427-1cc1d682f840"
        ],
        "accept-language": [
          "en-US"
        ],
        "ocp-date": [
          "Thu, 09 Feb 2017 17:22:12 GMT"
        ],
        "User-Agent": [
          "FxVersion/4.6.1586.0",
          "OSName/Windows_10_Enterprise",
          "OSVersion/6.3.14393",
          "Microsoft.Azure.Batch.Protocol.BatchServiceClient/6.0.0.0",
          "AzurePowershell/v3.4.0"
        ]
      },
      "ResponseBody": "{\r\n  \"odata.metadata\": \"https://jstesteastus2.eastus2.batch.azure.com/$metadata#pools/@Element\",\r\n  \"id\": \"removenodepool\",\r\n  \"url\": \"https://jstesteastus2.eastus2.batch.azure.com/pools/removenodepool\",\r\n  \"eTag\": \"0x8D451102369ECC7\",\r\n  \"lastModified\": \"2017-02-09T17:21:52.1553607Z\",\r\n  \"creationTime\": \"2017-02-09T17:21:52.1553607Z\",\r\n  \"state\": \"active\",\r\n  \"stateTransitionTime\": \"2017-02-09T17:21:52.1553607Z\",\r\n  \"allocationState\": \"resizing\",\r\n  \"allocationStateTransitionTime\": \"2017-02-09T17:21:52.1553607Z\",\r\n  \"vmSize\": \"small\",\r\n  \"resizeTimeout\": \"PT15M\",\r\n  \"currentDedicated\": 0,\r\n  \"targetDedicated\": 2,\r\n  \"enableAutoScale\": false,\r\n  \"enableInterNodeCommunication\": true,\r\n  \"maxTasksPerNode\": 1,\r\n  \"taskSchedulingPolicy\": {\r\n    \"nodeFillType\": \"Spread\"\r\n  },\r\n  \"cloudServiceConfiguration\": {\r\n    \"osFamily\": \"4\",\r\n    \"targetOSVersion\": \"*\",\r\n    \"currentOSVersion\": \"*\"\r\n  }\r\n}",
      "ResponseHeaders": {
        "Content-Type": [
          "application/json; odata=minimalmetadata"
        ],
        "Last-Modified": [
          "Thu, 09 Feb 2017 17:21:52 GMT"
        ],
        "Transfer-Encoding": [
          "chunked"
        ],
        "request-id": [
          "b0453f8c-c7df-445b-b1a1-eeedd5d5be67"
        ],
        "Strict-Transport-Security": [
          "max-age=31536000; includeSubDomains"
        ],
        "X-Content-Type-Options": [
          "nosniff"
        ],
        "DataServiceVersion": [
          "3.0"
        ],
        "Date": [
          "Thu, 09 Feb 2017 17:22:10 GMT"
        ],
        "ETag": [
          "0x8D451102369ECC7"
        ],
        "Server": [
          "Microsoft-HTTPAPI/2.0"
        ]
      },
      "StatusCode": 200
    },
    {
      "RequestUri": "/pools/removenodepool?api-version=2017-01-01.4.0",
      "EncodedRequestUri": "L3Bvb2xzL3JlbW92ZW5vZGVwb29sP2FwaS12ZXJzaW9uPTIwMTctMDEtMDEuNC4w",
      "RequestMethod": "GET",
      "RequestBody": "",
      "RequestHeaders": {
        "client-request-id": [
          "75fd5781-2003-4ed3-beed-ac9be2945bd1"
        ],
        "accept-language": [
          "en-US"
        ],
        "ocp-date": [
          "Thu, 09 Feb 2017 17:22:17 GMT"
        ],
        "User-Agent": [
          "FxVersion/4.6.1586.0",
          "OSName/Windows_10_Enterprise",
          "OSVersion/6.3.14393",
          "Microsoft.Azure.Batch.Protocol.BatchServiceClient/6.0.0.0",
          "AzurePowershell/v3.4.0"
        ]
      },
      "ResponseBody": "{\r\n  \"odata.metadata\": \"https://jstesteastus2.eastus2.batch.azure.com/$metadata#pools/@Element\",\r\n  \"id\": \"removenodepool\",\r\n  \"url\": \"https://jstesteastus2.eastus2.batch.azure.com/pools/removenodepool\",\r\n  \"eTag\": \"0x8D451102369ECC7\",\r\n  \"lastModified\": \"2017-02-09T17:21:52.1553607Z\",\r\n  \"creationTime\": \"2017-02-09T17:21:52.1553607Z\",\r\n  \"state\": \"active\",\r\n  \"stateTransitionTime\": \"2017-02-09T17:21:52.1553607Z\",\r\n  \"allocationState\": \"resizing\",\r\n  \"allocationStateTransitionTime\": \"2017-02-09T17:21:52.1553607Z\",\r\n  \"vmSize\": \"small\",\r\n  \"resizeTimeout\": \"PT15M\",\r\n  \"currentDedicated\": 0,\r\n  \"targetDedicated\": 2,\r\n  \"enableAutoScale\": false,\r\n  \"enableInterNodeCommunication\": true,\r\n  \"maxTasksPerNode\": 1,\r\n  \"taskSchedulingPolicy\": {\r\n    \"nodeFillType\": \"Spread\"\r\n  },\r\n  \"cloudServiceConfiguration\": {\r\n    \"osFamily\": \"4\",\r\n    \"targetOSVersion\": \"*\",\r\n    \"currentOSVersion\": \"*\"\r\n  }\r\n}",
      "ResponseHeaders": {
        "Content-Type": [
          "application/json; odata=minimalmetadata"
        ],
        "Last-Modified": [
          "Thu, 09 Feb 2017 17:21:52 GMT"
        ],
        "Transfer-Encoding": [
          "chunked"
        ],
        "request-id": [
          "f817c13c-5e23-422f-963e-0d20dc4e028d"
        ],
        "Strict-Transport-Security": [
          "max-age=31536000; includeSubDomains"
        ],
        "X-Content-Type-Options": [
          "nosniff"
        ],
        "DataServiceVersion": [
          "3.0"
        ],
        "Date": [
          "Thu, 09 Feb 2017 17:22:15 GMT"
        ],
        "ETag": [
          "0x8D451102369ECC7"
        ],
        "Server": [
          "Microsoft-HTTPAPI/2.0"
        ]
      },
      "StatusCode": 200
    },
    {
      "RequestUri": "/pools/removenodepool?api-version=2017-01-01.4.0",
      "EncodedRequestUri": "L3Bvb2xzL3JlbW92ZW5vZGVwb29sP2FwaS12ZXJzaW9uPTIwMTctMDEtMDEuNC4w",
      "RequestMethod": "GET",
      "RequestBody": "",
      "RequestHeaders": {
        "client-request-id": [
          "2ed56bc0-ead8-42a5-b504-5049ceb77935"
        ],
        "accept-language": [
          "en-US"
        ],
        "ocp-date": [
          "Thu, 09 Feb 2017 17:22:22 GMT"
        ],
        "User-Agent": [
          "FxVersion/4.6.1586.0",
          "OSName/Windows_10_Enterprise",
          "OSVersion/6.3.14393",
          "Microsoft.Azure.Batch.Protocol.BatchServiceClient/6.0.0.0",
          "AzurePowershell/v3.4.0"
        ]
      },
      "ResponseBody": "{\r\n  \"odata.metadata\": \"https://jstesteastus2.eastus2.batch.azure.com/$metadata#pools/@Element\",\r\n  \"id\": \"removenodepool\",\r\n  \"url\": \"https://jstesteastus2.eastus2.batch.azure.com/pools/removenodepool\",\r\n  \"eTag\": \"0x8D451102369ECC7\",\r\n  \"lastModified\": \"2017-02-09T17:21:52.1553607Z\",\r\n  \"creationTime\": \"2017-02-09T17:21:52.1553607Z\",\r\n  \"state\": \"active\",\r\n  \"stateTransitionTime\": \"2017-02-09T17:21:52.1553607Z\",\r\n  \"allocationState\": \"resizing\",\r\n  \"allocationStateTransitionTime\": \"2017-02-09T17:21:52.1553607Z\",\r\n  \"vmSize\": \"small\",\r\n  \"resizeTimeout\": \"PT15M\",\r\n  \"currentDedicated\": 0,\r\n  \"targetDedicated\": 2,\r\n  \"enableAutoScale\": false,\r\n  \"enableInterNodeCommunication\": true,\r\n  \"maxTasksPerNode\": 1,\r\n  \"taskSchedulingPolicy\": {\r\n    \"nodeFillType\": \"Spread\"\r\n  },\r\n  \"cloudServiceConfiguration\": {\r\n    \"osFamily\": \"4\",\r\n    \"targetOSVersion\": \"*\",\r\n    \"currentOSVersion\": \"*\"\r\n  }\r\n}",
      "ResponseHeaders": {
        "Content-Type": [
          "application/json; odata=minimalmetadata"
        ],
        "Last-Modified": [
          "Thu, 09 Feb 2017 17:21:52 GMT"
        ],
        "Transfer-Encoding": [
          "chunked"
        ],
        "request-id": [
          "59cae0ee-5871-42c0-9466-e9a72df27078"
        ],
        "Strict-Transport-Security": [
          "max-age=31536000; includeSubDomains"
        ],
        "X-Content-Type-Options": [
          "nosniff"
        ],
        "DataServiceVersion": [
          "3.0"
        ],
        "Date": [
          "Thu, 09 Feb 2017 17:22:20 GMT"
        ],
        "ETag": [
          "0x8D451102369ECC7"
        ],
        "Server": [
          "Microsoft-HTTPAPI/2.0"
        ]
      },
      "StatusCode": 200
    },
    {
      "RequestUri": "/pools/removenodepool?api-version=2017-01-01.4.0",
      "EncodedRequestUri": "L3Bvb2xzL3JlbW92ZW5vZGVwb29sP2FwaS12ZXJzaW9uPTIwMTctMDEtMDEuNC4w",
      "RequestMethod": "GET",
      "RequestBody": "",
      "RequestHeaders": {
        "client-request-id": [
          "48683368-212c-420b-ac0b-3c9f6ea83901"
        ],
        "accept-language": [
          "en-US"
        ],
        "ocp-date": [
          "Thu, 09 Feb 2017 17:22:27 GMT"
        ],
        "User-Agent": [
          "FxVersion/4.6.1586.0",
          "OSName/Windows_10_Enterprise",
          "OSVersion/6.3.14393",
          "Microsoft.Azure.Batch.Protocol.BatchServiceClient/6.0.0.0",
          "AzurePowershell/v3.4.0"
        ]
      },
      "ResponseBody": "{\r\n  \"odata.metadata\": \"https://jstesteastus2.eastus2.batch.azure.com/$metadata#pools/@Element\",\r\n  \"id\": \"removenodepool\",\r\n  \"url\": \"https://jstesteastus2.eastus2.batch.azure.com/pools/removenodepool\",\r\n  \"eTag\": \"0x8D451102369ECC7\",\r\n  \"lastModified\": \"2017-02-09T17:21:52.1553607Z\",\r\n  \"creationTime\": \"2017-02-09T17:21:52.1553607Z\",\r\n  \"state\": \"active\",\r\n  \"stateTransitionTime\": \"2017-02-09T17:21:52.1553607Z\",\r\n  \"allocationState\": \"resizing\",\r\n  \"allocationStateTransitionTime\": \"2017-02-09T17:21:52.1553607Z\",\r\n  \"vmSize\": \"small\",\r\n  \"resizeTimeout\": \"PT15M\",\r\n  \"currentDedicated\": 0,\r\n  \"targetDedicated\": 2,\r\n  \"enableAutoScale\": false,\r\n  \"enableInterNodeCommunication\": true,\r\n  \"maxTasksPerNode\": 1,\r\n  \"taskSchedulingPolicy\": {\r\n    \"nodeFillType\": \"Spread\"\r\n  },\r\n  \"cloudServiceConfiguration\": {\r\n    \"osFamily\": \"4\",\r\n    \"targetOSVersion\": \"*\",\r\n    \"currentOSVersion\": \"*\"\r\n  }\r\n}",
      "ResponseHeaders": {
        "Content-Type": [
          "application/json; odata=minimalmetadata"
        ],
        "Last-Modified": [
          "Thu, 09 Feb 2017 17:21:52 GMT"
        ],
        "Transfer-Encoding": [
          "chunked"
        ],
        "request-id": [
          "bf87daec-1817-4e79-b914-9a5f75715d60"
        ],
        "Strict-Transport-Security": [
          "max-age=31536000; includeSubDomains"
        ],
        "X-Content-Type-Options": [
          "nosniff"
        ],
        "DataServiceVersion": [
          "3.0"
        ],
        "Date": [
          "Thu, 09 Feb 2017 17:22:26 GMT"
        ],
        "ETag": [
          "0x8D451102369ECC7"
        ],
        "Server": [
          "Microsoft-HTTPAPI/2.0"
        ]
      },
      "StatusCode": 200
    },
    {
      "RequestUri": "/pools/removenodepool?api-version=2017-01-01.4.0",
      "EncodedRequestUri": "L3Bvb2xzL3JlbW92ZW5vZGVwb29sP2FwaS12ZXJzaW9uPTIwMTctMDEtMDEuNC4w",
      "RequestMethod": "GET",
      "RequestBody": "",
      "RequestHeaders": {
        "client-request-id": [
          "6bde617b-6825-4eff-99ca-7159cbdd16c2"
        ],
        "accept-language": [
          "en-US"
        ],
        "ocp-date": [
          "Thu, 09 Feb 2017 17:22:33 GMT"
        ],
        "User-Agent": [
          "FxVersion/4.6.1586.0",
          "OSName/Windows_10_Enterprise",
          "OSVersion/6.3.14393",
          "Microsoft.Azure.Batch.Protocol.BatchServiceClient/6.0.0.0",
          "AzurePowershell/v3.4.0"
        ]
      },
      "ResponseBody": "{\r\n  \"odata.metadata\": \"https://jstesteastus2.eastus2.batch.azure.com/$metadata#pools/@Element\",\r\n  \"id\": \"removenodepool\",\r\n  \"url\": \"https://jstesteastus2.eastus2.batch.azure.com/pools/removenodepool\",\r\n  \"eTag\": \"0x8D451102369ECC7\",\r\n  \"lastModified\": \"2017-02-09T17:21:52.1553607Z\",\r\n  \"creationTime\": \"2017-02-09T17:21:52.1553607Z\",\r\n  \"state\": \"active\",\r\n  \"stateTransitionTime\": \"2017-02-09T17:21:52.1553607Z\",\r\n  \"allocationState\": \"resizing\",\r\n  \"allocationStateTransitionTime\": \"2017-02-09T17:21:52.1553607Z\",\r\n  \"vmSize\": \"small\",\r\n  \"resizeTimeout\": \"PT15M\",\r\n  \"currentDedicated\": 0,\r\n  \"targetDedicated\": 2,\r\n  \"enableAutoScale\": false,\r\n  \"enableInterNodeCommunication\": true,\r\n  \"maxTasksPerNode\": 1,\r\n  \"taskSchedulingPolicy\": {\r\n    \"nodeFillType\": \"Spread\"\r\n  },\r\n  \"cloudServiceConfiguration\": {\r\n    \"osFamily\": \"4\",\r\n    \"targetOSVersion\": \"*\",\r\n    \"currentOSVersion\": \"*\"\r\n  }\r\n}",
      "ResponseHeaders": {
        "Content-Type": [
          "application/json; odata=minimalmetadata"
        ],
        "Last-Modified": [
          "Thu, 09 Feb 2017 17:21:52 GMT"
        ],
        "Transfer-Encoding": [
          "chunked"
        ],
        "request-id": [
          "6bcb0063-ebcc-4935-82c5-018ccbf947da"
        ],
        "Strict-Transport-Security": [
          "max-age=31536000; includeSubDomains"
        ],
        "X-Content-Type-Options": [
          "nosniff"
        ],
        "DataServiceVersion": [
          "3.0"
        ],
        "Date": [
          "Thu, 09 Feb 2017 17:22:31 GMT"
        ],
        "ETag": [
          "0x8D451102369ECC7"
        ],
        "Server": [
          "Microsoft-HTTPAPI/2.0"
        ]
      },
      "StatusCode": 200
    },
    {
      "RequestUri": "/pools/removenodepool?api-version=2017-01-01.4.0",
      "EncodedRequestUri": "L3Bvb2xzL3JlbW92ZW5vZGVwb29sP2FwaS12ZXJzaW9uPTIwMTctMDEtMDEuNC4w",
      "RequestMethod": "GET",
      "RequestBody": "",
      "RequestHeaders": {
        "client-request-id": [
          "1e51a5bc-40a2-46d4-b73e-e6336382001f"
        ],
        "accept-language": [
          "en-US"
        ],
        "ocp-date": [
          "Thu, 09 Feb 2017 17:22:38 GMT"
        ],
        "User-Agent": [
          "FxVersion/4.6.1586.0",
          "OSName/Windows_10_Enterprise",
          "OSVersion/6.3.14393",
          "Microsoft.Azure.Batch.Protocol.BatchServiceClient/6.0.0.0",
          "AzurePowershell/v3.4.0"
        ]
      },
      "ResponseBody": "{\r\n  \"odata.metadata\": \"https://jstesteastus2.eastus2.batch.azure.com/$metadata#pools/@Element\",\r\n  \"id\": \"removenodepool\",\r\n  \"url\": \"https://jstesteastus2.eastus2.batch.azure.com/pools/removenodepool\",\r\n  \"eTag\": \"0x8D451102369ECC7\",\r\n  \"lastModified\": \"2017-02-09T17:21:52.1553607Z\",\r\n  \"creationTime\": \"2017-02-09T17:21:52.1553607Z\",\r\n  \"state\": \"active\",\r\n  \"stateTransitionTime\": \"2017-02-09T17:21:52.1553607Z\",\r\n  \"allocationState\": \"resizing\",\r\n  \"allocationStateTransitionTime\": \"2017-02-09T17:21:52.1553607Z\",\r\n  \"vmSize\": \"small\",\r\n  \"resizeTimeout\": \"PT15M\",\r\n  \"currentDedicated\": 0,\r\n  \"targetDedicated\": 2,\r\n  \"enableAutoScale\": false,\r\n  \"enableInterNodeCommunication\": true,\r\n  \"maxTasksPerNode\": 1,\r\n  \"taskSchedulingPolicy\": {\r\n    \"nodeFillType\": \"Spread\"\r\n  },\r\n  \"cloudServiceConfiguration\": {\r\n    \"osFamily\": \"4\",\r\n    \"targetOSVersion\": \"*\",\r\n    \"currentOSVersion\": \"*\"\r\n  }\r\n}",
      "ResponseHeaders": {
        "Content-Type": [
          "application/json; odata=minimalmetadata"
        ],
        "Last-Modified": [
          "Thu, 09 Feb 2017 17:21:52 GMT"
        ],
        "Transfer-Encoding": [
          "chunked"
        ],
        "request-id": [
          "49e79363-5097-401a-9295-d4696eb92e1c"
        ],
        "Strict-Transport-Security": [
          "max-age=31536000; includeSubDomains"
        ],
        "X-Content-Type-Options": [
          "nosniff"
        ],
        "DataServiceVersion": [
          "3.0"
        ],
        "Date": [
          "Thu, 09 Feb 2017 17:22:36 GMT"
        ],
        "ETag": [
          "0x8D451102369ECC7"
        ],
        "Server": [
          "Microsoft-HTTPAPI/2.0"
        ]
      },
      "StatusCode": 200
    },
    {
      "RequestUri": "/pools/removenodepool?api-version=2017-01-01.4.0",
      "EncodedRequestUri": "L3Bvb2xzL3JlbW92ZW5vZGVwb29sP2FwaS12ZXJzaW9uPTIwMTctMDEtMDEuNC4w",
      "RequestMethod": "GET",
      "RequestBody": "",
      "RequestHeaders": {
        "client-request-id": [
          "a0d5a8fc-3809-4768-a717-8279d7c5bfd6"
        ],
        "accept-language": [
          "en-US"
        ],
        "ocp-date": [
          "Thu, 09 Feb 2017 17:22:43 GMT"
        ],
        "User-Agent": [
          "FxVersion/4.6.1586.0",
          "OSName/Windows_10_Enterprise",
          "OSVersion/6.3.14393",
          "Microsoft.Azure.Batch.Protocol.BatchServiceClient/6.0.0.0",
          "AzurePowershell/v3.4.0"
        ]
      },
      "ResponseBody": "{\r\n  \"odata.metadata\": \"https://jstesteastus2.eastus2.batch.azure.com/$metadata#pools/@Element\",\r\n  \"id\": \"removenodepool\",\r\n  \"url\": \"https://jstesteastus2.eastus2.batch.azure.com/pools/removenodepool\",\r\n  \"eTag\": \"0x8D451102369ECC7\",\r\n  \"lastModified\": \"2017-02-09T17:21:52.1553607Z\",\r\n  \"creationTime\": \"2017-02-09T17:21:52.1553607Z\",\r\n  \"state\": \"active\",\r\n  \"stateTransitionTime\": \"2017-02-09T17:21:52.1553607Z\",\r\n  \"allocationState\": \"resizing\",\r\n  \"allocationStateTransitionTime\": \"2017-02-09T17:21:52.1553607Z\",\r\n  \"vmSize\": \"small\",\r\n  \"resizeTimeout\": \"PT15M\",\r\n  \"currentDedicated\": 0,\r\n  \"targetDedicated\": 2,\r\n  \"enableAutoScale\": false,\r\n  \"enableInterNodeCommunication\": true,\r\n  \"maxTasksPerNode\": 1,\r\n  \"taskSchedulingPolicy\": {\r\n    \"nodeFillType\": \"Spread\"\r\n  },\r\n  \"cloudServiceConfiguration\": {\r\n    \"osFamily\": \"4\",\r\n    \"targetOSVersion\": \"*\",\r\n    \"currentOSVersion\": \"*\"\r\n  }\r\n}",
      "ResponseHeaders": {
        "Content-Type": [
          "application/json; odata=minimalmetadata"
        ],
        "Last-Modified": [
          "Thu, 09 Feb 2017 17:21:52 GMT"
        ],
        "Transfer-Encoding": [
          "chunked"
        ],
        "request-id": [
          "35f5314c-6fe9-472f-8382-74def205f82f"
        ],
        "Strict-Transport-Security": [
          "max-age=31536000; includeSubDomains"
        ],
        "X-Content-Type-Options": [
          "nosniff"
        ],
        "DataServiceVersion": [
          "3.0"
        ],
        "Date": [
          "Thu, 09 Feb 2017 17:22:41 GMT"
        ],
        "ETag": [
          "0x8D451102369ECC7"
        ],
        "Server": [
          "Microsoft-HTTPAPI/2.0"
        ]
      },
      "StatusCode": 200
    },
    {
      "RequestUri": "/pools/removenodepool?api-version=2017-01-01.4.0",
      "EncodedRequestUri": "L3Bvb2xzL3JlbW92ZW5vZGVwb29sP2FwaS12ZXJzaW9uPTIwMTctMDEtMDEuNC4w",
      "RequestMethod": "GET",
      "RequestBody": "",
      "RequestHeaders": {
        "client-request-id": [
          "b98b81e9-28ab-4766-b39a-445df99457d0"
        ],
        "accept-language": [
          "en-US"
        ],
        "ocp-date": [
          "Thu, 09 Feb 2017 17:22:48 GMT"
        ],
        "User-Agent": [
          "FxVersion/4.6.1586.0",
          "OSName/Windows_10_Enterprise",
          "OSVersion/6.3.14393",
          "Microsoft.Azure.Batch.Protocol.BatchServiceClient/6.0.0.0",
          "AzurePowershell/v3.4.0"
        ]
      },
      "ResponseBody": "{\r\n  \"odata.metadata\": \"https://jstesteastus2.eastus2.batch.azure.com/$metadata#pools/@Element\",\r\n  \"id\": \"removenodepool\",\r\n  \"url\": \"https://jstesteastus2.eastus2.batch.azure.com/pools/removenodepool\",\r\n  \"eTag\": \"0x8D451102369ECC7\",\r\n  \"lastModified\": \"2017-02-09T17:21:52.1553607Z\",\r\n  \"creationTime\": \"2017-02-09T17:21:52.1553607Z\",\r\n  \"state\": \"active\",\r\n  \"stateTransitionTime\": \"2017-02-09T17:21:52.1553607Z\",\r\n  \"allocationState\": \"steady\",\r\n  \"allocationStateTransitionTime\": \"2017-02-09T17:22:47.0719436Z\",\r\n  \"vmSize\": \"small\",\r\n  \"resizeTimeout\": \"PT15M\",\r\n  \"currentDedicated\": 2,\r\n  \"targetDedicated\": 2,\r\n  \"enableAutoScale\": false,\r\n  \"enableInterNodeCommunication\": true,\r\n  \"maxTasksPerNode\": 1,\r\n  \"taskSchedulingPolicy\": {\r\n    \"nodeFillType\": \"Spread\"\r\n  },\r\n  \"cloudServiceConfiguration\": {\r\n    \"osFamily\": \"4\",\r\n    \"targetOSVersion\": \"*\",\r\n    \"currentOSVersion\": \"*\"\r\n  }\r\n}",
      "ResponseHeaders": {
        "Content-Type": [
          "application/json; odata=minimalmetadata"
        ],
        "Last-Modified": [
          "Thu, 09 Feb 2017 17:21:52 GMT"
        ],
        "Transfer-Encoding": [
          "chunked"
        ],
        "request-id": [
          "797987af-4685-46d9-a0f1-6584ea9719c6"
        ],
        "Strict-Transport-Security": [
          "max-age=31536000; includeSubDomains"
        ],
        "X-Content-Type-Options": [
          "nosniff"
        ],
        "DataServiceVersion": [
          "3.0"
        ],
        "Date": [
          "Thu, 09 Feb 2017 17:22:46 GMT"
        ],
        "ETag": [
          "0x8D451102369ECC7"
        ],
        "Server": [
          "Microsoft-HTTPAPI/2.0"
        ]
      },
      "StatusCode": 200
    },
    {
      "RequestUri": "/pools/removenodepool/nodes?api-version=2017-01-01.4.0",
      "EncodedRequestUri": "L3Bvb2xzL3JlbW92ZW5vZGVwb29sL25vZGVzP2FwaS12ZXJzaW9uPTIwMTctMDEtMDEuNC4w",
      "RequestMethod": "GET",
      "RequestBody": "",
      "RequestHeaders": {
        "client-request-id": [
          "3f3b854a-1b1e-45fe-b184-2129938e747b"
        ],
        "accept-language": [
          "en-US"
        ],
        "ocp-date": [
          "Thu, 09 Feb 2017 17:22:48 GMT"
        ],
        "User-Agent": [
          "FxVersion/4.6.1586.0",
          "OSName/Windows_10_Enterprise",
          "OSVersion/6.3.14393",
          "Microsoft.Azure.Batch.Protocol.BatchServiceClient/6.0.0.0",
          "AzurePowershell/v3.4.0"
        ]
      },
      "ResponseBody": "{\r\n  \"odata.metadata\": \"https://jstesteastus2.eastus2.batch.azure.com/$metadata#nodes\",\r\n  \"value\": [\r\n    {\r\n      \"id\": \"tvm-3491083306_1-20170209t172246z\",\r\n      \"url\": \"https://jstesteastus2.eastus2.batch.azure.com/pools/removenodepool/nodes/tvm-3491083306_1-20170209t172246z\",\r\n      \"state\": \"creating\",\r\n      \"schedulingState\": \"enabled\",\r\n      \"stateTransitionTime\": \"2017-02-09T17:22:46.9640089Z\",\r\n      \"allocationTime\": \"2017-02-09T17:22:46.9640089Z\",\r\n      \"ipAddress\": \"100.106.108.66\",\r\n      \"affinityId\": \"TVM:tvm-3491083306_1-20170209t172246z\",\r\n      \"vmSize\": \"small\",\r\n      \"totalTasksRun\": 0\r\n    },\r\n    {\r\n      \"id\": \"tvm-3491083306_2-20170209t172246z\",\r\n      \"url\": \"https://jstesteastus2.eastus2.batch.azure.com/pools/removenodepool/nodes/tvm-3491083306_2-20170209t172246z\",\r\n      \"state\": \"creating\",\r\n      \"schedulingState\": \"enabled\",\r\n      \"stateTransitionTime\": \"2017-02-09T17:22:46.9640089Z\",\r\n      \"allocationTime\": \"2017-02-09T17:22:46.9640089Z\",\r\n      \"ipAddress\": \"100.106.42.58\",\r\n      \"affinityId\": \"TVM:tvm-3491083306_2-20170209t172246z\",\r\n      \"vmSize\": \"small\",\r\n      \"totalTasksRun\": 0\r\n    }\r\n  ]\r\n}",
      "ResponseHeaders": {
        "Content-Type": [
          "application/json; odata=minimalmetadata"
        ],
        "Transfer-Encoding": [
          "chunked"
        ],
        "request-id": [
          "1de85fa0-6960-4367-8249-46720a72c102"
        ],
        "Strict-Transport-Security": [
          "max-age=31536000; includeSubDomains"
        ],
        "X-Content-Type-Options": [
          "nosniff"
        ],
        "DataServiceVersion": [
          "3.0"
        ],
        "Date": [
          "Thu, 09 Feb 2017 17:22:49 GMT"
        ],
        "Server": [
          "Microsoft-HTTPAPI/2.0"
        ]
      },
      "StatusCode": 200
    },
    {
      "RequestUri": "/pools/removenodepool/removenodes?api-version=2017-01-01.4.0",
      "EncodedRequestUri": "L3Bvb2xzL3JlbW92ZW5vZGVwb29sL3JlbW92ZW5vZGVzP2FwaS12ZXJzaW9uPTIwMTctMDEtMDEuNC4w",
      "RequestMethod": "POST",
      "RequestBody": "{\r\n  \"nodeList\": [\r\n    \"tvm-3491083306_1-20170209t172246z\",\r\n    \"tvm-3491083306_2-20170209t172246z\"\r\n  ]\r\n}",
      "RequestHeaders": {
        "Content-Type": [
          "application/json; odata=minimalmetadata; charset=utf-8"
        ],
        "Content-Length": [
          "109"
        ],
        "client-request-id": [
          "75ab33c0-23d6-4d3b-92db-52fe26ab3b70"
        ],
        "accept-language": [
          "en-US"
        ],
        "ocp-date": [
          "Thu, 09 Feb 2017 17:22:49 GMT"
        ],
        "User-Agent": [
          "FxVersion/4.6.1586.0",
          "OSName/Windows_10_Enterprise",
          "OSVersion/6.3.14393",
          "Microsoft.Azure.Batch.Protocol.BatchServiceClient/6.0.0.0",
          "AzurePowershell/v3.4.0"
        ]
      },
      "ResponseBody": "",
      "ResponseHeaders": {
        "Last-Modified": [
          "Thu, 09 Feb 2017 17:22:49 GMT"
        ],
        "Transfer-Encoding": [
          "chunked"
        ],
        "request-id": [
          "29bb761c-f719-42de-b5b1-b5c0b3041396"
        ],
        "Strict-Transport-Security": [
          "max-age=31536000; includeSubDomains"
        ],
        "X-Content-Type-Options": [
          "nosniff"
        ],
        "DataServiceVersion": [
          "3.0"
        ],
        "DataServiceId": [
          "https://jstesteastus2.eastus2.batch.azure.com/pools/removenodepool/removenodes"
        ],
        "Date": [
          "Thu, 09 Feb 2017 17:22:49 GMT"
        ],
        "ETag": [
          "0x8D45110459BCA9C"
        ],
        "Server": [
          "Microsoft-HTTPAPI/2.0"
        ]
      },
      "StatusCode": 202
    },
    {
      "RequestUri": "/pools/removenodepool/nodes?api-version=2017-01-01.4.0&$select=id%2Cstate",
      "EncodedRequestUri": "L3Bvb2xzL3JlbW92ZW5vZGVwb29sL25vZGVzP2FwaS12ZXJzaW9uPTIwMTctMDEtMDEuNC4wJiRzZWxlY3Q9aWQlMkNzdGF0ZQ==",
      "RequestMethod": "GET",
      "RequestBody": "",
      "RequestHeaders": {
        "client-request-id": [
          "5cea934a-a1bc-4edf-92c4-398c90c18c52"
        ],
        "accept-language": [
          "en-US"
        ],
        "ocp-date": [
          "Thu, 09 Feb 2017 17:22:49 GMT"
        ],
        "User-Agent": [
          "FxVersion/4.6.1586.0",
          "OSName/Windows_10_Enterprise",
          "OSVersion/6.3.14393",
          "Microsoft.Azure.Batch.Protocol.BatchServiceClient/6.0.0.0",
          "AzurePowershell/v3.4.0"
        ]
      },
      "ResponseBody": "{\r\n  \"odata.metadata\": \"https://jstesteastus2.eastus2.batch.azure.com/$metadata#nodes\",\r\n  \"value\": [\r\n    {\r\n      \"id\": \"tvm-3491083306_1-20170209t172246z\",\r\n      \"state\": \"creating\"\r\n    },\r\n    {\r\n      \"id\": \"tvm-3491083306_2-20170209t172246z\",\r\n      \"state\": \"creating\"\r\n    }\r\n  ]\r\n}",
      "ResponseHeaders": {
        "Content-Type": [
          "application/json; odata=minimalmetadata"
        ],
        "Transfer-Encoding": [
          "chunked"
        ],
        "request-id": [
          "961328d0-1b71-48c9-8402-c0612a121133"
        ],
        "Strict-Transport-Security": [
          "max-age=31536000; includeSubDomains"
        ],
        "X-Content-Type-Options": [
          "nosniff"
        ],
        "DataServiceVersion": [
          "3.0"
        ],
        "Date": [
          "Thu, 09 Feb 2017 17:22:49 GMT"
        ],
        "Server": [
          "Microsoft-HTTPAPI/2.0"
        ]
      },
      "StatusCode": 200
    },
    {
      "RequestUri": "/pools/removenodepool/nodes?api-version=2017-01-01.4.0&$select=id%2Cstate",
      "EncodedRequestUri": "L3Bvb2xzL3JlbW92ZW5vZGVwb29sL25vZGVzP2FwaS12ZXJzaW9uPTIwMTctMDEtMDEuNC4wJiRzZWxlY3Q9aWQlMkNzdGF0ZQ==",
      "RequestMethod": "GET",
      "RequestBody": "",
      "RequestHeaders": {
        "client-request-id": [
          "ce090a66-02ae-4328-90ba-9d1777dd4590"
        ],
        "accept-language": [
          "en-US"
        ],
        "ocp-date": [
          "Thu, 09 Feb 2017 17:22:50 GMT"
        ],
        "User-Agent": [
          "FxVersion/4.6.1586.0",
          "OSName/Windows_10_Enterprise",
          "OSVersion/6.3.14393",
          "Microsoft.Azure.Batch.Protocol.BatchServiceClient/6.0.0.0",
          "AzurePowershell/v3.4.0"
        ]
      },
      "ResponseBody": "{\r\n  \"odata.metadata\": \"https://jstesteastus2.eastus2.batch.azure.com/$metadata#nodes\",\r\n  \"value\": [\r\n    {\r\n      \"id\": \"tvm-3491083306_1-20170209t172246z\",\r\n      \"state\": \"creating\"\r\n    },\r\n    {\r\n      \"id\": \"tvm-3491083306_2-20170209t172246z\",\r\n      \"state\": \"creating\"\r\n    }\r\n  ]\r\n}",
      "ResponseHeaders": {
        "Content-Type": [
          "application/json; odata=minimalmetadata"
        ],
        "Transfer-Encoding": [
          "chunked"
        ],
        "request-id": [
          "a40ab6b4-c221-4135-a56e-42f6e1e3ea1e"
        ],
        "Strict-Transport-Security": [
          "max-age=31536000; includeSubDomains"
        ],
        "X-Content-Type-Options": [
          "nosniff"
        ],
        "DataServiceVersion": [
          "3.0"
        ],
        "Date": [
          "Thu, 09 Feb 2017 17:22:50 GMT"
        ],
        "Server": [
          "Microsoft-HTTPAPI/2.0"
        ]
      },
      "StatusCode": 200
    },
    {
      "RequestUri": "/pools/removenodepool/nodes?api-version=2017-01-01.4.0&$select=id%2Cstate",
      "EncodedRequestUri": "L3Bvb2xzL3JlbW92ZW5vZGVwb29sL25vZGVzP2FwaS12ZXJzaW9uPTIwMTctMDEtMDEuNC4wJiRzZWxlY3Q9aWQlMkNzdGF0ZQ==",
      "RequestMethod": "GET",
      "RequestBody": "",
      "RequestHeaders": {
        "client-request-id": [
          "2abc77a4-ee23-41ac-92f7-cd871b2d79b2"
        ],
        "accept-language": [
          "en-US"
        ],
        "ocp-date": [
          "Thu, 09 Feb 2017 17:22:51 GMT"
        ],
        "User-Agent": [
          "FxVersion/4.6.1586.0",
          "OSName/Windows_10_Enterprise",
          "OSVersion/6.3.14393",
          "Microsoft.Azure.Batch.Protocol.BatchServiceClient/6.0.0.0",
          "AzurePowershell/v3.4.0"
        ]
      },
      "ResponseBody": "{\r\n  \"odata.metadata\": \"https://jstesteastus2.eastus2.batch.azure.com/$metadata#nodes\",\r\n  \"value\": [\r\n    {\r\n      \"id\": \"tvm-3491083306_1-20170209t172246z\",\r\n      \"state\": \"leavingpool\"\r\n    },\r\n    {\r\n      \"id\": \"tvm-3491083306_2-20170209t172246z\",\r\n      \"state\": \"leavingpool\"\r\n    }\r\n  ]\r\n}",
      "ResponseHeaders": {
        "Content-Type": [
          "application/json; odata=minimalmetadata"
        ],
        "Transfer-Encoding": [
          "chunked"
        ],
        "request-id": [
          "78fb5dc6-bebd-40d6-931e-59df68d10e41"
        ],
        "Strict-Transport-Security": [
          "max-age=31536000; includeSubDomains"
        ],
        "X-Content-Type-Options": [
          "nosniff"
        ],
        "DataServiceVersion": [
          "3.0"
        ],
        "Date": [
          "Thu, 09 Feb 2017 17:22:51 GMT"
        ],
        "Server": [
          "Microsoft-HTTPAPI/2.0"
        ]
      },
      "StatusCode": 200
    },
    {
      "RequestUri": "/pools/removenodepool?api-version=2017-01-01.4.0",
      "EncodedRequestUri": "L3Bvb2xzL3JlbW92ZW5vZGVwb29sP2FwaS12ZXJzaW9uPTIwMTctMDEtMDEuNC4w",
      "RequestMethod": "DELETE",
      "RequestBody": "",
      "RequestHeaders": {
        "client-request-id": [
          "08a89a03-d0e1-40bf-af89-fd6b4ae06756"
        ],
        "accept-language": [
          "en-US"
        ],
        "ocp-date": [
          "Thu, 09 Feb 2017 17:22:51 GMT"
        ],
        "User-Agent": [
          "FxVersion/4.6.1586.0",
          "OSName/Windows_10_Enterprise",
          "OSVersion/6.3.14393",
          "Microsoft.Azure.Batch.Protocol.BatchServiceClient/6.0.0.0",
          "AzurePowershell/v3.4.0"
        ]
      },
      "ResponseBody": "",
      "ResponseHeaders": {
        "Transfer-Encoding": [
          "chunked"
        ],
        "request-id": [
          "245c53a2-b39b-4808-8429-e00580638491"
        ],
        "Strict-Transport-Security": [
          "max-age=31536000; includeSubDomains"
        ],
        "X-Content-Type-Options": [
          "nosniff"
        ],
        "DataServiceVersion": [
          "3.0"
        ],
        "Date": [
          "Thu, 09 Feb 2017 17:22:50 GMT"
        ],
        "Server": [
          "Microsoft-HTTPAPI/2.0"
        ]
      },
      "StatusCode": 202
    }
  ],
  "Names": {},
  "Variables": {
    "SubscriptionId": "46241355-bb95-46a9-ba6c-42b554d71925",
    "AZURE_BATCH_ACCOUNT": "jstesteastus2",
    "AZURE_BATCH_ENDPOINT": "https://jstesteastus2.eastus2.batch.azure.com",
    "AZURE_BATCH_RESOURCE_GROUP": "default-eastus"
  }
}