{
  "Entries": [
    {
      "RequestUri": "/pools/testPool?api-version=2016-07-01.3.1",
      "EncodedRequestUri": "L3Bvb2xzL3Rlc3RQb29sP2FwaS12ZXJzaW9uPTIwMTYtMDctMDEuMy4x",
      "RequestMethod": "GET",
      "RequestBody": "",
      "RequestHeaders": {
        "client-request-id": [
          "68dfcaa8-bb48-4411-88fd-f6f374122809"
        ],
        "accept-language": [
          "en-US"
        ],
        "ocp-date": [
          "Tue, 02 Aug 2016 00:01:33 GMT"
        ],
        "User-Agent": [
          "Microsoft.Azure.Batch.Protocol.BatchServiceClient/5.0.0.0",
          "AzurePowershell/v1.6.0"
        ]
      },
      "ResponseBody": "{\r\n  \"odata.metadata\": \"https://pstestaccount.centralus.batch.azure.com/$metadata#pools/@Element\",\r\n  \"id\": \"testPool\",\r\n  \"url\": \"https://pstestaccount.centralus.batch.azure.com/pools/testPool\",\r\n  \"eTag\": \"0x8D3BA5F010D6AFC\",\r\n  \"lastModified\": \"2016-08-01T22:55:59.1687932Z\",\r\n  \"creationTime\": \"2016-08-01T22:55:59.1687932Z\",\r\n  \"state\": \"active\",\r\n  \"stateTransitionTime\": \"2016-08-01T22:55:59.1687932Z\",\r\n  \"allocationState\": \"steady\",\r\n  \"allocationStateTransitionTime\": \"2016-08-01T22:57:24.473544Z\",\r\n  \"vmSize\": \"small\",\r\n  \"resizeTimeout\": \"PT15M\",\r\n  \"currentDedicated\": 3,\r\n  \"targetDedicated\": 3,\r\n  \"enableAutoScale\": false,\r\n  \"enableInterNodeCommunication\": false,\r\n  \"startTask\": {\r\n    \"commandLine\": \"cmd /c echo hello\",\r\n    \"resourceFiles\": [],\r\n    \"runElevated\": false,\r\n    \"maxTaskRetryCount\": 0,\r\n    \"waitForSuccess\": true\r\n  },\r\n  \"maxTasksPerNode\": 1,\r\n  \"taskSchedulingPolicy\": {\r\n    \"nodeFillType\": \"Spread\"\r\n  },\r\n  \"cloudServiceConfiguration\": {\r\n    \"osFamily\": \"2\",\r\n    \"targetOSVersion\": \"*\",\r\n    \"currentOSVersion\": \"*\"\r\n  }\r\n}",
      "ResponseHeaders": {
        "Content-Type": [
          "application/json; odata=minimalmetadata"
        ],
        "Last-Modified": [
          "Mon, 01 Aug 2016 22:55:59 GMT"
        ],
        "Transfer-Encoding": [
          "chunked"
        ],
        "request-id": [
          "d174c650-1e7c-43e9-9d5c-3378256353bd"
        ],
        "Strict-Transport-Security": [
          "max-age=31536000; includeSubDomains"
        ],
        "DataServiceVersion": [
          "3.0"
        ],
        "Date": [
          "Tue, 02 Aug 2016 00:01:33 GMT"
        ],
        "ETag": [
          "0x8D3BA5F010D6AFC"
        ],
        "Server": [
          "Microsoft-HTTPAPI/2.0"
        ]
      },
      "StatusCode": 200
    },
    {
      "RequestUri": "/pools/testPool?api-version=2016-07-01.3.1",
      "EncodedRequestUri": "L3Bvb2xzL3Rlc3RQb29sP2FwaS12ZXJzaW9uPTIwMTYtMDctMDEuMy4x",
      "RequestMethod": "GET",
      "RequestBody": "",
      "RequestHeaders": {
        "client-request-id": [
          "b184e758-b831-4581-8573-db3d4995860c"
        ],
        "accept-language": [
          "en-US"
        ],
        "ocp-date": [
          "Tue, 02 Aug 2016 00:01:37 GMT"
        ],
        "User-Agent": [
          "Microsoft.Azure.Batch.Protocol.BatchServiceClient/5.0.0.0",
          "AzurePowershell/v1.6.0"
        ]
      },
      "ResponseBody": "{\r\n  \"odata.metadata\": \"https://pstestaccount.centralus.batch.azure.com/$metadata#pools/@Element\",\r\n  \"id\": \"testPool\",\r\n  \"url\": \"https://pstestaccount.centralus.batch.azure.com/pools/testPool\",\r\n  \"eTag\": \"0x8D3BA5F010D6AFC\",\r\n  \"lastModified\": \"2016-08-01T22:55:59.1687932Z\",\r\n  \"creationTime\": \"2016-08-01T22:55:59.1687932Z\",\r\n  \"state\": \"active\",\r\n  \"stateTransitionTime\": \"2016-08-01T22:55:59.1687932Z\",\r\n  \"allocationState\": \"steady\",\r\n  \"allocationStateTransitionTime\": \"2016-08-01T22:57:24.473544Z\",\r\n  \"vmSize\": \"small\",\r\n  \"resizeTimeout\": \"PT15M\",\r\n  \"currentDedicated\": 3,\r\n  \"targetDedicated\": 3,\r\n  \"enableAutoScale\": false,\r\n  \"enableInterNodeCommunication\": false,\r\n  \"startTask\": {\r\n    \"commandLine\": \"cmd /c echo hello\",\r\n    \"resourceFiles\": [],\r\n    \"runElevated\": false,\r\n    \"maxTaskRetryCount\": 0,\r\n    \"waitForSuccess\": true\r\n  },\r\n  \"maxTasksPerNode\": 1,\r\n  \"taskSchedulingPolicy\": {\r\n    \"nodeFillType\": \"Spread\"\r\n  },\r\n  \"cloudServiceConfiguration\": {\r\n    \"osFamily\": \"2\",\r\n    \"targetOSVersion\": \"*\",\r\n    \"currentOSVersion\": \"*\"\r\n  }\r\n}",
      "ResponseHeaders": {
        "Content-Type": [
          "application/json; odata=minimalmetadata"
        ],
        "Last-Modified": [
          "Mon, 01 Aug 2016 22:55:59 GMT"
        ],
        "Transfer-Encoding": [
          "chunked"
        ],
        "request-id": [
          "5227fbf2-44d8-45cb-8bd1-b66f0f99b46a"
        ],
        "Strict-Transport-Security": [
          "max-age=31536000; includeSubDomains"
        ],
        "DataServiceVersion": [
          "3.0"
        ],
        "Date": [
          "Tue, 02 Aug 2016 00:01:37 GMT"
        ],
        "ETag": [
          "0x8D3BA5F010D6AFC"
        ],
        "Server": [
          "Microsoft-HTTPAPI/2.0"
        ]
      },
      "StatusCode": 200
    },
    {
      "RequestUri": "/pools/testPool/nodes?api-version=2016-07-01.3.1&$filter=state%20eq%20'idle'",
      "EncodedRequestUri": "L3Bvb2xzL3Rlc3RQb29sL25vZGVzP2FwaS12ZXJzaW9uPTIwMTYtMDctMDEuMy4xJiRmaWx0ZXI9c3RhdGUlMjBlcSUyMCUyN2lkbGUlMjc=",
      "RequestMethod": "GET",
      "RequestBody": "",
      "RequestHeaders": {
        "client-request-id": [
          "ceaba5a3-1d8e-4733-a8d1-6e3393028428"
        ],
        "accept-language": [
          "en-US"
        ],
        "ocp-date": [
          "Tue, 02 Aug 2016 00:01:37 GMT"
        ],
        "User-Agent": [
          "Microsoft.Azure.Batch.Protocol.BatchServiceClient/5.0.0.0",
          "AzurePowershell/v1.6.0"
        ]
      },
      "ResponseBody": "{\r\n  \"odata.metadata\": \"https://pstestaccount.centralus.batch.azure.com/$metadata#nodes\",\r\n  \"value\": [\r\n    {\r\n      \"id\": \"tvm-2544493925_1-20160801t225723z\",\r\n      \"url\": \"https://pstestaccount.centralus.batch.azure.com/pools/testPool/nodes/tvm-2544493925_1-20160801t225723z\",\r\n      \"state\": \"idle\",\r\n      \"schedulingState\": \"enabled\",\r\n      \"stateTransitionTime\": \"2016-08-01T23:02:09.0923454Z\",\r\n      \"lastBootTime\": \"2016-08-01T23:02:06.8696038Z\",\r\n      \"allocationTime\": \"2016-08-01T22:57:23.5341753Z\",\r\n      \"ipAddress\": \"100.111.176.89\",\r\n      \"affinityId\": \"TVM:tvm-2544493925_1-20160801t225723z\",\r\n      \"vmSize\": \"small\",\r\n      \"totalTasksRun\": 0,\r\n      \"totalTasksSucceeded\": 0,\r\n      \"runningTasksCount\": 0,\r\n      \"startTask\": {\r\n        \"commandLine\": \"cmd /c echo hello\",\r\n        \"resourceFiles\": [],\r\n        \"runElevated\": false,\r\n        \"maxTaskRetryCount\": 0,\r\n        \"waitForSuccess\": true\r\n      },\r\n      \"startTaskInfo\": {\r\n        \"state\": \"completed\",\r\n        \"startTime\": \"2016-08-01T23:02:09.0220302Z\",\r\n        \"endTime\": \"2016-08-01T23:02:09.0923454Z\",\r\n        \"exitCode\": 0,\r\n        \"retryCount\": 0\r\n      }\r\n    },\r\n    {\r\n      \"id\": \"tvm-2544493925_2-20160801t225723z\",\r\n      \"url\": \"https://pstestaccount.centralus.batch.azure.com/pools/testPool/nodes/tvm-2544493925_2-20160801t225723z\",\r\n      \"state\": \"idle\",\r\n      \"schedulingState\": \"enabled\",\r\n      \"stateTransitionTime\": \"2016-08-01T23:02:10.3617088Z\",\r\n      \"lastBootTime\": \"2016-08-01T23:02:08.2173148Z\",\r\n      \"allocationTime\": \"2016-08-01T22:57:23.5341753Z\",\r\n      \"ipAddress\": \"100.111.212.26\",\r\n      \"affinityId\": \"TVM:tvm-2544493925_2-20160801t225723z\",\r\n      \"vmSize\": \"small\",\r\n      \"totalTasksRun\": 0,\r\n      \"totalTasksSucceeded\": 0,\r\n      \"runningTasksCount\": 0,\r\n      \"startTask\": {\r\n        \"commandLine\": \"cmd /c echo hello\",\r\n        \"resourceFiles\": [],\r\n        \"runElevated\": false,\r\n        \"maxTaskRetryCount\": 0,\r\n        \"waitForSuccess\": true\r\n      },\r\n      \"startTaskInfo\": {\r\n        \"state\": \"completed\",\r\n        \"startTime\": \"2016-08-01T23:02:10.2972598Z\",\r\n        \"endTime\": \"2016-08-01T23:02:10.3617088Z\",\r\n        \"exitCode\": 0,\r\n        \"retryCount\": 0\r\n      }\r\n    },\r\n    {\r\n      \"id\": \"tvm-2544493925_3-20160801t225723z\",\r\n      \"url\": \"https://pstestaccount.centralus.batch.azure.com/pools/testPool/nodes/tvm-2544493925_3-20160801t225723z\",\r\n      \"state\": \"idle\",\r\n      \"schedulingState\": \"enabled\",\r\n      \"stateTransitionTime\": \"2016-08-01T23:02:10.742075Z\",\r\n      \"lastBootTime\": \"2016-08-01T23:02:08.9794925Z\",\r\n      \"allocationTime\": \"2016-08-01T22:57:23.5341753Z\",\r\n      \"ipAddress\": \"100.111.234.27\",\r\n      \"affinityId\": \"TVM:tvm-2544493925_3-20160801t225723z\",\r\n      \"vmSize\": \"small\",\r\n      \"totalTasksRun\": 0,\r\n      \"totalTasksSucceeded\": 0,\r\n      \"runningTasksCount\": 0,\r\n      \"startTask\": {\r\n        \"commandLine\": \"cmd /c echo hello\",\r\n        \"resourceFiles\": [],\r\n        \"runElevated\": false,\r\n        \"maxTaskRetryCount\": 0,\r\n        \"waitForSuccess\": true\r\n      },\r\n      \"startTaskInfo\": {\r\n        \"state\": \"completed\",\r\n        \"startTime\": \"2016-08-01T23:02:10.6864145Z\",\r\n        \"endTime\": \"2016-08-01T23:02:10.742075Z\",\r\n        \"exitCode\": 0,\r\n        \"retryCount\": 0\r\n      }\r\n    }\r\n  ]\r\n}",
      "ResponseHeaders": {
        "Content-Type": [
          "application/json; odata=minimalmetadata"
        ],
        "Transfer-Encoding": [
          "chunked"
        ],
        "request-id": [
          "cfb8ec35-0376-44e6-ba48-6fd9a692303f"
        ],
        "Strict-Transport-Security": [
          "max-age=31536000; includeSubDomains"
        ],
        "DataServiceVersion": [
          "3.0"
        ],
        "Date": [
          "Tue, 02 Aug 2016 00:01:36 GMT"
        ],
        "Server": [
          "Microsoft-HTTPAPI/2.0"
        ]
      },
      "StatusCode": 200
    },
    {
      "RequestUri": "/pools/testPool/nodes?api-version=2016-07-01.3.1&$filter=state%20eq%20'idle'",
      "EncodedRequestUri": "L3Bvb2xzL3Rlc3RQb29sL25vZGVzP2FwaS12ZXJzaW9uPTIwMTYtMDctMDEuMy4xJiRmaWx0ZXI9c3RhdGUlMjBlcSUyMCUyN2lkbGUlMjc=",
      "RequestMethod": "GET",
      "RequestBody": "",
      "RequestHeaders": {
        "client-request-id": [
          "75e7cde3-ae7e-4145-8553-697a6951c1d8"
        ],
        "accept-language": [
          "en-US"
        ],
        "ocp-date": [
          "Tue, 02 Aug 2016 00:01:37 GMT"
        ],
        "User-Agent": [
          "Microsoft.Azure.Batch.Protocol.BatchServiceClient/5.0.0.0",
          "AzurePowershell/v1.6.0"
        ]
      },
      "ResponseBody": "{\r\n  \"odata.metadata\": \"https://pstestaccount.centralus.batch.azure.com/$metadata#nodes\",\r\n  \"value\": [\r\n    {\r\n      \"id\": \"tvm-2544493925_1-20160801t225723z\",\r\n      \"url\": \"https://pstestaccount.centralus.batch.azure.com/pools/testPool/nodes/tvm-2544493925_1-20160801t225723z\",\r\n      \"state\": \"idle\",\r\n      \"schedulingState\": \"enabled\",\r\n      \"stateTransitionTime\": \"2016-08-01T23:02:09.0923454Z\",\r\n      \"lastBootTime\": \"2016-08-01T23:02:06.8696038Z\",\r\n      \"allocationTime\": \"2016-08-01T22:57:23.5341753Z\",\r\n      \"ipAddress\": \"100.111.176.89\",\r\n      \"affinityId\": \"TVM:tvm-2544493925_1-20160801t225723z\",\r\n      \"vmSize\": \"small\",\r\n      \"totalTasksRun\": 0,\r\n      \"totalTasksSucceeded\": 0,\r\n      \"runningTasksCount\": 0,\r\n      \"startTask\": {\r\n        \"commandLine\": \"cmd /c echo hello\",\r\n        \"resourceFiles\": [],\r\n        \"runElevated\": false,\r\n        \"maxTaskRetryCount\": 0,\r\n        \"waitForSuccess\": true\r\n      },\r\n      \"startTaskInfo\": {\r\n        \"state\": \"completed\",\r\n        \"startTime\": \"2016-08-01T23:02:09.0220302Z\",\r\n        \"endTime\": \"2016-08-01T23:02:09.0923454Z\",\r\n        \"exitCode\": 0,\r\n        \"retryCount\": 0\r\n      }\r\n    },\r\n    {\r\n      \"id\": \"tvm-2544493925_2-20160801t225723z\",\r\n      \"url\": \"https://pstestaccount.centralus.batch.azure.com/pools/testPool/nodes/tvm-2544493925_2-20160801t225723z\",\r\n      \"state\": \"idle\",\r\n      \"schedulingState\": \"enabled\",\r\n      \"stateTransitionTime\": \"2016-08-01T23:02:10.3617088Z\",\r\n      \"lastBootTime\": \"2016-08-01T23:02:08.2173148Z\",\r\n      \"allocationTime\": \"2016-08-01T22:57:23.5341753Z\",\r\n      \"ipAddress\": \"100.111.212.26\",\r\n      \"affinityId\": \"TVM:tvm-2544493925_2-20160801t225723z\",\r\n      \"vmSize\": \"small\",\r\n      \"totalTasksRun\": 0,\r\n      \"totalTasksSucceeded\": 0,\r\n      \"runningTasksCount\": 0,\r\n      \"startTask\": {\r\n        \"commandLine\": \"cmd /c echo hello\",\r\n        \"resourceFiles\": [],\r\n        \"runElevated\": false,\r\n        \"maxTaskRetryCount\": 0,\r\n        \"waitForSuccess\": true\r\n      },\r\n      \"startTaskInfo\": {\r\n        \"state\": \"completed\",\r\n        \"startTime\": \"2016-08-01T23:02:10.2972598Z\",\r\n        \"endTime\": \"2016-08-01T23:02:10.3617088Z\",\r\n        \"exitCode\": 0,\r\n        \"retryCount\": 0\r\n      }\r\n    },\r\n    {\r\n      \"id\": \"tvm-2544493925_3-20160801t225723z\",\r\n      \"url\": \"https://pstestaccount.centralus.batch.azure.com/pools/testPool/nodes/tvm-2544493925_3-20160801t225723z\",\r\n      \"state\": \"idle\",\r\n      \"schedulingState\": \"enabled\",\r\n      \"stateTransitionTime\": \"2016-08-01T23:02:10.742075Z\",\r\n      \"lastBootTime\": \"2016-08-01T23:02:08.9794925Z\",\r\n      \"allocationTime\": \"2016-08-01T22:57:23.5341753Z\",\r\n      \"ipAddress\": \"100.111.234.27\",\r\n      \"affinityId\": \"TVM:tvm-2544493925_3-20160801t225723z\",\r\n      \"vmSize\": \"small\",\r\n      \"totalTasksRun\": 0,\r\n      \"totalTasksSucceeded\": 0,\r\n      \"runningTasksCount\": 0,\r\n      \"startTask\": {\r\n        \"commandLine\": \"cmd /c echo hello\",\r\n        \"resourceFiles\": [],\r\n        \"runElevated\": false,\r\n        \"maxTaskRetryCount\": 0,\r\n        \"waitForSuccess\": true\r\n      },\r\n      \"startTaskInfo\": {\r\n        \"state\": \"completed\",\r\n        \"startTime\": \"2016-08-01T23:02:10.6864145Z\",\r\n        \"endTime\": \"2016-08-01T23:02:10.742075Z\",\r\n        \"exitCode\": 0,\r\n        \"retryCount\": 0\r\n      }\r\n    }\r\n  ]\r\n}",
      "ResponseHeaders": {
        "Content-Type": [
          "application/json; odata=minimalmetadata"
        ],
        "Transfer-Encoding": [
          "chunked"
        ],
        "request-id": [
          "533b3e40-8949-489d-950a-43b8283c3013"
        ],
        "Strict-Transport-Security": [
          "max-age=31536000; includeSubDomains"
        ],
        "DataServiceVersion": [
          "3.0"
        ],
        "Date": [
          "Tue, 02 Aug 2016 00:01:37 GMT"
        ],
        "Server": [
          "Microsoft-HTTPAPI/2.0"
        ]
      },
      "StatusCode": 200
    }
  ],
  "Names": {},
  "Variables": {
    "SubscriptionId": "46241355-bb95-46a9-ba6c-42b554d71925",
    "AZURE_BATCH_ACCOUNT": "pstestaccount",
    "AZURE_BATCH_ENDPOINT": "https://pstestaccount.centralus.batch.azure.com",
    "AZURE_BATCH_RESOURCE_GROUP": "AccountMgmtSampleGroup"
  }
}