{
  "Entries": [
    {
      "RequestUri": "/pools/testIaasPool/nodes?api-version=2018-03-01.6.1",
      "EncodedRequestUri": "L3Bvb2xzL3Rlc3RJYWFzUG9vbC9ub2Rlcz9hcGktdmVyc2lvbj0yMDE4LTAzLTAxLjYuMQ==",
      "RequestMethod": "GET",
      "RequestBody": "",
      "RequestHeaders": {
        "client-request-id": [
          "3dfd043b-5926-4c4e-b916-1156bc1faaaf"
        ],
        "accept-language": [
          "en-US"
        ],
        "ocp-date": [
          "Tue, 05 Jun 2018 23:30:37 GMT"
        ],
        "User-Agent": [
          "FxVersion/4.7.2650.0",
          "OSName/Windows10Enterprise",
          "OSVersion/6.3.16299",
          "Microsoft.Azure.Batch.Protocol.BatchServiceClient/8.1.1.0",
          "AzurePowershell/v6.1.1"
        ]
      },
      "ResponseBody": "{\r\n  \"odata.metadata\": \"https://matthchrwestcentralus.westcentralus.batch.azure.com/$metadata#nodes\",\r\n  \"value\": [\r\n    {\r\n      \"id\": \"tvm-3840119875_1-20180605t170418z\",\r\n      \"url\": \"https://matthchrwestcentralus.westcentralus.batch.azure.com/pools/testIaasPool/nodes/tvm-3840119875_1-20180605t170418z\",\r\n      \"state\": \"idle\",\r\n      \"schedulingState\": \"enabled\",\r\n      \"stateTransitionTime\": \"2018-06-05T17:05:17.885188Z\",\r\n      \"lastBootTime\": \"2018-06-05T17:05:17.796542Z\",\r\n      \"allocationTime\": \"2018-06-05T17:04:18.6270555Z\",\r\n      \"ipAddress\": \"10.0.0.4\",\r\n      \"affinityId\": \"TVM:tvm-3840119875_1-20180605t170418z\",\r\n      \"vmSize\": \"standard_d1_v2\",\r\n      \"totalTasksRun\": 0,\r\n      \"totalTasksSucceeded\": 0,\r\n      \"runningTasksCount\": 0,\r\n      \"isDedicated\": true,\r\n      \"endpointConfiguration\": {\r\n        \"inboundEndpoints\": [\r\n          {\r\n            \"name\": \"SSHRule.0\",\r\n            \"protocol\": \"tcp\",\r\n            \"publicIPAddress\": \"13.78.128.182\",\r\n            \"publicFQDN\": \"dns05bdf992-9584-4181-8c77-08a2819f65f0-azurebatch-cloudservice.westcentralus.cloudapp.azure.com\",\r\n            \"frontendPort\": 50000,\r\n            \"backendPort\": 22\r\n          }\r\n        ]\r\n      }\r\n    }\r\n  ]\r\n}",
      "ResponseHeaders": {
        "Content-Type": [
          "application/json; odata=minimalmetadata"
        ],
        "Transfer-Encoding": [
          "chunked"
        ],
        "request-id": [
          "cb995f19-ecac-4bd1-8a09-9ad8493ae721"
        ],
        "Strict-Transport-Security": [
          "max-age=31536000; includeSubDomains"
        ],
        "X-Content-Type-Options": [
          "nosniff"
        ],
        "DataServiceVersion": [
          "3.0"
        ],
        "Date": [
          "Tue, 05 Jun 2018 23:30:37 GMT"
        ],
        "Server": [
          "Microsoft-HTTPAPI/2.0"
        ]
      },
      "StatusCode": 200
    },
    {
      "RequestUri": "/pools/testIaasPool/nodes/tvm-3840119875_1-20180605t170418z?api-version=2018-03-01.6.1",
      "EncodedRequestUri": "L3Bvb2xzL3Rlc3RJYWFzUG9vbC9ub2Rlcy90dm0tMzg0MDExOTg3NV8xLTIwMTgwNjA1dDE3MDQxOHo/YXBpLXZlcnNpb249MjAxOC0wMy0wMS42LjE=",
      "RequestMethod": "GET",
      "RequestBody": "",
      "RequestHeaders": {
        "client-request-id": [
          "7fea0c2c-4ab0-4d4f-a38b-e3b11c6af9a3"
        ],
        "accept-language": [
          "en-US"
        ],
        "ocp-date": [
          "Tue, 05 Jun 2018 23:30:37 GMT"
        ],
        "User-Agent": [
          "FxVersion/4.7.2650.0",
          "OSName/Windows10Enterprise",
          "OSVersion/6.3.16299",
          "Microsoft.Azure.Batch.Protocol.BatchServiceClient/8.1.1.0",
          "AzurePowershell/v6.1.1"
        ]
      },
      "ResponseBody": "{\r\n  \"odata.metadata\": \"https://matthchrwestcentralus.westcentralus.batch.azure.com/$metadata#nodes/@Element\",\r\n  \"id\": \"tvm-3840119875_1-20180605t170418z\",\r\n  \"url\": \"https://matthchrwestcentralus.westcentralus.batch.azure.com/pools/testIaasPool/nodes/tvm-3840119875_1-20180605t170418z\",\r\n  \"state\": \"idle\",\r\n  \"schedulingState\": \"enabled\",\r\n  \"stateTransitionTime\": \"2018-06-05T17:05:17.885188Z\",\r\n  \"lastBootTime\": \"2018-06-05T17:05:17.796542Z\",\r\n  \"allocationTime\": \"2018-06-05T17:04:18.6270555Z\",\r\n  \"ipAddress\": \"10.0.0.4\",\r\n  \"affinityId\": \"TVM:tvm-3840119875_1-20180605t170418z\",\r\n  \"vmSize\": \"standard_d1_v2\",\r\n  \"totalTasksRun\": 0,\r\n  \"totalTasksSucceeded\": 0,\r\n  \"runningTasksCount\": 0,\r\n  \"isDedicated\": true,\r\n  \"endpointConfiguration\": {\r\n    \"inboundEndpoints\": [\r\n      {\r\n        \"name\": \"SSHRule.0\",\r\n        \"protocol\": \"tcp\",\r\n        \"publicIPAddress\": \"13.78.128.182\",\r\n        \"publicFQDN\": \"dns05bdf992-9584-4181-8c77-08a2819f65f0-azurebatch-cloudservice.westcentralus.cloudapp.azure.com\",\r\n        \"frontendPort\": 50000,\r\n        \"backendPort\": 22\r\n      }\r\n    ]\r\n  }\r\n}",
      "ResponseHeaders": {
        "Content-Type": [
          "application/json; odata=minimalmetadata"
        ],
        "Transfer-Encoding": [
          "chunked"
        ],
        "request-id": [
          "88c5a75d-5979-4c41-bbfc-a7cbf9981517"
        ],
        "Strict-Transport-Security": [
          "max-age=31536000; includeSubDomains"
        ],
        "X-Content-Type-Options": [
          "nosniff"
        ],
        "DataServiceVersion": [
          "3.0"
        ],
        "Date": [
          "Tue, 05 Jun 2018 23:30:37 GMT"
        ],
        "Server": [
          "Microsoft-HTTPAPI/2.0"
        ]
      },
      "StatusCode": 200
    },
    {
      "RequestUri": "/pools/testIaasPool/nodes/tvm-3840119875_1-20180605t170418z/remoteloginsettings?api-version=2018-03-01.6.1",
      "EncodedRequestUri": "L3Bvb2xzL3Rlc3RJYWFzUG9vbC9ub2Rlcy90dm0tMzg0MDExOTg3NV8xLTIwMTgwNjA1dDE3MDQxOHovcmVtb3RlbG9naW5zZXR0aW5ncz9hcGktdmVyc2lvbj0yMDE4LTAzLTAxLjYuMQ==",
      "RequestMethod": "GET",
      "RequestBody": "",
      "RequestHeaders": {
        "client-request-id": [
          "787742c3-4d19-4883-a122-d6f3cd8c5d03"
        ],
        "accept-language": [
          "en-US"
        ],
        "ocp-date": [
          "Tue, 05 Jun 2018 23:30:37 GMT"
        ],
        "User-Agent": [
          "FxVersion/4.7.2650.0",
          "OSName/Windows10Enterprise",
          "OSVersion/6.3.16299",
          "Microsoft.Azure.Batch.Protocol.BatchServiceClient/8.1.1.0",
          "AzurePowershell/v6.1.1"
        ]
      },
      "ResponseBody": "{\r\n  \"odata.metadata\": \"https://matthchrwestcentralus.westcentralus.batch.azure.com/$metadata#Microsoft.Azure.Batch.Protocol.Entities.RemoteLoginSettings\",\r\n  \"remoteLoginIPAddress\": \"13.78.128.182\",\r\n  \"remoteLoginPort\": 50000\r\n}",
      "ResponseHeaders": {
        "Content-Type": [
          "application/json; odata=minimalmetadata"
        ],
        "Transfer-Encoding": [
          "chunked"
        ],
        "request-id": [
          "5c2f4752-666a-4686-9e16-08e936eab013"
        ],
        "Strict-Transport-Security": [
          "max-age=31536000; includeSubDomains"
        ],
        "X-Content-Type-Options": [
          "nosniff"
        ],
        "DataServiceVersion": [
          "3.0"
        ],
        "DataServiceId": [
          "https://matthchrwestcentralus.westcentralus.batch.azure.com/pools/testIaasPool/nodes/tvm-3840119875_1-20180605t170418z/remoteloginsettings"
        ],
        "Date": [
          "Tue, 05 Jun 2018 23:30:37 GMT"
        ],
        "Server": [
          "Microsoft-HTTPAPI/2.0"
        ]
      },
      "StatusCode": 200
    }
  ],
  "Names": {},
  "Variables": {
    "SubscriptionId": "2915bbd6-1252-405f-8173-6c00428146d9",
    "AZURE_BATCH_ACCOUNT": "matthchrwestcentralus",
    "AZURE_BATCH_ENDPOINT": "https://matthchrwestcentralus.westcentralus.batch.azure.com",
    "AZURE_BATCH_RESOURCE_GROUP": "matthchrwestcentralus"
  }
}