{
  "Entries": [
    {
      "RequestUri": "/subscriptions/46241355-bb95-46a9-ba6c-42b554d71925/resources?$filter=resourceType%20eq%20'Microsoft.Batch%2FbatchAccounts'&api-version=2014-04-01-preview",
      "EncodedRequestUri": "L3N1YnNjcmlwdGlvbnMvNDYyNDEzNTUtYmI5NS00NmE5LWJhNmMtNDJiNTU0ZDcxOTI1L3Jlc291cmNlcz8kZmlsdGVyPXJlc291cmNlVHlwZSUyMGVxJTIwJ01pY3Jvc29mdC5CYXRjaCUyRmJhdGNoQWNjb3VudHMnJmFwaS12ZXJzaW9uPTIwMTQtMDQtMDEtcHJldmlldw==",
      "RequestMethod": "GET",
      "RequestBody": "",
      "RequestHeaders": {
        "User-Agent": [
          "Microsoft.Azure.Management.Resources.ResourceManagementClient/2.0.0.0"
        ]
      },
      "ResponseBody": "{\r\n  \"value\": [\r\n    {\r\n      \"id\": \"/subscriptions/46241355-bb95-46a9-ba6c-42b554d71925/resourceGroups/default-brazilsouth/providers/Microsoft.Batch/batchAccounts/batchtest\",\r\n      \"name\": \"batchtest\",\r\n      \"type\": \"Microsoft.Batch/batchAccounts\",\r\n      \"location\": \"brazilsouth\",\r\n      \"tags\": {\r\n        \"tag1\": \"value1\"\r\n      }\r\n    },\r\n    {\r\n      \"id\": \"/subscriptions/46241355-bb95-46a9-ba6c-42b554d71925/resourceGroups/default-centralus/providers/Microsoft.Batch/batchAccounts/jsxplat\",\r\n      \"name\": \"jsxplat\",\r\n      \"type\": \"Microsoft.Batch/batchAccounts\",\r\n      \"location\": \"centralus\"\r\n    },\r\n    {\r\n      \"id\": \"/subscriptions/46241355-bb95-46a9-ba6c-42b554d71925/resourceGroups/default-eastus/providers/Microsoft.Batch/batchAccounts/jstesteastus2\",\r\n      \"name\": \"jstesteastus2\",\r\n      \"type\": \"Microsoft.Batch/batchAccounts\",\r\n      \"location\": \"eastus2\"\r\n    },\r\n    {\r\n      \"id\": \"/subscriptions/46241355-bb95-46a9-ba6c-42b554d71925/resourceGroups/default-eastus/providers/Microsoft.Batch/batchAccounts/pstestaccount\",\r\n      \"name\": \"pstestaccount\",\r\n      \"type\": \"Microsoft.Batch/batchAccounts\",\r\n      \"location\": \"eastus\"\r\n    },\r\n    {\r\n      \"id\": \"/subscriptions/46241355-bb95-46a9-ba6c-42b554d71925/resourceGroups/default-westus/providers/Microsoft.Batch/batchAccounts/jsmatlab\",\r\n      \"name\": \"jsmatlab\",\r\n      \"type\": \"Microsoft.Batch/batchAccounts\",\r\n      \"location\": \"westus\"\r\n    },\r\n    {\r\n      \"id\": \"/subscriptions/46241355-bb95-46a9-ba6c-42b554d71925/resourceGroups/default-westus/providers/Microsoft.Batch/batchAccounts/jstest\",\r\n      \"name\": \"jstest\",\r\n      \"type\": \"Microsoft.Batch/batchAccounts\",\r\n      \"location\": \"westus\"\r\n    }\r\n  ]\r\n}",
      "ResponseHeaders": {
        "Content-Length": [
          "1371"
        ],
        "Content-Type": [
          "application/json; charset=utf-8"
        ],
        "Expires": [
          "-1"
        ],
        "Pragma": [
          "no-cache"
        ],
        "x-ms-ratelimit-remaining-subscription-reads": [
          "14923"
        ],
        "x-ms-request-id": [
          "0029ab1f-7d53-4be5-955f-9afd5f9a5eca"
        ],
        "x-ms-correlation-request-id": [
          "0029ab1f-7d53-4be5-955f-9afd5f9a5eca"
        ],
        "x-ms-routing-request-id": [
          "WESTUS:20160404T185015Z:0029ab1f-7d53-4be5-955f-9afd5f9a5eca"
        ],
        "Strict-Transport-Security": [
          "max-age=31536000; includeSubDomains"
        ],
        "Cache-Control": [
          "no-cache"
        ],
        "Date": [
          "Mon, 04 Apr 2016 18:50:14 GMT"
        ]
      },
      "StatusCode": 200
    },
    {
      "RequestUri": "/subscriptions/46241355-bb95-46a9-ba6c-42b554d71925/resourceGroups/default-eastus/providers/Microsoft.Batch/batchAccounts/pstestaccount?api-version=2015-09-01",
      "EncodedRequestUri": "L3N1YnNjcmlwdGlvbnMvNDYyNDEzNTUtYmI5NS00NmE5LWJhNmMtNDJiNTU0ZDcxOTI1L3Jlc291cmNlR3JvdXBzL2RlZmF1bHQtZWFzdHVzL3Byb3ZpZGVycy9NaWNyb3NvZnQuQmF0Y2gvYmF0Y2hBY2NvdW50cy9wc3Rlc3RhY2NvdW50P2FwaS12ZXJzaW9uPTIwMTUtMDktMDE=",
      "RequestMethod": "GET",
      "RequestBody": "",
      "RequestHeaders": {
        "x-ms-version": [
          "2015-09-01"
        ],
        "User-Agent": [
          "Microsoft.Azure.Management.Batch.BatchManagementClient/1.0.0.0"
        ]
      },
      "ResponseBody": "{\r\n  \"name\": \"pstestaccount\",\r\n  \"location\": \"eastus\",\r\n  \"properties\": {\r\n    \"accountEndpoint\": \"pstestaccount.eastus.batch.azure.com\",\r\n    \"provisioningState\": \"Succeeded\",\r\n    \"coreQuota\": 20,\r\n    \"poolQuota\": 20,\r\n    \"activeJobAndJobScheduleQuota\": 20\r\n  },\r\n  \"id\": \"/subscriptions/46241355-bb95-46a9-ba6c-42b554d71925/resourceGroups/default-eastus/providers/Microsoft.Batch/batchAccounts/pstestaccount\",\r\n  \"type\": \"Microsoft.Batch/batchAccounts\"\r\n}",
      "ResponseHeaders": {
        "Content-Length": [
          "394"
        ],
        "Content-Type": [
          "application/json; charset=utf-8"
        ],
        "Expires": [
          "-1"
        ],
        "Last-Modified": [
          "Mon, 04 Apr 2016 18:50:16 GMT"
        ],
        "Pragma": [
          "no-cache"
        ],
        "request-id": [
          "21a1077d-c80a-4d3b-a518-3bca395fa18f"
        ],
        "Strict-Transport-Security": [
          "max-age=31536000; includeSubDomains"
        ],
        "x-ms-ratelimit-remaining-subscription-reads": [
          "14994"
        ],
        "x-ms-request-id": [
          "297b6182-c0ae-466f-9749-05660aee73eb"
        ],
        "x-ms-correlation-request-id": [
          "297b6182-c0ae-466f-9749-05660aee73eb"
        ],
        "x-ms-routing-request-id": [
          "WESTUS:20160404T185017Z:297b6182-c0ae-466f-9749-05660aee73eb"
        ],
        "Cache-Control": [
          "no-cache"
        ],
        "Date": [
          "Mon, 04 Apr 2016 18:50:16 GMT"
        ],
        "ETag": [
          "0x8D35CB9F6D77E27"
        ],
        "Server": [
          "Microsoft-HTTPAPI/2.0"
        ]
      },
      "StatusCode": 200
    },
    {
      "RequestUri": "/subscriptions/46241355-bb95-46a9-ba6c-42b554d71925/resourceGroups/default-eastus/providers/Microsoft.Batch/batchAccounts/pstestaccount/listKeys?api-version=2015-09-01",
      "EncodedRequestUri": "L3N1YnNjcmlwdGlvbnMvNDYyNDEzNTUtYmI5NS00NmE5LWJhNmMtNDJiNTU0ZDcxOTI1L3Jlc291cmNlR3JvdXBzL2RlZmF1bHQtZWFzdHVzL3Byb3ZpZGVycy9NaWNyb3NvZnQuQmF0Y2gvYmF0Y2hBY2NvdW50cy9wc3Rlc3RhY2NvdW50L2xpc3RLZXlzP2FwaS12ZXJzaW9uPTIwMTUtMDktMDE=",
      "RequestMethod": "POST",
      "RequestBody": "",
      "RequestHeaders": {
        "x-ms-version": [
          "2015-09-01"
        ],
        "User-Agent": [
          "Microsoft.Azure.Management.Batch.BatchManagementClient/1.0.0.0"
        ]
      },
      "ResponseBody": "{\r\n  \"accountName\": \"pstestaccount\",\r\n  \"primary\": \"fRlHsqQAn8t7JoMsGDuLbPka/vHUscOWH0B20Bq0QcrJ5znK2hSoEO6B2y1sFtIB81tLFWnBG7pdIGIlgiV1fg==\",\r\n  \"secondary\": \"ZHMeLQ5h7glfP6dE2HhfQMrMidPWrXq6xm4WLqW5Na4g/svcxV7QE/D2sIuGhh4hvnCZZ7cB8t4/epFsjG+OtQ==\"\r\n}",
      "ResponseHeaders": {
        "Content-Length": [
          "235"
        ],
        "Content-Type": [
          "application/json; charset=utf-8"
        ],
        "Expires": [
          "-1"
        ],
        "Pragma": [
          "no-cache"
        ],
        "request-id": [
          "bdf6b8db-69ce-418e-96f2-0e6c002dcacf"
        ],
        "Strict-Transport-Security": [
          "max-age=31536000; includeSubDomains"
        ],
        "x-ms-ratelimit-remaining-subscription-writes": [
          "1198"
        ],
        "x-ms-request-id": [
          "2b92da45-4c1e-490e-a4b8-b0cb65612fc2"
        ],
        "x-ms-correlation-request-id": [
          "2b92da45-4c1e-490e-a4b8-b0cb65612fc2"
        ],
        "x-ms-routing-request-id": [
          "WESTUS:20160404T185017Z:2b92da45-4c1e-490e-a4b8-b0cb65612fc2"
        ],
        "Cache-Control": [
          "no-cache"
        ],
        "Date": [
          "Mon, 04 Apr 2016 18:50:16 GMT"
        ],
        "Server": [
          "Microsoft-HTTPAPI/2.0"
        ]
      },
      "StatusCode": 200
    },
    {
      "RequestUri": "/pools/testPool?api-version=2016-02-01.3.0",
      "EncodedRequestUri": "L3Bvb2xzL3Rlc3RQb29sP2FwaS12ZXJzaW9uPTIwMTYtMDItMDEuMy4w",
      "RequestMethod": "GET",
      "RequestBody": "",
      "RequestHeaders": {
        "x-ms-client-request-id": [
          "b1f91956-5039-4587-a6a9-7ac8ddc6ca7a"
        ],
        "accept-language": [
          "en-US"
        ],
        "client-request-id": [
          "119e0cce-f149-43f4-abc2-7eaa198f440b"
        ],
        "ocp-date": [
          "Mon, 04 Apr 2016 18:50:18 GMT"
        ],
        "User-Agent": [
          "Microsoft.Azure.Batch.Protocol.BatchServiceClient/3.1.0.0",
          "AzurePowershell/v1.0.5"
        ]
      },
      "ResponseBody": "{\r\n  \"odata.metadata\": \"https://pstestaccount.eastus.batch.azure.com/$metadata#pools/@Element\",\r\n  \"id\": \"testPool\",\r\n  \"url\": \"https://pstestaccount.eastus.batch.azure.com/pools/testPool\",\r\n  \"eTag\": \"0x8D35CAFC8417500\",\r\n  \"lastModified\": \"2016-04-04T17:37:23.8137088Z\",\r\n  \"creationTime\": \"2015-11-10T23:35:12.4062228Z\",\r\n  \"state\": \"active\",\r\n  \"stateTransitionTime\": \"2015-11-10T23:35:12.4062228Z\",\r\n  \"allocationState\": \"steady\",\r\n  \"allocationStateTransitionTime\": \"2016-04-04T17:37:26.9395874Z\",\r\n  \"vmSize\": \"small\",\r\n  \"resizeTimeout\": \"PT15M\",\r\n  \"resizeError\": {\r\n    \"code\": \"ResizeStopped\",\r\n    \"message\": \"Desired number of dedicated nodes could not be allocated due to a StopPoolResize operation\"\r\n  },\r\n  \"currentDedicated\": 3,\r\n  \"targetDedicated\": 5,\r\n  \"enableAutoScale\": false,\r\n  \"enableInterNodeCommunication\": false,\r\n  \"startTask\": {\r\n    \"commandLine\": \"cmd /c echo hello\",\r\n    \"runElevated\": false,\r\n    \"maxTaskRetryCount\": 0,\r\n    \"waitForSuccess\": false\r\n  },\r\n  \"metadata\": [\r\n    {\r\n      \"name\": \"meta1\",\r\n      \"value\": \"value1\"\r\n    },\r\n    {\r\n      \"name\": \"meta1\",\r\n      \"value\": \"value1\"\r\n    }\r\n  ],\r\n  \"maxTasksPerNode\": 1,\r\n  \"taskSchedulingPolicy\": {\r\n    \"nodeFillType\": \"Spread\"\r\n  },\r\n  \"cloudServiceConfiguration\": {\r\n    \"osFamily\": \"4\",\r\n    \"targetOSVersion\": \"*\",\r\n    \"currentOSVersion\": \"*\"\r\n  }\r\n}",
      "ResponseHeaders": {
        "Content-Type": [
          "application/json; odata=minimalmetadata"
        ],
        "Last-Modified": [
          "Mon, 04 Apr 2016 17:37:23 GMT"
        ],
        "Transfer-Encoding": [
          "chunked"
        ],
        "request-id": [
          "02dbc5e2-33d5-4abb-9f76-611bec4ae66d"
        ],
        "Strict-Transport-Security": [
          "max-age=31536000; includeSubDomains"
        ],
        "DataServiceVersion": [
          "3.0"
        ],
        "Date": [
          "Mon, 04 Apr 2016 18:50:18 GMT"
        ],
        "ETag": [
          "0x8D35CAFC8417500"
        ],
        "Server": [
          "Microsoft-HTTPAPI/2.0"
        ]
      },
      "StatusCode": 200
    },
    {
      "RequestUri": "/pools/testPool?api-version=2016-02-01.3.0",
      "EncodedRequestUri": "L3Bvb2xzL3Rlc3RQb29sP2FwaS12ZXJzaW9uPTIwMTYtMDItMDEuMy4w",
      "RequestMethod": "GET",
      "RequestBody": "",
      "RequestHeaders": {
        "x-ms-client-request-id": [
          "6a7c4943-7ef8-4fba-8208-4935418389a3"
        ],
        "accept-language": [
          "en-US"
        ],
        "client-request-id": [
          "d680a39c-2b98-4289-b4d7-f668085fa536"
        ],
        "ocp-date": [
          "Mon, 04 Apr 2016 18:50:19 GMT"
        ],
        "User-Agent": [
          "Microsoft.Azure.Batch.Protocol.BatchServiceClient/3.1.0.0",
          "AzurePowershell/v1.0.5"
        ]
      },
      "ResponseBody": "{\r\n  \"odata.metadata\": \"https://pstestaccount.eastus.batch.azure.com/$metadata#pools/@Element\",\r\n  \"id\": \"testPool\",\r\n  \"url\": \"https://pstestaccount.eastus.batch.azure.com/pools/testPool\",\r\n  \"eTag\": \"0x8D35CAFC8417500\",\r\n  \"lastModified\": \"2016-04-04T17:37:23.8137088Z\",\r\n  \"creationTime\": \"2015-11-10T23:35:12.4062228Z\",\r\n  \"state\": \"active\",\r\n  \"stateTransitionTime\": \"2015-11-10T23:35:12.4062228Z\",\r\n  \"allocationState\": \"steady\",\r\n  \"allocationStateTransitionTime\": \"2016-04-04T17:37:26.9395874Z\",\r\n  \"vmSize\": \"small\",\r\n  \"resizeTimeout\": \"PT15M\",\r\n  \"resizeError\": {\r\n    \"code\": \"ResizeStopped\",\r\n    \"message\": \"Desired number of dedicated nodes could not be allocated due to a StopPoolResize operation\"\r\n  },\r\n  \"currentDedicated\": 3,\r\n  \"targetDedicated\": 5,\r\n  \"enableAutoScale\": false,\r\n  \"enableInterNodeCommunication\": false,\r\n  \"startTask\": {\r\n    \"commandLine\": \"cmd /c echo hello\",\r\n    \"runElevated\": false,\r\n    \"maxTaskRetryCount\": 0,\r\n    \"waitForSuccess\": false\r\n  },\r\n  \"metadata\": [\r\n    {\r\n      \"name\": \"meta1\",\r\n      \"value\": \"value1\"\r\n    },\r\n    {\r\n      \"name\": \"meta1\",\r\n      \"value\": \"value1\"\r\n    }\r\n  ],\r\n  \"maxTasksPerNode\": 1,\r\n  \"taskSchedulingPolicy\": {\r\n    \"nodeFillType\": \"Spread\"\r\n  },\r\n  \"cloudServiceConfiguration\": {\r\n    \"osFamily\": \"4\",\r\n    \"targetOSVersion\": \"*\",\r\n    \"currentOSVersion\": \"*\"\r\n  }\r\n}",
      "ResponseHeaders": {
        "Content-Type": [
          "application/json; odata=minimalmetadata"
        ],
        "Last-Modified": [
          "Mon, 04 Apr 2016 17:37:23 GMT"
        ],
        "Transfer-Encoding": [
          "chunked"
        ],
        "request-id": [
          "b5c1fb54-9120-429b-83c8-9dbb4a05203c"
        ],
        "Strict-Transport-Security": [
          "max-age=31536000; includeSubDomains"
        ],
        "DataServiceVersion": [
          "3.0"
        ],
        "Date": [
          "Mon, 04 Apr 2016 18:50:18 GMT"
        ],
        "ETag": [
          "0x8D35CAFC8417500"
        ],
        "Server": [
          "Microsoft-HTTPAPI/2.0"
        ]
      },
      "StatusCode": 200
    },
    {
      "RequestUri": "/pools/testPool?api-version=2016-02-01.3.0",
      "EncodedRequestUri": "L3Bvb2xzL3Rlc3RQb29sP2FwaS12ZXJzaW9uPTIwMTYtMDItMDEuMy4w",
      "RequestMethod": "GET",
      "RequestBody": "",
      "RequestHeaders": {
        "x-ms-client-request-id": [
          "acd22573-2f82-44bf-ad32-a6a3b2a2d170"
        ],
        "accept-language": [
          "en-US"
        ],
        "client-request-id": [
          "cc12c024-deb0-4575-8041-ae6680eebcad"
        ],
        "ocp-date": [
          "Mon, 04 Apr 2016 18:50:31 GMT"
        ],
        "User-Agent": [
          "Microsoft.Azure.Batch.Protocol.BatchServiceClient/3.1.0.0",
          "AzurePowershell/v1.0.5"
        ]
      },
      "ResponseBody": "{\r\n  \"odata.metadata\": \"https://pstestaccount.eastus.batch.azure.com/$metadata#pools/@Element\",\r\n  \"id\": \"testPool\",\r\n  \"url\": \"https://pstestaccount.eastus.batch.azure.com/pools/testPool\",\r\n  \"eTag\": \"0x8D35CB9FCAE2488\",\r\n  \"lastModified\": \"2016-04-04T18:50:26.7348104Z\",\r\n  \"creationTime\": \"2015-11-10T23:35:12.4062228Z\",\r\n  \"state\": \"active\",\r\n  \"stateTransitionTime\": \"2015-11-10T23:35:12.4062228Z\",\r\n  \"allocationState\": \"resizing\",\r\n  \"allocationStateTransitionTime\": \"1601-01-01T00:00:00Z\",\r\n  \"vmSize\": \"small\",\r\n  \"resizeTimeout\": \"PT8M\",\r\n  \"currentDedicated\": 3,\r\n  \"targetDedicated\": 5,\r\n  \"enableAutoScale\": false,\r\n  \"enableInterNodeCommunication\": false,\r\n  \"startTask\": {\r\n    \"commandLine\": \"cmd /c echo hello\",\r\n    \"runElevated\": false,\r\n    \"maxTaskRetryCount\": 0,\r\n    \"waitForSuccess\": false\r\n  },\r\n  \"metadata\": [\r\n    {\r\n      \"name\": \"meta1\",\r\n      \"value\": \"value1\"\r\n    },\r\n    {\r\n      \"name\": \"meta1\",\r\n      \"value\": \"value1\"\r\n    }\r\n  ],\r\n  \"maxTasksPerNode\": 1,\r\n  \"taskSchedulingPolicy\": {\r\n    \"nodeFillType\": \"Spread\"\r\n  },\r\n  \"cloudServiceConfiguration\": {\r\n    \"osFamily\": \"4\",\r\n    \"targetOSVersion\": \"*\",\r\n    \"currentOSVersion\": \"*\"\r\n  }\r\n}",
      "ResponseHeaders": {
        "Content-Type": [
          "application/json; odata=minimalmetadata"
        ],
        "Last-Modified": [
          "Mon, 04 Apr 2016 18:50:26 GMT"
        ],
        "Transfer-Encoding": [
          "chunked"
        ],
        "request-id": [
          "e2d5b5a6-e533-42ed-a90b-6a8101f890fe"
        ],
        "Strict-Transport-Security": [
          "max-age=31536000; includeSubDomains"
        ],
        "DataServiceVersion": [
          "3.0"
        ],
        "Date": [
          "Mon, 04 Apr 2016 18:50:31 GMT"
        ],
        "ETag": [
          "0x8D35CB9FCAE2488"
        ],
        "Server": [
          "Microsoft-HTTPAPI/2.0"
        ]
      },
      "StatusCode": 200
    },
    {
      "RequestUri": "/pools/testPool?api-version=2016-02-01.3.0",
      "EncodedRequestUri": "L3Bvb2xzL3Rlc3RQb29sP2FwaS12ZXJzaW9uPTIwMTYtMDItMDEuMy4w",
      "RequestMethod": "GET",
      "RequestBody": "",
      "RequestHeaders": {
        "x-ms-client-request-id": [
          "f358901e-2461-42d3-915c-bf93016485d3"
        ],
        "accept-language": [
          "en-US"
        ],
        "client-request-id": [
          "999da845-cc55-4305-8bfc-9298230abb31"
        ],
        "ocp-date": [
          "Mon, 04 Apr 2016 18:50:36 GMT"
        ],
        "User-Agent": [
          "Microsoft.Azure.Batch.Protocol.BatchServiceClient/3.1.0.0",
          "AzurePowershell/v1.0.5"
        ]
      },
      "ResponseBody": "{\r\n  \"odata.metadata\": \"https://pstestaccount.eastus.batch.azure.com/$metadata#pools/@Element\",\r\n  \"id\": \"testPool\",\r\n  \"url\": \"https://pstestaccount.eastus.batch.azure.com/pools/testPool\",\r\n  \"eTag\": \"0x8D35CB9FCAE2488\",\r\n  \"lastModified\": \"2016-04-04T18:50:26.7348104Z\",\r\n  \"creationTime\": \"2015-11-10T23:35:12.4062228Z\",\r\n  \"state\": \"active\",\r\n  \"stateTransitionTime\": \"2015-11-10T23:35:12.4062228Z\",\r\n  \"allocationState\": \"resizing\",\r\n  \"allocationStateTransitionTime\": \"1601-01-01T00:00:00Z\",\r\n  \"vmSize\": \"small\",\r\n  \"resizeTimeout\": \"PT8M\",\r\n  \"currentDedicated\": 3,\r\n  \"targetDedicated\": 5,\r\n  \"enableAutoScale\": false,\r\n  \"enableInterNodeCommunication\": false,\r\n  \"startTask\": {\r\n    \"commandLine\": \"cmd /c echo hello\",\r\n    \"runElevated\": false,\r\n    \"maxTaskRetryCount\": 0,\r\n    \"waitForSuccess\": false\r\n  },\r\n  \"metadata\": [\r\n    {\r\n      \"name\": \"meta1\",\r\n      \"value\": \"value1\"\r\n    },\r\n    {\r\n      \"name\": \"meta1\",\r\n      \"value\": \"value1\"\r\n    }\r\n  ],\r\n  \"maxTasksPerNode\": 1,\r\n  \"taskSchedulingPolicy\": {\r\n    \"nodeFillType\": \"Spread\"\r\n  },\r\n  \"cloudServiceConfiguration\": {\r\n    \"osFamily\": \"4\",\r\n    \"targetOSVersion\": \"*\",\r\n    \"currentOSVersion\": \"*\"\r\n  }\r\n}",
      "ResponseHeaders": {
        "Content-Type": [
          "application/json; odata=minimalmetadata"
        ],
        "Last-Modified": [
          "Mon, 04 Apr 2016 18:50:26 GMT"
        ],
        "Transfer-Encoding": [
          "chunked"
        ],
        "request-id": [
          "7682d925-2745-4450-a78d-7cbbb3316e43"
        ],
        "Strict-Transport-Security": [
          "max-age=31536000; includeSubDomains"
        ],
        "DataServiceVersion": [
          "3.0"
        ],
        "Date": [
          "Mon, 04 Apr 2016 18:50:36 GMT"
        ],
        "ETag": [
          "0x8D35CB9FCAE2488"
        ],
        "Server": [
          "Microsoft-HTTPAPI/2.0"
        ]
      },
      "StatusCode": 200
    },
    {
      "RequestUri": "/pools/testPool?api-version=2016-02-01.3.0",
      "EncodedRequestUri": "L3Bvb2xzL3Rlc3RQb29sP2FwaS12ZXJzaW9uPTIwMTYtMDItMDEuMy4w",
      "RequestMethod": "GET",
      "RequestBody": "",
      "RequestHeaders": {
        "x-ms-client-request-id": [
          "ec050424-313f-42cb-83e4-5422ee04930c"
        ],
        "accept-language": [
          "en-US"
        ],
        "client-request-id": [
          "c4407531-2b23-42bc-a385-2a248783358a"
        ],
        "ocp-date": [
          "Mon, 04 Apr 2016 18:50:41 GMT"
        ],
        "User-Agent": [
          "Microsoft.Azure.Batch.Protocol.BatchServiceClient/3.1.0.0",
          "AzurePowershell/v1.0.5"
        ]
      },
      "ResponseBody": "{\r\n  \"odata.metadata\": \"https://pstestaccount.eastus.batch.azure.com/$metadata#pools/@Element\",\r\n  \"id\": \"testPool\",\r\n  \"url\": \"https://pstestaccount.eastus.batch.azure.com/pools/testPool\",\r\n  \"eTag\": \"0x8D35CB9FCAE2488\",\r\n  \"lastModified\": \"2016-04-04T18:50:26.7348104Z\",\r\n  \"creationTime\": \"2015-11-10T23:35:12.4062228Z\",\r\n  \"state\": \"active\",\r\n  \"stateTransitionTime\": \"2015-11-10T23:35:12.4062228Z\",\r\n  \"allocationState\": \"resizing\",\r\n  \"allocationStateTransitionTime\": \"1601-01-01T00:00:00Z\",\r\n  \"vmSize\": \"small\",\r\n  \"resizeTimeout\": \"PT8M\",\r\n  \"currentDedicated\": 3,\r\n  \"targetDedicated\": 5,\r\n  \"enableAutoScale\": false,\r\n  \"enableInterNodeCommunication\": false,\r\n  \"startTask\": {\r\n    \"commandLine\": \"cmd /c echo hello\",\r\n    \"runElevated\": false,\r\n    \"maxTaskRetryCount\": 0,\r\n    \"waitForSuccess\": false\r\n  },\r\n  \"metadata\": [\r\n    {\r\n      \"name\": \"meta1\",\r\n      \"value\": \"value1\"\r\n    },\r\n    {\r\n      \"name\": \"meta1\",\r\n      \"value\": \"value1\"\r\n    }\r\n  ],\r\n  \"maxTasksPerNode\": 1,\r\n  \"taskSchedulingPolicy\": {\r\n    \"nodeFillType\": \"Spread\"\r\n  },\r\n  \"cloudServiceConfiguration\": {\r\n    \"osFamily\": \"4\",\r\n    \"targetOSVersion\": \"*\",\r\n    \"currentOSVersion\": \"*\"\r\n  }\r\n}",
      "ResponseHeaders": {
        "Content-Type": [
          "application/json; odata=minimalmetadata"
        ],
        "Last-Modified": [
          "Mon, 04 Apr 2016 18:50:26 GMT"
        ],
        "Transfer-Encoding": [
          "chunked"
        ],
        "request-id": [
          "5f696909-0005-49b9-915e-ca47011e2469"
        ],
        "Strict-Transport-Security": [
          "max-age=31536000; includeSubDomains"
        ],
        "DataServiceVersion": [
          "3.0"
        ],
        "Date": [
          "Mon, 04 Apr 2016 18:50:41 GMT"
        ],
        "ETag": [
          "0x8D35CB9FCAE2488"
        ],
        "Server": [
          "Microsoft-HTTPAPI/2.0"
        ]
      },
      "StatusCode": 200
    },
    {
      "RequestUri": "/pools/testPool?api-version=2016-02-01.3.0",
      "EncodedRequestUri": "L3Bvb2xzL3Rlc3RQb29sP2FwaS12ZXJzaW9uPTIwMTYtMDItMDEuMy4w",
      "RequestMethod": "GET",
      "RequestBody": "",
      "RequestHeaders": {
        "x-ms-client-request-id": [
          "a20e7c2c-6d78-43ba-95bc-99237ad6ec82"
        ],
        "accept-language": [
          "en-US"
        ],
        "client-request-id": [
          "e41fa828-f145-4b82-be75-e76440f0589c"
        ],
        "ocp-date": [
          "Mon, 04 Apr 2016 18:50:46 GMT"
        ],
        "User-Agent": [
          "Microsoft.Azure.Batch.Protocol.BatchServiceClient/3.1.0.0",
          "AzurePowershell/v1.0.5"
        ]
      },
      "ResponseBody": "{\r\n  \"odata.metadata\": \"https://pstestaccount.eastus.batch.azure.com/$metadata#pools/@Element\",\r\n  \"id\": \"testPool\",\r\n  \"url\": \"https://pstestaccount.eastus.batch.azure.com/pools/testPool\",\r\n  \"eTag\": \"0x8D35CB9FCAE2488\",\r\n  \"lastModified\": \"2016-04-04T18:50:26.7348104Z\",\r\n  \"creationTime\": \"2015-11-10T23:35:12.4062228Z\",\r\n  \"state\": \"active\",\r\n  \"stateTransitionTime\": \"2015-11-10T23:35:12.4062228Z\",\r\n  \"allocationState\": \"resizing\",\r\n  \"allocationStateTransitionTime\": \"1601-01-01T00:00:00Z\",\r\n  \"vmSize\": \"small\",\r\n  \"resizeTimeout\": \"PT8M\",\r\n  \"currentDedicated\": 2,\r\n  \"targetDedicated\": 5,\r\n  \"enableAutoScale\": false,\r\n  \"enableInterNodeCommunication\": false,\r\n  \"startTask\": {\r\n    \"commandLine\": \"cmd /c echo hello\",\r\n    \"runElevated\": false,\r\n    \"maxTaskRetryCount\": 0,\r\n    \"waitForSuccess\": false\r\n  },\r\n  \"metadata\": [\r\n    {\r\n      \"name\": \"meta1\",\r\n      \"value\": \"value1\"\r\n    },\r\n    {\r\n      \"name\": \"meta1\",\r\n      \"value\": \"value1\"\r\n    }\r\n  ],\r\n  \"maxTasksPerNode\": 1,\r\n  \"taskSchedulingPolicy\": {\r\n    \"nodeFillType\": \"Spread\"\r\n  },\r\n  \"cloudServiceConfiguration\": {\r\n    \"osFamily\": \"4\",\r\n    \"targetOSVersion\": \"*\",\r\n    \"currentOSVersion\": \"*\"\r\n  }\r\n}",
      "ResponseHeaders": {
        "Content-Type": [
          "application/json; odata=minimalmetadata"
        ],
        "Last-Modified": [
          "Mon, 04 Apr 2016 18:50:26 GMT"
        ],
        "Transfer-Encoding": [
          "chunked"
        ],
        "request-id": [
          "fe42c1ee-5671-4488-afb6-7b33342816fc"
        ],
        "Strict-Transport-Security": [
          "max-age=31536000; includeSubDomains"
        ],
        "DataServiceVersion": [
          "3.0"
        ],
        "Date": [
          "Mon, 04 Apr 2016 18:50:46 GMT"
        ],
        "ETag": [
          "0x8D35CB9FCAE2488"
        ],
        "Server": [
          "Microsoft-HTTPAPI/2.0"
        ]
      },
      "StatusCode": 200
    },
    {
      "RequestUri": "/pools/testPool?api-version=2016-02-01.3.0",
      "EncodedRequestUri": "L3Bvb2xzL3Rlc3RQb29sP2FwaS12ZXJzaW9uPTIwMTYtMDItMDEuMy4w",
      "RequestMethod": "GET",
      "RequestBody": "",
      "RequestHeaders": {
        "x-ms-client-request-id": [
          "03d96e18-d3ec-4794-b725-05a08bba4085"
        ],
        "accept-language": [
          "en-US"
        ],
        "client-request-id": [
          "0aa6f5d6-80ae-40a7-bb2d-65c5e9af4b2f"
        ],
        "ocp-date": [
          "Mon, 04 Apr 2016 18:50:51 GMT"
        ],
        "User-Agent": [
          "Microsoft.Azure.Batch.Protocol.BatchServiceClient/3.1.0.0",
          "AzurePowershell/v1.0.5"
        ]
      },
      "ResponseBody": "{\r\n  \"odata.metadata\": \"https://pstestaccount.eastus.batch.azure.com/$metadata#pools/@Element\",\r\n  \"id\": \"testPool\",\r\n  \"url\": \"https://pstestaccount.eastus.batch.azure.com/pools/testPool\",\r\n  \"eTag\": \"0x8D35CB9FCAE2488\",\r\n  \"lastModified\": \"2016-04-04T18:50:26.7348104Z\",\r\n  \"creationTime\": \"2015-11-10T23:35:12.4062228Z\",\r\n  \"state\": \"active\",\r\n  \"stateTransitionTime\": \"2015-11-10T23:35:12.4062228Z\",\r\n  \"allocationState\": \"steady\",\r\n  \"allocationStateTransitionTime\": \"2016-04-04T18:50:47.800742Z\",\r\n  \"vmSize\": \"small\",\r\n  \"resizeTimeout\": \"PT8M\",\r\n  \"currentDedicated\": 2,\r\n  \"targetDedicated\": 0,\r\n  \"enableAutoScale\": false,\r\n  \"enableInterNodeCommunication\": false,\r\n  \"startTask\": {\r\n    \"commandLine\": \"cmd /c echo hello\",\r\n    \"runElevated\": false,\r\n    \"maxTaskRetryCount\": 0,\r\n    \"waitForSuccess\": false\r\n  },\r\n  \"metadata\": [\r\n    {\r\n      \"name\": \"meta1\",\r\n      \"value\": \"value1\"\r\n    },\r\n    {\r\n      \"name\": \"meta1\",\r\n      \"value\": \"value1\"\r\n    }\r\n  ],\r\n  \"maxTasksPerNode\": 1,\r\n  \"taskSchedulingPolicy\": {\r\n    \"nodeFillType\": \"Spread\"\r\n  },\r\n  \"cloudServiceConfiguration\": {\r\n    \"osFamily\": \"4\",\r\n    \"targetOSVersion\": \"*\",\r\n    \"currentOSVersion\": \"*\"\r\n  }\r\n}",
      "ResponseHeaders": {
        "Content-Type": [
          "application/json; odata=minimalmetadata"
        ],
        "Last-Modified": [
          "Mon, 04 Apr 2016 18:50:26 GMT"
        ],
        "Transfer-Encoding": [
          "chunked"
        ],
        "request-id": [
          "740bdbb7-421d-4aa9-823a-167f30444e2d"
        ],
        "Strict-Transport-Security": [
          "max-age=31536000; includeSubDomains"
        ],
        "DataServiceVersion": [
          "3.0"
        ],
        "Date": [
          "Mon, 04 Apr 2016 18:50:51 GMT"
        ],
        "ETag": [
          "0x8D35CB9FCAE2488"
        ],
        "Server": [
          "Microsoft-HTTPAPI/2.0"
        ]
      },
      "StatusCode": 200
    },
    {
      "RequestUri": "/pools/testPool/nodes?api-version=2016-02-01.3.0",
      "EncodedRequestUri": "L3Bvb2xzL3Rlc3RQb29sL25vZGVzP2FwaS12ZXJzaW9uPTIwMTYtMDItMDEuMy4w",
      "RequestMethod": "GET",
      "RequestBody": "",
      "RequestHeaders": {
        "x-ms-client-request-id": [
          "661659c2-270e-46bc-90c4-7cb260ecedce"
        ],
        "accept-language": [
          "en-US"
        ],
        "client-request-id": [
          "6b673a02-77eb-4644-bd9a-32ac7260d465"
        ],
        "ocp-date": [
          "Mon, 04 Apr 2016 18:50:19 GMT"
        ],
        "User-Agent": [
          "Microsoft.Azure.Batch.Protocol.BatchServiceClient/3.1.0.0",
          "AzurePowershell/v1.0.5"
        ]
      },
      "ResponseBody": "{\r\n  \"odata.metadata\": \"https://pstestaccount.eastus.batch.azure.com/$metadata#nodes\",\r\n  \"value\": [\r\n    {\r\n      \"id\": \"tvm-1783593343_45-20151221t221545z\",\r\n      \"url\": \"https://pstestaccount.eastus.batch.azure.com/pools/testPool/nodes/tvm-1783593343_45-20151221t221545z\",\r\n      \"state\": \"idle\",\r\n      \"schedulingState\": \"enabled\",\r\n      \"stateTransitionTime\": \"2016-03-28T23:15:23.5657461Z\",\r\n      \"lastBootTime\": \"2016-03-28T23:15:23.4912726Z\",\r\n      \"allocationTime\": \"2015-12-21T22:15:45.833793Z\",\r\n      \"ipAddress\": \"10.74.168.142\",\r\n      \"affinityId\": \"TVM:tvm-1783593343_45-20151221t221545z\",\r\n      \"vmSize\": \"small\",\r\n      \"totalTasksRun\": 7,\r\n      \"totalTasksSucceeded\": 5,\r\n      \"runningTasksCount\": 0,\r\n      \"startTask\": {\r\n        \"commandLine\": \"cmd /c echo hello\",\r\n        \"runElevated\": false,\r\n        \"maxTaskRetryCount\": 0,\r\n        \"waitForSuccess\": false\r\n      }\r\n    },\r\n    {\r\n      \"id\": \"tvm-1783593343_48-20160404t172809z\",\r\n      \"url\": \"https://pstestaccount.eastus.batch.azure.com/pools/testPool/nodes/tvm-1783593343_48-20160404t172809z\",\r\n      \"state\": \"idle\",\r\n      \"schedulingState\": \"enabled\",\r\n      \"stateTransitionTime\": \"2016-04-04T17:31:48.3436343Z\",\r\n      \"lastBootTime\": \"2016-04-04T17:31:48.2236344Z\",\r\n      \"allocationTime\": \"2016-04-04T17:28:09.1702964Z\",\r\n      \"ipAddress\": \"100.77.166.59\",\r\n      \"affinityId\": \"TVM:tvm-1783593343_48-20160404t172809z\",\r\n      \"vmSize\": \"small\",\r\n      \"totalTasksRun\": 7,\r\n      \"totalTasksSucceeded\": 6,\r\n      \"runningTasksCount\": 0,\r\n      \"startTask\": {\r\n        \"commandLine\": \"cmd /c echo hello\",\r\n        \"runElevated\": false,\r\n        \"maxTaskRetryCount\": 0,\r\n        \"waitForSuccess\": false\r\n      },\r\n      \"startTaskInfo\": {\r\n        \"state\": \"completed\",\r\n        \"startTime\": \"2016-04-04T17:31:50.3976338Z\",\r\n        \"endTime\": \"2016-04-04T17:31:50.6556365Z\",\r\n        \"exitCode\": 0,\r\n        \"retryCount\": 0\r\n      }\r\n    },\r\n    {\r\n      \"id\": \"tvm-1783593343_49-20160404t173707z\",\r\n      \"url\": \"https://pstestaccount.eastus.batch.azure.com/pools/testPool/nodes/tvm-1783593343_49-20160404t173707z\",\r\n      \"state\": \"idle\",\r\n      \"schedulingState\": \"enabled\",\r\n      \"stateTransitionTime\": \"2016-04-04T17:41:20.9315558Z\",\r\n      \"lastBootTime\": \"2016-04-04T17:41:20.7725532Z\",\r\n      \"allocationTime\": \"2016-04-04T17:37:07.105766Z\",\r\n      \"ipAddress\": \"100.77.146.54\",\r\n      \"affinityId\": \"TVM:tvm-1783593343_49-20160404t173707z\",\r\n      \"vmSize\": \"small\",\r\n      \"totalTasksRun\": 7,\r\n      \"totalTasksSucceeded\": 6,\r\n      \"runningTasksCount\": 0,\r\n      \"startTask\": {\r\n        \"commandLine\": \"cmd /c echo hello\",\r\n        \"runElevated\": false,\r\n        \"maxTaskRetryCount\": 0,\r\n        \"waitForSuccess\": false\r\n      },\r\n      \"startTaskInfo\": {\r\n        \"state\": \"completed\",\r\n        \"startTime\": \"2016-04-04T17:41:22.608792Z\",\r\n        \"endTime\": \"2016-04-04T17:41:22.7267919Z\",\r\n        \"exitCode\": 0,\r\n        \"retryCount\": 0\r\n      }\r\n    }\r\n  ]\r\n}",
      "ResponseHeaders": {
        "Content-Type": [
          "application/json; odata=minimalmetadata"
        ],
        "Transfer-Encoding": [
          "chunked"
        ],
        "request-id": [
          "60a893fe-0401-42ef-8f07-8ab97de7869e"
        ],
        "Strict-Transport-Security": [
          "max-age=31536000; includeSubDomains"
        ],
        "DataServiceVersion": [
          "3.0"
        ],
        "Date": [
          "Mon, 04 Apr 2016 18:50:18 GMT"
        ],
        "Server": [
          "Microsoft-HTTPAPI/2.0"
        ]
      },
      "StatusCode": 200
    },
    {
      "RequestUri": "/pools/testPool/nodes/tvm-1783593343_45-20151221t221545z?api-version=2016-02-01.3.0&$select=id%2Cstate",
      "EncodedRequestUri": "L3Bvb2xzL3Rlc3RQb29sL25vZGVzL3R2bS0xNzgzNTkzMzQzXzQ1LTIwMTUxMjIxdDIyMTU0NXo/YXBpLXZlcnNpb249MjAxNi0wMi0wMS4zLjAmJHNlbGVjdD1pZCUyQ3N0YXRl",
      "RequestMethod": "GET",
      "RequestBody": "",
      "RequestHeaders": {
        "x-ms-client-request-id": [
          "3f1dc454-3008-414e-84a4-54b08cc0ad3b"
        ],
        "accept-language": [
          "en-US"
        ],
        "client-request-id": [
          "e517711d-61bb-4e27-a37e-a24c1e8f498a"
        ],
        "ocp-date": [
          "Mon, 04 Apr 2016 18:50:19 GMT"
        ],
        "User-Agent": [
          "Microsoft.Azure.Batch.Protocol.BatchServiceClient/3.1.0.0",
          "AzurePowershell/v1.0.5"
        ]
      },
      "ResponseBody": "{\r\n  \"odata.metadata\": \"https://pstestaccount.eastus.batch.azure.com/$metadata#nodes/@Element\",\r\n  \"id\": \"tvm-1783593343_45-20151221t221545z\",\r\n  \"state\": \"idle\"\r\n}",
      "ResponseHeaders": {
        "Content-Type": [
          "application/json; odata=minimalmetadata"
        ],
        "Transfer-Encoding": [
          "chunked"
        ],
        "request-id": [
          "ee3e5a54-69ff-4673-bae3-d1be48663436"
        ],
        "Strict-Transport-Security": [
          "max-age=31536000; includeSubDomains"
        ],
        "DataServiceVersion": [
          "3.0"
        ],
        "Date": [
          "Mon, 04 Apr 2016 18:50:18 GMT"
        ],
        "Server": [
          "Microsoft-HTTPAPI/2.0"
        ]
      },
      "StatusCode": 200
    },
    {
      "RequestUri": "/pools/testPool/nodes/tvm-1783593343_45-20151221t221545z?api-version=2016-02-01.3.0",
      "EncodedRequestUri": "L3Bvb2xzL3Rlc3RQb29sL25vZGVzL3R2bS0xNzgzNTkzMzQzXzQ1LTIwMTUxMjIxdDIyMTU0NXo/YXBpLXZlcnNpb249MjAxNi0wMi0wMS4zLjA=",
      "RequestMethod": "GET",
      "RequestBody": "",
      "RequestHeaders": {
        "x-ms-client-request-id": [
          "596a753d-9101-433a-b2d6-cb8d44d77018"
        ],
        "accept-language": [
          "en-US"
        ],
        "client-request-id": [
          "d566364c-bba3-47d5-a844-438f25c5212d"
        ],
        "ocp-date": [
          "Mon, 04 Apr 2016 18:50:26 GMT"
        ],
        "User-Agent": [
          "Microsoft.Azure.Batch.Protocol.BatchServiceClient/3.1.0.0",
          "AzurePowershell/v1.0.5"
        ]
      },
      "ResponseBody": "{\r\n  \"odata.metadata\": \"https://pstestaccount.eastus.batch.azure.com/$metadata#nodes/@Element\",\r\n  \"id\": \"tvm-1783593343_45-20151221t221545z\",\r\n  \"url\": \"https://pstestaccount.eastus.batch.azure.com/pools/testPool/nodes/tvm-1783593343_45-20151221t221545z\",\r\n  \"state\": \"idle\",\r\n  \"schedulingState\": \"enabled\",\r\n  \"stateTransitionTime\": \"2016-03-28T23:15:23.5657461Z\",\r\n  \"lastBootTime\": \"2016-03-28T23:15:23.4912726Z\",\r\n  \"allocationTime\": \"2015-12-21T22:15:45.833793Z\",\r\n  \"ipAddress\": \"10.74.168.142\",\r\n  \"affinityId\": \"TVM:tvm-1783593343_45-20151221t221545z\",\r\n  \"vmSize\": \"small\",\r\n  \"totalTasksRun\": 7,\r\n  \"totalTasksSucceeded\": 5,\r\n  \"runningTasksCount\": 0,\r\n  \"startTask\": {\r\n    \"commandLine\": \"cmd /c echo hello\",\r\n    \"runElevated\": false,\r\n    \"maxTaskRetryCount\": 0,\r\n    \"waitForSuccess\": false\r\n  }\r\n}",
      "ResponseHeaders": {
        "Content-Type": [
          "application/json; odata=minimalmetadata"
        ],
        "Transfer-Encoding": [
          "chunked"
        ],
        "request-id": [
          "92a8a0a0-882d-4df8-b93c-ddb0030ab202"
        ],
        "Strict-Transport-Security": [
          "max-age=31536000; includeSubDomains"
        ],
        "DataServiceVersion": [
          "3.0"
        ],
        "Date": [
          "Mon, 04 Apr 2016 18:50:25 GMT"
        ],
        "Server": [
          "Microsoft-HTTPAPI/2.0"
        ]
      },
      "StatusCode": 200
    },
    {
      "RequestUri": "/pools/testPool/removenodes?api-version=2016-02-01.3.0",
      "EncodedRequestUri": "L3Bvb2xzL3Rlc3RQb29sL3JlbW92ZW5vZGVzP2FwaS12ZXJzaW9uPTIwMTYtMDItMDEuMy4w",
      "RequestMethod": "POST",
      "RequestBody": "{\r\n  \"nodeList\": [\r\n    \"tvm-1783593343_45-20151221t221545z\"\r\n  ],\r\n  \"resizeTimeout\": \"PT8M\",\r\n  \"nodeDeallocationOption\": \"terminate\"\r\n}",
      "RequestHeaders": {
        "Content-Type": [
          "application/json; odata=minimalmetadata; charset=utf-8"
        ],
        "Content-Length": [
          "138"
        ],
        "x-ms-client-request-id": [
          "770293c4-7450-41f6-b887-edbc03afbe9d"
        ],
        "accept-language": [
          "en-US"
        ],
        "client-request-id": [
          "cd146f8b-2b25-47c4-b0d9-b24d0cb7e684"
        ],
        "ocp-date": [
          "Mon, 04 Apr 2016 18:50:26 GMT"
        ],
        "User-Agent": [
          "Microsoft.Azure.Batch.Protocol.BatchServiceClient/3.1.0.0",
          "AzurePowershell/v1.0.5"
        ]
      },
      "ResponseBody": "",
      "ResponseHeaders": {
        "Last-Modified": [
          "Mon, 04 Apr 2016 18:50:26 GMT"
        ],
        "Transfer-Encoding": [
          "chunked"
        ],
        "request-id": [
          "c699fa2c-a30a-4335-a96c-bf48b43b9824"
        ],
        "Strict-Transport-Security": [
          "max-age=31536000; includeSubDomains"
        ],
        "DataServiceVersion": [
          "3.0"
        ],
        "DataServiceId": [
          "https://pstestaccount.eastus.batch.azure.com/pools/testPool/removenodes"
        ],
        "Date": [
          "Mon, 04 Apr 2016 18:50:27 GMT"
        ],
        "ETag": [
          "0x8D35CB9FCAE2488"
        ],
        "Server": [
          "Microsoft-HTTPAPI/2.0"
        ]
      },
      "StatusCode": 202
    },
    {
      "RequestUri": "/pools/testPool/nodes?api-version=2016-02-01.3.0&$filter=id%20eq%20'tvm-1783593343_45-20151221t221545z'&$select=id%2Cstate",
      "EncodedRequestUri": "L3Bvb2xzL3Rlc3RQb29sL25vZGVzP2FwaS12ZXJzaW9uPTIwMTYtMDItMDEuMy4wJiRmaWx0ZXI9aWQlMjBlcSUyMCUyN3R2bS0xNzgzNTkzMzQzXzQ1LTIwMTUxMjIxdDIyMTU0NXolMjcmJHNlbGVjdD1pZCUyQ3N0YXRl",
      "RequestMethod": "GET",
      "RequestBody": "",
      "RequestHeaders": {
        "x-ms-client-request-id": [
          "d88be7d4-705a-4128-a1cd-3e14bc4f019f"
        ],
        "accept-language": [
          "en-US"
        ],
        "client-request-id": [
          "81fd7c99-2397-455b-8bad-394250b59340"
        ],
        "ocp-date": [
          "Mon, 04 Apr 2016 18:50:27 GMT"
        ],
        "User-Agent": [
          "Microsoft.Azure.Batch.Protocol.BatchServiceClient/3.1.0.0",
          "AzurePowershell/v1.0.5"
        ]
      },
      "ResponseBody": "{\r\n  \"odata.metadata\": \"https://pstestaccount.eastus.batch.azure.com/$metadata#nodes\",\r\n  \"value\": [\r\n    {\r\n      \"id\": \"tvm-1783593343_45-20151221t221545z\",\r\n      \"state\": \"idle\"\r\n    }\r\n  ]\r\n}",
      "ResponseHeaders": {
        "Content-Type": [
          "application/json; odata=minimalmetadata"
        ],
        "Transfer-Encoding": [
          "chunked"
        ],
        "request-id": [
          "bb160a42-9e4b-4f5e-a5ec-5a83ee3be5e7"
        ],
        "Strict-Transport-Security": [
          "max-age=31536000; includeSubDomains"
        ],
        "DataServiceVersion": [
          "3.0"
        ],
        "Date": [
          "Mon, 04 Apr 2016 18:50:27 GMT"
        ],
        "Server": [
          "Microsoft-HTTPAPI/2.0"
        ]
      },
      "StatusCode": 200
    },
    {
      "RequestUri": "/pools/testPool/nodes?api-version=2016-02-01.3.0&$filter=id%20eq%20'tvm-1783593343_45-20151221t221545z'&$select=id%2Cstate",
      "EncodedRequestUri": "L3Bvb2xzL3Rlc3RQb29sL25vZGVzP2FwaS12ZXJzaW9uPTIwMTYtMDItMDEuMy4wJiRmaWx0ZXI9aWQlMjBlcSUyMCUyN3R2bS0xNzgzNTkzMzQzXzQ1LTIwMTUxMjIxdDIyMTU0NXolMjcmJHNlbGVjdD1pZCUyQ3N0YXRl",
      "RequestMethod": "GET",
      "RequestBody": "",
      "RequestHeaders": {
        "x-ms-client-request-id": [
          "aa424c7b-022b-4231-a4d5-affc1633a616"
        ],
        "accept-language": [
          "en-US"
        ],
        "client-request-id": [
          "b88da1f2-90d5-4305-8520-62d32b3689d6"
        ],
        "ocp-date": [
          "Mon, 04 Apr 2016 18:50:28 GMT"
        ],
        "User-Agent": [
          "Microsoft.Azure.Batch.Protocol.BatchServiceClient/3.1.0.0",
          "AzurePowershell/v1.0.5"
        ]
      },
      "ResponseBody": "{\r\n  \"odata.metadata\": \"https://pstestaccount.eastus.batch.azure.com/$metadata#nodes\",\r\n  \"value\": [\r\n    {\r\n      \"id\": \"tvm-1783593343_45-20151221t221545z\",\r\n      \"state\": \"leavingpool\"\r\n    }\r\n  ]\r\n}",
      "ResponseHeaders": {
        "Content-Type": [
          "application/json; odata=minimalmetadata"
        ],
        "Transfer-Encoding": [
          "chunked"
        ],
        "request-id": [
          "77b7b2b8-fb97-46be-b47f-24e9260cced3"
        ],
        "Strict-Transport-Security": [
          "max-age=31536000; includeSubDomains"
        ],
        "DataServiceVersion": [
          "3.0"
        ],
        "Date": [
          "Mon, 04 Apr 2016 18:50:28 GMT"
        ],
        "Server": [
          "Microsoft-HTTPAPI/2.0"
        ]
      },
      "StatusCode": 200
    },
    {
      "RequestUri": "/pools/testPool/resize?api-version=2016-02-01.3.0",
      "EncodedRequestUri": "L3Bvb2xzL3Rlc3RQb29sL3Jlc2l6ZT9hcGktdmVyc2lvbj0yMDE2LTAyLTAxLjMuMA==",
      "RequestMethod": "POST",
      "RequestBody": "{\r\n  \"targetDedicated\": 3\r\n}",
      "RequestHeaders": {
        "Content-Type": [
          "application/json; odata=minimalmetadata; charset=utf-8"
        ],
        "Content-Length": [
          "28"
        ],
        "x-ms-client-request-id": [
          "44c2d0cb-9cde-41b8-aeb1-0c7a430271d9"
        ],
        "accept-language": [
          "en-US"
        ],
        "client-request-id": [
          "9c5c3201-e525-439c-abb0-0b7df4c0f629"
        ],
        "ocp-date": [
          "Mon, 04 Apr 2016 18:50:51 GMT"
        ],
        "User-Agent": [
          "Microsoft.Azure.Batch.Protocol.BatchServiceClient/3.1.0.0",
          "AzurePowershell/v1.0.5"
        ]
      },
      "ResponseBody": "",
      "ResponseHeaders": {
        "Last-Modified": [
          "Mon, 04 Apr 2016 18:50:51 GMT"
        ],
        "Transfer-Encoding": [
          "chunked"
        ],
        "request-id": [
          "ffcce9c7-428b-426e-8925-8d6277b528d8"
        ],
        "Strict-Transport-Security": [
          "max-age=31536000; includeSubDomains"
        ],
        "DataServiceVersion": [
          "3.0"
        ],
        "DataServiceId": [
          "https://pstestaccount.eastus.batch.azure.com/pools/testPool/resize"
        ],
        "Date": [
          "Mon, 04 Apr 2016 18:50:51 GMT"
        ],
        "ETag": [
          "0x8D35CBA0BAE059D"
        ],
        "Server": [
          "Microsoft-HTTPAPI/2.0"
        ]
      },
      "StatusCode": 202
    }
  ],
  "Names": {},
  "Variables": {
    "SubscriptionId": "46241355-bb95-46a9-ba6c-42b554d71925",
    "AZURE_BATCH_ACCOUNT": "pstestaccount",
    "AZURE_BATCH_ENDPOINT": "https://pstestaccount.eastus.batch.azure.com"
  }
}