{
  "Entries": [
    {
      "RequestUri": "/subscriptions/6368ed38-3570-481f-b4fa-1d0a6e8d3f3b/resources?$filter=resourceType%20eq%20'Microsoft.Batch%2FbatchAccounts'&api-version=2014-04-01-preview",
      "EncodedRequestUri": "L3N1YnNjcmlwdGlvbnMvNjM2OGVkMzgtMzU3MC00ODFmLWI0ZmEtMWQwYTZlOGQzZjNiL3Jlc291cmNlcz8kZmlsdGVyPXJlc291cmNlVHlwZSUyMGVxJTIwJ01pY3Jvc29mdC5CYXRjaCUyRmJhdGNoQWNjb3VudHMnJmFwaS12ZXJzaW9uPTIwMTQtMDQtMDEtcHJldmlldw==",
      "RequestMethod": "GET",
      "RequestBody": "",
      "RequestHeaders": {
        "User-Agent": [
          "Microsoft.Azure.Management.Resources.ResourceManagementClient/2.0.0.0"
        ]
      },
      "ResponseBody": "{\r\n  \"value\": [\r\n    {\r\n      \"id\": \"/subscriptions/6368ed38-3570-481f-b4fa-1d0a6e8d3f3b/resourceGroups/default-azurebatch-eastus/providers/Microsoft.Batch/batchAccounts/pstests\",\r\n      \"name\": \"pstests\",\r\n      \"type\": \"Microsoft.Batch/batchAccounts\",\r\n      \"location\": \"eastus\"\r\n    }\r\n  ]\r\n}",
      "ResponseHeaders": {
        "Content-Length": [
          "237"
        ],
        "Content-Type": [
          "application/json; charset=utf-8"
        ],
        "Expires": [
          "-1"
        ],
        "Pragma": [
          "no-cache"
        ],
        "x-ms-ratelimit-remaining-subscription-reads": [
          "14997"
        ],
        "x-ms-request-id": [
          "dc9f65fd-c37a-4b3b-8d15-03f7394529fd"
        ],
        "x-ms-correlation-request-id": [
          "dc9f65fd-c37a-4b3b-8d15-03f7394529fd"
        ],
        "x-ms-routing-request-id": [
          "CENTRALUS:20151027T003213Z:dc9f65fd-c37a-4b3b-8d15-03f7394529fd"
        ],
        "Strict-Transport-Security": [
          "max-age=31536000; includeSubDomains"
        ],
        "Cache-Control": [
          "no-cache"
        ],
        "Date": [
          "Tue, 27 Oct 2015 00:32:13 GMT"
        ]
      },
      "StatusCode": 200
    },
    {
      "RequestUri": "/subscriptions/6368ed38-3570-481f-b4fa-1d0a6e8d3f3b/resourceGroups/default-azurebatch-eastus/providers/Microsoft.Batch/batchAccounts/pstests?api-version=2015-09-01",
      "EncodedRequestUri": "L3N1YnNjcmlwdGlvbnMvNjM2OGVkMzgtMzU3MC00ODFmLWI0ZmEtMWQwYTZlOGQzZjNiL3Jlc291cmNlR3JvdXBzL2RlZmF1bHQtYXp1cmViYXRjaC1lYXN0dXMvcHJvdmlkZXJzL01pY3Jvc29mdC5CYXRjaC9iYXRjaEFjY291bnRzL3BzdGVzdHM/YXBpLXZlcnNpb249MjAxNS0wOS0wMQ==",
      "RequestMethod": "GET",
      "RequestBody": "",
      "RequestHeaders": {
        "x-ms-version": [
          "2015-09-01"
        ],
        "User-Agent": [
          "Microsoft.Azure.Management.Batch.BatchManagementClient/1.0.0.0"
        ]
      },
      "ResponseBody": "{\r\n  \"name\": \"pstests\",\r\n  \"location\": \"eastus\",\r\n  \"properties\": {\r\n    \"accountEndpoint\": \"pstests.eastus.batch.azure.com\",\r\n    \"provisioningState\": \"Succeeded\",\r\n    \"coreQuota\": 20,\r\n    \"poolQuota\": 20,\r\n    \"activeJobAndJobScheduleQuota\": 20\r\n  },\r\n  \"id\": \"/subscriptions/6368ed38-3570-481f-b4fa-1d0a6e8d3f3b/resourceGroups/default-azurebatch-eastus/providers/Microsoft.Batch/batchAccounts/pstests\",\r\n  \"type\": \"Microsoft.Batch/batchAccounts\"\r\n}",
      "ResponseHeaders": {
        "Content-Length": [
          "387"
        ],
        "Content-Type": [
          "application/json; charset=utf-8"
        ],
        "Expires": [
          "-1"
        ],
        "Last-Modified": [
          "Tue, 27 Oct 2015 00:32:16 GMT"
        ],
        "Pragma": [
          "no-cache"
        ],
        "request-id": [
          "da49c584-f98d-4fde-8ac0-51842f84c6cf"
        ],
        "Strict-Transport-Security": [
          "max-age=31536000; includeSubDomains"
        ],
        "x-ms-ratelimit-remaining-subscription-reads": [
          "14993"
        ],
        "x-ms-request-id": [
          "23d2b9fa-81f2-4137-99d3-2d035c8a2d1d"
        ],
        "x-ms-correlation-request-id": [
          "23d2b9fa-81f2-4137-99d3-2d035c8a2d1d"
        ],
        "x-ms-routing-request-id": [
          "CENTRALUS:20151027T003214Z:23d2b9fa-81f2-4137-99d3-2d035c8a2d1d"
        ],
        "Cache-Control": [
          "no-cache"
        ],
        "Date": [
          "Tue, 27 Oct 2015 00:32:14 GMT"
        ],
        "ETag": [
          "0x8D2DE6610E36A1F"
        ],
        "Server": [
          "Microsoft-HTTPAPI/2.0"
        ]
      },
      "StatusCode": 200
    },
    {
      "RequestUri": "/subscriptions/6368ed38-3570-481f-b4fa-1d0a6e8d3f3b/resourceGroups/default-azurebatch-eastus/providers/Microsoft.Batch/batchAccounts/pstests/listKeys?api-version=2015-09-01",
      "EncodedRequestUri": "L3N1YnNjcmlwdGlvbnMvNjM2OGVkMzgtMzU3MC00ODFmLWI0ZmEtMWQwYTZlOGQzZjNiL3Jlc291cmNlR3JvdXBzL2RlZmF1bHQtYXp1cmViYXRjaC1lYXN0dXMvcHJvdmlkZXJzL01pY3Jvc29mdC5CYXRjaC9iYXRjaEFjY291bnRzL3BzdGVzdHMvbGlzdEtleXM/YXBpLXZlcnNpb249MjAxNS0wOS0wMQ==",
      "RequestMethod": "POST",
      "RequestBody": "",
      "RequestHeaders": {
        "x-ms-version": [
          "2015-09-01"
        ],
        "User-Agent": [
          "Microsoft.Azure.Management.Batch.BatchManagementClient/1.0.0.0"
        ]
      },
      "ResponseBody": "{\r\n  \"accountName\": \"pstests\",\r\n  \"primary\": \"hIsQ4xSEK40UEhQPO1ixIV6kxX2Kd7WldCNgTOWFeYRU5EpnfeS5+ZuPNQZXuDalZYEFlgMZc2TkmF/PIBKhBg==\",\r\n  \"secondary\": \"zkP4SqUquW+Vc9Uwu6iAl/EfvrKiUzWznxunIdvDPGngakhTFrmysae7LEF0EI6BzqPrWHngaKzlsbKoQTcQdQ==\"\r\n}",
      "ResponseHeaders": {
        "Content-Length": [
          "229"
        ],
        "Content-Type": [
          "application/json; charset=utf-8"
        ],
        "Expires": [
          "-1"
        ],
        "Pragma": [
          "no-cache"
        ],
        "request-id": [
          "198ea7bf-a2e8-4393-939d-c8f0e454411f"
        ],
        "Strict-Transport-Security": [
          "max-age=31536000; includeSubDomains"
        ],
        "x-ms-ratelimit-remaining-subscription-writes": [
          "1199"
        ],
        "x-ms-request-id": [
          "93d607fd-460e-4ba5-8d24-d5e00e6ba1f4"
        ],
        "x-ms-correlation-request-id": [
          "93d607fd-460e-4ba5-8d24-d5e00e6ba1f4"
        ],
        "x-ms-routing-request-id": [
          "CENTRALUS:20151027T003219Z:93d607fd-460e-4ba5-8d24-d5e00e6ba1f4"
        ],
        "Cache-Control": [
          "no-cache"
        ],
        "Date": [
          "Tue, 27 Oct 2015 00:32:19 GMT"
        ],
        "Server": [
          "Microsoft-HTTPAPI/2.0"
        ]
      },
      "StatusCode": 200
    },
    {
      "RequestUri": "/pools/testPool/nodes?api-version=2015-06-01.2.0&timeout=30",
      "EncodedRequestUri": "L3Bvb2xzL3Rlc3RQb29sL25vZGVzP2FwaS12ZXJzaW9uPTIwMTUtMDYtMDEuMi4wJnRpbWVvdXQ9MzA=",
      "RequestMethod": "GET",
      "RequestBody": "",
      "RequestHeaders": {
        "client-request-id": [
          "4640f30c-ff50-40da-b860-f69a4607035e"
        ],
        "ocp-date": [
          "Tue, 27 Oct 2015 00:32:19 GMT"
        ],
        "return-client-request-id": [
          "true"
        ],
        "User-Agent": [
          "Microsoft.Azure.Batch.Protocol.BatchRestClient/2.0.2.0",
          "AzBatch/2.0.2.0"
        ]
      },
      "ResponseBody": "{\r\n  \"odata.metadata\": \"https://pstests.eastus.batch.azure.com/$metadata#nodes\",\r\n  \"value\": [\r\n    {\r\n      \"id\": \"tvm-1915592855_2-20151026t232643z\",\r\n      \"url\": \"https://pstests.eastus.batch.azure.com/pools/testPool/nodes/tvm-1915592855_2-20151026t232643z\",\r\n      \"state\": \"reimaging\",\r\n      \"stateTransitionTime\": \"2015-10-27T00:30:40.2824104Z\",\r\n      \"lastBootTime\": \"2015-10-26T23:31:17.1865603Z\",\r\n      \"allocationTime\": \"2015-10-26T23:26:43.7007787Z\",\r\n      \"ipAddress\": \"100.119.52.148\",\r\n      \"affinityId\": \"TVM:tvm-1915592855_2-20151026t232643z\",\r\n      \"vmSize\": \"small\",\r\n      \"totalTasksRun\": 5,\r\n      \"startTask\": {\r\n        \"commandLine\": \"cmd /c echo hello\",\r\n        \"runElevated\": false,\r\n        \"maxTaskRetryCount\": 0,\r\n        \"waitForSuccess\": false\r\n      },\r\n      \"startTaskInfo\": {\r\n        \"state\": \"completed\",\r\n        \"startTime\": \"2015-10-26T23:31:17.3395662Z\",\r\n        \"endTime\": \"2015-10-26T23:31:18.818613Z\",\r\n        \"exitCode\": 0,\r\n        \"retryCount\": 0\r\n      }\r\n    },\r\n    {\r\n      \"id\": \"tvm-1915592855_3-20151026t232643z\",\r\n      \"url\": \"https://pstests.eastus.batch.azure.com/pools/testPool/nodes/tvm-1915592855_3-20151026t232643z\",\r\n      \"state\": \"idle\",\r\n      \"stateTransitionTime\": \"2015-10-26T23:31:36.5379458Z\",\r\n      \"lastBootTime\": \"2015-10-26T23:31:36.4389458Z\",\r\n      \"allocationTime\": \"2015-10-26T23:26:43.7007787Z\",\r\n      \"ipAddress\": \"100.119.60.28\",\r\n      \"affinityId\": \"TVM:tvm-1915592855_3-20151026t232643z\",\r\n      \"vmSize\": \"small\",\r\n      \"totalTasksRun\": 19,\r\n      \"startTask\": {\r\n        \"commandLine\": \"cmd /c echo hello\",\r\n        \"runElevated\": false,\r\n        \"maxTaskRetryCount\": 0,\r\n        \"waitForSuccess\": false\r\n      },\r\n      \"startTaskInfo\": {\r\n        \"state\": \"completed\",\r\n        \"startTime\": \"2015-10-26T23:31:36.5876597Z\",\r\n        \"endTime\": \"2015-10-26T23:31:38.5174835Z\",\r\n        \"exitCode\": 0,\r\n        \"retryCount\": 0\r\n      }\r\n    }\r\n  ]\r\n}",
      "ResponseHeaders": {
        "Content-Type": [
          "application/json; odata=minimalmetadata"
        ],
        "Transfer-Encoding": [
          "chunked"
        ],
        "request-id": [
          "52320983-61d8-4a40-abfa-ab053013bac9"
        ],
        "Strict-Transport-Security": [
          "max-age=31536000; includeSubDomains"
        ],
        "client-request-id": [
          "4640f30c-ff50-40da-b860-f69a4607035e"
        ],
        "DataServiceVersion": [
          "3.0"
        ],
        "Date": [
          "Tue, 27 Oct 2015 00:32:21 GMT"
        ],
        "Server": [
          "Microsoft-HTTPAPI/2.0"
        ]
      },
      "StatusCode": 200
    },
    {
      "RequestUri": "/pools/testPool/nodes/tvm-1915592855_2-20151026t232643z?api-version=2015-06-01.2.0&timeout=30",
      "EncodedRequestUri": "L3Bvb2xzL3Rlc3RQb29sL25vZGVzL3R2bS0xOTE1NTkyODU1XzItMjAxNTEwMjZ0MjMyNjQzej9hcGktdmVyc2lvbj0yMDE1LTA2LTAxLjIuMCZ0aW1lb3V0PTMw",
      "RequestMethod": "GET",
      "RequestBody": "",
      "RequestHeaders": {
        "client-request-id": [
          "6c626b27-1e5a-4017-b5db-ffab7e8335f6"
        ],
        "ocp-date": [
          "Tue, 27 Oct 2015 00:32:19 GMT"
        ],
        "return-client-request-id": [
          "true"
        ],
        "User-Agent": [
          "Microsoft.Azure.Batch.Protocol.BatchRestClient/2.0.2.0",
          "AzBatch/2.0.2.0"
        ]
      },
      "ResponseBody": "{\r\n  \"odata.metadata\": \"https://pstests.eastus.batch.azure.com/$metadata#nodes/@Element\",\r\n  \"id\": \"tvm-1915592855_2-20151026t232643z\",\r\n  \"url\": \"https://pstests.eastus.batch.azure.com/pools/testPool/nodes/tvm-1915592855_2-20151026t232643z\",\r\n  \"state\": \"reimaging\",\r\n  \"stateTransitionTime\": \"2015-10-27T00:30:40.2824104Z\",\r\n  \"lastBootTime\": \"2015-10-26T23:31:17.1865603Z\",\r\n  \"allocationTime\": \"2015-10-26T23:26:43.7007787Z\",\r\n  \"ipAddress\": \"100.119.52.148\",\r\n  \"affinityId\": \"TVM:tvm-1915592855_2-20151026t232643z\",\r\n  \"vmSize\": \"small\",\r\n  \"totalTasksRun\": 5,\r\n  \"startTask\": {\r\n    \"commandLine\": \"cmd /c echo hello\",\r\n    \"runElevated\": false,\r\n    \"maxTaskRetryCount\": 0,\r\n    \"waitForSuccess\": false\r\n  },\r\n  \"startTaskInfo\": {\r\n    \"state\": \"completed\",\r\n    \"startTime\": \"2015-10-26T23:31:17.3395662Z\",\r\n    \"endTime\": \"2015-10-26T23:31:18.818613Z\",\r\n    \"exitCode\": 0,\r\n    \"retryCount\": 0\r\n  }\r\n}",
      "ResponseHeaders": {
        "Content-Type": [
          "application/json; odata=minimalmetadata"
        ],
        "Transfer-Encoding": [
          "chunked"
        ],
        "request-id": [
          "421dffca-d443-4a64-bc42-3e75aa54715b"
        ],
        "Strict-Transport-Security": [
          "max-age=31536000; includeSubDomains"
        ],
        "client-request-id": [
          "6c626b27-1e5a-4017-b5db-ffab7e8335f6"
        ],
        "DataServiceVersion": [
          "3.0"
        ],
        "Date": [
          "Tue, 27 Oct 2015 00:32:21 GMT"
        ],
        "Server": [
          "Microsoft-HTTPAPI/2.0"
        ]
      },
      "StatusCode": 200
    },
    {
      "RequestUri": "/pools/testPool/nodes/tvm-1915592855_2-20151026t232643z?api-version=2015-06-01.2.0&timeout=30",
      "EncodedRequestUri": "L3Bvb2xzL3Rlc3RQb29sL25vZGVzL3R2bS0xOTE1NTkyODU1XzItMjAxNTEwMjZ0MjMyNjQzej9hcGktdmVyc2lvbj0yMDE1LTA2LTAxLjIuMCZ0aW1lb3V0PTMw",
      "RequestMethod": "GET",
      "RequestBody": "",
      "RequestHeaders": {
        "client-request-id": [
          "6c626b27-1e5a-4017-b5db-ffab7e8335f6"
        ],
        "ocp-date": [
          "Tue, 27 Oct 2015 00:32:19 GMT"
        ],
        "return-client-request-id": [
          "true"
        ],
        "User-Agent": [
          "Microsoft.Azure.Batch.Protocol.BatchRestClient/2.0.2.0",
          "AzBatch/2.0.2.0"
        ]
      },
      "ResponseBody": "{\r\n  \"odata.metadata\": \"https://pstests.eastus.batch.azure.com/$metadata#nodes/@Element\",\r\n  \"id\": \"tvm-1915592855_2-20151026t232643z\",\r\n  \"url\": \"https://pstests.eastus.batch.azure.com/pools/testPool/nodes/tvm-1915592855_2-20151026t232643z\",\r\n  \"state\": \"reimaging\",\r\n  \"stateTransitionTime\": \"2015-10-27T00:30:40.2824104Z\",\r\n  \"lastBootTime\": \"2015-10-26T23:31:17.1865603Z\",\r\n  \"allocationTime\": \"2015-10-26T23:26:43.7007787Z\",\r\n  \"ipAddress\": \"100.119.52.148\",\r\n  \"affinityId\": \"TVM:tvm-1915592855_2-20151026t232643z\",\r\n  \"vmSize\": \"small\",\r\n  \"totalTasksRun\": 5,\r\n  \"startTask\": {\r\n    \"commandLine\": \"cmd /c echo hello\",\r\n    \"runElevated\": false,\r\n    \"maxTaskRetryCount\": 0,\r\n    \"waitForSuccess\": false\r\n  },\r\n  \"startTaskInfo\": {\r\n    \"state\": \"completed\",\r\n    \"startTime\": \"2015-10-26T23:31:17.3395662Z\",\r\n    \"endTime\": \"2015-10-26T23:31:18.818613Z\",\r\n    \"exitCode\": 0,\r\n    \"retryCount\": 0\r\n  }\r\n}",
      "ResponseHeaders": {
        "Content-Type": [
          "application/json; odata=minimalmetadata"
        ],
        "Transfer-Encoding": [
          "chunked"
        ],
        "request-id": [
          "421dffca-d443-4a64-bc42-3e75aa54715b"
        ],
        "Strict-Transport-Security": [
          "max-age=31536000; includeSubDomains"
        ],
        "client-request-id": [
          "6c626b27-1e5a-4017-b5db-ffab7e8335f6"
        ],
        "DataServiceVersion": [
          "3.0"
        ],
        "Date": [
          "Tue, 27 Oct 2015 00:32:21 GMT"
        ],
        "Server": [
          "Microsoft-HTTPAPI/2.0"
        ]
      },
      "StatusCode": 200
    },
    {
      "RequestUri": "/pools/testPool/nodes/tvm-1915592855_2-20151026t232643z?api-version=2015-06-01.2.0&timeout=30",
      "EncodedRequestUri": "L3Bvb2xzL3Rlc3RQb29sL25vZGVzL3R2bS0xOTE1NTkyODU1XzItMjAxNTEwMjZ0MjMyNjQzej9hcGktdmVyc2lvbj0yMDE1LTA2LTAxLjIuMCZ0aW1lb3V0PTMw",
      "RequestMethod": "GET",
      "RequestBody": "",
      "RequestHeaders": {
        "client-request-id": [
          "9aa47a3d-a5d1-4ae7-ba6a-67c17dba7e59"
        ],
        "ocp-date": [
          "Tue, 27 Oct 2015 00:32:19 GMT"
        ],
        "return-client-request-id": [
          "true"
        ],
        "User-Agent": [
          "Microsoft.Azure.Batch.Protocol.BatchRestClient/2.0.2.0",
          "AzBatch/2.0.2.0"
        ]
      },
      "ResponseBody": "{\r\n  \"odata.metadata\": \"https://pstests.eastus.batch.azure.com/$metadata#nodes/@Element\",\r\n  \"id\": \"tvm-1915592855_2-20151026t232643z\",\r\n  \"url\": \"https://pstests.eastus.batch.azure.com/pools/testPool/nodes/tvm-1915592855_2-20151026t232643z\",\r\n  \"state\": \"reimaging\",\r\n  \"stateTransitionTime\": \"2015-10-27T00:30:40.2824104Z\",\r\n  \"lastBootTime\": \"2015-10-26T23:31:17.1865603Z\",\r\n  \"allocationTime\": \"2015-10-26T23:26:43.7007787Z\",\r\n  \"ipAddress\": \"100.119.52.148\",\r\n  \"affinityId\": \"TVM:tvm-1915592855_2-20151026t232643z\",\r\n  \"vmSize\": \"small\",\r\n  \"totalTasksRun\": 5,\r\n  \"startTask\": {\r\n    \"commandLine\": \"cmd /c echo hello\",\r\n    \"runElevated\": false,\r\n    \"maxTaskRetryCount\": 0,\r\n    \"waitForSuccess\": false\r\n  },\r\n  \"startTaskInfo\": {\r\n    \"state\": \"completed\",\r\n    \"startTime\": \"2015-10-26T23:31:17.3395662Z\",\r\n    \"endTime\": \"2015-10-26T23:31:18.818613Z\",\r\n    \"exitCode\": 0,\r\n    \"retryCount\": 0\r\n  }\r\n}",
      "ResponseHeaders": {
        "Content-Type": [
          "application/json; odata=minimalmetadata"
        ],
        "Transfer-Encoding": [
          "chunked"
        ],
        "request-id": [
          "1e98a5d4-9f15-4e63-ae50-a857fc17f4fa"
        ],
        "Strict-Transport-Security": [
          "max-age=31536000; includeSubDomains"
        ],
        "client-request-id": [
          "9aa47a3d-a5d1-4ae7-ba6a-67c17dba7e59"
        ],
        "DataServiceVersion": [
          "3.0"
        ],
        "Date": [
          "Tue, 27 Oct 2015 00:32:21 GMT"
        ],
        "Server": [
          "Microsoft-HTTPAPI/2.0"
        ]
      },
      "StatusCode": 200
    },
    {
      "RequestUri": "/pools/testPool/nodes/tvm-1915592855_2-20151026t232643z?api-version=2015-06-01.2.0&timeout=30",
      "EncodedRequestUri": "L3Bvb2xzL3Rlc3RQb29sL25vZGVzL3R2bS0xOTE1NTkyODU1XzItMjAxNTEwMjZ0MjMyNjQzej9hcGktdmVyc2lvbj0yMDE1LTA2LTAxLjIuMCZ0aW1lb3V0PTMw",
      "RequestMethod": "GET",
      "RequestBody": "",
      "RequestHeaders": {
        "client-request-id": [
          "9aa47a3d-a5d1-4ae7-ba6a-67c17dba7e59"
        ],
        "ocp-date": [
          "Tue, 27 Oct 2015 00:32:19 GMT"
        ],
        "return-client-request-id": [
          "true"
        ],
        "User-Agent": [
          "Microsoft.Azure.Batch.Protocol.BatchRestClient/2.0.2.0",
          "AzBatch/2.0.2.0"
        ]
      },
      "ResponseBody": "{\r\n  \"odata.metadata\": \"https://pstests.eastus.batch.azure.com/$metadata#nodes/@Element\",\r\n  \"id\": \"tvm-1915592855_2-20151026t232643z\",\r\n  \"url\": \"https://pstests.eastus.batch.azure.com/pools/testPool/nodes/tvm-1915592855_2-20151026t232643z\",\r\n  \"state\": \"reimaging\",\r\n  \"stateTransitionTime\": \"2015-10-27T00:30:40.2824104Z\",\r\n  \"lastBootTime\": \"2015-10-26T23:31:17.1865603Z\",\r\n  \"allocationTime\": \"2015-10-26T23:26:43.7007787Z\",\r\n  \"ipAddress\": \"100.119.52.148\",\r\n  \"affinityId\": \"TVM:tvm-1915592855_2-20151026t232643z\",\r\n  \"vmSize\": \"small\",\r\n  \"totalTasksRun\": 5,\r\n  \"startTask\": {\r\n    \"commandLine\": \"cmd /c echo hello\",\r\n    \"runElevated\": false,\r\n    \"maxTaskRetryCount\": 0,\r\n    \"waitForSuccess\": false\r\n  },\r\n  \"startTaskInfo\": {\r\n    \"state\": \"completed\",\r\n    \"startTime\": \"2015-10-26T23:31:17.3395662Z\",\r\n    \"endTime\": \"2015-10-26T23:31:18.818613Z\",\r\n    \"exitCode\": 0,\r\n    \"retryCount\": 0\r\n  }\r\n}",
      "ResponseHeaders": {
        "Content-Type": [
          "application/json; odata=minimalmetadata"
        ],
        "Transfer-Encoding": [
          "chunked"
        ],
        "request-id": [
          "1e98a5d4-9f15-4e63-ae50-a857fc17f4fa"
        ],
        "Strict-Transport-Security": [
          "max-age=31536000; includeSubDomains"
        ],
        "client-request-id": [
          "9aa47a3d-a5d1-4ae7-ba6a-67c17dba7e59"
        ],
        "DataServiceVersion": [
          "3.0"
        ],
        "Date": [
          "Tue, 27 Oct 2015 00:32:21 GMT"
        ],
        "Server": [
          "Microsoft-HTTPAPI/2.0"
        ]
      },
      "StatusCode": 200
    },
    {
      "RequestUri": "/pools/testPool/nodes/tvm-1915592855_2-20151026t232643z?api-version=2015-06-01.2.0&timeout=30",
      "EncodedRequestUri": "L3Bvb2xzL3Rlc3RQb29sL25vZGVzL3R2bS0xOTE1NTkyODU1XzItMjAxNTEwMjZ0MjMyNjQzej9hcGktdmVyc2lvbj0yMDE1LTA2LTAxLjIuMCZ0aW1lb3V0PTMw",
      "RequestMethod": "GET",
      "RequestBody": "",
      "RequestHeaders": {
        "client-request-id": [
          "9aa47a3d-a5d1-4ae7-ba6a-67c17dba7e59"
        ],
        "ocp-date": [
          "Tue, 27 Oct 2015 00:32:19 GMT"
        ],
        "return-client-request-id": [
          "true"
        ],
        "User-Agent": [
          "Microsoft.Azure.Batch.Protocol.BatchRestClient/2.0.2.0",
          "AzBatch/2.0.2.0"
        ]
      },
      "ResponseBody": "{\r\n  \"odata.metadata\": \"https://pstests.eastus.batch.azure.com/$metadata#nodes/@Element\",\r\n  \"id\": \"tvm-1915592855_2-20151026t232643z\",\r\n  \"url\": \"https://pstests.eastus.batch.azure.com/pools/testPool/nodes/tvm-1915592855_2-20151026t232643z\",\r\n  \"state\": \"reimaging\",\r\n  \"stateTransitionTime\": \"2015-10-27T00:30:40.2824104Z\",\r\n  \"lastBootTime\": \"2015-10-26T23:31:17.1865603Z\",\r\n  \"allocationTime\": \"2015-10-26T23:26:43.7007787Z\",\r\n  \"ipAddress\": \"100.119.52.148\",\r\n  \"affinityId\": \"TVM:tvm-1915592855_2-20151026t232643z\",\r\n  \"vmSize\": \"small\",\r\n  \"totalTasksRun\": 5,\r\n  \"startTask\": {\r\n    \"commandLine\": \"cmd /c echo hello\",\r\n    \"runElevated\": false,\r\n    \"maxTaskRetryCount\": 0,\r\n    \"waitForSuccess\": false\r\n  },\r\n  \"startTaskInfo\": {\r\n    \"state\": \"completed\",\r\n    \"startTime\": \"2015-10-26T23:31:17.3395662Z\",\r\n    \"endTime\": \"2015-10-26T23:31:18.818613Z\",\r\n    \"exitCode\": 0,\r\n    \"retryCount\": 0\r\n  }\r\n}",
      "ResponseHeaders": {
        "Content-Type": [
          "application/json; odata=minimalmetadata"
        ],
        "Transfer-Encoding": [
          "chunked"
        ],
        "request-id": [
          "1e98a5d4-9f15-4e63-ae50-a857fc17f4fa"
        ],
        "Strict-Transport-Security": [
          "max-age=31536000; includeSubDomains"
        ],
        "client-request-id": [
          "9aa47a3d-a5d1-4ae7-ba6a-67c17dba7e59"
        ],
        "DataServiceVersion": [
          "3.0"
        ],
        "Date": [
          "Tue, 27 Oct 2015 00:32:21 GMT"
        ],
        "Server": [
          "Microsoft-HTTPAPI/2.0"
        ]
      },
      "StatusCode": 200
    }
  ],
  "Names": {},
  "Variables": {
    "SubscriptionId": "6368ed38-3570-481f-b4fa-1d0a6e8d3f3b"
  }
}