{
  "Entries": [
    {
      "RequestUri": "/pools/testPool/nodes?api-version=2016-07-01.3.1",
      "EncodedRequestUri": "L3Bvb2xzL3Rlc3RQb29sL25vZGVzP2FwaS12ZXJzaW9uPTIwMTYtMDctMDEuMy4x",
      "RequestMethod": "GET",
      "RequestBody": "",
      "RequestHeaders": {
        "client-request-id": [
          "e9c9166f-6064-497b-b174-a57813547498"
        ],
        "accept-language": [
          "en-US"
        ],
        "ocp-date": [
          "Mon, 01 Aug 2016 20:58:22 GMT"
        ],
        "User-Agent": [
          "Microsoft.Azure.Batch.Protocol.BatchServiceClient/5.0.0.0",
          "AzurePowershell/v1.6.0"
        ]
      },
      "ResponseBody": "{\r\n  \"odata.metadata\": \"https://pstestaccount.centralus.batch.azure.com/$metadata#nodes\",\r\n  \"value\": [\r\n    {\r\n      \"id\": \"tvm-4036039286_10-20160801t195700z\",\r\n      \"url\": \"https://pstestaccount.centralus.batch.azure.com/pools/testPool/nodes/tvm-4036039286_10-20160801t195700z\",\r\n      \"state\": \"idle\",\r\n      \"schedulingState\": \"enabled\",\r\n      \"stateTransitionTime\": \"2016-08-01T20:02:35.8555782Z\",\r\n      \"lastBootTime\": \"2016-08-01T20:02:35.7381124Z\",\r\n      \"allocationTime\": \"2016-08-01T19:57:00.2959102Z\",\r\n      \"ipAddress\": \"100.111.236.94\",\r\n      \"affinityId\": \"TVM:tvm-4036039286_10-20160801t195700z\",\r\n      \"vmSize\": \"small\",\r\n      \"totalTasksRun\": 12,\r\n      \"totalTasksSucceeded\": 12,\r\n      \"runningTasksCount\": 0\r\n    },\r\n    {\r\n      \"id\": \"tvm-4036039286_11-20160801t203339z\",\r\n      \"url\": \"https://pstestaccount.centralus.batch.azure.com/pools/testPool/nodes/tvm-4036039286_11-20160801t203339z\",\r\n      \"state\": \"idle\",\r\n      \"schedulingState\": \"enabled\",\r\n      \"stateTransitionTime\": \"2016-08-01T20:37:06.6254986Z\",\r\n      \"lastBootTime\": \"2016-08-01T20:37:06.3654968Z\",\r\n      \"allocationTime\": \"2016-08-01T20:33:39.843424Z\",\r\n      \"ipAddress\": \"10.82.172.172\",\r\n      \"affinityId\": \"TVM:tvm-4036039286_11-20160801t203339z\",\r\n      \"vmSize\": \"small\",\r\n      \"totalTasksRun\": 0,\r\n      \"totalTasksSucceeded\": 0,\r\n      \"runningTasksCount\": 0\r\n    },\r\n    {\r\n      \"id\": \"tvm-4036039286_12-20160801t203339z\",\r\n      \"url\": \"https://pstestaccount.centralus.batch.azure.com/pools/testPool/nodes/tvm-4036039286_12-20160801t203339z\",\r\n      \"state\": \"idle\",\r\n      \"schedulingState\": \"enabled\",\r\n      \"stateTransitionTime\": \"2016-08-01T20:43:41.3184146Z\",\r\n      \"lastBootTime\": \"2016-08-01T20:43:41.1994141Z\",\r\n      \"allocationTime\": \"2016-08-01T20:33:39.843424Z\",\r\n      \"ipAddress\": \"10.82.100.38\",\r\n      \"affinityId\": \"TVM:tvm-4036039286_12-20160801t203339z\",\r\n      \"vmSize\": \"small\",\r\n      \"totalTasksRun\": 0,\r\n      \"totalTasksSucceeded\": 0,\r\n      \"runningTasksCount\": 0\r\n    }\r\n  ]\r\n}",
      "ResponseHeaders": {
        "Content-Type": [
          "application/json; odata=minimalmetadata"
        ],
        "Transfer-Encoding": [
          "chunked"
        ],
        "request-id": [
          "b41acae0-42df-47ee-98ce-150d5fb34da5"
        ],
        "Strict-Transport-Security": [
          "max-age=31536000; includeSubDomains"
        ],
        "DataServiceVersion": [
          "3.0"
        ],
        "Date": [
          "Mon, 01 Aug 2016 20:58:21 GMT"
        ],
        "Server": [
          "Microsoft-HTTPAPI/2.0"
        ]
      },
      "StatusCode": 200
    },
    {
      "RequestUri": "/pools/testPool/nodes/tvm-4036039286_10-20160801t195700z?api-version=2016-07-01.3.1&$select=id%2Cstate",
      "EncodedRequestUri": "L3Bvb2xzL3Rlc3RQb29sL25vZGVzL3R2bS00MDM2MDM5Mjg2XzEwLTIwMTYwODAxdDE5NTcwMHo/YXBpLXZlcnNpb249MjAxNi0wNy0wMS4zLjEmJHNlbGVjdD1pZCUyQ3N0YXRl",
      "RequestMethod": "GET",
      "RequestBody": "",
      "RequestHeaders": {
        "client-request-id": [
          "5ab11e97-ffa1-494b-aeda-2c655a54450f"
        ],
        "accept-language": [
          "en-US"
        ],
        "ocp-date": [
          "Mon, 01 Aug 2016 20:58:22 GMT"
        ],
        "User-Agent": [
          "Microsoft.Azure.Batch.Protocol.BatchServiceClient/5.0.0.0",
          "AzurePowershell/v1.6.0"
        ]
      },
      "ResponseBody": "{\r\n  \"odata.metadata\": \"https://pstestaccount.centralus.batch.azure.com/$metadata#nodes/@Element\",\r\n  \"id\": \"tvm-4036039286_10-20160801t195700z\",\r\n  \"state\": \"idle\"\r\n}",
      "ResponseHeaders": {
        "Content-Type": [
          "application/json; odata=minimalmetadata"
        ],
        "Transfer-Encoding": [
          "chunked"
        ],
        "request-id": [
          "56b32f9f-d231-4e98-b92f-111c1769fd60"
        ],
        "Strict-Transport-Security": [
          "max-age=31536000; includeSubDomains"
        ],
        "DataServiceVersion": [
          "3.0"
        ],
        "Date": [
          "Mon, 01 Aug 2016 20:58:21 GMT"
        ],
        "Server": [
          "Microsoft-HTTPAPI/2.0"
        ]
      },
      "StatusCode": 200
    },
    {
      "RequestUri": "/pools/testPool/nodes/tvm-4036039286_10-20160801t195700z?api-version=2016-07-01.3.1",
      "EncodedRequestUri": "L3Bvb2xzL3Rlc3RQb29sL25vZGVzL3R2bS00MDM2MDM5Mjg2XzEwLTIwMTYwODAxdDE5NTcwMHo/YXBpLXZlcnNpb249MjAxNi0wNy0wMS4zLjE=",
      "RequestMethod": "GET",
      "RequestBody": "",
      "RequestHeaders": {
        "client-request-id": [
          "26d3809b-0a62-42df-a320-7bf391c3ad2c"
        ],
        "accept-language": [
          "en-US"
        ],
        "ocp-date": [
          "Mon, 01 Aug 2016 20:58:25 GMT"
        ],
        "User-Agent": [
          "Microsoft.Azure.Batch.Protocol.BatchServiceClient/5.0.0.0",
          "AzurePowershell/v1.6.0"
        ]
      },
      "ResponseBody": "{\r\n  \"odata.metadata\": \"https://pstestaccount.centralus.batch.azure.com/$metadata#nodes/@Element\",\r\n  \"id\": \"tvm-4036039286_10-20160801t195700z\",\r\n  \"url\": \"https://pstestaccount.centralus.batch.azure.com/pools/testPool/nodes/tvm-4036039286_10-20160801t195700z\",\r\n  \"state\": \"idle\",\r\n  \"schedulingState\": \"enabled\",\r\n  \"stateTransitionTime\": \"2016-08-01T20:02:35.8555782Z\",\r\n  \"lastBootTime\": \"2016-08-01T20:02:35.7381124Z\",\r\n  \"allocationTime\": \"2016-08-01T19:57:00.2959102Z\",\r\n  \"ipAddress\": \"100.111.236.94\",\r\n  \"affinityId\": \"TVM:tvm-4036039286_10-20160801t195700z\",\r\n  \"vmSize\": \"small\",\r\n  \"totalTasksRun\": 12,\r\n  \"totalTasksSucceeded\": 12,\r\n  \"runningTasksCount\": 0\r\n}",
      "ResponseHeaders": {
        "Content-Type": [
          "application/json; odata=minimalmetadata"
        ],
        "Transfer-Encoding": [
          "chunked"
        ],
        "request-id": [
          "2cd0e941-d3aa-44bb-a8b1-46cd0db7cfd0"
        ],
        "Strict-Transport-Security": [
          "max-age=31536000; includeSubDomains"
        ],
        "DataServiceVersion": [
          "3.0"
        ],
        "Date": [
          "Mon, 01 Aug 2016 20:58:23 GMT"
        ],
        "Server": [
          "Microsoft-HTTPAPI/2.0"
        ]
      },
      "StatusCode": 200
    },
    {
      "RequestUri": "/pools/testPool/nodes/tvm-4036039286_10-20160801t195700z?api-version=2016-07-01.3.1",
      "EncodedRequestUri": "L3Bvb2xzL3Rlc3RQb29sL25vZGVzL3R2bS00MDM2MDM5Mjg2XzEwLTIwMTYwODAxdDE5NTcwMHo/YXBpLXZlcnNpb249MjAxNi0wNy0wMS4zLjE=",
      "RequestMethod": "GET",
      "RequestBody": "",
      "RequestHeaders": {
        "client-request-id": [
          "e4f8c388-3da4-4c7b-8cba-ee8ec8255b64"
        ],
        "accept-language": [
          "en-US"
        ],
        "ocp-date": [
          "Mon, 01 Aug 2016 20:58:26 GMT"
        ],
        "User-Agent": [
          "Microsoft.Azure.Batch.Protocol.BatchServiceClient/5.0.0.0",
          "AzurePowershell/v1.6.0"
        ]
      },
      "ResponseBody": "{\r\n  \"odata.metadata\": \"https://pstestaccount.centralus.batch.azure.com/$metadata#nodes/@Element\",\r\n  \"id\": \"tvm-4036039286_10-20160801t195700z\",\r\n  \"url\": \"https://pstestaccount.centralus.batch.azure.com/pools/testPool/nodes/tvm-4036039286_10-20160801t195700z\",\r\n  \"state\": \"offline\",\r\n  \"schedulingState\": \"disabled\",\r\n  \"stateTransitionTime\": \"2016-08-01T20:58:25.1518523Z\",\r\n  \"lastBootTime\": \"2016-08-01T20:02:35.7381124Z\",\r\n  \"allocationTime\": \"2016-08-01T19:57:00.2959102Z\",\r\n  \"ipAddress\": \"100.111.236.94\",\r\n  \"affinityId\": \"TVM:tvm-4036039286_10-20160801t195700z\",\r\n  \"vmSize\": \"small\",\r\n  \"totalTasksRun\": 12,\r\n  \"totalTasksSucceeded\": 12,\r\n  \"runningTasksCount\": 0\r\n}",
      "ResponseHeaders": {
        "Content-Type": [
          "application/json; odata=minimalmetadata"
        ],
        "Transfer-Encoding": [
          "chunked"
        ],
        "request-id": [
          "541188ae-2ec8-435b-842d-53cd51a160ff"
        ],
        "Strict-Transport-Security": [
          "max-age=31536000; includeSubDomains"
        ],
        "DataServiceVersion": [
          "3.0"
        ],
        "Date": [
          "Mon, 01 Aug 2016 20:58:24 GMT"
        ],
        "Server": [
          "Microsoft-HTTPAPI/2.0"
        ]
      },
      "StatusCode": 200
    },
    {
      "RequestUri": "/pools/testPool/nodes/tvm-4036039286_10-20160801t195700z/disablescheduling?api-version=2016-07-01.3.1",
      "EncodedRequestUri": "L3Bvb2xzL3Rlc3RQb29sL25vZGVzL3R2bS00MDM2MDM5Mjg2XzEwLTIwMTYwODAxdDE5NTcwMHovZGlzYWJsZXNjaGVkdWxpbmc/YXBpLXZlcnNpb249MjAxNi0wNy0wMS4zLjE=",
      "RequestMethod": "POST",
      "RequestBody": "{\r\n  \"nodeDisableSchedulingOption\": \"terminate\"\r\n}",
      "RequestHeaders": {
        "Content-Type": [
          "application/json; odata=minimalmetadata; charset=utf-8"
        ],
        "Content-Length": [
          "50"
        ],
        "client-request-id": [
          "7de72b7f-b99a-4911-b92d-cbf37d2af2d4"
        ],
        "accept-language": [
          "en-US"
        ],
        "ocp-date": [
          "Mon, 01 Aug 2016 20:58:25 GMT"
        ],
        "User-Agent": [
          "Microsoft.Azure.Batch.Protocol.BatchServiceClient/5.0.0.0",
          "AzurePowershell/v1.6.0"
        ]
      },
      "ResponseBody": "",
      "ResponseHeaders": {
        "Transfer-Encoding": [
          "chunked"
        ],
        "request-id": [
          "9069ca8f-bc01-41b4-b59f-ba1cf8fac2ab"
        ],
        "Strict-Transport-Security": [
          "max-age=31536000; includeSubDomains"
        ],
        "DataServiceVersion": [
          "3.0"
        ],
        "DataServiceId": [
          "https://pstestaccount.centralus.batch.azure.com/pools/testPool/nodes/tvm-4036039286_10-20160801t195700z/disablescheduling"
        ],
        "Date": [
          "Mon, 01 Aug 2016 20:58:24 GMT"
        ],
        "Server": [
          "Microsoft-HTTPAPI/2.0"
        ]
      },
      "StatusCode": 200
    },
    {
      "RequestUri": "/pools/testPool/nodes?api-version=2016-07-01.3.1&$filter=id%20eq%20'tvm-4036039286_10-20160801t195700z'&$select=id%2CschedulingState",
      "EncodedRequestUri": "L3Bvb2xzL3Rlc3RQb29sL25vZGVzP2FwaS12ZXJzaW9uPTIwMTYtMDctMDEuMy4xJiRmaWx0ZXI9aWQlMjBlcSUyMCUyN3R2bS00MDM2MDM5Mjg2XzEwLTIwMTYwODAxdDE5NTcwMHolMjcmJHNlbGVjdD1pZCUyQ3NjaGVkdWxpbmdTdGF0ZQ==",
      "RequestMethod": "GET",
      "RequestBody": "",
      "RequestHeaders": {
        "client-request-id": [
          "2b10c4f4-dcf8-47db-9d9e-6afa82ea9dbc"
        ],
        "accept-language": [
          "en-US"
        ],
        "ocp-date": [
          "Mon, 01 Aug 2016 20:58:26 GMT"
        ],
        "User-Agent": [
          "Microsoft.Azure.Batch.Protocol.BatchServiceClient/5.0.0.0",
          "AzurePowershell/v1.6.0"
        ]
      },
      "ResponseBody": "{\r\n  \"odata.metadata\": \"https://pstestaccount.centralus.batch.azure.com/$metadata#nodes\",\r\n  \"value\": [\r\n    {\r\n      \"id\": \"tvm-4036039286_10-20160801t195700z\",\r\n      \"schedulingState\": \"disabled\"\r\n    }\r\n  ]\r\n}",
      "ResponseHeaders": {
        "Content-Type": [
          "application/json; odata=minimalmetadata"
        ],
        "Transfer-Encoding": [
          "chunked"
        ],
        "request-id": [
          "b365206e-4181-4fcb-9c38-6e9238e96e6c"
        ],
        "Strict-Transport-Security": [
          "max-age=31536000; includeSubDomains"
        ],
        "DataServiceVersion": [
          "3.0"
        ],
        "Date": [
          "Mon, 01 Aug 2016 20:58:24 GMT"
        ],
        "Server": [
          "Microsoft-HTTPAPI/2.0"
        ]
      },
      "StatusCode": 200
    },
    {
      "RequestUri": "/pools/testPool/nodes?api-version=2016-07-01.3.1&$filter=id%20eq%20'tvm-4036039286_10-20160801t195700z'&$select=id%2CschedulingState",
      "EncodedRequestUri": "L3Bvb2xzL3Rlc3RQb29sL25vZGVzP2FwaS12ZXJzaW9uPTIwMTYtMDctMDEuMy4xJiRmaWx0ZXI9aWQlMjBlcSUyMCUyN3R2bS00MDM2MDM5Mjg2XzEwLTIwMTYwODAxdDE5NTcwMHolMjcmJHNlbGVjdD1pZCUyQ3NjaGVkdWxpbmdTdGF0ZQ==",
      "RequestMethod": "GET",
      "RequestBody": "",
      "RequestHeaders": {
        "client-request-id": [
          "4afb1900-5dab-4176-98b7-89f8f6641415"
        ],
        "accept-language": [
          "en-US"
        ],
        "ocp-date": [
          "Mon, 01 Aug 2016 20:58:26 GMT"
        ],
        "User-Agent": [
          "Microsoft.Azure.Batch.Protocol.BatchServiceClient/5.0.0.0",
          "AzurePowershell/v1.6.0"
        ]
      },
      "ResponseBody": "{\r\n  \"odata.metadata\": \"https://pstestaccount.centralus.batch.azure.com/$metadata#nodes\",\r\n  \"value\": [\r\n    {\r\n      \"id\": \"tvm-4036039286_10-20160801t195700z\",\r\n      \"schedulingState\": \"enabled\"\r\n    }\r\n  ]\r\n}",
      "ResponseHeaders": {
        "Content-Type": [
          "application/json; odata=minimalmetadata"
        ],
        "Transfer-Encoding": [
          "chunked"
        ],
        "request-id": [
          "9ab8c55d-c9d0-4f49-9634-9bfff0f2b851"
        ],
        "Strict-Transport-Security": [
          "max-age=31536000; includeSubDomains"
        ],
        "DataServiceVersion": [
          "3.0"
        ],
        "Date": [
          "Mon, 01 Aug 2016 20:58:24 GMT"
        ],
        "Server": [
          "Microsoft-HTTPAPI/2.0"
        ]
      },
      "StatusCode": 200
    },
    {
      "RequestUri": "/pools/testPool/nodes/tvm-4036039286_10-20160801t195700z/enablescheduling?api-version=2016-07-01.3.1",
      "EncodedRequestUri": "L3Bvb2xzL3Rlc3RQb29sL25vZGVzL3R2bS00MDM2MDM5Mjg2XzEwLTIwMTYwODAxdDE5NTcwMHovZW5hYmxlc2NoZWR1bGluZz9hcGktdmVyc2lvbj0yMDE2LTA3LTAxLjMuMQ==",
      "RequestMethod": "POST",
      "RequestBody": "",
      "RequestHeaders": {
        "client-request-id": [
          "85d773e8-f103-40d5-9167-a61fb8310811"
        ],
        "accept-language": [
          "en-US"
        ],
        "ocp-date": [
          "Mon, 01 Aug 2016 20:58:26 GMT"
        ],
        "User-Agent": [
          "Microsoft.Azure.Batch.Protocol.BatchServiceClient/5.0.0.0",
          "AzurePowershell/v1.6.0"
        ]
      },
      "ResponseBody": "",
      "ResponseHeaders": {
        "Transfer-Encoding": [
          "chunked"
        ],
        "request-id": [
          "4ede75f3-6cf8-4ba7-aa55-cc1405b9da6f"
        ],
        "Strict-Transport-Security": [
          "max-age=31536000; includeSubDomains"
        ],
        "DataServiceVersion": [
          "3.0"
        ],
        "DataServiceId": [
          "https://pstestaccount.centralus.batch.azure.com/pools/testPool/nodes/tvm-4036039286_10-20160801t195700z/enablescheduling"
        ],
        "Date": [
          "Mon, 01 Aug 2016 20:58:24 GMT"
        ],
        "Server": [
          "Microsoft-HTTPAPI/2.0"
        ]
      },
      "StatusCode": 200
    }
  ],
  "Names": {},
  "Variables": {
    "SubscriptionId": "46241355-bb95-46a9-ba6c-42b554d71925",
    "AZURE_BATCH_ACCOUNT": "pstestaccount",
    "AZURE_BATCH_ENDPOINT": "https://pstestaccount.centralus.batch.azure.com",
    "AZURE_BATCH_RESOURCE_GROUP": "AccountMgmtSampleGroup"
  }
}