{
  "Entries": [
    {
      "RequestUri": "/subscriptions/6368ed38-3570-481f-b4fa-1d0a6e8d3f3b/resources?$filter=resourceType%20eq%20'Microsoft.Batch%2FbatchAccounts'&api-version=2014-04-01-preview",
      "EncodedRequestUri": "L3N1YnNjcmlwdGlvbnMvNjM2OGVkMzgtMzU3MC00ODFmLWI0ZmEtMWQwYTZlOGQzZjNiL3Jlc291cmNlcz8kZmlsdGVyPXJlc291cmNlVHlwZSUyMGVxJTIwJ01pY3Jvc29mdC5CYXRjaCUyRmJhdGNoQWNjb3VudHMnJmFwaS12ZXJzaW9uPTIwMTQtMDQtMDEtcHJldmlldw==",
      "RequestMethod": "GET",
      "RequestBody": "",
      "RequestHeaders": {
        "User-Agent": [
          "Microsoft.Azure.Management.Resources.ResourceManagementClient/2.0.0.0"
        ]
      },
      "ResponseBody": "{\r\n  \"value\": [\r\n    {\r\n      \"id\": \"/subscriptions/6368ed38-3570-481f-b4fa-1d0a6e8d3f3b/resourceGroups/default-azurebatch-eastus/providers/Microsoft.Batch/batchAccounts/pstests\",\r\n      \"name\": \"pstests\",\r\n      \"type\": \"Microsoft.Batch/batchAccounts\",\r\n      \"location\": \"eastus\"\r\n    }\r\n  ]\r\n}",
      "ResponseHeaders": {
        "Content-Length": [
          "237"
        ],
        "Content-Type": [
          "application/json; charset=utf-8"
        ],
        "Expires": [
          "-1"
        ],
        "Pragma": [
          "no-cache"
        ],
        "x-ms-ratelimit-remaining-subscription-reads": [
          "14960"
        ],
        "x-ms-request-id": [
          "23ae92fe-fcb9-4505-b5c5-150c431b4641"
        ],
        "x-ms-correlation-request-id": [
          "23ae92fe-fcb9-4505-b5c5-150c431b4641"
        ],
        "x-ms-routing-request-id": [
          "WESTUS:20150730T170916Z:23ae92fe-fcb9-4505-b5c5-150c431b4641"
        ],
        "Strict-Transport-Security": [
          "max-age=31536000; includeSubDomains"
        ],
        "Cache-Control": [
          "no-cache"
        ],
        "Date": [
          "Thu, 30 Jul 2015 17:09:15 GMT"
        ]
      },
      "StatusCode": 200
    },
    {
      "RequestUri": "/subscriptions/6368ed38-3570-481f-b4fa-1d0a6e8d3f3b/resources?$filter=resourceType%20eq%20'Microsoft.Batch%2FbatchAccounts'&api-version=2014-04-01-preview",
      "EncodedRequestUri": "L3N1YnNjcmlwdGlvbnMvNjM2OGVkMzgtMzU3MC00ODFmLWI0ZmEtMWQwYTZlOGQzZjNiL3Jlc291cmNlcz8kZmlsdGVyPXJlc291cmNlVHlwZSUyMGVxJTIwJ01pY3Jvc29mdC5CYXRjaCUyRmJhdGNoQWNjb3VudHMnJmFwaS12ZXJzaW9uPTIwMTQtMDQtMDEtcHJldmlldw==",
      "RequestMethod": "GET",
      "RequestBody": "",
      "RequestHeaders": {
        "User-Agent": [
          "Microsoft.Azure.Management.Resources.ResourceManagementClient/2.0.0.0"
        ]
      },
      "ResponseBody": "{\r\n  \"value\": [\r\n    {\r\n      \"id\": \"/subscriptions/6368ed38-3570-481f-b4fa-1d0a6e8d3f3b/resourceGroups/default-azurebatch-eastus/providers/Microsoft.Batch/batchAccounts/pstests\",\r\n      \"name\": \"pstests\",\r\n      \"type\": \"Microsoft.Batch/batchAccounts\",\r\n      \"location\": \"eastus\"\r\n    }\r\n  ]\r\n}",
      "ResponseHeaders": {
        "Content-Length": [
          "237"
        ],
        "Content-Type": [
          "application/json; charset=utf-8"
        ],
        "Expires": [
          "-1"
        ],
        "Pragma": [
          "no-cache"
        ],
        "x-ms-ratelimit-remaining-subscription-reads": [
          "14959"
        ],
        "x-ms-request-id": [
          "b841e243-658f-4e25-a64c-643c86c7b084"
        ],
        "x-ms-correlation-request-id": [
          "b841e243-658f-4e25-a64c-643c86c7b084"
        ],
        "x-ms-routing-request-id": [
          "WESTUS:20150730T170918Z:b841e243-658f-4e25-a64c-643c86c7b084"
        ],
        "Strict-Transport-Security": [
          "max-age=31536000; includeSubDomains"
        ],
        "Cache-Control": [
          "no-cache"
        ],
        "Date": [
          "Thu, 30 Jul 2015 17:09:18 GMT"
        ]
      },
      "StatusCode": 200
    },
    {
      "RequestUri": "/subscriptions/6368ed38-3570-481f-b4fa-1d0a6e8d3f3b/resourceGroups/default-azurebatch-eastus/providers/Microsoft.Batch/batchAccounts/pstests?api-version=2015-07-01",
      "EncodedRequestUri": "L3N1YnNjcmlwdGlvbnMvNjM2OGVkMzgtMzU3MC00ODFmLWI0ZmEtMWQwYTZlOGQzZjNiL3Jlc291cmNlR3JvdXBzL2RlZmF1bHQtYXp1cmViYXRjaC1lYXN0dXMvcHJvdmlkZXJzL01pY3Jvc29mdC5CYXRjaC9iYXRjaEFjY291bnRzL3BzdGVzdHM/YXBpLXZlcnNpb249MjAxNS0wNy0wMQ==",
      "RequestMethod": "GET",
      "RequestBody": "",
      "RequestHeaders": {
        "x-ms-version": [
          "2015-07-01"
        ],
        "User-Agent": [
          "Microsoft.Azure.Management.Batch.BatchManagementClient/1.0.0.0"
        ]
      },
      "ResponseBody": "{\r\n  \"name\": \"pstests\",\r\n  \"location\": \"eastus\",\r\n  \"properties\": {\r\n    \"accountEndpoint\": \"pstests.eastus.batch.azure.com\",\r\n    \"provisioningState\": \"Succeeded\"\r\n  },\r\n  \"id\": \"/subscriptions/6368ed38-3570-481f-b4fa-1d0a6e8d3f3b/resourceGroups/default-azurebatch-eastus/providers/Microsoft.Batch/batchAccounts/pstests\",\r\n  \"type\": \"Microsoft.Batch/batchAccounts\"\r\n}",
      "ResponseHeaders": {
        "Content-Length": [
          "323"
        ],
        "Content-Type": [
          "application/json; charset=utf-8"
        ],
        "Expires": [
          "-1"
        ],
        "Last-Modified": [
          "Thu, 30 Jul 2015 17:09:17 GMT"
        ],
        "Pragma": [
          "no-cache"
        ],
        "request-id": [
          "2ccd0651-fb94-4129-8fee-fc6ae42c7246"
        ],
        "Strict-Transport-Security": [
          "max-age=31536000; includeSubDomains"
        ],
        "x-ms-ratelimit-remaining-subscription-reads": [
          "14966"
        ],
        "x-ms-request-id": [
          "6b6d1971-d17f-4ec6-8981-cfcb3c6a09d1"
        ],
        "x-ms-correlation-request-id": [
          "6b6d1971-d17f-4ec6-8981-cfcb3c6a09d1"
        ],
        "x-ms-routing-request-id": [
          "WESTUS:20150730T170917Z:6b6d1971-d17f-4ec6-8981-cfcb3c6a09d1"
        ],
        "Cache-Control": [
          "no-cache"
        ],
        "Date": [
          "Thu, 30 Jul 2015 17:09:17 GMT"
        ],
        "ETag": [
          "0x8D299019A77F7F2"
        ],
        "Server": [
          "Microsoft-HTTPAPI/2.0"
        ]
      },
      "StatusCode": 200
    },
    {
      "RequestUri": "/subscriptions/6368ed38-3570-481f-b4fa-1d0a6e8d3f3b/resourceGroups/default-azurebatch-eastus/providers/Microsoft.Batch/batchAccounts/pstests?api-version=2015-07-01",
      "EncodedRequestUri": "L3N1YnNjcmlwdGlvbnMvNjM2OGVkMzgtMzU3MC00ODFmLWI0ZmEtMWQwYTZlOGQzZjNiL3Jlc291cmNlR3JvdXBzL2RlZmF1bHQtYXp1cmViYXRjaC1lYXN0dXMvcHJvdmlkZXJzL01pY3Jvc29mdC5CYXRjaC9iYXRjaEFjY291bnRzL3BzdGVzdHM/YXBpLXZlcnNpb249MjAxNS0wNy0wMQ==",
      "RequestMethod": "GET",
      "RequestBody": "",
      "RequestHeaders": {
        "x-ms-version": [
          "2015-07-01"
        ],
        "User-Agent": [
          "Microsoft.Azure.Management.Batch.BatchManagementClient/1.0.0.0"
        ]
      },
      "ResponseBody": "{\r\n  \"name\": \"pstests\",\r\n  \"location\": \"eastus\",\r\n  \"properties\": {\r\n    \"accountEndpoint\": \"pstests.eastus.batch.azure.com\",\r\n    \"provisioningState\": \"Succeeded\"\r\n  },\r\n  \"id\": \"/subscriptions/6368ed38-3570-481f-b4fa-1d0a6e8d3f3b/resourceGroups/default-azurebatch-eastus/providers/Microsoft.Batch/batchAccounts/pstests\",\r\n  \"type\": \"Microsoft.Batch/batchAccounts\"\r\n}",
      "ResponseHeaders": {
        "Content-Length": [
          "323"
        ],
        "Content-Type": [
          "application/json; charset=utf-8"
        ],
        "Expires": [
          "-1"
        ],
        "Last-Modified": [
          "Thu, 30 Jul 2015 17:09:18 GMT"
        ],
        "Pragma": [
          "no-cache"
        ],
        "request-id": [
          "0259701b-baa9-4527-9567-6f14d49315bf"
        ],
        "Strict-Transport-Security": [
          "max-age=31536000; includeSubDomains"
        ],
        "x-ms-ratelimit-remaining-subscription-reads": [
          "14965"
        ],
        "x-ms-request-id": [
          "7a10c001-db03-499f-b135-1ebc1c805d07"
        ],
        "x-ms-correlation-request-id": [
          "7a10c001-db03-499f-b135-1ebc1c805d07"
        ],
        "x-ms-routing-request-id": [
          "WESTUS:20150730T170918Z:7a10c001-db03-499f-b135-1ebc1c805d07"
        ],
        "Cache-Control": [
          "no-cache"
        ],
        "Date": [
          "Thu, 30 Jul 2015 17:09:18 GMT"
        ],
        "ETag": [
          "0x8D299019B0220D6"
        ],
        "Server": [
          "Microsoft-HTTPAPI/2.0"
        ]
      },
      "StatusCode": 200
    },
    {
      "RequestUri": "/subscriptions/6368ed38-3570-481f-b4fa-1d0a6e8d3f3b/resourceGroups/default-azurebatch-eastus/providers/Microsoft.Batch/batchAccounts/pstests/listKeys?api-version=2015-07-01",
      "EncodedRequestUri": "L3N1YnNjcmlwdGlvbnMvNjM2OGVkMzgtMzU3MC00ODFmLWI0ZmEtMWQwYTZlOGQzZjNiL3Jlc291cmNlR3JvdXBzL2RlZmF1bHQtYXp1cmViYXRjaC1lYXN0dXMvcHJvdmlkZXJzL01pY3Jvc29mdC5CYXRjaC9iYXRjaEFjY291bnRzL3BzdGVzdHMvbGlzdEtleXM/YXBpLXZlcnNpb249MjAxNS0wNy0wMQ==",
      "RequestMethod": "POST",
      "RequestBody": "",
      "RequestHeaders": {
        "x-ms-version": [
          "2015-07-01"
        ],
        "User-Agent": [
          "Microsoft.Azure.Management.Batch.BatchManagementClient/1.0.0.0"
        ]
      },
      "ResponseBody": "{\r\n  \"accountName\": \"pstests\",\r\n  \"primary\": \"LjcPYhLUNjgOzrdNciMQS1TZJUoKgOrqhNYv9pbKdNn6GHMBuYwyt9dEx6uSdjzPV4U1N8RFm1EjiakXhq2hng==\",\r\n  \"secondary\": \"Y8oHFA4f8afHXYmqwcvL2Bigg+GkjKhDBBUGGAEkGVoj77rskty8DnAqaqMpntUwQK+yEAJWbgfvoho5AfcM+w==\"\r\n}",
      "ResponseHeaders": {
        "Content-Length": [
          "229"
        ],
        "Content-Type": [
          "application/json; charset=utf-8"
        ],
        "Expires": [
          "-1"
        ],
        "Pragma": [
          "no-cache"
        ],
        "request-id": [
          "e893a270-343c-4821-98c5-8e417de3b3f8"
        ],
        "Strict-Transport-Security": [
          "max-age=31536000; includeSubDomains"
        ],
        "x-ms-ratelimit-remaining-subscription-writes": [
          "1187"
        ],
        "x-ms-request-id": [
          "29c65b84-c6fd-4b30-8b43-f6bddac04d91"
        ],
        "x-ms-correlation-request-id": [
          "29c65b84-c6fd-4b30-8b43-f6bddac04d91"
        ],
        "x-ms-routing-request-id": [
          "WESTUS:20150730T170917Z:29c65b84-c6fd-4b30-8b43-f6bddac04d91"
        ],
        "Cache-Control": [
          "no-cache"
        ],
        "Date": [
          "Thu, 30 Jul 2015 17:09:17 GMT"
        ],
        "Server": [
          "Microsoft-HTTPAPI/2.0"
        ]
      },
      "StatusCode": 200
    },
    {
      "RequestUri": "/subscriptions/6368ed38-3570-481f-b4fa-1d0a6e8d3f3b/resourceGroups/default-azurebatch-eastus/providers/Microsoft.Batch/batchAccounts/pstests/listKeys?api-version=2015-07-01",
      "EncodedRequestUri": "L3N1YnNjcmlwdGlvbnMvNjM2OGVkMzgtMzU3MC00ODFmLWI0ZmEtMWQwYTZlOGQzZjNiL3Jlc291cmNlR3JvdXBzL2RlZmF1bHQtYXp1cmViYXRjaC1lYXN0dXMvcHJvdmlkZXJzL01pY3Jvc29mdC5CYXRjaC9iYXRjaEFjY291bnRzL3BzdGVzdHMvbGlzdEtleXM/YXBpLXZlcnNpb249MjAxNS0wNy0wMQ==",
      "RequestMethod": "POST",
      "RequestBody": "",
      "RequestHeaders": {
        "x-ms-version": [
          "2015-07-01"
        ],
        "User-Agent": [
          "Microsoft.Azure.Management.Batch.BatchManagementClient/1.0.0.0"
        ]
      },
      "ResponseBody": "{\r\n  \"accountName\": \"pstests\",\r\n  \"primary\": \"LjcPYhLUNjgOzrdNciMQS1TZJUoKgOrqhNYv9pbKdNn6GHMBuYwyt9dEx6uSdjzPV4U1N8RFm1EjiakXhq2hng==\",\r\n  \"secondary\": \"Y8oHFA4f8afHXYmqwcvL2Bigg+GkjKhDBBUGGAEkGVoj77rskty8DnAqaqMpntUwQK+yEAJWbgfvoho5AfcM+w==\"\r\n}",
      "ResponseHeaders": {
        "Content-Length": [
          "229"
        ],
        "Content-Type": [
          "application/json; charset=utf-8"
        ],
        "Expires": [
          "-1"
        ],
        "Pragma": [
          "no-cache"
        ],
        "request-id": [
          "8b83d656-656e-499a-a96a-e1afa2bdd844"
        ],
        "Strict-Transport-Security": [
          "max-age=31536000; includeSubDomains"
        ],
        "x-ms-ratelimit-remaining-subscription-writes": [
          "1186"
        ],
        "x-ms-request-id": [
          "bb909d39-7423-4fba-b32b-81af0c2d7149"
        ],
        "x-ms-correlation-request-id": [
          "bb909d39-7423-4fba-b32b-81af0c2d7149"
        ],
        "x-ms-routing-request-id": [
          "WESTUS:20150730T170918Z:bb909d39-7423-4fba-b32b-81af0c2d7149"
        ],
        "Cache-Control": [
          "no-cache"
        ],
        "Date": [
          "Thu, 30 Jul 2015 17:09:18 GMT"
        ],
        "Server": [
          "Microsoft-HTTPAPI/2.0"
        ]
      },
      "StatusCode": 200
    },
    {
      "RequestUri": "/pools/testPool?api-version=2015-06-01.2.0&timeout=30",
      "EncodedRequestUri": "L3Bvb2xzL3Rlc3RQb29sP2FwaS12ZXJzaW9uPTIwMTUtMDYtMDEuMi4wJnRpbWVvdXQ9MzA=",
      "RequestMethod": "GET",
      "RequestBody": "",
      "RequestHeaders": {
        "client-request-id": [
          "05cb2540-4cbe-4181-aaec-238c9c9eed14"
        ],
        "ocp-date": [
          "Thu, 30 Jul 2015 17:09:17 GMT"
        ],
        "return-client-request-id": [
          "true"
        ],
        "User-Agent": [
          "Microsoft.Azure.Batch.Protocol.BatchRestClient/2.0.1.0",
          "AzBatch/2.0.1.0"
        ]
      },
      "ResponseBody": "{\r\n  \"odata.metadata\": \"https://pstests.eastus.batch.azure.com/$metadata#pools/@Element\",\r\n  \"id\": \"testPool\",\r\n  \"url\": \"https://pstests.eastus.batch.azure.com/pools/testPool\",\r\n  \"eTag\": \"0x8D298FCFBDD1459\",\r\n  \"lastModified\": \"2015-07-30T16:36:13.7411673Z\",\r\n  \"creationTime\": \"2015-07-30T16:36:13.7411673Z\",\r\n  \"state\": \"active\",\r\n  \"stateTransitionTime\": \"2015-07-30T16:36:13.7411673Z\",\r\n  \"allocationState\": \"steady\",\r\n  \"allocationStateTransitionTime\": \"2015-07-30T16:38:18.3097919Z\",\r\n  \"osFamily\": \"4\",\r\n  \"targetOSVersion\": \"*\",\r\n  \"currentOSVersion\": \"*\",\r\n  \"vmSize\": \"small\",\r\n  \"resizeTimeout\": \"PT5M\",\r\n  \"currentDedicated\": 3,\r\n  \"targetDedicated\": 3,\r\n  \"enableAutoScale\": false,\r\n  \"enableInterNodeCommunication\": false,\r\n  \"startTask\": {\r\n    \"commandLine\": \"cmd /c echo hello\",\r\n    \"runElevated\": false,\r\n    \"maxTaskRetryCount\": 0,\r\n    \"waitForSuccess\": false\r\n  },\r\n  \"maxTasksPerNode\": 1,\r\n  \"taskSchedulingPolicy\": {\r\n    \"nodeFillType\": \"Spread\"\r\n  }\r\n}",
      "ResponseHeaders": {
        "Content-Type": [
          "application/json; odata=minimalmetadata"
        ],
        "Last-Modified": [
          "Thu, 30 Jul 2015 16:36:13 GMT"
        ],
        "Transfer-Encoding": [
          "chunked"
        ],
        "request-id": [
          "42f94582-d74b-4f79-ab54-7725de716570"
        ],
        "Strict-Transport-Security": [
          "max-age=31536000; includeSubDomains"
        ],
        "client-request-id": [
          "05cb2540-4cbe-4181-aaec-238c9c9eed14"
        ],
        "DataServiceVersion": [
          "3.0"
        ],
        "Date": [
          "Thu, 30 Jul 2015 17:09:17 GMT"
        ],
        "ETag": [
          "0x8D298FCFBDD1459"
        ],
        "Server": [
          "Microsoft-HTTPAPI/2.0"
        ]
      },
      "StatusCode": 200
    },
    {
      "RequestUri": "/pools/testPool?api-version=2015-06-01.2.0&timeout=30",
      "EncodedRequestUri": "L3Bvb2xzL3Rlc3RQb29sP2FwaS12ZXJzaW9uPTIwMTUtMDYtMDEuMi4wJnRpbWVvdXQ9MzA=",
      "RequestMethod": "GET",
      "RequestBody": "",
      "RequestHeaders": {
        "client-request-id": [
          "c700b0a3-e849-4f4d-af39-731fe091358c"
        ],
        "ocp-date": [
          "Thu, 30 Jul 2015 17:09:19 GMT"
        ],
        "return-client-request-id": [
          "true"
        ],
        "User-Agent": [
          "Microsoft.Azure.Batch.Protocol.BatchRestClient/2.0.1.0",
          "AzBatch/2.0.1.0"
        ]
      },
      "ResponseBody": "{\r\n  \"odata.metadata\": \"https://pstests.eastus.batch.azure.com/$metadata#pools/@Element\",\r\n  \"id\": \"testPool\",\r\n  \"url\": \"https://pstests.eastus.batch.azure.com/pools/testPool\",\r\n  \"eTag\": \"0x8D298FCFBDD1459\",\r\n  \"lastModified\": \"2015-07-30T16:36:13.7411673Z\",\r\n  \"creationTime\": \"2015-07-30T16:36:13.7411673Z\",\r\n  \"state\": \"active\",\r\n  \"stateTransitionTime\": \"2015-07-30T16:36:13.7411673Z\",\r\n  \"allocationState\": \"steady\",\r\n  \"allocationStateTransitionTime\": \"2015-07-30T16:38:18.3097919Z\",\r\n  \"osFamily\": \"4\",\r\n  \"targetOSVersion\": \"*\",\r\n  \"currentOSVersion\": \"*\",\r\n  \"vmSize\": \"small\",\r\n  \"resizeTimeout\": \"PT5M\",\r\n  \"currentDedicated\": 3,\r\n  \"targetDedicated\": 3,\r\n  \"enableAutoScale\": false,\r\n  \"enableInterNodeCommunication\": false,\r\n  \"startTask\": {\r\n    \"commandLine\": \"cmd /c echo hello\",\r\n    \"runElevated\": false,\r\n    \"maxTaskRetryCount\": 0,\r\n    \"waitForSuccess\": false\r\n  },\r\n  \"maxTasksPerNode\": 1,\r\n  \"taskSchedulingPolicy\": {\r\n    \"nodeFillType\": \"Spread\"\r\n  }\r\n}",
      "ResponseHeaders": {
        "Content-Type": [
          "application/json; odata=minimalmetadata"
        ],
        "Last-Modified": [
          "Thu, 30 Jul 2015 16:36:13 GMT"
        ],
        "Transfer-Encoding": [
          "chunked"
        ],
        "request-id": [
          "3b6a2cb9-2fd0-405f-9237-c909258ba12d"
        ],
        "Strict-Transport-Security": [
          "max-age=31536000; includeSubDomains"
        ],
        "client-request-id": [
          "c700b0a3-e849-4f4d-af39-731fe091358c"
        ],
        "DataServiceVersion": [
          "3.0"
        ],
        "Date": [
          "Thu, 30 Jul 2015 17:09:18 GMT"
        ],
        "ETag": [
          "0x8D298FCFBDD1459"
        ],
        "Server": [
          "Microsoft-HTTPAPI/2.0"
        ]
      },
      "StatusCode": 200
    },
    {
      "RequestUri": "/pools/testPool?api-version=2015-06-01.2.0&timeout=30",
      "EncodedRequestUri": "L3Bvb2xzL3Rlc3RQb29sP2FwaS12ZXJzaW9uPTIwMTUtMDYtMDEuMi4wJnRpbWVvdXQ9MzA=",
      "RequestMethod": "GET",
      "RequestBody": "",
      "RequestHeaders": {
        "client-request-id": [
          "c700b0a3-e849-4f4d-af39-731fe091358c"
        ],
        "ocp-date": [
          "Thu, 30 Jul 2015 17:09:19 GMT"
        ],
        "return-client-request-id": [
          "true"
        ],
        "User-Agent": [
          "Microsoft.Azure.Batch.Protocol.BatchRestClient/2.0.1.0",
          "AzBatch/2.0.1.0"
        ]
      },
      "ResponseBody": "{\r\n  \"odata.metadata\": \"https://pstests.eastus.batch.azure.com/$metadata#pools/@Element\",\r\n  \"id\": \"testPool\",\r\n  \"url\": \"https://pstests.eastus.batch.azure.com/pools/testPool\",\r\n  \"eTag\": \"0x8D298FCFBDD1459\",\r\n  \"lastModified\": \"2015-07-30T16:36:13.7411673Z\",\r\n  \"creationTime\": \"2015-07-30T16:36:13.7411673Z\",\r\n  \"state\": \"active\",\r\n  \"stateTransitionTime\": \"2015-07-30T16:36:13.7411673Z\",\r\n  \"allocationState\": \"steady\",\r\n  \"allocationStateTransitionTime\": \"2015-07-30T16:38:18.3097919Z\",\r\n  \"osFamily\": \"4\",\r\n  \"targetOSVersion\": \"*\",\r\n  \"currentOSVersion\": \"*\",\r\n  \"vmSize\": \"small\",\r\n  \"resizeTimeout\": \"PT5M\",\r\n  \"currentDedicated\": 3,\r\n  \"targetDedicated\": 3,\r\n  \"enableAutoScale\": false,\r\n  \"enableInterNodeCommunication\": false,\r\n  \"startTask\": {\r\n    \"commandLine\": \"cmd /c echo hello\",\r\n    \"runElevated\": false,\r\n    \"maxTaskRetryCount\": 0,\r\n    \"waitForSuccess\": false\r\n  },\r\n  \"maxTasksPerNode\": 1,\r\n  \"taskSchedulingPolicy\": {\r\n    \"nodeFillType\": \"Spread\"\r\n  }\r\n}",
      "ResponseHeaders": {
        "Content-Type": [
          "application/json; odata=minimalmetadata"
        ],
        "Last-Modified": [
          "Thu, 30 Jul 2015 16:36:13 GMT"
        ],
        "Transfer-Encoding": [
          "chunked"
        ],
        "request-id": [
          "3b6a2cb9-2fd0-405f-9237-c909258ba12d"
        ],
        "Strict-Transport-Security": [
          "max-age=31536000; includeSubDomains"
        ],
        "client-request-id": [
          "c700b0a3-e849-4f4d-af39-731fe091358c"
        ],
        "DataServiceVersion": [
          "3.0"
        ],
        "Date": [
          "Thu, 30 Jul 2015 17:09:18 GMT"
        ],
        "ETag": [
          "0x8D298FCFBDD1459"
        ],
        "Server": [
          "Microsoft-HTTPAPI/2.0"
        ]
      },
      "StatusCode": 200
    },
    {
      "RequestUri": "/pools/testPool/nodes?$filter=state%20eq%20'idle'&api-version=2015-06-01.2.0&timeout=30",
      "EncodedRequestUri": "L3Bvb2xzL3Rlc3RQb29sL25vZGVzPyRmaWx0ZXI9c3RhdGUlMjBlcSUyMCUyN2lkbGUlMjcmYXBpLXZlcnNpb249MjAxNS0wNi0wMS4yLjAmdGltZW91dD0zMA==",
      "RequestMethod": "GET",
      "RequestBody": "",
      "RequestHeaders": {
        "client-request-id": [
          "00cd3ef9-0914-4801-b766-7b24b7096179"
        ],
        "ocp-date": [
          "Thu, 30 Jul 2015 17:09:18 GMT"
        ],
        "return-client-request-id": [
          "true"
        ],
        "User-Agent": [
          "Microsoft.Azure.Batch.Protocol.BatchRestClient/2.0.1.0",
          "AzBatch/2.0.1.0"
        ]
      },
      "ResponseBody": "{\r\n  \"odata.metadata\": \"https://pstests.eastus.batch.azure.com/$metadata#nodes\",\r\n  \"value\": [\r\n    {\r\n      \"id\": \"tvm-4155946844_1-20150730t163817z\",\r\n      \"url\": \"https://pstests.eastus.batch.azure.com/pools/testPool/nodes/tvm-4155946844_1-20150730t163817z\",\r\n      \"state\": \"idle\",\r\n      \"stateTransitionTime\": \"2015-07-30T16:42:31.4316915Z\",\r\n      \"lastBootTime\": \"2015-07-30T16:42:31.3306882Z\",\r\n      \"allocationTime\": \"2015-07-30T16:38:17.4009205Z\",\r\n      \"ipAddress\": \"100.112.234.31\",\r\n      \"affinityId\": \"TVM:tvm-4155946844_1-20150730t163817z\",\r\n      \"vmSize\": \"small\",\r\n      \"totalTasksRun\": 11,\r\n      \"startTask\": {\r\n        \"commandLine\": \"cmd /c echo hello\",\r\n        \"runElevated\": false,\r\n        \"maxTaskRetryCount\": 0,\r\n        \"waitForSuccess\": false\r\n      },\r\n      \"startTaskInfo\": {\r\n        \"state\": \"completed\",\r\n        \"startTime\": \"2015-07-30T16:42:31.4856955Z\",\r\n        \"endTime\": \"2015-07-30T16:42:33.1103345Z\",\r\n        \"exitCode\": 0,\r\n        \"retryCount\": 0\r\n      }\r\n    },\r\n    {\r\n      \"id\": \"tvm-4155946844_2-20150730t163817z\",\r\n      \"url\": \"https://pstests.eastus.batch.azure.com/pools/testPool/nodes/tvm-4155946844_2-20150730t163817z\",\r\n      \"state\": \"idle\",\r\n      \"stateTransitionTime\": \"2015-07-30T16:42:01.126861Z\",\r\n      \"lastBootTime\": \"2015-07-30T16:42:01.0268576Z\",\r\n      \"allocationTime\": \"2015-07-30T16:38:17.4009205Z\",\r\n      \"ipAddress\": \"100.112.172.110\",\r\n      \"affinityId\": \"TVM:tvm-4155946844_2-20150730t163817z\",\r\n      \"vmSize\": \"small\",\r\n      \"totalTasksRun\": 3,\r\n      \"startTask\": {\r\n        \"commandLine\": \"cmd /c echo hello\",\r\n        \"runElevated\": false,\r\n        \"maxTaskRetryCount\": 0,\r\n        \"waitForSuccess\": false\r\n      },\r\n      \"startTaskInfo\": {\r\n        \"state\": \"completed\",\r\n        \"startTime\": \"2015-07-30T16:42:01.1718639Z\",\r\n        \"endTime\": \"2015-07-30T16:42:02.553915Z\",\r\n        \"exitCode\": 0,\r\n        \"retryCount\": 0\r\n      }\r\n    },\r\n    {\r\n      \"id\": \"tvm-4155946844_3-20150730t163817z\",\r\n      \"url\": \"https://pstests.eastus.batch.azure.com/pools/testPool/nodes/tvm-4155946844_3-20150730t163817z\",\r\n      \"state\": \"idle\",\r\n      \"stateTransitionTime\": \"2015-07-30T16:42:43.5934055Z\",\r\n      \"lastBootTime\": \"2015-07-30T16:42:43.4594048Z\",\r\n      \"allocationTime\": \"2015-07-30T16:38:17.4009205Z\",\r\n      \"ipAddress\": \"100.112.168.95\",\r\n      \"affinityId\": \"TVM:tvm-4155946844_3-20150730t163817z\",\r\n      \"vmSize\": \"small\",\r\n      \"totalTasksRun\": 3,\r\n      \"startTask\": {\r\n        \"commandLine\": \"cmd /c echo hello\",\r\n        \"runElevated\": false,\r\n        \"maxTaskRetryCount\": 0,\r\n        \"waitForSuccess\": false\r\n      },\r\n      \"startTaskInfo\": {\r\n        \"state\": \"completed\",\r\n        \"startTime\": \"2015-07-30T16:42:43.6314061Z\",\r\n        \"endTime\": \"2015-07-30T16:42:45.1414143Z\",\r\n        \"exitCode\": 0,\r\n        \"retryCount\": 0\r\n      }\r\n    }\r\n  ]\r\n}",
      "ResponseHeaders": {
        "Content-Type": [
          "application/json; odata=minimalmetadata"
        ],
        "Transfer-Encoding": [
          "chunked"
        ],
        "request-id": [
          "b14d3c2c-d096-422b-bcf9-1bd7955d2936"
        ],
        "Strict-Transport-Security": [
          "max-age=31536000; includeSubDomains"
        ],
        "client-request-id": [
          "00cd3ef9-0914-4801-b766-7b24b7096179"
        ],
        "DataServiceVersion": [
          "3.0"
        ],
        "Date": [
          "Thu, 30 Jul 2015 17:09:18 GMT"
        ],
        "Server": [
          "Microsoft-HTTPAPI/2.0"
        ]
      },
      "StatusCode": 200
    },
    {
      "RequestUri": "/pools/testPool/nodes?$filter=state%20eq%20'idle'&api-version=2015-06-01.2.0&timeout=30",
      "EncodedRequestUri": "L3Bvb2xzL3Rlc3RQb29sL25vZGVzPyRmaWx0ZXI9c3RhdGUlMjBlcSUyMCUyN2lkbGUlMjcmYXBpLXZlcnNpb249MjAxNS0wNi0wMS4yLjAmdGltZW91dD0zMA==",
      "RequestMethod": "GET",
      "RequestBody": "",
      "RequestHeaders": {
        "client-request-id": [
          "d2b428ad-ac35-443f-8a1f-91ffa281f8a8"
        ],
        "ocp-date": [
          "Thu, 30 Jul 2015 17:09:19 GMT"
        ],
        "return-client-request-id": [
          "true"
        ],
        "User-Agent": [
          "Microsoft.Azure.Batch.Protocol.BatchRestClient/2.0.1.0",
          "AzBatch/2.0.1.0"
        ]
      },
      "ResponseBody": "{\r\n  \"odata.metadata\": \"https://pstests.eastus.batch.azure.com/$metadata#nodes\",\r\n  \"value\": [\r\n    {\r\n      \"id\": \"tvm-4155946844_1-20150730t163817z\",\r\n      \"url\": \"https://pstests.eastus.batch.azure.com/pools/testPool/nodes/tvm-4155946844_1-20150730t163817z\",\r\n      \"state\": \"idle\",\r\n      \"stateTransitionTime\": \"2015-07-30T16:42:31.4316915Z\",\r\n      \"lastBootTime\": \"2015-07-30T16:42:31.3306882Z\",\r\n      \"allocationTime\": \"2015-07-30T16:38:17.4009205Z\",\r\n      \"ipAddress\": \"100.112.234.31\",\r\n      \"affinityId\": \"TVM:tvm-4155946844_1-20150730t163817z\",\r\n      \"vmSize\": \"small\",\r\n      \"totalTasksRun\": 11,\r\n      \"startTask\": {\r\n        \"commandLine\": \"cmd /c echo hello\",\r\n        \"runElevated\": false,\r\n        \"maxTaskRetryCount\": 0,\r\n        \"waitForSuccess\": false\r\n      },\r\n      \"startTaskInfo\": {\r\n        \"state\": \"completed\",\r\n        \"startTime\": \"2015-07-30T16:42:31.4856955Z\",\r\n        \"endTime\": \"2015-07-30T16:42:33.1103345Z\",\r\n        \"exitCode\": 0,\r\n        \"retryCount\": 0\r\n      }\r\n    },\r\n    {\r\n      \"id\": \"tvm-4155946844_2-20150730t163817z\",\r\n      \"url\": \"https://pstests.eastus.batch.azure.com/pools/testPool/nodes/tvm-4155946844_2-20150730t163817z\",\r\n      \"state\": \"idle\",\r\n      \"stateTransitionTime\": \"2015-07-30T16:42:01.126861Z\",\r\n      \"lastBootTime\": \"2015-07-30T16:42:01.0268576Z\",\r\n      \"allocationTime\": \"2015-07-30T16:38:17.4009205Z\",\r\n      \"ipAddress\": \"100.112.172.110\",\r\n      \"affinityId\": \"TVM:tvm-4155946844_2-20150730t163817z\",\r\n      \"vmSize\": \"small\",\r\n      \"totalTasksRun\": 3,\r\n      \"startTask\": {\r\n        \"commandLine\": \"cmd /c echo hello\",\r\n        \"runElevated\": false,\r\n        \"maxTaskRetryCount\": 0,\r\n        \"waitForSuccess\": false\r\n      },\r\n      \"startTaskInfo\": {\r\n        \"state\": \"completed\",\r\n        \"startTime\": \"2015-07-30T16:42:01.1718639Z\",\r\n        \"endTime\": \"2015-07-30T16:42:02.553915Z\",\r\n        \"exitCode\": 0,\r\n        \"retryCount\": 0\r\n      }\r\n    },\r\n    {\r\n      \"id\": \"tvm-4155946844_3-20150730t163817z\",\r\n      \"url\": \"https://pstests.eastus.batch.azure.com/pools/testPool/nodes/tvm-4155946844_3-20150730t163817z\",\r\n      \"state\": \"idle\",\r\n      \"stateTransitionTime\": \"2015-07-30T16:42:43.5934055Z\",\r\n      \"lastBootTime\": \"2015-07-30T16:42:43.4594048Z\",\r\n      \"allocationTime\": \"2015-07-30T16:38:17.4009205Z\",\r\n      \"ipAddress\": \"100.112.168.95\",\r\n      \"affinityId\": \"TVM:tvm-4155946844_3-20150730t163817z\",\r\n      \"vmSize\": \"small\",\r\n      \"totalTasksRun\": 3,\r\n      \"startTask\": {\r\n        \"commandLine\": \"cmd /c echo hello\",\r\n        \"runElevated\": false,\r\n        \"maxTaskRetryCount\": 0,\r\n        \"waitForSuccess\": false\r\n      },\r\n      \"startTaskInfo\": {\r\n        \"state\": \"completed\",\r\n        \"startTime\": \"2015-07-30T16:42:43.6314061Z\",\r\n        \"endTime\": \"2015-07-30T16:42:45.1414143Z\",\r\n        \"exitCode\": 0,\r\n        \"retryCount\": 0\r\n      }\r\n    }\r\n  ]\r\n}",
      "ResponseHeaders": {
        "Content-Type": [
          "application/json; odata=minimalmetadata"
        ],
        "Transfer-Encoding": [
          "chunked"
        ],
        "request-id": [
          "ce2af45d-1201-4a37-8583-d26fa92bc4db"
        ],
        "Strict-Transport-Security": [
          "max-age=31536000; includeSubDomains"
        ],
        "client-request-id": [
          "d2b428ad-ac35-443f-8a1f-91ffa281f8a8"
        ],
        "DataServiceVersion": [
          "3.0"
        ],
        "Date": [
          "Thu, 30 Jul 2015 17:09:18 GMT"
        ],
        "Server": [
          "Microsoft-HTTPAPI/2.0"
        ]
      },
      "StatusCode": 200
    },
    {
      "RequestUri": "/pools/testPool/nodes?$filter=state%20eq%20'idle'&api-version=2015-06-01.2.0&timeout=30",
      "EncodedRequestUri": "L3Bvb2xzL3Rlc3RQb29sL25vZGVzPyRmaWx0ZXI9c3RhdGUlMjBlcSUyMCUyN2lkbGUlMjcmYXBpLXZlcnNpb249MjAxNS0wNi0wMS4yLjAmdGltZW91dD0zMA==",
      "RequestMethod": "GET",
      "RequestBody": "",
      "RequestHeaders": {
        "client-request-id": [
          "d2b428ad-ac35-443f-8a1f-91ffa281f8a8"
        ],
        "ocp-date": [
          "Thu, 30 Jul 2015 17:09:19 GMT"
        ],
        "return-client-request-id": [
          "true"
        ],
        "User-Agent": [
          "Microsoft.Azure.Batch.Protocol.BatchRestClient/2.0.1.0",
          "AzBatch/2.0.1.0"
        ]
      },
      "ResponseBody": "{\r\n  \"odata.metadata\": \"https://pstests.eastus.batch.azure.com/$metadata#nodes\",\r\n  \"value\": [\r\n    {\r\n      \"id\": \"tvm-4155946844_1-20150730t163817z\",\r\n      \"url\": \"https://pstests.eastus.batch.azure.com/pools/testPool/nodes/tvm-4155946844_1-20150730t163817z\",\r\n      \"state\": \"idle\",\r\n      \"stateTransitionTime\": \"2015-07-30T16:42:31.4316915Z\",\r\n      \"lastBootTime\": \"2015-07-30T16:42:31.3306882Z\",\r\n      \"allocationTime\": \"2015-07-30T16:38:17.4009205Z\",\r\n      \"ipAddress\": \"100.112.234.31\",\r\n      \"affinityId\": \"TVM:tvm-4155946844_1-20150730t163817z\",\r\n      \"vmSize\": \"small\",\r\n      \"totalTasksRun\": 11,\r\n      \"startTask\": {\r\n        \"commandLine\": \"cmd /c echo hello\",\r\n        \"runElevated\": false,\r\n        \"maxTaskRetryCount\": 0,\r\n        \"waitForSuccess\": false\r\n      },\r\n      \"startTaskInfo\": {\r\n        \"state\": \"completed\",\r\n        \"startTime\": \"2015-07-30T16:42:31.4856955Z\",\r\n        \"endTime\": \"2015-07-30T16:42:33.1103345Z\",\r\n        \"exitCode\": 0,\r\n        \"retryCount\": 0\r\n      }\r\n    },\r\n    {\r\n      \"id\": \"tvm-4155946844_2-20150730t163817z\",\r\n      \"url\": \"https://pstests.eastus.batch.azure.com/pools/testPool/nodes/tvm-4155946844_2-20150730t163817z\",\r\n      \"state\": \"idle\",\r\n      \"stateTransitionTime\": \"2015-07-30T16:42:01.126861Z\",\r\n      \"lastBootTime\": \"2015-07-30T16:42:01.0268576Z\",\r\n      \"allocationTime\": \"2015-07-30T16:38:17.4009205Z\",\r\n      \"ipAddress\": \"100.112.172.110\",\r\n      \"affinityId\": \"TVM:tvm-4155946844_2-20150730t163817z\",\r\n      \"vmSize\": \"small\",\r\n      \"totalTasksRun\": 3,\r\n      \"startTask\": {\r\n        \"commandLine\": \"cmd /c echo hello\",\r\n        \"runElevated\": false,\r\n        \"maxTaskRetryCount\": 0,\r\n        \"waitForSuccess\": false\r\n      },\r\n      \"startTaskInfo\": {\r\n        \"state\": \"completed\",\r\n        \"startTime\": \"2015-07-30T16:42:01.1718639Z\",\r\n        \"endTime\": \"2015-07-30T16:42:02.553915Z\",\r\n        \"exitCode\": 0,\r\n        \"retryCount\": 0\r\n      }\r\n    },\r\n    {\r\n      \"id\": \"tvm-4155946844_3-20150730t163817z\",\r\n      \"url\": \"https://pstests.eastus.batch.azure.com/pools/testPool/nodes/tvm-4155946844_3-20150730t163817z\",\r\n      \"state\": \"idle\",\r\n      \"stateTransitionTime\": \"2015-07-30T16:42:43.5934055Z\",\r\n      \"lastBootTime\": \"2015-07-30T16:42:43.4594048Z\",\r\n      \"allocationTime\": \"2015-07-30T16:38:17.4009205Z\",\r\n      \"ipAddress\": \"100.112.168.95\",\r\n      \"affinityId\": \"TVM:tvm-4155946844_3-20150730t163817z\",\r\n      \"vmSize\": \"small\",\r\n      \"totalTasksRun\": 3,\r\n      \"startTask\": {\r\n        \"commandLine\": \"cmd /c echo hello\",\r\n        \"runElevated\": false,\r\n        \"maxTaskRetryCount\": 0,\r\n        \"waitForSuccess\": false\r\n      },\r\n      \"startTaskInfo\": {\r\n        \"state\": \"completed\",\r\n        \"startTime\": \"2015-07-30T16:42:43.6314061Z\",\r\n        \"endTime\": \"2015-07-30T16:42:45.1414143Z\",\r\n        \"exitCode\": 0,\r\n        \"retryCount\": 0\r\n      }\r\n    }\r\n  ]\r\n}",
      "ResponseHeaders": {
        "Content-Type": [
          "application/json; odata=minimalmetadata"
        ],
        "Transfer-Encoding": [
          "chunked"
        ],
        "request-id": [
          "ce2af45d-1201-4a37-8583-d26fa92bc4db"
        ],
        "Strict-Transport-Security": [
          "max-age=31536000; includeSubDomains"
        ],
        "client-request-id": [
          "d2b428ad-ac35-443f-8a1f-91ffa281f8a8"
        ],
        "DataServiceVersion": [
          "3.0"
        ],
        "Date": [
          "Thu, 30 Jul 2015 17:09:18 GMT"
        ],
        "Server": [
          "Microsoft-HTTPAPI/2.0"
        ]
      },
      "StatusCode": 200
    },
    {
      "RequestUri": "/pools/testPool/nodes?$filter=state%20eq%20'idle'&api-version=2015-06-01.2.0&timeout=30",
      "EncodedRequestUri": "L3Bvb2xzL3Rlc3RQb29sL25vZGVzPyRmaWx0ZXI9c3RhdGUlMjBlcSUyMCUyN2lkbGUlMjcmYXBpLXZlcnNpb249MjAxNS0wNi0wMS4yLjAmdGltZW91dD0zMA==",
      "RequestMethod": "GET",
      "RequestBody": "",
      "RequestHeaders": {
        "client-request-id": [
          "d2b428ad-ac35-443f-8a1f-91ffa281f8a8"
        ],
        "ocp-date": [
          "Thu, 30 Jul 2015 17:09:19 GMT"
        ],
        "return-client-request-id": [
          "true"
        ],
        "User-Agent": [
          "Microsoft.Azure.Batch.Protocol.BatchRestClient/2.0.1.0",
          "AzBatch/2.0.1.0"
        ]
      },
      "ResponseBody": "{\r\n  \"odata.metadata\": \"https://pstests.eastus.batch.azure.com/$metadata#nodes\",\r\n  \"value\": [\r\n    {\r\n      \"id\": \"tvm-4155946844_1-20150730t163817z\",\r\n      \"url\": \"https://pstests.eastus.batch.azure.com/pools/testPool/nodes/tvm-4155946844_1-20150730t163817z\",\r\n      \"state\": \"idle\",\r\n      \"stateTransitionTime\": \"2015-07-30T16:42:31.4316915Z\",\r\n      \"lastBootTime\": \"2015-07-30T16:42:31.3306882Z\",\r\n      \"allocationTime\": \"2015-07-30T16:38:17.4009205Z\",\r\n      \"ipAddress\": \"100.112.234.31\",\r\n      \"affinityId\": \"TVM:tvm-4155946844_1-20150730t163817z\",\r\n      \"vmSize\": \"small\",\r\n      \"totalTasksRun\": 11,\r\n      \"startTask\": {\r\n        \"commandLine\": \"cmd /c echo hello\",\r\n        \"runElevated\": false,\r\n        \"maxTaskRetryCount\": 0,\r\n        \"waitForSuccess\": false\r\n      },\r\n      \"startTaskInfo\": {\r\n        \"state\": \"completed\",\r\n        \"startTime\": \"2015-07-30T16:42:31.4856955Z\",\r\n        \"endTime\": \"2015-07-30T16:42:33.1103345Z\",\r\n        \"exitCode\": 0,\r\n        \"retryCount\": 0\r\n      }\r\n    },\r\n    {\r\n      \"id\": \"tvm-4155946844_2-20150730t163817z\",\r\n      \"url\": \"https://pstests.eastus.batch.azure.com/pools/testPool/nodes/tvm-4155946844_2-20150730t163817z\",\r\n      \"state\": \"idle\",\r\n      \"stateTransitionTime\": \"2015-07-30T16:42:01.126861Z\",\r\n      \"lastBootTime\": \"2015-07-30T16:42:01.0268576Z\",\r\n      \"allocationTime\": \"2015-07-30T16:38:17.4009205Z\",\r\n      \"ipAddress\": \"100.112.172.110\",\r\n      \"affinityId\": \"TVM:tvm-4155946844_2-20150730t163817z\",\r\n      \"vmSize\": \"small\",\r\n      \"totalTasksRun\": 3,\r\n      \"startTask\": {\r\n        \"commandLine\": \"cmd /c echo hello\",\r\n        \"runElevated\": false,\r\n        \"maxTaskRetryCount\": 0,\r\n        \"waitForSuccess\": false\r\n      },\r\n      \"startTaskInfo\": {\r\n        \"state\": \"completed\",\r\n        \"startTime\": \"2015-07-30T16:42:01.1718639Z\",\r\n        \"endTime\": \"2015-07-30T16:42:02.553915Z\",\r\n        \"exitCode\": 0,\r\n        \"retryCount\": 0\r\n      }\r\n    },\r\n    {\r\n      \"id\": \"tvm-4155946844_3-20150730t163817z\",\r\n      \"url\": \"https://pstests.eastus.batch.azure.com/pools/testPool/nodes/tvm-4155946844_3-20150730t163817z\",\r\n      \"state\": \"idle\",\r\n      \"stateTransitionTime\": \"2015-07-30T16:42:43.5934055Z\",\r\n      \"lastBootTime\": \"2015-07-30T16:42:43.4594048Z\",\r\n      \"allocationTime\": \"2015-07-30T16:38:17.4009205Z\",\r\n      \"ipAddress\": \"100.112.168.95\",\r\n      \"affinityId\": \"TVM:tvm-4155946844_3-20150730t163817z\",\r\n      \"vmSize\": \"small\",\r\n      \"totalTasksRun\": 3,\r\n      \"startTask\": {\r\n        \"commandLine\": \"cmd /c echo hello\",\r\n        \"runElevated\": false,\r\n        \"maxTaskRetryCount\": 0,\r\n        \"waitForSuccess\": false\r\n      },\r\n      \"startTaskInfo\": {\r\n        \"state\": \"completed\",\r\n        \"startTime\": \"2015-07-30T16:42:43.6314061Z\",\r\n        \"endTime\": \"2015-07-30T16:42:45.1414143Z\",\r\n        \"exitCode\": 0,\r\n        \"retryCount\": 0\r\n      }\r\n    }\r\n  ]\r\n}",
      "ResponseHeaders": {
        "Content-Type": [
          "application/json; odata=minimalmetadata"
        ],
        "Transfer-Encoding": [
          "chunked"
        ],
        "request-id": [
          "ce2af45d-1201-4a37-8583-d26fa92bc4db"
        ],
        "Strict-Transport-Security": [
          "max-age=31536000; includeSubDomains"
        ],
        "client-request-id": [
          "d2b428ad-ac35-443f-8a1f-91ffa281f8a8"
        ],
        "DataServiceVersion": [
          "3.0"
        ],
        "Date": [
          "Thu, 30 Jul 2015 17:09:18 GMT"
        ],
        "Server": [
          "Microsoft-HTTPAPI/2.0"
        ]
      },
      "StatusCode": 200
    }
  ],
  "Names": {},
  "Variables": {
    "SubscriptionId": "6368ed38-3570-481f-b4fa-1d0a6e8d3f3b"
  }
}