{
  "Entries": [
    {
      "RequestUri": "/subscriptions/52bae96a-3806-426c-a5dc-1ae6016b5f15/resourcegroups/ps1737?api-version=2016-09-01",
      "EncodedRequestUri": "L3N1YnNjcmlwdGlvbnMvNTJiYWU5NmEtMzgwNi00MjZjLWE1ZGMtMWFlNjAxNmI1ZjE1L3Jlc291cmNlZ3JvdXBzL3BzMTczNz9hcGktdmVyc2lvbj0yMDE2LTA5LTAx",
      "RequestMethod": "PUT",
      "RequestBody": "{\r\n  \"location\": \"West US\"\r\n}",
      "RequestHeaders": {
        "x-ms-client-request-id": [
          "e4e9edf7-1f72-4df5-804c-efe344d4dbb3"
        ],
        "Accept-Language": [
          "en-US"
        ],
        "User-Agent": [
          "FxVersion/4.700.21.56803",
          "OSName/Windows",
          "OSVersion/Microsoft.Windows.10.0.22000",
          "Microsoft.Azure.Management.Internal.Resources.ResourceManagementClient/1.3.54"
        ],
        "Content-Type": [
          "application/json; charset=utf-8"
        ],
        "Content-Length": [
          "29"
        ]
      },
      "ResponseHeaders": {
        "Cache-Control": [
          "no-cache"
        ],
        "Pragma": [
          "no-cache"
        ],
        "x-ms-ratelimit-remaining-subscription-writes": [
          "1199"
        ],
        "x-ms-request-id": [
          "793ea759-a16e-4aaa-9126-dde7df3594c6"
        ],
        "x-ms-correlation-request-id": [
          "793ea759-a16e-4aaa-9126-dde7df3594c6"
        ],
        "x-ms-routing-request-id": [
          "SOUTHINDIA:20220120T120838Z:793ea759-a16e-4aaa-9126-dde7df3594c6"
        ],
        "Strict-Transport-Security": [
          "max-age=31536000; includeSubDomains"
        ],
        "X-Content-Type-Options": [
          "nosniff"
        ],
        "Date": [
          "Thu, 20 Jan 2022 12:08:38 GMT"
        ],
        "Content-Length": [
          "165"
        ],
        "Content-Type": [
          "application/json; charset=utf-8"
        ],
        "Expires": [
          "-1"
        ]
      },
      "ResponseBody": "{\r\n  \"id\": \"/subscriptions/52bae96a-3806-426c-a5dc-1ae6016b5f15/resourceGroups/ps1737\",\r\n  \"name\": \"ps1737\",\r\n  \"location\": \"westus\",\r\n  \"properties\": {\r\n    \"provisioningState\": \"Succeeded\"\r\n  }\r\n}",
      "StatusCode": 201
    },
    {
      "RequestUri": "/subscriptions/52bae96a-3806-426c-a5dc-1ae6016b5f15/resourceGroups/ps1737/providers/Microsoft.Network/trafficmanagerprofiles/ps6476?api-version=2018-08-01",
      "EncodedRequestUri": "L3N1YnNjcmlwdGlvbnMvNTJiYWU5NmEtMzgwNi00MjZjLWE1ZGMtMWFlNjAxNmI1ZjE1L3Jlc291cmNlR3JvdXBzL3BzMTczNy9wcm92aWRlcnMvTWljcm9zb2Z0Lk5ldHdvcmsvdHJhZmZpY21hbmFnZXJwcm9maWxlcy9wczY0NzY/YXBpLXZlcnNpb249MjAxOC0wOC0wMQ==",
      "RequestMethod": "GET",
      "RequestBody": "",
      "RequestHeaders": {
        "x-ms-client-request-id": [
          "715f35f0-4842-43a0-bcf2-20aab88280d7"
        ],
        "Accept-Language": [
          "en-US"
        ],
        "User-Agent": [
          "FxVersion/4.700.21.56803",
          "OSName/Windows",
          "OSVersion/Microsoft.Windows.10.0.22000",
          "Microsoft.Azure.Management.TrafficManager.TrafficManagerManagementClient/2.5.4.0"
        ]
      },
      "ResponseHeaders": {
        "Cache-Control": [
          "no-cache"
        ],
        "Pragma": [
          "no-cache"
        ],
        "x-ms-failure-cause": [
          "gateway"
        ],
        "x-ms-request-id": [
          "bc4418aa-7d48-4490-83a8-bac09589e999"
        ],
        "x-ms-correlation-request-id": [
          "bc4418aa-7d48-4490-83a8-bac09589e999"
        ],
        "x-ms-routing-request-id": [
          "SOUTHINDIA:20220120T120840Z:bc4418aa-7d48-4490-83a8-bac09589e999"
        ],
        "Strict-Transport-Security": [
          "max-age=31536000; includeSubDomains"
        ],
        "X-Content-Type-Options": [
          "nosniff"
        ],
        "Date": [
          "Thu, 20 Jan 2022 12:08:39 GMT"
        ],
        "Content-Type": [
          "application/json; charset=utf-8"
        ],
        "Expires": [
          "-1"
        ],
        "Content-Length": [
          "225"
        ]
      },
      "ResponseBody": "{\r\n  \"error\": {\r\n    \"code\": \"ResourceNotFound\",\r\n    \"message\": \"The Resource 'Microsoft.Network/trafficmanagerprofiles/ps6476' under resource group 'ps1737' was not found. For more details please go to https://aka.ms/ARMResourceNotFoundFix\"\r\n  }\r\n}",
      "StatusCode": 404
    },
    {
      "RequestUri": "/subscriptions/52bae96a-3806-426c-a5dc-1ae6016b5f15/resourceGroups/ps1737/providers/Microsoft.Network/trafficmanagerprofiles/ps6476?api-version=2018-08-01",
      "EncodedRequestUri": "L3N1YnNjcmlwdGlvbnMvNTJiYWU5NmEtMzgwNi00MjZjLWE1ZGMtMWFlNjAxNmI1ZjE1L3Jlc291cmNlR3JvdXBzL3BzMTczNy9wcm92aWRlcnMvTWljcm9zb2Z0Lk5ldHdvcmsvdHJhZmZpY21hbmFnZXJwcm9maWxlcy9wczY0NzY/YXBpLXZlcnNpb249MjAxOC0wOC0wMQ==",
      "RequestMethod": "GET",
      "RequestBody": "",
      "RequestHeaders": {
        "x-ms-client-request-id": [
          "b61ee44e-74ee-4498-ba78-6e59b4365b0f"
        ],
        "Accept-Language": [
          "en-US"
        ],
        "User-Agent": [
          "FxVersion/4.700.21.56803",
          "OSName/Windows",
          "OSVersion/Microsoft.Windows.10.0.22000",
          "Microsoft.Azure.Management.TrafficManager.TrafficManagerManagementClient/2.5.4.0"
        ]
      },
      "ResponseHeaders": {
        "Cache-Control": [
          "private"
        ],
        "X-Content-Type-Options": [
          "nosniff"
        ],
        "Strict-Transport-Security": [
          "max-age=31536000; includeSubDomains"
        ],
        "x-ms-request-id": [
          "b61ee44e-74ee-4498-ba78-6e59b4365b0f"
        ],
        "Server": [
          "Microsoft-IIS/10.0"
        ],
        "X-AspNet-Version": [
          "4.0.30319"
        ],
        "X-Powered-By": [
          "ASP.NET"
        ],
        "x-ms-ratelimit-remaining-subscription-resource-requests": [
          "10798"
        ],
        "x-ms-correlation-request-id": [
          "a763ba28-8e2e-4cd7-8d38-5c52304dd883"
        ],
        "x-ms-routing-request-id": [
          "SOUTHINDIA:20220120T120848Z:a763ba28-8e2e-4cd7-8d38-5c52304dd883"
        ],
        "Date": [
          "Thu, 20 Jan 2022 12:08:47 GMT"
        ],
        "Content-Length": [
          "654"
        ],
        "Content-Type": [
          "application/json; charset=utf-8"
        ]
      },
      "ResponseBody": "{\r\n  \"id\": \"/subscriptions/52bae96a-3806-426c-a5dc-1ae6016b5f15/resourceGroups/ps1737/providers/Microsoft.Network/trafficManagerProfiles/ps6476\",\r\n  \"name\": \"ps6476\",\r\n  \"type\": \"Microsoft.Network/trafficManagerProfiles\",\r\n  \"location\": \"global\",\r\n  \"tags\": {},\r\n  \"properties\": {\r\n    \"profileStatus\": \"Enabled\",\r\n    \"trafficRoutingMethod\": \"Weighted\",\r\n    \"dnsConfig\": {\r\n      \"relativeName\": \"ps1752\",\r\n      \"fqdn\": \"ps1752.trafficmanager.net\",\r\n      \"ttl\": 30\r\n    },\r\n    \"monitorConfig\": {\r\n      \"profileMonitorStatus\": \"Inactive\",\r\n      \"protocol\": \"HTTP\",\r\n      \"port\": 80,\r\n      \"path\": \"/testpath.asp\",\r\n      \"intervalInSeconds\": 30,\r\n      \"toleratedNumberOfFailures\": 3,\r\n      \"timeoutInSeconds\": 10\r\n    },\r\n    \"endpoints\": [],\r\n    \"trafficViewEnrollmentStatus\": \"Disabled\",\r\n    \"maxReturn\": null\r\n  }\r\n}",
      "StatusCode": 200
    },
    {
      "RequestUri": "/subscriptions/52bae96a-3806-426c-a5dc-1ae6016b5f15/resourceGroups/ps1737/providers/Microsoft.Network/trafficmanagerprofiles/ps6476?api-version=2018-08-01",
      "EncodedRequestUri": "L3N1YnNjcmlwdGlvbnMvNTJiYWU5NmEtMzgwNi00MjZjLWE1ZGMtMWFlNjAxNmI1ZjE1L3Jlc291cmNlR3JvdXBzL3BzMTczNy9wcm92aWRlcnMvTWljcm9zb2Z0Lk5ldHdvcmsvdHJhZmZpY21hbmFnZXJwcm9maWxlcy9wczY0NzY/YXBpLXZlcnNpb249MjAxOC0wOC0wMQ==",
      "RequestMethod": "PUT",
      "RequestBody": "{\r\n  \"properties\": {\r\n    \"profileStatus\": \"Enabled\",\r\n    \"trafficRoutingMethod\": \"Weighted\",\r\n    \"dnsConfig\": {\r\n      \"relativeName\": \"ps1752\",\r\n      \"ttl\": 30\r\n    },\r\n    \"monitorConfig\": {\r\n      \"protocol\": \"HTTP\",\r\n      \"port\": 80,\r\n      \"path\": \"/testpath.asp\"\r\n    }\r\n  },\r\n  \"location\": \"global\",\r\n  \"name\": \"ps6476\"\r\n}",
      "RequestHeaders": {
        "x-ms-client-request-id": [
          "715f35f0-4842-43a0-bcf2-20aab88280d7"
        ],
        "Accept-Language": [
          "en-US"
        ],
        "User-Agent": [
          "FxVersion/4.700.21.56803",
          "OSName/Windows",
          "OSVersion/Microsoft.Windows.10.0.22000",
          "Microsoft.Azure.Management.TrafficManager.TrafficManagerManagementClient/2.5.4.0"
        ],
        "Content-Type": [
          "application/json; charset=utf-8"
        ],
        "Content-Length": [
          "334"
        ]
      },
      "ResponseHeaders": {
        "Cache-Control": [
          "private"
        ],
        "X-Content-Type-Options": [
          "nosniff"
        ],
        "Strict-Transport-Security": [
          "max-age=31536000; includeSubDomains"
        ],
        "x-ms-request-id": [
          "715f35f0-4842-43a0-bcf2-20aab88280d7"
        ],
        "Server": [
          "Microsoft-IIS/10.0"
        ],
        "X-AspNet-Version": [
          "4.0.30319"
        ],
        "X-Powered-By": [
          "ASP.NET"
        ],
        "x-ms-ratelimit-remaining-subscription-resource-requests": [
          "10799"
        ],
        "x-ms-correlation-request-id": [
          "a3ff7047-2d4a-4b0e-a4c9-a23a6f99357f"
        ],
        "x-ms-routing-request-id": [
          "SOUTHINDIA:20220120T120847Z:a3ff7047-2d4a-4b0e-a4c9-a23a6f99357f"
        ],
        "Date": [
          "Thu, 20 Jan 2022 12:08:47 GMT"
        ],
        "Content-Length": [
          "644"
        ],
        "Content-Type": [
          "application/json; charset=utf-8"
        ]
      },
      "ResponseBody": "{\r\n  \"id\": \"/subscriptions/52bae96a-3806-426c-a5dc-1ae6016b5f15/resourceGroups/ps1737/providers/Microsoft.Network/trafficManagerProfiles/ps6476\",\r\n  \"name\": \"ps6476\",\r\n  \"type\": \"Microsoft.Network/trafficManagerProfiles\",\r\n  \"location\": \"global\",\r\n  \"properties\": {\r\n    \"profileStatus\": \"Enabled\",\r\n    \"trafficRoutingMethod\": \"Weighted\",\r\n    \"dnsConfig\": {\r\n      \"relativeName\": \"ps1752\",\r\n      \"fqdn\": \"ps1752.trafficmanager.net\",\r\n      \"ttl\": 30\r\n    },\r\n    \"monitorConfig\": {\r\n      \"profileMonitorStatus\": \"Inactive\",\r\n      \"protocol\": \"HTTP\",\r\n      \"port\": 80,\r\n      \"path\": \"/testpath.asp\",\r\n      \"intervalInSeconds\": 30,\r\n      \"toleratedNumberOfFailures\": 3,\r\n      \"timeoutInSeconds\": 10\r\n    },\r\n    \"endpoints\": [],\r\n    \"trafficViewEnrollmentStatus\": \"Disabled\",\r\n    \"maxReturn\": null\r\n  }\r\n}",
      "StatusCode": 201
    },
    {
      "RequestUri": "/subscriptions/52bae96a-3806-426c-a5dc-1ae6016b5f15/resourceGroups/ps1737/providers/Microsoft.Network/trafficmanagerprofiles/ps6476?api-version=2018-08-01",
      "EncodedRequestUri": "L3N1YnNjcmlwdGlvbnMvNTJiYWU5NmEtMzgwNi00MjZjLWE1ZGMtMWFlNjAxNmI1ZjE1L3Jlc291cmNlR3JvdXBzL3BzMTczNy9wcm92aWRlcnMvTWljcm9zb2Z0Lk5ldHdvcmsvdHJhZmZpY21hbmFnZXJwcm9maWxlcy9wczY0NzY/YXBpLXZlcnNpb249MjAxOC0wOC0wMQ==",
      "RequestMethod": "DELETE",
      "RequestBody": "",
      "RequestHeaders": {
        "x-ms-client-request-id": [
          "9b54c613-0a0e-4caf-b24e-d06ffc38ad40"
        ],
        "Accept-Language": [
          "en-US"
        ],
        "User-Agent": [
          "FxVersion/4.700.21.56803",
          "OSName/Windows",
          "OSVersion/Microsoft.Windows.10.0.22000",
          "Microsoft.Azure.Management.TrafficManager.TrafficManagerManagementClient/2.5.4.0"
        ]
      },
      "ResponseHeaders": {
        "Cache-Control": [
          "private"
        ],
        "X-Content-Type-Options": [
          "nosniff"
        ],
        "Strict-Transport-Security": [
          "max-age=31536000; includeSubDomains"
        ],
        "x-ms-request-id": [
          "9b54c613-0a0e-4caf-b24e-d06ffc38ad40"
        ],
        "Server": [
          "Microsoft-IIS/10.0"
        ],
        "X-AspNet-Version": [
          "4.0.30319"
        ],
        "X-Powered-By": [
          "ASP.NET"
        ],
        "x-ms-ratelimit-remaining-subscription-resource-requests": [
          "10799"
        ],
        "x-ms-correlation-request-id": [
          "dc9df657-eceb-46e7-a350-999d97511976"
        ],
        "x-ms-routing-request-id": [
          "SOUTHINDIA:20220120T120855Z:dc9df657-eceb-46e7-a350-999d97511976"
        ],
        "Date": [
          "Thu, 20 Jan 2022 12:08:54 GMT"
        ],
        "Content-Length": [
          "0"
        ]
      },
      "ResponseBody": "",
      "StatusCode": 200
    },
    {
      "RequestUri": "/subscriptions/52bae96a-3806-426c-a5dc-1ae6016b5f15/resourcegroups/ps1737?api-version=2016-09-01",
      "EncodedRequestUri": "L3N1YnNjcmlwdGlvbnMvNTJiYWU5NmEtMzgwNi00MjZjLWE1ZGMtMWFlNjAxNmI1ZjE1L3Jlc291cmNlZ3JvdXBzL3BzMTczNz9hcGktdmVyc2lvbj0yMDE2LTA5LTAx",
      "RequestMethod": "DELETE",
      "RequestBody": "",
      "RequestHeaders": {
        "x-ms-client-request-id": [
          "f5a5510a-c004-4da9-bb59-db5a01cbc9ed"
        ],
        "Accept-Language": [
          "en-US"
        ],
        "User-Agent": [
          "FxVersion/4.700.21.56803",
          "OSName/Windows",
          "OSVersion/Microsoft.Windows.10.0.22000",
          "Microsoft.Azure.Management.Internal.Resources.ResourceManagementClient/1.3.54"
        ]
      },
      "ResponseHeaders": {
        "Cache-Control": [
          "no-cache"
        ],
        "Pragma": [
          "no-cache"
        ],
        "Location": [
          "https://management.azure.com/subscriptions/52bae96a-3806-426c-a5dc-1ae6016b5f15/operationresults/eyJqb2JJZCI6IlJFU09VUkNFR1JPVVBERUxFVElPTkpPQi1QUzE3MzctV0VTVFVTIiwiam9iTG9jYXRpb24iOiJ3ZXN0dXMifQ?api-version=2016-09-01"
        ],
        "Retry-After": [
          "15"
        ],
        "x-ms-ratelimit-remaining-subscription-deletes": [
          "14998"
        ],
        "x-ms-request-id": [
          "448fd468-101e-4f81-96cd-f6df0eef4347"
        ],
        "x-ms-correlation-request-id": [
          "448fd468-101e-4f81-96cd-f6df0eef4347"
        ],
        "x-ms-routing-request-id": [
          "SOUTHINDIA:20220120T120858Z:448fd468-101e-4f81-96cd-f6df0eef4347"
        ],
        "Strict-Transport-Security": [
          "max-age=31536000; includeSubDomains"
        ],
        "X-Content-Type-Options": [
          "nosniff"
        ],
        "Date": [
          "Thu, 20 Jan 2022 12:08:57 GMT"
        ],
        "Expires": [
          "-1"
        ],
        "Content-Length": [
          "0"
        ]
      },
      "ResponseBody": "",
      "StatusCode": 202
    },
    {
      "RequestUri": "/subscriptions/52bae96a-3806-426c-a5dc-1ae6016b5f15/operationresults/eyJqb2JJZCI6IlJFU09VUkNFR1JPVVBERUxFVElPTkpPQi1QUzE3MzctV0VTVFVTIiwiam9iTG9jYXRpb24iOiJ3ZXN0dXMifQ?api-version=2016-09-01",
      "EncodedRequestUri": "L3N1YnNjcmlwdGlvbnMvNTJiYWU5NmEtMzgwNi00MjZjLWE1ZGMtMWFlNjAxNmI1ZjE1L29wZXJhdGlvbnJlc3VsdHMvZXlKcWIySkpaQ0k2SWxKRlUwOVZVa05GUjFKUFZWQkVSVXhGVkVsUFRrcFBRaTFRVXpFM016Y3RWMFZUVkZWVElpd2lhbTlpVEc5allYUnBiMjRpT2lKM1pYTjBkWE1pZlE/YXBpLXZlcnNpb249MjAxNi0wOS0wMQ==",
      "RequestMethod": "GET",
      "RequestBody": "",
      "RequestHeaders": {
        "User-Agent": [
          "FxVersion/4.700.21.56803",
          "OSName/Windows",
          "OSVersion/Microsoft.Windows.10.0.22000",
          "Microsoft.Azure.Management.Internal.Resources.ResourceManagementClient/1.3.54"
        ]
      },
      "ResponseHeaders": {
        "Cache-Control": [
          "no-cache"
        ],
        "Pragma": [
          "no-cache"
        ],
        "x-ms-ratelimit-remaining-subscription-reads": [
          "11999"
        ],
        "x-ms-request-id": [
          "a3debff5-c00f-439d-8ecc-ee423d15ab74"
        ],
        "x-ms-correlation-request-id": [
          "a3debff5-c00f-439d-8ecc-ee423d15ab74"
        ],
        "x-ms-routing-request-id": [
          "SOUTHINDIA:20220120T120913Z:a3debff5-c00f-439d-8ecc-ee423d15ab74"
        ],
        "Strict-Transport-Security": [
          "max-age=31536000; includeSubDomains"
        ],
        "X-Content-Type-Options": [
          "nosniff"
        ],
        "Date": [
          "Thu, 20 Jan 2022 12:09:13 GMT"
        ],
        "Expires": [
          "-1"
        ],
        "Content-Length": [
          "0"
        ]
      },
      "ResponseBody": "",
      "StatusCode": 200
    },
    {
      "RequestUri": "/subscriptions/52bae96a-3806-426c-a5dc-1ae6016b5f15/operationresults/eyJqb2JJZCI6IlJFU09VUkNFR1JPVVBERUxFVElPTkpPQi1QUzE3MzctV0VTVFVTIiwiam9iTG9jYXRpb24iOiJ3ZXN0dXMifQ?api-version=2016-09-01",
      "EncodedRequestUri": "L3N1YnNjcmlwdGlvbnMvNTJiYWU5NmEtMzgwNi00MjZjLWE1ZGMtMWFlNjAxNmI1ZjE1L29wZXJhdGlvbnJlc3VsdHMvZXlKcWIySkpaQ0k2SWxKRlUwOVZVa05GUjFKUFZWQkVSVXhGVkVsUFRrcFBRaTFRVXpFM016Y3RWMFZUVkZWVElpd2lhbTlpVEc5allYUnBiMjRpT2lKM1pYTjBkWE1pZlE/YXBpLXZlcnNpb249MjAxNi0wOS0wMQ==",
      "RequestMethod": "GET",
      "RequestBody": "",
      "RequestHeaders": {
        "User-Agent": [
          "FxVersion/4.700.21.56803",
          "OSName/Windows",
          "OSVersion/Microsoft.Windows.10.0.22000",
          "Microsoft.Azure.Management.Internal.Resources.ResourceManagementClient/1.3.54"
        ]
      },
      "ResponseHeaders": {
        "Cache-Control": [
          "no-cache"
        ],
        "Pragma": [
          "no-cache"
        ],
        "x-ms-ratelimit-remaining-subscription-reads": [
          "11998"
        ],
        "x-ms-request-id": [
          "ac293521-c7ea-45f4-a6a4-82f8018aa9d3"
        ],
        "x-ms-correlation-request-id": [
          "ac293521-c7ea-45f4-a6a4-82f8018aa9d3"
        ],
        "x-ms-routing-request-id": [
          "SOUTHINDIA:20220120T120914Z:ac293521-c7ea-45f4-a6a4-82f8018aa9d3"
        ],
        "Strict-Transport-Security": [
          "max-age=31536000; includeSubDomains"
        ],
        "X-Content-Type-Options": [
          "nosniff"
        ],
        "Date": [
          "Thu, 20 Jan 2022 12:09:14 GMT"
        ],
        "Expires": [
          "-1"
        ],
        "Content-Length": [
          "0"
        ]
      },
      "ResponseBody": "",
      "StatusCode": 200
    }
  ],
  "Names": {
    "Test-ProfileMonitorDefaults": [
      "ps6476",
      "ps1737",
      "ps1752"
    ]
  },
  "Variables": {
    "SubscriptionId": "52bae96a-3806-426c-a5dc-1ae6016b5f15"
  }
}