{
  "Entries": [
    {
      "RequestUri": "/subscriptions/52bae96a-3806-426c-a5dc-1ae6016b5f15/resourcegroups/ps7067?api-version=2016-09-01",
      "EncodedRequestUri": "L3N1YnNjcmlwdGlvbnMvNTJiYWU5NmEtMzgwNi00MjZjLWE1ZGMtMWFlNjAxNmI1ZjE1L3Jlc291cmNlZ3JvdXBzL3BzNzA2Nz9hcGktdmVyc2lvbj0yMDE2LTA5LTAx",
      "RequestMethod": "PUT",
      "RequestBody": "{\r\n  \"location\": \"West US\"\r\n}",
      "RequestHeaders": {
        "x-ms-client-request-id": [
          "5ebc64ba-0494-4ccd-8f88-8a2e7c7dcc1b"
        ],
        "Accept-Language": [
          "en-US"
        ],
        "User-Agent": [
          "FxVersion/4.700.21.56803",
          "OSName/Windows",
          "OSVersion/Microsoft.Windows.10.0.22000",
          "Microsoft.Azure.Management.Internal.Resources.ResourceManagementClient/1.3.54"
        ],
        "Content-Type": [
          "application/json; charset=utf-8"
        ],
        "Content-Length": [
          "29"
        ]
      },
      "ResponseHeaders": {
        "Cache-Control": [
          "no-cache"
        ],
        "Pragma": [
          "no-cache"
        ],
        "x-ms-ratelimit-remaining-subscription-writes": [
          "1198"
        ],
        "x-ms-request-id": [
          "b9aebf87-77ba-4e7c-b357-3a0353369dde"
        ],
        "x-ms-correlation-request-id": [
          "b9aebf87-77ba-4e7c-b357-3a0353369dde"
        ],
        "x-ms-routing-request-id": [
          "SOUTHINDIA:20220120T121621Z:b9aebf87-77ba-4e7c-b357-3a0353369dde"
        ],
        "Strict-Transport-Security": [
          "max-age=31536000; includeSubDomains"
        ],
        "X-Content-Type-Options": [
          "nosniff"
        ],
        "Date": [
          "Thu, 20 Jan 2022 12:16:20 GMT"
        ],
        "Content-Length": [
          "165"
        ],
        "Content-Type": [
          "application/json; charset=utf-8"
        ],
        "Expires": [
          "-1"
        ]
      },
      "ResponseBody": "{\r\n  \"id\": \"/subscriptions/52bae96a-3806-426c-a5dc-1ae6016b5f15/resourceGroups/ps7067\",\r\n  \"name\": \"ps7067\",\r\n  \"location\": \"westus\",\r\n  \"properties\": {\r\n    \"provisioningState\": \"Succeeded\"\r\n  }\r\n}",
      "StatusCode": 201
    },
    {
      "RequestUri": "/subscriptions/52bae96a-3806-426c-a5dc-1ae6016b5f15/resourceGroups/ps7067/providers/Microsoft.Network/trafficmanagerprofiles/ps7233?api-version=2018-08-01",
      "EncodedRequestUri": "L3N1YnNjcmlwdGlvbnMvNTJiYWU5NmEtMzgwNi00MjZjLWE1ZGMtMWFlNjAxNmI1ZjE1L3Jlc291cmNlR3JvdXBzL3BzNzA2Ny9wcm92aWRlcnMvTWljcm9zb2Z0Lk5ldHdvcmsvdHJhZmZpY21hbmFnZXJwcm9maWxlcy9wczcyMzM/YXBpLXZlcnNpb249MjAxOC0wOC0wMQ==",
      "RequestMethod": "PATCH",
      "RequestBody": "{\r\n  \"properties\": {\r\n    \"profileStatus\": \"Disabled\"\r\n  },\r\n  \"location\": \"global\",\r\n  \"name\": \"ps7233\",\r\n  \"type\": \"Microsoft.Network/trafficManagerProfiles\"\r\n}",
      "RequestHeaders": {
        "x-ms-client-request-id": [
          "ebb6a0cc-030c-4d0b-af1a-a7bd84ee11a7"
        ],
        "Accept-Language": [
          "en-US"
        ],
        "User-Agent": [
          "FxVersion/4.700.21.56803",
          "OSName/Windows",
          "OSVersion/Microsoft.Windows.10.0.22000",
          "Microsoft.Azure.Management.TrafficManager.TrafficManagerManagementClient/2.5.4.0"
        ],
        "Content-Type": [
          "application/json; charset=utf-8"
        ],
        "Content-Length": [
          "162"
        ]
      },
      "ResponseHeaders": {
        "Cache-Control": [
          "no-cache"
        ],
        "Pragma": [
          "no-cache"
        ],
        "x-ms-failure-cause": [
          "gateway"
        ],
        "x-ms-request-id": [
          "75734bac-8e21-4722-8dce-14385f008a0f"
        ],
        "x-ms-correlation-request-id": [
          "75734bac-8e21-4722-8dce-14385f008a0f"
        ],
        "x-ms-routing-request-id": [
          "SOUTHINDIA:20220120T121623Z:75734bac-8e21-4722-8dce-14385f008a0f"
        ],
        "Strict-Transport-Security": [
          "max-age=31536000; includeSubDomains"
        ],
        "X-Content-Type-Options": [
          "nosniff"
        ],
        "Date": [
          "Thu, 20 Jan 2022 12:16:23 GMT"
        ],
        "Content-Length": [
          "225"
        ],
        "Content-Type": [
          "application/json; charset=utf-8"
        ],
        "Expires": [
          "-1"
        ]
      },
      "ResponseBody": "{\r\n  \"error\": {\r\n    \"code\": \"ResourceNotFound\",\r\n    \"message\": \"The Resource 'Microsoft.Network/trafficmanagerprofiles/ps7233' under resource group 'ps7067' was not found. For more details please go to https://aka.ms/ARMResourceNotFoundFix\"\r\n  }\r\n}",
      "StatusCode": 404
    },
    {
      "RequestUri": "/subscriptions/52bae96a-3806-426c-a5dc-1ae6016b5f15/resourcegroups/ps7067?api-version=2016-09-01",
      "EncodedRequestUri": "L3N1YnNjcmlwdGlvbnMvNTJiYWU5NmEtMzgwNi00MjZjLWE1ZGMtMWFlNjAxNmI1ZjE1L3Jlc291cmNlZ3JvdXBzL3BzNzA2Nz9hcGktdmVyc2lvbj0yMDE2LTA5LTAx",
      "RequestMethod": "DELETE",
      "RequestBody": "",
      "RequestHeaders": {
        "x-ms-client-request-id": [
          "af2db2e9-f04e-46fc-9f25-06af3b41dd0f"
        ],
        "Accept-Language": [
          "en-US"
        ],
        "User-Agent": [
          "FxVersion/4.700.21.56803",
          "OSName/Windows",
          "OSVersion/Microsoft.Windows.10.0.22000",
          "Microsoft.Azure.Management.Internal.Resources.ResourceManagementClient/1.3.54"
        ]
      },
      "ResponseHeaders": {
        "Cache-Control": [
          "no-cache"
        ],
        "Pragma": [
          "no-cache"
        ],
        "Location": [
          "https://management.azure.com/subscriptions/52bae96a-3806-426c-a5dc-1ae6016b5f15/operationresults/eyJqb2JJZCI6IlJFU09VUkNFR1JPVVBERUxFVElPTkpPQi1QUzcwNjctV0VTVFVTIiwiam9iTG9jYXRpb24iOiJ3ZXN0dXMifQ?api-version=2016-09-01"
        ],
        "Retry-After": [
          "15"
        ],
        "x-ms-ratelimit-remaining-subscription-deletes": [
          "14997"
        ],
        "x-ms-request-id": [
          "271500e7-193f-48f2-ab73-da4fddcc0b19"
        ],
        "x-ms-correlation-request-id": [
          "271500e7-193f-48f2-ab73-da4fddcc0b19"
        ],
        "x-ms-routing-request-id": [
          "SOUTHINDIA:20220120T121628Z:271500e7-193f-48f2-ab73-da4fddcc0b19"
        ],
        "Strict-Transport-Security": [
          "max-age=31536000; includeSubDomains"
        ],
        "X-Content-Type-Options": [
          "nosniff"
        ],
        "Date": [
          "Thu, 20 Jan 2022 12:16:27 GMT"
        ],
        "Expires": [
          "-1"
        ],
        "Content-Length": [
          "0"
        ]
      },
      "ResponseBody": "",
      "StatusCode": 202
    },
    {
      "RequestUri": "/subscriptions/52bae96a-3806-426c-a5dc-1ae6016b5f15/operationresults/eyJqb2JJZCI6IlJFU09VUkNFR1JPVVBERUxFVElPTkpPQi1QUzcwNjctV0VTVFVTIiwiam9iTG9jYXRpb24iOiJ3ZXN0dXMifQ?api-version=2016-09-01",
      "EncodedRequestUri": "L3N1YnNjcmlwdGlvbnMvNTJiYWU5NmEtMzgwNi00MjZjLWE1ZGMtMWFlNjAxNmI1ZjE1L29wZXJhdGlvbnJlc3VsdHMvZXlKcWIySkpaQ0k2SWxKRlUwOVZVa05GUjFKUFZWQkVSVXhGVkVsUFRrcFBRaTFRVXpjd05qY3RWMFZUVkZWVElpd2lhbTlpVEc5allYUnBiMjRpT2lKM1pYTjBkWE1pZlE/YXBpLXZlcnNpb249MjAxNi0wOS0wMQ==",
      "RequestMethod": "GET",
      "RequestBody": "",
      "RequestHeaders": {
        "User-Agent": [
          "FxVersion/4.700.21.56803",
          "OSName/Windows",
          "OSVersion/Microsoft.Windows.10.0.22000",
          "Microsoft.Azure.Management.Internal.Resources.ResourceManagementClient/1.3.54"
        ]
      },
      "ResponseHeaders": {
        "Cache-Control": [
          "no-cache"
        ],
        "Pragma": [
          "no-cache"
        ],
        "x-ms-ratelimit-remaining-subscription-reads": [
          "11997"
        ],
        "x-ms-request-id": [
          "4b867f43-2194-4301-8e0d-390c3cc87d1f"
        ],
        "x-ms-correlation-request-id": [
          "4b867f43-2194-4301-8e0d-390c3cc87d1f"
        ],
        "x-ms-routing-request-id": [
          "SOUTHINDIA:20220120T121643Z:4b867f43-2194-4301-8e0d-390c3cc87d1f"
        ],
        "Strict-Transport-Security": [
          "max-age=31536000; includeSubDomains"
        ],
        "X-Content-Type-Options": [
          "nosniff"
        ],
        "Date": [
          "Thu, 20 Jan 2022 12:16:43 GMT"
        ],
        "Expires": [
          "-1"
        ],
        "Content-Length": [
          "0"
        ]
      },
      "ResponseBody": "",
      "StatusCode": 200
    },
    {
      "RequestUri": "/subscriptions/52bae96a-3806-426c-a5dc-1ae6016b5f15/operationresults/eyJqb2JJZCI6IlJFU09VUkNFR1JPVVBERUxFVElPTkpPQi1QUzcwNjctV0VTVFVTIiwiam9iTG9jYXRpb24iOiJ3ZXN0dXMifQ?api-version=2016-09-01",
      "EncodedRequestUri": "L3N1YnNjcmlwdGlvbnMvNTJiYWU5NmEtMzgwNi00MjZjLWE1ZGMtMWFlNjAxNmI1ZjE1L29wZXJhdGlvbnJlc3VsdHMvZXlKcWIySkpaQ0k2SWxKRlUwOVZVa05GUjFKUFZWQkVSVXhGVkVsUFRrcFBRaTFRVXpjd05qY3RWMFZUVkZWVElpd2lhbTlpVEc5allYUnBiMjRpT2lKM1pYTjBkWE1pZlE/YXBpLXZlcnNpb249MjAxNi0wOS0wMQ==",
      "RequestMethod": "GET",
      "RequestBody": "",
      "RequestHeaders": {
        "User-Agent": [
          "FxVersion/4.700.21.56803",
          "OSName/Windows",
          "OSVersion/Microsoft.Windows.10.0.22000",
          "Microsoft.Azure.Management.Internal.Resources.ResourceManagementClient/1.3.54"
        ]
      },
      "ResponseHeaders": {
        "Cache-Control": [
          "no-cache"
        ],
        "Pragma": [
          "no-cache"
        ],
        "x-ms-ratelimit-remaining-subscription-reads": [
          "11996"
        ],
        "x-ms-request-id": [
          "386b2cbf-b259-44e9-84bb-ed96de9824b0"
        ],
        "x-ms-correlation-request-id": [
          "386b2cbf-b259-44e9-84bb-ed96de9824b0"
        ],
        "x-ms-routing-request-id": [
          "SOUTHINDIA:20220120T121644Z:386b2cbf-b259-44e9-84bb-ed96de9824b0"
        ],
        "Strict-Transport-Security": [
          "max-age=31536000; includeSubDomains"
        ],
        "X-Content-Type-Options": [
          "nosniff"
        ],
        "Date": [
          "Thu, 20 Jan 2022 12:16:43 GMT"
        ],
        "Expires": [
          "-1"
        ],
        "Content-Length": [
          "0"
        ]
      },
      "ResponseBody": "",
      "StatusCode": 200
    }
  ],
  "Names": {
    "Test-ProfileDisableNonExisting": [
      "ps7233",
      "ps7067"
    ]
  },
  "Variables": {
    "SubscriptionId": "52bae96a-3806-426c-a5dc-1ae6016b5f15"
  }
}