{
  "Entries": [
    {
      "RequestUri": "/subscriptions/6bb9d374-1f0d-437e-8bbe-4bc892850065/resourcegroups/ps8955?api-version=2016-09-01",
      "EncodedRequestUri": "L3N1YnNjcmlwdGlvbnMvNmJiOWQzNzQtMWYwZC00MzdlLThiYmUtNGJjODkyODUwMDY1L3Jlc291cmNlZ3JvdXBzL3BzODk1NT9hcGktdmVyc2lvbj0yMDE2LTA5LTAx",
      "RequestMethod": "PUT",
      "RequestHeaders": {
        "x-ms-client-request-id": [
          "4ff49578-2b86-4dbc-b1c6-94282b077780"
        ],
        "Accept-Language": [
          "en-US"
        ],
        "User-Agent": [
          "FxVersion/4.700.22.51102",
          "OSName/Windows",
          "OSVersion/Microsoft.Windows.10.0.19045",
          "Microsoft.Azure.Management.Internal.Resources.ResourceManagementClient/1.3.67"
        ],
        "Content-Type": [
          "application/json; charset=utf-8"
        ],
        "Content-Length": [
          "29"
        ]
      },
      "RequestBody": "{\r\n  \"location\": \"West US\"\r\n}",
      "ResponseHeaders": {
        "Cache-Control": [
          "no-cache"
        ],
        "Pragma": [
          "no-cache"
        ],
        "x-ms-ratelimit-remaining-subscription-writes": [
          "1198"
        ],
        "x-ms-request-id": [
          "5524f504-9878-45a0-ae8e-061d28b09c5d"
        ],
        "x-ms-correlation-request-id": [
          "5524f504-9878-45a0-ae8e-061d28b09c5d"
        ],
        "x-ms-routing-request-id": [
          "CENTRALINDIA:20221212T093120Z:5524f504-9878-45a0-ae8e-061d28b09c5d"
        ],
        "Strict-Transport-Security": [
          "max-age=31536000; includeSubDomains"
        ],
        "X-Content-Type-Options": [
          "nosniff"
        ],
        "Date": [
          "Mon, 12 Dec 2022 09:31:20 GMT"
        ],
        "Content-Length": [
          "165"
        ],
        "Content-Type": [
          "application/json; charset=utf-8"
        ],
        "Expires": [
          "-1"
        ]
      },
      "ResponseBody": "{\r\n  \"id\": \"/subscriptions/6bb9d374-1f0d-437e-8bbe-4bc892850065/resourceGroups/ps8955\",\r\n  \"name\": \"ps8955\",\r\n  \"location\": \"westus\",\r\n  \"properties\": {\r\n    \"provisioningState\": \"Succeeded\"\r\n  }\r\n}",
      "StatusCode": 201
    },
    {
      "RequestUri": "/subscriptions/6bb9d374-1f0d-437e-8bbe-4bc892850065/resourceGroups/ps8955/providers/Microsoft.Network/trafficmanagerprofiles/ps4804?api-version=2022-04-01-preview",
      "EncodedRequestUri": "L3N1YnNjcmlwdGlvbnMvNmJiOWQzNzQtMWYwZC00MzdlLThiYmUtNGJjODkyODUwMDY1L3Jlc291cmNlR3JvdXBzL3BzODk1NS9wcm92aWRlcnMvTWljcm9zb2Z0Lk5ldHdvcmsvdHJhZmZpY21hbmFnZXJwcm9maWxlcy9wczQ4MDQ/YXBpLXZlcnNpb249MjAyMi0wNC0wMS1wcmV2aWV3",
      "RequestMethod": "GET",
      "RequestHeaders": {
        "x-ms-client-request-id": [
          "c9af6f3b-b678-4918-b798-fd1c1b68ff9d"
        ],
        "Accept-Language": [
          "en-US"
        ],
        "User-Agent": [
          "FxVersion/4.700.22.51102",
          "OSName/Windows",
          "OSVersion/Microsoft.Windows.10.0.19045",
          "Microsoft.Azure.Management.TrafficManager.TrafficManagerManagementClient/1.1.0"
        ]
      },
      "RequestBody": "",
      "ResponseHeaders": {
        "Cache-Control": [
          "no-cache"
        ],
        "Pragma": [
          "no-cache"
        ],
        "x-ms-failure-cause": [
          "gateway"
        ],
        "x-ms-request-id": [
          "0bb3f31a-b99d-4c3b-aa4d-756e15a1d89e"
        ],
        "x-ms-correlation-request-id": [
          "0bb3f31a-b99d-4c3b-aa4d-756e15a1d89e"
        ],
        "x-ms-routing-request-id": [
          "CENTRALINDIA:20221212T093122Z:0bb3f31a-b99d-4c3b-aa4d-756e15a1d89e"
        ],
        "Strict-Transport-Security": [
          "max-age=31536000; includeSubDomains"
        ],
        "X-Content-Type-Options": [
          "nosniff"
        ],
        "Date": [
          "Mon, 12 Dec 2022 09:31:22 GMT"
        ],
        "Content-Type": [
          "application/json; charset=utf-8"
        ],
        "Expires": [
          "-1"
        ],
        "Content-Length": [
          "225"
        ]
      },
      "ResponseBody": "{\r\n  \"error\": {\r\n    \"code\": \"ResourceNotFound\",\r\n    \"message\": \"The Resource 'Microsoft.Network/trafficmanagerprofiles/ps4804' under resource group 'ps8955' was not found. For more details please go to https://aka.ms/ARMResourceNotFoundFix\"\r\n  }\r\n}",
      "StatusCode": 404
    },
    {
      "RequestUri": "/subscriptions/6bb9d374-1f0d-437e-8bbe-4bc892850065/resourceGroups/ps8955/providers/Microsoft.Network/trafficmanagerprofiles/ps4804?api-version=2022-04-01-preview",
      "EncodedRequestUri": "L3N1YnNjcmlwdGlvbnMvNmJiOWQzNzQtMWYwZC00MzdlLThiYmUtNGJjODkyODUwMDY1L3Jlc291cmNlR3JvdXBzL3BzODk1NS9wcm92aWRlcnMvTWljcm9zb2Z0Lk5ldHdvcmsvdHJhZmZpY21hbmFnZXJwcm9maWxlcy9wczQ4MDQ/YXBpLXZlcnNpb249MjAyMi0wNC0wMS1wcmV2aWV3",
      "RequestMethod": "GET",
      "RequestHeaders": {
        "x-ms-client-request-id": [
          "1b25bb01-0ea2-4478-8b3f-a71da674d0e8"
        ],
        "Accept-Language": [
          "en-US"
        ],
        "User-Agent": [
          "FxVersion/4.700.22.51102",
          "OSName/Windows",
          "OSVersion/Microsoft.Windows.10.0.19045",
          "Microsoft.Azure.Management.TrafficManager.TrafficManagerManagementClient/1.1.0"
        ]
      },
      "RequestBody": "",
      "ResponseHeaders": {
        "Cache-Control": [
          "private"
        ],
        "X-Content-Type-Options": [
          "nosniff"
        ],
        "Strict-Transport-Security": [
          "max-age=31536000; includeSubDomains"
        ],
        "x-ms-request-id": [
          "1b25bb01-0ea2-4478-8b3f-a71da674d0e8"
        ],
        "Server": [
          "Microsoft-IIS/10.0"
        ],
        "X-AspNet-Version": [
          "4.0.30319"
        ],
        "X-Powered-By": [
          "ASP.NET"
        ],
        "x-ms-ratelimit-remaining-subscription-resource-requests": [
          "1999"
        ],
        "x-ms-correlation-request-id": [
          "396c6e29-1f39-44be-9e45-d389abb2b335"
        ],
        "x-ms-routing-request-id": [
          "CENTRALINDIA:20221212T093129Z:396c6e29-1f39-44be-9e45-d389abb2b335"
        ],
        "Date": [
          "Mon, 12 Dec 2022 09:31:29 GMT"
        ],
        "Content-Length": [
          "645"
        ],
        "Content-Type": [
          "application/json; charset=utf-8"
        ]
      },
      "ResponseBody": "{\r\n  \"id\": \"/subscriptions/6bb9d374-1f0d-437e-8bbe-4bc892850065/resourceGroups/ps8955/providers/Microsoft.Network/trafficManagerProfiles/ps4804\",\r\n  \"name\": \"ps4804\",\r\n  \"type\": \"Microsoft.Network/trafficManagerProfiles\",\r\n  \"location\": \"global\",\r\n  \"tags\": {},\r\n  \"properties\": {\r\n    \"profileStatus\": \"Enabled\",\r\n    \"trafficRoutingMethod\": \"Weighted\",\r\n    \"dnsConfig\": {\r\n      \"relativeName\": \"ps6647\",\r\n      \"fqdn\": \"ps6647.trafficmanager.net\",\r\n      \"ttl\": 1\r\n    },\r\n    \"monitorConfig\": {\r\n      \"profileMonitorStatus\": \"Inactive\",\r\n      \"protocol\": \"HTTPS\",\r\n      \"port\": 85,\r\n      \"path\": \"/test\",\r\n      \"intervalInSeconds\": 10,\r\n      \"toleratedNumberOfFailures\": 5,\r\n      \"timeoutInSeconds\": 9\r\n    },\r\n    \"endpoints\": [],\r\n    \"trafficViewEnrollmentStatus\": \"Disabled\",\r\n    \"maxReturn\": null\r\n  }\r\n}",
      "StatusCode": 200
    },
    {
      "RequestUri": "/subscriptions/6bb9d374-1f0d-437e-8bbe-4bc892850065/resourceGroups/ps8955/providers/Microsoft.Network/trafficmanagerprofiles/ps4804?api-version=2022-04-01-preview",
      "EncodedRequestUri": "L3N1YnNjcmlwdGlvbnMvNmJiOWQzNzQtMWYwZC00MzdlLThiYmUtNGJjODkyODUwMDY1L3Jlc291cmNlR3JvdXBzL3BzODk1NS9wcm92aWRlcnMvTWljcm9zb2Z0Lk5ldHdvcmsvdHJhZmZpY21hbmFnZXJwcm9maWxlcy9wczQ4MDQ/YXBpLXZlcnNpb249MjAyMi0wNC0wMS1wcmV2aWV3",
      "RequestMethod": "PUT",
      "RequestHeaders": {
        "x-ms-client-request-id": [
          "c9af6f3b-b678-4918-b798-fd1c1b68ff9d"
        ],
        "Accept-Language": [
          "en-US"
        ],
        "User-Agent": [
          "FxVersion/4.700.22.51102",
          "OSName/Windows",
          "OSVersion/Microsoft.Windows.10.0.19045",
          "Microsoft.Azure.Management.TrafficManager.TrafficManagerManagementClient/1.1.0"
        ],
        "Content-Type": [
          "application/json; charset=utf-8"
        ],
        "Content-Length": [
          "427"
        ]
      },
      "RequestBody": "{\r\n  \"properties\": {\r\n    \"profileStatus\": \"Enabled\",\r\n    \"trafficRoutingMethod\": \"Weighted\",\r\n    \"dnsConfig\": {\r\n      \"relativeName\": \"ps6647\",\r\n      \"ttl\": 1\r\n    },\r\n    \"monitorConfig\": {\r\n      \"protocol\": \"HTTPS\",\r\n      \"port\": 85,\r\n      \"path\": \"/test\",\r\n      \"intervalInSeconds\": 10,\r\n      \"timeoutInSeconds\": 9,\r\n      \"toleratedNumberOfFailures\": 5\r\n    }\r\n  },\r\n  \"location\": \"global\",\r\n  \"name\": \"ps4804\"\r\n}",
      "ResponseHeaders": {
        "Cache-Control": [
          "private"
        ],
        "X-Content-Type-Options": [
          "nosniff"
        ],
        "Strict-Transport-Security": [
          "max-age=31536000; includeSubDomains"
        ],
        "x-ms-request-id": [
          "c9af6f3b-b678-4918-b798-fd1c1b68ff9d"
        ],
        "Server": [
          "Microsoft-IIS/10.0"
        ],
        "X-AspNet-Version": [
          "4.0.30319"
        ],
        "X-Powered-By": [
          "ASP.NET"
        ],
        "x-ms-ratelimit-remaining-subscription-resource-requests": [
          "4499"
        ],
        "x-ms-correlation-request-id": [
          "6c1737ec-d32a-47a5-baf1-b7890c490e27"
        ],
        "x-ms-routing-request-id": [
          "CENTRALINDIA:20221212T093127Z:6c1737ec-d32a-47a5-baf1-b7890c490e27"
        ],
        "Date": [
          "Mon, 12 Dec 2022 09:31:27 GMT"
        ],
        "Content-Length": [
          "635"
        ],
        "Content-Type": [
          "application/json; charset=utf-8"
        ]
      },
      "ResponseBody": "{\r\n  \"id\": \"/subscriptions/6bb9d374-1f0d-437e-8bbe-4bc892850065/resourceGroups/ps8955/providers/Microsoft.Network/trafficManagerProfiles/ps4804\",\r\n  \"name\": \"ps4804\",\r\n  \"type\": \"Microsoft.Network/trafficManagerProfiles\",\r\n  \"location\": \"global\",\r\n  \"properties\": {\r\n    \"profileStatus\": \"Enabled\",\r\n    \"trafficRoutingMethod\": \"Weighted\",\r\n    \"dnsConfig\": {\r\n      \"relativeName\": \"ps6647\",\r\n      \"fqdn\": \"ps6647.trafficmanager.net\",\r\n      \"ttl\": 1\r\n    },\r\n    \"monitorConfig\": {\r\n      \"profileMonitorStatus\": \"Inactive\",\r\n      \"protocol\": \"HTTPS\",\r\n      \"port\": 85,\r\n      \"path\": \"/test\",\r\n      \"intervalInSeconds\": 10,\r\n      \"toleratedNumberOfFailures\": 5,\r\n      \"timeoutInSeconds\": 9\r\n    },\r\n    \"endpoints\": [],\r\n    \"trafficViewEnrollmentStatus\": \"Disabled\",\r\n    \"maxReturn\": null\r\n  }\r\n}",
      "StatusCode": 201
    },
    {
      "RequestUri": "/subscriptions/6bb9d374-1f0d-437e-8bbe-4bc892850065/resourcegroups/ps8955?api-version=2016-09-01",
      "EncodedRequestUri": "L3N1YnNjcmlwdGlvbnMvNmJiOWQzNzQtMWYwZC00MzdlLThiYmUtNGJjODkyODUwMDY1L3Jlc291cmNlZ3JvdXBzL3BzODk1NT9hcGktdmVyc2lvbj0yMDE2LTA5LTAx",
      "RequestMethod": "DELETE",
      "RequestHeaders": {
        "x-ms-client-request-id": [
          "fd51b17d-79cc-4c0f-97f1-12046758c6e1"
        ],
        "Accept-Language": [
          "en-US"
        ],
        "User-Agent": [
          "FxVersion/4.700.22.51102",
          "OSName/Windows",
          "OSVersion/Microsoft.Windows.10.0.19045",
          "Microsoft.Azure.Management.Internal.Resources.ResourceManagementClient/1.3.67"
        ]
      },
      "RequestBody": "",
      "ResponseHeaders": {
        "Cache-Control": [
          "no-cache"
        ],
        "Pragma": [
          "no-cache"
        ],
        "Location": [
          "https://management.azure.com/subscriptions/6bb9d374-1f0d-437e-8bbe-4bc892850065/operationresults/eyJqb2JJZCI6IlJFU09VUkNFR1JPVVBERUxFVElPTkpPQi1QUzg5NTUtV0VTVFVTIiwiam9iTG9jYXRpb24iOiJ3ZXN0dXMifQ?api-version=2016-09-01"
        ],
        "Retry-After": [
          "15"
        ],
        "x-ms-ratelimit-remaining-subscription-deletes": [
          "14999"
        ],
        "x-ms-request-id": [
          "c87f4d0e-37a3-4323-ae73-7ae50a8f4e66"
        ],
        "x-ms-correlation-request-id": [
          "c87f4d0e-37a3-4323-ae73-7ae50a8f4e66"
        ],
        "x-ms-routing-request-id": [
          "CENTRALINDIA:20221212T093137Z:c87f4d0e-37a3-4323-ae73-7ae50a8f4e66"
        ],
        "Strict-Transport-Security": [
          "max-age=31536000; includeSubDomains"
        ],
        "X-Content-Type-Options": [
          "nosniff"
        ],
        "Date": [
          "Mon, 12 Dec 2022 09:31:37 GMT"
        ],
        "Expires": [
          "-1"
        ],
        "Content-Length": [
          "0"
        ]
      },
      "ResponseBody": "",
      "StatusCode": 202
    },
    {
      "RequestUri": "/subscriptions/6bb9d374-1f0d-437e-8bbe-4bc892850065/operationresults/eyJqb2JJZCI6IlJFU09VUkNFR1JPVVBERUxFVElPTkpPQi1QUzg5NTUtV0VTVFVTIiwiam9iTG9jYXRpb24iOiJ3ZXN0dXMifQ?api-version=2016-09-01",
      "EncodedRequestUri": "L3N1YnNjcmlwdGlvbnMvNmJiOWQzNzQtMWYwZC00MzdlLThiYmUtNGJjODkyODUwMDY1L29wZXJhdGlvbnJlc3VsdHMvZXlKcWIySkpaQ0k2SWxKRlUwOVZVa05GUjFKUFZWQkVSVXhGVkVsUFRrcFBRaTFRVXpnNU5UVXRWMFZUVkZWVElpd2lhbTlpVEc5allYUnBiMjRpT2lKM1pYTjBkWE1pZlE/YXBpLXZlcnNpb249MjAxNi0wOS0wMQ==",
      "RequestMethod": "GET",
      "RequestHeaders": {
        "User-Agent": [
          "FxVersion/4.700.22.51102",
          "OSName/Windows",
          "OSVersion/Microsoft.Windows.10.0.19045",
          "Microsoft.Azure.Management.Internal.Resources.ResourceManagementClient/1.3.67"
        ]
      },
      "RequestBody": "",
      "ResponseHeaders": {
        "Cache-Control": [
          "no-cache"
        ],
        "Pragma": [
          "no-cache"
        ],
        "Location": [
          "https://management.azure.com/subscriptions/6bb9d374-1f0d-437e-8bbe-4bc892850065/operationresults/eyJqb2JJZCI6IlJFU09VUkNFR1JPVVBERUxFVElPTkpPQi1QUzg5NTUtV0VTVFVTIiwiam9iTG9jYXRpb24iOiJ3ZXN0dXMifQ?api-version=2016-09-01"
        ],
        "Retry-After": [
          "15"
        ],
        "x-ms-ratelimit-remaining-subscription-reads": [
          "11999"
        ],
        "x-ms-request-id": [
          "ca6c44a9-33b0-4dbc-94e3-245c3897ef5d"
        ],
        "x-ms-correlation-request-id": [
          "ca6c44a9-33b0-4dbc-94e3-245c3897ef5d"
        ],
        "x-ms-routing-request-id": [
          "CENTRALINDIA:20221212T093153Z:ca6c44a9-33b0-4dbc-94e3-245c3897ef5d"
        ],
        "Strict-Transport-Security": [
          "max-age=31536000; includeSubDomains"
        ],
        "X-Content-Type-Options": [
          "nosniff"
        ],
        "Date": [
          "Mon, 12 Dec 2022 09:31:52 GMT"
        ],
        "Expires": [
          "-1"
        ],
        "Content-Length": [
          "0"
        ]
      },
      "ResponseBody": "",
      "StatusCode": 202
    },
    {
      "RequestUri": "/subscriptions/6bb9d374-1f0d-437e-8bbe-4bc892850065/operationresults/eyJqb2JJZCI6IlJFU09VUkNFR1JPVVBERUxFVElPTkpPQi1QUzg5NTUtV0VTVFVTIiwiam9iTG9jYXRpb24iOiJ3ZXN0dXMifQ?api-version=2016-09-01",
      "EncodedRequestUri": "L3N1YnNjcmlwdGlvbnMvNmJiOWQzNzQtMWYwZC00MzdlLThiYmUtNGJjODkyODUwMDY1L29wZXJhdGlvbnJlc3VsdHMvZXlKcWIySkpaQ0k2SWxKRlUwOVZVa05GUjFKUFZWQkVSVXhGVkVsUFRrcFBRaTFRVXpnNU5UVXRWMFZUVkZWVElpd2lhbTlpVEc5allYUnBiMjRpT2lKM1pYTjBkWE1pZlE/YXBpLXZlcnNpb249MjAxNi0wOS0wMQ==",
      "RequestMethod": "GET",
      "RequestHeaders": {
        "User-Agent": [
          "FxVersion/4.700.22.51102",
          "OSName/Windows",
          "OSVersion/Microsoft.Windows.10.0.19045",
          "Microsoft.Azure.Management.Internal.Resources.ResourceManagementClient/1.3.67"
        ]
      },
      "RequestBody": "",
      "ResponseHeaders": {
        "Cache-Control": [
          "no-cache"
        ],
        "Pragma": [
          "no-cache"
        ],
        "Location": [
          "https://management.azure.com/subscriptions/6bb9d374-1f0d-437e-8bbe-4bc892850065/operationresults/eyJqb2JJZCI6IlJFU09VUkNFR1JPVVBERUxFVElPTkpPQi1QUzg5NTUtV0VTVFVTIiwiam9iTG9jYXRpb24iOiJ3ZXN0dXMifQ?api-version=2016-09-01"
        ],
        "Retry-After": [
          "15"
        ],
        "x-ms-ratelimit-remaining-subscription-reads": [
          "11998"
        ],
        "x-ms-request-id": [
          "b6a8bce3-4765-4a47-9f92-67f6d0a33294"
        ],
        "x-ms-correlation-request-id": [
          "b6a8bce3-4765-4a47-9f92-67f6d0a33294"
        ],
        "x-ms-routing-request-id": [
          "CENTRALINDIA:20221212T093208Z:b6a8bce3-4765-4a47-9f92-67f6d0a33294"
        ],
        "Strict-Transport-Security": [
          "max-age=31536000; includeSubDomains"
        ],
        "X-Content-Type-Options": [
          "nosniff"
        ],
        "Date": [
          "Mon, 12 Dec 2022 09:32:07 GMT"
        ],
        "Expires": [
          "-1"
        ],
        "Content-Length": [
          "0"
        ]
      },
      "ResponseBody": "",
      "StatusCode": 202
    },
    {
      "RequestUri": "/subscriptions/6bb9d374-1f0d-437e-8bbe-4bc892850065/operationresults/eyJqb2JJZCI6IlJFU09VUkNFR1JPVVBERUxFVElPTkpPQi1QUzg5NTUtV0VTVFVTIiwiam9iTG9jYXRpb24iOiJ3ZXN0dXMifQ?api-version=2016-09-01",
      "EncodedRequestUri": "L3N1YnNjcmlwdGlvbnMvNmJiOWQzNzQtMWYwZC00MzdlLThiYmUtNGJjODkyODUwMDY1L29wZXJhdGlvbnJlc3VsdHMvZXlKcWIySkpaQ0k2SWxKRlUwOVZVa05GUjFKUFZWQkVSVXhGVkVsUFRrcFBRaTFRVXpnNU5UVXRWMFZUVkZWVElpd2lhbTlpVEc5allYUnBiMjRpT2lKM1pYTjBkWE1pZlE/YXBpLXZlcnNpb249MjAxNi0wOS0wMQ==",
      "RequestMethod": "GET",
      "RequestHeaders": {
        "User-Agent": [
          "FxVersion/4.700.22.51102",
          "OSName/Windows",
          "OSVersion/Microsoft.Windows.10.0.19045",
          "Microsoft.Azure.Management.Internal.Resources.ResourceManagementClient/1.3.67"
        ]
      },
      "RequestBody": "",
      "ResponseHeaders": {
        "Cache-Control": [
          "no-cache"
        ],
        "Pragma": [
          "no-cache"
        ],
        "Location": [
          "https://management.azure.com/subscriptions/6bb9d374-1f0d-437e-8bbe-4bc892850065/operationresults/eyJqb2JJZCI6IlJFU09VUkNFR1JPVVBERUxFVElPTkpPQi1QUzg5NTUtV0VTVFVTIiwiam9iTG9jYXRpb24iOiJ3ZXN0dXMifQ?api-version=2016-09-01"
        ],
        "Retry-After": [
          "15"
        ],
        "x-ms-ratelimit-remaining-subscription-reads": [
          "11997"
        ],
        "x-ms-request-id": [
          "335c9f60-f16a-47c6-a117-54f5c5ddf7d9"
        ],
        "x-ms-correlation-request-id": [
          "335c9f60-f16a-47c6-a117-54f5c5ddf7d9"
        ],
        "x-ms-routing-request-id": [
          "CENTRALINDIA:20221212T093224Z:335c9f60-f16a-47c6-a117-54f5c5ddf7d9"
        ],
        "Strict-Transport-Security": [
          "max-age=31536000; includeSubDomains"
        ],
        "X-Content-Type-Options": [
          "nosniff"
        ],
        "Date": [
          "Mon, 12 Dec 2022 09:32:23 GMT"
        ],
        "Expires": [
          "-1"
        ],
        "Content-Length": [
          "0"
        ]
      },
      "ResponseBody": "",
      "StatusCode": 202
    },
    {
      "RequestUri": "/subscriptions/6bb9d374-1f0d-437e-8bbe-4bc892850065/operationresults/eyJqb2JJZCI6IlJFU09VUkNFR1JPVVBERUxFVElPTkpPQi1QUzg5NTUtV0VTVFVTIiwiam9iTG9jYXRpb24iOiJ3ZXN0dXMifQ?api-version=2016-09-01",
      "EncodedRequestUri": "L3N1YnNjcmlwdGlvbnMvNmJiOWQzNzQtMWYwZC00MzdlLThiYmUtNGJjODkyODUwMDY1L29wZXJhdGlvbnJlc3VsdHMvZXlKcWIySkpaQ0k2SWxKRlUwOVZVa05GUjFKUFZWQkVSVXhGVkVsUFRrcFBRaTFRVXpnNU5UVXRWMFZUVkZWVElpd2lhbTlpVEc5allYUnBiMjRpT2lKM1pYTjBkWE1pZlE/YXBpLXZlcnNpb249MjAxNi0wOS0wMQ==",
      "RequestMethod": "GET",
      "RequestHeaders": {
        "User-Agent": [
          "FxVersion/4.700.22.51102",
          "OSName/Windows",
          "OSVersion/Microsoft.Windows.10.0.19045",
          "Microsoft.Azure.Management.Internal.Resources.ResourceManagementClient/1.3.67"
        ]
      },
      "RequestBody": "",
      "ResponseHeaders": {
        "Cache-Control": [
          "no-cache"
        ],
        "Pragma": [
          "no-cache"
        ],
        "Location": [
          "https://management.azure.com/subscriptions/6bb9d374-1f0d-437e-8bbe-4bc892850065/operationresults/eyJqb2JJZCI6IlJFU09VUkNFR1JPVVBERUxFVElPTkpPQi1QUzg5NTUtV0VTVFVTIiwiam9iTG9jYXRpb24iOiJ3ZXN0dXMifQ?api-version=2016-09-01"
        ],
        "Retry-After": [
          "15"
        ],
        "x-ms-ratelimit-remaining-subscription-reads": [
          "11996"
        ],
        "x-ms-request-id": [
          "41d20e3a-34e8-4e84-949a-c6d1e7cef61c"
        ],
        "x-ms-correlation-request-id": [
          "41d20e3a-34e8-4e84-949a-c6d1e7cef61c"
        ],
        "x-ms-routing-request-id": [
          "CENTRALINDIA:20221212T093239Z:41d20e3a-34e8-4e84-949a-c6d1e7cef61c"
        ],
        "Strict-Transport-Security": [
          "max-age=31536000; includeSubDomains"
        ],
        "X-Content-Type-Options": [
          "nosniff"
        ],
        "Date": [
          "Mon, 12 Dec 2022 09:32:38 GMT"
        ],
        "Expires": [
          "-1"
        ],
        "Content-Length": [
          "0"
        ]
      },
      "ResponseBody": "",
      "StatusCode": 202
    },
    {
      "RequestUri": "/subscriptions/6bb9d374-1f0d-437e-8bbe-4bc892850065/operationresults/eyJqb2JJZCI6IlJFU09VUkNFR1JPVVBERUxFVElPTkpPQi1QUzg5NTUtV0VTVFVTIiwiam9iTG9jYXRpb24iOiJ3ZXN0dXMifQ?api-version=2016-09-01",
      "EncodedRequestUri": "L3N1YnNjcmlwdGlvbnMvNmJiOWQzNzQtMWYwZC00MzdlLThiYmUtNGJjODkyODUwMDY1L29wZXJhdGlvbnJlc3VsdHMvZXlKcWIySkpaQ0k2SWxKRlUwOVZVa05GUjFKUFZWQkVSVXhGVkVsUFRrcFBRaTFRVXpnNU5UVXRWMFZUVkZWVElpd2lhbTlpVEc5allYUnBiMjRpT2lKM1pYTjBkWE1pZlE/YXBpLXZlcnNpb249MjAxNi0wOS0wMQ==",
      "RequestMethod": "GET",
      "RequestHeaders": {
        "User-Agent": [
          "FxVersion/4.700.22.51102",
          "OSName/Windows",
          "OSVersion/Microsoft.Windows.10.0.19045",
          "Microsoft.Azure.Management.Internal.Resources.ResourceManagementClient/1.3.67"
        ]
      },
      "RequestBody": "",
      "ResponseHeaders": {
        "Cache-Control": [
          "no-cache"
        ],
        "Pragma": [
          "no-cache"
        ],
        "Location": [
          "https://management.azure.com/subscriptions/6bb9d374-1f0d-437e-8bbe-4bc892850065/operationresults/eyJqb2JJZCI6IlJFU09VUkNFR1JPVVBERUxFVElPTkpPQi1QUzg5NTUtV0VTVFVTIiwiam9iTG9jYXRpb24iOiJ3ZXN0dXMifQ?api-version=2016-09-01"
        ],
        "Retry-After": [
          "15"
        ],
        "x-ms-ratelimit-remaining-subscription-reads": [
          "11995"
        ],
        "x-ms-request-id": [
          "f2a45a37-9b54-44fc-b129-b7ab699b3512"
        ],
        "x-ms-correlation-request-id": [
          "f2a45a37-9b54-44fc-b129-b7ab699b3512"
        ],
        "x-ms-routing-request-id": [
          "CENTRALINDIA:20221212T093255Z:f2a45a37-9b54-44fc-b129-b7ab699b3512"
        ],
        "Strict-Transport-Security": [
          "max-age=31536000; includeSubDomains"
        ],
        "X-Content-Type-Options": [
          "nosniff"
        ],
        "Date": [
          "Mon, 12 Dec 2022 09:32:54 GMT"
        ],
        "Expires": [
          "-1"
        ],
        "Content-Length": [
          "0"
        ]
      },
      "ResponseBody": "",
      "StatusCode": 202
    },
    {
      "RequestUri": "/subscriptions/6bb9d374-1f0d-437e-8bbe-4bc892850065/operationresults/eyJqb2JJZCI6IlJFU09VUkNFR1JPVVBERUxFVElPTkpPQi1QUzg5NTUtV0VTVFVTIiwiam9iTG9jYXRpb24iOiJ3ZXN0dXMifQ?api-version=2016-09-01",
      "EncodedRequestUri": "L3N1YnNjcmlwdGlvbnMvNmJiOWQzNzQtMWYwZC00MzdlLThiYmUtNGJjODkyODUwMDY1L29wZXJhdGlvbnJlc3VsdHMvZXlKcWIySkpaQ0k2SWxKRlUwOVZVa05GUjFKUFZWQkVSVXhGVkVsUFRrcFBRaTFRVXpnNU5UVXRWMFZUVkZWVElpd2lhbTlpVEc5allYUnBiMjRpT2lKM1pYTjBkWE1pZlE/YXBpLXZlcnNpb249MjAxNi0wOS0wMQ==",
      "RequestMethod": "GET",
      "RequestHeaders": {
        "User-Agent": [
          "FxVersion/4.700.22.51102",
          "OSName/Windows",
          "OSVersion/Microsoft.Windows.10.0.19045",
          "Microsoft.Azure.Management.Internal.Resources.ResourceManagementClient/1.3.67"
        ]
      },
      "RequestBody": "",
      "ResponseHeaders": {
        "Cache-Control": [
          "no-cache"
        ],
        "Pragma": [
          "no-cache"
        ],
        "Location": [
          "https://management.azure.com/subscriptions/6bb9d374-1f0d-437e-8bbe-4bc892850065/operationresults/eyJqb2JJZCI6IlJFU09VUkNFR1JPVVBERUxFVElPTkpPQi1QUzg5NTUtV0VTVFVTIiwiam9iTG9jYXRpb24iOiJ3ZXN0dXMifQ?api-version=2016-09-01"
        ],
        "Retry-After": [
          "15"
        ],
        "x-ms-ratelimit-remaining-subscription-reads": [
          "11994"
        ],
        "x-ms-request-id": [
          "ea699388-240f-49cd-9466-75e5f7f86678"
        ],
        "x-ms-correlation-request-id": [
          "ea699388-240f-49cd-9466-75e5f7f86678"
        ],
        "x-ms-routing-request-id": [
          "CENTRALINDIA:20221212T093310Z:ea699388-240f-49cd-9466-75e5f7f86678"
        ],
        "Strict-Transport-Security": [
          "max-age=31536000; includeSubDomains"
        ],
        "X-Content-Type-Options": [
          "nosniff"
        ],
        "Date": [
          "Mon, 12 Dec 2022 09:33:09 GMT"
        ],
        "Expires": [
          "-1"
        ],
        "Content-Length": [
          "0"
        ]
      },
      "ResponseBody": "",
      "StatusCode": 202
    },
    {
      "RequestUri": "/subscriptions/6bb9d374-1f0d-437e-8bbe-4bc892850065/operationresults/eyJqb2JJZCI6IlJFU09VUkNFR1JPVVBERUxFVElPTkpPQi1QUzg5NTUtV0VTVFVTIiwiam9iTG9jYXRpb24iOiJ3ZXN0dXMifQ?api-version=2016-09-01",
      "EncodedRequestUri": "L3N1YnNjcmlwdGlvbnMvNmJiOWQzNzQtMWYwZC00MzdlLThiYmUtNGJjODkyODUwMDY1L29wZXJhdGlvbnJlc3VsdHMvZXlKcWIySkpaQ0k2SWxKRlUwOVZVa05GUjFKUFZWQkVSVXhGVkVsUFRrcFBRaTFRVXpnNU5UVXRWMFZUVkZWVElpd2lhbTlpVEc5allYUnBiMjRpT2lKM1pYTjBkWE1pZlE/YXBpLXZlcnNpb249MjAxNi0wOS0wMQ==",
      "RequestMethod": "GET",
      "RequestHeaders": {
        "User-Agent": [
          "FxVersion/4.700.22.51102",
          "OSName/Windows",
          "OSVersion/Microsoft.Windows.10.0.19045",
          "Microsoft.Azure.Management.Internal.Resources.ResourceManagementClient/1.3.67"
        ]
      },
      "RequestBody": "",
      "ResponseHeaders": {
        "Cache-Control": [
          "no-cache"
        ],
        "Pragma": [
          "no-cache"
        ],
        "Location": [
          "https://management.azure.com/subscriptions/6bb9d374-1f0d-437e-8bbe-4bc892850065/operationresults/eyJqb2JJZCI6IlJFU09VUkNFR1JPVVBERUxFVElPTkpPQi1QUzg5NTUtV0VTVFVTIiwiam9iTG9jYXRpb24iOiJ3ZXN0dXMifQ?api-version=2016-09-01"
        ],
        "Retry-After": [
          "15"
        ],
        "x-ms-ratelimit-remaining-subscription-reads": [
          "11993"
        ],
        "x-ms-request-id": [
          "a8a8b1a5-e061-4a03-a7ba-27d356ebff4f"
        ],
        "x-ms-correlation-request-id": [
          "a8a8b1a5-e061-4a03-a7ba-27d356ebff4f"
        ],
        "x-ms-routing-request-id": [
          "CENTRALINDIA:20221212T093326Z:a8a8b1a5-e061-4a03-a7ba-27d356ebff4f"
        ],
        "Strict-Transport-Security": [
          "max-age=31536000; includeSubDomains"
        ],
        "X-Content-Type-Options": [
          "nosniff"
        ],
        "Date": [
          "Mon, 12 Dec 2022 09:33:25 GMT"
        ],
        "Expires": [
          "-1"
        ],
        "Content-Length": [
          "0"
        ]
      },
      "ResponseBody": "",
      "StatusCode": 202
    },
    {
      "RequestUri": "/subscriptions/6bb9d374-1f0d-437e-8bbe-4bc892850065/operationresults/eyJqb2JJZCI6IlJFU09VUkNFR1JPVVBERUxFVElPTkpPQi1QUzg5NTUtV0VTVFVTIiwiam9iTG9jYXRpb24iOiJ3ZXN0dXMifQ?api-version=2016-09-01",
      "EncodedRequestUri": "L3N1YnNjcmlwdGlvbnMvNmJiOWQzNzQtMWYwZC00MzdlLThiYmUtNGJjODkyODUwMDY1L29wZXJhdGlvbnJlc3VsdHMvZXlKcWIySkpaQ0k2SWxKRlUwOVZVa05GUjFKUFZWQkVSVXhGVkVsUFRrcFBRaTFRVXpnNU5UVXRWMFZUVkZWVElpd2lhbTlpVEc5allYUnBiMjRpT2lKM1pYTjBkWE1pZlE/YXBpLXZlcnNpb249MjAxNi0wOS0wMQ==",
      "RequestMethod": "GET",
      "RequestHeaders": {
        "User-Agent": [
          "FxVersion/4.700.22.51102",
          "OSName/Windows",
          "OSVersion/Microsoft.Windows.10.0.19045",
          "Microsoft.Azure.Management.Internal.Resources.ResourceManagementClient/1.3.67"
        ]
      },
      "RequestBody": "",
      "ResponseHeaders": {
        "Cache-Control": [
          "no-cache"
        ],
        "Pragma": [
          "no-cache"
        ],
        "x-ms-ratelimit-remaining-subscription-reads": [
          "11992"
        ],
        "x-ms-request-id": [
          "7618f52e-f5aa-45dc-b97f-efb40d59b413"
        ],
        "x-ms-correlation-request-id": [
          "7618f52e-f5aa-45dc-b97f-efb40d59b413"
        ],
        "x-ms-routing-request-id": [
          "CENTRALINDIA:20221212T093341Z:7618f52e-f5aa-45dc-b97f-efb40d59b413"
        ],
        "Strict-Transport-Security": [
          "max-age=31536000; includeSubDomains"
        ],
        "X-Content-Type-Options": [
          "nosniff"
        ],
        "Date": [
          "Mon, 12 Dec 2022 09:33:41 GMT"
        ],
        "Expires": [
          "-1"
        ],
        "Content-Length": [
          "0"
        ]
      },
      "ResponseBody": "",
      "StatusCode": 200
    },
    {
      "RequestUri": "/subscriptions/6bb9d374-1f0d-437e-8bbe-4bc892850065/operationresults/eyJqb2JJZCI6IlJFU09VUkNFR1JPVVBERUxFVElPTkpPQi1QUzg5NTUtV0VTVFVTIiwiam9iTG9jYXRpb24iOiJ3ZXN0dXMifQ?api-version=2016-09-01",
      "EncodedRequestUri": "L3N1YnNjcmlwdGlvbnMvNmJiOWQzNzQtMWYwZC00MzdlLThiYmUtNGJjODkyODUwMDY1L29wZXJhdGlvbnJlc3VsdHMvZXlKcWIySkpaQ0k2SWxKRlUwOVZVa05GUjFKUFZWQkVSVXhGVkVsUFRrcFBRaTFRVXpnNU5UVXRWMFZUVkZWVElpd2lhbTlpVEc5allYUnBiMjRpT2lKM1pYTjBkWE1pZlE/YXBpLXZlcnNpb249MjAxNi0wOS0wMQ==",
      "RequestMethod": "GET",
      "RequestHeaders": {
        "User-Agent": [
          "FxVersion/4.700.22.51102",
          "OSName/Windows",
          "OSVersion/Microsoft.Windows.10.0.19045",
          "Microsoft.Azure.Management.Internal.Resources.ResourceManagementClient/1.3.67"
        ]
      },
      "RequestBody": "",
      "ResponseHeaders": {
        "Cache-Control": [
          "no-cache"
        ],
        "Pragma": [
          "no-cache"
        ],
        "x-ms-ratelimit-remaining-subscription-reads": [
          "11991"
        ],
        "x-ms-request-id": [
          "3461ca22-b5be-415d-a404-04de32a08c14"
        ],
        "x-ms-correlation-request-id": [
          "3461ca22-b5be-415d-a404-04de32a08c14"
        ],
        "x-ms-routing-request-id": [
          "CENTRALINDIA:20221212T093342Z:3461ca22-b5be-415d-a404-04de32a08c14"
        ],
        "Strict-Transport-Security": [
          "max-age=31536000; includeSubDomains"
        ],
        "X-Content-Type-Options": [
          "nosniff"
        ],
        "Date": [
          "Mon, 12 Dec 2022 09:33:42 GMT"
        ],
        "Expires": [
          "-1"
        ],
        "Content-Length": [
          "0"
        ]
      },
      "ResponseBody": "",
      "StatusCode": 200
    }
  ],
  "Names": {
    "Test-ProfileMonitorParameterAliases": [
      "ps4804",
      "ps8955",
      "ps6647"
    ]
  },
  "Variables": {
    "SubscriptionId": "6bb9d374-1f0d-437e-8bbe-4bc892850065"
  }
}