{
  "Entries": [
    {
      "RequestUri": "/subscriptions/57947cb5-aadd-4b6c-9e8e-27f545bb7bf5/providers/Microsoft.OperationalInsights?api-version=2016-09-01",
      "EncodedRequestUri": "L3N1YnNjcmlwdGlvbnMvNTc5NDdjYjUtYWFkZC00YjZjLTllOGUtMjdmNTQ1YmI3YmY1L3Byb3ZpZGVycy9NaWNyb3NvZnQuT3BlcmF0aW9uYWxJbnNpZ2h0cz9hcGktdmVyc2lvbj0yMDE2LTA5LTAx",
      "RequestMethod": "GET",
      "RequestBody": "",
      "RequestHeaders": {
        "x-ms-client-request-id": [
          "3a4d1112-97bd-43eb-9d4e-8fc99a357311"
        ],
        "Accept-Language": [
          "en-US"
        ],
        "User-Agent": [
          "FxVersion/4.6.30411.01",
          "OSName/Windows",
          "OSVersion/Microsoft.Windows.10.0.22000.",
          "Microsoft.Azure.Management.Internal.Resources.ResourceManagementClient/1.3.51"
        ]
      },
      "ResponseHeaders": {
        "Cache-Control": [
          "no-cache"
        ],
        "Pragma": [
          "no-cache"
        ],
        "x-ms-ratelimit-remaining-subscription-reads": [
          "11999"
        ],
        "x-ms-request-id": [
          "11fb9845-2157-4966-a40a-fe53f687df82"
        ],
        "x-ms-correlation-request-id": [
          "11fb9845-2157-4966-a40a-fe53f687df82"
        ],
        "x-ms-routing-request-id": [
          "NORTHEUROPE:20211115T065013Z:11fb9845-2157-4966-a40a-fe53f687df82"
        ],
        "Strict-Transport-Security": [
          "max-age=31536000; includeSubDomains"
        ],
        "X-Content-Type-Options": [
          "nosniff"
        ],
        "Date": [
          "Mon, 15 Nov 2021 06:50:12 GMT"
        ],
        "Content-Type": [
          "application/json; charset=utf-8"
        ],
        "Expires": [
          "-1"
        ],
        "Content-Length": [
          "11333"
        ]
      },
      "ResponseBody": "{\r\n  \"id\": \"/subscriptions/57947cb5-aadd-4b6c-9e8e-27f545bb7bf5/providers/Microsoft.OperationalInsights\",\r\n  \"namespace\": \"Microsoft.OperationalInsights\",\r\n  \"authorizations\": [\r\n    {\r\n      \"applicationId\": \"d2a0a418-0aac-4541-82b2-b3142c89da77\",\r\n      \"roleDefinitionId\": \"86695298-2eb9-48a7-9ec3-2fdb38b6878b\"\r\n    },\r\n    {\r\n      \"applicationId\": \"ca7f3f0b-7d91-482c-8e09-c5d840d0eac5\",\r\n      \"roleDefinitionId\": \"5d5a2e56-9835-44aa-93db-d2f19e155438\"\r\n    }\r\n  ],\r\n  \"resourceTypes\": [\r\n    {\r\n      \"resourceType\": \"workspaces\",\r\n      \"locations\": [\r\n        \"East US\",\r\n        \"West Europe\",\r\n        \"Southeast Asia\",\r\n        \"Australia Southeast\",\r\n        \"West Central US\",\r\n        \"Japan East\",\r\n        \"UK South\",\r\n        \"Central India\",\r\n        \"Canada Central\",\r\n        \"West US 2\",\r\n        \"Australia Central\",\r\n        \"Australia East\",\r\n        \"France Central\",\r\n        \"Korea Central\",\r\n        \"North Europe\",\r\n        \"Central US\",\r\n        \"East Asia\",\r\n        \"East US 2\",\r\n        \"South Central US\",\r\n        \"North Central US\",\r\n        \"West US\",\r\n        \"UK West\",\r\n        \"South Africa North\",\r\n        \"Brazil South\",\r\n        \"Switzerland North\",\r\n        \"Switzerland West\",\r\n        \"Germany West Central\",\r\n        \"Australia Central 2\",\r\n        \"UAE Central\",\r\n        \"UAE North\",\r\n        \"Japan West\",\r\n        \"Brazil Southeast\",\r\n        \"Norway East\",\r\n        \"Norway West\",\r\n        \"France South\",\r\n        \"South India\",\r\n        \"Jio India West\",\r\n        \"Canada East\",\r\n        \"West US 3\",\r\n        \"East US 2 EUAP\",\r\n        \"Korea South\",\r\n        \"Jio India Central\"\r\n      ],\r\n      \"apiVersions\": [\r\n        \"2021-06-01\",\r\n        \"2021-03-01-privatepreview\",\r\n        \"2020-10-01\",\r\n        \"2020-08-01\",\r\n        \"2020-03-01-preview\",\r\n        \"2017-04-26-preview\",\r\n        \"2017-03-15-preview\",\r\n        \"2017-03-03-preview\",\r\n        \"2017-01-01-preview\",\r\n        \"2015-11-01-preview\",\r\n        \"2015-03-20\"\r\n      ],\r\n      \"capabilities\": \"CrossResourceGroupResourceMove, CrossSubscriptionResourceMove\"\r\n    },\r\n    {\r\n      \"resourceType\": \"querypacks\",\r\n      \"locations\": [\r\n        \"West Central US\",\r\n        \"East US\",\r\n        \"South Central US\",\r\n        \"North Europe\",\r\n        \"West Europe\",\r\n        \"Southeast Asia\",\r\n        \"West US 2\",\r\n        \"UK South\",\r\n        \"Canada Central\",\r\n        \"Central India\",\r\n        \"Japan East\",\r\n        \"Australia East\",\r\n        \"Korea Central\",\r\n        \"France Central\",\r\n        \"Central US\",\r\n        \"East US 2\",\r\n        \"East Asia\",\r\n        \"West US\",\r\n        \"South Africa North\",\r\n        \"North Central US\",\r\n        \"Brazil South\",\r\n        \"Switzerland North\",\r\n        \"Norway East\",\r\n        \"Australia Southeast\",\r\n        \"Australia Central 2\",\r\n        \"Germany West Central\",\r\n        \"Switzerland West\",\r\n        \"UAE Central\",\r\n        \"UK West\",\r\n        \"Brazil Southeast\",\r\n        \"Japan West\",\r\n        \"UAE North\",\r\n        \"Australia Central\",\r\n        \"France South\",\r\n        \"South India\",\r\n        \"Jio India West\",\r\n        \"Canada East\",\r\n        \"West US 3\",\r\n        \"East US 2 EUAP\",\r\n        \"Korea South\",\r\n        \"Jio India Central\"\r\n      ],\r\n      \"apiVersions\": [\r\n        \"2019-09-01-preview\"\r\n      ],\r\n      \"capabilities\": \"None\"\r\n    },\r\n    {\r\n      \"resourceType\": \"locations\",\r\n      \"locations\": [],\r\n      \"apiVersions\": [\r\n        \"2020-10-01\",\r\n        \"2020-08-01\",\r\n        \"2020-03-01-preview\",\r\n        \"2019-08-01-preview\",\r\n        \"2017-04-26-preview\",\r\n        \"2017-03-15-preview\",\r\n        \"2017-03-03-preview\",\r\n        \"2017-01-01-preview\",\r\n        \"2015-11-01-preview\",\r\n        \"2015-03-20\"\r\n      ]\r\n    },\r\n    {\r\n      \"resourceType\": \"locations/operationStatuses\",\r\n      \"locations\": [\r\n        \"East US\",\r\n        \"West Europe\",\r\n        \"Southeast Asia\",\r\n        \"Australia Southeast\",\r\n        \"West Central US\",\r\n        \"Japan East\",\r\n        \"UK South\",\r\n        \"Central India\",\r\n        \"Canada Central\",\r\n        \"West US 2\",\r\n        \"Australia Central\",\r\n        \"Australia East\",\r\n        \"France Central\",\r\n        \"Korea Central\",\r\n        \"North Europe\",\r\n        \"Central US\",\r\n        \"East Asia\",\r\n        \"East US 2\",\r\n        \"South Central US\",\r\n        \"North Central US\",\r\n        \"West US\",\r\n        \"UK West\",\r\n        \"South Africa North\",\r\n        \"Brazil South\",\r\n        \"Switzerland North\",\r\n        \"Switzerland West\",\r\n        \"Germany West Central\",\r\n        \"Australia Central 2\",\r\n        \"UAE Central\",\r\n        \"UAE North\",\r\n        \"Japan West\",\r\n        \"Brazil Southeast\",\r\n        \"Norway East\",\r\n        \"Norway West\",\r\n        \"France South\",\r\n        \"South India\",\r\n        \"Jio India West\",\r\n        \"Canada East\",\r\n        \"West US 3\",\r\n        \"East US 2 EUAP\",\r\n        \"Korea South\",\r\n        \"Jio India Central\"\r\n      ],\r\n      \"apiVersions\": [\r\n        \"2020-10-01\",\r\n        \"2020-08-01\",\r\n        \"2020-03-01-preview\",\r\n        \"2019-08-01-preview\",\r\n        \"2017-04-26-preview\",\r\n        \"2017-03-15-preview\",\r\n        \"2017-03-03-preview\",\r\n        \"2017-01-01-preview\",\r\n        \"2015-11-01-preview\",\r\n        \"2015-03-20\"\r\n      ]\r\n    },\r\n    {\r\n      \"resourceType\": \"workspaces/scopedPrivateLinkProxies\",\r\n      \"locations\": [\r\n        \"East US\",\r\n        \"West Europe\",\r\n        \"Southeast Asia\",\r\n        \"Australia Southeast\",\r\n        \"West Central US\",\r\n        \"Japan East\",\r\n        \"UK South\",\r\n        \"Central India\",\r\n        \"Canada Central\",\r\n        \"West US 2\",\r\n        \"Australia Central\",\r\n        \"Australia East\",\r\n        \"France Central\",\r\n        \"Korea Central\",\r\n        \"North Europe\",\r\n        \"Central US\",\r\n        \"East Asia\",\r\n        \"East US 2\",\r\n        \"South Central US\",\r\n        \"North Central US\",\r\n        \"West US\",\r\n        \"UK West\",\r\n        \"South Africa North\",\r\n        \"Brazil South\",\r\n        \"Switzerland North\",\r\n        \"Switzerland West\",\r\n        \"Germany West Central\",\r\n        \"Australia Central 2\",\r\n        \"UAE Central\",\r\n        \"UAE North\",\r\n        \"Japan West\",\r\n        \"Brazil Southeast\",\r\n        \"Norway East\",\r\n        \"Norway West\",\r\n        \"France South\",\r\n        \"South India\",\r\n        \"Jio India West\",\r\n        \"Canada East\",\r\n        \"West US 3\",\r\n        \"East US 2 EUAP\",\r\n        \"Korea South\",\r\n        \"Jio India Central\"\r\n      ],\r\n      \"apiVersions\": [\r\n        \"2020-03-01-preview\",\r\n        \"2019-08-01-preview\",\r\n        \"2015-11-01-preview\"\r\n      ]\r\n    },\r\n    {\r\n      \"resourceType\": \"workspaces/query\",\r\n      \"locations\": [\r\n        \"East US 2 EUAP\"\r\n      ],\r\n      \"apiVersions\": [\r\n        \"2017-10-01\"\r\n      ]\r\n    },\r\n    {\r\n      \"resourceType\": \"workspaces/metadata\",\r\n      \"locations\": [\r\n        \"East US 2 EUAP\"\r\n      ],\r\n      \"apiVersions\": [\r\n        \"2017-10-01\"\r\n      ]\r\n    },\r\n    {\r\n      \"resourceType\": \"workspaces/dataSources\",\r\n      \"locations\": [\r\n        \"East US\",\r\n        \"West Europe\",\r\n        \"Southeast Asia\",\r\n        \"Australia Southeast\",\r\n        \"West Central US\",\r\n        \"Japan East\",\r\n        \"UK South\",\r\n        \"Central India\",\r\n        \"Canada Central\",\r\n        \"West US 2\",\r\n        \"Australia Central\",\r\n        \"Australia East\",\r\n        \"France Central\",\r\n        \"Korea Central\",\r\n        \"North Europe\",\r\n        \"Central US\",\r\n        \"East Asia\",\r\n        \"East US 2\",\r\n        \"South Central US\",\r\n        \"North Central US\",\r\n        \"West US\",\r\n        \"UK West\",\r\n        \"South Africa North\",\r\n        \"Brazil South\",\r\n        \"Switzerland North\",\r\n        \"Switzerland West\",\r\n        \"Germany West Central\",\r\n        \"Australia Central 2\",\r\n        \"UAE Central\",\r\n        \"UAE North\",\r\n        \"Japan West\",\r\n        \"Brazil Southeast\",\r\n        \"Norway East\",\r\n        \"Norway West\",\r\n        \"France South\",\r\n        \"South India\",\r\n        \"Jio India West\",\r\n        \"Canada East\",\r\n        \"West US 3\",\r\n        \"East US 2 EUAP\",\r\n        \"Korea South\",\r\n        \"Jio India Central\"\r\n      ],\r\n      \"apiVersions\": [\r\n        \"2020-08-01\",\r\n        \"2020-03-01-preview\",\r\n        \"2015-11-01-preview\"\r\n      ]\r\n    },\r\n    {\r\n      \"resourceType\": \"workspaces/linkedStorageAccounts\",\r\n      \"locations\": [\r\n        \"East US\",\r\n        \"West Europe\",\r\n        \"Southeast Asia\",\r\n        \"Australia Southeast\",\r\n        \"West Central US\",\r\n        \"Japan East\",\r\n        \"UK South\",\r\n        \"Central India\",\r\n        \"Canada Central\",\r\n        \"West US 2\",\r\n        \"Australia Central\",\r\n        \"Australia East\",\r\n        \"France Central\",\r\n        \"Korea Central\",\r\n        \"North Europe\",\r\n        \"Central US\",\r\n        \"East Asia\",\r\n        \"East US 2\",\r\n        \"South Central US\",\r\n        \"North Central US\",\r\n        \"West US\",\r\n        \"UK West\",\r\n        \"South Africa North\",\r\n        \"Brazil South\",\r\n        \"Switzerland North\",\r\n        \"Switzerland West\",\r\n        \"Germany West Central\",\r\n        \"Australia Central 2\",\r\n        \"UAE Central\",\r\n        \"UAE North\",\r\n        \"Japan West\",\r\n        \"Brazil Southeast\",\r\n        \"Norway East\",\r\n        \"Norway West\",\r\n        \"France South\",\r\n        \"South India\",\r\n        \"Jio India West\",\r\n        \"Canada East\",\r\n        \"West US 3\",\r\n        \"East US 2 EUAP\",\r\n        \"Korea South\",\r\n        \"Jio India Central\"\r\n      ],\r\n      \"apiVersions\": [\r\n        \"2020-08-01\",\r\n        \"2020-03-01-preview\",\r\n        \"2019-08-01-preview\"\r\n      ]\r\n    },\r\n    {\r\n      \"resourceType\": \"workspaces/tables\",\r\n      \"locations\": [\r\n        \"East US\",\r\n        \"West Europe\",\r\n        \"Southeast Asia\",\r\n        \"Australia Southeast\",\r\n        \"West Central US\",\r\n        \"Japan East\",\r\n        \"UK South\",\r\n        \"Central India\",\r\n        \"Canada Central\",\r\n        \"West US 2\",\r\n        \"Australia East\",\r\n        \"Australia Central\",\r\n        \"France Central\",\r\n        \"Korea Central\",\r\n        \"North Europe\",\r\n        \"Central US\",\r\n        \"East Asia\",\r\n        \"East US 2\",\r\n        \"South Central US\",\r\n        \"North Central US\",\r\n        \"West US\",\r\n        \"UK West\",\r\n        \"South Africa North\",\r\n        \"Brazil South\",\r\n        \"Switzerland North\",\r\n        \"Switzerland West\",\r\n        \"Germany West Central\",\r\n        \"Australia Central 2\",\r\n        \"UAE Central\",\r\n        \"UAE North\",\r\n        \"Japan West\",\r\n        \"Brazil Southeast\",\r\n        \"Norway East\",\r\n        \"Norway West\",\r\n        \"France South\",\r\n        \"South India\",\r\n        \"Jio India West\",\r\n        \"Canada East\",\r\n        \"West US 3\",\r\n        \"East US 2 EUAP\",\r\n        \"Korea South\",\r\n        \"Jio India Central\",\r\n        \"Sweden Central\",\r\n        \"Sweden South\"\r\n      ],\r\n      \"apiVersions\": [\r\n        \"2021-07-01-privatepreview\",\r\n        \"2021-03-01-privatepreview\",\r\n        \"2020-10-01\"\r\n      ]\r\n    },\r\n    {\r\n      \"resourceType\": \"workspaces/storageInsightConfigs\",\r\n      \"locations\": [\r\n        \"East US\",\r\n        \"West Europe\",\r\n        \"Southeast Asia\",\r\n        \"Australia Southeast\",\r\n        \"West Central US\",\r\n        \"Japan East\",\r\n        \"UK South\",\r\n        \"Central India\",\r\n        \"Canada Central\",\r\n        \"West US 2\",\r\n        \"Australia East\",\r\n        \"Australia Central\",\r\n        \"France Central\",\r\n        \"Korea Central\",\r\n        \"North Europe\",\r\n        \"Central US\",\r\n        \"East Asia\",\r\n        \"East US 2\",\r\n        \"South Central US\",\r\n        \"North Central US\",\r\n        \"West US\",\r\n        \"UK West\",\r\n        \"South Africa North\",\r\n        \"Brazil South\",\r\n        \"Switzerland North\",\r\n        \"Switzerland West\",\r\n        \"Germany West Central\",\r\n        \"Australia Central 2\",\r\n        \"UAE Central\",\r\n        \"UAE North\",\r\n        \"Japan West\",\r\n        \"Brazil Southeast\",\r\n        \"Norway East\",\r\n        \"Norway West\",\r\n        \"France South\",\r\n        \"South India\",\r\n        \"Jio India West\",\r\n        \"Canada East\",\r\n        \"West US 3\",\r\n        \"East US 2 EUAP\",\r\n        \"Korea South\",\r\n        \"Jio India Central\"\r\n      ],\r\n      \"apiVersions\": [\r\n        \"2020-08-01\",\r\n        \"2020-03-01-preview\",\r\n        \"2017-04-26-preview\",\r\n        \"2017-03-15-preview\",\r\n        \"2017-03-03-preview\",\r\n        \"2017-01-01-preview\",\r\n        \"2015-11-01-preview\",\r\n        \"2015-03-20\"\r\n      ]\r\n    },\r\n    {\r\n      \"resourceType\": \"storageInsightConfigs\",\r\n      \"locations\": [],\r\n      \"apiVersions\": [\r\n        \"2020-08-01\",\r\n        \"2020-03-01-preview\",\r\n        \"2014-10-10\"\r\n      ],\r\n      \"capabilities\": \"SupportsExtension\"\r\n    },\r\n    {\r\n      \"resourceType\": \"workspaces/linkedServices\",\r\n      \"locations\": [\r\n        \"East US\",\r\n        \"West Europe\",\r\n        \"Southeast Asia\",\r\n        \"Australia Southeast\",\r\n        \"West Central US\",\r\n        \"Japan East\",\r\n        \"UK South\",\r\n        \"Central India\",\r\n        \"Canada Central\",\r\n        \"West US 2\",\r\n        \"Australia Central\",\r\n        \"Australia East\",\r\n        \"France Central\",\r\n        \"Korea Central\",\r\n        \"North Europe\",\r\n        \"Central US\",\r\n        \"East Asia\",\r\n        \"East US 2\",\r\n        \"South Central US\",\r\n        \"North Central US\",\r\n        \"West US\",\r\n        \"UK West\",\r\n        \"South Africa North\",\r\n        \"Brazil South\",\r\n        \"Switzerland North\",\r\n        \"Switzerland West\",\r\n        \"Germany West Central\",\r\n        \"Australia Central 2\",\r\n        \"UAE Central\",\r\n        \"UAE North\",\r\n        \"Japan West\",\r\n        \"Brazil Southeast\",\r\n        \"Norway East\",\r\n        \"Norway West\",\r\n        \"France South\",\r\n        \"South India\",\r\n        \"Jio India West\",\r\n        \"Canada East\",\r\n        \"West US 3\",\r\n        \"East US 2 EUAP\",\r\n        \"Korea South\",\r\n        \"Jio India Central\"\r\n      ],\r\n      \"apiVersions\": [\r\n        \"2020-08-01\",\r\n        \"2020-03-01-preview\",\r\n        \"2019-08-01-preview\",\r\n        \"2015-11-01-preview\"\r\n      ]\r\n    },\r\n    {\r\n      \"resourceType\": \"linkTargets\",\r\n      \"locations\": [\r\n        \"East US\"\r\n      ],\r\n      \"apiVersions\": [\r\n        \"2020-03-01-preview\",\r\n        \"2015-03-20\"\r\n      ]\r\n    },\r\n    {\r\n      \"resourceType\": \"deletedWorkspaces\",\r\n      \"locations\": [\r\n        \"East US\",\r\n        \"West Europe\",\r\n        \"Southeast Asia\",\r\n        \"Australia Southeast\",\r\n        \"West Central US\",\r\n        \"Japan East\",\r\n        \"UK South\",\r\n        \"Central India\",\r\n        \"Canada Central\",\r\n        \"West US 2\",\r\n        \"Australia Central\",\r\n        \"Australia East\",\r\n        \"France Central\",\r\n        \"Korea Central\",\r\n        \"North Europe\",\r\n        \"Central US\",\r\n        \"East Asia\",\r\n        \"East US 2\",\r\n        \"South Central US\",\r\n        \"North Central US\",\r\n        \"West US\",\r\n        \"UK West\",\r\n        \"South Africa North\",\r\n        \"Brazil South\",\r\n        \"Switzerland North\",\r\n        \"Switzerland West\",\r\n        \"Germany West Central\",\r\n        \"Australia Central 2\",\r\n        \"UAE Central\",\r\n        \"UAE North\",\r\n        \"Japan West\",\r\n        \"Brazil Southeast\",\r\n        \"Norway East\",\r\n        \"Norway West\",\r\n        \"France South\",\r\n        \"South India\",\r\n        \"Jio India West\",\r\n        \"Canada East\",\r\n        \"West US 3\",\r\n        \"East US 2 EUAP\",\r\n        \"Korea South\",\r\n        \"Jio India Central\"\r\n      ],\r\n      \"apiVersions\": [\r\n        \"2020-10-01\",\r\n        \"2020-08-01\",\r\n        \"2020-03-01-preview\"\r\n      ]\r\n    },\r\n    {\r\n      \"resourceType\": \"operations\",\r\n      \"locations\": [],\r\n      \"apiVersions\": [\r\n        \"2020-10-01\",\r\n        \"2020-08-01\",\r\n        \"2020-03-01-preview\",\r\n        \"2015-11-01-preview\",\r\n        \"2014-11-10\"\r\n      ]\r\n    },\r\n    {\r\n      \"resourceType\": \"clusters\",\r\n      \"locations\": [\r\n        \"East US\",\r\n        \"West Europe\",\r\n        \"Southeast Asia\",\r\n        \"Australia Southeast\",\r\n        \"West Central US\",\r\n        \"Japan East\",\r\n        \"UK South\",\r\n        \"Central India\",\r\n        \"Canada Central\",\r\n        \"West US 2\",\r\n        \"Australia Central\",\r\n        \"Australia East\",\r\n        \"France Central\",\r\n        \"Korea Central\",\r\n        \"North Europe\",\r\n        \"Central US\",\r\n        \"East Asia\",\r\n        \"East US 2\",\r\n        \"South Central US\",\r\n        \"North Central US\",\r\n        \"West US\",\r\n        \"UK West\",\r\n        \"South Africa North\",\r\n        \"Switzerland North\",\r\n        \"Switzerland West\",\r\n        \"Germany West Central\",\r\n        \"Australia Central 2\",\r\n        \"UAE Central\",\r\n        \"Brazil South\",\r\n        \"UAE North\",\r\n        \"Japan West\",\r\n        \"Brazil Southeast\",\r\n        \"Norway East\",\r\n        \"Norway West\",\r\n        \"France South\",\r\n        \"South India\",\r\n        \"Jio India West\",\r\n        \"Canada East\",\r\n        \"West US 3\",\r\n        \"East US 2 EUAP\",\r\n        \"Korea South\",\r\n        \"Jio India Central\"\r\n      ],\r\n      \"apiVersions\": [\r\n        \"2021-06-01\",\r\n        \"2020-10-01\",\r\n        \"2020-08-01\",\r\n        \"2020-03-01-preview\",\r\n        \"2019-08-01-preview\"\r\n      ],\r\n      \"capabilities\": \"CrossResourceGroupResourceMove, CrossSubscriptionResourceMove, SystemAssignedResourceIdentity\"\r\n    },\r\n    {\r\n      \"resourceType\": \"workspaces/dataExports\",\r\n      \"locations\": [\r\n        \"East US\",\r\n        \"West Europe\",\r\n        \"Southeast Asia\",\r\n        \"Australia Southeast\",\r\n        \"West Central US\",\r\n        \"Japan East\",\r\n        \"UK South\",\r\n        \"Central India\",\r\n        \"Canada Central\",\r\n        \"West US 2\",\r\n        \"Australia Central\",\r\n        \"Australia East\",\r\n        \"France Central\",\r\n        \"Korea Central\",\r\n        \"North Europe\",\r\n        \"Central US\",\r\n        \"East Asia\",\r\n        \"East US 2\",\r\n        \"South Central US\",\r\n        \"North Central US\",\r\n        \"West US\",\r\n        \"UK West\",\r\n        \"South Africa North\",\r\n        \"Brazil South\",\r\n        \"Switzerland North\",\r\n        \"Switzerland West\",\r\n        \"Germany West Central\",\r\n        \"Australia Central 2\",\r\n        \"UAE Central\",\r\n        \"UAE North\",\r\n        \"Japan West\",\r\n        \"Brazil Southeast\",\r\n        \"Norway East\",\r\n        \"Norway West\",\r\n        \"France South\",\r\n        \"South India\",\r\n        \"Jio India West\",\r\n        \"Canada East\",\r\n        \"West US 3\",\r\n        \"East US 2 EUAP\",\r\n        \"Jio India Central\"\r\n      ],\r\n      \"apiVersions\": [\r\n        \"2020-08-01\",\r\n        \"2020-03-01-preview\",\r\n        \"2019-08-01-preview\"\r\n      ]\r\n    }\r\n  ],\r\n  \"registrationState\": \"Registered\"\r\n}",
      "StatusCode": 200
    },
    {
      "RequestUri": "/subscriptions/57947cb5-aadd-4b6c-9e8e-27f545bb7bf5/resourcegroups/ps9852?api-version=2016-09-01",
      "EncodedRequestUri": "L3N1YnNjcmlwdGlvbnMvNTc5NDdjYjUtYWFkZC00YjZjLTllOGUtMjdmNTQ1YmI3YmY1L3Jlc291cmNlZ3JvdXBzL3BzOTg1Mj9hcGktdmVyc2lvbj0yMDE2LTA5LTAx",
      "RequestMethod": "PUT",
      "RequestBody": "{\r\n  \"location\": \"East US\"\r\n}",
      "RequestHeaders": {
        "x-ms-client-request-id": [
          "63d29b18-4219-4640-a51a-c684b03d8b77"
        ],
        "Accept-Language": [
          "en-US"
        ],
        "User-Agent": [
          "FxVersion/4.6.30411.01",
          "OSName/Windows",
          "OSVersion/Microsoft.Windows.10.0.22000.",
          "Microsoft.Azure.Management.Internal.Resources.ResourceManagementClient/1.3.51"
        ],
        "Content-Type": [
          "application/json; charset=utf-8"
        ],
        "Content-Length": [
          "29"
        ]
      },
      "ResponseHeaders": {
        "Cache-Control": [
          "no-cache"
        ],
        "Pragma": [
          "no-cache"
        ],
        "x-ms-ratelimit-remaining-subscription-writes": [
          "1199"
        ],
        "x-ms-request-id": [
          "6beb283f-1280-4a5c-a672-5f622215ced1"
        ],
        "x-ms-correlation-request-id": [
          "6beb283f-1280-4a5c-a672-5f622215ced1"
        ],
        "x-ms-routing-request-id": [
          "NORTHEUROPE:20211115T065014Z:6beb283f-1280-4a5c-a672-5f622215ced1"
        ],
        "Strict-Transport-Security": [
          "max-age=31536000; includeSubDomains"
        ],
        "X-Content-Type-Options": [
          "nosniff"
        ],
        "Date": [
          "Mon, 15 Nov 2021 06:50:13 GMT"
        ],
        "Content-Length": [
          "165"
        ],
        "Content-Type": [
          "application/json; charset=utf-8"
        ],
        "Expires": [
          "-1"
        ]
      },
      "ResponseBody": "{\r\n  \"id\": \"/subscriptions/57947cb5-aadd-4b6c-9e8e-27f545bb7bf5/resourceGroups/ps9852\",\r\n  \"name\": \"ps9852\",\r\n  \"location\": \"eastus\",\r\n  \"properties\": {\r\n    \"provisioningState\": \"Succeeded\"\r\n  }\r\n}",
      "StatusCode": 201
    },
    {
      "RequestUri": "/subscriptions/57947cb5-aadd-4b6c-9e8e-27f545bb7bf5/resourcegroups/ps9852/providers/Microsoft.OperationalInsights/workspaces/AzTestps8502?api-version=2020-10-01",
      "EncodedRequestUri": "L3N1YnNjcmlwdGlvbnMvNTc5NDdjYjUtYWFkZC00YjZjLTllOGUtMjdmNTQ1YmI3YmY1L3Jlc291cmNlZ3JvdXBzL3BzOTg1Mi9wcm92aWRlcnMvTWljcm9zb2Z0Lk9wZXJhdGlvbmFsSW5zaWdodHMvd29ya3NwYWNlcy9BelRlc3Rwczg1MDI/YXBpLXZlcnNpb249MjAyMC0xMC0wMQ==",
      "RequestMethod": "PUT",
      "RequestBody": "{\r\n  \"properties\": {\r\n    \"sku\": {\r\n      \"name\": \"pergb2018\"\r\n    },\r\n    \"features\": {}\r\n  },\r\n  \"tags\": {\r\n    \"tag1\": \"val1\"\r\n  },\r\n  \"location\": \"East US\"\r\n}",
      "RequestHeaders": {
        "x-ms-client-request-id": [
          "8a93c174-7025-4b6f-9256-88d2b31ececc"
        ],
        "Accept-Language": [
          "en-US"
        ],
        "User-Agent": [
          "FxVersion/4.6.30411.01",
          "OSName/Windows",
          "OSVersion/Microsoft.Windows.10.0.22000.",
          "Microsoft.Azure.Management.OperationalInsights.OperationalInsightsManagementClient/0.24.0.0"
        ],
        "Content-Type": [
          "application/json; charset=utf-8"
        ],
        "Content-Length": [
          "162"
        ]
      },
      "ResponseHeaders": {
        "Cache-Control": [
          "no-cache"
        ],
        "Pragma": [
          "no-cache"
        ],
        "x-ms-request-id": [
          "eb3b33ab-b9e0-4447-86cd-ed303f5a3b16"
        ],
        "Strict-Transport-Security": [
          "max-age=31536000; includeSubDomains"
        ],
        "X-Content-Type-Options": [
          "nosniff"
        ],
        "Server": [
          "Microsoft-IIS/10.0",
          "Microsoft-IIS/10.0"
        ],
        "X-Powered-By": [
          "ASP.NET",
          "ASP.NET"
        ],
        "x-ms-ratelimit-remaining-subscription-writes": [
          "1197"
        ],
        "x-ms-correlation-request-id": [
          "5c0a2569-e08a-4a47-ba04-e3e073527df4"
        ],
        "x-ms-routing-request-id": [
          "NORTHEUROPE:20211115T065018Z:5c0a2569-e08a-4a47-ba04-e3e073527df4"
        ],
        "Date": [
          "Mon, 15 Nov 2021 06:50:18 GMT"
        ],
        "Content-Length": [
          "1088"
        ],
        "Content-Type": [
          "application/json"
        ]
      },
      "ResponseBody": "{\r\n  \"properties\": {\r\n    \"source\": \"Azure\",\r\n    \"customerId\": \"e50313bb-e1b9-4893-934e-f8b1d9164322\",\r\n    \"provisioningState\": \"Creating\",\r\n    \"sku\": {\r\n      \"name\": \"pergb2018\",\r\n      \"lastSkuUpdate\": \"Mon, 15 Nov 2021 06:50:17 GMT\"\r\n    },\r\n    \"retentionInDays\": 30,\r\n    \"features\": {\r\n      \"legacy\": 0,\r\n      \"searchVersion\": 1,\r\n      \"enableLogAccessUsingOnlyResourcePermissions\": true\r\n    },\r\n    \"workspaceCapping\": {\r\n      \"dailyQuotaGb\": -1.0,\r\n      \"quotaNextResetTime\": \"Mon, 15 Nov 2021 19:00:00 GMT\",\r\n      \"dataIngestionStatus\": \"RespectQuota\"\r\n    },\r\n    \"publicNetworkAccessForIngestion\": \"Enabled\",\r\n    \"publicNetworkAccessForQuery\": \"Enabled\",\r\n    \"createdDate\": \"Mon, 15 Nov 2021 06:50:17 GMT\",\r\n    \"modifiedDate\": \"Mon, 15 Nov 2021 06:50:17 GMT\"\r\n  },\r\n  \"id\": \"/subscriptions/57947cb5-aadd-4b6c-9e8e-27f545bb7bf5/resourcegroups/ps9852/providers/microsoft.operationalinsights/workspaces/aztestps8502\",\r\n  \"name\": \"AzTestps8502\",\r\n  \"type\": \"Microsoft.OperationalInsights/workspaces\",\r\n  \"location\": \"East US\",\r\n  \"tags\": {\r\n    \"tag1\": \"val1\"\r\n  }\r\n}",
      "StatusCode": 201
    },
    {
      "RequestUri": "/subscriptions/57947cb5-aadd-4b6c-9e8e-27f545bb7bf5/resourcegroups/ps9852/providers/Microsoft.OperationalInsights/workspaces/AzTestps8502?api-version=2020-10-01",
      "EncodedRequestUri": "L3N1YnNjcmlwdGlvbnMvNTc5NDdjYjUtYWFkZC00YjZjLTllOGUtMjdmNTQ1YmI3YmY1L3Jlc291cmNlZ3JvdXBzL3BzOTg1Mi9wcm92aWRlcnMvTWljcm9zb2Z0Lk9wZXJhdGlvbmFsSW5zaWdodHMvd29ya3NwYWNlcy9BelRlc3Rwczg1MDI/YXBpLXZlcnNpb249MjAyMC0xMC0wMQ==",
      "RequestMethod": "GET",
      "RequestBody": "",
      "RequestHeaders": {
        "x-ms-client-request-id": [
          "8a93c174-7025-4b6f-9256-88d2b31ececc"
        ],
        "User-Agent": [
          "FxVersion/4.6.30411.01",
          "OSName/Windows",
          "OSVersion/Microsoft.Windows.10.0.22000.",
          "Microsoft.Azure.Management.OperationalInsights.OperationalInsightsManagementClient/0.24.0.0"
        ]
      },
      "ResponseHeaders": {
        "Cache-Control": [
          "no-cache"
        ],
        "Pragma": [
          "no-cache"
        ],
        "x-ms-request-id": [
          "62083020-7db2-4acc-827b-f3a2316a1435"
        ],
        "Strict-Transport-Security": [
          "max-age=31536000; includeSubDomains"
        ],
        "X-Content-Type-Options": [
          "nosniff"
        ],
        "Server": [
          "Microsoft-IIS/10.0",
          "Microsoft-IIS/10.0"
        ],
        "X-Powered-By": [
          "ASP.NET",
          "ASP.NET"
        ],
        "x-ms-ratelimit-remaining-subscription-reads": [
          "11995"
        ],
        "x-ms-correlation-request-id": [
          "bda4f6b9-251c-41a8-92d2-c9d0f9b130fe"
        ],
        "x-ms-routing-request-id": [
          "NORTHEUROPE:20211115T065048Z:bda4f6b9-251c-41a8-92d2-c9d0f9b130fe"
        ],
        "Date": [
          "Mon, 15 Nov 2021 06:50:48 GMT"
        ],
        "Content-Length": [
          "1089"
        ],
        "Content-Type": [
          "application/json"
        ]
      },
      "ResponseBody": "{\r\n  \"properties\": {\r\n    \"source\": \"Azure\",\r\n    \"customerId\": \"e50313bb-e1b9-4893-934e-f8b1d9164322\",\r\n    \"provisioningState\": \"Succeeded\",\r\n    \"sku\": {\r\n      \"name\": \"pergb2018\",\r\n      \"lastSkuUpdate\": \"Mon, 15 Nov 2021 06:50:17 GMT\"\r\n    },\r\n    \"retentionInDays\": 30,\r\n    \"features\": {\r\n      \"legacy\": 0,\r\n      \"searchVersion\": 1,\r\n      \"enableLogAccessUsingOnlyResourcePermissions\": true\r\n    },\r\n    \"workspaceCapping\": {\r\n      \"dailyQuotaGb\": -1.0,\r\n      \"quotaNextResetTime\": \"Mon, 15 Nov 2021 19:00:00 GMT\",\r\n      \"dataIngestionStatus\": \"RespectQuota\"\r\n    },\r\n    \"publicNetworkAccessForIngestion\": \"Enabled\",\r\n    \"publicNetworkAccessForQuery\": \"Enabled\",\r\n    \"createdDate\": \"Mon, 15 Nov 2021 06:50:17 GMT\",\r\n    \"modifiedDate\": \"Mon, 15 Nov 2021 06:50:18 GMT\"\r\n  },\r\n  \"id\": \"/subscriptions/57947cb5-aadd-4b6c-9e8e-27f545bb7bf5/resourcegroups/ps9852/providers/microsoft.operationalinsights/workspaces/aztestps8502\",\r\n  \"name\": \"AzTestps8502\",\r\n  \"type\": \"Microsoft.OperationalInsights/workspaces\",\r\n  \"location\": \"East US\",\r\n  \"tags\": {\r\n    \"tag1\": \"val1\"\r\n  }\r\n}",
      "StatusCode": 200
    },
    {
      "RequestUri": "/subscriptions/57947cb5-aadd-4b6c-9e8e-27f545bb7bf5/resourcegroups/ps9852/providers/Microsoft.OperationalInsights/workspaces/AzTestps8502/intelligencePacks?api-version=2020-08-01",
      "EncodedRequestUri": "L3N1YnNjcmlwdGlvbnMvNTc5NDdjYjUtYWFkZC00YjZjLTllOGUtMjdmNTQ1YmI3YmY1L3Jlc291cmNlZ3JvdXBzL3BzOTg1Mi9wcm92aWRlcnMvTWljcm9zb2Z0Lk9wZXJhdGlvbmFsSW5zaWdodHMvd29ya3NwYWNlcy9BelRlc3Rwczg1MDIvaW50ZWxsaWdlbmNlUGFja3M/YXBpLXZlcnNpb249MjAyMC0wOC0wMQ==",
      "RequestMethod": "GET",
      "RequestBody": "",
      "RequestHeaders": {
        "x-ms-client-request-id": [
          "09dfd8f4-4c42-4719-abbf-0d6cc456b572"
        ],
        "Accept-Language": [
          "en-US"
        ],
        "User-Agent": [
          "FxVersion/4.6.30411.01",
          "OSName/Windows",
          "OSVersion/Microsoft.Windows.10.0.22000.",
          "Microsoft.Azure.Management.OperationalInsights.OperationalInsightsManagementClient/0.24.0.0"
        ]
      },
      "ResponseHeaders": {
        "Cache-Control": [
          "no-cache"
        ],
        "Pragma": [
          "no-cache"
        ],
        "X-AMS-APIVersion": [
          "WebAPI1.0"
        ],
        "CacheControl": [
          "no-cache"
        ],
        "x-ms-request-id": [
          "3dc1182d-025a-41a3-a3c2-fc5ab9ea6f00"
        ],
        "Strict-Transport-Security": [
          "max-age=31536000; includeSubDomains"
        ],
        "X-Content-Type-Options": [
          "nosniff"
        ],
        "Server": [
          "Microsoft-IIS/10.0",
          "Microsoft-IIS/10.0"
        ],
        "X-Powered-By": [
          "ASP.NET",
          "ASP.NET"
        ],
        "x-ms-ratelimit-remaining-subscription-reads": [
          "11994"
        ],
        "x-ms-correlation-request-id": [
          "03d6a316-831b-4636-bd71-9bdc78456bd5"
        ],
        "x-ms-routing-request-id": [
          "NORTHEUROPE:20211115T065048Z:03d6a316-831b-4636-bd71-9bdc78456bd5"
        ],
        "Date": [
          "Mon, 15 Nov 2021 06:50:48 GMT"
        ],
        "Content-Length": [
          "8996"
        ],
        "Content-Type": [
          "application/json; charset=utf-8"
        ],
        "Expires": [
          "-1"
        ]
      },
      "ResponseBody": "[\r\n  {\r\n    \"name\": \"CapacityPerformance\",\r\n    \"enabled\": false,\r\n    \"displayname\": \"Capacity and Performance\"\r\n  },\r\n  {\r\n    \"name\": \"AzureWebAppsAnalytics\",\r\n    \"enabled\": false,\r\n    \"displayname\": \"Azure Web Apps Analytics (Preview)\"\r\n  },\r\n  {\r\n    \"name\": \"BehaviorAnalyticsInsights\",\r\n    \"enabled\": false,\r\n    \"displayname\": \"BehaviorAnalyticsInsights_DisplayName_TBD\"\r\n  },\r\n  {\r\n    \"name\": \"Security\",\r\n    \"enabled\": false,\r\n    \"displayname\": \"Security and Audit\"\r\n  },\r\n  {\r\n    \"name\": \"Updates\",\r\n    \"enabled\": false,\r\n    \"displayname\": \"Update Management\"\r\n  },\r\n  {\r\n    \"name\": \"AntiMalware\",\r\n    \"enabled\": false,\r\n    \"displayname\": \"Antimalware Assessment\"\r\n  },\r\n  {\r\n    \"name\": \"LogManagement\",\r\n    \"enabled\": true,\r\n    \"displayname\": \"Log Management\",\r\n    \"modifiedDate\": \"Mon, 15 Nov 2021 06:50:17 GMT\",\r\n    \"createdDate\": \"Mon, 15 Nov 2021 06:50:17 GMT\"\r\n  },\r\n  {\r\n    \"name\": \"AzureResources\",\r\n    \"enabled\": true,\r\n    \"displayname\": \"Azure Resources\"\r\n  },\r\n  {\r\n    \"name\": \"ChangeTracking\",\r\n    \"enabled\": false,\r\n    \"displayname\": \"Change Tracking\"\r\n  },\r\n  {\r\n    \"name\": \"SQLAssessment\",\r\n    \"enabled\": false,\r\n    \"displayname\": \"SQL Health Check\"\r\n  },\r\n  {\r\n    \"name\": \"SCOMAssessment\",\r\n    \"enabled\": false,\r\n    \"displayname\": \"System Center Operations Manager Health Check\"\r\n  },\r\n  {\r\n    \"name\": \"ServiceDesk\",\r\n    \"enabled\": false,\r\n    \"displayname\": \"IT Service Management Connector(Preview)\"\r\n  },\r\n  {\r\n    \"name\": \"SQLAssessmentPlus\",\r\n    \"enabled\": false,\r\n    \"displayname\": \"SQL Server Assessment\"\r\n  },\r\n  {\r\n    \"name\": \"ADAssessment\",\r\n    \"enabled\": false,\r\n    \"displayname\": \"Active Directory Health Check\"\r\n  },\r\n  {\r\n    \"name\": \"AlertManagement\",\r\n    \"enabled\": false,\r\n    \"displayname\": \"Alert Management\"\r\n  },\r\n  {\r\n    \"name\": \"AzureAutomation\",\r\n    \"enabled\": false,\r\n    \"displayname\": \"Azure Automation\"\r\n  },\r\n  {\r\n    \"name\": \"WireData\",\r\n    \"enabled\": false,\r\n    \"displayname\": \"Wire Data\"\r\n  },\r\n  {\r\n    \"name\": \"SiteRecovery\",\r\n    \"enabled\": false,\r\n    \"displayname\": \"Azure Site Recovery\"\r\n  },\r\n  {\r\n    \"name\": \"Backup\",\r\n    \"enabled\": false,\r\n    \"displayname\": \"Backup\"\r\n  },\r\n  {\r\n    \"name\": \"SurfaceHub\",\r\n    \"enabled\": false,\r\n    \"displayname\": \"Surface Hub\"\r\n  },\r\n  {\r\n    \"name\": \"NetworkMonitoring\",\r\n    \"enabled\": false,\r\n    \"displayname\": \"Network Performance Monitor\"\r\n  },\r\n  {\r\n    \"name\": \"Containers\",\r\n    \"enabled\": false,\r\n    \"displayname\": \"Container Monitoring Solution\"\r\n  },\r\n  {\r\n    \"name\": \"ContainerInsights\",\r\n    \"enabled\": false,\r\n    \"displayname\": \"Container Insights\"\r\n  },\r\n  {\r\n    \"name\": \"AppDependencyMonitor\",\r\n    \"enabled\": false,\r\n    \"displayname\": \"Application Dependency Monitor\"\r\n  },\r\n  {\r\n    \"name\": \"ServiceMap\",\r\n    \"enabled\": false,\r\n    \"displayname\": \"Service Map\"\r\n  },\r\n  {\r\n    \"name\": \"AzureNetworking\",\r\n    \"enabled\": false,\r\n    \"displayname\": \"Azure Networking Analytics (Deprecated)\"\r\n  },\r\n  {\r\n    \"name\": \"ADReplication\",\r\n    \"enabled\": false,\r\n    \"displayname\": \"AD Replication Status\"\r\n  },\r\n  {\r\n    \"name\": \"Office365\",\r\n    \"enabled\": false,\r\n    \"displayname\": \"Office 365 (Preview)\"\r\n  },\r\n  {\r\n    \"name\": \"CompatibilityAssessment\",\r\n    \"enabled\": false,\r\n    \"displayname\": \"Upgrade Readiness\"\r\n  },\r\n  {\r\n    \"name\": \"KeyVault\",\r\n    \"enabled\": false,\r\n    \"displayname\": \"Key Vault (Deprecated)\"\r\n  },\r\n  {\r\n    \"name\": \"ServiceFabric\",\r\n    \"enabled\": false,\r\n    \"displayname\": \"Service Fabric\"\r\n  },\r\n  {\r\n    \"name\": \"DnsAnalytics\",\r\n    \"enabled\": false,\r\n    \"displayname\": \"DNS Analytics (Preview)\"\r\n  },\r\n  {\r\n    \"name\": \"ApplicationInsights\",\r\n    \"enabled\": false,\r\n    \"displayname\": \"Application Insights (Preview)\"\r\n  },\r\n  {\r\n    \"name\": \"WireData2\",\r\n    \"enabled\": false,\r\n    \"displayname\": \"Wire Data 2.0\"\r\n  },\r\n  {\r\n    \"name\": \"WaaSUpdateInsights\",\r\n    \"enabled\": false,\r\n    \"displayname\": \"Update Compliance\"\r\n  },\r\n  {\r\n    \"name\": \"AgentHealthAssessment\",\r\n    \"enabled\": false,\r\n    \"displayname\": \"Agent Health \"\r\n  },\r\n  {\r\n    \"name\": \"AzureActivity\",\r\n    \"enabled\": false,\r\n    \"displayname\": \"Activity Log Analytics\"\r\n  },\r\n  {\r\n    \"name\": \"HDInsight\",\r\n    \"enabled\": false,\r\n    \"displayname\": \"HDInsight HBase Monitoring (Preview)\"\r\n  },\r\n  {\r\n    \"name\": \"HDInsightKafka\",\r\n    \"enabled\": false,\r\n    \"displayname\": \"HDInsight Kafka Monitoring\"\r\n  },\r\n  {\r\n    \"name\": \"HDInsightSpark\",\r\n    \"enabled\": false,\r\n    \"displayname\": \"HDInsight Spark Monitoring\"\r\n  },\r\n  {\r\n    \"name\": \"HDInsightHadoop\",\r\n    \"enabled\": false,\r\n    \"displayname\": \"HDInsight Hadoop Monitoring\"\r\n  },\r\n  {\r\n    \"name\": \"AzureCdnCoreAnalytics\",\r\n    \"enabled\": false,\r\n    \"displayname\": \"Azure CDN Core Analytics\"\r\n  },\r\n  {\r\n    \"name\": \"HDInsightStorm\",\r\n    \"enabled\": false,\r\n    \"displayname\": \"HDInsight Storm Monitoring\"\r\n  },\r\n  {\r\n    \"name\": \"HDInsightInteractiveQuery\",\r\n    \"enabled\": false,\r\n    \"displayname\": \"HDInsight InteractiveQuery Monitoring\"\r\n  },\r\n  {\r\n    \"name\": \"VMware\",\r\n    \"enabled\": false,\r\n    \"displayname\": \"VMware (Preview)\"\r\n  },\r\n  {\r\n    \"name\": \"SecurityCenterFree\",\r\n    \"enabled\": false,\r\n    \"displayname\": \"Security Center Free â€“ for Azure Resources only\"\r\n  },\r\n  {\r\n    \"name\": \"LogicAppsManagement\",\r\n    \"enabled\": false,\r\n    \"displayname\": \"Logic Apps Management\"\r\n  },\r\n  {\r\n    \"name\": \"LogicAppB2B\",\r\n    \"enabled\": false,\r\n    \"displayname\": \"Logic Apps B2B\"\r\n  },\r\n  {\r\n    \"name\": \"AzureSQLAnalytics\",\r\n    \"enabled\": false,\r\n    \"displayname\": \"Azure SQL Analytics (Preview)\"\r\n  },\r\n  {\r\n    \"name\": \"KeyVaultAnalytics\",\r\n    \"enabled\": false,\r\n    \"displayname\": \"Key Vault Analytics\"\r\n  },\r\n  {\r\n    \"name\": \"AzureNSGAnalytics\",\r\n    \"enabled\": false,\r\n    \"displayname\": \"Azure Network Security Group Analytics\"\r\n  },\r\n  {\r\n    \"name\": \"AzureAppGatewayAnalytics\",\r\n    \"enabled\": false,\r\n    \"displayname\": \"Azure Application Gateway Analytics\"\r\n  },\r\n  {\r\n    \"name\": \"DeviceHealthProd\",\r\n    \"enabled\": false,\r\n    \"displayname\": \"Device Health (Preview)\"\r\n  },\r\n  {\r\n    \"name\": \"WindowsDefenderATP\",\r\n    \"enabled\": false,\r\n    \"displayname\": \"Windows Defender ATP\"\r\n  },\r\n  {\r\n    \"name\": \"WindowsDefenderATPStable\",\r\n    \"enabled\": false,\r\n    \"displayname\": \"Stable Windows Defender ATP\"\r\n  },\r\n  {\r\n    \"name\": \"InfrastructureInsights\",\r\n    \"enabled\": false,\r\n    \"displayname\": \"Infrastructure Insights\"\r\n  },\r\n  {\r\n    \"name\": \"ProcessInvestigator\",\r\n    \"enabled\": false,\r\n    \"displayname\": \"ProcessInvestigator\"\r\n  },\r\n  {\r\n    \"name\": \"Microsoft365Analytics\",\r\n    \"enabled\": false,\r\n    \"displayname\": \"Microsoft 365 Analytics\"\r\n  },\r\n  {\r\n    \"name\": \"ASRAnalytics\",\r\n    \"enabled\": false,\r\n    \"displayname\": \"Azure Site Recovery Analytics\"\r\n  },\r\n  {\r\n    \"name\": \"AzureSentinelPrivatePreview\",\r\n    \"enabled\": false,\r\n    \"displayname\": \"Azure Sentinel (Private Preview)\"\r\n  },\r\n  {\r\n    \"name\": \"AzureSentinelDSRE\",\r\n    \"enabled\": false,\r\n    \"displayname\": \"AzureSentinel DSRE\"\r\n  },\r\n  {\r\n    \"name\": \"SecurityInsights\",\r\n    \"enabled\": false,\r\n    \"displayname\": \"Security Insights\"\r\n  },\r\n  {\r\n    \"name\": \"SecurityCenterNetworkTraffic\",\r\n    \"enabled\": false,\r\n    \"displayname\": \"Security Center Network Traffic\"\r\n  },\r\n  {\r\n    \"name\": \"WindowsFirewall\",\r\n    \"enabled\": false,\r\n    \"displayname\": \"Windows Firewall\"\r\n  },\r\n  {\r\n    \"name\": \"WindowsEventForwarding\",\r\n    \"enabled\": false,\r\n    \"displayname\": \"Windows Event Forwarding\"\r\n  },\r\n  {\r\n    \"name\": \"InternalWindowsEvent\",\r\n    \"enabled\": false,\r\n    \"displayname\": \"Internal Windows Event\"\r\n  },\r\n  {\r\n    \"name\": \"CustomizedWindowsEventsFiltering\",\r\n    \"enabled\": false,\r\n    \"displayname\": \"Customized Windows Events Filtering\"\r\n  },\r\n  {\r\n    \"name\": \"WEFInternalUat\",\r\n    \"enabled\": false,\r\n    \"displayname\": \"WEF Internal Uat\"\r\n  },\r\n  {\r\n    \"name\": \"WEFInternal\",\r\n    \"enabled\": false,\r\n    \"displayname\": \"WEF Internal\"\r\n  },\r\n  {\r\n    \"name\": \"WEF_10x\",\r\n    \"enabled\": false,\r\n    \"displayname\": \"WEF_10x\"\r\n  },\r\n  {\r\n    \"name\": \"WEF_10xDSRE\",\r\n    \"enabled\": false,\r\n    \"displayname\": \"WEF_10xDSRE\"\r\n  },\r\n  {\r\n    \"name\": \"DHCPActivity\",\r\n    \"enabled\": false,\r\n    \"displayname\": \"DHCPActivity\"\r\n  },\r\n  {\r\n    \"name\": \"AzureDataFactoryAnalytics\",\r\n    \"enabled\": false,\r\n    \"displayname\": \"Azure Data Factory Analytics (Preview)\"\r\n  },\r\n  {\r\n    \"name\": \"AzureSecurityOfThings\",\r\n    \"enabled\": false,\r\n    \"displayname\": \"Azure Security of Things solution\"\r\n  },\r\n  {\r\n    \"name\": \"SQLVulnerabilityAssessment\",\r\n    \"enabled\": false,\r\n    \"displayname\": \"SQL Vulnerability Assessment\"\r\n  },\r\n  {\r\n    \"name\": \"SQLAdvancedThreatProtection\",\r\n    \"enabled\": false,\r\n    \"displayname\": \"SQL Advanced Threat Protection\"\r\n  },\r\n  {\r\n    \"name\": \"VMInsights\",\r\n    \"enabled\": false,\r\n    \"displayname\": \"Azure Monitor - VM Insights\"\r\n  },\r\n  {\r\n    \"name\": \"WinLog\",\r\n    \"enabled\": false,\r\n    \"displayname\": \"WinLog\"\r\n  },\r\n  {\r\n    \"name\": \"NetFlow\",\r\n    \"enabled\": false,\r\n    \"displayname\": \"NetFlow\"\r\n  }\r\n]",
      "StatusCode": 200
    },
    {
      "RequestUri": "/subscriptions/57947cb5-aadd-4b6c-9e8e-27f545bb7bf5/resourcegroups/ps9852/providers/Microsoft.OperationalInsights/workspaces/AzTestps8502/intelligencePacks?api-version=2020-08-01",
      "EncodedRequestUri": "L3N1YnNjcmlwdGlvbnMvNTc5NDdjYjUtYWFkZC00YjZjLTllOGUtMjdmNTQ1YmI3YmY1L3Jlc291cmNlZ3JvdXBzL3BzOTg1Mi9wcm92aWRlcnMvTWljcm9zb2Z0Lk9wZXJhdGlvbmFsSW5zaWdodHMvd29ya3NwYWNlcy9BelRlc3Rwczg1MDIvaW50ZWxsaWdlbmNlUGFja3M/YXBpLXZlcnNpb249MjAyMC0wOC0wMQ==",
      "RequestMethod": "GET",
      "RequestBody": "",
      "RequestHeaders": {
        "x-ms-client-request-id": [
          "e26f6fb5-1436-4d2b-917b-19dee79ea5bf"
        ],
        "Accept-Language": [
          "en-US"
        ],
        "User-Agent": [
          "FxVersion/4.6.30411.01",
          "OSName/Windows",
          "OSVersion/Microsoft.Windows.10.0.22000.",
          "Microsoft.Azure.Management.OperationalInsights.OperationalInsightsManagementClient/0.24.0.0"
        ]
      },
      "ResponseHeaders": {
        "Cache-Control": [
          "no-cache"
        ],
        "Pragma": [
          "no-cache"
        ],
        "X-AMS-APIVersion": [
          "WebAPI1.0"
        ],
        "CacheControl": [
          "no-cache"
        ],
        "x-ms-request-id": [
          "ab63c92b-76c6-49f1-b522-17418c1474e0"
        ],
        "Strict-Transport-Security": [
          "max-age=31536000; includeSubDomains"
        ],
        "X-Content-Type-Options": [
          "nosniff"
        ],
        "Server": [
          "Microsoft-IIS/10.0",
          "Microsoft-IIS/10.0"
        ],
        "X-Powered-By": [
          "ASP.NET",
          "ASP.NET"
        ],
        "x-ms-ratelimit-remaining-subscription-reads": [
          "11993"
        ],
        "x-ms-correlation-request-id": [
          "607d2eb1-b801-4a8b-8b08-9924f1629c92"
        ],
        "x-ms-routing-request-id": [
          "NORTHEUROPE:20211115T065049Z:607d2eb1-b801-4a8b-8b08-9924f1629c92"
        ],
        "Date": [
          "Mon, 15 Nov 2021 06:50:48 GMT"
        ],
        "Content-Length": [
          "9102"
        ],
        "Content-Type": [
          "application/json; charset=utf-8"
        ],
        "Expires": [
          "-1"
        ]
      },
      "ResponseBody": "[\r\n  {\r\n    \"name\": \"CapacityPerformance\",\r\n    \"enabled\": false,\r\n    \"displayname\": \"Capacity and Performance\"\r\n  },\r\n  {\r\n    \"name\": \"AzureWebAppsAnalytics\",\r\n    \"enabled\": false,\r\n    \"displayname\": \"Azure Web Apps Analytics (Preview)\"\r\n  },\r\n  {\r\n    \"name\": \"BehaviorAnalyticsInsights\",\r\n    \"enabled\": false,\r\n    \"displayname\": \"BehaviorAnalyticsInsights_DisplayName_TBD\"\r\n  },\r\n  {\r\n    \"name\": \"Security\",\r\n    \"enabled\": false,\r\n    \"displayname\": \"Security and Audit\"\r\n  },\r\n  {\r\n    \"name\": \"Updates\",\r\n    \"enabled\": false,\r\n    \"displayname\": \"Update Management\"\r\n  },\r\n  {\r\n    \"name\": \"AntiMalware\",\r\n    \"enabled\": false,\r\n    \"displayname\": \"Antimalware Assessment\"\r\n  },\r\n  {\r\n    \"name\": \"LogManagement\",\r\n    \"enabled\": true,\r\n    \"displayname\": \"Log Management\",\r\n    \"modifiedDate\": \"Mon, 15 Nov 2021 06:50:17 GMT\",\r\n    \"createdDate\": \"Mon, 15 Nov 2021 06:50:17 GMT\"\r\n  },\r\n  {\r\n    \"name\": \"AzureResources\",\r\n    \"enabled\": true,\r\n    \"displayname\": \"Azure Resources\"\r\n  },\r\n  {\r\n    \"name\": \"ChangeTracking\",\r\n    \"enabled\": true,\r\n    \"displayname\": \"Change Tracking\",\r\n    \"modifiedDate\": \"Mon, 15 Nov 2021 06:50:48 GMT\",\r\n    \"createdDate\": \"Mon, 15 Nov 2021 06:50:48 GMT\"\r\n  },\r\n  {\r\n    \"name\": \"SQLAssessment\",\r\n    \"enabled\": false,\r\n    \"displayname\": \"SQL Health Check\"\r\n  },\r\n  {\r\n    \"name\": \"SCOMAssessment\",\r\n    \"enabled\": false,\r\n    \"displayname\": \"System Center Operations Manager Health Check\"\r\n  },\r\n  {\r\n    \"name\": \"ServiceDesk\",\r\n    \"enabled\": false,\r\n    \"displayname\": \"IT Service Management Connector(Preview)\"\r\n  },\r\n  {\r\n    \"name\": \"SQLAssessmentPlus\",\r\n    \"enabled\": false,\r\n    \"displayname\": \"SQL Server Assessment\"\r\n  },\r\n  {\r\n    \"name\": \"ADAssessment\",\r\n    \"enabled\": false,\r\n    \"displayname\": \"Active Directory Health Check\"\r\n  },\r\n  {\r\n    \"name\": \"AlertManagement\",\r\n    \"enabled\": false,\r\n    \"displayname\": \"Alert Management\"\r\n  },\r\n  {\r\n    \"name\": \"AzureAutomation\",\r\n    \"enabled\": false,\r\n    \"displayname\": \"Azure Automation\"\r\n  },\r\n  {\r\n    \"name\": \"WireData\",\r\n    \"enabled\": false,\r\n    \"displayname\": \"Wire Data\"\r\n  },\r\n  {\r\n    \"name\": \"SiteRecovery\",\r\n    \"enabled\": false,\r\n    \"displayname\": \"Azure Site Recovery\"\r\n  },\r\n  {\r\n    \"name\": \"Backup\",\r\n    \"enabled\": false,\r\n    \"displayname\": \"Backup\"\r\n  },\r\n  {\r\n    \"name\": \"SurfaceHub\",\r\n    \"enabled\": false,\r\n    \"displayname\": \"Surface Hub\"\r\n  },\r\n  {\r\n    \"name\": \"NetworkMonitoring\",\r\n    \"enabled\": false,\r\n    \"displayname\": \"Network Performance Monitor\"\r\n  },\r\n  {\r\n    \"name\": \"Containers\",\r\n    \"enabled\": false,\r\n    \"displayname\": \"Container Monitoring Solution\"\r\n  },\r\n  {\r\n    \"name\": \"ContainerInsights\",\r\n    \"enabled\": false,\r\n    \"displayname\": \"Container Insights\"\r\n  },\r\n  {\r\n    \"name\": \"AppDependencyMonitor\",\r\n    \"enabled\": false,\r\n    \"displayname\": \"Application Dependency Monitor\"\r\n  },\r\n  {\r\n    \"name\": \"ServiceMap\",\r\n    \"enabled\": false,\r\n    \"displayname\": \"Service Map\"\r\n  },\r\n  {\r\n    \"name\": \"AzureNetworking\",\r\n    \"enabled\": false,\r\n    \"displayname\": \"Azure Networking Analytics (Deprecated)\"\r\n  },\r\n  {\r\n    \"name\": \"ADReplication\",\r\n    \"enabled\": false,\r\n    \"displayname\": \"AD Replication Status\"\r\n  },\r\n  {\r\n    \"name\": \"Office365\",\r\n    \"enabled\": false,\r\n    \"displayname\": \"Office 365 (Preview)\"\r\n  },\r\n  {\r\n    \"name\": \"CompatibilityAssessment\",\r\n    \"enabled\": false,\r\n    \"displayname\": \"Upgrade Readiness\"\r\n  },\r\n  {\r\n    \"name\": \"KeyVault\",\r\n    \"enabled\": false,\r\n    \"displayname\": \"Key Vault (Deprecated)\"\r\n  },\r\n  {\r\n    \"name\": \"ServiceFabric\",\r\n    \"enabled\": false,\r\n    \"displayname\": \"Service Fabric\"\r\n  },\r\n  {\r\n    \"name\": \"DnsAnalytics\",\r\n    \"enabled\": false,\r\n    \"displayname\": \"DNS Analytics (Preview)\"\r\n  },\r\n  {\r\n    \"name\": \"ApplicationInsights\",\r\n    \"enabled\": false,\r\n    \"displayname\": \"Application Insights (Preview)\"\r\n  },\r\n  {\r\n    \"name\": \"WireData2\",\r\n    \"enabled\": false,\r\n    \"displayname\": \"Wire Data 2.0\"\r\n  },\r\n  {\r\n    \"name\": \"WaaSUpdateInsights\",\r\n    \"enabled\": false,\r\n    \"displayname\": \"Update Compliance\"\r\n  },\r\n  {\r\n    \"name\": \"AgentHealthAssessment\",\r\n    \"enabled\": false,\r\n    \"displayname\": \"Agent Health \"\r\n  },\r\n  {\r\n    \"name\": \"AzureActivity\",\r\n    \"enabled\": false,\r\n    \"displayname\": \"Activity Log Analytics\"\r\n  },\r\n  {\r\n    \"name\": \"HDInsight\",\r\n    \"enabled\": false,\r\n    \"displayname\": \"HDInsight HBase Monitoring (Preview)\"\r\n  },\r\n  {\r\n    \"name\": \"HDInsightKafka\",\r\n    \"enabled\": false,\r\n    \"displayname\": \"HDInsight Kafka Monitoring\"\r\n  },\r\n  {\r\n    \"name\": \"HDInsightSpark\",\r\n    \"enabled\": false,\r\n    \"displayname\": \"HDInsight Spark Monitoring\"\r\n  },\r\n  {\r\n    \"name\": \"HDInsightHadoop\",\r\n    \"enabled\": false,\r\n    \"displayname\": \"HDInsight Hadoop Monitoring\"\r\n  },\r\n  {\r\n    \"name\": \"AzureCdnCoreAnalytics\",\r\n    \"enabled\": false,\r\n    \"displayname\": \"Azure CDN Core Analytics\"\r\n  },\r\n  {\r\n    \"name\": \"HDInsightStorm\",\r\n    \"enabled\": false,\r\n    \"displayname\": \"HDInsight Storm Monitoring\"\r\n  },\r\n  {\r\n    \"name\": \"HDInsightInteractiveQuery\",\r\n    \"enabled\": false,\r\n    \"displayname\": \"HDInsight InteractiveQuery Monitoring\"\r\n  },\r\n  {\r\n    \"name\": \"VMware\",\r\n    \"enabled\": false,\r\n    \"displayname\": \"VMware (Preview)\"\r\n  },\r\n  {\r\n    \"name\": \"SecurityCenterFree\",\r\n    \"enabled\": false,\r\n    \"displayname\": \"Security Center Free â€“ for Azure Resources only\"\r\n  },\r\n  {\r\n    \"name\": \"LogicAppsManagement\",\r\n    \"enabled\": false,\r\n    \"displayname\": \"Logic Apps Management\"\r\n  },\r\n  {\r\n    \"name\": \"LogicAppB2B\",\r\n    \"enabled\": false,\r\n    \"displayname\": \"Logic Apps B2B\"\r\n  },\r\n  {\r\n    \"name\": \"AzureSQLAnalytics\",\r\n    \"enabled\": false,\r\n    \"displayname\": \"Azure SQL Analytics (Preview)\"\r\n  },\r\n  {\r\n    \"name\": \"KeyVaultAnalytics\",\r\n    \"enabled\": false,\r\n    \"displayname\": \"Key Vault Analytics\"\r\n  },\r\n  {\r\n    \"name\": \"AzureNSGAnalytics\",\r\n    \"enabled\": false,\r\n    \"displayname\": \"Azure Network Security Group Analytics\"\r\n  },\r\n  {\r\n    \"name\": \"AzureAppGatewayAnalytics\",\r\n    \"enabled\": false,\r\n    \"displayname\": \"Azure Application Gateway Analytics\"\r\n  },\r\n  {\r\n    \"name\": \"DeviceHealthProd\",\r\n    \"enabled\": false,\r\n    \"displayname\": \"Device Health (Preview)\"\r\n  },\r\n  {\r\n    \"name\": \"WindowsDefenderATP\",\r\n    \"enabled\": false,\r\n    \"displayname\": \"Windows Defender ATP\"\r\n  },\r\n  {\r\n    \"name\": \"WindowsDefenderATPStable\",\r\n    \"enabled\": false,\r\n    \"displayname\": \"Stable Windows Defender ATP\"\r\n  },\r\n  {\r\n    \"name\": \"InfrastructureInsights\",\r\n    \"enabled\": false,\r\n    \"displayname\": \"Infrastructure Insights\"\r\n  },\r\n  {\r\n    \"name\": \"ProcessInvestigator\",\r\n    \"enabled\": false,\r\n    \"displayname\": \"ProcessInvestigator\"\r\n  },\r\n  {\r\n    \"name\": \"Microsoft365Analytics\",\r\n    \"enabled\": false,\r\n    \"displayname\": \"Microsoft 365 Analytics\"\r\n  },\r\n  {\r\n    \"name\": \"ASRAnalytics\",\r\n    \"enabled\": false,\r\n    \"displayname\": \"Azure Site Recovery Analytics\"\r\n  },\r\n  {\r\n    \"name\": \"AzureSentinelPrivatePreview\",\r\n    \"enabled\": false,\r\n    \"displayname\": \"Azure Sentinel (Private Preview)\"\r\n  },\r\n  {\r\n    \"name\": \"AzureSentinelDSRE\",\r\n    \"enabled\": false,\r\n    \"displayname\": \"AzureSentinel DSRE\"\r\n  },\r\n  {\r\n    \"name\": \"SecurityInsights\",\r\n    \"enabled\": false,\r\n    \"displayname\": \"Security Insights\"\r\n  },\r\n  {\r\n    \"name\": \"SecurityCenterNetworkTraffic\",\r\n    \"enabled\": false,\r\n    \"displayname\": \"Security Center Network Traffic\"\r\n  },\r\n  {\r\n    \"name\": \"WindowsFirewall\",\r\n    \"enabled\": false,\r\n    \"displayname\": \"Windows Firewall\"\r\n  },\r\n  {\r\n    \"name\": \"WindowsEventForwarding\",\r\n    \"enabled\": false,\r\n    \"displayname\": \"Windows Event Forwarding\"\r\n  },\r\n  {\r\n    \"name\": \"InternalWindowsEvent\",\r\n    \"enabled\": false,\r\n    \"displayname\": \"Internal Windows Event\"\r\n  },\r\n  {\r\n    \"name\": \"CustomizedWindowsEventsFiltering\",\r\n    \"enabled\": false,\r\n    \"displayname\": \"Customized Windows Events Filtering\"\r\n  },\r\n  {\r\n    \"name\": \"WEFInternalUat\",\r\n    \"enabled\": false,\r\n    \"displayname\": \"WEF Internal Uat\"\r\n  },\r\n  {\r\n    \"name\": \"WEFInternal\",\r\n    \"enabled\": false,\r\n    \"displayname\": \"WEF Internal\"\r\n  },\r\n  {\r\n    \"name\": \"WEF_10x\",\r\n    \"enabled\": false,\r\n    \"displayname\": \"WEF_10x\"\r\n  },\r\n  {\r\n    \"name\": \"WEF_10xDSRE\",\r\n    \"enabled\": false,\r\n    \"displayname\": \"WEF_10xDSRE\"\r\n  },\r\n  {\r\n    \"name\": \"DHCPActivity\",\r\n    \"enabled\": false,\r\n    \"displayname\": \"DHCPActivity\"\r\n  },\r\n  {\r\n    \"name\": \"AzureDataFactoryAnalytics\",\r\n    \"enabled\": false,\r\n    \"displayname\": \"Azure Data Factory Analytics (Preview)\"\r\n  },\r\n  {\r\n    \"name\": \"AzureSecurityOfThings\",\r\n    \"enabled\": false,\r\n    \"displayname\": \"Azure Security of Things solution\"\r\n  },\r\n  {\r\n    \"name\": \"SQLVulnerabilityAssessment\",\r\n    \"enabled\": false,\r\n    \"displayname\": \"SQL Vulnerability Assessment\"\r\n  },\r\n  {\r\n    \"name\": \"SQLAdvancedThreatProtection\",\r\n    \"enabled\": false,\r\n    \"displayname\": \"SQL Advanced Threat Protection\"\r\n  },\r\n  {\r\n    \"name\": \"VMInsights\",\r\n    \"enabled\": false,\r\n    \"displayname\": \"Azure Monitor - VM Insights\"\r\n  },\r\n  {\r\n    \"name\": \"WinLog\",\r\n    \"enabled\": false,\r\n    \"displayname\": \"WinLog\"\r\n  },\r\n  {\r\n    \"name\": \"NetFlow\",\r\n    \"enabled\": false,\r\n    \"displayname\": \"NetFlow\"\r\n  }\r\n]",
      "StatusCode": 200
    },
    {
      "RequestUri": "/subscriptions/57947cb5-aadd-4b6c-9e8e-27f545bb7bf5/resourcegroups/ps9852/providers/Microsoft.OperationalInsights/workspaces/AzTestps8502/intelligencePacks?api-version=2020-08-01",
      "EncodedRequestUri": "L3N1YnNjcmlwdGlvbnMvNTc5NDdjYjUtYWFkZC00YjZjLTllOGUtMjdmNTQ1YmI3YmY1L3Jlc291cmNlZ3JvdXBzL3BzOTg1Mi9wcm92aWRlcnMvTWljcm9zb2Z0Lk9wZXJhdGlvbmFsSW5zaWdodHMvd29ya3NwYWNlcy9BelRlc3Rwczg1MDIvaW50ZWxsaWdlbmNlUGFja3M/YXBpLXZlcnNpb249MjAyMC0wOC0wMQ==",
      "RequestMethod": "GET",
      "RequestBody": "",
      "RequestHeaders": {
        "x-ms-client-request-id": [
          "977fa3d2-dfc4-4f81-8c2e-9a42473b8e9f"
        ],
        "Accept-Language": [
          "en-US"
        ],
        "User-Agent": [
          "FxVersion/4.6.30411.01",
          "OSName/Windows",
          "OSVersion/Microsoft.Windows.10.0.22000.",
          "Microsoft.Azure.Management.OperationalInsights.OperationalInsightsManagementClient/0.24.0.0"
        ]
      },
      "ResponseHeaders": {
        "Cache-Control": [
          "no-cache"
        ],
        "Pragma": [
          "no-cache"
        ],
        "X-AMS-APIVersion": [
          "WebAPI1.0"
        ],
        "CacheControl": [
          "no-cache"
        ],
        "x-ms-request-id": [
          "2cd870f1-f453-4480-a752-53b78f3576cb"
        ],
        "Strict-Transport-Security": [
          "max-age=31536000; includeSubDomains"
        ],
        "X-Content-Type-Options": [
          "nosniff"
        ],
        "Server": [
          "Microsoft-IIS/10.0",
          "Microsoft-IIS/10.0"
        ],
        "X-Powered-By": [
          "ASP.NET",
          "ASP.NET"
        ],
        "x-ms-ratelimit-remaining-subscription-reads": [
          "11992"
        ],
        "x-ms-correlation-request-id": [
          "564a856b-cc6a-463d-af70-f067defa4914"
        ],
        "x-ms-routing-request-id": [
          "NORTHEUROPE:20211115T065049Z:564a856b-cc6a-463d-af70-f067defa4914"
        ],
        "Date": [
          "Mon, 15 Nov 2021 06:50:49 GMT"
        ],
        "Content-Length": [
          "9208"
        ],
        "Content-Type": [
          "application/json; charset=utf-8"
        ],
        "Expires": [
          "-1"
        ]
      },
      "ResponseBody": "[\r\n  {\r\n    \"name\": \"CapacityPerformance\",\r\n    \"enabled\": false,\r\n    \"displayname\": \"Capacity and Performance\"\r\n  },\r\n  {\r\n    \"name\": \"AzureWebAppsAnalytics\",\r\n    \"enabled\": false,\r\n    \"displayname\": \"Azure Web Apps Analytics (Preview)\"\r\n  },\r\n  {\r\n    \"name\": \"BehaviorAnalyticsInsights\",\r\n    \"enabled\": false,\r\n    \"displayname\": \"BehaviorAnalyticsInsights_DisplayName_TBD\"\r\n  },\r\n  {\r\n    \"name\": \"Security\",\r\n    \"enabled\": false,\r\n    \"displayname\": \"Security and Audit\"\r\n  },\r\n  {\r\n    \"name\": \"Updates\",\r\n    \"enabled\": false,\r\n    \"displayname\": \"Update Management\"\r\n  },\r\n  {\r\n    \"name\": \"AntiMalware\",\r\n    \"enabled\": false,\r\n    \"displayname\": \"Antimalware Assessment\"\r\n  },\r\n  {\r\n    \"name\": \"LogManagement\",\r\n    \"enabled\": true,\r\n    \"displayname\": \"Log Management\",\r\n    \"modifiedDate\": \"Mon, 15 Nov 2021 06:50:17 GMT\",\r\n    \"createdDate\": \"Mon, 15 Nov 2021 06:50:17 GMT\"\r\n  },\r\n  {\r\n    \"name\": \"AzureResources\",\r\n    \"enabled\": true,\r\n    \"displayname\": \"Azure Resources\"\r\n  },\r\n  {\r\n    \"name\": \"ChangeTracking\",\r\n    \"enabled\": true,\r\n    \"displayname\": \"Change Tracking\",\r\n    \"modifiedDate\": \"Mon, 15 Nov 2021 06:50:48 GMT\",\r\n    \"createdDate\": \"Mon, 15 Nov 2021 06:50:48 GMT\"\r\n  },\r\n  {\r\n    \"name\": \"SQLAssessment\",\r\n    \"enabled\": false,\r\n    \"displayname\": \"SQL Health Check\"\r\n  },\r\n  {\r\n    \"name\": \"SCOMAssessment\",\r\n    \"enabled\": false,\r\n    \"displayname\": \"System Center Operations Manager Health Check\"\r\n  },\r\n  {\r\n    \"name\": \"ServiceDesk\",\r\n    \"enabled\": false,\r\n    \"displayname\": \"IT Service Management Connector(Preview)\"\r\n  },\r\n  {\r\n    \"name\": \"SQLAssessmentPlus\",\r\n    \"enabled\": false,\r\n    \"displayname\": \"SQL Server Assessment\"\r\n  },\r\n  {\r\n    \"name\": \"ADAssessment\",\r\n    \"enabled\": false,\r\n    \"displayname\": \"Active Directory Health Check\"\r\n  },\r\n  {\r\n    \"name\": \"AlertManagement\",\r\n    \"enabled\": false,\r\n    \"displayname\": \"Alert Management\"\r\n  },\r\n  {\r\n    \"name\": \"AzureAutomation\",\r\n    \"enabled\": false,\r\n    \"displayname\": \"Azure Automation\"\r\n  },\r\n  {\r\n    \"name\": \"WireData\",\r\n    \"enabled\": false,\r\n    \"displayname\": \"Wire Data\"\r\n  },\r\n  {\r\n    \"name\": \"SiteRecovery\",\r\n    \"enabled\": true,\r\n    \"displayname\": \"Azure Site Recovery\",\r\n    \"modifiedDate\": \"Mon, 15 Nov 2021 06:50:49 GMT\",\r\n    \"createdDate\": \"Mon, 15 Nov 2021 06:50:49 GMT\"\r\n  },\r\n  {\r\n    \"name\": \"Backup\",\r\n    \"enabled\": false,\r\n    \"displayname\": \"Backup\"\r\n  },\r\n  {\r\n    \"name\": \"SurfaceHub\",\r\n    \"enabled\": false,\r\n    \"displayname\": \"Surface Hub\"\r\n  },\r\n  {\r\n    \"name\": \"NetworkMonitoring\",\r\n    \"enabled\": false,\r\n    \"displayname\": \"Network Performance Monitor\"\r\n  },\r\n  {\r\n    \"name\": \"Containers\",\r\n    \"enabled\": false,\r\n    \"displayname\": \"Container Monitoring Solution\"\r\n  },\r\n  {\r\n    \"name\": \"ContainerInsights\",\r\n    \"enabled\": false,\r\n    \"displayname\": \"Container Insights\"\r\n  },\r\n  {\r\n    \"name\": \"AppDependencyMonitor\",\r\n    \"enabled\": false,\r\n    \"displayname\": \"Application Dependency Monitor\"\r\n  },\r\n  {\r\n    \"name\": \"ServiceMap\",\r\n    \"enabled\": false,\r\n    \"displayname\": \"Service Map\"\r\n  },\r\n  {\r\n    \"name\": \"AzureNetworking\",\r\n    \"enabled\": false,\r\n    \"displayname\": \"Azure Networking Analytics (Deprecated)\"\r\n  },\r\n  {\r\n    \"name\": \"ADReplication\",\r\n    \"enabled\": false,\r\n    \"displayname\": \"AD Replication Status\"\r\n  },\r\n  {\r\n    \"name\": \"Office365\",\r\n    \"enabled\": false,\r\n    \"displayname\": \"Office 365 (Preview)\"\r\n  },\r\n  {\r\n    \"name\": \"CompatibilityAssessment\",\r\n    \"enabled\": false,\r\n    \"displayname\": \"Upgrade Readiness\"\r\n  },\r\n  {\r\n    \"name\": \"KeyVault\",\r\n    \"enabled\": false,\r\n    \"displayname\": \"Key Vault (Deprecated)\"\r\n  },\r\n  {\r\n    \"name\": \"ServiceFabric\",\r\n    \"enabled\": false,\r\n    \"displayname\": \"Service Fabric\"\r\n  },\r\n  {\r\n    \"name\": \"DnsAnalytics\",\r\n    \"enabled\": false,\r\n    \"displayname\": \"DNS Analytics (Preview)\"\r\n  },\r\n  {\r\n    \"name\": \"ApplicationInsights\",\r\n    \"enabled\": false,\r\n    \"displayname\": \"Application Insights (Preview)\"\r\n  },\r\n  {\r\n    \"name\": \"WireData2\",\r\n    \"enabled\": false,\r\n    \"displayname\": \"Wire Data 2.0\"\r\n  },\r\n  {\r\n    \"name\": \"WaaSUpdateInsights\",\r\n    \"enabled\": false,\r\n    \"displayname\": \"Update Compliance\"\r\n  },\r\n  {\r\n    \"name\": \"AgentHealthAssessment\",\r\n    \"enabled\": false,\r\n    \"displayname\": \"Agent Health \"\r\n  },\r\n  {\r\n    \"name\": \"AzureActivity\",\r\n    \"enabled\": false,\r\n    \"displayname\": \"Activity Log Analytics\"\r\n  },\r\n  {\r\n    \"name\": \"HDInsight\",\r\n    \"enabled\": false,\r\n    \"displayname\": \"HDInsight HBase Monitoring (Preview)\"\r\n  },\r\n  {\r\n    \"name\": \"HDInsightKafka\",\r\n    \"enabled\": false,\r\n    \"displayname\": \"HDInsight Kafka Monitoring\"\r\n  },\r\n  {\r\n    \"name\": \"HDInsightSpark\",\r\n    \"enabled\": false,\r\n    \"displayname\": \"HDInsight Spark Monitoring\"\r\n  },\r\n  {\r\n    \"name\": \"HDInsightHadoop\",\r\n    \"enabled\": false,\r\n    \"displayname\": \"HDInsight Hadoop Monitoring\"\r\n  },\r\n  {\r\n    \"name\": \"AzureCdnCoreAnalytics\",\r\n    \"enabled\": false,\r\n    \"displayname\": \"Azure CDN Core Analytics\"\r\n  },\r\n  {\r\n    \"name\": \"HDInsightStorm\",\r\n    \"enabled\": false,\r\n    \"displayname\": \"HDInsight Storm Monitoring\"\r\n  },\r\n  {\r\n    \"name\": \"HDInsightInteractiveQuery\",\r\n    \"enabled\": false,\r\n    \"displayname\": \"HDInsight InteractiveQuery Monitoring\"\r\n  },\r\n  {\r\n    \"name\": \"VMware\",\r\n    \"enabled\": false,\r\n    \"displayname\": \"VMware (Preview)\"\r\n  },\r\n  {\r\n    \"name\": \"SecurityCenterFree\",\r\n    \"enabled\": false,\r\n    \"displayname\": \"Security Center Free â€“ for Azure Resources only\"\r\n  },\r\n  {\r\n    \"name\": \"LogicAppsManagement\",\r\n    \"enabled\": false,\r\n    \"displayname\": \"Logic Apps Management\"\r\n  },\r\n  {\r\n    \"name\": \"LogicAppB2B\",\r\n    \"enabled\": false,\r\n    \"displayname\": \"Logic Apps B2B\"\r\n  },\r\n  {\r\n    \"name\": \"AzureSQLAnalytics\",\r\n    \"enabled\": false,\r\n    \"displayname\": \"Azure SQL Analytics (Preview)\"\r\n  },\r\n  {\r\n    \"name\": \"KeyVaultAnalytics\",\r\n    \"enabled\": false,\r\n    \"displayname\": \"Key Vault Analytics\"\r\n  },\r\n  {\r\n    \"name\": \"AzureNSGAnalytics\",\r\n    \"enabled\": false,\r\n    \"displayname\": \"Azure Network Security Group Analytics\"\r\n  },\r\n  {\r\n    \"name\": \"AzureAppGatewayAnalytics\",\r\n    \"enabled\": false,\r\n    \"displayname\": \"Azure Application Gateway Analytics\"\r\n  },\r\n  {\r\n    \"name\": \"DeviceHealthProd\",\r\n    \"enabled\": false,\r\n    \"displayname\": \"Device Health (Preview)\"\r\n  },\r\n  {\r\n    \"name\": \"WindowsDefenderATP\",\r\n    \"enabled\": false,\r\n    \"displayname\": \"Windows Defender ATP\"\r\n  },\r\n  {\r\n    \"name\": \"WindowsDefenderATPStable\",\r\n    \"enabled\": false,\r\n    \"displayname\": \"Stable Windows Defender ATP\"\r\n  },\r\n  {\r\n    \"name\": \"InfrastructureInsights\",\r\n    \"enabled\": false,\r\n    \"displayname\": \"Infrastructure Insights\"\r\n  },\r\n  {\r\n    \"name\": \"ProcessInvestigator\",\r\n    \"enabled\": false,\r\n    \"displayname\": \"ProcessInvestigator\"\r\n  },\r\n  {\r\n    \"name\": \"Microsoft365Analytics\",\r\n    \"enabled\": false,\r\n    \"displayname\": \"Microsoft 365 Analytics\"\r\n  },\r\n  {\r\n    \"name\": \"ASRAnalytics\",\r\n    \"enabled\": false,\r\n    \"displayname\": \"Azure Site Recovery Analytics\"\r\n  },\r\n  {\r\n    \"name\": \"AzureSentinelPrivatePreview\",\r\n    \"enabled\": false,\r\n    \"displayname\": \"Azure Sentinel (Private Preview)\"\r\n  },\r\n  {\r\n    \"name\": \"AzureSentinelDSRE\",\r\n    \"enabled\": false,\r\n    \"displayname\": \"AzureSentinel DSRE\"\r\n  },\r\n  {\r\n    \"name\": \"SecurityInsights\",\r\n    \"enabled\": false,\r\n    \"displayname\": \"Security Insights\"\r\n  },\r\n  {\r\n    \"name\": \"SecurityCenterNetworkTraffic\",\r\n    \"enabled\": false,\r\n    \"displayname\": \"Security Center Network Traffic\"\r\n  },\r\n  {\r\n    \"name\": \"WindowsFirewall\",\r\n    \"enabled\": false,\r\n    \"displayname\": \"Windows Firewall\"\r\n  },\r\n  {\r\n    \"name\": \"WindowsEventForwarding\",\r\n    \"enabled\": false,\r\n    \"displayname\": \"Windows Event Forwarding\"\r\n  },\r\n  {\r\n    \"name\": \"InternalWindowsEvent\",\r\n    \"enabled\": false,\r\n    \"displayname\": \"Internal Windows Event\"\r\n  },\r\n  {\r\n    \"name\": \"CustomizedWindowsEventsFiltering\",\r\n    \"enabled\": false,\r\n    \"displayname\": \"Customized Windows Events Filtering\"\r\n  },\r\n  {\r\n    \"name\": \"WEFInternalUat\",\r\n    \"enabled\": false,\r\n    \"displayname\": \"WEF Internal Uat\"\r\n  },\r\n  {\r\n    \"name\": \"WEFInternal\",\r\n    \"enabled\": false,\r\n    \"displayname\": \"WEF Internal\"\r\n  },\r\n  {\r\n    \"name\": \"WEF_10x\",\r\n    \"enabled\": false,\r\n    \"displayname\": \"WEF_10x\"\r\n  },\r\n  {\r\n    \"name\": \"WEF_10xDSRE\",\r\n    \"enabled\": false,\r\n    \"displayname\": \"WEF_10xDSRE\"\r\n  },\r\n  {\r\n    \"name\": \"DHCPActivity\",\r\n    \"enabled\": false,\r\n    \"displayname\": \"DHCPActivity\"\r\n  },\r\n  {\r\n    \"name\": \"AzureDataFactoryAnalytics\",\r\n    \"enabled\": false,\r\n    \"displayname\": \"Azure Data Factory Analytics (Preview)\"\r\n  },\r\n  {\r\n    \"name\": \"AzureSecurityOfThings\",\r\n    \"enabled\": false,\r\n    \"displayname\": \"Azure Security of Things solution\"\r\n  },\r\n  {\r\n    \"name\": \"SQLVulnerabilityAssessment\",\r\n    \"enabled\": false,\r\n    \"displayname\": \"SQL Vulnerability Assessment\"\r\n  },\r\n  {\r\n    \"name\": \"SQLAdvancedThreatProtection\",\r\n    \"enabled\": false,\r\n    \"displayname\": \"SQL Advanced Threat Protection\"\r\n  },\r\n  {\r\n    \"name\": \"VMInsights\",\r\n    \"enabled\": false,\r\n    \"displayname\": \"Azure Monitor - VM Insights\"\r\n  },\r\n  {\r\n    \"name\": \"WinLog\",\r\n    \"enabled\": false,\r\n    \"displayname\": \"WinLog\"\r\n  },\r\n  {\r\n    \"name\": \"NetFlow\",\r\n    \"enabled\": false,\r\n    \"displayname\": \"NetFlow\"\r\n  }\r\n]",
      "StatusCode": 200
    },
    {
      "RequestUri": "/subscriptions/57947cb5-aadd-4b6c-9e8e-27f545bb7bf5/resourcegroups/ps9852/providers/Microsoft.OperationalInsights/workspaces/AzTestps8502/intelligencePacks?api-version=2020-08-01",
      "EncodedRequestUri": "L3N1YnNjcmlwdGlvbnMvNTc5NDdjYjUtYWFkZC00YjZjLTllOGUtMjdmNTQ1YmI3YmY1L3Jlc291cmNlZ3JvdXBzL3BzOTg1Mi9wcm92aWRlcnMvTWljcm9zb2Z0Lk9wZXJhdGlvbmFsSW5zaWdodHMvd29ya3NwYWNlcy9BelRlc3Rwczg1MDIvaW50ZWxsaWdlbmNlUGFja3M/YXBpLXZlcnNpb249MjAyMC0wOC0wMQ==",
      "RequestMethod": "GET",
      "RequestBody": "",
      "RequestHeaders": {
        "x-ms-client-request-id": [
          "7a5150a4-bcf4-4c6d-905b-3ec8feba5d29"
        ],
        "Accept-Language": [
          "en-US"
        ],
        "User-Agent": [
          "FxVersion/4.6.30411.01",
          "OSName/Windows",
          "OSVersion/Microsoft.Windows.10.0.22000.",
          "Microsoft.Azure.Management.OperationalInsights.OperationalInsightsManagementClient/0.24.0.0"
        ]
      },
      "ResponseHeaders": {
        "Cache-Control": [
          "no-cache"
        ],
        "Pragma": [
          "no-cache"
        ],
        "X-AMS-APIVersion": [
          "WebAPI1.0"
        ],
        "CacheControl": [
          "no-cache"
        ],
        "x-ms-request-id": [
          "016c7caa-9815-4439-8055-ce881773689b"
        ],
        "Strict-Transport-Security": [
          "max-age=31536000; includeSubDomains"
        ],
        "X-Content-Type-Options": [
          "nosniff"
        ],
        "Server": [
          "Microsoft-IIS/10.0",
          "Microsoft-IIS/10.0"
        ],
        "X-Powered-By": [
          "ASP.NET",
          "ASP.NET"
        ],
        "x-ms-ratelimit-remaining-subscription-reads": [
          "11991"
        ],
        "x-ms-correlation-request-id": [
          "3c5047b0-223d-4805-8224-a6db0912714c"
        ],
        "x-ms-routing-request-id": [
          "NORTHEUROPE:20211115T065049Z:3c5047b0-223d-4805-8224-a6db0912714c"
        ],
        "Date": [
          "Mon, 15 Nov 2021 06:50:49 GMT"
        ],
        "Content-Length": [
          "9208"
        ],
        "Content-Type": [
          "application/json; charset=utf-8"
        ],
        "Expires": [
          "-1"
        ]
      },
      "ResponseBody": "[\r\n  {\r\n    \"name\": \"CapacityPerformance\",\r\n    \"enabled\": false,\r\n    \"displayname\": \"Capacity and Performance\"\r\n  },\r\n  {\r\n    \"name\": \"AzureWebAppsAnalytics\",\r\n    \"enabled\": false,\r\n    \"displayname\": \"Azure Web Apps Analytics (Preview)\"\r\n  },\r\n  {\r\n    \"name\": \"BehaviorAnalyticsInsights\",\r\n    \"enabled\": false,\r\n    \"displayname\": \"BehaviorAnalyticsInsights_DisplayName_TBD\"\r\n  },\r\n  {\r\n    \"name\": \"Security\",\r\n    \"enabled\": false,\r\n    \"displayname\": \"Security and Audit\"\r\n  },\r\n  {\r\n    \"name\": \"Updates\",\r\n    \"enabled\": false,\r\n    \"displayname\": \"Update Management\"\r\n  },\r\n  {\r\n    \"name\": \"AntiMalware\",\r\n    \"enabled\": false,\r\n    \"displayname\": \"Antimalware Assessment\"\r\n  },\r\n  {\r\n    \"name\": \"LogManagement\",\r\n    \"enabled\": true,\r\n    \"displayname\": \"Log Management\",\r\n    \"modifiedDate\": \"Mon, 15 Nov 2021 06:50:17 GMT\",\r\n    \"createdDate\": \"Mon, 15 Nov 2021 06:50:17 GMT\"\r\n  },\r\n  {\r\n    \"name\": \"AzureResources\",\r\n    \"enabled\": true,\r\n    \"displayname\": \"Azure Resources\"\r\n  },\r\n  {\r\n    \"name\": \"ChangeTracking\",\r\n    \"enabled\": true,\r\n    \"displayname\": \"Change Tracking\",\r\n    \"modifiedDate\": \"Mon, 15 Nov 2021 06:50:48 GMT\",\r\n    \"createdDate\": \"Mon, 15 Nov 2021 06:50:48 GMT\"\r\n  },\r\n  {\r\n    \"name\": \"SQLAssessment\",\r\n    \"enabled\": false,\r\n    \"displayname\": \"SQL Health Check\"\r\n  },\r\n  {\r\n    \"name\": \"SCOMAssessment\",\r\n    \"enabled\": false,\r\n    \"displayname\": \"System Center Operations Manager Health Check\"\r\n  },\r\n  {\r\n    \"name\": \"ServiceDesk\",\r\n    \"enabled\": false,\r\n    \"displayname\": \"IT Service Management Connector(Preview)\"\r\n  },\r\n  {\r\n    \"name\": \"SQLAssessmentPlus\",\r\n    \"enabled\": false,\r\n    \"displayname\": \"SQL Server Assessment\"\r\n  },\r\n  {\r\n    \"name\": \"ADAssessment\",\r\n    \"enabled\": false,\r\n    \"displayname\": \"Active Directory Health Check\"\r\n  },\r\n  {\r\n    \"name\": \"AlertManagement\",\r\n    \"enabled\": false,\r\n    \"displayname\": \"Alert Management\"\r\n  },\r\n  {\r\n    \"name\": \"AzureAutomation\",\r\n    \"enabled\": false,\r\n    \"displayname\": \"Azure Automation\"\r\n  },\r\n  {\r\n    \"name\": \"WireData\",\r\n    \"enabled\": false,\r\n    \"displayname\": \"Wire Data\"\r\n  },\r\n  {\r\n    \"name\": \"SiteRecovery\",\r\n    \"enabled\": true,\r\n    \"displayname\": \"Azure Site Recovery\",\r\n    \"modifiedDate\": \"Mon, 15 Nov 2021 06:50:49 GMT\",\r\n    \"createdDate\": \"Mon, 15 Nov 2021 06:50:49 GMT\"\r\n  },\r\n  {\r\n    \"name\": \"Backup\",\r\n    \"enabled\": false,\r\n    \"displayname\": \"Backup\"\r\n  },\r\n  {\r\n    \"name\": \"SurfaceHub\",\r\n    \"enabled\": false,\r\n    \"displayname\": \"Surface Hub\"\r\n  },\r\n  {\r\n    \"name\": \"NetworkMonitoring\",\r\n    \"enabled\": false,\r\n    \"displayname\": \"Network Performance Monitor\"\r\n  },\r\n  {\r\n    \"name\": \"Containers\",\r\n    \"enabled\": false,\r\n    \"displayname\": \"Container Monitoring Solution\"\r\n  },\r\n  {\r\n    \"name\": \"ContainerInsights\",\r\n    \"enabled\": false,\r\n    \"displayname\": \"Container Insights\"\r\n  },\r\n  {\r\n    \"name\": \"AppDependencyMonitor\",\r\n    \"enabled\": false,\r\n    \"displayname\": \"Application Dependency Monitor\"\r\n  },\r\n  {\r\n    \"name\": \"ServiceMap\",\r\n    \"enabled\": false,\r\n    \"displayname\": \"Service Map\"\r\n  },\r\n  {\r\n    \"name\": \"AzureNetworking\",\r\n    \"enabled\": false,\r\n    \"displayname\": \"Azure Networking Analytics (Deprecated)\"\r\n  },\r\n  {\r\n    \"name\": \"ADReplication\",\r\n    \"enabled\": false,\r\n    \"displayname\": \"AD Replication Status\"\r\n  },\r\n  {\r\n    \"name\": \"Office365\",\r\n    \"enabled\": false,\r\n    \"displayname\": \"Office 365 (Preview)\"\r\n  },\r\n  {\r\n    \"name\": \"CompatibilityAssessment\",\r\n    \"enabled\": false,\r\n    \"displayname\": \"Upgrade Readiness\"\r\n  },\r\n  {\r\n    \"name\": \"KeyVault\",\r\n    \"enabled\": false,\r\n    \"displayname\": \"Key Vault (Deprecated)\"\r\n  },\r\n  {\r\n    \"name\": \"ServiceFabric\",\r\n    \"enabled\": false,\r\n    \"displayname\": \"Service Fabric\"\r\n  },\r\n  {\r\n    \"name\": \"DnsAnalytics\",\r\n    \"enabled\": false,\r\n    \"displayname\": \"DNS Analytics (Preview)\"\r\n  },\r\n  {\r\n    \"name\": \"ApplicationInsights\",\r\n    \"enabled\": false,\r\n    \"displayname\": \"Application Insights (Preview)\"\r\n  },\r\n  {\r\n    \"name\": \"WireData2\",\r\n    \"enabled\": false,\r\n    \"displayname\": \"Wire Data 2.0\"\r\n  },\r\n  {\r\n    \"name\": \"WaaSUpdateInsights\",\r\n    \"enabled\": false,\r\n    \"displayname\": \"Update Compliance\"\r\n  },\r\n  {\r\n    \"name\": \"AgentHealthAssessment\",\r\n    \"enabled\": false,\r\n    \"displayname\": \"Agent Health \"\r\n  },\r\n  {\r\n    \"name\": \"AzureActivity\",\r\n    \"enabled\": false,\r\n    \"displayname\": \"Activity Log Analytics\"\r\n  },\r\n  {\r\n    \"name\": \"HDInsight\",\r\n    \"enabled\": false,\r\n    \"displayname\": \"HDInsight HBase Monitoring (Preview)\"\r\n  },\r\n  {\r\n    \"name\": \"HDInsightKafka\",\r\n    \"enabled\": false,\r\n    \"displayname\": \"HDInsight Kafka Monitoring\"\r\n  },\r\n  {\r\n    \"name\": \"HDInsightSpark\",\r\n    \"enabled\": false,\r\n    \"displayname\": \"HDInsight Spark Monitoring\"\r\n  },\r\n  {\r\n    \"name\": \"HDInsightHadoop\",\r\n    \"enabled\": false,\r\n    \"displayname\": \"HDInsight Hadoop Monitoring\"\r\n  },\r\n  {\r\n    \"name\": \"AzureCdnCoreAnalytics\",\r\n    \"enabled\": false,\r\n    \"displayname\": \"Azure CDN Core Analytics\"\r\n  },\r\n  {\r\n    \"name\": \"HDInsightStorm\",\r\n    \"enabled\": false,\r\n    \"displayname\": \"HDInsight Storm Monitoring\"\r\n  },\r\n  {\r\n    \"name\": \"HDInsightInteractiveQuery\",\r\n    \"enabled\": false,\r\n    \"displayname\": \"HDInsight InteractiveQuery Monitoring\"\r\n  },\r\n  {\r\n    \"name\": \"VMware\",\r\n    \"enabled\": false,\r\n    \"displayname\": \"VMware (Preview)\"\r\n  },\r\n  {\r\n    \"name\": \"SecurityCenterFree\",\r\n    \"enabled\": false,\r\n    \"displayname\": \"Security Center Free â€“ for Azure Resources only\"\r\n  },\r\n  {\r\n    \"name\": \"LogicAppsManagement\",\r\n    \"enabled\": false,\r\n    \"displayname\": \"Logic Apps Management\"\r\n  },\r\n  {\r\n    \"name\": \"LogicAppB2B\",\r\n    \"enabled\": false,\r\n    \"displayname\": \"Logic Apps B2B\"\r\n  },\r\n  {\r\n    \"name\": \"AzureSQLAnalytics\",\r\n    \"enabled\": false,\r\n    \"displayname\": \"Azure SQL Analytics (Preview)\"\r\n  },\r\n  {\r\n    \"name\": \"KeyVaultAnalytics\",\r\n    \"enabled\": false,\r\n    \"displayname\": \"Key Vault Analytics\"\r\n  },\r\n  {\r\n    \"name\": \"AzureNSGAnalytics\",\r\n    \"enabled\": false,\r\n    \"displayname\": \"Azure Network Security Group Analytics\"\r\n  },\r\n  {\r\n    \"name\": \"AzureAppGatewayAnalytics\",\r\n    \"enabled\": false,\r\n    \"displayname\": \"Azure Application Gateway Analytics\"\r\n  },\r\n  {\r\n    \"name\": \"DeviceHealthProd\",\r\n    \"enabled\": false,\r\n    \"displayname\": \"Device Health (Preview)\"\r\n  },\r\n  {\r\n    \"name\": \"WindowsDefenderATP\",\r\n    \"enabled\": false,\r\n    \"displayname\": \"Windows Defender ATP\"\r\n  },\r\n  {\r\n    \"name\": \"WindowsDefenderATPStable\",\r\n    \"enabled\": false,\r\n    \"displayname\": \"Stable Windows Defender ATP\"\r\n  },\r\n  {\r\n    \"name\": \"InfrastructureInsights\",\r\n    \"enabled\": false,\r\n    \"displayname\": \"Infrastructure Insights\"\r\n  },\r\n  {\r\n    \"name\": \"ProcessInvestigator\",\r\n    \"enabled\": false,\r\n    \"displayname\": \"ProcessInvestigator\"\r\n  },\r\n  {\r\n    \"name\": \"Microsoft365Analytics\",\r\n    \"enabled\": false,\r\n    \"displayname\": \"Microsoft 365 Analytics\"\r\n  },\r\n  {\r\n    \"name\": \"ASRAnalytics\",\r\n    \"enabled\": false,\r\n    \"displayname\": \"Azure Site Recovery Analytics\"\r\n  },\r\n  {\r\n    \"name\": \"AzureSentinelPrivatePreview\",\r\n    \"enabled\": false,\r\n    \"displayname\": \"Azure Sentinel (Private Preview)\"\r\n  },\r\n  {\r\n    \"name\": \"AzureSentinelDSRE\",\r\n    \"enabled\": false,\r\n    \"displayname\": \"AzureSentinel DSRE\"\r\n  },\r\n  {\r\n    \"name\": \"SecurityInsights\",\r\n    \"enabled\": false,\r\n    \"displayname\": \"Security Insights\"\r\n  },\r\n  {\r\n    \"name\": \"SecurityCenterNetworkTraffic\",\r\n    \"enabled\": false,\r\n    \"displayname\": \"Security Center Network Traffic\"\r\n  },\r\n  {\r\n    \"name\": \"WindowsFirewall\",\r\n    \"enabled\": false,\r\n    \"displayname\": \"Windows Firewall\"\r\n  },\r\n  {\r\n    \"name\": \"WindowsEventForwarding\",\r\n    \"enabled\": false,\r\n    \"displayname\": \"Windows Event Forwarding\"\r\n  },\r\n  {\r\n    \"name\": \"InternalWindowsEvent\",\r\n    \"enabled\": false,\r\n    \"displayname\": \"Internal Windows Event\"\r\n  },\r\n  {\r\n    \"name\": \"CustomizedWindowsEventsFiltering\",\r\n    \"enabled\": false,\r\n    \"displayname\": \"Customized Windows Events Filtering\"\r\n  },\r\n  {\r\n    \"name\": \"WEFInternalUat\",\r\n    \"enabled\": false,\r\n    \"displayname\": \"WEF Internal Uat\"\r\n  },\r\n  {\r\n    \"name\": \"WEFInternal\",\r\n    \"enabled\": false,\r\n    \"displayname\": \"WEF Internal\"\r\n  },\r\n  {\r\n    \"name\": \"WEF_10x\",\r\n    \"enabled\": false,\r\n    \"displayname\": \"WEF_10x\"\r\n  },\r\n  {\r\n    \"name\": \"WEF_10xDSRE\",\r\n    \"enabled\": false,\r\n    \"displayname\": \"WEF_10xDSRE\"\r\n  },\r\n  {\r\n    \"name\": \"DHCPActivity\",\r\n    \"enabled\": false,\r\n    \"displayname\": \"DHCPActivity\"\r\n  },\r\n  {\r\n    \"name\": \"AzureDataFactoryAnalytics\",\r\n    \"enabled\": false,\r\n    \"displayname\": \"Azure Data Factory Analytics (Preview)\"\r\n  },\r\n  {\r\n    \"name\": \"AzureSecurityOfThings\",\r\n    \"enabled\": false,\r\n    \"displayname\": \"Azure Security of Things solution\"\r\n  },\r\n  {\r\n    \"name\": \"SQLVulnerabilityAssessment\",\r\n    \"enabled\": false,\r\n    \"displayname\": \"SQL Vulnerability Assessment\"\r\n  },\r\n  {\r\n    \"name\": \"SQLAdvancedThreatProtection\",\r\n    \"enabled\": false,\r\n    \"displayname\": \"SQL Advanced Threat Protection\"\r\n  },\r\n  {\r\n    \"name\": \"VMInsights\",\r\n    \"enabled\": false,\r\n    \"displayname\": \"Azure Monitor - VM Insights\"\r\n  },\r\n  {\r\n    \"name\": \"WinLog\",\r\n    \"enabled\": false,\r\n    \"displayname\": \"WinLog\"\r\n  },\r\n  {\r\n    \"name\": \"NetFlow\",\r\n    \"enabled\": false,\r\n    \"displayname\": \"NetFlow\"\r\n  }\r\n]",
      "StatusCode": 200
    },
    {
      "RequestUri": "/subscriptions/57947cb5-aadd-4b6c-9e8e-27f545bb7bf5/resourcegroups/ps9852/providers/Microsoft.OperationalInsights/workspaces/AzTestps8502/intelligencePacks?api-version=2020-08-01",
      "EncodedRequestUri": "L3N1YnNjcmlwdGlvbnMvNTc5NDdjYjUtYWFkZC00YjZjLTllOGUtMjdmNTQ1YmI3YmY1L3Jlc291cmNlZ3JvdXBzL3BzOTg1Mi9wcm92aWRlcnMvTWljcm9zb2Z0Lk9wZXJhdGlvbmFsSW5zaWdodHMvd29ya3NwYWNlcy9BelRlc3Rwczg1MDIvaW50ZWxsaWdlbmNlUGFja3M/YXBpLXZlcnNpb249MjAyMC0wOC0wMQ==",
      "RequestMethod": "GET",
      "RequestBody": "",
      "RequestHeaders": {
        "x-ms-client-request-id": [
          "922a749a-7806-40c2-afbb-80842919c57c"
        ],
        "Accept-Language": [
          "en-US"
        ],
        "User-Agent": [
          "FxVersion/4.6.30411.01",
          "OSName/Windows",
          "OSVersion/Microsoft.Windows.10.0.22000.",
          "Microsoft.Azure.Management.OperationalInsights.OperationalInsightsManagementClient/0.24.0.0"
        ]
      },
      "ResponseHeaders": {
        "Cache-Control": [
          "no-cache"
        ],
        "Pragma": [
          "no-cache"
        ],
        "X-AMS-APIVersion": [
          "WebAPI1.0"
        ],
        "CacheControl": [
          "no-cache"
        ],
        "x-ms-request-id": [
          "8bb1f1fc-edff-4e62-8607-80acf42cab54"
        ],
        "Strict-Transport-Security": [
          "max-age=31536000; includeSubDomains"
        ],
        "X-Content-Type-Options": [
          "nosniff"
        ],
        "Server": [
          "Microsoft-IIS/10.0",
          "Microsoft-IIS/10.0"
        ],
        "X-Powered-By": [
          "ASP.NET",
          "ASP.NET"
        ],
        "x-ms-ratelimit-remaining-subscription-reads": [
          "11990"
        ],
        "x-ms-correlation-request-id": [
          "f6f80e3a-abee-4fd5-8b5c-7497e13a0e0b"
        ],
        "x-ms-routing-request-id": [
          "NORTHEUROPE:20211115T065050Z:f6f80e3a-abee-4fd5-8b5c-7497e13a0e0b"
        ],
        "Date": [
          "Mon, 15 Nov 2021 06:50:50 GMT"
        ],
        "Content-Length": [
          "9209"
        ],
        "Content-Type": [
          "application/json; charset=utf-8"
        ],
        "Expires": [
          "-1"
        ]
      },
      "ResponseBody": "[\r\n  {\r\n    \"name\": \"CapacityPerformance\",\r\n    \"enabled\": false,\r\n    \"displayname\": \"Capacity and Performance\"\r\n  },\r\n  {\r\n    \"name\": \"AzureWebAppsAnalytics\",\r\n    \"enabled\": false,\r\n    \"displayname\": \"Azure Web Apps Analytics (Preview)\"\r\n  },\r\n  {\r\n    \"name\": \"BehaviorAnalyticsInsights\",\r\n    \"enabled\": false,\r\n    \"displayname\": \"BehaviorAnalyticsInsights_DisplayName_TBD\"\r\n  },\r\n  {\r\n    \"name\": \"Security\",\r\n    \"enabled\": false,\r\n    \"displayname\": \"Security and Audit\"\r\n  },\r\n  {\r\n    \"name\": \"Updates\",\r\n    \"enabled\": false,\r\n    \"displayname\": \"Update Management\"\r\n  },\r\n  {\r\n    \"name\": \"AntiMalware\",\r\n    \"enabled\": false,\r\n    \"displayname\": \"Antimalware Assessment\"\r\n  },\r\n  {\r\n    \"name\": \"LogManagement\",\r\n    \"enabled\": true,\r\n    \"displayname\": \"Log Management\",\r\n    \"modifiedDate\": \"Mon, 15 Nov 2021 06:50:17 GMT\",\r\n    \"createdDate\": \"Mon, 15 Nov 2021 06:50:17 GMT\"\r\n  },\r\n  {\r\n    \"name\": \"AzureResources\",\r\n    \"enabled\": true,\r\n    \"displayname\": \"Azure Resources\"\r\n  },\r\n  {\r\n    \"name\": \"ChangeTracking\",\r\n    \"enabled\": false,\r\n    \"displayname\": \"Change Tracking\",\r\n    \"modifiedDate\": \"Mon, 15 Nov 2021 06:50:50 GMT\",\r\n    \"createdDate\": \"Mon, 15 Nov 2021 06:50:48 GMT\"\r\n  },\r\n  {\r\n    \"name\": \"SQLAssessment\",\r\n    \"enabled\": false,\r\n    \"displayname\": \"SQL Health Check\"\r\n  },\r\n  {\r\n    \"name\": \"SCOMAssessment\",\r\n    \"enabled\": false,\r\n    \"displayname\": \"System Center Operations Manager Health Check\"\r\n  },\r\n  {\r\n    \"name\": \"ServiceDesk\",\r\n    \"enabled\": false,\r\n    \"displayname\": \"IT Service Management Connector(Preview)\"\r\n  },\r\n  {\r\n    \"name\": \"SQLAssessmentPlus\",\r\n    \"enabled\": false,\r\n    \"displayname\": \"SQL Server Assessment\"\r\n  },\r\n  {\r\n    \"name\": \"ADAssessment\",\r\n    \"enabled\": false,\r\n    \"displayname\": \"Active Directory Health Check\"\r\n  },\r\n  {\r\n    \"name\": \"AlertManagement\",\r\n    \"enabled\": false,\r\n    \"displayname\": \"Alert Management\"\r\n  },\r\n  {\r\n    \"name\": \"AzureAutomation\",\r\n    \"enabled\": false,\r\n    \"displayname\": \"Azure Automation\"\r\n  },\r\n  {\r\n    \"name\": \"WireData\",\r\n    \"enabled\": false,\r\n    \"displayname\": \"Wire Data\"\r\n  },\r\n  {\r\n    \"name\": \"SiteRecovery\",\r\n    \"enabled\": true,\r\n    \"displayname\": \"Azure Site Recovery\",\r\n    \"modifiedDate\": \"Mon, 15 Nov 2021 06:50:49 GMT\",\r\n    \"createdDate\": \"Mon, 15 Nov 2021 06:50:49 GMT\"\r\n  },\r\n  {\r\n    \"name\": \"Backup\",\r\n    \"enabled\": false,\r\n    \"displayname\": \"Backup\"\r\n  },\r\n  {\r\n    \"name\": \"SurfaceHub\",\r\n    \"enabled\": false,\r\n    \"displayname\": \"Surface Hub\"\r\n  },\r\n  {\r\n    \"name\": \"NetworkMonitoring\",\r\n    \"enabled\": false,\r\n    \"displayname\": \"Network Performance Monitor\"\r\n  },\r\n  {\r\n    \"name\": \"Containers\",\r\n    \"enabled\": false,\r\n    \"displayname\": \"Container Monitoring Solution\"\r\n  },\r\n  {\r\n    \"name\": \"ContainerInsights\",\r\n    \"enabled\": false,\r\n    \"displayname\": \"Container Insights\"\r\n  },\r\n  {\r\n    \"name\": \"AppDependencyMonitor\",\r\n    \"enabled\": false,\r\n    \"displayname\": \"Application Dependency Monitor\"\r\n  },\r\n  {\r\n    \"name\": \"ServiceMap\",\r\n    \"enabled\": false,\r\n    \"displayname\": \"Service Map\"\r\n  },\r\n  {\r\n    \"name\": \"AzureNetworking\",\r\n    \"enabled\": false,\r\n    \"displayname\": \"Azure Networking Analytics (Deprecated)\"\r\n  },\r\n  {\r\n    \"name\": \"ADReplication\",\r\n    \"enabled\": false,\r\n    \"displayname\": \"AD Replication Status\"\r\n  },\r\n  {\r\n    \"name\": \"Office365\",\r\n    \"enabled\": false,\r\n    \"displayname\": \"Office 365 (Preview)\"\r\n  },\r\n  {\r\n    \"name\": \"CompatibilityAssessment\",\r\n    \"enabled\": false,\r\n    \"displayname\": \"Upgrade Readiness\"\r\n  },\r\n  {\r\n    \"name\": \"KeyVault\",\r\n    \"enabled\": false,\r\n    \"displayname\": \"Key Vault (Deprecated)\"\r\n  },\r\n  {\r\n    \"name\": \"ServiceFabric\",\r\n    \"enabled\": false,\r\n    \"displayname\": \"Service Fabric\"\r\n  },\r\n  {\r\n    \"name\": \"DnsAnalytics\",\r\n    \"enabled\": false,\r\n    \"displayname\": \"DNS Analytics (Preview)\"\r\n  },\r\n  {\r\n    \"name\": \"ApplicationInsights\",\r\n    \"enabled\": false,\r\n    \"displayname\": \"Application Insights (Preview)\"\r\n  },\r\n  {\r\n    \"name\": \"WireData2\",\r\n    \"enabled\": false,\r\n    \"displayname\": \"Wire Data 2.0\"\r\n  },\r\n  {\r\n    \"name\": \"WaaSUpdateInsights\",\r\n    \"enabled\": false,\r\n    \"displayname\": \"Update Compliance\"\r\n  },\r\n  {\r\n    \"name\": \"AgentHealthAssessment\",\r\n    \"enabled\": false,\r\n    \"displayname\": \"Agent Health \"\r\n  },\r\n  {\r\n    \"name\": \"AzureActivity\",\r\n    \"enabled\": false,\r\n    \"displayname\": \"Activity Log Analytics\"\r\n  },\r\n  {\r\n    \"name\": \"HDInsight\",\r\n    \"enabled\": false,\r\n    \"displayname\": \"HDInsight HBase Monitoring (Preview)\"\r\n  },\r\n  {\r\n    \"name\": \"HDInsightKafka\",\r\n    \"enabled\": false,\r\n    \"displayname\": \"HDInsight Kafka Monitoring\"\r\n  },\r\n  {\r\n    \"name\": \"HDInsightSpark\",\r\n    \"enabled\": false,\r\n    \"displayname\": \"HDInsight Spark Monitoring\"\r\n  },\r\n  {\r\n    \"name\": \"HDInsightHadoop\",\r\n    \"enabled\": false,\r\n    \"displayname\": \"HDInsight Hadoop Monitoring\"\r\n  },\r\n  {\r\n    \"name\": \"AzureCdnCoreAnalytics\",\r\n    \"enabled\": false,\r\n    \"displayname\": \"Azure CDN Core Analytics\"\r\n  },\r\n  {\r\n    \"name\": \"HDInsightStorm\",\r\n    \"enabled\": false,\r\n    \"displayname\": \"HDInsight Storm Monitoring\"\r\n  },\r\n  {\r\n    \"name\": \"HDInsightInteractiveQuery\",\r\n    \"enabled\": false,\r\n    \"displayname\": \"HDInsight InteractiveQuery Monitoring\"\r\n  },\r\n  {\r\n    \"name\": \"VMware\",\r\n    \"enabled\": false,\r\n    \"displayname\": \"VMware (Preview)\"\r\n  },\r\n  {\r\n    \"name\": \"SecurityCenterFree\",\r\n    \"enabled\": false,\r\n    \"displayname\": \"Security Center Free â€“ for Azure Resources only\"\r\n  },\r\n  {\r\n    \"name\": \"LogicAppsManagement\",\r\n    \"enabled\": false,\r\n    \"displayname\": \"Logic Apps Management\"\r\n  },\r\n  {\r\n    \"name\": \"LogicAppB2B\",\r\n    \"enabled\": false,\r\n    \"displayname\": \"Logic Apps B2B\"\r\n  },\r\n  {\r\n    \"name\": \"AzureSQLAnalytics\",\r\n    \"enabled\": false,\r\n    \"displayname\": \"Azure SQL Analytics (Preview)\"\r\n  },\r\n  {\r\n    \"name\": \"KeyVaultAnalytics\",\r\n    \"enabled\": false,\r\n    \"displayname\": \"Key Vault Analytics\"\r\n  },\r\n  {\r\n    \"name\": \"AzureNSGAnalytics\",\r\n    \"enabled\": false,\r\n    \"displayname\": \"Azure Network Security Group Analytics\"\r\n  },\r\n  {\r\n    \"name\": \"AzureAppGatewayAnalytics\",\r\n    \"enabled\": false,\r\n    \"displayname\": \"Azure Application Gateway Analytics\"\r\n  },\r\n  {\r\n    \"name\": \"DeviceHealthProd\",\r\n    \"enabled\": false,\r\n    \"displayname\": \"Device Health (Preview)\"\r\n  },\r\n  {\r\n    \"name\": \"WindowsDefenderATP\",\r\n    \"enabled\": false,\r\n    \"displayname\": \"Windows Defender ATP\"\r\n  },\r\n  {\r\n    \"name\": \"WindowsDefenderATPStable\",\r\n    \"enabled\": false,\r\n    \"displayname\": \"Stable Windows Defender ATP\"\r\n  },\r\n  {\r\n    \"name\": \"InfrastructureInsights\",\r\n    \"enabled\": false,\r\n    \"displayname\": \"Infrastructure Insights\"\r\n  },\r\n  {\r\n    \"name\": \"ProcessInvestigator\",\r\n    \"enabled\": false,\r\n    \"displayname\": \"ProcessInvestigator\"\r\n  },\r\n  {\r\n    \"name\": \"Microsoft365Analytics\",\r\n    \"enabled\": false,\r\n    \"displayname\": \"Microsoft 365 Analytics\"\r\n  },\r\n  {\r\n    \"name\": \"ASRAnalytics\",\r\n    \"enabled\": false,\r\n    \"displayname\": \"Azure Site Recovery Analytics\"\r\n  },\r\n  {\r\n    \"name\": \"AzureSentinelPrivatePreview\",\r\n    \"enabled\": false,\r\n    \"displayname\": \"Azure Sentinel (Private Preview)\"\r\n  },\r\n  {\r\n    \"name\": \"AzureSentinelDSRE\",\r\n    \"enabled\": false,\r\n    \"displayname\": \"AzureSentinel DSRE\"\r\n  },\r\n  {\r\n    \"name\": \"SecurityInsights\",\r\n    \"enabled\": false,\r\n    \"displayname\": \"Security Insights\"\r\n  },\r\n  {\r\n    \"name\": \"SecurityCenterNetworkTraffic\",\r\n    \"enabled\": false,\r\n    \"displayname\": \"Security Center Network Traffic\"\r\n  },\r\n  {\r\n    \"name\": \"WindowsFirewall\",\r\n    \"enabled\": false,\r\n    \"displayname\": \"Windows Firewall\"\r\n  },\r\n  {\r\n    \"name\": \"WindowsEventForwarding\",\r\n    \"enabled\": false,\r\n    \"displayname\": \"Windows Event Forwarding\"\r\n  },\r\n  {\r\n    \"name\": \"InternalWindowsEvent\",\r\n    \"enabled\": false,\r\n    \"displayname\": \"Internal Windows Event\"\r\n  },\r\n  {\r\n    \"name\": \"CustomizedWindowsEventsFiltering\",\r\n    \"enabled\": false,\r\n    \"displayname\": \"Customized Windows Events Filtering\"\r\n  },\r\n  {\r\n    \"name\": \"WEFInternalUat\",\r\n    \"enabled\": false,\r\n    \"displayname\": \"WEF Internal Uat\"\r\n  },\r\n  {\r\n    \"name\": \"WEFInternal\",\r\n    \"enabled\": false,\r\n    \"displayname\": \"WEF Internal\"\r\n  },\r\n  {\r\n    \"name\": \"WEF_10x\",\r\n    \"enabled\": false,\r\n    \"displayname\": \"WEF_10x\"\r\n  },\r\n  {\r\n    \"name\": \"WEF_10xDSRE\",\r\n    \"enabled\": false,\r\n    \"displayname\": \"WEF_10xDSRE\"\r\n  },\r\n  {\r\n    \"name\": \"DHCPActivity\",\r\n    \"enabled\": false,\r\n    \"displayname\": \"DHCPActivity\"\r\n  },\r\n  {\r\n    \"name\": \"AzureDataFactoryAnalytics\",\r\n    \"enabled\": false,\r\n    \"displayname\": \"Azure Data Factory Analytics (Preview)\"\r\n  },\r\n  {\r\n    \"name\": \"AzureSecurityOfThings\",\r\n    \"enabled\": false,\r\n    \"displayname\": \"Azure Security of Things solution\"\r\n  },\r\n  {\r\n    \"name\": \"SQLVulnerabilityAssessment\",\r\n    \"enabled\": false,\r\n    \"displayname\": \"SQL Vulnerability Assessment\"\r\n  },\r\n  {\r\n    \"name\": \"SQLAdvancedThreatProtection\",\r\n    \"enabled\": false,\r\n    \"displayname\": \"SQL Advanced Threat Protection\"\r\n  },\r\n  {\r\n    \"name\": \"VMInsights\",\r\n    \"enabled\": false,\r\n    \"displayname\": \"Azure Monitor - VM Insights\"\r\n  },\r\n  {\r\n    \"name\": \"WinLog\",\r\n    \"enabled\": false,\r\n    \"displayname\": \"WinLog\"\r\n  },\r\n  {\r\n    \"name\": \"NetFlow\",\r\n    \"enabled\": false,\r\n    \"displayname\": \"NetFlow\"\r\n  }\r\n]",
      "StatusCode": 200
    },
    {
      "RequestUri": "/subscriptions/57947cb5-aadd-4b6c-9e8e-27f545bb7bf5/resourcegroups/ps9852/providers/Microsoft.OperationalInsights/workspaces/AzTestps8502/intelligencePacks?api-version=2020-08-01",
      "EncodedRequestUri": "L3N1YnNjcmlwdGlvbnMvNTc5NDdjYjUtYWFkZC00YjZjLTllOGUtMjdmNTQ1YmI3YmY1L3Jlc291cmNlZ3JvdXBzL3BzOTg1Mi9wcm92aWRlcnMvTWljcm9zb2Z0Lk9wZXJhdGlvbmFsSW5zaWdodHMvd29ya3NwYWNlcy9BelRlc3Rwczg1MDIvaW50ZWxsaWdlbmNlUGFja3M/YXBpLXZlcnNpb249MjAyMC0wOC0wMQ==",
      "RequestMethod": "GET",
      "RequestBody": "",
      "RequestHeaders": {
        "x-ms-client-request-id": [
          "93ad4488-639c-42dc-a317-4dd9cf4e614e"
        ],
        "Accept-Language": [
          "en-US"
        ],
        "User-Agent": [
          "FxVersion/4.6.30411.01",
          "OSName/Windows",
          "OSVersion/Microsoft.Windows.10.0.22000.",
          "Microsoft.Azure.Management.OperationalInsights.OperationalInsightsManagementClient/0.24.0.0"
        ]
      },
      "ResponseHeaders": {
        "Cache-Control": [
          "no-cache"
        ],
        "Pragma": [
          "no-cache"
        ],
        "X-AMS-APIVersion": [
          "WebAPI1.0"
        ],
        "CacheControl": [
          "no-cache"
        ],
        "x-ms-request-id": [
          "87c3a69f-d7a2-460b-9e41-0b9c0c78127d"
        ],
        "Strict-Transport-Security": [
          "max-age=31536000; includeSubDomains"
        ],
        "X-Content-Type-Options": [
          "nosniff"
        ],
        "Server": [
          "Microsoft-IIS/10.0",
          "Microsoft-IIS/10.0"
        ],
        "X-Powered-By": [
          "ASP.NET",
          "ASP.NET"
        ],
        "x-ms-ratelimit-remaining-subscription-reads": [
          "11989"
        ],
        "x-ms-correlation-request-id": [
          "8c5ad973-4e56-4459-b85f-8aad884ac139"
        ],
        "x-ms-routing-request-id": [
          "NORTHEUROPE:20211115T065050Z:8c5ad973-4e56-4459-b85f-8aad884ac139"
        ],
        "Date": [
          "Mon, 15 Nov 2021 06:50:50 GMT"
        ],
        "Content-Length": [
          "9210"
        ],
        "Content-Type": [
          "application/json; charset=utf-8"
        ],
        "Expires": [
          "-1"
        ]
      },
      "ResponseBody": "[\r\n  {\r\n    \"name\": \"CapacityPerformance\",\r\n    \"enabled\": false,\r\n    \"displayname\": \"Capacity and Performance\"\r\n  },\r\n  {\r\n    \"name\": \"AzureWebAppsAnalytics\",\r\n    \"enabled\": false,\r\n    \"displayname\": \"Azure Web Apps Analytics (Preview)\"\r\n  },\r\n  {\r\n    \"name\": \"BehaviorAnalyticsInsights\",\r\n    \"enabled\": false,\r\n    \"displayname\": \"BehaviorAnalyticsInsights_DisplayName_TBD\"\r\n  },\r\n  {\r\n    \"name\": \"Security\",\r\n    \"enabled\": false,\r\n    \"displayname\": \"Security and Audit\"\r\n  },\r\n  {\r\n    \"name\": \"Updates\",\r\n    \"enabled\": false,\r\n    \"displayname\": \"Update Management\"\r\n  },\r\n  {\r\n    \"name\": \"AntiMalware\",\r\n    \"enabled\": false,\r\n    \"displayname\": \"Antimalware Assessment\"\r\n  },\r\n  {\r\n    \"name\": \"LogManagement\",\r\n    \"enabled\": true,\r\n    \"displayname\": \"Log Management\",\r\n    \"modifiedDate\": \"Mon, 15 Nov 2021 06:50:17 GMT\",\r\n    \"createdDate\": \"Mon, 15 Nov 2021 06:50:17 GMT\"\r\n  },\r\n  {\r\n    \"name\": \"AzureResources\",\r\n    \"enabled\": true,\r\n    \"displayname\": \"Azure Resources\"\r\n  },\r\n  {\r\n    \"name\": \"ChangeTracking\",\r\n    \"enabled\": false,\r\n    \"displayname\": \"Change Tracking\",\r\n    \"modifiedDate\": \"Mon, 15 Nov 2021 06:50:50 GMT\",\r\n    \"createdDate\": \"Mon, 15 Nov 2021 06:50:48 GMT\"\r\n  },\r\n  {\r\n    \"name\": \"SQLAssessment\",\r\n    \"enabled\": false,\r\n    \"displayname\": \"SQL Health Check\"\r\n  },\r\n  {\r\n    \"name\": \"SCOMAssessment\",\r\n    \"enabled\": false,\r\n    \"displayname\": \"System Center Operations Manager Health Check\"\r\n  },\r\n  {\r\n    \"name\": \"ServiceDesk\",\r\n    \"enabled\": false,\r\n    \"displayname\": \"IT Service Management Connector(Preview)\"\r\n  },\r\n  {\r\n    \"name\": \"SQLAssessmentPlus\",\r\n    \"enabled\": false,\r\n    \"displayname\": \"SQL Server Assessment\"\r\n  },\r\n  {\r\n    \"name\": \"ADAssessment\",\r\n    \"enabled\": false,\r\n    \"displayname\": \"Active Directory Health Check\"\r\n  },\r\n  {\r\n    \"name\": \"AlertManagement\",\r\n    \"enabled\": false,\r\n    \"displayname\": \"Alert Management\"\r\n  },\r\n  {\r\n    \"name\": \"AzureAutomation\",\r\n    \"enabled\": false,\r\n    \"displayname\": \"Azure Automation\"\r\n  },\r\n  {\r\n    \"name\": \"WireData\",\r\n    \"enabled\": false,\r\n    \"displayname\": \"Wire Data\"\r\n  },\r\n  {\r\n    \"name\": \"SiteRecovery\",\r\n    \"enabled\": false,\r\n    \"displayname\": \"Azure Site Recovery\",\r\n    \"modifiedDate\": \"Mon, 15 Nov 2021 06:50:50 GMT\",\r\n    \"createdDate\": \"Mon, 15 Nov 2021 06:50:49 GMT\"\r\n  },\r\n  {\r\n    \"name\": \"Backup\",\r\n    \"enabled\": false,\r\n    \"displayname\": \"Backup\"\r\n  },\r\n  {\r\n    \"name\": \"SurfaceHub\",\r\n    \"enabled\": false,\r\n    \"displayname\": \"Surface Hub\"\r\n  },\r\n  {\r\n    \"name\": \"NetworkMonitoring\",\r\n    \"enabled\": false,\r\n    \"displayname\": \"Network Performance Monitor\"\r\n  },\r\n  {\r\n    \"name\": \"Containers\",\r\n    \"enabled\": false,\r\n    \"displayname\": \"Container Monitoring Solution\"\r\n  },\r\n  {\r\n    \"name\": \"ContainerInsights\",\r\n    \"enabled\": false,\r\n    \"displayname\": \"Container Insights\"\r\n  },\r\n  {\r\n    \"name\": \"AppDependencyMonitor\",\r\n    \"enabled\": false,\r\n    \"displayname\": \"Application Dependency Monitor\"\r\n  },\r\n  {\r\n    \"name\": \"ServiceMap\",\r\n    \"enabled\": false,\r\n    \"displayname\": \"Service Map\"\r\n  },\r\n  {\r\n    \"name\": \"AzureNetworking\",\r\n    \"enabled\": false,\r\n    \"displayname\": \"Azure Networking Analytics (Deprecated)\"\r\n  },\r\n  {\r\n    \"name\": \"ADReplication\",\r\n    \"enabled\": false,\r\n    \"displayname\": \"AD Replication Status\"\r\n  },\r\n  {\r\n    \"name\": \"Office365\",\r\n    \"enabled\": false,\r\n    \"displayname\": \"Office 365 (Preview)\"\r\n  },\r\n  {\r\n    \"name\": \"CompatibilityAssessment\",\r\n    \"enabled\": false,\r\n    \"displayname\": \"Upgrade Readiness\"\r\n  },\r\n  {\r\n    \"name\": \"KeyVault\",\r\n    \"enabled\": false,\r\n    \"displayname\": \"Key Vault (Deprecated)\"\r\n  },\r\n  {\r\n    \"name\": \"ServiceFabric\",\r\n    \"enabled\": false,\r\n    \"displayname\": \"Service Fabric\"\r\n  },\r\n  {\r\n    \"name\": \"DnsAnalytics\",\r\n    \"enabled\": false,\r\n    \"displayname\": \"DNS Analytics (Preview)\"\r\n  },\r\n  {\r\n    \"name\": \"ApplicationInsights\",\r\n    \"enabled\": false,\r\n    \"displayname\": \"Application Insights (Preview)\"\r\n  },\r\n  {\r\n    \"name\": \"WireData2\",\r\n    \"enabled\": false,\r\n    \"displayname\": \"Wire Data 2.0\"\r\n  },\r\n  {\r\n    \"name\": \"WaaSUpdateInsights\",\r\n    \"enabled\": false,\r\n    \"displayname\": \"Update Compliance\"\r\n  },\r\n  {\r\n    \"name\": \"AgentHealthAssessment\",\r\n    \"enabled\": false,\r\n    \"displayname\": \"Agent Health \"\r\n  },\r\n  {\r\n    \"name\": \"AzureActivity\",\r\n    \"enabled\": false,\r\n    \"displayname\": \"Activity Log Analytics\"\r\n  },\r\n  {\r\n    \"name\": \"HDInsight\",\r\n    \"enabled\": false,\r\n    \"displayname\": \"HDInsight HBase Monitoring (Preview)\"\r\n  },\r\n  {\r\n    \"name\": \"HDInsightKafka\",\r\n    \"enabled\": false,\r\n    \"displayname\": \"HDInsight Kafka Monitoring\"\r\n  },\r\n  {\r\n    \"name\": \"HDInsightSpark\",\r\n    \"enabled\": false,\r\n    \"displayname\": \"HDInsight Spark Monitoring\"\r\n  },\r\n  {\r\n    \"name\": \"HDInsightHadoop\",\r\n    \"enabled\": false,\r\n    \"displayname\": \"HDInsight Hadoop Monitoring\"\r\n  },\r\n  {\r\n    \"name\": \"AzureCdnCoreAnalytics\",\r\n    \"enabled\": false,\r\n    \"displayname\": \"Azure CDN Core Analytics\"\r\n  },\r\n  {\r\n    \"name\": \"HDInsightStorm\",\r\n    \"enabled\": false,\r\n    \"displayname\": \"HDInsight Storm Monitoring\"\r\n  },\r\n  {\r\n    \"name\": \"HDInsightInteractiveQuery\",\r\n    \"enabled\": false,\r\n    \"displayname\": \"HDInsight InteractiveQuery Monitoring\"\r\n  },\r\n  {\r\n    \"name\": \"VMware\",\r\n    \"enabled\": false,\r\n    \"displayname\": \"VMware (Preview)\"\r\n  },\r\n  {\r\n    \"name\": \"SecurityCenterFree\",\r\n    \"enabled\": false,\r\n    \"displayname\": \"Security Center Free â€“ for Azure Resources only\"\r\n  },\r\n  {\r\n    \"name\": \"LogicAppsManagement\",\r\n    \"enabled\": false,\r\n    \"displayname\": \"Logic Apps Management\"\r\n  },\r\n  {\r\n    \"name\": \"LogicAppB2B\",\r\n    \"enabled\": false,\r\n    \"displayname\": \"Logic Apps B2B\"\r\n  },\r\n  {\r\n    \"name\": \"AzureSQLAnalytics\",\r\n    \"enabled\": false,\r\n    \"displayname\": \"Azure SQL Analytics (Preview)\"\r\n  },\r\n  {\r\n    \"name\": \"KeyVaultAnalytics\",\r\n    \"enabled\": false,\r\n    \"displayname\": \"Key Vault Analytics\"\r\n  },\r\n  {\r\n    \"name\": \"AzureNSGAnalytics\",\r\n    \"enabled\": false,\r\n    \"displayname\": \"Azure Network Security Group Analytics\"\r\n  },\r\n  {\r\n    \"name\": \"AzureAppGatewayAnalytics\",\r\n    \"enabled\": false,\r\n    \"displayname\": \"Azure Application Gateway Analytics\"\r\n  },\r\n  {\r\n    \"name\": \"DeviceHealthProd\",\r\n    \"enabled\": false,\r\n    \"displayname\": \"Device Health (Preview)\"\r\n  },\r\n  {\r\n    \"name\": \"WindowsDefenderATP\",\r\n    \"enabled\": false,\r\n    \"displayname\": \"Windows Defender ATP\"\r\n  },\r\n  {\r\n    \"name\": \"WindowsDefenderATPStable\",\r\n    \"enabled\": false,\r\n    \"displayname\": \"Stable Windows Defender ATP\"\r\n  },\r\n  {\r\n    \"name\": \"InfrastructureInsights\",\r\n    \"enabled\": false,\r\n    \"displayname\": \"Infrastructure Insights\"\r\n  },\r\n  {\r\n    \"name\": \"ProcessInvestigator\",\r\n    \"enabled\": false,\r\n    \"displayname\": \"ProcessInvestigator\"\r\n  },\r\n  {\r\n    \"name\": \"Microsoft365Analytics\",\r\n    \"enabled\": false,\r\n    \"displayname\": \"Microsoft 365 Analytics\"\r\n  },\r\n  {\r\n    \"name\": \"ASRAnalytics\",\r\n    \"enabled\": false,\r\n    \"displayname\": \"Azure Site Recovery Analytics\"\r\n  },\r\n  {\r\n    \"name\": \"AzureSentinelPrivatePreview\",\r\n    \"enabled\": false,\r\n    \"displayname\": \"Azure Sentinel (Private Preview)\"\r\n  },\r\n  {\r\n    \"name\": \"AzureSentinelDSRE\",\r\n    \"enabled\": false,\r\n    \"displayname\": \"AzureSentinel DSRE\"\r\n  },\r\n  {\r\n    \"name\": \"SecurityInsights\",\r\n    \"enabled\": false,\r\n    \"displayname\": \"Security Insights\"\r\n  },\r\n  {\r\n    \"name\": \"SecurityCenterNetworkTraffic\",\r\n    \"enabled\": false,\r\n    \"displayname\": \"Security Center Network Traffic\"\r\n  },\r\n  {\r\n    \"name\": \"WindowsFirewall\",\r\n    \"enabled\": false,\r\n    \"displayname\": \"Windows Firewall\"\r\n  },\r\n  {\r\n    \"name\": \"WindowsEventForwarding\",\r\n    \"enabled\": false,\r\n    \"displayname\": \"Windows Event Forwarding\"\r\n  },\r\n  {\r\n    \"name\": \"InternalWindowsEvent\",\r\n    \"enabled\": false,\r\n    \"displayname\": \"Internal Windows Event\"\r\n  },\r\n  {\r\n    \"name\": \"CustomizedWindowsEventsFiltering\",\r\n    \"enabled\": false,\r\n    \"displayname\": \"Customized Windows Events Filtering\"\r\n  },\r\n  {\r\n    \"name\": \"WEFInternalUat\",\r\n    \"enabled\": false,\r\n    \"displayname\": \"WEF Internal Uat\"\r\n  },\r\n  {\r\n    \"name\": \"WEFInternal\",\r\n    \"enabled\": false,\r\n    \"displayname\": \"WEF Internal\"\r\n  },\r\n  {\r\n    \"name\": \"WEF_10x\",\r\n    \"enabled\": false,\r\n    \"displayname\": \"WEF_10x\"\r\n  },\r\n  {\r\n    \"name\": \"WEF_10xDSRE\",\r\n    \"enabled\": false,\r\n    \"displayname\": \"WEF_10xDSRE\"\r\n  },\r\n  {\r\n    \"name\": \"DHCPActivity\",\r\n    \"enabled\": false,\r\n    \"displayname\": \"DHCPActivity\"\r\n  },\r\n  {\r\n    \"name\": \"AzureDataFactoryAnalytics\",\r\n    \"enabled\": false,\r\n    \"displayname\": \"Azure Data Factory Analytics (Preview)\"\r\n  },\r\n  {\r\n    \"name\": \"AzureSecurityOfThings\",\r\n    \"enabled\": false,\r\n    \"displayname\": \"Azure Security of Things solution\"\r\n  },\r\n  {\r\n    \"name\": \"SQLVulnerabilityAssessment\",\r\n    \"enabled\": false,\r\n    \"displayname\": \"SQL Vulnerability Assessment\"\r\n  },\r\n  {\r\n    \"name\": \"SQLAdvancedThreatProtection\",\r\n    \"enabled\": false,\r\n    \"displayname\": \"SQL Advanced Threat Protection\"\r\n  },\r\n  {\r\n    \"name\": \"VMInsights\",\r\n    \"enabled\": false,\r\n    \"displayname\": \"Azure Monitor - VM Insights\"\r\n  },\r\n  {\r\n    \"name\": \"WinLog\",\r\n    \"enabled\": false,\r\n    \"displayname\": \"WinLog\"\r\n  },\r\n  {\r\n    \"name\": \"NetFlow\",\r\n    \"enabled\": false,\r\n    \"displayname\": \"NetFlow\"\r\n  }\r\n]",
      "StatusCode": 200
    },
    {
      "RequestUri": "/subscriptions/57947cb5-aadd-4b6c-9e8e-27f545bb7bf5/resourcegroups/ps9852/providers/Microsoft.OperationalInsights/workspaces/AzTestps8502/intelligencePacks/ChangeTracking/Enable?api-version=2020-08-01",
      "EncodedRequestUri": "L3N1YnNjcmlwdGlvbnMvNTc5NDdjYjUtYWFkZC00YjZjLTllOGUtMjdmNTQ1YmI3YmY1L3Jlc291cmNlZ3JvdXBzL3BzOTg1Mi9wcm92aWRlcnMvTWljcm9zb2Z0Lk9wZXJhdGlvbmFsSW5zaWdodHMvd29ya3NwYWNlcy9BelRlc3Rwczg1MDIvaW50ZWxsaWdlbmNlUGFja3MvQ2hhbmdlVHJhY2tpbmcvRW5hYmxlP2FwaS12ZXJzaW9uPTIwMjAtMDgtMDE=",
      "RequestMethod": "POST",
      "RequestBody": "",
      "RequestHeaders": {
        "x-ms-client-request-id": [
          "09dfd8f4-4c42-4719-abbf-0d6cc456b572"
        ],
        "Accept-Language": [
          "en-US"
        ],
        "User-Agent": [
          "FxVersion/4.6.30411.01",
          "OSName/Windows",
          "OSVersion/Microsoft.Windows.10.0.22000.",
          "Microsoft.Azure.Management.OperationalInsights.OperationalInsightsManagementClient/0.24.0.0"
        ]
      },
      "ResponseHeaders": {
        "Cache-Control": [
          "no-cache"
        ],
        "Pragma": [
          "no-cache"
        ],
        "X-AMS-APIVersion": [
          "WebAPI1.0"
        ],
        "CacheControl": [
          "no-cache"
        ],
        "x-ms-request-id": [
          "cb01e0df-7117-4a54-ae9f-41a8d604e2a4"
        ],
        "Strict-Transport-Security": [
          "max-age=31536000; includeSubDomains"
        ],
        "X-Content-Type-Options": [
          "nosniff"
        ],
        "Server": [
          "Microsoft-IIS/10.0",
          "Microsoft-IIS/10.0"
        ],
        "X-Powered-By": [
          "ASP.NET",
          "ASP.NET"
        ],
        "x-ms-ratelimit-remaining-subscription-writes": [
          "1199"
        ],
        "x-ms-correlation-request-id": [
          "8a97987f-5142-4af5-80a6-a646bdc6429f"
        ],
        "x-ms-routing-request-id": [
          "NORTHEUROPE:20211115T065048Z:8a97987f-5142-4af5-80a6-a646bdc6429f"
        ],
        "Date": [
          "Mon, 15 Nov 2021 06:50:48 GMT"
        ],
        "Expires": [
          "-1"
        ],
        "Content-Length": [
          "0"
        ]
      },
      "ResponseBody": "",
      "StatusCode": 200
    },
    {
      "RequestUri": "/subscriptions/57947cb5-aadd-4b6c-9e8e-27f545bb7bf5/resourcegroups/ps9852/providers/Microsoft.OperationalInsights/workspaces/AzTestps8502/intelligencePacks/SiteRecovery/Enable?api-version=2020-08-01",
      "EncodedRequestUri": "L3N1YnNjcmlwdGlvbnMvNTc5NDdjYjUtYWFkZC00YjZjLTllOGUtMjdmNTQ1YmI3YmY1L3Jlc291cmNlZ3JvdXBzL3BzOTg1Mi9wcm92aWRlcnMvTWljcm9zb2Z0Lk9wZXJhdGlvbmFsSW5zaWdodHMvd29ya3NwYWNlcy9BelRlc3Rwczg1MDIvaW50ZWxsaWdlbmNlUGFja3MvU2l0ZVJlY292ZXJ5L0VuYWJsZT9hcGktdmVyc2lvbj0yMDIwLTA4LTAx",
      "RequestMethod": "POST",
      "RequestBody": "",
      "RequestHeaders": {
        "x-ms-client-request-id": [
          "e26f6fb5-1436-4d2b-917b-19dee79ea5bf"
        ],
        "Accept-Language": [
          "en-US"
        ],
        "User-Agent": [
          "FxVersion/4.6.30411.01",
          "OSName/Windows",
          "OSVersion/Microsoft.Windows.10.0.22000.",
          "Microsoft.Azure.Management.OperationalInsights.OperationalInsightsManagementClient/0.24.0.0"
        ]
      },
      "ResponseHeaders": {
        "Cache-Control": [
          "no-cache"
        ],
        "Pragma": [
          "no-cache"
        ],
        "X-AMS-APIVersion": [
          "WebAPI1.0"
        ],
        "CacheControl": [
          "no-cache"
        ],
        "x-ms-request-id": [
          "0160d16c-d0d1-4050-8153-696b2d8b0420"
        ],
        "Strict-Transport-Security": [
          "max-age=31536000; includeSubDomains"
        ],
        "X-Content-Type-Options": [
          "nosniff"
        ],
        "Server": [
          "Microsoft-IIS/10.0",
          "Microsoft-IIS/10.0"
        ],
        "X-Powered-By": [
          "ASP.NET",
          "ASP.NET"
        ],
        "x-ms-ratelimit-remaining-subscription-writes": [
          "1198"
        ],
        "x-ms-correlation-request-id": [
          "023024c3-6c67-45da-b26f-311e9ca0cfa0"
        ],
        "x-ms-routing-request-id": [
          "NORTHEUROPE:20211115T065049Z:023024c3-6c67-45da-b26f-311e9ca0cfa0"
        ],
        "Date": [
          "Mon, 15 Nov 2021 06:50:49 GMT"
        ],
        "Expires": [
          "-1"
        ],
        "Content-Length": [
          "0"
        ]
      },
      "ResponseBody": "",
      "StatusCode": 200
    },
    {
      "RequestUri": "/subscriptions/57947cb5-aadd-4b6c-9e8e-27f545bb7bf5/resourcegroups/ps9852/providers/Microsoft.OperationalInsights/workspaces/AzTestps8502/intelligencePacks/ChangeTracking/Disable?api-version=2020-08-01",
      "EncodedRequestUri": "L3N1YnNjcmlwdGlvbnMvNTc5NDdjYjUtYWFkZC00YjZjLTllOGUtMjdmNTQ1YmI3YmY1L3Jlc291cmNlZ3JvdXBzL3BzOTg1Mi9wcm92aWRlcnMvTWljcm9zb2Z0Lk9wZXJhdGlvbmFsSW5zaWdodHMvd29ya3NwYWNlcy9BelRlc3Rwczg1MDIvaW50ZWxsaWdlbmNlUGFja3MvQ2hhbmdlVHJhY2tpbmcvRGlzYWJsZT9hcGktdmVyc2lvbj0yMDIwLTA4LTAx",
      "RequestMethod": "POST",
      "RequestBody": "",
      "RequestHeaders": {
        "x-ms-client-request-id": [
          "7a5150a4-bcf4-4c6d-905b-3ec8feba5d29"
        ],
        "Accept-Language": [
          "en-US"
        ],
        "User-Agent": [
          "FxVersion/4.6.30411.01",
          "OSName/Windows",
          "OSVersion/Microsoft.Windows.10.0.22000.",
          "Microsoft.Azure.Management.OperationalInsights.OperationalInsightsManagementClient/0.24.0.0"
        ]
      },
      "ResponseHeaders": {
        "Cache-Control": [
          "no-cache"
        ],
        "Pragma": [
          "no-cache"
        ],
        "X-AMS-APIVersion": [
          "WebAPI1.0"
        ],
        "CacheControl": [
          "no-cache"
        ],
        "x-ms-request-id": [
          "3e01681e-bd74-43c7-9e82-aeba7444d547"
        ],
        "Strict-Transport-Security": [
          "max-age=31536000; includeSubDomains"
        ],
        "X-Content-Type-Options": [
          "nosniff"
        ],
        "Server": [
          "Microsoft-IIS/10.0",
          "Microsoft-IIS/10.0"
        ],
        "X-Powered-By": [
          "ASP.NET",
          "ASP.NET"
        ],
        "x-ms-ratelimit-remaining-subscription-writes": [
          "1197"
        ],
        "x-ms-correlation-request-id": [
          "fe96f77f-0f5a-43ad-973a-f985675c7058"
        ],
        "x-ms-routing-request-id": [
          "NORTHEUROPE:20211115T065050Z:fe96f77f-0f5a-43ad-973a-f985675c7058"
        ],
        "Date": [
          "Mon, 15 Nov 2021 06:50:50 GMT"
        ],
        "Expires": [
          "-1"
        ],
        "Content-Length": [
          "0"
        ]
      },
      "ResponseBody": "",
      "StatusCode": 200
    },
    {
      "RequestUri": "/subscriptions/57947cb5-aadd-4b6c-9e8e-27f545bb7bf5/resourcegroups/ps9852/providers/Microsoft.OperationalInsights/workspaces/AzTestps8502/intelligencePacks/SiteRecovery/Disable?api-version=2020-08-01",
      "EncodedRequestUri": "L3N1YnNjcmlwdGlvbnMvNTc5NDdjYjUtYWFkZC00YjZjLTllOGUtMjdmNTQ1YmI3YmY1L3Jlc291cmNlZ3JvdXBzL3BzOTg1Mi9wcm92aWRlcnMvTWljcm9zb2Z0Lk9wZXJhdGlvbmFsSW5zaWdodHMvd29ya3NwYWNlcy9BelRlc3Rwczg1MDIvaW50ZWxsaWdlbmNlUGFja3MvU2l0ZVJlY292ZXJ5L0Rpc2FibGU/YXBpLXZlcnNpb249MjAyMC0wOC0wMQ==",
      "RequestMethod": "POST",
      "RequestBody": "",
      "RequestHeaders": {
        "x-ms-client-request-id": [
          "922a749a-7806-40c2-afbb-80842919c57c"
        ],
        "Accept-Language": [
          "en-US"
        ],
        "User-Agent": [
          "FxVersion/4.6.30411.01",
          "OSName/Windows",
          "OSVersion/Microsoft.Windows.10.0.22000.",
          "Microsoft.Azure.Management.OperationalInsights.OperationalInsightsManagementClient/0.24.0.0"
        ]
      },
      "ResponseHeaders": {
        "Cache-Control": [
          "no-cache"
        ],
        "Pragma": [
          "no-cache"
        ],
        "X-AMS-APIVersion": [
          "WebAPI1.0"
        ],
        "CacheControl": [
          "no-cache"
        ],
        "x-ms-request-id": [
          "0b83f3e6-fd5e-454f-9418-f9ee5f179d74"
        ],
        "Strict-Transport-Security": [
          "max-age=31536000; includeSubDomains"
        ],
        "X-Content-Type-Options": [
          "nosniff"
        ],
        "Server": [
          "Microsoft-IIS/10.0",
          "Microsoft-IIS/10.0"
        ],
        "X-Powered-By": [
          "ASP.NET",
          "ASP.NET"
        ],
        "x-ms-ratelimit-remaining-subscription-writes": [
          "1196"
        ],
        "x-ms-correlation-request-id": [
          "2ceec026-d445-4471-aaeb-2feb0eaed056"
        ],
        "x-ms-routing-request-id": [
          "NORTHEUROPE:20211115T065050Z:2ceec026-d445-4471-aaeb-2feb0eaed056"
        ],
        "Date": [
          "Mon, 15 Nov 2021 06:50:50 GMT"
        ],
        "Expires": [
          "-1"
        ],
        "Content-Length": [
          "0"
        ]
      },
      "ResponseBody": "",
      "StatusCode": 200
    },
    {
      "RequestUri": "/subscriptions/57947cb5-aadd-4b6c-9e8e-27f545bb7bf5/resourcegroups/ps9852/providers/Microsoft.OperationalInsights/workspaces/AzTestps8502?api-version=2020-10-01&force=false",
      "EncodedRequestUri": "L3N1YnNjcmlwdGlvbnMvNTc5NDdjYjUtYWFkZC00YjZjLTllOGUtMjdmNTQ1YmI3YmY1L3Jlc291cmNlZ3JvdXBzL3BzOTg1Mi9wcm92aWRlcnMvTWljcm9zb2Z0Lk9wZXJhdGlvbmFsSW5zaWdodHMvd29ya3NwYWNlcy9BelRlc3Rwczg1MDI/YXBpLXZlcnNpb249MjAyMC0xMC0wMSZmb3JjZT1mYWxzZQ==",
      "RequestMethod": "DELETE",
      "RequestBody": "",
      "RequestHeaders": {
        "x-ms-client-request-id": [
          "5e0ee8e1-0dcd-43b4-a548-cd758ed8a103"
        ],
        "Accept-Language": [
          "en-US"
        ],
        "User-Agent": [
          "FxVersion/4.6.30411.01",
          "OSName/Windows",
          "OSVersion/Microsoft.Windows.10.0.22000.",
          "Microsoft.Azure.Management.OperationalInsights.OperationalInsightsManagementClient/0.24.0.0"
        ]
      },
      "ResponseHeaders": {
        "Cache-Control": [
          "no-cache"
        ],
        "Pragma": [
          "no-cache"
        ],
        "x-ms-request-id": [
          "eb979275-7577-4d90-8799-210f3dc606d7"
        ],
        "Strict-Transport-Security": [
          "max-age=31536000; includeSubDomains"
        ],
        "X-Content-Type-Options": [
          "nosniff"
        ],
        "Server": [
          "Microsoft-IIS/10.0",
          "Microsoft-IIS/10.0"
        ],
        "X-Powered-By": [
          "ASP.NET",
          "ASP.NET"
        ],
        "x-ms-ratelimit-remaining-subscription-deletes": [
          "14998"
        ],
        "x-ms-correlation-request-id": [
          "102aab12-8fd3-45ff-9985-cb65f3841ec5"
        ],
        "x-ms-routing-request-id": [
          "NORTHEUROPE:20211115T065054Z:102aab12-8fd3-45ff-9985-cb65f3841ec5"
        ],
        "Date": [
          "Mon, 15 Nov 2021 06:50:54 GMT"
        ],
        "Content-Length": [
          "0"
        ]
      },
      "ResponseBody": "",
      "StatusCode": 200
    },
    {
      "RequestUri": "/subscriptions/57947cb5-aadd-4b6c-9e8e-27f545bb7bf5/resourcegroups/ps9852/providers/Microsoft.OperationalInsights/workspaces?api-version=2020-10-01",
      "EncodedRequestUri": "L3N1YnNjcmlwdGlvbnMvNTc5NDdjYjUtYWFkZC00YjZjLTllOGUtMjdmNTQ1YmI3YmY1L3Jlc291cmNlZ3JvdXBzL3BzOTg1Mi9wcm92aWRlcnMvTWljcm9zb2Z0Lk9wZXJhdGlvbmFsSW5zaWdodHMvd29ya3NwYWNlcz9hcGktdmVyc2lvbj0yMDIwLTEwLTAx",
      "RequestMethod": "GET",
      "RequestBody": "",
      "RequestHeaders": {
        "x-ms-client-request-id": [
          "1e630d41-fd09-4f74-9dc0-442bb74cf144"
        ],
        "Accept-Language": [
          "en-US"
        ],
        "User-Agent": [
          "FxVersion/4.6.30411.01",
          "OSName/Windows",
          "OSVersion/Microsoft.Windows.10.0.22000.",
          "Microsoft.Azure.Management.OperationalInsights.OperationalInsightsManagementClient/0.24.0.0"
        ]
      },
      "ResponseHeaders": {
        "Cache-Control": [
          "no-cache"
        ],
        "Pragma": [
          "no-cache"
        ],
        "x-ms-ratelimit-remaining-subscription-reads": [
          "11988"
        ],
        "x-ms-request-id": [
          "c1182ca2-af82-4959-8e33-b6d3ff0b6122"
        ],
        "x-ms-correlation-request-id": [
          "c1182ca2-af82-4959-8e33-b6d3ff0b6122"
        ],
        "x-ms-routing-request-id": [
          "NORTHEUROPE:20211115T065054Z:c1182ca2-af82-4959-8e33-b6d3ff0b6122"
        ],
        "Strict-Transport-Security": [
          "max-age=31536000; includeSubDomains"
        ],
        "X-Content-Type-Options": [
          "nosniff"
        ],
        "Date": [
          "Mon, 15 Nov 2021 06:50:54 GMT"
        ],
        "Content-Type": [
          "application/json; charset=utf-8"
        ],
        "Expires": [
          "-1"
        ],
        "Content-Length": [
          "12"
        ]
      },
      "ResponseBody": "{\r\n  \"value\": []\r\n}",
      "StatusCode": 200
    },
    {
      "RequestUri": "/subscriptions/57947cb5-aadd-4b6c-9e8e-27f545bb7bf5/resourcegroups/ps9852/providers/Microsoft.OperationalInsights/workspaces/wsname?api-version=2020-10-01",
      "EncodedRequestUri": "L3N1YnNjcmlwdGlvbnMvNTc5NDdjYjUtYWFkZC00YjZjLTllOGUtMjdmNTQ1YmI3YmY1L3Jlc291cmNlZ3JvdXBzL3BzOTg1Mi9wcm92aWRlcnMvTWljcm9zb2Z0Lk9wZXJhdGlvbmFsSW5zaWdodHMvd29ya3NwYWNlcy93c25hbWU/YXBpLXZlcnNpb249MjAyMC0xMC0wMQ==",
      "RequestMethod": "GET",
      "RequestBody": "",
      "RequestHeaders": {
        "x-ms-client-request-id": [
          "38efe8d4-f939-4224-a541-56f9c3a11231"
        ],
        "Accept-Language": [
          "en-US"
        ],
        "User-Agent": [
          "FxVersion/4.6.30411.01",
          "OSName/Windows",
          "OSVersion/Microsoft.Windows.10.0.22000.",
          "Microsoft.Azure.Management.OperationalInsights.OperationalInsightsManagementClient/0.24.0.0"
        ]
      },
      "ResponseHeaders": {
        "Cache-Control": [
          "no-cache"
        ],
        "Pragma": [
          "no-cache"
        ],
        "x-ms-failure-cause": [
          "gateway"
        ],
        "x-ms-request-id": [
          "7034e5d0-265a-41cb-b75e-bfc00c40e394"
        ],
        "x-ms-correlation-request-id": [
          "7034e5d0-265a-41cb-b75e-bfc00c40e394"
        ],
        "x-ms-routing-request-id": [
          "NORTHEUROPE:20211115T065054Z:7034e5d0-265a-41cb-b75e-bfc00c40e394"
        ],
        "Strict-Transport-Security": [
          "max-age=31536000; includeSubDomains"
        ],
        "X-Content-Type-Options": [
          "nosniff"
        ],
        "Date": [
          "Mon, 15 Nov 2021 06:50:54 GMT"
        ],
        "Content-Type": [
          "application/json; charset=utf-8"
        ],
        "Expires": [
          "-1"
        ],
        "Content-Length": [
          "225"
        ]
      },
      "ResponseBody": "{\r\n  \"error\": {\r\n    \"code\": \"ResourceNotFound\",\r\n    \"message\": \"The Resource 'Microsoft.OperationalInsights/workspaces/wsname' under resource group 'ps9852' was not found. For more details please go to https://aka.ms/ARMResourceNotFoundFix\"\r\n  }\r\n}",
      "StatusCode": 404
    },
    {
      "RequestUri": "/subscriptions/57947cb5-aadd-4b6c-9e8e-27f545bb7bf5/resourcegroups/ps9852?api-version=2016-09-01",
      "EncodedRequestUri": "L3N1YnNjcmlwdGlvbnMvNTc5NDdjYjUtYWFkZC00YjZjLTllOGUtMjdmNTQ1YmI3YmY1L3Jlc291cmNlZ3JvdXBzL3BzOTg1Mj9hcGktdmVyc2lvbj0yMDE2LTA5LTAx",
      "RequestMethod": "DELETE",
      "RequestBody": "",
      "RequestHeaders": {
        "x-ms-client-request-id": [
          "bff20d7e-34f7-4c8e-9cec-5e817ec06cda"
        ],
        "Accept-Language": [
          "en-US"
        ],
        "User-Agent": [
          "FxVersion/4.6.30411.01",
          "OSName/Windows",
          "OSVersion/Microsoft.Windows.10.0.22000.",
          "Microsoft.Azure.Management.Internal.Resources.ResourceManagementClient/1.3.51"
        ]
      },
      "ResponseHeaders": {
        "Cache-Control": [
          "no-cache"
        ],
        "Pragma": [
          "no-cache"
        ],
        "Location": [
          "https://management.azure.com/subscriptions/57947cb5-aadd-4b6c-9e8e-27f545bb7bf5/operationresults/eyJqb2JJZCI6IlJFU09VUkNFR1JPVVBERUxFVElPTkpPQi1QUzk4NTItRUFTVFVTIiwiam9iTG9jYXRpb24iOiJlYXN0dXMifQ?api-version=2016-09-01"
        ],
        "Retry-After": [
          "15"
        ],
        "x-ms-ratelimit-remaining-subscription-deletes": [
          "14999"
        ],
        "x-ms-request-id": [
          "9947ef8b-82c4-48f3-b345-c203e4acde56"
        ],
        "x-ms-correlation-request-id": [
          "9947ef8b-82c4-48f3-b345-c203e4acde56"
        ],
        "x-ms-routing-request-id": [
          "NORTHEUROPE:20211115T065056Z:9947ef8b-82c4-48f3-b345-c203e4acde56"
        ],
        "Strict-Transport-Security": [
          "max-age=31536000; includeSubDomains"
        ],
        "X-Content-Type-Options": [
          "nosniff"
        ],
        "Date": [
          "Mon, 15 Nov 2021 06:50:56 GMT"
        ],
        "Expires": [
          "-1"
        ],
        "Content-Length": [
          "0"
        ]
      },
      "ResponseBody": "",
      "StatusCode": 202
    },
    {
      "RequestUri": "/subscriptions/57947cb5-aadd-4b6c-9e8e-27f545bb7bf5/operationresults/eyJqb2JJZCI6IlJFU09VUkNFR1JPVVBERUxFVElPTkpPQi1QUzk4NTItRUFTVFVTIiwiam9iTG9jYXRpb24iOiJlYXN0dXMifQ?api-version=2016-09-01",
      "EncodedRequestUri": "L3N1YnNjcmlwdGlvbnMvNTc5NDdjYjUtYWFkZC00YjZjLTllOGUtMjdmNTQ1YmI3YmY1L29wZXJhdGlvbnJlc3VsdHMvZXlKcWIySkpaQ0k2SWxKRlUwOVZVa05GUjFKUFZWQkVSVXhGVkVsUFRrcFBRaTFRVXprNE5USXRSVUZUVkZWVElpd2lhbTlpVEc5allYUnBiMjRpT2lKbFlYTjBkWE1pZlE/YXBpLXZlcnNpb249MjAxNi0wOS0wMQ==",
      "RequestMethod": "GET",
      "RequestBody": "",
      "RequestHeaders": {
        "User-Agent": [
          "FxVersion/4.6.30411.01",
          "OSName/Windows",
          "OSVersion/Microsoft.Windows.10.0.22000.",
          "Microsoft.Azure.Management.Internal.Resources.ResourceManagementClient/1.3.51"
        ]
      },
      "ResponseHeaders": {
        "Cache-Control": [
          "no-cache"
        ],
        "Pragma": [
          "no-cache"
        ],
        "Location": [
          "https://management.azure.com/subscriptions/57947cb5-aadd-4b6c-9e8e-27f545bb7bf5/operationresults/eyJqb2JJZCI6IlJFU09VUkNFR1JPVVBERUxFVElPTkpPQi1QUzk4NTItRUFTVFVTIiwiam9iTG9jYXRpb24iOiJlYXN0dXMifQ?api-version=2016-09-01"
        ],
        "Retry-After": [
          "15"
        ],
        "x-ms-ratelimit-remaining-subscription-reads": [
          "11998"
        ],
        "x-ms-request-id": [
          "c4259e49-91bc-4619-9d9b-697b0e996be7"
        ],
        "x-ms-correlation-request-id": [
          "c4259e49-91bc-4619-9d9b-697b0e996be7"
        ],
        "x-ms-routing-request-id": [
          "NORTHEUROPE:20211115T065111Z:c4259e49-91bc-4619-9d9b-697b0e996be7"
        ],
        "Strict-Transport-Security": [
          "max-age=31536000; includeSubDomains"
        ],
        "X-Content-Type-Options": [
          "nosniff"
        ],
        "Date": [
          "Mon, 15 Nov 2021 06:51:11 GMT"
        ],
        "Expires": [
          "-1"
        ],
        "Content-Length": [
          "0"
        ]
      },
      "ResponseBody": "",
      "StatusCode": 202
    },
    {
      "RequestUri": "/subscriptions/57947cb5-aadd-4b6c-9e8e-27f545bb7bf5/operationresults/eyJqb2JJZCI6IlJFU09VUkNFR1JPVVBERUxFVElPTkpPQi1QUzk4NTItRUFTVFVTIiwiam9iTG9jYXRpb24iOiJlYXN0dXMifQ?api-version=2016-09-01",
      "EncodedRequestUri": "L3N1YnNjcmlwdGlvbnMvNTc5NDdjYjUtYWFkZC00YjZjLTllOGUtMjdmNTQ1YmI3YmY1L29wZXJhdGlvbnJlc3VsdHMvZXlKcWIySkpaQ0k2SWxKRlUwOVZVa05GUjFKUFZWQkVSVXhGVkVsUFRrcFBRaTFRVXprNE5USXRSVUZUVkZWVElpd2lhbTlpVEc5allYUnBiMjRpT2lKbFlYTjBkWE1pZlE/YXBpLXZlcnNpb249MjAxNi0wOS0wMQ==",
      "RequestMethod": "GET",
      "RequestBody": "",
      "RequestHeaders": {
        "User-Agent": [
          "FxVersion/4.6.30411.01",
          "OSName/Windows",
          "OSVersion/Microsoft.Windows.10.0.22000.",
          "Microsoft.Azure.Management.Internal.Resources.ResourceManagementClient/1.3.51"
        ]
      },
      "ResponseHeaders": {
        "Cache-Control": [
          "no-cache"
        ],
        "Pragma": [
          "no-cache"
        ],
        "Location": [
          "https://management.azure.com/subscriptions/57947cb5-aadd-4b6c-9e8e-27f545bb7bf5/operationresults/eyJqb2JJZCI6IlJFU09VUkNFR1JPVVBERUxFVElPTkpPQi1QUzk4NTItRUFTVFVTIiwiam9iTG9jYXRpb24iOiJlYXN0dXMifQ?api-version=2016-09-01"
        ],
        "Retry-After": [
          "15"
        ],
        "x-ms-ratelimit-remaining-subscription-reads": [
          "11997"
        ],
        "x-ms-request-id": [
          "be47cf79-1db7-468b-9d15-66a9342022bc"
        ],
        "x-ms-correlation-request-id": [
          "be47cf79-1db7-468b-9d15-66a9342022bc"
        ],
        "x-ms-routing-request-id": [
          "NORTHEUROPE:20211115T065127Z:be47cf79-1db7-468b-9d15-66a9342022bc"
        ],
        "Strict-Transport-Security": [
          "max-age=31536000; includeSubDomains"
        ],
        "X-Content-Type-Options": [
          "nosniff"
        ],
        "Date": [
          "Mon, 15 Nov 2021 06:51:26 GMT"
        ],
        "Expires": [
          "-1"
        ],
        "Content-Length": [
          "0"
        ]
      },
      "ResponseBody": "",
      "StatusCode": 202
    },
    {
      "RequestUri": "/subscriptions/57947cb5-aadd-4b6c-9e8e-27f545bb7bf5/operationresults/eyJqb2JJZCI6IlJFU09VUkNFR1JPVVBERUxFVElPTkpPQi1QUzk4NTItRUFTVFVTIiwiam9iTG9jYXRpb24iOiJlYXN0dXMifQ?api-version=2016-09-01",
      "EncodedRequestUri": "L3N1YnNjcmlwdGlvbnMvNTc5NDdjYjUtYWFkZC00YjZjLTllOGUtMjdmNTQ1YmI3YmY1L29wZXJhdGlvbnJlc3VsdHMvZXlKcWIySkpaQ0k2SWxKRlUwOVZVa05GUjFKUFZWQkVSVXhGVkVsUFRrcFBRaTFRVXprNE5USXRSVUZUVkZWVElpd2lhbTlpVEc5allYUnBiMjRpT2lKbFlYTjBkWE1pZlE/YXBpLXZlcnNpb249MjAxNi0wOS0wMQ==",
      "RequestMethod": "GET",
      "RequestBody": "",
      "RequestHeaders": {
        "User-Agent": [
          "FxVersion/4.6.30411.01",
          "OSName/Windows",
          "OSVersion/Microsoft.Windows.10.0.22000.",
          "Microsoft.Azure.Management.Internal.Resources.ResourceManagementClient/1.3.51"
        ]
      },
      "ResponseHeaders": {
        "Cache-Control": [
          "no-cache"
        ],
        "Pragma": [
          "no-cache"
        ],
        "Location": [
          "https://management.azure.com/subscriptions/57947cb5-aadd-4b6c-9e8e-27f545bb7bf5/operationresults/eyJqb2JJZCI6IlJFU09VUkNFR1JPVVBERUxFVElPTkpPQi1QUzk4NTItRUFTVFVTIiwiam9iTG9jYXRpb24iOiJlYXN0dXMifQ?api-version=2016-09-01"
        ],
        "Retry-After": [
          "15"
        ],
        "x-ms-ratelimit-remaining-subscription-reads": [
          "11996"
        ],
        "x-ms-request-id": [
          "7f344bb4-a394-47ca-864f-2ef5286384cd"
        ],
        "x-ms-correlation-request-id": [
          "7f344bb4-a394-47ca-864f-2ef5286384cd"
        ],
        "x-ms-routing-request-id": [
          "NORTHEUROPE:20211115T065142Z:7f344bb4-a394-47ca-864f-2ef5286384cd"
        ],
        "Strict-Transport-Security": [
          "max-age=31536000; includeSubDomains"
        ],
        "X-Content-Type-Options": [
          "nosniff"
        ],
        "Date": [
          "Mon, 15 Nov 2021 06:51:42 GMT"
        ],
        "Expires": [
          "-1"
        ],
        "Content-Length": [
          "0"
        ]
      },
      "ResponseBody": "",
      "StatusCode": 202
    },
    {
      "RequestUri": "/subscriptions/57947cb5-aadd-4b6c-9e8e-27f545bb7bf5/operationresults/eyJqb2JJZCI6IlJFU09VUkNFR1JPVVBERUxFVElPTkpPQi1QUzk4NTItRUFTVFVTIiwiam9iTG9jYXRpb24iOiJlYXN0dXMifQ?api-version=2016-09-01",
      "EncodedRequestUri": "L3N1YnNjcmlwdGlvbnMvNTc5NDdjYjUtYWFkZC00YjZjLTllOGUtMjdmNTQ1YmI3YmY1L29wZXJhdGlvbnJlc3VsdHMvZXlKcWIySkpaQ0k2SWxKRlUwOVZVa05GUjFKUFZWQkVSVXhGVkVsUFRrcFBRaTFRVXprNE5USXRSVUZUVkZWVElpd2lhbTlpVEc5allYUnBiMjRpT2lKbFlYTjBkWE1pZlE/YXBpLXZlcnNpb249MjAxNi0wOS0wMQ==",
      "RequestMethod": "GET",
      "RequestBody": "",
      "RequestHeaders": {
        "User-Agent": [
          "FxVersion/4.6.30411.01",
          "OSName/Windows",
          "OSVersion/Microsoft.Windows.10.0.22000.",
          "Microsoft.Azure.Management.Internal.Resources.ResourceManagementClient/1.3.51"
        ]
      },
      "ResponseHeaders": {
        "Cache-Control": [
          "no-cache"
        ],
        "Pragma": [
          "no-cache"
        ],
        "Location": [
          "https://management.azure.com/subscriptions/57947cb5-aadd-4b6c-9e8e-27f545bb7bf5/operationresults/eyJqb2JJZCI6IlJFU09VUkNFR1JPVVBERUxFVElPTkpPQi1QUzk4NTItRUFTVFVTIiwiam9iTG9jYXRpb24iOiJlYXN0dXMifQ?api-version=2016-09-01"
        ],
        "Retry-After": [
          "15"
        ],
        "x-ms-ratelimit-remaining-subscription-reads": [
          "11995"
        ],
        "x-ms-request-id": [
          "fc4cb0b2-5987-45e8-bad4-b6ba0469aae3"
        ],
        "x-ms-correlation-request-id": [
          "fc4cb0b2-5987-45e8-bad4-b6ba0469aae3"
        ],
        "x-ms-routing-request-id": [
          "NORTHEUROPE:20211115T065157Z:fc4cb0b2-5987-45e8-bad4-b6ba0469aae3"
        ],
        "Strict-Transport-Security": [
          "max-age=31536000; includeSubDomains"
        ],
        "X-Content-Type-Options": [
          "nosniff"
        ],
        "Date": [
          "Mon, 15 Nov 2021 06:51:57 GMT"
        ],
        "Expires": [
          "-1"
        ],
        "Content-Length": [
          "0"
        ]
      },
      "ResponseBody": "",
      "StatusCode": 202
    },
    {
      "RequestUri": "/subscriptions/57947cb5-aadd-4b6c-9e8e-27f545bb7bf5/operationresults/eyJqb2JJZCI6IlJFU09VUkNFR1JPVVBERUxFVElPTkpPQi1QUzk4NTItRUFTVFVTIiwiam9iTG9jYXRpb24iOiJlYXN0dXMifQ?api-version=2016-09-01",
      "EncodedRequestUri": "L3N1YnNjcmlwdGlvbnMvNTc5NDdjYjUtYWFkZC00YjZjLTllOGUtMjdmNTQ1YmI3YmY1L29wZXJhdGlvbnJlc3VsdHMvZXlKcWIySkpaQ0k2SWxKRlUwOVZVa05GUjFKUFZWQkVSVXhGVkVsUFRrcFBRaTFRVXprNE5USXRSVUZUVkZWVElpd2lhbTlpVEc5allYUnBiMjRpT2lKbFlYTjBkWE1pZlE/YXBpLXZlcnNpb249MjAxNi0wOS0wMQ==",
      "RequestMethod": "GET",
      "RequestBody": "",
      "RequestHeaders": {
        "User-Agent": [
          "FxVersion/4.6.30411.01",
          "OSName/Windows",
          "OSVersion/Microsoft.Windows.10.0.22000.",
          "Microsoft.Azure.Management.Internal.Resources.ResourceManagementClient/1.3.51"
        ]
      },
      "ResponseHeaders": {
        "Cache-Control": [
          "no-cache"
        ],
        "Pragma": [
          "no-cache"
        ],
        "x-ms-ratelimit-remaining-subscription-reads": [
          "11994"
        ],
        "x-ms-request-id": [
          "bd508cd4-718e-4cfd-9d16-8cafa7b6e79c"
        ],
        "x-ms-correlation-request-id": [
          "bd508cd4-718e-4cfd-9d16-8cafa7b6e79c"
        ],
        "x-ms-routing-request-id": [
          "NORTHEUROPE:20211115T065212Z:bd508cd4-718e-4cfd-9d16-8cafa7b6e79c"
        ],
        "Strict-Transport-Security": [
          "max-age=31536000; includeSubDomains"
        ],
        "X-Content-Type-Options": [
          "nosniff"
        ],
        "Date": [
          "Mon, 15 Nov 2021 06:52:12 GMT"
        ],
        "Expires": [
          "-1"
        ],
        "Content-Length": [
          "0"
        ]
      },
      "ResponseBody": "",
      "StatusCode": 200
    },
    {
      "RequestUri": "/subscriptions/57947cb5-aadd-4b6c-9e8e-27f545bb7bf5/operationresults/eyJqb2JJZCI6IlJFU09VUkNFR1JPVVBERUxFVElPTkpPQi1QUzk4NTItRUFTVFVTIiwiam9iTG9jYXRpb24iOiJlYXN0dXMifQ?api-version=2016-09-01",
      "EncodedRequestUri": "L3N1YnNjcmlwdGlvbnMvNTc5NDdjYjUtYWFkZC00YjZjLTllOGUtMjdmNTQ1YmI3YmY1L29wZXJhdGlvbnJlc3VsdHMvZXlKcWIySkpaQ0k2SWxKRlUwOVZVa05GUjFKUFZWQkVSVXhGVkVsUFRrcFBRaTFRVXprNE5USXRSVUZUVkZWVElpd2lhbTlpVEc5allYUnBiMjRpT2lKbFlYTjBkWE1pZlE/YXBpLXZlcnNpb249MjAxNi0wOS0wMQ==",
      "RequestMethod": "GET",
      "RequestBody": "",
      "RequestHeaders": {
        "User-Agent": [
          "FxVersion/4.6.30411.01",
          "OSName/Windows",
          "OSVersion/Microsoft.Windows.10.0.22000.",
          "Microsoft.Azure.Management.Internal.Resources.ResourceManagementClient/1.3.51"
        ]
      },
      "ResponseHeaders": {
        "Cache-Control": [
          "no-cache"
        ],
        "Pragma": [
          "no-cache"
        ],
        "x-ms-ratelimit-remaining-subscription-reads": [
          "11993"
        ],
        "x-ms-request-id": [
          "10bd4570-e1d8-4eee-b8b8-e04321202185"
        ],
        "x-ms-correlation-request-id": [
          "10bd4570-e1d8-4eee-b8b8-e04321202185"
        ],
        "x-ms-routing-request-id": [
          "NORTHEUROPE:20211115T065213Z:10bd4570-e1d8-4eee-b8b8-e04321202185"
        ],
        "Strict-Transport-Security": [
          "max-age=31536000; includeSubDomains"
        ],
        "X-Content-Type-Options": [
          "nosniff"
        ],
        "Date": [
          "Mon, 15 Nov 2021 06:52:12 GMT"
        ],
        "Expires": [
          "-1"
        ],
        "Content-Length": [
          "0"
        ]
      },
      "ResponseBody": "",
      "StatusCode": 200
    }
  ],
  "Names": {
    "Test-WorkspaceEnableDisableListIntelligencePacks": [
      "ps8502",
      "ps9852"
    ]
  },
  "Variables": {
    "SubscriptionId": "57947cb5-aadd-4b6c-9e8e-27f545bb7bf5"
  }
}