{
  "Entries": [
    {
      "RequestUri": "/subscriptions/947d47b4-7883-4bb9-9d85-c5e8e2f572ce/resourcegroups/ps7962?api-version=2016-09-01",
      "EncodedRequestUri": "L3N1YnNjcmlwdGlvbnMvOTQ3ZDQ3YjQtNzg4My00YmI5LTlkODUtYzVlOGUyZjU3MmNlL3Jlc291cmNlZ3JvdXBzL3BzNzk2Mj9hcGktdmVyc2lvbj0yMDE2LTA5LTAx",
      "RequestMethod": "PUT",
      "RequestHeaders": {
        "x-ms-client-request-id": [
          "cbc105c3-a209-4723-bbc4-c59e71f23e01"
        ],
        "Accept-Language": [
          "en-US"
        ],
        "User-Agent": [
          "FxVersion/4.700.22.55902",
          "OSName/Windows",
          "OSVersion/Microsoft.Windows.10.0.17763",
          "Microsoft.Azure.Management.Internal.Resources.ResourceManagementClient/1.3.75"
        ],
        "Content-Type": [
          "application/json; charset=utf-8"
        ],
        "Content-Length": [
          "78"
        ]
      },
      "RequestBody": "{\r\n  \"location\": \"eastus2euap\",\r\n  \"tags\": {\r\n    \"testtag\": \"testval\"\r\n  }\r\n}",
      "ResponseHeaders": {
        "Cache-Control": [
          "no-cache"
        ],
        "Pragma": [
          "no-cache"
        ],
        "x-ms-ratelimit-remaining-subscription-writes": [
          "1197"
        ],
        "x-ms-request-id": [
          "1c699025-2938-4b40-98b0-543ea83e99e9"
        ],
        "x-ms-correlation-request-id": [
          "1c699025-2938-4b40-98b0-543ea83e99e9"
        ],
        "x-ms-routing-request-id": [
          "CENTRALUS:20230511T190244Z:1c699025-2938-4b40-98b0-543ea83e99e9"
        ],
        "Strict-Transport-Security": [
          "max-age=31536000; includeSubDomains"
        ],
        "X-Content-Type-Options": [
          "nosniff"
        ],
        "Date": [
          "Thu, 11 May 2023 19:02:43 GMT"
        ],
        "Content-Length": [
          "240"
        ],
        "Content-Type": [
          "application/json; charset=utf-8"
        ],
        "Expires": [
          "-1"
        ]
      },
      "ResponseBody": "{\r\n  \"id\": \"/subscriptions/947d47b4-7883-4bb9-9d85-c5e8e2f572ce/resourceGroups/ps7962\",\r\n  \"name\": \"ps7962\",\r\n  \"location\": \"eastus2euap\",\r\n  \"tags\": {\r\n    \"testtag\": \"testval\",\r\n    \"Created\": \"2023-05-11T19:02:43.5849277Z\"\r\n  },\r\n  \"properties\": {\r\n    \"provisioningState\": \"Succeeded\"\r\n  }\r\n}",
      "StatusCode": 201
    },
    {
      "RequestUri": "/subscriptions/947d47b4-7883-4bb9-9d85-c5e8e2f572ce/resourceGroups/ps7962/providers/Microsoft.Network/publicIPAddresses/ps3846?api-version=2022-11-01",
      "EncodedRequestUri": "L3N1YnNjcmlwdGlvbnMvOTQ3ZDQ3YjQtNzg4My00YmI5LTlkODUtYzVlOGUyZjU3MmNlL3Jlc291cmNlR3JvdXBzL3BzNzk2Mi9wcm92aWRlcnMvTWljcm9zb2Z0Lk5ldHdvcmsvcHVibGljSVBBZGRyZXNzZXMvcHMzODQ2P2FwaS12ZXJzaW9uPTIwMjItMTEtMDE=",
      "RequestMethod": "GET",
      "RequestHeaders": {
        "x-ms-client-request-id": [
          "cae94423-29aa-460f-a1f3-e4e43bde9f7f"
        ],
        "Accept-Language": [
          "en-US"
        ],
        "User-Agent": [
          "FxVersion/4.700.22.55902",
          "OSName/Windows",
          "OSVersion/Microsoft.Windows.10.0.17763",
          "Microsoft.Azure.Management.Network.NetworkManagementClient/27.0.0.0"
        ]
      },
      "RequestBody": "",
      "ResponseHeaders": {
        "Cache-Control": [
          "no-cache"
        ],
        "Pragma": [
          "no-cache"
        ],
        "x-ms-failure-cause": [
          "gateway"
        ],
        "x-ms-request-id": [
          "89855bf3-5834-41de-adb9-38836c601494"
        ],
        "x-ms-correlation-request-id": [
          "89855bf3-5834-41de-adb9-38836c601494"
        ],
        "x-ms-routing-request-id": [
          "CENTRALUS:20230511T190244Z:89855bf3-5834-41de-adb9-38836c601494"
        ],
        "Strict-Transport-Security": [
          "max-age=31536000; includeSubDomains"
        ],
        "X-Content-Type-Options": [
          "nosniff"
        ],
        "Date": [
          "Thu, 11 May 2023 19:02:43 GMT"
        ],
        "Content-Type": [
          "application/json; charset=utf-8"
        ],
        "Expires": [
          "-1"
        ],
        "Content-Length": [
          "220"
        ]
      },
      "ResponseBody": "{\r\n  \"error\": {\r\n    \"code\": \"ResourceNotFound\",\r\n    \"message\": \"The Resource 'Microsoft.Network/publicIPAddresses/ps3846' under resource group 'ps7962' was not found. For more details please go to https://aka.ms/ARMResourceNotFoundFix\"\r\n  }\r\n}",
      "StatusCode": 404
    },
    {
      "RequestUri": "/subscriptions/947d47b4-7883-4bb9-9d85-c5e8e2f572ce/resourceGroups/ps7962/providers/Microsoft.Network/publicIPAddresses/ps3846?api-version=2022-11-01",
      "EncodedRequestUri": "L3N1YnNjcmlwdGlvbnMvOTQ3ZDQ3YjQtNzg4My00YmI5LTlkODUtYzVlOGUyZjU3MmNlL3Jlc291cmNlR3JvdXBzL3BzNzk2Mi9wcm92aWRlcnMvTWljcm9zb2Z0Lk5ldHdvcmsvcHVibGljSVBBZGRyZXNzZXMvcHMzODQ2P2FwaS12ZXJzaW9uPTIwMjItMTEtMDE=",
      "RequestMethod": "GET",
      "RequestHeaders": {
        "x-ms-client-request-id": [
          "cae94423-29aa-460f-a1f3-e4e43bde9f7f"
        ],
        "User-Agent": [
          "FxVersion/4.700.22.55902",
          "OSName/Windows",
          "OSVersion/Microsoft.Windows.10.0.17763",
          "Microsoft.Azure.Management.Network.NetworkManagementClient/27.0.0.0"
        ]
      },
      "RequestBody": "",
      "ResponseHeaders": {
        "Cache-Control": [
          "no-cache"
        ],
        "Pragma": [
          "no-cache"
        ],
        "ETag": [
          "W/\"ba619fda-fb82-441d-8ba1-6e8157a099bd\""
        ],
        "x-ms-request-id": [
          "15abaffd-78c2-49a5-bc48-a77477718d71"
        ],
        "x-ms-correlation-request-id": [
          "e5a0f8db-ccf1-41f4-86d7-b26c21b7de9c"
        ],
        "x-ms-arm-service-request-id": [
          "5dae391d-5ae7-46f9-acfd-da184a9b7f57"
        ],
        "Strict-Transport-Security": [
          "max-age=31536000; includeSubDomains"
        ],
        "Server": [
          "Microsoft-HTTPAPI/2.0",
          "Microsoft-HTTPAPI/2.0"
        ],
        "x-ms-ratelimit-remaining-subscription-reads": [
          "11994"
        ],
        "x-ms-routing-request-id": [
          "CENTRALUS:20230511T190246Z:e5a0f8db-ccf1-41f4-86d7-b26c21b7de9c"
        ],
        "X-Content-Type-Options": [
          "nosniff"
        ],
        "Date": [
          "Thu, 11 May 2023 19:02:46 GMT"
        ],
        "Content-Length": [
          "624"
        ],
        "Content-Type": [
          "application/json; charset=utf-8"
        ],
        "Expires": [
          "-1"
        ]
      },
      "ResponseBody": "{\r\n  \"name\": \"ps3846\",\r\n  \"id\": \"/subscriptions/947d47b4-7883-4bb9-9d85-c5e8e2f572ce/resourceGroups/ps7962/providers/Microsoft.Network/publicIPAddresses/ps3846\",\r\n  \"etag\": \"W/\\\"ba619fda-fb82-441d-8ba1-6e8157a099bd\\\"\",\r\n  \"location\": \"eastus2euap\",\r\n  \"zones\": [\r\n    \"1\"\r\n  ],\r\n  \"properties\": {\r\n    \"provisioningState\": \"Succeeded\",\r\n    \"resourceGuid\": \"cb459147-6217-42e0-953a-f34fdd7e1d58\",\r\n    \"ipAddress\": \"20.47.164.30\",\r\n    \"publicIPAddressVersion\": \"IPv4\",\r\n    \"publicIPAllocationMethod\": \"Static\",\r\n    \"idleTimeoutInMinutes\": 4,\r\n    \"ipTags\": [],\r\n    \"ddosSettings\": {\r\n      \"protectionMode\": \"VirtualNetworkInherited\"\r\n    }\r\n  },\r\n  \"type\": \"Microsoft.Network/publicIPAddresses\",\r\n  \"sku\": {\r\n    \"name\": \"Standard\",\r\n    \"tier\": \"Regional\"\r\n  }\r\n}",
      "StatusCode": 200
    },
    {
      "RequestUri": "/subscriptions/947d47b4-7883-4bb9-9d85-c5e8e2f572ce/resourceGroups/ps7962/providers/Microsoft.Network/publicIPAddresses/ps3846?api-version=2022-11-01",
      "EncodedRequestUri": "L3N1YnNjcmlwdGlvbnMvOTQ3ZDQ3YjQtNzg4My00YmI5LTlkODUtYzVlOGUyZjU3MmNlL3Jlc291cmNlR3JvdXBzL3BzNzk2Mi9wcm92aWRlcnMvTWljcm9zb2Z0Lk5ldHdvcmsvcHVibGljSVBBZGRyZXNzZXMvcHMzODQ2P2FwaS12ZXJzaW9uPTIwMjItMTEtMDE=",
      "RequestMethod": "GET",
      "RequestHeaders": {
        "x-ms-client-request-id": [
          "cae94423-29aa-460f-a1f3-e4e43bde9f7f"
        ],
        "Accept-Language": [
          "en-US"
        ],
        "User-Agent": [
          "FxVersion/4.700.22.55902",
          "OSName/Windows",
          "OSVersion/Microsoft.Windows.10.0.17763",
          "Microsoft.Azure.Management.Network.NetworkManagementClient/27.0.0.0"
        ]
      },
      "RequestBody": "",
      "ResponseHeaders": {
        "Cache-Control": [
          "no-cache"
        ],
        "Pragma": [
          "no-cache"
        ],
        "ETag": [
          "W/\"ba619fda-fb82-441d-8ba1-6e8157a099bd\""
        ],
        "x-ms-request-id": [
          "a0a2a169-7ff6-4dc0-a3b9-c76a43422064"
        ],
        "x-ms-correlation-request-id": [
          "3727f20b-825a-4c4b-9dbe-ca637e1ec4b4"
        ],
        "x-ms-arm-service-request-id": [
          "bd4c4453-ec78-477e-9edf-8400b00107b4"
        ],
        "Strict-Transport-Security": [
          "max-age=31536000; includeSubDomains"
        ],
        "Server": [
          "Microsoft-HTTPAPI/2.0",
          "Microsoft-HTTPAPI/2.0"
        ],
        "x-ms-ratelimit-remaining-subscription-reads": [
          "11993"
        ],
        "x-ms-routing-request-id": [
          "CENTRALUS:20230511T190246Z:3727f20b-825a-4c4b-9dbe-ca637e1ec4b4"
        ],
        "X-Content-Type-Options": [
          "nosniff"
        ],
        "Date": [
          "Thu, 11 May 2023 19:02:46 GMT"
        ],
        "Content-Length": [
          "624"
        ],
        "Content-Type": [
          "application/json; charset=utf-8"
        ],
        "Expires": [
          "-1"
        ]
      },
      "ResponseBody": "{\r\n  \"name\": \"ps3846\",\r\n  \"id\": \"/subscriptions/947d47b4-7883-4bb9-9d85-c5e8e2f572ce/resourceGroups/ps7962/providers/Microsoft.Network/publicIPAddresses/ps3846\",\r\n  \"etag\": \"W/\\\"ba619fda-fb82-441d-8ba1-6e8157a099bd\\\"\",\r\n  \"location\": \"eastus2euap\",\r\n  \"zones\": [\r\n    \"1\"\r\n  ],\r\n  \"properties\": {\r\n    \"provisioningState\": \"Succeeded\",\r\n    \"resourceGuid\": \"cb459147-6217-42e0-953a-f34fdd7e1d58\",\r\n    \"ipAddress\": \"20.47.164.30\",\r\n    \"publicIPAddressVersion\": \"IPv4\",\r\n    \"publicIPAllocationMethod\": \"Static\",\r\n    \"idleTimeoutInMinutes\": 4,\r\n    \"ipTags\": [],\r\n    \"ddosSettings\": {\r\n      \"protectionMode\": \"VirtualNetworkInherited\"\r\n    }\r\n  },\r\n  \"type\": \"Microsoft.Network/publicIPAddresses\",\r\n  \"sku\": {\r\n    \"name\": \"Standard\",\r\n    \"tier\": \"Regional\"\r\n  }\r\n}",
      "StatusCode": 200
    },
    {
      "RequestUri": "/subscriptions/947d47b4-7883-4bb9-9d85-c5e8e2f572ce/resourceGroups/ps7962/providers/Microsoft.Network/publicIPAddresses/ps3846?api-version=2022-11-01",
      "EncodedRequestUri": "L3N1YnNjcmlwdGlvbnMvOTQ3ZDQ3YjQtNzg4My00YmI5LTlkODUtYzVlOGUyZjU3MmNlL3Jlc291cmNlR3JvdXBzL3BzNzk2Mi9wcm92aWRlcnMvTWljcm9zb2Z0Lk5ldHdvcmsvcHVibGljSVBBZGRyZXNzZXMvcHMzODQ2P2FwaS12ZXJzaW9uPTIwMjItMTEtMDE=",
      "RequestMethod": "GET",
      "RequestHeaders": {
        "x-ms-client-request-id": [
          "6456625f-19d2-47fc-ba63-d45810ad9725"
        ],
        "Accept-Language": [
          "en-US"
        ],
        "User-Agent": [
          "FxVersion/4.700.22.55902",
          "OSName/Windows",
          "OSVersion/Microsoft.Windows.10.0.17763",
          "Microsoft.Azure.Management.Network.NetworkManagementClient/27.0.0.0"
        ]
      },
      "RequestBody": "",
      "ResponseHeaders": {
        "Cache-Control": [
          "no-cache"
        ],
        "Pragma": [
          "no-cache"
        ],
        "ETag": [
          "W/\"ba619fda-fb82-441d-8ba1-6e8157a099bd\""
        ],
        "x-ms-request-id": [
          "d6ccd923-6a6b-46ef-9bf0-4ab6c0e88888"
        ],
        "x-ms-correlation-request-id": [
          "c1f2f3f6-4ed8-4857-aa35-8bd3e6959d9d"
        ],
        "x-ms-arm-service-request-id": [
          "3aaeea44-7d1a-44f0-af77-86d94bc917c5"
        ],
        "Strict-Transport-Security": [
          "max-age=31536000; includeSubDomains"
        ],
        "Server": [
          "Microsoft-HTTPAPI/2.0",
          "Microsoft-HTTPAPI/2.0"
        ],
        "x-ms-ratelimit-remaining-subscription-reads": [
          "11998"
        ],
        "x-ms-routing-request-id": [
          "CENTRALUS:20230511T190246Z:c1f2f3f6-4ed8-4857-aa35-8bd3e6959d9d"
        ],
        "X-Content-Type-Options": [
          "nosniff"
        ],
        "Date": [
          "Thu, 11 May 2023 19:02:46 GMT"
        ],
        "Content-Length": [
          "624"
        ],
        "Content-Type": [
          "application/json; charset=utf-8"
        ],
        "Expires": [
          "-1"
        ]
      },
      "ResponseBody": "{\r\n  \"name\": \"ps3846\",\r\n  \"id\": \"/subscriptions/947d47b4-7883-4bb9-9d85-c5e8e2f572ce/resourceGroups/ps7962/providers/Microsoft.Network/publicIPAddresses/ps3846\",\r\n  \"etag\": \"W/\\\"ba619fda-fb82-441d-8ba1-6e8157a099bd\\\"\",\r\n  \"location\": \"eastus2euap\",\r\n  \"zones\": [\r\n    \"1\"\r\n  ],\r\n  \"properties\": {\r\n    \"provisioningState\": \"Succeeded\",\r\n    \"resourceGuid\": \"cb459147-6217-42e0-953a-f34fdd7e1d58\",\r\n    \"ipAddress\": \"20.47.164.30\",\r\n    \"publicIPAddressVersion\": \"IPv4\",\r\n    \"publicIPAllocationMethod\": \"Static\",\r\n    \"idleTimeoutInMinutes\": 4,\r\n    \"ipTags\": [],\r\n    \"ddosSettings\": {\r\n      \"protectionMode\": \"VirtualNetworkInherited\"\r\n    }\r\n  },\r\n  \"type\": \"Microsoft.Network/publicIPAddresses\",\r\n  \"sku\": {\r\n    \"name\": \"Standard\",\r\n    \"tier\": \"Regional\"\r\n  }\r\n}",
      "StatusCode": 200
    },
    {
      "RequestUri": "/subscriptions/947d47b4-7883-4bb9-9d85-c5e8e2f572ce/resourceGroups/ps7962/providers/Microsoft.Network/publicIPAddresses/ps3846?api-version=2022-11-01",
      "EncodedRequestUri": "L3N1YnNjcmlwdGlvbnMvOTQ3ZDQ3YjQtNzg4My00YmI5LTlkODUtYzVlOGUyZjU3MmNlL3Jlc291cmNlR3JvdXBzL3BzNzk2Mi9wcm92aWRlcnMvTWljcm9zb2Z0Lk5ldHdvcmsvcHVibGljSVBBZGRyZXNzZXMvcHMzODQ2P2FwaS12ZXJzaW9uPTIwMjItMTEtMDE=",
      "RequestMethod": "PUT",
      "RequestHeaders": {
        "x-ms-client-request-id": [
          "cae94423-29aa-460f-a1f3-e4e43bde9f7f"
        ],
        "Accept-Language": [
          "en-US"
        ],
        "User-Agent": [
          "FxVersion/4.700.22.55902",
          "OSName/Windows",
          "OSVersion/Microsoft.Windows.10.0.17763",
          "Microsoft.Azure.Management.Network.NetworkManagementClient/27.0.0.0"
        ],
        "Content-Type": [
          "application/json; charset=utf-8"
        ],
        "Content-Length": [
          "190"
        ]
      },
      "RequestBody": "{\r\n  \"sku\": {\r\n    \"name\": \"Standard\"\r\n  },\r\n  \"properties\": {\r\n    \"publicIPAllocationMethod\": \"Static\",\r\n    \"ipTags\": []\r\n  },\r\n  \"zones\": [\r\n    \"1\"\r\n  ],\r\n  \"location\": \"eastus2euap\"\r\n}",
      "ResponseHeaders": {
        "Cache-Control": [
          "no-cache"
        ],
        "Pragma": [
          "no-cache"
        ],
        "Retry-After": [
          "1"
        ],
        "x-ms-request-id": [
          "188f2fc0-7175-41a8-9dd7-2903b55be308"
        ],
        "Azure-AsyncOperation": [
          "https://management.azure.com/subscriptions/947d47b4-7883-4bb9-9d85-c5e8e2f572ce/providers/Microsoft.Network/locations/eastus2euap/operations/188f2fc0-7175-41a8-9dd7-2903b55be308?api-version=2022-11-01"
        ],
        "x-ms-correlation-request-id": [
          "1ec7cfdd-a134-48c8-bb92-0dec1d1e2628"
        ],
        "Azure-AsyncNotification": [
          "Enabled"
        ],
        "x-ms-arm-service-request-id": [
          "4f363bd5-a19e-4eb5-bffc-b476fe5400d0"
        ],
        "Strict-Transport-Security": [
          "max-age=31536000; includeSubDomains"
        ],
        "Server": [
          "Microsoft-HTTPAPI/2.0",
          "Microsoft-HTTPAPI/2.0"
        ],
        "x-ms-ratelimit-remaining-subscription-writes": [
          "1198"
        ],
        "x-ms-routing-request-id": [
          "CENTRALUS:20230511T190245Z:1ec7cfdd-a134-48c8-bb92-0dec1d1e2628"
        ],
        "X-Content-Type-Options": [
          "nosniff"
        ],
        "Date": [
          "Thu, 11 May 2023 19:02:44 GMT"
        ],
        "Content-Length": [
          "596"
        ],
        "Content-Type": [
          "application/json; charset=utf-8"
        ],
        "Expires": [
          "-1"
        ]
      },
      "ResponseBody": "{\r\n  \"name\": \"ps3846\",\r\n  \"id\": \"/subscriptions/947d47b4-7883-4bb9-9d85-c5e8e2f572ce/resourceGroups/ps7962/providers/Microsoft.Network/publicIPAddresses/ps3846\",\r\n  \"etag\": \"W/\\\"44bd6fa7-f564-4ddc-b383-908fd70ce276\\\"\",\r\n  \"location\": \"eastus2euap\",\r\n  \"zones\": [\r\n    \"1\"\r\n  ],\r\n  \"properties\": {\r\n    \"provisioningState\": \"Updating\",\r\n    \"resourceGuid\": \"cb459147-6217-42e0-953a-f34fdd7e1d58\",\r\n    \"publicIPAddressVersion\": \"IPv4\",\r\n    \"publicIPAllocationMethod\": \"Static\",\r\n    \"idleTimeoutInMinutes\": 4,\r\n    \"ipTags\": [],\r\n    \"ddosSettings\": {\r\n      \"protectionMode\": \"VirtualNetworkInherited\"\r\n    }\r\n  },\r\n  \"type\": \"Microsoft.Network/publicIPAddresses\",\r\n  \"sku\": {\r\n    \"name\": \"Standard\",\r\n    \"tier\": \"Regional\"\r\n  }\r\n}",
      "StatusCode": 201
    },
    {
      "RequestUri": "/subscriptions/947d47b4-7883-4bb9-9d85-c5e8e2f572ce/providers/Microsoft.Network/locations/eastus2euap/operations/188f2fc0-7175-41a8-9dd7-2903b55be308?api-version=2022-11-01",
      "EncodedRequestUri": "L3N1YnNjcmlwdGlvbnMvOTQ3ZDQ3YjQtNzg4My00YmI5LTlkODUtYzVlOGUyZjU3MmNlL3Byb3ZpZGVycy9NaWNyb3NvZnQuTmV0d29yay9sb2NhdGlvbnMvZWFzdHVzMmV1YXAvb3BlcmF0aW9ucy8xODhmMmZjMC03MTc1LTQxYTgtOWRkNy0yOTAzYjU1YmUzMDg/YXBpLXZlcnNpb249MjAyMi0xMS0wMQ==",
      "RequestMethod": "GET",
      "RequestHeaders": {
        "x-ms-client-request-id": [
          "cae94423-29aa-460f-a1f3-e4e43bde9f7f"
        ],
        "User-Agent": [
          "FxVersion/4.700.22.55902",
          "OSName/Windows",
          "OSVersion/Microsoft.Windows.10.0.17763",
          "Microsoft.Azure.Management.Network.NetworkManagementClient/27.0.0.0"
        ]
      },
      "RequestBody": "",
      "ResponseHeaders": {
        "Cache-Control": [
          "no-cache"
        ],
        "Pragma": [
          "no-cache"
        ],
        "x-ms-request-id": [
          "437dfb29-27a6-4856-8d9e-6cbb97a6b35c"
        ],
        "x-ms-correlation-request-id": [
          "35c059fb-3e95-4047-9cf9-7ff6bbaab296"
        ],
        "x-ms-arm-service-request-id": [
          "6cfe2637-3474-48f5-9a1a-0e685fbda722"
        ],
        "Strict-Transport-Security": [
          "max-age=31536000; includeSubDomains"
        ],
        "Server": [
          "Microsoft-HTTPAPI/2.0",
          "Microsoft-HTTPAPI/2.0"
        ],
        "x-ms-ratelimit-remaining-subscription-reads": [
          "11995"
        ],
        "x-ms-routing-request-id": [
          "CENTRALUS:20230511T190246Z:35c059fb-3e95-4047-9cf9-7ff6bbaab296"
        ],
        "X-Content-Type-Options": [
          "nosniff"
        ],
        "Date": [
          "Thu, 11 May 2023 19:02:45 GMT"
        ],
        "Content-Length": [
          "22"
        ],
        "Content-Type": [
          "application/json; charset=utf-8"
        ],
        "Expires": [
          "-1"
        ]
      },
      "ResponseBody": "{\r\n  \"status\": \"Succeeded\"\r\n}",
      "StatusCode": 200
    },
    {
      "RequestUri": "/subscriptions/947d47b4-7883-4bb9-9d85-c5e8e2f572ce/resourcegroups/ps7962?api-version=2016-09-01",
      "EncodedRequestUri": "L3N1YnNjcmlwdGlvbnMvOTQ3ZDQ3YjQtNzg4My00YmI5LTlkODUtYzVlOGUyZjU3MmNlL3Jlc291cmNlZ3JvdXBzL3BzNzk2Mj9hcGktdmVyc2lvbj0yMDE2LTA5LTAx",
      "RequestMethod": "DELETE",
      "RequestHeaders": {
        "x-ms-client-request-id": [
          "9095a16a-9572-46ab-82a0-64029c00d224"
        ],
        "Accept-Language": [
          "en-US"
        ],
        "User-Agent": [
          "FxVersion/4.700.22.55902",
          "OSName/Windows",
          "OSVersion/Microsoft.Windows.10.0.17763",
          "Microsoft.Azure.Management.Internal.Resources.ResourceManagementClient/1.3.75"
        ]
      },
      "RequestBody": "",
      "ResponseHeaders": {
        "Cache-Control": [
          "no-cache"
        ],
        "Pragma": [
          "no-cache"
        ],
        "Location": [
          "https://management.azure.com/subscriptions/947d47b4-7883-4bb9-9d85-c5e8e2f572ce/operationresults/eyJqb2JJZCI6IlJFU09VUkNFR1JPVVBERUxFVElPTkpPQi1QUzc5NjItRUFTVFVTMkVVQVAiLCJqb2JMb2NhdGlvbiI6ImVhc3R1czJldWFwIn0?api-version=2016-09-01"
        ],
        "Retry-After": [
          "15"
        ],
        "x-ms-ratelimit-remaining-subscription-deletes": [
          "14999"
        ],
        "x-ms-request-id": [
          "80295011-f9db-4f29-bb16-fe5f0f4abd75"
        ],
        "x-ms-correlation-request-id": [
          "80295011-f9db-4f29-bb16-fe5f0f4abd75"
        ],
        "x-ms-routing-request-id": [
          "CENTRALUS:20230511T190247Z:80295011-f9db-4f29-bb16-fe5f0f4abd75"
        ],
        "Strict-Transport-Security": [
          "max-age=31536000; includeSubDomains"
        ],
        "X-Content-Type-Options": [
          "nosniff"
        ],
        "Date": [
          "Thu, 11 May 2023 19:02:47 GMT"
        ],
        "Expires": [
          "-1"
        ],
        "Content-Length": [
          "0"
        ]
      },
      "ResponseBody": "",
      "StatusCode": 202
    },
    {
      "RequestUri": "/subscriptions/947d47b4-7883-4bb9-9d85-c5e8e2f572ce/operationresults/eyJqb2JJZCI6IlJFU09VUkNFR1JPVVBERUxFVElPTkpPQi1QUzc5NjItRUFTVFVTMkVVQVAiLCJqb2JMb2NhdGlvbiI6ImVhc3R1czJldWFwIn0?api-version=2016-09-01",
      "EncodedRequestUri": "L3N1YnNjcmlwdGlvbnMvOTQ3ZDQ3YjQtNzg4My00YmI5LTlkODUtYzVlOGUyZjU3MmNlL29wZXJhdGlvbnJlc3VsdHMvZXlKcWIySkpaQ0k2SWxKRlUwOVZVa05GUjFKUFZWQkVSVXhGVkVsUFRrcFBRaTFRVXpjNU5qSXRSVUZUVkZWVE1rVlZRVkFpTENKcWIySk1iMk5oZEdsdmJpSTZJbVZoYzNSMWN6SmxkV0Z3SW4wP2FwaS12ZXJzaW9uPTIwMTYtMDktMDE=",
      "RequestMethod": "GET",
      "RequestHeaders": {
        "User-Agent": [
          "FxVersion/4.700.22.55902",
          "OSName/Windows",
          "OSVersion/Microsoft.Windows.10.0.17763",
          "Microsoft.Azure.Management.Internal.Resources.ResourceManagementClient/1.3.75"
        ]
      },
      "RequestBody": "",
      "ResponseHeaders": {
        "Cache-Control": [
          "no-cache"
        ],
        "Pragma": [
          "no-cache"
        ],
        "Location": [
          "https://management.azure.com/subscriptions/947d47b4-7883-4bb9-9d85-c5e8e2f572ce/operationresults/eyJqb2JJZCI6IlJFU09VUkNFR1JPVVBERUxFVElPTkpPQi1QUzc5NjItRUFTVFVTMkVVQVAiLCJqb2JMb2NhdGlvbiI6ImVhc3R1czJldWFwIn0?api-version=2016-09-01"
        ],
        "Retry-After": [
          "15"
        ],
        "x-ms-ratelimit-remaining-subscription-reads": [
          "11998"
        ],
        "x-ms-request-id": [
          "69883782-f2f0-4c08-9984-c06958d97d76"
        ],
        "x-ms-correlation-request-id": [
          "69883782-f2f0-4c08-9984-c06958d97d76"
        ],
        "x-ms-routing-request-id": [
          "CENTRALUS:20230511T190303Z:69883782-f2f0-4c08-9984-c06958d97d76"
        ],
        "Strict-Transport-Security": [
          "max-age=31536000; includeSubDomains"
        ],
        "X-Content-Type-Options": [
          "nosniff"
        ],
        "Date": [
          "Thu, 11 May 2023 19:03:02 GMT"
        ],
        "Expires": [
          "-1"
        ],
        "Content-Length": [
          "0"
        ]
      },
      "ResponseBody": "",
      "StatusCode": 202
    },
    {
      "RequestUri": "/subscriptions/947d47b4-7883-4bb9-9d85-c5e8e2f572ce/operationresults/eyJqb2JJZCI6IlJFU09VUkNFR1JPVVBERUxFVElPTkpPQi1QUzc5NjItRUFTVFVTMkVVQVAiLCJqb2JMb2NhdGlvbiI6ImVhc3R1czJldWFwIn0?api-version=2016-09-01",
      "EncodedRequestUri": "L3N1YnNjcmlwdGlvbnMvOTQ3ZDQ3YjQtNzg4My00YmI5LTlkODUtYzVlOGUyZjU3MmNlL29wZXJhdGlvbnJlc3VsdHMvZXlKcWIySkpaQ0k2SWxKRlUwOVZVa05GUjFKUFZWQkVSVXhGVkVsUFRrcFBRaTFRVXpjNU5qSXRSVUZUVkZWVE1rVlZRVkFpTENKcWIySk1iMk5oZEdsdmJpSTZJbVZoYzNSMWN6SmxkV0Z3SW4wP2FwaS12ZXJzaW9uPTIwMTYtMDktMDE=",
      "RequestMethod": "GET",
      "RequestHeaders": {
        "User-Agent": [
          "FxVersion/4.700.22.55902",
          "OSName/Windows",
          "OSVersion/Microsoft.Windows.10.0.17763",
          "Microsoft.Azure.Management.Internal.Resources.ResourceManagementClient/1.3.75"
        ]
      },
      "RequestBody": "",
      "ResponseHeaders": {
        "Cache-Control": [
          "no-cache"
        ],
        "Pragma": [
          "no-cache"
        ],
        "Location": [
          "https://management.azure.com/subscriptions/947d47b4-7883-4bb9-9d85-c5e8e2f572ce/operationresults/eyJqb2JJZCI6IlJFU09VUkNFR1JPVVBERUxFVElPTkpPQi1QUzc5NjItRUFTVFVTMkVVQVAiLCJqb2JMb2NhdGlvbiI6ImVhc3R1czJldWFwIn0?api-version=2016-09-01"
        ],
        "Retry-After": [
          "15"
        ],
        "x-ms-ratelimit-remaining-subscription-reads": [
          "11997"
        ],
        "x-ms-request-id": [
          "e1ecda4b-2a97-4998-93e6-84db526d8d33"
        ],
        "x-ms-correlation-request-id": [
          "e1ecda4b-2a97-4998-93e6-84db526d8d33"
        ],
        "x-ms-routing-request-id": [
          "CENTRALUS:20230511T190318Z:e1ecda4b-2a97-4998-93e6-84db526d8d33"
        ],
        "Strict-Transport-Security": [
          "max-age=31536000; includeSubDomains"
        ],
        "X-Content-Type-Options": [
          "nosniff"
        ],
        "Date": [
          "Thu, 11 May 2023 19:03:17 GMT"
        ],
        "Expires": [
          "-1"
        ],
        "Content-Length": [
          "0"
        ]
      },
      "ResponseBody": "",
      "StatusCode": 202
    },
    {
      "RequestUri": "/subscriptions/947d47b4-7883-4bb9-9d85-c5e8e2f572ce/operationresults/eyJqb2JJZCI6IlJFU09VUkNFR1JPVVBERUxFVElPTkpPQi1QUzc5NjItRUFTVFVTMkVVQVAiLCJqb2JMb2NhdGlvbiI6ImVhc3R1czJldWFwIn0?api-version=2016-09-01",
      "EncodedRequestUri": "L3N1YnNjcmlwdGlvbnMvOTQ3ZDQ3YjQtNzg4My00YmI5LTlkODUtYzVlOGUyZjU3MmNlL29wZXJhdGlvbnJlc3VsdHMvZXlKcWIySkpaQ0k2SWxKRlUwOVZVa05GUjFKUFZWQkVSVXhGVkVsUFRrcFBRaTFRVXpjNU5qSXRSVUZUVkZWVE1rVlZRVkFpTENKcWIySk1iMk5oZEdsdmJpSTZJbVZoYzNSMWN6SmxkV0Z3SW4wP2FwaS12ZXJzaW9uPTIwMTYtMDktMDE=",
      "RequestMethod": "GET",
      "RequestHeaders": {
        "User-Agent": [
          "FxVersion/4.700.22.55902",
          "OSName/Windows",
          "OSVersion/Microsoft.Windows.10.0.17763",
          "Microsoft.Azure.Management.Internal.Resources.ResourceManagementClient/1.3.75"
        ]
      },
      "RequestBody": "",
      "ResponseHeaders": {
        "Cache-Control": [
          "no-cache"
        ],
        "Pragma": [
          "no-cache"
        ],
        "Location": [
          "https://management.azure.com/subscriptions/947d47b4-7883-4bb9-9d85-c5e8e2f572ce/operationresults/eyJqb2JJZCI6IlJFU09VUkNFR1JPVVBERUxFVElPTkpPQi1QUzc5NjItRUFTVFVTMkVVQVAiLCJqb2JMb2NhdGlvbiI6ImVhc3R1czJldWFwIn0?api-version=2016-09-01"
        ],
        "Retry-After": [
          "15"
        ],
        "x-ms-ratelimit-remaining-subscription-reads": [
          "11996"
        ],
        "x-ms-request-id": [
          "a7d7467a-a738-4c90-8a02-d00773456ba0"
        ],
        "x-ms-correlation-request-id": [
          "a7d7467a-a738-4c90-8a02-d00773456ba0"
        ],
        "x-ms-routing-request-id": [
          "CENTRALUS:20230511T190333Z:a7d7467a-a738-4c90-8a02-d00773456ba0"
        ],
        "Strict-Transport-Security": [
          "max-age=31536000; includeSubDomains"
        ],
        "X-Content-Type-Options": [
          "nosniff"
        ],
        "Date": [
          "Thu, 11 May 2023 19:03:32 GMT"
        ],
        "Expires": [
          "-1"
        ],
        "Content-Length": [
          "0"
        ]
      },
      "ResponseBody": "",
      "StatusCode": 202
    },
    {
      "RequestUri": "/subscriptions/947d47b4-7883-4bb9-9d85-c5e8e2f572ce/operationresults/eyJqb2JJZCI6IlJFU09VUkNFR1JPVVBERUxFVElPTkpPQi1QUzc5NjItRUFTVFVTMkVVQVAiLCJqb2JMb2NhdGlvbiI6ImVhc3R1czJldWFwIn0?api-version=2016-09-01",
      "EncodedRequestUri": "L3N1YnNjcmlwdGlvbnMvOTQ3ZDQ3YjQtNzg4My00YmI5LTlkODUtYzVlOGUyZjU3MmNlL29wZXJhdGlvbnJlc3VsdHMvZXlKcWIySkpaQ0k2SWxKRlUwOVZVa05GUjFKUFZWQkVSVXhGVkVsUFRrcFBRaTFRVXpjNU5qSXRSVUZUVkZWVE1rVlZRVkFpTENKcWIySk1iMk5oZEdsdmJpSTZJbVZoYzNSMWN6SmxkV0Z3SW4wP2FwaS12ZXJzaW9uPTIwMTYtMDktMDE=",
      "RequestMethod": "GET",
      "RequestHeaders": {
        "User-Agent": [
          "FxVersion/4.700.22.55902",
          "OSName/Windows",
          "OSVersion/Microsoft.Windows.10.0.17763",
          "Microsoft.Azure.Management.Internal.Resources.ResourceManagementClient/1.3.75"
        ]
      },
      "RequestBody": "",
      "ResponseHeaders": {
        "Cache-Control": [
          "no-cache"
        ],
        "Pragma": [
          "no-cache"
        ],
        "Location": [
          "https://management.azure.com/subscriptions/947d47b4-7883-4bb9-9d85-c5e8e2f572ce/operationresults/eyJqb2JJZCI6IlJFU09VUkNFR1JPVVBERUxFVElPTkpPQi1QUzc5NjItRUFTVFVTMkVVQVAiLCJqb2JMb2NhdGlvbiI6ImVhc3R1czJldWFwIn0?api-version=2016-09-01"
        ],
        "Retry-After": [
          "15"
        ],
        "x-ms-ratelimit-remaining-subscription-reads": [
          "11995"
        ],
        "x-ms-request-id": [
          "d5fb57a0-d95c-4931-bc60-1567fdfbbf7a"
        ],
        "x-ms-correlation-request-id": [
          "d5fb57a0-d95c-4931-bc60-1567fdfbbf7a"
        ],
        "x-ms-routing-request-id": [
          "CENTRALUS:20230511T190348Z:d5fb57a0-d95c-4931-bc60-1567fdfbbf7a"
        ],
        "Strict-Transport-Security": [
          "max-age=31536000; includeSubDomains"
        ],
        "X-Content-Type-Options": [
          "nosniff"
        ],
        "Date": [
          "Thu, 11 May 2023 19:03:47 GMT"
        ],
        "Expires": [
          "-1"
        ],
        "Content-Length": [
          "0"
        ]
      },
      "ResponseBody": "",
      "StatusCode": 202
    },
    {
      "RequestUri": "/subscriptions/947d47b4-7883-4bb9-9d85-c5e8e2f572ce/operationresults/eyJqb2JJZCI6IlJFU09VUkNFR1JPVVBERUxFVElPTkpPQi1QUzc5NjItRUFTVFVTMkVVQVAiLCJqb2JMb2NhdGlvbiI6ImVhc3R1czJldWFwIn0?api-version=2016-09-01",
      "EncodedRequestUri": "L3N1YnNjcmlwdGlvbnMvOTQ3ZDQ3YjQtNzg4My00YmI5LTlkODUtYzVlOGUyZjU3MmNlL29wZXJhdGlvbnJlc3VsdHMvZXlKcWIySkpaQ0k2SWxKRlUwOVZVa05GUjFKUFZWQkVSVXhGVkVsUFRrcFBRaTFRVXpjNU5qSXRSVUZUVkZWVE1rVlZRVkFpTENKcWIySk1iMk5oZEdsdmJpSTZJbVZoYzNSMWN6SmxkV0Z3SW4wP2FwaS12ZXJzaW9uPTIwMTYtMDktMDE=",
      "RequestMethod": "GET",
      "RequestHeaders": {
        "User-Agent": [
          "FxVersion/4.700.22.55902",
          "OSName/Windows",
          "OSVersion/Microsoft.Windows.10.0.17763",
          "Microsoft.Azure.Management.Internal.Resources.ResourceManagementClient/1.3.75"
        ]
      },
      "RequestBody": "",
      "ResponseHeaders": {
        "Cache-Control": [
          "no-cache"
        ],
        "Pragma": [
          "no-cache"
        ],
        "x-ms-ratelimit-remaining-subscription-reads": [
          "11994"
        ],
        "x-ms-request-id": [
          "e0734449-09fc-4ce2-bf24-583f588a4199"
        ],
        "x-ms-correlation-request-id": [
          "e0734449-09fc-4ce2-bf24-583f588a4199"
        ],
        "x-ms-routing-request-id": [
          "CENTRALUS:20230511T190403Z:e0734449-09fc-4ce2-bf24-583f588a4199"
        ],
        "Strict-Transport-Security": [
          "max-age=31536000; includeSubDomains"
        ],
        "X-Content-Type-Options": [
          "nosniff"
        ],
        "Date": [
          "Thu, 11 May 2023 19:04:02 GMT"
        ],
        "Expires": [
          "-1"
        ],
        "Content-Length": [
          "0"
        ]
      },
      "ResponseBody": "",
      "StatusCode": 200
    },
    {
      "RequestUri": "/subscriptions/947d47b4-7883-4bb9-9d85-c5e8e2f572ce/operationresults/eyJqb2JJZCI6IlJFU09VUkNFR1JPVVBERUxFVElPTkpPQi1QUzc5NjItRUFTVFVTMkVVQVAiLCJqb2JMb2NhdGlvbiI6ImVhc3R1czJldWFwIn0?api-version=2016-09-01",
      "EncodedRequestUri": "L3N1YnNjcmlwdGlvbnMvOTQ3ZDQ3YjQtNzg4My00YmI5LTlkODUtYzVlOGUyZjU3MmNlL29wZXJhdGlvbnJlc3VsdHMvZXlKcWIySkpaQ0k2SWxKRlUwOVZVa05GUjFKUFZWQkVSVXhGVkVsUFRrcFBRaTFRVXpjNU5qSXRSVUZUVkZWVE1rVlZRVkFpTENKcWIySk1iMk5oZEdsdmJpSTZJbVZoYzNSMWN6SmxkV0Z3SW4wP2FwaS12ZXJzaW9uPTIwMTYtMDktMDE=",
      "RequestMethod": "GET",
      "RequestHeaders": {
        "User-Agent": [
          "FxVersion/4.700.22.55902",
          "OSName/Windows",
          "OSVersion/Microsoft.Windows.10.0.17763",
          "Microsoft.Azure.Management.Internal.Resources.ResourceManagementClient/1.3.75"
        ]
      },
      "RequestBody": "",
      "ResponseHeaders": {
        "Cache-Control": [
          "no-cache"
        ],
        "Pragma": [
          "no-cache"
        ],
        "x-ms-ratelimit-remaining-subscription-reads": [
          "11993"
        ],
        "x-ms-request-id": [
          "bfa543a9-2904-4923-ad8c-af04ffe4a4bb"
        ],
        "x-ms-correlation-request-id": [
          "bfa543a9-2904-4923-ad8c-af04ffe4a4bb"
        ],
        "x-ms-routing-request-id": [
          "CENTRALUS:20230511T190403Z:bfa543a9-2904-4923-ad8c-af04ffe4a4bb"
        ],
        "Strict-Transport-Security": [
          "max-age=31536000; includeSubDomains"
        ],
        "X-Content-Type-Options": [
          "nosniff"
        ],
        "Date": [
          "Thu, 11 May 2023 19:04:02 GMT"
        ],
        "Expires": [
          "-1"
        ],
        "Content-Length": [
          "0"
        ]
      },
      "ResponseBody": "",
      "StatusCode": 200
    }
  ],
  "Names": {
    "Test-PublicIpAddressZones": [
      "ps7962",
      "ps3846"
    ]
  },
  "Variables": {
    "SubscriptionId": "947d47b4-7883-4bb9-9d85-c5e8e2f572ce"
  }
}