{
  "Entries": [
    {
      "RequestUri": "/subscriptions/947d47b4-7883-4bb9-9d85-c5e8e2f572ce/resourcegroups/ps2331?api-version=2016-09-01",
      "EncodedRequestUri": "L3N1YnNjcmlwdGlvbnMvOTQ3ZDQ3YjQtNzg4My00YmI5LTlkODUtYzVlOGUyZjU3MmNlL3Jlc291cmNlZ3JvdXBzL3BzMjMzMT9hcGktdmVyc2lvbj0yMDE2LTA5LTAx",
      "RequestMethod": "PUT",
      "RequestBody": "{\r\n  \"location\": \"westcentralus\"\r\n}",
      "RequestHeaders": {
        "x-ms-client-request-id": [
          "1f57c3fd-97f4-48de-9ed3-72512cf29c7e"
        ],
        "accept-language": [
          "en-US"
        ],
        "User-Agent": [
          "FxVersion/4.6.26614.01",
          "OSName/Windows",
          "OSVersion/Microsoft.Windows.10.0.14393.",
          "Microsoft.Azure.Management.Internal.Resources.ResourceManagementClient/1.3.2"
        ],
        "Content-Type": [
          "application/json; charset=utf-8"
        ],
        "Content-Length": [
          "35"
        ]
      },
      "ResponseHeaders": {
        "Cache-Control": [
          "no-cache"
        ],
        "Date": [
          "Thu, 19 Sep 2019 02:10:04 GMT"
        ],
        "Pragma": [
          "no-cache"
        ],
        "x-ms-ratelimit-remaining-subscription-writes": [
          "1196"
        ],
        "x-ms-request-id": [
          "a2835d96-3548-4932-af96-3d034171feb1"
        ],
        "x-ms-correlation-request-id": [
          "a2835d96-3548-4932-af96-3d034171feb1"
        ],
        "x-ms-routing-request-id": [
          "WESTUS2:20190919T021004Z:a2835d96-3548-4932-af96-3d034171feb1"
        ],
        "Strict-Transport-Security": [
          "max-age=31536000; includeSubDomains"
        ],
        "X-Content-Type-Options": [
          "nosniff"
        ],
        "Content-Length": [
          "172"
        ],
        "Content-Type": [
          "application/json; charset=utf-8"
        ],
        "Expires": [
          "-1"
        ]
      },
      "ResponseBody": "{\r\n  \"id\": \"/subscriptions/947d47b4-7883-4bb9-9d85-c5e8e2f572ce/resourceGroups/ps2331\",\r\n  \"name\": \"ps2331\",\r\n  \"location\": \"westcentralus\",\r\n  \"properties\": {\r\n    \"provisioningState\": \"Succeeded\"\r\n  }\r\n}",
      "StatusCode": 201
    },
    {
      "RequestUri": "/subscriptions/947d47b4-7883-4bb9-9d85-c5e8e2f572ce/resourceGroups/ps2331/providers/Microsoft.Network/publicIPAddresses/ps2771?api-version=2019-08-01",
      "EncodedRequestUri": "L3N1YnNjcmlwdGlvbnMvOTQ3ZDQ3YjQtNzg4My00YmI5LTlkODUtYzVlOGUyZjU3MmNlL3Jlc291cmNlR3JvdXBzL3BzMjMzMS9wcm92aWRlcnMvTWljcm9zb2Z0Lk5ldHdvcmsvcHVibGljSVBBZGRyZXNzZXMvcHMyNzcxP2FwaS12ZXJzaW9uPTIwMTktMDgtMDE=",
      "RequestMethod": "GET",
      "RequestBody": "",
      "RequestHeaders": {
        "x-ms-client-request-id": [
          "5a47508e-afe8-481a-8d17-93d1c9540f8c"
        ],
        "accept-language": [
          "en-US"
        ],
        "User-Agent": [
          "FxVersion/4.6.26614.01",
          "OSName/Windows",
          "OSVersion/Microsoft.Windows.10.0.14393.",
          "Microsoft.Azure.Management.Network.NetworkManagementClient/20.0.0.0"
        ]
      },
      "ResponseHeaders": {
        "Cache-Control": [
          "no-cache"
        ],
        "Date": [
          "Thu, 19 Sep 2019 02:10:03 GMT"
        ],
        "Pragma": [
          "no-cache"
        ],
        "x-ms-failure-cause": [
          "gateway"
        ],
        "x-ms-request-id": [
          "89c85b34-ef2d-4741-af1c-f2d6b25aaa51"
        ],
        "x-ms-correlation-request-id": [
          "89c85b34-ef2d-4741-af1c-f2d6b25aaa51"
        ],
        "x-ms-routing-request-id": [
          "WESTUS2:20190919T021004Z:89c85b34-ef2d-4741-af1c-f2d6b25aaa51"
        ],
        "Strict-Transport-Security": [
          "max-age=31536000; includeSubDomains"
        ],
        "X-Content-Type-Options": [
          "nosniff"
        ],
        "Content-Length": [
          "152"
        ],
        "Content-Type": [
          "application/json; charset=utf-8"
        ],
        "Expires": [
          "-1"
        ]
      },
      "ResponseBody": "{\r\n  \"error\": {\r\n    \"code\": \"ResourceNotFound\",\r\n    \"message\": \"The Resource 'Microsoft.Network/publicIPAddresses/ps2771' under resource group 'ps2331' was not found.\"\r\n  }\r\n}",
      "StatusCode": 404
    },
    {
      "RequestUri": "/subscriptions/947d47b4-7883-4bb9-9d85-c5e8e2f572ce/resourceGroups/ps2331/providers/Microsoft.Network/publicIPAddresses/ps2771?api-version=2019-08-01",
      "EncodedRequestUri": "L3N1YnNjcmlwdGlvbnMvOTQ3ZDQ3YjQtNzg4My00YmI5LTlkODUtYzVlOGUyZjU3MmNlL3Jlc291cmNlR3JvdXBzL3BzMjMzMS9wcm92aWRlcnMvTWljcm9zb2Z0Lk5ldHdvcmsvcHVibGljSVBBZGRyZXNzZXMvcHMyNzcxP2FwaS12ZXJzaW9uPTIwMTktMDgtMDE=",
      "RequestMethod": "GET",
      "RequestBody": "",
      "RequestHeaders": {
        "User-Agent": [
          "FxVersion/4.6.26614.01",
          "OSName/Windows",
          "OSVersion/Microsoft.Windows.10.0.14393.",
          "Microsoft.Azure.Management.Network.NetworkManagementClient/20.0.0.0"
        ]
      },
      "ResponseHeaders": {
        "Cache-Control": [
          "no-cache"
        ],
        "Date": [
          "Thu, 19 Sep 2019 02:10:05 GMT"
        ],
        "Pragma": [
          "no-cache"
        ],
        "ETag": [
          "W/\"c074f807-8e90-4445-898d-00bf3013471d\""
        ],
        "Server": [
          "Microsoft-HTTPAPI/2.0",
          "Microsoft-HTTPAPI/2.0"
        ],
        "x-ms-request-id": [
          "355263ad-bde8-4ed1-8ca5-4530882a06d3"
        ],
        "x-ms-correlation-request-id": [
          "793c5b58-218c-4a3c-9005-98b54b32b151"
        ],
        "x-ms-arm-service-request-id": [
          "e12d9c82-ad73-46fe-88b5-aec11ef2accd"
        ],
        "Strict-Transport-Security": [
          "max-age=31536000; includeSubDomains"
        ],
        "x-ms-ratelimit-remaining-subscription-reads": [
          "11987"
        ],
        "x-ms-routing-request-id": [
          "WESTUS2:20190919T021006Z:793c5b58-218c-4a3c-9005-98b54b32b151"
        ],
        "X-Content-Type-Options": [
          "nosniff"
        ],
        "Content-Length": [
          "747"
        ],
        "Content-Type": [
          "application/json; charset=utf-8"
        ],
        "Expires": [
          "-1"
        ]
      },
      "ResponseBody": "{\r\n  \"name\": \"ps2771\",\r\n  \"id\": \"/subscriptions/947d47b4-7883-4bb9-9d85-c5e8e2f572ce/resourceGroups/ps2331/providers/Microsoft.Network/publicIPAddresses/ps2771\",\r\n  \"etag\": \"W/\\\"c074f807-8e90-4445-898d-00bf3013471d\\\"\",\r\n  \"location\": \"westcentralus\",\r\n  \"properties\": {\r\n    \"provisioningState\": \"Succeeded\",\r\n    \"resourceGuid\": \"30403ac2-169c-4b05-b68c-50223b8d03bd\",\r\n    \"publicIPAddressVersion\": \"IPv4\",\r\n    \"publicIPAllocationMethod\": \"Dynamic\",\r\n    \"idleTimeoutInMinutes\": 4,\r\n    \"dnsSettings\": {\r\n      \"domainNameLabel\": \"ps2982\",\r\n      \"fqdn\": \"ps2982.westcentralus.cloudapp.azure.com\"\r\n    },\r\n    \"ipTags\": []\r\n  },\r\n  \"type\": \"Microsoft.Network/publicIPAddresses\",\r\n  \"sku\": {\r\n    \"name\": \"Basic\",\r\n    \"tier\": \"Regional\"\r\n  }\r\n}",
      "StatusCode": 200
    },
    {
      "RequestUri": "/subscriptions/947d47b4-7883-4bb9-9d85-c5e8e2f572ce/resourceGroups/ps2331/providers/Microsoft.Network/publicIPAddresses/ps2771?api-version=2019-08-01",
      "EncodedRequestUri": "L3N1YnNjcmlwdGlvbnMvOTQ3ZDQ3YjQtNzg4My00YmI5LTlkODUtYzVlOGUyZjU3MmNlL3Jlc291cmNlR3JvdXBzL3BzMjMzMS9wcm92aWRlcnMvTWljcm9zb2Z0Lk5ldHdvcmsvcHVibGljSVBBZGRyZXNzZXMvcHMyNzcxP2FwaS12ZXJzaW9uPTIwMTktMDgtMDE=",
      "RequestMethod": "GET",
      "RequestBody": "",
      "RequestHeaders": {
        "x-ms-client-request-id": [
          "cd18fb1c-3cfa-440a-9050-a99d51e690fc"
        ],
        "accept-language": [
          "en-US"
        ],
        "User-Agent": [
          "FxVersion/4.6.26614.01",
          "OSName/Windows",
          "OSVersion/Microsoft.Windows.10.0.14393.",
          "Microsoft.Azure.Management.Network.NetworkManagementClient/20.0.0.0"
        ]
      },
      "ResponseHeaders": {
        "Cache-Control": [
          "no-cache"
        ],
        "Date": [
          "Thu, 19 Sep 2019 02:10:05 GMT"
        ],
        "Pragma": [
          "no-cache"
        ],
        "ETag": [
          "W/\"c074f807-8e90-4445-898d-00bf3013471d\""
        ],
        "Server": [
          "Microsoft-HTTPAPI/2.0",
          "Microsoft-HTTPAPI/2.0"
        ],
        "x-ms-request-id": [
          "98b959af-09eb-44ce-96bb-1e035a7537aa"
        ],
        "x-ms-correlation-request-id": [
          "2c411fa8-9ae0-4395-8e98-477e40a4e66a"
        ],
        "x-ms-arm-service-request-id": [
          "c2cdd244-24d7-4596-afd2-e49714b3320f"
        ],
        "Strict-Transport-Security": [
          "max-age=31536000; includeSubDomains"
        ],
        "x-ms-ratelimit-remaining-subscription-reads": [
          "11986"
        ],
        "x-ms-routing-request-id": [
          "WESTUS2:20190919T021006Z:2c411fa8-9ae0-4395-8e98-477e40a4e66a"
        ],
        "X-Content-Type-Options": [
          "nosniff"
        ],
        "Content-Length": [
          "747"
        ],
        "Content-Type": [
          "application/json; charset=utf-8"
        ],
        "Expires": [
          "-1"
        ]
      },
      "ResponseBody": "{\r\n  \"name\": \"ps2771\",\r\n  \"id\": \"/subscriptions/947d47b4-7883-4bb9-9d85-c5e8e2f572ce/resourceGroups/ps2331/providers/Microsoft.Network/publicIPAddresses/ps2771\",\r\n  \"etag\": \"W/\\\"c074f807-8e90-4445-898d-00bf3013471d\\\"\",\r\n  \"location\": \"westcentralus\",\r\n  \"properties\": {\r\n    \"provisioningState\": \"Succeeded\",\r\n    \"resourceGuid\": \"30403ac2-169c-4b05-b68c-50223b8d03bd\",\r\n    \"publicIPAddressVersion\": \"IPv4\",\r\n    \"publicIPAllocationMethod\": \"Dynamic\",\r\n    \"idleTimeoutInMinutes\": 4,\r\n    \"dnsSettings\": {\r\n      \"domainNameLabel\": \"ps2982\",\r\n      \"fqdn\": \"ps2982.westcentralus.cloudapp.azure.com\"\r\n    },\r\n    \"ipTags\": []\r\n  },\r\n  \"type\": \"Microsoft.Network/publicIPAddresses\",\r\n  \"sku\": {\r\n    \"name\": \"Basic\",\r\n    \"tier\": \"Regional\"\r\n  }\r\n}",
      "StatusCode": 200
    },
    {
      "RequestUri": "/subscriptions/947d47b4-7883-4bb9-9d85-c5e8e2f572ce/resourceGroups/ps2331/providers/Microsoft.Network/publicIPAddresses/ps2771?api-version=2019-08-01",
      "EncodedRequestUri": "L3N1YnNjcmlwdGlvbnMvOTQ3ZDQ3YjQtNzg4My00YmI5LTlkODUtYzVlOGUyZjU3MmNlL3Jlc291cmNlR3JvdXBzL3BzMjMzMS9wcm92aWRlcnMvTWljcm9zb2Z0Lk5ldHdvcmsvcHVibGljSVBBZGRyZXNzZXMvcHMyNzcxP2FwaS12ZXJzaW9uPTIwMTktMDgtMDE=",
      "RequestMethod": "GET",
      "RequestBody": "",
      "RequestHeaders": {
        "x-ms-client-request-id": [
          "26af06e2-1ea8-4bf3-b11b-48b20370eea1"
        ],
        "accept-language": [
          "en-US"
        ],
        "User-Agent": [
          "FxVersion/4.6.26614.01",
          "OSName/Windows",
          "OSVersion/Microsoft.Windows.10.0.14393.",
          "Microsoft.Azure.Management.Network.NetworkManagementClient/20.0.0.0"
        ]
      },
      "ResponseHeaders": {
        "Cache-Control": [
          "no-cache"
        ],
        "Date": [
          "Thu, 19 Sep 2019 02:10:06 GMT"
        ],
        "Pragma": [
          "no-cache"
        ],
        "ETag": [
          "W/\"c074f807-8e90-4445-898d-00bf3013471d\""
        ],
        "Server": [
          "Microsoft-HTTPAPI/2.0",
          "Microsoft-HTTPAPI/2.0"
        ],
        "x-ms-request-id": [
          "f0f8db9c-a8df-443c-a589-2893023aec79"
        ],
        "x-ms-correlation-request-id": [
          "c38206de-7777-4904-bf71-9d00e1d9b479"
        ],
        "x-ms-arm-service-request-id": [
          "fd8262b7-a42f-4cd4-a932-b70256575b97"
        ],
        "Strict-Transport-Security": [
          "max-age=31536000; includeSubDomains"
        ],
        "x-ms-ratelimit-remaining-subscription-reads": [
          "11995"
        ],
        "x-ms-routing-request-id": [
          "CENTRALUS:20190919T021006Z:c38206de-7777-4904-bf71-9d00e1d9b479"
        ],
        "X-Content-Type-Options": [
          "nosniff"
        ],
        "Content-Length": [
          "747"
        ],
        "Content-Type": [
          "application/json; charset=utf-8"
        ],
        "Expires": [
          "-1"
        ]
      },
      "ResponseBody": "{\r\n  \"name\": \"ps2771\",\r\n  \"id\": \"/subscriptions/947d47b4-7883-4bb9-9d85-c5e8e2f572ce/resourceGroups/ps2331/providers/Microsoft.Network/publicIPAddresses/ps2771\",\r\n  \"etag\": \"W/\\\"c074f807-8e90-4445-898d-00bf3013471d\\\"\",\r\n  \"location\": \"westcentralus\",\r\n  \"properties\": {\r\n    \"provisioningState\": \"Succeeded\",\r\n    \"resourceGuid\": \"30403ac2-169c-4b05-b68c-50223b8d03bd\",\r\n    \"publicIPAddressVersion\": \"IPv4\",\r\n    \"publicIPAllocationMethod\": \"Dynamic\",\r\n    \"idleTimeoutInMinutes\": 4,\r\n    \"dnsSettings\": {\r\n      \"domainNameLabel\": \"ps2982\",\r\n      \"fqdn\": \"ps2982.westcentralus.cloudapp.azure.com\"\r\n    },\r\n    \"ipTags\": []\r\n  },\r\n  \"type\": \"Microsoft.Network/publicIPAddresses\",\r\n  \"sku\": {\r\n    \"name\": \"Basic\",\r\n    \"tier\": \"Regional\"\r\n  }\r\n}",
      "StatusCode": 200
    },
    {
      "RequestUri": "/subscriptions/947d47b4-7883-4bb9-9d85-c5e8e2f572ce/resourceGroups/ps2331/providers/Microsoft.Network/publicIPAddresses/ps2771?api-version=2019-08-01",
      "EncodedRequestUri": "L3N1YnNjcmlwdGlvbnMvOTQ3ZDQ3YjQtNzg4My00YmI5LTlkODUtYzVlOGUyZjU3MmNlL3Jlc291cmNlR3JvdXBzL3BzMjMzMS9wcm92aWRlcnMvTWljcm9zb2Z0Lk5ldHdvcmsvcHVibGljSVBBZGRyZXNzZXMvcHMyNzcxP2FwaS12ZXJzaW9uPTIwMTktMDgtMDE=",
      "RequestMethod": "PUT",
      "RequestBody": "{\r\n  \"properties\": {\r\n    \"publicIPAllocationMethod\": \"Dynamic\",\r\n    \"dnsSettings\": {\r\n      \"domainNameLabel\": \"ps2982\"\r\n    },\r\n    \"ipTags\": []\r\n  },\r\n  \"zones\": [],\r\n  \"location\": \"westcentralus\"\r\n}",
      "RequestHeaders": {
        "x-ms-client-request-id": [
          "67bb39c6-6656-45f8-8ca9-81a216a0c26c"
        ],
        "accept-language": [
          "en-US"
        ],
        "User-Agent": [
          "FxVersion/4.6.26614.01",
          "OSName/Windows",
          "OSVersion/Microsoft.Windows.10.0.14393.",
          "Microsoft.Azure.Management.Network.NetworkManagementClient/20.0.0.0"
        ],
        "Content-Type": [
          "application/json; charset=utf-8"
        ],
        "Content-Length": [
          "203"
        ]
      },
      "ResponseHeaders": {
        "Cache-Control": [
          "no-cache"
        ],
        "Date": [
          "Thu, 19 Sep 2019 02:10:04 GMT"
        ],
        "Pragma": [
          "no-cache"
        ],
        "Retry-After": [
          "1"
        ],
        "Server": [
          "Microsoft-HTTPAPI/2.0",
          "Microsoft-HTTPAPI/2.0"
        ],
        "x-ms-request-id": [
          "9e56b00d-e2a6-4c80-aee1-f9c552e5acba"
        ],
        "Azure-AsyncOperation": [
          "https://management.azure.com/subscriptions/947d47b4-7883-4bb9-9d85-c5e8e2f572ce/providers/Microsoft.Network/locations/westcentralus/operations/9e56b00d-e2a6-4c80-aee1-f9c552e5acba?api-version=2019-08-01"
        ],
        "x-ms-correlation-request-id": [
          "fa01f5d5-b588-45bf-a70e-2cbfe6b39351"
        ],
        "Azure-AsyncNotification": [
          "Enabled"
        ],
        "x-ms-arm-service-request-id": [
          "2c593e45-e01d-4660-b60a-b9c8eb8b9c39"
        ],
        "Strict-Transport-Security": [
          "max-age=31536000; includeSubDomains"
        ],
        "x-ms-ratelimit-remaining-subscription-writes": [
          "1197"
        ],
        "x-ms-routing-request-id": [
          "WESTUS2:20190919T021005Z:fa01f5d5-b588-45bf-a70e-2cbfe6b39351"
        ],
        "X-Content-Type-Options": [
          "nosniff"
        ],
        "Content-Length": [
          "746"
        ],
        "Content-Type": [
          "application/json; charset=utf-8"
        ],
        "Expires": [
          "-1"
        ]
      },
      "ResponseBody": "{\r\n  \"name\": \"ps2771\",\r\n  \"id\": \"/subscriptions/947d47b4-7883-4bb9-9d85-c5e8e2f572ce/resourceGroups/ps2331/providers/Microsoft.Network/publicIPAddresses/ps2771\",\r\n  \"etag\": \"W/\\\"e14e0834-a3a2-4cbf-93cb-3a7e06ca752a\\\"\",\r\n  \"location\": \"westcentralus\",\r\n  \"properties\": {\r\n    \"provisioningState\": \"Updating\",\r\n    \"resourceGuid\": \"30403ac2-169c-4b05-b68c-50223b8d03bd\",\r\n    \"publicIPAddressVersion\": \"IPv4\",\r\n    \"publicIPAllocationMethod\": \"Dynamic\",\r\n    \"idleTimeoutInMinutes\": 4,\r\n    \"dnsSettings\": {\r\n      \"domainNameLabel\": \"ps2982\",\r\n      \"fqdn\": \"ps2982.westcentralus.cloudapp.azure.com\"\r\n    },\r\n    \"ipTags\": []\r\n  },\r\n  \"type\": \"Microsoft.Network/publicIPAddresses\",\r\n  \"sku\": {\r\n    \"name\": \"Basic\",\r\n    \"tier\": \"Regional\"\r\n  }\r\n}",
      "StatusCode": 201
    },
    {
      "RequestUri": "/subscriptions/947d47b4-7883-4bb9-9d85-c5e8e2f572ce/providers/Microsoft.Network/locations/westcentralus/operations/9e56b00d-e2a6-4c80-aee1-f9c552e5acba?api-version=2019-08-01",
      "EncodedRequestUri": "L3N1YnNjcmlwdGlvbnMvOTQ3ZDQ3YjQtNzg4My00YmI5LTlkODUtYzVlOGUyZjU3MmNlL3Byb3ZpZGVycy9NaWNyb3NvZnQuTmV0d29yay9sb2NhdGlvbnMvd2VzdGNlbnRyYWx1cy9vcGVyYXRpb25zLzllNTZiMDBkLWUyYTYtNGM4MC1hZWUxLWY5YzU1MmU1YWNiYT9hcGktdmVyc2lvbj0yMDE5LTA4LTAx",
      "RequestMethod": "GET",
      "RequestBody": "",
      "RequestHeaders": {
        "User-Agent": [
          "FxVersion/4.6.26614.01",
          "OSName/Windows",
          "OSVersion/Microsoft.Windows.10.0.14393.",
          "Microsoft.Azure.Management.Network.NetworkManagementClient/20.0.0.0"
        ]
      },
      "ResponseHeaders": {
        "Cache-Control": [
          "no-cache"
        ],
        "Date": [
          "Thu, 19 Sep 2019 02:10:05 GMT"
        ],
        "Pragma": [
          "no-cache"
        ],
        "Server": [
          "Microsoft-HTTPAPI/2.0",
          "Microsoft-HTTPAPI/2.0"
        ],
        "x-ms-request-id": [
          "140fef98-de9d-4b11-a782-92c453c72eb1"
        ],
        "x-ms-correlation-request-id": [
          "62fd6f7e-4c32-4b48-9c00-3ac0d4087905"
        ],
        "x-ms-arm-service-request-id": [
          "9e9ab10a-b1a0-4906-bad6-7c948ce0105a"
        ],
        "Strict-Transport-Security": [
          "max-age=31536000; includeSubDomains"
        ],
        "x-ms-ratelimit-remaining-subscription-reads": [
          "11988"
        ],
        "x-ms-routing-request-id": [
          "WESTUS2:20190919T021006Z:62fd6f7e-4c32-4b48-9c00-3ac0d4087905"
        ],
        "X-Content-Type-Options": [
          "nosniff"
        ],
        "Content-Length": [
          "29"
        ],
        "Content-Type": [
          "application/json; charset=utf-8"
        ],
        "Expires": [
          "-1"
        ]
      },
      "ResponseBody": "{\r\n  \"status\": \"Succeeded\"\r\n}",
      "StatusCode": 200
    },
    {
      "RequestUri": "/subscriptions/947d47b4-7883-4bb9-9d85-c5e8e2f572ce/resourceGroups/ps2331/providers/Microsoft.Network/publicIPAddresses?api-version=2019-08-01",
      "EncodedRequestUri": "L3N1YnNjcmlwdGlvbnMvOTQ3ZDQ3YjQtNzg4My00YmI5LTlkODUtYzVlOGUyZjU3MmNlL3Jlc291cmNlR3JvdXBzL3BzMjMzMS9wcm92aWRlcnMvTWljcm9zb2Z0Lk5ldHdvcmsvcHVibGljSVBBZGRyZXNzZXM/YXBpLXZlcnNpb249MjAxOS0wOC0wMQ==",
      "RequestMethod": "GET",
      "RequestBody": "",
      "RequestHeaders": {
        "x-ms-client-request-id": [
          "9546516e-b731-4e06-9660-82df82c30e9a"
        ],
        "accept-language": [
          "en-US"
        ],
        "User-Agent": [
          "FxVersion/4.6.26614.01",
          "OSName/Windows",
          "OSVersion/Microsoft.Windows.10.0.14393.",
          "Microsoft.Azure.Management.Network.NetworkManagementClient/20.0.0.0"
        ]
      },
      "ResponseHeaders": {
        "Cache-Control": [
          "no-cache"
        ],
        "Date": [
          "Thu, 19 Sep 2019 02:10:06 GMT"
        ],
        "Pragma": [
          "no-cache"
        ],
        "Server": [
          "Microsoft-HTTPAPI/2.0",
          "Microsoft-HTTPAPI/2.0"
        ],
        "x-ms-request-id": [
          "e26a1ea5-441c-4a94-8761-b5a1432f89d7"
        ],
        "x-ms-correlation-request-id": [
          "e53054d6-f74e-4e12-af1b-0b43e90f3715"
        ],
        "x-ms-arm-service-request-id": [
          "64ec9c50-f68a-4e2e-8511-ce27eed7eaac"
        ],
        "Strict-Transport-Security": [
          "max-age=31536000; includeSubDomains"
        ],
        "x-ms-ratelimit-remaining-subscription-reads": [
          "11993"
        ],
        "x-ms-routing-request-id": [
          "CENTRALUS:20190919T021006Z:e53054d6-f74e-4e12-af1b-0b43e90f3715"
        ],
        "X-Content-Type-Options": [
          "nosniff"
        ],
        "Content-Length": [
          "864"
        ],
        "Content-Type": [
          "application/json; charset=utf-8"
        ],
        "Expires": [
          "-1"
        ]
      },
      "ResponseBody": "{\r\n  \"value\": [\r\n    {\r\n      \"name\": \"ps2771\",\r\n      \"id\": \"/subscriptions/947d47b4-7883-4bb9-9d85-c5e8e2f572ce/resourceGroups/ps2331/providers/Microsoft.Network/publicIPAddresses/ps2771\",\r\n      \"etag\": \"W/\\\"c074f807-8e90-4445-898d-00bf3013471d\\\"\",\r\n      \"location\": \"westcentralus\",\r\n      \"properties\": {\r\n        \"provisioningState\": \"Succeeded\",\r\n        \"resourceGuid\": \"30403ac2-169c-4b05-b68c-50223b8d03bd\",\r\n        \"publicIPAddressVersion\": \"IPv4\",\r\n        \"publicIPAllocationMethod\": \"Dynamic\",\r\n        \"idleTimeoutInMinutes\": 4,\r\n        \"dnsSettings\": {\r\n          \"domainNameLabel\": \"ps2982\",\r\n          \"fqdn\": \"ps2982.westcentralus.cloudapp.azure.com\"\r\n        },\r\n        \"ipTags\": []\r\n      },\r\n      \"type\": \"Microsoft.Network/publicIPAddresses\",\r\n      \"sku\": {\r\n        \"name\": \"Basic\",\r\n        \"tier\": \"Regional\"\r\n      }\r\n    }\r\n  ]\r\n}",
      "StatusCode": 200
    },
    {
      "RequestUri": "/subscriptions/947d47b4-7883-4bb9-9d85-c5e8e2f572ce/resourceGroups/ps2331/providers/Microsoft.Network/publicIPAddresses?api-version=2019-08-01",
      "EncodedRequestUri": "L3N1YnNjcmlwdGlvbnMvOTQ3ZDQ3YjQtNzg4My00YmI5LTlkODUtYzVlOGUyZjU3MmNlL3Jlc291cmNlR3JvdXBzL3BzMjMzMS9wcm92aWRlcnMvTWljcm9zb2Z0Lk5ldHdvcmsvcHVibGljSVBBZGRyZXNzZXM/YXBpLXZlcnNpb249MjAxOS0wOC0wMQ==",
      "RequestMethod": "GET",
      "RequestBody": "",
      "RequestHeaders": {
        "x-ms-client-request-id": [
          "57bf537f-eb7b-43b2-805d-8804b8f6583b"
        ],
        "accept-language": [
          "en-US"
        ],
        "User-Agent": [
          "FxVersion/4.6.26614.01",
          "OSName/Windows",
          "OSVersion/Microsoft.Windows.10.0.14393.",
          "Microsoft.Azure.Management.Network.NetworkManagementClient/20.0.0.0"
        ]
      },
      "ResponseHeaders": {
        "Cache-Control": [
          "no-cache"
        ],
        "Date": [
          "Thu, 19 Sep 2019 02:10:18 GMT"
        ],
        "Pragma": [
          "no-cache"
        ],
        "x-ms-ratelimit-remaining-subscription-reads": [
          "11999"
        ],
        "x-ms-request-id": [
          "b7563955-16db-4f67-911e-7b73ed069f40"
        ],
        "x-ms-correlation-request-id": [
          "b7563955-16db-4f67-911e-7b73ed069f40"
        ],
        "x-ms-routing-request-id": [
          "CENTRALUS:20190919T021019Z:b7563955-16db-4f67-911e-7b73ed069f40"
        ],
        "Strict-Transport-Security": [
          "max-age=31536000; includeSubDomains"
        ],
        "X-Content-Type-Options": [
          "nosniff"
        ],
        "Content-Length": [
          "12"
        ],
        "Content-Type": [
          "application/json; charset=utf-8"
        ],
        "Expires": [
          "-1"
        ]
      },
      "ResponseBody": "{\r\n  \"value\": []\r\n}",
      "StatusCode": 200
    },
    {
      "RequestUri": "/subscriptions/947d47b4-7883-4bb9-9d85-c5e8e2f572ce/providers/Microsoft.Network/publicIPAddresses?api-version=2019-08-01",
      "EncodedRequestUri": "L3N1YnNjcmlwdGlvbnMvOTQ3ZDQ3YjQtNzg4My00YmI5LTlkODUtYzVlOGUyZjU3MmNlL3Byb3ZpZGVycy9NaWNyb3NvZnQuTmV0d29yay9wdWJsaWNJUEFkZHJlc3Nlcz9hcGktdmVyc2lvbj0yMDE5LTA4LTAx",
      "RequestMethod": "GET",
      "RequestBody": "",
      "RequestHeaders": {
        "x-ms-client-request-id": [
          "68944b48-cbda-4f3d-bd85-a5f6ffc5da6e"
        ],
        "accept-language": [
          "en-US"
        ],
        "User-Agent": [
          "FxVersion/4.6.26614.01",
          "OSName/Windows",
          "OSVersion/Microsoft.Windows.10.0.14393.",
          "Microsoft.Azure.Management.Network.NetworkManagementClient/20.0.0.0"
        ]
      },
      "ResponseHeaders": {
        "Cache-Control": [
          "no-cache"
        ],
        "Date": [
          "Thu, 19 Sep 2019 02:10:06 GMT"
        ],
        "Pragma": [
          "no-cache"
        ],
        "x-ms-original-request-ids": [
          "b40e4cbb-57a3-4e10-b704-4f1ae7c3dc5d",
          "5766ce37-ab9f-47e1-a2ba-652fd72189e6",
          "0ec3ff56-5193-4927-b9e0-1fa03f635090",
          "6e740de6-ed00-4d74-99e3-2c3024ebc06a",
          "fb1894f3-32eb-4c66-9df1-78a8d0de3133"
        ],
        "x-ms-ratelimit-remaining-subscription-reads": [
          "11967"
        ],
        "x-ms-request-id": [
          "0dd2a53b-f12b-485b-b3d4-34b12d30a9ea"
        ],
        "x-ms-correlation-request-id": [
          "0dd2a53b-f12b-485b-b3d4-34b12d30a9ea"
        ],
        "x-ms-routing-request-id": [
          "CENTRALUS:20190919T021007Z:0dd2a53b-f12b-485b-b3d4-34b12d30a9ea"
        ],
        "Strict-Transport-Security": [
          "max-age=31536000; includeSubDomains"
        ],
        "X-Content-Type-Options": [
          "nosniff"
        ],
        "Content-Length": [
          "24766"
        ],
        "Content-Type": [
          "application/json; charset=utf-8"
        ],
        "Expires": [
          "-1"
        ]
      },
      "ResponseBody": "{\r\n  \"value\": [\r\n    {\r\n      \"name\": \"vmss-pip\",\r\n      \"id\": \"/subscriptions/947d47b4-7883-4bb9-9d85-c5e8e2f572ce/resourceGroups/restler-vmss/providers/Microsoft.Network/publicIPAddresses/vmss-pip\",\r\n      \"etag\": \"W/\\\"548b1f77-2923-4d10-8dcb-6c925fc775ff\\\"\",\r\n      \"location\": \"eastus\",\r\n      \"properties\": {\r\n        \"provisioningState\": \"Succeeded\",\r\n        \"resourceGuid\": \"f8ce2101-53bf-4a5a-bc97-4067ce127246\",\r\n        \"ipAddress\": \"52.224.150.184\",\r\n        \"publicIPAddressVersion\": \"IPv4\",\r\n        \"publicIPAllocationMethod\": \"Static\",\r\n        \"idleTimeoutInMinutes\": 4,\r\n        \"dnsSettings\": {\r\n          \"domainNameLabel\": \"restler-vmss\",\r\n          \"fqdn\": \"restler-vmss.eastus.cloudapp.azure.com\"\r\n        },\r\n        \"ipTags\": [],\r\n        \"ipConfiguration\": {\r\n          \"id\": \"/subscriptions/947d47b4-7883-4bb9-9d85-c5e8e2f572ce/resourceGroups/restler-vmss/providers/Microsoft.Network/loadBalancers/restlerVmsslb/frontendIPConfigurations/LoadBalancerFrontEnd\"\r\n        }\r\n      },\r\n      \"type\": \"Microsoft.Network/publicIPAddresses\",\r\n      \"sku\": {\r\n        \"name\": \"Standard\",\r\n        \"tier\": \"Regional\"\r\n      }\r\n    },\r\n    {\r\n      \"name\": \"APPGWPIP\",\r\n      \"id\": \"/subscriptions/947d47b4-7883-4bb9-9d85-c5e8e2f572ce/resourceGroups/rg1/providers/Microsoft.Network/publicIPAddresses/APPGWPIP\",\r\n      \"etag\": \"W/\\\"785c51bc-1b9b-4663-9575-0c9d7f9dcb0d\\\"\",\r\n      \"location\": \"eastus\",\r\n      \"properties\": {\r\n        \"provisioningState\": \"Succeeded\",\r\n        \"resourceGuid\": \"dbe48af4-c03b-45d0-b102-a8e3b2a56aab\",\r\n        \"ipAddress\": \"52.191.238.190\",\r\n        \"publicIPAddressVersion\": \"IPv4\",\r\n        \"publicIPAllocationMethod\": \"Static\",\r\n        \"idleTimeoutInMinutes\": 4,\r\n        \"ipTags\": []\r\n      },\r\n      \"type\": \"Microsoft.Network/publicIPAddresses\",\r\n      \"sku\": {\r\n        \"name\": \"Standard\",\r\n        \"tier\": \"Regional\"\r\n      }\r\n    },\r\n    {\r\n      \"name\": \"test-ip\",\r\n      \"id\": \"/subscriptions/947d47b4-7883-4bb9-9d85-c5e8e2f572ce/resourceGroups/rg1/providers/Microsoft.Network/publicIPAddresses/test-ip\",\r\n      \"etag\": \"W/\\\"094f41fc-d739-4f12-88d8-9477e7c081d0\\\"\",\r\n      \"location\": \"eastus\",\r\n      \"properties\": {\r\n        \"provisioningState\": \"Succeeded\",\r\n        \"resourceGuid\": \"e50cc1a4-1be2-4331-b77d-cfad8b0827a1\",\r\n        \"ipAddress\": \"52.190.26.9\",\r\n        \"publicIPAddressVersion\": \"IPv4\",\r\n        \"publicIPAllocationMethod\": \"Static\",\r\n        \"idleTimeoutInMinutes\": 4,\r\n        \"ipTags\": []\r\n      },\r\n      \"type\": \"Microsoft.Network/publicIPAddresses\",\r\n      \"sku\": {\r\n        \"name\": \"Standard\",\r\n        \"tier\": \"Regional\"\r\n      }\r\n    },\r\n    {\r\n      \"name\": \"vm1-ip\",\r\n      \"id\": \"/subscriptions/947d47b4-7883-4bb9-9d85-c5e8e2f572ce/resourceGroups/rg2/providers/Microsoft.Network/publicIPAddresses/vm1-ip\",\r\n      \"etag\": \"W/\\\"7b497660-375b-48f8-86bc-8ca044a6989a\\\"\",\r\n      \"location\": \"eastus\",\r\n      \"properties\": {\r\n        \"provisioningState\": \"Succeeded\",\r\n        \"resourceGuid\": \"c21aaea3-2b2b-492d-937f-041b27e6f554\",\r\n        \"ipAddress\": \"13.68.210.64\",\r\n        \"publicIPAddressVersion\": \"IPv4\",\r\n        \"publicIPAllocationMethod\": \"Dynamic\",\r\n        \"idleTimeoutInMinutes\": 4,\r\n        \"ipTags\": [],\r\n        \"ipConfiguration\": {\r\n          \"id\": \"/subscriptions/947d47b4-7883-4bb9-9d85-c5e8e2f572ce/resourceGroups/rg2/providers/Microsoft.Network/networkInterfaces/vm118/ipConfigurations/ipconfig1\"\r\n        }\r\n      },\r\n      \"type\": \"Microsoft.Network/publicIPAddresses\",\r\n      \"sku\": {\r\n        \"name\": \"Basic\",\r\n        \"tier\": \"Regional\"\r\n      }\r\n    },\r\n    {\r\n      \"name\": \"test-ip\",\r\n      \"id\": \"/subscriptions/947d47b4-7883-4bb9-9d85-c5e8e2f572ce/resourceGroups/testrg/providers/Microsoft.Network/publicIPAddresses/test-ip\",\r\n      \"etag\": \"W/\\\"f2cc96e6-4e73-49a7-8681-14dd488f9d90\\\"\",\r\n      \"location\": \"eastus\",\r\n      \"properties\": {\r\n        \"provisioningState\": \"Succeeded\",\r\n        \"resourceGuid\": \"d5337798-a46e-4daa-a5ab-fc5a22782d32\",\r\n        \"ipAddress\": \"52.249.201.97\",\r\n        \"publicIPAddressVersion\": \"IPv4\",\r\n        \"publicIPAllocationMethod\": \"Static\",\r\n        \"idleTimeoutInMinutes\": 4,\r\n        \"ipTags\": [],\r\n        \"ipConfiguration\": {\r\n          \"id\": \"/subscriptions/947d47b4-7883-4bb9-9d85-c5e8e2f572ce/resourceGroups/testrg/providers/Microsoft.Network/networkInterfaces/mynic/ipConfigurations/ipconfig1\"\r\n        }\r\n      },\r\n      \"type\": \"Microsoft.Network/publicIPAddresses\",\r\n      \"sku\": {\r\n        \"name\": \"Standard\",\r\n        \"tier\": \"Regional\"\r\n      }\r\n    },\r\n    {\r\n      \"name\": \"demo-vm-ip\",\r\n      \"id\": \"/subscriptions/947d47b4-7883-4bb9-9d85-c5e8e2f572ce/resourceGroups/trya-rg/providers/Microsoft.Network/publicIPAddresses/demo-vm-ip\",\r\n      \"etag\": \"W/\\\"8730b637-e784-4152-9988-ae7188708bbc\\\"\",\r\n      \"location\": \"eastus\",\r\n      \"tags\": {},\r\n      \"properties\": {\r\n        \"provisioningState\": \"Succeeded\",\r\n        \"resourceGuid\": \"bef47434-d854-4352-9d66-72c9f1c77b1e\",\r\n        \"ipAddress\": \"23.96.84.47\",\r\n        \"publicIPAddressVersion\": \"IPv4\",\r\n        \"publicIPAllocationMethod\": \"Dynamic\",\r\n        \"idleTimeoutInMinutes\": 4,\r\n        \"ipTags\": [],\r\n        \"ipConfiguration\": {\r\n          \"id\": \"/subscriptions/947d47b4-7883-4bb9-9d85-c5e8e2f572ce/resourceGroups/trya-rg/providers/Microsoft.Network/networkInterfaces/demo-vm695/ipConfigurations/ipconfig1\"\r\n        }\r\n      },\r\n      \"type\": \"Microsoft.Network/publicIPAddresses\",\r\n      \"sku\": {\r\n        \"name\": \"Basic\",\r\n        \"tier\": \"Regional\"\r\n      }\r\n    },\r\n    {\r\n      \"name\": \"trya-demo-VM-ip\",\r\n      \"id\": \"/subscriptions/947d47b4-7883-4bb9-9d85-c5e8e2f572ce/resourceGroups/trya-rg/providers/Microsoft.Network/publicIPAddresses/trya-demo-VM-ip\",\r\n      \"etag\": \"W/\\\"0431a73b-c6e4-4a7e-80eb-9b9d4050602c\\\"\",\r\n      \"location\": \"eastus\",\r\n      \"tags\": {},\r\n      \"properties\": {\r\n        \"provisioningState\": \"Succeeded\",\r\n        \"resourceGuid\": \"f09e4a0b-5394-4e6c-b955-6f59658e3b80\",\r\n        \"publicIPAddressVersion\": \"IPv4\",\r\n        \"publicIPAllocationMethod\": \"Dynamic\",\r\n        \"idleTimeoutInMinutes\": 4,\r\n        \"ipTags\": [],\r\n        \"ipConfiguration\": {\r\n          \"id\": \"/subscriptions/947d47b4-7883-4bb9-9d85-c5e8e2f572ce/resourceGroups/trya-rg/providers/Microsoft.Network/networkInterfaces/trya-demo-vm163/ipConfigurations/ipconfig1\"\r\n        }\r\n      },\r\n      \"type\": \"Microsoft.Network/publicIPAddresses\",\r\n      \"sku\": {\r\n        \"name\": \"Basic\",\r\n        \"tier\": \"Regional\"\r\n      }\r\n    },\r\n    {\r\n      \"name\": \"PublicIPAddressName\",\r\n      \"id\": \"/subscriptions/947d47b4-7883-4bb9-9d85-c5e8e2f572ce/resourceGroups/NegTestRG/providers/Microsoft.Network/publicIPAddresses/PublicIPAddressName\",\r\n      \"etag\": \"W/\\\"2c4aefa8-ddba-49cc-9904-7a82c0ca41ea\\\"\",\r\n      \"location\": \"centralus\",\r\n      \"properties\": {\r\n        \"provisioningState\": \"Succeeded\",\r\n        \"resourceGuid\": \"568093a0-8870-4781-a4dd-9c53ba8f57a8\",\r\n        \"ipAddress\": \"23.100.82.174\",\r\n        \"publicIPAddressVersion\": \"IPv4\",\r\n        \"publicIPAllocationMethod\": \"Static\",\r\n        \"idleTimeoutInMinutes\": 4,\r\n        \"ipTags\": []\r\n      },\r\n      \"type\": \"Microsoft.Network/publicIPAddresses\",\r\n      \"sku\": {\r\n        \"name\": \"Basic\",\r\n        \"tier\": \"Regional\"\r\n      }\r\n    },\r\n    {\r\n      \"name\": \"gwpip\",\r\n      \"id\": \"/subscriptions/947d47b4-7883-4bb9-9d85-c5e8e2f572ce/resourceGroups/rg1/providers/Microsoft.Network/publicIPAddresses/gwpip\",\r\n      \"etag\": \"W/\\\"191bc321-74b2-4534-b241-00ad559e448c\\\"\",\r\n      \"location\": \"centralus\",\r\n      \"properties\": {\r\n        \"provisioningState\": \"Succeeded\",\r\n        \"resourceGuid\": \"7f018081-8dc2-448f-a9ad-5be07ad8dd32\",\r\n        \"ipAddress\": \"52.185.70.90\",\r\n        \"publicIPAddressVersion\": \"IPv4\",\r\n        \"publicIPAllocationMethod\": \"Static\",\r\n        \"idleTimeoutInMinutes\": 4,\r\n        \"ipTags\": [],\r\n        \"ipConfiguration\": {\r\n          \"id\": \"/subscriptions/947d47b4-7883-4bb9-9d85-c5e8e2f572ce/resourceGroups/rg1/providers/Microsoft.Network/virtualNetworkGateways/vpngw/ipConfigurations/gwipconfig1\"\r\n        }\r\n      },\r\n      \"type\": \"Microsoft.Network/publicIPAddresses\",\r\n      \"sku\": {\r\n        \"name\": \"Standard\",\r\n        \"tier\": \"Regional\"\r\n      }\r\n    },\r\n    {\r\n      \"name\": \"ps-azure-env\",\r\n      \"id\": \"/subscriptions/947d47b4-7883-4bb9-9d85-c5e8e2f572ce/resourceGroups/deploy-vm/providers/Microsoft.Network/publicIPAddresses/ps-azure-env\",\r\n      \"etag\": \"W/\\\"740f787e-e91a-4b72-99f7-f453b19dfebd\\\"\",\r\n      \"location\": \"westcentralus\",\r\n      \"properties\": {\r\n        \"provisioningState\": \"Succeeded\",\r\n        \"resourceGuid\": \"9887a17f-c5ad-4c70-ad2c-867efce43994\",\r\n        \"ipAddress\": \"13.78.135.212\",\r\n        \"publicIPAddressVersion\": \"IPv4\",\r\n        \"publicIPAllocationMethod\": \"Static\",\r\n        \"idleTimeoutInMinutes\": 4,\r\n        \"dnsSettings\": {\r\n          \"domainNameLabel\": \"ps-azure-env-6529a8\",\r\n          \"fqdn\": \"ps-azure-env-6529a8.westcentralus.cloudapp.azure.com\"\r\n        },\r\n        \"ipTags\": [],\r\n        \"ipConfiguration\": {\r\n          \"id\": \"/subscriptions/947d47b4-7883-4bb9-9d85-c5e8e2f572ce/resourceGroups/deploy-vm/providers/Microsoft.Network/networkInterfaces/ps-azure-env/ipConfigurations/ps-azure-env\"\r\n        }\r\n      },\r\n      \"type\": \"Microsoft.Network/publicIPAddresses\",\r\n      \"sku\": {\r\n        \"name\": \"Basic\",\r\n        \"tier\": \"Regional\"\r\n      }\r\n    },\r\n    {\r\n      \"name\": \"PublicIPAddressName\",\r\n      \"id\": \"/subscriptions/947d47b4-7883-4bb9-9d85-c5e8e2f572ce/resourceGroups/neg-test/providers/Microsoft.Network/publicIPAddresses/PublicIPAddressName\",\r\n      \"etag\": \"W/\\\"c8a1465b-1e83-4e85-9bfa-cd755396deff\\\"\",\r\n      \"location\": \"westcentralus\",\r\n      \"properties\": {\r\n        \"provisioningState\": \"Succeeded\",\r\n        \"resourceGuid\": \"c2168f6c-348c-4138-b69a-9652f7bc97b6\",\r\n        \"ipAddress\": \"13.77.204.135\",\r\n        \"publicIPAddressVersion\": \"IPv4\",\r\n        \"publicIPAllocationMethod\": \"Static\",\r\n        \"idleTimeoutInMinutes\": 4,\r\n        \"ipTags\": []\r\n      },\r\n      \"type\": \"Microsoft.Network/publicIPAddresses\",\r\n      \"sku\": {\r\n        \"name\": \"Basic\",\r\n        \"tier\": \"Regional\"\r\n      }\r\n    },\r\n    {\r\n      \"name\": \"ps2771\",\r\n      \"id\": \"/subscriptions/947d47b4-7883-4bb9-9d85-c5e8e2f572ce/resourceGroups/ps2331/providers/Microsoft.Network/publicIPAddresses/ps2771\",\r\n      \"etag\": \"W/\\\"c074f807-8e90-4445-898d-00bf3013471d\\\"\",\r\n      \"location\": \"westcentralus\",\r\n      \"properties\": {\r\n        \"provisioningState\": \"Succeeded\",\r\n        \"resourceGuid\": \"30403ac2-169c-4b05-b68c-50223b8d03bd\",\r\n        \"publicIPAddressVersion\": \"IPv4\",\r\n        \"publicIPAllocationMethod\": \"Dynamic\",\r\n        \"idleTimeoutInMinutes\": 4,\r\n        \"dnsSettings\": {\r\n          \"domainNameLabel\": \"ps2982\",\r\n          \"fqdn\": \"ps2982.westcentralus.cloudapp.azure.com\"\r\n        },\r\n        \"ipTags\": []\r\n      },\r\n      \"type\": \"Microsoft.Network/publicIPAddresses\",\r\n      \"sku\": {\r\n        \"name\": \"Basic\",\r\n        \"tier\": \"Regional\"\r\n      }\r\n    },\r\n    {\r\n      \"name\": \"psnrp8084-ip\",\r\n      \"id\": \"/subscriptions/947d47b4-7883-4bb9-9d85-c5e8e2f572ce/resourceGroups/psnrp4630/providers/Microsoft.Network/publicIPAddresses/psnrp8084-ip\",\r\n      \"etag\": \"W/\\\"b9e5ea86-7c3f-48a4-b04f-41c9310f18ec\\\"\",\r\n      \"location\": \"westcentralus\",\r\n      \"properties\": {\r\n        \"provisioningState\": \"Succeeded\",\r\n        \"resourceGuid\": \"9b9e57bd-7d92-454c-97b2-c503eb749340\",\r\n        \"ipAddress\": \"13.78.131.80\",\r\n        \"publicIPAddressVersion\": \"IPv4\",\r\n        \"publicIPAllocationMethod\": \"Dynamic\",\r\n        \"idleTimeoutInMinutes\": 4,\r\n        \"ipTags\": [],\r\n        \"ipConfiguration\": {\r\n          \"id\": \"/subscriptions/947d47b4-7883-4bb9-9d85-c5e8e2f572ce/resourceGroups/psnrp4630/providers/Microsoft.Network/networkInterfaces/psnrp8243/ipConfigurations/ipconfig1\"\r\n        }\r\n      },\r\n      \"type\": \"Microsoft.Network/publicIPAddresses\",\r\n      \"sku\": {\r\n        \"name\": \"Basic\",\r\n        \"tier\": \"Regional\"\r\n      }\r\n    },\r\n    {\r\n      \"name\": \"PIPNAME\",\r\n      \"id\": \"/subscriptions/947d47b4-7883-4bb9-9d85-c5e8e2f572ce/resourceGroups/rg1/providers/Microsoft.Network/publicIPAddresses/PIPNAME\",\r\n      \"etag\": \"W/\\\"5a3aa07c-dd7b-4145-8b92-eee880489448\\\"\",\r\n      \"location\": \"westcentralus\",\r\n      \"properties\": {\r\n        \"provisioningState\": \"Succeeded\",\r\n        \"resourceGuid\": \"a6d2eee3-e9e7-4daa-b844-4ca63e2734b1\",\r\n        \"ipAddress\": \"52.159.17.136\",\r\n        \"publicIPAddressVersion\": \"IPv4\",\r\n        \"publicIPAllocationMethod\": \"Static\",\r\n        \"idleTimeoutInMinutes\": 4,\r\n        \"ipTags\": []\r\n      },\r\n      \"type\": \"Microsoft.Network/publicIPAddresses\",\r\n      \"sku\": {\r\n        \"name\": \"Standard\",\r\n        \"tier\": \"Regional\"\r\n      }\r\n    },\r\n    {\r\n      \"name\": \"test\",\r\n      \"id\": \"/subscriptions/947d47b4-7883-4bb9-9d85-c5e8e2f572ce/resourceGroups/test-conn/providers/Microsoft.Network/publicIPAddresses/test\",\r\n      \"etag\": \"W/\\\"bf2744c9-7065-4765-b0b1-bbc33f0ed37c\\\"\",\r\n      \"location\": \"westcentralus\",\r\n      \"properties\": {\r\n        \"provisioningState\": \"Succeeded\",\r\n        \"resourceGuid\": \"6ca75d0d-9e21-4851-9e62-5a73b17d25d9\",\r\n        \"ipAddress\": \"13.77.207.131\",\r\n        \"publicIPAddressVersion\": \"IPv4\",\r\n        \"publicIPAllocationMethod\": \"Dynamic\",\r\n        \"idleTimeoutInMinutes\": 4,\r\n        \"ipTags\": [],\r\n        \"ipConfiguration\": {\r\n          \"id\": \"/subscriptions/947d47b4-7883-4bb9-9d85-c5e8e2f572ce/resourceGroups/test-conn/providers/Microsoft.Network/virtualNetworkGateways/ConnectionTest1/ipConfigurations/default\"\r\n        }\r\n      },\r\n      \"type\": \"Microsoft.Network/publicIPAddresses\",\r\n      \"sku\": {\r\n        \"name\": \"Basic\",\r\n        \"tier\": \"Regional\"\r\n      }\r\n    },\r\n    {\r\n      \"name\": \"testip\",\r\n      \"id\": \"/subscriptions/947d47b4-7883-4bb9-9d85-c5e8e2f572ce/resourceGroups/test-conn/providers/Microsoft.Network/publicIPAddresses/testip\",\r\n      \"etag\": \"W/\\\"15d0a037-daf7-4866-94ec-1fab8ade5ebf\\\"\",\r\n      \"location\": \"westcentralus\",\r\n      \"properties\": {\r\n        \"provisioningState\": \"Succeeded\",\r\n        \"resourceGuid\": \"279061fb-ed06-47ab-90fc-438a4b7f67b1\",\r\n        \"publicIPAddressVersion\": \"IPv4\",\r\n        \"publicIPAllocationMethod\": \"Dynamic\",\r\n        \"idleTimeoutInMinutes\": 4,\r\n        \"ipTags\": []\r\n      },\r\n      \"type\": \"Microsoft.Network/publicIPAddresses\",\r\n      \"sku\": {\r\n        \"name\": \"Basic\",\r\n        \"tier\": \"Regional\"\r\n      }\r\n    },\r\n    {\r\n      \"name\": \"effectiveTest-ip\",\r\n      \"id\": \"/subscriptions/947d47b4-7883-4bb9-9d85-c5e8e2f572ce/resourceGroups/v-anevse/providers/Microsoft.Network/publicIPAddresses/effectiveTest-ip\",\r\n      \"etag\": \"W/\\\"3de195ca-209e-47ed-982e-f3b0b6340725\\\"\",\r\n      \"location\": \"westcentralus\",\r\n      \"properties\": {\r\n        \"provisioningState\": \"Succeeded\",\r\n        \"resourceGuid\": \"8d820c6f-794b-4dcc-9ef5-3846670f8133\",\r\n        \"publicIPAddressVersion\": \"IPv4\",\r\n        \"publicIPAllocationMethod\": \"Dynamic\",\r\n        \"idleTimeoutInMinutes\": 4,\r\n        \"ipTags\": [],\r\n        \"ipConfiguration\": {\r\n          \"id\": \"/subscriptions/947d47b4-7883-4bb9-9d85-c5e8e2f572ce/resourceGroups/v-anevse/providers/Microsoft.Network/networkInterfaces/effectivetest55/ipConfigurations/ipconfig1\"\r\n        }\r\n      },\r\n      \"type\": \"Microsoft.Network/publicIPAddresses\",\r\n      \"sku\": {\r\n        \"name\": \"Basic\",\r\n        \"tier\": \"Regional\"\r\n      }\r\n    },\r\n    {\r\n      \"name\": \"test-ip\",\r\n      \"id\": \"/subscriptions/947d47b4-7883-4bb9-9d85-c5e8e2f572ce/resourceGroups/v-anevse/providers/Microsoft.Network/publicIPAddresses/test-ip\",\r\n      \"etag\": \"W/\\\"5026d32e-8add-40c0-8b0d-80645a1cebe4\\\"\",\r\n      \"location\": \"westcentralus\",\r\n      \"properties\": {\r\n        \"provisioningState\": \"Succeeded\",\r\n        \"resourceGuid\": \"69ed6f4b-fa1a-41b7-b6ca-66d04e52b5ed\",\r\n        \"publicIPAddressVersion\": \"IPv4\",\r\n        \"publicIPAllocationMethod\": \"Dynamic\",\r\n        \"idleTimeoutInMinutes\": 4,\r\n        \"ipTags\": []\r\n      },\r\n      \"type\": \"Microsoft.Network/publicIPAddresses\",\r\n      \"sku\": {\r\n        \"name\": \"Basic\",\r\n        \"tier\": \"Regional\"\r\n      }\r\n    },\r\n    {\r\n      \"name\": \"test-tap\",\r\n      \"id\": \"/subscriptions/947d47b4-7883-4bb9-9d85-c5e8e2f572ce/resourceGroups/v-anevse/providers/Microsoft.Network/publicIPAddresses/test-tap\",\r\n      \"etag\": \"W/\\\"0ebb9e0a-44e7-460c-9cc7-d4540bb5610b\\\"\",\r\n      \"location\": \"westcentralus\",\r\n      \"properties\": {\r\n        \"provisioningState\": \"Succeeded\",\r\n        \"resourceGuid\": \"fb31050e-898e-4807-804c-882358fd091c\",\r\n        \"ipAddress\": \"52.159.18.45\",\r\n        \"publicIPAddressVersion\": \"IPv4\",\r\n        \"publicIPAllocationMethod\": \"Static\",\r\n        \"idleTimeoutInMinutes\": 4,\r\n        \"ipTags\": [],\r\n        \"ipConfiguration\": {\r\n          \"id\": \"/subscriptions/947d47b4-7883-4bb9-9d85-c5e8e2f572ce/resourceGroups/v-anevse/providers/Microsoft.Network/networkInterfaces/test-tap/ipConfigurations/ipconfig1\"\r\n        }\r\n      },\r\n      \"type\": \"Microsoft.Network/publicIPAddresses\",\r\n      \"sku\": {\r\n        \"name\": \"Standard\",\r\n        \"tier\": \"Regional\"\r\n      }\r\n    },\r\n    {\r\n      \"name\": \"shared-ip\",\r\n      \"id\": \"/subscriptions/947d47b4-7883-4bb9-9d85-c5e8e2f572ce/resourceGroups/vmshare/providers/Microsoft.Network/publicIPAddresses/shared-ip\",\r\n      \"etag\": \"W/\\\"1bfb9701-bb28-456a-8349-2bba4cfd9d29\\\"\",\r\n      \"location\": \"westcentralus\",\r\n      \"properties\": {\r\n        \"provisioningState\": \"Succeeded\",\r\n        \"resourceGuid\": \"de75aeb4-23fe-400b-810f-67ca94ce54c1\",\r\n        \"ipAddress\": \"13.78.162.102\",\r\n        \"publicIPAddressVersion\": \"IPv4\",\r\n        \"publicIPAllocationMethod\": \"Dynamic\",\r\n        \"idleTimeoutInMinutes\": 4,\r\n        \"ipTags\": [],\r\n        \"ipConfiguration\": {\r\n          \"id\": \"/subscriptions/947d47b4-7883-4bb9-9d85-c5e8e2f572ce/resourceGroups/vmshare/providers/Microsoft.Network/networkInterfaces/shared640/ipConfigurations/ipconfig1\"\r\n        }\r\n      },\r\n      \"type\": \"Microsoft.Network/publicIPAddresses\",\r\n      \"sku\": {\r\n        \"name\": \"Basic\",\r\n        \"tier\": \"Regional\"\r\n      }\r\n    },\r\n    {\r\n      \"name\": \"gw1ip1\",\r\n      \"id\": \"/subscriptions/947d47b4-7883-4bb9-9d85-c5e8e2f572ce/resourceGroups/cli_test_active_active_vnet_vnet_connection3xdzydkk6vsns3bt56lsizkigeffhuzn/providers/Microsoft.Network/publicIPAddresses/gw1ip1\",\r\n      \"etag\": \"W/\\\"c57806ac-34ea-47b7-8a27-d1dafb6ecf06\\\"\",\r\n      \"location\": \"westus\",\r\n      \"properties\": {\r\n        \"provisioningState\": \"Succeeded\",\r\n        \"resourceGuid\": \"e329b52a-10f9-4a3e-9285-c6925c21da9e\",\r\n        \"ipAddress\": \"23.101.82.1\",\r\n        \"publicIPAddressVersion\": \"IPv4\",\r\n        \"publicIPAllocationMethod\": \"Dynamic\",\r\n        \"idleTimeoutInMinutes\": 4,\r\n        \"ipTags\": [],\r\n        \"ipConfiguration\": {\r\n          \"id\": \"/subscriptions/947d47b4-7883-4bb9-9d85-c5e8e2f572ce/resourceGroups/cli_test_active_active_vnet_vnet_connection3xdzydkk6vsns3bt56lsizkigeffhuzn/providers/Microsoft.Network/virtualNetworkGateways/vgw1/ipConfigurations/vnetGatewayConfig0\"\r\n        }\r\n      },\r\n      \"type\": \"Microsoft.Network/publicIPAddresses\",\r\n      \"sku\": {\r\n        \"name\": \"Basic\",\r\n        \"tier\": \"Regional\"\r\n      }\r\n    },\r\n    {\r\n      \"name\": \"gw1ip2\",\r\n      \"id\": \"/subscriptions/947d47b4-7883-4bb9-9d85-c5e8e2f572ce/resourceGroups/cli_test_active_active_vnet_vnet_connection3xdzydkk6vsns3bt56lsizkigeffhuzn/providers/Microsoft.Network/publicIPAddresses/gw1ip2\",\r\n      \"etag\": \"W/\\\"481a4dfa-f9d8-447a-bd72-47ab0555bd30\\\"\",\r\n      \"location\": \"westus\",\r\n      \"properties\": {\r\n        \"provisioningState\": \"Succeeded\",\r\n        \"resourceGuid\": \"6f65002a-d6fe-4d02-8f95-a01f5b3a4a04\",\r\n        \"ipAddress\": \"23.101.82.156\",\r\n        \"publicIPAddressVersion\": \"IPv4\",\r\n        \"publicIPAllocationMethod\": \"Dynamic\",\r\n        \"idleTimeoutInMinutes\": 4,\r\n        \"ipTags\": [],\r\n        \"ipConfiguration\": {\r\n          \"id\": \"/subscriptions/947d47b4-7883-4bb9-9d85-c5e8e2f572ce/resourceGroups/cli_test_active_active_vnet_vnet_connection3xdzydkk6vsns3bt56lsizkigeffhuzn/providers/Microsoft.Network/virtualNetworkGateways/vgw1/ipConfigurations/vnetGatewayConfig1\"\r\n        }\r\n      },\r\n      \"type\": \"Microsoft.Network/publicIPAddresses\",\r\n      \"sku\": {\r\n        \"name\": \"Basic\",\r\n        \"tier\": \"Regional\"\r\n      }\r\n    },\r\n    {\r\n      \"name\": \"gw2ip1\",\r\n      \"id\": \"/subscriptions/947d47b4-7883-4bb9-9d85-c5e8e2f572ce/resourceGroups/cli_test_active_active_vnet_vnet_connection3xdzydkk6vsns3bt56lsizkigeffhuzn/providers/Microsoft.Network/publicIPAddresses/gw2ip1\",\r\n      \"etag\": \"W/\\\"61506743-9c17-469e-bda2-381abc6ee74d\\\"\",\r\n      \"location\": \"westus\",\r\n      \"properties\": {\r\n        \"provisioningState\": \"Succeeded\",\r\n        \"resourceGuid\": \"c6ea383a-4fe3-4fed-807c-d1f7d471955b\",\r\n        \"ipAddress\": \"23.101.80.72\",\r\n        \"publicIPAddressVersion\": \"IPv4\",\r\n        \"publicIPAllocationMethod\": \"Dynamic\",\r\n        \"idleTimeoutInMinutes\": 4,\r\n        \"ipTags\": [],\r\n        \"ipConfiguration\": {\r\n          \"id\": \"/subscriptions/947d47b4-7883-4bb9-9d85-c5e8e2f572ce/resourceGroups/cli_test_active_active_vnet_vnet_connection3xdzydkk6vsns3bt56lsizkigeffhuzn/providers/Microsoft.Network/virtualNetworkGateways/vgw2/ipConfigurations/vnetGatewayConfig0\"\r\n        }\r\n      },\r\n      \"type\": \"Microsoft.Network/publicIPAddresses\",\r\n      \"sku\": {\r\n        \"name\": \"Basic\",\r\n        \"tier\": \"Regional\"\r\n      }\r\n    },\r\n    {\r\n      \"name\": \"gw2ip2\",\r\n      \"id\": \"/subscriptions/947d47b4-7883-4bb9-9d85-c5e8e2f572ce/resourceGroups/cli_test_active_active_vnet_vnet_connection3xdzydkk6vsns3bt56lsizkigeffhuzn/providers/Microsoft.Network/publicIPAddresses/gw2ip2\",\r\n      \"etag\": \"W/\\\"df09ddbb-7844-444e-b194-d448754adb0e\\\"\",\r\n      \"location\": \"westus\",\r\n      \"properties\": {\r\n        \"provisioningState\": \"Succeeded\",\r\n        \"resourceGuid\": \"fa07b888-4123-4d06-83c6-f0f943bf3d45\",\r\n        \"ipAddress\": \"23.101.80.210\",\r\n        \"publicIPAddressVersion\": \"IPv4\",\r\n        \"publicIPAllocationMethod\": \"Dynamic\",\r\n        \"idleTimeoutInMinutes\": 4,\r\n        \"ipTags\": [],\r\n        \"ipConfiguration\": {\r\n          \"id\": \"/subscriptions/947d47b4-7883-4bb9-9d85-c5e8e2f572ce/resourceGroups/cli_test_active_active_vnet_vnet_connection3xdzydkk6vsns3bt56lsizkigeffhuzn/providers/Microsoft.Network/virtualNetworkGateways/vgw2/ipConfigurations/vnetGatewayConfig1\"\r\n        }\r\n      },\r\n      \"type\": \"Microsoft.Network/publicIPAddresses\",\r\n      \"sku\": {\r\n        \"name\": \"Basic\",\r\n        \"tier\": \"Regional\"\r\n      }\r\n    },\r\n    {\r\n      \"name\": \"pip1\",\r\n      \"id\": \"/subscriptions/947d47b4-7883-4bb9-9d85-c5e8e2f572ce/resourceGroups/cli_test_vpn_connection_ipsecpluynalmfyyorqjnkquvsekkb3k3ue2vlf7ux3b2ve52uc/providers/Microsoft.Network/publicIPAddresses/pip1\",\r\n      \"etag\": \"W/\\\"8acba8fa-e8dd-4052-96e8-cdc9b1c0b825\\\"\",\r\n      \"location\": \"westus\",\r\n      \"properties\": {\r\n        \"provisioningState\": \"Succeeded\",\r\n        \"resourceGuid\": \"79fe0162-6208-4121-b4e8-863270457cc2\",\r\n        \"ipAddress\": \"23.101.80.110\",\r\n        \"publicIPAddressVersion\": \"IPv4\",\r\n        \"publicIPAllocationMethod\": \"Dynamic\",\r\n        \"idleTimeoutInMinutes\": 4,\r\n        \"ipTags\": [],\r\n        \"ipConfiguration\": {\r\n          \"id\": \"/subscriptions/947d47b4-7883-4bb9-9d85-c5e8e2f572ce/resourceGroups/cli_test_vpn_connection_ipsecpluynalmfyyorqjnkquvsekkb3k3ue2vlf7ux3b2ve52uc/providers/Microsoft.Network/virtualNetworkGateways/gw1/ipConfigurations/vnetGatewayConfig0\"\r\n        }\r\n      },\r\n      \"type\": \"Microsoft.Network/publicIPAddresses\",\r\n      \"sku\": {\r\n        \"name\": \"Basic\",\r\n        \"tier\": \"Regional\"\r\n      }\r\n    },\r\n    {\r\n      \"name\": \"pubip1\",\r\n      \"id\": \"/subscriptions/947d47b4-7883-4bb9-9d85-c5e8e2f572ce/resourceGroups/cli_test_vpn_gatewayujft4rihdho25kldlho3eshwnvuhr6xielfxq73n75ccs6wffm2j3ex/providers/Microsoft.Network/publicIPAddresses/pubip1\",\r\n      \"etag\": \"W/\\\"5d292d52-af04-4652-808c-3dee81b5d9b5\\\"\",\r\n      \"location\": \"westus\",\r\n      \"properties\": {\r\n        \"provisioningState\": \"Succeeded\",\r\n        \"resourceGuid\": \"a5013b4f-730f-4477-b0d3-7454ce988122\",\r\n        \"ipAddress\": \"23.101.81.201\",\r\n        \"publicIPAddressVersion\": \"IPv4\",\r\n        \"publicIPAllocationMethod\": \"Dynamic\",\r\n        \"idleTimeoutInMinutes\": 4,\r\n        \"ipTags\": [],\r\n        \"ipConfiguration\": {\r\n          \"id\": \"/subscriptions/947d47b4-7883-4bb9-9d85-c5e8e2f572ce/resourceGroups/cli_test_vpn_gatewayujft4rihdho25kldlho3eshwnvuhr6xielfxq73n75ccs6wffm2j3ex/providers/Microsoft.Network/virtualNetworkGateways/gateway1/ipConfigurations/vnetGatewayConfig0\"\r\n        }\r\n      },\r\n      \"type\": \"Microsoft.Network/publicIPAddresses\",\r\n      \"sku\": {\r\n        \"name\": \"Basic\",\r\n        \"tier\": \"Regional\"\r\n      }\r\n    },\r\n    {\r\n      \"name\": \"pubip2\",\r\n      \"id\": \"/subscriptions/947d47b4-7883-4bb9-9d85-c5e8e2f572ce/resourceGroups/cli_test_vpn_gatewayujft4rihdho25kldlho3eshwnvuhr6xielfxq73n75ccs6wffm2j3ex/providers/Microsoft.Network/publicIPAddresses/pubip2\",\r\n      \"etag\": \"W/\\\"5da7e862-5244-45d2-a873-c9bcd509fdac\\\"\",\r\n      \"location\": \"westus\",\r\n      \"properties\": {\r\n        \"provisioningState\": \"Succeeded\",\r\n        \"resourceGuid\": \"4485e98f-7049-4be5-b791-4503cd2eb86e\",\r\n        \"ipAddress\": \"23.101.82.118\",\r\n        \"publicIPAddressVersion\": \"IPv4\",\r\n        \"publicIPAllocationMethod\": \"Dynamic\",\r\n        \"idleTimeoutInMinutes\": 4,\r\n        \"ipTags\": [],\r\n        \"ipConfiguration\": {\r\n          \"id\": \"/subscriptions/947d47b4-7883-4bb9-9d85-c5e8e2f572ce/resourceGroups/cli_test_vpn_gatewayujft4rihdho25kldlho3eshwnvuhr6xielfxq73n75ccs6wffm2j3ex/providers/Microsoft.Network/virtualNetworkGateways/gateway2/ipConfigurations/vnetGatewayConfig0\"\r\n        }\r\n      },\r\n      \"type\": \"Microsoft.Network/publicIPAddresses\",\r\n      \"sku\": {\r\n        \"name\": \"Basic\",\r\n        \"tier\": \"Regional\"\r\n      }\r\n    },\r\n    {\r\n      \"name\": \"pubip3\",\r\n      \"id\": \"/subscriptions/947d47b4-7883-4bb9-9d85-c5e8e2f572ce/resourceGroups/cli_test_vpn_gatewayujft4rihdho25kldlho3eshwnvuhr6xielfxq73n75ccs6wffm2j3ex/providers/Microsoft.Network/publicIPAddresses/pubip3\",\r\n      \"etag\": \"W/\\\"03a88de0-ae49-4472-a8ae-ce89e6c86b6e\\\"\",\r\n      \"location\": \"westus\",\r\n      \"properties\": {\r\n        \"provisioningState\": \"Succeeded\",\r\n        \"resourceGuid\": \"83e210fe-5468-4f86-b639-f8437c40b016\",\r\n        \"ipAddress\": \"23.101.82.135\",\r\n        \"publicIPAddressVersion\": \"IPv4\",\r\n        \"publicIPAllocationMethod\": \"Dynamic\",\r\n        \"idleTimeoutInMinutes\": 4,\r\n        \"ipTags\": [],\r\n        \"ipConfiguration\": {\r\n          \"id\": \"/subscriptions/947d47b4-7883-4bb9-9d85-c5e8e2f572ce/resourceGroups/cli_test_vpn_gatewayujft4rihdho25kldlho3eshwnvuhr6xielfxq73n75ccs6wffm2j3ex/providers/Microsoft.Network/virtualNetworkGateways/gateway3/ipConfigurations/vnetGatewayConfig0\"\r\n        }\r\n      },\r\n      \"type\": \"Microsoft.Network/publicIPAddresses\",\r\n      \"sku\": {\r\n        \"name\": \"Basic\",\r\n        \"tier\": \"Regional\"\r\n      }\r\n    },\r\n    {\r\n      \"name\": \"PublicIpAddress1\",\r\n      \"id\": \"/subscriptions/947d47b4-7883-4bb9-9d85-c5e8e2f572ce/resourceGroups/rg1/providers/Microsoft.Network/publicIPAddresses/PublicIpAddress1\",\r\n      \"etag\": \"W/\\\"c68958b6-f955-445a-bdde-27c9392c9ecf\\\"\",\r\n      \"location\": \"westus\",\r\n      \"properties\": {\r\n        \"provisioningState\": \"Succeeded\",\r\n        \"resourceGuid\": \"a88a5e3b-af57-4f4c-ace9-ac02a6c0851c\",\r\n        \"ipAddress\": \"23.101.84.49\",\r\n        \"publicIPAddressVersion\": \"IPv4\",\r\n        \"publicIPAllocationMethod\": \"Static\",\r\n        \"idleTimeoutInMinutes\": 4,\r\n        \"ipTags\": []\r\n      },\r\n      \"type\": \"Microsoft.Network/publicIPAddresses\",\r\n      \"sku\": {\r\n        \"name\": \"Standard\",\r\n        \"tier\": \"Regional\"\r\n      }\r\n    },\r\n    {\r\n      \"name\": \"ps8179\",\r\n      \"id\": \"/subscriptions/947d47b4-7883-4bb9-9d85-c5e8e2f572ce/resourceGroups/ps1538/providers/Microsoft.Network/publicIPAddresses/ps8179\",\r\n      \"etag\": \"W/\\\"595bcb1e-04c7-4532-8abb-862716fd92c9\\\"\",\r\n      \"location\": \"eastus2euap\",\r\n      \"properties\": {\r\n        \"provisioningState\": \"Succeeded\",\r\n        \"resourceGuid\": \"a5e362e2-68f1-48e8-8183-9467daf205ff\",\r\n        \"publicIPAddressVersion\": \"IPv4\",\r\n        \"publicIPAllocationMethod\": \"Dynamic\",\r\n        \"idleTimeoutInMinutes\": 4,\r\n        \"dnsSettings\": {\r\n          \"domainNameLabel\": \"ps2234\",\r\n          \"fqdn\": \"ps2234.eastus2euap.cloudapp.azure.com\"\r\n        },\r\n        \"ipTags\": []\r\n      },\r\n      \"type\": \"Microsoft.Network/publicIPAddresses\",\r\n      \"sku\": {\r\n        \"name\": \"Basic\",\r\n        \"tier\": \"Regional\"\r\n      }\r\n    },\r\n    {\r\n      \"name\": \"ps4434\",\r\n      \"id\": \"/subscriptions/947d47b4-7883-4bb9-9d85-c5e8e2f572ce/resourceGroups/ps1862/providers/Microsoft.Network/publicIPAddresses/ps4434\",\r\n      \"etag\": \"W/\\\"3faf81fd-f1fb-4488-b279-a51fd2435f2a\\\"\",\r\n      \"location\": \"eastus2euap\",\r\n      \"properties\": {\r\n        \"provisioningState\": \"Succeeded\",\r\n        \"resourceGuid\": \"c6e8be9e-651d-4ba0-9854-b88addab1511\",\r\n        \"publicIPAddressVersion\": \"IPv4\",\r\n        \"publicIPAllocationMethod\": \"Dynamic\",\r\n        \"idleTimeoutInMinutes\": 4,\r\n        \"dnsSettings\": {\r\n          \"domainNameLabel\": \"ps3939\",\r\n          \"fqdn\": \"ps3939.eastus2euap.cloudapp.azure.com\"\r\n        },\r\n        \"ipTags\": [],\r\n        \"ipConfiguration\": {\r\n          \"id\": \"/subscriptions/947d47b4-7883-4bb9-9d85-c5e8e2f572ce/resourceGroups/ps1862/providers/Microsoft.Network/networkInterfaces/ps5558/ipConfigurations/ipconfig1\"\r\n        }\r\n      },\r\n      \"type\": \"Microsoft.Network/publicIPAddresses\",\r\n      \"sku\": {\r\n        \"name\": \"Basic\",\r\n        \"tier\": \"Regional\"\r\n      }\r\n    },\r\n    {\r\n      \"name\": \"ps3290\",\r\n      \"id\": \"/subscriptions/947d47b4-7883-4bb9-9d85-c5e8e2f572ce/resourceGroups/ps5374/providers/Microsoft.Network/publicIPAddresses/ps3290\",\r\n      \"etag\": \"W/\\\"8276f275-12e8-4b7b-b179-e3c529f8825e\\\"\",\r\n      \"location\": \"eastus2euap\",\r\n      \"properties\": {\r\n        \"provisioningState\": \"Succeeded\",\r\n        \"resourceGuid\": \"6ee05e47-13c2-4edb-9373-4cceb677538a\",\r\n        \"publicIPAddressVersion\": \"IPv4\",\r\n        \"publicIPAllocationMethod\": \"Dynamic\",\r\n        \"idleTimeoutInMinutes\": 4,\r\n        \"dnsSettings\": {\r\n          \"domainNameLabel\": \"ps7367\",\r\n          \"fqdn\": \"ps7367.eastus2euap.cloudapp.azure.com\"\r\n        },\r\n        \"ipTags\": []\r\n      },\r\n      \"type\": \"Microsoft.Network/publicIPAddresses\",\r\n      \"sku\": {\r\n        \"name\": \"Basic\",\r\n        \"tier\": \"Regional\"\r\n      }\r\n    },\r\n    {\r\n      \"name\": \"ps4328\",\r\n      \"id\": \"/subscriptions/947d47b4-7883-4bb9-9d85-c5e8e2f572ce/resourceGroups/ps5374/providers/Microsoft.Network/publicIPAddresses/ps4328\",\r\n      \"etag\": \"W/\\\"c00e4e46-940f-4091-b607-1075bfc779a5\\\"\",\r\n      \"location\": \"eastus2euap\",\r\n      \"properties\": {\r\n        \"provisioningState\": \"Succeeded\",\r\n        \"resourceGuid\": \"c2e07985-7aaf-4ceb-876c-aa013e4ba15d\",\r\n        \"publicIPAddressVersion\": \"IPv4\",\r\n        \"publicIPAllocationMethod\": \"Dynamic\",\r\n        \"idleTimeoutInMinutes\": 4,\r\n        \"dnsSettings\": {\r\n          \"domainNameLabel\": \"ps7083\",\r\n          \"fqdn\": \"ps7083.eastus2euap.cloudapp.azure.com\"\r\n        },\r\n        \"ipTags\": [],\r\n        \"ipConfiguration\": {\r\n          \"id\": \"/subscriptions/947d47b4-7883-4bb9-9d85-c5e8e2f572ce/resourceGroups/ps5374/providers/Microsoft.Network/networkInterfaces/ps2857/ipConfigurations/ipconfig1\"\r\n        }\r\n      },\r\n      \"type\": \"Microsoft.Network/publicIPAddresses\",\r\n      \"sku\": {\r\n        \"name\": \"Basic\",\r\n        \"tier\": \"Regional\"\r\n      }\r\n    },\r\n    {\r\n      \"name\": \"vm1-ip\",\r\n      \"id\": \"/subscriptions/947d47b4-7883-4bb9-9d85-c5e8e2f572ce/resourceGroups/testnrp201901310001vs/providers/Microsoft.Network/publicIPAddresses/vm1-ip\",\r\n      \"etag\": \"W/\\\"6ef92a2b-03b6-46a5-9b43-10bc7fa87b1a\\\"\",\r\n      \"location\": \"eastus2euap\",\r\n      \"tags\": {},\r\n      \"properties\": {\r\n        \"provisioningState\": \"Succeeded\",\r\n        \"resourceGuid\": \"cecdd058-be01-46f8-b60d-10067504ddc8\",\r\n        \"ipAddress\": \"52.225.188.17\",\r\n        \"publicIPAddressVersion\": \"IPv4\",\r\n        \"publicIPAllocationMethod\": \"Dynamic\",\r\n        \"idleTimeoutInMinutes\": 4,\r\n        \"ipTags\": [],\r\n        \"ipConfiguration\": {\r\n          \"id\": \"/subscriptions/947d47b4-7883-4bb9-9d85-c5e8e2f572ce/resourceGroups/testnrp201901310001vs/providers/Microsoft.Network/networkInterfaces/vm1675/ipConfigurations/ipconfig1\"\r\n        }\r\n      },\r\n      \"type\": \"Microsoft.Network/publicIPAddresses\",\r\n      \"sku\": {\r\n        \"name\": \"Basic\",\r\n        \"tier\": \"Regional\"\r\n      }\r\n    }\r\n  ]\r\n}",
      "StatusCode": 200
    },
    {
      "RequestUri": "/subscriptions/947d47b4-7883-4bb9-9d85-c5e8e2f572ce/providers/Microsoft.Network/publicIPAddresses?api-version=2019-08-01",
      "EncodedRequestUri": "L3N1YnNjcmlwdGlvbnMvOTQ3ZDQ3YjQtNzg4My00YmI5LTlkODUtYzVlOGUyZjU3MmNlL3Byb3ZpZGVycy9NaWNyb3NvZnQuTmV0d29yay9wdWJsaWNJUEFkZHJlc3Nlcz9hcGktdmVyc2lvbj0yMDE5LTA4LTAx",
      "RequestMethod": "GET",
      "RequestBody": "",
      "RequestHeaders": {
        "x-ms-client-request-id": [
          "af80a779-e7ee-4127-b8cc-e8094108fffd"
        ],
        "accept-language": [
          "en-US"
        ],
        "User-Agent": [
          "FxVersion/4.6.26614.01",
          "OSName/Windows",
          "OSVersion/Microsoft.Windows.10.0.14393.",
          "Microsoft.Azure.Management.Network.NetworkManagementClient/20.0.0.0"
        ]
      },
      "ResponseHeaders": {
        "Cache-Control": [
          "no-cache"
        ],
        "Date": [
          "Thu, 19 Sep 2019 02:10:07 GMT"
        ],
        "Pragma": [
          "no-cache"
        ],
        "x-ms-original-request-ids": [
          "ec366d6b-7193-4fcc-af17-1b4a4c17b6d6",
          "8f49f035-03f7-4e1d-81f2-6745ac43150f",
          "f7ae5e0f-adb0-4dac-821c-9e6f0cad84c5",
          "5ad92e06-c955-493b-89d3-103fe76e08b0",
          "e68e07de-7000-4e03-88e5-db38748dd98d"
        ],
        "x-ms-ratelimit-remaining-subscription-reads": [
          "11984"
        ],
        "x-ms-request-id": [
          "53cfbd6a-5b99-4bfb-a9ac-b841fa3ba589"
        ],
        "x-ms-correlation-request-id": [
          "53cfbd6a-5b99-4bfb-a9ac-b841fa3ba589"
        ],
        "x-ms-routing-request-id": [
          "CENTRALUS:20190919T021007Z:53cfbd6a-5b99-4bfb-a9ac-b841fa3ba589"
        ],
        "Strict-Transport-Security": [
          "max-age=31536000; includeSubDomains"
        ],
        "X-Content-Type-Options": [
          "nosniff"
        ],
        "Content-Length": [
          "24766"
        ],
        "Content-Type": [
          "application/json; charset=utf-8"
        ],
        "Expires": [
          "-1"
        ]
      },
      "ResponseBody": "{\r\n  \"value\": [\r\n    {\r\n      \"name\": \"vmss-pip\",\r\n      \"id\": \"/subscriptions/947d47b4-7883-4bb9-9d85-c5e8e2f572ce/resourceGroups/restler-vmss/providers/Microsoft.Network/publicIPAddresses/vmss-pip\",\r\n      \"etag\": \"W/\\\"548b1f77-2923-4d10-8dcb-6c925fc775ff\\\"\",\r\n      \"location\": \"eastus\",\r\n      \"properties\": {\r\n        \"provisioningState\": \"Succeeded\",\r\n        \"resourceGuid\": \"f8ce2101-53bf-4a5a-bc97-4067ce127246\",\r\n        \"ipAddress\": \"52.224.150.184\",\r\n        \"publicIPAddressVersion\": \"IPv4\",\r\n        \"publicIPAllocationMethod\": \"Static\",\r\n        \"idleTimeoutInMinutes\": 4,\r\n        \"dnsSettings\": {\r\n          \"domainNameLabel\": \"restler-vmss\",\r\n          \"fqdn\": \"restler-vmss.eastus.cloudapp.azure.com\"\r\n        },\r\n        \"ipTags\": [],\r\n        \"ipConfiguration\": {\r\n          \"id\": \"/subscriptions/947d47b4-7883-4bb9-9d85-c5e8e2f572ce/resourceGroups/restler-vmss/providers/Microsoft.Network/loadBalancers/restlerVmsslb/frontendIPConfigurations/LoadBalancerFrontEnd\"\r\n        }\r\n      },\r\n      \"type\": \"Microsoft.Network/publicIPAddresses\",\r\n      \"sku\": {\r\n        \"name\": \"Standard\",\r\n        \"tier\": \"Regional\"\r\n      }\r\n    },\r\n    {\r\n      \"name\": \"APPGWPIP\",\r\n      \"id\": \"/subscriptions/947d47b4-7883-4bb9-9d85-c5e8e2f572ce/resourceGroups/rg1/providers/Microsoft.Network/publicIPAddresses/APPGWPIP\",\r\n      \"etag\": \"W/\\\"785c51bc-1b9b-4663-9575-0c9d7f9dcb0d\\\"\",\r\n      \"location\": \"eastus\",\r\n      \"properties\": {\r\n        \"provisioningState\": \"Succeeded\",\r\n        \"resourceGuid\": \"dbe48af4-c03b-45d0-b102-a8e3b2a56aab\",\r\n        \"ipAddress\": \"52.191.238.190\",\r\n        \"publicIPAddressVersion\": \"IPv4\",\r\n        \"publicIPAllocationMethod\": \"Static\",\r\n        \"idleTimeoutInMinutes\": 4,\r\n        \"ipTags\": []\r\n      },\r\n      \"type\": \"Microsoft.Network/publicIPAddresses\",\r\n      \"sku\": {\r\n        \"name\": \"Standard\",\r\n        \"tier\": \"Regional\"\r\n      }\r\n    },\r\n    {\r\n      \"name\": \"test-ip\",\r\n      \"id\": \"/subscriptions/947d47b4-7883-4bb9-9d85-c5e8e2f572ce/resourceGroups/rg1/providers/Microsoft.Network/publicIPAddresses/test-ip\",\r\n      \"etag\": \"W/\\\"094f41fc-d739-4f12-88d8-9477e7c081d0\\\"\",\r\n      \"location\": \"eastus\",\r\n      \"properties\": {\r\n        \"provisioningState\": \"Succeeded\",\r\n        \"resourceGuid\": \"e50cc1a4-1be2-4331-b77d-cfad8b0827a1\",\r\n        \"ipAddress\": \"52.190.26.9\",\r\n        \"publicIPAddressVersion\": \"IPv4\",\r\n        \"publicIPAllocationMethod\": \"Static\",\r\n        \"idleTimeoutInMinutes\": 4,\r\n        \"ipTags\": []\r\n      },\r\n      \"type\": \"Microsoft.Network/publicIPAddresses\",\r\n      \"sku\": {\r\n        \"name\": \"Standard\",\r\n        \"tier\": \"Regional\"\r\n      }\r\n    },\r\n    {\r\n      \"name\": \"vm1-ip\",\r\n      \"id\": \"/subscriptions/947d47b4-7883-4bb9-9d85-c5e8e2f572ce/resourceGroups/rg2/providers/Microsoft.Network/publicIPAddresses/vm1-ip\",\r\n      \"etag\": \"W/\\\"7b497660-375b-48f8-86bc-8ca044a6989a\\\"\",\r\n      \"location\": \"eastus\",\r\n      \"properties\": {\r\n        \"provisioningState\": \"Succeeded\",\r\n        \"resourceGuid\": \"c21aaea3-2b2b-492d-937f-041b27e6f554\",\r\n        \"ipAddress\": \"13.68.210.64\",\r\n        \"publicIPAddressVersion\": \"IPv4\",\r\n        \"publicIPAllocationMethod\": \"Dynamic\",\r\n        \"idleTimeoutInMinutes\": 4,\r\n        \"ipTags\": [],\r\n        \"ipConfiguration\": {\r\n          \"id\": \"/subscriptions/947d47b4-7883-4bb9-9d85-c5e8e2f572ce/resourceGroups/rg2/providers/Microsoft.Network/networkInterfaces/vm118/ipConfigurations/ipconfig1\"\r\n        }\r\n      },\r\n      \"type\": \"Microsoft.Network/publicIPAddresses\",\r\n      \"sku\": {\r\n        \"name\": \"Basic\",\r\n        \"tier\": \"Regional\"\r\n      }\r\n    },\r\n    {\r\n      \"name\": \"test-ip\",\r\n      \"id\": \"/subscriptions/947d47b4-7883-4bb9-9d85-c5e8e2f572ce/resourceGroups/testrg/providers/Microsoft.Network/publicIPAddresses/test-ip\",\r\n      \"etag\": \"W/\\\"f2cc96e6-4e73-49a7-8681-14dd488f9d90\\\"\",\r\n      \"location\": \"eastus\",\r\n      \"properties\": {\r\n        \"provisioningState\": \"Succeeded\",\r\n        \"resourceGuid\": \"d5337798-a46e-4daa-a5ab-fc5a22782d32\",\r\n        \"ipAddress\": \"52.249.201.97\",\r\n        \"publicIPAddressVersion\": \"IPv4\",\r\n        \"publicIPAllocationMethod\": \"Static\",\r\n        \"idleTimeoutInMinutes\": 4,\r\n        \"ipTags\": [],\r\n        \"ipConfiguration\": {\r\n          \"id\": \"/subscriptions/947d47b4-7883-4bb9-9d85-c5e8e2f572ce/resourceGroups/testrg/providers/Microsoft.Network/networkInterfaces/mynic/ipConfigurations/ipconfig1\"\r\n        }\r\n      },\r\n      \"type\": \"Microsoft.Network/publicIPAddresses\",\r\n      \"sku\": {\r\n        \"name\": \"Standard\",\r\n        \"tier\": \"Regional\"\r\n      }\r\n    },\r\n    {\r\n      \"name\": \"demo-vm-ip\",\r\n      \"id\": \"/subscriptions/947d47b4-7883-4bb9-9d85-c5e8e2f572ce/resourceGroups/trya-rg/providers/Microsoft.Network/publicIPAddresses/demo-vm-ip\",\r\n      \"etag\": \"W/\\\"8730b637-e784-4152-9988-ae7188708bbc\\\"\",\r\n      \"location\": \"eastus\",\r\n      \"tags\": {},\r\n      \"properties\": {\r\n        \"provisioningState\": \"Succeeded\",\r\n        \"resourceGuid\": \"bef47434-d854-4352-9d66-72c9f1c77b1e\",\r\n        \"ipAddress\": \"23.96.84.47\",\r\n        \"publicIPAddressVersion\": \"IPv4\",\r\n        \"publicIPAllocationMethod\": \"Dynamic\",\r\n        \"idleTimeoutInMinutes\": 4,\r\n        \"ipTags\": [],\r\n        \"ipConfiguration\": {\r\n          \"id\": \"/subscriptions/947d47b4-7883-4bb9-9d85-c5e8e2f572ce/resourceGroups/trya-rg/providers/Microsoft.Network/networkInterfaces/demo-vm695/ipConfigurations/ipconfig1\"\r\n        }\r\n      },\r\n      \"type\": \"Microsoft.Network/publicIPAddresses\",\r\n      \"sku\": {\r\n        \"name\": \"Basic\",\r\n        \"tier\": \"Regional\"\r\n      }\r\n    },\r\n    {\r\n      \"name\": \"trya-demo-VM-ip\",\r\n      \"id\": \"/subscriptions/947d47b4-7883-4bb9-9d85-c5e8e2f572ce/resourceGroups/trya-rg/providers/Microsoft.Network/publicIPAddresses/trya-demo-VM-ip\",\r\n      \"etag\": \"W/\\\"0431a73b-c6e4-4a7e-80eb-9b9d4050602c\\\"\",\r\n      \"location\": \"eastus\",\r\n      \"tags\": {},\r\n      \"properties\": {\r\n        \"provisioningState\": \"Succeeded\",\r\n        \"resourceGuid\": \"f09e4a0b-5394-4e6c-b955-6f59658e3b80\",\r\n        \"publicIPAddressVersion\": \"IPv4\",\r\n        \"publicIPAllocationMethod\": \"Dynamic\",\r\n        \"idleTimeoutInMinutes\": 4,\r\n        \"ipTags\": [],\r\n        \"ipConfiguration\": {\r\n          \"id\": \"/subscriptions/947d47b4-7883-4bb9-9d85-c5e8e2f572ce/resourceGroups/trya-rg/providers/Microsoft.Network/networkInterfaces/trya-demo-vm163/ipConfigurations/ipconfig1\"\r\n        }\r\n      },\r\n      \"type\": \"Microsoft.Network/publicIPAddresses\",\r\n      \"sku\": {\r\n        \"name\": \"Basic\",\r\n        \"tier\": \"Regional\"\r\n      }\r\n    },\r\n    {\r\n      \"name\": \"PublicIPAddressName\",\r\n      \"id\": \"/subscriptions/947d47b4-7883-4bb9-9d85-c5e8e2f572ce/resourceGroups/NegTestRG/providers/Microsoft.Network/publicIPAddresses/PublicIPAddressName\",\r\n      \"etag\": \"W/\\\"2c4aefa8-ddba-49cc-9904-7a82c0ca41ea\\\"\",\r\n      \"location\": \"centralus\",\r\n      \"properties\": {\r\n        \"provisioningState\": \"Succeeded\",\r\n        \"resourceGuid\": \"568093a0-8870-4781-a4dd-9c53ba8f57a8\",\r\n        \"ipAddress\": \"23.100.82.174\",\r\n        \"publicIPAddressVersion\": \"IPv4\",\r\n        \"publicIPAllocationMethod\": \"Static\",\r\n        \"idleTimeoutInMinutes\": 4,\r\n        \"ipTags\": []\r\n      },\r\n      \"type\": \"Microsoft.Network/publicIPAddresses\",\r\n      \"sku\": {\r\n        \"name\": \"Basic\",\r\n        \"tier\": \"Regional\"\r\n      }\r\n    },\r\n    {\r\n      \"name\": \"gwpip\",\r\n      \"id\": \"/subscriptions/947d47b4-7883-4bb9-9d85-c5e8e2f572ce/resourceGroups/rg1/providers/Microsoft.Network/publicIPAddresses/gwpip\",\r\n      \"etag\": \"W/\\\"191bc321-74b2-4534-b241-00ad559e448c\\\"\",\r\n      \"location\": \"centralus\",\r\n      \"properties\": {\r\n        \"provisioningState\": \"Succeeded\",\r\n        \"resourceGuid\": \"7f018081-8dc2-448f-a9ad-5be07ad8dd32\",\r\n        \"ipAddress\": \"52.185.70.90\",\r\n        \"publicIPAddressVersion\": \"IPv4\",\r\n        \"publicIPAllocationMethod\": \"Static\",\r\n        \"idleTimeoutInMinutes\": 4,\r\n        \"ipTags\": [],\r\n        \"ipConfiguration\": {\r\n          \"id\": \"/subscriptions/947d47b4-7883-4bb9-9d85-c5e8e2f572ce/resourceGroups/rg1/providers/Microsoft.Network/virtualNetworkGateways/vpngw/ipConfigurations/gwipconfig1\"\r\n        }\r\n      },\r\n      \"type\": \"Microsoft.Network/publicIPAddresses\",\r\n      \"sku\": {\r\n        \"name\": \"Standard\",\r\n        \"tier\": \"Regional\"\r\n      }\r\n    },\r\n    {\r\n      \"name\": \"ps-azure-env\",\r\n      \"id\": \"/subscriptions/947d47b4-7883-4bb9-9d85-c5e8e2f572ce/resourceGroups/deploy-vm/providers/Microsoft.Network/publicIPAddresses/ps-azure-env\",\r\n      \"etag\": \"W/\\\"740f787e-e91a-4b72-99f7-f453b19dfebd\\\"\",\r\n      \"location\": \"westcentralus\",\r\n      \"properties\": {\r\n        \"provisioningState\": \"Succeeded\",\r\n        \"resourceGuid\": \"9887a17f-c5ad-4c70-ad2c-867efce43994\",\r\n        \"ipAddress\": \"13.78.135.212\",\r\n        \"publicIPAddressVersion\": \"IPv4\",\r\n        \"publicIPAllocationMethod\": \"Static\",\r\n        \"idleTimeoutInMinutes\": 4,\r\n        \"dnsSettings\": {\r\n          \"domainNameLabel\": \"ps-azure-env-6529a8\",\r\n          \"fqdn\": \"ps-azure-env-6529a8.westcentralus.cloudapp.azure.com\"\r\n        },\r\n        \"ipTags\": [],\r\n        \"ipConfiguration\": {\r\n          \"id\": \"/subscriptions/947d47b4-7883-4bb9-9d85-c5e8e2f572ce/resourceGroups/deploy-vm/providers/Microsoft.Network/networkInterfaces/ps-azure-env/ipConfigurations/ps-azure-env\"\r\n        }\r\n      },\r\n      \"type\": \"Microsoft.Network/publicIPAddresses\",\r\n      \"sku\": {\r\n        \"name\": \"Basic\",\r\n        \"tier\": \"Regional\"\r\n      }\r\n    },\r\n    {\r\n      \"name\": \"PublicIPAddressName\",\r\n      \"id\": \"/subscriptions/947d47b4-7883-4bb9-9d85-c5e8e2f572ce/resourceGroups/neg-test/providers/Microsoft.Network/publicIPAddresses/PublicIPAddressName\",\r\n      \"etag\": \"W/\\\"c8a1465b-1e83-4e85-9bfa-cd755396deff\\\"\",\r\n      \"location\": \"westcentralus\",\r\n      \"properties\": {\r\n        \"provisioningState\": \"Succeeded\",\r\n        \"resourceGuid\": \"c2168f6c-348c-4138-b69a-9652f7bc97b6\",\r\n        \"ipAddress\": \"13.77.204.135\",\r\n        \"publicIPAddressVersion\": \"IPv4\",\r\n        \"publicIPAllocationMethod\": \"Static\",\r\n        \"idleTimeoutInMinutes\": 4,\r\n        \"ipTags\": []\r\n      },\r\n      \"type\": \"Microsoft.Network/publicIPAddresses\",\r\n      \"sku\": {\r\n        \"name\": \"Basic\",\r\n        \"tier\": \"Regional\"\r\n      }\r\n    },\r\n    {\r\n      \"name\": \"ps2771\",\r\n      \"id\": \"/subscriptions/947d47b4-7883-4bb9-9d85-c5e8e2f572ce/resourceGroups/ps2331/providers/Microsoft.Network/publicIPAddresses/ps2771\",\r\n      \"etag\": \"W/\\\"c074f807-8e90-4445-898d-00bf3013471d\\\"\",\r\n      \"location\": \"westcentralus\",\r\n      \"properties\": {\r\n        \"provisioningState\": \"Succeeded\",\r\n        \"resourceGuid\": \"30403ac2-169c-4b05-b68c-50223b8d03bd\",\r\n        \"publicIPAddressVersion\": \"IPv4\",\r\n        \"publicIPAllocationMethod\": \"Dynamic\",\r\n        \"idleTimeoutInMinutes\": 4,\r\n        \"dnsSettings\": {\r\n          \"domainNameLabel\": \"ps2982\",\r\n          \"fqdn\": \"ps2982.westcentralus.cloudapp.azure.com\"\r\n        },\r\n        \"ipTags\": []\r\n      },\r\n      \"type\": \"Microsoft.Network/publicIPAddresses\",\r\n      \"sku\": {\r\n        \"name\": \"Basic\",\r\n        \"tier\": \"Regional\"\r\n      }\r\n    },\r\n    {\r\n      \"name\": \"psnrp8084-ip\",\r\n      \"id\": \"/subscriptions/947d47b4-7883-4bb9-9d85-c5e8e2f572ce/resourceGroups/psnrp4630/providers/Microsoft.Network/publicIPAddresses/psnrp8084-ip\",\r\n      \"etag\": \"W/\\\"b9e5ea86-7c3f-48a4-b04f-41c9310f18ec\\\"\",\r\n      \"location\": \"westcentralus\",\r\n      \"properties\": {\r\n        \"provisioningState\": \"Succeeded\",\r\n        \"resourceGuid\": \"9b9e57bd-7d92-454c-97b2-c503eb749340\",\r\n        \"ipAddress\": \"13.78.131.80\",\r\n        \"publicIPAddressVersion\": \"IPv4\",\r\n        \"publicIPAllocationMethod\": \"Dynamic\",\r\n        \"idleTimeoutInMinutes\": 4,\r\n        \"ipTags\": [],\r\n        \"ipConfiguration\": {\r\n          \"id\": \"/subscriptions/947d47b4-7883-4bb9-9d85-c5e8e2f572ce/resourceGroups/psnrp4630/providers/Microsoft.Network/networkInterfaces/psnrp8243/ipConfigurations/ipconfig1\"\r\n        }\r\n      },\r\n      \"type\": \"Microsoft.Network/publicIPAddresses\",\r\n      \"sku\": {\r\n        \"name\": \"Basic\",\r\n        \"tier\": \"Regional\"\r\n      }\r\n    },\r\n    {\r\n      \"name\": \"PIPNAME\",\r\n      \"id\": \"/subscriptions/947d47b4-7883-4bb9-9d85-c5e8e2f572ce/resourceGroups/rg1/providers/Microsoft.Network/publicIPAddresses/PIPNAME\",\r\n      \"etag\": \"W/\\\"5a3aa07c-dd7b-4145-8b92-eee880489448\\\"\",\r\n      \"location\": \"westcentralus\",\r\n      \"properties\": {\r\n        \"provisioningState\": \"Succeeded\",\r\n        \"resourceGuid\": \"a6d2eee3-e9e7-4daa-b844-4ca63e2734b1\",\r\n        \"ipAddress\": \"52.159.17.136\",\r\n        \"publicIPAddressVersion\": \"IPv4\",\r\n        \"publicIPAllocationMethod\": \"Static\",\r\n        \"idleTimeoutInMinutes\": 4,\r\n        \"ipTags\": []\r\n      },\r\n      \"type\": \"Microsoft.Network/publicIPAddresses\",\r\n      \"sku\": {\r\n        \"name\": \"Standard\",\r\n        \"tier\": \"Regional\"\r\n      }\r\n    },\r\n    {\r\n      \"name\": \"test\",\r\n      \"id\": \"/subscriptions/947d47b4-7883-4bb9-9d85-c5e8e2f572ce/resourceGroups/test-conn/providers/Microsoft.Network/publicIPAddresses/test\",\r\n      \"etag\": \"W/\\\"bf2744c9-7065-4765-b0b1-bbc33f0ed37c\\\"\",\r\n      \"location\": \"westcentralus\",\r\n      \"properties\": {\r\n        \"provisioningState\": \"Succeeded\",\r\n        \"resourceGuid\": \"6ca75d0d-9e21-4851-9e62-5a73b17d25d9\",\r\n        \"ipAddress\": \"13.77.207.131\",\r\n        \"publicIPAddressVersion\": \"IPv4\",\r\n        \"publicIPAllocationMethod\": \"Dynamic\",\r\n        \"idleTimeoutInMinutes\": 4,\r\n        \"ipTags\": [],\r\n        \"ipConfiguration\": {\r\n          \"id\": \"/subscriptions/947d47b4-7883-4bb9-9d85-c5e8e2f572ce/resourceGroups/test-conn/providers/Microsoft.Network/virtualNetworkGateways/ConnectionTest1/ipConfigurations/default\"\r\n        }\r\n      },\r\n      \"type\": \"Microsoft.Network/publicIPAddresses\",\r\n      \"sku\": {\r\n        \"name\": \"Basic\",\r\n        \"tier\": \"Regional\"\r\n      }\r\n    },\r\n    {\r\n      \"name\": \"testip\",\r\n      \"id\": \"/subscriptions/947d47b4-7883-4bb9-9d85-c5e8e2f572ce/resourceGroups/test-conn/providers/Microsoft.Network/publicIPAddresses/testip\",\r\n      \"etag\": \"W/\\\"15d0a037-daf7-4866-94ec-1fab8ade5ebf\\\"\",\r\n      \"location\": \"westcentralus\",\r\n      \"properties\": {\r\n        \"provisioningState\": \"Succeeded\",\r\n        \"resourceGuid\": \"279061fb-ed06-47ab-90fc-438a4b7f67b1\",\r\n        \"publicIPAddressVersion\": \"IPv4\",\r\n        \"publicIPAllocationMethod\": \"Dynamic\",\r\n        \"idleTimeoutInMinutes\": 4,\r\n        \"ipTags\": []\r\n      },\r\n      \"type\": \"Microsoft.Network/publicIPAddresses\",\r\n      \"sku\": {\r\n        \"name\": \"Basic\",\r\n        \"tier\": \"Regional\"\r\n      }\r\n    },\r\n    {\r\n      \"name\": \"effectiveTest-ip\",\r\n      \"id\": \"/subscriptions/947d47b4-7883-4bb9-9d85-c5e8e2f572ce/resourceGroups/v-anevse/providers/Microsoft.Network/publicIPAddresses/effectiveTest-ip\",\r\n      \"etag\": \"W/\\\"3de195ca-209e-47ed-982e-f3b0b6340725\\\"\",\r\n      \"location\": \"westcentralus\",\r\n      \"properties\": {\r\n        \"provisioningState\": \"Succeeded\",\r\n        \"resourceGuid\": \"8d820c6f-794b-4dcc-9ef5-3846670f8133\",\r\n        \"publicIPAddressVersion\": \"IPv4\",\r\n        \"publicIPAllocationMethod\": \"Dynamic\",\r\n        \"idleTimeoutInMinutes\": 4,\r\n        \"ipTags\": [],\r\n        \"ipConfiguration\": {\r\n          \"id\": \"/subscriptions/947d47b4-7883-4bb9-9d85-c5e8e2f572ce/resourceGroups/v-anevse/providers/Microsoft.Network/networkInterfaces/effectivetest55/ipConfigurations/ipconfig1\"\r\n        }\r\n      },\r\n      \"type\": \"Microsoft.Network/publicIPAddresses\",\r\n      \"sku\": {\r\n        \"name\": \"Basic\",\r\n        \"tier\": \"Regional\"\r\n      }\r\n    },\r\n    {\r\n      \"name\": \"test-ip\",\r\n      \"id\": \"/subscriptions/947d47b4-7883-4bb9-9d85-c5e8e2f572ce/resourceGroups/v-anevse/providers/Microsoft.Network/publicIPAddresses/test-ip\",\r\n      \"etag\": \"W/\\\"5026d32e-8add-40c0-8b0d-80645a1cebe4\\\"\",\r\n      \"location\": \"westcentralus\",\r\n      \"properties\": {\r\n        \"provisioningState\": \"Succeeded\",\r\n        \"resourceGuid\": \"69ed6f4b-fa1a-41b7-b6ca-66d04e52b5ed\",\r\n        \"publicIPAddressVersion\": \"IPv4\",\r\n        \"publicIPAllocationMethod\": \"Dynamic\",\r\n        \"idleTimeoutInMinutes\": 4,\r\n        \"ipTags\": []\r\n      },\r\n      \"type\": \"Microsoft.Network/publicIPAddresses\",\r\n      \"sku\": {\r\n        \"name\": \"Basic\",\r\n        \"tier\": \"Regional\"\r\n      }\r\n    },\r\n    {\r\n      \"name\": \"test-tap\",\r\n      \"id\": \"/subscriptions/947d47b4-7883-4bb9-9d85-c5e8e2f572ce/resourceGroups/v-anevse/providers/Microsoft.Network/publicIPAddresses/test-tap\",\r\n      \"etag\": \"W/\\\"0ebb9e0a-44e7-460c-9cc7-d4540bb5610b\\\"\",\r\n      \"location\": \"westcentralus\",\r\n      \"properties\": {\r\n        \"provisioningState\": \"Succeeded\",\r\n        \"resourceGuid\": \"fb31050e-898e-4807-804c-882358fd091c\",\r\n        \"ipAddress\": \"52.159.18.45\",\r\n        \"publicIPAddressVersion\": \"IPv4\",\r\n        \"publicIPAllocationMethod\": \"Static\",\r\n        \"idleTimeoutInMinutes\": 4,\r\n        \"ipTags\": [],\r\n        \"ipConfiguration\": {\r\n          \"id\": \"/subscriptions/947d47b4-7883-4bb9-9d85-c5e8e2f572ce/resourceGroups/v-anevse/providers/Microsoft.Network/networkInterfaces/test-tap/ipConfigurations/ipconfig1\"\r\n        }\r\n      },\r\n      \"type\": \"Microsoft.Network/publicIPAddresses\",\r\n      \"sku\": {\r\n        \"name\": \"Standard\",\r\n        \"tier\": \"Regional\"\r\n      }\r\n    },\r\n    {\r\n      \"name\": \"shared-ip\",\r\n      \"id\": \"/subscriptions/947d47b4-7883-4bb9-9d85-c5e8e2f572ce/resourceGroups/vmshare/providers/Microsoft.Network/publicIPAddresses/shared-ip\",\r\n      \"etag\": \"W/\\\"1bfb9701-bb28-456a-8349-2bba4cfd9d29\\\"\",\r\n      \"location\": \"westcentralus\",\r\n      \"properties\": {\r\n        \"provisioningState\": \"Succeeded\",\r\n        \"resourceGuid\": \"de75aeb4-23fe-400b-810f-67ca94ce54c1\",\r\n        \"ipAddress\": \"13.78.162.102\",\r\n        \"publicIPAddressVersion\": \"IPv4\",\r\n        \"publicIPAllocationMethod\": \"Dynamic\",\r\n        \"idleTimeoutInMinutes\": 4,\r\n        \"ipTags\": [],\r\n        \"ipConfiguration\": {\r\n          \"id\": \"/subscriptions/947d47b4-7883-4bb9-9d85-c5e8e2f572ce/resourceGroups/vmshare/providers/Microsoft.Network/networkInterfaces/shared640/ipConfigurations/ipconfig1\"\r\n        }\r\n      },\r\n      \"type\": \"Microsoft.Network/publicIPAddresses\",\r\n      \"sku\": {\r\n        \"name\": \"Basic\",\r\n        \"tier\": \"Regional\"\r\n      }\r\n    },\r\n    {\r\n      \"name\": \"gw1ip1\",\r\n      \"id\": \"/subscriptions/947d47b4-7883-4bb9-9d85-c5e8e2f572ce/resourceGroups/cli_test_active_active_vnet_vnet_connection3xdzydkk6vsns3bt56lsizkigeffhuzn/providers/Microsoft.Network/publicIPAddresses/gw1ip1\",\r\n      \"etag\": \"W/\\\"c57806ac-34ea-47b7-8a27-d1dafb6ecf06\\\"\",\r\n      \"location\": \"westus\",\r\n      \"properties\": {\r\n        \"provisioningState\": \"Succeeded\",\r\n        \"resourceGuid\": \"e329b52a-10f9-4a3e-9285-c6925c21da9e\",\r\n        \"ipAddress\": \"23.101.82.1\",\r\n        \"publicIPAddressVersion\": \"IPv4\",\r\n        \"publicIPAllocationMethod\": \"Dynamic\",\r\n        \"idleTimeoutInMinutes\": 4,\r\n        \"ipTags\": [],\r\n        \"ipConfiguration\": {\r\n          \"id\": \"/subscriptions/947d47b4-7883-4bb9-9d85-c5e8e2f572ce/resourceGroups/cli_test_active_active_vnet_vnet_connection3xdzydkk6vsns3bt56lsizkigeffhuzn/providers/Microsoft.Network/virtualNetworkGateways/vgw1/ipConfigurations/vnetGatewayConfig0\"\r\n        }\r\n      },\r\n      \"type\": \"Microsoft.Network/publicIPAddresses\",\r\n      \"sku\": {\r\n        \"name\": \"Basic\",\r\n        \"tier\": \"Regional\"\r\n      }\r\n    },\r\n    {\r\n      \"name\": \"gw1ip2\",\r\n      \"id\": \"/subscriptions/947d47b4-7883-4bb9-9d85-c5e8e2f572ce/resourceGroups/cli_test_active_active_vnet_vnet_connection3xdzydkk6vsns3bt56lsizkigeffhuzn/providers/Microsoft.Network/publicIPAddresses/gw1ip2\",\r\n      \"etag\": \"W/\\\"481a4dfa-f9d8-447a-bd72-47ab0555bd30\\\"\",\r\n      \"location\": \"westus\",\r\n      \"properties\": {\r\n        \"provisioningState\": \"Succeeded\",\r\n        \"resourceGuid\": \"6f65002a-d6fe-4d02-8f95-a01f5b3a4a04\",\r\n        \"ipAddress\": \"23.101.82.156\",\r\n        \"publicIPAddressVersion\": \"IPv4\",\r\n        \"publicIPAllocationMethod\": \"Dynamic\",\r\n        \"idleTimeoutInMinutes\": 4,\r\n        \"ipTags\": [],\r\n        \"ipConfiguration\": {\r\n          \"id\": \"/subscriptions/947d47b4-7883-4bb9-9d85-c5e8e2f572ce/resourceGroups/cli_test_active_active_vnet_vnet_connection3xdzydkk6vsns3bt56lsizkigeffhuzn/providers/Microsoft.Network/virtualNetworkGateways/vgw1/ipConfigurations/vnetGatewayConfig1\"\r\n        }\r\n      },\r\n      \"type\": \"Microsoft.Network/publicIPAddresses\",\r\n      \"sku\": {\r\n        \"name\": \"Basic\",\r\n        \"tier\": \"Regional\"\r\n      }\r\n    },\r\n    {\r\n      \"name\": \"gw2ip1\",\r\n      \"id\": \"/subscriptions/947d47b4-7883-4bb9-9d85-c5e8e2f572ce/resourceGroups/cli_test_active_active_vnet_vnet_connection3xdzydkk6vsns3bt56lsizkigeffhuzn/providers/Microsoft.Network/publicIPAddresses/gw2ip1\",\r\n      \"etag\": \"W/\\\"61506743-9c17-469e-bda2-381abc6ee74d\\\"\",\r\n      \"location\": \"westus\",\r\n      \"properties\": {\r\n        \"provisioningState\": \"Succeeded\",\r\n        \"resourceGuid\": \"c6ea383a-4fe3-4fed-807c-d1f7d471955b\",\r\n        \"ipAddress\": \"23.101.80.72\",\r\n        \"publicIPAddressVersion\": \"IPv4\",\r\n        \"publicIPAllocationMethod\": \"Dynamic\",\r\n        \"idleTimeoutInMinutes\": 4,\r\n        \"ipTags\": [],\r\n        \"ipConfiguration\": {\r\n          \"id\": \"/subscriptions/947d47b4-7883-4bb9-9d85-c5e8e2f572ce/resourceGroups/cli_test_active_active_vnet_vnet_connection3xdzydkk6vsns3bt56lsizkigeffhuzn/providers/Microsoft.Network/virtualNetworkGateways/vgw2/ipConfigurations/vnetGatewayConfig0\"\r\n        }\r\n      },\r\n      \"type\": \"Microsoft.Network/publicIPAddresses\",\r\n      \"sku\": {\r\n        \"name\": \"Basic\",\r\n        \"tier\": \"Regional\"\r\n      }\r\n    },\r\n    {\r\n      \"name\": \"gw2ip2\",\r\n      \"id\": \"/subscriptions/947d47b4-7883-4bb9-9d85-c5e8e2f572ce/resourceGroups/cli_test_active_active_vnet_vnet_connection3xdzydkk6vsns3bt56lsizkigeffhuzn/providers/Microsoft.Network/publicIPAddresses/gw2ip2\",\r\n      \"etag\": \"W/\\\"df09ddbb-7844-444e-b194-d448754adb0e\\\"\",\r\n      \"location\": \"westus\",\r\n      \"properties\": {\r\n        \"provisioningState\": \"Succeeded\",\r\n        \"resourceGuid\": \"fa07b888-4123-4d06-83c6-f0f943bf3d45\",\r\n        \"ipAddress\": \"23.101.80.210\",\r\n        \"publicIPAddressVersion\": \"IPv4\",\r\n        \"publicIPAllocationMethod\": \"Dynamic\",\r\n        \"idleTimeoutInMinutes\": 4,\r\n        \"ipTags\": [],\r\n        \"ipConfiguration\": {\r\n          \"id\": \"/subscriptions/947d47b4-7883-4bb9-9d85-c5e8e2f572ce/resourceGroups/cli_test_active_active_vnet_vnet_connection3xdzydkk6vsns3bt56lsizkigeffhuzn/providers/Microsoft.Network/virtualNetworkGateways/vgw2/ipConfigurations/vnetGatewayConfig1\"\r\n        }\r\n      },\r\n      \"type\": \"Microsoft.Network/publicIPAddresses\",\r\n      \"sku\": {\r\n        \"name\": \"Basic\",\r\n        \"tier\": \"Regional\"\r\n      }\r\n    },\r\n    {\r\n      \"name\": \"pip1\",\r\n      \"id\": \"/subscriptions/947d47b4-7883-4bb9-9d85-c5e8e2f572ce/resourceGroups/cli_test_vpn_connection_ipsecpluynalmfyyorqjnkquvsekkb3k3ue2vlf7ux3b2ve52uc/providers/Microsoft.Network/publicIPAddresses/pip1\",\r\n      \"etag\": \"W/\\\"8acba8fa-e8dd-4052-96e8-cdc9b1c0b825\\\"\",\r\n      \"location\": \"westus\",\r\n      \"properties\": {\r\n        \"provisioningState\": \"Succeeded\",\r\n        \"resourceGuid\": \"79fe0162-6208-4121-b4e8-863270457cc2\",\r\n        \"ipAddress\": \"23.101.80.110\",\r\n        \"publicIPAddressVersion\": \"IPv4\",\r\n        \"publicIPAllocationMethod\": \"Dynamic\",\r\n        \"idleTimeoutInMinutes\": 4,\r\n        \"ipTags\": [],\r\n        \"ipConfiguration\": {\r\n          \"id\": \"/subscriptions/947d47b4-7883-4bb9-9d85-c5e8e2f572ce/resourceGroups/cli_test_vpn_connection_ipsecpluynalmfyyorqjnkquvsekkb3k3ue2vlf7ux3b2ve52uc/providers/Microsoft.Network/virtualNetworkGateways/gw1/ipConfigurations/vnetGatewayConfig0\"\r\n        }\r\n      },\r\n      \"type\": \"Microsoft.Network/publicIPAddresses\",\r\n      \"sku\": {\r\n        \"name\": \"Basic\",\r\n        \"tier\": \"Regional\"\r\n      }\r\n    },\r\n    {\r\n      \"name\": \"pubip1\",\r\n      \"id\": \"/subscriptions/947d47b4-7883-4bb9-9d85-c5e8e2f572ce/resourceGroups/cli_test_vpn_gatewayujft4rihdho25kldlho3eshwnvuhr6xielfxq73n75ccs6wffm2j3ex/providers/Microsoft.Network/publicIPAddresses/pubip1\",\r\n      \"etag\": \"W/\\\"5d292d52-af04-4652-808c-3dee81b5d9b5\\\"\",\r\n      \"location\": \"westus\",\r\n      \"properties\": {\r\n        \"provisioningState\": \"Succeeded\",\r\n        \"resourceGuid\": \"a5013b4f-730f-4477-b0d3-7454ce988122\",\r\n        \"ipAddress\": \"23.101.81.201\",\r\n        \"publicIPAddressVersion\": \"IPv4\",\r\n        \"publicIPAllocationMethod\": \"Dynamic\",\r\n        \"idleTimeoutInMinutes\": 4,\r\n        \"ipTags\": [],\r\n        \"ipConfiguration\": {\r\n          \"id\": \"/subscriptions/947d47b4-7883-4bb9-9d85-c5e8e2f572ce/resourceGroups/cli_test_vpn_gatewayujft4rihdho25kldlho3eshwnvuhr6xielfxq73n75ccs6wffm2j3ex/providers/Microsoft.Network/virtualNetworkGateways/gateway1/ipConfigurations/vnetGatewayConfig0\"\r\n        }\r\n      },\r\n      \"type\": \"Microsoft.Network/publicIPAddresses\",\r\n      \"sku\": {\r\n        \"name\": \"Basic\",\r\n        \"tier\": \"Regional\"\r\n      }\r\n    },\r\n    {\r\n      \"name\": \"pubip2\",\r\n      \"id\": \"/subscriptions/947d47b4-7883-4bb9-9d85-c5e8e2f572ce/resourceGroups/cli_test_vpn_gatewayujft4rihdho25kldlho3eshwnvuhr6xielfxq73n75ccs6wffm2j3ex/providers/Microsoft.Network/publicIPAddresses/pubip2\",\r\n      \"etag\": \"W/\\\"5da7e862-5244-45d2-a873-c9bcd509fdac\\\"\",\r\n      \"location\": \"westus\",\r\n      \"properties\": {\r\n        \"provisioningState\": \"Succeeded\",\r\n        \"resourceGuid\": \"4485e98f-7049-4be5-b791-4503cd2eb86e\",\r\n        \"ipAddress\": \"23.101.82.118\",\r\n        \"publicIPAddressVersion\": \"IPv4\",\r\n        \"publicIPAllocationMethod\": \"Dynamic\",\r\n        \"idleTimeoutInMinutes\": 4,\r\n        \"ipTags\": [],\r\n        \"ipConfiguration\": {\r\n          \"id\": \"/subscriptions/947d47b4-7883-4bb9-9d85-c5e8e2f572ce/resourceGroups/cli_test_vpn_gatewayujft4rihdho25kldlho3eshwnvuhr6xielfxq73n75ccs6wffm2j3ex/providers/Microsoft.Network/virtualNetworkGateways/gateway2/ipConfigurations/vnetGatewayConfig0\"\r\n        }\r\n      },\r\n      \"type\": \"Microsoft.Network/publicIPAddresses\",\r\n      \"sku\": {\r\n        \"name\": \"Basic\",\r\n        \"tier\": \"Regional\"\r\n      }\r\n    },\r\n    {\r\n      \"name\": \"pubip3\",\r\n      \"id\": \"/subscriptions/947d47b4-7883-4bb9-9d85-c5e8e2f572ce/resourceGroups/cli_test_vpn_gatewayujft4rihdho25kldlho3eshwnvuhr6xielfxq73n75ccs6wffm2j3ex/providers/Microsoft.Network/publicIPAddresses/pubip3\",\r\n      \"etag\": \"W/\\\"03a88de0-ae49-4472-a8ae-ce89e6c86b6e\\\"\",\r\n      \"location\": \"westus\",\r\n      \"properties\": {\r\n        \"provisioningState\": \"Succeeded\",\r\n        \"resourceGuid\": \"83e210fe-5468-4f86-b639-f8437c40b016\",\r\n        \"ipAddress\": \"23.101.82.135\",\r\n        \"publicIPAddressVersion\": \"IPv4\",\r\n        \"publicIPAllocationMethod\": \"Dynamic\",\r\n        \"idleTimeoutInMinutes\": 4,\r\n        \"ipTags\": [],\r\n        \"ipConfiguration\": {\r\n          \"id\": \"/subscriptions/947d47b4-7883-4bb9-9d85-c5e8e2f572ce/resourceGroups/cli_test_vpn_gatewayujft4rihdho25kldlho3eshwnvuhr6xielfxq73n75ccs6wffm2j3ex/providers/Microsoft.Network/virtualNetworkGateways/gateway3/ipConfigurations/vnetGatewayConfig0\"\r\n        }\r\n      },\r\n      \"type\": \"Microsoft.Network/publicIPAddresses\",\r\n      \"sku\": {\r\n        \"name\": \"Basic\",\r\n        \"tier\": \"Regional\"\r\n      }\r\n    },\r\n    {\r\n      \"name\": \"PublicIpAddress1\",\r\n      \"id\": \"/subscriptions/947d47b4-7883-4bb9-9d85-c5e8e2f572ce/resourceGroups/rg1/providers/Microsoft.Network/publicIPAddresses/PublicIpAddress1\",\r\n      \"etag\": \"W/\\\"c68958b6-f955-445a-bdde-27c9392c9ecf\\\"\",\r\n      \"location\": \"westus\",\r\n      \"properties\": {\r\n        \"provisioningState\": \"Succeeded\",\r\n        \"resourceGuid\": \"a88a5e3b-af57-4f4c-ace9-ac02a6c0851c\",\r\n        \"ipAddress\": \"23.101.84.49\",\r\n        \"publicIPAddressVersion\": \"IPv4\",\r\n        \"publicIPAllocationMethod\": \"Static\",\r\n        \"idleTimeoutInMinutes\": 4,\r\n        \"ipTags\": []\r\n      },\r\n      \"type\": \"Microsoft.Network/publicIPAddresses\",\r\n      \"sku\": {\r\n        \"name\": \"Standard\",\r\n        \"tier\": \"Regional\"\r\n      }\r\n    },\r\n    {\r\n      \"name\": \"ps8179\",\r\n      \"id\": \"/subscriptions/947d47b4-7883-4bb9-9d85-c5e8e2f572ce/resourceGroups/ps1538/providers/Microsoft.Network/publicIPAddresses/ps8179\",\r\n      \"etag\": \"W/\\\"595bcb1e-04c7-4532-8abb-862716fd92c9\\\"\",\r\n      \"location\": \"eastus2euap\",\r\n      \"properties\": {\r\n        \"provisioningState\": \"Succeeded\",\r\n        \"resourceGuid\": \"a5e362e2-68f1-48e8-8183-9467daf205ff\",\r\n        \"publicIPAddressVersion\": \"IPv4\",\r\n        \"publicIPAllocationMethod\": \"Dynamic\",\r\n        \"idleTimeoutInMinutes\": 4,\r\n        \"dnsSettings\": {\r\n          \"domainNameLabel\": \"ps2234\",\r\n          \"fqdn\": \"ps2234.eastus2euap.cloudapp.azure.com\"\r\n        },\r\n        \"ipTags\": []\r\n      },\r\n      \"type\": \"Microsoft.Network/publicIPAddresses\",\r\n      \"sku\": {\r\n        \"name\": \"Basic\",\r\n        \"tier\": \"Regional\"\r\n      }\r\n    },\r\n    {\r\n      \"name\": \"ps4434\",\r\n      \"id\": \"/subscriptions/947d47b4-7883-4bb9-9d85-c5e8e2f572ce/resourceGroups/ps1862/providers/Microsoft.Network/publicIPAddresses/ps4434\",\r\n      \"etag\": \"W/\\\"3faf81fd-f1fb-4488-b279-a51fd2435f2a\\\"\",\r\n      \"location\": \"eastus2euap\",\r\n      \"properties\": {\r\n        \"provisioningState\": \"Succeeded\",\r\n        \"resourceGuid\": \"c6e8be9e-651d-4ba0-9854-b88addab1511\",\r\n        \"publicIPAddressVersion\": \"IPv4\",\r\n        \"publicIPAllocationMethod\": \"Dynamic\",\r\n        \"idleTimeoutInMinutes\": 4,\r\n        \"dnsSettings\": {\r\n          \"domainNameLabel\": \"ps3939\",\r\n          \"fqdn\": \"ps3939.eastus2euap.cloudapp.azure.com\"\r\n        },\r\n        \"ipTags\": [],\r\n        \"ipConfiguration\": {\r\n          \"id\": \"/subscriptions/947d47b4-7883-4bb9-9d85-c5e8e2f572ce/resourceGroups/ps1862/providers/Microsoft.Network/networkInterfaces/ps5558/ipConfigurations/ipconfig1\"\r\n        }\r\n      },\r\n      \"type\": \"Microsoft.Network/publicIPAddresses\",\r\n      \"sku\": {\r\n        \"name\": \"Basic\",\r\n        \"tier\": \"Regional\"\r\n      }\r\n    },\r\n    {\r\n      \"name\": \"ps3290\",\r\n      \"id\": \"/subscriptions/947d47b4-7883-4bb9-9d85-c5e8e2f572ce/resourceGroups/ps5374/providers/Microsoft.Network/publicIPAddresses/ps3290\",\r\n      \"etag\": \"W/\\\"8276f275-12e8-4b7b-b179-e3c529f8825e\\\"\",\r\n      \"location\": \"eastus2euap\",\r\n      \"properties\": {\r\n        \"provisioningState\": \"Succeeded\",\r\n        \"resourceGuid\": \"6ee05e47-13c2-4edb-9373-4cceb677538a\",\r\n        \"publicIPAddressVersion\": \"IPv4\",\r\n        \"publicIPAllocationMethod\": \"Dynamic\",\r\n        \"idleTimeoutInMinutes\": 4,\r\n        \"dnsSettings\": {\r\n          \"domainNameLabel\": \"ps7367\",\r\n          \"fqdn\": \"ps7367.eastus2euap.cloudapp.azure.com\"\r\n        },\r\n        \"ipTags\": []\r\n      },\r\n      \"type\": \"Microsoft.Network/publicIPAddresses\",\r\n      \"sku\": {\r\n        \"name\": \"Basic\",\r\n        \"tier\": \"Regional\"\r\n      }\r\n    },\r\n    {\r\n      \"name\": \"ps4328\",\r\n      \"id\": \"/subscriptions/947d47b4-7883-4bb9-9d85-c5e8e2f572ce/resourceGroups/ps5374/providers/Microsoft.Network/publicIPAddresses/ps4328\",\r\n      \"etag\": \"W/\\\"c00e4e46-940f-4091-b607-1075bfc779a5\\\"\",\r\n      \"location\": \"eastus2euap\",\r\n      \"properties\": {\r\n        \"provisioningState\": \"Succeeded\",\r\n        \"resourceGuid\": \"c2e07985-7aaf-4ceb-876c-aa013e4ba15d\",\r\n        \"publicIPAddressVersion\": \"IPv4\",\r\n        \"publicIPAllocationMethod\": \"Dynamic\",\r\n        \"idleTimeoutInMinutes\": 4,\r\n        \"dnsSettings\": {\r\n          \"domainNameLabel\": \"ps7083\",\r\n          \"fqdn\": \"ps7083.eastus2euap.cloudapp.azure.com\"\r\n        },\r\n        \"ipTags\": [],\r\n        \"ipConfiguration\": {\r\n          \"id\": \"/subscriptions/947d47b4-7883-4bb9-9d85-c5e8e2f572ce/resourceGroups/ps5374/providers/Microsoft.Network/networkInterfaces/ps2857/ipConfigurations/ipconfig1\"\r\n        }\r\n      },\r\n      \"type\": \"Microsoft.Network/publicIPAddresses\",\r\n      \"sku\": {\r\n        \"name\": \"Basic\",\r\n        \"tier\": \"Regional\"\r\n      }\r\n    },\r\n    {\r\n      \"name\": \"vm1-ip\",\r\n      \"id\": \"/subscriptions/947d47b4-7883-4bb9-9d85-c5e8e2f572ce/resourceGroups/testnrp201901310001vs/providers/Microsoft.Network/publicIPAddresses/vm1-ip\",\r\n      \"etag\": \"W/\\\"6ef92a2b-03b6-46a5-9b43-10bc7fa87b1a\\\"\",\r\n      \"location\": \"eastus2euap\",\r\n      \"tags\": {},\r\n      \"properties\": {\r\n        \"provisioningState\": \"Succeeded\",\r\n        \"resourceGuid\": \"cecdd058-be01-46f8-b60d-10067504ddc8\",\r\n        \"ipAddress\": \"52.225.188.17\",\r\n        \"publicIPAddressVersion\": \"IPv4\",\r\n        \"publicIPAllocationMethod\": \"Dynamic\",\r\n        \"idleTimeoutInMinutes\": 4,\r\n        \"ipTags\": [],\r\n        \"ipConfiguration\": {\r\n          \"id\": \"/subscriptions/947d47b4-7883-4bb9-9d85-c5e8e2f572ce/resourceGroups/testnrp201901310001vs/providers/Microsoft.Network/networkInterfaces/vm1675/ipConfigurations/ipconfig1\"\r\n        }\r\n      },\r\n      \"type\": \"Microsoft.Network/publicIPAddresses\",\r\n      \"sku\": {\r\n        \"name\": \"Basic\",\r\n        \"tier\": \"Regional\"\r\n      }\r\n    }\r\n  ]\r\n}",
      "StatusCode": 200
    },
    {
      "RequestUri": "/subscriptions/947d47b4-7883-4bb9-9d85-c5e8e2f572ce/providers/Microsoft.Network/publicIPAddresses?api-version=2019-08-01",
      "EncodedRequestUri": "L3N1YnNjcmlwdGlvbnMvOTQ3ZDQ3YjQtNzg4My00YmI5LTlkODUtYzVlOGUyZjU3MmNlL3Byb3ZpZGVycy9NaWNyb3NvZnQuTmV0d29yay9wdWJsaWNJUEFkZHJlc3Nlcz9hcGktdmVyc2lvbj0yMDE5LTA4LTAx",
      "RequestMethod": "GET",
      "RequestBody": "",
      "RequestHeaders": {
        "x-ms-client-request-id": [
          "e4f56bd5-462d-4e6d-b260-7b72641c04f8"
        ],
        "accept-language": [
          "en-US"
        ],
        "User-Agent": [
          "FxVersion/4.6.26614.01",
          "OSName/Windows",
          "OSVersion/Microsoft.Windows.10.0.14393.",
          "Microsoft.Azure.Management.Network.NetworkManagementClient/20.0.0.0"
        ]
      },
      "ResponseHeaders": {
        "Cache-Control": [
          "no-cache"
        ],
        "Date": [
          "Thu, 19 Sep 2019 02:10:07 GMT"
        ],
        "Pragma": [
          "no-cache"
        ],
        "x-ms-original-request-ids": [
          "03ad0b58-dd38-4def-8867-f0f49e71e12a",
          "4510d1f1-468f-4ff6-bd6a-85c37c809718",
          "bc04ffc8-30ac-4206-8e33-39bf0a9c70cd",
          "3ababe73-2d6d-4283-bf5f-7c4ea27308e8",
          "0cf65227-9653-4f3e-b008-9db98fd273d5"
        ],
        "x-ms-ratelimit-remaining-subscription-reads": [
          "11998"
        ],
        "x-ms-request-id": [
          "4cbba2ad-3fa4-4ca5-9b74-caebbedeec72"
        ],
        "x-ms-correlation-request-id": [
          "4cbba2ad-3fa4-4ca5-9b74-caebbedeec72"
        ],
        "x-ms-routing-request-id": [
          "CENTRALUS:20190919T021008Z:4cbba2ad-3fa4-4ca5-9b74-caebbedeec72"
        ],
        "Strict-Transport-Security": [
          "max-age=31536000; includeSubDomains"
        ],
        "X-Content-Type-Options": [
          "nosniff"
        ],
        "Content-Length": [
          "24766"
        ],
        "Content-Type": [
          "application/json; charset=utf-8"
        ],
        "Expires": [
          "-1"
        ]
      },
      "ResponseBody": "{\r\n  \"value\": [\r\n    {\r\n      \"name\": \"vmss-pip\",\r\n      \"id\": \"/subscriptions/947d47b4-7883-4bb9-9d85-c5e8e2f572ce/resourceGroups/restler-vmss/providers/Microsoft.Network/publicIPAddresses/vmss-pip\",\r\n      \"etag\": \"W/\\\"548b1f77-2923-4d10-8dcb-6c925fc775ff\\\"\",\r\n      \"location\": \"eastus\",\r\n      \"properties\": {\r\n        \"provisioningState\": \"Succeeded\",\r\n        \"resourceGuid\": \"f8ce2101-53bf-4a5a-bc97-4067ce127246\",\r\n        \"ipAddress\": \"52.224.150.184\",\r\n        \"publicIPAddressVersion\": \"IPv4\",\r\n        \"publicIPAllocationMethod\": \"Static\",\r\n        \"idleTimeoutInMinutes\": 4,\r\n        \"dnsSettings\": {\r\n          \"domainNameLabel\": \"restler-vmss\",\r\n          \"fqdn\": \"restler-vmss.eastus.cloudapp.azure.com\"\r\n        },\r\n        \"ipTags\": [],\r\n        \"ipConfiguration\": {\r\n          \"id\": \"/subscriptions/947d47b4-7883-4bb9-9d85-c5e8e2f572ce/resourceGroups/restler-vmss/providers/Microsoft.Network/loadBalancers/restlerVmsslb/frontendIPConfigurations/LoadBalancerFrontEnd\"\r\n        }\r\n      },\r\n      \"type\": \"Microsoft.Network/publicIPAddresses\",\r\n      \"sku\": {\r\n        \"name\": \"Standard\",\r\n        \"tier\": \"Regional\"\r\n      }\r\n    },\r\n    {\r\n      \"name\": \"APPGWPIP\",\r\n      \"id\": \"/subscriptions/947d47b4-7883-4bb9-9d85-c5e8e2f572ce/resourceGroups/rg1/providers/Microsoft.Network/publicIPAddresses/APPGWPIP\",\r\n      \"etag\": \"W/\\\"785c51bc-1b9b-4663-9575-0c9d7f9dcb0d\\\"\",\r\n      \"location\": \"eastus\",\r\n      \"properties\": {\r\n        \"provisioningState\": \"Succeeded\",\r\n        \"resourceGuid\": \"dbe48af4-c03b-45d0-b102-a8e3b2a56aab\",\r\n        \"ipAddress\": \"52.191.238.190\",\r\n        \"publicIPAddressVersion\": \"IPv4\",\r\n        \"publicIPAllocationMethod\": \"Static\",\r\n        \"idleTimeoutInMinutes\": 4,\r\n        \"ipTags\": []\r\n      },\r\n      \"type\": \"Microsoft.Network/publicIPAddresses\",\r\n      \"sku\": {\r\n        \"name\": \"Standard\",\r\n        \"tier\": \"Regional\"\r\n      }\r\n    },\r\n    {\r\n      \"name\": \"test-ip\",\r\n      \"id\": \"/subscriptions/947d47b4-7883-4bb9-9d85-c5e8e2f572ce/resourceGroups/rg1/providers/Microsoft.Network/publicIPAddresses/test-ip\",\r\n      \"etag\": \"W/\\\"094f41fc-d739-4f12-88d8-9477e7c081d0\\\"\",\r\n      \"location\": \"eastus\",\r\n      \"properties\": {\r\n        \"provisioningState\": \"Succeeded\",\r\n        \"resourceGuid\": \"e50cc1a4-1be2-4331-b77d-cfad8b0827a1\",\r\n        \"ipAddress\": \"52.190.26.9\",\r\n        \"publicIPAddressVersion\": \"IPv4\",\r\n        \"publicIPAllocationMethod\": \"Static\",\r\n        \"idleTimeoutInMinutes\": 4,\r\n        \"ipTags\": []\r\n      },\r\n      \"type\": \"Microsoft.Network/publicIPAddresses\",\r\n      \"sku\": {\r\n        \"name\": \"Standard\",\r\n        \"tier\": \"Regional\"\r\n      }\r\n    },\r\n    {\r\n      \"name\": \"vm1-ip\",\r\n      \"id\": \"/subscriptions/947d47b4-7883-4bb9-9d85-c5e8e2f572ce/resourceGroups/rg2/providers/Microsoft.Network/publicIPAddresses/vm1-ip\",\r\n      \"etag\": \"W/\\\"7b497660-375b-48f8-86bc-8ca044a6989a\\\"\",\r\n      \"location\": \"eastus\",\r\n      \"properties\": {\r\n        \"provisioningState\": \"Succeeded\",\r\n        \"resourceGuid\": \"c21aaea3-2b2b-492d-937f-041b27e6f554\",\r\n        \"ipAddress\": \"13.68.210.64\",\r\n        \"publicIPAddressVersion\": \"IPv4\",\r\n        \"publicIPAllocationMethod\": \"Dynamic\",\r\n        \"idleTimeoutInMinutes\": 4,\r\n        \"ipTags\": [],\r\n        \"ipConfiguration\": {\r\n          \"id\": \"/subscriptions/947d47b4-7883-4bb9-9d85-c5e8e2f572ce/resourceGroups/rg2/providers/Microsoft.Network/networkInterfaces/vm118/ipConfigurations/ipconfig1\"\r\n        }\r\n      },\r\n      \"type\": \"Microsoft.Network/publicIPAddresses\",\r\n      \"sku\": {\r\n        \"name\": \"Basic\",\r\n        \"tier\": \"Regional\"\r\n      }\r\n    },\r\n    {\r\n      \"name\": \"test-ip\",\r\n      \"id\": \"/subscriptions/947d47b4-7883-4bb9-9d85-c5e8e2f572ce/resourceGroups/testrg/providers/Microsoft.Network/publicIPAddresses/test-ip\",\r\n      \"etag\": \"W/\\\"f2cc96e6-4e73-49a7-8681-14dd488f9d90\\\"\",\r\n      \"location\": \"eastus\",\r\n      \"properties\": {\r\n        \"provisioningState\": \"Succeeded\",\r\n        \"resourceGuid\": \"d5337798-a46e-4daa-a5ab-fc5a22782d32\",\r\n        \"ipAddress\": \"52.249.201.97\",\r\n        \"publicIPAddressVersion\": \"IPv4\",\r\n        \"publicIPAllocationMethod\": \"Static\",\r\n        \"idleTimeoutInMinutes\": 4,\r\n        \"ipTags\": [],\r\n        \"ipConfiguration\": {\r\n          \"id\": \"/subscriptions/947d47b4-7883-4bb9-9d85-c5e8e2f572ce/resourceGroups/testrg/providers/Microsoft.Network/networkInterfaces/mynic/ipConfigurations/ipconfig1\"\r\n        }\r\n      },\r\n      \"type\": \"Microsoft.Network/publicIPAddresses\",\r\n      \"sku\": {\r\n        \"name\": \"Standard\",\r\n        \"tier\": \"Regional\"\r\n      }\r\n    },\r\n    {\r\n      \"name\": \"demo-vm-ip\",\r\n      \"id\": \"/subscriptions/947d47b4-7883-4bb9-9d85-c5e8e2f572ce/resourceGroups/trya-rg/providers/Microsoft.Network/publicIPAddresses/demo-vm-ip\",\r\n      \"etag\": \"W/\\\"8730b637-e784-4152-9988-ae7188708bbc\\\"\",\r\n      \"location\": \"eastus\",\r\n      \"tags\": {},\r\n      \"properties\": {\r\n        \"provisioningState\": \"Succeeded\",\r\n        \"resourceGuid\": \"bef47434-d854-4352-9d66-72c9f1c77b1e\",\r\n        \"ipAddress\": \"23.96.84.47\",\r\n        \"publicIPAddressVersion\": \"IPv4\",\r\n        \"publicIPAllocationMethod\": \"Dynamic\",\r\n        \"idleTimeoutInMinutes\": 4,\r\n        \"ipTags\": [],\r\n        \"ipConfiguration\": {\r\n          \"id\": \"/subscriptions/947d47b4-7883-4bb9-9d85-c5e8e2f572ce/resourceGroups/trya-rg/providers/Microsoft.Network/networkInterfaces/demo-vm695/ipConfigurations/ipconfig1\"\r\n        }\r\n      },\r\n      \"type\": \"Microsoft.Network/publicIPAddresses\",\r\n      \"sku\": {\r\n        \"name\": \"Basic\",\r\n        \"tier\": \"Regional\"\r\n      }\r\n    },\r\n    {\r\n      \"name\": \"trya-demo-VM-ip\",\r\n      \"id\": \"/subscriptions/947d47b4-7883-4bb9-9d85-c5e8e2f572ce/resourceGroups/trya-rg/providers/Microsoft.Network/publicIPAddresses/trya-demo-VM-ip\",\r\n      \"etag\": \"W/\\\"0431a73b-c6e4-4a7e-80eb-9b9d4050602c\\\"\",\r\n      \"location\": \"eastus\",\r\n      \"tags\": {},\r\n      \"properties\": {\r\n        \"provisioningState\": \"Succeeded\",\r\n        \"resourceGuid\": \"f09e4a0b-5394-4e6c-b955-6f59658e3b80\",\r\n        \"publicIPAddressVersion\": \"IPv4\",\r\n        \"publicIPAllocationMethod\": \"Dynamic\",\r\n        \"idleTimeoutInMinutes\": 4,\r\n        \"ipTags\": [],\r\n        \"ipConfiguration\": {\r\n          \"id\": \"/subscriptions/947d47b4-7883-4bb9-9d85-c5e8e2f572ce/resourceGroups/trya-rg/providers/Microsoft.Network/networkInterfaces/trya-demo-vm163/ipConfigurations/ipconfig1\"\r\n        }\r\n      },\r\n      \"type\": \"Microsoft.Network/publicIPAddresses\",\r\n      \"sku\": {\r\n        \"name\": \"Basic\",\r\n        \"tier\": \"Regional\"\r\n      }\r\n    },\r\n    {\r\n      \"name\": \"PublicIPAddressName\",\r\n      \"id\": \"/subscriptions/947d47b4-7883-4bb9-9d85-c5e8e2f572ce/resourceGroups/NegTestRG/providers/Microsoft.Network/publicIPAddresses/PublicIPAddressName\",\r\n      \"etag\": \"W/\\\"2c4aefa8-ddba-49cc-9904-7a82c0ca41ea\\\"\",\r\n      \"location\": \"centralus\",\r\n      \"properties\": {\r\n        \"provisioningState\": \"Succeeded\",\r\n        \"resourceGuid\": \"568093a0-8870-4781-a4dd-9c53ba8f57a8\",\r\n        \"ipAddress\": \"23.100.82.174\",\r\n        \"publicIPAddressVersion\": \"IPv4\",\r\n        \"publicIPAllocationMethod\": \"Static\",\r\n        \"idleTimeoutInMinutes\": 4,\r\n        \"ipTags\": []\r\n      },\r\n      \"type\": \"Microsoft.Network/publicIPAddresses\",\r\n      \"sku\": {\r\n        \"name\": \"Basic\",\r\n        \"tier\": \"Regional\"\r\n      }\r\n    },\r\n    {\r\n      \"name\": \"gwpip\",\r\n      \"id\": \"/subscriptions/947d47b4-7883-4bb9-9d85-c5e8e2f572ce/resourceGroups/rg1/providers/Microsoft.Network/publicIPAddresses/gwpip\",\r\n      \"etag\": \"W/\\\"191bc321-74b2-4534-b241-00ad559e448c\\\"\",\r\n      \"location\": \"centralus\",\r\n      \"properties\": {\r\n        \"provisioningState\": \"Succeeded\",\r\n        \"resourceGuid\": \"7f018081-8dc2-448f-a9ad-5be07ad8dd32\",\r\n        \"ipAddress\": \"52.185.70.90\",\r\n        \"publicIPAddressVersion\": \"IPv4\",\r\n        \"publicIPAllocationMethod\": \"Static\",\r\n        \"idleTimeoutInMinutes\": 4,\r\n        \"ipTags\": [],\r\n        \"ipConfiguration\": {\r\n          \"id\": \"/subscriptions/947d47b4-7883-4bb9-9d85-c5e8e2f572ce/resourceGroups/rg1/providers/Microsoft.Network/virtualNetworkGateways/vpngw/ipConfigurations/gwipconfig1\"\r\n        }\r\n      },\r\n      \"type\": \"Microsoft.Network/publicIPAddresses\",\r\n      \"sku\": {\r\n        \"name\": \"Standard\",\r\n        \"tier\": \"Regional\"\r\n      }\r\n    },\r\n    {\r\n      \"name\": \"ps-azure-env\",\r\n      \"id\": \"/subscriptions/947d47b4-7883-4bb9-9d85-c5e8e2f572ce/resourceGroups/deploy-vm/providers/Microsoft.Network/publicIPAddresses/ps-azure-env\",\r\n      \"etag\": \"W/\\\"740f787e-e91a-4b72-99f7-f453b19dfebd\\\"\",\r\n      \"location\": \"westcentralus\",\r\n      \"properties\": {\r\n        \"provisioningState\": \"Succeeded\",\r\n        \"resourceGuid\": \"9887a17f-c5ad-4c70-ad2c-867efce43994\",\r\n        \"ipAddress\": \"13.78.135.212\",\r\n        \"publicIPAddressVersion\": \"IPv4\",\r\n        \"publicIPAllocationMethod\": \"Static\",\r\n        \"idleTimeoutInMinutes\": 4,\r\n        \"dnsSettings\": {\r\n          \"domainNameLabel\": \"ps-azure-env-6529a8\",\r\n          \"fqdn\": \"ps-azure-env-6529a8.westcentralus.cloudapp.azure.com\"\r\n        },\r\n        \"ipTags\": [],\r\n        \"ipConfiguration\": {\r\n          \"id\": \"/subscriptions/947d47b4-7883-4bb9-9d85-c5e8e2f572ce/resourceGroups/deploy-vm/providers/Microsoft.Network/networkInterfaces/ps-azure-env/ipConfigurations/ps-azure-env\"\r\n        }\r\n      },\r\n      \"type\": \"Microsoft.Network/publicIPAddresses\",\r\n      \"sku\": {\r\n        \"name\": \"Basic\",\r\n        \"tier\": \"Regional\"\r\n      }\r\n    },\r\n    {\r\n      \"name\": \"PublicIPAddressName\",\r\n      \"id\": \"/subscriptions/947d47b4-7883-4bb9-9d85-c5e8e2f572ce/resourceGroups/neg-test/providers/Microsoft.Network/publicIPAddresses/PublicIPAddressName\",\r\n      \"etag\": \"W/\\\"c8a1465b-1e83-4e85-9bfa-cd755396deff\\\"\",\r\n      \"location\": \"westcentralus\",\r\n      \"properties\": {\r\n        \"provisioningState\": \"Succeeded\",\r\n        \"resourceGuid\": \"c2168f6c-348c-4138-b69a-9652f7bc97b6\",\r\n        \"ipAddress\": \"13.77.204.135\",\r\n        \"publicIPAddressVersion\": \"IPv4\",\r\n        \"publicIPAllocationMethod\": \"Static\",\r\n        \"idleTimeoutInMinutes\": 4,\r\n        \"ipTags\": []\r\n      },\r\n      \"type\": \"Microsoft.Network/publicIPAddresses\",\r\n      \"sku\": {\r\n        \"name\": \"Basic\",\r\n        \"tier\": \"Regional\"\r\n      }\r\n    },\r\n    {\r\n      \"name\": \"ps2771\",\r\n      \"id\": \"/subscriptions/947d47b4-7883-4bb9-9d85-c5e8e2f572ce/resourceGroups/ps2331/providers/Microsoft.Network/publicIPAddresses/ps2771\",\r\n      \"etag\": \"W/\\\"c074f807-8e90-4445-898d-00bf3013471d\\\"\",\r\n      \"location\": \"westcentralus\",\r\n      \"properties\": {\r\n        \"provisioningState\": \"Succeeded\",\r\n        \"resourceGuid\": \"30403ac2-169c-4b05-b68c-50223b8d03bd\",\r\n        \"publicIPAddressVersion\": \"IPv4\",\r\n        \"publicIPAllocationMethod\": \"Dynamic\",\r\n        \"idleTimeoutInMinutes\": 4,\r\n        \"dnsSettings\": {\r\n          \"domainNameLabel\": \"ps2982\",\r\n          \"fqdn\": \"ps2982.westcentralus.cloudapp.azure.com\"\r\n        },\r\n        \"ipTags\": []\r\n      },\r\n      \"type\": \"Microsoft.Network/publicIPAddresses\",\r\n      \"sku\": {\r\n        \"name\": \"Basic\",\r\n        \"tier\": \"Regional\"\r\n      }\r\n    },\r\n    {\r\n      \"name\": \"psnrp8084-ip\",\r\n      \"id\": \"/subscriptions/947d47b4-7883-4bb9-9d85-c5e8e2f572ce/resourceGroups/psnrp4630/providers/Microsoft.Network/publicIPAddresses/psnrp8084-ip\",\r\n      \"etag\": \"W/\\\"b9e5ea86-7c3f-48a4-b04f-41c9310f18ec\\\"\",\r\n      \"location\": \"westcentralus\",\r\n      \"properties\": {\r\n        \"provisioningState\": \"Succeeded\",\r\n        \"resourceGuid\": \"9b9e57bd-7d92-454c-97b2-c503eb749340\",\r\n        \"ipAddress\": \"13.78.131.80\",\r\n        \"publicIPAddressVersion\": \"IPv4\",\r\n        \"publicIPAllocationMethod\": \"Dynamic\",\r\n        \"idleTimeoutInMinutes\": 4,\r\n        \"ipTags\": [],\r\n        \"ipConfiguration\": {\r\n          \"id\": \"/subscriptions/947d47b4-7883-4bb9-9d85-c5e8e2f572ce/resourceGroups/psnrp4630/providers/Microsoft.Network/networkInterfaces/psnrp8243/ipConfigurations/ipconfig1\"\r\n        }\r\n      },\r\n      \"type\": \"Microsoft.Network/publicIPAddresses\",\r\n      \"sku\": {\r\n        \"name\": \"Basic\",\r\n        \"tier\": \"Regional\"\r\n      }\r\n    },\r\n    {\r\n      \"name\": \"PIPNAME\",\r\n      \"id\": \"/subscriptions/947d47b4-7883-4bb9-9d85-c5e8e2f572ce/resourceGroups/rg1/providers/Microsoft.Network/publicIPAddresses/PIPNAME\",\r\n      \"etag\": \"W/\\\"5a3aa07c-dd7b-4145-8b92-eee880489448\\\"\",\r\n      \"location\": \"westcentralus\",\r\n      \"properties\": {\r\n        \"provisioningState\": \"Succeeded\",\r\n        \"resourceGuid\": \"a6d2eee3-e9e7-4daa-b844-4ca63e2734b1\",\r\n        \"ipAddress\": \"52.159.17.136\",\r\n        \"publicIPAddressVersion\": \"IPv4\",\r\n        \"publicIPAllocationMethod\": \"Static\",\r\n        \"idleTimeoutInMinutes\": 4,\r\n        \"ipTags\": []\r\n      },\r\n      \"type\": \"Microsoft.Network/publicIPAddresses\",\r\n      \"sku\": {\r\n        \"name\": \"Standard\",\r\n        \"tier\": \"Regional\"\r\n      }\r\n    },\r\n    {\r\n      \"name\": \"test\",\r\n      \"id\": \"/subscriptions/947d47b4-7883-4bb9-9d85-c5e8e2f572ce/resourceGroups/test-conn/providers/Microsoft.Network/publicIPAddresses/test\",\r\n      \"etag\": \"W/\\\"bf2744c9-7065-4765-b0b1-bbc33f0ed37c\\\"\",\r\n      \"location\": \"westcentralus\",\r\n      \"properties\": {\r\n        \"provisioningState\": \"Succeeded\",\r\n        \"resourceGuid\": \"6ca75d0d-9e21-4851-9e62-5a73b17d25d9\",\r\n        \"ipAddress\": \"13.77.207.131\",\r\n        \"publicIPAddressVersion\": \"IPv4\",\r\n        \"publicIPAllocationMethod\": \"Dynamic\",\r\n        \"idleTimeoutInMinutes\": 4,\r\n        \"ipTags\": [],\r\n        \"ipConfiguration\": {\r\n          \"id\": \"/subscriptions/947d47b4-7883-4bb9-9d85-c5e8e2f572ce/resourceGroups/test-conn/providers/Microsoft.Network/virtualNetworkGateways/ConnectionTest1/ipConfigurations/default\"\r\n        }\r\n      },\r\n      \"type\": \"Microsoft.Network/publicIPAddresses\",\r\n      \"sku\": {\r\n        \"name\": \"Basic\",\r\n        \"tier\": \"Regional\"\r\n      }\r\n    },\r\n    {\r\n      \"name\": \"testip\",\r\n      \"id\": \"/subscriptions/947d47b4-7883-4bb9-9d85-c5e8e2f572ce/resourceGroups/test-conn/providers/Microsoft.Network/publicIPAddresses/testip\",\r\n      \"etag\": \"W/\\\"15d0a037-daf7-4866-94ec-1fab8ade5ebf\\\"\",\r\n      \"location\": \"westcentralus\",\r\n      \"properties\": {\r\n        \"provisioningState\": \"Succeeded\",\r\n        \"resourceGuid\": \"279061fb-ed06-47ab-90fc-438a4b7f67b1\",\r\n        \"publicIPAddressVersion\": \"IPv4\",\r\n        \"publicIPAllocationMethod\": \"Dynamic\",\r\n        \"idleTimeoutInMinutes\": 4,\r\n        \"ipTags\": []\r\n      },\r\n      \"type\": \"Microsoft.Network/publicIPAddresses\",\r\n      \"sku\": {\r\n        \"name\": \"Basic\",\r\n        \"tier\": \"Regional\"\r\n      }\r\n    },\r\n    {\r\n      \"name\": \"effectiveTest-ip\",\r\n      \"id\": \"/subscriptions/947d47b4-7883-4bb9-9d85-c5e8e2f572ce/resourceGroups/v-anevse/providers/Microsoft.Network/publicIPAddresses/effectiveTest-ip\",\r\n      \"etag\": \"W/\\\"3de195ca-209e-47ed-982e-f3b0b6340725\\\"\",\r\n      \"location\": \"westcentralus\",\r\n      \"properties\": {\r\n        \"provisioningState\": \"Succeeded\",\r\n        \"resourceGuid\": \"8d820c6f-794b-4dcc-9ef5-3846670f8133\",\r\n        \"publicIPAddressVersion\": \"IPv4\",\r\n        \"publicIPAllocationMethod\": \"Dynamic\",\r\n        \"idleTimeoutInMinutes\": 4,\r\n        \"ipTags\": [],\r\n        \"ipConfiguration\": {\r\n          \"id\": \"/subscriptions/947d47b4-7883-4bb9-9d85-c5e8e2f572ce/resourceGroups/v-anevse/providers/Microsoft.Network/networkInterfaces/effectivetest55/ipConfigurations/ipconfig1\"\r\n        }\r\n      },\r\n      \"type\": \"Microsoft.Network/publicIPAddresses\",\r\n      \"sku\": {\r\n        \"name\": \"Basic\",\r\n        \"tier\": \"Regional\"\r\n      }\r\n    },\r\n    {\r\n      \"name\": \"test-ip\",\r\n      \"id\": \"/subscriptions/947d47b4-7883-4bb9-9d85-c5e8e2f572ce/resourceGroups/v-anevse/providers/Microsoft.Network/publicIPAddresses/test-ip\",\r\n      \"etag\": \"W/\\\"5026d32e-8add-40c0-8b0d-80645a1cebe4\\\"\",\r\n      \"location\": \"westcentralus\",\r\n      \"properties\": {\r\n        \"provisioningState\": \"Succeeded\",\r\n        \"resourceGuid\": \"69ed6f4b-fa1a-41b7-b6ca-66d04e52b5ed\",\r\n        \"publicIPAddressVersion\": \"IPv4\",\r\n        \"publicIPAllocationMethod\": \"Dynamic\",\r\n        \"idleTimeoutInMinutes\": 4,\r\n        \"ipTags\": []\r\n      },\r\n      \"type\": \"Microsoft.Network/publicIPAddresses\",\r\n      \"sku\": {\r\n        \"name\": \"Basic\",\r\n        \"tier\": \"Regional\"\r\n      }\r\n    },\r\n    {\r\n      \"name\": \"test-tap\",\r\n      \"id\": \"/subscriptions/947d47b4-7883-4bb9-9d85-c5e8e2f572ce/resourceGroups/v-anevse/providers/Microsoft.Network/publicIPAddresses/test-tap\",\r\n      \"etag\": \"W/\\\"0ebb9e0a-44e7-460c-9cc7-d4540bb5610b\\\"\",\r\n      \"location\": \"westcentralus\",\r\n      \"properties\": {\r\n        \"provisioningState\": \"Succeeded\",\r\n        \"resourceGuid\": \"fb31050e-898e-4807-804c-882358fd091c\",\r\n        \"ipAddress\": \"52.159.18.45\",\r\n        \"publicIPAddressVersion\": \"IPv4\",\r\n        \"publicIPAllocationMethod\": \"Static\",\r\n        \"idleTimeoutInMinutes\": 4,\r\n        \"ipTags\": [],\r\n        \"ipConfiguration\": {\r\n          \"id\": \"/subscriptions/947d47b4-7883-4bb9-9d85-c5e8e2f572ce/resourceGroups/v-anevse/providers/Microsoft.Network/networkInterfaces/test-tap/ipConfigurations/ipconfig1\"\r\n        }\r\n      },\r\n      \"type\": \"Microsoft.Network/publicIPAddresses\",\r\n      \"sku\": {\r\n        \"name\": \"Standard\",\r\n        \"tier\": \"Regional\"\r\n      }\r\n    },\r\n    {\r\n      \"name\": \"shared-ip\",\r\n      \"id\": \"/subscriptions/947d47b4-7883-4bb9-9d85-c5e8e2f572ce/resourceGroups/vmshare/providers/Microsoft.Network/publicIPAddresses/shared-ip\",\r\n      \"etag\": \"W/\\\"1bfb9701-bb28-456a-8349-2bba4cfd9d29\\\"\",\r\n      \"location\": \"westcentralus\",\r\n      \"properties\": {\r\n        \"provisioningState\": \"Succeeded\",\r\n        \"resourceGuid\": \"de75aeb4-23fe-400b-810f-67ca94ce54c1\",\r\n        \"ipAddress\": \"13.78.162.102\",\r\n        \"publicIPAddressVersion\": \"IPv4\",\r\n        \"publicIPAllocationMethod\": \"Dynamic\",\r\n        \"idleTimeoutInMinutes\": 4,\r\n        \"ipTags\": [],\r\n        \"ipConfiguration\": {\r\n          \"id\": \"/subscriptions/947d47b4-7883-4bb9-9d85-c5e8e2f572ce/resourceGroups/vmshare/providers/Microsoft.Network/networkInterfaces/shared640/ipConfigurations/ipconfig1\"\r\n        }\r\n      },\r\n      \"type\": \"Microsoft.Network/publicIPAddresses\",\r\n      \"sku\": {\r\n        \"name\": \"Basic\",\r\n        \"tier\": \"Regional\"\r\n      }\r\n    },\r\n    {\r\n      \"name\": \"gw1ip1\",\r\n      \"id\": \"/subscriptions/947d47b4-7883-4bb9-9d85-c5e8e2f572ce/resourceGroups/cli_test_active_active_vnet_vnet_connection3xdzydkk6vsns3bt56lsizkigeffhuzn/providers/Microsoft.Network/publicIPAddresses/gw1ip1\",\r\n      \"etag\": \"W/\\\"c57806ac-34ea-47b7-8a27-d1dafb6ecf06\\\"\",\r\n      \"location\": \"westus\",\r\n      \"properties\": {\r\n        \"provisioningState\": \"Succeeded\",\r\n        \"resourceGuid\": \"e329b52a-10f9-4a3e-9285-c6925c21da9e\",\r\n        \"ipAddress\": \"23.101.82.1\",\r\n        \"publicIPAddressVersion\": \"IPv4\",\r\n        \"publicIPAllocationMethod\": \"Dynamic\",\r\n        \"idleTimeoutInMinutes\": 4,\r\n        \"ipTags\": [],\r\n        \"ipConfiguration\": {\r\n          \"id\": \"/subscriptions/947d47b4-7883-4bb9-9d85-c5e8e2f572ce/resourceGroups/cli_test_active_active_vnet_vnet_connection3xdzydkk6vsns3bt56lsizkigeffhuzn/providers/Microsoft.Network/virtualNetworkGateways/vgw1/ipConfigurations/vnetGatewayConfig0\"\r\n        }\r\n      },\r\n      \"type\": \"Microsoft.Network/publicIPAddresses\",\r\n      \"sku\": {\r\n        \"name\": \"Basic\",\r\n        \"tier\": \"Regional\"\r\n      }\r\n    },\r\n    {\r\n      \"name\": \"gw1ip2\",\r\n      \"id\": \"/subscriptions/947d47b4-7883-4bb9-9d85-c5e8e2f572ce/resourceGroups/cli_test_active_active_vnet_vnet_connection3xdzydkk6vsns3bt56lsizkigeffhuzn/providers/Microsoft.Network/publicIPAddresses/gw1ip2\",\r\n      \"etag\": \"W/\\\"481a4dfa-f9d8-447a-bd72-47ab0555bd30\\\"\",\r\n      \"location\": \"westus\",\r\n      \"properties\": {\r\n        \"provisioningState\": \"Succeeded\",\r\n        \"resourceGuid\": \"6f65002a-d6fe-4d02-8f95-a01f5b3a4a04\",\r\n        \"ipAddress\": \"23.101.82.156\",\r\n        \"publicIPAddressVersion\": \"IPv4\",\r\n        \"publicIPAllocationMethod\": \"Dynamic\",\r\n        \"idleTimeoutInMinutes\": 4,\r\n        \"ipTags\": [],\r\n        \"ipConfiguration\": {\r\n          \"id\": \"/subscriptions/947d47b4-7883-4bb9-9d85-c5e8e2f572ce/resourceGroups/cli_test_active_active_vnet_vnet_connection3xdzydkk6vsns3bt56lsizkigeffhuzn/providers/Microsoft.Network/virtualNetworkGateways/vgw1/ipConfigurations/vnetGatewayConfig1\"\r\n        }\r\n      },\r\n      \"type\": \"Microsoft.Network/publicIPAddresses\",\r\n      \"sku\": {\r\n        \"name\": \"Basic\",\r\n        \"tier\": \"Regional\"\r\n      }\r\n    },\r\n    {\r\n      \"name\": \"gw2ip1\",\r\n      \"id\": \"/subscriptions/947d47b4-7883-4bb9-9d85-c5e8e2f572ce/resourceGroups/cli_test_active_active_vnet_vnet_connection3xdzydkk6vsns3bt56lsizkigeffhuzn/providers/Microsoft.Network/publicIPAddresses/gw2ip1\",\r\n      \"etag\": \"W/\\\"61506743-9c17-469e-bda2-381abc6ee74d\\\"\",\r\n      \"location\": \"westus\",\r\n      \"properties\": {\r\n        \"provisioningState\": \"Succeeded\",\r\n        \"resourceGuid\": \"c6ea383a-4fe3-4fed-807c-d1f7d471955b\",\r\n        \"ipAddress\": \"23.101.80.72\",\r\n        \"publicIPAddressVersion\": \"IPv4\",\r\n        \"publicIPAllocationMethod\": \"Dynamic\",\r\n        \"idleTimeoutInMinutes\": 4,\r\n        \"ipTags\": [],\r\n        \"ipConfiguration\": {\r\n          \"id\": \"/subscriptions/947d47b4-7883-4bb9-9d85-c5e8e2f572ce/resourceGroups/cli_test_active_active_vnet_vnet_connection3xdzydkk6vsns3bt56lsizkigeffhuzn/providers/Microsoft.Network/virtualNetworkGateways/vgw2/ipConfigurations/vnetGatewayConfig0\"\r\n        }\r\n      },\r\n      \"type\": \"Microsoft.Network/publicIPAddresses\",\r\n      \"sku\": {\r\n        \"name\": \"Basic\",\r\n        \"tier\": \"Regional\"\r\n      }\r\n    },\r\n    {\r\n      \"name\": \"gw2ip2\",\r\n      \"id\": \"/subscriptions/947d47b4-7883-4bb9-9d85-c5e8e2f572ce/resourceGroups/cli_test_active_active_vnet_vnet_connection3xdzydkk6vsns3bt56lsizkigeffhuzn/providers/Microsoft.Network/publicIPAddresses/gw2ip2\",\r\n      \"etag\": \"W/\\\"df09ddbb-7844-444e-b194-d448754adb0e\\\"\",\r\n      \"location\": \"westus\",\r\n      \"properties\": {\r\n        \"provisioningState\": \"Succeeded\",\r\n        \"resourceGuid\": \"fa07b888-4123-4d06-83c6-f0f943bf3d45\",\r\n        \"ipAddress\": \"23.101.80.210\",\r\n        \"publicIPAddressVersion\": \"IPv4\",\r\n        \"publicIPAllocationMethod\": \"Dynamic\",\r\n        \"idleTimeoutInMinutes\": 4,\r\n        \"ipTags\": [],\r\n        \"ipConfiguration\": {\r\n          \"id\": \"/subscriptions/947d47b4-7883-4bb9-9d85-c5e8e2f572ce/resourceGroups/cli_test_active_active_vnet_vnet_connection3xdzydkk6vsns3bt56lsizkigeffhuzn/providers/Microsoft.Network/virtualNetworkGateways/vgw2/ipConfigurations/vnetGatewayConfig1\"\r\n        }\r\n      },\r\n      \"type\": \"Microsoft.Network/publicIPAddresses\",\r\n      \"sku\": {\r\n        \"name\": \"Basic\",\r\n        \"tier\": \"Regional\"\r\n      }\r\n    },\r\n    {\r\n      \"name\": \"pip1\",\r\n      \"id\": \"/subscriptions/947d47b4-7883-4bb9-9d85-c5e8e2f572ce/resourceGroups/cli_test_vpn_connection_ipsecpluynalmfyyorqjnkquvsekkb3k3ue2vlf7ux3b2ve52uc/providers/Microsoft.Network/publicIPAddresses/pip1\",\r\n      \"etag\": \"W/\\\"8acba8fa-e8dd-4052-96e8-cdc9b1c0b825\\\"\",\r\n      \"location\": \"westus\",\r\n      \"properties\": {\r\n        \"provisioningState\": \"Succeeded\",\r\n        \"resourceGuid\": \"79fe0162-6208-4121-b4e8-863270457cc2\",\r\n        \"ipAddress\": \"23.101.80.110\",\r\n        \"publicIPAddressVersion\": \"IPv4\",\r\n        \"publicIPAllocationMethod\": \"Dynamic\",\r\n        \"idleTimeoutInMinutes\": 4,\r\n        \"ipTags\": [],\r\n        \"ipConfiguration\": {\r\n          \"id\": \"/subscriptions/947d47b4-7883-4bb9-9d85-c5e8e2f572ce/resourceGroups/cli_test_vpn_connection_ipsecpluynalmfyyorqjnkquvsekkb3k3ue2vlf7ux3b2ve52uc/providers/Microsoft.Network/virtualNetworkGateways/gw1/ipConfigurations/vnetGatewayConfig0\"\r\n        }\r\n      },\r\n      \"type\": \"Microsoft.Network/publicIPAddresses\",\r\n      \"sku\": {\r\n        \"name\": \"Basic\",\r\n        \"tier\": \"Regional\"\r\n      }\r\n    },\r\n    {\r\n      \"name\": \"pubip1\",\r\n      \"id\": \"/subscriptions/947d47b4-7883-4bb9-9d85-c5e8e2f572ce/resourceGroups/cli_test_vpn_gatewayujft4rihdho25kldlho3eshwnvuhr6xielfxq73n75ccs6wffm2j3ex/providers/Microsoft.Network/publicIPAddresses/pubip1\",\r\n      \"etag\": \"W/\\\"5d292d52-af04-4652-808c-3dee81b5d9b5\\\"\",\r\n      \"location\": \"westus\",\r\n      \"properties\": {\r\n        \"provisioningState\": \"Succeeded\",\r\n        \"resourceGuid\": \"a5013b4f-730f-4477-b0d3-7454ce988122\",\r\n        \"ipAddress\": \"23.101.81.201\",\r\n        \"publicIPAddressVersion\": \"IPv4\",\r\n        \"publicIPAllocationMethod\": \"Dynamic\",\r\n        \"idleTimeoutInMinutes\": 4,\r\n        \"ipTags\": [],\r\n        \"ipConfiguration\": {\r\n          \"id\": \"/subscriptions/947d47b4-7883-4bb9-9d85-c5e8e2f572ce/resourceGroups/cli_test_vpn_gatewayujft4rihdho25kldlho3eshwnvuhr6xielfxq73n75ccs6wffm2j3ex/providers/Microsoft.Network/virtualNetworkGateways/gateway1/ipConfigurations/vnetGatewayConfig0\"\r\n        }\r\n      },\r\n      \"type\": \"Microsoft.Network/publicIPAddresses\",\r\n      \"sku\": {\r\n        \"name\": \"Basic\",\r\n        \"tier\": \"Regional\"\r\n      }\r\n    },\r\n    {\r\n      \"name\": \"pubip2\",\r\n      \"id\": \"/subscriptions/947d47b4-7883-4bb9-9d85-c5e8e2f572ce/resourceGroups/cli_test_vpn_gatewayujft4rihdho25kldlho3eshwnvuhr6xielfxq73n75ccs6wffm2j3ex/providers/Microsoft.Network/publicIPAddresses/pubip2\",\r\n      \"etag\": \"W/\\\"5da7e862-5244-45d2-a873-c9bcd509fdac\\\"\",\r\n      \"location\": \"westus\",\r\n      \"properties\": {\r\n        \"provisioningState\": \"Succeeded\",\r\n        \"resourceGuid\": \"4485e98f-7049-4be5-b791-4503cd2eb86e\",\r\n        \"ipAddress\": \"23.101.82.118\",\r\n        \"publicIPAddressVersion\": \"IPv4\",\r\n        \"publicIPAllocationMethod\": \"Dynamic\",\r\n        \"idleTimeoutInMinutes\": 4,\r\n        \"ipTags\": [],\r\n        \"ipConfiguration\": {\r\n          \"id\": \"/subscriptions/947d47b4-7883-4bb9-9d85-c5e8e2f572ce/resourceGroups/cli_test_vpn_gatewayujft4rihdho25kldlho3eshwnvuhr6xielfxq73n75ccs6wffm2j3ex/providers/Microsoft.Network/virtualNetworkGateways/gateway2/ipConfigurations/vnetGatewayConfig0\"\r\n        }\r\n      },\r\n      \"type\": \"Microsoft.Network/publicIPAddresses\",\r\n      \"sku\": {\r\n        \"name\": \"Basic\",\r\n        \"tier\": \"Regional\"\r\n      }\r\n    },\r\n    {\r\n      \"name\": \"pubip3\",\r\n      \"id\": \"/subscriptions/947d47b4-7883-4bb9-9d85-c5e8e2f572ce/resourceGroups/cli_test_vpn_gatewayujft4rihdho25kldlho3eshwnvuhr6xielfxq73n75ccs6wffm2j3ex/providers/Microsoft.Network/publicIPAddresses/pubip3\",\r\n      \"etag\": \"W/\\\"03a88de0-ae49-4472-a8ae-ce89e6c86b6e\\\"\",\r\n      \"location\": \"westus\",\r\n      \"properties\": {\r\n        \"provisioningState\": \"Succeeded\",\r\n        \"resourceGuid\": \"83e210fe-5468-4f86-b639-f8437c40b016\",\r\n        \"ipAddress\": \"23.101.82.135\",\r\n        \"publicIPAddressVersion\": \"IPv4\",\r\n        \"publicIPAllocationMethod\": \"Dynamic\",\r\n        \"idleTimeoutInMinutes\": 4,\r\n        \"ipTags\": [],\r\n        \"ipConfiguration\": {\r\n          \"id\": \"/subscriptions/947d47b4-7883-4bb9-9d85-c5e8e2f572ce/resourceGroups/cli_test_vpn_gatewayujft4rihdho25kldlho3eshwnvuhr6xielfxq73n75ccs6wffm2j3ex/providers/Microsoft.Network/virtualNetworkGateways/gateway3/ipConfigurations/vnetGatewayConfig0\"\r\n        }\r\n      },\r\n      \"type\": \"Microsoft.Network/publicIPAddresses\",\r\n      \"sku\": {\r\n        \"name\": \"Basic\",\r\n        \"tier\": \"Regional\"\r\n      }\r\n    },\r\n    {\r\n      \"name\": \"PublicIpAddress1\",\r\n      \"id\": \"/subscriptions/947d47b4-7883-4bb9-9d85-c5e8e2f572ce/resourceGroups/rg1/providers/Microsoft.Network/publicIPAddresses/PublicIpAddress1\",\r\n      \"etag\": \"W/\\\"c68958b6-f955-445a-bdde-27c9392c9ecf\\\"\",\r\n      \"location\": \"westus\",\r\n      \"properties\": {\r\n        \"provisioningState\": \"Succeeded\",\r\n        \"resourceGuid\": \"a88a5e3b-af57-4f4c-ace9-ac02a6c0851c\",\r\n        \"ipAddress\": \"23.101.84.49\",\r\n        \"publicIPAddressVersion\": \"IPv4\",\r\n        \"publicIPAllocationMethod\": \"Static\",\r\n        \"idleTimeoutInMinutes\": 4,\r\n        \"ipTags\": []\r\n      },\r\n      \"type\": \"Microsoft.Network/publicIPAddresses\",\r\n      \"sku\": {\r\n        \"name\": \"Standard\",\r\n        \"tier\": \"Regional\"\r\n      }\r\n    },\r\n    {\r\n      \"name\": \"ps8179\",\r\n      \"id\": \"/subscriptions/947d47b4-7883-4bb9-9d85-c5e8e2f572ce/resourceGroups/ps1538/providers/Microsoft.Network/publicIPAddresses/ps8179\",\r\n      \"etag\": \"W/\\\"595bcb1e-04c7-4532-8abb-862716fd92c9\\\"\",\r\n      \"location\": \"eastus2euap\",\r\n      \"properties\": {\r\n        \"provisioningState\": \"Succeeded\",\r\n        \"resourceGuid\": \"a5e362e2-68f1-48e8-8183-9467daf205ff\",\r\n        \"publicIPAddressVersion\": \"IPv4\",\r\n        \"publicIPAllocationMethod\": \"Dynamic\",\r\n        \"idleTimeoutInMinutes\": 4,\r\n        \"dnsSettings\": {\r\n          \"domainNameLabel\": \"ps2234\",\r\n          \"fqdn\": \"ps2234.eastus2euap.cloudapp.azure.com\"\r\n        },\r\n        \"ipTags\": []\r\n      },\r\n      \"type\": \"Microsoft.Network/publicIPAddresses\",\r\n      \"sku\": {\r\n        \"name\": \"Basic\",\r\n        \"tier\": \"Regional\"\r\n      }\r\n    },\r\n    {\r\n      \"name\": \"ps4434\",\r\n      \"id\": \"/subscriptions/947d47b4-7883-4bb9-9d85-c5e8e2f572ce/resourceGroups/ps1862/providers/Microsoft.Network/publicIPAddresses/ps4434\",\r\n      \"etag\": \"W/\\\"3faf81fd-f1fb-4488-b279-a51fd2435f2a\\\"\",\r\n      \"location\": \"eastus2euap\",\r\n      \"properties\": {\r\n        \"provisioningState\": \"Succeeded\",\r\n        \"resourceGuid\": \"c6e8be9e-651d-4ba0-9854-b88addab1511\",\r\n        \"publicIPAddressVersion\": \"IPv4\",\r\n        \"publicIPAllocationMethod\": \"Dynamic\",\r\n        \"idleTimeoutInMinutes\": 4,\r\n        \"dnsSettings\": {\r\n          \"domainNameLabel\": \"ps3939\",\r\n          \"fqdn\": \"ps3939.eastus2euap.cloudapp.azure.com\"\r\n        },\r\n        \"ipTags\": [],\r\n        \"ipConfiguration\": {\r\n          \"id\": \"/subscriptions/947d47b4-7883-4bb9-9d85-c5e8e2f572ce/resourceGroups/ps1862/providers/Microsoft.Network/networkInterfaces/ps5558/ipConfigurations/ipconfig1\"\r\n        }\r\n      },\r\n      \"type\": \"Microsoft.Network/publicIPAddresses\",\r\n      \"sku\": {\r\n        \"name\": \"Basic\",\r\n        \"tier\": \"Regional\"\r\n      }\r\n    },\r\n    {\r\n      \"name\": \"ps3290\",\r\n      \"id\": \"/subscriptions/947d47b4-7883-4bb9-9d85-c5e8e2f572ce/resourceGroups/ps5374/providers/Microsoft.Network/publicIPAddresses/ps3290\",\r\n      \"etag\": \"W/\\\"8276f275-12e8-4b7b-b179-e3c529f8825e\\\"\",\r\n      \"location\": \"eastus2euap\",\r\n      \"properties\": {\r\n        \"provisioningState\": \"Succeeded\",\r\n        \"resourceGuid\": \"6ee05e47-13c2-4edb-9373-4cceb677538a\",\r\n        \"publicIPAddressVersion\": \"IPv4\",\r\n        \"publicIPAllocationMethod\": \"Dynamic\",\r\n        \"idleTimeoutInMinutes\": 4,\r\n        \"dnsSettings\": {\r\n          \"domainNameLabel\": \"ps7367\",\r\n          \"fqdn\": \"ps7367.eastus2euap.cloudapp.azure.com\"\r\n        },\r\n        \"ipTags\": []\r\n      },\r\n      \"type\": \"Microsoft.Network/publicIPAddresses\",\r\n      \"sku\": {\r\n        \"name\": \"Basic\",\r\n        \"tier\": \"Regional\"\r\n      }\r\n    },\r\n    {\r\n      \"name\": \"ps4328\",\r\n      \"id\": \"/subscriptions/947d47b4-7883-4bb9-9d85-c5e8e2f572ce/resourceGroups/ps5374/providers/Microsoft.Network/publicIPAddresses/ps4328\",\r\n      \"etag\": \"W/\\\"c00e4e46-940f-4091-b607-1075bfc779a5\\\"\",\r\n      \"location\": \"eastus2euap\",\r\n      \"properties\": {\r\n        \"provisioningState\": \"Succeeded\",\r\n        \"resourceGuid\": \"c2e07985-7aaf-4ceb-876c-aa013e4ba15d\",\r\n        \"publicIPAddressVersion\": \"IPv4\",\r\n        \"publicIPAllocationMethod\": \"Dynamic\",\r\n        \"idleTimeoutInMinutes\": 4,\r\n        \"dnsSettings\": {\r\n          \"domainNameLabel\": \"ps7083\",\r\n          \"fqdn\": \"ps7083.eastus2euap.cloudapp.azure.com\"\r\n        },\r\n        \"ipTags\": [],\r\n        \"ipConfiguration\": {\r\n          \"id\": \"/subscriptions/947d47b4-7883-4bb9-9d85-c5e8e2f572ce/resourceGroups/ps5374/providers/Microsoft.Network/networkInterfaces/ps2857/ipConfigurations/ipconfig1\"\r\n        }\r\n      },\r\n      \"type\": \"Microsoft.Network/publicIPAddresses\",\r\n      \"sku\": {\r\n        \"name\": \"Basic\",\r\n        \"tier\": \"Regional\"\r\n      }\r\n    },\r\n    {\r\n      \"name\": \"vm1-ip\",\r\n      \"id\": \"/subscriptions/947d47b4-7883-4bb9-9d85-c5e8e2f572ce/resourceGroups/testnrp201901310001vs/providers/Microsoft.Network/publicIPAddresses/vm1-ip\",\r\n      \"etag\": \"W/\\\"6ef92a2b-03b6-46a5-9b43-10bc7fa87b1a\\\"\",\r\n      \"location\": \"eastus2euap\",\r\n      \"tags\": {},\r\n      \"properties\": {\r\n        \"provisioningState\": \"Succeeded\",\r\n        \"resourceGuid\": \"cecdd058-be01-46f8-b60d-10067504ddc8\",\r\n        \"ipAddress\": \"52.225.188.17\",\r\n        \"publicIPAddressVersion\": \"IPv4\",\r\n        \"publicIPAllocationMethod\": \"Dynamic\",\r\n        \"idleTimeoutInMinutes\": 4,\r\n        \"ipTags\": [],\r\n        \"ipConfiguration\": {\r\n          \"id\": \"/subscriptions/947d47b4-7883-4bb9-9d85-c5e8e2f572ce/resourceGroups/testnrp201901310001vs/providers/Microsoft.Network/networkInterfaces/vm1675/ipConfigurations/ipconfig1\"\r\n        }\r\n      },\r\n      \"type\": \"Microsoft.Network/publicIPAddresses\",\r\n      \"sku\": {\r\n        \"name\": \"Basic\",\r\n        \"tier\": \"Regional\"\r\n      }\r\n    }\r\n  ]\r\n}",
      "StatusCode": 200
    },
    {
      "RequestUri": "/subscriptions/947d47b4-7883-4bb9-9d85-c5e8e2f572ce/resourceGroups/ps2331/providers/Microsoft.Network/publicIPAddresses/ps2771?api-version=2019-08-01",
      "EncodedRequestUri": "L3N1YnNjcmlwdGlvbnMvOTQ3ZDQ3YjQtNzg4My00YmI5LTlkODUtYzVlOGUyZjU3MmNlL3Jlc291cmNlR3JvdXBzL3BzMjMzMS9wcm92aWRlcnMvTWljcm9zb2Z0Lk5ldHdvcmsvcHVibGljSVBBZGRyZXNzZXMvcHMyNzcxP2FwaS12ZXJzaW9uPTIwMTktMDgtMDE=",
      "RequestMethod": "DELETE",
      "RequestBody": "",
      "RequestHeaders": {
        "x-ms-client-request-id": [
          "a895cef2-61d2-4cd1-aa60-e854272e732a"
        ],
        "accept-language": [
          "en-US"
        ],
        "User-Agent": [
          "FxVersion/4.6.26614.01",
          "OSName/Windows",
          "OSVersion/Microsoft.Windows.10.0.14393.",
          "Microsoft.Azure.Management.Network.NetworkManagementClient/20.0.0.0"
        ]
      },
      "ResponseHeaders": {
        "Cache-Control": [
          "no-cache"
        ],
        "Date": [
          "Thu, 19 Sep 2019 02:10:08 GMT"
        ],
        "Pragma": [
          "no-cache"
        ],
        "Location": [
          "https://management.azure.com/subscriptions/947d47b4-7883-4bb9-9d85-c5e8e2f572ce/providers/Microsoft.Network/locations/westcentralus/operationResults/72be51b7-10d0-4cd0-b170-32ef19426914?api-version=2019-08-01"
        ],
        "Retry-After": [
          "10"
        ],
        "Server": [
          "Microsoft-HTTPAPI/2.0",
          "Microsoft-HTTPAPI/2.0"
        ],
        "x-ms-request-id": [
          "72be51b7-10d0-4cd0-b170-32ef19426914"
        ],
        "Azure-AsyncOperation": [
          "https://management.azure.com/subscriptions/947d47b4-7883-4bb9-9d85-c5e8e2f572ce/providers/Microsoft.Network/locations/westcentralus/operations/72be51b7-10d0-4cd0-b170-32ef19426914?api-version=2019-08-01"
        ],
        "x-ms-correlation-request-id": [
          "144e5661-31a9-4d29-978f-c2e8c4bd6cf0"
        ],
        "Azure-AsyncNotification": [
          "Enabled"
        ],
        "x-ms-arm-service-request-id": [
          "6cf6df9d-4607-4110-aa68-b4882142ab1d"
        ],
        "Strict-Transport-Security": [
          "max-age=31536000; includeSubDomains"
        ],
        "x-ms-ratelimit-remaining-subscription-deletes": [
          "14998"
        ],
        "x-ms-routing-request-id": [
          "CENTRALUS:20190919T021008Z:144e5661-31a9-4d29-978f-c2e8c4bd6cf0"
        ],
        "X-Content-Type-Options": [
          "nosniff"
        ],
        "Content-Length": [
          "0"
        ],
        "Expires": [
          "-1"
        ]
      },
      "ResponseBody": "",
      "StatusCode": 202
    },
    {
      "RequestUri": "/subscriptions/947d47b4-7883-4bb9-9d85-c5e8e2f572ce/providers/Microsoft.Network/locations/westcentralus/operations/72be51b7-10d0-4cd0-b170-32ef19426914?api-version=2019-08-01",
      "EncodedRequestUri": "L3N1YnNjcmlwdGlvbnMvOTQ3ZDQ3YjQtNzg4My00YmI5LTlkODUtYzVlOGUyZjU3MmNlL3Byb3ZpZGVycy9NaWNyb3NvZnQuTmV0d29yay9sb2NhdGlvbnMvd2VzdGNlbnRyYWx1cy9vcGVyYXRpb25zLzcyYmU1MWI3LTEwZDAtNGNkMC1iMTcwLTMyZWYxOTQyNjkxND9hcGktdmVyc2lvbj0yMDE5LTA4LTAx",
      "RequestMethod": "GET",
      "RequestBody": "",
      "RequestHeaders": {
        "User-Agent": [
          "FxVersion/4.6.26614.01",
          "OSName/Windows",
          "OSVersion/Microsoft.Windows.10.0.14393.",
          "Microsoft.Azure.Management.Network.NetworkManagementClient/20.0.0.0"
        ]
      },
      "ResponseHeaders": {
        "Cache-Control": [
          "no-cache"
        ],
        "Date": [
          "Thu, 19 Sep 2019 02:10:18 GMT"
        ],
        "Pragma": [
          "no-cache"
        ],
        "Server": [
          "Microsoft-HTTPAPI/2.0",
          "Microsoft-HTTPAPI/2.0"
        ],
        "x-ms-request-id": [
          "b3cbc866-5bae-4057-b32f-776a2235a633"
        ],
        "x-ms-correlation-request-id": [
          "26d30859-519b-4d07-8eac-b67313ef8ef8"
        ],
        "x-ms-arm-service-request-id": [
          "784c8333-2bfd-4bc9-a01d-bcc2083717c3"
        ],
        "Strict-Transport-Security": [
          "max-age=31536000; includeSubDomains"
        ],
        "x-ms-ratelimit-remaining-subscription-reads": [
          "11994"
        ],
        "x-ms-routing-request-id": [
          "CENTRALUS:20190919T021018Z:26d30859-519b-4d07-8eac-b67313ef8ef8"
        ],
        "X-Content-Type-Options": [
          "nosniff"
        ],
        "Content-Length": [
          "29"
        ],
        "Content-Type": [
          "application/json; charset=utf-8"
        ],
        "Expires": [
          "-1"
        ]
      },
      "ResponseBody": "{\r\n  \"status\": \"Succeeded\"\r\n}",
      "StatusCode": 200
    },
    {
      "RequestUri": "/subscriptions/947d47b4-7883-4bb9-9d85-c5e8e2f572ce/providers/Microsoft.Network/locations/westcentralus/operationResults/72be51b7-10d0-4cd0-b170-32ef19426914?api-version=2019-08-01",
      "EncodedRequestUri": "L3N1YnNjcmlwdGlvbnMvOTQ3ZDQ3YjQtNzg4My00YmI5LTlkODUtYzVlOGUyZjU3MmNlL3Byb3ZpZGVycy9NaWNyb3NvZnQuTmV0d29yay9sb2NhdGlvbnMvd2VzdGNlbnRyYWx1cy9vcGVyYXRpb25SZXN1bHRzLzcyYmU1MWI3LTEwZDAtNGNkMC1iMTcwLTMyZWYxOTQyNjkxND9hcGktdmVyc2lvbj0yMDE5LTA4LTAx",
      "RequestMethod": "GET",
      "RequestBody": "",
      "RequestHeaders": {
        "User-Agent": [
          "FxVersion/4.6.26614.01",
          "OSName/Windows",
          "OSVersion/Microsoft.Windows.10.0.14393.",
          "Microsoft.Azure.Management.Network.NetworkManagementClient/20.0.0.0"
        ]
      },
      "ResponseHeaders": {
        "Cache-Control": [
          "no-cache"
        ],
        "Date": [
          "Thu, 19 Sep 2019 02:10:18 GMT"
        ],
        "Pragma": [
          "no-cache"
        ],
        "Location": [
          "https://management.azure.com/subscriptions/947d47b4-7883-4bb9-9d85-c5e8e2f572ce/providers/Microsoft.Network/locations/westcentralus/operationResults/72be51b7-10d0-4cd0-b170-32ef19426914?api-version=2019-08-01"
        ],
        "Server": [
          "Microsoft-HTTPAPI/2.0",
          "Microsoft-HTTPAPI/2.0"
        ],
        "x-ms-request-id": [
          "72be51b7-10d0-4cd0-b170-32ef19426914"
        ],
        "Azure-AsyncOperation": [
          "https://management.azure.com/subscriptions/947d47b4-7883-4bb9-9d85-c5e8e2f572ce/providers/Microsoft.Network/locations/westcentralus/operations/72be51b7-10d0-4cd0-b170-32ef19426914?api-version=2019-08-01"
        ],
        "x-ms-correlation-request-id": [
          "144e5661-31a9-4d29-978f-c2e8c4bd6cf0"
        ],
        "Azure-AsyncNotification": [
          "Enabled"
        ],
        "x-ms-arm-service-request-id": [
          "6cf6df9d-4607-4110-aa68-b4882142ab1d"
        ],
        "Strict-Transport-Security": [
          "max-age=31536000; includeSubDomains"
        ],
        "x-ms-ratelimit-remaining-subscription-reads": [
          "11993"
        ],
        "x-ms-routing-request-id": [
          "CENTRALUS:20190919T021019Z:77b99e89-cb3c-4ab2-858e-deacaa4259b1"
        ],
        "X-Content-Type-Options": [
          "nosniff"
        ],
        "Content-Type": [
          "application/json; charset=utf-8"
        ],
        "Expires": [
          "-1"
        ]
      },
      "ResponseBody": "",
      "StatusCode": 204
    },
    {
      "RequestUri": "/subscriptions/947d47b4-7883-4bb9-9d85-c5e8e2f572ce/resourcegroups/ps2331?api-version=2016-09-01",
      "EncodedRequestUri": "L3N1YnNjcmlwdGlvbnMvOTQ3ZDQ3YjQtNzg4My00YmI5LTlkODUtYzVlOGUyZjU3MmNlL3Jlc291cmNlZ3JvdXBzL3BzMjMzMT9hcGktdmVyc2lvbj0yMDE2LTA5LTAx",
      "RequestMethod": "DELETE",
      "RequestBody": "",
      "RequestHeaders": {
        "x-ms-client-request-id": [
          "d2329c66-7224-43ee-a3f4-46e02ecf2744"
        ],
        "accept-language": [
          "en-US"
        ],
        "User-Agent": [
          "FxVersion/4.6.26614.01",
          "OSName/Windows",
          "OSVersion/Microsoft.Windows.10.0.14393.",
          "Microsoft.Azure.Management.Internal.Resources.ResourceManagementClient/1.3.2"
        ]
      },
      "ResponseHeaders": {
        "Cache-Control": [
          "no-cache"
        ],
        "Date": [
          "Thu, 19 Sep 2019 02:10:20 GMT"
        ],
        "Pragma": [
          "no-cache"
        ],
        "Location": [
          "https://management.azure.com/subscriptions/947d47b4-7883-4bb9-9d85-c5e8e2f572ce/operationresults/eyJqb2JJZCI6IlJFU09VUkNFR1JPVVBERUxFVElPTkpPQi1QUzIzMzEtV0VTVENFTlRSQUxVUyIsImpvYkxvY2F0aW9uIjoid2VzdGNlbnRyYWx1cyJ9?api-version=2016-09-01"
        ],
        "Retry-After": [
          "15"
        ],
        "x-ms-ratelimit-remaining-subscription-deletes": [
          "14999"
        ],
        "x-ms-request-id": [
          "43d7c4dd-7656-4952-b2f2-aa5c8c73c858"
        ],
        "x-ms-correlation-request-id": [
          "43d7c4dd-7656-4952-b2f2-aa5c8c73c858"
        ],
        "x-ms-routing-request-id": [
          "CENTRALUS:20190919T021021Z:43d7c4dd-7656-4952-b2f2-aa5c8c73c858"
        ],
        "Strict-Transport-Security": [
          "max-age=31536000; includeSubDomains"
        ],
        "X-Content-Type-Options": [
          "nosniff"
        ],
        "Content-Length": [
          "0"
        ],
        "Expires": [
          "-1"
        ]
      },
      "ResponseBody": "",
      "StatusCode": 202
    },
    {
      "RequestUri": "/subscriptions/947d47b4-7883-4bb9-9d85-c5e8e2f572ce/operationresults/eyJqb2JJZCI6IlJFU09VUkNFR1JPVVBERUxFVElPTkpPQi1QUzIzMzEtV0VTVENFTlRSQUxVUyIsImpvYkxvY2F0aW9uIjoid2VzdGNlbnRyYWx1cyJ9?api-version=2016-09-01",
      "EncodedRequestUri": "L3N1YnNjcmlwdGlvbnMvOTQ3ZDQ3YjQtNzg4My00YmI5LTlkODUtYzVlOGUyZjU3MmNlL29wZXJhdGlvbnJlc3VsdHMvZXlKcWIySkpaQ0k2SWxKRlUwOVZVa05GUjFKUFZWQkVSVXhGVkVsUFRrcFBRaTFRVXpJek16RXRWMFZUVkVORlRsUlNRVXhWVXlJc0ltcHZZa3h2WTJGMGFXOXVJam9pZDJWemRHTmxiblJ5WVd4MWN5Sjk/YXBpLXZlcnNpb249MjAxNi0wOS0wMQ==",
      "RequestMethod": "GET",
      "RequestBody": "",
      "RequestHeaders": {
        "User-Agent": [
          "FxVersion/4.6.26614.01",
          "OSName/Windows",
          "OSVersion/Microsoft.Windows.10.0.14393.",
          "Microsoft.Azure.Management.Internal.Resources.ResourceManagementClient/1.3.2"
        ]
      },
      "ResponseHeaders": {
        "Cache-Control": [
          "no-cache"
        ],
        "Date": [
          "Thu, 19 Sep 2019 02:10:37 GMT"
        ],
        "Pragma": [
          "no-cache"
        ],
        "Location": [
          "https://management.azure.com/subscriptions/947d47b4-7883-4bb9-9d85-c5e8e2f572ce/operationresults/eyJqb2JJZCI6IlJFU09VUkNFR1JPVVBERUxFVElPTkpPQi1QUzIzMzEtV0VTVENFTlRSQUxVUyIsImpvYkxvY2F0aW9uIjoid2VzdGNlbnRyYWx1cyJ9?api-version=2016-09-01"
        ],
        "Retry-After": [
          "15"
        ],
        "x-ms-ratelimit-remaining-subscription-reads": [
          "11995"
        ],
        "x-ms-request-id": [
          "6cf43a9f-665b-4251-aab8-764e403da458"
        ],
        "x-ms-correlation-request-id": [
          "6cf43a9f-665b-4251-aab8-764e403da458"
        ],
        "x-ms-routing-request-id": [
          "CENTRALUS:20190919T021037Z:6cf43a9f-665b-4251-aab8-764e403da458"
        ],
        "Strict-Transport-Security": [
          "max-age=31536000; includeSubDomains"
        ],
        "X-Content-Type-Options": [
          "nosniff"
        ],
        "Content-Length": [
          "0"
        ],
        "Expires": [
          "-1"
        ]
      },
      "ResponseBody": "",
      "StatusCode": 202
    },
    {
      "RequestUri": "/subscriptions/947d47b4-7883-4bb9-9d85-c5e8e2f572ce/operationresults/eyJqb2JJZCI6IlJFU09VUkNFR1JPVVBERUxFVElPTkpPQi1QUzIzMzEtV0VTVENFTlRSQUxVUyIsImpvYkxvY2F0aW9uIjoid2VzdGNlbnRyYWx1cyJ9?api-version=2016-09-01",
      "EncodedRequestUri": "L3N1YnNjcmlwdGlvbnMvOTQ3ZDQ3YjQtNzg4My00YmI5LTlkODUtYzVlOGUyZjU3MmNlL29wZXJhdGlvbnJlc3VsdHMvZXlKcWIySkpaQ0k2SWxKRlUwOVZVa05GUjFKUFZWQkVSVXhGVkVsUFRrcFBRaTFRVXpJek16RXRWMFZUVkVORlRsUlNRVXhWVXlJc0ltcHZZa3h2WTJGMGFXOXVJam9pZDJWemRHTmxiblJ5WVd4MWN5Sjk/YXBpLXZlcnNpb249MjAxNi0wOS0wMQ==",
      "RequestMethod": "GET",
      "RequestBody": "",
      "RequestHeaders": {
        "User-Agent": [
          "FxVersion/4.6.26614.01",
          "OSName/Windows",
          "OSVersion/Microsoft.Windows.10.0.14393.",
          "Microsoft.Azure.Management.Internal.Resources.ResourceManagementClient/1.3.2"
        ]
      },
      "ResponseHeaders": {
        "Cache-Control": [
          "no-cache"
        ],
        "Date": [
          "Thu, 19 Sep 2019 02:10:52 GMT"
        ],
        "Pragma": [
          "no-cache"
        ],
        "x-ms-ratelimit-remaining-subscription-reads": [
          "11994"
        ],
        "x-ms-request-id": [
          "edc7cb57-233e-44e8-a320-3b7328c62fdc"
        ],
        "x-ms-correlation-request-id": [
          "edc7cb57-233e-44e8-a320-3b7328c62fdc"
        ],
        "x-ms-routing-request-id": [
          "CENTRALUS:20190919T021052Z:edc7cb57-233e-44e8-a320-3b7328c62fdc"
        ],
        "Strict-Transport-Security": [
          "max-age=31536000; includeSubDomains"
        ],
        "X-Content-Type-Options": [
          "nosniff"
        ],
        "Content-Length": [
          "0"
        ],
        "Expires": [
          "-1"
        ]
      },
      "ResponseBody": "",
      "StatusCode": 200
    },
    {
      "RequestUri": "/subscriptions/947d47b4-7883-4bb9-9d85-c5e8e2f572ce/operationresults/eyJqb2JJZCI6IlJFU09VUkNFR1JPVVBERUxFVElPTkpPQi1QUzIzMzEtV0VTVENFTlRSQUxVUyIsImpvYkxvY2F0aW9uIjoid2VzdGNlbnRyYWx1cyJ9?api-version=2016-09-01",
      "EncodedRequestUri": "L3N1YnNjcmlwdGlvbnMvOTQ3ZDQ3YjQtNzg4My00YmI5LTlkODUtYzVlOGUyZjU3MmNlL29wZXJhdGlvbnJlc3VsdHMvZXlKcWIySkpaQ0k2SWxKRlUwOVZVa05GUjFKUFZWQkVSVXhGVkVsUFRrcFBRaTFRVXpJek16RXRWMFZUVkVORlRsUlNRVXhWVXlJc0ltcHZZa3h2WTJGMGFXOXVJam9pZDJWemRHTmxiblJ5WVd4MWN5Sjk/YXBpLXZlcnNpb249MjAxNi0wOS0wMQ==",
      "RequestMethod": "GET",
      "RequestBody": "",
      "RequestHeaders": {
        "User-Agent": [
          "FxVersion/4.6.26614.01",
          "OSName/Windows",
          "OSVersion/Microsoft.Windows.10.0.14393.",
          "Microsoft.Azure.Management.Internal.Resources.ResourceManagementClient/1.3.2"
        ]
      },
      "ResponseHeaders": {
        "Cache-Control": [
          "no-cache"
        ],
        "Date": [
          "Thu, 19 Sep 2019 02:10:52 GMT"
        ],
        "Pragma": [
          "no-cache"
        ],
        "x-ms-ratelimit-remaining-subscription-reads": [
          "11993"
        ],
        "x-ms-request-id": [
          "8688dc67-7595-4607-b242-e1b975079662"
        ],
        "x-ms-correlation-request-id": [
          "8688dc67-7595-4607-b242-e1b975079662"
        ],
        "x-ms-routing-request-id": [
          "CENTRALUS:20190919T021052Z:8688dc67-7595-4607-b242-e1b975079662"
        ],
        "Strict-Transport-Security": [
          "max-age=31536000; includeSubDomains"
        ],
        "X-Content-Type-Options": [
          "nosniff"
        ],
        "Content-Length": [
          "0"
        ],
        "Expires": [
          "-1"
        ]
      },
      "ResponseBody": "",
      "StatusCode": 200
    }
  ],
  "Names": {
    "Test-PublicIpAddressCRUD": [
      "ps2331",
      "ps2771",
      "ps2982"
    ]
  },
  "Variables": {
    "SubscriptionId": "947d47b4-7883-4bb9-9d85-c5e8e2f572ce"
  }
}