{
  "Entries": [
    {
      "RequestUri": "/subscriptions/876407bb-5bd3-45c4-9c07-cd74a964b2fc/resourcegroups/onesdk4329?api-version=2016-02-01",
      "EncodedRequestUri": "L3N1YnNjcmlwdGlvbnMvODc2NDA3YmItNWJkMy00NWM0LTljMDctY2Q3NGE5NjRiMmZjL3Jlc291cmNlZ3JvdXBzL29uZXNkazQzMjk/YXBpLXZlcnNpb249MjAxNi0wMi0wMQ==",
      "RequestMethod": "PUT",
      "RequestBody": "{\r\n  \"location\": \"West Europe\"\r\n}",
      "RequestHeaders": {
        "Content-Type": [
          "application/json; charset=utf-8"
        ],
        "Content-Length": [
          "33"
        ],
        "User-Agent": [
          "Microsoft.Azure.Management.Resources.ResourceManagementClient/2.0.0.0"
        ]
      },
      "ResponseBody": "{\r\n  \"id\": \"/subscriptions/876407bb-5bd3-45c4-9c07-cd74a964b2fc/resourceGroups/onesdk4329\",\r\n  \"name\": \"onesdk4329\",\r\n  \"location\": \"westeurope\",\r\n  \"properties\": {\r\n    \"provisioningState\": \"Succeeded\"\r\n  }\r\n}",
      "ResponseHeaders": {
        "Content-Length": [
          "177"
        ],
        "Content-Type": [
          "application/json; charset=utf-8"
        ],
        "Expires": [
          "-1"
        ],
        "Pragma": [
          "no-cache"
        ],
        "x-ms-ratelimit-remaining-subscription-writes": [
          "1103"
        ],
        "x-ms-request-id": [
          "6aa89ae1-6d0d-40b7-beef-3c7279ed3579"
        ],
        "x-ms-correlation-request-id": [
          "6aa89ae1-6d0d-40b7-beef-3c7279ed3579"
        ],
        "x-ms-routing-request-id": [
          "CENTRALUS:20171003T020546Z:6aa89ae1-6d0d-40b7-beef-3c7279ed3579"
        ],
        "Strict-Transport-Security": [
          "max-age=31536000; includeSubDomains"
        ],
        "Cache-Control": [
          "no-cache"
        ],
        "Date": [
          "Tue, 03 Oct 2017 02:05:45 GMT"
        ]
      },
      "StatusCode": 201
    },
    {
      "RequestUri": "/subscriptions/876407bb-5bd3-45c4-9c07-cd74a964b2fc/resourceGroups/onesdk4329/providers/Microsoft.DataFactory/factories/onesdk6610?api-version=2017-09-01-preview",
      "EncodedRequestUri": "L3N1YnNjcmlwdGlvbnMvODc2NDA3YmItNWJkMy00NWM0LTljMDctY2Q3NGE5NjRiMmZjL3Jlc291cmNlR3JvdXBzL29uZXNkazQzMjkvcHJvdmlkZXJzL01pY3Jvc29mdC5EYXRhRmFjdG9yeS9mYWN0b3JpZXMvb25lc2RrNjYxMD9hcGktdmVyc2lvbj0yMDE3LTA5LTAxLXByZXZpZXc=",
      "RequestMethod": "PUT",
      "RequestBody": "{\r\n  \"identity\": {\r\n    \"type\": \"SystemAssigned\"\r\n  },\r\n  \"location\": \"West Europe\",\r\n  \"tags\": {}\r\n}",
      "RequestHeaders": {
        "Content-Type": [
          "application/json; charset=utf-8"
        ],
        "Content-Length": [
          "101"
        ],
        "x-ms-client-request-id": [
          "8b71cac5-36ba-4b23-ada7-c6ba9efb77d4"
        ],
        "accept-language": [
          "en-US"
        ],
        "User-Agent": [
          "FxVersion/4.7.2110.0",
          "OSName/Windows10Enterprise",
          "OSVersion/6.3.15063",
          "Microsoft.Azure.Management.DataFactory.DataFactoryManagementClient/0.2.0.0"
        ]
      },
      "ResponseBody": "{\r\n  \"name\": \"onesdk6610\",\r\n  \"tags\": {},\r\n  \"properties\": {\r\n    \"provisioningState\": \"Succeeded\",\r\n    \"loggingStorageAccountKey\": \"**********\",\r\n    \"createTime\": \"2017-10-03T02:05:51.6885367Z\",\r\n    \"version\": \"2017-09-01-preview\"\r\n  },\r\n  \"identity\": {\r\n    \"type\": \"SystemAssigned\",\r\n    \"principalId\": \"c9ba638e-04b4-4aec-a07e-ad385a629f68\",\r\n    \"tenantId\": \"033a6772-e760-4454-991a-35bd0f091e2e\"\r\n  },\r\n  \"id\": \"/subscriptions/876407bb-5bd3-45c4-9c07-cd74a964b2fc/resourceGroups/onesdk4329/providers/Microsoft.DataFactory/factories/onesdk6610\",\r\n  \"type\": \"Microsoft.DataFactory/factories\",\r\n  \"location\": \"West Europe\"\r\n}",
      "ResponseHeaders": {
        "Content-Length": [
          "537"
        ],
        "Content-Type": [
          "application/json; charset=utf-8"
        ],
        "Expires": [
          "-1"
        ],
        "Pragma": [
          "no-cache"
        ],
        "x-ms-request-id": [
          "6ccd451e-fa44-4955-991c-ad3cf49e46b7"
        ],
        "Strict-Transport-Security": [
          "max-age=31536000; includeSubDomains"
        ],
        "X-Content-Type-Options": [
          "nosniff"
        ],
        "x-ms-ratelimit-remaining-subscription-writes": [
          "1119"
        ],
        "x-ms-correlation-request-id": [
          "56c5c7a1-2ddf-40f1-8b93-6a8f5330bd3f"
        ],
        "x-ms-routing-request-id": [
          "CENTRALUS:20171003T020553Z:56c5c7a1-2ddf-40f1-8b93-6a8f5330bd3f"
        ],
        "Cache-Control": [
          "no-cache"
        ],
        "Date": [
          "Tue, 03 Oct 2017 02:05:52 GMT"
        ],
        "Server": [
          "Microsoft-IIS/8.5"
        ],
        "X-Powered-By": [
          "ASP.NET"
        ]
      },
      "StatusCode": 200
    },
    {
      "RequestUri": "/subscriptions/876407bb-5bd3-45c4-9c07-cd74a964b2fc/resourceGroups/onesdk4329/providers/Microsoft.DataFactory/factories/onesdk6610/linkedservices/foo1?api-version=2017-09-01-preview",
      "EncodedRequestUri": "L3N1YnNjcmlwdGlvbnMvODc2NDA3YmItNWJkMy00NWM0LTljMDctY2Q3NGE5NjRiMmZjL3Jlc291cmNlR3JvdXBzL29uZXNkazQzMjkvcHJvdmlkZXJzL01pY3Jvc29mdC5EYXRhRmFjdG9yeS9mYWN0b3JpZXMvb25lc2RrNjYxMC9saW5rZWRzZXJ2aWNlcy9mb28xP2FwaS12ZXJzaW9uPTIwMTctMDktMDEtcHJldmlldw==",
      "RequestMethod": "PUT",
      "RequestBody": "{\r\n  \"properties\": {\r\n    \"type\": \"AzureStorage\",\r\n    \"typeProperties\": {\r\n      \"connectionString\": {\r\n        \"value\": \"myfakeconnectionstring\",\r\n        \"type\": \"SecureString\"\r\n      }\r\n    }\r\n  }\r\n}",
      "RequestHeaders": {
        "Content-Type": [
          "application/json; charset=utf-8"
        ],
        "Content-Length": [
          "203"
        ],
        "x-ms-client-request-id": [
          "8c0da20a-6886-4bf5-bc6c-aa2bf22a5e48"
        ],
        "accept-language": [
          "en-US"
        ],
        "User-Agent": [
          "FxVersion/4.7.2110.0",
          "OSName/Windows10Enterprise",
          "OSVersion/6.3.15063",
          "Microsoft.Azure.Management.DataFactory.DataFactoryManagementClient/0.2.0.0"
        ]
      },
      "ResponseBody": "{\r\n  \"id\": \"/subscriptions/876407bb-5bd3-45c4-9c07-cd74a964b2fc/resourceGroups/onesdk4329/providers/Microsoft.DataFactory/factories/onesdk6610/linkedservices/foo1\",\r\n  \"name\": \"foo1\",\r\n  \"properties\": {\r\n    \"type\": \"AzureStorage\",\r\n    \"typeProperties\": {\r\n      \"connectionString\": {\r\n        \"value\": \"**********\",\r\n        \"type\": \"SecureString\"\r\n      }\r\n    }\r\n  },\r\n  \"etag\": \"00009c02-0000-0000-0000-59d2f0810000\"\r\n}",
      "ResponseHeaders": {
        "Content-Length": [
          "339"
        ],
        "Content-Type": [
          "application/json; charset=utf-8"
        ],
        "Expires": [
          "-1"
        ],
        "Pragma": [
          "no-cache"
        ],
        "x-ms-request-id": [
          "cb6ad1c4-0e10-4bdd-b248-1638af52ef09"
        ],
        "Strict-Transport-Security": [
          "max-age=31536000; includeSubDomains"
        ],
        "X-Content-Type-Options": [
          "nosniff"
        ],
        "x-ms-ratelimit-remaining-subscription-writes": [
          "1118"
        ],
        "x-ms-correlation-request-id": [
          "ec7a32f8-1497-49bd-bfde-507b6491b671"
        ],
        "x-ms-routing-request-id": [
          "CENTRALUS:20171003T020554Z:ec7a32f8-1497-49bd-bfde-507b6491b671"
        ],
        "Cache-Control": [
          "no-cache"
        ],
        "Date": [
          "Tue, 03 Oct 2017 02:05:54 GMT"
        ],
        "Server": [
          "Microsoft-IIS/8.5"
        ],
        "X-Powered-By": [
          "ASP.NET"
        ]
      },
      "StatusCode": 200
    },
    {
      "RequestUri": "/subscriptions/876407bb-5bd3-45c4-9c07-cd74a964b2fc/resourceGroups/onesdk4329/providers/Microsoft.DataFactory/factories/onesdk6610/datasets/dsIn?api-version=2017-09-01-preview",
      "EncodedRequestUri": "L3N1YnNjcmlwdGlvbnMvODc2NDA3YmItNWJkMy00NWM0LTljMDctY2Q3NGE5NjRiMmZjL3Jlc291cmNlR3JvdXBzL29uZXNkazQzMjkvcHJvdmlkZXJzL01pY3Jvc29mdC5EYXRhRmFjdG9yeS9mYWN0b3JpZXMvb25lc2RrNjYxMC9kYXRhc2V0cy9kc0luP2FwaS12ZXJzaW9uPTIwMTctMDktMDEtcHJldmlldw==",
      "RequestMethod": "PUT",
      "RequestBody": "{\r\n  \"properties\": {\r\n    \"type\": \"AzureBlob\",\r\n    \"typeProperties\": {\r\n      \"folderPath\": \"entitylogs/entitylogs.csv\",\r\n      \"format\": {\r\n        \"type\": \"TextFormat\"\r\n      }\r\n    },\r\n    \"linkedServiceName\": {\r\n      \"referenceName\": \"foo1\",\r\n      \"type\": \"LinkedServiceReference\"\r\n    }\r\n  }\r\n}",
      "RequestHeaders": {
        "Content-Type": [
          "application/json; charset=utf-8"
        ],
        "Content-Length": [
          "302"
        ],
        "x-ms-client-request-id": [
          "c4e8dc51-56e0-4ac5-8d86-c91c6ca9aaf8"
        ],
        "accept-language": [
          "en-US"
        ],
        "User-Agent": [
          "FxVersion/4.7.2110.0",
          "OSName/Windows10Enterprise",
          "OSVersion/6.3.15063",
          "Microsoft.Azure.Management.DataFactory.DataFactoryManagementClient/0.2.0.0"
        ]
      },
      "ResponseBody": "{\r\n  \"id\": \"/subscriptions/876407bb-5bd3-45c4-9c07-cd74a964b2fc/resourceGroups/onesdk4329/providers/Microsoft.DataFactory/factories/onesdk6610/datasets/dsIn\",\r\n  \"name\": \"dsIn\",\r\n  \"properties\": {\r\n    \"type\": \"AzureBlob\",\r\n    \"typeProperties\": {\r\n      \"folderPath\": \"entitylogs/entitylogs.csv\",\r\n      \"format\": {\r\n        \"type\": \"TextFormat\"\r\n      }\r\n    },\r\n    \"linkedServiceName\": {\r\n      \"referenceName\": \"foo1\",\r\n      \"type\": \"LinkedServiceReference\"\r\n    }\r\n  },\r\n  \"etag\": \"00009d02-0000-0000-0000-59d2f0820000\"\r\n}",
      "ResponseHeaders": {
        "Content-Length": [
          "415"
        ],
        "Content-Type": [
          "application/json; charset=utf-8"
        ],
        "Expires": [
          "-1"
        ],
        "Pragma": [
          "no-cache"
        ],
        "x-ms-request-id": [
          "ec7138a1-182e-4c74-884a-d084774254a6"
        ],
        "Strict-Transport-Security": [
          "max-age=31536000; includeSubDomains"
        ],
        "X-Content-Type-Options": [
          "nosniff"
        ],
        "x-ms-ratelimit-remaining-subscription-writes": [
          "1117"
        ],
        "x-ms-correlation-request-id": [
          "7a006fe3-4cbe-414d-87f9-c15cf2e07b6b"
        ],
        "x-ms-routing-request-id": [
          "CENTRALUS:20171003T020554Z:7a006fe3-4cbe-414d-87f9-c15cf2e07b6b"
        ],
        "Cache-Control": [
          "no-cache"
        ],
        "Date": [
          "Tue, 03 Oct 2017 02:05:54 GMT"
        ],
        "Server": [
          "Microsoft-IIS/8.5"
        ],
        "X-Powered-By": [
          "ASP.NET"
        ]
      },
      "StatusCode": 200
    },
    {
      "RequestUri": "/subscriptions/876407bb-5bd3-45c4-9c07-cd74a964b2fc/resourceGroups/onesdk4329/providers/Microsoft.DataFactory/factories/onesdk6610/datasets/ds0_0?api-version=2017-09-01-preview",
      "EncodedRequestUri": "L3N1YnNjcmlwdGlvbnMvODc2NDA3YmItNWJkMy00NWM0LTljMDctY2Q3NGE5NjRiMmZjL3Jlc291cmNlR3JvdXBzL29uZXNkazQzMjkvcHJvdmlkZXJzL01pY3Jvc29mdC5EYXRhRmFjdG9yeS9mYWN0b3JpZXMvb25lc2RrNjYxMC9kYXRhc2V0cy9kczBfMD9hcGktdmVyc2lvbj0yMDE3LTA5LTAxLXByZXZpZXc=",
      "RequestMethod": "PUT",
      "RequestBody": "{\r\n  \"properties\": {\r\n    \"type\": \"AzureBlob\",\r\n    \"typeProperties\": {\r\n      \"folderPath\": \"entitylogs\",\r\n      \"fileName\": {\r\n        \"value\": \"@concat('variant0_0_', parameters('OutputBlobName'))\",\r\n        \"type\": \"Expression\"\r\n      },\r\n      \"format\": {\r\n        \"type\": \"TextFormat\"\r\n      }\r\n    },\r\n    \"linkedServiceName\": {\r\n      \"referenceName\": \"foo1\",\r\n      \"type\": \"LinkedServiceReference\"\r\n    }\r\n  }\r\n}",
      "RequestHeaders": {
        "Content-Type": [
          "application/json; charset=utf-8"
        ],
        "Content-Length": [
          "422"
        ],
        "x-ms-client-request-id": [
          "e773c415-a15a-40f1-b27a-0d98f1f98e01"
        ],
        "accept-language": [
          "en-US"
        ],
        "User-Agent": [
          "FxVersion/4.7.2110.0",
          "OSName/Windows10Enterprise",
          "OSVersion/6.3.15063",
          "Microsoft.Azure.Management.DataFactory.DataFactoryManagementClient/0.2.0.0"
        ]
      },
      "ResponseBody": "{\r\n  \"id\": \"/subscriptions/876407bb-5bd3-45c4-9c07-cd74a964b2fc/resourceGroups/onesdk4329/providers/Microsoft.DataFactory/factories/onesdk6610/datasets/ds0_0\",\r\n  \"name\": \"ds0_0\",\r\n  \"properties\": {\r\n    \"type\": \"AzureBlob\",\r\n    \"typeProperties\": {\r\n      \"folderPath\": \"entitylogs\",\r\n      \"fileName\": {\r\n        \"value\": \"@concat('variant0_0_', parameters('OutputBlobName'))\",\r\n        \"type\": \"Expression\"\r\n      },\r\n      \"format\": {\r\n        \"type\": \"TextFormat\"\r\n      }\r\n    },\r\n    \"linkedServiceName\": {\r\n      \"referenceName\": \"foo1\",\r\n      \"type\": \"LinkedServiceReference\"\r\n    }\r\n  },\r\n  \"etag\": \"00009f02-0000-0000-0000-59d2f0820000\"\r\n}",
      "ResponseHeaders": {
        "Content-Length": [
          "498"
        ],
        "Content-Type": [
          "application/json; charset=utf-8"
        ],
        "Expires": [
          "-1"
        ],
        "Pragma": [
          "no-cache"
        ],
        "x-ms-request-id": [
          "2570cec7-8cb1-4a33-8071-f5ddbe58a510"
        ],
        "Strict-Transport-Security": [
          "max-age=31536000; includeSubDomains"
        ],
        "X-Content-Type-Options": [
          "nosniff"
        ],
        "x-ms-ratelimit-remaining-subscription-writes": [
          "1116"
        ],
        "x-ms-correlation-request-id": [
          "6a8cf9d8-3a41-4f56-9e5b-48557d147d13"
        ],
        "x-ms-routing-request-id": [
          "CENTRALUS:20171003T020555Z:6a8cf9d8-3a41-4f56-9e5b-48557d147d13"
        ],
        "Cache-Control": [
          "no-cache"
        ],
        "Date": [
          "Tue, 03 Oct 2017 02:05:55 GMT"
        ],
        "Server": [
          "Microsoft-IIS/8.5"
        ],
        "X-Powered-By": [
          "ASP.NET"
        ]
      },
      "StatusCode": 200
    },
    {
      "RequestUri": "/subscriptions/876407bb-5bd3-45c4-9c07-cd74a964b2fc/resourceGroups/onesdk4329/providers/Microsoft.DataFactory/factories/onesdk6610/datasets/ds1_0?api-version=2017-09-01-preview",
      "EncodedRequestUri": "L3N1YnNjcmlwdGlvbnMvODc2NDA3YmItNWJkMy00NWM0LTljMDctY2Q3NGE5NjRiMmZjL3Jlc291cmNlR3JvdXBzL29uZXNkazQzMjkvcHJvdmlkZXJzL01pY3Jvc29mdC5EYXRhRmFjdG9yeS9mYWN0b3JpZXMvb25lc2RrNjYxMC9kYXRhc2V0cy9kczFfMD9hcGktdmVyc2lvbj0yMDE3LTA5LTAxLXByZXZpZXc=",
      "RequestMethod": "PUT",
      "RequestBody": "{\r\n  \"properties\": {\r\n    \"type\": \"AzureBlob\",\r\n    \"typeProperties\": {\r\n      \"folderPath\": \"entitylogs\",\r\n      \"fileName\": {\r\n        \"value\": \"@concat('variant1_0_', parameters('OutputBlobName'))\",\r\n        \"type\": \"Expression\"\r\n      },\r\n      \"format\": {\r\n        \"type\": \"TextFormat\"\r\n      }\r\n    },\r\n    \"linkedServiceName\": {\r\n      \"referenceName\": \"foo1\",\r\n      \"type\": \"LinkedServiceReference\"\r\n    }\r\n  }\r\n}",
      "RequestHeaders": {
        "Content-Type": [
          "application/json; charset=utf-8"
        ],
        "Content-Length": [
          "422"
        ],
        "x-ms-client-request-id": [
          "7175bdf4-a601-4d37-8fa6-89bfb111a0fc"
        ],
        "accept-language": [
          "en-US"
        ],
        "User-Agent": [
          "FxVersion/4.7.2110.0",
          "OSName/Windows10Enterprise",
          "OSVersion/6.3.15063",
          "Microsoft.Azure.Management.DataFactory.DataFactoryManagementClient/0.2.0.0"
        ]
      },
      "ResponseBody": "{\r\n  \"id\": \"/subscriptions/876407bb-5bd3-45c4-9c07-cd74a964b2fc/resourceGroups/onesdk4329/providers/Microsoft.DataFactory/factories/onesdk6610/datasets/ds1_0\",\r\n  \"name\": \"ds1_0\",\r\n  \"properties\": {\r\n    \"type\": \"AzureBlob\",\r\n    \"typeProperties\": {\r\n      \"folderPath\": \"entitylogs\",\r\n      \"fileName\": {\r\n        \"value\": \"@concat('variant1_0_', parameters('OutputBlobName'))\",\r\n        \"type\": \"Expression\"\r\n      },\r\n      \"format\": {\r\n        \"type\": \"TextFormat\"\r\n      }\r\n    },\r\n    \"linkedServiceName\": {\r\n      \"referenceName\": \"foo1\",\r\n      \"type\": \"LinkedServiceReference\"\r\n    }\r\n  },\r\n  \"etag\": \"0000a102-0000-0000-0000-59d2f0830000\"\r\n}",
      "ResponseHeaders": {
        "Content-Length": [
          "498"
        ],
        "Content-Type": [
          "application/json; charset=utf-8"
        ],
        "Expires": [
          "-1"
        ],
        "Pragma": [
          "no-cache"
        ],
        "x-ms-request-id": [
          "ac68c655-0a2f-480a-8117-c7d7d3fbdff6"
        ],
        "Strict-Transport-Security": [
          "max-age=31536000; includeSubDomains"
        ],
        "X-Content-Type-Options": [
          "nosniff"
        ],
        "x-ms-ratelimit-remaining-subscription-writes": [
          "1115"
        ],
        "x-ms-correlation-request-id": [
          "fdd5b48b-e612-463d-80c1-6f0951fa392f"
        ],
        "x-ms-routing-request-id": [
          "CENTRALUS:20171003T020555Z:fdd5b48b-e612-463d-80c1-6f0951fa392f"
        ],
        "Cache-Control": [
          "no-cache"
        ],
        "Date": [
          "Tue, 03 Oct 2017 02:05:55 GMT"
        ],
        "Server": [
          "Microsoft-IIS/8.5"
        ],
        "X-Powered-By": [
          "ASP.NET"
        ]
      },
      "StatusCode": 200
    },
    {
      "RequestUri": "/subscriptions/876407bb-5bd3-45c4-9c07-cd74a964b2fc/resourceGroups/onesdk4329/providers/Microsoft.DataFactory/factories/onesdk6610/pipelines/samplePipeline?api-version=2017-09-01-preview",
      "EncodedRequestUri": "L3N1YnNjcmlwdGlvbnMvODc2NDA3YmItNWJkMy00NWM0LTljMDctY2Q3NGE5NjRiMmZjL3Jlc291cmNlR3JvdXBzL29uZXNkazQzMjkvcHJvdmlkZXJzL01pY3Jvc29mdC5EYXRhRmFjdG9yeS9mYWN0b3JpZXMvb25lc2RrNjYxMC9waXBlbGluZXMvc2FtcGxlUGlwZWxpbmU/YXBpLXZlcnNpb249MjAxNy0wOS0wMS1wcmV2aWV3",
      "RequestMethod": "PUT",
      "RequestBody": "{\r\n  \"properties\": {\r\n    \"activities\": [\r\n      {\r\n        \"type\": \"Copy\",\r\n        \"typeProperties\": {\r\n          \"source\": {\r\n            \"type\": \"BlobSource\"\r\n          },\r\n          \"sink\": {\r\n            \"type\": \"BlobSink\"\r\n          }\r\n        },\r\n        \"inputs\": [\r\n          {\r\n            \"referenceName\": \"dsIn\",\r\n            \"type\": \"DatasetReference\"\r\n          }\r\n        ],\r\n        \"outputs\": [\r\n          {\r\n            \"referenceName\": \"ds0_0\",\r\n            \"type\": \"DatasetReference\"\r\n          }\r\n        ],\r\n        \"name\": \"MyCopyActivity_0_0\"\r\n      },\r\n      {\r\n        \"type\": \"Copy\",\r\n        \"typeProperties\": {\r\n          \"source\": {\r\n            \"type\": \"BlobSource\"\r\n          },\r\n          \"sink\": {\r\n            \"type\": \"BlobSink\"\r\n          }\r\n        },\r\n        \"inputs\": [\r\n          {\r\n            \"referenceName\": \"ds0_0\",\r\n            \"type\": \"DatasetReference\"\r\n          }\r\n        ],\r\n        \"outputs\": [\r\n          {\r\n            \"referenceName\": \"ds1_0\",\r\n            \"type\": \"DatasetReference\"\r\n          }\r\n        ],\r\n        \"name\": \"MyCopyActivity_1_0\",\r\n        \"dependsOn\": [\r\n          {\r\n            \"activity\": \"MyCopyActivity_0_0\",\r\n            \"dependencyConditions\": [\r\n              \"Succeeded\"\r\n            ]\r\n          }\r\n        ]\r\n      }\r\n    ],\r\n    \"parameters\": {\r\n      \"OutputBlobName\": {\r\n        \"type\": \"String\"\r\n      }\r\n    }\r\n  }\r\n}",
      "RequestHeaders": {
        "Content-Type": [
          "application/json; charset=utf-8"
        ],
        "Content-Length": [
          "1409"
        ],
        "x-ms-client-request-id": [
          "3275c5aa-fd12-4149-94fd-c16f82ab5397"
        ],
        "accept-language": [
          "en-US"
        ],
        "User-Agent": [
          "FxVersion/4.7.2110.0",
          "OSName/Windows10Enterprise",
          "OSVersion/6.3.15063",
          "Microsoft.Azure.Management.DataFactory.DataFactoryManagementClient/0.2.0.0"
        ]
      },
      "ResponseBody": "{\r\n  \"id\": \"/subscriptions/876407bb-5bd3-45c4-9c07-cd74a964b2fc/resourceGroups/onesdk4329/providers/Microsoft.DataFactory/factories/onesdk6610/pipelines/samplePipeline\",\r\n  \"name\": \"samplePipeline\",\r\n  \"properties\": {\r\n    \"activities\": [\r\n      {\r\n        \"type\": \"Copy\",\r\n        \"typeProperties\": {\r\n          \"source\": {\r\n            \"type\": \"BlobSource\"\r\n          },\r\n          \"sink\": {\r\n            \"type\": \"BlobSink\"\r\n          }\r\n        },\r\n        \"inputs\": [\r\n          {\r\n            \"referenceName\": \"dsIn\",\r\n            \"type\": \"DatasetReference\"\r\n          }\r\n        ],\r\n        \"outputs\": [\r\n          {\r\n            \"referenceName\": \"ds0_0\",\r\n            \"type\": \"DatasetReference\"\r\n          }\r\n        ],\r\n        \"name\": \"MyCopyActivity_0_0\"\r\n      },\r\n      {\r\n        \"type\": \"Copy\",\r\n        \"typeProperties\": {\r\n          \"source\": {\r\n            \"type\": \"BlobSource\"\r\n          },\r\n          \"sink\": {\r\n            \"type\": \"BlobSink\"\r\n          }\r\n        },\r\n        \"inputs\": [\r\n          {\r\n            \"referenceName\": \"ds0_0\",\r\n            \"type\": \"DatasetReference\"\r\n          }\r\n        ],\r\n        \"outputs\": [\r\n          {\r\n            \"referenceName\": \"ds1_0\",\r\n            \"type\": \"DatasetReference\"\r\n          }\r\n        ],\r\n        \"name\": \"MyCopyActivity_1_0\",\r\n        \"dependsOn\": [\r\n          {\r\n            \"activity\": \"MyCopyActivity_0_0\",\r\n            \"dependencyConditions\": [\r\n              \"Succeeded\"\r\n            ]\r\n          }\r\n        ]\r\n      }\r\n    ],\r\n    \"parameters\": {\r\n      \"OutputBlobName\": {\r\n        \"type\": \"String\"\r\n      }\r\n    }\r\n  },\r\n  \"etag\": \"0000a302-0000-0000-0000-59d2f0830000\"\r\n}",
      "ResponseHeaders": {
        "Content-Length": [
          "894"
        ],
        "Content-Type": [
          "application/json; charset=utf-8"
        ],
        "Expires": [
          "-1"
        ],
        "Pragma": [
          "no-cache"
        ],
        "x-ms-request-id": [
          "09aaa021-8c3f-4cd2-9f67-9a3e8d94ee35"
        ],
        "Strict-Transport-Security": [
          "max-age=31536000; includeSubDomains"
        ],
        "X-Content-Type-Options": [
          "nosniff"
        ],
        "x-ms-ratelimit-remaining-subscription-writes": [
          "1114"
        ],
        "x-ms-correlation-request-id": [
          "c5381443-da0e-4ae4-8c65-b9d36caacd9f"
        ],
        "x-ms-routing-request-id": [
          "CENTRALUS:20171003T020556Z:c5381443-da0e-4ae4-8c65-b9d36caacd9f"
        ],
        "Cache-Control": [
          "no-cache"
        ],
        "Date": [
          "Tue, 03 Oct 2017 02:05:56 GMT"
        ],
        "Server": [
          "Microsoft-IIS/8.5"
        ],
        "X-Powered-By": [
          "ASP.NET"
        ]
      },
      "StatusCode": 200
    },
    {
      "RequestUri": "/subscriptions/876407bb-5bd3-45c4-9c07-cd74a964b2fc/resourceGroups/onesdk4329/providers/Microsoft.DataFactory/factories/onesdk6610/pipelines/samplePipeline/createRun?api-version=2017-09-01-preview",
      "EncodedRequestUri": "L3N1YnNjcmlwdGlvbnMvODc2NDA3YmItNWJkMy00NWM0LTljMDctY2Q3NGE5NjRiMmZjL3Jlc291cmNlR3JvdXBzL29uZXNkazQzMjkvcHJvdmlkZXJzL01pY3Jvc29mdC5EYXRhRmFjdG9yeS9mYWN0b3JpZXMvb25lc2RrNjYxMC9waXBlbGluZXMvc2FtcGxlUGlwZWxpbmUvY3JlYXRlUnVuP2FwaS12ZXJzaW9uPTIwMTctMDktMDEtcHJldmlldw==",
      "RequestMethod": "POST",
      "RequestBody": "{\r\n  \"OutputBlobName\": \"test\"\r\n}",
      "RequestHeaders": {
        "Content-Type": [
          "application/json; charset=utf-8"
        ],
        "Content-Length": [
          "32"
        ],
        "x-ms-client-request-id": [
          "d1bf6893-fdab-4416-9fd6-acd184c72fb7"
        ],
        "accept-language": [
          "en-US"
        ],
        "User-Agent": [
          "FxVersion/4.7.2110.0",
          "OSName/Windows10Enterprise",
          "OSVersion/6.3.15063",
          "Microsoft.Azure.Management.DataFactory.DataFactoryManagementClient/0.2.0.0"
        ]
      },
      "ResponseBody": "{\r\n  \"runId\": \"36956604-a8b4-467b-97ce-3739aac9a3b8\"\r\n}",
      "ResponseHeaders": {
        "Content-Length": [
          "48"
        ],
        "Content-Type": [
          "application/json; charset=utf-8"
        ],
        "Expires": [
          "-1"
        ],
        "Pragma": [
          "no-cache"
        ],
        "x-ms-request-id": [
          "36956604-a8b4-467b-97ce-3739aac9a3b8"
        ],
        "Strict-Transport-Security": [
          "max-age=31536000; includeSubDomains"
        ],
        "X-Content-Type-Options": [
          "nosniff"
        ],
        "x-ms-ratelimit-remaining-subscription-writes": [
          "1113"
        ],
        "x-ms-correlation-request-id": [
          "58c14348-f4fc-41ec-a6dc-53d812dd9bfa"
        ],
        "x-ms-routing-request-id": [
          "CENTRALUS:20171003T020602Z:58c14348-f4fc-41ec-a6dc-53d812dd9bfa"
        ],
        "Cache-Control": [
          "no-cache"
        ],
        "Date": [
          "Tue, 03 Oct 2017 02:06:01 GMT"
        ],
        "Server": [
          "Microsoft-IIS/8.5"
        ],
        "X-Powered-By": [
          "ASP.NET"
        ]
      },
      "StatusCode": 202
    },
    {
      "RequestUri": "/subscriptions/876407bb-5bd3-45c4-9c07-cd74a964b2fc/resourceGroups/onesdk4329/providers/Microsoft.DataFactory/factories/onesdk6610/pipelineruns/36956604-a8b4-467b-97ce-3739aac9a3b8/activityruns?api-version=2017-09-01-preview&startTime=2017-03-29T00:00:00Z&endTime=2017-04-08T00:00:00Z",
      "EncodedRequestUri": "L3N1YnNjcmlwdGlvbnMvODc2NDA3YmItNWJkMy00NWM0LTljMDctY2Q3NGE5NjRiMmZjL3Jlc291cmNlR3JvdXBzL29uZXNkazQzMjkvcHJvdmlkZXJzL01pY3Jvc29mdC5EYXRhRmFjdG9yeS9mYWN0b3JpZXMvb25lc2RrNjYxMC9waXBlbGluZXJ1bnMvMzY5NTY2MDQtYThiNC00NjdiLTk3Y2UtMzczOWFhYzlhM2I4L2FjdGl2aXR5cnVucz9hcGktdmVyc2lvbj0yMDE3LTA5LTAxLXByZXZpZXcmc3RhcnRUaW1lPTIwMTctMDMtMjlUMDAlM0EwMCUzQTAwWiZlbmRUaW1lPTIwMTctMDQtMDhUMDAlM0EwMCUzQTAwWg==",
      "RequestMethod": "GET",
      "RequestBody": "",
      "RequestHeaders": {
        "x-ms-client-request-id": [
          "4ca27a30-65ae-48b2-8244-da6acd62df09"
        ],
        "accept-language": [
          "en-US"
        ],
        "User-Agent": [
          "FxVersion/4.7.2110.0",
          "OSName/Windows10Enterprise",
          "OSVersion/6.3.15063",
          "Microsoft.Azure.Management.DataFactory.DataFactoryManagementClient/0.2.0.0"
        ]
      },
      "ResponseBody": "{\r\n  \"value\": []\r\n}",
      "ResponseHeaders": {
        "Content-Length": [
          "12"
        ],
        "Content-Type": [
          "application/json; charset=utf-8"
        ],
        "Expires": [
          "-1"
        ],
        "Pragma": [
          "no-cache"
        ],
        "x-ms-request-id": [
          "075e2fea-ed83-47d8-b139-74db7b564898"
        ],
        "Strict-Transport-Security": [
          "max-age=31536000; includeSubDomains"
        ],
        "X-Content-Type-Options": [
          "nosniff"
        ],
        "x-ms-ratelimit-remaining-subscription-reads": [
          "14726"
        ],
        "x-ms-correlation-request-id": [
          "16fbee7e-588d-45f3-b7d0-88e70404193b"
        ],
        "x-ms-routing-request-id": [
          "CENTRALUS:20171003T020603Z:16fbee7e-588d-45f3-b7d0-88e70404193b"
        ],
        "Cache-Control": [
          "no-cache"
        ],
        "Date": [
          "Tue, 03 Oct 2017 02:06:03 GMT"
        ],
        "Server": [
          "Microsoft-IIS/8.5"
        ],
        "X-Powered-By": [
          "ASP.NET"
        ]
      },
      "StatusCode": 200
    },
    {
      "RequestUri": "/subscriptions/876407bb-5bd3-45c4-9c07-cd74a964b2fc/resourceGroups/onesdk4329/providers/Microsoft.DataFactory/factories/onesdk6610/pipelineruns/36956604-a8b4-467b-97ce-3739aac9a3b8/activityruns?api-version=2017-09-01-preview&startTime=2017-03-29T00:00:00Z&endTime=2017-04-08T00:00:00Z",
      "EncodedRequestUri": "L3N1YnNjcmlwdGlvbnMvODc2NDA3YmItNWJkMy00NWM0LTljMDctY2Q3NGE5NjRiMmZjL3Jlc291cmNlR3JvdXBzL29uZXNkazQzMjkvcHJvdmlkZXJzL01pY3Jvc29mdC5EYXRhRmFjdG9yeS9mYWN0b3JpZXMvb25lc2RrNjYxMC9waXBlbGluZXJ1bnMvMzY5NTY2MDQtYThiNC00NjdiLTk3Y2UtMzczOWFhYzlhM2I4L2FjdGl2aXR5cnVucz9hcGktdmVyc2lvbj0yMDE3LTA5LTAxLXByZXZpZXcmc3RhcnRUaW1lPTIwMTctMDMtMjlUMDAlM0EwMCUzQTAwWiZlbmRUaW1lPTIwMTctMDQtMDhUMDAlM0EwMCUzQTAwWg==",
      "RequestMethod": "GET",
      "RequestBody": "",
      "RequestHeaders": {
        "x-ms-client-request-id": [
          "a7264ef1-b9e2-4d62-98e3-b810477b40f1"
        ],
        "accept-language": [
          "en-US"
        ],
        "User-Agent": [
          "FxVersion/4.7.2110.0",
          "OSName/Windows10Enterprise",
          "OSVersion/6.3.15063",
          "Microsoft.Azure.Management.DataFactory.DataFactoryManagementClient/0.2.0.0"
        ]
      },
      "ResponseBody": "{\r\n  \"value\": []\r\n}",
      "ResponseHeaders": {
        "Content-Length": [
          "12"
        ],
        "Content-Type": [
          "application/json; charset=utf-8"
        ],
        "Expires": [
          "-1"
        ],
        "Pragma": [
          "no-cache"
        ],
        "x-ms-request-id": [
          "25ee2932-680a-4a04-beaf-0c3de9810fc9"
        ],
        "Strict-Transport-Security": [
          "max-age=31536000; includeSubDomains"
        ],
        "X-Content-Type-Options": [
          "nosniff"
        ],
        "x-ms-ratelimit-remaining-subscription-reads": [
          "14725"
        ],
        "x-ms-correlation-request-id": [
          "6d0a2d0f-e2b6-4981-89fd-2955d1bde5d2"
        ],
        "x-ms-routing-request-id": [
          "CENTRALUS:20171003T020603Z:6d0a2d0f-e2b6-4981-89fd-2955d1bde5d2"
        ],
        "Cache-Control": [
          "no-cache"
        ],
        "Date": [
          "Tue, 03 Oct 2017 02:06:03 GMT"
        ],
        "Server": [
          "Microsoft-IIS/8.5"
        ],
        "X-Powered-By": [
          "ASP.NET"
        ]
      },
      "StatusCode": 200
    },
    {
      "RequestUri": "/subscriptions/876407bb-5bd3-45c4-9c07-cd74a964b2fc/resourceGroups/onesdk4329/providers/Microsoft.DataFactory/factories/onesdk6610/pipelineruns/36956604-a8b4-467b-97ce-3739aac9a3b8?api-version=2017-09-01-preview",
      "EncodedRequestUri": "L3N1YnNjcmlwdGlvbnMvODc2NDA3YmItNWJkMy00NWM0LTljMDctY2Q3NGE5NjRiMmZjL3Jlc291cmNlR3JvdXBzL29uZXNkazQzMjkvcHJvdmlkZXJzL01pY3Jvc29mdC5EYXRhRmFjdG9yeS9mYWN0b3JpZXMvb25lc2RrNjYxMC9waXBlbGluZXJ1bnMvMzY5NTY2MDQtYThiNC00NjdiLTk3Y2UtMzczOWFhYzlhM2I4P2FwaS12ZXJzaW9uPTIwMTctMDktMDEtcHJldmlldw==",
      "RequestMethod": "GET",
      "RequestBody": "",
      "RequestHeaders": {
        "x-ms-client-request-id": [
          "260a2cef-c116-4839-b5a4-70ae2466b438"
        ],
        "accept-language": [
          "en-US"
        ],
        "User-Agent": [
          "FxVersion/4.7.2110.0",
          "OSName/Windows10Enterprise",
          "OSVersion/6.3.15063",
          "Microsoft.Azure.Management.DataFactory.DataFactoryManagementClient/0.2.0.0"
        ]
      },
      "ResponseBody": "{\r\n  \"runId\": \"36956604-a8b4-467b-97ce-3739aac9a3b8\",\r\n  \"pipelineName\": \"samplePipeline\",\r\n  \"parameters\": {\r\n    \"OutputBlobName\": \"test\"\r\n  },\r\n  \"invokedBy\": {\r\n    \"id\": \"d8e596eaf77942a8961a77c720ede52b\",\r\n    \"name\": \"Manual\"\r\n  },\r\n  \"runStart\": \"2017-10-03T02:05:56.8728358Z\",\r\n  \"runEnd\": null,\r\n  \"durationInMs\": null,\r\n  \"status\": \"InProgress\",\r\n  \"message\": null,\r\n  \"lastUpdated\": \"2017-10-03T02:05:57.0336556Z\"\r\n}",
      "ResponseHeaders": {
        "Content-Length": [
          "347"
        ],
        "Content-Type": [
          "application/json; charset=utf-8"
        ],
        "Expires": [
          "-1"
        ],
        "Pragma": [
          "no-cache"
        ],
        "x-ms-request-id": [
          "9c1ed506-918a-4e33-b88a-4470386f395b"
        ],
        "Strict-Transport-Security": [
          "max-age=31536000; includeSubDomains"
        ],
        "X-Content-Type-Options": [
          "nosniff"
        ],
        "x-ms-ratelimit-remaining-subscription-reads": [
          "14724"
        ],
        "x-ms-correlation-request-id": [
          "c3ddf4b8-6db2-4001-a308-06694a4eacca"
        ],
        "x-ms-routing-request-id": [
          "CENTRALUS:20171003T020603Z:c3ddf4b8-6db2-4001-a308-06694a4eacca"
        ],
        "Cache-Control": [
          "no-cache"
        ],
        "Date": [
          "Tue, 03 Oct 2017 02:06:03 GMT"
        ],
        "Server": [
          "Microsoft-IIS/8.5"
        ],
        "X-Powered-By": [
          "ASP.NET"
        ]
      },
      "StatusCode": 200
    },
    {
      "RequestUri": "/subscriptions/876407bb-5bd3-45c4-9c07-cd74a964b2fc/resourceGroups/onesdk4329/providers/Microsoft.DataFactory/factories/onesdk6610/pipelineruns/36956604-a8b4-467b-97ce-3739aac9a3b8?api-version=2017-09-01-preview",
      "EncodedRequestUri": "L3N1YnNjcmlwdGlvbnMvODc2NDA3YmItNWJkMy00NWM0LTljMDctY2Q3NGE5NjRiMmZjL3Jlc291cmNlR3JvdXBzL29uZXNkazQzMjkvcHJvdmlkZXJzL01pY3Jvc29mdC5EYXRhRmFjdG9yeS9mYWN0b3JpZXMvb25lc2RrNjYxMC9waXBlbGluZXJ1bnMvMzY5NTY2MDQtYThiNC00NjdiLTk3Y2UtMzczOWFhYzlhM2I4P2FwaS12ZXJzaW9uPTIwMTctMDktMDEtcHJldmlldw==",
      "RequestMethod": "GET",
      "RequestBody": "",
      "RequestHeaders": {
        "x-ms-client-request-id": [
          "5dc6f977-f77b-4932-bc40-16915e5bcb31"
        ],
        "accept-language": [
          "en-US"
        ],
        "User-Agent": [
          "FxVersion/4.7.2110.0",
          "OSName/Windows10Enterprise",
          "OSVersion/6.3.15063",
          "Microsoft.Azure.Management.DataFactory.DataFactoryManagementClient/0.2.0.0"
        ]
      },
      "ResponseBody": "{\r\n  \"runId\": \"36956604-a8b4-467b-97ce-3739aac9a3b8\",\r\n  \"pipelineName\": \"samplePipeline\",\r\n  \"parameters\": {\r\n    \"OutputBlobName\": \"test\"\r\n  },\r\n  \"invokedBy\": {\r\n    \"id\": \"d8e596eaf77942a8961a77c720ede52b\",\r\n    \"name\": \"Manual\"\r\n  },\r\n  \"runStart\": \"2017-10-03T02:05:56.8728358Z\",\r\n  \"runEnd\": null,\r\n  \"durationInMs\": null,\r\n  \"status\": \"InProgress\",\r\n  \"message\": \"\",\r\n  \"lastUpdated\": \"2017-10-03T02:06:03.049021Z\"\r\n}",
      "ResponseHeaders": {
        "Content-Length": [
          "344"
        ],
        "Content-Type": [
          "application/json; charset=utf-8"
        ],
        "Expires": [
          "-1"
        ],
        "Pragma": [
          "no-cache"
        ],
        "x-ms-request-id": [
          "42ee017d-d886-4328-8329-850b05c2afa4"
        ],
        "Strict-Transport-Security": [
          "max-age=31536000; includeSubDomains"
        ],
        "X-Content-Type-Options": [
          "nosniff"
        ],
        "x-ms-ratelimit-remaining-subscription-reads": [
          "14722"
        ],
        "x-ms-correlation-request-id": [
          "1f2c9d47-2ef4-466c-882f-bef85b65d5ba"
        ],
        "x-ms-routing-request-id": [
          "CENTRALUS:20171003T020603Z:1f2c9d47-2ef4-466c-882f-bef85b65d5ba"
        ],
        "Cache-Control": [
          "no-cache"
        ],
        "Date": [
          "Tue, 03 Oct 2017 02:06:03 GMT"
        ],
        "Server": [
          "Microsoft-IIS/8.5"
        ],
        "X-Powered-By": [
          "ASP.NET"
        ]
      },
      "StatusCode": 200
    },
    {
      "RequestUri": "/subscriptions/876407bb-5bd3-45c4-9c07-cd74a964b2fc/resourceGroups/onesdk4329/providers/Microsoft.DataFactory/factories/onesdk6610?api-version=2017-09-01-preview",
      "EncodedRequestUri": "L3N1YnNjcmlwdGlvbnMvODc2NDA3YmItNWJkMy00NWM0LTljMDctY2Q3NGE5NjRiMmZjL3Jlc291cmNlR3JvdXBzL29uZXNkazQzMjkvcHJvdmlkZXJzL01pY3Jvc29mdC5EYXRhRmFjdG9yeS9mYWN0b3JpZXMvb25lc2RrNjYxMD9hcGktdmVyc2lvbj0yMDE3LTA5LTAxLXByZXZpZXc=",
      "RequestMethod": "DELETE",
      "RequestBody": "",
      "RequestHeaders": {
        "x-ms-client-request-id": [
          "d35ea570-4f56-4294-9dc4-693f0b312bd8"
        ],
        "accept-language": [
          "en-US"
        ],
        "User-Agent": [
          "FxVersion/4.7.2110.0",
          "OSName/Windows10Enterprise",
          "OSVersion/6.3.15063",
          "Microsoft.Azure.Management.DataFactory.DataFactoryManagementClient/0.2.0.0"
        ]
      },
      "ResponseBody": "",
      "ResponseHeaders": {
        "Content-Length": [
          "0"
        ],
        "Expires": [
          "-1"
        ],
        "Pragma": [
          "no-cache"
        ],
        "x-ms-request-id": [
          "4af154cb-0dff-4e57-a7fe-7415c3a86155"
        ],
        "Strict-Transport-Security": [
          "max-age=31536000; includeSubDomains"
        ],
        "X-Content-Type-Options": [
          "nosniff"
        ],
        "x-ms-ratelimit-remaining-subscription-writes": [
          "1112"
        ],
        "x-ms-correlation-request-id": [
          "466bb503-6374-4b59-a7dd-a16a2ff46df4"
        ],
        "x-ms-routing-request-id": [
          "CENTRALUS:20171003T020605Z:466bb503-6374-4b59-a7dd-a16a2ff46df4"
        ],
        "Cache-Control": [
          "no-cache"
        ],
        "Date": [
          "Tue, 03 Oct 2017 02:06:05 GMT"
        ],
        "Server": [
          "Microsoft-IIS/8.5"
        ],
        "X-Powered-By": [
          "ASP.NET"
        ]
      },
      "StatusCode": 200
    },
    {
      "RequestUri": "/subscriptions/876407bb-5bd3-45c4-9c07-cd74a964b2fc/resourcegroups/onesdk4329?api-version=2016-02-01",
      "EncodedRequestUri": "L3N1YnNjcmlwdGlvbnMvODc2NDA3YmItNWJkMy00NWM0LTljMDctY2Q3NGE5NjRiMmZjL3Jlc291cmNlZ3JvdXBzL29uZXNkazQzMjk/YXBpLXZlcnNpb249MjAxNi0wMi0wMQ==",
      "RequestMethod": "DELETE",
      "RequestBody": "",
      "RequestHeaders": {
        "User-Agent": [
          "Microsoft.Azure.Management.Resources.ResourceManagementClient/2.0.0.0"
        ]
      },
      "ResponseBody": "",
      "ResponseHeaders": {
        "Content-Length": [
          "0"
        ],
        "Expires": [
          "-1"
        ],
        "Pragma": [
          "no-cache"
        ],
        "Retry-After": [
          "15"
        ],
        "x-ms-ratelimit-remaining-subscription-writes": [
          "1102"
        ],
        "x-ms-request-id": [
          "ea479321-3e07-449c-b99a-3c9ca4ca1e7d"
        ],
        "x-ms-correlation-request-id": [
          "ea479321-3e07-449c-b99a-3c9ca4ca1e7d"
        ],
        "x-ms-routing-request-id": [
          "CENTRALUS:20171003T020607Z:ea479321-3e07-449c-b99a-3c9ca4ca1e7d"
        ],
        "Strict-Transport-Security": [
          "max-age=31536000; includeSubDomains"
        ],
        "Cache-Control": [
          "no-cache"
        ],
        "Date": [
          "Tue, 03 Oct 2017 02:06:07 GMT"
        ],
        "Location": [
          "https://api-dogfood.resources.windows-int.net/subscriptions/876407bb-5bd3-45c4-9c07-cd74a964b2fc/operationresults/eyJqb2JJZCI6IlJFU09VUkNFR1JPVVBERUxFVElPTkpPQi1PTkVTREs0MzI5LVdFU1RFVVJPUEUiLCJqb2JMb2NhdGlvbiI6Indlc3RldXJvcGUifQ?api-version=2016-02-01"
        ]
      },
      "StatusCode": 202
    },
    {
      "RequestUri": "/subscriptions/876407bb-5bd3-45c4-9c07-cd74a964b2fc/operationresults/eyJqb2JJZCI6IlJFU09VUkNFR1JPVVBERUxFVElPTkpPQi1PTkVTREs0MzI5LVdFU1RFVVJPUEUiLCJqb2JMb2NhdGlvbiI6Indlc3RldXJvcGUifQ?api-version=2016-02-01",
      "EncodedRequestUri": "L3N1YnNjcmlwdGlvbnMvODc2NDA3YmItNWJkMy00NWM0LTljMDctY2Q3NGE5NjRiMmZjL29wZXJhdGlvbnJlc3VsdHMvZXlKcWIySkpaQ0k2SWxKRlUwOVZVa05GUjFKUFZWQkVSVXhGVkVsUFRrcFBRaTFQVGtWVFJFczBNekk1TFZkRlUxUkZWVkpQVUVVaUxDSnFiMkpNYjJOaGRHbHZiaUk2SW5kbGMzUmxkWEp2Y0dVaWZRP2FwaS12ZXJzaW9uPTIwMTYtMDItMDE=",
      "RequestMethod": "GET",
      "RequestBody": "",
      "RequestHeaders": {
        "x-ms-version": [
          "2016-02-01"
        ],
        "User-Agent": [
          "Microsoft.Azure.Management.Resources.ResourceManagementClient/2.0.0.0"
        ]
      },
      "ResponseBody": "",
      "ResponseHeaders": {
        "Content-Length": [
          "0"
        ],
        "Expires": [
          "-1"
        ],
        "Pragma": [
          "no-cache"
        ],
        "Retry-After": [
          "15"
        ],
        "x-ms-ratelimit-remaining-subscription-reads": [
          "14694"
        ],
        "x-ms-request-id": [
          "2dd6aecb-115b-4358-8173-fa9d11c7b609"
        ],
        "x-ms-correlation-request-id": [
          "2dd6aecb-115b-4358-8173-fa9d11c7b609"
        ],
        "x-ms-routing-request-id": [
          "CENTRALUS:20171003T020608Z:2dd6aecb-115b-4358-8173-fa9d11c7b609"
        ],
        "Strict-Transport-Security": [
          "max-age=31536000; includeSubDomains"
        ],
        "Cache-Control": [
          "no-cache"
        ],
        "Date": [
          "Tue, 03 Oct 2017 02:06:07 GMT"
        ],
        "Location": [
          "https://api-dogfood.resources.windows-int.net/subscriptions/876407bb-5bd3-45c4-9c07-cd74a964b2fc/operationresults/eyJqb2JJZCI6IlJFU09VUkNFR1JPVVBERUxFVElPTkpPQi1PTkVTREs0MzI5LVdFU1RFVVJPUEUiLCJqb2JMb2NhdGlvbiI6Indlc3RldXJvcGUifQ?api-version=2016-02-01"
        ]
      },
      "StatusCode": 202
    },
    {
      "RequestUri": "/subscriptions/876407bb-5bd3-45c4-9c07-cd74a964b2fc/operationresults/eyJqb2JJZCI6IlJFU09VUkNFR1JPVVBERUxFVElPTkpPQi1PTkVTREs0MzI5LVdFU1RFVVJPUEUiLCJqb2JMb2NhdGlvbiI6Indlc3RldXJvcGUifQ?api-version=2016-02-01",
      "EncodedRequestUri": "L3N1YnNjcmlwdGlvbnMvODc2NDA3YmItNWJkMy00NWM0LTljMDctY2Q3NGE5NjRiMmZjL29wZXJhdGlvbnJlc3VsdHMvZXlKcWIySkpaQ0k2SWxKRlUwOVZVa05GUjFKUFZWQkVSVXhGVkVsUFRrcFBRaTFQVGtWVFJFczBNekk1TFZkRlUxUkZWVkpQVUVVaUxDSnFiMkpNYjJOaGRHbHZiaUk2SW5kbGMzUmxkWEp2Y0dVaWZRP2FwaS12ZXJzaW9uPTIwMTYtMDItMDE=",
      "RequestMethod": "GET",
      "RequestBody": "",
      "RequestHeaders": {
        "x-ms-version": [
          "2016-02-01"
        ],
        "User-Agent": [
          "Microsoft.Azure.Management.Resources.ResourceManagementClient/2.0.0.0"
        ]
      },
      "ResponseBody": "",
      "ResponseHeaders": {
        "Content-Length": [
          "0"
        ],
        "Expires": [
          "-1"
        ],
        "Pragma": [
          "no-cache"
        ],
        "Retry-After": [
          "15"
        ],
        "x-ms-ratelimit-remaining-subscription-reads": [
          "14692"
        ],
        "x-ms-request-id": [
          "bde882d1-1c67-4ac2-a6a9-b8c33eefa094"
        ],
        "x-ms-correlation-request-id": [
          "bde882d1-1c67-4ac2-a6a9-b8c33eefa094"
        ],
        "x-ms-routing-request-id": [
          "CENTRALUS:20171003T020623Z:bde882d1-1c67-4ac2-a6a9-b8c33eefa094"
        ],
        "Strict-Transport-Security": [
          "max-age=31536000; includeSubDomains"
        ],
        "Cache-Control": [
          "no-cache"
        ],
        "Date": [
          "Tue, 03 Oct 2017 02:06:23 GMT"
        ],
        "Location": [
          "https://api-dogfood.resources.windows-int.net/subscriptions/876407bb-5bd3-45c4-9c07-cd74a964b2fc/operationresults/eyJqb2JJZCI6IlJFU09VUkNFR1JPVVBERUxFVElPTkpPQi1PTkVTREs0MzI5LVdFU1RFVVJPUEUiLCJqb2JMb2NhdGlvbiI6Indlc3RldXJvcGUifQ?api-version=2016-02-01"
        ]
      },
      "StatusCode": 202
    },
    {
      "RequestUri": "/subscriptions/876407bb-5bd3-45c4-9c07-cd74a964b2fc/operationresults/eyJqb2JJZCI6IlJFU09VUkNFR1JPVVBERUxFVElPTkpPQi1PTkVTREs0MzI5LVdFU1RFVVJPUEUiLCJqb2JMb2NhdGlvbiI6Indlc3RldXJvcGUifQ?api-version=2016-02-01",
      "EncodedRequestUri": "L3N1YnNjcmlwdGlvbnMvODc2NDA3YmItNWJkMy00NWM0LTljMDctY2Q3NGE5NjRiMmZjL29wZXJhdGlvbnJlc3VsdHMvZXlKcWIySkpaQ0k2SWxKRlUwOVZVa05GUjFKUFZWQkVSVXhGVkVsUFRrcFBRaTFQVGtWVFJFczBNekk1TFZkRlUxUkZWVkpQVUVVaUxDSnFiMkpNYjJOaGRHbHZiaUk2SW5kbGMzUmxkWEp2Y0dVaWZRP2FwaS12ZXJzaW9uPTIwMTYtMDItMDE=",
      "RequestMethod": "GET",
      "RequestBody": "",
      "RequestHeaders": {
        "x-ms-version": [
          "2016-02-01"
        ],
        "User-Agent": [
          "Microsoft.Azure.Management.Resources.ResourceManagementClient/2.0.0.0"
        ]
      },
      "ResponseBody": "",
      "ResponseHeaders": {
        "Content-Length": [
          "0"
        ],
        "Expires": [
          "-1"
        ],
        "Pragma": [
          "no-cache"
        ],
        "Retry-After": [
          "15"
        ],
        "x-ms-ratelimit-remaining-subscription-reads": [
          "14691"
        ],
        "x-ms-request-id": [
          "784480b1-a6d8-44a4-b93f-56d8de4f80ee"
        ],
        "x-ms-correlation-request-id": [
          "784480b1-a6d8-44a4-b93f-56d8de4f80ee"
        ],
        "x-ms-routing-request-id": [
          "CENTRALUS:20171003T020638Z:784480b1-a6d8-44a4-b93f-56d8de4f80ee"
        ],
        "Strict-Transport-Security": [
          "max-age=31536000; includeSubDomains"
        ],
        "Cache-Control": [
          "no-cache"
        ],
        "Date": [
          "Tue, 03 Oct 2017 02:06:38 GMT"
        ],
        "Location": [
          "https://api-dogfood.resources.windows-int.net/subscriptions/876407bb-5bd3-45c4-9c07-cd74a964b2fc/operationresults/eyJqb2JJZCI6IlJFU09VUkNFR1JPVVBERUxFVElPTkpPQi1PTkVTREs0MzI5LVdFU1RFVVJPUEUiLCJqb2JMb2NhdGlvbiI6Indlc3RldXJvcGUifQ?api-version=2016-02-01"
        ]
      },
      "StatusCode": 202
    },
    {
      "RequestUri": "/subscriptions/876407bb-5bd3-45c4-9c07-cd74a964b2fc/operationresults/eyJqb2JJZCI6IlJFU09VUkNFR1JPVVBERUxFVElPTkpPQi1PTkVTREs0MzI5LVdFU1RFVVJPUEUiLCJqb2JMb2NhdGlvbiI6Indlc3RldXJvcGUifQ?api-version=2016-02-01",
      "EncodedRequestUri": "L3N1YnNjcmlwdGlvbnMvODc2NDA3YmItNWJkMy00NWM0LTljMDctY2Q3NGE5NjRiMmZjL29wZXJhdGlvbnJlc3VsdHMvZXlKcWIySkpaQ0k2SWxKRlUwOVZVa05GUjFKUFZWQkVSVXhGVkVsUFRrcFBRaTFQVGtWVFJFczBNekk1TFZkRlUxUkZWVkpQVUVVaUxDSnFiMkpNYjJOaGRHbHZiaUk2SW5kbGMzUmxkWEp2Y0dVaWZRP2FwaS12ZXJzaW9uPTIwMTYtMDItMDE=",
      "RequestMethod": "GET",
      "RequestBody": "",
      "RequestHeaders": {
        "x-ms-version": [
          "2016-02-01"
        ],
        "User-Agent": [
          "Microsoft.Azure.Management.Resources.ResourceManagementClient/2.0.0.0"
        ]
      },
      "ResponseBody": "",
      "ResponseHeaders": {
        "Content-Length": [
          "0"
        ],
        "Expires": [
          "-1"
        ],
        "Pragma": [
          "no-cache"
        ],
        "x-ms-ratelimit-remaining-subscription-reads": [
          "14689"
        ],
        "x-ms-request-id": [
          "58f5dc8f-ea9e-476c-ac6d-ded1bd73bc6e"
        ],
        "x-ms-correlation-request-id": [
          "58f5dc8f-ea9e-476c-ac6d-ded1bd73bc6e"
        ],
        "x-ms-routing-request-id": [
          "CENTRALUS:20171003T020654Z:58f5dc8f-ea9e-476c-ac6d-ded1bd73bc6e"
        ],
        "Strict-Transport-Security": [
          "max-age=31536000; includeSubDomains"
        ],
        "Cache-Control": [
          "no-cache"
        ],
        "Date": [
          "Tue, 03 Oct 2017 02:06:53 GMT"
        ]
      },
      "StatusCode": 200
    }
  ],
  "Names": {
    "Test-Run": [
      "onesdk6610",
      "onesdk4329"
    ]
  },
  "Variables": {
    "SubscriptionId": "876407bb-5bd3-45c4-9c07-cd74a964b2fc"
  }
}