{
  "Entries": [
    {
      "RequestUri": "/subscriptions/38304e13-357e-405e-9e9a-220351dcce8c/resourceGroups/pstestwlRG1bca8/providers/Microsoft.RecoveryServices/vaults/pstestwlRSV1bca8?api-version=2022-04-01",
      "EncodedRequestUri": "L3N1YnNjcmlwdGlvbnMvMzgzMDRlMTMtMzU3ZS00MDVlLTllOWEtMjIwMzUxZGNjZThjL3Jlc291cmNlR3JvdXBzL3BzdGVzdHdsUkcxYmNhOC9wcm92aWRlcnMvTWljcm9zb2Z0LlJlY292ZXJ5U2VydmljZXMvdmF1bHRzL3BzdGVzdHdsUlNWMWJjYTg/YXBpLXZlcnNpb249MjAyMi0wNC0wMQ==",
      "RequestMethod": "GET",
      "RequestHeaders": {
        "x-ms-client-request-id": [
          "edbec69c-61ea-4f08-b4dc-08f57720d314"
        ],
        "Accept-Language": [
          "en-US"
        ],
        "User-Agent": [
          "FxVersion/4.700.22.41602",
          "OSName/Windows",
          "OSVersion/Microsoft.Windows.10.0.22000",
          "Microsoft.Azure.Management.RecoveryServices.RecoveryServicesClient/4.3.3.0"
        ]
      },
      "RequestBody": "",
      "ResponseHeaders": {
        "Cache-Control": [
          "no-cache"
        ],
        "Pragma": [
          "no-cache"
        ],
        "x-ms-ratelimit-remaining-subscription-reads": [
          "11999"
        ],
        "X-Content-Type-Options": [
          "nosniff"
        ],
        "x-ms-request-id": [
          "965d41e0-d066-4e1a-9611-908c4f576166"
        ],
        "x-ms-client-request-id": [
          "edbec69c-61ea-4f08-b4dc-08f57720d314"
        ],
        "Server": [
          "Kestrel"
        ],
        "x-ms-correlation-request-id": [
          "965d41e0-d066-4e1a-9611-908c4f576166"
        ],
        "x-ms-routing-request-id": [
          "JIOINDIAWEST:20220927T002516Z:965d41e0-d066-4e1a-9611-908c4f576166"
        ],
        "Strict-Transport-Security": [
          "max-age=31536000; includeSubDomains"
        ],
        "Date": [
          "Tue, 27 Sep 2022 00:25:16 GMT"
        ],
        "Content-Length": [
          "556"
        ],
        "Content-Type": [
          "application/json; charset=utf-8"
        ],
        "Expires": [
          "-1"
        ]
      },
      "ResponseBody": "{\r\n  \"location\": \"southeastasia\",\r\n  \"name\": \"pstestwlRSV1bca8\",\r\n  \"etag\": \"W/\\\"datetime'2022-02-18T07%3A20%3A25.6718658Z'\\\"\",\r\n  \"properties\": {\r\n    \"provisioningState\": \"Succeeded\",\r\n    \"privateEndpointStateForBackup\": \"None\",\r\n    \"privateEndpointStateForSiteRecovery\": \"None\",\r\n    \"networkSettings\": {\r\n      \"publicNetworkAccess\": \"Enabled\"\r\n    },\r\n    \"backupStorageVersion\": \"V2\"\r\n  },\r\n  \"id\": \"/subscriptions/38304e13-357e-405e-9e9a-220351dcce8c/resourceGroups/pstestwlRG1bca8/providers/Microsoft.RecoveryServices/vaults/pstestwlRSV1bca8\",\r\n  \"type\": \"Microsoft.RecoveryServices/vaults\",\r\n  \"sku\": {\r\n    \"name\": \"RS0\",\r\n    \"tier\": \"Standard\"\r\n  }\r\n}",
      "StatusCode": 200
    },
    {
      "RequestUri": "/subscriptions/38304e13-357e-405e-9e9a-220351dcce8c/resourceGroups/pstestwlRG1bca8/providers/Microsoft.RecoveryServices/vaults/pstestwlRSV1bca8/backupProtectionContainers?$filter=backupManagementType%20eq%20'AzureWorkload'&api-version=2022-02-01",
      "EncodedRequestUri": "L3N1YnNjcmlwdGlvbnMvMzgzMDRlMTMtMzU3ZS00MDVlLTllOWEtMjIwMzUxZGNjZThjL3Jlc291cmNlR3JvdXBzL3BzdGVzdHdsUkcxYmNhOC9wcm92aWRlcnMvTWljcm9zb2Z0LlJlY292ZXJ5U2VydmljZXMvdmF1bHRzL3BzdGVzdHdsUlNWMWJjYTgvYmFja3VwUHJvdGVjdGlvbkNvbnRhaW5lcnM/JGZpbHRlcj1iYWNrdXBNYW5hZ2VtZW50VHlwZSUyMGVxJTIwJ0F6dXJlV29ya2xvYWQnJmFwaS12ZXJzaW9uPTIwMjItMDItMDE=",
      "RequestMethod": "GET",
      "RequestHeaders": {
        "x-ms-client-request-id": [
          "c3c1535b-c35a-48b8-ac45-4c812757e324"
        ],
        "Accept-Language": [
          "en-US"
        ],
        "User-Agent": [
          "FxVersion/4.700.22.41602",
          "OSName/Windows",
          "OSVersion/Microsoft.Windows.10.0.22000",
          "Microsoft.Azure.Management.RecoveryServices.Backup.RecoveryServicesBackupClient/5.0.0.0"
        ]
      },
      "RequestBody": "",
      "ResponseHeaders": {
        "Cache-Control": [
          "no-cache"
        ],
        "Pragma": [
          "no-cache"
        ],
        "X-Content-Type-Options": [
          "nosniff"
        ],
        "x-ms-request-id": [
          "4f21cca0-90c8-4728-b57b-d791720d789c"
        ],
        "x-ms-client-request-id": [
          "c3c1535b-c35a-48b8-ac45-4c812757e324"
        ],
        "Server": [
          "Kestrel"
        ],
        "x-ms-ratelimit-remaining-subscription-resource-requests": [
          "299"
        ],
        "x-ms-correlation-request-id": [
          "4f21cca0-90c8-4728-b57b-d791720d789c"
        ],
        "x-ms-routing-request-id": [
          "JIOINDIAWEST:20220927T002518Z:4f21cca0-90c8-4728-b57b-d791720d789c"
        ],
        "Strict-Transport-Security": [
          "max-age=31536000; includeSubDomains"
        ],
        "Date": [
          "Tue, 27 Sep 2022 00:25:18 GMT"
        ],
        "Content-Length": [
          "1161"
        ],
        "Content-Type": [
          "application/json; charset=utf-8"
        ],
        "Expires": [
          "-1"
        ]
      },
      "ResponseBody": "{\r\n  \"value\": [\r\n    {\r\n      \"id\": \"/subscriptions/38304e13-357e-405e-9e9a-220351dcce8c/resourceGroups/pstestwlRG1bca8/providers/Microsoft.RecoveryServices/vaults/pstestwlRSV1bca8/backupFabrics/Azure/protectionContainers/VMAppContainer;Compute;pstestwlRG1bca8;sql-pstest-vm\",\r\n      \"name\": \"VMAppContainer;Compute;pstestwlRG1bca8;sql-pstest-vm\",\r\n      \"type\": \"Microsoft.RecoveryServices/vaults/backupFabrics/protectionContainers\",\r\n      \"properties\": {\r\n        \"sourceResourceId\": \"/subscriptions/38304e13-357e-405e-9e9a-220351dcce8c/resourceGroups/pstestwlRG1bca8/providers/Microsoft.Compute/virtualMachines/sql-pstest-vm\",\r\n        \"lastUpdatedTime\": \"2022-01-25T07:26:16.3079663Z\",\r\n        \"extendedInfo\": {\r\n          \"hostServerName\": \"sql-pstest-vm\",\r\n          \"inquiryInfo\": {\r\n            \"status\": \"Success\",\r\n            \"errorDetail\": {\r\n              \"code\": \"Success\",\r\n              \"message\": \"\",\r\n              \"recommendations\": [\r\n                \"\"\r\n              ]\r\n            },\r\n            \"inquiryDetails\": [\r\n              {\r\n                \"type\": \"SQL\",\r\n                \"itemCount\": 3,\r\n                \"inquiryValidation\": {\r\n                  \"status\": \"Success\",\r\n                  \"errorDetail\": {\r\n                    \"code\": \"Success\",\r\n                    \"message\": \"\",\r\n                    \"recommendations\": [\r\n                      \"\"\r\n                    ]\r\n                  },\r\n                  \"additionalDetail\": \"\"\r\n                }\r\n              }\r\n            ]\r\n          }\r\n        },\r\n        \"friendlyName\": \"sql-pstest-vm\",\r\n        \"backupManagementType\": \"AzureWorkload\",\r\n        \"registrationStatus\": \"Registered\",\r\n        \"healthStatus\": \"Healthy\",\r\n        \"containerType\": \"VMAppContainer\",\r\n        \"protectableObjectType\": \"VMAppContainer\"\r\n      }\r\n    }\r\n  ]\r\n}",
      "StatusCode": 200
    },
    {
      "RequestUri": "/subscriptions/38304e13-357e-405e-9e9a-220351dcce8c/resourceGroups/pstestwlRG1bca8/providers/Microsoft.RecoveryServices/vaults/pstestwlRSV1bca8/backupProtectionContainers?$filter=backupManagementType%20eq%20'AzureWorkload'&api-version=2022-02-01",
      "EncodedRequestUri": "L3N1YnNjcmlwdGlvbnMvMzgzMDRlMTMtMzU3ZS00MDVlLTllOWEtMjIwMzUxZGNjZThjL3Jlc291cmNlR3JvdXBzL3BzdGVzdHdsUkcxYmNhOC9wcm92aWRlcnMvTWljcm9zb2Z0LlJlY292ZXJ5U2VydmljZXMvdmF1bHRzL3BzdGVzdHdsUlNWMWJjYTgvYmFja3VwUHJvdGVjdGlvbkNvbnRhaW5lcnM/JGZpbHRlcj1iYWNrdXBNYW5hZ2VtZW50VHlwZSUyMGVxJTIwJ0F6dXJlV29ya2xvYWQnJmFwaS12ZXJzaW9uPTIwMjItMDItMDE=",
      "RequestMethod": "GET",
      "RequestHeaders": {
        "x-ms-client-request-id": [
          "79d4feb2-85bd-44e3-8b09-0b8db0f89e56"
        ],
        "Accept-Language": [
          "en-US"
        ],
        "User-Agent": [
          "FxVersion/4.700.22.41602",
          "OSName/Windows",
          "OSVersion/Microsoft.Windows.10.0.22000",
          "Microsoft.Azure.Management.RecoveryServices.Backup.RecoveryServicesBackupClient/5.0.0.0"
        ]
      },
      "RequestBody": "",
      "ResponseHeaders": {
        "Cache-Control": [
          "no-cache"
        ],
        "Pragma": [
          "no-cache"
        ],
        "X-Content-Type-Options": [
          "nosniff"
        ],
        "x-ms-request-id": [
          "167374c4-f081-44c0-90a7-8ddb8b768ad1"
        ],
        "x-ms-client-request-id": [
          "79d4feb2-85bd-44e3-8b09-0b8db0f89e56"
        ],
        "Server": [
          "Kestrel"
        ],
        "x-ms-ratelimit-remaining-subscription-resource-requests": [
          "299"
        ],
        "x-ms-correlation-request-id": [
          "167374c4-f081-44c0-90a7-8ddb8b768ad1"
        ],
        "x-ms-routing-request-id": [
          "JIOINDIAWEST:20220927T002524Z:167374c4-f081-44c0-90a7-8ddb8b768ad1"
        ],
        "Strict-Transport-Security": [
          "max-age=31536000; includeSubDomains"
        ],
        "Date": [
          "Tue, 27 Sep 2022 00:25:23 GMT"
        ],
        "Content-Length": [
          "1161"
        ],
        "Content-Type": [
          "application/json; charset=utf-8"
        ],
        "Expires": [
          "-1"
        ]
      },
      "ResponseBody": "{\r\n  \"value\": [\r\n    {\r\n      \"id\": \"/subscriptions/38304e13-357e-405e-9e9a-220351dcce8c/resourceGroups/pstestwlRG1bca8/providers/Microsoft.RecoveryServices/vaults/pstestwlRSV1bca8/backupFabrics/Azure/protectionContainers/VMAppContainer;Compute;pstestwlRG1bca8;sql-pstest-vm\",\r\n      \"name\": \"VMAppContainer;Compute;pstestwlRG1bca8;sql-pstest-vm\",\r\n      \"type\": \"Microsoft.RecoveryServices/vaults/backupFabrics/protectionContainers\",\r\n      \"properties\": {\r\n        \"sourceResourceId\": \"/subscriptions/38304e13-357e-405e-9e9a-220351dcce8c/resourceGroups/pstestwlRG1bca8/providers/Microsoft.Compute/virtualMachines/sql-pstest-vm\",\r\n        \"lastUpdatedTime\": \"2022-01-25T07:26:16.3079663Z\",\r\n        \"extendedInfo\": {\r\n          \"hostServerName\": \"sql-pstest-vm\",\r\n          \"inquiryInfo\": {\r\n            \"status\": \"Success\",\r\n            \"errorDetail\": {\r\n              \"code\": \"Success\",\r\n              \"message\": \"\",\r\n              \"recommendations\": [\r\n                \"\"\r\n              ]\r\n            },\r\n            \"inquiryDetails\": [\r\n              {\r\n                \"type\": \"SQL\",\r\n                \"itemCount\": 3,\r\n                \"inquiryValidation\": {\r\n                  \"status\": \"Success\",\r\n                  \"errorDetail\": {\r\n                    \"code\": \"Success\",\r\n                    \"message\": \"\",\r\n                    \"recommendations\": [\r\n                      \"\"\r\n                    ]\r\n                  },\r\n                  \"additionalDetail\": \"\"\r\n                }\r\n              }\r\n            ]\r\n          }\r\n        },\r\n        \"friendlyName\": \"sql-pstest-vm\",\r\n        \"backupManagementType\": \"AzureWorkload\",\r\n        \"registrationStatus\": \"Registered\",\r\n        \"healthStatus\": \"Healthy\",\r\n        \"containerType\": \"VMAppContainer\",\r\n        \"protectableObjectType\": \"VMAppContainer\"\r\n      }\r\n    }\r\n  ]\r\n}",
      "StatusCode": 200
    },
    {
      "RequestUri": "/subscriptions/38304e13-357e-405e-9e9a-220351dcce8c/resourceGroups/pstestwlRG1bca8/providers/Microsoft.RecoveryServices/vaults/pstestwlRSV1bca8/backupProtectionContainers?$filter=friendlyName%20eq%20'sql-pstest-vm'%20and%20backupManagementType%20eq%20'AzureWorkload'&api-version=2022-02-01",
      "EncodedRequestUri": "L3N1YnNjcmlwdGlvbnMvMzgzMDRlMTMtMzU3ZS00MDVlLTllOWEtMjIwMzUxZGNjZThjL3Jlc291cmNlR3JvdXBzL3BzdGVzdHdsUkcxYmNhOC9wcm92aWRlcnMvTWljcm9zb2Z0LlJlY292ZXJ5U2VydmljZXMvdmF1bHRzL3BzdGVzdHdsUlNWMWJjYTgvYmFja3VwUHJvdGVjdGlvbkNvbnRhaW5lcnM/JGZpbHRlcj1mcmllbmRseU5hbWUlMjBlcSUyMCdzcWwtcHN0ZXN0LXZtJyUyMGFuZCUyMGJhY2t1cE1hbmFnZW1lbnRUeXBlJTIwZXElMjAnQXp1cmVXb3JrbG9hZCcmYXBpLXZlcnNpb249MjAyMi0wMi0wMQ==",
      "RequestMethod": "GET",
      "RequestHeaders": {
        "x-ms-client-request-id": [
          "f2919989-3f70-427e-a46c-81817a8acd8c"
        ],
        "Accept-Language": [
          "en-US"
        ],
        "User-Agent": [
          "FxVersion/4.700.22.41602",
          "OSName/Windows",
          "OSVersion/Microsoft.Windows.10.0.22000",
          "Microsoft.Azure.Management.RecoveryServices.Backup.RecoveryServicesBackupClient/5.0.0.0"
        ]
      },
      "RequestBody": "",
      "ResponseHeaders": {
        "Cache-Control": [
          "no-cache"
        ],
        "Pragma": [
          "no-cache"
        ],
        "X-Content-Type-Options": [
          "nosniff"
        ],
        "x-ms-request-id": [
          "63ef7684-c8d9-43e8-a1e9-73e28b3294e2"
        ],
        "x-ms-client-request-id": [
          "f2919989-3f70-427e-a46c-81817a8acd8c"
        ],
        "Server": [
          "Kestrel"
        ],
        "x-ms-ratelimit-remaining-subscription-resource-requests": [
          "299"
        ],
        "x-ms-correlation-request-id": [
          "63ef7684-c8d9-43e8-a1e9-73e28b3294e2"
        ],
        "x-ms-routing-request-id": [
          "JIOINDIAWEST:20220927T002520Z:63ef7684-c8d9-43e8-a1e9-73e28b3294e2"
        ],
        "Strict-Transport-Security": [
          "max-age=31536000; includeSubDomains"
        ],
        "Date": [
          "Tue, 27 Sep 2022 00:25:20 GMT"
        ],
        "Content-Length": [
          "1161"
        ],
        "Content-Type": [
          "application/json; charset=utf-8"
        ],
        "Expires": [
          "-1"
        ]
      },
      "ResponseBody": "{\r\n  \"value\": [\r\n    {\r\n      \"id\": \"/subscriptions/38304e13-357e-405e-9e9a-220351dcce8c/resourceGroups/pstestwlRG1bca8/providers/Microsoft.RecoveryServices/vaults/pstestwlRSV1bca8/backupFabrics/Azure/protectionContainers/VMAppContainer;Compute;pstestwlRG1bca8;sql-pstest-vm\",\r\n      \"name\": \"VMAppContainer;Compute;pstestwlRG1bca8;sql-pstest-vm\",\r\n      \"type\": \"Microsoft.RecoveryServices/vaults/backupFabrics/protectionContainers\",\r\n      \"properties\": {\r\n        \"sourceResourceId\": \"/subscriptions/38304e13-357e-405e-9e9a-220351dcce8c/resourceGroups/pstestwlRG1bca8/providers/Microsoft.Compute/virtualMachines/sql-pstest-vm\",\r\n        \"lastUpdatedTime\": \"2022-01-25T07:26:16.3079663Z\",\r\n        \"extendedInfo\": {\r\n          \"hostServerName\": \"sql-pstest-vm\",\r\n          \"inquiryInfo\": {\r\n            \"status\": \"Success\",\r\n            \"errorDetail\": {\r\n              \"code\": \"Success\",\r\n              \"message\": \"\",\r\n              \"recommendations\": [\r\n                \"\"\r\n              ]\r\n            },\r\n            \"inquiryDetails\": [\r\n              {\r\n                \"type\": \"SQL\",\r\n                \"itemCount\": 3,\r\n                \"inquiryValidation\": {\r\n                  \"status\": \"Success\",\r\n                  \"errorDetail\": {\r\n                    \"code\": \"Success\",\r\n                    \"message\": \"\",\r\n                    \"recommendations\": [\r\n                      \"\"\r\n                    ]\r\n                  },\r\n                  \"additionalDetail\": \"\"\r\n                }\r\n              }\r\n            ]\r\n          }\r\n        },\r\n        \"friendlyName\": \"sql-pstest-vm\",\r\n        \"backupManagementType\": \"AzureWorkload\",\r\n        \"registrationStatus\": \"Registered\",\r\n        \"healthStatus\": \"Healthy\",\r\n        \"containerType\": \"VMAppContainer\",\r\n        \"protectableObjectType\": \"VMAppContainer\"\r\n      }\r\n    }\r\n  ]\r\n}",
      "StatusCode": 200
    },
    {
      "RequestUri": "/subscriptions/38304e13-357e-405e-9e9a-220351dcce8c/resourceGroups/pstestwlRG1bca8/providers/Microsoft.RecoveryServices/vaults/pstestwlRSV1bca8/backupProtectionContainers?$filter=friendlyName%20eq%20'sql-pstest-vm'%20and%20backupManagementType%20eq%20'AzureWorkload'&api-version=2022-02-01",
      "EncodedRequestUri": "L3N1YnNjcmlwdGlvbnMvMzgzMDRlMTMtMzU3ZS00MDVlLTllOWEtMjIwMzUxZGNjZThjL3Jlc291cmNlR3JvdXBzL3BzdGVzdHdsUkcxYmNhOC9wcm92aWRlcnMvTWljcm9zb2Z0LlJlY292ZXJ5U2VydmljZXMvdmF1bHRzL3BzdGVzdHdsUlNWMWJjYTgvYmFja3VwUHJvdGVjdGlvbkNvbnRhaW5lcnM/JGZpbHRlcj1mcmllbmRseU5hbWUlMjBlcSUyMCdzcWwtcHN0ZXN0LXZtJyUyMGFuZCUyMGJhY2t1cE1hbmFnZW1lbnRUeXBlJTIwZXElMjAnQXp1cmVXb3JrbG9hZCcmYXBpLXZlcnNpb249MjAyMi0wMi0wMQ==",
      "RequestMethod": "GET",
      "RequestHeaders": {
        "x-ms-client-request-id": [
          "c2b83742-a7ad-4254-879c-74a19d6d2556"
        ],
        "Accept-Language": [
          "en-US"
        ],
        "User-Agent": [
          "FxVersion/4.700.22.41602",
          "OSName/Windows",
          "OSVersion/Microsoft.Windows.10.0.22000",
          "Microsoft.Azure.Management.RecoveryServices.Backup.RecoveryServicesBackupClient/5.0.0.0"
        ]
      },
      "RequestBody": "",
      "ResponseHeaders": {
        "Cache-Control": [
          "no-cache"
        ],
        "Pragma": [
          "no-cache"
        ],
        "X-Content-Type-Options": [
          "nosniff"
        ],
        "x-ms-request-id": [
          "a808fc28-b420-48a7-bbbc-6735d005c243"
        ],
        "x-ms-client-request-id": [
          "c2b83742-a7ad-4254-879c-74a19d6d2556"
        ],
        "Server": [
          "Kestrel"
        ],
        "x-ms-ratelimit-remaining-subscription-resource-requests": [
          "299"
        ],
        "x-ms-correlation-request-id": [
          "a808fc28-b420-48a7-bbbc-6735d005c243"
        ],
        "x-ms-routing-request-id": [
          "JIOINDIAWEST:20220927T002525Z:a808fc28-b420-48a7-bbbc-6735d005c243"
        ],
        "Strict-Transport-Security": [
          "max-age=31536000; includeSubDomains"
        ],
        "Date": [
          "Tue, 27 Sep 2022 00:25:24 GMT"
        ],
        "Content-Length": [
          "1161"
        ],
        "Content-Type": [
          "application/json; charset=utf-8"
        ],
        "Expires": [
          "-1"
        ]
      },
      "ResponseBody": "{\r\n  \"value\": [\r\n    {\r\n      \"id\": \"/subscriptions/38304e13-357e-405e-9e9a-220351dcce8c/resourceGroups/pstestwlRG1bca8/providers/Microsoft.RecoveryServices/vaults/pstestwlRSV1bca8/backupFabrics/Azure/protectionContainers/VMAppContainer;Compute;pstestwlRG1bca8;sql-pstest-vm\",\r\n      \"name\": \"VMAppContainer;Compute;pstestwlRG1bca8;sql-pstest-vm\",\r\n      \"type\": \"Microsoft.RecoveryServices/vaults/backupFabrics/protectionContainers\",\r\n      \"properties\": {\r\n        \"sourceResourceId\": \"/subscriptions/38304e13-357e-405e-9e9a-220351dcce8c/resourceGroups/pstestwlRG1bca8/providers/Microsoft.Compute/virtualMachines/sql-pstest-vm\",\r\n        \"lastUpdatedTime\": \"2022-01-25T07:26:16.3079663Z\",\r\n        \"extendedInfo\": {\r\n          \"hostServerName\": \"sql-pstest-vm\",\r\n          \"inquiryInfo\": {\r\n            \"status\": \"Success\",\r\n            \"errorDetail\": {\r\n              \"code\": \"Success\",\r\n              \"message\": \"\",\r\n              \"recommendations\": [\r\n                \"\"\r\n              ]\r\n            },\r\n            \"inquiryDetails\": [\r\n              {\r\n                \"type\": \"SQL\",\r\n                \"itemCount\": 3,\r\n                \"inquiryValidation\": {\r\n                  \"status\": \"Success\",\r\n                  \"errorDetail\": {\r\n                    \"code\": \"Success\",\r\n                    \"message\": \"\",\r\n                    \"recommendations\": [\r\n                      \"\"\r\n                    ]\r\n                  },\r\n                  \"additionalDetail\": \"\"\r\n                }\r\n              }\r\n            ]\r\n          }\r\n        },\r\n        \"friendlyName\": \"sql-pstest-vm\",\r\n        \"backupManagementType\": \"AzureWorkload\",\r\n        \"registrationStatus\": \"Registered\",\r\n        \"healthStatus\": \"Healthy\",\r\n        \"containerType\": \"VMAppContainer\",\r\n        \"protectableObjectType\": \"VMAppContainer\"\r\n      }\r\n    }\r\n  ]\r\n}",
      "StatusCode": 200
    }
  ],
  "Names": {},
  "Variables": {}
}