{
  "Entries": [
    {
      "RequestUri": "/subscriptions/38304e13-357e-405e-9e9a-220351dcce8c/resourceGroups/afs-pstest-rg/providers/Microsoft.RecoveryServices/vaults/afs-pstest-vault?api-version=2023-02-01",
      "EncodedRequestUri": "L3N1YnNjcmlwdGlvbnMvMzgzMDRlMTMtMzU3ZS00MDVlLTllOWEtMjIwMzUxZGNjZThjL3Jlc291cmNlR3JvdXBzL2Fmcy1wc3Rlc3QtcmcvcHJvdmlkZXJzL01pY3Jvc29mdC5SZWNvdmVyeVNlcnZpY2VzL3ZhdWx0cy9hZnMtcHN0ZXN0LXZhdWx0P2FwaS12ZXJzaW9uPTIwMjMtMDItMDE=",
      "RequestMethod": "GET",
      "RequestHeaders": {
        "x-ms-client-request-id": [
          "cd74e672-ab2c-4e44-9f1e-23f947e2167c"
        ],
        "Accept-Language": [
          "en-US"
        ],
        "User-Agent": [
          "FxVersion/4.700.22.55902",
          "OSName/Windows",
          "OSVersion/Microsoft.Windows.10.0.22621",
          "Microsoft.Azure.Management.RecoveryServices.RecoveryServicesClient/6.3.0"
        ]
      },
      "RequestBody": "",
      "ResponseHeaders": {
        "Cache-Control": [
          "no-cache"
        ],
        "Pragma": [
          "no-cache"
        ],
        "x-ms-ratelimit-remaining-subscription-reads": [
          "11999"
        ],
        "X-Content-Type-Options": [
          "nosniff"
        ],
        "x-ms-request-id": [
          "ba870da9-c4fa-4829-9a7a-088a543de92b"
        ],
        "x-ms-client-request-id": [
          "cd74e672-ab2c-4e44-9f1e-23f947e2167c"
        ],
        "Server": [
          "Kestrel"
        ],
        "x-ms-correlation-request-id": [
          "ba870da9-c4fa-4829-9a7a-088a543de92b"
        ],
        "x-ms-routing-request-id": [
          "WESTINDIA:20230418T173853Z:ba870da9-c4fa-4829-9a7a-088a543de92b"
        ],
        "Strict-Transport-Security": [
          "max-age=31536000; includeSubDomains"
        ],
        "Date": [
          "Tue, 18 Apr 2023 17:38:52 GMT"
        ],
        "Content-Length": [
          "985"
        ],
        "Content-Type": [
          "application/json; charset=utf-8"
        ],
        "Expires": [
          "-1"
        ]
      },
      "ResponseBody": "{\r\n  \"location\": \"eastasia\",\r\n  \"name\": \"afs-pstest-vault\",\r\n  \"etag\": \"W/\\\"datetime'2022-12-20T14%3A59%3A48.0003094Z'\\\"\",\r\n  \"tags\": {\r\n    \"MABUsed\": \"yes\",\r\n    \"Owner\": \"hiaga\",\r\n    \"Purpose\": \"testing\",\r\n    \"DeleteBy\": \"01-2099\"\r\n  },\r\n  \"properties\": {\r\n    \"provisioningState\": \"Succeeded\",\r\n    \"privateEndpointStateForBackup\": \"None\",\r\n    \"privateEndpointStateForSiteRecovery\": \"None\",\r\n    \"backupStorageVersion\": \"V2\",\r\n    \"redundancySettings\": {\r\n      \"standardTierStorageRedundancy\": \"GeoRedundant\",\r\n      \"crossRegionRestore\": \"Disabled\"\r\n    },\r\n    \"securitySettings\": {\r\n      \"immutabilitySettings\": null,\r\n      \"softDeleteSettings\": {\r\n        \"softDeleteRetentionPeriodInDays\": 0,\r\n        \"softDeleteState\": \"Disabled\"\r\n      },\r\n      \"multiUserAuthorization\": \"Disabled\"\r\n    },\r\n    \"publicNetworkAccess\": \"Enabled\",\r\n    \"restoreSettings\": {\r\n      \"crossSubscriptionRestoreSettings\": {\r\n        \"crossSubscriptionRestoreState\": \"Enabled\"\r\n      }\r\n    }\r\n  },\r\n  \"id\": \"/subscriptions/38304e13-357e-405e-9e9a-220351dcce8c/resourceGroups/afs-pstest-rg/providers/Microsoft.RecoveryServices/vaults/afs-pstest-vault\",\r\n  \"type\": \"Microsoft.RecoveryServices/vaults\",\r\n  \"sku\": {\r\n    \"name\": \"RS0\",\r\n    \"tier\": \"Standard\"\r\n  }\r\n}",
      "StatusCode": 200
    },
    {
      "RequestUri": "/subscriptions/38304e13-357e-405e-9e9a-220351dcce8c/resourceGroups/afs-pstest-rg/providers/Microsoft.RecoveryServices/vaults/afs-pstest-vault/backupProtectionContainers?$filter=friendlyName%20eq%20'afspstestsa'%20and%20backupManagementType%20eq%20'AzureStorage'&api-version=2023-01-01",
      "EncodedRequestUri": "L3N1YnNjcmlwdGlvbnMvMzgzMDRlMTMtMzU3ZS00MDVlLTllOWEtMjIwMzUxZGNjZThjL3Jlc291cmNlR3JvdXBzL2Fmcy1wc3Rlc3QtcmcvcHJvdmlkZXJzL01pY3Jvc29mdC5SZWNvdmVyeVNlcnZpY2VzL3ZhdWx0cy9hZnMtcHN0ZXN0LXZhdWx0L2JhY2t1cFByb3RlY3Rpb25Db250YWluZXJzPyRmaWx0ZXI9ZnJpZW5kbHlOYW1lJTIwZXElMjAnYWZzcHN0ZXN0c2EnJTIwYW5kJTIwYmFja3VwTWFuYWdlbWVudFR5cGUlMjBlcSUyMCdBenVyZVN0b3JhZ2UnJmFwaS12ZXJzaW9uPTIwMjMtMDEtMDE=",
      "RequestMethod": "GET",
      "RequestHeaders": {
        "x-ms-client-request-id": [
          "23347d18-ac0e-411d-9366-be2fb5da7470"
        ],
        "Accept-Language": [
          "en-US"
        ],
        "User-Agent": [
          "FxVersion/4.700.22.55902",
          "OSName/Windows",
          "OSVersion/Microsoft.Windows.10.0.22621",
          "Microsoft.Azure.Management.RecoveryServices.Backup.RecoveryServicesBackupClient/6.3.0"
        ]
      },
      "RequestBody": "",
      "ResponseHeaders": {
        "Cache-Control": [
          "no-cache"
        ],
        "Pragma": [
          "no-cache"
        ],
        "X-Content-Type-Options": [
          "nosniff"
        ],
        "x-ms-request-id": [
          "2434819c-8d02-45af-b449-2997d381ffeb"
        ],
        "x-ms-client-request-id": [
          "23347d18-ac0e-411d-9366-be2fb5da7470"
        ],
        "Server": [
          "Kestrel"
        ],
        "x-ms-ratelimit-remaining-subscription-resource-requests": [
          "299"
        ],
        "x-ms-correlation-request-id": [
          "2434819c-8d02-45af-b449-2997d381ffeb"
        ],
        "x-ms-routing-request-id": [
          "WESTINDIA:20230418T173854Z:2434819c-8d02-45af-b449-2997d381ffeb"
        ],
        "Strict-Transport-Security": [
          "max-age=31536000; includeSubDomains"
        ],
        "Date": [
          "Tue, 18 Apr 2023 17:38:53 GMT"
        ],
        "Content-Length": [
          "12"
        ],
        "Content-Type": [
          "application/json; charset=utf-8"
        ],
        "Expires": [
          "-1"
        ]
      },
      "ResponseBody": "{\r\n  \"value\": []\r\n}",
      "StatusCode": 200
    },
    {
      "RequestUri": "/subscriptions/38304e13-357e-405e-9e9a-220351dcce8c/resourceGroups/afs-pstest-rg/providers/Microsoft.RecoveryServices/vaults/afs-pstest-vault/backupProtectionContainers?$filter=friendlyName%20eq%20'afspstestsa'%20and%20backupManagementType%20eq%20'AzureStorage'&api-version=2023-01-01",
      "EncodedRequestUri": "L3N1YnNjcmlwdGlvbnMvMzgzMDRlMTMtMzU3ZS00MDVlLTllOWEtMjIwMzUxZGNjZThjL3Jlc291cmNlR3JvdXBzL2Fmcy1wc3Rlc3QtcmcvcHJvdmlkZXJzL01pY3Jvc29mdC5SZWNvdmVyeVNlcnZpY2VzL3ZhdWx0cy9hZnMtcHN0ZXN0LXZhdWx0L2JhY2t1cFByb3RlY3Rpb25Db250YWluZXJzPyRmaWx0ZXI9ZnJpZW5kbHlOYW1lJTIwZXElMjAnYWZzcHN0ZXN0c2EnJTIwYW5kJTIwYmFja3VwTWFuYWdlbWVudFR5cGUlMjBlcSUyMCdBenVyZVN0b3JhZ2UnJmFwaS12ZXJzaW9uPTIwMjMtMDEtMDE=",
      "RequestMethod": "GET",
      "RequestHeaders": {
        "x-ms-client-request-id": [
          "3db6d295-d7e1-4318-acdd-b587f393cead"
        ],
        "Accept-Language": [
          "en-US"
        ],
        "User-Agent": [
          "FxVersion/4.700.22.55902",
          "OSName/Windows",
          "OSVersion/Microsoft.Windows.10.0.22621",
          "Microsoft.Azure.Management.RecoveryServices.Backup.RecoveryServicesBackupClient/6.3.0"
        ]
      },
      "RequestBody": "",
      "ResponseHeaders": {
        "Cache-Control": [
          "no-cache"
        ],
        "Pragma": [
          "no-cache"
        ],
        "X-Content-Type-Options": [
          "nosniff"
        ],
        "x-ms-request-id": [
          "6506d4d7-4ec6-4cad-9fb2-83d27df1558e"
        ],
        "x-ms-client-request-id": [
          "3db6d295-d7e1-4318-acdd-b587f393cead"
        ],
        "Server": [
          "Kestrel"
        ],
        "x-ms-ratelimit-remaining-subscription-resource-requests": [
          "298"
        ],
        "x-ms-correlation-request-id": [
          "6506d4d7-4ec6-4cad-9fb2-83d27df1558e"
        ],
        "x-ms-routing-request-id": [
          "JIOINDIAWEST:20230418T174015Z:6506d4d7-4ec6-4cad-9fb2-83d27df1558e"
        ],
        "Strict-Transport-Security": [
          "max-age=31536000; includeSubDomains"
        ],
        "Date": [
          "Tue, 18 Apr 2023 17:40:15 GMT"
        ],
        "Content-Length": [
          "830"
        ],
        "Content-Type": [
          "application/json; charset=utf-8"
        ],
        "Expires": [
          "-1"
        ]
      },
      "ResponseBody": "{\r\n  \"value\": [\r\n    {\r\n      \"id\": \"/subscriptions/38304e13-357e-405e-9e9a-220351dcce8c/resourceGroups/afs-pstest-rg/providers/Microsoft.RecoveryServices/vaults/afs-pstest-vault/backupFabrics/Azure/protectionContainers/StorageContainer;Storage;afs-pstest-rg;afspstestsa\",\r\n      \"name\": \"StorageContainer;Storage;afs-pstest-rg;afspstestsa\",\r\n      \"type\": \"Microsoft.RecoveryServices/vaults/backupFabrics/protectionContainers\",\r\n      \"properties\": {\r\n        \"sourceResourceId\": \"/subscriptions/38304e13-357e-405e-9e9a-220351dcce8c/resourceGroups/afs-pstest-rg/providers/Microsoft.Storage/storageAccounts/afspstestsa\",\r\n        \"protectedItemCount\": 1,\r\n        \"acquireStorageAccountLock\": \"Acquire\",\r\n        \"friendlyName\": \"afspstestsa\",\r\n        \"backupManagementType\": \"AzureStorage\",\r\n        \"registrationStatus\": \"Registered\",\r\n        \"healthStatus\": \"Healthy\",\r\n        \"containerType\": \"StorageContainer\",\r\n        \"protectableObjectType\": \"StorageContainer\"\r\n      }\r\n    }\r\n  ]\r\n}",
      "StatusCode": 200
    },
    {
      "RequestUri": "/subscriptions/38304e13-357e-405e-9e9a-220351dcce8c/resourceGroups/afs-pstest-rg/providers/Microsoft.RecoveryServices/vaults/afs-pstest-vault/backupProtectionContainers?$filter=friendlyName%20eq%20'afspstestsa'%20and%20backupManagementType%20eq%20'AzureStorage'&api-version=2023-01-01",
      "EncodedRequestUri": "L3N1YnNjcmlwdGlvbnMvMzgzMDRlMTMtMzU3ZS00MDVlLTllOWEtMjIwMzUxZGNjZThjL3Jlc291cmNlR3JvdXBzL2Fmcy1wc3Rlc3QtcmcvcHJvdmlkZXJzL01pY3Jvc29mdC5SZWNvdmVyeVNlcnZpY2VzL3ZhdWx0cy9hZnMtcHN0ZXN0LXZhdWx0L2JhY2t1cFByb3RlY3Rpb25Db250YWluZXJzPyRmaWx0ZXI9ZnJpZW5kbHlOYW1lJTIwZXElMjAnYWZzcHN0ZXN0c2EnJTIwYW5kJTIwYmFja3VwTWFuYWdlbWVudFR5cGUlMjBlcSUyMCdBenVyZVN0b3JhZ2UnJmFwaS12ZXJzaW9uPTIwMjMtMDEtMDE=",
      "RequestMethod": "GET",
      "RequestHeaders": {
        "x-ms-client-request-id": [
          "afda7ad4-2e82-4d80-8b8d-0b1be81e16b0"
        ],
        "Accept-Language": [
          "en-US"
        ],
        "User-Agent": [
          "FxVersion/4.700.22.55902",
          "OSName/Windows",
          "OSVersion/Microsoft.Windows.10.0.22621",
          "Microsoft.Azure.Management.RecoveryServices.Backup.RecoveryServicesBackupClient/6.3.0"
        ]
      },
      "RequestBody": "",
      "ResponseHeaders": {
        "Cache-Control": [
          "no-cache"
        ],
        "Pragma": [
          "no-cache"
        ],
        "X-Content-Type-Options": [
          "nosniff"
        ],
        "x-ms-request-id": [
          "2ae4b31a-c99d-4714-8892-e1c124967087"
        ],
        "x-ms-client-request-id": [
          "afda7ad4-2e82-4d80-8b8d-0b1be81e16b0"
        ],
        "Server": [
          "Kestrel"
        ],
        "x-ms-ratelimit-remaining-subscription-resource-requests": [
          "298"
        ],
        "x-ms-correlation-request-id": [
          "2ae4b31a-c99d-4714-8892-e1c124967087"
        ],
        "x-ms-routing-request-id": [
          "JIOINDIAWEST:20230418T174023Z:2ae4b31a-c99d-4714-8892-e1c124967087"
        ],
        "Strict-Transport-Security": [
          "max-age=31536000; includeSubDomains"
        ],
        "Date": [
          "Tue, 18 Apr 2023 17:40:23 GMT"
        ],
        "Content-Length": [
          "830"
        ],
        "Content-Type": [
          "application/json; charset=utf-8"
        ],
        "Expires": [
          "-1"
        ]
      },
      "ResponseBody": "{\r\n  \"value\": [\r\n    {\r\n      \"id\": \"/subscriptions/38304e13-357e-405e-9e9a-220351dcce8c/resourceGroups/afs-pstest-rg/providers/Microsoft.RecoveryServices/vaults/afs-pstest-vault/backupFabrics/Azure/protectionContainers/StorageContainer;Storage;afs-pstest-rg;afspstestsa\",\r\n      \"name\": \"StorageContainer;Storage;afs-pstest-rg;afspstestsa\",\r\n      \"type\": \"Microsoft.RecoveryServices/vaults/backupFabrics/protectionContainers\",\r\n      \"properties\": {\r\n        \"sourceResourceId\": \"/subscriptions/38304e13-357e-405e-9e9a-220351dcce8c/resourceGroups/afs-pstest-rg/providers/Microsoft.Storage/storageAccounts/afspstestsa\",\r\n        \"protectedItemCount\": 1,\r\n        \"acquireStorageAccountLock\": \"Acquire\",\r\n        \"friendlyName\": \"afspstestsa\",\r\n        \"backupManagementType\": \"AzureStorage\",\r\n        \"registrationStatus\": \"Registered\",\r\n        \"healthStatus\": \"Healthy\",\r\n        \"containerType\": \"StorageContainer\",\r\n        \"protectableObjectType\": \"StorageContainer\"\r\n      }\r\n    }\r\n  ]\r\n}",
      "StatusCode": 200
    },
    {
      "RequestUri": "/subscriptions/38304e13-357e-405e-9e9a-220351dcce8c/resourceGroups/afs-pstest-rg/providers/Microsoft.RecoveryServices/vaults/afs-pstest-vault/backupProtectionContainers?$filter=friendlyName%20eq%20'afspstestsa'%20and%20backupManagementType%20eq%20'AzureStorage'&api-version=2023-01-01",
      "EncodedRequestUri": "L3N1YnNjcmlwdGlvbnMvMzgzMDRlMTMtMzU3ZS00MDVlLTllOWEtMjIwMzUxZGNjZThjL3Jlc291cmNlR3JvdXBzL2Fmcy1wc3Rlc3QtcmcvcHJvdmlkZXJzL01pY3Jvc29mdC5SZWNvdmVyeVNlcnZpY2VzL3ZhdWx0cy9hZnMtcHN0ZXN0LXZhdWx0L2JhY2t1cFByb3RlY3Rpb25Db250YWluZXJzPyRmaWx0ZXI9ZnJpZW5kbHlOYW1lJTIwZXElMjAnYWZzcHN0ZXN0c2EnJTIwYW5kJTIwYmFja3VwTWFuYWdlbWVudFR5cGUlMjBlcSUyMCdBenVyZVN0b3JhZ2UnJmFwaS12ZXJzaW9uPTIwMjMtMDEtMDE=",
      "RequestMethod": "GET",
      "RequestHeaders": {
        "x-ms-client-request-id": [
          "8acf7e94-5563-4865-b7b6-417fca2a8fd9"
        ],
        "Accept-Language": [
          "en-US"
        ],
        "User-Agent": [
          "FxVersion/4.700.22.55902",
          "OSName/Windows",
          "OSVersion/Microsoft.Windows.10.0.22621",
          "Microsoft.Azure.Management.RecoveryServices.Backup.RecoveryServicesBackupClient/6.3.0"
        ]
      },
      "RequestBody": "",
      "ResponseHeaders": {
        "Cache-Control": [
          "no-cache"
        ],
        "Pragma": [
          "no-cache"
        ],
        "X-Content-Type-Options": [
          "nosniff"
        ],
        "x-ms-request-id": [
          "fe3f3f30-a09a-46b6-a62b-a838c8a1bb66"
        ],
        "x-ms-client-request-id": [
          "8acf7e94-5563-4865-b7b6-417fca2a8fd9"
        ],
        "Server": [
          "Kestrel"
        ],
        "x-ms-ratelimit-remaining-subscription-resource-requests": [
          "299"
        ],
        "x-ms-correlation-request-id": [
          "fe3f3f30-a09a-46b6-a62b-a838c8a1bb66"
        ],
        "x-ms-routing-request-id": [
          "JIOINDIAWEST:20230418T174027Z:fe3f3f30-a09a-46b6-a62b-a838c8a1bb66"
        ],
        "Strict-Transport-Security": [
          "max-age=31536000; includeSubDomains"
        ],
        "Date": [
          "Tue, 18 Apr 2023 17:40:27 GMT"
        ],
        "Content-Length": [
          "830"
        ],
        "Content-Type": [
          "application/json; charset=utf-8"
        ],
        "Expires": [
          "-1"
        ]
      },
      "ResponseBody": "{\r\n  \"value\": [\r\n    {\r\n      \"id\": \"/subscriptions/38304e13-357e-405e-9e9a-220351dcce8c/resourceGroups/afs-pstest-rg/providers/Microsoft.RecoveryServices/vaults/afs-pstest-vault/backupFabrics/Azure/protectionContainers/StorageContainer;Storage;afs-pstest-rg;afspstestsa\",\r\n      \"name\": \"StorageContainer;Storage;afs-pstest-rg;afspstestsa\",\r\n      \"type\": \"Microsoft.RecoveryServices/vaults/backupFabrics/protectionContainers\",\r\n      \"properties\": {\r\n        \"sourceResourceId\": \"/subscriptions/38304e13-357e-405e-9e9a-220351dcce8c/resourceGroups/afs-pstest-rg/providers/Microsoft.Storage/storageAccounts/afspstestsa\",\r\n        \"protectedItemCount\": 1,\r\n        \"acquireStorageAccountLock\": \"Acquire\",\r\n        \"friendlyName\": \"afspstestsa\",\r\n        \"backupManagementType\": \"AzureStorage\",\r\n        \"registrationStatus\": \"Registered\",\r\n        \"healthStatus\": \"Healthy\",\r\n        \"containerType\": \"StorageContainer\",\r\n        \"protectableObjectType\": \"StorageContainer\"\r\n      }\r\n    }\r\n  ]\r\n}",
      "StatusCode": 200
    },
    {
      "RequestUri": "/subscriptions/38304e13-357e-405e-9e9a-220351dcce8c/resourceGroups/afs-pstest-rg/providers/Microsoft.RecoveryServices/vaults/afs-pstest-vault/backupPolicies/afspolicy1?api-version=2023-01-01",
      "EncodedRequestUri": "L3N1YnNjcmlwdGlvbnMvMzgzMDRlMTMtMzU3ZS00MDVlLTllOWEtMjIwMzUxZGNjZThjL3Jlc291cmNlR3JvdXBzL2Fmcy1wc3Rlc3QtcmcvcHJvdmlkZXJzL01pY3Jvc29mdC5SZWNvdmVyeVNlcnZpY2VzL3ZhdWx0cy9hZnMtcHN0ZXN0LXZhdWx0L2JhY2t1cFBvbGljaWVzL2Fmc3BvbGljeTE/YXBpLXZlcnNpb249MjAyMy0wMS0wMQ==",
      "RequestMethod": "GET",
      "RequestHeaders": {
        "x-ms-client-request-id": [
          "2700c893-27bd-4f07-8816-03673af3e9e0"
        ],
        "Accept-Language": [
          "en-US"
        ],
        "User-Agent": [
          "FxVersion/4.700.22.55902",
          "OSName/Windows",
          "OSVersion/Microsoft.Windows.10.0.22621",
          "Microsoft.Azure.Management.RecoveryServices.Backup.RecoveryServicesBackupClient/6.3.0"
        ]
      },
      "RequestBody": "",
      "ResponseHeaders": {
        "Cache-Control": [
          "no-cache"
        ],
        "Pragma": [
          "no-cache"
        ],
        "X-Content-Type-Options": [
          "nosniff"
        ],
        "x-ms-request-id": [
          "b0734d0e-13f5-49e8-80a7-207acbcc4e28"
        ],
        "x-ms-client-request-id": [
          "2700c893-27bd-4f07-8816-03673af3e9e0"
        ],
        "Server": [
          "Kestrel"
        ],
        "x-ms-ratelimit-remaining-subscription-resource-requests": [
          "299"
        ],
        "x-ms-correlation-request-id": [
          "b0734d0e-13f5-49e8-80a7-207acbcc4e28"
        ],
        "x-ms-routing-request-id": [
          "WESTINDIA:20230418T173854Z:b0734d0e-13f5-49e8-80a7-207acbcc4e28"
        ],
        "Strict-Transport-Security": [
          "max-age=31536000; includeSubDomains"
        ],
        "Date": [
          "Tue, 18 Apr 2023 17:38:53 GMT"
        ],
        "Content-Length": [
          "697"
        ],
        "Content-Type": [
          "application/json; charset=utf-8"
        ],
        "Expires": [
          "-1"
        ]
      },
      "ResponseBody": "{\r\n  \"id\": \"/subscriptions/38304e13-357e-405e-9e9a-220351dcce8c/resourceGroups/afs-pstest-rg/providers/Microsoft.RecoveryServices/vaults/afs-pstest-vault/backupPolicies/afspolicy1\",\r\n  \"name\": \"afspolicy1\",\r\n  \"type\": \"Microsoft.RecoveryServices/vaults/backupPolicies\",\r\n  \"properties\": {\r\n    \"backupManagementType\": \"AzureStorage\",\r\n    \"schedulePolicy\": {\r\n      \"schedulePolicyType\": \"SimpleSchedulePolicy\",\r\n      \"scheduleRunFrequency\": \"Daily\",\r\n      \"scheduleRunTimes\": [\r\n        \"2022-08-29T06:30:00Z\"\r\n      ],\r\n      \"scheduleWeeklyFrequency\": 0\r\n    },\r\n    \"retentionPolicy\": {\r\n      \"retentionPolicyType\": \"LongTermRetentionPolicy\",\r\n      \"dailySchedule\": {\r\n        \"retentionTimes\": [\r\n          \"2022-08-29T06:30:00Z\"\r\n        ],\r\n        \"retentionDuration\": {\r\n          \"count\": 30,\r\n          \"durationType\": \"Days\"\r\n        }\r\n      }\r\n    },\r\n    \"timeZone\": \"UTC\",\r\n    \"protectedItemsCount\": 0\r\n  }\r\n}",
      "StatusCode": 200
    },
    {
      "RequestUri": "/subscriptions/38304e13-357e-405e-9e9a-220351dcce8c/resourceGroups/afs-pstest-rg/providers/Microsoft.RecoveryServices/vaults/afs-pstest-vault/backupProtectionContainers?$filter=backupManagementType%20eq%20'AzureStorage'&api-version=2023-01-01",
      "EncodedRequestUri": "L3N1YnNjcmlwdGlvbnMvMzgzMDRlMTMtMzU3ZS00MDVlLTllOWEtMjIwMzUxZGNjZThjL3Jlc291cmNlR3JvdXBzL2Fmcy1wc3Rlc3QtcmcvcHJvdmlkZXJzL01pY3Jvc29mdC5SZWNvdmVyeVNlcnZpY2VzL3ZhdWx0cy9hZnMtcHN0ZXN0LXZhdWx0L2JhY2t1cFByb3RlY3Rpb25Db250YWluZXJzPyRmaWx0ZXI9YmFja3VwTWFuYWdlbWVudFR5cGUlMjBlcSUyMCdBenVyZVN0b3JhZ2UnJmFwaS12ZXJzaW9uPTIwMjMtMDEtMDE=",
      "RequestMethod": "GET",
      "RequestHeaders": {
        "x-ms-client-request-id": [
          "9f15bc4a-24a7-493e-ab24-816a6d36255f"
        ],
        "Accept-Language": [
          "en-US"
        ],
        "User-Agent": [
          "FxVersion/4.700.22.55902",
          "OSName/Windows",
          "OSVersion/Microsoft.Windows.10.0.22621",
          "Microsoft.Azure.Management.RecoveryServices.Backup.RecoveryServicesBackupClient/6.3.0"
        ]
      },
      "RequestBody": "",
      "ResponseHeaders": {
        "Cache-Control": [
          "no-cache"
        ],
        "Pragma": [
          "no-cache"
        ],
        "X-Content-Type-Options": [
          "nosniff"
        ],
        "x-ms-request-id": [
          "67bde10b-eb11-4b67-95c7-134c38603688"
        ],
        "x-ms-client-request-id": [
          "9f15bc4a-24a7-493e-ab24-816a6d36255f"
        ],
        "Server": [
          "Kestrel"
        ],
        "x-ms-ratelimit-remaining-subscription-resource-requests": [
          "298"
        ],
        "x-ms-correlation-request-id": [
          "67bde10b-eb11-4b67-95c7-134c38603688"
        ],
        "x-ms-routing-request-id": [
          "WESTINDIA:20230418T173856Z:67bde10b-eb11-4b67-95c7-134c38603688"
        ],
        "Strict-Transport-Security": [
          "max-age=31536000; includeSubDomains"
        ],
        "Date": [
          "Tue, 18 Apr 2023 17:38:55 GMT"
        ],
        "Content-Length": [
          "12"
        ],
        "Content-Type": [
          "application/json; charset=utf-8"
        ],
        "Expires": [
          "-1"
        ]
      },
      "ResponseBody": "{\r\n  \"value\": []\r\n}",
      "StatusCode": 200
    },
    {
      "RequestUri": "/subscriptions/38304e13-357e-405e-9e9a-220351dcce8c/resourceGroups/afs-pstest-rg/providers/Microsoft.RecoveryServices/vaults/afs-pstest-vault/backupProtectionContainers?$filter=backupManagementType%20eq%20'AzureStorage'&api-version=2023-01-01",
      "EncodedRequestUri": "L3N1YnNjcmlwdGlvbnMvMzgzMDRlMTMtMzU3ZS00MDVlLTllOWEtMjIwMzUxZGNjZThjL3Jlc291cmNlR3JvdXBzL2Fmcy1wc3Rlc3QtcmcvcHJvdmlkZXJzL01pY3Jvc29mdC5SZWNvdmVyeVNlcnZpY2VzL3ZhdWx0cy9hZnMtcHN0ZXN0LXZhdWx0L2JhY2t1cFByb3RlY3Rpb25Db250YWluZXJzPyRmaWx0ZXI9YmFja3VwTWFuYWdlbWVudFR5cGUlMjBlcSUyMCdBenVyZVN0b3JhZ2UnJmFwaS12ZXJzaW9uPTIwMjMtMDEtMDE=",
      "RequestMethod": "GET",
      "RequestHeaders": {
        "x-ms-client-request-id": [
          "87ecdba0-811d-4d14-85be-401a5219396f"
        ],
        "Accept-Language": [
          "en-US"
        ],
        "User-Agent": [
          "FxVersion/4.700.22.55902",
          "OSName/Windows",
          "OSVersion/Microsoft.Windows.10.0.22621",
          "Microsoft.Azure.Management.RecoveryServices.Backup.RecoveryServicesBackupClient/6.3.0"
        ]
      },
      "RequestBody": "",
      "ResponseHeaders": {
        "Cache-Control": [
          "no-cache"
        ],
        "Pragma": [
          "no-cache"
        ],
        "X-Content-Type-Options": [
          "nosniff"
        ],
        "x-ms-request-id": [
          "d10dbad1-209e-4517-ae6b-1921bb60d98f"
        ],
        "x-ms-client-request-id": [
          "87ecdba0-811d-4d14-85be-401a5219396f"
        ],
        "Server": [
          "Kestrel"
        ],
        "x-ms-ratelimit-remaining-subscription-resource-requests": [
          "299"
        ],
        "x-ms-correlation-request-id": [
          "d10dbad1-209e-4517-ae6b-1921bb60d98f"
        ],
        "x-ms-routing-request-id": [
          "JIOINDIAWEST:20230418T174021Z:d10dbad1-209e-4517-ae6b-1921bb60d98f"
        ],
        "Strict-Transport-Security": [
          "max-age=31536000; includeSubDomains"
        ],
        "Date": [
          "Tue, 18 Apr 2023 17:40:21 GMT"
        ],
        "Content-Length": [
          "830"
        ],
        "Content-Type": [
          "application/json; charset=utf-8"
        ],
        "Expires": [
          "-1"
        ]
      },
      "ResponseBody": "{\r\n  \"value\": [\r\n    {\r\n      \"id\": \"/subscriptions/38304e13-357e-405e-9e9a-220351dcce8c/resourceGroups/afs-pstest-rg/providers/Microsoft.RecoveryServices/vaults/afs-pstest-vault/backupFabrics/Azure/protectionContainers/StorageContainer;Storage;afs-pstest-rg;afspstestsa\",\r\n      \"name\": \"StorageContainer;Storage;afs-pstest-rg;afspstestsa\",\r\n      \"type\": \"Microsoft.RecoveryServices/vaults/backupFabrics/protectionContainers\",\r\n      \"properties\": {\r\n        \"sourceResourceId\": \"/subscriptions/38304e13-357e-405e-9e9a-220351dcce8c/resourceGroups/afs-pstest-rg/providers/Microsoft.Storage/storageAccounts/afspstestsa\",\r\n        \"protectedItemCount\": 1,\r\n        \"acquireStorageAccountLock\": \"Acquire\",\r\n        \"friendlyName\": \"afspstestsa\",\r\n        \"backupManagementType\": \"AzureStorage\",\r\n        \"registrationStatus\": \"Registered\",\r\n        \"healthStatus\": \"Healthy\",\r\n        \"containerType\": \"StorageContainer\",\r\n        \"protectableObjectType\": \"StorageContainer\"\r\n      }\r\n    }\r\n  ]\r\n}",
      "StatusCode": 200
    },
    {
      "RequestUri": "/subscriptions/38304e13-357e-405e-9e9a-220351dcce8c/resourceGroups/afs-pstest-rg/providers/Microsoft.RecoveryServices/vaults/afs-pstest-vault/backupProtectionContainers?$filter=backupManagementType%20eq%20'AzureStorage'&api-version=2023-01-01",
      "EncodedRequestUri": "L3N1YnNjcmlwdGlvbnMvMzgzMDRlMTMtMzU3ZS00MDVlLTllOWEtMjIwMzUxZGNjZThjL3Jlc291cmNlR3JvdXBzL2Fmcy1wc3Rlc3QtcmcvcHJvdmlkZXJzL01pY3Jvc29mdC5SZWNvdmVyeVNlcnZpY2VzL3ZhdWx0cy9hZnMtcHN0ZXN0LXZhdWx0L2JhY2t1cFByb3RlY3Rpb25Db250YWluZXJzPyRmaWx0ZXI9YmFja3VwTWFuYWdlbWVudFR5cGUlMjBlcSUyMCdBenVyZVN0b3JhZ2UnJmFwaS12ZXJzaW9uPTIwMjMtMDEtMDE=",
      "RequestMethod": "GET",
      "RequestHeaders": {
        "x-ms-client-request-id": [
          "83f493fc-3e34-4d4e-8a89-2bcd3589394d"
        ],
        "Accept-Language": [
          "en-US"
        ],
        "User-Agent": [
          "FxVersion/4.700.22.55902",
          "OSName/Windows",
          "OSVersion/Microsoft.Windows.10.0.22621",
          "Microsoft.Azure.Management.RecoveryServices.Backup.RecoveryServicesBackupClient/6.3.0"
        ]
      },
      "RequestBody": "",
      "ResponseHeaders": {
        "Cache-Control": [
          "no-cache"
        ],
        "Pragma": [
          "no-cache"
        ],
        "X-Content-Type-Options": [
          "nosniff"
        ],
        "x-ms-request-id": [
          "b27b0524-ef5a-4e90-9468-1d7cb067da36"
        ],
        "x-ms-client-request-id": [
          "83f493fc-3e34-4d4e-8a89-2bcd3589394d"
        ],
        "Server": [
          "Kestrel"
        ],
        "x-ms-ratelimit-remaining-subscription-resource-requests": [
          "297"
        ],
        "x-ms-correlation-request-id": [
          "b27b0524-ef5a-4e90-9468-1d7cb067da36"
        ],
        "x-ms-routing-request-id": [
          "JIOINDIAWEST:20230418T174024Z:b27b0524-ef5a-4e90-9468-1d7cb067da36"
        ],
        "Strict-Transport-Security": [
          "max-age=31536000; includeSubDomains"
        ],
        "Date": [
          "Tue, 18 Apr 2023 17:40:23 GMT"
        ],
        "Content-Length": [
          "830"
        ],
        "Content-Type": [
          "application/json; charset=utf-8"
        ],
        "Expires": [
          "-1"
        ]
      },
      "ResponseBody": "{\r\n  \"value\": [\r\n    {\r\n      \"id\": \"/subscriptions/38304e13-357e-405e-9e9a-220351dcce8c/resourceGroups/afs-pstest-rg/providers/Microsoft.RecoveryServices/vaults/afs-pstest-vault/backupFabrics/Azure/protectionContainers/StorageContainer;Storage;afs-pstest-rg;afspstestsa\",\r\n      \"name\": \"StorageContainer;Storage;afs-pstest-rg;afspstestsa\",\r\n      \"type\": \"Microsoft.RecoveryServices/vaults/backupFabrics/protectionContainers\",\r\n      \"properties\": {\r\n        \"sourceResourceId\": \"/subscriptions/38304e13-357e-405e-9e9a-220351dcce8c/resourceGroups/afs-pstest-rg/providers/Microsoft.Storage/storageAccounts/afspstestsa\",\r\n        \"protectedItemCount\": 1,\r\n        \"acquireStorageAccountLock\": \"Acquire\",\r\n        \"friendlyName\": \"afspstestsa\",\r\n        \"backupManagementType\": \"AzureStorage\",\r\n        \"registrationStatus\": \"Registered\",\r\n        \"healthStatus\": \"Healthy\",\r\n        \"containerType\": \"StorageContainer\",\r\n        \"protectableObjectType\": \"StorageContainer\"\r\n      }\r\n    }\r\n  ]\r\n}",
      "StatusCode": 200
    },
    {
      "RequestUri": "/subscriptions/38304e13-357e-405e-9e9a-220351dcce8c/resourceGroups/afs-pstest-rg/providers/Microsoft.RecoveryServices/vaults/afs-pstest-vault/backupFabrics/Azure/protectableContainers?$filter=backupManagementType%20eq%20'AzureStorage'&api-version=2023-01-01",
      "EncodedRequestUri": "L3N1YnNjcmlwdGlvbnMvMzgzMDRlMTMtMzU3ZS00MDVlLTllOWEtMjIwMzUxZGNjZThjL3Jlc291cmNlR3JvdXBzL2Fmcy1wc3Rlc3QtcmcvcHJvdmlkZXJzL01pY3Jvc29mdC5SZWNvdmVyeVNlcnZpY2VzL3ZhdWx0cy9hZnMtcHN0ZXN0LXZhdWx0L2JhY2t1cEZhYnJpY3MvQXp1cmUvcHJvdGVjdGFibGVDb250YWluZXJzPyRmaWx0ZXI9YmFja3VwTWFuYWdlbWVudFR5cGUlMjBlcSUyMCdBenVyZVN0b3JhZ2UnJmFwaS12ZXJzaW9uPTIwMjMtMDEtMDE=",
      "RequestMethod": "GET",
      "RequestHeaders": {
        "x-ms-client-request-id": [
          "9f15bc4a-24a7-493e-ab24-816a6d36255f"
        ],
        "Accept-Language": [
          "en-US"
        ],
        "User-Agent": [
          "FxVersion/4.700.22.55902",
          "OSName/Windows",
          "OSVersion/Microsoft.Windows.10.0.22621",
          "Microsoft.Azure.Management.RecoveryServices.Backup.RecoveryServicesBackupClient/6.3.0"
        ]
      },
      "RequestBody": "",
      "ResponseHeaders": {
        "Cache-Control": [
          "no-cache"
        ],
        "Pragma": [
          "no-cache"
        ],
        "X-Content-Type-Options": [
          "nosniff"
        ],
        "x-ms-request-id": [
          "7d0926dd-f21b-4a26-9420-9c179cd2f505"
        ],
        "x-ms-client-request-id": [
          "9f15bc4a-24a7-493e-ab24-816a6d36255f"
        ],
        "Server": [
          "Kestrel"
        ],
        "x-ms-ratelimit-remaining-subscription-resource-requests": [
          "299"
        ],
        "x-ms-correlation-request-id": [
          "7d0926dd-f21b-4a26-9420-9c179cd2f505"
        ],
        "x-ms-routing-request-id": [
          "WESTINDIA:20230418T173857Z:7d0926dd-f21b-4a26-9420-9c179cd2f505"
        ],
        "Strict-Transport-Security": [
          "max-age=31536000; includeSubDomains"
        ],
        "Date": [
          "Tue, 18 Apr 2023 17:38:56 GMT"
        ],
        "Content-Length": [
          "16717"
        ],
        "Content-Type": [
          "application/json; charset=utf-8"
        ],
        "Expires": [
          "-1"
        ]
      },
      "ResponseBody": "{\r\n  \"value\": [\r\n    {\r\n      \"id\": \"/subscriptions/38304e13-357e-405e-9e9a-220351dcce8c/resourceGroups/afs-pstest-rg/providers/Microsoft.RecoveryServices/vaults/afs-pstest-vault/backupFabrics/Azure/protectableContainers/StorageContainer;Storage;AdkayethBugbash;adkasayeth\",\r\n      \"name\": \"StorageContainer;Storage;AdkayethBugbash;adkasayeth\",\r\n      \"type\": \"Microsoft.RecoveryServices/vaults/backupFabrics/protectableContainers\",\r\n      \"properties\": {\r\n        \"friendlyName\": \"adkasayeth\",\r\n        \"backupManagementType\": \"AzureStorage\",\r\n        \"protectableContainerType\": \"StorageContainer\",\r\n        \"healthStatus\": \"Healthy\",\r\n        \"containerId\": \"/subscriptions/38304e13-357e-405e-9e9a-220351dcce8c/resourceGroups/AdkayethBugbash/providers/Microsoft.Storage/storageAccounts/adkasayeth\"\r\n      }\r\n    },\r\n    {\r\n      \"id\": \"/subscriptions/38304e13-357e-405e-9e9a-220351dcce8c/resourceGroups/afs-pstest-rg/providers/Microsoft.RecoveryServices/vaults/afs-pstest-vault/backupFabrics/Azure/protectableContainers/StorageContainer;Storage;afs-pstest-rg;afspstestsa\",\r\n      \"name\": \"StorageContainer;Storage;afs-pstest-rg;afspstestsa\",\r\n      \"type\": \"Microsoft.RecoveryServices/vaults/backupFabrics/protectableContainers\",\r\n      \"properties\": {\r\n        \"friendlyName\": \"afspstestsa\",\r\n        \"backupManagementType\": \"AzureStorage\",\r\n        \"protectableContainerType\": \"StorageContainer\",\r\n        \"healthStatus\": \"Healthy\",\r\n        \"containerId\": \"/subscriptions/38304e13-357e-405e-9e9a-220351dcce8c/resourceGroups/afs-pstest-rg/providers/Microsoft.Storage/storageAccounts/afspstestsa\"\r\n      }\r\n    },\r\n    {\r\n      \"id\": \"/subscriptions/38304e13-357e-405e-9e9a-220351dcce8c/resourceGroups/afs-pstest-rg/providers/Microsoft.RecoveryServices/vaults/afs-pstest-vault/backupFabrics/Azure/protectableContainers/StorageContainer;Storage;afs-pstest-rg;afspstesttargetsa\",\r\n      \"name\": \"StorageContainer;Storage;afs-pstest-rg;afspstesttargetsa\",\r\n      \"type\": \"Microsoft.RecoveryServices/vaults/backupFabrics/protectableContainers\",\r\n      \"properties\": {\r\n        \"friendlyName\": \"afspstesttargetsa\",\r\n        \"backupManagementType\": \"AzureStorage\",\r\n        \"protectableContainerType\": \"StorageContainer\",\r\n        \"healthStatus\": \"Healthy\",\r\n        \"containerId\": \"/subscriptions/38304e13-357e-405e-9e9a-220351dcce8c/resourceGroups/afs-pstest-rg/providers/Microsoft.Storage/storageAccounts/afspstesttargetsa\"\r\n      }\r\n    },\r\n    {\r\n      \"id\": \"/subscriptions/38304e13-357e-405e-9e9a-220351dcce8c/resourceGroups/afs-pstest-rg/providers/Microsoft.RecoveryServices/vaults/afs-pstest-vault/backupFabrics/Azure/protectableContainers/StorageContainer;Storage;afstests;donotuseafsportalbvt\",\r\n      \"name\": \"StorageContainer;Storage;afstests;donotuseafsportalbvt\",\r\n      \"type\": \"Microsoft.RecoveryServices/vaults/backupFabrics/protectableContainers\",\r\n      \"properties\": {\r\n        \"friendlyName\": \"donotuseafsportalbvt\",\r\n        \"backupManagementType\": \"AzureStorage\",\r\n        \"protectableContainerType\": \"StorageContainer\",\r\n        \"healthStatus\": \"Healthy\",\r\n        \"containerId\": \"/subscriptions/38304e13-357e-405e-9e9a-220351dcce8c/resourceGroups/afstests/providers/Microsoft.Storage/storageAccounts/donotuseafsportalbvt\"\r\n      }\r\n    },\r\n    {\r\n      \"id\": \"/subscriptions/38304e13-357e-405e-9e9a-220351dcce8c/resourceGroups/afs-pstest-rg/providers/Microsoft.RecoveryServices/vaults/afs-pstest-vault/backupFabrics/Azure/protectableContainers/StorageContainer;Storage;clitest.rgdb7rinn3p3gannth3ojnaatwncmaxtmvkznlt7cfktt6z2tej7b4uobojcnl3hmqc;clitestbd5lgrp5tomaunmqz\",\r\n      \"name\": \"StorageContainer;Storage;clitest.rgdb7rinn3p3gannth3ojnaatwncmaxtmvkznlt7cfktt6z2tej7b4uobojcnl3hmqc;clitestbd5lgrp5tomaunmqz\",\r\n      \"type\": \"Microsoft.RecoveryServices/vaults/backupFabrics/protectableContainers\",\r\n      \"properties\": {\r\n        \"friendlyName\": \"clitestbd5lgrp5tomaunmqz\",\r\n        \"backupManagementType\": \"AzureStorage\",\r\n        \"protectableContainerType\": \"StorageContainer\",\r\n        \"healthStatus\": \"Healthy\",\r\n        \"containerId\": \"/subscriptions/38304e13-357e-405e-9e9a-220351dcce8c/resourceGroups/clitest.rgdb7rinn3p3gannth3ojnaatwncmaxtmvkznlt7cfktt6z2tej7b4uobojcnl3hmqc/providers/Microsoft.Storage/storageAccounts/clitestbd5lgrp5tomaunmqz\"\r\n      }\r\n    },\r\n    {\r\n      \"id\": \"/subscriptions/38304e13-357e-405e-9e9a-220351dcce8c/resourceGroups/afs-pstest-rg/providers/Microsoft.RecoveryServices/vaults/afs-pstest-vault/backupFabrics/Azure/protectableContainers/StorageContainer;Storage;cmk.system;cmkautomationstore1\",\r\n      \"name\": \"StorageContainer;Storage;cmk.system;cmkautomationstore1\",\r\n      \"type\": \"Microsoft.RecoveryServices/vaults/backupFabrics/protectableContainers\",\r\n      \"properties\": {\r\n        \"friendlyName\": \"cmkautomationstore1\",\r\n        \"backupManagementType\": \"AzureStorage\",\r\n        \"protectableContainerType\": \"StorageContainer\",\r\n        \"healthStatus\": \"Healthy\",\r\n        \"containerId\": \"/subscriptions/38304e13-357e-405e-9e9a-220351dcce8c/resourceGroups/cmk.system/providers/Microsoft.Storage/storageAccounts/cmkautomationstore1\"\r\n      }\r\n    },\r\n    {\r\n      \"id\": \"/subscriptions/38304e13-357e-405e-9e9a-220351dcce8c/resourceGroups/afs-pstest-rg/providers/Microsoft.RecoveryServices/vaults/afs-pstest-vault/backupFabrics/Azure/protectableContainers/StorageContainer;Storage;donot-use-bvt-ea-can2-oss;dontuseossrestoreasfilea\",\r\n      \"name\": \"StorageContainer;Storage;donot-use-bvt-ea-can2-oss;dontuseossrestoreasfilea\",\r\n      \"type\": \"Microsoft.RecoveryServices/vaults/backupFabrics/protectableContainers\",\r\n      \"properties\": {\r\n        \"friendlyName\": \"dontuseossrestoreasfilea\",\r\n        \"backupManagementType\": \"AzureStorage\",\r\n        \"protectableContainerType\": \"StorageContainer\",\r\n        \"healthStatus\": \"Healthy\",\r\n        \"containerId\": \"/subscriptions/38304e13-357e-405e-9e9a-220351dcce8c/resourceGroups/donot-use-bvt-ea-can2-oss/providers/Microsoft.Storage/storageAccounts/dontuseossrestoreasfilea\"\r\n      }\r\n    },\r\n    {\r\n      \"id\": \"/subscriptions/38304e13-357e-405e-9e9a-220351dcce8c/resourceGroups/afs-pstest-rg/providers/Microsoft.RecoveryServices/vaults/afs-pstest-vault/backupFabrics/Azure/protectableContainers/StorageContainer;Storage;DONOTUSE-BVT-AKS-CONFIGPROT-MC_group;dontusebvtakseacansa\",\r\n      \"name\": \"StorageContainer;Storage;DONOTUSE-BVT-AKS-CONFIGPROT-MC_group;dontusebvtakseacansa\",\r\n      \"type\": \"Microsoft.RecoveryServices/vaults/backupFabrics/protectableContainers\",\r\n      \"properties\": {\r\n        \"friendlyName\": \"dontusebvtakseacansa\",\r\n        \"backupManagementType\": \"AzureStorage\",\r\n        \"protectableContainerType\": \"StorageContainer\",\r\n        \"healthStatus\": \"Healthy\",\r\n        \"containerId\": \"/subscriptions/38304e13-357e-405e-9e9a-220351dcce8c/resourceGroups/DONOTUSE-BVT-AKS-CONFIGPROT-MC_group/providers/Microsoft.Storage/storageAccounts/dontusebvtakseacansa\"\r\n      }\r\n    },\r\n    {\r\n      \"id\": \"/subscriptions/38304e13-357e-405e-9e9a-220351dcce8c/resourceGroups/afs-pstest-rg/providers/Microsoft.RecoveryServices/vaults/afs-pstest-vault/backupFabrics/Azure/protectableContainers/StorageContainer;Storage;DonotUse-OSS-BVT-EA-RG;dontuseossea2restr2file\",\r\n      \"name\": \"StorageContainer;Storage;DonotUse-OSS-BVT-EA-RG;dontuseossea2restr2file\",\r\n      \"type\": \"Microsoft.RecoveryServices/vaults/backupFabrics/protectableContainers\",\r\n      \"properties\": {\r\n        \"friendlyName\": \"dontuseossea2restr2file\",\r\n        \"backupManagementType\": \"AzureStorage\",\r\n        \"protectableContainerType\": \"StorageContainer\",\r\n        \"healthStatus\": \"Healthy\",\r\n        \"containerId\": \"/subscriptions/38304e13-357e-405e-9e9a-220351dcce8c/resourceGroups/DonotUse-OSS-BVT-EA-RG/providers/Microsoft.Storage/storageAccounts/dontuseossea2restr2file\"\r\n      }\r\n    },\r\n    {\r\n      \"id\": \"/subscriptions/38304e13-357e-405e-9e9a-220351dcce8c/resourceGroups/afs-pstest-rg/providers/Microsoft.RecoveryServices/vaults/afs-pstest-vault/backupFabrics/Azure/protectableContainers/StorageContainer;Storage;DontUse-AKSExisting-BVT-SEA-RG;dontusexistingbvteasa\",\r\n      \"name\": \"StorageContainer;Storage;DontUse-AKSExisting-BVT-SEA-RG;dontusexistingbvteasa\",\r\n      \"type\": \"Microsoft.RecoveryServices/vaults/backupFabrics/protectableContainers\",\r\n      \"properties\": {\r\n        \"friendlyName\": \"dontusexistingbvteasa\",\r\n        \"backupManagementType\": \"AzureStorage\",\r\n        \"protectableContainerType\": \"StorageContainer\",\r\n        \"healthStatus\": \"Healthy\",\r\n        \"containerId\": \"/subscriptions/38304e13-357e-405e-9e9a-220351dcce8c/resourceGroups/DontUse-AKSExisting-BVT-SEA-RG/providers/Microsoft.Storage/storageAccounts/dontusexistingbvteasa\"\r\n      }\r\n    },\r\n    {\r\n      \"id\": \"/subscriptions/38304e13-357e-405e-9e9a-220351dcce8c/resourceGroups/afs-pstest-rg/providers/Microsoft.RecoveryServices/vaults/afs-pstest-vault/backupFabrics/Azure/protectableContainers/StorageContainer;Storage;hiagaCZR-rg;cliczrlrssa\",\r\n      \"name\": \"StorageContainer;Storage;hiagaCZR-rg;cliczrlrssa\",\r\n      \"type\": \"Microsoft.RecoveryServices/vaults/backupFabrics/protectableContainers\",\r\n      \"properties\": {\r\n        \"friendlyName\": \"cliczrlrssa\",\r\n        \"backupManagementType\": \"AzureStorage\",\r\n        \"protectableContainerType\": \"StorageContainer\",\r\n        \"healthStatus\": \"Healthy\",\r\n        \"containerId\": \"/subscriptions/38304e13-357e-405e-9e9a-220351dcce8c/resourceGroups/hiagaCZR-rg/providers/Microsoft.Storage/storageAccounts/cliczrlrssa\"\r\n      }\r\n    },\r\n    {\r\n      \"id\": \"/subscriptions/38304e13-357e-405e-9e9a-220351dcce8c/resourceGroups/afs-pstest-rg/providers/Microsoft.RecoveryServices/vaults/afs-pstest-vault/backupFabrics/Azure/protectableContainers/StorageContainer;Storage;iaasvm.existing;iaasextstoreea1\",\r\n      \"name\": \"StorageContainer;Storage;iaasvm.existing;iaasextstoreea1\",\r\n      \"type\": \"Microsoft.RecoveryServices/vaults/backupFabrics/protectableContainers\",\r\n      \"properties\": {\r\n        \"friendlyName\": \"iaasextstoreea1\",\r\n        \"backupManagementType\": \"AzureStorage\",\r\n        \"protectableContainerType\": \"StorageContainer\",\r\n        \"healthStatus\": \"Healthy\",\r\n        \"containerId\": \"/subscriptions/38304e13-357e-405e-9e9a-220351dcce8c/resourceGroups/iaasvm.existing/providers/Microsoft.Storage/storageAccounts/iaasextstoreea1\"\r\n      }\r\n    },\r\n    {\r\n      \"id\": \"/subscriptions/38304e13-357e-405e-9e9a-220351dcce8c/resourceGroups/afs-pstest-rg/providers/Microsoft.RecoveryServices/vaults/afs-pstest-vault/backupFabrics/Azure/protectableContainers/StorageContainer;Storage;iaasvm.new;iaasnewstoreea\",\r\n      \"name\": \"StorageContainer;Storage;iaasvm.new;iaasnewstoreea\",\r\n      \"type\": \"Microsoft.RecoveryServices/vaults/backupFabrics/protectableContainers\",\r\n      \"properties\": {\r\n        \"friendlyName\": \"iaasnewstoreea\",\r\n        \"backupManagementType\": \"AzureStorage\",\r\n        \"protectableContainerType\": \"StorageContainer\",\r\n        \"healthStatus\": \"Healthy\",\r\n        \"containerId\": \"/subscriptions/38304e13-357e-405e-9e9a-220351dcce8c/resourceGroups/iaasvm.new/providers/Microsoft.Storage/storageAccounts/iaasnewstoreea\"\r\n      }\r\n    },\r\n    {\r\n      \"id\": \"/subscriptions/38304e13-357e-405e-9e9a-220351dcce8c/resourceGroups/afs-pstest-rg/providers/Microsoft.RecoveryServices/vaults/afs-pstest-vault/backupFabrics/Azure/protectableContainers/StorageContainer;Storage;PORTAL.DPP.BVT.EA.BLOB.RESTORE.EXISTING;blobsoprestoreall\",\r\n      \"name\": \"StorageContainer;Storage;PORTAL.DPP.BVT.EA.BLOB.RESTORE.EXISTING;blobsoprestoreall\",\r\n      \"type\": \"Microsoft.RecoveryServices/vaults/backupFabrics/protectableContainers\",\r\n      \"properties\": {\r\n        \"friendlyName\": \"blobsoprestoreall\",\r\n        \"backupManagementType\": \"AzureStorage\",\r\n        \"protectableContainerType\": \"StorageContainer\",\r\n        \"healthStatus\": \"Healthy\",\r\n        \"containerId\": \"/subscriptions/38304e13-357e-405e-9e9a-220351dcce8c/resourceGroups/PORTAL.DPP.BVT.EA.BLOB.RESTORE.EXISTING/providers/Microsoft.Storage/storageAccounts/blobsoprestoreall\"\r\n      }\r\n    },\r\n    {\r\n      \"id\": \"/subscriptions/38304e13-357e-405e-9e9a-220351dcce8c/resourceGroups/afs-pstest-rg/providers/Microsoft.RecoveryServices/vaults/afs-pstest-vault/backupFabrics/Azure/protectableContainers/StorageContainer;Storage;PORTAL.DPP.BVT.EA.BLOB.RESTORE.EXISTING;blobsoprestorecontainers\",\r\n      \"name\": \"StorageContainer;Storage;PORTAL.DPP.BVT.EA.BLOB.RESTORE.EXISTING;blobsoprestorecontainers\",\r\n      \"type\": \"Microsoft.RecoveryServices/vaults/backupFabrics/protectableContainers\",\r\n      \"properties\": {\r\n        \"friendlyName\": \"blobsoprestorecontainers\",\r\n        \"backupManagementType\": \"AzureStorage\",\r\n        \"protectableContainerType\": \"StorageContainer\",\r\n        \"healthStatus\": \"Healthy\",\r\n        \"containerId\": \"/subscriptions/38304e13-357e-405e-9e9a-220351dcce8c/resourceGroups/PORTAL.DPP.BVT.EA.BLOB.RESTORE.EXISTING/providers/Microsoft.Storage/storageAccounts/blobsoprestorecontainers\"\r\n      }\r\n    },\r\n    {\r\n      \"id\": \"/subscriptions/38304e13-357e-405e-9e9a-220351dcce8c/resourceGroups/afs-pstest-rg/providers/Microsoft.RecoveryServices/vaults/afs-pstest-vault/backupFabrics/Azure/protectableContainers/StorageContainer;Storage;PORTAL.DPP.BVT.EA.BLOB.RESTORE.EXISTING;blobsrestoreopall\",\r\n      \"name\": \"StorageContainer;Storage;PORTAL.DPP.BVT.EA.BLOB.RESTORE.EXISTING;blobsrestoreopall\",\r\n      \"type\": \"Microsoft.RecoveryServices/vaults/backupFabrics/protectableContainers\",\r\n      \"properties\": {\r\n        \"friendlyName\": \"blobsrestoreopall\",\r\n        \"backupManagementType\": \"AzureStorage\",\r\n        \"protectableContainerType\": \"StorageContainer\",\r\n        \"healthStatus\": \"Healthy\",\r\n        \"containerId\": \"/subscriptions/38304e13-357e-405e-9e9a-220351dcce8c/resourceGroups/PORTAL.DPP.BVT.EA.BLOB.RESTORE.EXISTING/providers/Microsoft.Storage/storageAccounts/blobsrestoreopall\"\r\n      }\r\n    },\r\n    {\r\n      \"id\": \"/subscriptions/38304e13-357e-405e-9e9a-220351dcce8c/resourceGroups/afs-pstest-rg/providers/Microsoft.RecoveryServices/vaults/afs-pstest-vault/backupFabrics/Azure/protectableContainers/StorageContainer;Storage;PORTAL.DPP.BVT.EA.BLOB.RESTORE.EXISTING;blobsrestoreopcontainer\",\r\n      \"name\": \"StorageContainer;Storage;PORTAL.DPP.BVT.EA.BLOB.RESTORE.EXISTING;blobsrestoreopcontainer\",\r\n      \"type\": \"Microsoft.RecoveryServices/vaults/backupFabrics/protectableContainers\",\r\n      \"properties\": {\r\n        \"friendlyName\": \"blobsrestoreopcontainer\",\r\n        \"backupManagementType\": \"AzureStorage\",\r\n        \"protectableContainerType\": \"StorageContainer\",\r\n        \"healthStatus\": \"Healthy\",\r\n        \"containerId\": \"/subscriptions/38304e13-357e-405e-9e9a-220351dcce8c/resourceGroups/PORTAL.DPP.BVT.EA.BLOB.RESTORE.EXISTING/providers/Microsoft.Storage/storageAccounts/blobsrestoreopcontainer\"\r\n      }\r\n    },\r\n    {\r\n      \"id\": \"/subscriptions/38304e13-357e-405e-9e9a-220351dcce8c/resourceGroups/afs-pstest-rg/providers/Microsoft.RecoveryServices/vaults/afs-pstest-vault/backupFabrics/Azure/protectableContainers/StorageContainer;Storage;PORTAL.DPP.BVT.EA.BLOB.RESTORE.EXISTING;blobsrestoreopcontainers\",\r\n      \"name\": \"StorageContainer;Storage;PORTAL.DPP.BVT.EA.BLOB.RESTORE.EXISTING;blobsrestoreopcontainers\",\r\n      \"type\": \"Microsoft.RecoveryServices/vaults/backupFabrics/protectableContainers\",\r\n      \"properties\": {\r\n        \"friendlyName\": \"blobsrestoreopcontainers\",\r\n        \"backupManagementType\": \"AzureStorage\",\r\n        \"protectableContainerType\": \"StorageContainer\",\r\n        \"healthStatus\": \"Healthy\",\r\n        \"containerId\": \"/subscriptions/38304e13-357e-405e-9e9a-220351dcce8c/resourceGroups/PORTAL.DPP.BVT.EA.BLOB.RESTORE.EXISTING/providers/Microsoft.Storage/storageAccounts/blobsrestoreopcontainers\"\r\n      }\r\n    },\r\n    {\r\n      \"id\": \"/subscriptions/38304e13-357e-405e-9e9a-220351dcce8c/resourceGroups/afs-pstest-rg/providers/Microsoft.RecoveryServices/vaults/afs-pstest-vault/backupFabrics/Azure/protectableContainers/StorageContainer;Storage;PORTAL.DPP.BVT.EA.BLOB.RESTORE.EXISTING;blobsrestoreopprefix\",\r\n      \"name\": \"StorageContainer;Storage;PORTAL.DPP.BVT.EA.BLOB.RESTORE.EXISTING;blobsrestoreopprefix\",\r\n      \"type\": \"Microsoft.RecoveryServices/vaults/backupFabrics/protectableContainers\",\r\n      \"properties\": {\r\n        \"friendlyName\": \"blobsrestoreopprefix\",\r\n        \"backupManagementType\": \"AzureStorage\",\r\n        \"protectableContainerType\": \"StorageContainer\",\r\n        \"healthStatus\": \"Healthy\",\r\n        \"containerId\": \"/subscriptions/38304e13-357e-405e-9e9a-220351dcce8c/resourceGroups/PORTAL.DPP.BVT.EA.BLOB.RESTORE.EXISTING/providers/Microsoft.Storage/storageAccounts/blobsrestoreopprefix\"\r\n      }\r\n    },\r\n    {\r\n      \"id\": \"/subscriptions/38304e13-357e-405e-9e9a-220351dcce8c/resourceGroups/afs-pstest-rg/providers/Microsoft.RecoveryServices/vaults/afs-pstest-vault/backupFabrics/Azure/protectableContainers/StorageContainer;Storage;PORTAL.DPP.BVT.EA.BLOB.RESTORE.EXISTING;blobssaforrestoreall\",\r\n      \"name\": \"StorageContainer;Storage;PORTAL.DPP.BVT.EA.BLOB.RESTORE.EXISTING;blobssaforrestoreall\",\r\n      \"type\": \"Microsoft.RecoveryServices/vaults/backupFabrics/protectableContainers\",\r\n      \"properties\": {\r\n        \"friendlyName\": \"blobssaforrestoreall\",\r\n        \"backupManagementType\": \"AzureStorage\",\r\n        \"protectableContainerType\": \"StorageContainer\",\r\n        \"healthStatus\": \"Healthy\",\r\n        \"containerId\": \"/subscriptions/38304e13-357e-405e-9e9a-220351dcce8c/resourceGroups/PORTAL.DPP.BVT.EA.BLOB.RESTORE.EXISTING/providers/Microsoft.Storage/storageAccounts/blobssaforrestoreall\"\r\n      }\r\n    },\r\n    {\r\n      \"id\": \"/subscriptions/38304e13-357e-405e-9e9a-220351dcce8c/resourceGroups/afs-pstest-rg/providers/Microsoft.RecoveryServices/vaults/afs-pstest-vault/backupFabrics/Azure/protectableContainers/StorageContainer;Storage;sarath-rg;mysqlintegrationtestsa\",\r\n      \"name\": \"StorageContainer;Storage;sarath-rg;mysqlintegrationtestsa\",\r\n      \"type\": \"Microsoft.RecoveryServices/vaults/backupFabrics/protectableContainers\",\r\n      \"properties\": {\r\n        \"friendlyName\": \"mysqlintegrationtestsa\",\r\n        \"backupManagementType\": \"AzureStorage\",\r\n        \"protectableContainerType\": \"StorageContainer\",\r\n        \"healthStatus\": \"Healthy\",\r\n        \"containerId\": \"/subscriptions/38304e13-357e-405e-9e9a-220351dcce8c/resourceGroups/sarath-rg/providers/Microsoft.Storage/storageAccounts/mysqlintegrationtestsa\"\r\n      }\r\n    },\r\n    {\r\n      \"id\": \"/subscriptions/38304e13-357e-405e-9e9a-220351dcce8c/resourceGroups/afs-pstest-rg/providers/Microsoft.RecoveryServices/vaults/afs-pstest-vault/backupFabrics/Azure/protectableContainers/StorageContainer;Storage;sarath-rg;sarath1p3ptestsa1\",\r\n      \"name\": \"StorageContainer;Storage;sarath-rg;sarath1p3ptestsa1\",\r\n      \"type\": \"Microsoft.RecoveryServices/vaults/backupFabrics/protectableContainers\",\r\n      \"properties\": {\r\n        \"friendlyName\": \"sarath1p3ptestsa1\",\r\n        \"backupManagementType\": \"AzureStorage\",\r\n        \"protectableContainerType\": \"StorageContainer\",\r\n        \"healthStatus\": \"Healthy\",\r\n        \"containerId\": \"/subscriptions/38304e13-357e-405e-9e9a-220351dcce8c/resourceGroups/sarath-rg/providers/Microsoft.Storage/storageAccounts/sarath1p3ptestsa1\"\r\n      }\r\n    }\r\n  ]\r\n}",
      "StatusCode": 200
    },
    {
      "RequestUri": "/subscriptions/38304e13-357e-405e-9e9a-220351dcce8c/resourceGroups/afs-pstest-rg/providers/Microsoft.RecoveryServices/vaults/afs-pstest-vault/backupFabrics/Azure/protectionContainers/StorageContainer%3BStorage%3Bafs-pstest-rg%3Bafspstestsa?api-version=2023-01-01",
      "EncodedRequestUri": "L3N1YnNjcmlwdGlvbnMvMzgzMDRlMTMtMzU3ZS00MDVlLTllOWEtMjIwMzUxZGNjZThjL3Jlc291cmNlR3JvdXBzL2Fmcy1wc3Rlc3QtcmcvcHJvdmlkZXJzL01pY3Jvc29mdC5SZWNvdmVyeVNlcnZpY2VzL3ZhdWx0cy9hZnMtcHN0ZXN0LXZhdWx0L2JhY2t1cEZhYnJpY3MvQXp1cmUvcHJvdGVjdGlvbkNvbnRhaW5lcnMvU3RvcmFnZUNvbnRhaW5lciUzQlN0b3JhZ2UlM0JhZnMtcHN0ZXN0LXJnJTNCYWZzcHN0ZXN0c2E/YXBpLXZlcnNpb249MjAyMy0wMS0wMQ==",
      "RequestMethod": "PUT",
      "RequestHeaders": {
        "x-ms-client-request-id": [
          "9f15bc4a-24a7-493e-ab24-816a6d36255f"
        ],
        "Accept-Language": [
          "en-US"
        ],
        "User-Agent": [
          "FxVersion/4.700.22.55902",
          "OSName/Windows",
          "OSVersion/Microsoft.Windows.10.0.22621",
          "Microsoft.Azure.Management.RecoveryServices.Backup.RecoveryServicesBackupClient/6.3.0"
        ],
        "Content-Type": [
          "application/json; charset=utf-8"
        ],
        "Content-Length": [
          "354"
        ]
      },
      "RequestBody": "{\r\n  \"properties\": {\r\n    \"containerType\": \"StorageContainer\",\r\n    \"sourceResourceId\": \"/subscriptions/38304e13-357e-405e-9e9a-220351dcce8c/resourceGroups/afs-pstest-rg/providers/Microsoft.Storage/storageAccounts/afspstestsa\",\r\n    \"resourceGroup\": \"afs-pstest-rg\",\r\n    \"friendlyName\": \"afspstestsa\",\r\n    \"backupManagementType\": \"AzureStorage\"\r\n  }\r\n}",
      "ResponseHeaders": {
        "Cache-Control": [
          "no-cache"
        ],
        "Pragma": [
          "no-cache"
        ],
        "Location": [
          "https://management.azure.com/subscriptions/38304e13-357e-405e-9e9a-220351dcce8c/resourceGroups/afs-pstest-rg/providers/Microsoft.RecoveryServices/vaults/afs-pstest-vault/backupFabrics/Azure/protectionContainers/StorageContainer;Storage;afs-pstest-rg;afspstestsa/operationResults/72ad0cd7-99d4-4a5f-bdc8-4d203608ca2e?api-version=2023-01-01"
        ],
        "Retry-After": [
          "60"
        ],
        "Azure-AsyncOperation": [
          "https://management.azure.com/subscriptions/38304e13-357e-405e-9e9a-220351dcce8c/resourceGroups/afs-pstest-rg/providers/Microsoft.RecoveryServices/vaults/afs-pstest-vault/backupFabrics/Azure/protectionContainers/StorageContainer;Storage;afs-pstest-rg;afspstestsa/operationsStatus/72ad0cd7-99d4-4a5f-bdc8-4d203608ca2e?api-version=2019-05-13-preview"
        ],
        "X-Content-Type-Options": [
          "nosniff"
        ],
        "x-ms-request-id": [
          "a64b60d2-7bd1-4f30-87d7-31cce4bda37e"
        ],
        "x-ms-client-request-id": [
          "9f15bc4a-24a7-493e-ab24-816a6d36255f"
        ],
        "Server": [
          "Kestrel"
        ],
        "x-ms-ratelimit-remaining-subscription-writes": [
          "1198"
        ],
        "x-ms-correlation-request-id": [
          "a64b60d2-7bd1-4f30-87d7-31cce4bda37e"
        ],
        "x-ms-routing-request-id": [
          "WESTINDIA:20230418T173857Z:a64b60d2-7bd1-4f30-87d7-31cce4bda37e"
        ],
        "Strict-Transport-Security": [
          "max-age=31536000; includeSubDomains"
        ],
        "Date": [
          "Tue, 18 Apr 2023 17:38:57 GMT"
        ],
        "Content-Length": [
          "2"
        ],
        "Content-Type": [
          "application/json; charset=utf-8"
        ],
        "Expires": [
          "-1"
        ]
      },
      "ResponseBody": "{}",
      "StatusCode": 202
    },
    {
      "RequestUri": "/subscriptions/38304e13-357e-405e-9e9a-220351dcce8c/resourceGroups/afs-pstest-rg/providers/Microsoft.RecoveryServices/vaults/afs-pstest-vault/backupFabrics/Azure/protectionContainers/StorageContainer%3BStorage%3Bafs-pstest-rg%3Bafspstestsa/operationResults/72ad0cd7-99d4-4a5f-bdc8-4d203608ca2e?api-version=2023-01-01",
      "EncodedRequestUri": "L3N1YnNjcmlwdGlvbnMvMzgzMDRlMTMtMzU3ZS00MDVlLTllOWEtMjIwMzUxZGNjZThjL3Jlc291cmNlR3JvdXBzL2Fmcy1wc3Rlc3QtcmcvcHJvdmlkZXJzL01pY3Jvc29mdC5SZWNvdmVyeVNlcnZpY2VzL3ZhdWx0cy9hZnMtcHN0ZXN0LXZhdWx0L2JhY2t1cEZhYnJpY3MvQXp1cmUvcHJvdGVjdGlvbkNvbnRhaW5lcnMvU3RvcmFnZUNvbnRhaW5lciUzQlN0b3JhZ2UlM0JhZnMtcHN0ZXN0LXJnJTNCYWZzcHN0ZXN0c2Evb3BlcmF0aW9uUmVzdWx0cy83MmFkMGNkNy05OWQ0LTRhNWYtYmRjOC00ZDIwMzYwOGNhMmU/YXBpLXZlcnNpb249MjAyMy0wMS0wMQ==",
      "RequestMethod": "GET",
      "RequestHeaders": {
        "x-ms-client-request-id": [
          "9f15bc4a-24a7-493e-ab24-816a6d36255f"
        ],
        "Accept-Language": [
          "en-US"
        ],
        "User-Agent": [
          "FxVersion/4.700.22.55902",
          "OSName/Windows",
          "OSVersion/Microsoft.Windows.10.0.22621",
          "Microsoft.Azure.Management.RecoveryServices.Backup.RecoveryServicesBackupClient/6.3.0"
        ]
      },
      "RequestBody": "",
      "ResponseHeaders": {
        "Cache-Control": [
          "no-cache"
        ],
        "Pragma": [
          "no-cache"
        ],
        "Location": [
          "https://management.azure.com/subscriptions/38304e13-357e-405e-9e9a-220351dcce8c/resourceGroups/afs-pstest-rg/providers/Microsoft.RecoveryServices/vaults/afs-pstest-vault/backupFabrics/Azure/protectionContainers/StorageContainer;Storage;afs-pstest-rg;afspstestsa/operationResults/72ad0cd7-99d4-4a5f-bdc8-4d203608ca2e?api-version=2023-01-01"
        ],
        "Retry-After": [
          "60"
        ],
        "Azure-AsyncOperation": [
          "https://management.azure.com/subscriptions/38304e13-357e-405e-9e9a-220351dcce8c/resourceGroups/afs-pstest-rg/providers/Microsoft.RecoveryServices/vaults/afs-pstest-vault/backupFabrics/Azure/protectionContainers/StorageContainer;Storage;afs-pstest-rg;afspstestsa/operationsStatus/72ad0cd7-99d4-4a5f-bdc8-4d203608ca2e?api-version=2019-05-13-preview"
        ],
        "X-Content-Type-Options": [
          "nosniff"
        ],
        "x-ms-request-id": [
          "169f8ccb-9863-484a-bb53-173b94d21da6"
        ],
        "x-ms-client-request-id": [
          "9f15bc4a-24a7-493e-ab24-816a6d36255f"
        ],
        "Server": [
          "Kestrel"
        ],
        "x-ms-ratelimit-remaining-subscription-resource-requests": [
          "299"
        ],
        "x-ms-correlation-request-id": [
          "169f8ccb-9863-484a-bb53-173b94d21da6"
        ],
        "x-ms-routing-request-id": [
          "WESTINDIA:20230418T173858Z:169f8ccb-9863-484a-bb53-173b94d21da6"
        ],
        "Strict-Transport-Security": [
          "max-age=31536000; includeSubDomains"
        ],
        "Date": [
          "Tue, 18 Apr 2023 17:38:57 GMT"
        ],
        "Content-Length": [
          "2"
        ],
        "Content-Type": [
          "application/json; charset=utf-8"
        ],
        "Expires": [
          "-1"
        ]
      },
      "ResponseBody": "{}",
      "StatusCode": 202
    },
    {
      "RequestUri": "/subscriptions/38304e13-357e-405e-9e9a-220351dcce8c/resourceGroups/afs-pstest-rg/providers/Microsoft.RecoveryServices/vaults/afs-pstest-vault/backupFabrics/Azure/protectionContainers/StorageContainer%3BStorage%3Bafs-pstest-rg%3Bafspstestsa/operationResults/72ad0cd7-99d4-4a5f-bdc8-4d203608ca2e?api-version=2023-01-01",
      "EncodedRequestUri": "L3N1YnNjcmlwdGlvbnMvMzgzMDRlMTMtMzU3ZS00MDVlLTllOWEtMjIwMzUxZGNjZThjL3Jlc291cmNlR3JvdXBzL2Fmcy1wc3Rlc3QtcmcvcHJvdmlkZXJzL01pY3Jvc29mdC5SZWNvdmVyeVNlcnZpY2VzL3ZhdWx0cy9hZnMtcHN0ZXN0LXZhdWx0L2JhY2t1cEZhYnJpY3MvQXp1cmUvcHJvdGVjdGlvbkNvbnRhaW5lcnMvU3RvcmFnZUNvbnRhaW5lciUzQlN0b3JhZ2UlM0JhZnMtcHN0ZXN0LXJnJTNCYWZzcHN0ZXN0c2Evb3BlcmF0aW9uUmVzdWx0cy83MmFkMGNkNy05OWQ0LTRhNWYtYmRjOC00ZDIwMzYwOGNhMmU/YXBpLXZlcnNpb249MjAyMy0wMS0wMQ==",
      "RequestMethod": "GET",
      "RequestHeaders": {
        "x-ms-client-request-id": [
          "9f15bc4a-24a7-493e-ab24-816a6d36255f"
        ],
        "Accept-Language": [
          "en-US"
        ],
        "User-Agent": [
          "FxVersion/4.700.22.55902",
          "OSName/Windows",
          "OSVersion/Microsoft.Windows.10.0.22621",
          "Microsoft.Azure.Management.RecoveryServices.Backup.RecoveryServicesBackupClient/6.3.0"
        ]
      },
      "RequestBody": "",
      "ResponseHeaders": {
        "Cache-Control": [
          "no-cache"
        ],
        "Pragma": [
          "no-cache"
        ],
        "X-Content-Type-Options": [
          "nosniff"
        ],
        "x-ms-request-id": [
          "94de1292-8493-45d7-b6a6-8fe8fe405e4b"
        ],
        "x-ms-client-request-id": [
          "9f15bc4a-24a7-493e-ab24-816a6d36255f"
        ],
        "Server": [
          "Kestrel"
        ],
        "x-ms-ratelimit-remaining-subscription-resource-requests": [
          "298"
        ],
        "x-ms-correlation-request-id": [
          "94de1292-8493-45d7-b6a6-8fe8fe405e4b"
        ],
        "x-ms-routing-request-id": [
          "WESTINDIA:20230418T173908Z:94de1292-8493-45d7-b6a6-8fe8fe405e4b"
        ],
        "Strict-Transport-Security": [
          "max-age=31536000; includeSubDomains"
        ],
        "Date": [
          "Tue, 18 Apr 2023 17:39:08 GMT"
        ],
        "Content-Length": [
          "740"
        ],
        "Content-Type": [
          "application/json; charset=utf-8"
        ],
        "Expires": [
          "-1"
        ]
      },
      "ResponseBody": "{\r\n  \"id\": \"/subscriptions/38304e13-357e-405e-9e9a-220351dcce8c/resourceGroups/afs-pstest-rg/providers/Microsoft.RecoveryServices/vaults/afs-pstest-vault/backupFabrics/Azure/protectionContainers/StorageContainer;Storage;afs-pstest-rg;afspstestsa\",\r\n  \"name\": \"StorageContainer;Storage;afs-pstest-rg;afspstestsa\",\r\n  \"properties\": {\r\n    \"sourceResourceId\": \"/subscriptions/38304e13-357e-405e-9e9a-220351dcce8c/resourceGroups/afs-pstest-rg/providers/Microsoft.Storage/storageAccounts/afspstestsa\",\r\n    \"protectedItemCount\": 0,\r\n    \"acquireStorageAccountLock\": \"Acquire\",\r\n    \"friendlyName\": \"afspstestsa\",\r\n    \"backupManagementType\": \"AzureStorage\",\r\n    \"registrationStatus\": \"Registered\",\r\n    \"healthStatus\": \"Healthy\",\r\n    \"containerType\": \"StorageContainer\",\r\n    \"protectableObjectType\": \"StorageContainer\"\r\n  }\r\n}",
      "StatusCode": 200
    },
    {
      "RequestUri": "/subscriptions/38304e13-357e-405e-9e9a-220351dcce8c/resourceGroups/afs-pstest-rg/providers/Microsoft.RecoveryServices/vaults/afs-pstest-vault/backupFabrics/Azure/protectionContainers/StorageContainer%3BStorage%3Bafs-pstest-rg%3Bafspstestsa/operationResults/72ad0cd7-99d4-4a5f-bdc8-4d203608ca2e?api-version=2023-01-01",
      "EncodedRequestUri": "L3N1YnNjcmlwdGlvbnMvMzgzMDRlMTMtMzU3ZS00MDVlLTllOWEtMjIwMzUxZGNjZThjL3Jlc291cmNlR3JvdXBzL2Fmcy1wc3Rlc3QtcmcvcHJvdmlkZXJzL01pY3Jvc29mdC5SZWNvdmVyeVNlcnZpY2VzL3ZhdWx0cy9hZnMtcHN0ZXN0LXZhdWx0L2JhY2t1cEZhYnJpY3MvQXp1cmUvcHJvdGVjdGlvbkNvbnRhaW5lcnMvU3RvcmFnZUNvbnRhaW5lciUzQlN0b3JhZ2UlM0JhZnMtcHN0ZXN0LXJnJTNCYWZzcHN0ZXN0c2Evb3BlcmF0aW9uUmVzdWx0cy83MmFkMGNkNy05OWQ0LTRhNWYtYmRjOC00ZDIwMzYwOGNhMmU/YXBpLXZlcnNpb249MjAyMy0wMS0wMQ==",
      "RequestMethod": "GET",
      "RequestHeaders": {
        "x-ms-client-request-id": [
          "9f15bc4a-24a7-493e-ab24-816a6d36255f"
        ],
        "Accept-Language": [
          "en-US"
        ],
        "User-Agent": [
          "FxVersion/4.700.22.55902",
          "OSName/Windows",
          "OSVersion/Microsoft.Windows.10.0.22621",
          "Microsoft.Azure.Management.RecoveryServices.Backup.RecoveryServicesBackupClient/6.3.0"
        ]
      },
      "RequestBody": "",
      "ResponseHeaders": {
        "Cache-Control": [
          "no-cache"
        ],
        "Pragma": [
          "no-cache"
        ],
        "X-Content-Type-Options": [
          "nosniff"
        ],
        "x-ms-request-id": [
          "0f0d4609-ec30-47c8-9580-d0eb6794523f"
        ],
        "x-ms-client-request-id": [
          "9f15bc4a-24a7-493e-ab24-816a6d36255f"
        ],
        "Server": [
          "Kestrel"
        ],
        "x-ms-ratelimit-remaining-subscription-resource-requests": [
          "297"
        ],
        "x-ms-correlation-request-id": [
          "0f0d4609-ec30-47c8-9580-d0eb6794523f"
        ],
        "x-ms-routing-request-id": [
          "WESTINDIA:20230418T173909Z:0f0d4609-ec30-47c8-9580-d0eb6794523f"
        ],
        "Strict-Transport-Security": [
          "max-age=31536000; includeSubDomains"
        ],
        "Date": [
          "Tue, 18 Apr 2023 17:39:08 GMT"
        ],
        "Content-Length": [
          "740"
        ],
        "Content-Type": [
          "application/json; charset=utf-8"
        ],
        "Expires": [
          "-1"
        ]
      },
      "ResponseBody": "{\r\n  \"id\": \"/subscriptions/38304e13-357e-405e-9e9a-220351dcce8c/resourceGroups/afs-pstest-rg/providers/Microsoft.RecoveryServices/vaults/afs-pstest-vault/backupFabrics/Azure/protectionContainers/StorageContainer;Storage;afs-pstest-rg;afspstestsa\",\r\n  \"name\": \"StorageContainer;Storage;afs-pstest-rg;afspstestsa\",\r\n  \"properties\": {\r\n    \"sourceResourceId\": \"/subscriptions/38304e13-357e-405e-9e9a-220351dcce8c/resourceGroups/afs-pstest-rg/providers/Microsoft.Storage/storageAccounts/afspstestsa\",\r\n    \"protectedItemCount\": 0,\r\n    \"acquireStorageAccountLock\": \"Acquire\",\r\n    \"friendlyName\": \"afspstestsa\",\r\n    \"backupManagementType\": \"AzureStorage\",\r\n    \"registrationStatus\": \"Registered\",\r\n    \"healthStatus\": \"Healthy\",\r\n    \"containerType\": \"StorageContainer\",\r\n    \"protectableObjectType\": \"StorageContainer\"\r\n  }\r\n}",
      "StatusCode": 200
    },
    {
      "RequestUri": "/subscriptions/38304e13-357e-405e-9e9a-220351dcce8c/resourceGroups/afs-pstest-rg/providers/Microsoft.RecoveryServices/vaults/afs-pstest-vault/backupProtectableItems?$filter=backupManagementType%20eq%20'AzureStorage'&api-version=2023-01-01",
      "EncodedRequestUri": "L3N1YnNjcmlwdGlvbnMvMzgzMDRlMTMtMzU3ZS00MDVlLTllOWEtMjIwMzUxZGNjZThjL3Jlc291cmNlR3JvdXBzL2Fmcy1wc3Rlc3QtcmcvcHJvdmlkZXJzL01pY3Jvc29mdC5SZWNvdmVyeVNlcnZpY2VzL3ZhdWx0cy9hZnMtcHN0ZXN0LXZhdWx0L2JhY2t1cFByb3RlY3RhYmxlSXRlbXM/JGZpbHRlcj1iYWNrdXBNYW5hZ2VtZW50VHlwZSUyMGVxJTIwJ0F6dXJlU3RvcmFnZScmYXBpLXZlcnNpb249MjAyMy0wMS0wMQ==",
      "RequestMethod": "GET",
      "RequestHeaders": {
        "x-ms-client-request-id": [
          "9f15bc4a-24a7-493e-ab24-816a6d36255f"
        ],
        "Accept-Language": [
          "en-US"
        ],
        "User-Agent": [
          "FxVersion/4.700.22.55902",
          "OSName/Windows",
          "OSVersion/Microsoft.Windows.10.0.22621",
          "Microsoft.Azure.Management.RecoveryServices.Backup.RecoveryServicesBackupClient/6.3.0"
        ]
      },
      "RequestBody": "",
      "ResponseHeaders": {
        "Cache-Control": [
          "no-cache"
        ],
        "Pragma": [
          "no-cache"
        ],
        "X-Content-Type-Options": [
          "nosniff"
        ],
        "x-ms-request-id": [
          "6de87378-e38b-48d0-b687-644541b946f0"
        ],
        "x-ms-client-request-id": [
          "9f15bc4a-24a7-493e-ab24-816a6d36255f"
        ],
        "Server": [
          "Kestrel"
        ],
        "x-ms-ratelimit-remaining-subscription-resource-requests": [
          "299"
        ],
        "x-ms-correlation-request-id": [
          "6de87378-e38b-48d0-b687-644541b946f0"
        ],
        "x-ms-routing-request-id": [
          "WESTINDIA:20230418T173909Z:6de87378-e38b-48d0-b687-644541b946f0"
        ],
        "Strict-Transport-Security": [
          "max-age=31536000; includeSubDomains"
        ],
        "Date": [
          "Tue, 18 Apr 2023 17:39:09 GMT"
        ],
        "Content-Length": [
          "12"
        ],
        "Content-Type": [
          "application/json; charset=utf-8"
        ],
        "Expires": [
          "-1"
        ]
      },
      "ResponseBody": "{\r\n  \"value\": []\r\n}",
      "StatusCode": 200
    },
    {
      "RequestUri": "/subscriptions/38304e13-357e-405e-9e9a-220351dcce8c/resourceGroups/afs-pstest-rg/providers/Microsoft.RecoveryServices/vaults/afs-pstest-vault/backupProtectableItems?$filter=backupManagementType%20eq%20'AzureStorage'&api-version=2023-01-01",
      "EncodedRequestUri": "L3N1YnNjcmlwdGlvbnMvMzgzMDRlMTMtMzU3ZS00MDVlLTllOWEtMjIwMzUxZGNjZThjL3Jlc291cmNlR3JvdXBzL2Fmcy1wc3Rlc3QtcmcvcHJvdmlkZXJzL01pY3Jvc29mdC5SZWNvdmVyeVNlcnZpY2VzL3ZhdWx0cy9hZnMtcHN0ZXN0LXZhdWx0L2JhY2t1cFByb3RlY3RhYmxlSXRlbXM/JGZpbHRlcj1iYWNrdXBNYW5hZ2VtZW50VHlwZSUyMGVxJTIwJ0F6dXJlU3RvcmFnZScmYXBpLXZlcnNpb249MjAyMy0wMS0wMQ==",
      "RequestMethod": "GET",
      "RequestHeaders": {
        "x-ms-client-request-id": [
          "9f15bc4a-24a7-493e-ab24-816a6d36255f"
        ],
        "Accept-Language": [
          "en-US"
        ],
        "User-Agent": [
          "FxVersion/4.700.22.55902",
          "OSName/Windows",
          "OSVersion/Microsoft.Windows.10.0.22621",
          "Microsoft.Azure.Management.RecoveryServices.Backup.RecoveryServicesBackupClient/6.3.0"
        ]
      },
      "RequestBody": "",
      "ResponseHeaders": {
        "Cache-Control": [
          "no-cache"
        ],
        "Pragma": [
          "no-cache"
        ],
        "X-Content-Type-Options": [
          "nosniff"
        ],
        "x-ms-request-id": [
          "78710d10-b8d6-4af9-b18f-c3c9c872bbe8"
        ],
        "x-ms-client-request-id": [
          "9f15bc4a-24a7-493e-ab24-816a6d36255f"
        ],
        "Server": [
          "Kestrel"
        ],
        "x-ms-ratelimit-remaining-subscription-resource-requests": [
          "298"
        ],
        "x-ms-correlation-request-id": [
          "78710d10-b8d6-4af9-b18f-c3c9c872bbe8"
        ],
        "x-ms-routing-request-id": [
          "WESTINDIA:20230418T173931Z:78710d10-b8d6-4af9-b18f-c3c9c872bbe8"
        ],
        "Strict-Transport-Security": [
          "max-age=31536000; includeSubDomains"
        ],
        "Date": [
          "Tue, 18 Apr 2023 17:39:31 GMT"
        ],
        "Content-Length": [
          "950"
        ],
        "Content-Type": [
          "application/json; charset=utf-8"
        ],
        "Expires": [
          "-1"
        ]
      },
      "ResponseBody": "{\r\n  \"value\": [\r\n    {\r\n      \"id\": \"/subscriptions/38304e13-357e-405e-9e9a-220351dcce8c/resourceGroups/afs-pstest-rg/providers/Microsoft.RecoveryServices/vaults/afs-pstest-vault/backupFabrics/Azure/protectionContainers/storagecontainer;storage;afs-pstest-rg;afspstestsa/protectableItems/azurefileshare;7f34af6cfe2f3f3204cfd4d18cd6b37f7dec2c84a2d759ffab3d1367f9e17356\",\r\n      \"name\": \"azurefileshare;7f34af6cfe2f3f3204cfd4d18cd6b37f7dec2c84a2d759ffab3d1367f9e17356\",\r\n      \"type\": \"Microsoft.RecoveryServices/vaults/backupFabrics/protectionContainers/protectableItems\",\r\n      \"properties\": {\r\n        \"parentContainerFabricId\": \"/subscriptions/38304e13-357e-405e-9e9a-220351dcce8c/resourceGroups/afs-pstest-rg/providers/Microsoft.Storage/storageAccounts/afspstestsa\",\r\n        \"parentContainerFriendlyName\": \"afspstestsa\",\r\n        \"azureFileShareType\": \"XSMB\",\r\n        \"backupManagementType\": \"AzureStorage\",\r\n        \"workloadType\": \"AzureFileShare\",\r\n        \"protectableItemType\": \"AzureFileShare\",\r\n        \"friendlyName\": \"fs1\",\r\n        \"protectionState\": \"NotProtected\"\r\n      }\r\n    }\r\n  ]\r\n}",
      "StatusCode": 200
    },
    {
      "RequestUri": "/subscriptions/38304e13-357e-405e-9e9a-220351dcce8c/resourceGroups/afs-pstest-rg/providers/Microsoft.RecoveryServices/vaults/afs-pstest-vault/backupFabrics/Azure/protectionContainers/StorageContainer%3BStorage%3Bafs-pstest-rg%3Bafspstestsa/inquire?$filter=workloadType%20eq%20'AzureFileShare'&api-version=2023-01-01",
      "EncodedRequestUri": "L3N1YnNjcmlwdGlvbnMvMzgzMDRlMTMtMzU3ZS00MDVlLTllOWEtMjIwMzUxZGNjZThjL3Jlc291cmNlR3JvdXBzL2Fmcy1wc3Rlc3QtcmcvcHJvdmlkZXJzL01pY3Jvc29mdC5SZWNvdmVyeVNlcnZpY2VzL3ZhdWx0cy9hZnMtcHN0ZXN0LXZhdWx0L2JhY2t1cEZhYnJpY3MvQXp1cmUvcHJvdGVjdGlvbkNvbnRhaW5lcnMvU3RvcmFnZUNvbnRhaW5lciUzQlN0b3JhZ2UlM0JhZnMtcHN0ZXN0LXJnJTNCYWZzcHN0ZXN0c2EvaW5xdWlyZT8kZmlsdGVyPXdvcmtsb2FkVHlwZSUyMGVxJTIwJ0F6dXJlRmlsZVNoYXJlJyZhcGktdmVyc2lvbj0yMDIzLTAxLTAx",
      "RequestMethod": "POST",
      "RequestHeaders": {
        "x-ms-client-request-id": [
          "9f15bc4a-24a7-493e-ab24-816a6d36255f"
        ],
        "Accept-Language": [
          "en-US"
        ],
        "User-Agent": [
          "FxVersion/4.700.22.55902",
          "OSName/Windows",
          "OSVersion/Microsoft.Windows.10.0.22621",
          "Microsoft.Azure.Management.RecoveryServices.Backup.RecoveryServicesBackupClient/6.3.0"
        ]
      },
      "RequestBody": "",
      "ResponseHeaders": {
        "Cache-Control": [
          "no-cache"
        ],
        "Pragma": [
          "no-cache"
        ],
        "Location": [
          "https://management.azure.com/subscriptions/38304e13-357e-405e-9e9a-220351dcce8c/resourceGroups/afs-pstest-rg/providers/Microsoft.RecoveryServices/vaults/afs-pstest-vault/backupFabrics/Azure/protectionContainers/StorageContainer;Storage;afs-pstest-rg;afspstestsa/operationResults/3a14a10e-8cc1-484a-acee-4877228eb3f8?api-version=2023-01-01"
        ],
        "Retry-After": [
          "60"
        ],
        "Azure-AsyncOperation": [
          "https://management.azure.com/subscriptions/38304e13-357e-405e-9e9a-220351dcce8c/resourceGroups/afs-pstest-rg/providers/Microsoft.RecoveryServices/vaults/afs-pstest-vault/backupFabrics/Azure/protectionContainers/StorageContainer;Storage;afs-pstest-rg;afspstestsa/operationsStatus/3a14a10e-8cc1-484a-acee-4877228eb3f8?api-version=2019-05-13-preview"
        ],
        "X-Content-Type-Options": [
          "nosniff"
        ],
        "x-ms-request-id": [
          "615016d3-8f0a-46a3-8592-19ab483301c0"
        ],
        "x-ms-client-request-id": [
          "9f15bc4a-24a7-493e-ab24-816a6d36255f"
        ],
        "Server": [
          "Kestrel"
        ],
        "x-ms-ratelimit-remaining-subscription-writes": [
          "1199"
        ],
        "x-ms-correlation-request-id": [
          "615016d3-8f0a-46a3-8592-19ab483301c0"
        ],
        "x-ms-routing-request-id": [
          "WESTINDIA:20230418T173909Z:615016d3-8f0a-46a3-8592-19ab483301c0"
        ],
        "Strict-Transport-Security": [
          "max-age=31536000; includeSubDomains"
        ],
        "Date": [
          "Tue, 18 Apr 2023 17:39:09 GMT"
        ],
        "Expires": [
          "-1"
        ],
        "Content-Length": [
          "0"
        ]
      },
      "ResponseBody": "",
      "StatusCode": 202
    },
    {
      "RequestUri": "/subscriptions/38304e13-357e-405e-9e9a-220351dcce8c/resourceGroups/afs-pstest-rg/providers/Microsoft.RecoveryServices/vaults/afs-pstest-vault/backupFabrics/Azure/operationResults/3a14a10e-8cc1-484a-acee-4877228eb3f8?api-version=2023-01-01",
      "EncodedRequestUri": "L3N1YnNjcmlwdGlvbnMvMzgzMDRlMTMtMzU3ZS00MDVlLTllOWEtMjIwMzUxZGNjZThjL3Jlc291cmNlR3JvdXBzL2Fmcy1wc3Rlc3QtcmcvcHJvdmlkZXJzL01pY3Jvc29mdC5SZWNvdmVyeVNlcnZpY2VzL3ZhdWx0cy9hZnMtcHN0ZXN0LXZhdWx0L2JhY2t1cEZhYnJpY3MvQXp1cmUvb3BlcmF0aW9uUmVzdWx0cy8zYTE0YTEwZS04Y2MxLTQ4NGEtYWNlZS00ODc3MjI4ZWIzZjg/YXBpLXZlcnNpb249MjAyMy0wMS0wMQ==",
      "RequestMethod": "GET",
      "RequestHeaders": {
        "x-ms-client-request-id": [
          "9f15bc4a-24a7-493e-ab24-816a6d36255f"
        ],
        "Accept-Language": [
          "en-US"
        ],
        "User-Agent": [
          "FxVersion/4.700.22.55902",
          "OSName/Windows",
          "OSVersion/Microsoft.Windows.10.0.22621",
          "Microsoft.Azure.Management.RecoveryServices.Backup.RecoveryServicesBackupClient/6.3.0"
        ]
      },
      "RequestBody": "",
      "ResponseHeaders": {
        "Cache-Control": [
          "no-cache"
        ],
        "Pragma": [
          "no-cache"
        ],
        "Location": [
          "https://management.azure.com/subscriptions/38304e13-357e-405e-9e9a-220351dcce8c/resourceGroups/afs-pstest-rg/providers/Microsoft.RecoveryServices/vaults/afs-pstest-vault/backupFabrics/Azure/operationResults/3a14a10e-8cc1-484a-acee-4877228eb3f8?api-version=2023-01-01"
        ],
        "Retry-After": [
          "60"
        ],
        "X-Content-Type-Options": [
          "nosniff"
        ],
        "x-ms-request-id": [
          "b2c2d84d-6453-4ba8-a056-03f64d98ebab"
        ],
        "x-ms-client-request-id": [
          "9f15bc4a-24a7-493e-ab24-816a6d36255f"
        ],
        "Server": [
          "Kestrel"
        ],
        "x-ms-ratelimit-remaining-subscription-resource-requests": [
          "299"
        ],
        "x-ms-correlation-request-id": [
          "b2c2d84d-6453-4ba8-a056-03f64d98ebab"
        ],
        "x-ms-routing-request-id": [
          "WESTINDIA:20230418T173910Z:b2c2d84d-6453-4ba8-a056-03f64d98ebab"
        ],
        "Strict-Transport-Security": [
          "max-age=31536000; includeSubDomains"
        ],
        "Date": [
          "Tue, 18 Apr 2023 17:39:10 GMT"
        ],
        "Expires": [
          "-1"
        ],
        "Content-Length": [
          "0"
        ]
      },
      "ResponseBody": "",
      "StatusCode": 202
    },
    {
      "RequestUri": "/subscriptions/38304e13-357e-405e-9e9a-220351dcce8c/resourceGroups/afs-pstest-rg/providers/Microsoft.RecoveryServices/vaults/afs-pstest-vault/backupFabrics/Azure/operationResults/3a14a10e-8cc1-484a-acee-4877228eb3f8?api-version=2023-01-01",
      "EncodedRequestUri": "L3N1YnNjcmlwdGlvbnMvMzgzMDRlMTMtMzU3ZS00MDVlLTllOWEtMjIwMzUxZGNjZThjL3Jlc291cmNlR3JvdXBzL2Fmcy1wc3Rlc3QtcmcvcHJvdmlkZXJzL01pY3Jvc29mdC5SZWNvdmVyeVNlcnZpY2VzL3ZhdWx0cy9hZnMtcHN0ZXN0LXZhdWx0L2JhY2t1cEZhYnJpY3MvQXp1cmUvb3BlcmF0aW9uUmVzdWx0cy8zYTE0YTEwZS04Y2MxLTQ4NGEtYWNlZS00ODc3MjI4ZWIzZjg/YXBpLXZlcnNpb249MjAyMy0wMS0wMQ==",
      "RequestMethod": "GET",
      "RequestHeaders": {
        "x-ms-client-request-id": [
          "9f15bc4a-24a7-493e-ab24-816a6d36255f"
        ],
        "Accept-Language": [
          "en-US"
        ],
        "User-Agent": [
          "FxVersion/4.700.22.55902",
          "OSName/Windows",
          "OSVersion/Microsoft.Windows.10.0.22621",
          "Microsoft.Azure.Management.RecoveryServices.Backup.RecoveryServicesBackupClient/6.3.0"
        ]
      },
      "RequestBody": "",
      "ResponseHeaders": {
        "Cache-Control": [
          "no-cache"
        ],
        "Pragma": [
          "no-cache"
        ],
        "Location": [
          "https://management.azure.com/subscriptions/38304e13-357e-405e-9e9a-220351dcce8c/resourceGroups/afs-pstest-rg/providers/Microsoft.RecoveryServices/vaults/afs-pstest-vault/backupFabrics/Azure/operationResults/3a14a10e-8cc1-484a-acee-4877228eb3f8?api-version=2023-01-01"
        ],
        "Retry-After": [
          "60"
        ],
        "X-Content-Type-Options": [
          "nosniff"
        ],
        "x-ms-request-id": [
          "72889549-23f2-4002-88dd-5b4028873741"
        ],
        "x-ms-client-request-id": [
          "9f15bc4a-24a7-493e-ab24-816a6d36255f"
        ],
        "Server": [
          "Kestrel"
        ],
        "x-ms-ratelimit-remaining-subscription-resource-requests": [
          "298"
        ],
        "x-ms-correlation-request-id": [
          "72889549-23f2-4002-88dd-5b4028873741"
        ],
        "x-ms-routing-request-id": [
          "WESTINDIA:20230418T173920Z:72889549-23f2-4002-88dd-5b4028873741"
        ],
        "Strict-Transport-Security": [
          "max-age=31536000; includeSubDomains"
        ],
        "Date": [
          "Tue, 18 Apr 2023 17:39:20 GMT"
        ],
        "Expires": [
          "-1"
        ],
        "Content-Length": [
          "0"
        ]
      },
      "ResponseBody": "",
      "StatusCode": 202
    },
    {
      "RequestUri": "/subscriptions/38304e13-357e-405e-9e9a-220351dcce8c/resourceGroups/afs-pstest-rg/providers/Microsoft.RecoveryServices/vaults/afs-pstest-vault/backupFabrics/Azure/operationResults/3a14a10e-8cc1-484a-acee-4877228eb3f8?api-version=2023-01-01",
      "EncodedRequestUri": "L3N1YnNjcmlwdGlvbnMvMzgzMDRlMTMtMzU3ZS00MDVlLTllOWEtMjIwMzUxZGNjZThjL3Jlc291cmNlR3JvdXBzL2Fmcy1wc3Rlc3QtcmcvcHJvdmlkZXJzL01pY3Jvc29mdC5SZWNvdmVyeVNlcnZpY2VzL3ZhdWx0cy9hZnMtcHN0ZXN0LXZhdWx0L2JhY2t1cEZhYnJpY3MvQXp1cmUvb3BlcmF0aW9uUmVzdWx0cy8zYTE0YTEwZS04Y2MxLTQ4NGEtYWNlZS00ODc3MjI4ZWIzZjg/YXBpLXZlcnNpb249MjAyMy0wMS0wMQ==",
      "RequestMethod": "GET",
      "RequestHeaders": {
        "x-ms-client-request-id": [
          "9f15bc4a-24a7-493e-ab24-816a6d36255f"
        ],
        "Accept-Language": [
          "en-US"
        ],
        "User-Agent": [
          "FxVersion/4.700.22.55902",
          "OSName/Windows",
          "OSVersion/Microsoft.Windows.10.0.22621",
          "Microsoft.Azure.Management.RecoveryServices.Backup.RecoveryServicesBackupClient/6.3.0"
        ]
      },
      "RequestBody": "",
      "ResponseHeaders": {
        "Cache-Control": [
          "no-cache"
        ],
        "Pragma": [
          "no-cache"
        ],
        "X-Content-Type-Options": [
          "nosniff"
        ],
        "x-ms-request-id": [
          "00000000-0000-0000-0000-000000000000"
        ],
        "x-ms-client-request-id": [
          "00000000-0000-0000-0000-000000000000"
        ],
        "Server": [
          "Kestrel"
        ],
        "x-ms-ratelimit-remaining-subscription-resource-requests": [
          "297"
        ],
        "x-ms-correlation-request-id": [
          "ace0062a-0b06-40b3-8a12-ec0d99c60258"
        ],
        "x-ms-routing-request-id": [
          "WESTINDIA:20230418T173930Z:ace0062a-0b06-40b3-8a12-ec0d99c60258"
        ],
        "Strict-Transport-Security": [
          "max-age=31536000; includeSubDomains"
        ],
        "Date": [
          "Tue, 18 Apr 2023 17:39:30 GMT"
        ],
        "Expires": [
          "-1"
        ]
      },
      "ResponseBody": "",
      "StatusCode": 204
    },
    {
      "RequestUri": "/subscriptions/38304e13-357e-405e-9e9a-220351dcce8c/resourceGroups/afs-pstest-rg/providers/Microsoft.RecoveryServices/vaults/afs-pstest-vault/backupFabrics/Azure/operationResults/3a14a10e-8cc1-484a-acee-4877228eb3f8?api-version=2023-01-01",
      "EncodedRequestUri": "L3N1YnNjcmlwdGlvbnMvMzgzMDRlMTMtMzU3ZS00MDVlLTllOWEtMjIwMzUxZGNjZThjL3Jlc291cmNlR3JvdXBzL2Fmcy1wc3Rlc3QtcmcvcHJvdmlkZXJzL01pY3Jvc29mdC5SZWNvdmVyeVNlcnZpY2VzL3ZhdWx0cy9hZnMtcHN0ZXN0LXZhdWx0L2JhY2t1cEZhYnJpY3MvQXp1cmUvb3BlcmF0aW9uUmVzdWx0cy8zYTE0YTEwZS04Y2MxLTQ4NGEtYWNlZS00ODc3MjI4ZWIzZjg/YXBpLXZlcnNpb249MjAyMy0wMS0wMQ==",
      "RequestMethod": "GET",
      "RequestHeaders": {
        "x-ms-client-request-id": [
          "9f15bc4a-24a7-493e-ab24-816a6d36255f"
        ],
        "Accept-Language": [
          "en-US"
        ],
        "User-Agent": [
          "FxVersion/4.700.22.55902",
          "OSName/Windows",
          "OSVersion/Microsoft.Windows.10.0.22621",
          "Microsoft.Azure.Management.RecoveryServices.Backup.RecoveryServicesBackupClient/6.3.0"
        ]
      },
      "RequestBody": "",
      "ResponseHeaders": {
        "Cache-Control": [
          "no-cache"
        ],
        "Pragma": [
          "no-cache"
        ],
        "X-Content-Type-Options": [
          "nosniff"
        ],
        "x-ms-request-id": [
          "00000000-0000-0000-0000-000000000000"
        ],
        "x-ms-client-request-id": [
          "00000000-0000-0000-0000-000000000000"
        ],
        "Server": [
          "Kestrel"
        ],
        "x-ms-ratelimit-remaining-subscription-resource-requests": [
          "296"
        ],
        "x-ms-correlation-request-id": [
          "7f591916-c31b-47fe-bdc2-55d248248ec2"
        ],
        "x-ms-routing-request-id": [
          "WESTINDIA:20230418T173931Z:7f591916-c31b-47fe-bdc2-55d248248ec2"
        ],
        "Strict-Transport-Security": [
          "max-age=31536000; includeSubDomains"
        ],
        "Date": [
          "Tue, 18 Apr 2023 17:39:30 GMT"
        ],
        "Expires": [
          "-1"
        ]
      },
      "ResponseBody": "",
      "StatusCode": 204
    },
    {
      "RequestUri": "/subscriptions/38304e13-357e-405e-9e9a-220351dcce8c/resourceGroups/afs-pstest-rg/providers/Microsoft.RecoveryServices/vaults/afs-pstest-vault/backupFabrics/Azure/protectionContainers/storagecontainer%3Bstorage%3Bafs-pstest-rg%3Bafspstestsa/protectedItems/azurefileshare%3B7f34af6cfe2f3f3204cfd4d18cd6b37f7dec2c84a2d759ffab3d1367f9e17356?api-version=2023-01-01",
      "EncodedRequestUri": "L3N1YnNjcmlwdGlvbnMvMzgzMDRlMTMtMzU3ZS00MDVlLTllOWEtMjIwMzUxZGNjZThjL3Jlc291cmNlR3JvdXBzL2Fmcy1wc3Rlc3QtcmcvcHJvdmlkZXJzL01pY3Jvc29mdC5SZWNvdmVyeVNlcnZpY2VzL3ZhdWx0cy9hZnMtcHN0ZXN0LXZhdWx0L2JhY2t1cEZhYnJpY3MvQXp1cmUvcHJvdGVjdGlvbkNvbnRhaW5lcnMvc3RvcmFnZWNvbnRhaW5lciUzQnN0b3JhZ2UlM0JhZnMtcHN0ZXN0LXJnJTNCYWZzcHN0ZXN0c2EvcHJvdGVjdGVkSXRlbXMvYXp1cmVmaWxlc2hhcmUlM0I3ZjM0YWY2Y2ZlMmYzZjMyMDRjZmQ0ZDE4Y2Q2YjM3ZjdkZWMyYzg0YTJkNzU5ZmZhYjNkMTM2N2Y5ZTE3MzU2P2FwaS12ZXJzaW9uPTIwMjMtMDEtMDE=",
      "RequestMethod": "PUT",
      "RequestHeaders": {
        "x-ms-client-request-id": [
          "9f15bc4a-24a7-493e-ab24-816a6d36255f"
        ],
        "Accept-Language": [
          "en-US"
        ],
        "User-Agent": [
          "FxVersion/4.700.22.55902",
          "OSName/Windows",
          "OSVersion/Microsoft.Windows.10.0.22621",
          "Microsoft.Azure.Management.RecoveryServices.Backup.RecoveryServicesBackupClient/6.3.0"
        ],
        "Content-Type": [
          "application/json; charset=utf-8"
        ],
        "Content-Length": [
          "437"
        ]
      },
      "RequestBody": "{\r\n  \"properties\": {\r\n    \"protectedItemType\": \"AzureFileShareProtectedItem\",\r\n    \"sourceResourceId\": \"/subscriptions/38304e13-357e-405e-9e9a-220351dcce8c/resourceGroups/afs-pstest-rg/providers/Microsoft.Storage/storageAccounts/afspstestsa\",\r\n    \"policyId\": \"/subscriptions/38304e13-357e-405e-9e9a-220351dcce8c/resourceGroups/afs-pstest-rg/providers/Microsoft.RecoveryServices/vaults/afs-pstest-vault/backupPolicies/afspolicy1\"\r\n  }\r\n}",
      "ResponseHeaders": {
        "Cache-Control": [
          "no-cache"
        ],
        "Pragma": [
          "no-cache"
        ],
        "Location": [
          "https://management.azure.com/subscriptions/38304e13-357e-405e-9e9a-220351dcce8c/resourceGroups/afs-pstest-rg/providers/Microsoft.RecoveryServices/vaults/afs-pstest-vault/backupFabrics/Azure/protectionContainers/storagecontainer;storage;afs-pstest-rg;afspstestsa/protectedItems/azurefileshare;7f34af6cfe2f3f3204cfd4d18cd6b37f7dec2c84a2d759ffab3d1367f9e17356/operationResults/e6e9bae6-9558-4d56-a60f-a0d10b8469a3?api-version=2023-01-01"
        ],
        "Retry-After": [
          "60"
        ],
        "Azure-AsyncOperation": [
          "https://management.azure.com/subscriptions/38304e13-357e-405e-9e9a-220351dcce8c/resourceGroups/afs-pstest-rg/providers/Microsoft.RecoveryServices/vaults/afs-pstest-vault/backupFabrics/Azure/protectionContainers/storagecontainer;storage;afs-pstest-rg;afspstestsa/protectedItems/azurefileshare;7f34af6cfe2f3f3204cfd4d18cd6b37f7dec2c84a2d759ffab3d1367f9e17356/operationsStatus/e6e9bae6-9558-4d56-a60f-a0d10b8469a3?api-version=2023-01-01"
        ],
        "X-Content-Type-Options": [
          "nosniff"
        ],
        "x-ms-request-id": [
          "1e8cdc5a-779b-49ad-a514-9a482024c14b"
        ],
        "x-ms-client-request-id": [
          "9f15bc4a-24a7-493e-ab24-816a6d36255f"
        ],
        "Server": [
          "Kestrel"
        ],
        "x-ms-ratelimit-remaining-subscription-writes": [
          "1197"
        ],
        "x-ms-correlation-request-id": [
          "1e8cdc5a-779b-49ad-a514-9a482024c14b"
        ],
        "x-ms-routing-request-id": [
          "WESTINDIA:20230418T173932Z:1e8cdc5a-779b-49ad-a514-9a482024c14b"
        ],
        "Strict-Transport-Security": [
          "max-age=31536000; includeSubDomains"
        ],
        "Date": [
          "Tue, 18 Apr 2023 17:39:31 GMT"
        ],
        "Expires": [
          "-1"
        ],
        "Content-Length": [
          "0"
        ]
      },
      "ResponseBody": "",
      "StatusCode": 202
    },
    {
      "RequestUri": "/subscriptions/38304e13-357e-405e-9e9a-220351dcce8c/resourceGroups/afs-pstest-rg/providers/Microsoft.RecoveryServices/vaults/afs-pstest-vault/backupOperations/e6e9bae6-9558-4d56-a60f-a0d10b8469a3?api-version=2023-01-01",
      "EncodedRequestUri": "L3N1YnNjcmlwdGlvbnMvMzgzMDRlMTMtMzU3ZS00MDVlLTllOWEtMjIwMzUxZGNjZThjL3Jlc291cmNlR3JvdXBzL2Fmcy1wc3Rlc3QtcmcvcHJvdmlkZXJzL01pY3Jvc29mdC5SZWNvdmVyeVNlcnZpY2VzL3ZhdWx0cy9hZnMtcHN0ZXN0LXZhdWx0L2JhY2t1cE9wZXJhdGlvbnMvZTZlOWJhZTYtOTU1OC00ZDU2LWE2MGYtYTBkMTBiODQ2OWEzP2FwaS12ZXJzaW9uPTIwMjMtMDEtMDE=",
      "RequestMethod": "GET",
      "RequestHeaders": {
        "x-ms-client-request-id": [
          "9f15bc4a-24a7-493e-ab24-816a6d36255f"
        ],
        "Accept-Language": [
          "en-US"
        ],
        "User-Agent": [
          "FxVersion/4.700.22.55902",
          "OSName/Windows",
          "OSVersion/Microsoft.Windows.10.0.22621",
          "Microsoft.Azure.Management.RecoveryServices.Backup.RecoveryServicesBackupClient/6.3.0"
        ]
      },
      "RequestBody": "",
      "ResponseHeaders": {
        "Cache-Control": [
          "no-cache"
        ],
        "Pragma": [
          "no-cache"
        ],
        "X-Content-Type-Options": [
          "nosniff"
        ],
        "x-ms-request-id": [
          "5a7cbbf7-b152-45e4-821d-9bfda0d928f9"
        ],
        "x-ms-client-request-id": [
          "9f15bc4a-24a7-493e-ab24-816a6d36255f"
        ],
        "Server": [
          "Kestrel"
        ],
        "x-ms-ratelimit-remaining-subscription-resource-requests": [
          "299"
        ],
        "x-ms-correlation-request-id": [
          "5a7cbbf7-b152-45e4-821d-9bfda0d928f9"
        ],
        "x-ms-routing-request-id": [
          "WESTINDIA:20230418T173932Z:5a7cbbf7-b152-45e4-821d-9bfda0d928f9"
        ],
        "Strict-Transport-Security": [
          "max-age=31536000; includeSubDomains"
        ],
        "Date": [
          "Tue, 18 Apr 2023 17:39:31 GMT"
        ],
        "Content-Length": [
          "188"
        ],
        "Content-Type": [
          "application/json; charset=utf-8"
        ],
        "Expires": [
          "-1"
        ]
      },
      "ResponseBody": "{\r\n  \"id\": \"e6e9bae6-9558-4d56-a60f-a0d10b8469a3\",\r\n  \"name\": \"e6e9bae6-9558-4d56-a60f-a0d10b8469a3\",\r\n  \"status\": \"InProgress\",\r\n  \"startTime\": \"2023-04-18T17:39:31.9403358Z\",\r\n  \"endTime\": \"0001-01-01T00:00:00\"\r\n}",
      "StatusCode": 200
    },
    {
      "RequestUri": "/subscriptions/38304e13-357e-405e-9e9a-220351dcce8c/resourceGroups/afs-pstest-rg/providers/Microsoft.RecoveryServices/vaults/afs-pstest-vault/backupOperations/e6e9bae6-9558-4d56-a60f-a0d10b8469a3?api-version=2023-01-01",
      "EncodedRequestUri": "L3N1YnNjcmlwdGlvbnMvMzgzMDRlMTMtMzU3ZS00MDVlLTllOWEtMjIwMzUxZGNjZThjL3Jlc291cmNlR3JvdXBzL2Fmcy1wc3Rlc3QtcmcvcHJvdmlkZXJzL01pY3Jvc29mdC5SZWNvdmVyeVNlcnZpY2VzL3ZhdWx0cy9hZnMtcHN0ZXN0LXZhdWx0L2JhY2t1cE9wZXJhdGlvbnMvZTZlOWJhZTYtOTU1OC00ZDU2LWE2MGYtYTBkMTBiODQ2OWEzP2FwaS12ZXJzaW9uPTIwMjMtMDEtMDE=",
      "RequestMethod": "GET",
      "RequestHeaders": {
        "x-ms-client-request-id": [
          "9f15bc4a-24a7-493e-ab24-816a6d36255f"
        ],
        "Accept-Language": [
          "en-US"
        ],
        "User-Agent": [
          "FxVersion/4.700.22.55902",
          "OSName/Windows",
          "OSVersion/Microsoft.Windows.10.0.22621",
          "Microsoft.Azure.Management.RecoveryServices.Backup.RecoveryServicesBackupClient/6.3.0"
        ]
      },
      "RequestBody": "",
      "ResponseHeaders": {
        "Cache-Control": [
          "no-cache"
        ],
        "Pragma": [
          "no-cache"
        ],
        "X-Content-Type-Options": [
          "nosniff"
        ],
        "x-ms-request-id": [
          "a8acbafe-83d1-4221-aed1-2c5ac681c9eb"
        ],
        "x-ms-client-request-id": [
          "9f15bc4a-24a7-493e-ab24-816a6d36255f"
        ],
        "Server": [
          "Kestrel"
        ],
        "x-ms-ratelimit-remaining-subscription-resource-requests": [
          "298"
        ],
        "x-ms-correlation-request-id": [
          "a8acbafe-83d1-4221-aed1-2c5ac681c9eb"
        ],
        "x-ms-routing-request-id": [
          "WESTINDIA:20230418T173942Z:a8acbafe-83d1-4221-aed1-2c5ac681c9eb"
        ],
        "Strict-Transport-Security": [
          "max-age=31536000; includeSubDomains"
        ],
        "Date": [
          "Tue, 18 Apr 2023 17:39:42 GMT"
        ],
        "Content-Length": [
          "188"
        ],
        "Content-Type": [
          "application/json; charset=utf-8"
        ],
        "Expires": [
          "-1"
        ]
      },
      "ResponseBody": "{\r\n  \"id\": \"e6e9bae6-9558-4d56-a60f-a0d10b8469a3\",\r\n  \"name\": \"e6e9bae6-9558-4d56-a60f-a0d10b8469a3\",\r\n  \"status\": \"InProgress\",\r\n  \"startTime\": \"2023-04-18T17:39:31.9403358Z\",\r\n  \"endTime\": \"0001-01-01T00:00:00\"\r\n}",
      "StatusCode": 200
    },
    {
      "RequestUri": "/subscriptions/38304e13-357e-405e-9e9a-220351dcce8c/resourceGroups/afs-pstest-rg/providers/Microsoft.RecoveryServices/vaults/afs-pstest-vault/backupOperations/e6e9bae6-9558-4d56-a60f-a0d10b8469a3?api-version=2023-01-01",
      "EncodedRequestUri": "L3N1YnNjcmlwdGlvbnMvMzgzMDRlMTMtMzU3ZS00MDVlLTllOWEtMjIwMzUxZGNjZThjL3Jlc291cmNlR3JvdXBzL2Fmcy1wc3Rlc3QtcmcvcHJvdmlkZXJzL01pY3Jvc29mdC5SZWNvdmVyeVNlcnZpY2VzL3ZhdWx0cy9hZnMtcHN0ZXN0LXZhdWx0L2JhY2t1cE9wZXJhdGlvbnMvZTZlOWJhZTYtOTU1OC00ZDU2LWE2MGYtYTBkMTBiODQ2OWEzP2FwaS12ZXJzaW9uPTIwMjMtMDEtMDE=",
      "RequestMethod": "GET",
      "RequestHeaders": {
        "x-ms-client-request-id": [
          "9f15bc4a-24a7-493e-ab24-816a6d36255f"
        ],
        "Accept-Language": [
          "en-US"
        ],
        "User-Agent": [
          "FxVersion/4.700.22.55902",
          "OSName/Windows",
          "OSVersion/Microsoft.Windows.10.0.22621",
          "Microsoft.Azure.Management.RecoveryServices.Backup.RecoveryServicesBackupClient/6.3.0"
        ]
      },
      "RequestBody": "",
      "ResponseHeaders": {
        "Cache-Control": [
          "no-cache"
        ],
        "Pragma": [
          "no-cache"
        ],
        "X-Content-Type-Options": [
          "nosniff"
        ],
        "x-ms-request-id": [
          "ea43187d-0de7-4944-9970-66dbbb72091a"
        ],
        "x-ms-client-request-id": [
          "9f15bc4a-24a7-493e-ab24-816a6d36255f"
        ],
        "Server": [
          "Kestrel"
        ],
        "x-ms-ratelimit-remaining-subscription-resource-requests": [
          "297"
        ],
        "x-ms-correlation-request-id": [
          "ea43187d-0de7-4944-9970-66dbbb72091a"
        ],
        "x-ms-routing-request-id": [
          "WESTINDIA:20230418T173953Z:ea43187d-0de7-4944-9970-66dbbb72091a"
        ],
        "Strict-Transport-Security": [
          "max-age=31536000; includeSubDomains"
        ],
        "Date": [
          "Tue, 18 Apr 2023 17:39:52 GMT"
        ],
        "Content-Length": [
          "188"
        ],
        "Content-Type": [
          "application/json; charset=utf-8"
        ],
        "Expires": [
          "-1"
        ]
      },
      "ResponseBody": "{\r\n  \"id\": \"e6e9bae6-9558-4d56-a60f-a0d10b8469a3\",\r\n  \"name\": \"e6e9bae6-9558-4d56-a60f-a0d10b8469a3\",\r\n  \"status\": \"InProgress\",\r\n  \"startTime\": \"2023-04-18T17:39:31.9403358Z\",\r\n  \"endTime\": \"0001-01-01T00:00:00\"\r\n}",
      "StatusCode": 200
    },
    {
      "RequestUri": "/subscriptions/38304e13-357e-405e-9e9a-220351dcce8c/resourceGroups/afs-pstest-rg/providers/Microsoft.RecoveryServices/vaults/afs-pstest-vault/backupOperations/e6e9bae6-9558-4d56-a60f-a0d10b8469a3?api-version=2023-01-01",
      "EncodedRequestUri": "L3N1YnNjcmlwdGlvbnMvMzgzMDRlMTMtMzU3ZS00MDVlLTllOWEtMjIwMzUxZGNjZThjL3Jlc291cmNlR3JvdXBzL2Fmcy1wc3Rlc3QtcmcvcHJvdmlkZXJzL01pY3Jvc29mdC5SZWNvdmVyeVNlcnZpY2VzL3ZhdWx0cy9hZnMtcHN0ZXN0LXZhdWx0L2JhY2t1cE9wZXJhdGlvbnMvZTZlOWJhZTYtOTU1OC00ZDU2LWE2MGYtYTBkMTBiODQ2OWEzP2FwaS12ZXJzaW9uPTIwMjMtMDEtMDE=",
      "RequestMethod": "GET",
      "RequestHeaders": {
        "x-ms-client-request-id": [
          "9f15bc4a-24a7-493e-ab24-816a6d36255f"
        ],
        "Accept-Language": [
          "en-US"
        ],
        "User-Agent": [
          "FxVersion/4.700.22.55902",
          "OSName/Windows",
          "OSVersion/Microsoft.Windows.10.0.22621",
          "Microsoft.Azure.Management.RecoveryServices.Backup.RecoveryServicesBackupClient/6.3.0"
        ]
      },
      "RequestBody": "",
      "ResponseHeaders": {
        "Cache-Control": [
          "no-cache"
        ],
        "Pragma": [
          "no-cache"
        ],
        "X-Content-Type-Options": [
          "nosniff"
        ],
        "x-ms-request-id": [
          "64e77679-074b-42dd-9d04-18ca9ff78771"
        ],
        "x-ms-client-request-id": [
          "9f15bc4a-24a7-493e-ab24-816a6d36255f"
        ],
        "Server": [
          "Kestrel"
        ],
        "x-ms-ratelimit-remaining-subscription-resource-requests": [
          "296"
        ],
        "x-ms-correlation-request-id": [
          "64e77679-074b-42dd-9d04-18ca9ff78771"
        ],
        "x-ms-routing-request-id": [
          "WESTINDIA:20230418T174003Z:64e77679-074b-42dd-9d04-18ca9ff78771"
        ],
        "Strict-Transport-Security": [
          "max-age=31536000; includeSubDomains"
        ],
        "Date": [
          "Tue, 18 Apr 2023 17:40:02 GMT"
        ],
        "Content-Length": [
          "188"
        ],
        "Content-Type": [
          "application/json; charset=utf-8"
        ],
        "Expires": [
          "-1"
        ]
      },
      "ResponseBody": "{\r\n  \"id\": \"e6e9bae6-9558-4d56-a60f-a0d10b8469a3\",\r\n  \"name\": \"e6e9bae6-9558-4d56-a60f-a0d10b8469a3\",\r\n  \"status\": \"InProgress\",\r\n  \"startTime\": \"2023-04-18T17:39:31.9403358Z\",\r\n  \"endTime\": \"0001-01-01T00:00:00\"\r\n}",
      "StatusCode": 200
    },
    {
      "RequestUri": "/subscriptions/38304e13-357e-405e-9e9a-220351dcce8c/resourceGroups/afs-pstest-rg/providers/Microsoft.RecoveryServices/vaults/afs-pstest-vault/backupOperations/e6e9bae6-9558-4d56-a60f-a0d10b8469a3?api-version=2023-01-01",
      "EncodedRequestUri": "L3N1YnNjcmlwdGlvbnMvMzgzMDRlMTMtMzU3ZS00MDVlLTllOWEtMjIwMzUxZGNjZThjL3Jlc291cmNlR3JvdXBzL2Fmcy1wc3Rlc3QtcmcvcHJvdmlkZXJzL01pY3Jvc29mdC5SZWNvdmVyeVNlcnZpY2VzL3ZhdWx0cy9hZnMtcHN0ZXN0LXZhdWx0L2JhY2t1cE9wZXJhdGlvbnMvZTZlOWJhZTYtOTU1OC00ZDU2LWE2MGYtYTBkMTBiODQ2OWEzP2FwaS12ZXJzaW9uPTIwMjMtMDEtMDE=",
      "RequestMethod": "GET",
      "RequestHeaders": {
        "x-ms-client-request-id": [
          "9f15bc4a-24a7-493e-ab24-816a6d36255f"
        ],
        "Accept-Language": [
          "en-US"
        ],
        "User-Agent": [
          "FxVersion/4.700.22.55902",
          "OSName/Windows",
          "OSVersion/Microsoft.Windows.10.0.22621",
          "Microsoft.Azure.Management.RecoveryServices.Backup.RecoveryServicesBackupClient/6.3.0"
        ]
      },
      "RequestBody": "",
      "ResponseHeaders": {
        "Cache-Control": [
          "no-cache"
        ],
        "Pragma": [
          "no-cache"
        ],
        "X-Content-Type-Options": [
          "nosniff"
        ],
        "x-ms-request-id": [
          "2e1d4b5d-be4f-4174-ad51-74f7f5f98a58"
        ],
        "x-ms-client-request-id": [
          "9f15bc4a-24a7-493e-ab24-816a6d36255f"
        ],
        "Server": [
          "Kestrel"
        ],
        "x-ms-ratelimit-remaining-subscription-resource-requests": [
          "295"
        ],
        "x-ms-correlation-request-id": [
          "2e1d4b5d-be4f-4174-ad51-74f7f5f98a58"
        ],
        "x-ms-routing-request-id": [
          "WESTINDIA:20230418T174013Z:2e1d4b5d-be4f-4174-ad51-74f7f5f98a58"
        ],
        "Strict-Transport-Security": [
          "max-age=31536000; includeSubDomains"
        ],
        "Date": [
          "Tue, 18 Apr 2023 17:40:13 GMT"
        ],
        "Content-Length": [
          "304"
        ],
        "Content-Type": [
          "application/json; charset=utf-8"
        ],
        "Expires": [
          "-1"
        ]
      },
      "ResponseBody": "{\r\n  \"id\": \"e6e9bae6-9558-4d56-a60f-a0d10b8469a3\",\r\n  \"name\": \"e6e9bae6-9558-4d56-a60f-a0d10b8469a3\",\r\n  \"status\": \"Succeeded\",\r\n  \"startTime\": \"2023-04-18T17:39:31.9403358Z\",\r\n  \"endTime\": \"2023-04-18T17:39:31.9403358Z\",\r\n  \"properties\": {\r\n    \"objectType\": \"OperationStatusJobExtendedInfo\",\r\n    \"jobId\": \"77e151ec-0e73-40e1-8fe7-886e3a14541b\"\r\n  }\r\n}",
      "StatusCode": 200
    },
    {
      "RequestUri": "/subscriptions/38304e13-357e-405e-9e9a-220351dcce8c/resourceGroups/afs-pstest-rg/providers/Microsoft.RecoveryServices/vaults/afs-pstest-vault/backupOperations/e6e9bae6-9558-4d56-a60f-a0d10b8469a3?api-version=2023-01-01",
      "EncodedRequestUri": "L3N1YnNjcmlwdGlvbnMvMzgzMDRlMTMtMzU3ZS00MDVlLTllOWEtMjIwMzUxZGNjZThjL3Jlc291cmNlR3JvdXBzL2Fmcy1wc3Rlc3QtcmcvcHJvdmlkZXJzL01pY3Jvc29mdC5SZWNvdmVyeVNlcnZpY2VzL3ZhdWx0cy9hZnMtcHN0ZXN0LXZhdWx0L2JhY2t1cE9wZXJhdGlvbnMvZTZlOWJhZTYtOTU1OC00ZDU2LWE2MGYtYTBkMTBiODQ2OWEzP2FwaS12ZXJzaW9uPTIwMjMtMDEtMDE=",
      "RequestMethod": "GET",
      "RequestHeaders": {
        "x-ms-client-request-id": [
          "9f15bc4a-24a7-493e-ab24-816a6d36255f"
        ],
        "Accept-Language": [
          "en-US"
        ],
        "User-Agent": [
          "FxVersion/4.700.22.55902",
          "OSName/Windows",
          "OSVersion/Microsoft.Windows.10.0.22621",
          "Microsoft.Azure.Management.RecoveryServices.Backup.RecoveryServicesBackupClient/6.3.0"
        ]
      },
      "RequestBody": "",
      "ResponseHeaders": {
        "Cache-Control": [
          "no-cache"
        ],
        "Pragma": [
          "no-cache"
        ],
        "X-Content-Type-Options": [
          "nosniff"
        ],
        "x-ms-request-id": [
          "a6702dc2-7b72-4e44-a862-73ca986285c1"
        ],
        "x-ms-client-request-id": [
          "9f15bc4a-24a7-493e-ab24-816a6d36255f"
        ],
        "Server": [
          "Kestrel"
        ],
        "x-ms-ratelimit-remaining-subscription-resource-requests": [
          "294"
        ],
        "x-ms-correlation-request-id": [
          "a6702dc2-7b72-4e44-a862-73ca986285c1"
        ],
        "x-ms-routing-request-id": [
          "WESTINDIA:20230418T174014Z:a6702dc2-7b72-4e44-a862-73ca986285c1"
        ],
        "Strict-Transport-Security": [
          "max-age=31536000; includeSubDomains"
        ],
        "Date": [
          "Tue, 18 Apr 2023 17:40:14 GMT"
        ],
        "Content-Length": [
          "304"
        ],
        "Content-Type": [
          "application/json; charset=utf-8"
        ],
        "Expires": [
          "-1"
        ]
      },
      "ResponseBody": "{\r\n  \"id\": \"e6e9bae6-9558-4d56-a60f-a0d10b8469a3\",\r\n  \"name\": \"e6e9bae6-9558-4d56-a60f-a0d10b8469a3\",\r\n  \"status\": \"Succeeded\",\r\n  \"startTime\": \"2023-04-18T17:39:31.9403358Z\",\r\n  \"endTime\": \"2023-04-18T17:39:31.9403358Z\",\r\n  \"properties\": {\r\n    \"objectType\": \"OperationStatusJobExtendedInfo\",\r\n    \"jobId\": \"77e151ec-0e73-40e1-8fe7-886e3a14541b\"\r\n  }\r\n}",
      "StatusCode": 200
    },
    {
      "RequestUri": "/subscriptions/38304e13-357e-405e-9e9a-220351dcce8c/resourceGroups/afs-pstest-rg/providers/Microsoft.RecoveryServices/vaults/afs-pstest-vault/backupJobs/77e151ec-0e73-40e1-8fe7-886e3a14541b?api-version=2023-01-01",
      "EncodedRequestUri": "L3N1YnNjcmlwdGlvbnMvMzgzMDRlMTMtMzU3ZS00MDVlLTllOWEtMjIwMzUxZGNjZThjL3Jlc291cmNlR3JvdXBzL2Fmcy1wc3Rlc3QtcmcvcHJvdmlkZXJzL01pY3Jvc29mdC5SZWNvdmVyeVNlcnZpY2VzL3ZhdWx0cy9hZnMtcHN0ZXN0LXZhdWx0L2JhY2t1cEpvYnMvNzdlMTUxZWMtMGU3My00MGUxLThmZTctODg2ZTNhMTQ1NDFiP2FwaS12ZXJzaW9uPTIwMjMtMDEtMDE=",
      "RequestMethod": "GET",
      "RequestHeaders": {
        "x-ms-client-request-id": [
          "9f15bc4a-24a7-493e-ab24-816a6d36255f"
        ],
        "Accept-Language": [
          "en-US"
        ],
        "User-Agent": [
          "FxVersion/4.700.22.55902",
          "OSName/Windows",
          "OSVersion/Microsoft.Windows.10.0.22621",
          "Microsoft.Azure.Management.RecoveryServices.Backup.RecoveryServicesBackupClient/6.3.0"
        ]
      },
      "RequestBody": "",
      "ResponseHeaders": {
        "Cache-Control": [
          "no-cache"
        ],
        "Pragma": [
          "no-cache"
        ],
        "X-Content-Type-Options": [
          "nosniff"
        ],
        "x-ms-request-id": [
          "6be03194-77a9-4ac9-8d87-db99b32ba5b6"
        ],
        "x-ms-client-request-id": [
          "9f15bc4a-24a7-493e-ab24-816a6d36255f"
        ],
        "Server": [
          "Kestrel"
        ],
        "x-ms-ratelimit-remaining-subscription-resource-requests": [
          "149"
        ],
        "x-ms-correlation-request-id": [
          "6be03194-77a9-4ac9-8d87-db99b32ba5b6"
        ],
        "x-ms-routing-request-id": [
          "WESTINDIA:20230418T174014Z:6be03194-77a9-4ac9-8d87-db99b32ba5b6"
        ],
        "Strict-Transport-Security": [
          "max-age=31536000; includeSubDomains"
        ],
        "Date": [
          "Tue, 18 Apr 2023 17:40:14 GMT"
        ],
        "Content-Length": [
          "849"
        ],
        "Content-Type": [
          "application/json; charset=utf-8"
        ],
        "Expires": [
          "-1"
        ]
      },
      "ResponseBody": "{\r\n  \"id\": \"/subscriptions/38304e13-357e-405e-9e9a-220351dcce8c/resourceGroups/afs-pstest-rg/providers/Microsoft.RecoveryServices/vaults/afs-pstest-vault/backupJobs/77e151ec-0e73-40e1-8fe7-886e3a14541b\",\r\n  \"name\": \"77e151ec-0e73-40e1-8fe7-886e3a14541b\",\r\n  \"type\": \"Microsoft.RecoveryServices/vaults/backupJobs\",\r\n  \"properties\": {\r\n    \"jobType\": \"AzureStorageJob\",\r\n    \"duration\": \"PT41.5986859S\",\r\n    \"storageAccountName\": \"afspstestsa\",\r\n    \"storageAccountVersion\": \"Storage\",\r\n    \"extendedInfo\": {\r\n      \"tasksList\": [],\r\n      \"propertyBag\": {\r\n        \"File Share Name\": \"fs1\",\r\n        \"Storage Account Name\": \"afspstestsa\",\r\n        \"Policy Name\": \"afspolicy1\"\r\n      }\r\n    },\r\n    \"isUserTriggered\": false,\r\n    \"entityFriendlyName\": \"fs1\",\r\n    \"backupManagementType\": \"AzureStorage\",\r\n    \"operation\": \"ConfigureBackup\",\r\n    \"status\": \"Completed\",\r\n    \"startTime\": \"2023-04-18T17:39:31.9403358Z\",\r\n    \"endTime\": \"2023-04-18T17:40:13.5390217Z\",\r\n    \"activityId\": \"9f15bc4a-24a7-493e-ab24-816a6d36255f\"\r\n  }\r\n}",
      "StatusCode": 200
    },
    {
      "RequestUri": "/subscriptions/38304e13-357e-405e-9e9a-220351dcce8c/resourceGroups/afs-pstest-rg/providers/Microsoft.RecoveryServices/vaults/afs-pstest-vault/backupProtectedItems?$filter=backupManagementType%20eq%20'AzureStorage'%20and%20itemType%20eq%20'AzureFileShare'&api-version=2023-01-01",
      "EncodedRequestUri": "L3N1YnNjcmlwdGlvbnMvMzgzMDRlMTMtMzU3ZS00MDVlLTllOWEtMjIwMzUxZGNjZThjL3Jlc291cmNlR3JvdXBzL2Fmcy1wc3Rlc3QtcmcvcHJvdmlkZXJzL01pY3Jvc29mdC5SZWNvdmVyeVNlcnZpY2VzL3ZhdWx0cy9hZnMtcHN0ZXN0LXZhdWx0L2JhY2t1cFByb3RlY3RlZEl0ZW1zPyRmaWx0ZXI9YmFja3VwTWFuYWdlbWVudFR5cGUlMjBlcSUyMCdBenVyZVN0b3JhZ2UnJTIwYW5kJTIwaXRlbVR5cGUlMjBlcSUyMCdBenVyZUZpbGVTaGFyZScmYXBpLXZlcnNpb249MjAyMy0wMS0wMQ==",
      "RequestMethod": "GET",
      "RequestHeaders": {
        "x-ms-client-request-id": [
          "0bb00afb-3c0a-4d6b-b073-4105d8d1a626"
        ],
        "Accept-Language": [
          "en-US"
        ],
        "User-Agent": [
          "FxVersion/4.700.22.55902",
          "OSName/Windows",
          "OSVersion/Microsoft.Windows.10.0.22621",
          "Microsoft.Azure.Management.RecoveryServices.Backup.RecoveryServicesBackupClient/6.3.0"
        ]
      },
      "RequestBody": "",
      "ResponseHeaders": {
        "Cache-Control": [
          "no-cache"
        ],
        "Pragma": [
          "no-cache"
        ],
        "X-Content-Type-Options": [
          "nosniff"
        ],
        "x-ms-request-id": [
          "b4c5733f-26a8-481e-b9cb-4792803d3cbe"
        ],
        "x-ms-client-request-id": [
          "0bb00afb-3c0a-4d6b-b073-4105d8d1a626"
        ],
        "Server": [
          "Kestrel"
        ],
        "x-ms-ratelimit-remaining-subscription-resource-requests": [
          "299"
        ],
        "x-ms-correlation-request-id": [
          "b4c5733f-26a8-481e-b9cb-4792803d3cbe"
        ],
        "x-ms-routing-request-id": [
          "JIOINDIAWEST:20230418T174018Z:b4c5733f-26a8-481e-b9cb-4792803d3cbe"
        ],
        "Strict-Transport-Security": [
          "max-age=31536000; includeSubDomains"
        ],
        "Date": [
          "Tue, 18 Apr 2023 17:40:17 GMT"
        ],
        "Content-Length": [
          "1422"
        ],
        "Content-Type": [
          "application/json; charset=utf-8"
        ],
        "Expires": [
          "-1"
        ]
      },
      "ResponseBody": "{\r\n  \"value\": [\r\n    {\r\n      \"id\": \"/subscriptions/38304e13-357e-405e-9e9a-220351dcce8c/resourceGroups/afs-pstest-rg/providers/Microsoft.RecoveryServices/vaults/afs-pstest-vault/backupFabrics/Azure/protectionContainers/StorageContainer;storage;afs-pstest-rg;afspstestsa/protectedItems/AzureFileShare;7f34af6cfe2f3f3204cfd4d18cd6b37f7dec2c84a2d759ffab3d1367f9e17356\",\r\n      \"name\": \"AzureFileShare;7f34af6cfe2f3f3204cfd4d18cd6b37f7dec2c84a2d759ffab3d1367f9e17356\",\r\n      \"type\": \"Microsoft.RecoveryServices/vaults/backupFabrics/protectionContainers/protectedItems\",\r\n      \"properties\": {\r\n        \"friendlyName\": \"fs1\",\r\n        \"protectionStatus\": \"Healthy\",\r\n        \"protectionState\": \"IRPending\",\r\n        \"lastBackupStatus\": \"IRPending\",\r\n        \"protectedItemType\": \"AzureFileShareProtectedItem\",\r\n        \"backupManagementType\": \"AzureStorage\",\r\n        \"workloadType\": \"AzureFileShare\",\r\n        \"containerName\": \"StorageContainer;storage;afs-pstest-rg;afspstestsa\",\r\n        \"sourceResourceId\": \"/subscriptions/38304e13-357e-405e-9e9a-220351dcce8c/resourceGroups/afs-pstest-rg/providers/Microsoft.storage/storageAccounts/afspstestsa\",\r\n        \"policyId\": \"/subscriptions/38304e13-357e-405e-9e9a-220351dcce8c/resourceGroups/afs-pstest-rg/providers/Microsoft.RecoveryServices/vaults/afs-pstest-vault/backupPolicies/afspolicy1\",\r\n        \"vaultId\": \"https://management.azure.com/subscriptions/38304e13-357e-405e-9e9a-220351dcce8c/resourceGroups/afs-pstest-rg/providers/Microsoft.RecoveryServices/vaults/afs-pstest-vault\",\r\n        \"isArchiveEnabled\": false,\r\n        \"softDeleteRetentionPeriod\": 0\r\n      }\r\n    }\r\n  ]\r\n}",
      "StatusCode": 200
    },
    {
      "RequestUri": "/subscriptions/38304e13-357e-405e-9e9a-220351dcce8c/resourceGroups/afs-pstest-rg/providers/Microsoft.RecoveryServices/vaults/afs-pstest-vault/backupFabrics/Azure/protectionContainers/StorageContainer%3Bstorage%3Bafs-pstest-rg%3Bafspstestsa/protectedItems/AzureFileShare%3B7f34af6cfe2f3f3204cfd4d18cd6b37f7dec2c84a2d759ffab3d1367f9e17356?$filter=expand%20eq%20'extendedinfo'&api-version=2023-01-01",
      "EncodedRequestUri": "L3N1YnNjcmlwdGlvbnMvMzgzMDRlMTMtMzU3ZS00MDVlLTllOWEtMjIwMzUxZGNjZThjL3Jlc291cmNlR3JvdXBzL2Fmcy1wc3Rlc3QtcmcvcHJvdmlkZXJzL01pY3Jvc29mdC5SZWNvdmVyeVNlcnZpY2VzL3ZhdWx0cy9hZnMtcHN0ZXN0LXZhdWx0L2JhY2t1cEZhYnJpY3MvQXp1cmUvcHJvdGVjdGlvbkNvbnRhaW5lcnMvU3RvcmFnZUNvbnRhaW5lciUzQnN0b3JhZ2UlM0JhZnMtcHN0ZXN0LXJnJTNCYWZzcHN0ZXN0c2EvcHJvdGVjdGVkSXRlbXMvQXp1cmVGaWxlU2hhcmUlM0I3ZjM0YWY2Y2ZlMmYzZjMyMDRjZmQ0ZDE4Y2Q2YjM3ZjdkZWMyYzg0YTJkNzU5ZmZhYjNkMTM2N2Y5ZTE3MzU2PyRmaWx0ZXI9ZXhwYW5kJTIwZXElMjAnZXh0ZW5kZWRpbmZvJyZhcGktdmVyc2lvbj0yMDIzLTAxLTAx",
      "RequestMethod": "GET",
      "RequestHeaders": {
        "x-ms-client-request-id": [
          "0bb00afb-3c0a-4d6b-b073-4105d8d1a626"
        ],
        "Accept-Language": [
          "en-US"
        ],
        "User-Agent": [
          "FxVersion/4.700.22.55902",
          "OSName/Windows",
          "OSVersion/Microsoft.Windows.10.0.22621",
          "Microsoft.Azure.Management.RecoveryServices.Backup.RecoveryServicesBackupClient/6.3.0"
        ]
      },
      "RequestBody": "",
      "ResponseHeaders": {
        "Cache-Control": [
          "no-cache"
        ],
        "Pragma": [
          "no-cache"
        ],
        "X-Content-Type-Options": [
          "nosniff"
        ],
        "x-ms-request-id": [
          "4fe30a56-3e1f-4f87-8557-1d9486217ce7"
        ],
        "x-ms-client-request-id": [
          "0bb00afb-3c0a-4d6b-b073-4105d8d1a626"
        ],
        "Server": [
          "Kestrel"
        ],
        "x-ms-ratelimit-remaining-subscription-resource-requests": [
          "299"
        ],
        "x-ms-correlation-request-id": [
          "4fe30a56-3e1f-4f87-8557-1d9486217ce7"
        ],
        "x-ms-routing-request-id": [
          "JIOINDIAWEST:20230418T174018Z:4fe30a56-3e1f-4f87-8557-1d9486217ce7"
        ],
        "Strict-Transport-Security": [
          "max-age=31536000; includeSubDomains"
        ],
        "Date": [
          "Tue, 18 Apr 2023 17:40:18 GMT"
        ],
        "Content-Length": [
          "1557"
        ],
        "Content-Type": [
          "application/json; charset=utf-8"
        ],
        "Expires": [
          "-1"
        ]
      },
      "ResponseBody": "{\r\n  \"id\": \"/subscriptions/38304e13-357e-405e-9e9a-220351dcce8c/resourceGroups/afs-pstest-rg/providers/Microsoft.RecoveryServices/vaults/afs-pstest-vault/backupFabrics/Azure/protectionContainers/StorageContainer;storage;afs-pstest-rg;afspstestsa/protectedItems/AzureFileShare;7f34af6cfe2f3f3204cfd4d18cd6b37f7dec2c84a2d759ffab3d1367f9e17356\",\r\n  \"name\": \"AzureFileShare;7f34af6cfe2f3f3204cfd4d18cd6b37f7dec2c84a2d759ffab3d1367f9e17356\",\r\n  \"type\": \"Microsoft.RecoveryServices/vaults/backupFabrics/protectionContainers/protectedItems\",\r\n  \"properties\": {\r\n    \"friendlyName\": \"fs1\",\r\n    \"protectionStatus\": \"Healthy\",\r\n    \"protectionState\": \"IRPending\",\r\n    \"lastBackupStatus\": \"IRPending\",\r\n    \"extendedInfo\": {\r\n      \"recoveryPointCount\": 0,\r\n      \"policyState\": \"Consistent\",\r\n      \"resourceState\": \"Active\",\r\n      \"resourceStateSyncTime\": \"2023-04-18T17:40:13.2734127Z\"\r\n    },\r\n    \"protectedItemType\": \"AzureFileShareProtectedItem\",\r\n    \"backupManagementType\": \"AzureStorage\",\r\n    \"workloadType\": \"AzureFileShare\",\r\n    \"containerName\": \"StorageContainer;storage;afs-pstest-rg;afspstestsa\",\r\n    \"sourceResourceId\": \"/subscriptions/38304e13-357e-405e-9e9a-220351dcce8c/resourceGroups/afs-pstest-rg/providers/Microsoft.storage/storageAccounts/afspstestsa\",\r\n    \"policyId\": \"/subscriptions/38304e13-357e-405e-9e9a-220351dcce8c/resourceGroups/afs-pstest-rg/providers/Microsoft.RecoveryServices/vaults/afs-pstest-vault/backupPolicies/afspolicy1\",\r\n    \"vaultId\": \"https://management.azure.com/subscriptions/38304e13-357e-405e-9e9a-220351dcce8c/resourceGroups/afs-pstest-rg/providers/Microsoft.RecoveryServices/vaults/afs-pstest-vault\",\r\n    \"isArchiveEnabled\": false,\r\n    \"softDeleteRetentionPeriod\": 0\r\n  }\r\n}",
      "StatusCode": 200
    },
    {
      "RequestUri": "/subscriptions/38304e13-357e-405e-9e9a-220351dcce8c/resourceGroups/afs-pstest-rg/providers/Microsoft.RecoveryServices/vaults/afs-pstest-vault/backupFabrics/Azure/protectionContainers/StorageContainer%3Bstorage%3Bafs-pstest-rg%3Bafspstestsa/protectedItems/AzureFileShare%3B7f34af6cfe2f3f3204cfd4d18cd6b37f7dec2c84a2d759ffab3d1367f9e17356/recoveryPoints?api-version=2023-01-01",
      "EncodedRequestUri": "L3N1YnNjcmlwdGlvbnMvMzgzMDRlMTMtMzU3ZS00MDVlLTllOWEtMjIwMzUxZGNjZThjL3Jlc291cmNlR3JvdXBzL2Fmcy1wc3Rlc3QtcmcvcHJvdmlkZXJzL01pY3Jvc29mdC5SZWNvdmVyeVNlcnZpY2VzL3ZhdWx0cy9hZnMtcHN0ZXN0LXZhdWx0L2JhY2t1cEZhYnJpY3MvQXp1cmUvcHJvdGVjdGlvbkNvbnRhaW5lcnMvU3RvcmFnZUNvbnRhaW5lciUzQnN0b3JhZ2UlM0JhZnMtcHN0ZXN0LXJnJTNCYWZzcHN0ZXN0c2EvcHJvdGVjdGVkSXRlbXMvQXp1cmVGaWxlU2hhcmUlM0I3ZjM0YWY2Y2ZlMmYzZjMyMDRjZmQ0ZDE4Y2Q2YjM3ZjdkZWMyYzg0YTJkNzU5ZmZhYjNkMTM2N2Y5ZTE3MzU2L3JlY292ZXJ5UG9pbnRzP2FwaS12ZXJzaW9uPTIwMjMtMDEtMDE=",
      "RequestMethod": "GET",
      "RequestHeaders": {
        "x-ms-client-request-id": [
          "2aa3239e-3d97-460e-ab81-19d6b515c168"
        ],
        "Accept-Language": [
          "en-US"
        ],
        "User-Agent": [
          "FxVersion/4.700.22.55902",
          "OSName/Windows",
          "OSVersion/Microsoft.Windows.10.0.22621",
          "Microsoft.Azure.Management.RecoveryServices.Backup.RecoveryServicesBackupClient/6.3.0"
        ]
      },
      "RequestBody": "",
      "ResponseHeaders": {
        "Cache-Control": [
          "no-cache"
        ],
        "Pragma": [
          "no-cache"
        ],
        "X-Content-Type-Options": [
          "nosniff"
        ],
        "x-ms-request-id": [
          "d966b924-293c-44a8-990b-d783f17d2bea"
        ],
        "x-ms-client-request-id": [
          "2aa3239e-3d97-460e-ab81-19d6b515c168"
        ],
        "Server": [
          "Kestrel"
        ],
        "x-ms-ratelimit-remaining-subscription-resource-requests": [
          "299"
        ],
        "x-ms-correlation-request-id": [
          "d966b924-293c-44a8-990b-d783f17d2bea"
        ],
        "x-ms-routing-request-id": [
          "JIOINDIAWEST:20230418T174028Z:d966b924-293c-44a8-990b-d783f17d2bea"
        ],
        "Strict-Transport-Security": [
          "max-age=31536000; includeSubDomains"
        ],
        "Date": [
          "Tue, 18 Apr 2023 17:40:28 GMT"
        ],
        "Content-Length": [
          "12"
        ],
        "Content-Type": [
          "application/json; charset=utf-8"
        ],
        "Expires": [
          "-1"
        ]
      },
      "ResponseBody": "{\r\n  \"value\": []\r\n}",
      "StatusCode": 200
    },
    {
      "RequestUri": "/subscriptions/38304e13-357e-405e-9e9a-220351dcce8c/resourceGroups/afs-pstest-rg/providers/Microsoft.RecoveryServices/vaults/afs-pstest-vault/backupResourceGuardProxies?api-version=2023-01-01",
      "EncodedRequestUri": "L3N1YnNjcmlwdGlvbnMvMzgzMDRlMTMtMzU3ZS00MDVlLTllOWEtMjIwMzUxZGNjZThjL3Jlc291cmNlR3JvdXBzL2Fmcy1wc3Rlc3QtcmcvcHJvdmlkZXJzL01pY3Jvc29mdC5SZWNvdmVyeVNlcnZpY2VzL3ZhdWx0cy9hZnMtcHN0ZXN0LXZhdWx0L2JhY2t1cFJlc291cmNlR3VhcmRQcm94aWVzP2FwaS12ZXJzaW9uPTIwMjMtMDEtMDE=",
      "RequestMethod": "GET",
      "RequestHeaders": {
        "x-ms-client-request-id": [
          "2aa3239e-3d97-460e-ab81-19d6b515c168"
        ],
        "Accept-Language": [
          "en-US"
        ],
        "User-Agent": [
          "FxVersion/4.700.22.55902",
          "OSName/Windows",
          "OSVersion/Microsoft.Windows.10.0.22621",
          "Microsoft.Azure.Management.RecoveryServices.Backup.RecoveryServicesBackupClient/6.3.0"
        ]
      },
      "RequestBody": "",
      "ResponseHeaders": {
        "Cache-Control": [
          "no-cache"
        ],
        "Pragma": [
          "no-cache"
        ],
        "X-Content-Type-Options": [
          "nosniff"
        ],
        "x-ms-request-id": [
          "77f50e74-28d7-484f-81d3-a7ac31d7f23d"
        ],
        "x-ms-client-request-id": [
          "2aa3239e-3d97-460e-ab81-19d6b515c168"
        ],
        "Server": [
          "Kestrel"
        ],
        "x-ms-ratelimit-remaining-subscription-reads": [
          "11999"
        ],
        "x-ms-correlation-request-id": [
          "77f50e74-28d7-484f-81d3-a7ac31d7f23d"
        ],
        "x-ms-routing-request-id": [
          "JIOINDIAWEST:20230418T174028Z:77f50e74-28d7-484f-81d3-a7ac31d7f23d"
        ],
        "Strict-Transport-Security": [
          "max-age=31536000; includeSubDomains"
        ],
        "Date": [
          "Tue, 18 Apr 2023 17:40:28 GMT"
        ],
        "Content-Length": [
          "12"
        ],
        "Content-Type": [
          "application/json; charset=utf-8"
        ],
        "Expires": [
          "-1"
        ]
      },
      "ResponseBody": "{\r\n  \"value\": []\r\n}",
      "StatusCode": 200
    },
    {
      "RequestUri": "/subscriptions/38304e13-357e-405e-9e9a-220351dcce8c/resourceGroups/afs-pstest-rg/providers/Microsoft.RecoveryServices/vaults/afs-pstest-vault/backupFabrics/Azure/protectionContainers/StorageContainer%3Bstorage%3Bafs-pstest-rg%3Bafspstestsa/protectedItems/AzureFileShare%3B7f34af6cfe2f3f3204cfd4d18cd6b37f7dec2c84a2d759ffab3d1367f9e17356?api-version=2023-01-01",
      "EncodedRequestUri": "L3N1YnNjcmlwdGlvbnMvMzgzMDRlMTMtMzU3ZS00MDVlLTllOWEtMjIwMzUxZGNjZThjL3Jlc291cmNlR3JvdXBzL2Fmcy1wc3Rlc3QtcmcvcHJvdmlkZXJzL01pY3Jvc29mdC5SZWNvdmVyeVNlcnZpY2VzL3ZhdWx0cy9hZnMtcHN0ZXN0LXZhdWx0L2JhY2t1cEZhYnJpY3MvQXp1cmUvcHJvdGVjdGlvbkNvbnRhaW5lcnMvU3RvcmFnZUNvbnRhaW5lciUzQnN0b3JhZ2UlM0JhZnMtcHN0ZXN0LXJnJTNCYWZzcHN0ZXN0c2EvcHJvdGVjdGVkSXRlbXMvQXp1cmVGaWxlU2hhcmUlM0I3ZjM0YWY2Y2ZlMmYzZjMyMDRjZmQ0ZDE4Y2Q2YjM3ZjdkZWMyYzg0YTJkNzU5ZmZhYjNkMTM2N2Y5ZTE3MzU2P2FwaS12ZXJzaW9uPTIwMjMtMDEtMDE=",
      "RequestMethod": "DELETE",
      "RequestHeaders": {
        "x-ms-client-request-id": [
          "2aa3239e-3d97-460e-ab81-19d6b515c168"
        ],
        "Accept-Language": [
          "en-US"
        ],
        "User-Agent": [
          "FxVersion/4.700.22.55902",
          "OSName/Windows",
          "OSVersion/Microsoft.Windows.10.0.22621",
          "Microsoft.Azure.Management.RecoveryServices.Backup.RecoveryServicesBackupClient/6.3.0"
        ]
      },
      "RequestBody": "",
      "ResponseHeaders": {
        "Cache-Control": [
          "no-cache"
        ],
        "Pragma": [
          "no-cache"
        ],
        "Location": [
          "https://management.azure.com/subscriptions/38304e13-357e-405e-9e9a-220351dcce8c/resourceGroups/afs-pstest-rg/providers/Microsoft.RecoveryServices/vaults/afs-pstest-vault/backupOperationResults/40041f36-11f3-460b-87d3-aa6b207467a6?api-version=2023-01-01"
        ],
        "Retry-After": [
          "60"
        ],
        "Azure-AsyncOperation": [
          "https://management.azure.com/subscriptions/38304e13-357e-405e-9e9a-220351dcce8c/resourceGroups/afs-pstest-rg/providers/Microsoft.RecoveryServices/vaults/afs-pstest-vault/backupOperations/40041f36-11f3-460b-87d3-aa6b207467a6?api-version=2023-01-01"
        ],
        "X-Content-Type-Options": [
          "nosniff"
        ],
        "x-ms-request-id": [
          "9a6ebe21-b341-49d2-a998-105154cab7ab"
        ],
        "x-ms-client-request-id": [
          "2aa3239e-3d97-460e-ab81-19d6b515c168"
        ],
        "Server": [
          "Kestrel"
        ],
        "x-ms-ratelimit-remaining-subscription-deletes": [
          "14999"
        ],
        "x-ms-correlation-request-id": [
          "9a6ebe21-b341-49d2-a998-105154cab7ab"
        ],
        "x-ms-routing-request-id": [
          "JIOINDIAWEST:20230418T174029Z:9a6ebe21-b341-49d2-a998-105154cab7ab"
        ],
        "Strict-Transport-Security": [
          "max-age=31536000; includeSubDomains"
        ],
        "Date": [
          "Tue, 18 Apr 2023 17:40:29 GMT"
        ],
        "Expires": [
          "-1"
        ],
        "Content-Length": [
          "0"
        ]
      },
      "ResponseBody": "",
      "StatusCode": 202
    },
    {
      "RequestUri": "/subscriptions/38304e13-357e-405e-9e9a-220351dcce8c/resourceGroups/afs-pstest-rg/providers/Microsoft.RecoveryServices/vaults/afs-pstest-vault/backupOperations/40041f36-11f3-460b-87d3-aa6b207467a6?api-version=2023-01-01",
      "EncodedRequestUri": "L3N1YnNjcmlwdGlvbnMvMzgzMDRlMTMtMzU3ZS00MDVlLTllOWEtMjIwMzUxZGNjZThjL3Jlc291cmNlR3JvdXBzL2Fmcy1wc3Rlc3QtcmcvcHJvdmlkZXJzL01pY3Jvc29mdC5SZWNvdmVyeVNlcnZpY2VzL3ZhdWx0cy9hZnMtcHN0ZXN0LXZhdWx0L2JhY2t1cE9wZXJhdGlvbnMvNDAwNDFmMzYtMTFmMy00NjBiLTg3ZDMtYWE2YjIwNzQ2N2E2P2FwaS12ZXJzaW9uPTIwMjMtMDEtMDE=",
      "RequestMethod": "GET",
      "RequestHeaders": {
        "x-ms-client-request-id": [
          "2aa3239e-3d97-460e-ab81-19d6b515c168"
        ],
        "Accept-Language": [
          "en-US"
        ],
        "User-Agent": [
          "FxVersion/4.700.22.55902",
          "OSName/Windows",
          "OSVersion/Microsoft.Windows.10.0.22621",
          "Microsoft.Azure.Management.RecoveryServices.Backup.RecoveryServicesBackupClient/6.3.0"
        ]
      },
      "RequestBody": "",
      "ResponseHeaders": {
        "Cache-Control": [
          "no-cache"
        ],
        "Pragma": [
          "no-cache"
        ],
        "X-Content-Type-Options": [
          "nosniff"
        ],
        "x-ms-request-id": [
          "e2faa375-cf03-404b-a9bc-40900a1162ab"
        ],
        "x-ms-client-request-id": [
          "2aa3239e-3d97-460e-ab81-19d6b515c168"
        ],
        "Server": [
          "Kestrel"
        ],
        "x-ms-ratelimit-remaining-subscription-resource-requests": [
          "299"
        ],
        "x-ms-correlation-request-id": [
          "e2faa375-cf03-404b-a9bc-40900a1162ab"
        ],
        "x-ms-routing-request-id": [
          "JIOINDIAWEST:20230418T174030Z:e2faa375-cf03-404b-a9bc-40900a1162ab"
        ],
        "Strict-Transport-Security": [
          "max-age=31536000; includeSubDomains"
        ],
        "Date": [
          "Tue, 18 Apr 2023 17:40:30 GMT"
        ],
        "Content-Length": [
          "188"
        ],
        "Content-Type": [
          "application/json; charset=utf-8"
        ],
        "Expires": [
          "-1"
        ]
      },
      "ResponseBody": "{\r\n  \"id\": \"40041f36-11f3-460b-87d3-aa6b207467a6\",\r\n  \"name\": \"40041f36-11f3-460b-87d3-aa6b207467a6\",\r\n  \"status\": \"InProgress\",\r\n  \"startTime\": \"2023-04-18T17:40:29.5657964Z\",\r\n  \"endTime\": \"0001-01-01T00:00:00\"\r\n}",
      "StatusCode": 200
    },
    {
      "RequestUri": "/subscriptions/38304e13-357e-405e-9e9a-220351dcce8c/resourceGroups/afs-pstest-rg/providers/Microsoft.RecoveryServices/vaults/afs-pstest-vault/backupOperations/40041f36-11f3-460b-87d3-aa6b207467a6?api-version=2023-01-01",
      "EncodedRequestUri": "L3N1YnNjcmlwdGlvbnMvMzgzMDRlMTMtMzU3ZS00MDVlLTllOWEtMjIwMzUxZGNjZThjL3Jlc291cmNlR3JvdXBzL2Fmcy1wc3Rlc3QtcmcvcHJvdmlkZXJzL01pY3Jvc29mdC5SZWNvdmVyeVNlcnZpY2VzL3ZhdWx0cy9hZnMtcHN0ZXN0LXZhdWx0L2JhY2t1cE9wZXJhdGlvbnMvNDAwNDFmMzYtMTFmMy00NjBiLTg3ZDMtYWE2YjIwNzQ2N2E2P2FwaS12ZXJzaW9uPTIwMjMtMDEtMDE=",
      "RequestMethod": "GET",
      "RequestHeaders": {
        "x-ms-client-request-id": [
          "2aa3239e-3d97-460e-ab81-19d6b515c168"
        ],
        "Accept-Language": [
          "en-US"
        ],
        "User-Agent": [
          "FxVersion/4.700.22.55902",
          "OSName/Windows",
          "OSVersion/Microsoft.Windows.10.0.22621",
          "Microsoft.Azure.Management.RecoveryServices.Backup.RecoveryServicesBackupClient/6.3.0"
        ]
      },
      "RequestBody": "",
      "ResponseHeaders": {
        "Cache-Control": [
          "no-cache"
        ],
        "Pragma": [
          "no-cache"
        ],
        "X-Content-Type-Options": [
          "nosniff"
        ],
        "x-ms-request-id": [
          "a3cb70fc-926f-4a7f-80a5-ef7752e8c70c"
        ],
        "x-ms-client-request-id": [
          "2aa3239e-3d97-460e-ab81-19d6b515c168"
        ],
        "Server": [
          "Kestrel"
        ],
        "x-ms-ratelimit-remaining-subscription-resource-requests": [
          "298"
        ],
        "x-ms-correlation-request-id": [
          "a3cb70fc-926f-4a7f-80a5-ef7752e8c70c"
        ],
        "x-ms-routing-request-id": [
          "JIOINDIAWEST:20230418T174040Z:a3cb70fc-926f-4a7f-80a5-ef7752e8c70c"
        ],
        "Strict-Transport-Security": [
          "max-age=31536000; includeSubDomains"
        ],
        "Date": [
          "Tue, 18 Apr 2023 17:40:40 GMT"
        ],
        "Content-Length": [
          "188"
        ],
        "Content-Type": [
          "application/json; charset=utf-8"
        ],
        "Expires": [
          "-1"
        ]
      },
      "ResponseBody": "{\r\n  \"id\": \"40041f36-11f3-460b-87d3-aa6b207467a6\",\r\n  \"name\": \"40041f36-11f3-460b-87d3-aa6b207467a6\",\r\n  \"status\": \"InProgress\",\r\n  \"startTime\": \"2023-04-18T17:40:29.5657964Z\",\r\n  \"endTime\": \"0001-01-01T00:00:00\"\r\n}",
      "StatusCode": 200
    },
    {
      "RequestUri": "/subscriptions/38304e13-357e-405e-9e9a-220351dcce8c/resourceGroups/afs-pstest-rg/providers/Microsoft.RecoveryServices/vaults/afs-pstest-vault/backupOperations/40041f36-11f3-460b-87d3-aa6b207467a6?api-version=2023-01-01",
      "EncodedRequestUri": "L3N1YnNjcmlwdGlvbnMvMzgzMDRlMTMtMzU3ZS00MDVlLTllOWEtMjIwMzUxZGNjZThjL3Jlc291cmNlR3JvdXBzL2Fmcy1wc3Rlc3QtcmcvcHJvdmlkZXJzL01pY3Jvc29mdC5SZWNvdmVyeVNlcnZpY2VzL3ZhdWx0cy9hZnMtcHN0ZXN0LXZhdWx0L2JhY2t1cE9wZXJhdGlvbnMvNDAwNDFmMzYtMTFmMy00NjBiLTg3ZDMtYWE2YjIwNzQ2N2E2P2FwaS12ZXJzaW9uPTIwMjMtMDEtMDE=",
      "RequestMethod": "GET",
      "RequestHeaders": {
        "x-ms-client-request-id": [
          "2aa3239e-3d97-460e-ab81-19d6b515c168"
        ],
        "Accept-Language": [
          "en-US"
        ],
        "User-Agent": [
          "FxVersion/4.700.22.55902",
          "OSName/Windows",
          "OSVersion/Microsoft.Windows.10.0.22621",
          "Microsoft.Azure.Management.RecoveryServices.Backup.RecoveryServicesBackupClient/6.3.0"
        ]
      },
      "RequestBody": "",
      "ResponseHeaders": {
        "Cache-Control": [
          "no-cache"
        ],
        "Pragma": [
          "no-cache"
        ],
        "X-Content-Type-Options": [
          "nosniff"
        ],
        "x-ms-request-id": [
          "e64997ee-cfac-4bfa-a4d4-e52c2be5a489"
        ],
        "x-ms-client-request-id": [
          "2aa3239e-3d97-460e-ab81-19d6b515c168"
        ],
        "Server": [
          "Kestrel"
        ],
        "x-ms-ratelimit-remaining-subscription-resource-requests": [
          "297"
        ],
        "x-ms-correlation-request-id": [
          "e64997ee-cfac-4bfa-a4d4-e52c2be5a489"
        ],
        "x-ms-routing-request-id": [
          "JIOINDIAWEST:20230418T174050Z:e64997ee-cfac-4bfa-a4d4-e52c2be5a489"
        ],
        "Strict-Transport-Security": [
          "max-age=31536000; includeSubDomains"
        ],
        "Date": [
          "Tue, 18 Apr 2023 17:40:50 GMT"
        ],
        "Content-Length": [
          "304"
        ],
        "Content-Type": [
          "application/json; charset=utf-8"
        ],
        "Expires": [
          "-1"
        ]
      },
      "ResponseBody": "{\r\n  \"id\": \"40041f36-11f3-460b-87d3-aa6b207467a6\",\r\n  \"name\": \"40041f36-11f3-460b-87d3-aa6b207467a6\",\r\n  \"status\": \"Succeeded\",\r\n  \"startTime\": \"2023-04-18T17:40:29.5657964Z\",\r\n  \"endTime\": \"2023-04-18T17:40:29.5657964Z\",\r\n  \"properties\": {\r\n    \"objectType\": \"OperationStatusJobExtendedInfo\",\r\n    \"jobId\": \"5d7e9f3d-6b46-420a-9fa2-33cfa9d2e48b\"\r\n  }\r\n}",
      "StatusCode": 200
    },
    {
      "RequestUri": "/subscriptions/38304e13-357e-405e-9e9a-220351dcce8c/resourceGroups/afs-pstest-rg/providers/Microsoft.RecoveryServices/vaults/afs-pstest-vault/backupOperations/40041f36-11f3-460b-87d3-aa6b207467a6?api-version=2023-01-01",
      "EncodedRequestUri": "L3N1YnNjcmlwdGlvbnMvMzgzMDRlMTMtMzU3ZS00MDVlLTllOWEtMjIwMzUxZGNjZThjL3Jlc291cmNlR3JvdXBzL2Fmcy1wc3Rlc3QtcmcvcHJvdmlkZXJzL01pY3Jvc29mdC5SZWNvdmVyeVNlcnZpY2VzL3ZhdWx0cy9hZnMtcHN0ZXN0LXZhdWx0L2JhY2t1cE9wZXJhdGlvbnMvNDAwNDFmMzYtMTFmMy00NjBiLTg3ZDMtYWE2YjIwNzQ2N2E2P2FwaS12ZXJzaW9uPTIwMjMtMDEtMDE=",
      "RequestMethod": "GET",
      "RequestHeaders": {
        "x-ms-client-request-id": [
          "2aa3239e-3d97-460e-ab81-19d6b515c168"
        ],
        "Accept-Language": [
          "en-US"
        ],
        "User-Agent": [
          "FxVersion/4.700.22.55902",
          "OSName/Windows",
          "OSVersion/Microsoft.Windows.10.0.22621",
          "Microsoft.Azure.Management.RecoveryServices.Backup.RecoveryServicesBackupClient/6.3.0"
        ]
      },
      "RequestBody": "",
      "ResponseHeaders": {
        "Cache-Control": [
          "no-cache"
        ],
        "Pragma": [
          "no-cache"
        ],
        "X-Content-Type-Options": [
          "nosniff"
        ],
        "x-ms-request-id": [
          "204d9fe8-88c8-490b-9cfe-7e95d5881b25"
        ],
        "x-ms-client-request-id": [
          "2aa3239e-3d97-460e-ab81-19d6b515c168"
        ],
        "Server": [
          "Kestrel"
        ],
        "x-ms-ratelimit-remaining-subscription-resource-requests": [
          "296"
        ],
        "x-ms-correlation-request-id": [
          "204d9fe8-88c8-490b-9cfe-7e95d5881b25"
        ],
        "x-ms-routing-request-id": [
          "JIOINDIAWEST:20230418T174051Z:204d9fe8-88c8-490b-9cfe-7e95d5881b25"
        ],
        "Strict-Transport-Security": [
          "max-age=31536000; includeSubDomains"
        ],
        "Date": [
          "Tue, 18 Apr 2023 17:40:51 GMT"
        ],
        "Content-Length": [
          "304"
        ],
        "Content-Type": [
          "application/json; charset=utf-8"
        ],
        "Expires": [
          "-1"
        ]
      },
      "ResponseBody": "{\r\n  \"id\": \"40041f36-11f3-460b-87d3-aa6b207467a6\",\r\n  \"name\": \"40041f36-11f3-460b-87d3-aa6b207467a6\",\r\n  \"status\": \"Succeeded\",\r\n  \"startTime\": \"2023-04-18T17:40:29.5657964Z\",\r\n  \"endTime\": \"2023-04-18T17:40:29.5657964Z\",\r\n  \"properties\": {\r\n    \"objectType\": \"OperationStatusJobExtendedInfo\",\r\n    \"jobId\": \"5d7e9f3d-6b46-420a-9fa2-33cfa9d2e48b\"\r\n  }\r\n}",
      "StatusCode": 200
    },
    {
      "RequestUri": "/subscriptions/38304e13-357e-405e-9e9a-220351dcce8c/resourceGroups/afs-pstest-rg/providers/Microsoft.RecoveryServices/vaults/afs-pstest-vault/backupJobs/5d7e9f3d-6b46-420a-9fa2-33cfa9d2e48b?api-version=2023-01-01",
      "EncodedRequestUri": "L3N1YnNjcmlwdGlvbnMvMzgzMDRlMTMtMzU3ZS00MDVlLTllOWEtMjIwMzUxZGNjZThjL3Jlc291cmNlR3JvdXBzL2Fmcy1wc3Rlc3QtcmcvcHJvdmlkZXJzL01pY3Jvc29mdC5SZWNvdmVyeVNlcnZpY2VzL3ZhdWx0cy9hZnMtcHN0ZXN0LXZhdWx0L2JhY2t1cEpvYnMvNWQ3ZTlmM2QtNmI0Ni00MjBhLTlmYTItMzNjZmE5ZDJlNDhiP2FwaS12ZXJzaW9uPTIwMjMtMDEtMDE=",
      "RequestMethod": "GET",
      "RequestHeaders": {
        "x-ms-client-request-id": [
          "2aa3239e-3d97-460e-ab81-19d6b515c168"
        ],
        "Accept-Language": [
          "en-US"
        ],
        "User-Agent": [
          "FxVersion/4.700.22.55902",
          "OSName/Windows",
          "OSVersion/Microsoft.Windows.10.0.22621",
          "Microsoft.Azure.Management.RecoveryServices.Backup.RecoveryServicesBackupClient/6.3.0"
        ]
      },
      "RequestBody": "",
      "ResponseHeaders": {
        "Cache-Control": [
          "no-cache"
        ],
        "Pragma": [
          "no-cache"
        ],
        "X-Content-Type-Options": [
          "nosniff"
        ],
        "x-ms-request-id": [
          "2d70c2d3-e32d-4930-b41f-e4cff7f31ae8"
        ],
        "x-ms-client-request-id": [
          "2aa3239e-3d97-460e-ab81-19d6b515c168"
        ],
        "Server": [
          "Kestrel"
        ],
        "x-ms-ratelimit-remaining-subscription-resource-requests": [
          "149"
        ],
        "x-ms-correlation-request-id": [
          "2d70c2d3-e32d-4930-b41f-e4cff7f31ae8"
        ],
        "x-ms-routing-request-id": [
          "JIOINDIAWEST:20230418T174051Z:2d70c2d3-e32d-4930-b41f-e4cff7f31ae8"
        ],
        "Strict-Transport-Security": [
          "max-age=31536000; includeSubDomains"
        ],
        "Date": [
          "Tue, 18 Apr 2023 17:40:51 GMT"
        ],
        "Content-Length": [
          "823"
        ],
        "Content-Type": [
          "application/json; charset=utf-8"
        ],
        "Expires": [
          "-1"
        ]
      },
      "ResponseBody": "{\r\n  \"id\": \"/subscriptions/38304e13-357e-405e-9e9a-220351dcce8c/resourceGroups/afs-pstest-rg/providers/Microsoft.RecoveryServices/vaults/afs-pstest-vault/backupJobs/5d7e9f3d-6b46-420a-9fa2-33cfa9d2e48b\",\r\n  \"name\": \"5d7e9f3d-6b46-420a-9fa2-33cfa9d2e48b\",\r\n  \"type\": \"Microsoft.RecoveryServices/vaults/backupJobs\",\r\n  \"properties\": {\r\n    \"jobType\": \"AzureStorageJob\",\r\n    \"duration\": \"PT21.0872809S\",\r\n    \"storageAccountName\": \"afspstestsa\",\r\n    \"storageAccountVersion\": \"Storage\",\r\n    \"extendedInfo\": {\r\n      \"tasksList\": [],\r\n      \"propertyBag\": {\r\n        \"File Share Name\": \"fs1\",\r\n        \"Storage Account Name\": \"afspstestsa\"\r\n      }\r\n    },\r\n    \"isUserTriggered\": false,\r\n    \"entityFriendlyName\": \"fs1\",\r\n    \"backupManagementType\": \"AzureStorage\",\r\n    \"operation\": \"DeleteBackupData\",\r\n    \"status\": \"Completed\",\r\n    \"startTime\": \"2023-04-18T17:40:29.5657964Z\",\r\n    \"endTime\": \"2023-04-18T17:40:50.6530773Z\",\r\n    \"activityId\": \"2aa3239e-3d97-460e-ab81-19d6b515c168\"\r\n  }\r\n}",
      "StatusCode": 200
    },
    {
      "RequestUri": "/subscriptions/38304e13-357e-405e-9e9a-220351dcce8c/resourceGroups/afs-pstest-rg/providers/Microsoft.RecoveryServices/vaults/afs-pstest-vault/backupFabrics/Azure/protectionContainers/StorageContainer%3BStorage%3Bafs-pstest-rg%3Bafspstestsa?api-version=2023-01-01",
      "EncodedRequestUri": "L3N1YnNjcmlwdGlvbnMvMzgzMDRlMTMtMzU3ZS00MDVlLTllOWEtMjIwMzUxZGNjZThjL3Jlc291cmNlR3JvdXBzL2Fmcy1wc3Rlc3QtcmcvcHJvdmlkZXJzL01pY3Jvc29mdC5SZWNvdmVyeVNlcnZpY2VzL3ZhdWx0cy9hZnMtcHN0ZXN0LXZhdWx0L2JhY2t1cEZhYnJpY3MvQXp1cmUvcHJvdGVjdGlvbkNvbnRhaW5lcnMvU3RvcmFnZUNvbnRhaW5lciUzQlN0b3JhZ2UlM0JhZnMtcHN0ZXN0LXJnJTNCYWZzcHN0ZXN0c2E/YXBpLXZlcnNpb249MjAyMy0wMS0wMQ==",
      "RequestMethod": "DELETE",
      "RequestHeaders": {
        "x-ms-client-request-id": [
          "70d6a3da-c225-4eef-9244-31c3cc72c69d"
        ],
        "Accept-Language": [
          "en-US"
        ],
        "User-Agent": [
          "FxVersion/4.700.22.55902",
          "OSName/Windows",
          "OSVersion/Microsoft.Windows.10.0.22621",
          "Microsoft.Azure.Management.RecoveryServices.Backup.RecoveryServicesBackupClient/6.3.0"
        ]
      },
      "RequestBody": "",
      "ResponseHeaders": {
        "Cache-Control": [
          "no-cache"
        ],
        "Pragma": [
          "no-cache"
        ],
        "Location": [
          "https://management.azure.com/subscriptions/38304e13-357e-405e-9e9a-220351dcce8c/resourceGroups/afs-pstest-rg/providers/Microsoft.RecoveryServices/vaults/afs-pstest-vault/backupOperationResults/cc65b994-1a15-4aff-b338-24fac2d15f2d?fabricName=Azure?api-version=2023-01-01"
        ],
        "Retry-After": [
          "60"
        ],
        "Azure-AsyncOperation": [
          "https://management.azure.com/subscriptions/38304e13-357e-405e-9e9a-220351dcce8c/resourceGroups/afs-pstest-rg/providers/Microsoft.RecoveryServices/vaults/afs-pstest-vault/backupFabrics/Azure/operationsStatus/cc65b994-1a15-4aff-b338-24fac2d15f2d?api-version=2019-05-13-preview"
        ],
        "X-Content-Type-Options": [
          "nosniff"
        ],
        "x-ms-request-id": [
          "8bc13db1-4cd2-4333-9f21-cf2d79040f91"
        ],
        "x-ms-client-request-id": [
          "70d6a3da-c225-4eef-9244-31c3cc72c69d"
        ],
        "Server": [
          "Kestrel"
        ],
        "x-ms-ratelimit-remaining-subscription-deletes": [
          "14999"
        ],
        "x-ms-correlation-request-id": [
          "8bc13db1-4cd2-4333-9f21-cf2d79040f91"
        ],
        "x-ms-routing-request-id": [
          "JIOINDIAWEST:20230418T174053Z:8bc13db1-4cd2-4333-9f21-cf2d79040f91"
        ],
        "Strict-Transport-Security": [
          "max-age=31536000; includeSubDomains"
        ],
        "Date": [
          "Tue, 18 Apr 2023 17:40:52 GMT"
        ],
        "Expires": [
          "-1"
        ],
        "Content-Length": [
          "0"
        ]
      },
      "ResponseBody": "",
      "StatusCode": 202
    },
    {
      "RequestUri": "/subscriptions/38304e13-357e-405e-9e9a-220351dcce8c/resourceGroups/afs-pstest-rg/providers/Microsoft.RecoveryServices/vaults/afs-pstest-vault/backupFabrics/Azure/operationResults/cc65b994-1a15-4aff-b338-24fac2d15f2d?api-version=2023-01-01",
      "EncodedRequestUri": "L3N1YnNjcmlwdGlvbnMvMzgzMDRlMTMtMzU3ZS00MDVlLTllOWEtMjIwMzUxZGNjZThjL3Jlc291cmNlR3JvdXBzL2Fmcy1wc3Rlc3QtcmcvcHJvdmlkZXJzL01pY3Jvc29mdC5SZWNvdmVyeVNlcnZpY2VzL3ZhdWx0cy9hZnMtcHN0ZXN0LXZhdWx0L2JhY2t1cEZhYnJpY3MvQXp1cmUvb3BlcmF0aW9uUmVzdWx0cy9jYzY1Yjk5NC0xYTE1LTRhZmYtYjMzOC0yNGZhYzJkMTVmMmQ/YXBpLXZlcnNpb249MjAyMy0wMS0wMQ==",
      "RequestMethod": "GET",
      "RequestHeaders": {
        "x-ms-client-request-id": [
          "70d6a3da-c225-4eef-9244-31c3cc72c69d"
        ],
        "Accept-Language": [
          "en-US"
        ],
        "User-Agent": [
          "FxVersion/4.700.22.55902",
          "OSName/Windows",
          "OSVersion/Microsoft.Windows.10.0.22621",
          "Microsoft.Azure.Management.RecoveryServices.Backup.RecoveryServicesBackupClient/6.3.0"
        ]
      },
      "RequestBody": "",
      "ResponseHeaders": {
        "Cache-Control": [
          "no-cache"
        ],
        "Pragma": [
          "no-cache"
        ],
        "Location": [
          "https://management.azure.com/subscriptions/38304e13-357e-405e-9e9a-220351dcce8c/resourceGroups/afs-pstest-rg/providers/Microsoft.RecoveryServices/vaults/afs-pstest-vault/backupFabrics/Azure/operationResults/cc65b994-1a15-4aff-b338-24fac2d15f2d?api-version=2023-01-01"
        ],
        "Retry-After": [
          "60"
        ],
        "X-Content-Type-Options": [
          "nosniff"
        ],
        "x-ms-request-id": [
          "0aad8a51-c379-4f69-970c-3beaec962be8"
        ],
        "x-ms-client-request-id": [
          "70d6a3da-c225-4eef-9244-31c3cc72c69d"
        ],
        "Server": [
          "Kestrel"
        ],
        "x-ms-ratelimit-remaining-subscription-resource-requests": [
          "299"
        ],
        "x-ms-correlation-request-id": [
          "0aad8a51-c379-4f69-970c-3beaec962be8"
        ],
        "x-ms-routing-request-id": [
          "JIOINDIAWEST:20230418T174053Z:0aad8a51-c379-4f69-970c-3beaec962be8"
        ],
        "Strict-Transport-Security": [
          "max-age=31536000; includeSubDomains"
        ],
        "Date": [
          "Tue, 18 Apr 2023 17:40:53 GMT"
        ],
        "Expires": [
          "-1"
        ],
        "Content-Length": [
          "0"
        ]
      },
      "ResponseBody": "",
      "StatusCode": 202
    },
    {
      "RequestUri": "/subscriptions/38304e13-357e-405e-9e9a-220351dcce8c/resourceGroups/afs-pstest-rg/providers/Microsoft.RecoveryServices/vaults/afs-pstest-vault/backupFabrics/Azure/operationResults/cc65b994-1a15-4aff-b338-24fac2d15f2d?api-version=2023-01-01",
      "EncodedRequestUri": "L3N1YnNjcmlwdGlvbnMvMzgzMDRlMTMtMzU3ZS00MDVlLTllOWEtMjIwMzUxZGNjZThjL3Jlc291cmNlR3JvdXBzL2Fmcy1wc3Rlc3QtcmcvcHJvdmlkZXJzL01pY3Jvc29mdC5SZWNvdmVyeVNlcnZpY2VzL3ZhdWx0cy9hZnMtcHN0ZXN0LXZhdWx0L2JhY2t1cEZhYnJpY3MvQXp1cmUvb3BlcmF0aW9uUmVzdWx0cy9jYzY1Yjk5NC0xYTE1LTRhZmYtYjMzOC0yNGZhYzJkMTVmMmQ/YXBpLXZlcnNpb249MjAyMy0wMS0wMQ==",
      "RequestMethod": "GET",
      "RequestHeaders": {
        "x-ms-client-request-id": [
          "70d6a3da-c225-4eef-9244-31c3cc72c69d"
        ],
        "Accept-Language": [
          "en-US"
        ],
        "User-Agent": [
          "FxVersion/4.700.22.55902",
          "OSName/Windows",
          "OSVersion/Microsoft.Windows.10.0.22621",
          "Microsoft.Azure.Management.RecoveryServices.Backup.RecoveryServicesBackupClient/6.3.0"
        ]
      },
      "RequestBody": "",
      "ResponseHeaders": {
        "Cache-Control": [
          "no-cache"
        ],
        "Pragma": [
          "no-cache"
        ],
        "Location": [
          "https://management.azure.com/subscriptions/38304e13-357e-405e-9e9a-220351dcce8c/resourceGroups/afs-pstest-rg/providers/Microsoft.RecoveryServices/vaults/afs-pstest-vault/backupFabrics/Azure/operationResults/cc65b994-1a15-4aff-b338-24fac2d15f2d?api-version=2023-01-01"
        ],
        "Retry-After": [
          "60"
        ],
        "X-Content-Type-Options": [
          "nosniff"
        ],
        "x-ms-request-id": [
          "7f55322e-a1fe-4340-920f-edb005e452d7"
        ],
        "x-ms-client-request-id": [
          "70d6a3da-c225-4eef-9244-31c3cc72c69d"
        ],
        "Server": [
          "Kestrel"
        ],
        "x-ms-ratelimit-remaining-subscription-resource-requests": [
          "298"
        ],
        "x-ms-correlation-request-id": [
          "7f55322e-a1fe-4340-920f-edb005e452d7"
        ],
        "x-ms-routing-request-id": [
          "JIOINDIAWEST:20230418T174103Z:7f55322e-a1fe-4340-920f-edb005e452d7"
        ],
        "Strict-Transport-Security": [
          "max-age=31536000; includeSubDomains"
        ],
        "Date": [
          "Tue, 18 Apr 2023 17:41:03 GMT"
        ],
        "Expires": [
          "-1"
        ],
        "Content-Length": [
          "0"
        ]
      },
      "ResponseBody": "",
      "StatusCode": 202
    },
    {
      "RequestUri": "/subscriptions/38304e13-357e-405e-9e9a-220351dcce8c/resourceGroups/afs-pstest-rg/providers/Microsoft.RecoveryServices/vaults/afs-pstest-vault/backupFabrics/Azure/operationResults/cc65b994-1a15-4aff-b338-24fac2d15f2d?api-version=2023-01-01",
      "EncodedRequestUri": "L3N1YnNjcmlwdGlvbnMvMzgzMDRlMTMtMzU3ZS00MDVlLTllOWEtMjIwMzUxZGNjZThjL3Jlc291cmNlR3JvdXBzL2Fmcy1wc3Rlc3QtcmcvcHJvdmlkZXJzL01pY3Jvc29mdC5SZWNvdmVyeVNlcnZpY2VzL3ZhdWx0cy9hZnMtcHN0ZXN0LXZhdWx0L2JhY2t1cEZhYnJpY3MvQXp1cmUvb3BlcmF0aW9uUmVzdWx0cy9jYzY1Yjk5NC0xYTE1LTRhZmYtYjMzOC0yNGZhYzJkMTVmMmQ/YXBpLXZlcnNpb249MjAyMy0wMS0wMQ==",
      "RequestMethod": "GET",
      "RequestHeaders": {
        "x-ms-client-request-id": [
          "70d6a3da-c225-4eef-9244-31c3cc72c69d"
        ],
        "Accept-Language": [
          "en-US"
        ],
        "User-Agent": [
          "FxVersion/4.700.22.55902",
          "OSName/Windows",
          "OSVersion/Microsoft.Windows.10.0.22621",
          "Microsoft.Azure.Management.RecoveryServices.Backup.RecoveryServicesBackupClient/6.3.0"
        ]
      },
      "RequestBody": "",
      "ResponseHeaders": {
        "Cache-Control": [
          "no-cache"
        ],
        "Pragma": [
          "no-cache"
        ],
        "Location": [
          "https://management.azure.com/subscriptions/38304e13-357e-405e-9e9a-220351dcce8c/resourceGroups/afs-pstest-rg/providers/Microsoft.RecoveryServices/vaults/afs-pstest-vault/backupFabrics/Azure/operationResults/cc65b994-1a15-4aff-b338-24fac2d15f2d?api-version=2023-01-01"
        ],
        "Retry-After": [
          "60"
        ],
        "X-Content-Type-Options": [
          "nosniff"
        ],
        "x-ms-request-id": [
          "5318f676-954e-41f9-87a9-bcebead53b13"
        ],
        "x-ms-client-request-id": [
          "70d6a3da-c225-4eef-9244-31c3cc72c69d"
        ],
        "Server": [
          "Kestrel"
        ],
        "x-ms-ratelimit-remaining-subscription-resource-requests": [
          "297"
        ],
        "x-ms-correlation-request-id": [
          "5318f676-954e-41f9-87a9-bcebead53b13"
        ],
        "x-ms-routing-request-id": [
          "JIOINDIAWEST:20230418T174114Z:5318f676-954e-41f9-87a9-bcebead53b13"
        ],
        "Strict-Transport-Security": [
          "max-age=31536000; includeSubDomains"
        ],
        "Date": [
          "Tue, 18 Apr 2023 17:41:13 GMT"
        ],
        "Expires": [
          "-1"
        ],
        "Content-Length": [
          "0"
        ]
      },
      "ResponseBody": "",
      "StatusCode": 202
    },
    {
      "RequestUri": "/subscriptions/38304e13-357e-405e-9e9a-220351dcce8c/resourceGroups/afs-pstest-rg/providers/Microsoft.RecoveryServices/vaults/afs-pstest-vault/backupFabrics/Azure/operationResults/cc65b994-1a15-4aff-b338-24fac2d15f2d?api-version=2023-01-01",
      "EncodedRequestUri": "L3N1YnNjcmlwdGlvbnMvMzgzMDRlMTMtMzU3ZS00MDVlLTllOWEtMjIwMzUxZGNjZThjL3Jlc291cmNlR3JvdXBzL2Fmcy1wc3Rlc3QtcmcvcHJvdmlkZXJzL01pY3Jvc29mdC5SZWNvdmVyeVNlcnZpY2VzL3ZhdWx0cy9hZnMtcHN0ZXN0LXZhdWx0L2JhY2t1cEZhYnJpY3MvQXp1cmUvb3BlcmF0aW9uUmVzdWx0cy9jYzY1Yjk5NC0xYTE1LTRhZmYtYjMzOC0yNGZhYzJkMTVmMmQ/YXBpLXZlcnNpb249MjAyMy0wMS0wMQ==",
      "RequestMethod": "GET",
      "RequestHeaders": {
        "x-ms-client-request-id": [
          "70d6a3da-c225-4eef-9244-31c3cc72c69d"
        ],
        "Accept-Language": [
          "en-US"
        ],
        "User-Agent": [
          "FxVersion/4.700.22.55902",
          "OSName/Windows",
          "OSVersion/Microsoft.Windows.10.0.22621",
          "Microsoft.Azure.Management.RecoveryServices.Backup.RecoveryServicesBackupClient/6.3.0"
        ]
      },
      "RequestBody": "",
      "ResponseHeaders": {
        "Cache-Control": [
          "no-cache"
        ],
        "Pragma": [
          "no-cache"
        ],
        "X-Content-Type-Options": [
          "nosniff"
        ],
        "x-ms-request-id": [
          "00000000-0000-0000-0000-000000000000"
        ],
        "x-ms-client-request-id": [
          "00000000-0000-0000-0000-000000000000"
        ],
        "Server": [
          "Kestrel"
        ],
        "x-ms-ratelimit-remaining-subscription-resource-requests": [
          "296"
        ],
        "x-ms-correlation-request-id": [
          "abe0ff84-a9dc-439c-a889-967186377bda"
        ],
        "x-ms-routing-request-id": [
          "JIOINDIAWEST:20230418T174124Z:abe0ff84-a9dc-439c-a889-967186377bda"
        ],
        "Strict-Transport-Security": [
          "max-age=31536000; includeSubDomains"
        ],
        "Date": [
          "Tue, 18 Apr 2023 17:41:24 GMT"
        ],
        "Expires": [
          "-1"
        ]
      },
      "ResponseBody": "",
      "StatusCode": 204
    },
    {
      "RequestUri": "/subscriptions/38304e13-357e-405e-9e9a-220351dcce8c/resourceGroups/afs-pstest-rg/providers/Microsoft.RecoveryServices/vaults/afs-pstest-vault/backupFabrics/Azure/operationResults/cc65b994-1a15-4aff-b338-24fac2d15f2d?api-version=2023-01-01",
      "EncodedRequestUri": "L3N1YnNjcmlwdGlvbnMvMzgzMDRlMTMtMzU3ZS00MDVlLTllOWEtMjIwMzUxZGNjZThjL3Jlc291cmNlR3JvdXBzL2Fmcy1wc3Rlc3QtcmcvcHJvdmlkZXJzL01pY3Jvc29mdC5SZWNvdmVyeVNlcnZpY2VzL3ZhdWx0cy9hZnMtcHN0ZXN0LXZhdWx0L2JhY2t1cEZhYnJpY3MvQXp1cmUvb3BlcmF0aW9uUmVzdWx0cy9jYzY1Yjk5NC0xYTE1LTRhZmYtYjMzOC0yNGZhYzJkMTVmMmQ/YXBpLXZlcnNpb249MjAyMy0wMS0wMQ==",
      "RequestMethod": "GET",
      "RequestHeaders": {
        "x-ms-client-request-id": [
          "70d6a3da-c225-4eef-9244-31c3cc72c69d"
        ],
        "Accept-Language": [
          "en-US"
        ],
        "User-Agent": [
          "FxVersion/4.700.22.55902",
          "OSName/Windows",
          "OSVersion/Microsoft.Windows.10.0.22621",
          "Microsoft.Azure.Management.RecoveryServices.Backup.RecoveryServicesBackupClient/6.3.0"
        ]
      },
      "RequestBody": "",
      "ResponseHeaders": {
        "Cache-Control": [
          "no-cache"
        ],
        "Pragma": [
          "no-cache"
        ],
        "X-Content-Type-Options": [
          "nosniff"
        ],
        "x-ms-request-id": [
          "00000000-0000-0000-0000-000000000000"
        ],
        "x-ms-client-request-id": [
          "00000000-0000-0000-0000-000000000000"
        ],
        "Server": [
          "Kestrel"
        ],
        "x-ms-ratelimit-remaining-subscription-resource-requests": [
          "295"
        ],
        "x-ms-correlation-request-id": [
          "84d6437d-31f4-4145-bf85-0f718660bac9"
        ],
        "x-ms-routing-request-id": [
          "JIOINDIAWEST:20230418T174125Z:84d6437d-31f4-4145-bf85-0f718660bac9"
        ],
        "Strict-Transport-Security": [
          "max-age=31536000; includeSubDomains"
        ],
        "Date": [
          "Tue, 18 Apr 2023 17:41:25 GMT"
        ],
        "Expires": [
          "-1"
        ]
      },
      "ResponseBody": "",
      "StatusCode": 204
    }
  ],
  "Names": {},
  "Variables": {
    "SubscriptionId": "38304e13-357e-405e-9e9a-220351dcce8c"
  }
}