{
  "Entries": [
    {
      "RequestUri": "/subscriptions/46241355-bb95-46a9-ba6c-42b554d71925/resourceGroups/accountmgmtsamplegroup/providers/Microsoft.Batch/batchAccounts/pstestaccount/applications/test/versions/foo?api-version=2015-12-01",
      "EncodedRequestUri": "L3N1YnNjcmlwdGlvbnMvNDYyNDEzNTUtYmI5NS00NmE5LWJhNmMtNDJiNTU0ZDcxOTI1L3Jlc291cmNlR3JvdXBzL2FjY291bnRtZ210c2FtcGxlZ3JvdXAvcHJvdmlkZXJzL01pY3Jvc29mdC5CYXRjaC9iYXRjaEFjY291bnRzL3BzdGVzdGFjY291bnQvYXBwbGljYXRpb25zL3Rlc3QvdmVyc2lvbnMvZm9vP2FwaS12ZXJzaW9uPTIwMTUtMTItMDE=",
      "RequestMethod": "GET",
      "RequestBody": "",
      "RequestHeaders": {
        "x-ms-client-request-id": [
          "30e06cb8-0950-4d57-89d1-efc3985d53f9"
        ],
        "accept-language": [
          "en-US"
        ],
        "User-Agent": [
          "Microsoft.Azure.Management.Batch.BatchManagementClient/2.0.0.0"
        ]
      },
      "ResponseBody": "{\r\n  \"code\": \"ApplicationPackageNotFound\",\r\n  \"message\": \"The specified application package does not exist.\\nRequestId:51d0d3e7-a765-48e8-9374-b08e5a11504b\\nTime:2016-05-12T01:18:13.1853772Z\",\r\n  \"target\": \"BatchAccount\"\r\n}",
      "ResponseHeaders": {
        "Content-Length": [
          "206"
        ],
        "Content-Type": [
          "application/json; charset=utf-8"
        ],
        "Expires": [
          "-1"
        ],
        "Pragma": [
          "no-cache"
        ],
        "request-id": [
          "51d0d3e7-a765-48e8-9374-b08e5a11504b"
        ],
        "Strict-Transport-Security": [
          "max-age=31536000; includeSubDomains"
        ],
        "x-ms-ratelimit-remaining-subscription-reads": [
          "14898"
        ],
        "x-ms-request-id": [
          "4932a7f5-6281-4af7-9fa9-a8cf1d71fd7e"
        ],
        "x-ms-correlation-request-id": [
          "4932a7f5-6281-4af7-9fa9-a8cf1d71fd7e"
        ],
        "x-ms-routing-request-id": [
          "WESTUS:20160512T011812Z:4932a7f5-6281-4af7-9fa9-a8cf1d71fd7e"
        ],
        "Cache-Control": [
          "no-cache"
        ],
        "Date": [
          "Thu, 12 May 2016 01:18:12 GMT"
        ],
        "Server": [
          "Microsoft-HTTPAPI/2.0"
        ]
      },
      "StatusCode": 404
    },
    {
      "RequestUri": "/subscriptions/46241355-bb95-46a9-ba6c-42b554d71925/resourceGroups/accountmgmtsamplegroup/providers/Microsoft.Batch/batchAccounts/pstestaccount/applications/test/versions/foo?api-version=2015-12-01",
      "EncodedRequestUri": "L3N1YnNjcmlwdGlvbnMvNDYyNDEzNTUtYmI5NS00NmE5LWJhNmMtNDJiNTU0ZDcxOTI1L3Jlc291cmNlR3JvdXBzL2FjY291bnRtZ210c2FtcGxlZ3JvdXAvcHJvdmlkZXJzL01pY3Jvc29mdC5CYXRjaC9iYXRjaEFjY291bnRzL3BzdGVzdGFjY291bnQvYXBwbGljYXRpb25zL3Rlc3QvdmVyc2lvbnMvZm9vP2FwaS12ZXJzaW9uPTIwMTUtMTItMDE=",
      "RequestMethod": "GET",
      "RequestBody": "",
      "RequestHeaders": {
        "x-ms-client-request-id": [
          "73652e47-8ad5-496e-8817-81641804130f"
        ],
        "accept-language": [
          "en-US"
        ],
        "User-Agent": [
          "Microsoft.Azure.Management.Batch.BatchManagementClient/2.0.0.0"
        ]
      },
      "ResponseBody": "{\r\n  \"id\": \"test\",\r\n  \"version\": \"foo\",\r\n  \"storageUrl\": \"https://pstestaccount.blob.core.windows.net/app-test-a94a8fe5ccb19ba61c4c0873d391e987982fbbd3/test-foo-00b07fe1-4fc2-4a4d-81d5-2a52c8cf8aed?sv=2014-02-14&sr=b&sig=ZqiS%2BDGgLhErEVRfT97v7DyNxNjH1CG5PELOpf2ngKE%3D&st=2016-05-12T01%3A13%3A14Z&se=2016-05-12T05%3A18%3A14Z&sp=rw\",\r\n  \"storageUrlExpiry\": \"2016-05-12T05:18:14.4233096Z\",\r\n  \"state\": \"active\",\r\n  \"format\": \"zip\",\r\n  \"lastActivationTime\": \"2016-05-12T01:18:13.334469Z\"\r\n}",
      "ResponseHeaders": {
        "Content-Length": [
          "451"
        ],
        "Content-Type": [
          "application/json; charset=utf-8"
        ],
        "Expires": [
          "-1"
        ],
        "Last-Modified": [
          "Thu, 12 May 2016 01:18:13 GMT"
        ],
        "Pragma": [
          "no-cache"
        ],
        "request-id": [
          "f0e38bb1-bd87-4a4b-95f0-4680bc34127d"
        ],
        "Strict-Transport-Security": [
          "max-age=31536000; includeSubDomains"
        ],
        "x-ms-ratelimit-remaining-subscription-reads": [
          "14897"
        ],
        "x-ms-request-id": [
          "05c6b3d4-5e4f-4fba-a0bd-31be2a9d5c06"
        ],
        "x-ms-correlation-request-id": [
          "05c6b3d4-5e4f-4fba-a0bd-31be2a9d5c06"
        ],
        "x-ms-routing-request-id": [
          "WESTUS:20160512T011813Z:05c6b3d4-5e4f-4fba-a0bd-31be2a9d5c06"
        ],
        "Cache-Control": [
          "no-cache"
        ],
        "Date": [
          "Thu, 12 May 2016 01:18:13 GMT"
        ],
        "ETag": [
          "0x8D37A034A25943F"
        ],
        "Server": [
          "Microsoft-HTTPAPI/2.0"
        ]
      },
      "StatusCode": 200
    },
    {
      "RequestUri": "/subscriptions/46241355-bb95-46a9-ba6c-42b554d71925/resourceGroups/accountmgmtsamplegroup/providers/Microsoft.Batch/batchAccounts/pstestaccount/applications/test/versions/foo?api-version=2015-12-01",
      "EncodedRequestUri": "L3N1YnNjcmlwdGlvbnMvNDYyNDEzNTUtYmI5NS00NmE5LWJhNmMtNDJiNTU0ZDcxOTI1L3Jlc291cmNlR3JvdXBzL2FjY291bnRtZ210c2FtcGxlZ3JvdXAvcHJvdmlkZXJzL01pY3Jvc29mdC5CYXRjaC9iYXRjaEFjY291bnRzL3BzdGVzdGFjY291bnQvYXBwbGljYXRpb25zL3Rlc3QvdmVyc2lvbnMvZm9vP2FwaS12ZXJzaW9uPTIwMTUtMTItMDE=",
      "RequestMethod": "GET",
      "RequestBody": "",
      "RequestHeaders": {
        "x-ms-client-request-id": [
          "03c9c900-407c-41c2-9dde-5dd9afa56f25"
        ],
        "accept-language": [
          "en-US"
        ],
        "User-Agent": [
          "Microsoft.Azure.Management.Batch.BatchManagementClient/2.0.0.0"
        ]
      },
      "ResponseBody": "{\r\n  \"id\": \"test\",\r\n  \"version\": \"foo\",\r\n  \"storageUrl\": \"https://pstestaccount.blob.core.windows.net/app-test-a94a8fe5ccb19ba61c4c0873d391e987982fbbd3/test-foo-00b07fe1-4fc2-4a4d-81d5-2a52c8cf8aed?sv=2014-02-14&sr=b&sig=ZqiS%2BDGgLhErEVRfT97v7DyNxNjH1CG5PELOpf2ngKE%3D&st=2016-05-12T01%3A13%3A14Z&se=2016-05-12T05%3A18%3A14Z&sp=rw\",\r\n  \"storageUrlExpiry\": \"2016-05-12T05:18:14.5953042Z\",\r\n  \"state\": \"active\",\r\n  \"format\": \"zip\",\r\n  \"lastActivationTime\": \"2016-05-12T01:18:13.334469Z\"\r\n}",
      "ResponseHeaders": {
        "Content-Length": [
          "451"
        ],
        "Content-Type": [
          "application/json; charset=utf-8"
        ],
        "Expires": [
          "-1"
        ],
        "Last-Modified": [
          "Thu, 12 May 2016 01:18:13 GMT"
        ],
        "Pragma": [
          "no-cache"
        ],
        "request-id": [
          "b41ee0ca-66d6-48e0-9184-52792905ed38"
        ],
        "Strict-Transport-Security": [
          "max-age=31536000; includeSubDomains"
        ],
        "x-ms-ratelimit-remaining-subscription-reads": [
          "14896"
        ],
        "x-ms-request-id": [
          "b75f313b-d1b0-47bb-a4f0-8d2f76014869"
        ],
        "x-ms-correlation-request-id": [
          "b75f313b-d1b0-47bb-a4f0-8d2f76014869"
        ],
        "x-ms-routing-request-id": [
          "WESTUS:20160512T011814Z:b75f313b-d1b0-47bb-a4f0-8d2f76014869"
        ],
        "Cache-Control": [
          "no-cache"
        ],
        "Date": [
          "Thu, 12 May 2016 01:18:13 GMT"
        ],
        "ETag": [
          "0x8D37A034A25943F"
        ],
        "Server": [
          "Microsoft-HTTPAPI/2.0"
        ]
      },
      "StatusCode": 200
    },
    {
      "RequestUri": "/subscriptions/46241355-bb95-46a9-ba6c-42b554d71925/resourceGroups/accountmgmtsamplegroup/providers/Microsoft.Batch/batchAccounts/pstestaccount/applications/test/versions/foo?api-version=2015-12-01",
      "EncodedRequestUri": "L3N1YnNjcmlwdGlvbnMvNDYyNDEzNTUtYmI5NS00NmE5LWJhNmMtNDJiNTU0ZDcxOTI1L3Jlc291cmNlR3JvdXBzL2FjY291bnRtZ210c2FtcGxlZ3JvdXAvcHJvdmlkZXJzL01pY3Jvc29mdC5CYXRjaC9iYXRjaEFjY291bnRzL3BzdGVzdGFjY291bnQvYXBwbGljYXRpb25zL3Rlc3QvdmVyc2lvbnMvZm9vP2FwaS12ZXJzaW9uPTIwMTUtMTItMDE=",
      "RequestMethod": "PUT",
      "RequestBody": "",
      "RequestHeaders": {
        "x-ms-client-request-id": [
          "871077bb-8a5e-4b5e-aa54-b430a1e0942b"
        ],
        "accept-language": [
          "en-US"
        ],
        "User-Agent": [
          "Microsoft.Azure.Management.Batch.BatchManagementClient/2.0.0.0"
        ]
      },
      "ResponseBody": "{\r\n  \"id\": \"test\",\r\n  \"version\": \"foo\",\r\n  \"storageUrl\": \"https://pstestaccount.blob.core.windows.net/app-test-a94a8fe5ccb19ba61c4c0873d391e987982fbbd3/test-foo-00b07fe1-4fc2-4a4d-81d5-2a52c8cf8aed?sv=2014-02-14&sr=b&sig=Ws%2FsmwS05wPDddVTpQRB%2FA7MHa7jFID%2FxjrfnoxKxXw%3D&st=2016-05-12T01%3A13%3A13Z&se=2016-05-12T05%3A18%3A13Z&sp=rw\",\r\n  \"storageUrlExpiry\": \"2016-05-12T05:18:13.7067191Z\",\r\n  \"state\": \"pending\"\r\n}",
      "ResponseHeaders": {
        "Content-Length": [
          "390"
        ],
        "Content-Type": [
          "application/json; charset=utf-8"
        ],
        "Expires": [
          "-1"
        ],
        "Pragma": [
          "no-cache"
        ],
        "request-id": [
          "9fa857d6-096d-4125-ad68-7cc02ad6aaa4"
        ],
        "Strict-Transport-Security": [
          "max-age=31536000; includeSubDomains"
        ],
        "x-ms-ratelimit-remaining-subscription-writes": [
          "1197"
        ],
        "x-ms-request-id": [
          "035dc345-0a5c-4399-9e6d-1147cb4bf31a"
        ],
        "x-ms-correlation-request-id": [
          "035dc345-0a5c-4399-9e6d-1147cb4bf31a"
        ],
        "x-ms-routing-request-id": [
          "WESTUS:20160512T011813Z:035dc345-0a5c-4399-9e6d-1147cb4bf31a"
        ],
        "Cache-Control": [
          "no-cache"
        ],
        "Date": [
          "Thu, 12 May 2016 01:18:12 GMT"
        ],
        "Server": [
          "Microsoft-HTTPAPI/2.0"
        ]
      },
      "StatusCode": 201
    },
    {
      "RequestUri": "/subscriptions/46241355-bb95-46a9-ba6c-42b554d71925/resourceGroups/accountmgmtsamplegroup/providers/Microsoft.Batch/batchAccounts/pstestaccount/applications/test/versions/foo/activate?api-version=2015-12-01",
      "EncodedRequestUri": "L3N1YnNjcmlwdGlvbnMvNDYyNDEzNTUtYmI5NS00NmE5LWJhNmMtNDJiNTU0ZDcxOTI1L3Jlc291cmNlR3JvdXBzL2FjY291bnRtZ210c2FtcGxlZ3JvdXAvcHJvdmlkZXJzL01pY3Jvc29mdC5CYXRjaC9iYXRjaEFjY291bnRzL3BzdGVzdGFjY291bnQvYXBwbGljYXRpb25zL3Rlc3QvdmVyc2lvbnMvZm9vL2FjdGl2YXRlP2FwaS12ZXJzaW9uPTIwMTUtMTItMDE=",
      "RequestMethod": "POST",
      "RequestBody": "{\r\n  \"format\": \"zip\"\r\n}",
      "RequestHeaders": {
        "Content-Type": [
          "application/json; charset=utf-8"
        ],
        "Content-Length": [
          "23"
        ],
        "x-ms-client-request-id": [
          "23d1dff5-da59-4d7e-b423-f6549756f65f"
        ],
        "accept-language": [
          "en-US"
        ],
        "User-Agent": [
          "Microsoft.Azure.Management.Batch.BatchManagementClient/2.0.0.0"
        ]
      },
      "ResponseBody": "",
      "ResponseHeaders": {
        "Content-Length": [
          "0"
        ],
        "Expires": [
          "-1"
        ],
        "Last-Modified": [
          "Thu, 12 May 2016 01:18:13 GMT"
        ],
        "Pragma": [
          "no-cache"
        ],
        "request-id": [
          "b7b694a6-fe01-43b9-b08d-7247f8ce9482"
        ],
        "Strict-Transport-Security": [
          "max-age=31536000; includeSubDomains"
        ],
        "x-ms-ratelimit-remaining-subscription-writes": [
          "1196"
        ],
        "x-ms-request-id": [
          "f1e71320-238e-4d9b-a556-14d1812ce76a"
        ],
        "x-ms-correlation-request-id": [
          "f1e71320-238e-4d9b-a556-14d1812ce76a"
        ],
        "x-ms-routing-request-id": [
          "WESTUS:20160512T011813Z:f1e71320-238e-4d9b-a556-14d1812ce76a"
        ],
        "Cache-Control": [
          "no-cache"
        ],
        "Date": [
          "Thu, 12 May 2016 01:18:13 GMT"
        ],
        "ETag": [
          "0x8D37A0349D241AC"
        ],
        "Server": [
          "Microsoft-HTTPAPI/2.0"
        ]
      },
      "StatusCode": 204
    },
    {
      "RequestUri": "/pools?api-version=2016-02-01.3.0",
      "EncodedRequestUri": "L3Bvb2xzP2FwaS12ZXJzaW9uPTIwMTYtMDItMDEuMy4w",
      "RequestMethod": "POST",
      "RequestBody": "{\r\n  \"id\": \"testCreatePoolWithAppPackages\",\r\n  \"vmSize\": \"small\",\r\n  \"cloudServiceConfiguration\": {\r\n    \"osFamily\": \"4\",\r\n    \"targetOSVersion\": \"*\"\r\n  },\r\n  \"targetDedicated\": 3,\r\n  \"enableInterNodeCommunication\": false,\r\n  \"applicationPackageReferences\": [\r\n    {\r\n      \"applicationId\": \"test\",\r\n      \"version\": \"foo\"\r\n    }\r\n  ]\r\n}",
      "RequestHeaders": {
        "Content-Type": [
          "application/json; odata=minimalmetadata; charset=utf-8"
        ],
        "Content-Length": [
          "337"
        ],
        "x-ms-client-request-id": [
          "a6df6903-7796-49a0-ac09-bd9e274bdb7b"
        ],
        "accept-language": [
          "en-US"
        ],
        "client-request-id": [
          "d5d89a1d-6352-4461-8c23-c344fa0a8742"
        ],
        "ocp-date": [
          "Thu, 12 May 2016 01:18:14 GMT"
        ],
        "User-Agent": [
          "Microsoft.Azure.Batch.Protocol.BatchServiceClient/4.0.1.0",
          "AzurePowershell/v1.4.0"
        ]
      },
      "ResponseBody": "",
      "ResponseHeaders": {
        "Last-Modified": [
          "Thu, 12 May 2016 01:18:15 GMT"
        ],
        "Transfer-Encoding": [
          "chunked"
        ],
        "request-id": [
          "5afa7090-ed5a-452e-a384-43ba984189f1"
        ],
        "Strict-Transport-Security": [
          "max-age=31536000; includeSubDomains"
        ],
        "DataServiceVersion": [
          "3.0"
        ],
        "DataServiceId": [
          "https://pstestaccount.centralus.batch.azure.com/pools/testCreatePoolWithAppPackages"
        ],
        "Date": [
          "Thu, 12 May 2016 01:18:15 GMT"
        ],
        "ETag": [
          "0x8D37A034B81F334"
        ],
        "Location": [
          "https://pstestaccount.centralus.batch.azure.com/pools/testCreatePoolWithAppPackages"
        ],
        "Server": [
          "Microsoft-HTTPAPI/2.0"
        ]
      },
      "StatusCode": 201
    },
    {
      "RequestUri": "/subscriptions/46241355-bb95-46a9-ba6c-42b554d71925/resourceGroups/accountmgmtsamplegroup/providers/Microsoft.Batch/batchAccounts/pstestaccount/applications/test/versions/foo?api-version=2015-12-01",
      "EncodedRequestUri": "L3N1YnNjcmlwdGlvbnMvNDYyNDEzNTUtYmI5NS00NmE5LWJhNmMtNDJiNTU0ZDcxOTI1L3Jlc291cmNlR3JvdXBzL2FjY291bnRtZ210c2FtcGxlZ3JvdXAvcHJvdmlkZXJzL01pY3Jvc29mdC5CYXRjaC9iYXRjaEFjY291bnRzL3BzdGVzdGFjY291bnQvYXBwbGljYXRpb25zL3Rlc3QvdmVyc2lvbnMvZm9vP2FwaS12ZXJzaW9uPTIwMTUtMTItMDE=",
      "RequestMethod": "DELETE",
      "RequestBody": "",
      "RequestHeaders": {
        "x-ms-client-request-id": [
          "c43b9e6a-843a-4088-84e4-2de1ae12c014"
        ],
        "accept-language": [
          "en-US"
        ],
        "User-Agent": [
          "Microsoft.Azure.Management.Batch.BatchManagementClient/2.0.0.0"
        ]
      },
      "ResponseBody": "",
      "ResponseHeaders": {
        "Content-Length": [
          "0"
        ],
        "Expires": [
          "-1"
        ],
        "Pragma": [
          "no-cache"
        ],
        "request-id": [
          "bb17126d-86b7-4ec6-b454-1b2318596644"
        ],
        "Strict-Transport-Security": [
          "max-age=31536000; includeSubDomains"
        ],
        "x-ms-ratelimit-remaining-subscription-writes": [
          "1195"
        ],
        "x-ms-request-id": [
          "c8831fc2-549f-4a48-8109-c791f483ffe9"
        ],
        "x-ms-correlation-request-id": [
          "c8831fc2-549f-4a48-8109-c791f483ffe9"
        ],
        "x-ms-routing-request-id": [
          "WESTUS:20160512T011815Z:c8831fc2-549f-4a48-8109-c791f483ffe9"
        ],
        "Cache-Control": [
          "no-cache"
        ],
        "Date": [
          "Thu, 12 May 2016 01:18:15 GMT"
        ],
        "Server": [
          "Microsoft-HTTPAPI/2.0"
        ]
      },
      "StatusCode": 204
    },
    {
      "RequestUri": "/pools/testCreatePoolWithAppPackages?api-version=2016-02-01.3.0",
      "EncodedRequestUri": "L3Bvb2xzL3Rlc3RDcmVhdGVQb29sV2l0aEFwcFBhY2thZ2VzP2FwaS12ZXJzaW9uPTIwMTYtMDItMDEuMy4w",
      "RequestMethod": "DELETE",
      "RequestBody": "",
      "RequestHeaders": {
        "x-ms-client-request-id": [
          "8263075f-c125-4458-ac3b-2ccad453ed2f"
        ],
        "accept-language": [
          "en-US"
        ],
        "client-request-id": [
          "8858a01a-b076-4fcb-a501-70129f496502"
        ],
        "ocp-date": [
          "Thu, 12 May 2016 01:18:16 GMT"
        ],
        "User-Agent": [
          "Microsoft.Azure.Batch.Protocol.BatchServiceClient/4.0.1.0",
          "AzurePowershell/v1.4.0"
        ]
      },
      "ResponseBody": "",
      "ResponseHeaders": {
        "Transfer-Encoding": [
          "chunked"
        ],
        "request-id": [
          "316ffdc5-11be-492e-96f9-89a3508433d0"
        ],
        "Strict-Transport-Security": [
          "max-age=31536000; includeSubDomains"
        ],
        "DataServiceVersion": [
          "3.0"
        ],
        "Date": [
          "Thu, 12 May 2016 01:18:15 GMT"
        ],
        "Server": [
          "Microsoft-HTTPAPI/2.0"
        ]
      },
      "StatusCode": 202
    }
  ],
  "Names": {},
  "Variables": {
    "SubscriptionId": "46241355-bb95-46a9-ba6c-42b554d71925",
    "AZURE_BATCH_ACCOUNT": "pstestaccount",
    "AZURE_BATCH_ENDPOINT": "https://pstestaccount.centralus.batch.azure.com",
    "AZURE_BATCH_RESOURCE_GROUP": "accountmgmtsamplegroup"
  }
}