{
  "Update-AzMariaDbConfiguration+[NoContext]+ServerName+$GET+https://management.azure.com/subscriptions/9e223dbe-3399-4e19-88eb-0975f02ac87f/resourceGroups/mariadb-test-vomqla/providers/Microsoft.DBforMariaDB/servers/mariadb-test-1imnpq/configurations/delayed_insert_timeout?api-version=2018-06-01-preview+1": {
    "Request": {
      "Method": "GET",
      "RequestUri": "https://management.azure.com/subscriptions/9e223dbe-3399-4e19-88eb-0975f02ac87f/resourceGroups/mariadb-test-vomqla/providers/Microsoft.DBforMariaDB/servers/mariadb-test-1imnpq/configurations/delayed_insert_timeout?api-version=2018-06-01-preview",
      "Content": null,
      "Headers": {
        "x-ms-unique-id": [ "253" ],
        "x-ms-client-request-id": [ "e639a08c-006e-4e6e-8d50-891d687f6aa0" ],
        "CommandName": [ "Get-AzMariaDbConfiguration" ],
        "FullCommandName": [ "Get-AzMariaDbConfiguration_Get" ],
        "ParameterSetName": [ "__AllParameterSets" ],
        "User-Agent": [ "AzurePowershell/Az4.0.0-preview" ],
        "Authorization": [ "[Filtered]" ]
      },
      "ContentHeaders": {
      }
    },
    "Response": {
      "StatusCode": 200,
      "Headers": {
        "Cache-Control": [ "no-cache" ],
        "Pragma": [ "no-cache" ],
        "x-ms-request-id": [ "d4d101ec-9c34-4e74-bc80-da926995f46a" ],
        "Server": [ "Microsoft-HTTPAPI/2.0" ],
        "x-ms-ratelimit-remaining-subscription-reads": [ "11779" ],
        "x-ms-correlation-request-id": [ "9aaa5b5d-2a1c-40f2-9cb2-a56b3fd8cf5c" ],
        "x-ms-routing-request-id": [ "SOUTHEASTASIA:20200923T190425Z:9aaa5b5d-2a1c-40f2-9cb2-a56b3fd8cf5c" ],
        "Strict-Transport-Security": [ "max-age=31536000; includeSubDomains" ],
        "X-Content-Type-Options": [ "nosniff" ],
        "Date": [ "Wed, 23 Sep 2020 19:04:25 GMT" ]
      },
      "ContentHeaders": {
        "Content-Length": [ "567" ],
        "Content-Type": [ "application/json; charset=utf-8" ],
        "Expires": [ "-1" ]
      },
      "Content": "{\"properties\":{\"value\":\"300\",\"description\":\"How long a INSERT DELAYED thread should wait for INSERT statements before terminating\",\"defaultValue\":\"300\",\"dataType\":\"Integer\",\"allowedValues\":\"1-31536000\",\"source\":\"system-default\",\"isConfigPendingRestart\":\"False\",\"isDynamicConfig\":\"True\"},\"id\":\"/subscriptions/9e223dbe-3399-4e19-88eb-0975f02ac87f/resourceGroups/mariadb-test-vomqla/providers/Microsoft.DBforMariaDB/servers/mariadb-test-1imnpq/configurations/delayed_insert_timeout\",\"name\":\"delayed_insert_timeout\",\"type\":\"Microsoft.DBforMariaDB/servers/configurations\"}"
    }
  },
  "Update-AzMariaDbConfiguration+[NoContext]+ServerName+$PUT+https://management.azure.com/subscriptions/9e223dbe-3399-4e19-88eb-0975f02ac87f/resourceGroups/mariadb-test-vomqla/providers/Microsoft.DBforMariaDB/servers/mariadb-test-1imnpq/configurations/delayed_insert_timeout?api-version=2018-06-01-preview+2": {
    "Request": {
      "Method": "PUT",
      "RequestUri": "https://management.azure.com/subscriptions/9e223dbe-3399-4e19-88eb-0975f02ac87f/resourceGroups/mariadb-test-vomqla/providers/Microsoft.DBforMariaDB/servers/mariadb-test-1imnpq/configurations/delayed_insert_timeout?api-version=2018-06-01-preview",
      "Content": "{\r\n  \"properties\": {\r\n    \"value\": \"250\"\r\n  }\r\n}",
      "Headers": {
      },
      "ContentHeaders": {
        "Content-Type": [ "application/json" ],
        "Content-Length": [ "48" ]
      }
    },
    "Response": {
      "StatusCode": 202,
      "Headers": {
        "Cache-Control": [ "no-cache" ],
        "Pragma": [ "no-cache" ],
        "Location": [ "https://management.azure.com/subscriptions/9e223dbe-3399-4e19-88eb-0975f02ac87f/providers/Microsoft.DBforMariaDB/locations/eastus/operationResults/06c1ac9b-81ef-4066-a3e5-8bc24443a157?api-version=2018-06-01-preview" ],
        "Retry-After": [ "15" ],
        "Azure-AsyncOperation": [ "https://management.azure.com/subscriptions/9e223dbe-3399-4e19-88eb-0975f02ac87f/providers/Microsoft.DBforMariaDB/locations/eastus/azureAsyncOperation/06c1ac9b-81ef-4066-a3e5-8bc24443a157?api-version=2018-06-01-preview" ],
        "x-ms-request-id": [ "06c1ac9b-81ef-4066-a3e5-8bc24443a157" ],
        "Server": [ "Microsoft-HTTPAPI/2.0" ],
        "x-ms-ratelimit-remaining-subscription-writes": [ "1179" ],
        "x-ms-correlation-request-id": [ "e6d989fb-1528-4212-9a8b-49104fd1a942" ],
        "x-ms-routing-request-id": [ "SOUTHEASTASIA:20200923T190426Z:e6d989fb-1528-4212-9a8b-49104fd1a942" ],
        "Strict-Transport-Security": [ "max-age=31536000; includeSubDomains" ],
        "X-Content-Type-Options": [ "nosniff" ],
        "Date": [ "Wed, 23 Sep 2020 19:04:26 GMT" ]
      },
      "ContentHeaders": {
        "Content-Length": [ "80" ],
        "Content-Type": [ "application/json; charset=utf-8" ],
        "Expires": [ "-1" ]
      },
      "Content": "{\"operation\":\"UpdateElasticServerConfig\",\"startTime\":\"2020-09-23T19:04:25.977Z\"}"
    }
  },
  "Update-AzMariaDbConfiguration+[NoContext]+ServerName+$GET+https://management.azure.com/subscriptions/9e223dbe-3399-4e19-88eb-0975f02ac87f/providers/Microsoft.DBforMariaDB/locations/eastus/azureAsyncOperation/06c1ac9b-81ef-4066-a3e5-8bc24443a157?api-version=2018-06-01-preview+3": {
    "Request": {
      "Method": "GET",
      "RequestUri": "https://management.azure.com/subscriptions/9e223dbe-3399-4e19-88eb-0975f02ac87f/providers/Microsoft.DBforMariaDB/locations/eastus/azureAsyncOperation/06c1ac9b-81ef-4066-a3e5-8bc24443a157?api-version=2018-06-01-preview",
      "Content": null,
      "Headers": {
        "Authorization": [ "[Filtered]" ],
        "x-ms-unique-id": [ "255" ],
        "x-ms-client-request-id": [ "4a73d39b-892c-49a4-8b12-4d3026218e03" ],
        "CommandName": [ "Az.MariaDb.internal\\Set-AzMariaDbConfiguration" ],
        "FullCommandName": [ "Set-AzMariaDbConfiguration_UpdateExpanded" ],
        "ParameterSetName": [ "__AllParameterSets" ],
        "User-Agent": [ "AzurePowershell/Az4.0.0-preview" ]
      },
      "ContentHeaders": {
      }
    },
    "Response": {
      "StatusCode": 200,
      "Headers": {
        "Cache-Control": [ "no-cache" ],
        "Pragma": [ "no-cache" ],
        "Retry-After": [ "15" ],
        "x-ms-request-id": [ "d21614ac-13d9-49d8-a67b-65136d9af1ac" ],
        "Server": [ "Microsoft-HTTPAPI/2.0" ],
        "x-ms-ratelimit-remaining-subscription-reads": [ "11778" ],
        "x-ms-correlation-request-id": [ "ab9f4b69-ea5a-41be-a7d9-0a658d13f706" ],
        "x-ms-routing-request-id": [ "SOUTHEASTASIA:20200923T190441Z:ab9f4b69-ea5a-41be-a7d9-0a658d13f706" ],
        "Strict-Transport-Security": [ "max-age=31536000; includeSubDomains" ],
        "X-Content-Type-Options": [ "nosniff" ],
        "Date": [ "Wed, 23 Sep 2020 19:04:41 GMT" ]
      },
      "ContentHeaders": {
        "Content-Length": [ "107" ],
        "Content-Type": [ "application/json; charset=utf-8" ],
        "Expires": [ "-1" ]
      },
      "Content": "{\"name\":\"06c1ac9b-81ef-4066-a3e5-8bc24443a157\",\"status\":\"Succeeded\",\"startTime\":\"2020-09-23T19:04:25.977Z\"}"
    }
  },
  "Update-AzMariaDbConfiguration+[NoContext]+ServerName+$GET+https://management.azure.com/subscriptions/9e223dbe-3399-4e19-88eb-0975f02ac87f/resourceGroups/mariadb-test-vomqla/providers/Microsoft.DBforMariaDB/servers/mariadb-test-1imnpq/configurations/delayed_insert_timeout?api-version=2018-06-01-preview+4": {
    "Request": {
      "Method": "GET",
      "RequestUri": "https://management.azure.com/subscriptions/9e223dbe-3399-4e19-88eb-0975f02ac87f/resourceGroups/mariadb-test-vomqla/providers/Microsoft.DBforMariaDB/servers/mariadb-test-1imnpq/configurations/delayed_insert_timeout?api-version=2018-06-01-preview",
      "Content": null,
      "Headers": {
        "Authorization": [ "[Filtered]" ],
        "x-ms-unique-id": [ "256" ],
        "x-ms-client-request-id": [ "4a73d39b-892c-49a4-8b12-4d3026218e03" ],
        "CommandName": [ "Az.MariaDb.internal\\Set-AzMariaDbConfiguration" ],
        "FullCommandName": [ "Set-AzMariaDbConfiguration_UpdateExpanded" ],
        "ParameterSetName": [ "__AllParameterSets" ],
        "User-Agent": [ "AzurePowershell/Az4.0.0-preview" ]
      },
      "ContentHeaders": {
      }
    },
    "Response": {
      "StatusCode": 200,
      "Headers": {
        "Cache-Control": [ "no-cache" ],
        "Pragma": [ "no-cache" ],
        "x-ms-request-id": [ "390c170b-d744-40f5-9a4b-0515dd737ce2" ],
        "Server": [ "Microsoft-HTTPAPI/2.0" ],
        "x-ms-ratelimit-remaining-subscription-reads": [ "11777" ],
        "x-ms-correlation-request-id": [ "818c1056-2caf-41d9-8700-ca5d228a65c9" ],
        "x-ms-routing-request-id": [ "SOUTHEASTASIA:20200923T190442Z:818c1056-2caf-41d9-8700-ca5d228a65c9" ],
        "Strict-Transport-Security": [ "max-age=31536000; includeSubDomains" ],
        "X-Content-Type-Options": [ "nosniff" ],
        "Date": [ "Wed, 23 Sep 2020 19:04:41 GMT" ]
      },
      "ContentHeaders": {
        "Content-Length": [ "566" ],
        "Content-Type": [ "application/json; charset=utf-8" ],
        "Expires": [ "-1" ]
      },
      "Content": "{\"properties\":{\"value\":\"250\",\"description\":\"How long a INSERT DELAYED thread should wait for INSERT statements before terminating\",\"defaultValue\":\"300\",\"dataType\":\"Integer\",\"allowedValues\":\"1-31536000\",\"source\":\"user-override\",\"isConfigPendingRestart\":\"False\",\"isDynamicConfig\":\"True\"},\"id\":\"/subscriptions/9e223dbe-3399-4e19-88eb-0975f02ac87f/resourceGroups/mariadb-test-vomqla/providers/Microsoft.DBforMariaDB/servers/mariadb-test-1imnpq/configurations/delayed_insert_timeout\",\"name\":\"delayed_insert_timeout\",\"type\":\"Microsoft.DBforMariaDB/servers/configurations\"}"
    }
  }
}