{
  "Entries": [
    {
      "RequestUri": "/subscriptions/c9cbd920-c00c-427c-852b-8aaf38badaeb/resourcegroups/ps4756?api-version=2016-02-01",
      "EncodedRequestUri": "L3N1YnNjcmlwdGlvbnMvYzljYmQ5MjAtYzAwYy00MjdjLTg1MmItOGFhZjM4YmFkYWViL3Jlc291cmNlZ3JvdXBzL3BzNDc1Nj9hcGktdmVyc2lvbj0yMDE2LTAyLTAx",
      "RequestMethod": "PUT",
      "RequestBody": "{\r\n  \"location\": \"West US\"\r\n}",
      "RequestHeaders": {
        "Content-Type": [
          "application/json; charset=utf-8"
        ],
        "Content-Length": [
          "29"
        ],
        "User-Agent": [
          "Microsoft.Azure.Management.Resources.ResourceManagementClient/2.0.0.0"
        ]
      },
      "ResponseBody": "{\r\n  \"id\": \"/subscriptions/c9cbd920-c00c-427c-852b-8aaf38badaeb/resourceGroups/ps4756\",\r\n  \"name\": \"ps4756\",\r\n  \"location\": \"westus\",\r\n  \"properties\": {\r\n    \"provisioningState\": \"Succeeded\"\r\n  }\r\n}",
      "ResponseHeaders": {
        "Content-Length": [
          "165"
        ],
        "Content-Type": [
          "application/json; charset=utf-8"
        ],
        "Expires": [
          "-1"
        ],
        "Pragma": [
          "no-cache"
        ],
        "x-ms-ratelimit-remaining-subscription-writes": [
          "1199"
        ],
        "x-ms-request-id": [
          "6e0e3d91-26d7-40d1-b4c0-2981099f0447"
        ],
        "x-ms-correlation-request-id": [
          "6e0e3d91-26d7-40d1-b4c0-2981099f0447"
        ],
        "x-ms-routing-request-id": [
          "WESTUS2:20180320T204125Z:6e0e3d91-26d7-40d1-b4c0-2981099f0447"
        ],
        "Strict-Transport-Security": [
          "max-age=31536000; includeSubDomains"
        ],
        "X-Content-Type-Options": [
          "nosniff"
        ],
        "Cache-Control": [
          "no-cache"
        ],
        "Date": [
          "Tue, 20 Mar 2018 20:41:25 GMT"
        ]
      },
      "StatusCode": 201
    },
    {
      "RequestUri": "/subscriptions/c9cbd920-c00c-427c-852b-8aaf38badaeb/providers/Microsoft.Cdn/profiles?api-version=2016-10-02",
      "EncodedRequestUri": "L3N1YnNjcmlwdGlvbnMvYzljYmQ5MjAtYzAwYy00MjdjLTg1MmItOGFhZjM4YmFkYWViL3Byb3ZpZGVycy9NaWNyb3NvZnQuQ2RuL3Byb2ZpbGVzP2FwaS12ZXJzaW9uPTIwMTYtMTAtMDI=",
      "RequestMethod": "GET",
      "RequestBody": "",
      "RequestHeaders": {
        "x-ms-client-request-id": [
          "3aa23f7b-1a1b-47fd-b90a-69c899368954"
        ],
        "accept-language": [
          "en-US"
        ],
        "User-Agent": [
          "FxVersion/4.7.2633.0",
          "OSName/Windows10Enterprise",
          "OSVersion/6.3.16299",
          "Microsoft.Azure.Management.Cdn.CdnManagementClient/3.0.0.0"
        ]
      },
      "ResponseBody": "{\r\n  \"value\": []\r\n}",
      "ResponseHeaders": {
        "Content-Length": [
          "12"
        ],
        "Content-Type": [
          "application/json; charset=utf-8"
        ],
        "Expires": [
          "-1"
        ],
        "Pragma": [
          "no-cache"
        ],
        "x-ms-ratelimit-remaining-subscription-reads": [
          "14999"
        ],
        "x-ms-request-id": [
          "33af0923-fd99-492f-83fc-adc5fdd3be3e"
        ],
        "x-ms-correlation-request-id": [
          "33af0923-fd99-492f-83fc-adc5fdd3be3e"
        ],
        "x-ms-routing-request-id": [
          "WESTUS2:20180320T204125Z:33af0923-fd99-492f-83fc-adc5fdd3be3e"
        ],
        "Strict-Transport-Security": [
          "max-age=31536000; includeSubDomains"
        ],
        "X-Content-Type-Options": [
          "nosniff"
        ],
        "Cache-Control": [
          "no-cache"
        ],
        "Date": [
          "Tue, 20 Mar 2018 20:41:25 GMT"
        ]
      },
      "StatusCode": 200
    },
    {
      "RequestUri": "/subscriptions/c9cbd920-c00c-427c-852b-8aaf38badaeb/resourceGroups/ps4756/providers/Microsoft.Cdn/profiles/ps6772?api-version=2016-10-02",
      "EncodedRequestUri": "L3N1YnNjcmlwdGlvbnMvYzljYmQ5MjAtYzAwYy00MjdjLTg1MmItOGFhZjM4YmFkYWViL3Jlc291cmNlR3JvdXBzL3BzNDc1Ni9wcm92aWRlcnMvTWljcm9zb2Z0LkNkbi9wcm9maWxlcy9wczY3NzI/YXBpLXZlcnNpb249MjAxNi0xMC0wMg==",
      "RequestMethod": "PUT",
      "RequestBody": "{\r\n  \"sku\": {\r\n    \"name\": \"Standard_Verizon\"\r\n  },\r\n  \"location\": \"EastUS\"\r\n}",
      "RequestHeaders": {
        "Content-Type": [
          "application/json; charset=utf-8"
        ],
        "Content-Length": [
          "78"
        ],
        "x-ms-client-request-id": [
          "8206e327-c3c7-42ce-8b5f-27fba1d0e941"
        ],
        "accept-language": [
          "en-US"
        ],
        "User-Agent": [
          "FxVersion/4.7.2633.0",
          "OSName/Windows10Enterprise",
          "OSVersion/6.3.16299",
          "Microsoft.Azure.Management.Cdn.CdnManagementClient/3.0.0.0"
        ]
      },
      "ResponseBody": "{\r\n  \"name\": \"ps6772\",\r\n  \"id\": \"/subscriptions/c9cbd920-c00c-427c-852b-8aaf38badaeb/resourcegroups/ps4756/providers/Microsoft.Cdn/profiles/ps6772\",\r\n  \"type\": \"Microsoft.Cdn/profiles\",\r\n  \"tags\": {},\r\n  \"location\": \"EastUs\",\r\n  \"sku\": {\r\n    \"name\": \"Standard_Verizon\"\r\n  },\r\n  \"properties\": {\r\n    \"provisioningState\": \"Creating\",\r\n    \"resourceState\": \"Creating\"\r\n  }\r\n}",
      "ResponseHeaders": {
        "Content-Length": [
          "343"
        ],
        "Content-Type": [
          "application/json; odata.metadata=minimal"
        ],
        "Expires": [
          "-1"
        ],
        "Pragma": [
          "no-cache"
        ],
        "Retry-After": [
          "10"
        ],
        "x-ms-request-id": [
          "e87cb3fd-1c13-414e-baa3-912c1824dcf1"
        ],
        "x-ms-client-request-id": [
          "8206e327-c3c7-42ce-8b5f-27fba1d0e941"
        ],
        "Azure-AsyncOperation": [
          "https://management.azure.com/subscriptions/c9cbd920-c00c-427c-852b-8aaf38badaeb/resourcegroups/ps4756/providers/Microsoft.Cdn/operationresults/2376d151-efb3-4685-ad80-8d0e14a19bdc?api-version=2016-10-02"
        ],
        "OData-Version": [
          "4.0"
        ],
        "Strict-Transport-Security": [
          "max-age=31536000; includeSubDomains"
        ],
        "x-ms-ratelimit-remaining-subscription-writes": [
          "1199"
        ],
        "x-ms-correlation-request-id": [
          "a814d443-89ed-41b8-a50f-ca0a3a1e7a1a"
        ],
        "x-ms-routing-request-id": [
          "WESTUS2:20180320T204127Z:a814d443-89ed-41b8-a50f-ca0a3a1e7a1a"
        ],
        "X-Content-Type-Options": [
          "nosniff"
        ],
        "Cache-Control": [
          "no-cache"
        ],
        "Date": [
          "Tue, 20 Mar 2018 20:41:26 GMT"
        ],
        "Server": [
          "Microsoft-IIS/8.5"
        ],
        "X-AspNet-Version": [
          "4.0.30319"
        ],
        "X-Powered-By": [
          "ASP.NET"
        ]
      },
      "StatusCode": 201
    },
    {
      "RequestUri": "/subscriptions/c9cbd920-c00c-427c-852b-8aaf38badaeb/resourcegroups/ps4756/providers/Microsoft.Cdn/operationresults/2376d151-efb3-4685-ad80-8d0e14a19bdc?api-version=2016-10-02",
      "EncodedRequestUri": "L3N1YnNjcmlwdGlvbnMvYzljYmQ5MjAtYzAwYy00MjdjLTg1MmItOGFhZjM4YmFkYWViL3Jlc291cmNlZ3JvdXBzL3BzNDc1Ni9wcm92aWRlcnMvTWljcm9zb2Z0LkNkbi9vcGVyYXRpb25yZXN1bHRzLzIzNzZkMTUxLWVmYjMtNDY4NS1hZDgwLThkMGUxNGExOWJkYz9hcGktdmVyc2lvbj0yMDE2LTEwLTAy",
      "RequestMethod": "GET",
      "RequestBody": "",
      "RequestHeaders": {
        "User-Agent": [
          "FxVersion/4.7.2633.0",
          "OSName/Windows10Enterprise",
          "OSVersion/6.3.16299",
          "Microsoft.Azure.Management.Cdn.CdnManagementClient/3.0.0.0"
        ]
      },
      "ResponseBody": "{\r\n  \"status\": \"InProgress\",\r\n  \"error\": {\r\n    \"code\": \"None\",\r\n    \"message\": null\r\n  }\r\n}",
      "ResponseHeaders": {
        "Content-Length": [
          "78"
        ],
        "Content-Type": [
          "application/json; odata.metadata=minimal; odata.streaming=true"
        ],
        "Expires": [
          "-1"
        ],
        "Pragma": [
          "no-cache"
        ],
        "x-ms-request-id": [
          "ebefedd7-30d8-4d78-90bd-24c9e7cfee0b"
        ],
        "x-ms-client-request-id": [
          "debce1a8-961f-4d99-84dd-bb8096118441"
        ],
        "OData-Version": [
          "4.0"
        ],
        "Strict-Transport-Security": [
          "max-age=31536000; includeSubDomains"
        ],
        "x-ms-ratelimit-remaining-subscription-reads": [
          "14998"
        ],
        "x-ms-correlation-request-id": [
          "b98ffda2-e15b-43d3-a319-d275179dc425"
        ],
        "x-ms-routing-request-id": [
          "WESTUS2:20180320T204137Z:b98ffda2-e15b-43d3-a319-d275179dc425"
        ],
        "X-Content-Type-Options": [
          "nosniff"
        ],
        "Cache-Control": [
          "no-cache"
        ],
        "Date": [
          "Tue, 20 Mar 2018 20:41:36 GMT"
        ],
        "Server": [
          "Microsoft-IIS/8.5"
        ],
        "X-AspNet-Version": [
          "4.0.30319"
        ],
        "X-Powered-By": [
          "ASP.NET"
        ]
      },
      "StatusCode": 200
    },
    {
      "RequestUri": "/subscriptions/c9cbd920-c00c-427c-852b-8aaf38badaeb/resourcegroups/ps4756/providers/Microsoft.Cdn/operationresults/2376d151-efb3-4685-ad80-8d0e14a19bdc?api-version=2016-10-02",
      "EncodedRequestUri": "L3N1YnNjcmlwdGlvbnMvYzljYmQ5MjAtYzAwYy00MjdjLTg1MmItOGFhZjM4YmFkYWViL3Jlc291cmNlZ3JvdXBzL3BzNDc1Ni9wcm92aWRlcnMvTWljcm9zb2Z0LkNkbi9vcGVyYXRpb25yZXN1bHRzLzIzNzZkMTUxLWVmYjMtNDY4NS1hZDgwLThkMGUxNGExOWJkYz9hcGktdmVyc2lvbj0yMDE2LTEwLTAy",
      "RequestMethod": "GET",
      "RequestBody": "",
      "RequestHeaders": {
        "User-Agent": [
          "FxVersion/4.7.2633.0",
          "OSName/Windows10Enterprise",
          "OSVersion/6.3.16299",
          "Microsoft.Azure.Management.Cdn.CdnManagementClient/3.0.0.0"
        ]
      },
      "ResponseBody": "{\r\n  \"status\": \"InProgress\",\r\n  \"error\": {\r\n    \"code\": \"None\",\r\n    \"message\": null\r\n  }\r\n}",
      "ResponseHeaders": {
        "Content-Length": [
          "78"
        ],
        "Content-Type": [
          "application/json; odata.metadata=minimal; odata.streaming=true"
        ],
        "Expires": [
          "-1"
        ],
        "Pragma": [
          "no-cache"
        ],
        "x-ms-request-id": [
          "64f02855-2302-4491-8dcb-99d9e6b92a47"
        ],
        "x-ms-client-request-id": [
          "0ed2ffe5-8012-4a72-8046-a99140c2bd79"
        ],
        "OData-Version": [
          "4.0"
        ],
        "Strict-Transport-Security": [
          "max-age=31536000; includeSubDomains"
        ],
        "x-ms-ratelimit-remaining-subscription-reads": [
          "14997"
        ],
        "x-ms-correlation-request-id": [
          "2854c727-3a6e-441f-824f-17de06dff409"
        ],
        "x-ms-routing-request-id": [
          "WESTUS2:20180320T204147Z:2854c727-3a6e-441f-824f-17de06dff409"
        ],
        "X-Content-Type-Options": [
          "nosniff"
        ],
        "Cache-Control": [
          "no-cache"
        ],
        "Date": [
          "Tue, 20 Mar 2018 20:41:46 GMT"
        ],
        "Server": [
          "Microsoft-IIS/8.5"
        ],
        "X-AspNet-Version": [
          "4.0.30319"
        ],
        "X-Powered-By": [
          "ASP.NET"
        ]
      },
      "StatusCode": 200
    },
    {
      "RequestUri": "/subscriptions/c9cbd920-c00c-427c-852b-8aaf38badaeb/resourcegroups/ps4756/providers/Microsoft.Cdn/operationresults/2376d151-efb3-4685-ad80-8d0e14a19bdc?api-version=2016-10-02",
      "EncodedRequestUri": "L3N1YnNjcmlwdGlvbnMvYzljYmQ5MjAtYzAwYy00MjdjLTg1MmItOGFhZjM4YmFkYWViL3Jlc291cmNlZ3JvdXBzL3BzNDc1Ni9wcm92aWRlcnMvTWljcm9zb2Z0LkNkbi9vcGVyYXRpb25yZXN1bHRzLzIzNzZkMTUxLWVmYjMtNDY4NS1hZDgwLThkMGUxNGExOWJkYz9hcGktdmVyc2lvbj0yMDE2LTEwLTAy",
      "RequestMethod": "GET",
      "RequestBody": "",
      "RequestHeaders": {
        "User-Agent": [
          "FxVersion/4.7.2633.0",
          "OSName/Windows10Enterprise",
          "OSVersion/6.3.16299",
          "Microsoft.Azure.Management.Cdn.CdnManagementClient/3.0.0.0"
        ]
      },
      "ResponseBody": "{\r\n  \"status\": \"Succeeded\",\r\n  \"error\": {\r\n    \"code\": \"None\",\r\n    \"message\": null\r\n  }\r\n}",
      "ResponseHeaders": {
        "Content-Length": [
          "77"
        ],
        "Content-Type": [
          "application/json; odata.metadata=minimal; odata.streaming=true"
        ],
        "Expires": [
          "-1"
        ],
        "Pragma": [
          "no-cache"
        ],
        "x-ms-request-id": [
          "85a2e79c-8769-43fa-b562-8902b4a7973f"
        ],
        "x-ms-client-request-id": [
          "9fe3b563-1266-48d8-b118-88c4dc13fd8a"
        ],
        "OData-Version": [
          "4.0"
        ],
        "Strict-Transport-Security": [
          "max-age=31536000; includeSubDomains"
        ],
        "x-ms-ratelimit-remaining-subscription-reads": [
          "14996"
        ],
        "x-ms-correlation-request-id": [
          "d80bf73c-6481-4b65-a342-18810d3c1acc"
        ],
        "x-ms-routing-request-id": [
          "WESTUS2:20180320T204157Z:d80bf73c-6481-4b65-a342-18810d3c1acc"
        ],
        "X-Content-Type-Options": [
          "nosniff"
        ],
        "Cache-Control": [
          "no-cache"
        ],
        "Date": [
          "Tue, 20 Mar 2018 20:41:56 GMT"
        ],
        "Server": [
          "Microsoft-IIS/8.5"
        ],
        "X-AspNet-Version": [
          "4.0.30319"
        ],
        "X-Powered-By": [
          "ASP.NET"
        ]
      },
      "StatusCode": 200
    },
    {
      "RequestUri": "/subscriptions/c9cbd920-c00c-427c-852b-8aaf38badaeb/resourceGroups/ps4756/providers/Microsoft.Cdn/profiles/ps6772?api-version=2016-10-02",
      "EncodedRequestUri": "L3N1YnNjcmlwdGlvbnMvYzljYmQ5MjAtYzAwYy00MjdjLTg1MmItOGFhZjM4YmFkYWViL3Jlc291cmNlR3JvdXBzL3BzNDc1Ni9wcm92aWRlcnMvTWljcm9zb2Z0LkNkbi9wcm9maWxlcy9wczY3NzI/YXBpLXZlcnNpb249MjAxNi0xMC0wMg==",
      "RequestMethod": "GET",
      "RequestBody": "",
      "RequestHeaders": {
        "User-Agent": [
          "FxVersion/4.7.2633.0",
          "OSName/Windows10Enterprise",
          "OSVersion/6.3.16299",
          "Microsoft.Azure.Management.Cdn.CdnManagementClient/3.0.0.0"
        ]
      },
      "ResponseBody": "{\r\n  \"name\": \"ps6772\",\r\n  \"id\": \"/subscriptions/c9cbd920-c00c-427c-852b-8aaf38badaeb/resourcegroups/ps4756/providers/Microsoft.Cdn/profiles/ps6772\",\r\n  \"type\": \"Microsoft.Cdn/profiles\",\r\n  \"tags\": {},\r\n  \"location\": \"EastUs\",\r\n  \"sku\": {\r\n    \"name\": \"Standard_Verizon\"\r\n  },\r\n  \"properties\": {\r\n    \"provisioningState\": \"Succeeded\",\r\n    \"resourceState\": \"Active\"\r\n  }\r\n}",
      "ResponseHeaders": {
        "Content-Length": [
          "342"
        ],
        "Content-Type": [
          "application/json; odata.metadata=minimal; odata.streaming=true"
        ],
        "Expires": [
          "-1"
        ],
        "Pragma": [
          "no-cache"
        ],
        "x-ms-request-id": [
          "417dfb52-44fa-42e8-a0b7-5c66ef1163d1"
        ],
        "x-ms-client-request-id": [
          "8a785970-5e81-43f1-b134-f90fd9b0bca7"
        ],
        "OData-Version": [
          "4.0"
        ],
        "Strict-Transport-Security": [
          "max-age=31536000; includeSubDomains"
        ],
        "x-ms-ratelimit-remaining-subscription-reads": [
          "14995"
        ],
        "x-ms-correlation-request-id": [
          "04312b5a-9446-4142-8630-d976a337ea79"
        ],
        "x-ms-routing-request-id": [
          "WESTUS2:20180320T204158Z:04312b5a-9446-4142-8630-d976a337ea79"
        ],
        "X-Content-Type-Options": [
          "nosniff"
        ],
        "Cache-Control": [
          "no-cache"
        ],
        "Date": [
          "Tue, 20 Mar 2018 20:41:57 GMT"
        ],
        "Server": [
          "Microsoft-IIS/8.5"
        ],
        "X-AspNet-Version": [
          "4.0.30319"
        ],
        "X-Powered-By": [
          "ASP.NET"
        ]
      },
      "StatusCode": 200
    },
    {
      "RequestUri": "/providers/Microsoft.Cdn/checkNameAvailability?api-version=2016-10-02",
      "EncodedRequestUri": "L3Byb3ZpZGVycy9NaWNyb3NvZnQuQ2RuL2NoZWNrTmFtZUF2YWlsYWJpbGl0eT9hcGktdmVyc2lvbj0yMDE2LTEwLTAy",
      "RequestMethod": "POST",
      "RequestBody": "{\r\n  \"name\": \"ps5441\",\r\n  \"type\": \"Microsoft.Cdn/Profiles/Endpoints\"\r\n}",
      "RequestHeaders": {
        "Content-Type": [
          "application/json; charset=utf-8"
        ],
        "Content-Length": [
          "71"
        ],
        "x-ms-client-request-id": [
          "dc5160cc-b70e-4cd9-954d-d10f330aaec7"
        ],
        "accept-language": [
          "en-US"
        ],
        "User-Agent": [
          "FxVersion/4.7.2633.0",
          "OSName/Windows10Enterprise",
          "OSVersion/6.3.16299",
          "Microsoft.Azure.Management.Cdn.CdnManagementClient/3.0.0.0"
        ]
      },
      "ResponseBody": "{\r\n  \"nameAvailable\": true,\r\n  \"reason\": null,\r\n  \"message\": null\r\n}",
      "ResponseHeaders": {
        "Content-Length": [
          "57"
        ],
        "Content-Type": [
          "application/json; odata.metadata=minimal"
        ],
        "Expires": [
          "-1"
        ],
        "Pragma": [
          "no-cache"
        ],
        "x-ms-request-id": [
          "215beed2-7223-4d12-bc81-9b01668f3e1c"
        ],
        "x-ms-client-request-id": [
          "dc5160cc-b70e-4cd9-954d-d10f330aaec7"
        ],
        "OData-Version": [
          "4.0"
        ],
        "Strict-Transport-Security": [
          "max-age=31536000; includeSubDomains"
        ],
        "x-ms-ratelimit-remaining-tenant-writes": [
          "1199"
        ],
        "x-ms-correlation-request-id": [
          "78a127e8-87a8-42c5-8a97-03577679c365"
        ],
        "x-ms-routing-request-id": [
          "WESTUS2:20180320T204159Z:78a127e8-87a8-42c5-8a97-03577679c365"
        ],
        "X-Content-Type-Options": [
          "nosniff"
        ],
        "Cache-Control": [
          "no-cache"
        ],
        "Date": [
          "Tue, 20 Mar 2018 20:41:58 GMT"
        ],
        "Server": [
          "Microsoft-IIS/8.5"
        ],
        "X-AspNet-Version": [
          "4.0.30319"
        ],
        "X-Powered-By": [
          "ASP.NET"
        ]
      },
      "StatusCode": 200
    },
    {
      "RequestUri": "/providers/Microsoft.Cdn/checkNameAvailability?api-version=2016-10-02",
      "EncodedRequestUri": "L3Byb3ZpZGVycy9NaWNyb3NvZnQuQ2RuL2NoZWNrTmFtZUF2YWlsYWJpbGl0eT9hcGktdmVyc2lvbj0yMDE2LTEwLTAy",
      "RequestMethod": "POST",
      "RequestBody": "{\r\n  \"name\": \"ps5441\",\r\n  \"type\": \"Microsoft.Cdn/Profiles/Endpoints\"\r\n}",
      "RequestHeaders": {
        "Content-Type": [
          "application/json; charset=utf-8"
        ],
        "Content-Length": [
          "71"
        ],
        "x-ms-client-request-id": [
          "2a0fc2ec-0451-4e2a-878e-b16bc5b56c10"
        ],
        "accept-language": [
          "en-US"
        ],
        "User-Agent": [
          "FxVersion/4.7.2633.0",
          "OSName/Windows10Enterprise",
          "OSVersion/6.3.16299",
          "Microsoft.Azure.Management.Cdn.CdnManagementClient/3.0.0.0"
        ]
      },
      "ResponseBody": "{\r\n  \"nameAvailable\": true,\r\n  \"reason\": null,\r\n  \"message\": null\r\n}",
      "ResponseHeaders": {
        "Content-Length": [
          "57"
        ],
        "Content-Type": [
          "application/json; odata.metadata=minimal"
        ],
        "Expires": [
          "-1"
        ],
        "Pragma": [
          "no-cache"
        ],
        "x-ms-request-id": [
          "3ced8cfc-262c-4117-aa80-969ed795c900"
        ],
        "x-ms-client-request-id": [
          "2a0fc2ec-0451-4e2a-878e-b16bc5b56c10"
        ],
        "OData-Version": [
          "4.0"
        ],
        "Strict-Transport-Security": [
          "max-age=31536000; includeSubDomains"
        ],
        "x-ms-ratelimit-remaining-tenant-writes": [
          "1198"
        ],
        "x-ms-correlation-request-id": [
          "b6916494-3bd0-4559-acfc-17a7c8c5235f"
        ],
        "x-ms-routing-request-id": [
          "WESTUS2:20180320T204200Z:b6916494-3bd0-4559-acfc-17a7c8c5235f"
        ],
        "X-Content-Type-Options": [
          "nosniff"
        ],
        "Cache-Control": [
          "no-cache"
        ],
        "Date": [
          "Tue, 20 Mar 2018 20:42:00 GMT"
        ],
        "Server": [
          "Microsoft-IIS/8.5"
        ],
        "X-AspNet-Version": [
          "4.0.30319"
        ],
        "X-Powered-By": [
          "ASP.NET"
        ]
      },
      "StatusCode": 200
    },
    {
      "RequestUri": "/providers/Microsoft.Cdn/checkNameAvailability?api-version=2016-10-02",
      "EncodedRequestUri": "L3Byb3ZpZGVycy9NaWNyb3NvZnQuQ2RuL2NoZWNrTmFtZUF2YWlsYWJpbGl0eT9hcGktdmVyc2lvbj0yMDE2LTEwLTAy",
      "RequestMethod": "POST",
      "RequestBody": "{\r\n  \"name\": \"ps5441\",\r\n  \"type\": \"Microsoft.Cdn/Profiles/Endpoints\"\r\n}",
      "RequestHeaders": {
        "Content-Type": [
          "application/json; charset=utf-8"
        ],
        "Content-Length": [
          "71"
        ],
        "x-ms-client-request-id": [
          "5e002e4b-0629-4b3a-86c8-53384887d04c"
        ],
        "accept-language": [
          "en-US"
        ],
        "User-Agent": [
          "FxVersion/4.7.2633.0",
          "OSName/Windows10Enterprise",
          "OSVersion/6.3.16299",
          "Microsoft.Azure.Management.Cdn.CdnManagementClient/3.0.0.0"
        ]
      },
      "ResponseBody": "{\r\n  \"nameAvailable\": false,\r\n  \"reason\": \"Name is already in use\",\r\n  \"message\": \"Name not available\"\r\n}",
      "ResponseHeaders": {
        "Content-Length": [
          "94"
        ],
        "Content-Type": [
          "application/json; odata.metadata=minimal"
        ],
        "Expires": [
          "-1"
        ],
        "Pragma": [
          "no-cache"
        ],
        "x-ms-request-id": [
          "685bdc5b-7256-40b5-b912-d2b636c5e041"
        ],
        "x-ms-client-request-id": [
          "5e002e4b-0629-4b3a-86c8-53384887d04c"
        ],
        "OData-Version": [
          "4.0"
        ],
        "Strict-Transport-Security": [
          "max-age=31536000; includeSubDomains"
        ],
        "x-ms-ratelimit-remaining-tenant-writes": [
          "1197"
        ],
        "x-ms-correlation-request-id": [
          "30e2f9ae-9d9e-4b8f-8c8a-3436697fc739"
        ],
        "x-ms-routing-request-id": [
          "WESTUS2:20180320T204214Z:30e2f9ae-9d9e-4b8f-8c8a-3436697fc739"
        ],
        "X-Content-Type-Options": [
          "nosniff"
        ],
        "Cache-Control": [
          "no-cache"
        ],
        "Date": [
          "Tue, 20 Mar 2018 20:42:14 GMT"
        ],
        "Server": [
          "Microsoft-IIS/8.5"
        ],
        "X-AspNet-Version": [
          "4.0.30319"
        ],
        "X-Powered-By": [
          "ASP.NET"
        ]
      },
      "StatusCode": 200
    },
    {
      "RequestUri": "/subscriptions/c9cbd920-c00c-427c-852b-8aaf38badaeb/resourceGroups/ps4756/providers/Microsoft.Cdn/profiles/ps6772/endpoints/ps5441?api-version=2016-10-02",
      "EncodedRequestUri": "L3N1YnNjcmlwdGlvbnMvYzljYmQ5MjAtYzAwYy00MjdjLTg1MmItOGFhZjM4YmFkYWViL3Jlc291cmNlR3JvdXBzL3BzNDc1Ni9wcm92aWRlcnMvTWljcm9zb2Z0LkNkbi9wcm9maWxlcy9wczY3NzIvZW5kcG9pbnRzL3BzNTQ0MT9hcGktdmVyc2lvbj0yMDE2LTEwLTAy",
      "RequestMethod": "PUT",
      "RequestBody": "{\r\n  \"properties\": {\r\n    \"originHostHeader\": \"www.microsoft.com\",\r\n    \"originPath\": \"/videos\",\r\n    \"contentTypesToCompress\": [\r\n      \"application/json\",\r\n      \"text/html\"\r\n    ],\r\n    \"isCompressionEnabled\": true,\r\n    \"isHttpAllowed\": true,\r\n    \"isHttpsAllowed\": true,\r\n    \"queryStringCachingBehavior\": \"BypassCaching\",\r\n    \"origins\": [\r\n      {\r\n        \"name\": \"ps1344\",\r\n        \"properties\": {\r\n          \"hostName\": \"www.microsoft.com\",\r\n          \"httpPort\": 123,\r\n          \"httpsPort\": 456\r\n        }\r\n      }\r\n    ]\r\n  },\r\n  \"location\": \"EastUS\",\r\n  \"tags\": {\r\n    \"tag2\": \"value2\",\r\n    \"tag1\": \"value1\"\r\n  }\r\n}",
      "RequestHeaders": {
        "Content-Type": [
          "application/json; charset=utf-8"
        ],
        "Content-Length": [
          "630"
        ],
        "x-ms-client-request-id": [
          "ed919e19-c974-4b7f-bb52-954aec1be0c4"
        ],
        "accept-language": [
          "en-US"
        ],
        "User-Agent": [
          "FxVersion/4.7.2633.0",
          "OSName/Windows10Enterprise",
          "OSVersion/6.3.16299",
          "Microsoft.Azure.Management.Cdn.CdnManagementClient/3.0.0.0"
        ]
      },
      "ResponseBody": "{\r\n  \"name\": \"ps5441\",\r\n  \"id\": \"/subscriptions/c9cbd920-c00c-427c-852b-8aaf38badaeb/resourcegroups/ps4756/providers/Microsoft.Cdn/profiles/ps6772/endpoints/ps5441\",\r\n  \"type\": \"Microsoft.Cdn/profiles/endpoints\",\r\n  \"tags\": {\r\n    \"tag2\": \"value2\",\r\n    \"tag1\": \"value1\"\r\n  },\r\n  \"location\": \"EastUs\",\r\n  \"properties\": {\r\n    \"hostName\": \"ps5441.azureedge.net\",\r\n    \"originHostHeader\": \"www.microsoft.com\",\r\n    \"provisioningState\": \"Creating\",\r\n    \"resourceState\": \"Creating\",\r\n    \"isHttpAllowed\": true,\r\n    \"isHttpsAllowed\": true,\r\n    \"queryStringCachingBehavior\": \"BypassCaching\",\r\n    \"originPath\": \"/videos\",\r\n    \"origins\": [\r\n      {\r\n        \"name\": \"ps1344\",\r\n        \"properties\": {\r\n          \"hostName\": \"www.microsoft.com\",\r\n          \"httpPort\": 123,\r\n          \"httpsPort\": 456\r\n        }\r\n      }\r\n    ],\r\n    \"customDomains\": [],\r\n    \"contentTypesToCompress\": [\r\n      \"application/json\",\r\n      \"text/html\"\r\n    ],\r\n    \"isCompressionEnabled\": true,\r\n    \"optimizationType\": null,\r\n    \"geoFilters\": []\r\n  }\r\n}",
      "ResponseHeaders": {
        "Content-Length": [
          "889"
        ],
        "Content-Type": [
          "application/json; odata.metadata=minimal"
        ],
        "Expires": [
          "-1"
        ],
        "Pragma": [
          "no-cache"
        ],
        "Retry-After": [
          "10"
        ],
        "x-ms-request-id": [
          "49008f19-e373-4e01-89a1-2fee8ede6dba"
        ],
        "x-ms-client-request-id": [
          "ed919e19-c974-4b7f-bb52-954aec1be0c4"
        ],
        "Azure-AsyncOperation": [
          "https://management.azure.com/subscriptions/c9cbd920-c00c-427c-852b-8aaf38badaeb/resourcegroups/ps4756/providers/Microsoft.Cdn/operationresults/50ea8b0e-def4-4c92-9360-0aba0446b53e?api-version=2016-10-02"
        ],
        "OData-Version": [
          "4.0"
        ],
        "Strict-Transport-Security": [
          "max-age=31536000; includeSubDomains"
        ],
        "x-ms-ratelimit-remaining-subscription-writes": [
          "1198"
        ],
        "x-ms-correlation-request-id": [
          "ffa195d1-edef-4f83-95d9-e0c14bb4929a"
        ],
        "x-ms-routing-request-id": [
          "WESTUS2:20180320T204202Z:ffa195d1-edef-4f83-95d9-e0c14bb4929a"
        ],
        "X-Content-Type-Options": [
          "nosniff"
        ],
        "Cache-Control": [
          "no-cache"
        ],
        "Date": [
          "Tue, 20 Mar 2018 20:42:02 GMT"
        ],
        "Server": [
          "Microsoft-IIS/8.5"
        ],
        "X-AspNet-Version": [
          "4.0.30319"
        ],
        "X-Powered-By": [
          "ASP.NET"
        ]
      },
      "StatusCode": 201
    },
    {
      "RequestUri": "/subscriptions/c9cbd920-c00c-427c-852b-8aaf38badaeb/resourcegroups/ps4756/providers/Microsoft.Cdn/operationresults/50ea8b0e-def4-4c92-9360-0aba0446b53e?api-version=2016-10-02",
      "EncodedRequestUri": "L3N1YnNjcmlwdGlvbnMvYzljYmQ5MjAtYzAwYy00MjdjLTg1MmItOGFhZjM4YmFkYWViL3Jlc291cmNlZ3JvdXBzL3BzNDc1Ni9wcm92aWRlcnMvTWljcm9zb2Z0LkNkbi9vcGVyYXRpb25yZXN1bHRzLzUwZWE4YjBlLWRlZjQtNGM5Mi05MzYwLTBhYmEwNDQ2YjUzZT9hcGktdmVyc2lvbj0yMDE2LTEwLTAy",
      "RequestMethod": "GET",
      "RequestBody": "",
      "RequestHeaders": {
        "User-Agent": [
          "FxVersion/4.7.2633.0",
          "OSName/Windows10Enterprise",
          "OSVersion/6.3.16299",
          "Microsoft.Azure.Management.Cdn.CdnManagementClient/3.0.0.0"
        ]
      },
      "ResponseBody": "{\r\n  \"status\": \"Succeeded\",\r\n  \"error\": {\r\n    \"code\": \"None\",\r\n    \"message\": null\r\n  }\r\n}",
      "ResponseHeaders": {
        "Content-Length": [
          "77"
        ],
        "Content-Type": [
          "application/json; odata.metadata=minimal; odata.streaming=true"
        ],
        "Expires": [
          "-1"
        ],
        "Pragma": [
          "no-cache"
        ],
        "x-ms-request-id": [
          "96930112-1b9f-4233-9c2d-d8b4c15f8bc9"
        ],
        "x-ms-client-request-id": [
          "781d0000-ac9b-4767-be04-b2515c69e64c"
        ],
        "OData-Version": [
          "4.0"
        ],
        "Strict-Transport-Security": [
          "max-age=31536000; includeSubDomains"
        ],
        "x-ms-ratelimit-remaining-subscription-reads": [
          "14994"
        ],
        "x-ms-correlation-request-id": [
          "909099aa-6493-4965-a2f3-f8fbd4fa5d63"
        ],
        "x-ms-routing-request-id": [
          "WESTUS2:20180320T204212Z:909099aa-6493-4965-a2f3-f8fbd4fa5d63"
        ],
        "X-Content-Type-Options": [
          "nosniff"
        ],
        "Cache-Control": [
          "no-cache"
        ],
        "Date": [
          "Tue, 20 Mar 2018 20:42:12 GMT"
        ],
        "Server": [
          "Microsoft-IIS/8.5"
        ],
        "X-AspNet-Version": [
          "4.0.30319"
        ],
        "X-Powered-By": [
          "ASP.NET"
        ]
      },
      "StatusCode": 200
    },
    {
      "RequestUri": "/subscriptions/c9cbd920-c00c-427c-852b-8aaf38badaeb/resourceGroups/ps4756/providers/Microsoft.Cdn/profiles/ps6772/endpoints/ps5441?api-version=2016-10-02",
      "EncodedRequestUri": "L3N1YnNjcmlwdGlvbnMvYzljYmQ5MjAtYzAwYy00MjdjLTg1MmItOGFhZjM4YmFkYWViL3Jlc291cmNlR3JvdXBzL3BzNDc1Ni9wcm92aWRlcnMvTWljcm9zb2Z0LkNkbi9wcm9maWxlcy9wczY3NzIvZW5kcG9pbnRzL3BzNTQ0MT9hcGktdmVyc2lvbj0yMDE2LTEwLTAy",
      "RequestMethod": "GET",
      "RequestBody": "",
      "RequestHeaders": {
        "User-Agent": [
          "FxVersion/4.7.2633.0",
          "OSName/Windows10Enterprise",
          "OSVersion/6.3.16299",
          "Microsoft.Azure.Management.Cdn.CdnManagementClient/3.0.0.0"
        ]
      },
      "ResponseBody": "{\r\n  \"name\": \"ps5441\",\r\n  \"id\": \"/subscriptions/c9cbd920-c00c-427c-852b-8aaf38badaeb/resourcegroups/ps4756/providers/Microsoft.Cdn/profiles/ps6772/endpoints/ps5441\",\r\n  \"type\": \"Microsoft.Cdn/profiles/endpoints\",\r\n  \"tags\": {\r\n    \"tag2\": \"value2\",\r\n    \"tag1\": \"value1\"\r\n  },\r\n  \"location\": \"EastUs\",\r\n  \"properties\": {\r\n    \"hostName\": \"ps5441.azureedge.net\",\r\n    \"originHostHeader\": \"www.microsoft.com\",\r\n    \"provisioningState\": \"Succeeded\",\r\n    \"resourceState\": \"Running\",\r\n    \"isHttpAllowed\": true,\r\n    \"isHttpsAllowed\": true,\r\n    \"queryStringCachingBehavior\": \"BypassCaching\",\r\n    \"originPath\": \"/videos\",\r\n    \"origins\": [\r\n      {\r\n        \"name\": \"ps1344\",\r\n        \"properties\": {\r\n          \"hostName\": \"www.microsoft.com\",\r\n          \"httpPort\": 123,\r\n          \"httpsPort\": 456\r\n        }\r\n      }\r\n    ],\r\n    \"customDomains\": [],\r\n    \"contentTypesToCompress\": [\r\n      \"application/json\",\r\n      \"text/html\"\r\n    ],\r\n    \"isCompressionEnabled\": true,\r\n    \"optimizationType\": null,\r\n    \"geoFilters\": []\r\n  }\r\n}",
      "ResponseHeaders": {
        "Content-Length": [
          "889"
        ],
        "Content-Type": [
          "application/json; odata.metadata=minimal; odata.streaming=true"
        ],
        "Expires": [
          "-1"
        ],
        "Pragma": [
          "no-cache"
        ],
        "x-ms-request-id": [
          "7e7f19c4-6fa0-4094-b56f-924ae0781dba"
        ],
        "x-ms-client-request-id": [
          "0a46b87b-08dc-4194-939d-1ba21ea995c3"
        ],
        "OData-Version": [
          "4.0"
        ],
        "Strict-Transport-Security": [
          "max-age=31536000; includeSubDomains"
        ],
        "x-ms-ratelimit-remaining-subscription-reads": [
          "14993"
        ],
        "x-ms-correlation-request-id": [
          "08d56789-572f-4c13-a845-8792b59b4d05"
        ],
        "x-ms-routing-request-id": [
          "WESTUS2:20180320T204213Z:08d56789-572f-4c13-a845-8792b59b4d05"
        ],
        "X-Content-Type-Options": [
          "nosniff"
        ],
        "Cache-Control": [
          "no-cache"
        ],
        "Date": [
          "Tue, 20 Mar 2018 20:42:13 GMT"
        ],
        "Server": [
          "Microsoft-IIS/8.5"
        ],
        "X-AspNet-Version": [
          "4.0.30319"
        ],
        "X-Powered-By": [
          "ASP.NET"
        ]
      },
      "StatusCode": 200
    },
    {
      "RequestUri": "/subscriptions/c9cbd920-c00c-427c-852b-8aaf38badaeb/resourceGroups/ps4756/providers/Microsoft.Cdn/profiles/ps6772/endpoints/ps5441?api-version=2016-10-02",
      "EncodedRequestUri": "L3N1YnNjcmlwdGlvbnMvYzljYmQ5MjAtYzAwYy00MjdjLTg1MmItOGFhZjM4YmFkYWViL3Jlc291cmNlR3JvdXBzL3BzNDc1Ni9wcm92aWRlcnMvTWljcm9zb2Z0LkNkbi9wcm9maWxlcy9wczY3NzIvZW5kcG9pbnRzL3BzNTQ0MT9hcGktdmVyc2lvbj0yMDE2LTEwLTAy",
      "RequestMethod": "GET",
      "RequestBody": "",
      "RequestHeaders": {
        "x-ms-client-request-id": [
          "a81c0a80-9807-4754-adfe-976e967daa44"
        ],
        "accept-language": [
          "en-US"
        ],
        "User-Agent": [
          "FxVersion/4.7.2633.0",
          "OSName/Windows10Enterprise",
          "OSVersion/6.3.16299",
          "Microsoft.Azure.Management.Cdn.CdnManagementClient/3.0.0.0"
        ]
      },
      "ResponseBody": "{\r\n  \"name\": \"ps5441\",\r\n  \"id\": \"/subscriptions/c9cbd920-c00c-427c-852b-8aaf38badaeb/resourcegroups/ps4756/providers/Microsoft.Cdn/profiles/ps6772/endpoints/ps5441\",\r\n  \"type\": \"Microsoft.Cdn/profiles/endpoints\",\r\n  \"tags\": {\r\n    \"tag2\": \"value2\",\r\n    \"tag1\": \"value1\"\r\n  },\r\n  \"location\": \"EastUs\",\r\n  \"properties\": {\r\n    \"hostName\": \"ps5441.azureedge.net\",\r\n    \"originHostHeader\": \"www.microsoft.com\",\r\n    \"provisioningState\": \"Succeeded\",\r\n    \"resourceState\": \"Stopped\",\r\n    \"isHttpAllowed\": true,\r\n    \"isHttpsAllowed\": true,\r\n    \"queryStringCachingBehavior\": \"BypassCaching\",\r\n    \"originPath\": \"/videos\",\r\n    \"origins\": [\r\n      {\r\n        \"name\": \"ps1344\",\r\n        \"properties\": {\r\n          \"hostName\": \"www.microsoft.com\",\r\n          \"httpPort\": 123,\r\n          \"httpsPort\": 456\r\n        }\r\n      }\r\n    ],\r\n    \"customDomains\": [],\r\n    \"contentTypesToCompress\": [\r\n      \"application/json\",\r\n      \"text/html\"\r\n    ],\r\n    \"isCompressionEnabled\": true,\r\n    \"optimizationType\": null,\r\n    \"geoFilters\": []\r\n  }\r\n}",
      "ResponseHeaders": {
        "Content-Length": [
          "889"
        ],
        "Content-Type": [
          "application/json; odata.metadata=minimal; odata.streaming=true"
        ],
        "Expires": [
          "-1"
        ],
        "Pragma": [
          "no-cache"
        ],
        "x-ms-request-id": [
          "3376d99c-eb20-4434-ab30-45e5a684a6ed"
        ],
        "x-ms-client-request-id": [
          "a81c0a80-9807-4754-adfe-976e967daa44"
        ],
        "OData-Version": [
          "4.0"
        ],
        "Strict-Transport-Security": [
          "max-age=31536000; includeSubDomains"
        ],
        "x-ms-ratelimit-remaining-subscription-reads": [
          "14990"
        ],
        "x-ms-correlation-request-id": [
          "1731ee7c-6016-46e8-864f-7a322bf39a3e"
        ],
        "x-ms-routing-request-id": [
          "WESTUS2:20180320T204225Z:1731ee7c-6016-46e8-864f-7a322bf39a3e"
        ],
        "X-Content-Type-Options": [
          "nosniff"
        ],
        "Cache-Control": [
          "no-cache"
        ],
        "Date": [
          "Tue, 20 Mar 2018 20:42:25 GMT"
        ],
        "Server": [
          "Microsoft-IIS/8.5"
        ],
        "X-AspNet-Version": [
          "4.0.30319"
        ],
        "X-Powered-By": [
          "ASP.NET"
        ]
      },
      "StatusCode": 200
    },
    {
      "RequestUri": "/subscriptions/c9cbd920-c00c-427c-852b-8aaf38badaeb/resourceGroups/ps4756/providers/Microsoft.Cdn/profiles/ps6772/endpoints/ps5441?api-version=2016-10-02",
      "EncodedRequestUri": "L3N1YnNjcmlwdGlvbnMvYzljYmQ5MjAtYzAwYy00MjdjLTg1MmItOGFhZjM4YmFkYWViL3Jlc291cmNlR3JvdXBzL3BzNDc1Ni9wcm92aWRlcnMvTWljcm9zb2Z0LkNkbi9wcm9maWxlcy9wczY3NzIvZW5kcG9pbnRzL3BzNTQ0MT9hcGktdmVyc2lvbj0yMDE2LTEwLTAy",
      "RequestMethod": "GET",
      "RequestBody": "",
      "RequestHeaders": {
        "x-ms-client-request-id": [
          "871dbdce-1e79-4119-8236-acdd6790fdd9"
        ],
        "accept-language": [
          "en-US"
        ],
        "User-Agent": [
          "FxVersion/4.7.2633.0",
          "OSName/Windows10Enterprise",
          "OSVersion/6.3.16299",
          "Microsoft.Azure.Management.Cdn.CdnManagementClient/3.0.0.0"
        ]
      },
      "ResponseBody": "{\r\n  \"name\": \"ps5441\",\r\n  \"id\": \"/subscriptions/c9cbd920-c00c-427c-852b-8aaf38badaeb/resourcegroups/ps4756/providers/Microsoft.Cdn/profiles/ps6772/endpoints/ps5441\",\r\n  \"type\": \"Microsoft.Cdn/profiles/endpoints\",\r\n  \"tags\": {\r\n    \"tag2\": \"value2\",\r\n    \"tag1\": \"value1\"\r\n  },\r\n  \"location\": \"EastUs\",\r\n  \"properties\": {\r\n    \"hostName\": \"ps5441.azureedge.net\",\r\n    \"originHostHeader\": \"www.microsoft.com\",\r\n    \"provisioningState\": \"Succeeded\",\r\n    \"resourceState\": \"Running\",\r\n    \"isHttpAllowed\": true,\r\n    \"isHttpsAllowed\": true,\r\n    \"queryStringCachingBehavior\": \"BypassCaching\",\r\n    \"originPath\": \"/videos\",\r\n    \"origins\": [\r\n      {\r\n        \"name\": \"ps1344\",\r\n        \"properties\": {\r\n          \"hostName\": \"www.microsoft.com\",\r\n          \"httpPort\": 123,\r\n          \"httpsPort\": 456\r\n        }\r\n      }\r\n    ],\r\n    \"customDomains\": [],\r\n    \"contentTypesToCompress\": [\r\n      \"application/json\",\r\n      \"text/html\"\r\n    ],\r\n    \"isCompressionEnabled\": true,\r\n    \"optimizationType\": null,\r\n    \"geoFilters\": []\r\n  }\r\n}",
      "ResponseHeaders": {
        "Content-Length": [
          "889"
        ],
        "Content-Type": [
          "application/json; odata.metadata=minimal; odata.streaming=true"
        ],
        "Expires": [
          "-1"
        ],
        "Pragma": [
          "no-cache"
        ],
        "x-ms-request-id": [
          "cda4694e-1706-4cc7-9e78-b53689ed117f"
        ],
        "x-ms-client-request-id": [
          "871dbdce-1e79-4119-8236-acdd6790fdd9"
        ],
        "OData-Version": [
          "4.0"
        ],
        "Strict-Transport-Security": [
          "max-age=31536000; includeSubDomains"
        ],
        "x-ms-ratelimit-remaining-subscription-reads": [
          "14987"
        ],
        "x-ms-correlation-request-id": [
          "9d30978f-2156-41d3-9e23-f128089387ed"
        ],
        "x-ms-routing-request-id": [
          "WESTUS2:20180320T204237Z:9d30978f-2156-41d3-9e23-f128089387ed"
        ],
        "X-Content-Type-Options": [
          "nosniff"
        ],
        "Cache-Control": [
          "no-cache"
        ],
        "Date": [
          "Tue, 20 Mar 2018 20:42:37 GMT"
        ],
        "Server": [
          "Microsoft-IIS/8.5"
        ],
        "X-AspNet-Version": [
          "4.0.30319"
        ],
        "X-Powered-By": [
          "ASP.NET"
        ]
      },
      "StatusCode": 200
    },
    {
      "RequestUri": "/subscriptions/c9cbd920-c00c-427c-852b-8aaf38badaeb/resourceGroups/ps4756/providers/Microsoft.Cdn/profiles/ps6772/endpoints/ps5441?api-version=2016-10-02",
      "EncodedRequestUri": "L3N1YnNjcmlwdGlvbnMvYzljYmQ5MjAtYzAwYy00MjdjLTg1MmItOGFhZjM4YmFkYWViL3Jlc291cmNlR3JvdXBzL3BzNDc1Ni9wcm92aWRlcnMvTWljcm9zb2Z0LkNkbi9wcm9maWxlcy9wczY3NzIvZW5kcG9pbnRzL3BzNTQ0MT9hcGktdmVyc2lvbj0yMDE2LTEwLTAy",
      "RequestMethod": "GET",
      "RequestBody": "",
      "RequestHeaders": {
        "x-ms-client-request-id": [
          "f093722a-067d-40d8-8034-68dbeb11fc82"
        ],
        "accept-language": [
          "en-US"
        ],
        "User-Agent": [
          "FxVersion/4.7.2633.0",
          "OSName/Windows10Enterprise",
          "OSVersion/6.3.16299",
          "Microsoft.Azure.Management.Cdn.CdnManagementClient/3.0.0.0"
        ]
      },
      "ResponseBody": "{\r\n  \"error\": {\r\n    \"code\": \"ResourceNotFound\",\r\n    \"message\": \"The Resource 'Microsoft.Cdn/profiles/ps6772/endpoints/ps5441' under resource group 'ps4756' was not found.\"\r\n  }\r\n}",
      "ResponseHeaders": {
        "Content-Length": [
          "156"
        ],
        "Content-Type": [
          "application/json; charset=utf-8"
        ],
        "Expires": [
          "-1"
        ],
        "Pragma": [
          "no-cache"
        ],
        "x-ms-failure-cause": [
          "gateway"
        ],
        "x-ms-request-id": [
          "940a31b0-8366-4434-b31d-f34ac34151ee"
        ],
        "x-ms-correlation-request-id": [
          "940a31b0-8366-4434-b31d-f34ac34151ee"
        ],
        "x-ms-routing-request-id": [
          "WESTUS2:20180320T204708Z:940a31b0-8366-4434-b31d-f34ac34151ee"
        ],
        "Strict-Transport-Security": [
          "max-age=31536000; includeSubDomains"
        ],
        "X-Content-Type-Options": [
          "nosniff"
        ],
        "Cache-Control": [
          "no-cache"
        ],
        "Date": [
          "Tue, 20 Mar 2018 20:47:07 GMT"
        ]
      },
      "StatusCode": 404
    },
    {
      "RequestUri": "/subscriptions/c9cbd920-c00c-427c-852b-8aaf38badaeb/resourceGroups/ps4756/providers/Microsoft.Cdn/profiles/ps6772/endpoints/ps5441/stop?api-version=2016-10-02",
      "EncodedRequestUri": "L3N1YnNjcmlwdGlvbnMvYzljYmQ5MjAtYzAwYy00MjdjLTg1MmItOGFhZjM4YmFkYWViL3Jlc291cmNlR3JvdXBzL3BzNDc1Ni9wcm92aWRlcnMvTWljcm9zb2Z0LkNkbi9wcm9maWxlcy9wczY3NzIvZW5kcG9pbnRzL3BzNTQ0MS9zdG9wP2FwaS12ZXJzaW9uPTIwMTYtMTAtMDI=",
      "RequestMethod": "POST",
      "RequestBody": "",
      "RequestHeaders": {
        "x-ms-client-request-id": [
          "aaf568d1-e205-4334-a743-f534abe87205"
        ],
        "accept-language": [
          "en-US"
        ],
        "User-Agent": [
          "FxVersion/4.7.2633.0",
          "OSName/Windows10Enterprise",
          "OSVersion/6.3.16299",
          "Microsoft.Azure.Management.Cdn.CdnManagementClient/3.0.0.0"
        ]
      },
      "ResponseBody": "{\r\n  \"hostName\": \"ps5441.azureedge.net\",\r\n  \"originHostHeader\": \"www.microsoft.com\",\r\n  \"provisioningState\": \"Succeeded\",\r\n  \"resourceState\": \"Stopping\",\r\n  \"isHttpAllowed\": true,\r\n  \"isHttpsAllowed\": true,\r\n  \"queryStringCachingBehavior\": \"BypassCaching\",\r\n  \"originPath\": \"/videos\",\r\n  \"origins\": [\r\n    {\r\n      \"name\": \"ps1344\",\r\n      \"properties\": {\r\n        \"hostName\": \"www.microsoft.com\",\r\n        \"httpPort\": 123,\r\n        \"httpsPort\": 456\r\n      }\r\n    }\r\n  ],\r\n  \"customDomains\": [],\r\n  \"contentTypesToCompress\": [\r\n    \"application/json\",\r\n    \"text/html\"\r\n  ],\r\n  \"isCompressionEnabled\": true,\r\n  \"optimizationType\": null,\r\n  \"geoFilters\": []\r\n}",
      "ResponseHeaders": {
        "Content-Length": [
          "574"
        ],
        "Content-Type": [
          "application/json; odata.metadata=minimal; odata.streaming=true"
        ],
        "Expires": [
          "-1"
        ],
        "Pragma": [
          "no-cache"
        ],
        "Retry-After": [
          "10"
        ],
        "x-ms-request-id": [
          "88bdd1af-0a3b-480f-a32c-69a9f00a2803"
        ],
        "x-ms-client-request-id": [
          "aaf568d1-e205-4334-a743-f534abe87205"
        ],
        "Azure-AsyncOperation": [
          "https://management.azure.com/subscriptions/c9cbd920-c00c-427c-852b-8aaf38badaeb/resourcegroups/ps4756/providers/Microsoft.Cdn/operationresults/f7091c70-8cbb-4c93-8ca6-69b08d2864d9?api-version=2016-10-02"
        ],
        "OData-Version": [
          "4.0"
        ],
        "Strict-Transport-Security": [
          "max-age=31536000; includeSubDomains"
        ],
        "x-ms-ratelimit-remaining-subscription-writes": [
          "1197"
        ],
        "x-ms-correlation-request-id": [
          "1e709aeb-3324-4fd7-a652-20b837f7cefb"
        ],
        "x-ms-routing-request-id": [
          "WESTUS2:20180320T204215Z:1e709aeb-3324-4fd7-a652-20b837f7cefb"
        ],
        "X-Content-Type-Options": [
          "nosniff"
        ],
        "Cache-Control": [
          "no-cache"
        ],
        "Date": [
          "Tue, 20 Mar 2018 20:42:14 GMT"
        ],
        "Location": [
          "https://management.azure.com/subscriptions/c9cbd920-c00c-427c-852b-8aaf38badaeb/resourcegroups/ps4756/providers/Microsoft.Cdn/operationresults/f7091c70-8cbb-4c93-8ca6-69b08d2864d9/profileresults/ps6772/endpointresults/ps5441?api-version=2016-10-02"
        ],
        "Server": [
          "Microsoft-IIS/8.5"
        ],
        "X-AspNet-Version": [
          "4.0.30319"
        ],
        "X-Powered-By": [
          "ASP.NET"
        ]
      },
      "StatusCode": 202
    },
    {
      "RequestUri": "/subscriptions/c9cbd920-c00c-427c-852b-8aaf38badaeb/resourcegroups/ps4756/providers/Microsoft.Cdn/operationresults/f7091c70-8cbb-4c93-8ca6-69b08d2864d9?api-version=2016-10-02",
      "EncodedRequestUri": "L3N1YnNjcmlwdGlvbnMvYzljYmQ5MjAtYzAwYy00MjdjLTg1MmItOGFhZjM4YmFkYWViL3Jlc291cmNlZ3JvdXBzL3BzNDc1Ni9wcm92aWRlcnMvTWljcm9zb2Z0LkNkbi9vcGVyYXRpb25yZXN1bHRzL2Y3MDkxYzcwLThjYmItNGM5My04Y2E2LTY5YjA4ZDI4NjRkOT9hcGktdmVyc2lvbj0yMDE2LTEwLTAy",
      "RequestMethod": "GET",
      "RequestBody": "",
      "RequestHeaders": {
        "User-Agent": [
          "FxVersion/4.7.2633.0",
          "OSName/Windows10Enterprise",
          "OSVersion/6.3.16299",
          "Microsoft.Azure.Management.Cdn.CdnManagementClient/3.0.0.0"
        ]
      },
      "ResponseBody": "{\r\n  \"status\": \"Succeeded\",\r\n  \"error\": {\r\n    \"code\": \"None\",\r\n    \"message\": null\r\n  }\r\n}",
      "ResponseHeaders": {
        "Content-Length": [
          "77"
        ],
        "Content-Type": [
          "application/json; odata.metadata=minimal; odata.streaming=true"
        ],
        "Expires": [
          "-1"
        ],
        "Pragma": [
          "no-cache"
        ],
        "x-ms-request-id": [
          "dfd1f8c3-c53a-42cd-a83e-155ffc44a4f5"
        ],
        "x-ms-client-request-id": [
          "3842c06e-28a5-410a-a7c6-1762f820b710"
        ],
        "OData-Version": [
          "4.0"
        ],
        "Strict-Transport-Security": [
          "max-age=31536000; includeSubDomains"
        ],
        "x-ms-ratelimit-remaining-subscription-reads": [
          "14992"
        ],
        "x-ms-correlation-request-id": [
          "f7e634ce-69ae-4f6a-9650-d2414e457ec8"
        ],
        "x-ms-routing-request-id": [
          "WESTUS2:20180320T204225Z:f7e634ce-69ae-4f6a-9650-d2414e457ec8"
        ],
        "X-Content-Type-Options": [
          "nosniff"
        ],
        "Cache-Control": [
          "no-cache"
        ],
        "Date": [
          "Tue, 20 Mar 2018 20:42:24 GMT"
        ],
        "Server": [
          "Microsoft-IIS/8.5"
        ],
        "X-AspNet-Version": [
          "4.0.30319"
        ],
        "X-Powered-By": [
          "ASP.NET"
        ]
      },
      "StatusCode": 200
    },
    {
      "RequestUri": "/subscriptions/c9cbd920-c00c-427c-852b-8aaf38badaeb/resourcegroups/ps4756/providers/Microsoft.Cdn/operationresults/f7091c70-8cbb-4c93-8ca6-69b08d2864d9/profileresults/ps6772/endpointresults/ps5441?api-version=2016-10-02",
      "EncodedRequestUri": "L3N1YnNjcmlwdGlvbnMvYzljYmQ5MjAtYzAwYy00MjdjLTg1MmItOGFhZjM4YmFkYWViL3Jlc291cmNlZ3JvdXBzL3BzNDc1Ni9wcm92aWRlcnMvTWljcm9zb2Z0LkNkbi9vcGVyYXRpb25yZXN1bHRzL2Y3MDkxYzcwLThjYmItNGM5My04Y2E2LTY5YjA4ZDI4NjRkOS9wcm9maWxlcmVzdWx0cy9wczY3NzIvZW5kcG9pbnRyZXN1bHRzL3BzNTQ0MT9hcGktdmVyc2lvbj0yMDE2LTEwLTAy",
      "RequestMethod": "GET",
      "RequestBody": "",
      "RequestHeaders": {
        "User-Agent": [
          "FxVersion/4.7.2633.0",
          "OSName/Windows10Enterprise",
          "OSVersion/6.3.16299",
          "Microsoft.Azure.Management.Cdn.CdnManagementClient/3.0.0.0"
        ]
      },
      "ResponseBody": "{\r\n  \"name\": \"ps5441\",\r\n  \"id\": \"/subscriptions/c9cbd920-c00c-427c-852b-8aaf38badaeb/resourcegroups/ps4756/providers/Microsoft.Cdn/operationresults/f7091c70-8cbb-4c93-8ca6-69b08d2864d9/profileresults/ps6772/endpointresults/ps5441\",\r\n  \"type\": \"Microsoft.Cdn/operationresults/profileresults/endpointresults\",\r\n  \"tags\": {\r\n    \"tag2\": \"value2\",\r\n    \"tag1\": \"value1\"\r\n  },\r\n  \"location\": \"EastUs\",\r\n  \"properties\": {\r\n    \"hostName\": \"ps5441.azureedge.net\",\r\n    \"originHostHeader\": \"www.microsoft.com\",\r\n    \"provisioningState\": \"Succeeded\",\r\n    \"resourceState\": \"Stopped\",\r\n    \"isHttpAllowed\": true,\r\n    \"isHttpsAllowed\": true,\r\n    \"queryStringCachingBehavior\": \"BypassCaching\",\r\n    \"originPath\": \"/videos\",\r\n    \"origins\": [\r\n      {\r\n        \"name\": \"ps1344\",\r\n        \"properties\": {\r\n          \"hostName\": \"www.microsoft.com\",\r\n          \"httpPort\": 123,\r\n          \"httpsPort\": 456\r\n        }\r\n      }\r\n    ],\r\n    \"customDomains\": [],\r\n    \"contentTypesToCompress\": [\r\n      \"application/json\",\r\n      \"text/html\"\r\n    ],\r\n    \"isCompressionEnabled\": true,\r\n    \"optimizationType\": null,\r\n    \"geoFilters\": []\r\n  }\r\n}",
      "ResponseHeaders": {
        "Content-Length": [
          "984"
        ],
        "Content-Type": [
          "application/json; odata.metadata=minimal; odata.streaming=true"
        ],
        "Expires": [
          "-1"
        ],
        "Pragma": [
          "no-cache"
        ],
        "x-ms-request-id": [
          "5ef07ca2-9c13-47ba-86da-d94bdf14081c"
        ],
        "x-ms-client-request-id": [
          "1a52f33f-73da-42bd-bf79-83331c35da60"
        ],
        "OData-Version": [
          "4.0"
        ],
        "Strict-Transport-Security": [
          "max-age=31536000; includeSubDomains"
        ],
        "x-ms-ratelimit-remaining-subscription-reads": [
          "14991"
        ],
        "x-ms-correlation-request-id": [
          "78f7783a-7c4a-4fd0-b618-bcdeabce2519"
        ],
        "x-ms-routing-request-id": [
          "WESTUS2:20180320T204225Z:78f7783a-7c4a-4fd0-b618-bcdeabce2519"
        ],
        "X-Content-Type-Options": [
          "nosniff"
        ],
        "Cache-Control": [
          "no-cache"
        ],
        "Date": [
          "Tue, 20 Mar 2018 20:42:25 GMT"
        ],
        "Server": [
          "Microsoft-IIS/8.5"
        ],
        "X-AspNet-Version": [
          "4.0.30319"
        ],
        "X-Powered-By": [
          "ASP.NET"
        ]
      },
      "StatusCode": 200
    },
    {
      "RequestUri": "/subscriptions/c9cbd920-c00c-427c-852b-8aaf38badaeb/resourceGroups/ps4756/providers/Microsoft.Cdn/profiles/ps6772/endpoints/ps5441/start?api-version=2016-10-02",
      "EncodedRequestUri": "L3N1YnNjcmlwdGlvbnMvYzljYmQ5MjAtYzAwYy00MjdjLTg1MmItOGFhZjM4YmFkYWViL3Jlc291cmNlR3JvdXBzL3BzNDc1Ni9wcm92aWRlcnMvTWljcm9zb2Z0LkNkbi9wcm9maWxlcy9wczY3NzIvZW5kcG9pbnRzL3BzNTQ0MS9zdGFydD9hcGktdmVyc2lvbj0yMDE2LTEwLTAy",
      "RequestMethod": "POST",
      "RequestBody": "",
      "RequestHeaders": {
        "x-ms-client-request-id": [
          "0f29a687-8636-4f8d-971c-ccc9b12e2c69"
        ],
        "accept-language": [
          "en-US"
        ],
        "User-Agent": [
          "FxVersion/4.7.2633.0",
          "OSName/Windows10Enterprise",
          "OSVersion/6.3.16299",
          "Microsoft.Azure.Management.Cdn.CdnManagementClient/3.0.0.0"
        ]
      },
      "ResponseBody": "{\r\n  \"hostName\": \"ps5441.azureedge.net\",\r\n  \"originHostHeader\": \"www.microsoft.com\",\r\n  \"provisioningState\": \"Succeeded\",\r\n  \"resourceState\": \"Starting\",\r\n  \"isHttpAllowed\": true,\r\n  \"isHttpsAllowed\": true,\r\n  \"queryStringCachingBehavior\": \"BypassCaching\",\r\n  \"originPath\": \"/videos\",\r\n  \"origins\": [\r\n    {\r\n      \"name\": \"ps1344\",\r\n      \"properties\": {\r\n        \"hostName\": \"www.microsoft.com\",\r\n        \"httpPort\": 123,\r\n        \"httpsPort\": 456\r\n      }\r\n    }\r\n  ],\r\n  \"customDomains\": [],\r\n  \"contentTypesToCompress\": [\r\n    \"application/json\",\r\n    \"text/html\"\r\n  ],\r\n  \"isCompressionEnabled\": true,\r\n  \"optimizationType\": null,\r\n  \"geoFilters\": []\r\n}",
      "ResponseHeaders": {
        "Content-Length": [
          "574"
        ],
        "Content-Type": [
          "application/json; odata.metadata=minimal; odata.streaming=true"
        ],
        "Expires": [
          "-1"
        ],
        "Pragma": [
          "no-cache"
        ],
        "Retry-After": [
          "10"
        ],
        "x-ms-request-id": [
          "c462577c-b029-44f8-858d-5c824f733027"
        ],
        "x-ms-client-request-id": [
          "0f29a687-8636-4f8d-971c-ccc9b12e2c69"
        ],
        "Azure-AsyncOperation": [
          "https://management.azure.com/subscriptions/c9cbd920-c00c-427c-852b-8aaf38badaeb/resourcegroups/ps4756/providers/Microsoft.Cdn/operationresults/965b02df-a1fa-403c-a9e5-77cca0842349?api-version=2016-10-02"
        ],
        "OData-Version": [
          "4.0"
        ],
        "Strict-Transport-Security": [
          "max-age=31536000; includeSubDomains"
        ],
        "x-ms-ratelimit-remaining-subscription-writes": [
          "1196"
        ],
        "x-ms-correlation-request-id": [
          "41df92be-2b2b-47f4-aebb-cfbeb3a8db7b"
        ],
        "x-ms-routing-request-id": [
          "WESTUS2:20180320T204226Z:41df92be-2b2b-47f4-aebb-cfbeb3a8db7b"
        ],
        "X-Content-Type-Options": [
          "nosniff"
        ],
        "Cache-Control": [
          "no-cache"
        ],
        "Date": [
          "Tue, 20 Mar 2018 20:42:26 GMT"
        ],
        "Location": [
          "https://management.azure.com/subscriptions/c9cbd920-c00c-427c-852b-8aaf38badaeb/resourcegroups/ps4756/providers/Microsoft.Cdn/operationresults/965b02df-a1fa-403c-a9e5-77cca0842349/profileresults/ps6772/endpointresults/ps5441?api-version=2016-10-02"
        ],
        "Server": [
          "Microsoft-IIS/8.5"
        ],
        "X-AspNet-Version": [
          "4.0.30319"
        ],
        "X-Powered-By": [
          "ASP.NET"
        ]
      },
      "StatusCode": 202
    },
    {
      "RequestUri": "/subscriptions/c9cbd920-c00c-427c-852b-8aaf38badaeb/resourcegroups/ps4756/providers/Microsoft.Cdn/operationresults/965b02df-a1fa-403c-a9e5-77cca0842349?api-version=2016-10-02",
      "EncodedRequestUri": "L3N1YnNjcmlwdGlvbnMvYzljYmQ5MjAtYzAwYy00MjdjLTg1MmItOGFhZjM4YmFkYWViL3Jlc291cmNlZ3JvdXBzL3BzNDc1Ni9wcm92aWRlcnMvTWljcm9zb2Z0LkNkbi9vcGVyYXRpb25yZXN1bHRzLzk2NWIwMmRmLWExZmEtNDAzYy1hOWU1LTc3Y2NhMDg0MjM0OT9hcGktdmVyc2lvbj0yMDE2LTEwLTAy",
      "RequestMethod": "GET",
      "RequestBody": "",
      "RequestHeaders": {
        "User-Agent": [
          "FxVersion/4.7.2633.0",
          "OSName/Windows10Enterprise",
          "OSVersion/6.3.16299",
          "Microsoft.Azure.Management.Cdn.CdnManagementClient/3.0.0.0"
        ]
      },
      "ResponseBody": "{\r\n  \"status\": \"Succeeded\",\r\n  \"error\": {\r\n    \"code\": \"None\",\r\n    \"message\": null\r\n  }\r\n}",
      "ResponseHeaders": {
        "Content-Length": [
          "77"
        ],
        "Content-Type": [
          "application/json; odata.metadata=minimal; odata.streaming=true"
        ],
        "Expires": [
          "-1"
        ],
        "Pragma": [
          "no-cache"
        ],
        "x-ms-request-id": [
          "6bb1007b-4f48-4e3b-81b7-1152b5691cae"
        ],
        "x-ms-client-request-id": [
          "4de301c5-3589-4810-95c8-3b3d9d240227"
        ],
        "OData-Version": [
          "4.0"
        ],
        "Strict-Transport-Security": [
          "max-age=31536000; includeSubDomains"
        ],
        "x-ms-ratelimit-remaining-subscription-reads": [
          "14989"
        ],
        "x-ms-correlation-request-id": [
          "521215f5-fb24-48bc-8dd7-abc4b3ff607f"
        ],
        "x-ms-routing-request-id": [
          "WESTUS2:20180320T204236Z:521215f5-fb24-48bc-8dd7-abc4b3ff607f"
        ],
        "X-Content-Type-Options": [
          "nosniff"
        ],
        "Cache-Control": [
          "no-cache"
        ],
        "Date": [
          "Tue, 20 Mar 2018 20:42:36 GMT"
        ],
        "Server": [
          "Microsoft-IIS/8.5"
        ],
        "X-AspNet-Version": [
          "4.0.30319"
        ],
        "X-Powered-By": [
          "ASP.NET"
        ]
      },
      "StatusCode": 200
    },
    {
      "RequestUri": "/subscriptions/c9cbd920-c00c-427c-852b-8aaf38badaeb/resourcegroups/ps4756/providers/Microsoft.Cdn/operationresults/965b02df-a1fa-403c-a9e5-77cca0842349/profileresults/ps6772/endpointresults/ps5441?api-version=2016-10-02",
      "EncodedRequestUri": "L3N1YnNjcmlwdGlvbnMvYzljYmQ5MjAtYzAwYy00MjdjLTg1MmItOGFhZjM4YmFkYWViL3Jlc291cmNlZ3JvdXBzL3BzNDc1Ni9wcm92aWRlcnMvTWljcm9zb2Z0LkNkbi9vcGVyYXRpb25yZXN1bHRzLzk2NWIwMmRmLWExZmEtNDAzYy1hOWU1LTc3Y2NhMDg0MjM0OS9wcm9maWxlcmVzdWx0cy9wczY3NzIvZW5kcG9pbnRyZXN1bHRzL3BzNTQ0MT9hcGktdmVyc2lvbj0yMDE2LTEwLTAy",
      "RequestMethod": "GET",
      "RequestBody": "",
      "RequestHeaders": {
        "User-Agent": [
          "FxVersion/4.7.2633.0",
          "OSName/Windows10Enterprise",
          "OSVersion/6.3.16299",
          "Microsoft.Azure.Management.Cdn.CdnManagementClient/3.0.0.0"
        ]
      },
      "ResponseBody": "{\r\n  \"name\": \"ps5441\",\r\n  \"id\": \"/subscriptions/c9cbd920-c00c-427c-852b-8aaf38badaeb/resourcegroups/ps4756/providers/Microsoft.Cdn/operationresults/965b02df-a1fa-403c-a9e5-77cca0842349/profileresults/ps6772/endpointresults/ps5441\",\r\n  \"type\": \"Microsoft.Cdn/operationresults/profileresults/endpointresults\",\r\n  \"tags\": {\r\n    \"tag2\": \"value2\",\r\n    \"tag1\": \"value1\"\r\n  },\r\n  \"location\": \"EastUs\",\r\n  \"properties\": {\r\n    \"hostName\": \"ps5441.azureedge.net\",\r\n    \"originHostHeader\": \"www.microsoft.com\",\r\n    \"provisioningState\": \"Succeeded\",\r\n    \"resourceState\": \"Running\",\r\n    \"isHttpAllowed\": true,\r\n    \"isHttpsAllowed\": true,\r\n    \"queryStringCachingBehavior\": \"BypassCaching\",\r\n    \"originPath\": \"/videos\",\r\n    \"origins\": [\r\n      {\r\n        \"name\": \"ps1344\",\r\n        \"properties\": {\r\n          \"hostName\": \"www.microsoft.com\",\r\n          \"httpPort\": 123,\r\n          \"httpsPort\": 456\r\n        }\r\n      }\r\n    ],\r\n    \"customDomains\": [],\r\n    \"contentTypesToCompress\": [\r\n      \"application/json\",\r\n      \"text/html\"\r\n    ],\r\n    \"isCompressionEnabled\": true,\r\n    \"optimizationType\": null,\r\n    \"geoFilters\": []\r\n  }\r\n}",
      "ResponseHeaders": {
        "Content-Length": [
          "984"
        ],
        "Content-Type": [
          "application/json; odata.metadata=minimal; odata.streaming=true"
        ],
        "Expires": [
          "-1"
        ],
        "Pragma": [
          "no-cache"
        ],
        "x-ms-request-id": [
          "60d03ee2-1b58-43b7-9a8a-391c2d2eb5f9"
        ],
        "x-ms-client-request-id": [
          "96a57d23-129f-4dd7-99c7-71d11c3b5a9b"
        ],
        "OData-Version": [
          "4.0"
        ],
        "Strict-Transport-Security": [
          "max-age=31536000; includeSubDomains"
        ],
        "x-ms-ratelimit-remaining-subscription-reads": [
          "14988"
        ],
        "x-ms-correlation-request-id": [
          "dc544979-80be-4074-855e-c5952bd92ceb"
        ],
        "x-ms-routing-request-id": [
          "WESTUS2:20180320T204237Z:dc544979-80be-4074-855e-c5952bd92ceb"
        ],
        "X-Content-Type-Options": [
          "nosniff"
        ],
        "Cache-Control": [
          "no-cache"
        ],
        "Date": [
          "Tue, 20 Mar 2018 20:42:36 GMT"
        ],
        "Server": [
          "Microsoft-IIS/8.5"
        ],
        "X-AspNet-Version": [
          "4.0.30319"
        ],
        "X-Powered-By": [
          "ASP.NET"
        ]
      },
      "StatusCode": 200
    },
    {
      "RequestUri": "/subscriptions/c9cbd920-c00c-427c-852b-8aaf38badaeb/resourceGroups/ps4756/providers/Microsoft.Cdn/profiles/ps6772/endpoints/ps5441/purge?api-version=2016-10-02",
      "EncodedRequestUri": "L3N1YnNjcmlwdGlvbnMvYzljYmQ5MjAtYzAwYy00MjdjLTg1MmItOGFhZjM4YmFkYWViL3Jlc291cmNlR3JvdXBzL3BzNDc1Ni9wcm92aWRlcnMvTWljcm9zb2Z0LkNkbi9wcm9maWxlcy9wczY3NzIvZW5kcG9pbnRzL3BzNTQ0MS9wdXJnZT9hcGktdmVyc2lvbj0yMDE2LTEwLTAy",
      "RequestMethod": "POST",
      "RequestBody": "{\r\n  \"contentPaths\": [\r\n    \"/pic1.jpg\",\r\n    \"/pic2.jpg\"\r\n  ]\r\n}",
      "RequestHeaders": {
        "Content-Type": [
          "application/json; charset=utf-8"
        ],
        "Content-Length": [
          "65"
        ],
        "x-ms-client-request-id": [
          "3762d2d6-123f-48d7-8576-b4d2ab4cc47b"
        ],
        "accept-language": [
          "en-US"
        ],
        "User-Agent": [
          "FxVersion/4.7.2633.0",
          "OSName/Windows10Enterprise",
          "OSVersion/6.3.16299",
          "Microsoft.Azure.Management.Cdn.CdnManagementClient/3.0.0.0"
        ]
      },
      "ResponseBody": "",
      "ResponseHeaders": {
        "Content-Length": [
          "0"
        ],
        "Expires": [
          "-1"
        ],
        "Pragma": [
          "no-cache"
        ],
        "Retry-After": [
          "10"
        ],
        "x-ms-request-id": [
          "ca852d60-fa26-42f9-92a4-3257c4c211e9"
        ],
        "x-ms-client-request-id": [
          "3762d2d6-123f-48d7-8576-b4d2ab4cc47b"
        ],
        "Azure-AsyncOperation": [
          "https://management.azure.com/subscriptions/c9cbd920-c00c-427c-852b-8aaf38badaeb/resourcegroups/ps4756/providers/Microsoft.Cdn/operationresults/eec5a516-cf9a-4a9d-86d9-128c8efb570d?api-version=2016-10-02"
        ],
        "Strict-Transport-Security": [
          "max-age=31536000; includeSubDomains"
        ],
        "x-ms-ratelimit-remaining-subscription-writes": [
          "1195"
        ],
        "x-ms-correlation-request-id": [
          "ea7d1cd4-471b-4455-b80c-66fa7f9f9891"
        ],
        "x-ms-routing-request-id": [
          "WESTUS2:20180320T204238Z:ea7d1cd4-471b-4455-b80c-66fa7f9f9891"
        ],
        "X-Content-Type-Options": [
          "nosniff"
        ],
        "Cache-Control": [
          "no-cache"
        ],
        "Date": [
          "Tue, 20 Mar 2018 20:42:37 GMT"
        ],
        "Location": [
          "https://management.azure.com/subscriptions/c9cbd920-c00c-427c-852b-8aaf38badaeb/resourcegroups/ps4756/providers/Microsoft.Cdn/operationresults/eec5a516-cf9a-4a9d-86d9-128c8efb570d/profileresults/ps6772/endpointresults/ps5441?api-version=2016-10-02"
        ],
        "Server": [
          "Microsoft-IIS/8.5"
        ],
        "X-AspNet-Version": [
          "4.0.30319"
        ],
        "X-Powered-By": [
          "ASP.NET"
        ]
      },
      "StatusCode": 202
    },
    {
      "RequestUri": "/subscriptions/c9cbd920-c00c-427c-852b-8aaf38badaeb/resourcegroups/ps4756/providers/Microsoft.Cdn/operationresults/eec5a516-cf9a-4a9d-86d9-128c8efb570d?api-version=2016-10-02",
      "EncodedRequestUri": "L3N1YnNjcmlwdGlvbnMvYzljYmQ5MjAtYzAwYy00MjdjLTg1MmItOGFhZjM4YmFkYWViL3Jlc291cmNlZ3JvdXBzL3BzNDc1Ni9wcm92aWRlcnMvTWljcm9zb2Z0LkNkbi9vcGVyYXRpb25yZXN1bHRzL2VlYzVhNTE2LWNmOWEtNGE5ZC04NmQ5LTEyOGM4ZWZiNTcwZD9hcGktdmVyc2lvbj0yMDE2LTEwLTAy",
      "RequestMethod": "GET",
      "RequestBody": "",
      "RequestHeaders": {
        "User-Agent": [
          "FxVersion/4.7.2633.0",
          "OSName/Windows10Enterprise",
          "OSVersion/6.3.16299",
          "Microsoft.Azure.Management.Cdn.CdnManagementClient/3.0.0.0"
        ]
      },
      "ResponseBody": "{\r\n  \"status\": \"InProgress\",\r\n  \"error\": {\r\n    \"code\": \"None\",\r\n    \"message\": null\r\n  }\r\n}",
      "ResponseHeaders": {
        "Content-Length": [
          "78"
        ],
        "Content-Type": [
          "application/json; odata.metadata=minimal; odata.streaming=true"
        ],
        "Expires": [
          "-1"
        ],
        "Pragma": [
          "no-cache"
        ],
        "x-ms-request-id": [
          "b8ef7ece-f916-4c46-a277-e588da5af15c"
        ],
        "x-ms-client-request-id": [
          "2a2ad59f-957e-4a27-be09-e6aad44e72e9"
        ],
        "OData-Version": [
          "4.0"
        ],
        "Strict-Transport-Security": [
          "max-age=31536000; includeSubDomains"
        ],
        "x-ms-ratelimit-remaining-subscription-reads": [
          "14986"
        ],
        "x-ms-correlation-request-id": [
          "311e4609-1fbf-4c7a-bfec-fc8058c145a6"
        ],
        "x-ms-routing-request-id": [
          "WESTUS2:20180320T204248Z:311e4609-1fbf-4c7a-bfec-fc8058c145a6"
        ],
        "X-Content-Type-Options": [
          "nosniff"
        ],
        "Cache-Control": [
          "no-cache"
        ],
        "Date": [
          "Tue, 20 Mar 2018 20:42:47 GMT"
        ],
        "Server": [
          "Microsoft-IIS/8.5"
        ],
        "X-AspNet-Version": [
          "4.0.30319"
        ],
        "X-Powered-By": [
          "ASP.NET"
        ]
      },
      "StatusCode": 200
    },
    {
      "RequestUri": "/subscriptions/c9cbd920-c00c-427c-852b-8aaf38badaeb/resourcegroups/ps4756/providers/Microsoft.Cdn/operationresults/eec5a516-cf9a-4a9d-86d9-128c8efb570d?api-version=2016-10-02",
      "EncodedRequestUri": "L3N1YnNjcmlwdGlvbnMvYzljYmQ5MjAtYzAwYy00MjdjLTg1MmItOGFhZjM4YmFkYWViL3Jlc291cmNlZ3JvdXBzL3BzNDc1Ni9wcm92aWRlcnMvTWljcm9zb2Z0LkNkbi9vcGVyYXRpb25yZXN1bHRzL2VlYzVhNTE2LWNmOWEtNGE5ZC04NmQ5LTEyOGM4ZWZiNTcwZD9hcGktdmVyc2lvbj0yMDE2LTEwLTAy",
      "RequestMethod": "GET",
      "RequestBody": "",
      "RequestHeaders": {
        "User-Agent": [
          "FxVersion/4.7.2633.0",
          "OSName/Windows10Enterprise",
          "OSVersion/6.3.16299",
          "Microsoft.Azure.Management.Cdn.CdnManagementClient/3.0.0.0"
        ]
      },
      "ResponseBody": "{\r\n  \"status\": \"InProgress\",\r\n  \"error\": {\r\n    \"code\": \"None\",\r\n    \"message\": null\r\n  }\r\n}",
      "ResponseHeaders": {
        "Content-Length": [
          "78"
        ],
        "Content-Type": [
          "application/json; odata.metadata=minimal; odata.streaming=true"
        ],
        "Expires": [
          "-1"
        ],
        "Pragma": [
          "no-cache"
        ],
        "x-ms-request-id": [
          "82b15311-73a7-4aef-be8e-cbc84aff3a87"
        ],
        "x-ms-client-request-id": [
          "3d55b67e-f54b-4d26-bff3-22d6c0b1f593"
        ],
        "OData-Version": [
          "4.0"
        ],
        "Strict-Transport-Security": [
          "max-age=31536000; includeSubDomains"
        ],
        "x-ms-ratelimit-remaining-subscription-reads": [
          "14985"
        ],
        "x-ms-correlation-request-id": [
          "b04ce026-e837-4497-9f83-089214dde052"
        ],
        "x-ms-routing-request-id": [
          "WESTUS2:20180320T204259Z:b04ce026-e837-4497-9f83-089214dde052"
        ],
        "X-Content-Type-Options": [
          "nosniff"
        ],
        "Cache-Control": [
          "no-cache"
        ],
        "Date": [
          "Tue, 20 Mar 2018 20:42:58 GMT"
        ],
        "Server": [
          "Microsoft-IIS/8.5"
        ],
        "X-AspNet-Version": [
          "4.0.30319"
        ],
        "X-Powered-By": [
          "ASP.NET"
        ]
      },
      "StatusCode": 200
    },
    {
      "RequestUri": "/subscriptions/c9cbd920-c00c-427c-852b-8aaf38badaeb/resourcegroups/ps4756/providers/Microsoft.Cdn/operationresults/eec5a516-cf9a-4a9d-86d9-128c8efb570d?api-version=2016-10-02",
      "EncodedRequestUri": "L3N1YnNjcmlwdGlvbnMvYzljYmQ5MjAtYzAwYy00MjdjLTg1MmItOGFhZjM4YmFkYWViL3Jlc291cmNlZ3JvdXBzL3BzNDc1Ni9wcm92aWRlcnMvTWljcm9zb2Z0LkNkbi9vcGVyYXRpb25yZXN1bHRzL2VlYzVhNTE2LWNmOWEtNGE5ZC04NmQ5LTEyOGM4ZWZiNTcwZD9hcGktdmVyc2lvbj0yMDE2LTEwLTAy",
      "RequestMethod": "GET",
      "RequestBody": "",
      "RequestHeaders": {
        "User-Agent": [
          "FxVersion/4.7.2633.0",
          "OSName/Windows10Enterprise",
          "OSVersion/6.3.16299",
          "Microsoft.Azure.Management.Cdn.CdnManagementClient/3.0.0.0"
        ]
      },
      "ResponseBody": "{\r\n  \"status\": \"InProgress\",\r\n  \"error\": {\r\n    \"code\": \"None\",\r\n    \"message\": null\r\n  }\r\n}",
      "ResponseHeaders": {
        "Content-Length": [
          "78"
        ],
        "Content-Type": [
          "application/json; odata.metadata=minimal; odata.streaming=true"
        ],
        "Expires": [
          "-1"
        ],
        "Pragma": [
          "no-cache"
        ],
        "x-ms-request-id": [
          "0039854c-81cc-44bd-b94a-421eee3a8923"
        ],
        "x-ms-client-request-id": [
          "9da317c2-7e11-44c8-8590-20e67a675365"
        ],
        "OData-Version": [
          "4.0"
        ],
        "Strict-Transport-Security": [
          "max-age=31536000; includeSubDomains"
        ],
        "x-ms-ratelimit-remaining-subscription-reads": [
          "14984"
        ],
        "x-ms-correlation-request-id": [
          "784d56e2-7fd0-4279-a983-410c76875a0f"
        ],
        "x-ms-routing-request-id": [
          "WESTUS2:20180320T204309Z:784d56e2-7fd0-4279-a983-410c76875a0f"
        ],
        "X-Content-Type-Options": [
          "nosniff"
        ],
        "Cache-Control": [
          "no-cache"
        ],
        "Date": [
          "Tue, 20 Mar 2018 20:43:09 GMT"
        ],
        "Server": [
          "Microsoft-IIS/8.5"
        ],
        "X-AspNet-Version": [
          "4.0.30319"
        ],
        "X-Powered-By": [
          "ASP.NET"
        ]
      },
      "StatusCode": 200
    },
    {
      "RequestUri": "/subscriptions/c9cbd920-c00c-427c-852b-8aaf38badaeb/resourcegroups/ps4756/providers/Microsoft.Cdn/operationresults/eec5a516-cf9a-4a9d-86d9-128c8efb570d?api-version=2016-10-02",
      "EncodedRequestUri": "L3N1YnNjcmlwdGlvbnMvYzljYmQ5MjAtYzAwYy00MjdjLTg1MmItOGFhZjM4YmFkYWViL3Jlc291cmNlZ3JvdXBzL3BzNDc1Ni9wcm92aWRlcnMvTWljcm9zb2Z0LkNkbi9vcGVyYXRpb25yZXN1bHRzL2VlYzVhNTE2LWNmOWEtNGE5ZC04NmQ5LTEyOGM4ZWZiNTcwZD9hcGktdmVyc2lvbj0yMDE2LTEwLTAy",
      "RequestMethod": "GET",
      "RequestBody": "",
      "RequestHeaders": {
        "User-Agent": [
          "FxVersion/4.7.2633.0",
          "OSName/Windows10Enterprise",
          "OSVersion/6.3.16299",
          "Microsoft.Azure.Management.Cdn.CdnManagementClient/3.0.0.0"
        ]
      },
      "ResponseBody": "{\r\n  \"status\": \"InProgress\",\r\n  \"error\": {\r\n    \"code\": \"None\",\r\n    \"message\": null\r\n  }\r\n}",
      "ResponseHeaders": {
        "Content-Length": [
          "78"
        ],
        "Content-Type": [
          "application/json; odata.metadata=minimal; odata.streaming=true"
        ],
        "Expires": [
          "-1"
        ],
        "Pragma": [
          "no-cache"
        ],
        "x-ms-request-id": [
          "0fbc6bf5-95c6-4e06-90db-4df11192fa30"
        ],
        "x-ms-client-request-id": [
          "6bfc41bd-cfc3-44bb-9b3f-473ff046e980"
        ],
        "OData-Version": [
          "4.0"
        ],
        "Strict-Transport-Security": [
          "max-age=31536000; includeSubDomains"
        ],
        "x-ms-ratelimit-remaining-subscription-reads": [
          "14983"
        ],
        "x-ms-correlation-request-id": [
          "c1f33f6d-04d8-47c6-a9e2-3968899f0de1"
        ],
        "x-ms-routing-request-id": [
          "WESTUS2:20180320T204319Z:c1f33f6d-04d8-47c6-a9e2-3968899f0de1"
        ],
        "X-Content-Type-Options": [
          "nosniff"
        ],
        "Cache-Control": [
          "no-cache"
        ],
        "Date": [
          "Tue, 20 Mar 2018 20:43:19 GMT"
        ],
        "Server": [
          "Microsoft-IIS/8.5"
        ],
        "X-AspNet-Version": [
          "4.0.30319"
        ],
        "X-Powered-By": [
          "ASP.NET"
        ]
      },
      "StatusCode": 200
    },
    {
      "RequestUri": "/subscriptions/c9cbd920-c00c-427c-852b-8aaf38badaeb/resourcegroups/ps4756/providers/Microsoft.Cdn/operationresults/eec5a516-cf9a-4a9d-86d9-128c8efb570d?api-version=2016-10-02",
      "EncodedRequestUri": "L3N1YnNjcmlwdGlvbnMvYzljYmQ5MjAtYzAwYy00MjdjLTg1MmItOGFhZjM4YmFkYWViL3Jlc291cmNlZ3JvdXBzL3BzNDc1Ni9wcm92aWRlcnMvTWljcm9zb2Z0LkNkbi9vcGVyYXRpb25yZXN1bHRzL2VlYzVhNTE2LWNmOWEtNGE5ZC04NmQ5LTEyOGM4ZWZiNTcwZD9hcGktdmVyc2lvbj0yMDE2LTEwLTAy",
      "RequestMethod": "GET",
      "RequestBody": "",
      "RequestHeaders": {
        "User-Agent": [
          "FxVersion/4.7.2633.0",
          "OSName/Windows10Enterprise",
          "OSVersion/6.3.16299",
          "Microsoft.Azure.Management.Cdn.CdnManagementClient/3.0.0.0"
        ]
      },
      "ResponseBody": "{\r\n  \"status\": \"InProgress\",\r\n  \"error\": {\r\n    \"code\": \"None\",\r\n    \"message\": null\r\n  }\r\n}",
      "ResponseHeaders": {
        "Content-Length": [
          "78"
        ],
        "Content-Type": [
          "application/json; odata.metadata=minimal; odata.streaming=true"
        ],
        "Expires": [
          "-1"
        ],
        "Pragma": [
          "no-cache"
        ],
        "x-ms-request-id": [
          "b6e26fb5-ab8d-42e5-a7f6-52c1eb0cac9a"
        ],
        "x-ms-client-request-id": [
          "6230083d-b46a-401c-ae65-b2900850d893"
        ],
        "OData-Version": [
          "4.0"
        ],
        "Strict-Transport-Security": [
          "max-age=31536000; includeSubDomains"
        ],
        "x-ms-ratelimit-remaining-subscription-reads": [
          "14982"
        ],
        "x-ms-correlation-request-id": [
          "59d6392b-a204-4674-8ee8-508f94d0d716"
        ],
        "x-ms-routing-request-id": [
          "WESTUS2:20180320T204329Z:59d6392b-a204-4674-8ee8-508f94d0d716"
        ],
        "X-Content-Type-Options": [
          "nosniff"
        ],
        "Cache-Control": [
          "no-cache"
        ],
        "Date": [
          "Tue, 20 Mar 2018 20:43:29 GMT"
        ],
        "Server": [
          "Microsoft-IIS/8.5"
        ],
        "X-AspNet-Version": [
          "4.0.30319"
        ],
        "X-Powered-By": [
          "ASP.NET"
        ]
      },
      "StatusCode": 200
    },
    {
      "RequestUri": "/subscriptions/c9cbd920-c00c-427c-852b-8aaf38badaeb/resourcegroups/ps4756/providers/Microsoft.Cdn/operationresults/eec5a516-cf9a-4a9d-86d9-128c8efb570d?api-version=2016-10-02",
      "EncodedRequestUri": "L3N1YnNjcmlwdGlvbnMvYzljYmQ5MjAtYzAwYy00MjdjLTg1MmItOGFhZjM4YmFkYWViL3Jlc291cmNlZ3JvdXBzL3BzNDc1Ni9wcm92aWRlcnMvTWljcm9zb2Z0LkNkbi9vcGVyYXRpb25yZXN1bHRzL2VlYzVhNTE2LWNmOWEtNGE5ZC04NmQ5LTEyOGM4ZWZiNTcwZD9hcGktdmVyc2lvbj0yMDE2LTEwLTAy",
      "RequestMethod": "GET",
      "RequestBody": "",
      "RequestHeaders": {
        "User-Agent": [
          "FxVersion/4.7.2633.0",
          "OSName/Windows10Enterprise",
          "OSVersion/6.3.16299",
          "Microsoft.Azure.Management.Cdn.CdnManagementClient/3.0.0.0"
        ]
      },
      "ResponseBody": "{\r\n  \"status\": \"InProgress\",\r\n  \"error\": {\r\n    \"code\": \"None\",\r\n    \"message\": null\r\n  }\r\n}",
      "ResponseHeaders": {
        "Content-Length": [
          "78"
        ],
        "Content-Type": [
          "application/json; odata.metadata=minimal; odata.streaming=true"
        ],
        "Expires": [
          "-1"
        ],
        "Pragma": [
          "no-cache"
        ],
        "x-ms-request-id": [
          "0be08c48-14d2-41a7-8af1-45740c60d6dd"
        ],
        "x-ms-client-request-id": [
          "26144550-4470-475e-bae0-cd8926a5366b"
        ],
        "OData-Version": [
          "4.0"
        ],
        "Strict-Transport-Security": [
          "max-age=31536000; includeSubDomains"
        ],
        "x-ms-ratelimit-remaining-subscription-reads": [
          "14981"
        ],
        "x-ms-correlation-request-id": [
          "baaf4097-3f46-425b-b169-8e76c2fb9411"
        ],
        "x-ms-routing-request-id": [
          "WESTUS2:20180320T204340Z:baaf4097-3f46-425b-b169-8e76c2fb9411"
        ],
        "X-Content-Type-Options": [
          "nosniff"
        ],
        "Cache-Control": [
          "no-cache"
        ],
        "Date": [
          "Tue, 20 Mar 2018 20:43:39 GMT"
        ],
        "Server": [
          "Microsoft-IIS/8.5"
        ],
        "X-AspNet-Version": [
          "4.0.30319"
        ],
        "X-Powered-By": [
          "ASP.NET"
        ]
      },
      "StatusCode": 200
    },
    {
      "RequestUri": "/subscriptions/c9cbd920-c00c-427c-852b-8aaf38badaeb/resourcegroups/ps4756/providers/Microsoft.Cdn/operationresults/eec5a516-cf9a-4a9d-86d9-128c8efb570d?api-version=2016-10-02",
      "EncodedRequestUri": "L3N1YnNjcmlwdGlvbnMvYzljYmQ5MjAtYzAwYy00MjdjLTg1MmItOGFhZjM4YmFkYWViL3Jlc291cmNlZ3JvdXBzL3BzNDc1Ni9wcm92aWRlcnMvTWljcm9zb2Z0LkNkbi9vcGVyYXRpb25yZXN1bHRzL2VlYzVhNTE2LWNmOWEtNGE5ZC04NmQ5LTEyOGM4ZWZiNTcwZD9hcGktdmVyc2lvbj0yMDE2LTEwLTAy",
      "RequestMethod": "GET",
      "RequestBody": "",
      "RequestHeaders": {
        "User-Agent": [
          "FxVersion/4.7.2633.0",
          "OSName/Windows10Enterprise",
          "OSVersion/6.3.16299",
          "Microsoft.Azure.Management.Cdn.CdnManagementClient/3.0.0.0"
        ]
      },
      "ResponseBody": "{\r\n  \"status\": \"InProgress\",\r\n  \"error\": {\r\n    \"code\": \"None\",\r\n    \"message\": null\r\n  }\r\n}",
      "ResponseHeaders": {
        "Content-Length": [
          "78"
        ],
        "Content-Type": [
          "application/json; odata.metadata=minimal; odata.streaming=true"
        ],
        "Expires": [
          "-1"
        ],
        "Pragma": [
          "no-cache"
        ],
        "x-ms-request-id": [
          "4b4fd6cd-686d-4886-a7d4-5ee20ad0398b"
        ],
        "x-ms-client-request-id": [
          "b06b85c9-9127-4bab-a1eb-6d6a19e9b108"
        ],
        "OData-Version": [
          "4.0"
        ],
        "Strict-Transport-Security": [
          "max-age=31536000; includeSubDomains"
        ],
        "x-ms-ratelimit-remaining-subscription-reads": [
          "14980"
        ],
        "x-ms-correlation-request-id": [
          "5388991b-86a6-464c-b08e-2cbbb060a2a6"
        ],
        "x-ms-routing-request-id": [
          "WESTUS2:20180320T204350Z:5388991b-86a6-464c-b08e-2cbbb060a2a6"
        ],
        "X-Content-Type-Options": [
          "nosniff"
        ],
        "Cache-Control": [
          "no-cache"
        ],
        "Date": [
          "Tue, 20 Mar 2018 20:43:50 GMT"
        ],
        "Server": [
          "Microsoft-IIS/8.5"
        ],
        "X-AspNet-Version": [
          "4.0.30319"
        ],
        "X-Powered-By": [
          "ASP.NET"
        ]
      },
      "StatusCode": 200
    },
    {
      "RequestUri": "/subscriptions/c9cbd920-c00c-427c-852b-8aaf38badaeb/resourcegroups/ps4756/providers/Microsoft.Cdn/operationresults/eec5a516-cf9a-4a9d-86d9-128c8efb570d?api-version=2016-10-02",
      "EncodedRequestUri": "L3N1YnNjcmlwdGlvbnMvYzljYmQ5MjAtYzAwYy00MjdjLTg1MmItOGFhZjM4YmFkYWViL3Jlc291cmNlZ3JvdXBzL3BzNDc1Ni9wcm92aWRlcnMvTWljcm9zb2Z0LkNkbi9vcGVyYXRpb25yZXN1bHRzL2VlYzVhNTE2LWNmOWEtNGE5ZC04NmQ5LTEyOGM4ZWZiNTcwZD9hcGktdmVyc2lvbj0yMDE2LTEwLTAy",
      "RequestMethod": "GET",
      "RequestBody": "",
      "RequestHeaders": {
        "User-Agent": [
          "FxVersion/4.7.2633.0",
          "OSName/Windows10Enterprise",
          "OSVersion/6.3.16299",
          "Microsoft.Azure.Management.Cdn.CdnManagementClient/3.0.0.0"
        ]
      },
      "ResponseBody": "{\r\n  \"status\": \"InProgress\",\r\n  \"error\": {\r\n    \"code\": \"None\",\r\n    \"message\": null\r\n  }\r\n}",
      "ResponseHeaders": {
        "Content-Length": [
          "78"
        ],
        "Content-Type": [
          "application/json; odata.metadata=minimal; odata.streaming=true"
        ],
        "Expires": [
          "-1"
        ],
        "Pragma": [
          "no-cache"
        ],
        "x-ms-request-id": [
          "6bc30da1-c19c-4874-bf28-0dc2ff8b7f97"
        ],
        "x-ms-client-request-id": [
          "159462eb-f06b-4a81-93f4-a7611243d897"
        ],
        "OData-Version": [
          "4.0"
        ],
        "Strict-Transport-Security": [
          "max-age=31536000; includeSubDomains"
        ],
        "x-ms-ratelimit-remaining-subscription-reads": [
          "14979"
        ],
        "x-ms-correlation-request-id": [
          "c6c16800-3314-4bb0-baaf-f1d4a46f0534"
        ],
        "x-ms-routing-request-id": [
          "WESTUS2:20180320T204400Z:c6c16800-3314-4bb0-baaf-f1d4a46f0534"
        ],
        "X-Content-Type-Options": [
          "nosniff"
        ],
        "Cache-Control": [
          "no-cache"
        ],
        "Date": [
          "Tue, 20 Mar 2018 20:44:00 GMT"
        ],
        "Server": [
          "Microsoft-IIS/8.5"
        ],
        "X-AspNet-Version": [
          "4.0.30319"
        ],
        "X-Powered-By": [
          "ASP.NET"
        ]
      },
      "StatusCode": 200
    },
    {
      "RequestUri": "/subscriptions/c9cbd920-c00c-427c-852b-8aaf38badaeb/resourcegroups/ps4756/providers/Microsoft.Cdn/operationresults/eec5a516-cf9a-4a9d-86d9-128c8efb570d?api-version=2016-10-02",
      "EncodedRequestUri": "L3N1YnNjcmlwdGlvbnMvYzljYmQ5MjAtYzAwYy00MjdjLTg1MmItOGFhZjM4YmFkYWViL3Jlc291cmNlZ3JvdXBzL3BzNDc1Ni9wcm92aWRlcnMvTWljcm9zb2Z0LkNkbi9vcGVyYXRpb25yZXN1bHRzL2VlYzVhNTE2LWNmOWEtNGE5ZC04NmQ5LTEyOGM4ZWZiNTcwZD9hcGktdmVyc2lvbj0yMDE2LTEwLTAy",
      "RequestMethod": "GET",
      "RequestBody": "",
      "RequestHeaders": {
        "User-Agent": [
          "FxVersion/4.7.2633.0",
          "OSName/Windows10Enterprise",
          "OSVersion/6.3.16299",
          "Microsoft.Azure.Management.Cdn.CdnManagementClient/3.0.0.0"
        ]
      },
      "ResponseBody": "{\r\n  \"status\": \"InProgress\",\r\n  \"error\": {\r\n    \"code\": \"None\",\r\n    \"message\": null\r\n  }\r\n}",
      "ResponseHeaders": {
        "Content-Length": [
          "78"
        ],
        "Content-Type": [
          "application/json; odata.metadata=minimal; odata.streaming=true"
        ],
        "Expires": [
          "-1"
        ],
        "Pragma": [
          "no-cache"
        ],
        "x-ms-request-id": [
          "6420e97e-ff98-4b46-844d-fc51c3d21c4d"
        ],
        "x-ms-client-request-id": [
          "64674c2a-1d3e-4090-8069-7f56a29938f9"
        ],
        "OData-Version": [
          "4.0"
        ],
        "Strict-Transport-Security": [
          "max-age=31536000; includeSubDomains"
        ],
        "x-ms-ratelimit-remaining-subscription-reads": [
          "14978"
        ],
        "x-ms-correlation-request-id": [
          "4ff2338d-0c38-4d67-863e-21e9c6b0653d"
        ],
        "x-ms-routing-request-id": [
          "WESTUS2:20180320T204410Z:4ff2338d-0c38-4d67-863e-21e9c6b0653d"
        ],
        "X-Content-Type-Options": [
          "nosniff"
        ],
        "Cache-Control": [
          "no-cache"
        ],
        "Date": [
          "Tue, 20 Mar 2018 20:44:10 GMT"
        ],
        "Server": [
          "Microsoft-IIS/8.5"
        ],
        "X-AspNet-Version": [
          "4.0.30319"
        ],
        "X-Powered-By": [
          "ASP.NET"
        ]
      },
      "StatusCode": 200
    },
    {
      "RequestUri": "/subscriptions/c9cbd920-c00c-427c-852b-8aaf38badaeb/resourcegroups/ps4756/providers/Microsoft.Cdn/operationresults/eec5a516-cf9a-4a9d-86d9-128c8efb570d?api-version=2016-10-02",
      "EncodedRequestUri": "L3N1YnNjcmlwdGlvbnMvYzljYmQ5MjAtYzAwYy00MjdjLTg1MmItOGFhZjM4YmFkYWViL3Jlc291cmNlZ3JvdXBzL3BzNDc1Ni9wcm92aWRlcnMvTWljcm9zb2Z0LkNkbi9vcGVyYXRpb25yZXN1bHRzL2VlYzVhNTE2LWNmOWEtNGE5ZC04NmQ5LTEyOGM4ZWZiNTcwZD9hcGktdmVyc2lvbj0yMDE2LTEwLTAy",
      "RequestMethod": "GET",
      "RequestBody": "",
      "RequestHeaders": {
        "User-Agent": [
          "FxVersion/4.7.2633.0",
          "OSName/Windows10Enterprise",
          "OSVersion/6.3.16299",
          "Microsoft.Azure.Management.Cdn.CdnManagementClient/3.0.0.0"
        ]
      },
      "ResponseBody": "{\r\n  \"status\": \"InProgress\",\r\n  \"error\": {\r\n    \"code\": \"None\",\r\n    \"message\": null\r\n  }\r\n}",
      "ResponseHeaders": {
        "Content-Length": [
          "78"
        ],
        "Content-Type": [
          "application/json; odata.metadata=minimal; odata.streaming=true"
        ],
        "Expires": [
          "-1"
        ],
        "Pragma": [
          "no-cache"
        ],
        "x-ms-request-id": [
          "800c8744-003f-4f90-8d98-4c495a9c44f1"
        ],
        "x-ms-client-request-id": [
          "09606712-b79d-449b-958e-7fc63df1dfaf"
        ],
        "OData-Version": [
          "4.0"
        ],
        "Strict-Transport-Security": [
          "max-age=31536000; includeSubDomains"
        ],
        "x-ms-ratelimit-remaining-subscription-reads": [
          "14977"
        ],
        "x-ms-correlation-request-id": [
          "c8a24d4a-55e2-4e2e-bccb-f9ccb28a6bd8"
        ],
        "x-ms-routing-request-id": [
          "WESTUS2:20180320T204420Z:c8a24d4a-55e2-4e2e-bccb-f9ccb28a6bd8"
        ],
        "X-Content-Type-Options": [
          "nosniff"
        ],
        "Cache-Control": [
          "no-cache"
        ],
        "Date": [
          "Tue, 20 Mar 2018 20:44:20 GMT"
        ],
        "Server": [
          "Microsoft-IIS/8.5"
        ],
        "X-AspNet-Version": [
          "4.0.30319"
        ],
        "X-Powered-By": [
          "ASP.NET"
        ]
      },
      "StatusCode": 200
    },
    {
      "RequestUri": "/subscriptions/c9cbd920-c00c-427c-852b-8aaf38badaeb/resourcegroups/ps4756/providers/Microsoft.Cdn/operationresults/eec5a516-cf9a-4a9d-86d9-128c8efb570d?api-version=2016-10-02",
      "EncodedRequestUri": "L3N1YnNjcmlwdGlvbnMvYzljYmQ5MjAtYzAwYy00MjdjLTg1MmItOGFhZjM4YmFkYWViL3Jlc291cmNlZ3JvdXBzL3BzNDc1Ni9wcm92aWRlcnMvTWljcm9zb2Z0LkNkbi9vcGVyYXRpb25yZXN1bHRzL2VlYzVhNTE2LWNmOWEtNGE5ZC04NmQ5LTEyOGM4ZWZiNTcwZD9hcGktdmVyc2lvbj0yMDE2LTEwLTAy",
      "RequestMethod": "GET",
      "RequestBody": "",
      "RequestHeaders": {
        "User-Agent": [
          "FxVersion/4.7.2633.0",
          "OSName/Windows10Enterprise",
          "OSVersion/6.3.16299",
          "Microsoft.Azure.Management.Cdn.CdnManagementClient/3.0.0.0"
        ]
      },
      "ResponseBody": "{\r\n  \"status\": \"InProgress\",\r\n  \"error\": {\r\n    \"code\": \"None\",\r\n    \"message\": null\r\n  }\r\n}",
      "ResponseHeaders": {
        "Content-Length": [
          "78"
        ],
        "Content-Type": [
          "application/json; odata.metadata=minimal; odata.streaming=true"
        ],
        "Expires": [
          "-1"
        ],
        "Pragma": [
          "no-cache"
        ],
        "x-ms-request-id": [
          "c9294dc6-61a9-4b31-bd8b-af30d8726d25"
        ],
        "x-ms-client-request-id": [
          "10f38a88-5062-4e91-abad-c127ebd7c72e"
        ],
        "OData-Version": [
          "4.0"
        ],
        "Strict-Transport-Security": [
          "max-age=31536000; includeSubDomains"
        ],
        "x-ms-ratelimit-remaining-subscription-reads": [
          "14976"
        ],
        "x-ms-correlation-request-id": [
          "3acd3925-7f0a-46d9-b645-ee8527c68f28"
        ],
        "x-ms-routing-request-id": [
          "WESTUS2:20180320T204431Z:3acd3925-7f0a-46d9-b645-ee8527c68f28"
        ],
        "X-Content-Type-Options": [
          "nosniff"
        ],
        "Cache-Control": [
          "no-cache"
        ],
        "Date": [
          "Tue, 20 Mar 2018 20:44:30 GMT"
        ],
        "Server": [
          "Microsoft-IIS/8.5"
        ],
        "X-AspNet-Version": [
          "4.0.30319"
        ],
        "X-Powered-By": [
          "ASP.NET"
        ]
      },
      "StatusCode": 200
    },
    {
      "RequestUri": "/subscriptions/c9cbd920-c00c-427c-852b-8aaf38badaeb/resourcegroups/ps4756/providers/Microsoft.Cdn/operationresults/eec5a516-cf9a-4a9d-86d9-128c8efb570d?api-version=2016-10-02",
      "EncodedRequestUri": "L3N1YnNjcmlwdGlvbnMvYzljYmQ5MjAtYzAwYy00MjdjLTg1MmItOGFhZjM4YmFkYWViL3Jlc291cmNlZ3JvdXBzL3BzNDc1Ni9wcm92aWRlcnMvTWljcm9zb2Z0LkNkbi9vcGVyYXRpb25yZXN1bHRzL2VlYzVhNTE2LWNmOWEtNGE5ZC04NmQ5LTEyOGM4ZWZiNTcwZD9hcGktdmVyc2lvbj0yMDE2LTEwLTAy",
      "RequestMethod": "GET",
      "RequestBody": "",
      "RequestHeaders": {
        "User-Agent": [
          "FxVersion/4.7.2633.0",
          "OSName/Windows10Enterprise",
          "OSVersion/6.3.16299",
          "Microsoft.Azure.Management.Cdn.CdnManagementClient/3.0.0.0"
        ]
      },
      "ResponseBody": "{\r\n  \"status\": \"Succeeded\",\r\n  \"error\": {\r\n    \"code\": \"None\",\r\n    \"message\": null\r\n  }\r\n}",
      "ResponseHeaders": {
        "Content-Length": [
          "77"
        ],
        "Content-Type": [
          "application/json; odata.metadata=minimal; odata.streaming=true"
        ],
        "Expires": [
          "-1"
        ],
        "Pragma": [
          "no-cache"
        ],
        "x-ms-request-id": [
          "ce748dd3-f11d-44c2-9074-eddf49968845"
        ],
        "x-ms-client-request-id": [
          "3742332f-c39e-441a-9b36-c9e785af86fd"
        ],
        "OData-Version": [
          "4.0"
        ],
        "Strict-Transport-Security": [
          "max-age=31536000; includeSubDomains"
        ],
        "x-ms-ratelimit-remaining-subscription-reads": [
          "14975"
        ],
        "x-ms-correlation-request-id": [
          "19dd0cfc-0dcb-462d-84cb-8a2761c85e0e"
        ],
        "x-ms-routing-request-id": [
          "WESTUS2:20180320T204441Z:19dd0cfc-0dcb-462d-84cb-8a2761c85e0e"
        ],
        "X-Content-Type-Options": [
          "nosniff"
        ],
        "Cache-Control": [
          "no-cache"
        ],
        "Date": [
          "Tue, 20 Mar 2018 20:44:40 GMT"
        ],
        "Server": [
          "Microsoft-IIS/8.5"
        ],
        "X-AspNet-Version": [
          "4.0.30319"
        ],
        "X-Powered-By": [
          "ASP.NET"
        ]
      },
      "StatusCode": 200
    },
    {
      "RequestUri": "/subscriptions/c9cbd920-c00c-427c-852b-8aaf38badaeb/resourcegroups/ps4756/providers/Microsoft.Cdn/operationresults/eec5a516-cf9a-4a9d-86d9-128c8efb570d/profileresults/ps6772/endpointresults/ps5441?api-version=2016-10-02",
      "EncodedRequestUri": "L3N1YnNjcmlwdGlvbnMvYzljYmQ5MjAtYzAwYy00MjdjLTg1MmItOGFhZjM4YmFkYWViL3Jlc291cmNlZ3JvdXBzL3BzNDc1Ni9wcm92aWRlcnMvTWljcm9zb2Z0LkNkbi9vcGVyYXRpb25yZXN1bHRzL2VlYzVhNTE2LWNmOWEtNGE5ZC04NmQ5LTEyOGM4ZWZiNTcwZC9wcm9maWxlcmVzdWx0cy9wczY3NzIvZW5kcG9pbnRyZXN1bHRzL3BzNTQ0MT9hcGktdmVyc2lvbj0yMDE2LTEwLTAy",
      "RequestMethod": "GET",
      "RequestBody": "",
      "RequestHeaders": {
        "User-Agent": [
          "FxVersion/4.7.2633.0",
          "OSName/Windows10Enterprise",
          "OSVersion/6.3.16299",
          "Microsoft.Azure.Management.Cdn.CdnManagementClient/3.0.0.0"
        ]
      },
      "ResponseBody": "{\r\n  \"name\": \"ps5441\",\r\n  \"id\": \"/subscriptions/c9cbd920-c00c-427c-852b-8aaf38badaeb/resourcegroups/ps4756/providers/Microsoft.Cdn/operationresults/eec5a516-cf9a-4a9d-86d9-128c8efb570d/profileresults/ps6772/endpointresults/ps5441\",\r\n  \"type\": \"Microsoft.Cdn/operationresults/profileresults/endpointresults\",\r\n  \"tags\": {\r\n    \"tag2\": \"value2\",\r\n    \"tag1\": \"value1\"\r\n  },\r\n  \"location\": \"EastUs\",\r\n  \"properties\": {\r\n    \"hostName\": \"ps5441.azureedge.net\",\r\n    \"originHostHeader\": \"www.microsoft.com\",\r\n    \"provisioningState\": \"Succeeded\",\r\n    \"resourceState\": \"Running\",\r\n    \"isHttpAllowed\": true,\r\n    \"isHttpsAllowed\": true,\r\n    \"queryStringCachingBehavior\": \"BypassCaching\",\r\n    \"originPath\": \"/videos\",\r\n    \"origins\": [\r\n      {\r\n        \"name\": \"ps1344\",\r\n        \"properties\": {\r\n          \"hostName\": \"www.microsoft.com\",\r\n          \"httpPort\": 123,\r\n          \"httpsPort\": 456\r\n        }\r\n      }\r\n    ],\r\n    \"customDomains\": [],\r\n    \"contentTypesToCompress\": [\r\n      \"application/json\",\r\n      \"text/html\"\r\n    ],\r\n    \"isCompressionEnabled\": true,\r\n    \"optimizationType\": null,\r\n    \"geoFilters\": []\r\n  }\r\n}",
      "ResponseHeaders": {
        "Content-Length": [
          "984"
        ],
        "Content-Type": [
          "application/json; odata.metadata=minimal; odata.streaming=true"
        ],
        "Expires": [
          "-1"
        ],
        "Pragma": [
          "no-cache"
        ],
        "x-ms-request-id": [
          "ec9912cf-8e33-47d2-8226-6f41fd4b9013"
        ],
        "x-ms-client-request-id": [
          "fb4d1135-acff-4fcf-a25b-19ffb19ad2b8"
        ],
        "OData-Version": [
          "4.0"
        ],
        "Strict-Transport-Security": [
          "max-age=31536000; includeSubDomains"
        ],
        "x-ms-ratelimit-remaining-subscription-reads": [
          "14974"
        ],
        "x-ms-correlation-request-id": [
          "cb8d4eb5-d17e-4370-9f15-a55ce7ba4c13"
        ],
        "x-ms-routing-request-id": [
          "WESTUS2:20180320T204441Z:cb8d4eb5-d17e-4370-9f15-a55ce7ba4c13"
        ],
        "X-Content-Type-Options": [
          "nosniff"
        ],
        "Cache-Control": [
          "no-cache"
        ],
        "Date": [
          "Tue, 20 Mar 2018 20:44:40 GMT"
        ],
        "Server": [
          "Microsoft-IIS/8.5"
        ],
        "X-AspNet-Version": [
          "4.0.30319"
        ],
        "X-Powered-By": [
          "ASP.NET"
        ]
      },
      "StatusCode": 200
    },
    {
      "RequestUri": "/subscriptions/c9cbd920-c00c-427c-852b-8aaf38badaeb/resourceGroups/ps4756/providers/Microsoft.Cdn/profiles/ps6772/endpoints/ps5441/load?api-version=2016-10-02",
      "EncodedRequestUri": "L3N1YnNjcmlwdGlvbnMvYzljYmQ5MjAtYzAwYy00MjdjLTg1MmItOGFhZjM4YmFkYWViL3Jlc291cmNlR3JvdXBzL3BzNDc1Ni9wcm92aWRlcnMvTWljcm9zb2Z0LkNkbi9wcm9maWxlcy9wczY3NzIvZW5kcG9pbnRzL3BzNTQ0MS9sb2FkP2FwaS12ZXJzaW9uPTIwMTYtMTAtMDI=",
      "RequestMethod": "POST",
      "RequestBody": "{\r\n  \"contentPaths\": [\r\n    \"/pic1.jpg\",\r\n    \"/pic2.jpg\"\r\n  ]\r\n}",
      "RequestHeaders": {
        "Content-Type": [
          "application/json; charset=utf-8"
        ],
        "Content-Length": [
          "65"
        ],
        "x-ms-client-request-id": [
          "ba6d89ec-9f20-4e79-b43c-e07acadb28cd"
        ],
        "accept-language": [
          "en-US"
        ],
        "User-Agent": [
          "FxVersion/4.7.2633.0",
          "OSName/Windows10Enterprise",
          "OSVersion/6.3.16299",
          "Microsoft.Azure.Management.Cdn.CdnManagementClient/3.0.0.0"
        ]
      },
      "ResponseBody": "",
      "ResponseHeaders": {
        "Content-Length": [
          "0"
        ],
        "Expires": [
          "-1"
        ],
        "Pragma": [
          "no-cache"
        ],
        "Retry-After": [
          "10"
        ],
        "x-ms-request-id": [
          "5df6753d-2501-4027-89f8-b21af51818c8"
        ],
        "x-ms-client-request-id": [
          "ba6d89ec-9f20-4e79-b43c-e07acadb28cd"
        ],
        "Azure-AsyncOperation": [
          "https://management.azure.com/subscriptions/c9cbd920-c00c-427c-852b-8aaf38badaeb/resourcegroups/ps4756/providers/Microsoft.Cdn/operationresults/c5b67d45-4481-4e93-b6ff-51243da9f1b3?api-version=2016-10-02"
        ],
        "Strict-Transport-Security": [
          "max-age=31536000; includeSubDomains"
        ],
        "x-ms-ratelimit-remaining-subscription-writes": [
          "1194"
        ],
        "x-ms-correlation-request-id": [
          "29fc51db-d4b4-4e54-8f23-050860e7ea78"
        ],
        "x-ms-routing-request-id": [
          "WESTUS2:20180320T204442Z:29fc51db-d4b4-4e54-8f23-050860e7ea78"
        ],
        "X-Content-Type-Options": [
          "nosniff"
        ],
        "Cache-Control": [
          "no-cache"
        ],
        "Date": [
          "Tue, 20 Mar 2018 20:44:42 GMT"
        ],
        "Location": [
          "https://management.azure.com/subscriptions/c9cbd920-c00c-427c-852b-8aaf38badaeb/resourcegroups/ps4756/providers/Microsoft.Cdn/operationresults/c5b67d45-4481-4e93-b6ff-51243da9f1b3/profileresults/ps6772/endpointresults/ps5441?api-version=2016-10-02"
        ],
        "Server": [
          "Microsoft-IIS/8.5"
        ],
        "X-AspNet-Version": [
          "4.0.30319"
        ],
        "X-Powered-By": [
          "ASP.NET"
        ]
      },
      "StatusCode": 202
    },
    {
      "RequestUri": "/subscriptions/c9cbd920-c00c-427c-852b-8aaf38badaeb/resourcegroups/ps4756/providers/Microsoft.Cdn/operationresults/c5b67d45-4481-4e93-b6ff-51243da9f1b3?api-version=2016-10-02",
      "EncodedRequestUri": "L3N1YnNjcmlwdGlvbnMvYzljYmQ5MjAtYzAwYy00MjdjLTg1MmItOGFhZjM4YmFkYWViL3Jlc291cmNlZ3JvdXBzL3BzNDc1Ni9wcm92aWRlcnMvTWljcm9zb2Z0LkNkbi9vcGVyYXRpb25yZXN1bHRzL2M1YjY3ZDQ1LTQ0ODEtNGU5My1iNmZmLTUxMjQzZGE5ZjFiMz9hcGktdmVyc2lvbj0yMDE2LTEwLTAy",
      "RequestMethod": "GET",
      "RequestBody": "",
      "RequestHeaders": {
        "User-Agent": [
          "FxVersion/4.7.2633.0",
          "OSName/Windows10Enterprise",
          "OSVersion/6.3.16299",
          "Microsoft.Azure.Management.Cdn.CdnManagementClient/3.0.0.0"
        ]
      },
      "ResponseBody": "{\r\n  \"status\": \"InProgress\",\r\n  \"error\": {\r\n    \"code\": \"None\",\r\n    \"message\": null\r\n  }\r\n}",
      "ResponseHeaders": {
        "Content-Length": [
          "78"
        ],
        "Content-Type": [
          "application/json; odata.metadata=minimal; odata.streaming=true"
        ],
        "Expires": [
          "-1"
        ],
        "Pragma": [
          "no-cache"
        ],
        "x-ms-request-id": [
          "8fd8ab59-8374-4e7e-995f-dce5dbe5e13d"
        ],
        "x-ms-client-request-id": [
          "54b502d3-7970-4f93-a060-05b221642057"
        ],
        "OData-Version": [
          "4.0"
        ],
        "Strict-Transport-Security": [
          "max-age=31536000; includeSubDomains"
        ],
        "x-ms-ratelimit-remaining-subscription-reads": [
          "14973"
        ],
        "x-ms-correlation-request-id": [
          "bc451b27-6d06-4833-b6e2-80c37575003e"
        ],
        "x-ms-routing-request-id": [
          "WESTUS2:20180320T204452Z:bc451b27-6d06-4833-b6e2-80c37575003e"
        ],
        "X-Content-Type-Options": [
          "nosniff"
        ],
        "Cache-Control": [
          "no-cache"
        ],
        "Date": [
          "Tue, 20 Mar 2018 20:44:52 GMT"
        ],
        "Server": [
          "Microsoft-IIS/8.5"
        ],
        "X-AspNet-Version": [
          "4.0.30319"
        ],
        "X-Powered-By": [
          "ASP.NET"
        ]
      },
      "StatusCode": 200
    },
    {
      "RequestUri": "/subscriptions/c9cbd920-c00c-427c-852b-8aaf38badaeb/resourcegroups/ps4756/providers/Microsoft.Cdn/operationresults/c5b67d45-4481-4e93-b6ff-51243da9f1b3?api-version=2016-10-02",
      "EncodedRequestUri": "L3N1YnNjcmlwdGlvbnMvYzljYmQ5MjAtYzAwYy00MjdjLTg1MmItOGFhZjM4YmFkYWViL3Jlc291cmNlZ3JvdXBzL3BzNDc1Ni9wcm92aWRlcnMvTWljcm9zb2Z0LkNkbi9vcGVyYXRpb25yZXN1bHRzL2M1YjY3ZDQ1LTQ0ODEtNGU5My1iNmZmLTUxMjQzZGE5ZjFiMz9hcGktdmVyc2lvbj0yMDE2LTEwLTAy",
      "RequestMethod": "GET",
      "RequestBody": "",
      "RequestHeaders": {
        "User-Agent": [
          "FxVersion/4.7.2633.0",
          "OSName/Windows10Enterprise",
          "OSVersion/6.3.16299",
          "Microsoft.Azure.Management.Cdn.CdnManagementClient/3.0.0.0"
        ]
      },
      "ResponseBody": "{\r\n  \"status\": \"InProgress\",\r\n  \"error\": {\r\n    \"code\": \"None\",\r\n    \"message\": null\r\n  }\r\n}",
      "ResponseHeaders": {
        "Content-Length": [
          "78"
        ],
        "Content-Type": [
          "application/json; odata.metadata=minimal; odata.streaming=true"
        ],
        "Expires": [
          "-1"
        ],
        "Pragma": [
          "no-cache"
        ],
        "x-ms-request-id": [
          "75737c21-6581-453a-a3fc-124ae0f07191"
        ],
        "x-ms-client-request-id": [
          "802e765e-e773-483a-af88-d6d117165da3"
        ],
        "OData-Version": [
          "4.0"
        ],
        "Strict-Transport-Security": [
          "max-age=31536000; includeSubDomains"
        ],
        "x-ms-ratelimit-remaining-subscription-reads": [
          "14972"
        ],
        "x-ms-correlation-request-id": [
          "6e72c0b2-7c2d-48e1-909a-b9c625f2fc3a"
        ],
        "x-ms-routing-request-id": [
          "WESTUS2:20180320T204502Z:6e72c0b2-7c2d-48e1-909a-b9c625f2fc3a"
        ],
        "X-Content-Type-Options": [
          "nosniff"
        ],
        "Cache-Control": [
          "no-cache"
        ],
        "Date": [
          "Tue, 20 Mar 2018 20:45:02 GMT"
        ],
        "Server": [
          "Microsoft-IIS/8.5"
        ],
        "X-AspNet-Version": [
          "4.0.30319"
        ],
        "X-Powered-By": [
          "ASP.NET"
        ]
      },
      "StatusCode": 200
    },
    {
      "RequestUri": "/subscriptions/c9cbd920-c00c-427c-852b-8aaf38badaeb/resourcegroups/ps4756/providers/Microsoft.Cdn/operationresults/c5b67d45-4481-4e93-b6ff-51243da9f1b3?api-version=2016-10-02",
      "EncodedRequestUri": "L3N1YnNjcmlwdGlvbnMvYzljYmQ5MjAtYzAwYy00MjdjLTg1MmItOGFhZjM4YmFkYWViL3Jlc291cmNlZ3JvdXBzL3BzNDc1Ni9wcm92aWRlcnMvTWljcm9zb2Z0LkNkbi9vcGVyYXRpb25yZXN1bHRzL2M1YjY3ZDQ1LTQ0ODEtNGU5My1iNmZmLTUxMjQzZGE5ZjFiMz9hcGktdmVyc2lvbj0yMDE2LTEwLTAy",
      "RequestMethod": "GET",
      "RequestBody": "",
      "RequestHeaders": {
        "User-Agent": [
          "FxVersion/4.7.2633.0",
          "OSName/Windows10Enterprise",
          "OSVersion/6.3.16299",
          "Microsoft.Azure.Management.Cdn.CdnManagementClient/3.0.0.0"
        ]
      },
      "ResponseBody": "{\r\n  \"status\": \"InProgress\",\r\n  \"error\": {\r\n    \"code\": \"None\",\r\n    \"message\": null\r\n  }\r\n}",
      "ResponseHeaders": {
        "Content-Length": [
          "78"
        ],
        "Content-Type": [
          "application/json; odata.metadata=minimal; odata.streaming=true"
        ],
        "Expires": [
          "-1"
        ],
        "Pragma": [
          "no-cache"
        ],
        "x-ms-request-id": [
          "79f28cf1-ab41-485c-96f8-4a435ed9ec73"
        ],
        "x-ms-client-request-id": [
          "bf54e21a-ee9e-4dfa-8cac-89c1a7713c86"
        ],
        "OData-Version": [
          "4.0"
        ],
        "Strict-Transport-Security": [
          "max-age=31536000; includeSubDomains"
        ],
        "x-ms-ratelimit-remaining-subscription-reads": [
          "14971"
        ],
        "x-ms-correlation-request-id": [
          "80899243-0e18-469d-ab13-dad72a2dd78b"
        ],
        "x-ms-routing-request-id": [
          "WESTUS2:20180320T204512Z:80899243-0e18-469d-ab13-dad72a2dd78b"
        ],
        "X-Content-Type-Options": [
          "nosniff"
        ],
        "Cache-Control": [
          "no-cache"
        ],
        "Date": [
          "Tue, 20 Mar 2018 20:45:12 GMT"
        ],
        "Server": [
          "Microsoft-IIS/8.5"
        ],
        "X-AspNet-Version": [
          "4.0.30319"
        ],
        "X-Powered-By": [
          "ASP.NET"
        ]
      },
      "StatusCode": 200
    },
    {
      "RequestUri": "/subscriptions/c9cbd920-c00c-427c-852b-8aaf38badaeb/resourcegroups/ps4756/providers/Microsoft.Cdn/operationresults/c5b67d45-4481-4e93-b6ff-51243da9f1b3?api-version=2016-10-02",
      "EncodedRequestUri": "L3N1YnNjcmlwdGlvbnMvYzljYmQ5MjAtYzAwYy00MjdjLTg1MmItOGFhZjM4YmFkYWViL3Jlc291cmNlZ3JvdXBzL3BzNDc1Ni9wcm92aWRlcnMvTWljcm9zb2Z0LkNkbi9vcGVyYXRpb25yZXN1bHRzL2M1YjY3ZDQ1LTQ0ODEtNGU5My1iNmZmLTUxMjQzZGE5ZjFiMz9hcGktdmVyc2lvbj0yMDE2LTEwLTAy",
      "RequestMethod": "GET",
      "RequestBody": "",
      "RequestHeaders": {
        "User-Agent": [
          "FxVersion/4.7.2633.0",
          "OSName/Windows10Enterprise",
          "OSVersion/6.3.16299",
          "Microsoft.Azure.Management.Cdn.CdnManagementClient/3.0.0.0"
        ]
      },
      "ResponseBody": "{\r\n  \"status\": \"InProgress\",\r\n  \"error\": {\r\n    \"code\": \"None\",\r\n    \"message\": null\r\n  }\r\n}",
      "ResponseHeaders": {
        "Content-Length": [
          "78"
        ],
        "Content-Type": [
          "application/json; odata.metadata=minimal; odata.streaming=true"
        ],
        "Expires": [
          "-1"
        ],
        "Pragma": [
          "no-cache"
        ],
        "x-ms-request-id": [
          "1416e4a4-b0c6-42c5-8990-ab70d8d0565e"
        ],
        "x-ms-client-request-id": [
          "24563119-3df6-4799-92e9-693f49d9023d"
        ],
        "OData-Version": [
          "4.0"
        ],
        "Strict-Transport-Security": [
          "max-age=31536000; includeSubDomains"
        ],
        "x-ms-ratelimit-remaining-subscription-reads": [
          "14970"
        ],
        "x-ms-correlation-request-id": [
          "6d44ca0a-3771-4a7e-97bf-6ca08ae8b219"
        ],
        "x-ms-routing-request-id": [
          "WESTUS2:20180320T204523Z:6d44ca0a-3771-4a7e-97bf-6ca08ae8b219"
        ],
        "X-Content-Type-Options": [
          "nosniff"
        ],
        "Cache-Control": [
          "no-cache"
        ],
        "Date": [
          "Tue, 20 Mar 2018 20:45:22 GMT"
        ],
        "Server": [
          "Microsoft-IIS/8.5"
        ],
        "X-AspNet-Version": [
          "4.0.30319"
        ],
        "X-Powered-By": [
          "ASP.NET"
        ]
      },
      "StatusCode": 200
    },
    {
      "RequestUri": "/subscriptions/c9cbd920-c00c-427c-852b-8aaf38badaeb/resourcegroups/ps4756/providers/Microsoft.Cdn/operationresults/c5b67d45-4481-4e93-b6ff-51243da9f1b3?api-version=2016-10-02",
      "EncodedRequestUri": "L3N1YnNjcmlwdGlvbnMvYzljYmQ5MjAtYzAwYy00MjdjLTg1MmItOGFhZjM4YmFkYWViL3Jlc291cmNlZ3JvdXBzL3BzNDc1Ni9wcm92aWRlcnMvTWljcm9zb2Z0LkNkbi9vcGVyYXRpb25yZXN1bHRzL2M1YjY3ZDQ1LTQ0ODEtNGU5My1iNmZmLTUxMjQzZGE5ZjFiMz9hcGktdmVyc2lvbj0yMDE2LTEwLTAy",
      "RequestMethod": "GET",
      "RequestBody": "",
      "RequestHeaders": {
        "User-Agent": [
          "FxVersion/4.7.2633.0",
          "OSName/Windows10Enterprise",
          "OSVersion/6.3.16299",
          "Microsoft.Azure.Management.Cdn.CdnManagementClient/3.0.0.0"
        ]
      },
      "ResponseBody": "{\r\n  \"status\": \"InProgress\",\r\n  \"error\": {\r\n    \"code\": \"None\",\r\n    \"message\": null\r\n  }\r\n}",
      "ResponseHeaders": {
        "Content-Length": [
          "78"
        ],
        "Content-Type": [
          "application/json; odata.metadata=minimal; odata.streaming=true"
        ],
        "Expires": [
          "-1"
        ],
        "Pragma": [
          "no-cache"
        ],
        "x-ms-request-id": [
          "80c574ce-c217-400b-a357-66c16caf30c5"
        ],
        "x-ms-client-request-id": [
          "6a39f1f2-1c38-4087-82a5-4a4781e20553"
        ],
        "OData-Version": [
          "4.0"
        ],
        "Strict-Transport-Security": [
          "max-age=31536000; includeSubDomains"
        ],
        "x-ms-ratelimit-remaining-subscription-reads": [
          "14969"
        ],
        "x-ms-correlation-request-id": [
          "2b0f4507-c010-46cf-9669-13b817c965ba"
        ],
        "x-ms-routing-request-id": [
          "WESTUS2:20180320T204533Z:2b0f4507-c010-46cf-9669-13b817c965ba"
        ],
        "X-Content-Type-Options": [
          "nosniff"
        ],
        "Cache-Control": [
          "no-cache"
        ],
        "Date": [
          "Tue, 20 Mar 2018 20:45:32 GMT"
        ],
        "Server": [
          "Microsoft-IIS/8.5"
        ],
        "X-AspNet-Version": [
          "4.0.30319"
        ],
        "X-Powered-By": [
          "ASP.NET"
        ]
      },
      "StatusCode": 200
    },
    {
      "RequestUri": "/subscriptions/c9cbd920-c00c-427c-852b-8aaf38badaeb/resourcegroups/ps4756/providers/Microsoft.Cdn/operationresults/c5b67d45-4481-4e93-b6ff-51243da9f1b3?api-version=2016-10-02",
      "EncodedRequestUri": "L3N1YnNjcmlwdGlvbnMvYzljYmQ5MjAtYzAwYy00MjdjLTg1MmItOGFhZjM4YmFkYWViL3Jlc291cmNlZ3JvdXBzL3BzNDc1Ni9wcm92aWRlcnMvTWljcm9zb2Z0LkNkbi9vcGVyYXRpb25yZXN1bHRzL2M1YjY3ZDQ1LTQ0ODEtNGU5My1iNmZmLTUxMjQzZGE5ZjFiMz9hcGktdmVyc2lvbj0yMDE2LTEwLTAy",
      "RequestMethod": "GET",
      "RequestBody": "",
      "RequestHeaders": {
        "User-Agent": [
          "FxVersion/4.7.2633.0",
          "OSName/Windows10Enterprise",
          "OSVersion/6.3.16299",
          "Microsoft.Azure.Management.Cdn.CdnManagementClient/3.0.0.0"
        ]
      },
      "ResponseBody": "{\r\n  \"status\": \"InProgress\",\r\n  \"error\": {\r\n    \"code\": \"None\",\r\n    \"message\": null\r\n  }\r\n}",
      "ResponseHeaders": {
        "Content-Length": [
          "78"
        ],
        "Content-Type": [
          "application/json; odata.metadata=minimal; odata.streaming=true"
        ],
        "Expires": [
          "-1"
        ],
        "Pragma": [
          "no-cache"
        ],
        "x-ms-request-id": [
          "5abd16c9-4bbb-40d6-aaf2-8e55077efb1a"
        ],
        "x-ms-client-request-id": [
          "c4162034-0b18-460d-9101-97d71509c88b"
        ],
        "OData-Version": [
          "4.0"
        ],
        "Strict-Transport-Security": [
          "max-age=31536000; includeSubDomains"
        ],
        "x-ms-ratelimit-remaining-subscription-reads": [
          "14968"
        ],
        "x-ms-correlation-request-id": [
          "d4136c7c-466d-48fb-a136-80c746cd016c"
        ],
        "x-ms-routing-request-id": [
          "WESTUS2:20180320T204543Z:d4136c7c-466d-48fb-a136-80c746cd016c"
        ],
        "X-Content-Type-Options": [
          "nosniff"
        ],
        "Cache-Control": [
          "no-cache"
        ],
        "Date": [
          "Tue, 20 Mar 2018 20:45:43 GMT"
        ],
        "Server": [
          "Microsoft-IIS/8.5"
        ],
        "X-AspNet-Version": [
          "4.0.30319"
        ],
        "X-Powered-By": [
          "ASP.NET"
        ]
      },
      "StatusCode": 200
    },
    {
      "RequestUri": "/subscriptions/c9cbd920-c00c-427c-852b-8aaf38badaeb/resourcegroups/ps4756/providers/Microsoft.Cdn/operationresults/c5b67d45-4481-4e93-b6ff-51243da9f1b3?api-version=2016-10-02",
      "EncodedRequestUri": "L3N1YnNjcmlwdGlvbnMvYzljYmQ5MjAtYzAwYy00MjdjLTg1MmItOGFhZjM4YmFkYWViL3Jlc291cmNlZ3JvdXBzL3BzNDc1Ni9wcm92aWRlcnMvTWljcm9zb2Z0LkNkbi9vcGVyYXRpb25yZXN1bHRzL2M1YjY3ZDQ1LTQ0ODEtNGU5My1iNmZmLTUxMjQzZGE5ZjFiMz9hcGktdmVyc2lvbj0yMDE2LTEwLTAy",
      "RequestMethod": "GET",
      "RequestBody": "",
      "RequestHeaders": {
        "User-Agent": [
          "FxVersion/4.7.2633.0",
          "OSName/Windows10Enterprise",
          "OSVersion/6.3.16299",
          "Microsoft.Azure.Management.Cdn.CdnManagementClient/3.0.0.0"
        ]
      },
      "ResponseBody": "{\r\n  \"status\": \"InProgress\",\r\n  \"error\": {\r\n    \"code\": \"None\",\r\n    \"message\": null\r\n  }\r\n}",
      "ResponseHeaders": {
        "Content-Length": [
          "78"
        ],
        "Content-Type": [
          "application/json; odata.metadata=minimal; odata.streaming=true"
        ],
        "Expires": [
          "-1"
        ],
        "Pragma": [
          "no-cache"
        ],
        "x-ms-request-id": [
          "44126969-2051-4b9f-b99d-2448f003e59b"
        ],
        "x-ms-client-request-id": [
          "c5a1d3a7-a75a-44fa-a56c-8d77f0e5cb18"
        ],
        "OData-Version": [
          "4.0"
        ],
        "Strict-Transport-Security": [
          "max-age=31536000; includeSubDomains"
        ],
        "x-ms-ratelimit-remaining-subscription-reads": [
          "14967"
        ],
        "x-ms-correlation-request-id": [
          "7ad050b9-3c67-4bc4-b004-8395a7c2d4e9"
        ],
        "x-ms-routing-request-id": [
          "WESTUS2:20180320T204553Z:7ad050b9-3c67-4bc4-b004-8395a7c2d4e9"
        ],
        "X-Content-Type-Options": [
          "nosniff"
        ],
        "Cache-Control": [
          "no-cache"
        ],
        "Date": [
          "Tue, 20 Mar 2018 20:45:53 GMT"
        ],
        "Server": [
          "Microsoft-IIS/8.5"
        ],
        "X-AspNet-Version": [
          "4.0.30319"
        ],
        "X-Powered-By": [
          "ASP.NET"
        ]
      },
      "StatusCode": 200
    },
    {
      "RequestUri": "/subscriptions/c9cbd920-c00c-427c-852b-8aaf38badaeb/resourcegroups/ps4756/providers/Microsoft.Cdn/operationresults/c5b67d45-4481-4e93-b6ff-51243da9f1b3?api-version=2016-10-02",
      "EncodedRequestUri": "L3N1YnNjcmlwdGlvbnMvYzljYmQ5MjAtYzAwYy00MjdjLTg1MmItOGFhZjM4YmFkYWViL3Jlc291cmNlZ3JvdXBzL3BzNDc1Ni9wcm92aWRlcnMvTWljcm9zb2Z0LkNkbi9vcGVyYXRpb25yZXN1bHRzL2M1YjY3ZDQ1LTQ0ODEtNGU5My1iNmZmLTUxMjQzZGE5ZjFiMz9hcGktdmVyc2lvbj0yMDE2LTEwLTAy",
      "RequestMethod": "GET",
      "RequestBody": "",
      "RequestHeaders": {
        "User-Agent": [
          "FxVersion/4.7.2633.0",
          "OSName/Windows10Enterprise",
          "OSVersion/6.3.16299",
          "Microsoft.Azure.Management.Cdn.CdnManagementClient/3.0.0.0"
        ]
      },
      "ResponseBody": "{\r\n  \"status\": \"InProgress\",\r\n  \"error\": {\r\n    \"code\": \"None\",\r\n    \"message\": null\r\n  }\r\n}",
      "ResponseHeaders": {
        "Content-Length": [
          "78"
        ],
        "Content-Type": [
          "application/json; odata.metadata=minimal; odata.streaming=true"
        ],
        "Expires": [
          "-1"
        ],
        "Pragma": [
          "no-cache"
        ],
        "x-ms-request-id": [
          "d5571d7e-3a43-459d-b147-28b902aafb39"
        ],
        "x-ms-client-request-id": [
          "8fe2ccf4-21cb-47da-a27c-15077605ccc7"
        ],
        "OData-Version": [
          "4.0"
        ],
        "Strict-Transport-Security": [
          "max-age=31536000; includeSubDomains"
        ],
        "x-ms-ratelimit-remaining-subscription-reads": [
          "14966"
        ],
        "x-ms-correlation-request-id": [
          "b90c6572-65dd-417c-98ad-92ee512273c7"
        ],
        "x-ms-routing-request-id": [
          "WESTUS2:20180320T204603Z:b90c6572-65dd-417c-98ad-92ee512273c7"
        ],
        "X-Content-Type-Options": [
          "nosniff"
        ],
        "Cache-Control": [
          "no-cache"
        ],
        "Date": [
          "Tue, 20 Mar 2018 20:46:03 GMT"
        ],
        "Server": [
          "Microsoft-IIS/8.5"
        ],
        "X-AspNet-Version": [
          "4.0.30319"
        ],
        "X-Powered-By": [
          "ASP.NET"
        ]
      },
      "StatusCode": 200
    },
    {
      "RequestUri": "/subscriptions/c9cbd920-c00c-427c-852b-8aaf38badaeb/resourcegroups/ps4756/providers/Microsoft.Cdn/operationresults/c5b67d45-4481-4e93-b6ff-51243da9f1b3?api-version=2016-10-02",
      "EncodedRequestUri": "L3N1YnNjcmlwdGlvbnMvYzljYmQ5MjAtYzAwYy00MjdjLTg1MmItOGFhZjM4YmFkYWViL3Jlc291cmNlZ3JvdXBzL3BzNDc1Ni9wcm92aWRlcnMvTWljcm9zb2Z0LkNkbi9vcGVyYXRpb25yZXN1bHRzL2M1YjY3ZDQ1LTQ0ODEtNGU5My1iNmZmLTUxMjQzZGE5ZjFiMz9hcGktdmVyc2lvbj0yMDE2LTEwLTAy",
      "RequestMethod": "GET",
      "RequestBody": "",
      "RequestHeaders": {
        "User-Agent": [
          "FxVersion/4.7.2633.0",
          "OSName/Windows10Enterprise",
          "OSVersion/6.3.16299",
          "Microsoft.Azure.Management.Cdn.CdnManagementClient/3.0.0.0"
        ]
      },
      "ResponseBody": "{\r\n  \"status\": \"InProgress\",\r\n  \"error\": {\r\n    \"code\": \"None\",\r\n    \"message\": null\r\n  }\r\n}",
      "ResponseHeaders": {
        "Content-Length": [
          "78"
        ],
        "Content-Type": [
          "application/json; odata.metadata=minimal; odata.streaming=true"
        ],
        "Expires": [
          "-1"
        ],
        "Pragma": [
          "no-cache"
        ],
        "x-ms-request-id": [
          "63a7cd53-629e-4c21-bf7b-b8fd852bf5f7"
        ],
        "x-ms-client-request-id": [
          "0a38b5b7-4b58-41b4-9ec6-3750c64f02e9"
        ],
        "OData-Version": [
          "4.0"
        ],
        "Strict-Transport-Security": [
          "max-age=31536000; includeSubDomains"
        ],
        "x-ms-ratelimit-remaining-subscription-reads": [
          "14965"
        ],
        "x-ms-correlation-request-id": [
          "cb42834c-4073-48eb-bd44-8e9ac25ed5b4"
        ],
        "x-ms-routing-request-id": [
          "WESTUS2:20180320T204614Z:cb42834c-4073-48eb-bd44-8e9ac25ed5b4"
        ],
        "X-Content-Type-Options": [
          "nosniff"
        ],
        "Cache-Control": [
          "no-cache"
        ],
        "Date": [
          "Tue, 20 Mar 2018 20:46:13 GMT"
        ],
        "Server": [
          "Microsoft-IIS/8.5"
        ],
        "X-AspNet-Version": [
          "4.0.30319"
        ],
        "X-Powered-By": [
          "ASP.NET"
        ]
      },
      "StatusCode": 200
    },
    {
      "RequestUri": "/subscriptions/c9cbd920-c00c-427c-852b-8aaf38badaeb/resourcegroups/ps4756/providers/Microsoft.Cdn/operationresults/c5b67d45-4481-4e93-b6ff-51243da9f1b3?api-version=2016-10-02",
      "EncodedRequestUri": "L3N1YnNjcmlwdGlvbnMvYzljYmQ5MjAtYzAwYy00MjdjLTg1MmItOGFhZjM4YmFkYWViL3Jlc291cmNlZ3JvdXBzL3BzNDc1Ni9wcm92aWRlcnMvTWljcm9zb2Z0LkNkbi9vcGVyYXRpb25yZXN1bHRzL2M1YjY3ZDQ1LTQ0ODEtNGU5My1iNmZmLTUxMjQzZGE5ZjFiMz9hcGktdmVyc2lvbj0yMDE2LTEwLTAy",
      "RequestMethod": "GET",
      "RequestBody": "",
      "RequestHeaders": {
        "User-Agent": [
          "FxVersion/4.7.2633.0",
          "OSName/Windows10Enterprise",
          "OSVersion/6.3.16299",
          "Microsoft.Azure.Management.Cdn.CdnManagementClient/3.0.0.0"
        ]
      },
      "ResponseBody": "{\r\n  \"status\": \"InProgress\",\r\n  \"error\": {\r\n    \"code\": \"None\",\r\n    \"message\": null\r\n  }\r\n}",
      "ResponseHeaders": {
        "Content-Length": [
          "78"
        ],
        "Content-Type": [
          "application/json; odata.metadata=minimal; odata.streaming=true"
        ],
        "Expires": [
          "-1"
        ],
        "Pragma": [
          "no-cache"
        ],
        "x-ms-request-id": [
          "1fa59149-a0f4-42d9-bae3-40d1c34d90d2"
        ],
        "x-ms-client-request-id": [
          "142f6709-7a04-4db2-89ae-0dd3df663621"
        ],
        "OData-Version": [
          "4.0"
        ],
        "Strict-Transport-Security": [
          "max-age=31536000; includeSubDomains"
        ],
        "x-ms-ratelimit-remaining-subscription-reads": [
          "14964"
        ],
        "x-ms-correlation-request-id": [
          "fbf42682-81e4-4d43-a7b2-e9c6d93d23ce"
        ],
        "x-ms-routing-request-id": [
          "WESTUS2:20180320T204624Z:fbf42682-81e4-4d43-a7b2-e9c6d93d23ce"
        ],
        "X-Content-Type-Options": [
          "nosniff"
        ],
        "Cache-Control": [
          "no-cache"
        ],
        "Date": [
          "Tue, 20 Mar 2018 20:46:23 GMT"
        ],
        "Server": [
          "Microsoft-IIS/8.5"
        ],
        "X-AspNet-Version": [
          "4.0.30319"
        ],
        "X-Powered-By": [
          "ASP.NET"
        ]
      },
      "StatusCode": 200
    },
    {
      "RequestUri": "/subscriptions/c9cbd920-c00c-427c-852b-8aaf38badaeb/resourcegroups/ps4756/providers/Microsoft.Cdn/operationresults/c5b67d45-4481-4e93-b6ff-51243da9f1b3?api-version=2016-10-02",
      "EncodedRequestUri": "L3N1YnNjcmlwdGlvbnMvYzljYmQ5MjAtYzAwYy00MjdjLTg1MmItOGFhZjM4YmFkYWViL3Jlc291cmNlZ3JvdXBzL3BzNDc1Ni9wcm92aWRlcnMvTWljcm9zb2Z0LkNkbi9vcGVyYXRpb25yZXN1bHRzL2M1YjY3ZDQ1LTQ0ODEtNGU5My1iNmZmLTUxMjQzZGE5ZjFiMz9hcGktdmVyc2lvbj0yMDE2LTEwLTAy",
      "RequestMethod": "GET",
      "RequestBody": "",
      "RequestHeaders": {
        "User-Agent": [
          "FxVersion/4.7.2633.0",
          "OSName/Windows10Enterprise",
          "OSVersion/6.3.16299",
          "Microsoft.Azure.Management.Cdn.CdnManagementClient/3.0.0.0"
        ]
      },
      "ResponseBody": "{\r\n  \"status\": \"InProgress\",\r\n  \"error\": {\r\n    \"code\": \"None\",\r\n    \"message\": null\r\n  }\r\n}",
      "ResponseHeaders": {
        "Content-Length": [
          "78"
        ],
        "Content-Type": [
          "application/json; odata.metadata=minimal; odata.streaming=true"
        ],
        "Expires": [
          "-1"
        ],
        "Pragma": [
          "no-cache"
        ],
        "x-ms-request-id": [
          "a28ad966-42fc-45f7-bf7c-a42841273daa"
        ],
        "x-ms-client-request-id": [
          "fc36ff65-4346-4642-ad6c-a35c19be2cd4"
        ],
        "OData-Version": [
          "4.0"
        ],
        "Strict-Transport-Security": [
          "max-age=31536000; includeSubDomains"
        ],
        "x-ms-ratelimit-remaining-subscription-reads": [
          "14963"
        ],
        "x-ms-correlation-request-id": [
          "639bccae-38fd-4543-8de1-4c51df8e5237"
        ],
        "x-ms-routing-request-id": [
          "WESTUS2:20180320T204634Z:639bccae-38fd-4543-8de1-4c51df8e5237"
        ],
        "X-Content-Type-Options": [
          "nosniff"
        ],
        "Cache-Control": [
          "no-cache"
        ],
        "Date": [
          "Tue, 20 Mar 2018 20:46:34 GMT"
        ],
        "Server": [
          "Microsoft-IIS/8.5"
        ],
        "X-AspNet-Version": [
          "4.0.30319"
        ],
        "X-Powered-By": [
          "ASP.NET"
        ]
      },
      "StatusCode": 200
    },
    {
      "RequestUri": "/subscriptions/c9cbd920-c00c-427c-852b-8aaf38badaeb/resourcegroups/ps4756/providers/Microsoft.Cdn/operationresults/c5b67d45-4481-4e93-b6ff-51243da9f1b3?api-version=2016-10-02",
      "EncodedRequestUri": "L3N1YnNjcmlwdGlvbnMvYzljYmQ5MjAtYzAwYy00MjdjLTg1MmItOGFhZjM4YmFkYWViL3Jlc291cmNlZ3JvdXBzL3BzNDc1Ni9wcm92aWRlcnMvTWljcm9zb2Z0LkNkbi9vcGVyYXRpb25yZXN1bHRzL2M1YjY3ZDQ1LTQ0ODEtNGU5My1iNmZmLTUxMjQzZGE5ZjFiMz9hcGktdmVyc2lvbj0yMDE2LTEwLTAy",
      "RequestMethod": "GET",
      "RequestBody": "",
      "RequestHeaders": {
        "User-Agent": [
          "FxVersion/4.7.2633.0",
          "OSName/Windows10Enterprise",
          "OSVersion/6.3.16299",
          "Microsoft.Azure.Management.Cdn.CdnManagementClient/3.0.0.0"
        ]
      },
      "ResponseBody": "{\r\n  \"status\": \"InProgress\",\r\n  \"error\": {\r\n    \"code\": \"None\",\r\n    \"message\": null\r\n  }\r\n}",
      "ResponseHeaders": {
        "Content-Length": [
          "78"
        ],
        "Content-Type": [
          "application/json; odata.metadata=minimal; odata.streaming=true"
        ],
        "Expires": [
          "-1"
        ],
        "Pragma": [
          "no-cache"
        ],
        "x-ms-request-id": [
          "7622ef19-9c27-432e-9603-1275547bf103"
        ],
        "x-ms-client-request-id": [
          "85d9b797-e6ae-4ea3-8bfb-cb7d08dd918b"
        ],
        "OData-Version": [
          "4.0"
        ],
        "Strict-Transport-Security": [
          "max-age=31536000; includeSubDomains"
        ],
        "x-ms-ratelimit-remaining-subscription-reads": [
          "14962"
        ],
        "x-ms-correlation-request-id": [
          "49e32d53-eab7-4bc0-ba39-9ff2668d7b10"
        ],
        "x-ms-routing-request-id": [
          "WESTUS2:20180320T204644Z:49e32d53-eab7-4bc0-ba39-9ff2668d7b10"
        ],
        "X-Content-Type-Options": [
          "nosniff"
        ],
        "Cache-Control": [
          "no-cache"
        ],
        "Date": [
          "Tue, 20 Mar 2018 20:46:44 GMT"
        ],
        "Server": [
          "Microsoft-IIS/8.5"
        ],
        "X-AspNet-Version": [
          "4.0.30319"
        ],
        "X-Powered-By": [
          "ASP.NET"
        ]
      },
      "StatusCode": 200
    },
    {
      "RequestUri": "/subscriptions/c9cbd920-c00c-427c-852b-8aaf38badaeb/resourcegroups/ps4756/providers/Microsoft.Cdn/operationresults/c5b67d45-4481-4e93-b6ff-51243da9f1b3?api-version=2016-10-02",
      "EncodedRequestUri": "L3N1YnNjcmlwdGlvbnMvYzljYmQ5MjAtYzAwYy00MjdjLTg1MmItOGFhZjM4YmFkYWViL3Jlc291cmNlZ3JvdXBzL3BzNDc1Ni9wcm92aWRlcnMvTWljcm9zb2Z0LkNkbi9vcGVyYXRpb25yZXN1bHRzL2M1YjY3ZDQ1LTQ0ODEtNGU5My1iNmZmLTUxMjQzZGE5ZjFiMz9hcGktdmVyc2lvbj0yMDE2LTEwLTAy",
      "RequestMethod": "GET",
      "RequestBody": "",
      "RequestHeaders": {
        "User-Agent": [
          "FxVersion/4.7.2633.0",
          "OSName/Windows10Enterprise",
          "OSVersion/6.3.16299",
          "Microsoft.Azure.Management.Cdn.CdnManagementClient/3.0.0.0"
        ]
      },
      "ResponseBody": "{\r\n  \"status\": \"Succeeded\",\r\n  \"error\": {\r\n    \"code\": \"None\",\r\n    \"message\": null\r\n  }\r\n}",
      "ResponseHeaders": {
        "Content-Length": [
          "77"
        ],
        "Content-Type": [
          "application/json; odata.metadata=minimal; odata.streaming=true"
        ],
        "Expires": [
          "-1"
        ],
        "Pragma": [
          "no-cache"
        ],
        "x-ms-request-id": [
          "9d149490-e0a7-41ed-9459-405131f8bf43"
        ],
        "x-ms-client-request-id": [
          "4e2078a4-a27b-428a-bf7f-c8ffebda517c"
        ],
        "OData-Version": [
          "4.0"
        ],
        "Strict-Transport-Security": [
          "max-age=31536000; includeSubDomains"
        ],
        "x-ms-ratelimit-remaining-subscription-reads": [
          "14961"
        ],
        "x-ms-correlation-request-id": [
          "7ca37f8d-dc6d-4df1-9681-02f155768a3f"
        ],
        "x-ms-routing-request-id": [
          "WESTUS2:20180320T204655Z:7ca37f8d-dc6d-4df1-9681-02f155768a3f"
        ],
        "X-Content-Type-Options": [
          "nosniff"
        ],
        "Cache-Control": [
          "no-cache"
        ],
        "Date": [
          "Tue, 20 Mar 2018 20:46:54 GMT"
        ],
        "Server": [
          "Microsoft-IIS/8.5"
        ],
        "X-AspNet-Version": [
          "4.0.30319"
        ],
        "X-Powered-By": [
          "ASP.NET"
        ]
      },
      "StatusCode": 200
    },
    {
      "RequestUri": "/subscriptions/c9cbd920-c00c-427c-852b-8aaf38badaeb/resourcegroups/ps4756/providers/Microsoft.Cdn/operationresults/c5b67d45-4481-4e93-b6ff-51243da9f1b3/profileresults/ps6772/endpointresults/ps5441?api-version=2016-10-02",
      "EncodedRequestUri": "L3N1YnNjcmlwdGlvbnMvYzljYmQ5MjAtYzAwYy00MjdjLTg1MmItOGFhZjM4YmFkYWViL3Jlc291cmNlZ3JvdXBzL3BzNDc1Ni9wcm92aWRlcnMvTWljcm9zb2Z0LkNkbi9vcGVyYXRpb25yZXN1bHRzL2M1YjY3ZDQ1LTQ0ODEtNGU5My1iNmZmLTUxMjQzZGE5ZjFiMy9wcm9maWxlcmVzdWx0cy9wczY3NzIvZW5kcG9pbnRyZXN1bHRzL3BzNTQ0MT9hcGktdmVyc2lvbj0yMDE2LTEwLTAy",
      "RequestMethod": "GET",
      "RequestBody": "",
      "RequestHeaders": {
        "User-Agent": [
          "FxVersion/4.7.2633.0",
          "OSName/Windows10Enterprise",
          "OSVersion/6.3.16299",
          "Microsoft.Azure.Management.Cdn.CdnManagementClient/3.0.0.0"
        ]
      },
      "ResponseBody": "{\r\n  \"name\": \"ps5441\",\r\n  \"id\": \"/subscriptions/c9cbd920-c00c-427c-852b-8aaf38badaeb/resourcegroups/ps4756/providers/Microsoft.Cdn/operationresults/c5b67d45-4481-4e93-b6ff-51243da9f1b3/profileresults/ps6772/endpointresults/ps5441\",\r\n  \"type\": \"Microsoft.Cdn/operationresults/profileresults/endpointresults\",\r\n  \"tags\": {\r\n    \"tag2\": \"value2\",\r\n    \"tag1\": \"value1\"\r\n  },\r\n  \"location\": \"EastUs\",\r\n  \"properties\": {\r\n    \"hostName\": \"ps5441.azureedge.net\",\r\n    \"originHostHeader\": \"www.microsoft.com\",\r\n    \"provisioningState\": \"Succeeded\",\r\n    \"resourceState\": \"Running\",\r\n    \"isHttpAllowed\": true,\r\n    \"isHttpsAllowed\": true,\r\n    \"queryStringCachingBehavior\": \"BypassCaching\",\r\n    \"originPath\": \"/videos\",\r\n    \"origins\": [\r\n      {\r\n        \"name\": \"ps1344\",\r\n        \"properties\": {\r\n          \"hostName\": \"www.microsoft.com\",\r\n          \"httpPort\": 123,\r\n          \"httpsPort\": 456\r\n        }\r\n      }\r\n    ],\r\n    \"customDomains\": [],\r\n    \"contentTypesToCompress\": [\r\n      \"application/json\",\r\n      \"text/html\"\r\n    ],\r\n    \"isCompressionEnabled\": true,\r\n    \"optimizationType\": null,\r\n    \"geoFilters\": []\r\n  }\r\n}",
      "ResponseHeaders": {
        "Content-Length": [
          "984"
        ],
        "Content-Type": [
          "application/json; odata.metadata=minimal; odata.streaming=true"
        ],
        "Expires": [
          "-1"
        ],
        "Pragma": [
          "no-cache"
        ],
        "x-ms-request-id": [
          "ff7c472e-0b21-48d4-a815-533890157163"
        ],
        "x-ms-client-request-id": [
          "3cec18fa-736a-4fa1-a4ce-b8f860ebdc20"
        ],
        "OData-Version": [
          "4.0"
        ],
        "Strict-Transport-Security": [
          "max-age=31536000; includeSubDomains"
        ],
        "x-ms-ratelimit-remaining-subscription-reads": [
          "14960"
        ],
        "x-ms-correlation-request-id": [
          "91cf88a8-f14f-40f3-8ac9-8ab85c7c70ed"
        ],
        "x-ms-routing-request-id": [
          "WESTUS2:20180320T204655Z:91cf88a8-f14f-40f3-8ac9-8ab85c7c70ed"
        ],
        "X-Content-Type-Options": [
          "nosniff"
        ],
        "Cache-Control": [
          "no-cache"
        ],
        "Date": [
          "Tue, 20 Mar 2018 20:46:54 GMT"
        ],
        "Server": [
          "Microsoft-IIS/8.5"
        ],
        "X-AspNet-Version": [
          "4.0.30319"
        ],
        "X-Powered-By": [
          "ASP.NET"
        ]
      },
      "StatusCode": 200
    },
    {
      "RequestUri": "/subscriptions/c9cbd920-c00c-427c-852b-8aaf38badaeb/resourceGroups/ps4756/providers/Microsoft.Cdn/profiles/ps6772/endpoints/ps5441/validateCustomDomain?api-version=2016-10-02",
      "EncodedRequestUri": "L3N1YnNjcmlwdGlvbnMvYzljYmQ5MjAtYzAwYy00MjdjLTg1MmItOGFhZjM4YmFkYWViL3Jlc291cmNlR3JvdXBzL3BzNDc1Ni9wcm92aWRlcnMvTWljcm9zb2Z0LkNkbi9wcm9maWxlcy9wczY3NzIvZW5kcG9pbnRzL3BzNTQ0MS92YWxpZGF0ZUN1c3RvbURvbWFpbj9hcGktdmVyc2lvbj0yMDE2LTEwLTAy",
      "RequestMethod": "POST",
      "RequestBody": "{\r\n  \"hostName\": \"unverifiedcustomdomain.com\"\r\n}",
      "RequestHeaders": {
        "Content-Type": [
          "application/json; charset=utf-8"
        ],
        "Content-Length": [
          "48"
        ],
        "x-ms-client-request-id": [
          "d2f20d68-909d-4f74-98a5-6c545da01a0a"
        ],
        "accept-language": [
          "en-US"
        ],
        "User-Agent": [
          "FxVersion/4.7.2633.0",
          "OSName/Windows10Enterprise",
          "OSVersion/6.3.16299",
          "Microsoft.Azure.Management.Cdn.CdnManagementClient/3.0.0.0"
        ]
      },
      "ResponseBody": "{\r\n  \"customDomainValidated\": false,\r\n  \"message\": \"We couldn't find a DNS record for custom domain that points to endpoint. To map a domain to this endpoint, create a CNAME record with your DNS provider for custom domain that points to endpoint.\",\r\n  \"reason\": \"IncorrectMapping\"\r\n}",
      "ResponseHeaders": {
        "Content-Length": [
          "272"
        ],
        "Content-Type": [
          "application/json; odata.metadata=minimal"
        ],
        "Expires": [
          "-1"
        ],
        "Pragma": [
          "no-cache"
        ],
        "x-ms-request-id": [
          "6af91a9f-d61d-44fa-b70e-74cd8cd73ee6"
        ],
        "x-ms-client-request-id": [
          "d2f20d68-909d-4f74-98a5-6c545da01a0a"
        ],
        "OData-Version": [
          "4.0"
        ],
        "Strict-Transport-Security": [
          "max-age=31536000; includeSubDomains"
        ],
        "x-ms-ratelimit-remaining-subscription-writes": [
          "1193"
        ],
        "x-ms-correlation-request-id": [
          "90803578-6d7d-4f7e-9b5e-aaf57721adbf"
        ],
        "x-ms-routing-request-id": [
          "WESTUS2:20180320T204655Z:90803578-6d7d-4f7e-9b5e-aaf57721adbf"
        ],
        "X-Content-Type-Options": [
          "nosniff"
        ],
        "Cache-Control": [
          "no-cache"
        ],
        "Date": [
          "Tue, 20 Mar 2018 20:46:55 GMT"
        ],
        "Server": [
          "Microsoft-IIS/8.5"
        ],
        "X-AspNet-Version": [
          "4.0.30319"
        ],
        "X-Powered-By": [
          "ASP.NET"
        ]
      },
      "StatusCode": 200
    },
    {
      "RequestUri": "/subscriptions/c9cbd920-c00c-427c-852b-8aaf38badaeb/resourceGroups/ps4756/providers/Microsoft.Cdn/profiles/ps6772/endpoints?api-version=2016-10-02",
      "EncodedRequestUri": "L3N1YnNjcmlwdGlvbnMvYzljYmQ5MjAtYzAwYy00MjdjLTg1MmItOGFhZjM4YmFkYWViL3Jlc291cmNlR3JvdXBzL3BzNDc1Ni9wcm92aWRlcnMvTWljcm9zb2Z0LkNkbi9wcm9maWxlcy9wczY3NzIvZW5kcG9pbnRzP2FwaS12ZXJzaW9uPTIwMTYtMTAtMDI=",
      "RequestMethod": "GET",
      "RequestBody": "",
      "RequestHeaders": {
        "x-ms-client-request-id": [
          "f3bd9434-7b9e-4f9b-988e-45eaeda81746"
        ],
        "accept-language": [
          "en-US"
        ],
        "User-Agent": [
          "FxVersion/4.7.2633.0",
          "OSName/Windows10Enterprise",
          "OSVersion/6.3.16299",
          "Microsoft.Azure.Management.Cdn.CdnManagementClient/3.0.0.0"
        ]
      },
      "ResponseBody": "{\r\n  \"value\": [\r\n    {\r\n      \"name\": \"ps5441\",\r\n      \"id\": \"/subscriptions/c9cbd920-c00c-427c-852b-8aaf38badaeb/resourcegroups/ps4756/providers/Microsoft.Cdn/profiles/ps6772/endpoints/ps5441\",\r\n      \"type\": \"Microsoft.Cdn/profiles/endpoints\",\r\n      \"tags\": {\r\n        \"tag2\": \"value2\",\r\n        \"tag1\": \"value1\"\r\n      },\r\n      \"location\": \"EastUs\",\r\n      \"properties\": {\r\n        \"hostName\": \"ps5441.azureedge.net\",\r\n        \"originHostHeader\": \"www.microsoft.com\",\r\n        \"provisioningState\": \"Succeeded\",\r\n        \"resourceState\": \"Running\",\r\n        \"isHttpAllowed\": true,\r\n        \"isHttpsAllowed\": true,\r\n        \"queryStringCachingBehavior\": \"BypassCaching\",\r\n        \"originPath\": \"/videos\",\r\n        \"origins\": [\r\n          {\r\n            \"name\": \"ps1344\",\r\n            \"properties\": {\r\n              \"hostName\": \"www.microsoft.com\",\r\n              \"httpPort\": 123,\r\n              \"httpsPort\": 456\r\n            }\r\n          }\r\n        ],\r\n        \"customDomains\": [],\r\n        \"contentTypesToCompress\": [\r\n          \"application/json\",\r\n          \"text/html\"\r\n        ],\r\n        \"isCompressionEnabled\": true,\r\n        \"optimizationType\": null,\r\n        \"geoFilters\": []\r\n      }\r\n    }\r\n  ]\r\n}",
      "ResponseHeaders": {
        "Content-Length": [
          "989"
        ],
        "Content-Type": [
          "application/json; odata.metadata=minimal; odata.streaming=true"
        ],
        "Expires": [
          "-1"
        ],
        "Pragma": [
          "no-cache"
        ],
        "x-ms-request-id": [
          "0490a5e4-6820-43b0-9f3a-15d0d3dc5a61"
        ],
        "x-ms-client-request-id": [
          "f3bd9434-7b9e-4f9b-988e-45eaeda81746"
        ],
        "OData-Version": [
          "4.0"
        ],
        "Strict-Transport-Security": [
          "max-age=31536000; includeSubDomains"
        ],
        "x-ms-ratelimit-remaining-subscription-reads": [
          "14959"
        ],
        "x-ms-correlation-request-id": [
          "f57b3477-5279-492c-b95c-ac464f271cac"
        ],
        "x-ms-routing-request-id": [
          "WESTUS2:20180320T204656Z:f57b3477-5279-492c-b95c-ac464f271cac"
        ],
        "X-Content-Type-Options": [
          "nosniff"
        ],
        "Cache-Control": [
          "no-cache"
        ],
        "Date": [
          "Tue, 20 Mar 2018 20:46:55 GMT"
        ],
        "Server": [
          "Microsoft-IIS/8.5"
        ],
        "X-AspNet-Version": [
          "4.0.30319"
        ],
        "X-Powered-By": [
          "ASP.NET"
        ]
      },
      "StatusCode": 200
    },
    {
      "RequestUri": "/subscriptions/c9cbd920-c00c-427c-852b-8aaf38badaeb/resourceGroups/ps4756/providers/Microsoft.Cdn/profiles/ps6772/endpoints/ps5441?api-version=2016-10-02",
      "EncodedRequestUri": "L3N1YnNjcmlwdGlvbnMvYzljYmQ5MjAtYzAwYy00MjdjLTg1MmItOGFhZjM4YmFkYWViL3Jlc291cmNlR3JvdXBzL3BzNDc1Ni9wcm92aWRlcnMvTWljcm9zb2Z0LkNkbi9wcm9maWxlcy9wczY3NzIvZW5kcG9pbnRzL3BzNTQ0MT9hcGktdmVyc2lvbj0yMDE2LTEwLTAy",
      "RequestMethod": "DELETE",
      "RequestBody": "",
      "RequestHeaders": {
        "x-ms-client-request-id": [
          "e028b191-5340-47ad-92c7-874c9c606f1b"
        ],
        "accept-language": [
          "en-US"
        ],
        "User-Agent": [
          "FxVersion/4.7.2633.0",
          "OSName/Windows10Enterprise",
          "OSVersion/6.3.16299",
          "Microsoft.Azure.Management.Cdn.CdnManagementClient/3.0.0.0"
        ]
      },
      "ResponseBody": "",
      "ResponseHeaders": {
        "Content-Length": [
          "0"
        ],
        "Expires": [
          "-1"
        ],
        "Pragma": [
          "no-cache"
        ],
        "Retry-After": [
          "10"
        ],
        "x-ms-request-id": [
          "baf138b7-c014-49d2-a1fd-1d56ee05e477"
        ],
        "x-ms-client-request-id": [
          "e028b191-5340-47ad-92c7-874c9c606f1b"
        ],
        "Azure-AsyncOperation": [
          "https://management.azure.com/subscriptions/c9cbd920-c00c-427c-852b-8aaf38badaeb/resourcegroups/ps4756/providers/Microsoft.Cdn/operationresults/64fb7d75-2728-40a7-95b9-9c30acb47124?api-version=2016-10-02"
        ],
        "Strict-Transport-Security": [
          "max-age=31536000; includeSubDomains"
        ],
        "x-ms-ratelimit-remaining-subscription-writes": [
          "1192"
        ],
        "x-ms-correlation-request-id": [
          "b770fa58-f495-490b-80b6-cb859ac03a57"
        ],
        "x-ms-routing-request-id": [
          "WESTUS2:20180320T204657Z:b770fa58-f495-490b-80b6-cb859ac03a57"
        ],
        "X-Content-Type-Options": [
          "nosniff"
        ],
        "Cache-Control": [
          "no-cache"
        ],
        "Date": [
          "Tue, 20 Mar 2018 20:46:56 GMT"
        ],
        "Location": [
          "https://management.azure.com/subscriptions/c9cbd920-c00c-427c-852b-8aaf38badaeb/resourcegroups/ps4756/providers/Microsoft.Cdn/operationresults/64fb7d75-2728-40a7-95b9-9c30acb47124/profileresults/ps6772/endpointresults/ps5441?api-version=2016-10-02"
        ],
        "Server": [
          "Microsoft-IIS/8.5"
        ],
        "X-AspNet-Version": [
          "4.0.30319"
        ],
        "X-Powered-By": [
          "ASP.NET"
        ]
      },
      "StatusCode": 202
    },
    {
      "RequestUri": "/subscriptions/c9cbd920-c00c-427c-852b-8aaf38badaeb/resourcegroups/ps4756/providers/Microsoft.Cdn/operationresults/64fb7d75-2728-40a7-95b9-9c30acb47124?api-version=2016-10-02",
      "EncodedRequestUri": "L3N1YnNjcmlwdGlvbnMvYzljYmQ5MjAtYzAwYy00MjdjLTg1MmItOGFhZjM4YmFkYWViL3Jlc291cmNlZ3JvdXBzL3BzNDc1Ni9wcm92aWRlcnMvTWljcm9zb2Z0LkNkbi9vcGVyYXRpb25yZXN1bHRzLzY0ZmI3ZDc1LTI3MjgtNDBhNy05NWI5LTljMzBhY2I0NzEyND9hcGktdmVyc2lvbj0yMDE2LTEwLTAy",
      "RequestMethod": "GET",
      "RequestBody": "",
      "RequestHeaders": {
        "User-Agent": [
          "FxVersion/4.7.2633.0",
          "OSName/Windows10Enterprise",
          "OSVersion/6.3.16299",
          "Microsoft.Azure.Management.Cdn.CdnManagementClient/3.0.0.0"
        ]
      },
      "ResponseBody": "{\r\n  \"status\": \"Succeeded\",\r\n  \"error\": {\r\n    \"code\": \"None\",\r\n    \"message\": null\r\n  }\r\n}",
      "ResponseHeaders": {
        "Content-Length": [
          "77"
        ],
        "Content-Type": [
          "application/json; odata.metadata=minimal; odata.streaming=true"
        ],
        "Expires": [
          "-1"
        ],
        "Pragma": [
          "no-cache"
        ],
        "x-ms-request-id": [
          "470443be-8b70-4e1f-bb25-b6e37cd2ac81"
        ],
        "x-ms-client-request-id": [
          "45fb3b55-1bdc-46f3-a9e7-b474fde052c8"
        ],
        "OData-Version": [
          "4.0"
        ],
        "Strict-Transport-Security": [
          "max-age=31536000; includeSubDomains"
        ],
        "x-ms-ratelimit-remaining-subscription-reads": [
          "14958"
        ],
        "x-ms-correlation-request-id": [
          "77c05695-d3d1-48e7-bf58-19fb600c4035"
        ],
        "x-ms-routing-request-id": [
          "WESTUS2:20180320T204707Z:77c05695-d3d1-48e7-bf58-19fb600c4035"
        ],
        "X-Content-Type-Options": [
          "nosniff"
        ],
        "Cache-Control": [
          "no-cache"
        ],
        "Date": [
          "Tue, 20 Mar 2018 20:47:06 GMT"
        ],
        "Server": [
          "Microsoft-IIS/8.5"
        ],
        "X-AspNet-Version": [
          "4.0.30319"
        ],
        "X-Powered-By": [
          "ASP.NET"
        ]
      },
      "StatusCode": 200
    },
    {
      "RequestUri": "/subscriptions/c9cbd920-c00c-427c-852b-8aaf38badaeb/resourcegroups/ps4756/providers/Microsoft.Cdn/operationresults/64fb7d75-2728-40a7-95b9-9c30acb47124/profileresults/ps6772/endpointresults/ps5441?api-version=2016-10-02",
      "EncodedRequestUri": "L3N1YnNjcmlwdGlvbnMvYzljYmQ5MjAtYzAwYy00MjdjLTg1MmItOGFhZjM4YmFkYWViL3Jlc291cmNlZ3JvdXBzL3BzNDc1Ni9wcm92aWRlcnMvTWljcm9zb2Z0LkNkbi9vcGVyYXRpb25yZXN1bHRzLzY0ZmI3ZDc1LTI3MjgtNDBhNy05NWI5LTljMzBhY2I0NzEyNC9wcm9maWxlcmVzdWx0cy9wczY3NzIvZW5kcG9pbnRyZXN1bHRzL3BzNTQ0MT9hcGktdmVyc2lvbj0yMDE2LTEwLTAy",
      "RequestMethod": "GET",
      "RequestBody": "",
      "RequestHeaders": {
        "User-Agent": [
          "FxVersion/4.7.2633.0",
          "OSName/Windows10Enterprise",
          "OSVersion/6.3.16299",
          "Microsoft.Azure.Management.Cdn.CdnManagementClient/3.0.0.0"
        ]
      },
      "ResponseBody": "{\r\n  \"error\": {\r\n    \"code\": \"NotFound\",\r\n    \"message\": \"The requested resource was not found.\"\r\n  }\r\n}",
      "ResponseHeaders": {
        "Content-Length": [
          "104"
        ],
        "Content-Language": [
          "en-US"
        ],
        "Content-Type": [
          "application/json; charset=utf-8"
        ],
        "Expires": [
          "-1"
        ],
        "Pragma": [
          "no-cache"
        ],
        "x-ms-request-id": [
          "879231cd-fd26-4a46-962b-aedf0e0a4ce8"
        ],
        "x-ms-client-request-id": [
          "b0266768-22b2-472c-88d5-0f4c23dba288"
        ],
        "Strict-Transport-Security": [
          "max-age=31536000; includeSubDomains"
        ],
        "x-ms-ratelimit-remaining-subscription-reads": [
          "14957"
        ],
        "x-ms-correlation-request-id": [
          "fda26899-dd31-4994-b0b8-a2ab9038c786"
        ],
        "x-ms-routing-request-id": [
          "WESTUS2:20180320T204707Z:fda26899-dd31-4994-b0b8-a2ab9038c786"
        ],
        "X-Content-Type-Options": [
          "nosniff"
        ],
        "Cache-Control": [
          "no-cache"
        ],
        "Date": [
          "Tue, 20 Mar 2018 20:47:07 GMT"
        ],
        "Server": [
          "Microsoft-IIS/8.5"
        ],
        "X-AspNet-Version": [
          "4.0.30319"
        ],
        "X-Powered-By": [
          "ASP.NET"
        ]
      },
      "StatusCode": 404
    },
    {
      "RequestUri": "/subscriptions/c9cbd920-c00c-427c-852b-8aaf38badaeb/resourcegroups/ps4756?api-version=2016-02-01",
      "EncodedRequestUri": "L3N1YnNjcmlwdGlvbnMvYzljYmQ5MjAtYzAwYy00MjdjLTg1MmItOGFhZjM4YmFkYWViL3Jlc291cmNlZ3JvdXBzL3BzNDc1Nj9hcGktdmVyc2lvbj0yMDE2LTAyLTAx",
      "RequestMethod": "DELETE",
      "RequestBody": "",
      "RequestHeaders": {
        "User-Agent": [
          "Microsoft.Azure.Management.Resources.ResourceManagementClient/2.0.0.0"
        ]
      },
      "ResponseBody": "",
      "ResponseHeaders": {
        "Content-Length": [
          "0"
        ],
        "Expires": [
          "-1"
        ],
        "Pragma": [
          "no-cache"
        ],
        "Retry-After": [
          "15"
        ],
        "x-ms-ratelimit-remaining-subscription-writes": [
          "1194"
        ],
        "x-ms-request-id": [
          "9797bcfc-666c-4bfc-b378-87f151fbfb35"
        ],
        "x-ms-correlation-request-id": [
          "9797bcfc-666c-4bfc-b378-87f151fbfb35"
        ],
        "x-ms-routing-request-id": [
          "WESTUS2:20180320T204708Z:9797bcfc-666c-4bfc-b378-87f151fbfb35"
        ],
        "Strict-Transport-Security": [
          "max-age=31536000; includeSubDomains"
        ],
        "X-Content-Type-Options": [
          "nosniff"
        ],
        "Cache-Control": [
          "no-cache"
        ],
        "Date": [
          "Tue, 20 Mar 2018 20:47:08 GMT"
        ],
        "Location": [
          "https://management.azure.com/subscriptions/c9cbd920-c00c-427c-852b-8aaf38badaeb/operationresults/eyJqb2JJZCI6IlJFU09VUkNFR1JPVVBERUxFVElPTkpPQi1QUzQ3NTYtV0VTVFVTIiwiam9iTG9jYXRpb24iOiJ3ZXN0dXMifQ?api-version=2016-02-01"
        ]
      },
      "StatusCode": 202
    },
    {
      "RequestUri": "/subscriptions/c9cbd920-c00c-427c-852b-8aaf38badaeb/operationresults/eyJqb2JJZCI6IlJFU09VUkNFR1JPVVBERUxFVElPTkpPQi1QUzQ3NTYtV0VTVFVTIiwiam9iTG9jYXRpb24iOiJ3ZXN0dXMifQ?api-version=2016-02-01",
      "EncodedRequestUri": "L3N1YnNjcmlwdGlvbnMvYzljYmQ5MjAtYzAwYy00MjdjLTg1MmItOGFhZjM4YmFkYWViL29wZXJhdGlvbnJlc3VsdHMvZXlKcWIySkpaQ0k2SWxKRlUwOVZVa05GUjFKUFZWQkVSVXhGVkVsUFRrcFBRaTFRVXpRM05UWXRWMFZUVkZWVElpd2lhbTlpVEc5allYUnBiMjRpT2lKM1pYTjBkWE1pZlE/YXBpLXZlcnNpb249MjAxNi0wMi0wMQ==",
      "RequestMethod": "GET",
      "RequestBody": "",
      "RequestHeaders": {
        "x-ms-version": [
          "2016-02-01"
        ],
        "User-Agent": [
          "Microsoft.Azure.Management.Resources.ResourceManagementClient/2.0.0.0"
        ]
      },
      "ResponseBody": "",
      "ResponseHeaders": {
        "Content-Length": [
          "0"
        ],
        "Expires": [
          "-1"
        ],
        "Pragma": [
          "no-cache"
        ],
        "Retry-After": [
          "15"
        ],
        "x-ms-ratelimit-remaining-subscription-reads": [
          "14983"
        ],
        "x-ms-request-id": [
          "0c2c72e1-fbbf-4a24-9d78-737dd99e7c0c"
        ],
        "x-ms-correlation-request-id": [
          "0c2c72e1-fbbf-4a24-9d78-737dd99e7c0c"
        ],
        "x-ms-routing-request-id": [
          "WESTUS2:20180320T204708Z:0c2c72e1-fbbf-4a24-9d78-737dd99e7c0c"
        ],
        "Strict-Transport-Security": [
          "max-age=31536000; includeSubDomains"
        ],
        "X-Content-Type-Options": [
          "nosniff"
        ],
        "Cache-Control": [
          "no-cache"
        ],
        "Date": [
          "Tue, 20 Mar 2018 20:47:08 GMT"
        ],
        "Location": [
          "https://management.azure.com/subscriptions/c9cbd920-c00c-427c-852b-8aaf38badaeb/operationresults/eyJqb2JJZCI6IlJFU09VUkNFR1JPVVBERUxFVElPTkpPQi1QUzQ3NTYtV0VTVFVTIiwiam9iTG9jYXRpb24iOiJ3ZXN0dXMifQ?api-version=2016-02-01"
        ]
      },
      "StatusCode": 202
    },
    {
      "RequestUri": "/subscriptions/c9cbd920-c00c-427c-852b-8aaf38badaeb/operationresults/eyJqb2JJZCI6IlJFU09VUkNFR1JPVVBERUxFVElPTkpPQi1QUzQ3NTYtV0VTVFVTIiwiam9iTG9jYXRpb24iOiJ3ZXN0dXMifQ?api-version=2016-02-01",
      "EncodedRequestUri": "L3N1YnNjcmlwdGlvbnMvYzljYmQ5MjAtYzAwYy00MjdjLTg1MmItOGFhZjM4YmFkYWViL29wZXJhdGlvbnJlc3VsdHMvZXlKcWIySkpaQ0k2SWxKRlUwOVZVa05GUjFKUFZWQkVSVXhGVkVsUFRrcFBRaTFRVXpRM05UWXRWMFZUVkZWVElpd2lhbTlpVEc5allYUnBiMjRpT2lKM1pYTjBkWE1pZlE/YXBpLXZlcnNpb249MjAxNi0wMi0wMQ==",
      "RequestMethod": "GET",
      "RequestBody": "",
      "RequestHeaders": {
        "x-ms-version": [
          "2016-02-01"
        ],
        "User-Agent": [
          "Microsoft.Azure.Management.Resources.ResourceManagementClient/2.0.0.0"
        ]
      },
      "ResponseBody": "",
      "ResponseHeaders": {
        "Content-Length": [
          "0"
        ],
        "Expires": [
          "-1"
        ],
        "Pragma": [
          "no-cache"
        ],
        "Retry-After": [
          "15"
        ],
        "x-ms-ratelimit-remaining-subscription-reads": [
          "14982"
        ],
        "x-ms-request-id": [
          "ec129a16-1007-4166-9024-c54d84d66755"
        ],
        "x-ms-correlation-request-id": [
          "ec129a16-1007-4166-9024-c54d84d66755"
        ],
        "x-ms-routing-request-id": [
          "WESTUS2:20180320T204724Z:ec129a16-1007-4166-9024-c54d84d66755"
        ],
        "Strict-Transport-Security": [
          "max-age=31536000; includeSubDomains"
        ],
        "X-Content-Type-Options": [
          "nosniff"
        ],
        "Cache-Control": [
          "no-cache"
        ],
        "Date": [
          "Tue, 20 Mar 2018 20:47:23 GMT"
        ],
        "Location": [
          "https://management.azure.com/subscriptions/c9cbd920-c00c-427c-852b-8aaf38badaeb/operationresults/eyJqb2JJZCI6IlJFU09VUkNFR1JPVVBERUxFVElPTkpPQi1QUzQ3NTYtV0VTVFVTIiwiam9iTG9jYXRpb24iOiJ3ZXN0dXMifQ?api-version=2016-02-01"
        ]
      },
      "StatusCode": 202
    },
    {
      "RequestUri": "/subscriptions/c9cbd920-c00c-427c-852b-8aaf38badaeb/operationresults/eyJqb2JJZCI6IlJFU09VUkNFR1JPVVBERUxFVElPTkpPQi1QUzQ3NTYtV0VTVFVTIiwiam9iTG9jYXRpb24iOiJ3ZXN0dXMifQ?api-version=2016-02-01",
      "EncodedRequestUri": "L3N1YnNjcmlwdGlvbnMvYzljYmQ5MjAtYzAwYy00MjdjLTg1MmItOGFhZjM4YmFkYWViL29wZXJhdGlvbnJlc3VsdHMvZXlKcWIySkpaQ0k2SWxKRlUwOVZVa05GUjFKUFZWQkVSVXhGVkVsUFRrcFBRaTFRVXpRM05UWXRWMFZUVkZWVElpd2lhbTlpVEc5allYUnBiMjRpT2lKM1pYTjBkWE1pZlE/YXBpLXZlcnNpb249MjAxNi0wMi0wMQ==",
      "RequestMethod": "GET",
      "RequestBody": "",
      "RequestHeaders": {
        "x-ms-version": [
          "2016-02-01"
        ],
        "User-Agent": [
          "Microsoft.Azure.Management.Resources.ResourceManagementClient/2.0.0.0"
        ]
      },
      "ResponseBody": "",
      "ResponseHeaders": {
        "Content-Length": [
          "0"
        ],
        "Expires": [
          "-1"
        ],
        "Pragma": [
          "no-cache"
        ],
        "Retry-After": [
          "15"
        ],
        "x-ms-ratelimit-remaining-subscription-reads": [
          "14981"
        ],
        "x-ms-request-id": [
          "dcd1ee29-3466-48d2-a05a-74b7f03effad"
        ],
        "x-ms-correlation-request-id": [
          "dcd1ee29-3466-48d2-a05a-74b7f03effad"
        ],
        "x-ms-routing-request-id": [
          "WESTUS2:20180320T204739Z:dcd1ee29-3466-48d2-a05a-74b7f03effad"
        ],
        "Strict-Transport-Security": [
          "max-age=31536000; includeSubDomains"
        ],
        "X-Content-Type-Options": [
          "nosniff"
        ],
        "Cache-Control": [
          "no-cache"
        ],
        "Date": [
          "Tue, 20 Mar 2018 20:47:39 GMT"
        ],
        "Location": [
          "https://management.azure.com/subscriptions/c9cbd920-c00c-427c-852b-8aaf38badaeb/operationresults/eyJqb2JJZCI6IlJFU09VUkNFR1JPVVBERUxFVElPTkpPQi1QUzQ3NTYtV0VTVFVTIiwiam9iTG9jYXRpb24iOiJ3ZXN0dXMifQ?api-version=2016-02-01"
        ]
      },
      "StatusCode": 202
    },
    {
      "RequestUri": "/subscriptions/c9cbd920-c00c-427c-852b-8aaf38badaeb/operationresults/eyJqb2JJZCI6IlJFU09VUkNFR1JPVVBERUxFVElPTkpPQi1QUzQ3NTYtV0VTVFVTIiwiam9iTG9jYXRpb24iOiJ3ZXN0dXMifQ?api-version=2016-02-01",
      "EncodedRequestUri": "L3N1YnNjcmlwdGlvbnMvYzljYmQ5MjAtYzAwYy00MjdjLTg1MmItOGFhZjM4YmFkYWViL29wZXJhdGlvbnJlc3VsdHMvZXlKcWIySkpaQ0k2SWxKRlUwOVZVa05GUjFKUFZWQkVSVXhGVkVsUFRrcFBRaTFRVXpRM05UWXRWMFZUVkZWVElpd2lhbTlpVEc5allYUnBiMjRpT2lKM1pYTjBkWE1pZlE/YXBpLXZlcnNpb249MjAxNi0wMi0wMQ==",
      "RequestMethod": "GET",
      "RequestBody": "",
      "RequestHeaders": {
        "x-ms-version": [
          "2016-02-01"
        ],
        "User-Agent": [
          "Microsoft.Azure.Management.Resources.ResourceManagementClient/2.0.0.0"
        ]
      },
      "ResponseBody": "",
      "ResponseHeaders": {
        "Content-Length": [
          "0"
        ],
        "Expires": [
          "-1"
        ],
        "Pragma": [
          "no-cache"
        ],
        "Retry-After": [
          "15"
        ],
        "x-ms-ratelimit-remaining-subscription-reads": [
          "14980"
        ],
        "x-ms-request-id": [
          "0a168111-bf81-4551-b41c-2f0b6dd907c6"
        ],
        "x-ms-correlation-request-id": [
          "0a168111-bf81-4551-b41c-2f0b6dd907c6"
        ],
        "x-ms-routing-request-id": [
          "WESTUS2:20180320T204754Z:0a168111-bf81-4551-b41c-2f0b6dd907c6"
        ],
        "Strict-Transport-Security": [
          "max-age=31536000; includeSubDomains"
        ],
        "X-Content-Type-Options": [
          "nosniff"
        ],
        "Cache-Control": [
          "no-cache"
        ],
        "Date": [
          "Tue, 20 Mar 2018 20:47:53 GMT"
        ],
        "Location": [
          "https://management.azure.com/subscriptions/c9cbd920-c00c-427c-852b-8aaf38badaeb/operationresults/eyJqb2JJZCI6IlJFU09VUkNFR1JPVVBERUxFVElPTkpPQi1QUzQ3NTYtV0VTVFVTIiwiam9iTG9jYXRpb24iOiJ3ZXN0dXMifQ?api-version=2016-02-01"
        ]
      },
      "StatusCode": 202
    },
    {
      "RequestUri": "/subscriptions/c9cbd920-c00c-427c-852b-8aaf38badaeb/operationresults/eyJqb2JJZCI6IlJFU09VUkNFR1JPVVBERUxFVElPTkpPQi1QUzQ3NTYtV0VTVFVTIiwiam9iTG9jYXRpb24iOiJ3ZXN0dXMifQ?api-version=2016-02-01",
      "EncodedRequestUri": "L3N1YnNjcmlwdGlvbnMvYzljYmQ5MjAtYzAwYy00MjdjLTg1MmItOGFhZjM4YmFkYWViL29wZXJhdGlvbnJlc3VsdHMvZXlKcWIySkpaQ0k2SWxKRlUwOVZVa05GUjFKUFZWQkVSVXhGVkVsUFRrcFBRaTFRVXpRM05UWXRWMFZUVkZWVElpd2lhbTlpVEc5allYUnBiMjRpT2lKM1pYTjBkWE1pZlE/YXBpLXZlcnNpb249MjAxNi0wMi0wMQ==",
      "RequestMethod": "GET",
      "RequestBody": "",
      "RequestHeaders": {
        "x-ms-version": [
          "2016-02-01"
        ],
        "User-Agent": [
          "Microsoft.Azure.Management.Resources.ResourceManagementClient/2.0.0.0"
        ]
      },
      "ResponseBody": "",
      "ResponseHeaders": {
        "Content-Length": [
          "0"
        ],
        "Expires": [
          "-1"
        ],
        "Pragma": [
          "no-cache"
        ],
        "Retry-After": [
          "15"
        ],
        "x-ms-ratelimit-remaining-subscription-reads": [
          "14979"
        ],
        "x-ms-request-id": [
          "f65a0f07-c762-4331-9712-9ee503a1bf1c"
        ],
        "x-ms-correlation-request-id": [
          "f65a0f07-c762-4331-9712-9ee503a1bf1c"
        ],
        "x-ms-routing-request-id": [
          "WESTUS2:20180320T204809Z:f65a0f07-c762-4331-9712-9ee503a1bf1c"
        ],
        "Strict-Transport-Security": [
          "max-age=31536000; includeSubDomains"
        ],
        "X-Content-Type-Options": [
          "nosniff"
        ],
        "Cache-Control": [
          "no-cache"
        ],
        "Date": [
          "Tue, 20 Mar 2018 20:48:08 GMT"
        ],
        "Location": [
          "https://management.azure.com/subscriptions/c9cbd920-c00c-427c-852b-8aaf38badaeb/operationresults/eyJqb2JJZCI6IlJFU09VUkNFR1JPVVBERUxFVElPTkpPQi1QUzQ3NTYtV0VTVFVTIiwiam9iTG9jYXRpb24iOiJ3ZXN0dXMifQ?api-version=2016-02-01"
        ]
      },
      "StatusCode": 202
    },
    {
      "RequestUri": "/subscriptions/c9cbd920-c00c-427c-852b-8aaf38badaeb/operationresults/eyJqb2JJZCI6IlJFU09VUkNFR1JPVVBERUxFVElPTkpPQi1QUzQ3NTYtV0VTVFVTIiwiam9iTG9jYXRpb24iOiJ3ZXN0dXMifQ?api-version=2016-02-01",
      "EncodedRequestUri": "L3N1YnNjcmlwdGlvbnMvYzljYmQ5MjAtYzAwYy00MjdjLTg1MmItOGFhZjM4YmFkYWViL29wZXJhdGlvbnJlc3VsdHMvZXlKcWIySkpaQ0k2SWxKRlUwOVZVa05GUjFKUFZWQkVSVXhGVkVsUFRrcFBRaTFRVXpRM05UWXRWMFZUVkZWVElpd2lhbTlpVEc5allYUnBiMjRpT2lKM1pYTjBkWE1pZlE/YXBpLXZlcnNpb249MjAxNi0wMi0wMQ==",
      "RequestMethod": "GET",
      "RequestBody": "",
      "RequestHeaders": {
        "x-ms-version": [
          "2016-02-01"
        ],
        "User-Agent": [
          "Microsoft.Azure.Management.Resources.ResourceManagementClient/2.0.0.0"
        ]
      },
      "ResponseBody": "",
      "ResponseHeaders": {
        "Content-Length": [
          "0"
        ],
        "Expires": [
          "-1"
        ],
        "Pragma": [
          "no-cache"
        ],
        "Retry-After": [
          "15"
        ],
        "x-ms-ratelimit-remaining-subscription-reads": [
          "14978"
        ],
        "x-ms-request-id": [
          "0cd8c059-9556-428d-b148-463a8e7d1a31"
        ],
        "x-ms-correlation-request-id": [
          "0cd8c059-9556-428d-b148-463a8e7d1a31"
        ],
        "x-ms-routing-request-id": [
          "WESTUS2:20180320T204824Z:0cd8c059-9556-428d-b148-463a8e7d1a31"
        ],
        "Strict-Transport-Security": [
          "max-age=31536000; includeSubDomains"
        ],
        "X-Content-Type-Options": [
          "nosniff"
        ],
        "Cache-Control": [
          "no-cache"
        ],
        "Date": [
          "Tue, 20 Mar 2018 20:48:24 GMT"
        ],
        "Location": [
          "https://management.azure.com/subscriptions/c9cbd920-c00c-427c-852b-8aaf38badaeb/operationresults/eyJqb2JJZCI6IlJFU09VUkNFR1JPVVBERUxFVElPTkpPQi1QUzQ3NTYtV0VTVFVTIiwiam9iTG9jYXRpb24iOiJ3ZXN0dXMifQ?api-version=2016-02-01"
        ]
      },
      "StatusCode": 202
    },
    {
      "RequestUri": "/subscriptions/c9cbd920-c00c-427c-852b-8aaf38badaeb/operationresults/eyJqb2JJZCI6IlJFU09VUkNFR1JPVVBERUxFVElPTkpPQi1QUzQ3NTYtV0VTVFVTIiwiam9iTG9jYXRpb24iOiJ3ZXN0dXMifQ?api-version=2016-02-01",
      "EncodedRequestUri": "L3N1YnNjcmlwdGlvbnMvYzljYmQ5MjAtYzAwYy00MjdjLTg1MmItOGFhZjM4YmFkYWViL29wZXJhdGlvbnJlc3VsdHMvZXlKcWIySkpaQ0k2SWxKRlUwOVZVa05GUjFKUFZWQkVSVXhGVkVsUFRrcFBRaTFRVXpRM05UWXRWMFZUVkZWVElpd2lhbTlpVEc5allYUnBiMjRpT2lKM1pYTjBkWE1pZlE/YXBpLXZlcnNpb249MjAxNi0wMi0wMQ==",
      "RequestMethod": "GET",
      "RequestBody": "",
      "RequestHeaders": {
        "x-ms-version": [
          "2016-02-01"
        ],
        "User-Agent": [
          "Microsoft.Azure.Management.Resources.ResourceManagementClient/2.0.0.0"
        ]
      },
      "ResponseBody": "",
      "ResponseHeaders": {
        "Content-Length": [
          "0"
        ],
        "Expires": [
          "-1"
        ],
        "Pragma": [
          "no-cache"
        ],
        "Retry-After": [
          "15"
        ],
        "x-ms-ratelimit-remaining-subscription-reads": [
          "14977"
        ],
        "x-ms-request-id": [
          "a35d07fd-7df3-402c-b447-22792a0d26ee"
        ],
        "x-ms-correlation-request-id": [
          "a35d07fd-7df3-402c-b447-22792a0d26ee"
        ],
        "x-ms-routing-request-id": [
          "WESTUS2:20180320T204839Z:a35d07fd-7df3-402c-b447-22792a0d26ee"
        ],
        "Strict-Transport-Security": [
          "max-age=31536000; includeSubDomains"
        ],
        "X-Content-Type-Options": [
          "nosniff"
        ],
        "Cache-Control": [
          "no-cache"
        ],
        "Date": [
          "Tue, 20 Mar 2018 20:48:38 GMT"
        ],
        "Location": [
          "https://management.azure.com/subscriptions/c9cbd920-c00c-427c-852b-8aaf38badaeb/operationresults/eyJqb2JJZCI6IlJFU09VUkNFR1JPVVBERUxFVElPTkpPQi1QUzQ3NTYtV0VTVFVTIiwiam9iTG9jYXRpb24iOiJ3ZXN0dXMifQ?api-version=2016-02-01"
        ]
      },
      "StatusCode": 202
    },
    {
      "RequestUri": "/subscriptions/c9cbd920-c00c-427c-852b-8aaf38badaeb/operationresults/eyJqb2JJZCI6IlJFU09VUkNFR1JPVVBERUxFVElPTkpPQi1QUzQ3NTYtV0VTVFVTIiwiam9iTG9jYXRpb24iOiJ3ZXN0dXMifQ?api-version=2016-02-01",
      "EncodedRequestUri": "L3N1YnNjcmlwdGlvbnMvYzljYmQ5MjAtYzAwYy00MjdjLTg1MmItOGFhZjM4YmFkYWViL29wZXJhdGlvbnJlc3VsdHMvZXlKcWIySkpaQ0k2SWxKRlUwOVZVa05GUjFKUFZWQkVSVXhGVkVsUFRrcFBRaTFRVXpRM05UWXRWMFZUVkZWVElpd2lhbTlpVEc5allYUnBiMjRpT2lKM1pYTjBkWE1pZlE/YXBpLXZlcnNpb249MjAxNi0wMi0wMQ==",
      "RequestMethod": "GET",
      "RequestBody": "",
      "RequestHeaders": {
        "x-ms-version": [
          "2016-02-01"
        ],
        "User-Agent": [
          "Microsoft.Azure.Management.Resources.ResourceManagementClient/2.0.0.0"
        ]
      },
      "ResponseBody": "",
      "ResponseHeaders": {
        "Content-Length": [
          "0"
        ],
        "Expires": [
          "-1"
        ],
        "Pragma": [
          "no-cache"
        ],
        "x-ms-ratelimit-remaining-subscription-reads": [
          "14976"
        ],
        "x-ms-request-id": [
          "8a61e279-d0a4-4c98-bba0-0f09d51a025a"
        ],
        "x-ms-correlation-request-id": [
          "8a61e279-d0a4-4c98-bba0-0f09d51a025a"
        ],
        "x-ms-routing-request-id": [
          "WESTUS2:20180320T204854Z:8a61e279-d0a4-4c98-bba0-0f09d51a025a"
        ],
        "Strict-Transport-Security": [
          "max-age=31536000; includeSubDomains"
        ],
        "X-Content-Type-Options": [
          "nosniff"
        ],
        "Cache-Control": [
          "no-cache"
        ],
        "Date": [
          "Tue, 20 Mar 2018 20:48:53 GMT"
        ]
      },
      "StatusCode": 200
    }
  ],
  "Names": {
    "Test-EndpointCrudAndActionWithAllProperties": [
      "ps6772",
      "ps4756",
      "ps5441",
      "ps1344"
    ]
  },
  "Variables": {
    "SubscriptionId": "c9cbd920-c00c-427c-852b-8aaf38badaeb"
  }
}