{
  "Entries": [
    {
      "RequestUri": "/subscriptions/27cafca8-b9a4-4264-b399-45d0c9cca1ab/resourcegroups/onesdk8514?api-version=2016-02-01",
      "EncodedRequestUri": "L3N1YnNjcmlwdGlvbnMvMjdjYWZjYTgtYjlhNC00MjY0LWIzOTktNDVkMGM5Y2NhMWFiL3Jlc291cmNlZ3JvdXBzL29uZXNkazg1MTQ/YXBpLXZlcnNpb249MjAxNi0wMi0wMQ==",
      "RequestMethod": "HEAD",
      "RequestBody": "",
      "RequestHeaders": {
        "User-Agent": [
          "Microsoft.Azure.Management.Resources.ResourceManagementClient/2.0.0.0"
        ]
      },
      "ResponseBody": "",
      "ResponseHeaders": {
        "Content-Length": [
          "102"
        ],
        "Content-Type": [
          "application/json; charset=utf-8"
        ],
        "Expires": [
          "-1"
        ],
        "Pragma": [
          "no-cache"
        ],
        "x-ms-failure-cause": [
          "gateway"
        ],
        "x-ms-ratelimit-remaining-subscription-reads": [
          "14990"
        ],
        "x-ms-request-id": [
          "dff9e557-074c-494d-b184-f25f91aa0fd8"
        ],
        "x-ms-correlation-request-id": [
          "dff9e557-074c-494d-b184-f25f91aa0fd8"
        ],
        "x-ms-routing-request-id": [
          "CENTRALUS:20160512T232427Z:dff9e557-074c-494d-b184-f25f91aa0fd8"
        ],
        "Strict-Transport-Security": [
          "max-age=31536000; includeSubDomains"
        ],
        "Cache-Control": [
          "no-cache"
        ],
        "Date": [
          "Thu, 12 May 2016 23:24:27 GMT"
        ]
      },
      "StatusCode": 404
    },
    {
      "RequestUri": "/subscriptions/27cafca8-b9a4-4264-b399-45d0c9cca1ab/resourcegroups/onesdk8514?api-version=2016-02-01",
      "EncodedRequestUri": "L3N1YnNjcmlwdGlvbnMvMjdjYWZjYTgtYjlhNC00MjY0LWIzOTktNDVkMGM5Y2NhMWFiL3Jlc291cmNlZ3JvdXBzL29uZXNkazg1MTQ/YXBpLXZlcnNpb249MjAxNi0wMi0wMQ==",
      "RequestMethod": "HEAD",
      "RequestBody": "",
      "RequestHeaders": {
        "User-Agent": [
          "Microsoft.Azure.Management.Resources.ResourceManagementClient/2.0.0.0"
        ]
      },
      "ResponseBody": "",
      "ResponseHeaders": {
        "Content-Length": [
          "0"
        ],
        "Expires": [
          "-1"
        ],
        "Pragma": [
          "no-cache"
        ],
        "x-ms-ratelimit-remaining-subscription-reads": [
          "14998"
        ],
        "x-ms-request-id": [
          "d604458c-4333-4454-b622-99b49ad2c039"
        ],
        "x-ms-correlation-request-id": [
          "d604458c-4333-4454-b622-99b49ad2c039"
        ],
        "x-ms-routing-request-id": [
          "CENTRALUS:20160512T232914Z:d604458c-4333-4454-b622-99b49ad2c039"
        ],
        "Strict-Transport-Security": [
          "max-age=31536000; includeSubDomains"
        ],
        "Cache-Control": [
          "no-cache"
        ],
        "Date": [
          "Thu, 12 May 2016 23:29:13 GMT"
        ]
      },
      "StatusCode": 204
    },
    {
      "RequestUri": "/subscriptions/27cafca8-b9a4-4264-b399-45d0c9cca1ab/resourcegroups/onesdk8514?api-version=2016-02-01",
      "EncodedRequestUri": "L3N1YnNjcmlwdGlvbnMvMjdjYWZjYTgtYjlhNC00MjY0LWIzOTktNDVkMGM5Y2NhMWFiL3Jlc291cmNlZ3JvdXBzL29uZXNkazg1MTQ/YXBpLXZlcnNpb249MjAxNi0wMi0wMQ==",
      "RequestMethod": "PUT",
      "RequestBody": "{\r\n  \"location\": \"West US\"\r\n}",
      "RequestHeaders": {
        "Content-Type": [
          "application/json; charset=utf-8"
        ],
        "Content-Length": [
          "29"
        ],
        "User-Agent": [
          "Microsoft.Azure.Management.Resources.ResourceManagementClient/2.0.0.0"
        ]
      },
      "ResponseBody": "{\r\n  \"id\": \"/subscriptions/27cafca8-b9a4-4264-b399-45d0c9cca1ab/resourceGroups/onesdk8514\",\r\n  \"name\": \"onesdk8514\",\r\n  \"location\": \"westus\",\r\n  \"properties\": {\r\n    \"provisioningState\": \"Succeeded\"\r\n  }\r\n}",
      "ResponseHeaders": {
        "Content-Length": [
          "173"
        ],
        "Content-Type": [
          "application/json; charset=utf-8"
        ],
        "Expires": [
          "-1"
        ],
        "Pragma": [
          "no-cache"
        ],
        "x-ms-ratelimit-remaining-subscription-writes": [
          "1197"
        ],
        "x-ms-request-id": [
          "86954424-2fd6-4301-af5a-94b9e37500b0"
        ],
        "x-ms-correlation-request-id": [
          "86954424-2fd6-4301-af5a-94b9e37500b0"
        ],
        "x-ms-routing-request-id": [
          "CENTRALUS:20160512T232428Z:86954424-2fd6-4301-af5a-94b9e37500b0"
        ],
        "Strict-Transport-Security": [
          "max-age=31536000; includeSubDomains"
        ],
        "Cache-Control": [
          "no-cache"
        ],
        "Date": [
          "Thu, 12 May 2016 23:24:28 GMT"
        ]
      },
      "StatusCode": 201
    },
    {
      "RequestUri": "/subscriptions/27cafca8-b9a4-4264-b399-45d0c9cca1ab/resourceGroups/onesdk8514/resources?api-version=2016-02-01",
      "EncodedRequestUri": "L3N1YnNjcmlwdGlvbnMvMjdjYWZjYTgtYjlhNC00MjY0LWIzOTktNDVkMGM5Y2NhMWFiL3Jlc291cmNlR3JvdXBzL29uZXNkazg1MTQvcmVzb3VyY2VzP2FwaS12ZXJzaW9uPTIwMTYtMDItMDE=",
      "RequestMethod": "GET",
      "RequestBody": "",
      "RequestHeaders": {
        "User-Agent": [
          "Microsoft.Azure.Management.Resources.ResourceManagementClient/2.0.0.0"
        ]
      },
      "ResponseBody": "{\r\n  \"value\": []\r\n}",
      "ResponseHeaders": {
        "Content-Length": [
          "12"
        ],
        "Content-Type": [
          "application/json; charset=utf-8"
        ],
        "Expires": [
          "-1"
        ],
        "Pragma": [
          "no-cache"
        ],
        "x-ms-ratelimit-remaining-subscription-reads": [
          "14989"
        ],
        "x-ms-request-id": [
          "b9a11b88-e565-41bb-ad3c-1f73fa325a22"
        ],
        "x-ms-correlation-request-id": [
          "b9a11b88-e565-41bb-ad3c-1f73fa325a22"
        ],
        "x-ms-routing-request-id": [
          "CENTRALUS:20160512T232428Z:b9a11b88-e565-41bb-ad3c-1f73fa325a22"
        ],
        "Strict-Transport-Security": [
          "max-age=31536000; includeSubDomains"
        ],
        "Cache-Control": [
          "no-cache"
        ],
        "Date": [
          "Thu, 12 May 2016 23:24:28 GMT"
        ]
      },
      "StatusCode": 200
    },
    {
      "RequestUri": "/subscriptions/27cafca8-b9a4-4264-b399-45d0c9cca1ab/resourceGroups/onesdk8514/providers/Microsoft.Cdn/profiles/onesdk4453?api-version=2016-04-02",
      "EncodedRequestUri": "L3N1YnNjcmlwdGlvbnMvMjdjYWZjYTgtYjlhNC00MjY0LWIzOTktNDVkMGM5Y2NhMWFiL3Jlc291cmNlR3JvdXBzL29uZXNkazg1MTQvcHJvdmlkZXJzL01pY3Jvc29mdC5DZG4vcHJvZmlsZXMvb25lc2RrNDQ1Mz9hcGktdmVyc2lvbj0yMDE2LTA0LTAy",
      "RequestMethod": "GET",
      "RequestBody": "",
      "RequestHeaders": {
        "x-ms-client-request-id": [
          "72940215-82f6-42f2-ab01-c02eaf4e3b4b"
        ],
        "accept-language": [
          "en-US"
        ],
        "User-Agent": [
          "Microsoft.Azure.Management.Cdn.CdnManagementClient/1.0.0.0"
        ]
      },
      "ResponseBody": "{\r\n  \"error\": {\r\n    \"code\": \"ResourceNotFound\",\r\n    \"message\": \"The Resource 'Microsoft.Cdn/profiles/onesdk4453' under resource group 'onesdk8514' was not found.\"\r\n  }\r\n}",
      "ResponseHeaders": {
        "Content-Length": [
          "147"
        ],
        "Content-Type": [
          "application/json; charset=utf-8"
        ],
        "Expires": [
          "-1"
        ],
        "Pragma": [
          "no-cache"
        ],
        "x-ms-failure-cause": [
          "gateway"
        ],
        "x-ms-request-id": [
          "314d101e-ab0e-480f-b507-eb6ccd66eca3"
        ],
        "x-ms-correlation-request-id": [
          "314d101e-ab0e-480f-b507-eb6ccd66eca3"
        ],
        "x-ms-routing-request-id": [
          "CENTRALUS:20160512T232429Z:314d101e-ab0e-480f-b507-eb6ccd66eca3"
        ],
        "Strict-Transport-Security": [
          "max-age=31536000; includeSubDomains"
        ],
        "Cache-Control": [
          "no-cache"
        ],
        "Date": [
          "Thu, 12 May 2016 23:24:28 GMT"
        ]
      },
      "StatusCode": 404
    },
    {
      "RequestUri": "/subscriptions/27cafca8-b9a4-4264-b399-45d0c9cca1ab/resourceGroups/onesdk8514/providers/Microsoft.Cdn/profiles/onesdk4453?api-version=2016-04-02",
      "EncodedRequestUri": "L3N1YnNjcmlwdGlvbnMvMjdjYWZjYTgtYjlhNC00MjY0LWIzOTktNDVkMGM5Y2NhMWFiL3Jlc291cmNlR3JvdXBzL29uZXNkazg1MTQvcHJvdmlkZXJzL01pY3Jvc29mdC5DZG4vcHJvZmlsZXMvb25lc2RrNDQ1Mz9hcGktdmVyc2lvbj0yMDE2LTA0LTAy",
      "RequestMethod": "GET",
      "RequestBody": "",
      "RequestHeaders": {
        "User-Agent": [
          "Microsoft.Azure.Management.Cdn.CdnManagementClient/1.0.0.0"
        ]
      },
      "ResponseBody": "{\r\n  \"name\": \"onesdk4453\",\r\n  \"id\": \"/subscriptions/27cafca8-b9a4-4264-b399-45d0c9cca1ab/resourcegroups/onesdk8514/providers/Microsoft.Cdn/profiles/onesdk4453\",\r\n  \"type\": \"Microsoft.Cdn/profiles\",\r\n  \"tags\": {},\r\n  \"location\": \"EastUs\",\r\n  \"sku\": {\r\n    \"name\": \"Standard_Verizon\"\r\n  },\r\n  \"properties\": {\r\n    \"provisioningState\": \"Succeeded\",\r\n    \"resourceState\": \"Active\"\r\n  }\r\n}",
      "ResponseHeaders": {
        "Content-Length": [
          "354"
        ],
        "Content-Type": [
          "application/json; odata.metadata=minimal; odata.streaming=true"
        ],
        "Expires": [
          "-1"
        ],
        "Pragma": [
          "no-cache"
        ],
        "x-ms-request-id": [
          "f2e5b6ab-abc3-4862-b64a-7d0496445224"
        ],
        "x-ms-client-request-id": [
          "21c51461-4cca-45a8-b8b6-65a107a9d6ea"
        ],
        "OData-Version": [
          "4.0"
        ],
        "Strict-Transport-Security": [
          "max-age=31536000; includeSubDomains"
        ],
        "x-ms-ratelimit-remaining-subscription-reads": [
          "14992"
        ],
        "x-ms-correlation-request-id": [
          "57191426-3b36-40e1-98da-81bbfc6ca7e0"
        ],
        "x-ms-routing-request-id": [
          "CENTRALUS:20160512T232502Z:57191426-3b36-40e1-98da-81bbfc6ca7e0"
        ],
        "Cache-Control": [
          "no-cache"
        ],
        "Date": [
          "Thu, 12 May 2016 23:25:01 GMT"
        ],
        "Server": [
          "Microsoft-IIS/8.5"
        ],
        "X-AspNet-Version": [
          "4.0.30319"
        ],
        "X-Powered-By": [
          "ASP.NET"
        ]
      },
      "StatusCode": 200
    },
    {
      "RequestUri": "/subscriptions/27cafca8-b9a4-4264-b399-45d0c9cca1ab/resourceGroups/onesdk8514/providers/Microsoft.Cdn/profiles/onesdk4453?api-version=2016-04-02",
      "EncodedRequestUri": "L3N1YnNjcmlwdGlvbnMvMjdjYWZjYTgtYjlhNC00MjY0LWIzOTktNDVkMGM5Y2NhMWFiL3Jlc291cmNlR3JvdXBzL29uZXNkazg1MTQvcHJvdmlkZXJzL01pY3Jvc29mdC5DZG4vcHJvZmlsZXMvb25lc2RrNDQ1Mz9hcGktdmVyc2lvbj0yMDE2LTA0LTAy",
      "RequestMethod": "PUT",
      "RequestBody": "{\r\n  \"location\": \"EastUS\",\r\n  \"sku\": {\r\n    \"name\": \"Standard_Verizon\"\r\n  }\r\n}",
      "RequestHeaders": {
        "Content-Type": [
          "application/json; charset=utf-8"
        ],
        "Content-Length": [
          "78"
        ],
        "x-ms-client-request-id": [
          "b4f41a6a-4896-4165-a2c8-1dd507881100"
        ],
        "accept-language": [
          "en-US"
        ],
        "User-Agent": [
          "Microsoft.Azure.Management.Cdn.CdnManagementClient/1.0.0.0"
        ]
      },
      "ResponseBody": "{\r\n  \"name\": \"onesdk4453\",\r\n  \"id\": \"/subscriptions/27cafca8-b9a4-4264-b399-45d0c9cca1ab/resourcegroups/onesdk8514/providers/Microsoft.Cdn/profiles/onesdk4453\",\r\n  \"type\": \"Microsoft.Cdn/profiles\",\r\n  \"tags\": {},\r\n  \"location\": \"EastUs\",\r\n  \"sku\": {\r\n    \"name\": \"Standard_Verizon\"\r\n  },\r\n  \"properties\": {\r\n    \"provisioningState\": \"Creating\",\r\n    \"resourceState\": \"Creating\"\r\n  }\r\n}",
      "ResponseHeaders": {
        "Content-Length": [
          "355"
        ],
        "Content-Type": [
          "application/json; odata.metadata=minimal"
        ],
        "Expires": [
          "-1"
        ],
        "Pragma": [
          "no-cache"
        ],
        "Retry-After": [
          "10"
        ],
        "x-ms-request-id": [
          "55eb9189-0940-4533-ab03-d3ab373fb178"
        ],
        "x-ms-client-request-id": [
          "b4f41a6a-4896-4165-a2c8-1dd507881100"
        ],
        "Azure-AsyncOperation": [
          "https://management.azure.com/subscriptions/27cafca8-b9a4-4264-b399-45d0c9cca1ab/resourcegroups/onesdk8514/providers/Microsoft.Cdn/operationresults/e312ec8e-2f32-42f0-91c2-66d2a14ca5e1?api-version=2016-04-02"
        ],
        "OData-Version": [
          "4.0"
        ],
        "Strict-Transport-Security": [
          "max-age=31536000; includeSubDomains"
        ],
        "x-ms-ratelimit-remaining-subscription-writes": [
          "1198"
        ],
        "x-ms-correlation-request-id": [
          "9f8146dc-7537-43d0-a6ef-6def77817bde"
        ],
        "x-ms-routing-request-id": [
          "CENTRALUS:20160512T232431Z:9f8146dc-7537-43d0-a6ef-6def77817bde"
        ],
        "Cache-Control": [
          "no-cache"
        ],
        "Date": [
          "Thu, 12 May 2016 23:24:30 GMT"
        ],
        "Server": [
          "Microsoft-IIS/8.5"
        ],
        "X-AspNet-Version": [
          "4.0.30319"
        ],
        "X-Powered-By": [
          "ASP.NET"
        ]
      },
      "StatusCode": 201
    },
    {
      "RequestUri": "/subscriptions/27cafca8-b9a4-4264-b399-45d0c9cca1ab/resourcegroups/onesdk8514/providers/Microsoft.Cdn/operationresults/e312ec8e-2f32-42f0-91c2-66d2a14ca5e1?api-version=2016-04-02",
      "EncodedRequestUri": "L3N1YnNjcmlwdGlvbnMvMjdjYWZjYTgtYjlhNC00MjY0LWIzOTktNDVkMGM5Y2NhMWFiL3Jlc291cmNlZ3JvdXBzL29uZXNkazg1MTQvcHJvdmlkZXJzL01pY3Jvc29mdC5DZG4vb3BlcmF0aW9ucmVzdWx0cy9lMzEyZWM4ZS0yZjMyLTQyZjAtOTFjMi02NmQyYTE0Y2E1ZTE/YXBpLXZlcnNpb249MjAxNi0wNC0wMg==",
      "RequestMethod": "GET",
      "RequestBody": "",
      "RequestHeaders": {
        "User-Agent": [
          "Microsoft.Azure.Management.Cdn.CdnManagementClient/1.0.0.0"
        ]
      },
      "ResponseBody": "{\r\n  \"status\": \"Succeeded\",\r\n  \"error\": {\r\n    \"code\": \"None\",\r\n    \"message\": null\r\n  }\r\n}",
      "ResponseHeaders": {
        "Content-Length": [
          "77"
        ],
        "Content-Type": [
          "application/json; odata.metadata=minimal; odata.streaming=true"
        ],
        "Expires": [
          "-1"
        ],
        "Pragma": [
          "no-cache"
        ],
        "x-ms-request-id": [
          "a685f3a2-0c93-4486-9aea-9093a8e24ef3"
        ],
        "x-ms-client-request-id": [
          "13af62cd-ee3d-478c-a89e-8296ee7a3d41"
        ],
        "OData-Version": [
          "4.0"
        ],
        "Strict-Transport-Security": [
          "max-age=31536000; includeSubDomains"
        ],
        "x-ms-ratelimit-remaining-subscription-reads": [
          "14993"
        ],
        "x-ms-correlation-request-id": [
          "950262d0-baf1-41f7-8b80-7ebc5707a9dd"
        ],
        "x-ms-routing-request-id": [
          "CENTRALUS:20160512T232502Z:950262d0-baf1-41f7-8b80-7ebc5707a9dd"
        ],
        "Cache-Control": [
          "no-cache"
        ],
        "Date": [
          "Thu, 12 May 2016 23:25:01 GMT"
        ],
        "Server": [
          "Microsoft-IIS/8.5"
        ],
        "X-AspNet-Version": [
          "4.0.30319"
        ],
        "X-Powered-By": [
          "ASP.NET"
        ]
      },
      "StatusCode": 200
    },
    {
      "RequestUri": "/providers/Microsoft.Cdn/checkNameAvailability?api-version=2016-04-02",
      "EncodedRequestUri": "L3Byb3ZpZGVycy9NaWNyb3NvZnQuQ2RuL2NoZWNrTmFtZUF2YWlsYWJpbGl0eT9hcGktdmVyc2lvbj0yMDE2LTA0LTAy",
      "RequestMethod": "POST",
      "RequestBody": "{\r\n  \"name\": \"onesdk3874\",\r\n  \"type\": \"Microsoft.Cdn/Profiles/Endpoints\"\r\n}",
      "RequestHeaders": {
        "Content-Type": [
          "application/json; charset=utf-8"
        ],
        "Content-Length": [
          "75"
        ],
        "x-ms-client-request-id": [
          "67a8b63b-a8d2-434c-a6b4-c31d94d1e0b9"
        ],
        "accept-language": [
          "en-US"
        ],
        "User-Agent": [
          "Microsoft.Azure.Management.Cdn.CdnManagementClient/1.0.0.0"
        ]
      },
      "ResponseBody": "{\r\n  \"NameAvailable\": true,\r\n  \"Reason\": null,\r\n  \"Message\": null\r\n}",
      "ResponseHeaders": {
        "Content-Length": [
          "51"
        ],
        "Content-Type": [
          "application/json; charset=utf-8"
        ],
        "Expires": [
          "-1"
        ],
        "Pragma": [
          "no-cache"
        ],
        "x-ms-request-id": [
          "3fc6bcf1-acde-4a62-8e97-b3f6365a63e1"
        ],
        "x-ms-client-request-id": [
          "67a8b63b-a8d2-434c-a6b4-c31d94d1e0b9"
        ],
        "Strict-Transport-Security": [
          "max-age=31536000; includeSubDomains"
        ],
        "x-ms-ratelimit-remaining-tenant-writes": [
          "1199"
        ],
        "x-ms-correlation-request-id": [
          "c3d97b2b-9692-4abb-a610-b4d56dce18ab"
        ],
        "x-ms-routing-request-id": [
          "CENTRALUS:20160512T232503Z:c3d97b2b-9692-4abb-a610-b4d56dce18ab"
        ],
        "Cache-Control": [
          "no-cache"
        ],
        "Date": [
          "Thu, 12 May 2016 23:25:02 GMT"
        ],
        "Server": [
          "Microsoft-IIS/8.5"
        ],
        "X-AspNet-Version": [
          "4.0.30319"
        ],
        "X-Powered-By": [
          "ASP.NET"
        ]
      },
      "StatusCode": 200
    },
    {
      "RequestUri": "/providers/Microsoft.Cdn/checkNameAvailability?api-version=2016-04-02",
      "EncodedRequestUri": "L3Byb3ZpZGVycy9NaWNyb3NvZnQuQ2RuL2NoZWNrTmFtZUF2YWlsYWJpbGl0eT9hcGktdmVyc2lvbj0yMDE2LTA0LTAy",
      "RequestMethod": "POST",
      "RequestBody": "{\r\n  \"name\": \"onesdk3874\",\r\n  \"type\": \"Microsoft.Cdn/Profiles/Endpoints\"\r\n}",
      "RequestHeaders": {
        "Content-Type": [
          "application/json; charset=utf-8"
        ],
        "Content-Length": [
          "75"
        ],
        "x-ms-client-request-id": [
          "e2b4a477-2324-4afc-8668-b985dcafb95e"
        ],
        "accept-language": [
          "en-US"
        ],
        "User-Agent": [
          "Microsoft.Azure.Management.Cdn.CdnManagementClient/1.0.0.0"
        ]
      },
      "ResponseBody": "{\r\n  \"NameAvailable\": false,\r\n  \"Reason\": \"Name is already in use\",\r\n  \"Message\": \"Name not available\"\r\n}",
      "ResponseHeaders": {
        "Content-Length": [
          "88"
        ],
        "Content-Type": [
          "application/json; charset=utf-8"
        ],
        "Expires": [
          "-1"
        ],
        "Pragma": [
          "no-cache"
        ],
        "x-ms-request-id": [
          "91e008e6-47c5-4869-83a0-2f0d2bc31fe0"
        ],
        "x-ms-client-request-id": [
          "e2b4a477-2324-4afc-8668-b985dcafb95e"
        ],
        "Strict-Transport-Security": [
          "max-age=31536000; includeSubDomains"
        ],
        "x-ms-ratelimit-remaining-tenant-writes": [
          "1198"
        ],
        "x-ms-correlation-request-id": [
          "0cdfa02d-bbda-4fe0-84ae-0db84298abd5"
        ],
        "x-ms-routing-request-id": [
          "CENTRALUS:20160512T232537Z:0cdfa02d-bbda-4fe0-84ae-0db84298abd5"
        ],
        "Cache-Control": [
          "no-cache"
        ],
        "Date": [
          "Thu, 12 May 2016 23:25:36 GMT"
        ],
        "Server": [
          "Microsoft-IIS/8.5"
        ],
        "X-AspNet-Version": [
          "4.0.30319"
        ],
        "X-Powered-By": [
          "ASP.NET"
        ]
      },
      "StatusCode": 200
    },
    {
      "RequestUri": "/subscriptions/27cafca8-b9a4-4264-b399-45d0c9cca1ab/resourceGroups/onesdk8514/providers/Microsoft.Cdn/profiles/onesdk4453/endpoints/onesdk3874?api-version=2016-04-02",
      "EncodedRequestUri": "L3N1YnNjcmlwdGlvbnMvMjdjYWZjYTgtYjlhNC00MjY0LWIzOTktNDVkMGM5Y2NhMWFiL3Jlc291cmNlR3JvdXBzL29uZXNkazg1MTQvcHJvdmlkZXJzL01pY3Jvc29mdC5DZG4vcHJvZmlsZXMvb25lc2RrNDQ1My9lbmRwb2ludHMvb25lc2RrMzg3ND9hcGktdmVyc2lvbj0yMDE2LTA0LTAy",
      "RequestMethod": "GET",
      "RequestBody": "",
      "RequestHeaders": {
        "x-ms-client-request-id": [
          "14287c69-ef48-41b7-8a6a-b1f837743a93"
        ],
        "accept-language": [
          "en-US"
        ],
        "User-Agent": [
          "Microsoft.Azure.Management.Cdn.CdnManagementClient/1.0.0.0"
        ]
      },
      "ResponseBody": "{\r\n  \"error\": {\r\n    \"code\": \"ResourceNotFound\",\r\n    \"message\": \"The Resource 'Microsoft.Cdn/profiles/onesdk4453/endpoints/onesdk3874' under resource group 'onesdk8514' was not found.\"\r\n  }\r\n}",
      "ResponseHeaders": {
        "Content-Length": [
          "168"
        ],
        "Content-Type": [
          "application/json; charset=utf-8"
        ],
        "Expires": [
          "-1"
        ],
        "Pragma": [
          "no-cache"
        ],
        "x-ms-failure-cause": [
          "gateway"
        ],
        "x-ms-request-id": [
          "ff6bcf7d-d25e-455d-a367-032278e3d6d5"
        ],
        "x-ms-correlation-request-id": [
          "ff6bcf7d-d25e-455d-a367-032278e3d6d5"
        ],
        "x-ms-routing-request-id": [
          "CENTRALUS:20160512T232503Z:ff6bcf7d-d25e-455d-a367-032278e3d6d5"
        ],
        "Strict-Transport-Security": [
          "max-age=31536000; includeSubDomains"
        ],
        "Cache-Control": [
          "no-cache"
        ],
        "Date": [
          "Thu, 12 May 2016 23:25:02 GMT"
        ]
      },
      "StatusCode": 404
    },
    {
      "RequestUri": "/subscriptions/27cafca8-b9a4-4264-b399-45d0c9cca1ab/resourceGroups/onesdk8514/providers/Microsoft.Cdn/profiles/onesdk4453/endpoints/onesdk3874?api-version=2016-04-02",
      "EncodedRequestUri": "L3N1YnNjcmlwdGlvbnMvMjdjYWZjYTgtYjlhNC00MjY0LWIzOTktNDVkMGM5Y2NhMWFiL3Jlc291cmNlR3JvdXBzL29uZXNkazg1MTQvcHJvdmlkZXJzL01pY3Jvc29mdC5DZG4vcHJvZmlsZXMvb25lc2RrNDQ1My9lbmRwb2ludHMvb25lc2RrMzg3ND9hcGktdmVyc2lvbj0yMDE2LTA0LTAy",
      "RequestMethod": "GET",
      "RequestBody": "",
      "RequestHeaders": {
        "User-Agent": [
          "Microsoft.Azure.Management.Cdn.CdnManagementClient/1.0.0.0"
        ]
      },
      "ResponseBody": "{\r\n  \"name\": \"onesdk3874\",\r\n  \"id\": \"/subscriptions/27cafca8-b9a4-4264-b399-45d0c9cca1ab/resourcegroups/onesdk8514/providers/Microsoft.Cdn/profiles/onesdk4453/endpoints/onesdk3874\",\r\n  \"type\": \"Microsoft.Cdn/profiles/endpoints\",\r\n  \"tags\": {\r\n    \"tag2\": \"value2\",\r\n    \"tag1\": \"value1\"\r\n  },\r\n  \"location\": \"EastUs\",\r\n  \"properties\": {\r\n    \"hostName\": \"onesdk3874.azureedge.net\",\r\n    \"originHostHeader\": \"www.microsoft.com\",\r\n    \"provisioningState\": \"Succeeded\",\r\n    \"resourceState\": \"Running\",\r\n    \"isHttpAllowed\": true,\r\n    \"isHttpsAllowed\": true,\r\n    \"queryStringCachingBehavior\": \"BypassCaching\",\r\n    \"originPath\": \"/videos\",\r\n    \"origins\": [\r\n      {\r\n        \"name\": \"onesdk578\",\r\n        \"properties\": {\r\n          \"hostName\": \"www.microsoft.com\",\r\n          \"httpPort\": 123,\r\n          \"httpsPort\": 456\r\n        }\r\n      }\r\n    ],\r\n    \"contentTypesToCompress\": [\r\n      \"application/json\",\r\n      \"text/html\"\r\n    ],\r\n    \"isCompressionEnabled\": true\r\n  }\r\n}",
      "ResponseHeaders": {
        "Content-Length": [
          "825"
        ],
        "Content-Type": [
          "application/json; odata.metadata=minimal; odata.streaming=true"
        ],
        "Expires": [
          "-1"
        ],
        "Pragma": [
          "no-cache"
        ],
        "x-ms-request-id": [
          "ff3328cc-cade-49c1-85cc-f313853823ca"
        ],
        "x-ms-client-request-id": [
          "0f5c59dd-b062-4257-881e-86abd5c4a57d"
        ],
        "OData-Version": [
          "4.0"
        ],
        "Strict-Transport-Security": [
          "max-age=31536000; includeSubDomains"
        ],
        "x-ms-ratelimit-remaining-subscription-reads": [
          "14989"
        ],
        "x-ms-correlation-request-id": [
          "2f5e11e5-5877-40a6-9015-1a37f080c047"
        ],
        "x-ms-routing-request-id": [
          "CENTRALUS:20160512T232537Z:2f5e11e5-5877-40a6-9015-1a37f080c047"
        ],
        "Cache-Control": [
          "no-cache"
        ],
        "Date": [
          "Thu, 12 May 2016 23:25:36 GMT"
        ],
        "Server": [
          "Microsoft-IIS/8.5"
        ],
        "X-AspNet-Version": [
          "4.0.30319"
        ],
        "X-Powered-By": [
          "ASP.NET"
        ]
      },
      "StatusCode": 200
    },
    {
      "RequestUri": "/subscriptions/27cafca8-b9a4-4264-b399-45d0c9cca1ab/resourceGroups/onesdk8514/providers/Microsoft.Cdn/profiles/onesdk4453/endpoints/onesdk3874?api-version=2016-04-02",
      "EncodedRequestUri": "L3N1YnNjcmlwdGlvbnMvMjdjYWZjYTgtYjlhNC00MjY0LWIzOTktNDVkMGM5Y2NhMWFiL3Jlc291cmNlR3JvdXBzL29uZXNkazg1MTQvcHJvdmlkZXJzL01pY3Jvc29mdC5DZG4vcHJvZmlsZXMvb25lc2RrNDQ1My9lbmRwb2ludHMvb25lc2RrMzg3ND9hcGktdmVyc2lvbj0yMDE2LTA0LTAy",
      "RequestMethod": "GET",
      "RequestBody": "",
      "RequestHeaders": {
        "x-ms-client-request-id": [
          "6c73372f-3cd1-4add-9ec1-08a19b62b97f"
        ],
        "accept-language": [
          "en-US"
        ],
        "User-Agent": [
          "Microsoft.Azure.Management.Cdn.CdnManagementClient/1.0.0.0"
        ]
      },
      "ResponseBody": "{\r\n  \"name\": \"onesdk3874\",\r\n  \"id\": \"/subscriptions/27cafca8-b9a4-4264-b399-45d0c9cca1ab/resourcegroups/onesdk8514/providers/Microsoft.Cdn/profiles/onesdk4453/endpoints/onesdk3874\",\r\n  \"type\": \"Microsoft.Cdn/profiles/endpoints\",\r\n  \"tags\": {\r\n    \"tag2\": \"value2\",\r\n    \"tag1\": \"value1\"\r\n  },\r\n  \"location\": \"EastUs\",\r\n  \"properties\": {\r\n    \"hostName\": \"onesdk3874.azureedge.net\",\r\n    \"originHostHeader\": \"www.microsoft.com\",\r\n    \"provisioningState\": \"Succeeded\",\r\n    \"resourceState\": \"Stopped\",\r\n    \"isHttpAllowed\": true,\r\n    \"isHttpsAllowed\": true,\r\n    \"queryStringCachingBehavior\": \"BypassCaching\",\r\n    \"originPath\": \"/videos\",\r\n    \"origins\": [\r\n      {\r\n        \"name\": \"onesdk578\",\r\n        \"properties\": {\r\n          \"hostName\": \"www.microsoft.com\",\r\n          \"httpPort\": 123,\r\n          \"httpsPort\": 456\r\n        }\r\n      }\r\n    ],\r\n    \"contentTypesToCompress\": [\r\n      \"application/json\",\r\n      \"text/html\"\r\n    ],\r\n    \"isCompressionEnabled\": true\r\n  }\r\n}",
      "ResponseHeaders": {
        "Content-Length": [
          "825"
        ],
        "Content-Type": [
          "application/json; odata.metadata=minimal; odata.streaming=true"
        ],
        "Expires": [
          "-1"
        ],
        "Pragma": [
          "no-cache"
        ],
        "x-ms-request-id": [
          "9fba2534-c69a-4c7a-b722-4b18c5b28aa0"
        ],
        "x-ms-client-request-id": [
          "6c73372f-3cd1-4add-9ec1-08a19b62b97f"
        ],
        "OData-Version": [
          "4.0"
        ],
        "Strict-Transport-Security": [
          "max-age=31536000; includeSubDomains"
        ],
        "x-ms-ratelimit-remaining-subscription-reads": [
          "14987"
        ],
        "x-ms-correlation-request-id": [
          "7bc0593c-901a-4a84-a90a-d3849e8b430e"
        ],
        "x-ms-routing-request-id": [
          "CENTRALUS:20160512T232608Z:7bc0593c-901a-4a84-a90a-d3849e8b430e"
        ],
        "Cache-Control": [
          "no-cache"
        ],
        "Date": [
          "Thu, 12 May 2016 23:26:07 GMT"
        ],
        "Server": [
          "Microsoft-IIS/8.5"
        ],
        "X-AspNet-Version": [
          "4.0.30319"
        ],
        "X-Powered-By": [
          "ASP.NET"
        ]
      },
      "StatusCode": 200
    },
    {
      "RequestUri": "/subscriptions/27cafca8-b9a4-4264-b399-45d0c9cca1ab/resourceGroups/onesdk8514/providers/Microsoft.Cdn/profiles/onesdk4453/endpoints/onesdk3874?api-version=2016-04-02",
      "EncodedRequestUri": "L3N1YnNjcmlwdGlvbnMvMjdjYWZjYTgtYjlhNC00MjY0LWIzOTktNDVkMGM5Y2NhMWFiL3Jlc291cmNlR3JvdXBzL29uZXNkazg1MTQvcHJvdmlkZXJzL01pY3Jvc29mdC5DZG4vcHJvZmlsZXMvb25lc2RrNDQ1My9lbmRwb2ludHMvb25lc2RrMzg3ND9hcGktdmVyc2lvbj0yMDE2LTA0LTAy",
      "RequestMethod": "GET",
      "RequestBody": "",
      "RequestHeaders": {
        "x-ms-client-request-id": [
          "49f6ddfe-e198-4330-8f84-14fa07400809"
        ],
        "accept-language": [
          "en-US"
        ],
        "User-Agent": [
          "Microsoft.Azure.Management.Cdn.CdnManagementClient/1.0.0.0"
        ]
      },
      "ResponseBody": "{\r\n  \"name\": \"onesdk3874\",\r\n  \"id\": \"/subscriptions/27cafca8-b9a4-4264-b399-45d0c9cca1ab/resourcegroups/onesdk8514/providers/Microsoft.Cdn/profiles/onesdk4453/endpoints/onesdk3874\",\r\n  \"type\": \"Microsoft.Cdn/profiles/endpoints\",\r\n  \"tags\": {\r\n    \"tag2\": \"value2\",\r\n    \"tag1\": \"value1\"\r\n  },\r\n  \"location\": \"EastUs\",\r\n  \"properties\": {\r\n    \"hostName\": \"onesdk3874.azureedge.net\",\r\n    \"originHostHeader\": \"www.microsoft.com\",\r\n    \"provisioningState\": \"Succeeded\",\r\n    \"resourceState\": \"Running\",\r\n    \"isHttpAllowed\": true,\r\n    \"isHttpsAllowed\": true,\r\n    \"queryStringCachingBehavior\": \"BypassCaching\",\r\n    \"originPath\": \"/videos\",\r\n    \"origins\": [\r\n      {\r\n        \"name\": \"onesdk578\",\r\n        \"properties\": {\r\n          \"hostName\": \"www.microsoft.com\",\r\n          \"httpPort\": 123,\r\n          \"httpsPort\": 456\r\n        }\r\n      }\r\n    ],\r\n    \"contentTypesToCompress\": [\r\n      \"application/json\",\r\n      \"text/html\"\r\n    ],\r\n    \"isCompressionEnabled\": true\r\n  }\r\n}",
      "ResponseHeaders": {
        "Content-Length": [
          "825"
        ],
        "Content-Type": [
          "application/json; odata.metadata=minimal; odata.streaming=true"
        ],
        "Expires": [
          "-1"
        ],
        "Pragma": [
          "no-cache"
        ],
        "x-ms-request-id": [
          "67afeb64-5510-4040-a579-cb80cd78b48e"
        ],
        "x-ms-client-request-id": [
          "49f6ddfe-e198-4330-8f84-14fa07400809"
        ],
        "OData-Version": [
          "4.0"
        ],
        "Strict-Transport-Security": [
          "max-age=31536000; includeSubDomains"
        ],
        "x-ms-ratelimit-remaining-subscription-reads": [
          "14985"
        ],
        "x-ms-correlation-request-id": [
          "a07a8279-4c13-4d55-858b-d5951a52f081"
        ],
        "x-ms-routing-request-id": [
          "CENTRALUS:20160512T232639Z:a07a8279-4c13-4d55-858b-d5951a52f081"
        ],
        "Cache-Control": [
          "no-cache"
        ],
        "Date": [
          "Thu, 12 May 2016 23:26:39 GMT"
        ],
        "Server": [
          "Microsoft-IIS/8.5"
        ],
        "X-AspNet-Version": [
          "4.0.30319"
        ],
        "X-Powered-By": [
          "ASP.NET"
        ]
      },
      "StatusCode": 200
    },
    {
      "RequestUri": "/subscriptions/27cafca8-b9a4-4264-b399-45d0c9cca1ab/resourceGroups/onesdk8514/providers/Microsoft.Cdn/profiles/onesdk4453/endpoints/onesdk3874?api-version=2016-04-02",
      "EncodedRequestUri": "L3N1YnNjcmlwdGlvbnMvMjdjYWZjYTgtYjlhNC00MjY0LWIzOTktNDVkMGM5Y2NhMWFiL3Jlc291cmNlR3JvdXBzL29uZXNkazg1MTQvcHJvdmlkZXJzL01pY3Jvc29mdC5DZG4vcHJvZmlsZXMvb25lc2RrNDQ1My9lbmRwb2ludHMvb25lc2RrMzg3ND9hcGktdmVyc2lvbj0yMDE2LTA0LTAy",
      "RequestMethod": "GET",
      "RequestBody": "",
      "RequestHeaders": {
        "x-ms-client-request-id": [
          "6c07ca39-8098-4d68-913f-9c57ac38e4b5"
        ],
        "accept-language": [
          "en-US"
        ],
        "User-Agent": [
          "Microsoft.Azure.Management.Cdn.CdnManagementClient/1.0.0.0"
        ]
      },
      "ResponseBody": "{\r\n  \"name\": \"onesdk3874\",\r\n  \"id\": \"/subscriptions/27cafca8-b9a4-4264-b399-45d0c9cca1ab/resourcegroups/onesdk8514/providers/Microsoft.Cdn/profiles/onesdk4453/endpoints/onesdk3874\",\r\n  \"type\": \"Microsoft.Cdn/profiles/endpoints\",\r\n  \"tags\": {\r\n    \"tag2\": \"value2\",\r\n    \"tag1\": \"value1\"\r\n  },\r\n  \"location\": \"EastUs\",\r\n  \"properties\": {\r\n    \"hostName\": \"onesdk3874.azureedge.net\",\r\n    \"originHostHeader\": \"www.microsoft.com\",\r\n    \"provisioningState\": \"Succeeded\",\r\n    \"resourceState\": \"Running\",\r\n    \"isHttpAllowed\": true,\r\n    \"isHttpsAllowed\": true,\r\n    \"queryStringCachingBehavior\": \"BypassCaching\",\r\n    \"originPath\": \"/videos\",\r\n    \"origins\": [\r\n      {\r\n        \"name\": \"onesdk578\",\r\n        \"properties\": {\r\n          \"hostName\": \"www.microsoft.com\",\r\n          \"httpPort\": 123,\r\n          \"httpsPort\": 456\r\n        }\r\n      }\r\n    ],\r\n    \"contentTypesToCompress\": [\r\n      \"application/json\",\r\n      \"text/html\"\r\n    ],\r\n    \"isCompressionEnabled\": true\r\n  }\r\n}",
      "ResponseHeaders": {
        "Content-Length": [
          "825"
        ],
        "Content-Type": [
          "application/json; odata.metadata=minimal; odata.streaming=true"
        ],
        "Expires": [
          "-1"
        ],
        "Pragma": [
          "no-cache"
        ],
        "x-ms-request-id": [
          "e44d4045-7a0d-4e7b-b6c2-3f9f5f35e00f"
        ],
        "x-ms-client-request-id": [
          "6c07ca39-8098-4d68-913f-9c57ac38e4b5"
        ],
        "OData-Version": [
          "4.0"
        ],
        "Strict-Transport-Security": [
          "max-age=31536000; includeSubDomains"
        ],
        "x-ms-ratelimit-remaining-subscription-reads": [
          "14980"
        ],
        "x-ms-correlation-request-id": [
          "028fef8f-d3a6-4dd7-9c41-a19ace7b9044"
        ],
        "x-ms-routing-request-id": [
          "CENTRALUS:20160512T232842Z:028fef8f-d3a6-4dd7-9c41-a19ace7b9044"
        ],
        "Cache-Control": [
          "no-cache"
        ],
        "Date": [
          "Thu, 12 May 2016 23:28:42 GMT"
        ],
        "Server": [
          "Microsoft-IIS/8.5"
        ],
        "X-AspNet-Version": [
          "4.0.30319"
        ],
        "X-Powered-By": [
          "ASP.NET"
        ]
      },
      "StatusCode": 200
    },
    {
      "RequestUri": "/subscriptions/27cafca8-b9a4-4264-b399-45d0c9cca1ab/resourceGroups/onesdk8514/providers/Microsoft.Cdn/profiles/onesdk4453/endpoints/onesdk3874?api-version=2016-04-02",
      "EncodedRequestUri": "L3N1YnNjcmlwdGlvbnMvMjdjYWZjYTgtYjlhNC00MjY0LWIzOTktNDVkMGM5Y2NhMWFiL3Jlc291cmNlR3JvdXBzL29uZXNkazg1MTQvcHJvdmlkZXJzL01pY3Jvc29mdC5DZG4vcHJvZmlsZXMvb25lc2RrNDQ1My9lbmRwb2ludHMvb25lc2RrMzg3ND9hcGktdmVyc2lvbj0yMDE2LTA0LTAy",
      "RequestMethod": "GET",
      "RequestBody": "",
      "RequestHeaders": {
        "x-ms-client-request-id": [
          "e579cdde-195b-4433-9dc7-c6c40fe49d98"
        ],
        "accept-language": [
          "en-US"
        ],
        "User-Agent": [
          "Microsoft.Azure.Management.Cdn.CdnManagementClient/1.0.0.0"
        ]
      },
      "ResponseBody": "{\r\n  \"error\": {\r\n    \"code\": \"ResourceNotFound\",\r\n    \"message\": \"The Resource 'Microsoft.Cdn/profiles/onesdk4453/endpoints/onesdk3874' under resource group 'onesdk8514' was not found.\"\r\n  }\r\n}",
      "ResponseHeaders": {
        "Content-Length": [
          "168"
        ],
        "Content-Type": [
          "application/json; charset=utf-8"
        ],
        "Expires": [
          "-1"
        ],
        "Pragma": [
          "no-cache"
        ],
        "x-ms-failure-cause": [
          "gateway"
        ],
        "x-ms-request-id": [
          "17932638-12b2-4151-876c-8cdfb3e23777"
        ],
        "x-ms-correlation-request-id": [
          "17932638-12b2-4151-876c-8cdfb3e23777"
        ],
        "x-ms-routing-request-id": [
          "CENTRALUS:20160512T232913Z:17932638-12b2-4151-876c-8cdfb3e23777"
        ],
        "Strict-Transport-Security": [
          "max-age=31536000; includeSubDomains"
        ],
        "Cache-Control": [
          "no-cache"
        ],
        "Date": [
          "Thu, 12 May 2016 23:29:13 GMT"
        ]
      },
      "StatusCode": 404
    },
    {
      "RequestUri": "/subscriptions/27cafca8-b9a4-4264-b399-45d0c9cca1ab/resourceGroups/onesdk8514/providers/Microsoft.Cdn/profiles/onesdk4453/endpoints/onesdk3874?api-version=2016-04-02",
      "EncodedRequestUri": "L3N1YnNjcmlwdGlvbnMvMjdjYWZjYTgtYjlhNC00MjY0LWIzOTktNDVkMGM5Y2NhMWFiL3Jlc291cmNlR3JvdXBzL29uZXNkazg1MTQvcHJvdmlkZXJzL01pY3Jvc29mdC5DZG4vcHJvZmlsZXMvb25lc2RrNDQ1My9lbmRwb2ludHMvb25lc2RrMzg3ND9hcGktdmVyc2lvbj0yMDE2LTA0LTAy",
      "RequestMethod": "PUT",
      "RequestBody": "{\r\n  \"location\": \"EastUS\",\r\n  \"tags\": {\r\n    \"tag2\": \"value2\",\r\n    \"tag1\": \"value1\"\r\n  },\r\n  \"properties\": {\r\n    \"originHostHeader\": \"www.microsoft.com\",\r\n    \"originPath\": \"/videos\",\r\n    \"contentTypesToCompress\": [\r\n      \"application/json\",\r\n      \"text/html\"\r\n    ],\r\n    \"isCompressionEnabled\": true,\r\n    \"isHttpAllowed\": true,\r\n    \"isHttpsAllowed\": true,\r\n    \"queryStringCachingBehavior\": \"BypassCaching\",\r\n    \"origins\": [\r\n      {\r\n        \"name\": \"onesdk578\",\r\n        \"properties\": {\r\n          \"hostName\": \"www.microsoft.com\",\r\n          \"httpPort\": 123,\r\n          \"httpsPort\": 456\r\n        }\r\n      }\r\n    ]\r\n  }\r\n}",
      "RequestHeaders": {
        "Content-Type": [
          "application/json; charset=utf-8"
        ],
        "Content-Length": [
          "633"
        ],
        "x-ms-client-request-id": [
          "6e430b9c-6841-439c-b080-250422ab0100"
        ],
        "accept-language": [
          "en-US"
        ],
        "User-Agent": [
          "Microsoft.Azure.Management.Cdn.CdnManagementClient/1.0.0.0"
        ]
      },
      "ResponseBody": "{\r\n  \"name\": \"onesdk3874\",\r\n  \"id\": \"/subscriptions/27cafca8-b9a4-4264-b399-45d0c9cca1ab/resourcegroups/onesdk8514/providers/Microsoft.Cdn/profiles/onesdk4453/endpoints/onesdk3874\",\r\n  \"type\": \"Microsoft.Cdn/profiles/endpoints\",\r\n  \"tags\": {\r\n    \"tag2\": \"value2\",\r\n    \"tag1\": \"value1\"\r\n  },\r\n  \"location\": \"EastUs\",\r\n  \"properties\": {\r\n    \"hostName\": \"onesdk3874.azureedge.net\",\r\n    \"originHostHeader\": \"www.microsoft.com\",\r\n    \"provisioningState\": \"Creating\",\r\n    \"resourceState\": \"Creating\",\r\n    \"isHttpAllowed\": true,\r\n    \"isHttpsAllowed\": true,\r\n    \"queryStringCachingBehavior\": \"BypassCaching\",\r\n    \"originPath\": \"/videos\",\r\n    \"origins\": [\r\n      {\r\n        \"name\": \"onesdk578\",\r\n        \"properties\": {\r\n          \"hostName\": \"www.microsoft.com\",\r\n          \"httpPort\": 123,\r\n          \"httpsPort\": 456\r\n        }\r\n      }\r\n    ],\r\n    \"contentTypesToCompress\": [\r\n      \"application/json\",\r\n      \"text/html\"\r\n    ],\r\n    \"isCompressionEnabled\": true\r\n  }\r\n}",
      "ResponseHeaders": {
        "Content-Length": [
          "825"
        ],
        "Content-Type": [
          "application/json; odata.metadata=minimal"
        ],
        "Expires": [
          "-1"
        ],
        "Pragma": [
          "no-cache"
        ],
        "Retry-After": [
          "10"
        ],
        "x-ms-request-id": [
          "536c28b3-a1bb-4d8c-abb5-d2735d722dd6"
        ],
        "x-ms-client-request-id": [
          "6e430b9c-6841-439c-b080-250422ab0100"
        ],
        "Azure-AsyncOperation": [
          "https://management.azure.com/subscriptions/27cafca8-b9a4-4264-b399-45d0c9cca1ab/resourcegroups/onesdk8514/providers/Microsoft.Cdn/operationresults/53ff8c8c-a7cd-43ed-9c18-73c7ff81a208?api-version=2016-04-02"
        ],
        "OData-Version": [
          "4.0"
        ],
        "Strict-Transport-Security": [
          "max-age=31536000; includeSubDomains"
        ],
        "x-ms-ratelimit-remaining-subscription-writes": [
          "1197"
        ],
        "x-ms-correlation-request-id": [
          "17e07617-a682-4742-8e59-2a27c5001a9b"
        ],
        "x-ms-routing-request-id": [
          "CENTRALUS:20160512T232506Z:17e07617-a682-4742-8e59-2a27c5001a9b"
        ],
        "Cache-Control": [
          "no-cache"
        ],
        "Date": [
          "Thu, 12 May 2016 23:25:05 GMT"
        ],
        "Server": [
          "Microsoft-IIS/8.5"
        ],
        "X-AspNet-Version": [
          "4.0.30319"
        ],
        "X-Powered-By": [
          "ASP.NET"
        ]
      },
      "StatusCode": 201
    },
    {
      "RequestUri": "/subscriptions/27cafca8-b9a4-4264-b399-45d0c9cca1ab/resourcegroups/onesdk8514/providers/Microsoft.Cdn/operationresults/53ff8c8c-a7cd-43ed-9c18-73c7ff81a208?api-version=2016-04-02",
      "EncodedRequestUri": "L3N1YnNjcmlwdGlvbnMvMjdjYWZjYTgtYjlhNC00MjY0LWIzOTktNDVkMGM5Y2NhMWFiL3Jlc291cmNlZ3JvdXBzL29uZXNkazg1MTQvcHJvdmlkZXJzL01pY3Jvc29mdC5DZG4vb3BlcmF0aW9ucmVzdWx0cy81M2ZmOGM4Yy1hN2NkLTQzZWQtOWMxOC03M2M3ZmY4MWEyMDg/YXBpLXZlcnNpb249MjAxNi0wNC0wMg==",
      "RequestMethod": "GET",
      "RequestBody": "",
      "RequestHeaders": {
        "User-Agent": [
          "Microsoft.Azure.Management.Cdn.CdnManagementClient/1.0.0.0"
        ]
      },
      "ResponseBody": "{\r\n  \"status\": \"Succeeded\",\r\n  \"error\": {\r\n    \"code\": \"None\",\r\n    \"message\": null\r\n  }\r\n}",
      "ResponseHeaders": {
        "Content-Length": [
          "77"
        ],
        "Content-Type": [
          "application/json; odata.metadata=minimal; odata.streaming=true"
        ],
        "Expires": [
          "-1"
        ],
        "Pragma": [
          "no-cache"
        ],
        "x-ms-request-id": [
          "e8119192-1dbb-4437-abbd-9cea1e787997"
        ],
        "x-ms-client-request-id": [
          "c2268465-f3e9-4cad-a2a9-988e401545bf"
        ],
        "OData-Version": [
          "4.0"
        ],
        "Strict-Transport-Security": [
          "max-age=31536000; includeSubDomains"
        ],
        "x-ms-ratelimit-remaining-subscription-reads": [
          "14990"
        ],
        "x-ms-correlation-request-id": [
          "127354e5-1904-4be2-91b1-935d6352085d"
        ],
        "x-ms-routing-request-id": [
          "CENTRALUS:20160512T232536Z:127354e5-1904-4be2-91b1-935d6352085d"
        ],
        "Cache-Control": [
          "no-cache"
        ],
        "Date": [
          "Thu, 12 May 2016 23:25:36 GMT"
        ],
        "Server": [
          "Microsoft-IIS/8.5"
        ],
        "X-AspNet-Version": [
          "4.0.30319"
        ],
        "X-Powered-By": [
          "ASP.NET"
        ]
      },
      "StatusCode": 200
    },
    {
      "RequestUri": "/subscriptions/27cafca8-b9a4-4264-b399-45d0c9cca1ab/resourceGroups/onesdk8514/providers/Microsoft.Cdn/profiles/onesdk4453/endpoints/onesdk3874/stop?api-version=2016-04-02",
      "EncodedRequestUri": "L3N1YnNjcmlwdGlvbnMvMjdjYWZjYTgtYjlhNC00MjY0LWIzOTktNDVkMGM5Y2NhMWFiL3Jlc291cmNlR3JvdXBzL29uZXNkazg1MTQvcHJvdmlkZXJzL01pY3Jvc29mdC5DZG4vcHJvZmlsZXMvb25lc2RrNDQ1My9lbmRwb2ludHMvb25lc2RrMzg3NC9zdG9wP2FwaS12ZXJzaW9uPTIwMTYtMDQtMDI=",
      "RequestMethod": "POST",
      "RequestBody": "",
      "RequestHeaders": {
        "x-ms-client-request-id": [
          "79550257-266a-42e4-9999-5b28e118870b"
        ],
        "accept-language": [
          "en-US"
        ],
        "User-Agent": [
          "Microsoft.Azure.Management.Cdn.CdnManagementClient/1.0.0.0"
        ]
      },
      "ResponseBody": "{\r\n  \"hostName\": \"onesdk3874.azureedge.net\",\r\n  \"originHostHeader\": \"www.microsoft.com\",\r\n  \"provisioningState\": \"Succeeded\",\r\n  \"resourceState\": \"Stopping\",\r\n  \"isHttpAllowed\": true,\r\n  \"isHttpsAllowed\": true,\r\n  \"queryStringCachingBehavior\": \"BypassCaching\",\r\n  \"originPath\": \"/videos\",\r\n  \"origins\": [\r\n    {\r\n      \"name\": \"onesdk578\",\r\n      \"properties\": {\r\n        \"hostName\": \"www.microsoft.com\",\r\n        \"httpPort\": 123,\r\n        \"httpsPort\": 456\r\n      }\r\n    }\r\n  ],\r\n  \"contentTypesToCompress\": [\r\n    \"application/json\",\r\n    \"text/html\"\r\n  ],\r\n  \"isCompressionEnabled\": true\r\n}",
      "ResponseHeaders": {
        "Content-Length": [
          "502"
        ],
        "Content-Type": [
          "application/json; odata.metadata=minimal; odata.streaming=true"
        ],
        "Expires": [
          "-1"
        ],
        "Pragma": [
          "no-cache"
        ],
        "Retry-After": [
          "10"
        ],
        "x-ms-request-id": [
          "385807b0-9f6a-4943-a63c-6ce689d31222"
        ],
        "x-ms-client-request-id": [
          "79550257-266a-42e4-9999-5b28e118870b"
        ],
        "Azure-AsyncOperation": [
          "https://management.azure.com/subscriptions/27cafca8-b9a4-4264-b399-45d0c9cca1ab/resourcegroups/onesdk8514/providers/Microsoft.Cdn/operationresults/1d1c8e0a-9a18-4e6e-978d-d36267b51ddc?api-version=2016-04-02"
        ],
        "OData-Version": [
          "4.0"
        ],
        "Strict-Transport-Security": [
          "max-age=31536000; includeSubDomains"
        ],
        "x-ms-ratelimit-remaining-subscription-writes": [
          "1196"
        ],
        "x-ms-correlation-request-id": [
          "09d9b0d1-a06c-4a05-866a-e79cbf19c939"
        ],
        "x-ms-routing-request-id": [
          "CENTRALUS:20160512T232537Z:09d9b0d1-a06c-4a05-866a-e79cbf19c939"
        ],
        "Cache-Control": [
          "no-cache"
        ],
        "Date": [
          "Thu, 12 May 2016 23:25:37 GMT"
        ],
        "Location": [
          "https://management.azure.com/subscriptions/27cafca8-b9a4-4264-b399-45d0c9cca1ab/resourcegroups/onesdk8514/providers/Microsoft.Cdn/operationresults/1d1c8e0a-9a18-4e6e-978d-d36267b51ddc/profileresults/onesdk4453/endpointresults/onesdk3874?api-version=2016-04-02"
        ],
        "Server": [
          "Microsoft-IIS/8.5"
        ],
        "X-AspNet-Version": [
          "4.0.30319"
        ],
        "X-Powered-By": [
          "ASP.NET"
        ]
      },
      "StatusCode": 202
    },
    {
      "RequestUri": "/subscriptions/27cafca8-b9a4-4264-b399-45d0c9cca1ab/resourcegroups/onesdk8514/providers/Microsoft.Cdn/operationresults/1d1c8e0a-9a18-4e6e-978d-d36267b51ddc?api-version=2016-04-02",
      "EncodedRequestUri": "L3N1YnNjcmlwdGlvbnMvMjdjYWZjYTgtYjlhNC00MjY0LWIzOTktNDVkMGM5Y2NhMWFiL3Jlc291cmNlZ3JvdXBzL29uZXNkazg1MTQvcHJvdmlkZXJzL01pY3Jvc29mdC5DZG4vb3BlcmF0aW9ucmVzdWx0cy8xZDFjOGUwYS05YTE4LTRlNmUtOTc4ZC1kMzYyNjdiNTFkZGM/YXBpLXZlcnNpb249MjAxNi0wNC0wMg==",
      "RequestMethod": "GET",
      "RequestBody": "",
      "RequestHeaders": {
        "User-Agent": [
          "Microsoft.Azure.Management.Cdn.CdnManagementClient/1.0.0.0"
        ]
      },
      "ResponseBody": "{\r\n  \"status\": \"Succeeded\",\r\n  \"error\": {\r\n    \"code\": \"None\",\r\n    \"message\": null\r\n  }\r\n}",
      "ResponseHeaders": {
        "Content-Length": [
          "77"
        ],
        "Content-Type": [
          "application/json; odata.metadata=minimal; odata.streaming=true"
        ],
        "Expires": [
          "-1"
        ],
        "Pragma": [
          "no-cache"
        ],
        "x-ms-request-id": [
          "38a46009-08a8-47f3-9fcc-53238bf1f4e8"
        ],
        "x-ms-client-request-id": [
          "c8107c9b-61c6-4e41-8604-64c5a4755f0b"
        ],
        "OData-Version": [
          "4.0"
        ],
        "Strict-Transport-Security": [
          "max-age=31536000; includeSubDomains"
        ],
        "x-ms-ratelimit-remaining-subscription-reads": [
          "14988"
        ],
        "x-ms-correlation-request-id": [
          "d6fd3586-33e0-4ba6-90c2-e9257b3dff80"
        ],
        "x-ms-routing-request-id": [
          "CENTRALUS:20160512T232608Z:d6fd3586-33e0-4ba6-90c2-e9257b3dff80"
        ],
        "Cache-Control": [
          "no-cache"
        ],
        "Date": [
          "Thu, 12 May 2016 23:26:07 GMT"
        ],
        "Server": [
          "Microsoft-IIS/8.5"
        ],
        "X-AspNet-Version": [
          "4.0.30319"
        ],
        "X-Powered-By": [
          "ASP.NET"
        ]
      },
      "StatusCode": 200
    },
    {
      "RequestUri": "/subscriptions/27cafca8-b9a4-4264-b399-45d0c9cca1ab/resourceGroups/onesdk8514/providers/Microsoft.Cdn/profiles/onesdk4453/endpoints/onesdk3874/start?api-version=2016-04-02",
      "EncodedRequestUri": "L3N1YnNjcmlwdGlvbnMvMjdjYWZjYTgtYjlhNC00MjY0LWIzOTktNDVkMGM5Y2NhMWFiL3Jlc291cmNlR3JvdXBzL29uZXNkazg1MTQvcHJvdmlkZXJzL01pY3Jvc29mdC5DZG4vcHJvZmlsZXMvb25lc2RrNDQ1My9lbmRwb2ludHMvb25lc2RrMzg3NC9zdGFydD9hcGktdmVyc2lvbj0yMDE2LTA0LTAy",
      "RequestMethod": "POST",
      "RequestBody": "",
      "RequestHeaders": {
        "x-ms-client-request-id": [
          "63961d8a-763d-4892-b147-efc427d43083"
        ],
        "accept-language": [
          "en-US"
        ],
        "User-Agent": [
          "Microsoft.Azure.Management.Cdn.CdnManagementClient/1.0.0.0"
        ]
      },
      "ResponseBody": "{\r\n  \"hostName\": \"onesdk3874.azureedge.net\",\r\n  \"originHostHeader\": \"www.microsoft.com\",\r\n  \"provisioningState\": \"Succeeded\",\r\n  \"resourceState\": \"Starting\",\r\n  \"isHttpAllowed\": true,\r\n  \"isHttpsAllowed\": true,\r\n  \"queryStringCachingBehavior\": \"BypassCaching\",\r\n  \"originPath\": \"/videos\",\r\n  \"origins\": [\r\n    {\r\n      \"name\": \"onesdk578\",\r\n      \"properties\": {\r\n        \"hostName\": \"www.microsoft.com\",\r\n        \"httpPort\": 123,\r\n        \"httpsPort\": 456\r\n      }\r\n    }\r\n  ],\r\n  \"contentTypesToCompress\": [\r\n    \"application/json\",\r\n    \"text/html\"\r\n  ],\r\n  \"isCompressionEnabled\": true\r\n}",
      "ResponseHeaders": {
        "Content-Length": [
          "502"
        ],
        "Content-Type": [
          "application/json; odata.metadata=minimal; odata.streaming=true"
        ],
        "Expires": [
          "-1"
        ],
        "Pragma": [
          "no-cache"
        ],
        "Retry-After": [
          "10"
        ],
        "x-ms-request-id": [
          "21000a83-da7a-462e-8f4e-bc88ac903d81"
        ],
        "x-ms-client-request-id": [
          "63961d8a-763d-4892-b147-efc427d43083"
        ],
        "Azure-AsyncOperation": [
          "https://management.azure.com/subscriptions/27cafca8-b9a4-4264-b399-45d0c9cca1ab/resourcegroups/onesdk8514/providers/Microsoft.Cdn/operationresults/96212510-e353-41de-ae65-5eacb338c80f?api-version=2016-04-02"
        ],
        "OData-Version": [
          "4.0"
        ],
        "Strict-Transport-Security": [
          "max-age=31536000; includeSubDomains"
        ],
        "x-ms-ratelimit-remaining-subscription-writes": [
          "1195"
        ],
        "x-ms-correlation-request-id": [
          "21017e1f-792c-4f88-b565-610126c633f4"
        ],
        "x-ms-routing-request-id": [
          "CENTRALUS:20160512T232608Z:21017e1f-792c-4f88-b565-610126c633f4"
        ],
        "Cache-Control": [
          "no-cache"
        ],
        "Date": [
          "Thu, 12 May 2016 23:26:08 GMT"
        ],
        "Location": [
          "https://management.azure.com/subscriptions/27cafca8-b9a4-4264-b399-45d0c9cca1ab/resourcegroups/onesdk8514/providers/Microsoft.Cdn/operationresults/96212510-e353-41de-ae65-5eacb338c80f/profileresults/onesdk4453/endpointresults/onesdk3874?api-version=2016-04-02"
        ],
        "Server": [
          "Microsoft-IIS/8.5"
        ],
        "X-AspNet-Version": [
          "4.0.30319"
        ],
        "X-Powered-By": [
          "ASP.NET"
        ]
      },
      "StatusCode": 202
    },
    {
      "RequestUri": "/subscriptions/27cafca8-b9a4-4264-b399-45d0c9cca1ab/resourcegroups/onesdk8514/providers/Microsoft.Cdn/operationresults/96212510-e353-41de-ae65-5eacb338c80f?api-version=2016-04-02",
      "EncodedRequestUri": "L3N1YnNjcmlwdGlvbnMvMjdjYWZjYTgtYjlhNC00MjY0LWIzOTktNDVkMGM5Y2NhMWFiL3Jlc291cmNlZ3JvdXBzL29uZXNkazg1MTQvcHJvdmlkZXJzL01pY3Jvc29mdC5DZG4vb3BlcmF0aW9ucmVzdWx0cy85NjIxMjUxMC1lMzUzLTQxZGUtYWU2NS01ZWFjYjMzOGM4MGY/YXBpLXZlcnNpb249MjAxNi0wNC0wMg==",
      "RequestMethod": "GET",
      "RequestBody": "",
      "RequestHeaders": {
        "User-Agent": [
          "Microsoft.Azure.Management.Cdn.CdnManagementClient/1.0.0.0"
        ]
      },
      "ResponseBody": "{\r\n  \"status\": \"Succeeded\",\r\n  \"error\": {\r\n    \"code\": \"None\",\r\n    \"message\": null\r\n  }\r\n}",
      "ResponseHeaders": {
        "Content-Length": [
          "77"
        ],
        "Content-Type": [
          "application/json; odata.metadata=minimal; odata.streaming=true"
        ],
        "Expires": [
          "-1"
        ],
        "Pragma": [
          "no-cache"
        ],
        "x-ms-request-id": [
          "5b7826fd-064c-4518-aad2-b875f6b67c5e"
        ],
        "x-ms-client-request-id": [
          "7e3f9f7e-c183-4421-9eb9-139b4e223dcb"
        ],
        "OData-Version": [
          "4.0"
        ],
        "Strict-Transport-Security": [
          "max-age=31536000; includeSubDomains"
        ],
        "x-ms-ratelimit-remaining-subscription-reads": [
          "14986"
        ],
        "x-ms-correlation-request-id": [
          "2f367ebd-6a72-4ed7-8b04-266d6dd7dff5"
        ],
        "x-ms-routing-request-id": [
          "CENTRALUS:20160512T232639Z:2f367ebd-6a72-4ed7-8b04-266d6dd7dff5"
        ],
        "Cache-Control": [
          "no-cache"
        ],
        "Date": [
          "Thu, 12 May 2016 23:26:38 GMT"
        ],
        "Server": [
          "Microsoft-IIS/8.5"
        ],
        "X-AspNet-Version": [
          "4.0.30319"
        ],
        "X-Powered-By": [
          "ASP.NET"
        ]
      },
      "StatusCode": 200
    },
    {
      "RequestUri": "/subscriptions/27cafca8-b9a4-4264-b399-45d0c9cca1ab/resourceGroups/onesdk8514/providers/Microsoft.Cdn/profiles/onesdk4453/endpoints/onesdk3874/purge?api-version=2016-04-02",
      "EncodedRequestUri": "L3N1YnNjcmlwdGlvbnMvMjdjYWZjYTgtYjlhNC00MjY0LWIzOTktNDVkMGM5Y2NhMWFiL3Jlc291cmNlR3JvdXBzL29uZXNkazg1MTQvcHJvdmlkZXJzL01pY3Jvc29mdC5DZG4vcHJvZmlsZXMvb25lc2RrNDQ1My9lbmRwb2ludHMvb25lc2RrMzg3NC9wdXJnZT9hcGktdmVyc2lvbj0yMDE2LTA0LTAy",
      "RequestMethod": "POST",
      "RequestBody": "{\r\n  \"contentPaths\": [\r\n    \"/pic1.jpg\",\r\n    \"/pic2.jpg\"\r\n  ]\r\n}",
      "RequestHeaders": {
        "Content-Type": [
          "application/json; charset=utf-8"
        ],
        "Content-Length": [
          "65"
        ],
        "x-ms-client-request-id": [
          "58eccc25-e98c-4396-ace1-f96c233ad221"
        ],
        "accept-language": [
          "en-US"
        ],
        "User-Agent": [
          "Microsoft.Azure.Management.Cdn.CdnManagementClient/1.0.0.0"
        ]
      },
      "ResponseBody": "",
      "ResponseHeaders": {
        "Content-Length": [
          "0"
        ],
        "Expires": [
          "-1"
        ],
        "Pragma": [
          "no-cache"
        ],
        "Retry-After": [
          "10"
        ],
        "x-ms-request-id": [
          "3d1ea29e-5580-41dd-bdef-5312ffb181f3"
        ],
        "x-ms-client-request-id": [
          "58eccc25-e98c-4396-ace1-f96c233ad221"
        ],
        "Azure-AsyncOperation": [
          "https://management.azure.com/subscriptions/27cafca8-b9a4-4264-b399-45d0c9cca1ab/resourcegroups/onesdk8514/providers/Microsoft.Cdn/operationresults/9fae034f-5412-4122-b1a2-694749a3377b?api-version=2016-04-02"
        ],
        "Strict-Transport-Security": [
          "max-age=31536000; includeSubDomains"
        ],
        "x-ms-ratelimit-remaining-subscription-writes": [
          "1194"
        ],
        "x-ms-correlation-request-id": [
          "7f7da24d-04a2-4d1e-8953-3084e42dd384"
        ],
        "x-ms-routing-request-id": [
          "CENTRALUS:20160512T232640Z:7f7da24d-04a2-4d1e-8953-3084e42dd384"
        ],
        "Cache-Control": [
          "no-cache"
        ],
        "Date": [
          "Thu, 12 May 2016 23:26:39 GMT"
        ],
        "Location": [
          "https://management.azure.com/subscriptions/27cafca8-b9a4-4264-b399-45d0c9cca1ab/resourcegroups/onesdk8514/providers/Microsoft.Cdn/operationresults/9fae034f-5412-4122-b1a2-694749a3377b/profileresults/onesdk4453/endpointresults/onesdk3874?api-version=2016-04-02"
        ],
        "Server": [
          "Microsoft-IIS/8.5"
        ],
        "X-AspNet-Version": [
          "4.0.30319"
        ],
        "X-Powered-By": [
          "ASP.NET"
        ]
      },
      "StatusCode": 202
    },
    {
      "RequestUri": "/subscriptions/27cafca8-b9a4-4264-b399-45d0c9cca1ab/resourcegroups/onesdk8514/providers/Microsoft.Cdn/operationresults/9fae034f-5412-4122-b1a2-694749a3377b?api-version=2016-04-02",
      "EncodedRequestUri": "L3N1YnNjcmlwdGlvbnMvMjdjYWZjYTgtYjlhNC00MjY0LWIzOTktNDVkMGM5Y2NhMWFiL3Jlc291cmNlZ3JvdXBzL29uZXNkazg1MTQvcHJvdmlkZXJzL01pY3Jvc29mdC5DZG4vb3BlcmF0aW9ucmVzdWx0cy85ZmFlMDM0Zi01NDEyLTQxMjItYjFhMi02OTQ3NDlhMzM3N2I/YXBpLXZlcnNpb249MjAxNi0wNC0wMg==",
      "RequestMethod": "GET",
      "RequestBody": "",
      "RequestHeaders": {
        "User-Agent": [
          "Microsoft.Azure.Management.Cdn.CdnManagementClient/1.0.0.0"
        ]
      },
      "ResponseBody": "{\r\n  \"status\": \"InProgress\",\r\n  \"error\": {\r\n    \"code\": \"None\",\r\n    \"message\": null\r\n  }\r\n}",
      "ResponseHeaders": {
        "Content-Length": [
          "78"
        ],
        "Content-Type": [
          "application/json; odata.metadata=minimal; odata.streaming=true"
        ],
        "Expires": [
          "-1"
        ],
        "Pragma": [
          "no-cache"
        ],
        "x-ms-request-id": [
          "9cd79315-3544-4aa0-ba81-669b625d124e"
        ],
        "x-ms-client-request-id": [
          "7caf92e6-cd91-4e54-8890-82cee6cade5d"
        ],
        "OData-Version": [
          "4.0"
        ],
        "Strict-Transport-Security": [
          "max-age=31536000; includeSubDomains"
        ],
        "x-ms-ratelimit-remaining-subscription-reads": [
          "14984"
        ],
        "x-ms-correlation-request-id": [
          "fcc7f7fc-22b4-4327-98a7-8ebaae6868da"
        ],
        "x-ms-routing-request-id": [
          "CENTRALUS:20160512T232710Z:fcc7f7fc-22b4-4327-98a7-8ebaae6868da"
        ],
        "Cache-Control": [
          "no-cache"
        ],
        "Date": [
          "Thu, 12 May 2016 23:27:10 GMT"
        ],
        "Server": [
          "Microsoft-IIS/8.5"
        ],
        "X-AspNet-Version": [
          "4.0.30319"
        ],
        "X-Powered-By": [
          "ASP.NET"
        ]
      },
      "StatusCode": 200
    },
    {
      "RequestUri": "/subscriptions/27cafca8-b9a4-4264-b399-45d0c9cca1ab/resourcegroups/onesdk8514/providers/Microsoft.Cdn/operationresults/9fae034f-5412-4122-b1a2-694749a3377b?api-version=2016-04-02",
      "EncodedRequestUri": "L3N1YnNjcmlwdGlvbnMvMjdjYWZjYTgtYjlhNC00MjY0LWIzOTktNDVkMGM5Y2NhMWFiL3Jlc291cmNlZ3JvdXBzL29uZXNkazg1MTQvcHJvdmlkZXJzL01pY3Jvc29mdC5DZG4vb3BlcmF0aW9ucmVzdWx0cy85ZmFlMDM0Zi01NDEyLTQxMjItYjFhMi02OTQ3NDlhMzM3N2I/YXBpLXZlcnNpb249MjAxNi0wNC0wMg==",
      "RequestMethod": "GET",
      "RequestBody": "",
      "RequestHeaders": {
        "User-Agent": [
          "Microsoft.Azure.Management.Cdn.CdnManagementClient/1.0.0.0"
        ]
      },
      "ResponseBody": "{\r\n  \"status\": \"InProgress\",\r\n  \"error\": {\r\n    \"code\": \"None\",\r\n    \"message\": null\r\n  }\r\n}",
      "ResponseHeaders": {
        "Content-Length": [
          "78"
        ],
        "Content-Type": [
          "application/json; odata.metadata=minimal; odata.streaming=true"
        ],
        "Expires": [
          "-1"
        ],
        "Pragma": [
          "no-cache"
        ],
        "x-ms-request-id": [
          "8f37a258-2cd4-478b-894a-c028ee9e931e"
        ],
        "x-ms-client-request-id": [
          "5c079dda-15bb-416e-9e4f-41d7425c88a2"
        ],
        "OData-Version": [
          "4.0"
        ],
        "Strict-Transport-Security": [
          "max-age=31536000; includeSubDomains"
        ],
        "x-ms-ratelimit-remaining-subscription-reads": [
          "14983"
        ],
        "x-ms-correlation-request-id": [
          "2303db66-e371-43ee-9920-e203a01fea08"
        ],
        "x-ms-routing-request-id": [
          "CENTRALUS:20160512T232740Z:2303db66-e371-43ee-9920-e203a01fea08"
        ],
        "Cache-Control": [
          "no-cache"
        ],
        "Date": [
          "Thu, 12 May 2016 23:27:39 GMT"
        ],
        "Server": [
          "Microsoft-IIS/8.5"
        ],
        "X-AspNet-Version": [
          "4.0.30319"
        ],
        "X-Powered-By": [
          "ASP.NET"
        ]
      },
      "StatusCode": 200
    },
    {
      "RequestUri": "/subscriptions/27cafca8-b9a4-4264-b399-45d0c9cca1ab/resourcegroups/onesdk8514/providers/Microsoft.Cdn/operationresults/9fae034f-5412-4122-b1a2-694749a3377b?api-version=2016-04-02",
      "EncodedRequestUri": "L3N1YnNjcmlwdGlvbnMvMjdjYWZjYTgtYjlhNC00MjY0LWIzOTktNDVkMGM5Y2NhMWFiL3Jlc291cmNlZ3JvdXBzL29uZXNkazg1MTQvcHJvdmlkZXJzL01pY3Jvc29mdC5DZG4vb3BlcmF0aW9ucmVzdWx0cy85ZmFlMDM0Zi01NDEyLTQxMjItYjFhMi02OTQ3NDlhMzM3N2I/YXBpLXZlcnNpb249MjAxNi0wNC0wMg==",
      "RequestMethod": "GET",
      "RequestBody": "",
      "RequestHeaders": {
        "User-Agent": [
          "Microsoft.Azure.Management.Cdn.CdnManagementClient/1.0.0.0"
        ]
      },
      "ResponseBody": "{\r\n  \"status\": \"Succeeded\",\r\n  \"error\": {\r\n    \"code\": \"None\",\r\n    \"message\": null\r\n  }\r\n}",
      "ResponseHeaders": {
        "Content-Length": [
          "77"
        ],
        "Content-Type": [
          "application/json; odata.metadata=minimal; odata.streaming=true"
        ],
        "Expires": [
          "-1"
        ],
        "Pragma": [
          "no-cache"
        ],
        "x-ms-request-id": [
          "ef7f1274-7749-4f64-a818-e558b8493731"
        ],
        "x-ms-client-request-id": [
          "78b419b7-c9b0-453b-ab66-65703aed1659"
        ],
        "OData-Version": [
          "4.0"
        ],
        "Strict-Transport-Security": [
          "max-age=31536000; includeSubDomains"
        ],
        "x-ms-ratelimit-remaining-subscription-reads": [
          "14982"
        ],
        "x-ms-correlation-request-id": [
          "446381a8-aa3b-4641-b963-7a4fc7ae4e92"
        ],
        "x-ms-routing-request-id": [
          "CENTRALUS:20160512T232810Z:446381a8-aa3b-4641-b963-7a4fc7ae4e92"
        ],
        "Cache-Control": [
          "no-cache"
        ],
        "Date": [
          "Thu, 12 May 2016 23:28:10 GMT"
        ],
        "Server": [
          "Microsoft-IIS/8.5"
        ],
        "X-AspNet-Version": [
          "4.0.30319"
        ],
        "X-Powered-By": [
          "ASP.NET"
        ]
      },
      "StatusCode": 200
    },
    {
      "RequestUri": "/subscriptions/27cafca8-b9a4-4264-b399-45d0c9cca1ab/resourceGroups/onesdk8514/providers/Microsoft.Cdn/profiles/onesdk4453/endpoints/onesdk3874/load?api-version=2016-04-02",
      "EncodedRequestUri": "L3N1YnNjcmlwdGlvbnMvMjdjYWZjYTgtYjlhNC00MjY0LWIzOTktNDVkMGM5Y2NhMWFiL3Jlc291cmNlR3JvdXBzL29uZXNkazg1MTQvcHJvdmlkZXJzL01pY3Jvc29mdC5DZG4vcHJvZmlsZXMvb25lc2RrNDQ1My9lbmRwb2ludHMvb25lc2RrMzg3NC9sb2FkP2FwaS12ZXJzaW9uPTIwMTYtMDQtMDI=",
      "RequestMethod": "POST",
      "RequestBody": "{\r\n  \"contentPaths\": [\r\n    \"/pic1.jpg\",\r\n    \"/pic2.jpg\"\r\n  ]\r\n}",
      "RequestHeaders": {
        "Content-Type": [
          "application/json; charset=utf-8"
        ],
        "Content-Length": [
          "65"
        ],
        "x-ms-client-request-id": [
          "4cb1be80-fe54-4416-a876-bc462d7642d8"
        ],
        "accept-language": [
          "en-US"
        ],
        "User-Agent": [
          "Microsoft.Azure.Management.Cdn.CdnManagementClient/1.0.0.0"
        ]
      },
      "ResponseBody": "",
      "ResponseHeaders": {
        "Content-Length": [
          "0"
        ],
        "Expires": [
          "-1"
        ],
        "Pragma": [
          "no-cache"
        ],
        "Retry-After": [
          "10"
        ],
        "x-ms-request-id": [
          "513cda72-68a1-48ca-80ed-d5aed794a6a0"
        ],
        "x-ms-client-request-id": [
          "4cb1be80-fe54-4416-a876-bc462d7642d8"
        ],
        "Azure-AsyncOperation": [
          "https://management.azure.com/subscriptions/27cafca8-b9a4-4264-b399-45d0c9cca1ab/resourcegroups/onesdk8514/providers/Microsoft.Cdn/operationresults/14377709-983a-473a-9455-d81f5de4d4d0?api-version=2016-04-02"
        ],
        "Strict-Transport-Security": [
          "max-age=31536000; includeSubDomains"
        ],
        "x-ms-ratelimit-remaining-subscription-writes": [
          "1193"
        ],
        "x-ms-correlation-request-id": [
          "4589121e-cba5-4296-855a-18d900b9a271"
        ],
        "x-ms-routing-request-id": [
          "CENTRALUS:20160512T232811Z:4589121e-cba5-4296-855a-18d900b9a271"
        ],
        "Cache-Control": [
          "no-cache"
        ],
        "Date": [
          "Thu, 12 May 2016 23:28:11 GMT"
        ],
        "Location": [
          "https://management.azure.com/subscriptions/27cafca8-b9a4-4264-b399-45d0c9cca1ab/resourcegroups/onesdk8514/providers/Microsoft.Cdn/operationresults/14377709-983a-473a-9455-d81f5de4d4d0/profileresults/onesdk4453/endpointresults/onesdk3874?api-version=2016-04-02"
        ],
        "Server": [
          "Microsoft-IIS/8.5"
        ],
        "X-AspNet-Version": [
          "4.0.30319"
        ],
        "X-Powered-By": [
          "ASP.NET"
        ]
      },
      "StatusCode": 202
    },
    {
      "RequestUri": "/subscriptions/27cafca8-b9a4-4264-b399-45d0c9cca1ab/resourcegroups/onesdk8514/providers/Microsoft.Cdn/operationresults/14377709-983a-473a-9455-d81f5de4d4d0?api-version=2016-04-02",
      "EncodedRequestUri": "L3N1YnNjcmlwdGlvbnMvMjdjYWZjYTgtYjlhNC00MjY0LWIzOTktNDVkMGM5Y2NhMWFiL3Jlc291cmNlZ3JvdXBzL29uZXNkazg1MTQvcHJvdmlkZXJzL01pY3Jvc29mdC5DZG4vb3BlcmF0aW9ucmVzdWx0cy8xNDM3NzcwOS05ODNhLTQ3M2EtOTQ1NS1kODFmNWRlNGQ0ZDA/YXBpLXZlcnNpb249MjAxNi0wNC0wMg==",
      "RequestMethod": "GET",
      "RequestBody": "",
      "RequestHeaders": {
        "User-Agent": [
          "Microsoft.Azure.Management.Cdn.CdnManagementClient/1.0.0.0"
        ]
      },
      "ResponseBody": "{\r\n  \"status\": \"Succeeded\",\r\n  \"error\": {\r\n    \"code\": \"None\",\r\n    \"message\": null\r\n  }\r\n}",
      "ResponseHeaders": {
        "Content-Length": [
          "77"
        ],
        "Content-Type": [
          "application/json; odata.metadata=minimal; odata.streaming=true"
        ],
        "Expires": [
          "-1"
        ],
        "Pragma": [
          "no-cache"
        ],
        "x-ms-request-id": [
          "af74c1e7-4cc8-476b-8d82-1b03da4990d7"
        ],
        "x-ms-client-request-id": [
          "3c125d2b-c550-4d08-91f9-f7abd3b5b1c8"
        ],
        "OData-Version": [
          "4.0"
        ],
        "Strict-Transport-Security": [
          "max-age=31536000; includeSubDomains"
        ],
        "x-ms-ratelimit-remaining-subscription-reads": [
          "14981"
        ],
        "x-ms-correlation-request-id": [
          "962344be-76a7-4cb3-82d2-19a3a04a0cb2"
        ],
        "x-ms-routing-request-id": [
          "CENTRALUS:20160512T232842Z:962344be-76a7-4cb3-82d2-19a3a04a0cb2"
        ],
        "Cache-Control": [
          "no-cache"
        ],
        "Date": [
          "Thu, 12 May 2016 23:28:41 GMT"
        ],
        "Server": [
          "Microsoft-IIS/8.5"
        ],
        "X-AspNet-Version": [
          "4.0.30319"
        ],
        "X-Powered-By": [
          "ASP.NET"
        ]
      },
      "StatusCode": 200
    },
    {
      "RequestUri": "/subscriptions/27cafca8-b9a4-4264-b399-45d0c9cca1ab/resourceGroups/onesdk8514/providers/Microsoft.Cdn/profiles/onesdk4453/endpoints/onesdk3874/validateCustomDomain?api-version=2016-04-02",
      "EncodedRequestUri": "L3N1YnNjcmlwdGlvbnMvMjdjYWZjYTgtYjlhNC00MjY0LWIzOTktNDVkMGM5Y2NhMWFiL3Jlc291cmNlR3JvdXBzL29uZXNkazg1MTQvcHJvdmlkZXJzL01pY3Jvc29mdC5DZG4vcHJvZmlsZXMvb25lc2RrNDQ1My9lbmRwb2ludHMvb25lc2RrMzg3NC92YWxpZGF0ZUN1c3RvbURvbWFpbj9hcGktdmVyc2lvbj0yMDE2LTA0LTAy",
      "RequestMethod": "POST",
      "RequestBody": "{\r\n  \"hostName\": \"unverifiedcustomdomain.com\"\r\n}",
      "RequestHeaders": {
        "Content-Type": [
          "application/json; charset=utf-8"
        ],
        "Content-Length": [
          "48"
        ],
        "x-ms-client-request-id": [
          "cca8b06d-8043-4df4-b657-0ea2ba4e2bf2"
        ],
        "accept-language": [
          "en-US"
        ],
        "User-Agent": [
          "Microsoft.Azure.Management.Cdn.CdnManagementClient/1.0.0.0"
        ]
      },
      "ResponseBody": "{\r\n  \"customDomainValidated\": false,\r\n  \"message\": \"We couldn't find a DNS record for custom domain that points to endpoint. To map a domain to this endpoint, create a CNAME record with your DNS provider for custom domain that points to endpoint.\",\r\n  \"reason\": \"IncorrectMapping\"\r\n}",
      "ResponseHeaders": {
        "Content-Length": [
          "272"
        ],
        "Content-Type": [
          "application/json; odata.metadata=minimal"
        ],
        "Expires": [
          "-1"
        ],
        "Pragma": [
          "no-cache"
        ],
        "x-ms-request-id": [
          "de83524e-dcad-4a66-b653-7fcda58ee41f"
        ],
        "x-ms-client-request-id": [
          "cca8b06d-8043-4df4-b657-0ea2ba4e2bf2"
        ],
        "OData-Version": [
          "4.0"
        ],
        "Strict-Transport-Security": [
          "max-age=31536000; includeSubDomains"
        ],
        "x-ms-ratelimit-remaining-subscription-writes": [
          "1192"
        ],
        "x-ms-correlation-request-id": [
          "bd20d723-0505-44f4-9db7-9308d0d1da71"
        ],
        "x-ms-routing-request-id": [
          "CENTRALUS:20160512T232842Z:bd20d723-0505-44f4-9db7-9308d0d1da71"
        ],
        "Cache-Control": [
          "no-cache"
        ],
        "Date": [
          "Thu, 12 May 2016 23:28:42 GMT"
        ],
        "Server": [
          "Microsoft-IIS/8.5"
        ],
        "X-AspNet-Version": [
          "4.0.30319"
        ],
        "X-Powered-By": [
          "ASP.NET"
        ]
      },
      "StatusCode": 200
    },
    {
      "RequestUri": "/subscriptions/27cafca8-b9a4-4264-b399-45d0c9cca1ab/resourceGroups/onesdk8514/providers/Microsoft.Cdn/profiles/onesdk4453/endpoints/onesdk3874?api-version=2016-04-02",
      "EncodedRequestUri": "L3N1YnNjcmlwdGlvbnMvMjdjYWZjYTgtYjlhNC00MjY0LWIzOTktNDVkMGM5Y2NhMWFiL3Jlc291cmNlR3JvdXBzL29uZXNkazg1MTQvcHJvdmlkZXJzL01pY3Jvc29mdC5DZG4vcHJvZmlsZXMvb25lc2RrNDQ1My9lbmRwb2ludHMvb25lc2RrMzg3ND9hcGktdmVyc2lvbj0yMDE2LTA0LTAy",
      "RequestMethod": "DELETE",
      "RequestBody": "",
      "RequestHeaders": {
        "x-ms-client-request-id": [
          "e9b6fade-3b87-49a2-9720-670b3a5e50de"
        ],
        "accept-language": [
          "en-US"
        ],
        "User-Agent": [
          "Microsoft.Azure.Management.Cdn.CdnManagementClient/1.0.0.0"
        ]
      },
      "ResponseBody": "",
      "ResponseHeaders": {
        "Content-Length": [
          "0"
        ],
        "Expires": [
          "-1"
        ],
        "Pragma": [
          "no-cache"
        ],
        "Retry-After": [
          "10"
        ],
        "x-ms-request-id": [
          "f8762004-289d-4c17-8ceb-f4064a687e48"
        ],
        "x-ms-client-request-id": [
          "e9b6fade-3b87-49a2-9720-670b3a5e50de"
        ],
        "Azure-AsyncOperation": [
          "https://management.azure.com/subscriptions/27cafca8-b9a4-4264-b399-45d0c9cca1ab/resourcegroups/onesdk8514/providers/Microsoft.Cdn/operationresults/8c3c04cb-b676-496d-a77b-b4ae93a3c175?api-version=2016-04-02"
        ],
        "Strict-Transport-Security": [
          "max-age=31536000; includeSubDomains"
        ],
        "x-ms-ratelimit-remaining-subscription-writes": [
          "1191"
        ],
        "x-ms-correlation-request-id": [
          "fd7f3852-907f-4d4a-9d80-b5e26ef7635f"
        ],
        "x-ms-routing-request-id": [
          "CENTRALUS:20160512T232843Z:fd7f3852-907f-4d4a-9d80-b5e26ef7635f"
        ],
        "Cache-Control": [
          "no-cache"
        ],
        "Date": [
          "Thu, 12 May 2016 23:28:43 GMT"
        ],
        "Location": [
          "https://management.azure.com/subscriptions/27cafca8-b9a4-4264-b399-45d0c9cca1ab/resourcegroups/onesdk8514/providers/Microsoft.Cdn/operationresults/8c3c04cb-b676-496d-a77b-b4ae93a3c175/profileresults/onesdk4453/endpointresults/onesdk3874?api-version=2016-04-02"
        ],
        "Server": [
          "Microsoft-IIS/8.5"
        ],
        "X-AspNet-Version": [
          "4.0.30319"
        ],
        "X-Powered-By": [
          "ASP.NET"
        ]
      },
      "StatusCode": 202
    },
    {
      "RequestUri": "/subscriptions/27cafca8-b9a4-4264-b399-45d0c9cca1ab/resourcegroups/onesdk8514/providers/Microsoft.Cdn/operationresults/8c3c04cb-b676-496d-a77b-b4ae93a3c175?api-version=2016-04-02",
      "EncodedRequestUri": "L3N1YnNjcmlwdGlvbnMvMjdjYWZjYTgtYjlhNC00MjY0LWIzOTktNDVkMGM5Y2NhMWFiL3Jlc291cmNlZ3JvdXBzL29uZXNkazg1MTQvcHJvdmlkZXJzL01pY3Jvc29mdC5DZG4vb3BlcmF0aW9ucmVzdWx0cy84YzNjMDRjYi1iNjc2LTQ5NmQtYTc3Yi1iNGFlOTNhM2MxNzU/YXBpLXZlcnNpb249MjAxNi0wNC0wMg==",
      "RequestMethod": "GET",
      "RequestBody": "",
      "RequestHeaders": {
        "User-Agent": [
          "Microsoft.Azure.Management.Cdn.CdnManagementClient/1.0.0.0"
        ]
      },
      "ResponseBody": "{\r\n  \"status\": \"Succeeded\",\r\n  \"error\": {\r\n    \"code\": \"None\",\r\n    \"message\": null\r\n  }\r\n}",
      "ResponseHeaders": {
        "Content-Length": [
          "77"
        ],
        "Content-Type": [
          "application/json; odata.metadata=minimal; odata.streaming=true"
        ],
        "Expires": [
          "-1"
        ],
        "Pragma": [
          "no-cache"
        ],
        "x-ms-request-id": [
          "c5f08935-5a66-4954-9f95-3cd14809fe44"
        ],
        "x-ms-client-request-id": [
          "8e9ce6a9-ca70-441b-9993-63caef22b656"
        ],
        "OData-Version": [
          "4.0"
        ],
        "Strict-Transport-Security": [
          "max-age=31536000; includeSubDomains"
        ],
        "x-ms-ratelimit-remaining-subscription-reads": [
          "14979"
        ],
        "x-ms-correlation-request-id": [
          "998c1697-c478-4cc9-96a0-df7885f8408e"
        ],
        "x-ms-routing-request-id": [
          "CENTRALUS:20160512T232913Z:998c1697-c478-4cc9-96a0-df7885f8408e"
        ],
        "Cache-Control": [
          "no-cache"
        ],
        "Date": [
          "Thu, 12 May 2016 23:29:13 GMT"
        ],
        "Server": [
          "Microsoft-IIS/8.5"
        ],
        "X-AspNet-Version": [
          "4.0.30319"
        ],
        "X-Powered-By": [
          "ASP.NET"
        ]
      },
      "StatusCode": 200
    },
    {
      "RequestUri": "/subscriptions/27cafca8-b9a4-4264-b399-45d0c9cca1ab/resourcegroups/onesdk8514?api-version=2016-02-01",
      "EncodedRequestUri": "L3N1YnNjcmlwdGlvbnMvMjdjYWZjYTgtYjlhNC00MjY0LWIzOTktNDVkMGM5Y2NhMWFiL3Jlc291cmNlZ3JvdXBzL29uZXNkazg1MTQ/YXBpLXZlcnNpb249MjAxNi0wMi0wMQ==",
      "RequestMethod": "DELETE",
      "RequestBody": "",
      "RequestHeaders": {
        "User-Agent": [
          "Microsoft.Azure.Management.Resources.ResourceManagementClient/2.0.0.0"
        ]
      },
      "ResponseBody": "",
      "ResponseHeaders": {
        "Content-Length": [
          "0"
        ],
        "Expires": [
          "-1"
        ],
        "Pragma": [
          "no-cache"
        ],
        "Retry-After": [
          "15"
        ],
        "x-ms-ratelimit-remaining-subscription-writes": [
          "1199"
        ],
        "x-ms-request-id": [
          "a1ad43e0-7b4d-4bd8-b8e7-fa385437505d"
        ],
        "x-ms-correlation-request-id": [
          "a1ad43e0-7b4d-4bd8-b8e7-fa385437505d"
        ],
        "x-ms-routing-request-id": [
          "CENTRALUS:20160512T232915Z:a1ad43e0-7b4d-4bd8-b8e7-fa385437505d"
        ],
        "Strict-Transport-Security": [
          "max-age=31536000; includeSubDomains"
        ],
        "Cache-Control": [
          "no-cache"
        ],
        "Date": [
          "Thu, 12 May 2016 23:29:14 GMT"
        ],
        "Location": [
          "https://management.azure.com/subscriptions/27cafca8-b9a4-4264-b399-45d0c9cca1ab/operationresults/eyJqb2JJZCI6IlJFU09VUkNFR1JPVVBERUxFVElPTkpPQi1PTkVTREs4NTE0LVdFU1RVUyIsImpvYkxvY2F0aW9uIjoid2VzdHVzIn0?api-version=2016-02-01"
        ]
      },
      "StatusCode": 202
    },
    {
      "RequestUri": "/subscriptions/27cafca8-b9a4-4264-b399-45d0c9cca1ab/operationresults/eyJqb2JJZCI6IlJFU09VUkNFR1JPVVBERUxFVElPTkpPQi1PTkVTREs4NTE0LVdFU1RVUyIsImpvYkxvY2F0aW9uIjoid2VzdHVzIn0?api-version=2016-02-01",
      "EncodedRequestUri": "L3N1YnNjcmlwdGlvbnMvMjdjYWZjYTgtYjlhNC00MjY0LWIzOTktNDVkMGM5Y2NhMWFiL29wZXJhdGlvbnJlc3VsdHMvZXlKcWIySkpaQ0k2SWxKRlUwOVZVa05GUjFKUFZWQkVSVXhGVkVsUFRrcFBRaTFQVGtWVFJFczROVEUwTFZkRlUxUlZVeUlzSW1wdllreHZZMkYwYVc5dUlqb2lkMlZ6ZEhWekluMD9hcGktdmVyc2lvbj0yMDE2LTAyLTAx",
      "RequestMethod": "GET",
      "RequestBody": "",
      "RequestHeaders": {
        "x-ms-version": [
          "2016-02-01"
        ],
        "User-Agent": [
          "Microsoft.Azure.Management.Resources.ResourceManagementClient/2.0.0.0"
        ]
      },
      "ResponseBody": "",
      "ResponseHeaders": {
        "Content-Length": [
          "0"
        ],
        "Expires": [
          "-1"
        ],
        "Pragma": [
          "no-cache"
        ],
        "Retry-After": [
          "15"
        ],
        "x-ms-ratelimit-remaining-subscription-reads": [
          "14997"
        ],
        "x-ms-request-id": [
          "c82e2b28-aa9d-4759-a82f-e28bcfcaa7aa"
        ],
        "x-ms-correlation-request-id": [
          "c82e2b28-aa9d-4759-a82f-e28bcfcaa7aa"
        ],
        "x-ms-routing-request-id": [
          "CENTRALUS:20160512T232915Z:c82e2b28-aa9d-4759-a82f-e28bcfcaa7aa"
        ],
        "Strict-Transport-Security": [
          "max-age=31536000; includeSubDomains"
        ],
        "Cache-Control": [
          "no-cache"
        ],
        "Date": [
          "Thu, 12 May 2016 23:29:14 GMT"
        ],
        "Location": [
          "https://management.azure.com/subscriptions/27cafca8-b9a4-4264-b399-45d0c9cca1ab/operationresults/eyJqb2JJZCI6IlJFU09VUkNFR1JPVVBERUxFVElPTkpPQi1PTkVTREs4NTE0LVdFU1RVUyIsImpvYkxvY2F0aW9uIjoid2VzdHVzIn0?api-version=2016-02-01"
        ]
      },
      "StatusCode": 202
    },
    {
      "RequestUri": "/subscriptions/27cafca8-b9a4-4264-b399-45d0c9cca1ab/operationresults/eyJqb2JJZCI6IlJFU09VUkNFR1JPVVBERUxFVElPTkpPQi1PTkVTREs4NTE0LVdFU1RVUyIsImpvYkxvY2F0aW9uIjoid2VzdHVzIn0?api-version=2016-02-01",
      "EncodedRequestUri": "L3N1YnNjcmlwdGlvbnMvMjdjYWZjYTgtYjlhNC00MjY0LWIzOTktNDVkMGM5Y2NhMWFiL29wZXJhdGlvbnJlc3VsdHMvZXlKcWIySkpaQ0k2SWxKRlUwOVZVa05GUjFKUFZWQkVSVXhGVkVsUFRrcFBRaTFQVGtWVFJFczROVEUwTFZkRlUxUlZVeUlzSW1wdllreHZZMkYwYVc5dUlqb2lkMlZ6ZEhWekluMD9hcGktdmVyc2lvbj0yMDE2LTAyLTAx",
      "RequestMethod": "GET",
      "RequestBody": "",
      "RequestHeaders": {
        "x-ms-version": [
          "2016-02-01"
        ],
        "User-Agent": [
          "Microsoft.Azure.Management.Resources.ResourceManagementClient/2.0.0.0"
        ]
      },
      "ResponseBody": "",
      "ResponseHeaders": {
        "Content-Length": [
          "0"
        ],
        "Expires": [
          "-1"
        ],
        "Pragma": [
          "no-cache"
        ],
        "Retry-After": [
          "15"
        ],
        "x-ms-ratelimit-remaining-subscription-reads": [
          "14996"
        ],
        "x-ms-request-id": [
          "f019a34f-a6b0-4a30-a4da-03b96baf0dce"
        ],
        "x-ms-correlation-request-id": [
          "f019a34f-a6b0-4a30-a4da-03b96baf0dce"
        ],
        "x-ms-routing-request-id": [
          "CENTRALUS:20160512T232930Z:f019a34f-a6b0-4a30-a4da-03b96baf0dce"
        ],
        "Strict-Transport-Security": [
          "max-age=31536000; includeSubDomains"
        ],
        "Cache-Control": [
          "no-cache"
        ],
        "Date": [
          "Thu, 12 May 2016 23:29:30 GMT"
        ],
        "Location": [
          "https://management.azure.com/subscriptions/27cafca8-b9a4-4264-b399-45d0c9cca1ab/operationresults/eyJqb2JJZCI6IlJFU09VUkNFR1JPVVBERUxFVElPTkpPQi1PTkVTREs4NTE0LVdFU1RVUyIsImpvYkxvY2F0aW9uIjoid2VzdHVzIn0?api-version=2016-02-01"
        ]
      },
      "StatusCode": 202
    },
    {
      "RequestUri": "/subscriptions/27cafca8-b9a4-4264-b399-45d0c9cca1ab/operationresults/eyJqb2JJZCI6IlJFU09VUkNFR1JPVVBERUxFVElPTkpPQi1PTkVTREs4NTE0LVdFU1RVUyIsImpvYkxvY2F0aW9uIjoid2VzdHVzIn0?api-version=2016-02-01",
      "EncodedRequestUri": "L3N1YnNjcmlwdGlvbnMvMjdjYWZjYTgtYjlhNC00MjY0LWIzOTktNDVkMGM5Y2NhMWFiL29wZXJhdGlvbnJlc3VsdHMvZXlKcWIySkpaQ0k2SWxKRlUwOVZVa05GUjFKUFZWQkVSVXhGVkVsUFRrcFBRaTFQVGtWVFJFczROVEUwTFZkRlUxUlZVeUlzSW1wdllreHZZMkYwYVc5dUlqb2lkMlZ6ZEhWekluMD9hcGktdmVyc2lvbj0yMDE2LTAyLTAx",
      "RequestMethod": "GET",
      "RequestBody": "",
      "RequestHeaders": {
        "x-ms-version": [
          "2016-02-01"
        ],
        "User-Agent": [
          "Microsoft.Azure.Management.Resources.ResourceManagementClient/2.0.0.0"
        ]
      },
      "ResponseBody": "",
      "ResponseHeaders": {
        "Content-Length": [
          "0"
        ],
        "Expires": [
          "-1"
        ],
        "Pragma": [
          "no-cache"
        ],
        "Retry-After": [
          "15"
        ],
        "x-ms-ratelimit-remaining-subscription-reads": [
          "14995"
        ],
        "x-ms-request-id": [
          "06c0b125-cf82-40cc-884d-6f5ebc6a6833"
        ],
        "x-ms-correlation-request-id": [
          "06c0b125-cf82-40cc-884d-6f5ebc6a6833"
        ],
        "x-ms-routing-request-id": [
          "CENTRALUS:20160512T232945Z:06c0b125-cf82-40cc-884d-6f5ebc6a6833"
        ],
        "Strict-Transport-Security": [
          "max-age=31536000; includeSubDomains"
        ],
        "Cache-Control": [
          "no-cache"
        ],
        "Date": [
          "Thu, 12 May 2016 23:29:45 GMT"
        ],
        "Location": [
          "https://management.azure.com/subscriptions/27cafca8-b9a4-4264-b399-45d0c9cca1ab/operationresults/eyJqb2JJZCI6IlJFU09VUkNFR1JPVVBERUxFVElPTkpPQi1PTkVTREs4NTE0LVdFU1RVUyIsImpvYkxvY2F0aW9uIjoid2VzdHVzIn0?api-version=2016-02-01"
        ]
      },
      "StatusCode": 202
    },
    {
      "RequestUri": "/subscriptions/27cafca8-b9a4-4264-b399-45d0c9cca1ab/operationresults/eyJqb2JJZCI6IlJFU09VUkNFR1JPVVBERUxFVElPTkpPQi1PTkVTREs4NTE0LVdFU1RVUyIsImpvYkxvY2F0aW9uIjoid2VzdHVzIn0?api-version=2016-02-01",
      "EncodedRequestUri": "L3N1YnNjcmlwdGlvbnMvMjdjYWZjYTgtYjlhNC00MjY0LWIzOTktNDVkMGM5Y2NhMWFiL29wZXJhdGlvbnJlc3VsdHMvZXlKcWIySkpaQ0k2SWxKRlUwOVZVa05GUjFKUFZWQkVSVXhGVkVsUFRrcFBRaTFQVGtWVFJFczROVEUwTFZkRlUxUlZVeUlzSW1wdllreHZZMkYwYVc5dUlqb2lkMlZ6ZEhWekluMD9hcGktdmVyc2lvbj0yMDE2LTAyLTAx",
      "RequestMethod": "GET",
      "RequestBody": "",
      "RequestHeaders": {
        "x-ms-version": [
          "2016-02-01"
        ],
        "User-Agent": [
          "Microsoft.Azure.Management.Resources.ResourceManagementClient/2.0.0.0"
        ]
      },
      "ResponseBody": "",
      "ResponseHeaders": {
        "Content-Length": [
          "0"
        ],
        "Expires": [
          "-1"
        ],
        "Pragma": [
          "no-cache"
        ],
        "Retry-After": [
          "15"
        ],
        "x-ms-ratelimit-remaining-subscription-reads": [
          "14994"
        ],
        "x-ms-request-id": [
          "cea44918-3c10-43a4-b594-d942768ca5b1"
        ],
        "x-ms-correlation-request-id": [
          "cea44918-3c10-43a4-b594-d942768ca5b1"
        ],
        "x-ms-routing-request-id": [
          "CENTRALUS:20160512T233000Z:cea44918-3c10-43a4-b594-d942768ca5b1"
        ],
        "Strict-Transport-Security": [
          "max-age=31536000; includeSubDomains"
        ],
        "Cache-Control": [
          "no-cache"
        ],
        "Date": [
          "Thu, 12 May 2016 23:29:59 GMT"
        ],
        "Location": [
          "https://management.azure.com/subscriptions/27cafca8-b9a4-4264-b399-45d0c9cca1ab/operationresults/eyJqb2JJZCI6IlJFU09VUkNFR1JPVVBERUxFVElPTkpPQi1PTkVTREs4NTE0LVdFU1RVUyIsImpvYkxvY2F0aW9uIjoid2VzdHVzIn0?api-version=2016-02-01"
        ]
      },
      "StatusCode": 202
    },
    {
      "RequestUri": "/subscriptions/27cafca8-b9a4-4264-b399-45d0c9cca1ab/operationresults/eyJqb2JJZCI6IlJFU09VUkNFR1JPVVBERUxFVElPTkpPQi1PTkVTREs4NTE0LVdFU1RVUyIsImpvYkxvY2F0aW9uIjoid2VzdHVzIn0?api-version=2016-02-01",
      "EncodedRequestUri": "L3N1YnNjcmlwdGlvbnMvMjdjYWZjYTgtYjlhNC00MjY0LWIzOTktNDVkMGM5Y2NhMWFiL29wZXJhdGlvbnJlc3VsdHMvZXlKcWIySkpaQ0k2SWxKRlUwOVZVa05GUjFKUFZWQkVSVXhGVkVsUFRrcFBRaTFQVGtWVFJFczROVEUwTFZkRlUxUlZVeUlzSW1wdllreHZZMkYwYVc5dUlqb2lkMlZ6ZEhWekluMD9hcGktdmVyc2lvbj0yMDE2LTAyLTAx",
      "RequestMethod": "GET",
      "RequestBody": "",
      "RequestHeaders": {
        "x-ms-version": [
          "2016-02-01"
        ],
        "User-Agent": [
          "Microsoft.Azure.Management.Resources.ResourceManagementClient/2.0.0.0"
        ]
      },
      "ResponseBody": "",
      "ResponseHeaders": {
        "Content-Length": [
          "0"
        ],
        "Expires": [
          "-1"
        ],
        "Pragma": [
          "no-cache"
        ],
        "Retry-After": [
          "15"
        ],
        "x-ms-ratelimit-remaining-subscription-reads": [
          "14993"
        ],
        "x-ms-request-id": [
          "fec85e3b-b8e4-4635-b5ff-9ffbd259ce57"
        ],
        "x-ms-correlation-request-id": [
          "fec85e3b-b8e4-4635-b5ff-9ffbd259ce57"
        ],
        "x-ms-routing-request-id": [
          "CENTRALUS:20160512T233015Z:fec85e3b-b8e4-4635-b5ff-9ffbd259ce57"
        ],
        "Strict-Transport-Security": [
          "max-age=31536000; includeSubDomains"
        ],
        "Cache-Control": [
          "no-cache"
        ],
        "Date": [
          "Thu, 12 May 2016 23:30:15 GMT"
        ],
        "Location": [
          "https://management.azure.com/subscriptions/27cafca8-b9a4-4264-b399-45d0c9cca1ab/operationresults/eyJqb2JJZCI6IlJFU09VUkNFR1JPVVBERUxFVElPTkpPQi1PTkVTREs4NTE0LVdFU1RVUyIsImpvYkxvY2F0aW9uIjoid2VzdHVzIn0?api-version=2016-02-01"
        ]
      },
      "StatusCode": 202
    },
    {
      "RequestUri": "/subscriptions/27cafca8-b9a4-4264-b399-45d0c9cca1ab/operationresults/eyJqb2JJZCI6IlJFU09VUkNFR1JPVVBERUxFVElPTkpPQi1PTkVTREs4NTE0LVdFU1RVUyIsImpvYkxvY2F0aW9uIjoid2VzdHVzIn0?api-version=2016-02-01",
      "EncodedRequestUri": "L3N1YnNjcmlwdGlvbnMvMjdjYWZjYTgtYjlhNC00MjY0LWIzOTktNDVkMGM5Y2NhMWFiL29wZXJhdGlvbnJlc3VsdHMvZXlKcWIySkpaQ0k2SWxKRlUwOVZVa05GUjFKUFZWQkVSVXhGVkVsUFRrcFBRaTFQVGtWVFJFczROVEUwTFZkRlUxUlZVeUlzSW1wdllreHZZMkYwYVc5dUlqb2lkMlZ6ZEhWekluMD9hcGktdmVyc2lvbj0yMDE2LTAyLTAx",
      "RequestMethod": "GET",
      "RequestBody": "",
      "RequestHeaders": {
        "x-ms-version": [
          "2016-02-01"
        ],
        "User-Agent": [
          "Microsoft.Azure.Management.Resources.ResourceManagementClient/2.0.0.0"
        ]
      },
      "ResponseBody": "",
      "ResponseHeaders": {
        "Content-Length": [
          "0"
        ],
        "Expires": [
          "-1"
        ],
        "Pragma": [
          "no-cache"
        ],
        "Retry-After": [
          "15"
        ],
        "x-ms-ratelimit-remaining-subscription-reads": [
          "14992"
        ],
        "x-ms-request-id": [
          "8e08867f-caad-4c2f-9932-4a11cb6b0647"
        ],
        "x-ms-correlation-request-id": [
          "8e08867f-caad-4c2f-9932-4a11cb6b0647"
        ],
        "x-ms-routing-request-id": [
          "CENTRALUS:20160512T233031Z:8e08867f-caad-4c2f-9932-4a11cb6b0647"
        ],
        "Strict-Transport-Security": [
          "max-age=31536000; includeSubDomains"
        ],
        "Cache-Control": [
          "no-cache"
        ],
        "Date": [
          "Thu, 12 May 2016 23:30:30 GMT"
        ],
        "Location": [
          "https://management.azure.com/subscriptions/27cafca8-b9a4-4264-b399-45d0c9cca1ab/operationresults/eyJqb2JJZCI6IlJFU09VUkNFR1JPVVBERUxFVElPTkpPQi1PTkVTREs4NTE0LVdFU1RVUyIsImpvYkxvY2F0aW9uIjoid2VzdHVzIn0?api-version=2016-02-01"
        ]
      },
      "StatusCode": 202
    },
    {
      "RequestUri": "/subscriptions/27cafca8-b9a4-4264-b399-45d0c9cca1ab/operationresults/eyJqb2JJZCI6IlJFU09VUkNFR1JPVVBERUxFVElPTkpPQi1PTkVTREs4NTE0LVdFU1RVUyIsImpvYkxvY2F0aW9uIjoid2VzdHVzIn0?api-version=2016-02-01",
      "EncodedRequestUri": "L3N1YnNjcmlwdGlvbnMvMjdjYWZjYTgtYjlhNC00MjY0LWIzOTktNDVkMGM5Y2NhMWFiL29wZXJhdGlvbnJlc3VsdHMvZXlKcWIySkpaQ0k2SWxKRlUwOVZVa05GUjFKUFZWQkVSVXhGVkVsUFRrcFBRaTFQVGtWVFJFczROVEUwTFZkRlUxUlZVeUlzSW1wdllreHZZMkYwYVc5dUlqb2lkMlZ6ZEhWekluMD9hcGktdmVyc2lvbj0yMDE2LTAyLTAx",
      "RequestMethod": "GET",
      "RequestBody": "",
      "RequestHeaders": {
        "x-ms-version": [
          "2016-02-01"
        ],
        "User-Agent": [
          "Microsoft.Azure.Management.Resources.ResourceManagementClient/2.0.0.0"
        ]
      },
      "ResponseBody": "",
      "ResponseHeaders": {
        "Content-Length": [
          "0"
        ],
        "Expires": [
          "-1"
        ],
        "Pragma": [
          "no-cache"
        ],
        "Retry-After": [
          "15"
        ],
        "x-ms-ratelimit-remaining-subscription-reads": [
          "14991"
        ],
        "x-ms-request-id": [
          "937357cc-f26c-47bc-bf26-2975bef3e3c1"
        ],
        "x-ms-correlation-request-id": [
          "937357cc-f26c-47bc-bf26-2975bef3e3c1"
        ],
        "x-ms-routing-request-id": [
          "CENTRALUS:20160512T233046Z:937357cc-f26c-47bc-bf26-2975bef3e3c1"
        ],
        "Strict-Transport-Security": [
          "max-age=31536000; includeSubDomains"
        ],
        "Cache-Control": [
          "no-cache"
        ],
        "Date": [
          "Thu, 12 May 2016 23:30:46 GMT"
        ],
        "Location": [
          "https://management.azure.com/subscriptions/27cafca8-b9a4-4264-b399-45d0c9cca1ab/operationresults/eyJqb2JJZCI6IlJFU09VUkNFR1JPVVBERUxFVElPTkpPQi1PTkVTREs4NTE0LVdFU1RVUyIsImpvYkxvY2F0aW9uIjoid2VzdHVzIn0?api-version=2016-02-01"
        ]
      },
      "StatusCode": 202
    },
    {
      "RequestUri": "/subscriptions/27cafca8-b9a4-4264-b399-45d0c9cca1ab/operationresults/eyJqb2JJZCI6IlJFU09VUkNFR1JPVVBERUxFVElPTkpPQi1PTkVTREs4NTE0LVdFU1RVUyIsImpvYkxvY2F0aW9uIjoid2VzdHVzIn0?api-version=2016-02-01",
      "EncodedRequestUri": "L3N1YnNjcmlwdGlvbnMvMjdjYWZjYTgtYjlhNC00MjY0LWIzOTktNDVkMGM5Y2NhMWFiL29wZXJhdGlvbnJlc3VsdHMvZXlKcWIySkpaQ0k2SWxKRlUwOVZVa05GUjFKUFZWQkVSVXhGVkVsUFRrcFBRaTFQVGtWVFJFczROVEUwTFZkRlUxUlZVeUlzSW1wdllreHZZMkYwYVc5dUlqb2lkMlZ6ZEhWekluMD9hcGktdmVyc2lvbj0yMDE2LTAyLTAx",
      "RequestMethod": "GET",
      "RequestBody": "",
      "RequestHeaders": {
        "x-ms-version": [
          "2016-02-01"
        ],
        "User-Agent": [
          "Microsoft.Azure.Management.Resources.ResourceManagementClient/2.0.0.0"
        ]
      },
      "ResponseBody": "",
      "ResponseHeaders": {
        "Content-Length": [
          "0"
        ],
        "Expires": [
          "-1"
        ],
        "Pragma": [
          "no-cache"
        ],
        "x-ms-ratelimit-remaining-subscription-reads": [
          "14990"
        ],
        "x-ms-request-id": [
          "22845d86-71ce-4ea8-922b-c73c8ade54a6"
        ],
        "x-ms-correlation-request-id": [
          "22845d86-71ce-4ea8-922b-c73c8ade54a6"
        ],
        "x-ms-routing-request-id": [
          "CENTRALUS:20160512T233101Z:22845d86-71ce-4ea8-922b-c73c8ade54a6"
        ],
        "Strict-Transport-Security": [
          "max-age=31536000; includeSubDomains"
        ],
        "Cache-Control": [
          "no-cache"
        ],
        "Date": [
          "Thu, 12 May 2016 23:31:00 GMT"
        ]
      },
      "StatusCode": 200
    }
  ],
  "Names": {
    "Test-EndpointCrudAndActionWithAllProperties": [
      "onesdk4453",
      "onesdk8514",
      "onesdk3874",
      "onesdk578"
    ]
  },
  "Variables": {
    "SubscriptionId": "27cafca8-b9a4-4264-b399-45d0c9cca1ab"
  }
}