{
  "Entries": [
    {
      "RequestUri": "/subscriptions/a93e8c5c-63cb-4635-933f-6d166ac25187/resourcegroups/ps4296?api-version=2020-06-01",
      "EncodedRequestUri": "L3N1YnNjcmlwdGlvbnMvYTkzZThjNWMtNjNjYi00NjM1LTkzM2YtNmQxNjZhYzI1MTg3L3Jlc291cmNlZ3JvdXBzL3BzNDI5Nj9hcGktdmVyc2lvbj0yMDIwLTA2LTAx",
      "RequestMethod": "HEAD",
      "RequestBody": "",
      "RequestHeaders": {
        "x-ms-client-request-id": [
          "2005e8ac-2c02-4eb7-b67a-d9e6dfa51578"
        ],
        "Accept-Language": [
          "en-US"
        ],
        "User-Agent": [
          "FxVersion/4.6.29017.01",
          "OSName/Windows",
          "OSVersion/Microsoft.Windows.10.0.19041.",
          "Microsoft.Azure.Management.ResourceManager.ResourceManagementClient/3.9.0.0"
        ]
      },
      "ResponseHeaders": {
        "Cache-Control": [
          "no-cache"
        ],
        "Pragma": [
          "no-cache"
        ],
        "x-ms-failure-cause": [
          "gateway"
        ],
        "x-ms-ratelimit-remaining-subscription-reads": [
          "11999"
        ],
        "x-ms-request-id": [
          "1eccbc5d-0c0d-4086-a56f-2cc110085d66"
        ],
        "x-ms-correlation-request-id": [
          "1eccbc5d-0c0d-4086-a56f-2cc110085d66"
        ],
        "x-ms-routing-request-id": [
          "WESTUS2:20200724T004903Z:1eccbc5d-0c0d-4086-a56f-2cc110085d66"
        ],
        "Strict-Transport-Security": [
          "max-age=31536000; includeSubDomains"
        ],
        "X-Content-Type-Options": [
          "nosniff"
        ],
        "Date": [
          "Fri, 24 Jul 2020 00:49:03 GMT"
        ],
        "Content-Length": [
          "98"
        ],
        "Content-Type": [
          "application/json; charset=utf-8"
        ],
        "Expires": [
          "-1"
        ],
        "Retry-After": [
          "0"
        ]
      },
      "ResponseBody": "",
      "StatusCode": 404
    },
    {
      "RequestUri": "/subscriptions/a93e8c5c-63cb-4635-933f-6d166ac25187/resourcegroups/ps4296?api-version=2020-06-01",
      "EncodedRequestUri": "L3N1YnNjcmlwdGlvbnMvYTkzZThjNWMtNjNjYi00NjM1LTkzM2YtNmQxNjZhYzI1MTg3L3Jlc291cmNlZ3JvdXBzL3BzNDI5Nj9hcGktdmVyc2lvbj0yMDIwLTA2LTAx",
      "RequestMethod": "HEAD",
      "RequestBody": "",
      "RequestHeaders": {
        "x-ms-client-request-id": [
          "657674b9-d525-4aeb-a439-67b845afd274"
        ],
        "Accept-Language": [
          "en-US"
        ],
        "User-Agent": [
          "FxVersion/4.6.29017.01",
          "OSName/Windows",
          "OSVersion/Microsoft.Windows.10.0.19041.",
          "Microsoft.Azure.Management.ResourceManager.ResourceManagementClient/3.9.0.0"
        ]
      },
      "ResponseHeaders": {
        "Cache-Control": [
          "no-cache"
        ],
        "Pragma": [
          "no-cache"
        ],
        "x-ms-ratelimit-remaining-subscription-reads": [
          "11999"
        ],
        "x-ms-request-id": [
          "14d20dad-b061-46ca-bd53-b82157f7bedf"
        ],
        "x-ms-correlation-request-id": [
          "14d20dad-b061-46ca-bd53-b82157f7bedf"
        ],
        "x-ms-routing-request-id": [
          "WESTUS2:20200724T004921Z:14d20dad-b061-46ca-bd53-b82157f7bedf"
        ],
        "Strict-Transport-Security": [
          "max-age=31536000; includeSubDomains"
        ],
        "X-Content-Type-Options": [
          "nosniff"
        ],
        "Date": [
          "Fri, 24 Jul 2020 00:49:21 GMT"
        ],
        "Content-Length": [
          "0"
        ],
        "Expires": [
          "-1"
        ],
        "Retry-After": [
          "0"
        ]
      },
      "ResponseBody": "",
      "StatusCode": 204
    },
    {
      "RequestUri": "/subscriptions/a93e8c5c-63cb-4635-933f-6d166ac25187/resourcegroups/ps4296?api-version=2020-06-01",
      "EncodedRequestUri": "L3N1YnNjcmlwdGlvbnMvYTkzZThjNWMtNjNjYi00NjM1LTkzM2YtNmQxNjZhYzI1MTg3L3Jlc291cmNlZ3JvdXBzL3BzNDI5Nj9hcGktdmVyc2lvbj0yMDIwLTA2LTAx",
      "RequestMethod": "PUT",
      "RequestBody": "{\r\n  \"location\": \"westus\"\r\n}",
      "RequestHeaders": {
        "x-ms-client-request-id": [
          "60467d7c-99c6-473a-8c2d-7102f9942fa0"
        ],
        "Accept-Language": [
          "en-US"
        ],
        "User-Agent": [
          "FxVersion/4.6.29017.01",
          "OSName/Windows",
          "OSVersion/Microsoft.Windows.10.0.19041.",
          "Microsoft.Azure.Management.ResourceManager.ResourceManagementClient/3.9.0.0"
        ],
        "Content-Type": [
          "application/json; charset=utf-8"
        ],
        "Content-Length": [
          "28"
        ]
      },
      "ResponseHeaders": {
        "Cache-Control": [
          "no-cache"
        ],
        "Pragma": [
          "no-cache"
        ],
        "x-ms-ratelimit-remaining-subscription-writes": [
          "1199"
        ],
        "x-ms-request-id": [
          "e4319db1-fee7-47ba-bb08-221b7dbfc677"
        ],
        "x-ms-correlation-request-id": [
          "e4319db1-fee7-47ba-bb08-221b7dbfc677"
        ],
        "x-ms-routing-request-id": [
          "WESTUS2:20200724T004904Z:e4319db1-fee7-47ba-bb08-221b7dbfc677"
        ],
        "Strict-Transport-Security": [
          "max-age=31536000; includeSubDomains"
        ],
        "X-Content-Type-Options": [
          "nosniff"
        ],
        "Date": [
          "Fri, 24 Jul 2020 00:49:03 GMT"
        ],
        "Content-Length": [
          "209"
        ],
        "Content-Type": [
          "application/json; charset=utf-8"
        ],
        "Expires": [
          "-1"
        ],
        "Retry-After": [
          "0"
        ]
      },
      "ResponseBody": "{\r\n  \"id\": \"/subscriptions/a93e8c5c-63cb-4635-933f-6d166ac25187/resourceGroups/ps4296\",\r\n  \"name\": \"ps4296\",\r\n  \"type\": \"Microsoft.Resources/resourceGroups\",\r\n  \"location\": \"westus\",\r\n  \"properties\": {\r\n    \"provisioningState\": \"Succeeded\"\r\n  }\r\n}",
      "StatusCode": 201
    },
    {
      "RequestUri": "/subscriptions/a93e8c5c-63cb-4635-933f-6d166ac25187/resourcegroups/ps4296/providers/Microsoft.Resources/deployments/ps6327/whatIf?api-version=2020-06-01",
      "EncodedRequestUri": "L3N1YnNjcmlwdGlvbnMvYTkzZThjNWMtNjNjYi00NjM1LTkzM2YtNmQxNjZhYzI1MTg3L3Jlc291cmNlZ3JvdXBzL3BzNDI5Ni9wcm92aWRlcnMvTWljcm9zb2Z0LlJlc291cmNlcy9kZXBsb3ltZW50cy9wczYzMjcvd2hhdElmP2FwaS12ZXJzaW9uPTIwMjAtMDYtMDE=",
      "RequestMethod": "POST",
      "RequestBody": "{\r\n  \"properties\": {\r\n    \"whatIfSettings\": {\r\n      \"resultFormat\": \"ResourceIdOnly\"\r\n    },\r\n    \"template\": {\r\n      \"$schema\": \"https://schema.management.azure.com/schemas/2015-01-01/deploymentTemplate.json#\",\r\n      \"contentVersion\": \"1.0.0.0\",\r\n      \"parameters\": {\r\n        \"storageAccountName\": {\r\n          \"type\": \"String\"\r\n        },\r\n        \"storageAccountType\": {\r\n          \"type\": \"string\",\r\n          \"defaultValue\": \"Standard_LRS\",\r\n          \"allowedValues\": [\r\n            \"Standard_LRS\",\r\n            \"Standard_GRS\",\r\n            \"Standard_ZRS\"\r\n          ]\r\n        },\r\n        \"location\": {\r\n          \"type\": \"String\",\r\n          \"defaultValue\": \"East US\",\r\n          \"allowedValues\": [\r\n            \"West US\",\r\n            \"East US\"\r\n          ]\r\n        }\r\n      },\r\n      \"resources\": [\r\n        {\r\n          \"type\": \"Microsoft.Storage/storageAccounts\",\r\n          \"name\": \"[parameters('StorageAccountName')]\",\r\n          \"apiVersion\": \"2015-06-15\",\r\n          \"location\": \"[parameters('location')]\",\r\n          \"properties\": {\r\n            \"accountType\": \"[parameters('storageAccountType')]\"\r\n          }\r\n        }\r\n      ],\r\n      \"outputs\": {\r\n        \"storageAccountInfo\": {\r\n          \"value\": \"[reference(concat('Microsoft.Storage/storageAccounts/', parameters('StorageAccountName')),providers('Microsoft.Storage', 'storageAccounts').apiVersions[0])]\",\r\n          \"type\": \"object\"\r\n        }\r\n      }\r\n    },\r\n    \"parameters\": {\r\n      \"storageAccountName\": {\r\n        \"value\": \"ps451\"\r\n      }\r\n    },\r\n    \"mode\": \"Incremental\"\r\n  }\r\n}",
      "RequestHeaders": {
        "x-ms-client-request-id": [
          "0001cf55-083c-4011-acf7-a7ea50787fc2"
        ],
        "Accept-Language": [
          "en-US"
        ],
        "User-Agent": [
          "FxVersion/4.6.29017.01",
          "OSName/Windows",
          "OSVersion/Microsoft.Windows.10.0.19041.",
          "Microsoft.Azure.Management.ResourceManager.ResourceManagementClient/3.9.0.0"
        ],
        "Content-Type": [
          "application/json; charset=utf-8"
        ],
        "Content-Length": [
          "1573"
        ]
      },
      "ResponseHeaders": {
        "Cache-Control": [
          "no-cache"
        ],
        "Pragma": [
          "no-cache"
        ],
        "Location": [
          "https://management.azure.com/subscriptions/a93e8c5c-63cb-4635-933f-6d166ac25187/operationresults/eyJqb2JJZCI6IkRlcGxveW1lbnRXaGF0SWZKb2ItUFM0Mjk2LVBTNjMyNy1ENzlGRkU4NToyRDRCNTM6MkQ0M0FBOjJEODZBODoyREFGRUQ5MjA5MUZGMCIsImpvYkxvY2F0aW9uIjoid2VzdHVzIn0?api-version=2020-06-01"
        ],
        "Retry-After": [
          "0"
        ],
        "x-ms-ratelimit-remaining-subscription-writes": [
          "1199"
        ],
        "x-ms-request-id": [
          "d79ffe85-4b53-43aa-86a8-afed92091ff0"
        ],
        "x-ms-correlation-request-id": [
          "d79ffe85-4b53-43aa-86a8-afed92091ff0"
        ],
        "x-ms-routing-request-id": [
          "WESTUS2:20200724T004905Z:d79ffe85-4b53-43aa-86a8-afed92091ff0"
        ],
        "Strict-Transport-Security": [
          "max-age=31536000; includeSubDomains"
        ],
        "X-Content-Type-Options": [
          "nosniff"
        ],
        "Date": [
          "Fri, 24 Jul 2020 00:49:05 GMT"
        ],
        "Expires": [
          "-1"
        ],
        "Content-Length": [
          "0"
        ]
      },
      "ResponseBody": "",
      "StatusCode": 202
    },
    {
      "RequestUri": "/subscriptions/a93e8c5c-63cb-4635-933f-6d166ac25187/operationresults/eyJqb2JJZCI6IkRlcGxveW1lbnRXaGF0SWZKb2ItUFM0Mjk2LVBTNjMyNy1ENzlGRkU4NToyRDRCNTM6MkQ0M0FBOjJEODZBODoyREFGRUQ5MjA5MUZGMCIsImpvYkxvY2F0aW9uIjoid2VzdHVzIn0?api-version=2020-06-01",
      "EncodedRequestUri": "L3N1YnNjcmlwdGlvbnMvYTkzZThjNWMtNjNjYi00NjM1LTkzM2YtNmQxNjZhYzI1MTg3L29wZXJhdGlvbnJlc3VsdHMvZXlKcWIySkpaQ0k2SWtSbGNHeHZlVzFsYm5SWGFHRjBTV1pLYjJJdFVGTTBNamsyTFZCVE5qTXlOeTFFTnpsR1JrVTROVG95UkRSQ05UTTZNa1EwTTBGQk9qSkVPRFpCT0RveVJFRkdSVVE1TWpBNU1VWkdNQ0lzSW1wdllreHZZMkYwYVc5dUlqb2lkMlZ6ZEhWekluMD9hcGktdmVyc2lvbj0yMDIwLTA2LTAx",
      "RequestMethod": "GET",
      "RequestBody": "",
      "RequestHeaders": {
        "User-Agent": [
          "FxVersion/4.6.29017.01",
          "OSName/Windows",
          "OSVersion/Microsoft.Windows.10.0.19041.",
          "Microsoft.Azure.Management.ResourceManager.ResourceManagementClient/3.9.0.0"
        ]
      },
      "ResponseHeaders": {
        "Cache-Control": [
          "no-cache"
        ],
        "Pragma": [
          "no-cache"
        ],
        "x-ms-ratelimit-remaining-subscription-reads": [
          "11999"
        ],
        "x-ms-request-id": [
          "c835d96b-4e1a-4ed9-875b-e7fbf2947627"
        ],
        "x-ms-correlation-request-id": [
          "c835d96b-4e1a-4ed9-875b-e7fbf2947627"
        ],
        "x-ms-routing-request-id": [
          "WESTUS2:20200724T004920Z:c835d96b-4e1a-4ed9-875b-e7fbf2947627"
        ],
        "Strict-Transport-Security": [
          "max-age=31536000; includeSubDomains"
        ],
        "X-Content-Type-Options": [
          "nosniff"
        ],
        "Date": [
          "Fri, 24 Jul 2020 00:49:20 GMT"
        ],
        "Content-Type": [
          "application/json; charset=utf-8"
        ],
        "Expires": [
          "-1"
        ],
        "Content-Length": [
          "212"
        ],
        "Retry-After": [
          "0"
        ]
      },
      "ResponseBody": "{\r\n  \"status\": \"Succeeded\",\r\n  \"properties\": {\r\n    \"changes\": [\r\n      {\r\n        \"resourceId\": \"/subscriptions/a93e8c5c-63cb-4635-933f-6d166ac25187/resourceGroups/ps4296/providers/Microsoft.Storage/storageAccounts/ps451\",\r\n        \"changeType\": \"Create\"\r\n      }\r\n    ]\r\n  }\r\n}",
      "StatusCode": 200
    },
    {
      "RequestUri": "/subscriptions/a93e8c5c-63cb-4635-933f-6d166ac25187/operationresults/eyJqb2JJZCI6IkRlcGxveW1lbnRXaGF0SWZKb2ItUFM0Mjk2LVBTNjMyNy1ENzlGRkU4NToyRDRCNTM6MkQ0M0FBOjJEODZBODoyREFGRUQ5MjA5MUZGMCIsImpvYkxvY2F0aW9uIjoid2VzdHVzIn0?api-version=2020-06-01",
      "EncodedRequestUri": "L3N1YnNjcmlwdGlvbnMvYTkzZThjNWMtNjNjYi00NjM1LTkzM2YtNmQxNjZhYzI1MTg3L29wZXJhdGlvbnJlc3VsdHMvZXlKcWIySkpaQ0k2SWtSbGNHeHZlVzFsYm5SWGFHRjBTV1pLYjJJdFVGTTBNamsyTFZCVE5qTXlOeTFFTnpsR1JrVTROVG95UkRSQ05UTTZNa1EwTTBGQk9qSkVPRFpCT0RveVJFRkdSVVE1TWpBNU1VWkdNQ0lzSW1wdllreHZZMkYwYVc5dUlqb2lkMlZ6ZEhWekluMD9hcGktdmVyc2lvbj0yMDIwLTA2LTAx",
      "RequestMethod": "GET",
      "RequestBody": "",
      "RequestHeaders": {
        "User-Agent": [
          "FxVersion/4.6.29017.01",
          "OSName/Windows",
          "OSVersion/Microsoft.Windows.10.0.19041.",
          "Microsoft.Azure.Management.ResourceManager.ResourceManagementClient/3.9.0.0"
        ]
      },
      "ResponseHeaders": {
        "Cache-Control": [
          "no-cache"
        ],
        "Pragma": [
          "no-cache"
        ],
        "x-ms-ratelimit-remaining-subscription-reads": [
          "11998"
        ],
        "x-ms-request-id": [
          "43755527-ab2c-4fee-b939-660da908971a"
        ],
        "x-ms-correlation-request-id": [
          "43755527-ab2c-4fee-b939-660da908971a"
        ],
        "x-ms-routing-request-id": [
          "WESTUS2:20200724T004921Z:43755527-ab2c-4fee-b939-660da908971a"
        ],
        "Strict-Transport-Security": [
          "max-age=31536000; includeSubDomains"
        ],
        "X-Content-Type-Options": [
          "nosniff"
        ],
        "Date": [
          "Fri, 24 Jul 2020 00:49:20 GMT"
        ],
        "Content-Type": [
          "application/json; charset=utf-8"
        ],
        "Expires": [
          "-1"
        ],
        "Content-Length": [
          "212"
        ],
        "Retry-After": [
          "0"
        ]
      },
      "ResponseBody": "{\r\n  \"status\": \"Succeeded\",\r\n  \"properties\": {\r\n    \"changes\": [\r\n      {\r\n        \"resourceId\": \"/subscriptions/a93e8c5c-63cb-4635-933f-6d166ac25187/resourceGroups/ps4296/providers/Microsoft.Storage/storageAccounts/ps451\",\r\n        \"changeType\": \"Create\"\r\n      }\r\n    ]\r\n  }\r\n}",
      "StatusCode": 200
    },
    {
      "RequestUri": "/subscriptions/a93e8c5c-63cb-4635-933f-6d166ac25187/resourcegroups/ps4296?api-version=2020-06-01",
      "EncodedRequestUri": "L3N1YnNjcmlwdGlvbnMvYTkzZThjNWMtNjNjYi00NjM1LTkzM2YtNmQxNjZhYzI1MTg3L3Jlc291cmNlZ3JvdXBzL3BzNDI5Nj9hcGktdmVyc2lvbj0yMDIwLTA2LTAx",
      "RequestMethod": "DELETE",
      "RequestBody": "",
      "RequestHeaders": {
        "x-ms-client-request-id": [
          "abdbb164-fa3e-46a8-b2b8-be933ae5acc7"
        ],
        "Accept-Language": [
          "en-US"
        ],
        "User-Agent": [
          "FxVersion/4.6.29017.01",
          "OSName/Windows",
          "OSVersion/Microsoft.Windows.10.0.19041.",
          "Microsoft.Azure.Management.ResourceManager.ResourceManagementClient/3.9.0.0"
        ]
      },
      "ResponseHeaders": {
        "Cache-Control": [
          "no-cache"
        ],
        "Pragma": [
          "no-cache"
        ],
        "Location": [
          "https://management.azure.com/subscriptions/a93e8c5c-63cb-4635-933f-6d166ac25187/operationresults/eyJqb2JJZCI6IlJFU09VUkNFR1JPVVBERUxFVElPTkpPQi1QUzQyOTYtV0VTVFVTIiwiam9iTG9jYXRpb24iOiJ3ZXN0dXMifQ?api-version=2020-06-01"
        ],
        "Retry-After": [
          "0"
        ],
        "x-ms-ratelimit-remaining-subscription-deletes": [
          "14999"
        ],
        "x-ms-request-id": [
          "44d4e7f6-3181-4cdb-821d-fb9484c2a237"
        ],
        "x-ms-correlation-request-id": [
          "44d4e7f6-3181-4cdb-821d-fb9484c2a237"
        ],
        "x-ms-routing-request-id": [
          "WESTUS2:20200724T004921Z:44d4e7f6-3181-4cdb-821d-fb9484c2a237"
        ],
        "Strict-Transport-Security": [
          "max-age=31536000; includeSubDomains"
        ],
        "X-Content-Type-Options": [
          "nosniff"
        ],
        "Date": [
          "Fri, 24 Jul 2020 00:49:21 GMT"
        ],
        "Expires": [
          "-1"
        ],
        "Content-Length": [
          "0"
        ]
      },
      "ResponseBody": "",
      "StatusCode": 202
    },
    {
      "RequestUri": "/subscriptions/a93e8c5c-63cb-4635-933f-6d166ac25187/operationresults/eyJqb2JJZCI6IlJFU09VUkNFR1JPVVBERUxFVElPTkpPQi1QUzQyOTYtV0VTVFVTIiwiam9iTG9jYXRpb24iOiJ3ZXN0dXMifQ?api-version=2020-06-01",
      "EncodedRequestUri": "L3N1YnNjcmlwdGlvbnMvYTkzZThjNWMtNjNjYi00NjM1LTkzM2YtNmQxNjZhYzI1MTg3L29wZXJhdGlvbnJlc3VsdHMvZXlKcWIySkpaQ0k2SWxKRlUwOVZVa05GUjFKUFZWQkVSVXhGVkVsUFRrcFBRaTFRVXpReU9UWXRWMFZUVkZWVElpd2lhbTlpVEc5allYUnBiMjRpT2lKM1pYTjBkWE1pZlE/YXBpLXZlcnNpb249MjAyMC0wNi0wMQ==",
      "RequestMethod": "GET",
      "RequestBody": "",
      "RequestHeaders": {
        "User-Agent": [
          "FxVersion/4.6.29017.01",
          "OSName/Windows",
          "OSVersion/Microsoft.Windows.10.0.19041.",
          "Microsoft.Azure.Management.ResourceManager.ResourceManagementClient/3.9.0.0"
        ]
      },
      "ResponseHeaders": {
        "Cache-Control": [
          "no-cache"
        ],
        "Pragma": [
          "no-cache"
        ],
        "Location": [
          "https://management.azure.com/subscriptions/a93e8c5c-63cb-4635-933f-6d166ac25187/operationresults/eyJqb2JJZCI6IlJFU09VUkNFR1JPVVBERUxFVElPTkpPQi1QUzQyOTYtV0VTVFVTIiwiam9iTG9jYXRpb24iOiJ3ZXN0dXMifQ?api-version=2020-06-01"
        ],
        "Retry-After": [
          "0"
        ],
        "x-ms-ratelimit-remaining-subscription-reads": [
          "11998"
        ],
        "x-ms-request-id": [
          "6ffea322-b125-413a-b9d3-c47164dd0025"
        ],
        "x-ms-correlation-request-id": [
          "6ffea322-b125-413a-b9d3-c47164dd0025"
        ],
        "x-ms-routing-request-id": [
          "WESTUS2:20200724T004936Z:6ffea322-b125-413a-b9d3-c47164dd0025"
        ],
        "Strict-Transport-Security": [
          "max-age=31536000; includeSubDomains"
        ],
        "X-Content-Type-Options": [
          "nosniff"
        ],
        "Date": [
          "Fri, 24 Jul 2020 00:49:36 GMT"
        ],
        "Expires": [
          "-1"
        ],
        "Content-Length": [
          "0"
        ]
      },
      "ResponseBody": "",
      "StatusCode": 202
    },
    {
      "RequestUri": "/subscriptions/a93e8c5c-63cb-4635-933f-6d166ac25187/operationresults/eyJqb2JJZCI6IlJFU09VUkNFR1JPVVBERUxFVElPTkpPQi1QUzQyOTYtV0VTVFVTIiwiam9iTG9jYXRpb24iOiJ3ZXN0dXMifQ?api-version=2020-06-01",
      "EncodedRequestUri": "L3N1YnNjcmlwdGlvbnMvYTkzZThjNWMtNjNjYi00NjM1LTkzM2YtNmQxNjZhYzI1MTg3L29wZXJhdGlvbnJlc3VsdHMvZXlKcWIySkpaQ0k2SWxKRlUwOVZVa05GUjFKUFZWQkVSVXhGVkVsUFRrcFBRaTFRVXpReU9UWXRWMFZUVkZWVElpd2lhbTlpVEc5allYUnBiMjRpT2lKM1pYTjBkWE1pZlE/YXBpLXZlcnNpb249MjAyMC0wNi0wMQ==",
      "RequestMethod": "GET",
      "RequestBody": "",
      "RequestHeaders": {
        "User-Agent": [
          "FxVersion/4.6.29017.01",
          "OSName/Windows",
          "OSVersion/Microsoft.Windows.10.0.19041.",
          "Microsoft.Azure.Management.ResourceManager.ResourceManagementClient/3.9.0.0"
        ]
      },
      "ResponseHeaders": {
        "Cache-Control": [
          "no-cache"
        ],
        "Pragma": [
          "no-cache"
        ],
        "Location": [
          "https://management.azure.com/subscriptions/a93e8c5c-63cb-4635-933f-6d166ac25187/operationresults/eyJqb2JJZCI6IlJFU09VUkNFR1JPVVBERUxFVElPTkpPQi1QUzQyOTYtV0VTVFVTIiwiam9iTG9jYXRpb24iOiJ3ZXN0dXMifQ?api-version=2020-06-01"
        ],
        "Retry-After": [
          "0"
        ],
        "x-ms-ratelimit-remaining-subscription-reads": [
          "11997"
        ],
        "x-ms-request-id": [
          "3d68f6ed-ca84-4b95-a802-87af71a91ead"
        ],
        "x-ms-correlation-request-id": [
          "3d68f6ed-ca84-4b95-a802-87af71a91ead"
        ],
        "x-ms-routing-request-id": [
          "WESTUS2:20200724T004952Z:3d68f6ed-ca84-4b95-a802-87af71a91ead"
        ],
        "Strict-Transport-Security": [
          "max-age=31536000; includeSubDomains"
        ],
        "X-Content-Type-Options": [
          "nosniff"
        ],
        "Date": [
          "Fri, 24 Jul 2020 00:49:51 GMT"
        ],
        "Expires": [
          "-1"
        ],
        "Content-Length": [
          "0"
        ]
      },
      "ResponseBody": "",
      "StatusCode": 202
    },
    {
      "RequestUri": "/subscriptions/a93e8c5c-63cb-4635-933f-6d166ac25187/operationresults/eyJqb2JJZCI6IlJFU09VUkNFR1JPVVBERUxFVElPTkpPQi1QUzQyOTYtV0VTVFVTIiwiam9iTG9jYXRpb24iOiJ3ZXN0dXMifQ?api-version=2020-06-01",
      "EncodedRequestUri": "L3N1YnNjcmlwdGlvbnMvYTkzZThjNWMtNjNjYi00NjM1LTkzM2YtNmQxNjZhYzI1MTg3L29wZXJhdGlvbnJlc3VsdHMvZXlKcWIySkpaQ0k2SWxKRlUwOVZVa05GUjFKUFZWQkVSVXhGVkVsUFRrcFBRaTFRVXpReU9UWXRWMFZUVkZWVElpd2lhbTlpVEc5allYUnBiMjRpT2lKM1pYTjBkWE1pZlE/YXBpLXZlcnNpb249MjAyMC0wNi0wMQ==",
      "RequestMethod": "GET",
      "RequestBody": "",
      "RequestHeaders": {
        "User-Agent": [
          "FxVersion/4.6.29017.01",
          "OSName/Windows",
          "OSVersion/Microsoft.Windows.10.0.19041.",
          "Microsoft.Azure.Management.ResourceManager.ResourceManagementClient/3.9.0.0"
        ]
      },
      "ResponseHeaders": {
        "Cache-Control": [
          "no-cache"
        ],
        "Pragma": [
          "no-cache"
        ],
        "x-ms-ratelimit-remaining-subscription-reads": [
          "11996"
        ],
        "x-ms-request-id": [
          "d30e204a-fe04-4246-bb5d-b0955d07216f"
        ],
        "x-ms-correlation-request-id": [
          "d30e204a-fe04-4246-bb5d-b0955d07216f"
        ],
        "x-ms-routing-request-id": [
          "WESTUS2:20200724T005007Z:d30e204a-fe04-4246-bb5d-b0955d07216f"
        ],
        "Strict-Transport-Security": [
          "max-age=31536000; includeSubDomains"
        ],
        "X-Content-Type-Options": [
          "nosniff"
        ],
        "Date": [
          "Fri, 24 Jul 2020 00:50:07 GMT"
        ],
        "Expires": [
          "-1"
        ],
        "Content-Length": [
          "0"
        ],
        "Retry-After": [
          "0"
        ]
      },
      "ResponseBody": "",
      "StatusCode": 200
    },
    {
      "RequestUri": "/subscriptions/a93e8c5c-63cb-4635-933f-6d166ac25187/operationresults/eyJqb2JJZCI6IlJFU09VUkNFR1JPVVBERUxFVElPTkpPQi1QUzQyOTYtV0VTVFVTIiwiam9iTG9jYXRpb24iOiJ3ZXN0dXMifQ?api-version=2020-06-01",
      "EncodedRequestUri": "L3N1YnNjcmlwdGlvbnMvYTkzZThjNWMtNjNjYi00NjM1LTkzM2YtNmQxNjZhYzI1MTg3L29wZXJhdGlvbnJlc3VsdHMvZXlKcWIySkpaQ0k2SWxKRlUwOVZVa05GUjFKUFZWQkVSVXhGVkVsUFRrcFBRaTFRVXpReU9UWXRWMFZUVkZWVElpd2lhbTlpVEc5allYUnBiMjRpT2lKM1pYTjBkWE1pZlE/YXBpLXZlcnNpb249MjAyMC0wNi0wMQ==",
      "RequestMethod": "GET",
      "RequestBody": "",
      "RequestHeaders": {
        "User-Agent": [
          "FxVersion/4.6.29017.01",
          "OSName/Windows",
          "OSVersion/Microsoft.Windows.10.0.19041.",
          "Microsoft.Azure.Management.ResourceManager.ResourceManagementClient/3.9.0.0"
        ]
      },
      "ResponseHeaders": {
        "Cache-Control": [
          "no-cache"
        ],
        "Pragma": [
          "no-cache"
        ],
        "x-ms-ratelimit-remaining-subscription-reads": [
          "11995"
        ],
        "x-ms-request-id": [
          "056630d6-1ab9-42cd-8fe6-e00b3c6e1d3e"
        ],
        "x-ms-correlation-request-id": [
          "056630d6-1ab9-42cd-8fe6-e00b3c6e1d3e"
        ],
        "x-ms-routing-request-id": [
          "WESTUS2:20200724T005007Z:056630d6-1ab9-42cd-8fe6-e00b3c6e1d3e"
        ],
        "Strict-Transport-Security": [
          "max-age=31536000; includeSubDomains"
        ],
        "X-Content-Type-Options": [
          "nosniff"
        ],
        "Date": [
          "Fri, 24 Jul 2020 00:50:07 GMT"
        ],
        "Expires": [
          "-1"
        ],
        "Content-Length": [
          "0"
        ],
        "Retry-After": [
          "0"
        ]
      },
      "ResponseBody": "",
      "StatusCode": 200
    }
  ],
  "Names": {
    "Test-WhatIfCreateResourcesAtResourceGroupScope": [
      "ps6327",
      "ps4296",
      "ps451"
    ]
  },
  "Variables": {
    "SubscriptionId": "a93e8c5c-63cb-4635-933f-6d166ac25187"
  }
}