{
  "Entries": [
    {
      "RequestUri": "/subscriptions/a93e8c5c-63cb-4635-933f-6d166ac25187/providers/Microsoft.Resources/deployments/ps6943/whatIf?api-version=2019-07-01",
      "EncodedRequestUri": "L3N1YnNjcmlwdGlvbnMvYTkzZThjNWMtNjNjYi00NjM1LTkzM2YtNmQxNjZhYzI1MTg3L3Byb3ZpZGVycy9NaWNyb3NvZnQuUmVzb3VyY2VzL2RlcGxveW1lbnRzL3BzNjk0My93aGF0SWY/YXBpLXZlcnNpb249MjAxOS0wNy0wMQ==",
      "RequestMethod": "POST",
      "RequestBody": "{\r\n  \"location\": \"westcentralus\",\r\n  \"properties\": {\r\n    \"whatIfSettings\": {\r\n      \"resultFormat\": \"ResourceIdOnly\"\r\n    },\r\n    \"template\": {\r\n      \"$schema\": \"https://schema.management.azure.com/schemas/2015-01-01/deploymentTemplate.json#\",\r\n      \"contentVersion\": \"1.0.0.0\",\r\n      \"parameters\": {\r\n        \"storageAccountName\": {\r\n          \"type\": \"string\",\r\n          \"defaultValue\": \"armbuilddemo1811\"\r\n        },\r\n        \"nestedDeploymentRG\": {\r\n          \"type\": \"string\",\r\n          \"defaultValue\": \"ps_test_subscription_deployment\"\r\n        },\r\n        \"policyLocation\": {\r\n          \"type\": \"string\",\r\n          \"defaultValue\": \"northeurope\"\r\n        }\r\n      },\r\n      \"variables\": {},\r\n      \"resources\": [\r\n        {\r\n          \"type\": \"Microsoft.Authorization/policyDefinitions\",\r\n          \"name\": \"policy2\",\r\n          \"apiVersion\": \"2016-12-01\",\r\n          \"properties\": {\r\n            \"policyType\": \"Custom\",\r\n            \"parameters\": {},\r\n            \"policyRule\": {\r\n              \"if\": {\r\n                \"field\": \"location\",\r\n                \"equals\": \"[parameters('policyLocation')]\"\r\n              },\r\n              \"then\": {\r\n                \"effect\": \"deny\"\r\n              }\r\n            }\r\n          }\r\n        },\r\n        {\r\n          \"type\": \"Microsoft.Authorization/policyAssignments\",\r\n          \"name\": \"location-lock\",\r\n          \"apiVersion\": \"2016-12-01\",\r\n          \"dependsOn\": [\r\n            \"policy2\"\r\n          ],\r\n          \"properties\": {\r\n            \"scope\": \"[subscription().id]\",\r\n            \"policyDefinitionId\": \"[resourceId('Microsoft.Authorization/policyDefinitions', 'policy2')]\"\r\n          }\r\n        },\r\n        {\r\n          \"type\": \"Microsoft.Resources/resourceGroups\",\r\n          \"name\": \"[parameters('nestedDeploymentRG')]\",\r\n          \"location\": \"West US\",\r\n          \"apiVersion\": \"2019-05-01\",\r\n          \"properties\": {}\r\n        },\r\n        {\r\n          \"type\": \"Microsoft.Resources/deployments\",\r\n          \"name\": \"rg-nested\",\r\n          \"apiVersion\": \"2017-05-10\",\r\n          \"resourceGroup\": \"[parameters('nestedDeploymentRG')]\",\r\n          \"dependsOn\": [\r\n            \"[parameters('nestedDeploymentRG')]\"\r\n          ],\r\n          \"properties\": {\r\n            \"template\": {\r\n              \"$schema\": \"https://schema.management.azure.com/schemas/2015-01-01/deploymentTemplate.json#\",\r\n              \"contentVersion\": \"1.0.0.0\",\r\n              \"parameters\": {},\r\n              \"variables\": {},\r\n              \"resources\": [\r\n                {\r\n                  \"type\": \"Microsoft.Storage/storageAccounts\",\r\n                  \"name\": \"[parameters('storageAccountName')]\",\r\n                  \"apiVersion\": \"2015-06-15\",\r\n                  \"location\": \"East US\",\r\n                  \"properties\": {\r\n                    \"accountType\": \"Standard_LRS\"\r\n                  }\r\n                }\r\n              ]\r\n            },\r\n            \"mode\": \"Incremental\"\r\n          }\r\n        }\r\n      ]\r\n    },\r\n    \"parameters\": {\r\n      \"storageAccountName\": {\r\n        \"value\": \"ps3160\"\r\n      }\r\n    },\r\n    \"mode\": \"Incremental\"\r\n  }\r\n}",
      "RequestHeaders": {
        "x-ms-client-request-id": [
          "1cafc91b-2883-436e-afb9-14ef13058552"
        ],
        "Accept-Language": [
          "en-US"
        ],
        "User-Agent": [
          "FxVersion/4.6.27817.03",
          "OSName/Windows",
          "OSVersion/Microsoft.Windows.10.0.19564.",
          "Microsoft.Azure.Management.ResourceManager.ResourceManagementClient/3.0.0.0"
        ],
        "Content-Type": [
          "application/json; charset=utf-8"
        ],
        "Content-Length": [
          "3099"
        ]
      },
      "ResponseHeaders": {
        "Cache-Control": [
          "no-cache"
        ],
        "Pragma": [
          "no-cache"
        ],
        "Location": [
          "https://westcentralus.management.azure.com/subscriptions/a93e8c5c-63cb-4635-933f-6d166ac25187/operationresults/eyJqb2JJZCI6IkRlcGxveW1lbnRXaGF0SWZKb2ItLVBTNjk0My1FQjFGMTRCODoyREJCODc6MkQ0OTlFOjJEQjQ3MToyRDg1MkVFOTlDNkRBNSIsImpvYkxvY2F0aW9uIjoid2VzdGNlbnRyYWx1cyJ9?api-version=2019-07-01"
        ],
        "Retry-After": [
          "0"
        ],
        "x-ms-ratelimit-remaining-subscription-writes": [
          "1199"
        ],
        "x-ms-request-id": [
          "eb1f14b8-bb87-499e-b471-852ee99c6da5"
        ],
        "x-ms-correlation-request-id": [
          "eb1f14b8-bb87-499e-b471-852ee99c6da5"
        ],
        "x-ms-routing-request-id": [
          "WESTCENTRALUS:20200215T002619Z:eb1f14b8-bb87-499e-b471-852ee99c6da5"
        ],
        "Strict-Transport-Security": [
          "max-age=31536000; includeSubDomains"
        ],
        "X-Content-Type-Options": [
          "nosniff"
        ],
        "Date": [
          "Sat, 15 Feb 2020 00:26:18 GMT"
        ],
        "Expires": [
          "-1"
        ],
        "Content-Length": [
          "0"
        ]
      },
      "ResponseBody": "",
      "StatusCode": 202
    },
    {
      "RequestUri": "/subscriptions/a93e8c5c-63cb-4635-933f-6d166ac25187/operationresults/eyJqb2JJZCI6IkRlcGxveW1lbnRXaGF0SWZKb2ItLVBTNjk0My1FQjFGMTRCODoyREJCODc6MkQ0OTlFOjJEQjQ3MToyRDg1MkVFOTlDNkRBNSIsImpvYkxvY2F0aW9uIjoid2VzdGNlbnRyYWx1cyJ9?api-version=2019-07-01",
      "EncodedRequestUri": "L3N1YnNjcmlwdGlvbnMvYTkzZThjNWMtNjNjYi00NjM1LTkzM2YtNmQxNjZhYzI1MTg3L29wZXJhdGlvbnJlc3VsdHMvZXlKcWIySkpaQ0k2SWtSbGNHeHZlVzFsYm5SWGFHRjBTV1pLYjJJdExWQlROamswTXkxRlFqRkdNVFJDT0RveVJFSkNPRGM2TWtRME9UbEZPakpFUWpRM01Ub3lSRGcxTWtWRk9UbEROa1JCTlNJc0ltcHZZa3h2WTJGMGFXOXVJam9pZDJWemRHTmxiblJ5WVd4MWN5Sjk/YXBpLXZlcnNpb249MjAxOS0wNy0wMQ==",
      "RequestMethod": "GET",
      "RequestBody": "",
      "RequestHeaders": {
        "User-Agent": [
          "FxVersion/4.6.27817.03",
          "OSName/Windows",
          "OSVersion/Microsoft.Windows.10.0.19564.",
          "Microsoft.Azure.Management.ResourceManager.ResourceManagementClient/3.0.0.0"
        ]
      },
      "ResponseHeaders": {
        "Cache-Control": [
          "no-cache"
        ],
        "Pragma": [
          "no-cache"
        ],
        "x-ms-ratelimit-remaining-subscription-reads": [
          "11998"
        ],
        "x-ms-request-id": [
          "33958e14-8ffe-4ac2-97c2-4cfd50764786"
        ],
        "x-ms-correlation-request-id": [
          "33958e14-8ffe-4ac2-97c2-4cfd50764786"
        ],
        "x-ms-routing-request-id": [
          "WESTCENTRALUS:20200215T002634Z:33958e14-8ffe-4ac2-97c2-4cfd50764786"
        ],
        "Strict-Transport-Security": [
          "max-age=31536000; includeSubDomains"
        ],
        "X-Content-Type-Options": [
          "nosniff"
        ],
        "Date": [
          "Sat, 15 Feb 2020 00:26:33 GMT"
        ],
        "Content-Type": [
          "application/json; charset=utf-8"
        ],
        "Expires": [
          "-1"
        ],
        "Content-Length": [
          "1062"
        ],
        "Retry-After": [
          "0"
        ]
      },
      "ResponseBody": "{\r\n  \"status\": \"Succeeded\",\r\n  \"properties\": {\r\n    \"changes\": [\r\n      {\r\n        \"resourceId\": \"/subscriptions/a93e8c5c-63cb-4635-933f-6d166ac25187/providers/Microsoft.Authorization/policyAssignments/location-lock\",\r\n        \"changeType\": \"Deploy\"\r\n      },\r\n      {\r\n        \"resourceId\": \"/subscriptions/a93e8c5c-63cb-4635-933f-6d166ac25187/providers/Microsoft.Authorization/policyDefinitions/policy2\",\r\n        \"changeType\": \"Deploy\"\r\n      },\r\n      {\r\n        \"resourceId\": \"/subscriptions/a93e8c5c-63cb-4635-933f-6d166ac25187/resourceGroups/ps_test_subscription_deployment\",\r\n        \"changeType\": \"Deploy\"\r\n      },\r\n      {\r\n        \"resourceId\": \"/subscriptions/a93e8c5c-63cb-4635-933f-6d166ac25187/resourceGroups/ps_test_subscription_deployment/providers/Microsoft.Storage/storageAccounts/ps3160\",\r\n        \"changeType\": \"Create\"\r\n      },\r\n      {\r\n        \"resourceId\": \"/subscriptions/a93e8c5c-63cb-4635-933f-6d166ac25187/resourceGroups/ps_test_subscription_deployment/providers/Microsoft.Storage/storageAccounts/ps3942\",\r\n        \"changeType\": \"Ignore\"\r\n      },\r\n      {\r\n        \"resourceId\": \"/subscriptions/a93e8c5c-63cb-4635-933f-6d166ac25187/resourceGroups/ps_test_subscription_deployment/providers/Microsoft.Storage/storageAccounts/ps4004\",\r\n        \"changeType\": \"Ignore\"\r\n      }\r\n    ]\r\n  }\r\n}",
      "StatusCode": 200
    },
    {
      "RequestUri": "/subscriptions/a93e8c5c-63cb-4635-933f-6d166ac25187/operationresults/eyJqb2JJZCI6IkRlcGxveW1lbnRXaGF0SWZKb2ItLVBTNjk0My1FQjFGMTRCODoyREJCODc6MkQ0OTlFOjJEQjQ3MToyRDg1MkVFOTlDNkRBNSIsImpvYkxvY2F0aW9uIjoid2VzdGNlbnRyYWx1cyJ9?api-version=2019-07-01",
      "EncodedRequestUri": "L3N1YnNjcmlwdGlvbnMvYTkzZThjNWMtNjNjYi00NjM1LTkzM2YtNmQxNjZhYzI1MTg3L29wZXJhdGlvbnJlc3VsdHMvZXlKcWIySkpaQ0k2SWtSbGNHeHZlVzFsYm5SWGFHRjBTV1pLYjJJdExWQlROamswTXkxRlFqRkdNVFJDT0RveVJFSkNPRGM2TWtRME9UbEZPakpFUWpRM01Ub3lSRGcxTWtWRk9UbEROa1JCTlNJc0ltcHZZa3h2WTJGMGFXOXVJam9pZDJWemRHTmxiblJ5WVd4MWN5Sjk/YXBpLXZlcnNpb249MjAxOS0wNy0wMQ==",
      "RequestMethod": "GET",
      "RequestBody": "",
      "RequestHeaders": {
        "User-Agent": [
          "FxVersion/4.6.27817.03",
          "OSName/Windows",
          "OSVersion/Microsoft.Windows.10.0.19564.",
          "Microsoft.Azure.Management.ResourceManager.ResourceManagementClient/3.0.0.0"
        ]
      },
      "ResponseHeaders": {
        "Cache-Control": [
          "no-cache"
        ],
        "Pragma": [
          "no-cache"
        ],
        "x-ms-ratelimit-remaining-subscription-reads": [
          "11997"
        ],
        "x-ms-request-id": [
          "08e9710d-acd6-46e2-a649-f5af8ddb0dfd"
        ],
        "x-ms-correlation-request-id": [
          "08e9710d-acd6-46e2-a649-f5af8ddb0dfd"
        ],
        "x-ms-routing-request-id": [
          "WESTCENTRALUS:20200215T002634Z:08e9710d-acd6-46e2-a649-f5af8ddb0dfd"
        ],
        "Strict-Transport-Security": [
          "max-age=31536000; includeSubDomains"
        ],
        "X-Content-Type-Options": [
          "nosniff"
        ],
        "Date": [
          "Sat, 15 Feb 2020 00:26:33 GMT"
        ],
        "Content-Type": [
          "application/json; charset=utf-8"
        ],
        "Expires": [
          "-1"
        ],
        "Content-Length": [
          "1062"
        ],
        "Retry-After": [
          "0"
        ]
      },
      "ResponseBody": "{\r\n  \"status\": \"Succeeded\",\r\n  \"properties\": {\r\n    \"changes\": [\r\n      {\r\n        \"resourceId\": \"/subscriptions/a93e8c5c-63cb-4635-933f-6d166ac25187/providers/Microsoft.Authorization/policyAssignments/location-lock\",\r\n        \"changeType\": \"Deploy\"\r\n      },\r\n      {\r\n        \"resourceId\": \"/subscriptions/a93e8c5c-63cb-4635-933f-6d166ac25187/providers/Microsoft.Authorization/policyDefinitions/policy2\",\r\n        \"changeType\": \"Deploy\"\r\n      },\r\n      {\r\n        \"resourceId\": \"/subscriptions/a93e8c5c-63cb-4635-933f-6d166ac25187/resourceGroups/ps_test_subscription_deployment\",\r\n        \"changeType\": \"Deploy\"\r\n      },\r\n      {\r\n        \"resourceId\": \"/subscriptions/a93e8c5c-63cb-4635-933f-6d166ac25187/resourceGroups/ps_test_subscription_deployment/providers/Microsoft.Storage/storageAccounts/ps3160\",\r\n        \"changeType\": \"Create\"\r\n      },\r\n      {\r\n        \"resourceId\": \"/subscriptions/a93e8c5c-63cb-4635-933f-6d166ac25187/resourceGroups/ps_test_subscription_deployment/providers/Microsoft.Storage/storageAccounts/ps3942\",\r\n        \"changeType\": \"Ignore\"\r\n      },\r\n      {\r\n        \"resourceId\": \"/subscriptions/a93e8c5c-63cb-4635-933f-6d166ac25187/resourceGroups/ps_test_subscription_deployment/providers/Microsoft.Storage/storageAccounts/ps4004\",\r\n        \"changeType\": \"Ignore\"\r\n      }\r\n    ]\r\n  }\r\n}",
      "StatusCode": 200
    }
  ],
  "Names": {
    "Test-WhatIfWithResourceIdOnlyAtSubscriptionScope": [
      "ps6943",
      "ps3160"
    ]
  },
  "Variables": {
    "SubscriptionId": "a93e8c5c-63cb-4635-933f-6d166ac25187"
  }
}