{
  "Entries": [
    {
      "RequestUri": "/subscriptions/46241355-bb95-46a9-ba6c-42b554d71925/resources?$filter=resourceType%20eq%20'Microsoft.Batch%2FbatchAccounts'&api-version=2014-04-01-preview",
      "EncodedRequestUri": "L3N1YnNjcmlwdGlvbnMvNDYyNDEzNTUtYmI5NS00NmE5LWJhNmMtNDJiNTU0ZDcxOTI1L3Jlc291cmNlcz8kZmlsdGVyPXJlc291cmNlVHlwZSUyMGVxJTIwJ01pY3Jvc29mdC5CYXRjaCUyRmJhdGNoQWNjb3VudHMnJmFwaS12ZXJzaW9uPTIwMTQtMDQtMDEtcHJldmlldw==",
      "RequestMethod": "GET",
      "RequestBody": "",
      "RequestHeaders": {
        "User-Agent": [
          "Microsoft.Azure.Management.Resources.ResourceManagementClient/2.0.0.0"
        ]
      },
      "ResponseBody": "{\r\n  \"value\": [\r\n    {\r\n      \"id\": \"/subscriptions/46241355-bb95-46a9-ba6c-42b554d71925/resourceGroups/default-brazilsouth/providers/Microsoft.Batch/batchAccounts/batchtest\",\r\n      \"name\": \"batchtest\",\r\n      \"type\": \"Microsoft.Batch/batchAccounts\",\r\n      \"location\": \"brazilsouth\",\r\n      \"tags\": {\r\n        \"tag1\": \"value1\"\r\n      }\r\n    },\r\n    {\r\n      \"id\": \"/subscriptions/46241355-bb95-46a9-ba6c-42b554d71925/resourceGroups/default-centralus/providers/Microsoft.Batch/batchAccounts/jsxplat\",\r\n      \"name\": \"jsxplat\",\r\n      \"type\": \"Microsoft.Batch/batchAccounts\",\r\n      \"location\": \"centralus\"\r\n    },\r\n    {\r\n      \"id\": \"/subscriptions/46241355-bb95-46a9-ba6c-42b554d71925/resourceGroups/default-eastus/providers/Microsoft.Batch/batchAccounts/jstesteastus2\",\r\n      \"name\": \"jstesteastus2\",\r\n      \"type\": \"Microsoft.Batch/batchAccounts\",\r\n      \"location\": \"eastus2\"\r\n    },\r\n    {\r\n      \"id\": \"/subscriptions/46241355-bb95-46a9-ba6c-42b554d71925/resourceGroups/default-eastus/providers/Microsoft.Batch/batchAccounts/pstestaccount\",\r\n      \"name\": \"pstestaccount\",\r\n      \"type\": \"Microsoft.Batch/batchAccounts\",\r\n      \"location\": \"eastus\"\r\n    },\r\n    {\r\n      \"id\": \"/subscriptions/46241355-bb95-46a9-ba6c-42b554d71925/resourceGroups/default-westus/providers/Microsoft.Batch/batchAccounts/jsmatlab\",\r\n      \"name\": \"jsmatlab\",\r\n      \"type\": \"Microsoft.Batch/batchAccounts\",\r\n      \"location\": \"westus\"\r\n    },\r\n    {\r\n      \"id\": \"/subscriptions/46241355-bb95-46a9-ba6c-42b554d71925/resourceGroups/default-westus/providers/Microsoft.Batch/batchAccounts/jstest\",\r\n      \"name\": \"jstest\",\r\n      \"type\": \"Microsoft.Batch/batchAccounts\",\r\n      \"location\": \"westus\"\r\n    }\r\n  ]\r\n}",
      "ResponseHeaders": {
        "Content-Length": [
          "1371"
        ],
        "Content-Type": [
          "application/json; charset=utf-8"
        ],
        "Expires": [
          "-1"
        ],
        "Pragma": [
          "no-cache"
        ],
        "x-ms-ratelimit-remaining-subscription-reads": [
          "14984"
        ],
        "x-ms-request-id": [
          "8e6c04ae-9169-4814-832d-664c1b50e844"
        ],
        "x-ms-correlation-request-id": [
          "8e6c04ae-9169-4814-832d-664c1b50e844"
        ],
        "x-ms-routing-request-id": [
          "WESTUS:20160404T184514Z:8e6c04ae-9169-4814-832d-664c1b50e844"
        ],
        "Strict-Transport-Security": [
          "max-age=31536000; includeSubDomains"
        ],
        "Cache-Control": [
          "no-cache"
        ],
        "Date": [
          "Mon, 04 Apr 2016 18:45:13 GMT"
        ]
      },
      "StatusCode": 200
    },
    {
      "RequestUri": "/subscriptions/46241355-bb95-46a9-ba6c-42b554d71925/resourceGroups/default-eastus/providers/Microsoft.Batch/batchAccounts/pstestaccount?api-version=2015-09-01",
      "EncodedRequestUri": "L3N1YnNjcmlwdGlvbnMvNDYyNDEzNTUtYmI5NS00NmE5LWJhNmMtNDJiNTU0ZDcxOTI1L3Jlc291cmNlR3JvdXBzL2RlZmF1bHQtZWFzdHVzL3Byb3ZpZGVycy9NaWNyb3NvZnQuQmF0Y2gvYmF0Y2hBY2NvdW50cy9wc3Rlc3RhY2NvdW50P2FwaS12ZXJzaW9uPTIwMTUtMDktMDE=",
      "RequestMethod": "GET",
      "RequestBody": "",
      "RequestHeaders": {
        "x-ms-version": [
          "2015-09-01"
        ],
        "User-Agent": [
          "Microsoft.Azure.Management.Batch.BatchManagementClient/1.0.0.0"
        ]
      },
      "ResponseBody": "{\r\n  \"name\": \"pstestaccount\",\r\n  \"location\": \"eastus\",\r\n  \"properties\": {\r\n    \"accountEndpoint\": \"pstestaccount.eastus.batch.azure.com\",\r\n    \"provisioningState\": \"Succeeded\",\r\n    \"coreQuota\": 20,\r\n    \"poolQuota\": 20,\r\n    \"activeJobAndJobScheduleQuota\": 20\r\n  },\r\n  \"id\": \"/subscriptions/46241355-bb95-46a9-ba6c-42b554d71925/resourceGroups/default-eastus/providers/Microsoft.Batch/batchAccounts/pstestaccount\",\r\n  \"type\": \"Microsoft.Batch/batchAccounts\"\r\n}",
      "ResponseHeaders": {
        "Content-Length": [
          "394"
        ],
        "Content-Type": [
          "application/json; charset=utf-8"
        ],
        "Expires": [
          "-1"
        ],
        "Last-Modified": [
          "Mon, 04 Apr 2016 18:45:15 GMT"
        ],
        "Pragma": [
          "no-cache"
        ],
        "request-id": [
          "4855548d-a221-4b38-b37e-5027418eff67"
        ],
        "Strict-Transport-Security": [
          "max-age=31536000; includeSubDomains"
        ],
        "x-ms-ratelimit-remaining-subscription-reads": [
          "14994"
        ],
        "x-ms-request-id": [
          "8ff2128e-73e4-4e13-bf0b-920966ea4d88"
        ],
        "x-ms-correlation-request-id": [
          "8ff2128e-73e4-4e13-bf0b-920966ea4d88"
        ],
        "x-ms-routing-request-id": [
          "WESTUS:20160404T184515Z:8ff2128e-73e4-4e13-bf0b-920966ea4d88"
        ],
        "Cache-Control": [
          "no-cache"
        ],
        "Date": [
          "Mon, 04 Apr 2016 18:45:15 GMT"
        ],
        "ETag": [
          "0x8D35CB9434958EC"
        ],
        "Server": [
          "Microsoft-HTTPAPI/2.0"
        ]
      },
      "StatusCode": 200
    },
    {
      "RequestUri": "/subscriptions/46241355-bb95-46a9-ba6c-42b554d71925/resourceGroups/default-eastus/providers/Microsoft.Batch/batchAccounts/pstestaccount/listKeys?api-version=2015-09-01",
      "EncodedRequestUri": "L3N1YnNjcmlwdGlvbnMvNDYyNDEzNTUtYmI5NS00NmE5LWJhNmMtNDJiNTU0ZDcxOTI1L3Jlc291cmNlR3JvdXBzL2RlZmF1bHQtZWFzdHVzL3Byb3ZpZGVycy9NaWNyb3NvZnQuQmF0Y2gvYmF0Y2hBY2NvdW50cy9wc3Rlc3RhY2NvdW50L2xpc3RLZXlzP2FwaS12ZXJzaW9uPTIwMTUtMDktMDE=",
      "RequestMethod": "POST",
      "RequestBody": "",
      "RequestHeaders": {
        "x-ms-version": [
          "2015-09-01"
        ],
        "User-Agent": [
          "Microsoft.Azure.Management.Batch.BatchManagementClient/1.0.0.0"
        ]
      },
      "ResponseBody": "{\r\n  \"accountName\": \"pstestaccount\",\r\n  \"primary\": \"fRlHsqQAn8t7JoMsGDuLbPka/vHUscOWH0B20Bq0QcrJ5znK2hSoEO6B2y1sFtIB81tLFWnBG7pdIGIlgiV1fg==\",\r\n  \"secondary\": \"ZHMeLQ5h7glfP6dE2HhfQMrMidPWrXq6xm4WLqW5Na4g/svcxV7QE/D2sIuGhh4hvnCZZ7cB8t4/epFsjG+OtQ==\"\r\n}",
      "ResponseHeaders": {
        "Content-Length": [
          "235"
        ],
        "Content-Type": [
          "application/json; charset=utf-8"
        ],
        "Expires": [
          "-1"
        ],
        "Pragma": [
          "no-cache"
        ],
        "request-id": [
          "0fc09b43-fb89-46ca-a927-354b0c658a3a"
        ],
        "Strict-Transport-Security": [
          "max-age=31536000; includeSubDomains"
        ],
        "x-ms-ratelimit-remaining-subscription-writes": [
          "1197"
        ],
        "x-ms-request-id": [
          "f25cccb0-de4e-4eae-8010-672a456b93d0"
        ],
        "x-ms-correlation-request-id": [
          "f25cccb0-de4e-4eae-8010-672a456b93d0"
        ],
        "x-ms-routing-request-id": [
          "WESTUS:20160404T184515Z:f25cccb0-de4e-4eae-8010-672a456b93d0"
        ],
        "Cache-Control": [
          "no-cache"
        ],
        "Date": [
          "Mon, 04 Apr 2016 18:45:15 GMT"
        ],
        "Server": [
          "Microsoft-HTTPAPI/2.0"
        ]
      },
      "StatusCode": 200
    },
    {
      "RequestUri": "/jobs?api-version=2016-02-01.3.0",
      "EncodedRequestUri": "L2pvYnM/YXBpLXZlcnNpb249MjAxNi0wMi0wMS4zLjA=",
      "RequestMethod": "POST",
      "RequestBody": "{\r\n  \"id\": \"filterTaskJob\",\r\n  \"priority\": 0,\r\n  \"poolInfo\": {\r\n    \"poolId\": \"testPool\"\r\n  }\r\n}",
      "RequestHeaders": {
        "Content-Type": [
          "application/json; odata=minimalmetadata; charset=utf-8"
        ],
        "Content-Length": [
          "96"
        ],
        "x-ms-client-request-id": [
          "9160ade8-0ee3-43eb-a8d0-326233ae091b"
        ],
        "accept-language": [
          "en-US"
        ],
        "client-request-id": [
          "cb7c490c-019f-4eda-b2da-4a230ba85750"
        ],
        "ocp-date": [
          "Mon, 04 Apr 2016 18:45:16 GMT"
        ],
        "User-Agent": [
          "Microsoft.Azure.Batch.Protocol.BatchServiceClient/3.1.0.0",
          "AzurePowershell/v1.0.5"
        ]
      },
      "ResponseBody": "",
      "ResponseHeaders": {
        "Last-Modified": [
          "Mon, 04 Apr 2016 18:45:17 GMT"
        ],
        "Transfer-Encoding": [
          "chunked"
        ],
        "request-id": [
          "b15b3a10-8a84-4a38-bb80-27c98fa77126"
        ],
        "Strict-Transport-Security": [
          "max-age=31536000; includeSubDomains"
        ],
        "DataServiceVersion": [
          "3.0"
        ],
        "DataServiceId": [
          "https://pstestaccount.eastus.batch.azure.com/jobs/job-1"
        ],
        "Date": [
          "Mon, 04 Apr 2016 18:45:17 GMT"
        ],
        "ETag": [
          "0x8D35CB9444BC848"
        ],
        "Location": [
          "https://pstestaccount.eastus.batch.azure.com/jobs/job-1"
        ],
        "Server": [
          "Microsoft-HTTPAPI/2.0"
        ]
      },
      "StatusCode": 201
    },
    {
      "RequestUri": "/jobs/filterTaskJob/tasks?api-version=2016-02-01.3.0",
      "EncodedRequestUri": "L2pvYnMvZmlsdGVyVGFza0pvYi90YXNrcz9hcGktdmVyc2lvbj0yMDE2LTAyLTAxLjMuMA==",
      "RequestMethod": "POST",
      "RequestBody": "{\r\n  \"id\": \"testTask1\",\r\n  \"commandLine\": \"cmd /c dir /s\",\r\n  \"runElevated\": true\r\n}",
      "RequestHeaders": {
        "Content-Type": [
          "application/json; odata=minimalmetadata; charset=utf-8"
        ],
        "Content-Length": [
          "84"
        ],
        "x-ms-client-request-id": [
          "246e6f2f-b905-4aeb-af2c-6e14ac8fa24d"
        ],
        "accept-language": [
          "en-US"
        ],
        "client-request-id": [
          "fa0deb8a-eb98-495e-ad4e-0539f102b4df"
        ],
        "ocp-date": [
          "Mon, 04 Apr 2016 18:45:17 GMT"
        ],
        "User-Agent": [
          "Microsoft.Azure.Batch.Protocol.BatchServiceClient/3.1.0.0",
          "AzurePowershell/v1.0.5"
        ]
      },
      "ResponseBody": "",
      "ResponseHeaders": {
        "Last-Modified": [
          "Mon, 04 Apr 2016 18:45:17 GMT"
        ],
        "Transfer-Encoding": [
          "chunked"
        ],
        "request-id": [
          "39143dc7-7a1b-4d35-ad22-c64ce8c81bf4"
        ],
        "Strict-Transport-Security": [
          "max-age=31536000; includeSubDomains"
        ],
        "DataServiceVersion": [
          "3.0"
        ],
        "DataServiceId": [
          "https://pstestaccount.eastus.batch.azure.com/jobs/filterTaskJob/tasks/testTask1"
        ],
        "Date": [
          "Mon, 04 Apr 2016 18:45:17 GMT"
        ],
        "ETag": [
          "0x8D35CB944516604"
        ],
        "Location": [
          "https://pstestaccount.eastus.batch.azure.com/jobs/filterTaskJob/tasks/testTask1"
        ],
        "Server": [
          "Microsoft-HTTPAPI/2.0"
        ]
      },
      "StatusCode": 201
    },
    {
      "RequestUri": "/jobs/filterTaskJob/tasks?api-version=2016-02-01.3.0",
      "EncodedRequestUri": "L2pvYnMvZmlsdGVyVGFza0pvYi90YXNrcz9hcGktdmVyc2lvbj0yMDE2LTAyLTAxLjMuMA==",
      "RequestMethod": "POST",
      "RequestBody": "{\r\n  \"id\": \"testTask2\",\r\n  \"commandLine\": \"cmd /c dir /s\",\r\n  \"runElevated\": true\r\n}",
      "RequestHeaders": {
        "Content-Type": [
          "application/json; odata=minimalmetadata; charset=utf-8"
        ],
        "Content-Length": [
          "84"
        ],
        "x-ms-client-request-id": [
          "32495fff-cb3c-4d80-85bd-f1fb35b38269"
        ],
        "accept-language": [
          "en-US"
        ],
        "client-request-id": [
          "e128db7c-f930-4632-98c9-108d09c044e4"
        ],
        "ocp-date": [
          "Mon, 04 Apr 2016 18:45:17 GMT"
        ],
        "User-Agent": [
          "Microsoft.Azure.Batch.Protocol.BatchServiceClient/3.1.0.0",
          "AzurePowershell/v1.0.5"
        ]
      },
      "ResponseBody": "",
      "ResponseHeaders": {
        "Last-Modified": [
          "Mon, 04 Apr 2016 18:45:17 GMT"
        ],
        "Transfer-Encoding": [
          "chunked"
        ],
        "request-id": [
          "f00e8c54-df8d-4227-9ff0-b84a4cfaf358"
        ],
        "Strict-Transport-Security": [
          "max-age=31536000; includeSubDomains"
        ],
        "DataServiceVersion": [
          "3.0"
        ],
        "DataServiceId": [
          "https://pstestaccount.eastus.batch.azure.com/jobs/filterTaskJob/tasks/testTask2"
        ],
        "Date": [
          "Mon, 04 Apr 2016 18:45:17 GMT"
        ],
        "ETag": [
          "0x8D35CB9446C43F9"
        ],
        "Location": [
          "https://pstestaccount.eastus.batch.azure.com/jobs/filterTaskJob/tasks/testTask2"
        ],
        "Server": [
          "Microsoft-HTTPAPI/2.0"
        ]
      },
      "StatusCode": 201
    },
    {
      "RequestUri": "/jobs/filterTaskJob/tasks?api-version=2016-02-01.3.0",
      "EncodedRequestUri": "L2pvYnMvZmlsdGVyVGFza0pvYi90YXNrcz9hcGktdmVyc2lvbj0yMDE2LTAyLTAxLjMuMA==",
      "RequestMethod": "POST",
      "RequestBody": "{\r\n  \"id\": \"thirdTestTask\",\r\n  \"commandLine\": \"cmd /c dir /s\",\r\n  \"runElevated\": true\r\n}",
      "RequestHeaders": {
        "Content-Type": [
          "application/json; odata=minimalmetadata; charset=utf-8"
        ],
        "Content-Length": [
          "88"
        ],
        "x-ms-client-request-id": [
          "b339539c-f77c-496e-b4c8-3c7ddfd81509"
        ],
        "accept-language": [
          "en-US"
        ],
        "client-request-id": [
          "11beac74-90cf-467a-afc8-48bd47196d98"
        ],
        "ocp-date": [
          "Mon, 04 Apr 2016 18:45:17 GMT"
        ],
        "User-Agent": [
          "Microsoft.Azure.Batch.Protocol.BatchServiceClient/3.1.0.0",
          "AzurePowershell/v1.0.5"
        ]
      },
      "ResponseBody": "",
      "ResponseHeaders": {
        "Last-Modified": [
          "Mon, 04 Apr 2016 18:45:17 GMT"
        ],
        "Transfer-Encoding": [
          "chunked"
        ],
        "request-id": [
          "eca3c37f-6df2-48a0-ba32-79656438a13b"
        ],
        "Strict-Transport-Security": [
          "max-age=31536000; includeSubDomains"
        ],
        "DataServiceVersion": [
          "3.0"
        ],
        "DataServiceId": [
          "https://pstestaccount.eastus.batch.azure.com/jobs/filterTaskJob/tasks/thirdTestTask"
        ],
        "Date": [
          "Mon, 04 Apr 2016 18:45:17 GMT"
        ],
        "ETag": [
          "0x8D35CB9448750C5"
        ],
        "Location": [
          "https://pstestaccount.eastus.batch.azure.com/jobs/filterTaskJob/tasks/thirdTestTask"
        ],
        "Server": [
          "Microsoft-HTTPAPI/2.0"
        ]
      },
      "StatusCode": 201
    },
    {
      "RequestUri": "/jobs/filterTaskJob/tasks?api-version=2016-02-01.3.0&$filter=startswith(id%2C'testTask')",
      "EncodedRequestUri": "L2pvYnMvZmlsdGVyVGFza0pvYi90YXNrcz9hcGktdmVyc2lvbj0yMDE2LTAyLTAxLjMuMCYkZmlsdGVyPXN0YXJ0c3dpdGglMjhpZCUyQyUyN3Rlc3RUYXNrJTI3JTI5",
      "RequestMethod": "GET",
      "RequestBody": "",
      "RequestHeaders": {
        "x-ms-client-request-id": [
          "c7e707fc-69a6-43dc-9183-017473e51c3d"
        ],
        "accept-language": [
          "en-US"
        ],
        "client-request-id": [
          "35bc7269-257d-4752-8a5d-7ece8450493e"
        ],
        "ocp-date": [
          "Mon, 04 Apr 2016 18:45:21 GMT"
        ],
        "User-Agent": [
          "Microsoft.Azure.Batch.Protocol.BatchServiceClient/3.1.0.0",
          "AzurePowershell/v1.0.5"
        ]
      },
      "ResponseBody": "{\r\n  \"odata.metadata\": \"https://pstestaccount.eastus.batch.azure.com/$metadata#tasks\",\r\n  \"value\": [\r\n    {\r\n      \"id\": \"testTask1\",\r\n      \"url\": \"https://pstestaccount.eastus.batch.azure.com/jobs/filterTaskJob/tasks/testTask1\",\r\n      \"eTag\": \"0x8D35CB944516604\",\r\n      \"creationTime\": \"2016-04-04T18:45:17.4262276Z\",\r\n      \"lastModified\": \"2016-04-04T18:45:17.4262276Z\",\r\n      \"state\": \"completed\",\r\n      \"stateTransitionTime\": \"2016-04-04T18:45:19.7804636Z\",\r\n      \"previousState\": \"running\",\r\n      \"previousStateTransitionTime\": \"2016-04-04T18:45:19.6244892Z\",\r\n      \"commandLine\": \"cmd /c dir /s\",\r\n      \"runElevated\": true,\r\n      \"constraints\": {\r\n        \"maxWallClockTime\": \"P10675199DT2H48M5.4775807S\",\r\n        \"retentionTime\": \"P10675199DT2H48M5.4775807S\",\r\n        \"maxTaskRetryCount\": 0\r\n      },\r\n      \"executionInfo\": {\r\n        \"startTime\": \"2016-04-04T18:45:19.6244892Z\",\r\n        \"endTime\": \"2016-04-04T18:45:19.7804636Z\",\r\n        \"exitCode\": 0,\r\n        \"retryCount\": 0,\r\n        \"requeueCount\": 0\r\n      },\r\n      \"nodeInfo\": {\r\n        \"affinityId\": \"TVM:tvm-1783593343_48-20160404t172809z\",\r\n        \"nodeUrl\": \"https://pstestaccount.eastus.batch.azure.com/pools/testpool/nodes/tvm-1783593343_48-20160404t172809z\",\r\n        \"poolId\": \"testpool\",\r\n        \"nodeId\": \"tvm-1783593343_48-20160404t172809z\",\r\n        \"taskRootDirectory\": \"workitems\\\\filtertaskjob\\\\job-1\\\\testtask1\",\r\n        \"taskRootDirectoryUrl\": \"https://pstestaccount.eastus.batch.azure.com/pools/testpool/nodes/tvm-1783593343_48-20160404t172809z/files/workitems/filtertaskjob/job-1/testtask1\"\r\n      }\r\n    },\r\n    {\r\n      \"id\": \"testTask2\",\r\n      \"url\": \"https://pstestaccount.eastus.batch.azure.com/jobs/filterTaskJob/tasks/testTask2\",\r\n      \"eTag\": \"0x8D35CB9446C43F9\",\r\n      \"creationTime\": \"2016-04-04T18:45:17.6023033Z\",\r\n      \"lastModified\": \"2016-04-04T18:45:17.6023033Z\",\r\n      \"state\": \"completed\",\r\n      \"stateTransitionTime\": \"2016-04-04T18:45:19.4358331Z\",\r\n      \"previousState\": \"running\",\r\n      \"previousStateTransitionTime\": \"2016-04-04T18:45:19.3007353Z\",\r\n      \"commandLine\": \"cmd /c dir /s\",\r\n      \"runElevated\": true,\r\n      \"constraints\": {\r\n        \"maxWallClockTime\": \"P10675199DT2H48M5.4775807S\",\r\n        \"retentionTime\": \"P10675199DT2H48M5.4775807S\",\r\n        \"maxTaskRetryCount\": 0\r\n      },\r\n      \"executionInfo\": {\r\n        \"startTime\": \"2016-04-04T18:45:19.3007353Z\",\r\n        \"endTime\": \"2016-04-04T18:45:19.4358331Z\",\r\n        \"exitCode\": 0,\r\n        \"retryCount\": 0,\r\n        \"requeueCount\": 0\r\n      },\r\n      \"nodeInfo\": {\r\n        \"affinityId\": \"TVM:tvm-1783593343_49-20160404t173707z\",\r\n        \"nodeUrl\": \"https://pstestaccount.eastus.batch.azure.com/pools/testpool/nodes/tvm-1783593343_49-20160404t173707z\",\r\n        \"poolId\": \"testpool\",\r\n        \"nodeId\": \"tvm-1783593343_49-20160404t173707z\",\r\n        \"taskRootDirectory\": \"workitems\\\\filtertaskjob\\\\job-1\\\\testtask2\",\r\n        \"taskRootDirectoryUrl\": \"https://pstestaccount.eastus.batch.azure.com/pools/testpool/nodes/tvm-1783593343_49-20160404t173707z/files/workitems/filtertaskjob/job-1/testtask2\"\r\n      }\r\n    }\r\n  ]\r\n}",
      "ResponseHeaders": {
        "Content-Type": [
          "application/json; odata=minimalmetadata"
        ],
        "Transfer-Encoding": [
          "chunked"
        ],
        "request-id": [
          "46310015-32c8-417b-b2dd-846a1d4f7ea9"
        ],
        "Strict-Transport-Security": [
          "max-age=31536000; includeSubDomains"
        ],
        "DataServiceVersion": [
          "3.0"
        ],
        "Date": [
          "Mon, 04 Apr 2016 18:45:21 GMT"
        ],
        "Server": [
          "Microsoft-HTTPAPI/2.0"
        ]
      },
      "StatusCode": 200
    },
    {
      "RequestUri": "/jobs/filterTaskJob/tasks?api-version=2016-02-01.3.0&$filter=startswith(id%2C'testTask')",
      "EncodedRequestUri": "L2pvYnMvZmlsdGVyVGFza0pvYi90YXNrcz9hcGktdmVyc2lvbj0yMDE2LTAyLTAxLjMuMCYkZmlsdGVyPXN0YXJ0c3dpdGglMjhpZCUyQyUyN3Rlc3RUYXNrJTI3JTI5",
      "RequestMethod": "GET",
      "RequestBody": "",
      "RequestHeaders": {
        "x-ms-client-request-id": [
          "ecf538ed-7db8-41f2-9162-3798fd23b7b7"
        ],
        "accept-language": [
          "en-US"
        ],
        "client-request-id": [
          "6a62582c-8d70-444b-8dac-a6f33691fbe1"
        ],
        "ocp-date": [
          "Mon, 04 Apr 2016 18:45:22 GMT"
        ],
        "User-Agent": [
          "Microsoft.Azure.Batch.Protocol.BatchServiceClient/3.1.0.0",
          "AzurePowershell/v1.0.5"
        ]
      },
      "ResponseBody": "{\r\n  \"odata.metadata\": \"https://pstestaccount.eastus.batch.azure.com/$metadata#tasks\",\r\n  \"value\": [\r\n    {\r\n      \"id\": \"testTask1\",\r\n      \"url\": \"https://pstestaccount.eastus.batch.azure.com/jobs/filterTaskJob/tasks/testTask1\",\r\n      \"eTag\": \"0x8D35CB944516604\",\r\n      \"creationTime\": \"2016-04-04T18:45:17.4262276Z\",\r\n      \"lastModified\": \"2016-04-04T18:45:17.4262276Z\",\r\n      \"state\": \"completed\",\r\n      \"stateTransitionTime\": \"2016-04-04T18:45:19.7804636Z\",\r\n      \"previousState\": \"running\",\r\n      \"previousStateTransitionTime\": \"2016-04-04T18:45:19.6244892Z\",\r\n      \"commandLine\": \"cmd /c dir /s\",\r\n      \"runElevated\": true,\r\n      \"constraints\": {\r\n        \"maxWallClockTime\": \"P10675199DT2H48M5.4775807S\",\r\n        \"retentionTime\": \"P10675199DT2H48M5.4775807S\",\r\n        \"maxTaskRetryCount\": 0\r\n      },\r\n      \"executionInfo\": {\r\n        \"startTime\": \"2016-04-04T18:45:19.6244892Z\",\r\n        \"endTime\": \"2016-04-04T18:45:19.7804636Z\",\r\n        \"exitCode\": 0,\r\n        \"retryCount\": 0,\r\n        \"requeueCount\": 0\r\n      },\r\n      \"nodeInfo\": {\r\n        \"affinityId\": \"TVM:tvm-1783593343_48-20160404t172809z\",\r\n        \"nodeUrl\": \"https://pstestaccount.eastus.batch.azure.com/pools/testpool/nodes/tvm-1783593343_48-20160404t172809z\",\r\n        \"poolId\": \"testpool\",\r\n        \"nodeId\": \"tvm-1783593343_48-20160404t172809z\",\r\n        \"taskRootDirectory\": \"workitems\\\\filtertaskjob\\\\job-1\\\\testtask1\",\r\n        \"taskRootDirectoryUrl\": \"https://pstestaccount.eastus.batch.azure.com/pools/testpool/nodes/tvm-1783593343_48-20160404t172809z/files/workitems/filtertaskjob/job-1/testtask1\"\r\n      }\r\n    },\r\n    {\r\n      \"id\": \"testTask2\",\r\n      \"url\": \"https://pstestaccount.eastus.batch.azure.com/jobs/filterTaskJob/tasks/testTask2\",\r\n      \"eTag\": \"0x8D35CB9446C43F9\",\r\n      \"creationTime\": \"2016-04-04T18:45:17.6023033Z\",\r\n      \"lastModified\": \"2016-04-04T18:45:17.6023033Z\",\r\n      \"state\": \"completed\",\r\n      \"stateTransitionTime\": \"2016-04-04T18:45:19.4358331Z\",\r\n      \"previousState\": \"running\",\r\n      \"previousStateTransitionTime\": \"2016-04-04T18:45:19.3007353Z\",\r\n      \"commandLine\": \"cmd /c dir /s\",\r\n      \"runElevated\": true,\r\n      \"constraints\": {\r\n        \"maxWallClockTime\": \"P10675199DT2H48M5.4775807S\",\r\n        \"retentionTime\": \"P10675199DT2H48M5.4775807S\",\r\n        \"maxTaskRetryCount\": 0\r\n      },\r\n      \"executionInfo\": {\r\n        \"startTime\": \"2016-04-04T18:45:19.3007353Z\",\r\n        \"endTime\": \"2016-04-04T18:45:19.4358331Z\",\r\n        \"exitCode\": 0,\r\n        \"retryCount\": 0,\r\n        \"requeueCount\": 0\r\n      },\r\n      \"nodeInfo\": {\r\n        \"affinityId\": \"TVM:tvm-1783593343_49-20160404t173707z\",\r\n        \"nodeUrl\": \"https://pstestaccount.eastus.batch.azure.com/pools/testpool/nodes/tvm-1783593343_49-20160404t173707z\",\r\n        \"poolId\": \"testpool\",\r\n        \"nodeId\": \"tvm-1783593343_49-20160404t173707z\",\r\n        \"taskRootDirectory\": \"workitems\\\\filtertaskjob\\\\job-1\\\\testtask2\",\r\n        \"taskRootDirectoryUrl\": \"https://pstestaccount.eastus.batch.azure.com/pools/testpool/nodes/tvm-1783593343_49-20160404t173707z/files/workitems/filtertaskjob/job-1/testtask2\"\r\n      }\r\n    }\r\n  ]\r\n}",
      "ResponseHeaders": {
        "Content-Type": [
          "application/json; odata=minimalmetadata"
        ],
        "Transfer-Encoding": [
          "chunked"
        ],
        "request-id": [
          "c1de9945-00a3-421a-b526-2dffb23af2d8"
        ],
        "Strict-Transport-Security": [
          "max-age=31536000; includeSubDomains"
        ],
        "DataServiceVersion": [
          "3.0"
        ],
        "Date": [
          "Mon, 04 Apr 2016 18:45:21 GMT"
        ],
        "Server": [
          "Microsoft-HTTPAPI/2.0"
        ]
      },
      "StatusCode": 200
    },
    {
      "RequestUri": "/jobs/filterTaskJob?api-version=2016-02-01.3.0",
      "EncodedRequestUri": "L2pvYnMvZmlsdGVyVGFza0pvYj9hcGktdmVyc2lvbj0yMDE2LTAyLTAxLjMuMA==",
      "RequestMethod": "GET",
      "RequestBody": "",
      "RequestHeaders": {
        "x-ms-client-request-id": [
          "957aa852-19c2-4239-9dca-e06b03ddcbc7"
        ],
        "accept-language": [
          "en-US"
        ],
        "client-request-id": [
          "fec38276-c32d-492e-9208-aea73dd38344"
        ],
        "ocp-date": [
          "Mon, 04 Apr 2016 18:45:22 GMT"
        ],
        "User-Agent": [
          "Microsoft.Azure.Batch.Protocol.BatchServiceClient/3.1.0.0",
          "AzurePowershell/v1.0.5"
        ]
      },
      "ResponseBody": "{\r\n  \"odata.metadata\": \"https://pstestaccount.eastus.batch.azure.com/$metadata#jobs/@Element\",\r\n  \"id\": \"filterTaskJob\",\r\n  \"url\": \"https://pstestaccount.eastus.batch.azure.com/jobs/filterTaskJob\",\r\n  \"eTag\": \"0x8D35CB9444BC848\",\r\n  \"lastModified\": \"2016-04-04T18:45:17.3894216Z\",\r\n  \"creationTime\": \"2016-04-04T18:45:17.3484146Z\",\r\n  \"state\": \"active\",\r\n  \"stateTransitionTime\": \"2016-04-04T18:45:17.3894216Z\",\r\n  \"priority\": 0,\r\n  \"usesTaskDependencies\": false,\r\n  \"constraints\": {\r\n    \"maxWallClockTime\": \"P10675199DT2H48M5.4775807S\",\r\n    \"maxTaskRetryCount\": 0\r\n  },\r\n  \"poolInfo\": {\r\n    \"poolId\": \"testPool\"\r\n  },\r\n  \"executionInfo\": {\r\n    \"startTime\": \"2016-04-04T18:45:17.3894216Z\",\r\n    \"poolId\": \"testPool\"\r\n  }\r\n}",
      "ResponseHeaders": {
        "Content-Type": [
          "application/json; odata=minimalmetadata"
        ],
        "Last-Modified": [
          "Mon, 04 Apr 2016 18:45:17 GMT"
        ],
        "Transfer-Encoding": [
          "chunked"
        ],
        "request-id": [
          "3ff7efe1-8314-488f-a848-732e8f5f44bf"
        ],
        "Strict-Transport-Security": [
          "max-age=31536000; includeSubDomains"
        ],
        "DataServiceVersion": [
          "3.0"
        ],
        "Date": [
          "Mon, 04 Apr 2016 18:45:21 GMT"
        ],
        "ETag": [
          "0x8D35CB9444BC848"
        ],
        "Server": [
          "Microsoft-HTTPAPI/2.0"
        ]
      },
      "StatusCode": 200
    },
    {
      "RequestUri": "/jobs/filterTaskJob?api-version=2016-02-01.3.0",
      "EncodedRequestUri": "L2pvYnMvZmlsdGVyVGFza0pvYj9hcGktdmVyc2lvbj0yMDE2LTAyLTAxLjMuMA==",
      "RequestMethod": "DELETE",
      "RequestBody": "",
      "RequestHeaders": {
        "x-ms-client-request-id": [
          "544b9d46-42e0-4783-9eb5-3eb103de8e4c"
        ],
        "accept-language": [
          "en-US"
        ],
        "client-request-id": [
          "a8a507d4-76d5-40c2-bbb3-6e3a16b4cb94"
        ],
        "ocp-date": [
          "Mon, 04 Apr 2016 18:45:25 GMT"
        ],
        "User-Agent": [
          "Microsoft.Azure.Batch.Protocol.BatchServiceClient/3.1.0.0",
          "AzurePowershell/v1.0.5"
        ]
      },
      "ResponseBody": "",
      "ResponseHeaders": {
        "Transfer-Encoding": [
          "chunked"
        ],
        "request-id": [
          "c89d4a72-cff5-410d-ae20-8d8d339bb27c"
        ],
        "Strict-Transport-Security": [
          "max-age=31536000; includeSubDomains"
        ],
        "DataServiceVersion": [
          "3.0"
        ],
        "Date": [
          "Mon, 04 Apr 2016 18:45:25 GMT"
        ],
        "Server": [
          "Microsoft-HTTPAPI/2.0"
        ]
      },
      "StatusCode": 202
    }
  ],
  "Names": {},
  "Variables": {
    "SubscriptionId": "46241355-bb95-46a9-ba6c-42b554d71925",
    "AZURE_BATCH_ACCOUNT": "pstestaccount",
    "AZURE_BATCH_ENDPOINT": "https://pstestaccount.eastus.batch.azure.com"
  }
}