{
  "Entries": [
    {
      "RequestUri": "/subscriptions/46241355-bb95-46a9-ba6c-42b554d71925/resources?$filter=resourceType%20eq%20'Microsoft.Batch%2FbatchAccounts'&api-version=2014-04-01-preview",
      "EncodedRequestUri": "L3N1YnNjcmlwdGlvbnMvNDYyNDEzNTUtYmI5NS00NmE5LWJhNmMtNDJiNTU0ZDcxOTI1L3Jlc291cmNlcz8kZmlsdGVyPXJlc291cmNlVHlwZSUyMGVxJTIwJ01pY3Jvc29mdC5CYXRjaCUyRmJhdGNoQWNjb3VudHMnJmFwaS12ZXJzaW9uPTIwMTQtMDQtMDEtcHJldmlldw==",
      "RequestMethod": "GET",
      "RequestBody": "",
      "RequestHeaders": {
        "User-Agent": [
          "Microsoft.Azure.Management.Resources.ResourceManagementClient/2.0.0.0"
        ]
      },
      "ResponseBody": "{\r\n  \"value\": [\r\n    {\r\n      \"id\": \"/subscriptions/46241355-bb95-46a9-ba6c-42b554d71925/resourceGroups/default-eastus/providers/Microsoft.Batch/batchAccounts/pstestaccount\",\r\n      \"name\": \"pstestaccount\",\r\n      \"type\": \"Microsoft.Batch/batchAccounts\",\r\n      \"location\": \"eastus\"\r\n    },\r\n    {\r\n      \"id\": \"/subscriptions/46241355-bb95-46a9-ba6c-42b554d71925/resourceGroups/default-westus/providers/Microsoft.Batch/batchAccounts/jsmatlab\",\r\n      \"name\": \"jsmatlab\",\r\n      \"type\": \"Microsoft.Batch/batchAccounts\",\r\n      \"location\": \"westus\"\r\n    }\r\n  ]\r\n}",
      "ResponseHeaders": {
        "Content-Length": [
          "455"
        ],
        "Content-Type": [
          "application/json; charset=utf-8"
        ],
        "Expires": [
          "-1"
        ],
        "Pragma": [
          "no-cache"
        ],
        "x-ms-ratelimit-remaining-subscription-reads": [
          "14990"
        ],
        "x-ms-request-id": [
          "cbe490d8-1d29-44af-93b7-60ff2460d49a"
        ],
        "x-ms-correlation-request-id": [
          "cbe490d8-1d29-44af-93b7-60ff2460d49a"
        ],
        "x-ms-routing-request-id": [
          "WESTUS:20151111T003036Z:cbe490d8-1d29-44af-93b7-60ff2460d49a"
        ],
        "Strict-Transport-Security": [
          "max-age=31536000; includeSubDomains"
        ],
        "Cache-Control": [
          "no-cache"
        ],
        "Date": [
          "Wed, 11 Nov 2015 00:30:36 GMT"
        ]
      },
      "StatusCode": 200
    },
    {
      "RequestUri": "/subscriptions/46241355-bb95-46a9-ba6c-42b554d71925/resources?$filter=resourceType%20eq%20'Microsoft.Batch%2FbatchAccounts'&api-version=2014-04-01-preview",
      "EncodedRequestUri": "L3N1YnNjcmlwdGlvbnMvNDYyNDEzNTUtYmI5NS00NmE5LWJhNmMtNDJiNTU0ZDcxOTI1L3Jlc291cmNlcz8kZmlsdGVyPXJlc291cmNlVHlwZSUyMGVxJTIwJ01pY3Jvc29mdC5CYXRjaCUyRmJhdGNoQWNjb3VudHMnJmFwaS12ZXJzaW9uPTIwMTQtMDQtMDEtcHJldmlldw==",
      "RequestMethod": "GET",
      "RequestBody": "",
      "RequestHeaders": {
        "User-Agent": [
          "Microsoft.Azure.Management.Resources.ResourceManagementClient/2.0.0.0"
        ]
      },
      "ResponseBody": "{\r\n  \"value\": [\r\n    {\r\n      \"id\": \"/subscriptions/46241355-bb95-46a9-ba6c-42b554d71925/resourceGroups/default-eastus/providers/Microsoft.Batch/batchAccounts/pstestaccount\",\r\n      \"name\": \"pstestaccount\",\r\n      \"type\": \"Microsoft.Batch/batchAccounts\",\r\n      \"location\": \"eastus\"\r\n    },\r\n    {\r\n      \"id\": \"/subscriptions/46241355-bb95-46a9-ba6c-42b554d71925/resourceGroups/default-westus/providers/Microsoft.Batch/batchAccounts/jsmatlab\",\r\n      \"name\": \"jsmatlab\",\r\n      \"type\": \"Microsoft.Batch/batchAccounts\",\r\n      \"location\": \"westus\"\r\n    }\r\n  ]\r\n}",
      "ResponseHeaders": {
        "Content-Length": [
          "455"
        ],
        "Content-Type": [
          "application/json; charset=utf-8"
        ],
        "Expires": [
          "-1"
        ],
        "Pragma": [
          "no-cache"
        ],
        "x-ms-ratelimit-remaining-subscription-reads": [
          "14989"
        ],
        "x-ms-request-id": [
          "fa9c7696-e7a4-4097-9708-fd3f6b443e32"
        ],
        "x-ms-correlation-request-id": [
          "fa9c7696-e7a4-4097-9708-fd3f6b443e32"
        ],
        "x-ms-routing-request-id": [
          "WESTUS:20151111T003042Z:fa9c7696-e7a4-4097-9708-fd3f6b443e32"
        ],
        "Strict-Transport-Security": [
          "max-age=31536000; includeSubDomains"
        ],
        "Cache-Control": [
          "no-cache"
        ],
        "Date": [
          "Wed, 11 Nov 2015 00:30:41 GMT"
        ]
      },
      "StatusCode": 200
    },
    {
      "RequestUri": "/subscriptions/46241355-bb95-46a9-ba6c-42b554d71925/resourceGroups/default-eastus/providers/Microsoft.Batch/batchAccounts/pstestaccount?api-version=2015-09-01",
      "EncodedRequestUri": "L3N1YnNjcmlwdGlvbnMvNDYyNDEzNTUtYmI5NS00NmE5LWJhNmMtNDJiNTU0ZDcxOTI1L3Jlc291cmNlR3JvdXBzL2RlZmF1bHQtZWFzdHVzL3Byb3ZpZGVycy9NaWNyb3NvZnQuQmF0Y2gvYmF0Y2hBY2NvdW50cy9wc3Rlc3RhY2NvdW50P2FwaS12ZXJzaW9uPTIwMTUtMDktMDE=",
      "RequestMethod": "GET",
      "RequestBody": "",
      "RequestHeaders": {
        "x-ms-version": [
          "2015-09-01"
        ],
        "User-Agent": [
          "Microsoft.Azure.Management.Batch.BatchManagementClient/1.0.0.0"
        ]
      },
      "ResponseBody": "{\r\n  \"name\": \"pstestaccount\",\r\n  \"location\": \"eastus\",\r\n  \"properties\": {\r\n    \"accountEndpoint\": \"pstestaccount.eastus.batch.azure.com\",\r\n    \"provisioningState\": \"Succeeded\",\r\n    \"coreQuota\": 20,\r\n    \"poolQuota\": 20,\r\n    \"activeJobAndJobScheduleQuota\": 20\r\n  },\r\n  \"id\": \"/subscriptions/46241355-bb95-46a9-ba6c-42b554d71925/resourceGroups/default-eastus/providers/Microsoft.Batch/batchAccounts/pstestaccount\",\r\n  \"type\": \"Microsoft.Batch/batchAccounts\"\r\n}",
      "ResponseHeaders": {
        "Content-Length": [
          "394"
        ],
        "Content-Type": [
          "application/json; charset=utf-8"
        ],
        "Expires": [
          "-1"
        ],
        "Last-Modified": [
          "Wed, 11 Nov 2015 00:30:38 GMT"
        ],
        "Pragma": [
          "no-cache"
        ],
        "request-id": [
          "2d5dabc5-d7d5-4caa-a7d9-704a34714c18"
        ],
        "Strict-Transport-Security": [
          "max-age=31536000; includeSubDomains"
        ],
        "x-ms-ratelimit-remaining-subscription-reads": [
          "14988"
        ],
        "x-ms-request-id": [
          "7497a996-a4c5-4e3d-880a-d31bf1ed552b"
        ],
        "x-ms-correlation-request-id": [
          "7497a996-a4c5-4e3d-880a-d31bf1ed552b"
        ],
        "x-ms-routing-request-id": [
          "WESTUS:20151111T003038Z:7497a996-a4c5-4e3d-880a-d31bf1ed552b"
        ],
        "Cache-Control": [
          "no-cache"
        ],
        "Date": [
          "Wed, 11 Nov 2015 00:30:37 GMT"
        ],
        "ETag": [
          "0x8D2EA2F52F829D0"
        ],
        "Server": [
          "Microsoft-HTTPAPI/2.0"
        ]
      },
      "StatusCode": 200
    },
    {
      "RequestUri": "/subscriptions/46241355-bb95-46a9-ba6c-42b554d71925/resourceGroups/default-eastus/providers/Microsoft.Batch/batchAccounts/pstestaccount?api-version=2015-09-01",
      "EncodedRequestUri": "L3N1YnNjcmlwdGlvbnMvNDYyNDEzNTUtYmI5NS00NmE5LWJhNmMtNDJiNTU0ZDcxOTI1L3Jlc291cmNlR3JvdXBzL2RlZmF1bHQtZWFzdHVzL3Byb3ZpZGVycy9NaWNyb3NvZnQuQmF0Y2gvYmF0Y2hBY2NvdW50cy9wc3Rlc3RhY2NvdW50P2FwaS12ZXJzaW9uPTIwMTUtMDktMDE=",
      "RequestMethod": "GET",
      "RequestBody": "",
      "RequestHeaders": {
        "x-ms-version": [
          "2015-09-01"
        ],
        "User-Agent": [
          "Microsoft.Azure.Management.Batch.BatchManagementClient/1.0.0.0"
        ]
      },
      "ResponseBody": "{\r\n  \"name\": \"pstestaccount\",\r\n  \"location\": \"eastus\",\r\n  \"properties\": {\r\n    \"accountEndpoint\": \"pstestaccount.eastus.batch.azure.com\",\r\n    \"provisioningState\": \"Succeeded\",\r\n    \"coreQuota\": 20,\r\n    \"poolQuota\": 20,\r\n    \"activeJobAndJobScheduleQuota\": 20\r\n  },\r\n  \"id\": \"/subscriptions/46241355-bb95-46a9-ba6c-42b554d71925/resourceGroups/default-eastus/providers/Microsoft.Batch/batchAccounts/pstestaccount\",\r\n  \"type\": \"Microsoft.Batch/batchAccounts\"\r\n}",
      "ResponseHeaders": {
        "Content-Length": [
          "394"
        ],
        "Content-Type": [
          "application/json; charset=utf-8"
        ],
        "Expires": [
          "-1"
        ],
        "Last-Modified": [
          "Wed, 11 Nov 2015 00:30:43 GMT"
        ],
        "Pragma": [
          "no-cache"
        ],
        "request-id": [
          "c8f6d217-2990-4199-8fb2-12d41c057a2e"
        ],
        "Strict-Transport-Security": [
          "max-age=31536000; includeSubDomains"
        ],
        "x-ms-ratelimit-remaining-subscription-reads": [
          "14987"
        ],
        "x-ms-request-id": [
          "fc4d4fc2-4c1e-4421-bf71-c3f0393d19a1"
        ],
        "x-ms-correlation-request-id": [
          "fc4d4fc2-4c1e-4421-bf71-c3f0393d19a1"
        ],
        "x-ms-routing-request-id": [
          "WESTUS:20151111T003042Z:fc4d4fc2-4c1e-4421-bf71-c3f0393d19a1"
        ],
        "Cache-Control": [
          "no-cache"
        ],
        "Date": [
          "Wed, 11 Nov 2015 00:30:42 GMT"
        ],
        "ETag": [
          "0x8D2EA2F55813B9D"
        ],
        "Server": [
          "Microsoft-HTTPAPI/2.0"
        ]
      },
      "StatusCode": 200
    },
    {
      "RequestUri": "/subscriptions/46241355-bb95-46a9-ba6c-42b554d71925/resourceGroups/default-eastus/providers/Microsoft.Batch/batchAccounts/pstestaccount/listKeys?api-version=2015-09-01",
      "EncodedRequestUri": "L3N1YnNjcmlwdGlvbnMvNDYyNDEzNTUtYmI5NS00NmE5LWJhNmMtNDJiNTU0ZDcxOTI1L3Jlc291cmNlR3JvdXBzL2RlZmF1bHQtZWFzdHVzL3Byb3ZpZGVycy9NaWNyb3NvZnQuQmF0Y2gvYmF0Y2hBY2NvdW50cy9wc3Rlc3RhY2NvdW50L2xpc3RLZXlzP2FwaS12ZXJzaW9uPTIwMTUtMDktMDE=",
      "RequestMethod": "POST",
      "RequestBody": "",
      "RequestHeaders": {
        "x-ms-version": [
          "2015-09-01"
        ],
        "User-Agent": [
          "Microsoft.Azure.Management.Batch.BatchManagementClient/1.0.0.0"
        ]
      },
      "ResponseBody": "{\r\n  \"accountName\": \"pstestaccount\",\r\n  \"primary\": \"BXXODafLGpfb8boG1WOVc0+LgbpsXWhE0OnPiD3Yl/iUZ6SixyG4rxQmFSu08RrC7LUIuE9E7k4jkI/XV+McZw==\",\r\n  \"secondary\": \"u9bk9P98NJdr0vTsgRMINRZrsxDipDbFzgRxhCm17FA1eCJlV+TGMP6udRhbOtl33wwtJ4HSnjelLW04/6vdMQ==\"\r\n}",
      "ResponseHeaders": {
        "Content-Length": [
          "235"
        ],
        "Content-Type": [
          "application/json; charset=utf-8"
        ],
        "Expires": [
          "-1"
        ],
        "Pragma": [
          "no-cache"
        ],
        "request-id": [
          "bd309ace-af3d-4ffa-93a1-d803a30375e5"
        ],
        "Strict-Transport-Security": [
          "max-age=31536000; includeSubDomains"
        ],
        "x-ms-ratelimit-remaining-subscription-writes": [
          "1194"
        ],
        "x-ms-request-id": [
          "83785eda-0847-45a1-925d-c05f10a6a1b5"
        ],
        "x-ms-correlation-request-id": [
          "83785eda-0847-45a1-925d-c05f10a6a1b5"
        ],
        "x-ms-routing-request-id": [
          "WESTUS:20151111T003038Z:83785eda-0847-45a1-925d-c05f10a6a1b5"
        ],
        "Cache-Control": [
          "no-cache"
        ],
        "Date": [
          "Wed, 11 Nov 2015 00:30:37 GMT"
        ],
        "Server": [
          "Microsoft-HTTPAPI/2.0"
        ]
      },
      "StatusCode": 200
    },
    {
      "RequestUri": "/subscriptions/46241355-bb95-46a9-ba6c-42b554d71925/resourceGroups/default-eastus/providers/Microsoft.Batch/batchAccounts/pstestaccount/listKeys?api-version=2015-09-01",
      "EncodedRequestUri": "L3N1YnNjcmlwdGlvbnMvNDYyNDEzNTUtYmI5NS00NmE5LWJhNmMtNDJiNTU0ZDcxOTI1L3Jlc291cmNlR3JvdXBzL2RlZmF1bHQtZWFzdHVzL3Byb3ZpZGVycy9NaWNyb3NvZnQuQmF0Y2gvYmF0Y2hBY2NvdW50cy9wc3Rlc3RhY2NvdW50L2xpc3RLZXlzP2FwaS12ZXJzaW9uPTIwMTUtMDktMDE=",
      "RequestMethod": "POST",
      "RequestBody": "",
      "RequestHeaders": {
        "x-ms-version": [
          "2015-09-01"
        ],
        "User-Agent": [
          "Microsoft.Azure.Management.Batch.BatchManagementClient/1.0.0.0"
        ]
      },
      "ResponseBody": "{\r\n  \"accountName\": \"pstestaccount\",\r\n  \"primary\": \"BXXODafLGpfb8boG1WOVc0+LgbpsXWhE0OnPiD3Yl/iUZ6SixyG4rxQmFSu08RrC7LUIuE9E7k4jkI/XV+McZw==\",\r\n  \"secondary\": \"u9bk9P98NJdr0vTsgRMINRZrsxDipDbFzgRxhCm17FA1eCJlV+TGMP6udRhbOtl33wwtJ4HSnjelLW04/6vdMQ==\"\r\n}",
      "ResponseHeaders": {
        "Content-Length": [
          "235"
        ],
        "Content-Type": [
          "application/json; charset=utf-8"
        ],
        "Expires": [
          "-1"
        ],
        "Pragma": [
          "no-cache"
        ],
        "request-id": [
          "6bf15f13-a697-4658-a543-18db413cd6c0"
        ],
        "Strict-Transport-Security": [
          "max-age=31536000; includeSubDomains"
        ],
        "x-ms-ratelimit-remaining-subscription-writes": [
          "1193"
        ],
        "x-ms-request-id": [
          "31898a02-c09c-4c84-a209-2fc6f7d7f050"
        ],
        "x-ms-correlation-request-id": [
          "31898a02-c09c-4c84-a209-2fc6f7d7f050"
        ],
        "x-ms-routing-request-id": [
          "WESTUS:20151111T003043Z:31898a02-c09c-4c84-a209-2fc6f7d7f050"
        ],
        "Cache-Control": [
          "no-cache"
        ],
        "Date": [
          "Wed, 11 Nov 2015 00:30:42 GMT"
        ],
        "Server": [
          "Microsoft-HTTPAPI/2.0"
        ]
      },
      "StatusCode": 200
    },
    {
      "RequestUri": "/jobs?api-version=2015-06-01.2.0&timeout=30",
      "EncodedRequestUri": "L2pvYnM/YXBpLXZlcnNpb249MjAxNS0wNi0wMS4yLjAmdGltZW91dD0zMA==",
      "RequestMethod": "POST",
      "RequestBody": "{\r\n  \"id\": \"selectTaskTest\",\r\n  \"priority\": 0,\r\n  \"poolInfo\": {\r\n    \"poolId\": \"testPool\"\r\n  }\r\n}",
      "RequestHeaders": {
        "Content-Type": [
          "application/json; odata=minimalmetadata"
        ],
        "Content-Length": [
          "97"
        ],
        "client-request-id": [
          "e169d097-7168-4262-89b4-4372384dd3f9"
        ],
        "ocp-date": [
          "Wed, 11 Nov 2015 00:30:38 GMT"
        ],
        "return-client-request-id": [
          "true"
        ],
        "User-Agent": [
          "Microsoft.Azure.Batch.Protocol.BatchRestClient/2.0.2.0",
          "AzurePowershell/v1.0.0"
        ]
      },
      "ResponseBody": "",
      "ResponseHeaders": {
        "Last-Modified": [
          "Wed, 11 Nov 2015 00:30:39 GMT"
        ],
        "Transfer-Encoding": [
          "chunked"
        ],
        "request-id": [
          "9454a03d-d351-45f1-b013-9c3bd18243d3"
        ],
        "Strict-Transport-Security": [
          "max-age=31536000; includeSubDomains"
        ],
        "client-request-id": [
          "e169d097-7168-4262-89b4-4372384dd3f9"
        ],
        "DataServiceVersion": [
          "3.0"
        ],
        "DataServiceId": [
          "https://pstestaccount.eastus.batch.azure.com/jobs/job-1"
        ],
        "Date": [
          "Wed, 11 Nov 2015 00:30:40 GMT"
        ],
        "ETag": [
          "0x8D2EA2F535E6E41"
        ],
        "Location": [
          "https://pstestaccount.eastus.batch.azure.com/jobs/job-1"
        ],
        "Server": [
          "Microsoft-HTTPAPI/2.0"
        ]
      },
      "StatusCode": 201
    },
    {
      "RequestUri": "/jobs/selectTaskTest/tasks?api-version=2015-06-01.2.0&timeout=30",
      "EncodedRequestUri": "L2pvYnMvc2VsZWN0VGFza1Rlc3QvdGFza3M/YXBpLXZlcnNpb249MjAxNS0wNi0wMS4yLjAmdGltZW91dD0zMA==",
      "RequestMethod": "POST",
      "RequestBody": "{\r\n  \"id\": \"testTask1\",\r\n  \"commandLine\": \"cmd /c dir /s\",\r\n  \"runElevated\": true\r\n}",
      "RequestHeaders": {
        "Content-Type": [
          "application/json; odata=minimalmetadata"
        ],
        "Content-Length": [
          "84"
        ],
        "client-request-id": [
          "6cd1c5b0-cdea-48ed-81fd-b1a7e26244d0"
        ],
        "ocp-date": [
          "Wed, 11 Nov 2015 00:30:39 GMT"
        ],
        "return-client-request-id": [
          "true"
        ],
        "User-Agent": [
          "Microsoft.Azure.Batch.Protocol.BatchRestClient/2.0.2.0",
          "AzurePowershell/v1.0.0"
        ]
      },
      "ResponseBody": "",
      "ResponseHeaders": {
        "Last-Modified": [
          "Wed, 11 Nov 2015 00:30:40 GMT"
        ],
        "Transfer-Encoding": [
          "chunked"
        ],
        "request-id": [
          "4159c860-1c0e-4763-9721-0b8f2a300cdb"
        ],
        "Strict-Transport-Security": [
          "max-age=31536000; includeSubDomains"
        ],
        "client-request-id": [
          "6cd1c5b0-cdea-48ed-81fd-b1a7e26244d0"
        ],
        "DataServiceVersion": [
          "3.0"
        ],
        "DataServiceId": [
          "https://pstestaccount.eastus.batch.azure.com/jobs/selectTaskTest/tasks/testTask1"
        ],
        "Date": [
          "Wed, 11 Nov 2015 00:30:40 GMT"
        ],
        "ETag": [
          "0x8D2EA2F541DD2F6"
        ],
        "Location": [
          "https://pstestaccount.eastus.batch.azure.com/jobs/selectTaskTest/tasks/testTask1"
        ],
        "Server": [
          "Microsoft-HTTPAPI/2.0"
        ]
      },
      "StatusCode": 201
    },
    {
      "RequestUri": "/jobs/selectTaskTest/tasks/testTask1?api-version=2015-06-01.2.0&timeout=30",
      "EncodedRequestUri": "L2pvYnMvc2VsZWN0VGFza1Rlc3QvdGFza3MvdGVzdFRhc2sxP2FwaS12ZXJzaW9uPTIwMTUtMDYtMDEuMi4wJnRpbWVvdXQ9MzA=",
      "RequestMethod": "GET",
      "RequestBody": "",
      "RequestHeaders": {
        "client-request-id": [
          "c1d4b8a1-fe68-457a-94cf-a2000ca6d104"
        ],
        "ocp-date": [
          "Wed, 11 Nov 2015 00:30:42 GMT"
        ],
        "return-client-request-id": [
          "true"
        ],
        "User-Agent": [
          "Microsoft.Azure.Batch.Protocol.BatchRestClient/2.0.2.0",
          "AzurePowershell/v1.0.0"
        ]
      },
      "ResponseBody": "{\r\n  \"odata.metadata\": \"https://pstestaccount.eastus.batch.azure.com/$metadata#tasks/@Element\",\r\n  \"id\": \"testTask1\",\r\n  \"url\": \"https://pstestaccount.eastus.batch.azure.com/jobs/selectTaskTest/tasks/testTask1\",\r\n  \"eTag\": \"0x8D2EA2F541DD2F6\",\r\n  \"creationTime\": \"2015-11-11T00:30:40.8264438Z\",\r\n  \"lastModified\": \"2015-11-11T00:30:40.8264438Z\",\r\n  \"state\": \"completed\",\r\n  \"stateTransitionTime\": \"2015-11-11T00:30:41.7411139Z\",\r\n  \"previousState\": \"running\",\r\n  \"previousStateTransitionTime\": \"2015-11-11T00:30:41.5831096Z\",\r\n  \"commandLine\": \"cmd /c dir /s\",\r\n  \"runElevated\": true,\r\n  \"constraints\": {\r\n    \"maxWallClockTime\": \"P10675199DT2H48M5.4775807S\",\r\n    \"retentionTime\": \"P10675199DT2H48M5.4775807S\",\r\n    \"maxTaskRetryCount\": 0\r\n  },\r\n  \"executionInfo\": {\r\n    \"startTime\": \"2015-11-11T00:30:41.5831096Z\",\r\n    \"endTime\": \"2015-11-11T00:30:41.7411139Z\",\r\n    \"exitCode\": 0,\r\n    \"retryCount\": 0,\r\n    \"requeueCount\": 0\r\n  },\r\n  \"nodeInfo\": {\r\n    \"affinityId\": \"TVM:tvm-1783593343_2-20151110t233600z\",\r\n    \"nodeUrl\": \"https://pstestaccount.eastus.batch.azure.com/pools/testpool/nodes/tvm-1783593343_2-20151110t233600z\",\r\n    \"poolId\": \"testpool\",\r\n    \"nodeId\": \"tvm-1783593343_2-20151110t233600z\"\r\n  }\r\n}",
      "ResponseHeaders": {
        "Content-Type": [
          "application/json; odata=minimalmetadata"
        ],
        "Last-Modified": [
          "Wed, 11 Nov 2015 00:30:40 GMT"
        ],
        "Transfer-Encoding": [
          "chunked"
        ],
        "request-id": [
          "71d75ded-07e4-49f2-871d-97af819d22e5"
        ],
        "Strict-Transport-Security": [
          "max-age=31536000; includeSubDomains"
        ],
        "client-request-id": [
          "c1d4b8a1-fe68-457a-94cf-a2000ca6d104"
        ],
        "DataServiceVersion": [
          "3.0"
        ],
        "Date": [
          "Wed, 11 Nov 2015 00:30:44 GMT"
        ],
        "ETag": [
          "0x8D2EA2F541DD2F6"
        ],
        "Server": [
          "Microsoft-HTTPAPI/2.0"
        ]
      },
      "StatusCode": 200
    },
    {
      "RequestUri": "/jobs/selectTaskTest/tasks/testTask1?$select=id%2Cstate&api-version=2015-06-01.2.0&timeout=30",
      "EncodedRequestUri": "L2pvYnMvc2VsZWN0VGFza1Rlc3QvdGFza3MvdGVzdFRhc2sxPyRzZWxlY3Q9aWQlMkNzdGF0ZSZhcGktdmVyc2lvbj0yMDE1LTA2LTAxLjIuMCZ0aW1lb3V0PTMw",
      "RequestMethod": "GET",
      "RequestBody": "",
      "RequestHeaders": {
        "client-request-id": [
          "59eabab5-a5d0-48ad-95b1-59329077050a"
        ],
        "ocp-date": [
          "Wed, 11 Nov 2015 00:30:43 GMT"
        ],
        "return-client-request-id": [
          "true"
        ],
        "User-Agent": [
          "Microsoft.Azure.Batch.Protocol.BatchRestClient/2.0.2.0",
          "AzurePowershell/v1.0.0"
        ]
      },
      "ResponseBody": "{\r\n  \"odata.metadata\": \"https://pstestaccount.eastus.batch.azure.com/$metadata#tasks/@Element\",\r\n  \"id\": \"testTask1\",\r\n  \"state\": \"completed\"\r\n}",
      "ResponseHeaders": {
        "Content-Type": [
          "application/json; odata=minimalmetadata"
        ],
        "Last-Modified": [
          "Wed, 11 Nov 2015 00:30:40 GMT"
        ],
        "Transfer-Encoding": [
          "chunked"
        ],
        "request-id": [
          "c74c523d-fa7d-49fb-8912-247ac94ce30d"
        ],
        "Strict-Transport-Security": [
          "max-age=31536000; includeSubDomains"
        ],
        "client-request-id": [
          "59eabab5-a5d0-48ad-95b1-59329077050a"
        ],
        "DataServiceVersion": [
          "3.0"
        ],
        "Date": [
          "Wed, 11 Nov 2015 00:30:44 GMT"
        ],
        "ETag": [
          "0x8D2EA2F541DD2F6"
        ],
        "Server": [
          "Microsoft-HTTPAPI/2.0"
        ]
      },
      "StatusCode": 200
    },
    {
      "RequestUri": "/jobs/selectTaskTest?api-version=2015-06-01.2.0&timeout=30",
      "EncodedRequestUri": "L2pvYnMvc2VsZWN0VGFza1Rlc3Q/YXBpLXZlcnNpb249MjAxNS0wNi0wMS4yLjAmdGltZW91dD0zMA==",
      "RequestMethod": "GET",
      "RequestBody": "",
      "RequestHeaders": {
        "client-request-id": [
          "f7c73a84-419f-40d8-ba13-171848358df9"
        ],
        "ocp-date": [
          "Wed, 11 Nov 2015 00:30:43 GMT"
        ],
        "return-client-request-id": [
          "true"
        ],
        "User-Agent": [
          "Microsoft.Azure.Batch.Protocol.BatchRestClient/2.0.2.0",
          "AzurePowershell/v1.0.0"
        ]
      },
      "ResponseBody": "{\r\n  \"odata.metadata\": \"https://pstestaccount.eastus.batch.azure.com/$metadata#jobs/@Element\",\r\n  \"id\": \"selectTaskTest\",\r\n  \"url\": \"https://pstestaccount.eastus.batch.azure.com/jobs/selectTaskTest\",\r\n  \"eTag\": \"0x8D2EA2F535E6E41\",\r\n  \"lastModified\": \"2015-11-11T00:30:39.5721281Z\",\r\n  \"creationTime\": \"2015-11-11T00:30:39.5376953Z\",\r\n  \"state\": \"active\",\r\n  \"stateTransitionTime\": \"2015-11-11T00:30:39.5721281Z\",\r\n  \"priority\": 0,\r\n  \"constraints\": {\r\n    \"maxWallClockTime\": \"P10675199DT2H48M5.4775807S\",\r\n    \"maxTaskRetryCount\": 0\r\n  },\r\n  \"poolInfo\": {\r\n    \"poolId\": \"testPool\"\r\n  },\r\n  \"executionInfo\": {\r\n    \"startTime\": \"2015-11-11T00:30:39.5721281Z\",\r\n    \"poolId\": \"testPool\"\r\n  }\r\n}",
      "ResponseHeaders": {
        "Content-Type": [
          "application/json; odata=minimalmetadata"
        ],
        "Last-Modified": [
          "Wed, 11 Nov 2015 00:30:39 GMT"
        ],
        "Transfer-Encoding": [
          "chunked"
        ],
        "request-id": [
          "ba3eb77f-b6d2-4036-8fe4-34be72d21271"
        ],
        "Strict-Transport-Security": [
          "max-age=31536000; includeSubDomains"
        ],
        "client-request-id": [
          "f7c73a84-419f-40d8-ba13-171848358df9"
        ],
        "DataServiceVersion": [
          "3.0"
        ],
        "Date": [
          "Wed, 11 Nov 2015 00:30:44 GMT"
        ],
        "ETag": [
          "0x8D2EA2F535E6E41"
        ],
        "Server": [
          "Microsoft-HTTPAPI/2.0"
        ]
      },
      "StatusCode": 200
    },
    {
      "RequestUri": "/jobs/selectTaskTest/tasks?$filter=id%20eq%20'testTask1'&api-version=2015-06-01.2.0&timeout=30",
      "EncodedRequestUri": "L2pvYnMvc2VsZWN0VGFza1Rlc3QvdGFza3M/JGZpbHRlcj1pZCUyMGVxJTIwJTI3dGVzdFRhc2sxJTI3JmFwaS12ZXJzaW9uPTIwMTUtMDYtMDEuMi4wJnRpbWVvdXQ9MzA=",
      "RequestMethod": "GET",
      "RequestBody": "",
      "RequestHeaders": {
        "client-request-id": [
          "9a8cdd78-d92f-4293-869b-a2314fed160c"
        ],
        "ocp-date": [
          "Wed, 11 Nov 2015 00:30:43 GMT"
        ],
        "return-client-request-id": [
          "true"
        ],
        "User-Agent": [
          "Microsoft.Azure.Batch.Protocol.BatchRestClient/2.0.2.0",
          "AzurePowershell/v1.0.0"
        ]
      },
      "ResponseBody": "{\r\n  \"odata.metadata\": \"https://pstestaccount.eastus.batch.azure.com/$metadata#tasks\",\r\n  \"value\": [\r\n    {\r\n      \"id\": \"testTask1\",\r\n      \"url\": \"https://pstestaccount.eastus.batch.azure.com/jobs/selectTaskTest/tasks/testTask1\",\r\n      \"eTag\": \"0x8D2EA2F541DD2F6\",\r\n      \"creationTime\": \"2015-11-11T00:30:40.8264438Z\",\r\n      \"lastModified\": \"2015-11-11T00:30:40.8264438Z\",\r\n      \"state\": \"completed\",\r\n      \"stateTransitionTime\": \"2015-11-11T00:30:41.7411139Z\",\r\n      \"previousState\": \"running\",\r\n      \"previousStateTransitionTime\": \"2015-11-11T00:30:41.5831096Z\",\r\n      \"commandLine\": \"cmd /c dir /s\",\r\n      \"runElevated\": true,\r\n      \"constraints\": {\r\n        \"maxWallClockTime\": \"P10675199DT2H48M5.4775807S\",\r\n        \"retentionTime\": \"P10675199DT2H48M5.4775807S\",\r\n        \"maxTaskRetryCount\": 0\r\n      },\r\n      \"executionInfo\": {\r\n        \"startTime\": \"2015-11-11T00:30:41.5831096Z\",\r\n        \"endTime\": \"2015-11-11T00:30:41.7411139Z\",\r\n        \"exitCode\": 0,\r\n        \"retryCount\": 0,\r\n        \"requeueCount\": 0\r\n      },\r\n      \"nodeInfo\": {\r\n        \"affinityId\": \"TVM:tvm-1783593343_2-20151110t233600z\",\r\n        \"nodeUrl\": \"https://pstestaccount.eastus.batch.azure.com/pools/testpool/nodes/tvm-1783593343_2-20151110t233600z\",\r\n        \"poolId\": \"testpool\",\r\n        \"nodeId\": \"tvm-1783593343_2-20151110t233600z\"\r\n      }\r\n    }\r\n  ]\r\n}",
      "ResponseHeaders": {
        "Content-Type": [
          "application/json; odata=minimalmetadata"
        ],
        "Transfer-Encoding": [
          "chunked"
        ],
        "request-id": [
          "08f889a9-5644-46aa-94e4-8bfc43126510"
        ],
        "Strict-Transport-Security": [
          "max-age=31536000; includeSubDomains"
        ],
        "client-request-id": [
          "9a8cdd78-d92f-4293-869b-a2314fed160c"
        ],
        "DataServiceVersion": [
          "3.0"
        ],
        "Date": [
          "Wed, 11 Nov 2015 00:30:44 GMT"
        ],
        "Server": [
          "Microsoft-HTTPAPI/2.0"
        ]
      },
      "StatusCode": 200
    },
    {
      "RequestUri": "/jobs/selectTaskTest/tasks?$filter=id%20eq%20'testTask1'&$select=id%2Cstate&api-version=2015-06-01.2.0&timeout=30",
      "EncodedRequestUri": "L2pvYnMvc2VsZWN0VGFza1Rlc3QvdGFza3M/JGZpbHRlcj1pZCUyMGVxJTIwJTI3dGVzdFRhc2sxJTI3JiRzZWxlY3Q9aWQlMkNzdGF0ZSZhcGktdmVyc2lvbj0yMDE1LTA2LTAxLjIuMCZ0aW1lb3V0PTMw",
      "RequestMethod": "GET",
      "RequestBody": "",
      "RequestHeaders": {
        "client-request-id": [
          "5044bc89-6666-4e1b-af12-8c30a55d650d"
        ],
        "ocp-date": [
          "Wed, 11 Nov 2015 00:30:43 GMT"
        ],
        "return-client-request-id": [
          "true"
        ],
        "User-Agent": [
          "Microsoft.Azure.Batch.Protocol.BatchRestClient/2.0.2.0",
          "AzurePowershell/v1.0.0"
        ]
      },
      "ResponseBody": "{\r\n  \"odata.metadata\": \"https://pstestaccount.eastus.batch.azure.com/$metadata#tasks\",\r\n  \"value\": [\r\n    {\r\n      \"id\": \"testTask1\",\r\n      \"state\": \"completed\"\r\n    }\r\n  ]\r\n}",
      "ResponseHeaders": {
        "Content-Type": [
          "application/json; odata=minimalmetadata"
        ],
        "Transfer-Encoding": [
          "chunked"
        ],
        "request-id": [
          "eca365eb-46a1-452c-b4bb-31a119c65baf"
        ],
        "Strict-Transport-Security": [
          "max-age=31536000; includeSubDomains"
        ],
        "client-request-id": [
          "5044bc89-6666-4e1b-af12-8c30a55d650d"
        ],
        "DataServiceVersion": [
          "3.0"
        ],
        "Date": [
          "Wed, 11 Nov 2015 00:30:44 GMT"
        ],
        "Server": [
          "Microsoft-HTTPAPI/2.0"
        ]
      },
      "StatusCode": 200
    },
    {
      "RequestUri": "/jobs/selectTaskTest?api-version=2015-06-01.2.0&timeout=30",
      "EncodedRequestUri": "L2pvYnMvc2VsZWN0VGFza1Rlc3Q/YXBpLXZlcnNpb249MjAxNS0wNi0wMS4yLjAmdGltZW91dD0zMA==",
      "RequestMethod": "DELETE",
      "RequestBody": "",
      "RequestHeaders": {
        "client-request-id": [
          "b13e5fa7-9e01-40b7-8589-a0718925d73b"
        ],
        "ocp-date": [
          "Wed, 11 Nov 2015 00:30:43 GMT"
        ],
        "return-client-request-id": [
          "true"
        ],
        "User-Agent": [
          "Microsoft.Azure.Batch.Protocol.BatchRestClient/2.0.2.0",
          "AzurePowershell/v1.0.0"
        ]
      },
      "ResponseBody": "",
      "ResponseHeaders": {
        "Transfer-Encoding": [
          "chunked"
        ],
        "request-id": [
          "4738f799-5a0c-4d72-915d-4c310b77c5e7"
        ],
        "Strict-Transport-Security": [
          "max-age=31536000; includeSubDomains"
        ],
        "client-request-id": [
          "b13e5fa7-9e01-40b7-8589-a0718925d73b"
        ],
        "DataServiceVersion": [
          "3.0"
        ],
        "Date": [
          "Wed, 11 Nov 2015 00:30:44 GMT"
        ],
        "Server": [
          "Microsoft-HTTPAPI/2.0"
        ]
      },
      "StatusCode": 202
    }
  ],
  "Names": {},
  "Variables": {
    "SubscriptionId": "46241355-bb95-46a9-ba6c-42b554d71925"
  }
}