{
  "Entries": [
    {
      "RequestUri": "/jobs?api-version=2016-07-01.3.1",
      "EncodedRequestUri": "L2pvYnM/YXBpLXZlcnNpb249MjAxNi0wNy0wMS4zLjE=",
      "RequestMethod": "POST",
      "RequestBody": "{\r\n  \"id\": \"deleteTaskJob\",\r\n  \"priority\": 0,\r\n  \"poolInfo\": {\r\n    \"poolId\": \"testPool\"\r\n  }\r\n}",
      "RequestHeaders": {
        "Content-Type": [
          "application/json; odata=minimalmetadata; charset=utf-8"
        ],
        "Content-Length": [
          "96"
        ],
        "client-request-id": [
          "549fb54f-9ab2-48c1-9876-1d003d8fd3d7"
        ],
        "accept-language": [
          "en-US"
        ],
        "ocp-date": [
          "Mon, 01 Aug 2016 19:13:56 GMT"
        ],
        "User-Agent": [
          "Microsoft.Azure.Batch.Protocol.BatchServiceClient/5.0.0.0",
          "AzurePowershell/v1.6.0"
        ]
      },
      "ResponseBody": "",
      "ResponseHeaders": {
        "Last-Modified": [
          "Mon, 01 Aug 2016 19:13:55 GMT"
        ],
        "Transfer-Encoding": [
          "chunked"
        ],
        "request-id": [
          "c1b94fd0-67db-4e30-a54d-511348b9e710"
        ],
        "Strict-Transport-Security": [
          "max-age=31536000; includeSubDomains"
        ],
        "DataServiceVersion": [
          "3.0"
        ],
        "DataServiceId": [
          "https://pstestaccount.centralus.batch.azure.com/jobs/job-1"
        ],
        "Date": [
          "Mon, 01 Aug 2016 19:13:56 GMT"
        ],
        "ETag": [
          "0x8D3BA3FFB73FA05"
        ],
        "Location": [
          "https://pstestaccount.centralus.batch.azure.com/jobs/job-1"
        ],
        "Server": [
          "Microsoft-HTTPAPI/2.0"
        ]
      },
      "StatusCode": 201
    },
    {
      "RequestUri": "/jobs/deleteTaskJob/tasks?api-version=2016-07-01.3.1",
      "EncodedRequestUri": "L2pvYnMvZGVsZXRlVGFza0pvYi90YXNrcz9hcGktdmVyc2lvbj0yMDE2LTA3LTAxLjMuMQ==",
      "RequestMethod": "POST",
      "RequestBody": "{\r\n  \"id\": \"testTask\",\r\n  \"commandLine\": \"cmd /c dir /s\",\r\n  \"runElevated\": true\r\n}",
      "RequestHeaders": {
        "Content-Type": [
          "application/json; odata=minimalmetadata; charset=utf-8"
        ],
        "Content-Length": [
          "83"
        ],
        "client-request-id": [
          "02598b20-c98e-40ef-886d-c9a6f1f04b23"
        ],
        "accept-language": [
          "en-US"
        ],
        "ocp-date": [
          "Mon, 01 Aug 2016 19:13:56 GMT"
        ],
        "User-Agent": [
          "Microsoft.Azure.Batch.Protocol.BatchServiceClient/5.0.0.0",
          "AzurePowershell/v1.6.0"
        ]
      },
      "ResponseBody": "",
      "ResponseHeaders": {
        "Last-Modified": [
          "Mon, 01 Aug 2016 19:13:56 GMT"
        ],
        "Transfer-Encoding": [
          "chunked"
        ],
        "request-id": [
          "1ab2c575-c7a5-4c2b-9d19-f3882cabef6f"
        ],
        "Strict-Transport-Security": [
          "max-age=31536000; includeSubDomains"
        ],
        "DataServiceVersion": [
          "3.0"
        ],
        "DataServiceId": [
          "https://pstestaccount.centralus.batch.azure.com/jobs/deleteTaskJob/tasks/testTask"
        ],
        "Date": [
          "Mon, 01 Aug 2016 19:13:56 GMT"
        ],
        "ETag": [
          "0x8D3BA3FFC0DB78B"
        ],
        "Location": [
          "https://pstestaccount.centralus.batch.azure.com/jobs/deleteTaskJob/tasks/testTask"
        ],
        "Server": [
          "Microsoft-HTTPAPI/2.0"
        ]
      },
      "StatusCode": 201
    },
    {
      "RequestUri": "/jobs/deleteTaskJob/tasks?api-version=2016-07-01.3.1",
      "EncodedRequestUri": "L2pvYnMvZGVsZXRlVGFza0pvYi90YXNrcz9hcGktdmVyc2lvbj0yMDE2LTA3LTAxLjMuMQ==",
      "RequestMethod": "GET",
      "RequestBody": "",
      "RequestHeaders": {
        "client-request-id": [
          "e8cb1456-bd0c-46cb-abbd-880a13a7bdca"
        ],
        "accept-language": [
          "en-US"
        ],
        "ocp-date": [
          "Mon, 01 Aug 2016 19:13:57 GMT"
        ],
        "User-Agent": [
          "Microsoft.Azure.Batch.Protocol.BatchServiceClient/5.0.0.0",
          "AzurePowershell/v1.6.0"
        ]
      },
      "ResponseBody": "{\r\n  \"odata.metadata\": \"https://pstestaccount.centralus.batch.azure.com/$metadata#tasks\",\r\n  \"value\": [\r\n    {\r\n      \"id\": \"testTask\",\r\n      \"url\": \"https://pstestaccount.centralus.batch.azure.com/jobs/deleteTaskJob/tasks/testTask\",\r\n      \"eTag\": \"0x8D3BA3FFC0DB78B\",\r\n      \"creationTime\": \"2016-08-01T19:13:56.3835275Z\",\r\n      \"lastModified\": \"2016-08-01T19:13:56.3835275Z\",\r\n      \"state\": \"completed\",\r\n      \"stateTransitionTime\": \"2016-08-01T19:13:55.9369301Z\",\r\n      \"previousState\": \"running\",\r\n      \"previousStateTransitionTime\": \"2016-08-01T19:13:55.7709358Z\",\r\n      \"commandLine\": \"cmd /c dir /s\",\r\n      \"runElevated\": true,\r\n      \"constraints\": {\r\n        \"maxWallClockTime\": \"P10675199DT2H48M5.4775807S\",\r\n        \"retentionTime\": \"P10675199DT2H48M5.4775807S\",\r\n        \"maxTaskRetryCount\": 0\r\n      },\r\n      \"executionInfo\": {\r\n        \"startTime\": \"2016-08-01T19:13:55.7709358Z\",\r\n        \"endTime\": \"2016-08-01T19:13:55.9369301Z\",\r\n        \"exitCode\": 0,\r\n        \"retryCount\": 0,\r\n        \"requeueCount\": 0\r\n      },\r\n      \"nodeInfo\": {\r\n        \"affinityId\": \"TVM:tvm-4036039286_1-20160519t003357z\",\r\n        \"nodeUrl\": \"https://pstestaccount.centralus.batch.azure.com/pools/testpool/nodes/tvm-4036039286_1-20160519t003357z\",\r\n        \"poolId\": \"testpool\",\r\n        \"nodeId\": \"tvm-4036039286_1-20160519t003357z\",\r\n        \"taskRootDirectory\": \"workitems\\\\deletetaskjob\\\\job-1\\\\testtask\",\r\n        \"taskRootDirectoryUrl\": \"https://pstestaccount.centralus.batch.azure.com/pools/testpool/nodes/tvm-4036039286_1-20160519t003357z/files/workitems/deletetaskjob/job-1/testtask\"\r\n      }\r\n    }\r\n  ]\r\n}",
      "ResponseHeaders": {
        "Content-Type": [
          "application/json; odata=minimalmetadata"
        ],
        "Transfer-Encoding": [
          "chunked"
        ],
        "request-id": [
          "9da5ae72-7bed-4715-a6dc-e8bbc10eefe0"
        ],
        "Strict-Transport-Security": [
          "max-age=31536000; includeSubDomains"
        ],
        "DataServiceVersion": [
          "3.0"
        ],
        "Date": [
          "Mon, 01 Aug 2016 19:13:57 GMT"
        ],
        "Server": [
          "Microsoft-HTTPAPI/2.0"
        ]
      },
      "StatusCode": 200
    },
    {
      "RequestUri": "/jobs/deleteTaskJob/tasks?api-version=2016-07-01.3.1",
      "EncodedRequestUri": "L2pvYnMvZGVsZXRlVGFza0pvYi90YXNrcz9hcGktdmVyc2lvbj0yMDE2LTA3LTAxLjMuMQ==",
      "RequestMethod": "GET",
      "RequestBody": "",
      "RequestHeaders": {
        "client-request-id": [
          "ea710b3a-69d0-461f-911a-528f8e98c01f"
        ],
        "accept-language": [
          "en-US"
        ],
        "ocp-date": [
          "Mon, 01 Aug 2016 19:13:58 GMT"
        ],
        "User-Agent": [
          "Microsoft.Azure.Batch.Protocol.BatchServiceClient/5.0.0.0",
          "AzurePowershell/v1.6.0"
        ]
      },
      "ResponseBody": "{\r\n  \"odata.metadata\": \"https://pstestaccount.centralus.batch.azure.com/$metadata#tasks\",\r\n  \"value\": []\r\n}",
      "ResponseHeaders": {
        "Content-Type": [
          "application/json; odata=minimalmetadata"
        ],
        "Transfer-Encoding": [
          "chunked"
        ],
        "request-id": [
          "6dd4a67a-029c-4378-b237-3f4be34f56b8"
        ],
        "Strict-Transport-Security": [
          "max-age=31536000; includeSubDomains"
        ],
        "DataServiceVersion": [
          "3.0"
        ],
        "Date": [
          "Mon, 01 Aug 2016 19:13:57 GMT"
        ],
        "Server": [
          "Microsoft-HTTPAPI/2.0"
        ]
      },
      "StatusCode": 200
    },
    {
      "RequestUri": "/jobs/deleteTaskJob/tasks/testTask?api-version=2016-07-01.3.1",
      "EncodedRequestUri": "L2pvYnMvZGVsZXRlVGFza0pvYi90YXNrcy90ZXN0VGFzaz9hcGktdmVyc2lvbj0yMDE2LTA3LTAxLjMuMQ==",
      "RequestMethod": "DELETE",
      "RequestBody": "",
      "RequestHeaders": {
        "client-request-id": [
          "dd44420b-52e0-4cd7-a118-912d9d3b3158"
        ],
        "accept-language": [
          "en-US"
        ],
        "ocp-date": [
          "Mon, 01 Aug 2016 19:13:57 GMT"
        ],
        "User-Agent": [
          "Microsoft.Azure.Batch.Protocol.BatchServiceClient/5.0.0.0",
          "AzurePowershell/v1.6.0"
        ]
      },
      "ResponseBody": "",
      "ResponseHeaders": {
        "Transfer-Encoding": [
          "chunked"
        ],
        "request-id": [
          "62fa1120-ad49-4920-825e-1524fe3d4e7b"
        ],
        "Strict-Transport-Security": [
          "max-age=31536000; includeSubDomains"
        ],
        "DataServiceVersion": [
          "3.0"
        ],
        "Date": [
          "Mon, 01 Aug 2016 19:13:57 GMT"
        ],
        "Server": [
          "Microsoft-HTTPAPI/2.0"
        ]
      },
      "StatusCode": 200
    },
    {
      "RequestUri": "/jobs/deleteTaskJob?api-version=2016-07-01.3.1",
      "EncodedRequestUri": "L2pvYnMvZGVsZXRlVGFza0pvYj9hcGktdmVyc2lvbj0yMDE2LTA3LTAxLjMuMQ==",
      "RequestMethod": "DELETE",
      "RequestBody": "",
      "RequestHeaders": {
        "client-request-id": [
          "9b742719-f07a-4372-98cf-4afc0dfdc0a4"
        ],
        "accept-language": [
          "en-US"
        ],
        "ocp-date": [
          "Mon, 01 Aug 2016 19:13:58 GMT"
        ],
        "User-Agent": [
          "Microsoft.Azure.Batch.Protocol.BatchServiceClient/5.0.0.0",
          "AzurePowershell/v1.6.0"
        ]
      },
      "ResponseBody": "",
      "ResponseHeaders": {
        "Transfer-Encoding": [
          "chunked"
        ],
        "request-id": [
          "21da51d2-a765-4678-a734-05b259401f2f"
        ],
        "Strict-Transport-Security": [
          "max-age=31536000; includeSubDomains"
        ],
        "DataServiceVersion": [
          "3.0"
        ],
        "Date": [
          "Mon, 01 Aug 2016 19:13:57 GMT"
        ],
        "Server": [
          "Microsoft-HTTPAPI/2.0"
        ]
      },
      "StatusCode": 202
    }
  ],
  "Names": {},
  "Variables": {
    "SubscriptionId": "46241355-bb95-46a9-ba6c-42b554d71925",
    "AZURE_BATCH_ACCOUNT": "pstestaccount",
    "AZURE_BATCH_ENDPOINT": "https://pstestaccount.centralus.batch.azure.com",
    "AZURE_BATCH_RESOURCE_GROUP": "AccountMgmtSampleGroup"
  }
}