{
  "Entries": [
    {
      "RequestUri": "/jobs?api-version=2016-07-01.3.1",
      "EncodedRequestUri": "L2pvYnM/YXBpLXZlcnNpb249MjAxNi0wNy0wMS4zLjE=",
      "RequestMethod": "POST",
      "RequestBody": "{\r\n  \"id\": \"getTaskJob\",\r\n  \"priority\": 0,\r\n  \"poolInfo\": {\r\n    \"poolId\": \"testPool\"\r\n  }\r\n}",
      "RequestHeaders": {
        "Content-Type": [
          "application/json; odata=minimalmetadata; charset=utf-8"
        ],
        "Content-Length": [
          "93"
        ],
        "client-request-id": [
          "68252d70-441e-4593-ac24-013335e8b6b5"
        ],
        "accept-language": [
          "en-US"
        ],
        "ocp-date": [
          "Mon, 01 Aug 2016 19:12:03 GMT"
        ],
        "User-Agent": [
          "Microsoft.Azure.Batch.Protocol.BatchServiceClient/5.0.0.0",
          "AzurePowershell/v1.6.0"
        ]
      },
      "ResponseBody": "",
      "ResponseHeaders": {
        "Last-Modified": [
          "Mon, 01 Aug 2016 19:12:02 GMT"
        ],
        "Transfer-Encoding": [
          "chunked"
        ],
        "request-id": [
          "7fadacf6-71db-40cf-a528-7c6e0d716cb6"
        ],
        "Strict-Transport-Security": [
          "max-age=31536000; includeSubDomains"
        ],
        "DataServiceVersion": [
          "3.0"
        ],
        "DataServiceId": [
          "https://pstestaccount.centralus.batch.azure.com/jobs/job-1"
        ],
        "Date": [
          "Mon, 01 Aug 2016 19:12:02 GMT"
        ],
        "ETag": [
          "0x8D3BA3FB7F44B4E"
        ],
        "Location": [
          "https://pstestaccount.centralus.batch.azure.com/jobs/job-1"
        ],
        "Server": [
          "Microsoft-HTTPAPI/2.0"
        ]
      },
      "StatusCode": 201
    },
    {
      "RequestUri": "/jobs/getTaskJob/tasks?api-version=2016-07-01.3.1",
      "EncodedRequestUri": "L2pvYnMvZ2V0VGFza0pvYi90YXNrcz9hcGktdmVyc2lvbj0yMDE2LTA3LTAxLjMuMQ==",
      "RequestMethod": "POST",
      "RequestBody": "{\r\n  \"id\": \"testTask\",\r\n  \"commandLine\": \"cmd /c dir /s\",\r\n  \"runElevated\": true\r\n}",
      "RequestHeaders": {
        "Content-Type": [
          "application/json; odata=minimalmetadata; charset=utf-8"
        ],
        "Content-Length": [
          "83"
        ],
        "client-request-id": [
          "c2619899-0c31-4834-88e0-ebdc7f0249b1"
        ],
        "accept-language": [
          "en-US"
        ],
        "ocp-date": [
          "Mon, 01 Aug 2016 19:12:03 GMT"
        ],
        "User-Agent": [
          "Microsoft.Azure.Batch.Protocol.BatchServiceClient/5.0.0.0",
          "AzurePowershell/v1.6.0"
        ]
      },
      "ResponseBody": "",
      "ResponseHeaders": {
        "Last-Modified": [
          "Mon, 01 Aug 2016 19:12:03 GMT"
        ],
        "Transfer-Encoding": [
          "chunked"
        ],
        "request-id": [
          "88503520-20fc-4e6a-b57b-d0a90641744f"
        ],
        "Strict-Transport-Security": [
          "max-age=31536000; includeSubDomains"
        ],
        "DataServiceVersion": [
          "3.0"
        ],
        "DataServiceId": [
          "https://pstestaccount.centralus.batch.azure.com/jobs/getTaskJob/tasks/testTask"
        ],
        "Date": [
          "Mon, 01 Aug 2016 19:12:03 GMT"
        ],
        "ETag": [
          "0x8D3BA3FB8B77E0F"
        ],
        "Location": [
          "https://pstestaccount.centralus.batch.azure.com/jobs/getTaskJob/tasks/testTask"
        ],
        "Server": [
          "Microsoft-HTTPAPI/2.0"
        ]
      },
      "StatusCode": 201
    },
    {
      "RequestUri": "/jobs/getTaskJob/tasks/testTask?api-version=2016-07-01.3.1",
      "EncodedRequestUri": "L2pvYnMvZ2V0VGFza0pvYi90YXNrcy90ZXN0VGFzaz9hcGktdmVyc2lvbj0yMDE2LTA3LTAxLjMuMQ==",
      "RequestMethod": "GET",
      "RequestBody": "",
      "RequestHeaders": {
        "client-request-id": [
          "8eddde31-5e4e-40cf-850d-3ba91772e662"
        ],
        "accept-language": [
          "en-US"
        ],
        "ocp-date": [
          "Mon, 01 Aug 2016 19:12:04 GMT"
        ],
        "User-Agent": [
          "Microsoft.Azure.Batch.Protocol.BatchServiceClient/5.0.0.0",
          "AzurePowershell/v1.6.0"
        ]
      },
      "ResponseBody": "{\r\n  \"odata.metadata\": \"https://pstestaccount.centralus.batch.azure.com/$metadata#tasks/@Element\",\r\n  \"id\": \"testTask\",\r\n  \"url\": \"https://pstestaccount.centralus.batch.azure.com/jobs/getTaskJob/tasks/testTask\",\r\n  \"eTag\": \"0x8D3BA3FB8B77E0F\",\r\n  \"creationTime\": \"2016-08-01T19:12:03.4110991Z\",\r\n  \"lastModified\": \"2016-08-01T19:12:03.4110991Z\",\r\n  \"state\": \"active\",\r\n  \"stateTransitionTime\": \"2016-08-01T19:12:03.4110991Z\",\r\n  \"commandLine\": \"cmd /c dir /s\",\r\n  \"runElevated\": true,\r\n  \"constraints\": {\r\n    \"maxWallClockTime\": \"P10675199DT2H48M5.4775807S\",\r\n    \"retentionTime\": \"P10675199DT2H48M5.4775807S\",\r\n    \"maxTaskRetryCount\": 0\r\n  },\r\n  \"executionInfo\": {\r\n    \"retryCount\": 0,\r\n    \"requeueCount\": 0\r\n  }\r\n}",
      "ResponseHeaders": {
        "Content-Type": [
          "application/json; odata=minimalmetadata"
        ],
        "Last-Modified": [
          "Mon, 01 Aug 2016 19:12:03 GMT"
        ],
        "Transfer-Encoding": [
          "chunked"
        ],
        "request-id": [
          "416d0de0-ba6f-4334-87cb-0298518dfd49"
        ],
        "Strict-Transport-Security": [
          "max-age=31536000; includeSubDomains"
        ],
        "DataServiceVersion": [
          "3.0"
        ],
        "Date": [
          "Mon, 01 Aug 2016 19:12:02 GMT"
        ],
        "ETag": [
          "0x8D3BA3FB8B77E0F"
        ],
        "Server": [
          "Microsoft-HTTPAPI/2.0"
        ]
      },
      "StatusCode": 200
    },
    {
      "RequestUri": "/jobs/getTaskJob/tasks/testTask?api-version=2016-07-01.3.1",
      "EncodedRequestUri": "L2pvYnMvZ2V0VGFza0pvYi90YXNrcy90ZXN0VGFzaz9hcGktdmVyc2lvbj0yMDE2LTA3LTAxLjMuMQ==",
      "RequestMethod": "GET",
      "RequestBody": "",
      "RequestHeaders": {
        "client-request-id": [
          "e3f31b70-1a13-46e5-b8d0-815c572ac86c"
        ],
        "accept-language": [
          "en-US"
        ],
        "ocp-date": [
          "Mon, 01 Aug 2016 19:12:04 GMT"
        ],
        "User-Agent": [
          "Microsoft.Azure.Batch.Protocol.BatchServiceClient/5.0.0.0",
          "AzurePowershell/v1.6.0"
        ]
      },
      "ResponseBody": "{\r\n  \"odata.metadata\": \"https://pstestaccount.centralus.batch.azure.com/$metadata#tasks/@Element\",\r\n  \"id\": \"testTask\",\r\n  \"url\": \"https://pstestaccount.centralus.batch.azure.com/jobs/getTaskJob/tasks/testTask\",\r\n  \"eTag\": \"0x8D3BA3FB8B77E0F\",\r\n  \"creationTime\": \"2016-08-01T19:12:03.4110991Z\",\r\n  \"lastModified\": \"2016-08-01T19:12:03.4110991Z\",\r\n  \"state\": \"active\",\r\n  \"stateTransitionTime\": \"2016-08-01T19:12:03.4110991Z\",\r\n  \"commandLine\": \"cmd /c dir /s\",\r\n  \"runElevated\": true,\r\n  \"constraints\": {\r\n    \"maxWallClockTime\": \"P10675199DT2H48M5.4775807S\",\r\n    \"retentionTime\": \"P10675199DT2H48M5.4775807S\",\r\n    \"maxTaskRetryCount\": 0\r\n  },\r\n  \"executionInfo\": {\r\n    \"retryCount\": 0,\r\n    \"requeueCount\": 0\r\n  }\r\n}",
      "ResponseHeaders": {
        "Content-Type": [
          "application/json; odata=minimalmetadata"
        ],
        "Last-Modified": [
          "Mon, 01 Aug 2016 19:12:03 GMT"
        ],
        "Transfer-Encoding": [
          "chunked"
        ],
        "request-id": [
          "9d4320e2-cb5d-4e7f-812a-2b459431ed97"
        ],
        "Strict-Transport-Security": [
          "max-age=31536000; includeSubDomains"
        ],
        "DataServiceVersion": [
          "3.0"
        ],
        "Date": [
          "Mon, 01 Aug 2016 19:12:02 GMT"
        ],
        "ETag": [
          "0x8D3BA3FB8B77E0F"
        ],
        "Server": [
          "Microsoft-HTTPAPI/2.0"
        ]
      },
      "StatusCode": 200
    },
    {
      "RequestUri": "/jobs/getTaskJob?api-version=2016-07-01.3.1",
      "EncodedRequestUri": "L2pvYnMvZ2V0VGFza0pvYj9hcGktdmVyc2lvbj0yMDE2LTA3LTAxLjMuMQ==",
      "RequestMethod": "DELETE",
      "RequestBody": "",
      "RequestHeaders": {
        "client-request-id": [
          "d2a79165-572f-4166-97f7-e176e7942a6b"
        ],
        "accept-language": [
          "en-US"
        ],
        "ocp-date": [
          "Mon, 01 Aug 2016 19:12:04 GMT"
        ],
        "User-Agent": [
          "Microsoft.Azure.Batch.Protocol.BatchServiceClient/5.0.0.0",
          "AzurePowershell/v1.6.0"
        ]
      },
      "ResponseBody": "",
      "ResponseHeaders": {
        "Transfer-Encoding": [
          "chunked"
        ],
        "request-id": [
          "3d97d200-513a-4ebd-afaf-bc2a538ec686"
        ],
        "Strict-Transport-Security": [
          "max-age=31536000; includeSubDomains"
        ],
        "DataServiceVersion": [
          "3.0"
        ],
        "Date": [
          "Mon, 01 Aug 2016 19:12:03 GMT"
        ],
        "Server": [
          "Microsoft-HTTPAPI/2.0"
        ]
      },
      "StatusCode": 202
    }
  ],
  "Names": {},
  "Variables": {
    "SubscriptionId": "46241355-bb95-46a9-ba6c-42b554d71925",
    "AZURE_BATCH_ACCOUNT": "pstestaccount",
    "AZURE_BATCH_ENDPOINT": "https://pstestaccount.centralus.batch.azure.com",
    "AZURE_BATCH_RESOURCE_GROUP": "AccountMgmtSampleGroup"
  }
}