{
  "Get-AzDynatraceMonitorSSOConfig+[NoContext]+Get+$GET+https://management.azure.com/subscriptions/b16e4b4e-2ed8-4f32-bac1-0e3eb56bef5c/resourceGroups/dyobrgdjgr25/providers/Dynatrace.Observability/monitors/dyobxdag4n/singleSignOnConfigurations/default?api-version=2024-04-24+1": {
    "Request": {
      "Method": "GET",
      "RequestUri": "https://management.azure.com/subscriptions/b16e4b4e-2ed8-4f32-bac1-0e3eb56bef5c/resourceGroups/dyobrgdjgr25/providers/Dynatrace.Observability/monitors/dyobxdag4n/singleSignOnConfigurations/default?api-version=2024-04-24",
      "Content": null,
      "isContentBase64": false,
      "Headers": {
        "x-ms-unique-id": [ "31" ],
        "x-ms-client-request-id": [ "3d38f34e-76b7-45a0-8c88-3993acb63b6a" ],
        "CommandName": [ "Get-AzDynatraceMonitorSSOConfig" ],
        "FullCommandName": [ "Get-AzDynatraceMonitorSSOConfig_Get" ],
        "ParameterSetName": [ "__AllParameterSets" ],
        "User-Agent": [ "AzurePowershell/v0.0.0", "PSVersion/v7.4.11", "Az.DynatraceObservability/0.1.0" ],
        "Authorization": [ "[Filtered]" ]
      },
      "ContentHeaders": {
      }
    },
    "Response": {
      "StatusCode": 200,
      "Headers": {
        "Cache-Control": [ "no-cache" ],
        "Pragma": [ "no-cache" ],
        "ETag": [ "\"8b047e7a-0000-0800-0000-6915ea9b0000\"" ],
        "x-ms-operation-identifier": [ "tenantId=888d76fa-54b2-4ced-8ee5-aac1585adee7,objectId=5cd9a09c-ba05-4fc8-8c8a-6d4d17e49a6e/eastus/48ccd431-8d1c-47de-8522-c2c9dcbcd6f4" ],
        "x-ms-providerhub-traffic": [ "True" ],
        "x-ms-request-id": [ "0c973684-723e-464a-88a1-f874e280d289" ],
        "x-ms-correlation-request-id": [ "5b5afed0-04de-4a6b-858b-4197800a7641" ],
        "x-ms-ratelimit-remaining-subscription-reads": [ "249" ],
        "x-ms-ratelimit-remaining-subscription-global-reads": [ "3749" ],
        "x-ms-routing-request-id": [ "EASTUS:20251113T143026Z:5b5afed0-04de-4a6b-858b-4197800a7641" ],
        "Strict-Transport-Security": [ "max-age=31536000; includeSubDomains" ],
        "X-Content-Type-Options": [ "nosniff" ],
        "X-Cache": [ "CONFIG_NOCACHE" ],
        "X-MSEdge-Ref": [ "Ref A: 19E3279877C84D249A83C9B05626B5BF Ref B: SG2AA1070306031 Ref C: 2025-11-13T14:30:26Z" ],
        "Date": [ "Thu, 13 Nov 2025 14:30:26 GMT" ]
      },
      "ContentHeaders": {
        "Content-Length": [ "642" ],
        "Content-Type": [ "application/json; charset=utf-8" ],
        "Expires": [ "-1" ]
      },
      "Content": "{\"id\":\"/subscriptions/b16e4b4e-2ed8-4f32-bac1-0e3eb56bef5c/resourceGroups/dyobrgdjgr25/providers/Dynatrace.Observability/monitors/dyobxdag4n/singleSignOnConfigurations/default\",\"name\":\"default\",\"type\":\"dynatrace.observability/monitors/singlesignonconfigurations\",\"systemData\":{\"createdBy\":\"arushiarora@microsoft.com\",\"createdByType\":\"User\",\"createdAt\":\"2025-11-13T14:26:29.8178303Z\",\"lastModifiedBy\":\"arushiarora@microsoft.com\",\"lastModifiedByType\":\"User\",\"lastModifiedAt\":\"2025-11-13T14:26:29.8178303Z\"},\"properties\":{\"singleSignOnState\":\"Initial\",\"aadDomains\":[\"mpliftrlogz20210811outlook.onmicrosoft.com\"],\"provisioningState\":\"Succeeded\"}}",
      "isContentBase64": false
    }
  },
  "Get-AzDynatraceMonitorSSOConfig+[NoContext]+GetViaIdentity+$GET+https://management.azure.com/subscriptions/b16e4b4e-2ed8-4f32-bac1-0e3eb56bef5c/resourceGroups/dyobrgdjgr25/providers/Dynatrace.Observability/monitors/dyobxdag4n/singleSignOnConfigurations/default?api-version=2024-04-24+1": {
    "Request": {
      "Method": "GET",
      "RequestUri": "https://management.azure.com/subscriptions/b16e4b4e-2ed8-4f32-bac1-0e3eb56bef5c/resourceGroups/dyobrgdjgr25/providers/Dynatrace.Observability/monitors/dyobxdag4n/singleSignOnConfigurations/default?api-version=2024-04-24",
      "Content": null,
      "isContentBase64": false,
      "Headers": {
        "x-ms-unique-id": [ "32" ],
        "x-ms-client-request-id": [ "5b7d8f4e-3068-4ef7-95ef-4f2e9b4ee697" ],
        "CommandName": [ "Get-AzDynatraceMonitorSSOConfig" ],
        "FullCommandName": [ "Get-AzDynatraceMonitorSSOConfig_Get" ],
        "ParameterSetName": [ "__AllParameterSets" ],
        "User-Agent": [ "AzurePowershell/v0.0.0", "PSVersion/v7.4.11", "Az.DynatraceObservability/0.1.0" ],
        "Authorization": [ "[Filtered]" ]
      },
      "ContentHeaders": {
      }
    },
    "Response": {
      "StatusCode": 200,
      "Headers": {
        "Cache-Control": [ "no-cache" ],
        "Pragma": [ "no-cache" ],
        "ETag": [ "\"8b047e7a-0000-0800-0000-6915ea9b0000\"" ],
        "x-ms-operation-identifier": [ "tenantId=888d76fa-54b2-4ced-8ee5-aac1585adee7,objectId=5cd9a09c-ba05-4fc8-8c8a-6d4d17e49a6e/eastus/18440a9a-ffbb-40b1-87f0-cf5d1449b6ca" ],
        "x-ms-providerhub-traffic": [ "True" ],
        "x-ms-request-id": [ "4cf03b18-1c49-4b67-82e8-61f0c98a1327" ],
        "x-ms-correlation-request-id": [ "13d3ee2a-0e7f-416d-960a-b84e008c8e2b" ],
        "x-ms-ratelimit-remaining-subscription-reads": [ "249" ],
        "x-ms-ratelimit-remaining-subscription-global-reads": [ "3749" ],
        "x-ms-routing-request-id": [ "EASTUS:20251113T143027Z:13d3ee2a-0e7f-416d-960a-b84e008c8e2b" ],
        "Strict-Transport-Security": [ "max-age=31536000; includeSubDomains" ],
        "X-Content-Type-Options": [ "nosniff" ],
        "X-Cache": [ "CONFIG_NOCACHE" ],
        "X-MSEdge-Ref": [ "Ref A: 53470EE969CA43A0BC352E67B321AAC8 Ref B: SG2AA1070306031 Ref C: 2025-11-13T14:30:26Z" ],
        "Date": [ "Thu, 13 Nov 2025 14:30:26 GMT" ]
      },
      "ContentHeaders": {
        "Content-Length": [ "642" ],
        "Content-Type": [ "application/json; charset=utf-8" ],
        "Expires": [ "-1" ]
      },
      "Content": "{\"id\":\"/subscriptions/b16e4b4e-2ed8-4f32-bac1-0e3eb56bef5c/resourceGroups/dyobrgdjgr25/providers/Dynatrace.Observability/monitors/dyobxdag4n/singleSignOnConfigurations/default\",\"name\":\"default\",\"type\":\"dynatrace.observability/monitors/singlesignonconfigurations\",\"systemData\":{\"createdBy\":\"arushiarora@microsoft.com\",\"createdByType\":\"User\",\"createdAt\":\"2025-11-13T14:26:29.8178303Z\",\"lastModifiedBy\":\"arushiarora@microsoft.com\",\"lastModifiedByType\":\"User\",\"lastModifiedAt\":\"2025-11-13T14:26:29.8178303Z\"},\"properties\":{\"singleSignOnState\":\"Initial\",\"aadDomains\":[\"mpliftrlogz20210811outlook.onmicrosoft.com\"],\"provisioningState\":\"Succeeded\"}}",
      "isContentBase64": false
    }
  },
  "Get-AzDynatraceMonitorSSOConfig+[NoContext]+GetViaIdentity+$GET+https://management.azure.com/subscriptions/b16e4b4e-2ed8-4f32-bac1-0e3eb56bef5c/resourceGroups/dyobrgdjgr25/providers/Dynatrace.Observability/monitors/dyobxdag4n/singleSignOnConfigurations/default?api-version=2024-04-24+2": {
    "Request": {
      "Method": "GET",
      "RequestUri": "https://management.azure.com/subscriptions/b16e4b4e-2ed8-4f32-bac1-0e3eb56bef5c/resourceGroups/dyobrgdjgr25/providers/Dynatrace.Observability/monitors/dyobxdag4n/singleSignOnConfigurations/default?api-version=2024-04-24",
      "Content": null,
      "isContentBase64": false,
      "Headers": {
        "x-ms-unique-id": [ "33" ],
        "x-ms-client-request-id": [ "db085dc0-95c5-4485-9599-0d7c83514619" ],
        "CommandName": [ "Get-AzDynatraceMonitorSSOConfig" ],
        "FullCommandName": [ "Get-AzDynatraceMonitorSSOConfig_GetViaIdentity" ],
        "ParameterSetName": [ "__AllParameterSets" ],
        "User-Agent": [ "AzurePowershell/v0.0.0", "PSVersion/v7.4.11", "Az.DynatraceObservability/0.1.0" ],
        "Authorization": [ "[Filtered]" ]
      },
      "ContentHeaders": {
      }
    },
    "Response": {
      "StatusCode": 200,
      "Headers": {
        "Cache-Control": [ "no-cache" ],
        "Pragma": [ "no-cache" ],
        "ETag": [ "\"8b047e7a-0000-0800-0000-6915ea9b0000\"" ],
        "x-ms-operation-identifier": [ "tenantId=888d76fa-54b2-4ced-8ee5-aac1585adee7,objectId=5cd9a09c-ba05-4fc8-8c8a-6d4d17e49a6e/eastus/2b551f91-dec3-4a82-a0ad-b7e3946892ed" ],
        "x-ms-providerhub-traffic": [ "True" ],
        "x-ms-request-id": [ "964d1744-f731-49f7-b7da-5a9e2060426e" ],
        "x-ms-correlation-request-id": [ "c17434b5-cb84-4fde-8bc3-f55cf0e148a4" ],
        "x-ms-ratelimit-remaining-subscription-reads": [ "249" ],
        "x-ms-ratelimit-remaining-subscription-global-reads": [ "3749" ],
        "x-ms-routing-request-id": [ "EASTUS:20251113T143027Z:c17434b5-cb84-4fde-8bc3-f55cf0e148a4" ],
        "Strict-Transport-Security": [ "max-age=31536000; includeSubDomains" ],
        "X-Content-Type-Options": [ "nosniff" ],
        "X-Cache": [ "CONFIG_NOCACHE" ],
        "X-MSEdge-Ref": [ "Ref A: 94370B9C715E4A6E94B64FCEB5BF877C Ref B: SG2AA1070306031 Ref C: 2025-11-13T14:30:27Z" ],
        "Date": [ "Thu, 13 Nov 2025 14:30:26 GMT" ]
      },
      "ContentHeaders": {
        "Content-Length": [ "642" ],
        "Content-Type": [ "application/json; charset=utf-8" ],
        "Expires": [ "-1" ]
      },
      "Content": "{\"id\":\"/subscriptions/b16e4b4e-2ed8-4f32-bac1-0e3eb56bef5c/resourceGroups/dyobrgdjgr25/providers/Dynatrace.Observability/monitors/dyobxdag4n/singleSignOnConfigurations/default\",\"name\":\"default\",\"type\":\"dynatrace.observability/monitors/singlesignonconfigurations\",\"systemData\":{\"createdBy\":\"arushiarora@microsoft.com\",\"createdByType\":\"User\",\"createdAt\":\"2025-11-13T14:26:29.8178303Z\",\"lastModifiedBy\":\"arushiarora@microsoft.com\",\"lastModifiedByType\":\"User\",\"lastModifiedAt\":\"2025-11-13T14:26:29.8178303Z\"},\"properties\":{\"singleSignOnState\":\"Initial\",\"aadDomains\":[\"mpliftrlogz20210811outlook.onmicrosoft.com\"],\"provisioningState\":\"Succeeded\"}}",
      "isContentBase64": false
    }
  }
}