{
  "Entries": [
    {
      "RequestUri": "/subscriptions/c183865e-6077-46f2-a3b1-deb0f4f4650a/resourceGroups/siterecoveryProd1/providers/Microsoft.RecoveryServices/vaults?api-version=2016-06-01",
      "EncodedRequestUri": "L3N1YnNjcmlwdGlvbnMvYzE4Mzg2NWUtNjA3Ny00NmYyLWEzYjEtZGViMGY0ZjQ2NTBhL3Jlc291cmNlR3JvdXBzL3NpdGVyZWNvdmVyeVByb2QxL3Byb3ZpZGVycy9NaWNyb3NvZnQuUmVjb3ZlcnlTZXJ2aWNlcy92YXVsdHM/YXBpLXZlcnNpb249MjAxNi0wNi0wMQ==",
      "RequestMethod": "GET",
      "RequestBody": "",
      "RequestHeaders": {
        "x-ms-client-request-id": [
          "4ce250f3-f1aa-4c1e-b676-0b6bff8125d5"
        ],
        "accept-language": [
          "en-US"
        ],
        "User-Agent": [
          "FxVersion/4.6.1087.0",
          "OSName/Windows_Server_2012_R2_Datacenter",
          "OSVersion/6.3.9600",
          "Microsoft.Azure.Management.RecoveryServices.RecoveryServicesClient/4.2.0-preview"
        ]
      },
      "ResponseBody": "{\r\n  \"value\": [\r\n    {\r\n      \"location\": \"westus\",\r\n      \"name\": \"b2aRSvaultprod14062016\",\r\n      \"etag\": \"W/\\\"datetime'2017-04-04T14%3A17%3A45.0454051Z'\\\"\",\r\n      \"properties\": {\r\n        \"provisioningState\": \"Succeeded\"\r\n      },\r\n      \"id\": \"/subscriptions/c183865e-6077-46f2-a3b1-deb0f4f4650a/resourceGroups/siterecoveryProd1/providers/Microsoft.RecoveryServices/vaults/b2aRSvaultprod14062016\",\r\n      \"type\": \"Microsoft.RecoveryServices/vaults\",\r\n      \"sku\": {\r\n        \"name\": \"standard\"\r\n      }\r\n    },\r\n    {\r\n      \"location\": \"westus\",\r\n      \"name\": \"b2aRSvaultprod17012017\",\r\n      \"etag\": \"W/\\\"datetime'2017-06-08T11%3A17%3A23.1353953Z'\\\"\",\r\n      \"properties\": {\r\n        \"provisioningState\": \"Succeeded\"\r\n      },\r\n      \"id\": \"/subscriptions/c183865e-6077-46f2-a3b1-deb0f4f4650a/resourceGroups/siterecoveryProd1/providers/Microsoft.RecoveryServices/vaults/b2aRSvaultprod17012017\",\r\n      \"type\": \"Microsoft.RecoveryServices/vaults\",\r\n      \"sku\": {\r\n        \"name\": \"Standard\"\r\n      }\r\n    },\r\n    {\r\n      \"location\": \"westus\",\r\n      \"name\": \"hellorgtestswag1\",\r\n      \"etag\": \"W/\\\"datetime'2017-04-21T07%3A43%3A49.533431Z'\\\"\",\r\n      \"properties\": {\r\n        \"provisioningState\": \"Succeeded\"\r\n      },\r\n      \"id\": \"/subscriptions/c183865e-6077-46f2-a3b1-deb0f4f4650a/resourceGroups/siterecoveryprod1/providers/Microsoft.RecoveryServices/vaults/hellorgtestswag1\",\r\n      \"type\": \"Microsoft.RecoveryServices/vaults\",\r\n      \"sku\": {\r\n        \"name\": \"Standard\"\r\n      }\r\n    },\r\n    {\r\n      \"location\": \"westus\",\r\n      \"name\": \"SDKVault\",\r\n      \"etag\": \"W/\\\"datetime'2017-05-11T17%3A35%3A02.8222179Z'\\\"\",\r\n      \"properties\": {\r\n        \"provisioningState\": \"Succeeded\"\r\n      },\r\n      \"id\": \"/subscriptions/c183865e-6077-46f2-a3b1-deb0f4f4650a/resourceGroups/siterecoveryProd1/providers/Microsoft.RecoveryServices/vaults/SDKVault\",\r\n      \"type\": \"Microsoft.RecoveryServices/vaults\",\r\n      \"sku\": {\r\n        \"name\": \"RS0\",\r\n        \"tier\": \"Standard\"\r\n      }\r\n    },\r\n    {\r\n      \"location\": \"westus\",\r\n      \"name\": \"sfdsdfsdfsdf\",\r\n      \"etag\": \"W/\\\"datetime'2017-04-21T13%3A28%3A01.5004346Z'\\\"\",\r\n      \"properties\": {\r\n        \"provisioningState\": \"Succeeded\"\r\n      },\r\n      \"id\": \"/subscriptions/c183865e-6077-46f2-a3b1-deb0f4f4650a/resourceGroups/siterecoveryprod1/providers/Microsoft.RecoveryServices/vaults/sfdsdfsdfsdf\",\r\n      \"type\": \"Microsoft.RecoveryServices/vaults\",\r\n      \"sku\": {\r\n        \"name\": \"Standard\"\r\n      }\r\n    }\r\n  ]\r\n}",
      "ResponseHeaders": {
        "Content-Length": [
          "1898"
        ],
        "Content-Type": [
          "application/json"
        ],
        "Expires": [
          "-1"
        ],
        "Pragma": [
          "no-cache"
        ],
        "x-ms-request-id": [
          "28ee9677-13e2-40b5-9960-3c9304e8c4f1"
        ],
        "x-ms-client-request-id": [
          "4ce250f3-f1aa-4c1e-b676-0b6bff8125d5"
        ],
        "Strict-Transport-Security": [
          "max-age=31536000; includeSubDomains"
        ],
        "x-ms-ratelimit-remaining-subscription-reads": [
          "14370"
        ],
        "x-ms-correlation-request-id": [
          "28ee9677-13e2-40b5-9960-3c9304e8c4f1"
        ],
        "x-ms-routing-request-id": [
          "CENTRALINDIA:20170608T164946Z:28ee9677-13e2-40b5-9960-3c9304e8c4f1"
        ],
        "Cache-Control": [
          "no-cache"
        ],
        "Date": [
          "Thu, 08 Jun 2017 16:49:45 GMT"
        ],
        "Server": [
          "Microsoft-IIS/8.0"
        ]
      },
      "StatusCode": 200
    },
    {
      "RequestUri": "/Subscriptions/c183865e-6077-46f2-a3b1-deb0f4f4650a/resourceGroups/siterecoveryProd1/providers/Microsoft.RecoveryServices/vaults/b2aRSvaultprod17012017/replicationFabrics?api-version=2016-08-10",
      "EncodedRequestUri": "L1N1YnNjcmlwdGlvbnMvYzE4Mzg2NWUtNjA3Ny00NmYyLWEzYjEtZGViMGY0ZjQ2NTBhL3Jlc291cmNlR3JvdXBzL3NpdGVyZWNvdmVyeVByb2QxL3Byb3ZpZGVycy9NaWNyb3NvZnQuUmVjb3ZlcnlTZXJ2aWNlcy92YXVsdHMvYjJhUlN2YXVsdHByb2QxNzAxMjAxNy9yZXBsaWNhdGlvbkZhYnJpY3M/YXBpLXZlcnNpb249MjAxNi0wOC0xMA==",
      "RequestMethod": "GET",
      "RequestBody": "",
      "RequestHeaders": {
        "x-ms-client-request-id": [
          "913d0640-3ed6-4d3b-b0a4-170f86d61f85-2017-06-08 16:49:46Z-P"
        ],
        "accept-language": [
          "en-US"
        ],
        "Agent-Authentication": [
          "{\"NotBeforeTimestamp\":\"\\/Date(1496936986811)\\/\",\"NotAfterTimestamp\":\"\\/Date(1497541786811)\\/\",\"ClientRequestId\":\"913d0640-3ed6-4d3b-b0a4-170f86d61f85-2017-06-08 16:49:46Z-P\",\"HashFunction\":\"HMACSHA256\",\"Hmac\":\"KOcn82BknqOS2nR+j3nFc7pMpHRmBqqjd8RNY9b+fhw=\",\"Version\":{\"Major\":1,\"Minor\":2,\"Build\":-1,\"Revision\":-1,\"MajorRevision\":-1,\"MinorRevision\":-1},\"PropertyBag\":{}}"
        ],
        "User-Agent": [
          "FxVersion/4.6.1087.0",
          "OSName/Windows_Server_2012_R2_Datacenter",
          "OSVersion/6.3.9600",
          "Microsoft.Azure.Management.RecoveryServices.SiteRecovery.SiteRecoveryManagementClient/1.0.1-preview"
        ]
      },
      "ResponseBody": "{\r\n  \"value\": [\r\n    {\r\n      \"name\": \"B2ASiteIM128\",\r\n      \"type\": \"Microsoft.RecoveryServices/vaults/replicationFabrics\",\r\n      \"id\": \"/Subscriptions/c183865e-6077-46f2-a3b1-deb0f4f4650a/resourceGroups/siterecoveryProd1/providers/Microsoft.RecoveryServices/vaults/b2aRSvaultprod17012017/replicationFabrics/B2ASiteIM128\",\r\n      \"properties\": {\r\n        \"friendlyName\": \"B2ASiteIM128\",\r\n        \"encryptionDetails\": {\r\n          \"kekState\": \"None\",\r\n          \"kekCertThumbprint\": null\r\n        },\r\n        \"rolloverEncryptionDetails\": {\r\n          \"kekState\": \"None\",\r\n          \"kekCertThumbprint\": null\r\n        },\r\n        \"internalIdentifier\": \"0f403e28-9201-5060-95ed-cde256b5ab5f\",\r\n        \"bcdrState\": \"Valid\",\r\n        \"customDetails\": {\r\n          \"instanceType\": \"HyperVSite\"\r\n        },\r\n        \"healthErrorDetails\": [],\r\n        \"health\": \"Normal\"\r\n      }\r\n    },\r\n    {\r\n      \"name\": \"B2ASiteJun7\",\r\n      \"type\": \"Microsoft.RecoveryServices/vaults/replicationFabrics\",\r\n      \"id\": \"/Subscriptions/c183865e-6077-46f2-a3b1-deb0f4f4650a/resourceGroups/siterecoveryProd1/providers/Microsoft.RecoveryServices/vaults/b2aRSvaultprod17012017/replicationFabrics/B2ASiteJun7\",\r\n      \"properties\": {\r\n        \"friendlyName\": \"B2ASiteJun7\",\r\n        \"encryptionDetails\": {\r\n          \"kekState\": \"None\",\r\n          \"kekCertThumbprint\": null\r\n        },\r\n        \"rolloverEncryptionDetails\": {\r\n          \"kekState\": \"None\",\r\n          \"kekCertThumbprint\": null\r\n        },\r\n        \"internalIdentifier\": \"12779cc5-46a5-5f8b-a581-97925ec7aae4\",\r\n        \"bcdrState\": \"Valid\",\r\n        \"customDetails\": {\r\n          \"instanceType\": \"HyperVSite\"\r\n        },\r\n        \"healthErrorDetails\": [],\r\n        \"health\": \"Normal\"\r\n      }\r\n    },\r\n    {\r\n      \"name\": \"2725b016c6d0cce3f8116b18db16c43a194bd8c70344f6f13a1dc67b5e5d0451\",\r\n      \"type\": \"Microsoft.RecoveryServices/vaults/replicationFabrics\",\r\n      \"id\": \"/Subscriptions/c183865e-6077-46f2-a3b1-deb0f4f4650a/resourceGroups/siterecoveryProd1/providers/Microsoft.RecoveryServices/vaults/b2aRSvaultprod17012017/replicationFabrics/2725b016c6d0cce3f8116b18db16c43a194bd8c70344f6f13a1dc67b5e5d0451\",\r\n      \"properties\": {\r\n        \"friendlyName\": \"CP-B3L40104-01.ntdev.corp.microsoft.com\",\r\n        \"encryptionDetails\": {\r\n          \"kekState\": \"Enabled\",\r\n          \"kekCertThumbprint\": \"D000FC05778E0EAB55E6E7866E621DE1B971BB33\",\r\n          \"kekCertExpiryDate\": \"2020-06-08T21:55:28Z\"\r\n        },\r\n        \"rolloverEncryptionDetails\": {\r\n          \"kekState\": \"Enabled\",\r\n          \"kekCertThumbprint\": null\r\n        },\r\n        \"internalIdentifier\": \"758ba8e0-b90c-4828-a02e-c3443980c05d\",\r\n        \"bcdrState\": \"Valid\",\r\n        \"customDetails\": {\r\n          \"instanceType\": \"VMM\"\r\n        },\r\n        \"healthErrorDetails\": [],\r\n        \"health\": \"Normal\"\r\n      }\r\n    },\r\n    {\r\n      \"name\": \"2a48e3770ac08aa2be8bfbd94fcfb1cbf2dcc487b78fb9d3bd778304441b06a0\",\r\n      \"type\": \"Microsoft.RecoveryServices/vaults/replicationFabrics\",\r\n      \"id\": \"/Subscriptions/c183865e-6077-46f2-a3b1-deb0f4f4650a/resourceGroups/siterecoveryProd1/providers/Microsoft.RecoveryServices/vaults/b2aRSvaultprod17012017/replicationFabrics/2a48e3770ac08aa2be8bfbd94fcfb1cbf2dcc487b78fb9d3bd778304441b06a0\",\r\n      \"properties\": {\r\n        \"friendlyName\": \"CP-B3L30107-23.ntdev.corp.microsoft.com\",\r\n        \"encryptionDetails\": {\r\n          \"kekState\": \"None\",\r\n          \"kekCertThumbprint\": null\r\n        },\r\n        \"rolloverEncryptionDetails\": {\r\n          \"kekState\": \"None\",\r\n          \"kekCertThumbprint\": null\r\n        },\r\n        \"internalIdentifier\": \"b35b5083-b709-434c-8541-b5e7dd259793\",\r\n        \"bcdrState\": \"Valid\",\r\n        \"customDetails\": {\r\n          \"instanceType\": \"VMM\"\r\n        },\r\n        \"healthErrorDetails\": [],\r\n        \"health\": \"Normal\"\r\n      }\r\n    }\r\n  ],\r\n  \"nextLink\": null\r\n}",
      "ResponseHeaders": {
        "Content-Length": [
          "2871"
        ],
        "Content-Type": [
          "application/json"
        ],
        "Expires": [
          "-1"
        ],
        "Pragma": [
          "no-cache"
        ],
        "x-ms-request-id": [
          "913d0640-3ed6-4d3b-b0a4-170f86d61f85-2017-06-08 16:49:46Z-P 6/8/2017 4:49:47 PM"
        ],
        "Strict-Transport-Security": [
          "max-age=31536000; includeSubDomains"
        ],
        "Cache-Control": [
          "no-cache"
        ],
        "Server": [
          "Microsoft-IIS/8.0",
          "Microsoft-IIS/8.5"
        ],
        "X-AspNet-Version": [
          "4.0.30319"
        ],
        "X-Powered-By": [
          "ASP.NET"
        ],
        "x-ms-client-request-id": [
          "913d0640-3ed6-4d3b-b0a4-170f86d61f85-2017-06-08 16:49:46Z-P"
        ],
        "x-ms-ratelimit-remaining-subscription-reads": [
          "14398"
        ],
        "x-ms-correlation-request-id": [
          "6b66da0d-16a0-4d6d-a6c4-15172d77e9c1"
        ],
        "x-ms-routing-request-id": [
          "CENTRALINDIA:20170608T164947Z:6b66da0d-16a0-4d6d-a6c4-15172d77e9c1"
        ],
        "Date": [
          "Thu, 08 Jun 2017 16:49:46 GMT"
        ]
      },
      "StatusCode": 200
    },
    {
      "RequestUri": "/Subscriptions/c183865e-6077-46f2-a3b1-deb0f4f4650a/resourceGroups/siterecoveryProd1/providers/Microsoft.RecoveryServices/vaults/b2aRSvaultprod17012017/replicationFabrics?api-version=2016-08-10",
      "EncodedRequestUri": "L1N1YnNjcmlwdGlvbnMvYzE4Mzg2NWUtNjA3Ny00NmYyLWEzYjEtZGViMGY0ZjQ2NTBhL3Jlc291cmNlR3JvdXBzL3NpdGVyZWNvdmVyeVByb2QxL3Byb3ZpZGVycy9NaWNyb3NvZnQuUmVjb3ZlcnlTZXJ2aWNlcy92YXVsdHMvYjJhUlN2YXVsdHByb2QxNzAxMjAxNy9yZXBsaWNhdGlvbkZhYnJpY3M/YXBpLXZlcnNpb249MjAxNi0wOC0xMA==",
      "RequestMethod": "GET",
      "RequestBody": "",
      "RequestHeaders": {
        "x-ms-client-request-id": [
          "d7c71db1-d393-4ca1-8cce-906cfa46f0d0-2017-06-08 16:49:47Z-P"
        ],
        "accept-language": [
          "en-US"
        ],
        "Agent-Authentication": [
          "{\"NotBeforeTimestamp\":\"\\/Date(1496936987730)\\/\",\"NotAfterTimestamp\":\"\\/Date(1497541787730)\\/\",\"ClientRequestId\":\"d7c71db1-d393-4ca1-8cce-906cfa46f0d0-2017-06-08 16:49:47Z-P\",\"HashFunction\":\"HMACSHA256\",\"Hmac\":\"21xhrYs63Eb+tqu7MY81ll7bwpo2C55w6UfEe3nYdZo=\",\"Version\":{\"Major\":1,\"Minor\":2,\"Build\":-1,\"Revision\":-1,\"MajorRevision\":-1,\"MinorRevision\":-1},\"PropertyBag\":{}}"
        ],
        "User-Agent": [
          "FxVersion/4.6.1087.0",
          "OSName/Windows_Server_2012_R2_Datacenter",
          "OSVersion/6.3.9600",
          "Microsoft.Azure.Management.RecoveryServices.SiteRecovery.SiteRecoveryManagementClient/1.0.1-preview"
        ]
      },
      "ResponseBody": "{\r\n  \"value\": [\r\n    {\r\n      \"name\": \"B2ASiteIM128\",\r\n      \"type\": \"Microsoft.RecoveryServices/vaults/replicationFabrics\",\r\n      \"id\": \"/Subscriptions/c183865e-6077-46f2-a3b1-deb0f4f4650a/resourceGroups/siterecoveryProd1/providers/Microsoft.RecoveryServices/vaults/b2aRSvaultprod17012017/replicationFabrics/B2ASiteIM128\",\r\n      \"properties\": {\r\n        \"friendlyName\": \"B2ASiteIM128\",\r\n        \"encryptionDetails\": {\r\n          \"kekState\": \"None\",\r\n          \"kekCertThumbprint\": null\r\n        },\r\n        \"rolloverEncryptionDetails\": {\r\n          \"kekState\": \"None\",\r\n          \"kekCertThumbprint\": null\r\n        },\r\n        \"internalIdentifier\": \"0f403e28-9201-5060-95ed-cde256b5ab5f\",\r\n        \"bcdrState\": \"Valid\",\r\n        \"customDetails\": {\r\n          \"instanceType\": \"HyperVSite\"\r\n        },\r\n        \"healthErrorDetails\": [],\r\n        \"health\": \"Normal\"\r\n      }\r\n    },\r\n    {\r\n      \"name\": \"B2ASiteJun7\",\r\n      \"type\": \"Microsoft.RecoveryServices/vaults/replicationFabrics\",\r\n      \"id\": \"/Subscriptions/c183865e-6077-46f2-a3b1-deb0f4f4650a/resourceGroups/siterecoveryProd1/providers/Microsoft.RecoveryServices/vaults/b2aRSvaultprod17012017/replicationFabrics/B2ASiteJun7\",\r\n      \"properties\": {\r\n        \"friendlyName\": \"B2ASiteJun7\",\r\n        \"encryptionDetails\": {\r\n          \"kekState\": \"None\",\r\n          \"kekCertThumbprint\": null\r\n        },\r\n        \"rolloverEncryptionDetails\": {\r\n          \"kekState\": \"None\",\r\n          \"kekCertThumbprint\": null\r\n        },\r\n        \"internalIdentifier\": \"12779cc5-46a5-5f8b-a581-97925ec7aae4\",\r\n        \"bcdrState\": \"Valid\",\r\n        \"customDetails\": {\r\n          \"instanceType\": \"HyperVSite\"\r\n        },\r\n        \"healthErrorDetails\": [],\r\n        \"health\": \"Normal\"\r\n      }\r\n    },\r\n    {\r\n      \"name\": \"2725b016c6d0cce3f8116b18db16c43a194bd8c70344f6f13a1dc67b5e5d0451\",\r\n      \"type\": \"Microsoft.RecoveryServices/vaults/replicationFabrics\",\r\n      \"id\": \"/Subscriptions/c183865e-6077-46f2-a3b1-deb0f4f4650a/resourceGroups/siterecoveryProd1/providers/Microsoft.RecoveryServices/vaults/b2aRSvaultprod17012017/replicationFabrics/2725b016c6d0cce3f8116b18db16c43a194bd8c70344f6f13a1dc67b5e5d0451\",\r\n      \"properties\": {\r\n        \"friendlyName\": \"CP-B3L40104-01.ntdev.corp.microsoft.com\",\r\n        \"encryptionDetails\": {\r\n          \"kekState\": \"Enabled\",\r\n          \"kekCertThumbprint\": \"D000FC05778E0EAB55E6E7866E621DE1B971BB33\",\r\n          \"kekCertExpiryDate\": \"2020-06-08T21:55:28Z\"\r\n        },\r\n        \"rolloverEncryptionDetails\": {\r\n          \"kekState\": \"Enabled\",\r\n          \"kekCertThumbprint\": null\r\n        },\r\n        \"internalIdentifier\": \"758ba8e0-b90c-4828-a02e-c3443980c05d\",\r\n        \"bcdrState\": \"Valid\",\r\n        \"customDetails\": {\r\n          \"instanceType\": \"VMM\"\r\n        },\r\n        \"healthErrorDetails\": [],\r\n        \"health\": \"Normal\"\r\n      }\r\n    },\r\n    {\r\n      \"name\": \"2a48e3770ac08aa2be8bfbd94fcfb1cbf2dcc487b78fb9d3bd778304441b06a0\",\r\n      \"type\": \"Microsoft.RecoveryServices/vaults/replicationFabrics\",\r\n      \"id\": \"/Subscriptions/c183865e-6077-46f2-a3b1-deb0f4f4650a/resourceGroups/siterecoveryProd1/providers/Microsoft.RecoveryServices/vaults/b2aRSvaultprod17012017/replicationFabrics/2a48e3770ac08aa2be8bfbd94fcfb1cbf2dcc487b78fb9d3bd778304441b06a0\",\r\n      \"properties\": {\r\n        \"friendlyName\": \"CP-B3L30107-23.ntdev.corp.microsoft.com\",\r\n        \"encryptionDetails\": {\r\n          \"kekState\": \"None\",\r\n          \"kekCertThumbprint\": null\r\n        },\r\n        \"rolloverEncryptionDetails\": {\r\n          \"kekState\": \"None\",\r\n          \"kekCertThumbprint\": null\r\n        },\r\n        \"internalIdentifier\": \"b35b5083-b709-434c-8541-b5e7dd259793\",\r\n        \"bcdrState\": \"Valid\",\r\n        \"customDetails\": {\r\n          \"instanceType\": \"VMM\"\r\n        },\r\n        \"healthErrorDetails\": [],\r\n        \"health\": \"Normal\"\r\n      }\r\n    }\r\n  ],\r\n  \"nextLink\": null\r\n}",
      "ResponseHeaders": {
        "Content-Length": [
          "2871"
        ],
        "Content-Type": [
          "application/json"
        ],
        "Expires": [
          "-1"
        ],
        "Pragma": [
          "no-cache"
        ],
        "x-ms-request-id": [
          "d7c71db1-d393-4ca1-8cce-906cfa46f0d0-2017-06-08 16:49:47Z-P 6/8/2017 4:49:47 PM"
        ],
        "Strict-Transport-Security": [
          "max-age=31536000; includeSubDomains"
        ],
        "Cache-Control": [
          "no-cache"
        ],
        "Server": [
          "Microsoft-IIS/8.0",
          "Microsoft-IIS/8.5"
        ],
        "X-AspNet-Version": [
          "4.0.30319"
        ],
        "X-Powered-By": [
          "ASP.NET"
        ],
        "x-ms-client-request-id": [
          "d7c71db1-d393-4ca1-8cce-906cfa46f0d0-2017-06-08 16:49:47Z-P"
        ],
        "x-ms-ratelimit-remaining-subscription-reads": [
          "14395"
        ],
        "x-ms-correlation-request-id": [
          "e56c4f66-d946-46a1-9c97-50d302a8832b"
        ],
        "x-ms-routing-request-id": [
          "CENTRALINDIA:20170608T164947Z:e56c4f66-d946-46a1-9c97-50d302a8832b"
        ],
        "Date": [
          "Thu, 08 Jun 2017 16:49:47 GMT"
        ]
      },
      "StatusCode": 200
    },
    {
      "RequestUri": "/Subscriptions/c183865e-6077-46f2-a3b1-deb0f4f4650a/resourceGroups/siterecoveryProd1/providers/Microsoft.RecoveryServices/vaults/b2aRSvaultprod17012017/replicationFabrics/2a48e3770ac08aa2be8bfbd94fcfb1cbf2dcc487b78fb9d3bd778304441b06a0?api-version=2016-08-10",
      "EncodedRequestUri": "L1N1YnNjcmlwdGlvbnMvYzE4Mzg2NWUtNjA3Ny00NmYyLWEzYjEtZGViMGY0ZjQ2NTBhL3Jlc291cmNlR3JvdXBzL3NpdGVyZWNvdmVyeVByb2QxL3Byb3ZpZGVycy9NaWNyb3NvZnQuUmVjb3ZlcnlTZXJ2aWNlcy92YXVsdHMvYjJhUlN2YXVsdHByb2QxNzAxMjAxNy9yZXBsaWNhdGlvbkZhYnJpY3MvMmE0OGUzNzcwYWMwOGFhMmJlOGJmYmQ5NGZjZmIxY2JmMmRjYzQ4N2I3OGZiOWQzYmQ3NzgzMDQ0NDFiMDZhMD9hcGktdmVyc2lvbj0yMDE2LTA4LTEw",
      "RequestMethod": "GET",
      "RequestBody": "",
      "RequestHeaders": {
        "x-ms-client-request-id": [
          "b22c22a6-1774-4f81-aa7d-6ba47449533b-2017-06-08 16:49:47Z-P"
        ],
        "accept-language": [
          "en-US"
        ],
        "Agent-Authentication": [
          "{\"NotBeforeTimestamp\":\"\\/Date(1496936987386)\\/\",\"NotAfterTimestamp\":\"\\/Date(1497541787386)\\/\",\"ClientRequestId\":\"b22c22a6-1774-4f81-aa7d-6ba47449533b-2017-06-08 16:49:47Z-P\",\"HashFunction\":\"HMACSHA256\",\"Hmac\":\"z+x3bwqdD1K3NFBHxFSo3LynUcT1PyHoAeeN4F7+CDo=\",\"Version\":{\"Major\":1,\"Minor\":2,\"Build\":-1,\"Revision\":-1,\"MajorRevision\":-1,\"MinorRevision\":-1},\"PropertyBag\":{}}"
        ],
        "User-Agent": [
          "FxVersion/4.6.1087.0",
          "OSName/Windows_Server_2012_R2_Datacenter",
          "OSVersion/6.3.9600",
          "Microsoft.Azure.Management.RecoveryServices.SiteRecovery.SiteRecoveryManagementClient/1.0.1-preview"
        ]
      },
      "ResponseBody": "{\r\n  \"name\": \"2a48e3770ac08aa2be8bfbd94fcfb1cbf2dcc487b78fb9d3bd778304441b06a0\",\r\n  \"type\": \"Microsoft.RecoveryServices/vaults/replicationFabrics\",\r\n  \"id\": \"/Subscriptions/c183865e-6077-46f2-a3b1-deb0f4f4650a/resourceGroups/siterecoveryProd1/providers/Microsoft.RecoveryServices/vaults/b2aRSvaultprod17012017/replicationFabrics/2a48e3770ac08aa2be8bfbd94fcfb1cbf2dcc487b78fb9d3bd778304441b06a0\",\r\n  \"properties\": {\r\n    \"friendlyName\": \"CP-B3L30107-23.ntdev.corp.microsoft.com\",\r\n    \"encryptionDetails\": {\r\n      \"kekState\": \"None\",\r\n      \"kekCertThumbprint\": null\r\n    },\r\n    \"rolloverEncryptionDetails\": {\r\n      \"kekState\": \"None\",\r\n      \"kekCertThumbprint\": null\r\n    },\r\n    \"internalIdentifier\": \"b35b5083-b709-434c-8541-b5e7dd259793\",\r\n    \"bcdrState\": \"Valid\",\r\n    \"customDetails\": {\r\n      \"instanceType\": \"VMM\"\r\n    },\r\n    \"healthErrorDetails\": [],\r\n    \"health\": \"Normal\"\r\n  }\r\n}",
      "ResponseHeaders": {
        "Content-Length": [
          "751"
        ],
        "Content-Type": [
          "application/json"
        ],
        "Expires": [
          "-1"
        ],
        "Pragma": [
          "no-cache"
        ],
        "x-ms-request-id": [
          "b22c22a6-1774-4f81-aa7d-6ba47449533b-2017-06-08 16:49:47Z-P 6/8/2017 4:49:47 PM"
        ],
        "Strict-Transport-Security": [
          "max-age=31536000; includeSubDomains"
        ],
        "Cache-Control": [
          "no-cache"
        ],
        "Server": [
          "Microsoft-IIS/8.0",
          "Microsoft-IIS/8.5"
        ],
        "X-AspNet-Version": [
          "4.0.30319"
        ],
        "X-Powered-By": [
          "ASP.NET"
        ],
        "x-ms-client-request-id": [
          "b22c22a6-1774-4f81-aa7d-6ba47449533b-2017-06-08 16:49:47Z-P"
        ],
        "x-ms-ratelimit-remaining-subscription-reads": [
          "14397"
        ],
        "x-ms-correlation-request-id": [
          "0e027edf-fdaf-4203-95ba-533208b3bc58"
        ],
        "x-ms-routing-request-id": [
          "CENTRALINDIA:20170608T164947Z:0e027edf-fdaf-4203-95ba-533208b3bc58"
        ],
        "Date": [
          "Thu, 08 Jun 2017 16:49:46 GMT"
        ]
      },
      "StatusCode": 200
    },
    {
      "RequestUri": "/Subscriptions/c183865e-6077-46f2-a3b1-deb0f4f4650a/resourceGroups/siterecoveryProd1/providers/Microsoft.RecoveryServices/vaults/b2aRSvaultprod17012017/replicationFabrics/2725b016c6d0cce3f8116b18db16c43a194bd8c70344f6f13a1dc67b5e5d0451?api-version=2016-08-10",
      "EncodedRequestUri": "L1N1YnNjcmlwdGlvbnMvYzE4Mzg2NWUtNjA3Ny00NmYyLWEzYjEtZGViMGY0ZjQ2NTBhL3Jlc291cmNlR3JvdXBzL3NpdGVyZWNvdmVyeVByb2QxL3Byb3ZpZGVycy9NaWNyb3NvZnQuUmVjb3ZlcnlTZXJ2aWNlcy92YXVsdHMvYjJhUlN2YXVsdHByb2QxNzAxMjAxNy9yZXBsaWNhdGlvbkZhYnJpY3MvMjcyNWIwMTZjNmQwY2NlM2Y4MTE2YjE4ZGIxNmM0M2ExOTRiZDhjNzAzNDRmNmYxM2ExZGM2N2I1ZTVkMDQ1MT9hcGktdmVyc2lvbj0yMDE2LTA4LTEw",
      "RequestMethod": "GET",
      "RequestBody": "",
      "RequestHeaders": {
        "x-ms-client-request-id": [
          "e153ee5b-6aaf-4165-8d53-2f2af1efe88d-2017-06-08 16:49:48Z-P"
        ],
        "accept-language": [
          "en-US"
        ],
        "Agent-Authentication": [
          "{\"NotBeforeTimestamp\":\"\\/Date(1496936988060)\\/\",\"NotAfterTimestamp\":\"\\/Date(1497541788060)\\/\",\"ClientRequestId\":\"e153ee5b-6aaf-4165-8d53-2f2af1efe88d-2017-06-08 16:49:48Z-P\",\"HashFunction\":\"HMACSHA256\",\"Hmac\":\"cTi1FrcOXLfwbKXq5KyRXoHuASAZ8o/DXgatKtKRIH4=\",\"Version\":{\"Major\":1,\"Minor\":2,\"Build\":-1,\"Revision\":-1,\"MajorRevision\":-1,\"MinorRevision\":-1},\"PropertyBag\":{}}"
        ],
        "User-Agent": [
          "FxVersion/4.6.1087.0",
          "OSName/Windows_Server_2012_R2_Datacenter",
          "OSVersion/6.3.9600",
          "Microsoft.Azure.Management.RecoveryServices.SiteRecovery.SiteRecoveryManagementClient/1.0.1-preview"
        ]
      },
      "ResponseBody": "{\r\n  \"name\": \"2725b016c6d0cce3f8116b18db16c43a194bd8c70344f6f13a1dc67b5e5d0451\",\r\n  \"type\": \"Microsoft.RecoveryServices/vaults/replicationFabrics\",\r\n  \"id\": \"/Subscriptions/c183865e-6077-46f2-a3b1-deb0f4f4650a/resourceGroups/siterecoveryProd1/providers/Microsoft.RecoveryServices/vaults/b2aRSvaultprod17012017/replicationFabrics/2725b016c6d0cce3f8116b18db16c43a194bd8c70344f6f13a1dc67b5e5d0451\",\r\n  \"properties\": {\r\n    \"friendlyName\": \"CP-B3L40104-01.ntdev.corp.microsoft.com\",\r\n    \"encryptionDetails\": {\r\n      \"kekState\": \"Enabled\",\r\n      \"kekCertThumbprint\": \"D000FC05778E0EAB55E6E7866E621DE1B971BB33\",\r\n      \"kekCertExpiryDate\": \"2020-06-08T21:55:28Z\"\r\n    },\r\n    \"rolloverEncryptionDetails\": {\r\n      \"kekState\": \"Enabled\",\r\n      \"kekCertThumbprint\": null\r\n    },\r\n    \"internalIdentifier\": \"758ba8e0-b90c-4828-a02e-c3443980c05d\",\r\n    \"bcdrState\": \"Valid\",\r\n    \"customDetails\": {\r\n      \"instanceType\": \"VMM\"\r\n    },\r\n    \"healthErrorDetails\": [],\r\n    \"health\": \"Normal\"\r\n  }\r\n}",
      "ResponseHeaders": {
        "Content-Length": [
          "838"
        ],
        "Content-Type": [
          "application/json"
        ],
        "Expires": [
          "-1"
        ],
        "Pragma": [
          "no-cache"
        ],
        "x-ms-request-id": [
          "e153ee5b-6aaf-4165-8d53-2f2af1efe88d-2017-06-08 16:49:48Z-P 6/8/2017 4:49:48 PM"
        ],
        "Strict-Transport-Security": [
          "max-age=31536000; includeSubDomains"
        ],
        "Cache-Control": [
          "no-cache"
        ],
        "Server": [
          "Microsoft-IIS/8.0",
          "Microsoft-IIS/8.5"
        ],
        "X-AspNet-Version": [
          "4.0.30319"
        ],
        "X-Powered-By": [
          "ASP.NET"
        ],
        "x-ms-client-request-id": [
          "e153ee5b-6aaf-4165-8d53-2f2af1efe88d-2017-06-08 16:49:48Z-P"
        ],
        "x-ms-ratelimit-remaining-subscription-reads": [
          "14394"
        ],
        "x-ms-correlation-request-id": [
          "15f4a222-2428-4b44-a89b-ae93c9dbbb26"
        ],
        "x-ms-routing-request-id": [
          "CENTRALINDIA:20170608T164948Z:15f4a222-2428-4b44-a89b-ae93c9dbbb26"
        ],
        "Date": [
          "Thu, 08 Jun 2017 16:49:47 GMT"
        ]
      },
      "StatusCode": 200
    },
    {
      "RequestUri": "/Subscriptions/c183865e-6077-46f2-a3b1-deb0f4f4650a/resourceGroups/siterecoveryProd1/providers/Microsoft.RecoveryServices/vaults/b2aRSvaultprod17012017/replicationFabrics/2a48e3770ac08aa2be8bfbd94fcfb1cbf2dcc487b78fb9d3bd778304441b06a0/replicationProtectionContainers?api-version=2016-08-10",
      "EncodedRequestUri": "L1N1YnNjcmlwdGlvbnMvYzE4Mzg2NWUtNjA3Ny00NmYyLWEzYjEtZGViMGY0ZjQ2NTBhL3Jlc291cmNlR3JvdXBzL3NpdGVyZWNvdmVyeVByb2QxL3Byb3ZpZGVycy9NaWNyb3NvZnQuUmVjb3ZlcnlTZXJ2aWNlcy92YXVsdHMvYjJhUlN2YXVsdHByb2QxNzAxMjAxNy9yZXBsaWNhdGlvbkZhYnJpY3MvMmE0OGUzNzcwYWMwOGFhMmJlOGJmYmQ5NGZjZmIxY2JmMmRjYzQ4N2I3OGZiOWQzYmQ3NzgzMDQ0NDFiMDZhMC9yZXBsaWNhdGlvblByb3RlY3Rpb25Db250YWluZXJzP2FwaS12ZXJzaW9uPTIwMTYtMDgtMTA=",
      "RequestMethod": "GET",
      "RequestBody": "",
      "RequestHeaders": {
        "x-ms-client-request-id": [
          "09ee34f6-517b-4512-bd92-d11b9aa0a352-2017-06-08 16:49:48Z-P"
        ],
        "accept-language": [
          "en-US"
        ],
        "Agent-Authentication": [
          "{\"NotBeforeTimestamp\":\"\\/Date(1496936988426)\\/\",\"NotAfterTimestamp\":\"\\/Date(1497541788426)\\/\",\"ClientRequestId\":\"09ee34f6-517b-4512-bd92-d11b9aa0a352-2017-06-08 16:49:48Z-P\",\"HashFunction\":\"HMACSHA256\",\"Hmac\":\"hm2DWNmzwS1Ja+tAu4yRUullloyK2xR2djuXot8rRw0=\",\"Version\":{\"Major\":1,\"Minor\":2,\"Build\":-1,\"Revision\":-1,\"MajorRevision\":-1,\"MinorRevision\":-1},\"PropertyBag\":{}}"
        ],
        "User-Agent": [
          "FxVersion/4.6.1087.0",
          "OSName/Windows_Server_2012_R2_Datacenter",
          "OSVersion/6.3.9600",
          "Microsoft.Azure.Management.RecoveryServices.SiteRecovery.SiteRecoveryManagementClient/1.0.1-preview"
        ]
      },
      "ResponseBody": "{\r\n  \"value\": [\r\n    {\r\n      \"id\": \"/Subscriptions/c183865e-6077-46f2-a3b1-deb0f4f4650a/resourceGroups/siterecoveryProd1/providers/Microsoft.RecoveryServices/vaults/b2aRSvaultprod17012017/replicationFabrics/2a48e3770ac08aa2be8bfbd94fcfb1cbf2dcc487b78fb9d3bd778304441b06a0/replicationProtectionContainers/4b7f2cee-976b-484b-a0d8-e5ba14a08c33\",\r\n      \"name\": \"4b7f2cee-976b-484b-a0d8-e5ba14a08c33\",\r\n      \"type\": \"Microsoft.RecoveryServices/vaults/replicationFabrics/replicationProtectionContainers\",\r\n      \"properties\": {\r\n        \"fabricFriendlyName\": \"CP-B3L30107-23.ntdev.corp.microsoft.com\",\r\n        \"friendlyName\": \"E2ECloudPriJun07\",\r\n        \"fabricType\": \"VMM\",\r\n        \"protectedItemCount\": 0,\r\n        \"pairingStatus\": \"NotPaired\",\r\n        \"role\": \"\",\r\n        \"fabricSpecificDetails\": null\r\n      }\r\n    },\r\n    {\r\n      \"id\": \"/Subscriptions/c183865e-6077-46f2-a3b1-deb0f4f4650a/resourceGroups/siterecoveryProd1/providers/Microsoft.RecoveryServices/vaults/b2aRSvaultprod17012017/replicationFabrics/2a48e3770ac08aa2be8bfbd94fcfb1cbf2dcc487b78fb9d3bd778304441b06a0/replicationProtectionContainers/6533dc59-4953-4d31-8591-be6f55b51b47\",\r\n      \"name\": \"6533dc59-4953-4d31-8591-be6f55b51b47\",\r\n      \"type\": \"Microsoft.RecoveryServices/vaults/replicationFabrics/replicationProtectionContainers\",\r\n      \"properties\": {\r\n        \"fabricFriendlyName\": \"CP-B3L30107-23.ntdev.corp.microsoft.com\",\r\n        \"friendlyName\": \"E2ECloudProdJun07\",\r\n        \"fabricType\": \"VMM\",\r\n        \"protectedItemCount\": 0,\r\n        \"pairingStatus\": \"NotPaired\",\r\n        \"role\": \"\",\r\n        \"fabricSpecificDetails\": null\r\n      }\r\n    },\r\n    {\r\n      \"id\": \"/Subscriptions/c183865e-6077-46f2-a3b1-deb0f4f4650a/resourceGroups/siterecoveryProd1/providers/Microsoft.RecoveryServices/vaults/b2aRSvaultprod17012017/replicationFabrics/2a48e3770ac08aa2be8bfbd94fcfb1cbf2dcc487b78fb9d3bd778304441b06a0/replicationProtectionContainers/8ef1d915-96d4-4bc3-953e-93c6e2f7fb38\",\r\n      \"name\": \"8ef1d915-96d4-4bc3-953e-93c6e2f7fb38\",\r\n      \"type\": \"Microsoft.RecoveryServices/vaults/replicationFabrics/replicationProtectionContainers\",\r\n      \"properties\": {\r\n        \"fabricFriendlyName\": \"CP-B3L30107-23.ntdev.corp.microsoft.com\",\r\n        \"friendlyName\": \"E2ECloudPriJun08\",\r\n        \"fabricType\": \"VMM\",\r\n        \"protectedItemCount\": 0,\r\n        \"pairingStatus\": \"NotPaired\",\r\n        \"role\": \"\",\r\n        \"fabricSpecificDetails\": null\r\n      }\r\n    },\r\n    {\r\n      \"id\": \"/Subscriptions/c183865e-6077-46f2-a3b1-deb0f4f4650a/resourceGroups/siterecoveryProd1/providers/Microsoft.RecoveryServices/vaults/b2aRSvaultprod17012017/replicationFabrics/2a48e3770ac08aa2be8bfbd94fcfb1cbf2dcc487b78fb9d3bd778304441b06a0/replicationProtectionContainers/9fce39eb-dc78-408e-a28e-e3d0bc51f75d\",\r\n      \"name\": \"9fce39eb-dc78-408e-a28e-e3d0bc51f75d\",\r\n      \"type\": \"Microsoft.RecoveryServices/vaults/replicationFabrics/replicationProtectionContainers\",\r\n      \"properties\": {\r\n        \"fabricFriendlyName\": \"CP-B3L30107-23.ntdev.corp.microsoft.com\",\r\n        \"friendlyName\": \"E2ECloudPriJun36\",\r\n        \"fabricType\": \"VMM\",\r\n        \"protectedItemCount\": 0,\r\n        \"pairingStatus\": \"NotPaired\",\r\n        \"role\": \"\",\r\n        \"fabricSpecificDetails\": null\r\n      }\r\n    },\r\n    {\r\n      \"id\": \"/Subscriptions/c183865e-6077-46f2-a3b1-deb0f4f4650a/resourceGroups/siterecoveryProd1/providers/Microsoft.RecoveryServices/vaults/b2aRSvaultprod17012017/replicationFabrics/2a48e3770ac08aa2be8bfbd94fcfb1cbf2dcc487b78fb9d3bd778304441b06a0/replicationProtectionContainers/fd568755-6ab1-4a1f-b4aa-d169797f1d0c\",\r\n      \"name\": \"fd568755-6ab1-4a1f-b4aa-d169797f1d0c\",\r\n      \"type\": \"Microsoft.RecoveryServices/vaults/replicationFabrics/replicationProtectionContainers\",\r\n      \"properties\": {\r\n        \"fabricFriendlyName\": \"CP-B3L30107-23.ntdev.corp.microsoft.com\",\r\n        \"friendlyName\": \"E2ECloudProdJun08\",\r\n        \"fabricType\": \"VMM\",\r\n        \"protectedItemCount\": 1,\r\n        \"pairingStatus\": \"Paired\",\r\n        \"role\": \"Primary\",\r\n        \"fabricSpecificDetails\": null\r\n      }\r\n    }\r\n  ],\r\n  \"nextLink\": null\r\n}",
      "ResponseHeaders": {
        "Content-Length": [
          "3408"
        ],
        "Content-Type": [
          "application/json"
        ],
        "Expires": [
          "-1"
        ],
        "Pragma": [
          "no-cache"
        ],
        "x-ms-request-id": [
          "09ee34f6-517b-4512-bd92-d11b9aa0a352-2017-06-08 16:49:48Z-P 6/8/2017 4:49:48 PM"
        ],
        "Strict-Transport-Security": [
          "max-age=31536000; includeSubDomains"
        ],
        "Cache-Control": [
          "no-cache"
        ],
        "Server": [
          "Microsoft-IIS/8.0",
          "Microsoft-IIS/8.5"
        ],
        "X-AspNet-Version": [
          "4.0.30319"
        ],
        "X-Powered-By": [
          "ASP.NET"
        ],
        "x-ms-client-request-id": [
          "09ee34f6-517b-4512-bd92-d11b9aa0a352-2017-06-08 16:49:48Z-P"
        ],
        "x-ms-ratelimit-remaining-subscription-reads": [
          "14391"
        ],
        "x-ms-correlation-request-id": [
          "d7eee3a0-9aa1-4cc3-bfde-ae89312ced44"
        ],
        "x-ms-routing-request-id": [
          "CENTRALINDIA:20170608T164948Z:d7eee3a0-9aa1-4cc3-bfde-ae89312ced44"
        ],
        "Date": [
          "Thu, 08 Jun 2017 16:49:48 GMT"
        ]
      },
      "StatusCode": 200
    },
    {
      "RequestUri": "/Subscriptions/c183865e-6077-46f2-a3b1-deb0f4f4650a/resourceGroups/siterecoveryProd1/providers/Microsoft.RecoveryServices/vaults/b2aRSvaultprod17012017/replicationFabrics/2a48e3770ac08aa2be8bfbd94fcfb1cbf2dcc487b78fb9d3bd778304441b06a0/replicationProtectionContainers/fd568755-6ab1-4a1f-b4aa-d169797f1d0c?api-version=2016-08-10",
      "EncodedRequestUri": "L1N1YnNjcmlwdGlvbnMvYzE4Mzg2NWUtNjA3Ny00NmYyLWEzYjEtZGViMGY0ZjQ2NTBhL3Jlc291cmNlR3JvdXBzL3NpdGVyZWNvdmVyeVByb2QxL3Byb3ZpZGVycy9NaWNyb3NvZnQuUmVjb3ZlcnlTZXJ2aWNlcy92YXVsdHMvYjJhUlN2YXVsdHByb2QxNzAxMjAxNy9yZXBsaWNhdGlvbkZhYnJpY3MvMmE0OGUzNzcwYWMwOGFhMmJlOGJmYmQ5NGZjZmIxY2JmMmRjYzQ4N2I3OGZiOWQzYmQ3NzgzMDQ0NDFiMDZhMC9yZXBsaWNhdGlvblByb3RlY3Rpb25Db250YWluZXJzL2ZkNTY4NzU1LTZhYjEtNGExZi1iNGFhLWQxNjk3OTdmMWQwYz9hcGktdmVyc2lvbj0yMDE2LTA4LTEw",
      "RequestMethod": "GET",
      "RequestBody": "",
      "RequestHeaders": {
        "x-ms-client-request-id": [
          "a571674d-617b-445e-afbd-d3c7ea63b71b-2017-06-08 16:49:48Z-P"
        ],
        "accept-language": [
          "en-US"
        ],
        "Agent-Authentication": [
          "{\"NotBeforeTimestamp\":\"\\/Date(1496936988834)\\/\",\"NotAfterTimestamp\":\"\\/Date(1497541788834)\\/\",\"ClientRequestId\":\"a571674d-617b-445e-afbd-d3c7ea63b71b-2017-06-08 16:49:48Z-P\",\"HashFunction\":\"HMACSHA256\",\"Hmac\":\"gJRdgSWbiw+yIsKvOcfjz5rezoigH1RQ2faTtUzMq3I=\",\"Version\":{\"Major\":1,\"Minor\":2,\"Build\":-1,\"Revision\":-1,\"MajorRevision\":-1,\"MinorRevision\":-1},\"PropertyBag\":{}}"
        ],
        "User-Agent": [
          "FxVersion/4.6.1087.0",
          "OSName/Windows_Server_2012_R2_Datacenter",
          "OSVersion/6.3.9600",
          "Microsoft.Azure.Management.RecoveryServices.SiteRecovery.SiteRecoveryManagementClient/1.0.1-preview"
        ]
      },
      "ResponseBody": "{\r\n  \"id\": \"/Subscriptions/c183865e-6077-46f2-a3b1-deb0f4f4650a/resourceGroups/siterecoveryProd1/providers/Microsoft.RecoveryServices/vaults/b2aRSvaultprod17012017/replicationFabrics/2a48e3770ac08aa2be8bfbd94fcfb1cbf2dcc487b78fb9d3bd778304441b06a0/replicationProtectionContainers/fd568755-6ab1-4a1f-b4aa-d169797f1d0c\",\r\n  \"name\": \"fd568755-6ab1-4a1f-b4aa-d169797f1d0c\",\r\n  \"type\": \"Microsoft.RecoveryServices/vaults/replicationFabrics/replicationProtectionContainers\",\r\n  \"properties\": {\r\n    \"fabricFriendlyName\": \"CP-B3L30107-23.ntdev.corp.microsoft.com\",\r\n    \"friendlyName\": \"E2ECloudProdJun08\",\r\n    \"fabricType\": \"VMM\",\r\n    \"protectedItemCount\": 1,\r\n    \"pairingStatus\": \"Paired\",\r\n    \"role\": \"Primary\",\r\n    \"fabricSpecificDetails\": null\r\n  }\r\n}",
      "ResponseHeaders": {
        "Content-Length": [
          "679"
        ],
        "Content-Type": [
          "application/json"
        ],
        "Expires": [
          "-1"
        ],
        "Pragma": [
          "no-cache"
        ],
        "x-ms-request-id": [
          "a571674d-617b-445e-afbd-d3c7ea63b71b-2017-06-08 16:49:48Z-P 6/8/2017 4:49:49 PM"
        ],
        "Strict-Transport-Security": [
          "max-age=31536000; includeSubDomains"
        ],
        "Cache-Control": [
          "no-cache"
        ],
        "Server": [
          "Microsoft-IIS/8.0",
          "Microsoft-IIS/8.5"
        ],
        "X-AspNet-Version": [
          "4.0.30319"
        ],
        "X-Powered-By": [
          "ASP.NET"
        ],
        "x-ms-client-request-id": [
          "a571674d-617b-445e-afbd-d3c7ea63b71b-2017-06-08 16:49:48Z-P"
        ],
        "x-ms-ratelimit-remaining-subscription-reads": [
          "14390"
        ],
        "x-ms-correlation-request-id": [
          "181a9980-b16a-4c28-abe9-b37b5e603f51"
        ],
        "x-ms-routing-request-id": [
          "CENTRALINDIA:20170608T164949Z:181a9980-b16a-4c28-abe9-b37b5e603f51"
        ],
        "Date": [
          "Thu, 08 Jun 2017 16:49:48 GMT"
        ]
      },
      "StatusCode": 200
    },
    {
      "RequestUri": "/Subscriptions/c183865e-6077-46f2-a3b1-deb0f4f4650a/resourceGroups/siterecoveryProd1/providers/Microsoft.RecoveryServices/vaults/b2aRSvaultprod17012017/replicationFabrics/2a48e3770ac08aa2be8bfbd94fcfb1cbf2dcc487b78fb9d3bd778304441b06a0/replicationProtectionContainers/fd568755-6ab1-4a1f-b4aa-d169797f1d0c/replicationProtectionContainerMappings?api-version=2016-08-10",
      "EncodedRequestUri": "L1N1YnNjcmlwdGlvbnMvYzE4Mzg2NWUtNjA3Ny00NmYyLWEzYjEtZGViMGY0ZjQ2NTBhL3Jlc291cmNlR3JvdXBzL3NpdGVyZWNvdmVyeVByb2QxL3Byb3ZpZGVycy9NaWNyb3NvZnQuUmVjb3ZlcnlTZXJ2aWNlcy92YXVsdHMvYjJhUlN2YXVsdHByb2QxNzAxMjAxNy9yZXBsaWNhdGlvbkZhYnJpY3MvMmE0OGUzNzcwYWMwOGFhMmJlOGJmYmQ5NGZjZmIxY2JmMmRjYzQ4N2I3OGZiOWQzYmQ3NzgzMDQ0NDFiMDZhMC9yZXBsaWNhdGlvblByb3RlY3Rpb25Db250YWluZXJzL2ZkNTY4NzU1LTZhYjEtNGExZi1iNGFhLWQxNjk3OTdmMWQwYy9yZXBsaWNhdGlvblByb3RlY3Rpb25Db250YWluZXJNYXBwaW5ncz9hcGktdmVyc2lvbj0yMDE2LTA4LTEw",
      "RequestMethod": "GET",
      "RequestBody": "",
      "RequestHeaders": {
        "x-ms-client-request-id": [
          "abd22b1f-e6e4-4406-9c8d-d95dceac573a-2017-06-08 16:49:49Z-P"
        ],
        "accept-language": [
          "en-US"
        ],
        "Agent-Authentication": [
          "{\"NotBeforeTimestamp\":\"\\/Date(1496936989262)\\/\",\"NotAfterTimestamp\":\"\\/Date(1497541789262)\\/\",\"ClientRequestId\":\"abd22b1f-e6e4-4406-9c8d-d95dceac573a-2017-06-08 16:49:49Z-P\",\"HashFunction\":\"HMACSHA256\",\"Hmac\":\"qB/wRflOP8fNXDmThhtJ9Ak6P1gwT/lo5i0h8Evu0sI=\",\"Version\":{\"Major\":1,\"Minor\":2,\"Build\":-1,\"Revision\":-1,\"MajorRevision\":-1,\"MinorRevision\":-1},\"PropertyBag\":{}}"
        ],
        "User-Agent": [
          "FxVersion/4.6.1087.0",
          "OSName/Windows_Server_2012_R2_Datacenter",
          "OSVersion/6.3.9600",
          "Microsoft.Azure.Management.RecoveryServices.SiteRecovery.SiteRecoveryManagementClient/1.0.1-preview"
        ]
      },
      "ResponseBody": "{\r\n  \"value\": [\r\n    {\r\n      \"id\": \"/Subscriptions/c183865e-6077-46f2-a3b1-deb0f4f4650a/resourceGroups/siterecoveryProd1/providers/Microsoft.RecoveryServices/vaults/b2aRSvaultprod17012017/replicationFabrics/2a48e3770ac08aa2be8bfbd94fcfb1cbf2dcc487b78fb9d3bd778304441b06a0/replicationProtectionContainers/fd568755-6ab1-4a1f-b4aa-d169797f1d0c/replicationProtectionContainerMappings/E2AClP26mapping\",\r\n      \"name\": \"E2AClP26mapping\",\r\n      \"type\": \"Microsoft.RecoveryServices/vaults/replicationFabrics/replicationProtectionContainers/replicationProtectionContainerMappings\",\r\n      \"properties\": {\r\n        \"targetProtectionContainerId\": \"/Subscriptions/c183865e-6077-46f2-a3b1-deb0f4f4650a/resourceGroups/siterecoveryProd1/providers/Microsoft.RecoveryServices/vaults/b2aRSvaultprod17012017/replicationFabrics/2725b016c6d0cce3f8116b18db16c43a194bd8c70344f6f13a1dc67b5e5d0451/replicationProtectionContainers/c2f683c2-cc83-4da5-9b88-ced5711147c3\",\r\n        \"targetProtectionContainerFriendlyName\": \"E2ERProdJun08\",\r\n        \"providerSpecificDetails\": null,\r\n        \"health\": \"Normal\",\r\n        \"healthErrorDetails\": [],\r\n        \"policyId\": \"/Subscriptions/c183865e-6077-46f2-a3b1-deb0f4f4650a/resourceGroups/siterecoveryProd1/providers/Microsoft.RecoveryServices/vaults/b2aRSvaultprod17012017/replicationPolicies/E2EPolicy1\",\r\n        \"state\": \"Paired\",\r\n        \"sourceProtectionContainerFriendlyName\": \"E2ECloudProdJun08\",\r\n        \"sourceFabricFriendlyName\": \"CP-B3L30107-23.ntdev.corp.microsoft.com\",\r\n        \"targetFabricFriendlyName\": \"CP-B3L40104-01.ntdev.corp.microsoft.com\",\r\n        \"policyFriendlyName\": \"E2EPolicy1\"\r\n      }\r\n    }\r\n  ],\r\n  \"nextLink\": null\r\n}",
      "ResponseHeaders": {
        "Content-Length": [
          "1480"
        ],
        "Content-Type": [
          "application/json"
        ],
        "Expires": [
          "-1"
        ],
        "Pragma": [
          "no-cache"
        ],
        "x-ms-request-id": [
          "abd22b1f-e6e4-4406-9c8d-d95dceac573a-2017-06-08 16:49:49Z-P 6/8/2017 4:49:49 PM"
        ],
        "Strict-Transport-Security": [
          "max-age=31536000; includeSubDomains"
        ],
        "Cache-Control": [
          "no-cache"
        ],
        "Server": [
          "Microsoft-IIS/8.0",
          "Microsoft-IIS/8.5"
        ],
        "X-AspNet-Version": [
          "4.0.30319"
        ],
        "X-Powered-By": [
          "ASP.NET"
        ],
        "x-ms-client-request-id": [
          "abd22b1f-e6e4-4406-9c8d-d95dceac573a-2017-06-08 16:49:49Z-P"
        ],
        "x-ms-ratelimit-remaining-subscription-reads": [
          "14389"
        ],
        "x-ms-correlation-request-id": [
          "c6fe8049-2b9d-411f-a3de-5dc3f91adab8"
        ],
        "x-ms-routing-request-id": [
          "CENTRALINDIA:20170608T164949Z:c6fe8049-2b9d-411f-a3de-5dc3f91adab8"
        ],
        "Date": [
          "Thu, 08 Jun 2017 16:49:48 GMT"
        ]
      },
      "StatusCode": 200
    },
    {
      "RequestUri": "/Subscriptions/c183865e-6077-46f2-a3b1-deb0f4f4650a/resourceGroups/siterecoveryProd1/providers/Microsoft.RecoveryServices/vaults/b2aRSvaultprod17012017/replicationPolicies/E2EPolicy1?api-version=2016-08-10",
      "EncodedRequestUri": "L1N1YnNjcmlwdGlvbnMvYzE4Mzg2NWUtNjA3Ny00NmYyLWEzYjEtZGViMGY0ZjQ2NTBhL3Jlc291cmNlR3JvdXBzL3NpdGVyZWNvdmVyeVByb2QxL3Byb3ZpZGVycy9NaWNyb3NvZnQuUmVjb3ZlcnlTZXJ2aWNlcy92YXVsdHMvYjJhUlN2YXVsdHByb2QxNzAxMjAxNy9yZXBsaWNhdGlvblBvbGljaWVzL0UyRVBvbGljeTE/YXBpLXZlcnNpb249MjAxNi0wOC0xMA==",
      "RequestMethod": "GET",
      "RequestBody": "",
      "RequestHeaders": {
        "x-ms-client-request-id": [
          "f3e741ee-9b7b-44c9-af6b-1325528af306-2017-06-08 16:49:49Z-P"
        ],
        "accept-language": [
          "en-US"
        ],
        "Agent-Authentication": [
          "{\"NotBeforeTimestamp\":\"\\/Date(1496936989722)\\/\",\"NotAfterTimestamp\":\"\\/Date(1497541789722)\\/\",\"ClientRequestId\":\"f3e741ee-9b7b-44c9-af6b-1325528af306-2017-06-08 16:49:49Z-P\",\"HashFunction\":\"HMACSHA256\",\"Hmac\":\"qp4t50fz2iCcajeF5rRcc2lV3YqWTcCYVTaUigLpQOU=\",\"Version\":{\"Major\":1,\"Minor\":2,\"Build\":-1,\"Revision\":-1,\"MajorRevision\":-1,\"MinorRevision\":-1},\"PropertyBag\":{}}"
        ],
        "User-Agent": [
          "FxVersion/4.6.1087.0",
          "OSName/Windows_Server_2012_R2_Datacenter",
          "OSVersion/6.3.9600",
          "Microsoft.Azure.Management.RecoveryServices.SiteRecovery.SiteRecoveryManagementClient/1.0.1-preview"
        ]
      },
      "ResponseBody": "{\r\n  \"id\": \"/Subscriptions/c183865e-6077-46f2-a3b1-deb0f4f4650a/resourceGroups/siterecoveryProd1/providers/Microsoft.RecoveryServices/vaults/b2aRSvaultprod17012017/replicationPolicies/E2EPolicy1\",\r\n  \"name\": \"E2EPolicy1\",\r\n  \"type\": \"Microsoft.RecoveryServices/vaults/replicationPolicies\",\r\n  \"properties\": {\r\n    \"friendlyName\": \"E2EPolicy1\",\r\n    \"providerSpecificDetails\": {\r\n      \"instanceType\": \"HyperVReplica2012R2\",\r\n      \"replicationFrequencyInSeconds\": 30,\r\n      \"recoveryPoints\": 1,\r\n      \"applicationConsistentSnapshotFrequencyInHours\": 0,\r\n      \"compression\": \"Disabled\",\r\n      \"initialReplicationMethod\": \"OverNetwork\",\r\n      \"offlineReplicationImportPath\": \"\",\r\n      \"offlineReplicationExportPath\": \"\",\r\n      \"replicationPort\": 8083,\r\n      \"allowedAuthenticationType\": 1,\r\n      \"replicaDeletionOption\": \"SecondaryVMOnRecoveryCloud\"\r\n    }\r\n  }\r\n}",
      "ResponseHeaders": {
        "Content-Length": [
          "726"
        ],
        "Content-Type": [
          "application/json"
        ],
        "Expires": [
          "-1"
        ],
        "Pragma": [
          "no-cache"
        ],
        "x-ms-request-id": [
          "f3e741ee-9b7b-44c9-af6b-1325528af306-2017-06-08 16:49:49Z-P 6/8/2017 4:49:49 PM"
        ],
        "Strict-Transport-Security": [
          "max-age=31536000; includeSubDomains"
        ],
        "Cache-Control": [
          "no-cache"
        ],
        "Server": [
          "Microsoft-IIS/8.0",
          "Microsoft-IIS/8.5"
        ],
        "X-AspNet-Version": [
          "4.0.30319"
        ],
        "X-Powered-By": [
          "ASP.NET"
        ],
        "x-ms-client-request-id": [
          "f3e741ee-9b7b-44c9-af6b-1325528af306-2017-06-08 16:49:49Z-P"
        ],
        "x-ms-ratelimit-remaining-subscription-reads": [
          "14388"
        ],
        "x-ms-correlation-request-id": [
          "298e0d98-d50b-419d-b5f5-ae712b156e93"
        ],
        "x-ms-routing-request-id": [
          "CENTRALINDIA:20170608T164949Z:298e0d98-d50b-419d-b5f5-ae712b156e93"
        ],
        "Date": [
          "Thu, 08 Jun 2017 16:49:49 GMT"
        ]
      },
      "StatusCode": 200
    },
    {
      "RequestUri": "/Subscriptions/c183865e-6077-46f2-a3b1-deb0f4f4650a/resourceGroups/siterecoveryProd1/providers/Microsoft.RecoveryServices/vaults/b2aRSvaultprod17012017/replicationFabrics/2a48e3770ac08aa2be8bfbd94fcfb1cbf2dcc487b78fb9d3bd778304441b06a0/replicationProtectionContainers/fd568755-6ab1-4a1f-b4aa-d169797f1d0c/replicationProtectedItems?api-version=2016-08-10",
      "EncodedRequestUri": "L1N1YnNjcmlwdGlvbnMvYzE4Mzg2NWUtNjA3Ny00NmYyLWEzYjEtZGViMGY0ZjQ2NTBhL3Jlc291cmNlR3JvdXBzL3NpdGVyZWNvdmVyeVByb2QxL3Byb3ZpZGVycy9NaWNyb3NvZnQuUmVjb3ZlcnlTZXJ2aWNlcy92YXVsdHMvYjJhUlN2YXVsdHByb2QxNzAxMjAxNy9yZXBsaWNhdGlvbkZhYnJpY3MvMmE0OGUzNzcwYWMwOGFhMmJlOGJmYmQ5NGZjZmIxY2JmMmRjYzQ4N2I3OGZiOWQzYmQ3NzgzMDQ0NDFiMDZhMC9yZXBsaWNhdGlvblByb3RlY3Rpb25Db250YWluZXJzL2ZkNTY4NzU1LTZhYjEtNGExZi1iNGFhLWQxNjk3OTdmMWQwYy9yZXBsaWNhdGlvblByb3RlY3RlZEl0ZW1zP2FwaS12ZXJzaW9uPTIwMTYtMDgtMTA=",
      "RequestMethod": "GET",
      "RequestBody": "",
      "RequestHeaders": {
        "x-ms-client-request-id": [
          "727aeb2e-fa3a-4ecd-b68e-6834e72830d7-2017-06-08 16:49:50Z-P"
        ],
        "accept-language": [
          "en-US"
        ],
        "Agent-Authentication": [
          "{\"NotBeforeTimestamp\":\"\\/Date(1496936990066)\\/\",\"NotAfterTimestamp\":\"\\/Date(1497541790066)\\/\",\"ClientRequestId\":\"727aeb2e-fa3a-4ecd-b68e-6834e72830d7-2017-06-08 16:49:50Z-P\",\"HashFunction\":\"HMACSHA256\",\"Hmac\":\"U/Wpd1XA4CwQ01ytvXk2By2tkUWNby0BH2kSgiNLHVs=\",\"Version\":{\"Major\":1,\"Minor\":2,\"Build\":-1,\"Revision\":-1,\"MajorRevision\":-1,\"MinorRevision\":-1},\"PropertyBag\":{}}"
        ],
        "User-Agent": [
          "FxVersion/4.6.1087.0",
          "OSName/Windows_Server_2012_R2_Datacenter",
          "OSVersion/6.3.9600",
          "Microsoft.Azure.Management.RecoveryServices.SiteRecovery.SiteRecoveryManagementClient/1.0.1-preview"
        ]
      },
      "ResponseBody": "{\r\n  \"value\": [\r\n    {\r\n      \"id\": \"/Subscriptions/c183865e-6077-46f2-a3b1-deb0f4f4650a/resourceGroups/siterecoveryProd1/providers/Microsoft.RecoveryServices/vaults/b2aRSvaultprod17012017/replicationFabrics/2a48e3770ac08aa2be8bfbd94fcfb1cbf2dcc487b78fb9d3bd778304441b06a0/replicationProtectionContainers/fd568755-6ab1-4a1f-b4aa-d169797f1d0c/replicationProtectedItems/9328eb52-ba95-4bef-84de-d2f390c1b339\",\r\n      \"name\": \"9328eb52-ba95-4bef-84de-d2f390c1b339\",\r\n      \"type\": \"Microsoft.RecoveryServices/vaults/replicationFabrics/replicationProtectionContainers/replicationProtectedItems\",\r\n      \"properties\": {\r\n        \"friendlyName\": \"E2EVMP96\",\r\n        \"protectedItemType\": \"HyperVVirtualMachine\",\r\n        \"protectableItemId\": \"/Subscriptions/c183865e-6077-46f2-a3b1-deb0f4f4650a/resourceGroups/siterecoveryProd1/providers/Microsoft.RecoveryServices/vaults/b2aRSvaultprod17012017/replicationFabrics/2a48e3770ac08aa2be8bfbd94fcfb1cbf2dcc487b78fb9d3bd778304441b06a0/replicationProtectionContainers/fd568755-6ab1-4a1f-b4aa-d169797f1d0c/replicationProtectableItems/9328eb52-ba95-4bef-84de-d2f390c1b339\",\r\n        \"recoveryServicesProviderId\": \"/Subscriptions/c183865e-6077-46f2-a3b1-deb0f4f4650a/resourceGroups/siterecoveryProd1/providers/Microsoft.RecoveryServices/vaults/b2aRSvaultprod17012017/replicationFabrics/2a48e3770ac08aa2be8bfbd94fcfb1cbf2dcc487b78fb9d3bd778304441b06a0/replicationRecoveryServicesProviders/b35b5083-b709-434c-8541-b5e7dd259793\",\r\n        \"primaryFabricFriendlyName\": \"CP-B3L30107-23.ntdev.corp.microsoft.com\",\r\n        \"recoveryFabricFriendlyName\": \"CP-B3L40104-01.ntdev.corp.microsoft.com\",\r\n        \"recoveryFabricId\": \"/Subscriptions/c183865e-6077-46f2-a3b1-deb0f4f4650a/resourceGroups/siterecoveryProd1/providers/Microsoft.RecoveryServices/vaults/b2aRSvaultprod17012017/replicationFabrics/2725b016c6d0cce3f8116b18db16c43a194bd8c70344f6f13a1dc67b5e5d0451\",\r\n        \"primaryProtectionContainerFriendlyName\": \"E2ECloudProdJun08\",\r\n        \"recoveryProtectionContainerFriendlyName\": \"E2ERProdJun08\",\r\n        \"protectionState\": \"Protected\",\r\n        \"protectionStateDescription\": \"Protected\",\r\n        \"activeLocation\": \"Primary\",\r\n        \"testFailoverState\": \"None\",\r\n        \"testFailoverStateDescription\": \"None\",\r\n        \"allowedOperations\": [],\r\n        \"replicationHealth\": \"Normal\",\r\n        \"replicationHealthErrors\": [],\r\n        \"policyId\": \"/Subscriptions/c183865e-6077-46f2-a3b1-deb0f4f4650a/resourceGroups/siterecoveryProd1/providers/Microsoft.RecoveryServices/vaults/b2aRSvaultprod17012017/replicationPolicies/E2EPolicy1\",\r\n        \"policyFriendlyName\": \"E2EPolicy1\",\r\n        \"currentScenario\": {\r\n          \"scenarioName\": \"EnableProtection\",\r\n          \"jobId\": \"/Subscriptions/c183865e-6077-46f2-a3b1-deb0f4f4650a/resourceGroups/siterecoveryProd1/providers/Microsoft.RecoveryServices/vaults/b2aRSvaultprod17012017/replicationJobs/686a6f35-8353-4961-992a-31f0ba7ea343\",\r\n          \"startTime\": \"2017-06-08T16:48:27.4431473Z\"\r\n        },\r\n        \"failoverRecoveryPointId\": \"\",\r\n        \"providerSpecificDetails\": {\r\n          \"instanceType\": \"HyperVReplica2012R2\",\r\n          \"lastReplicatedTime\": null,\r\n          \"vmNics\": [],\r\n          \"vmId\": \"9328eb52-ba95-4bef-84de-d2f390c1b339\",\r\n          \"vmProtectionState\": \"ReplicaConfigurationInProgress\",\r\n          \"vmProtectionStateDescription\": \"Configuring the replica\",\r\n          \"initialReplicationDetails\": {\r\n            \"initialReplicationType\": \"OverNetwork\",\r\n            \"initialReplicationProgressPercentage\": \"0\"\r\n          },\r\n          \"vMDiskDetails\": [\r\n            {\r\n              \"maxSizeMB\": 1024,\r\n              \"vhdType\": \"Data\",\r\n              \"vhdId\": \"b1053598-dc21-4ebd-887e-e74d95d8b011\",\r\n              \"vhdName\": null\r\n            }\r\n          ]\r\n        },\r\n        \"recoveryContainerId\": \"/Subscriptions/c183865e-6077-46f2-a3b1-deb0f4f4650a/resourceGroups/siterecoveryProd1/providers/Microsoft.RecoveryServices/vaults/b2aRSvaultprod17012017/replicationFabrics/2725b016c6d0cce3f8116b18db16c43a194bd8c70344f6f13a1dc67b5e5d0451/replicationProtectionContainers/c2f683c2-cc83-4da5-9b88-ced5711147c3\"\r\n      }\r\n    }\r\n  ],\r\n  \"nextLink\": null\r\n}",
      "ResponseHeaders": {
        "Content-Length": [
          "3535"
        ],
        "Content-Type": [
          "application/json"
        ],
        "Expires": [
          "-1"
        ],
        "Pragma": [
          "no-cache"
        ],
        "x-ms-request-id": [
          "727aeb2e-fa3a-4ecd-b68e-6834e72830d7-2017-06-08 16:49:50Z-P 6/8/2017 4:49:50 PM"
        ],
        "Strict-Transport-Security": [
          "max-age=31536000; includeSubDomains"
        ],
        "Cache-Control": [
          "no-cache"
        ],
        "Server": [
          "Microsoft-IIS/8.0",
          "Microsoft-IIS/8.5"
        ],
        "X-AspNet-Version": [
          "4.0.30319"
        ],
        "X-Powered-By": [
          "ASP.NET"
        ],
        "x-ms-client-request-id": [
          "727aeb2e-fa3a-4ecd-b68e-6834e72830d7-2017-06-08 16:49:50Z-P"
        ],
        "x-ms-ratelimit-remaining-subscription-reads": [
          "14387"
        ],
        "x-ms-correlation-request-id": [
          "67aa47f7-e2a2-4873-9d21-1b5fad1e8234"
        ],
        "x-ms-routing-request-id": [
          "CENTRALINDIA:20170608T164950Z:67aa47f7-e2a2-4873-9d21-1b5fad1e8234"
        ],
        "Date": [
          "Thu, 08 Jun 2017 16:49:49 GMT"
        ]
      },
      "StatusCode": 200
    },
    {
      "RequestUri": "/Subscriptions/c183865e-6077-46f2-a3b1-deb0f4f4650a/resourceGroups/siterecoveryProd1/providers/Microsoft.RecoveryServices/vaults/b2aRSvaultprod17012017/replicationFabrics/2a48e3770ac08aa2be8bfbd94fcfb1cbf2dcc487b78fb9d3bd778304441b06a0/replicationProtectionContainers/fd568755-6ab1-4a1f-b4aa-d169797f1d0c/replicationProtectedItems/9328eb52-ba95-4bef-84de-d2f390c1b339?api-version=2016-08-10",
      "EncodedRequestUri": "L1N1YnNjcmlwdGlvbnMvYzE4Mzg2NWUtNjA3Ny00NmYyLWEzYjEtZGViMGY0ZjQ2NTBhL3Jlc291cmNlR3JvdXBzL3NpdGVyZWNvdmVyeVByb2QxL3Byb3ZpZGVycy9NaWNyb3NvZnQuUmVjb3ZlcnlTZXJ2aWNlcy92YXVsdHMvYjJhUlN2YXVsdHByb2QxNzAxMjAxNy9yZXBsaWNhdGlvbkZhYnJpY3MvMmE0OGUzNzcwYWMwOGFhMmJlOGJmYmQ5NGZjZmIxY2JmMmRjYzQ4N2I3OGZiOWQzYmQ3NzgzMDQ0NDFiMDZhMC9yZXBsaWNhdGlvblByb3RlY3Rpb25Db250YWluZXJzL2ZkNTY4NzU1LTZhYjEtNGExZi1iNGFhLWQxNjk3OTdmMWQwYy9yZXBsaWNhdGlvblByb3RlY3RlZEl0ZW1zLzkzMjhlYjUyLWJhOTUtNGJlZi04NGRlLWQyZjM5MGMxYjMzOT9hcGktdmVyc2lvbj0yMDE2LTA4LTEw",
      "RequestMethod": "GET",
      "RequestBody": "",
      "RequestHeaders": {
        "x-ms-client-request-id": [
          "75857ce0-75ab-44dc-b23b-0fbbf7a7ab43-2017-06-08 16:49:50Z-P"
        ],
        "accept-language": [
          "en-US"
        ],
        "Agent-Authentication": [
          "{\"NotBeforeTimestamp\":\"\\/Date(1496936990540)\\/\",\"NotAfterTimestamp\":\"\\/Date(1497541790540)\\/\",\"ClientRequestId\":\"75857ce0-75ab-44dc-b23b-0fbbf7a7ab43-2017-06-08 16:49:50Z-P\",\"HashFunction\":\"HMACSHA256\",\"Hmac\":\"wi0Y/xR+Tif1QV0Ts0edAR0XbfGbPk4jXFC8cpfTF10=\",\"Version\":{\"Major\":1,\"Minor\":2,\"Build\":-1,\"Revision\":-1,\"MajorRevision\":-1,\"MinorRevision\":-1},\"PropertyBag\":{}}"
        ],
        "User-Agent": [
          "FxVersion/4.6.1087.0",
          "OSName/Windows_Server_2012_R2_Datacenter",
          "OSVersion/6.3.9600",
          "Microsoft.Azure.Management.RecoveryServices.SiteRecovery.SiteRecoveryManagementClient/1.0.1-preview"
        ]
      },
      "ResponseBody": "{\r\n  \"id\": \"/Subscriptions/c183865e-6077-46f2-a3b1-deb0f4f4650a/resourceGroups/siterecoveryProd1/providers/Microsoft.RecoveryServices/vaults/b2aRSvaultprod17012017/replicationFabrics/2a48e3770ac08aa2be8bfbd94fcfb1cbf2dcc487b78fb9d3bd778304441b06a0/replicationProtectionContainers/fd568755-6ab1-4a1f-b4aa-d169797f1d0c/replicationProtectedItems/9328eb52-ba95-4bef-84de-d2f390c1b339\",\r\n  \"name\": \"9328eb52-ba95-4bef-84de-d2f390c1b339\",\r\n  \"type\": \"Microsoft.RecoveryServices/vaults/replicationFabrics/replicationProtectionContainers/replicationProtectedItems\",\r\n  \"properties\": {\r\n    \"friendlyName\": \"E2EVMP96\",\r\n    \"protectedItemType\": \"HyperVVirtualMachine\",\r\n    \"protectableItemId\": \"/Subscriptions/c183865e-6077-46f2-a3b1-deb0f4f4650a/resourceGroups/siterecoveryProd1/providers/Microsoft.RecoveryServices/vaults/b2aRSvaultprod17012017/replicationFabrics/2a48e3770ac08aa2be8bfbd94fcfb1cbf2dcc487b78fb9d3bd778304441b06a0/replicationProtectionContainers/fd568755-6ab1-4a1f-b4aa-d169797f1d0c/replicationProtectableItems/9328eb52-ba95-4bef-84de-d2f390c1b339\",\r\n    \"recoveryServicesProviderId\": \"/Subscriptions/c183865e-6077-46f2-a3b1-deb0f4f4650a/resourceGroups/siterecoveryProd1/providers/Microsoft.RecoveryServices/vaults/b2aRSvaultprod17012017/replicationFabrics/2a48e3770ac08aa2be8bfbd94fcfb1cbf2dcc487b78fb9d3bd778304441b06a0/replicationRecoveryServicesProviders/b35b5083-b709-434c-8541-b5e7dd259793\",\r\n    \"primaryFabricFriendlyName\": \"CP-B3L30107-23.ntdev.corp.microsoft.com\",\r\n    \"recoveryFabricFriendlyName\": \"CP-B3L40104-01.ntdev.corp.microsoft.com\",\r\n    \"recoveryFabricId\": \"/Subscriptions/c183865e-6077-46f2-a3b1-deb0f4f4650a/resourceGroups/siterecoveryProd1/providers/Microsoft.RecoveryServices/vaults/b2aRSvaultprod17012017/replicationFabrics/2725b016c6d0cce3f8116b18db16c43a194bd8c70344f6f13a1dc67b5e5d0451\",\r\n    \"primaryProtectionContainerFriendlyName\": \"E2ECloudProdJun08\",\r\n    \"recoveryProtectionContainerFriendlyName\": \"E2ERProdJun08\",\r\n    \"protectionState\": \"Protected\",\r\n    \"protectionStateDescription\": \"Protected\",\r\n    \"activeLocation\": \"Primary\",\r\n    \"testFailoverState\": \"None\",\r\n    \"testFailoverStateDescription\": \"None\",\r\n    \"allowedOperations\": [],\r\n    \"replicationHealth\": \"Normal\",\r\n    \"replicationHealthErrors\": [],\r\n    \"policyId\": \"/Subscriptions/c183865e-6077-46f2-a3b1-deb0f4f4650a/resourceGroups/siterecoveryProd1/providers/Microsoft.RecoveryServices/vaults/b2aRSvaultprod17012017/replicationPolicies/E2EPolicy1\",\r\n    \"policyFriendlyName\": \"E2EPolicy1\",\r\n    \"currentScenario\": {\r\n      \"scenarioName\": \"EnableProtection\",\r\n      \"jobId\": \"/Subscriptions/c183865e-6077-46f2-a3b1-deb0f4f4650a/resourceGroups/siterecoveryProd1/providers/Microsoft.RecoveryServices/vaults/b2aRSvaultprod17012017/replicationJobs/686a6f35-8353-4961-992a-31f0ba7ea343\",\r\n      \"startTime\": \"2017-06-08T16:48:27.4431473Z\"\r\n    },\r\n    \"failoverRecoveryPointId\": \"\",\r\n    \"providerSpecificDetails\": {\r\n      \"instanceType\": \"HyperVReplica2012R2\",\r\n      \"lastReplicatedTime\": null,\r\n      \"vmNics\": [],\r\n      \"vmId\": \"9328eb52-ba95-4bef-84de-d2f390c1b339\",\r\n      \"vmProtectionState\": \"ReplicaConfigurationInProgress\",\r\n      \"vmProtectionStateDescription\": \"Configuring the replica\",\r\n      \"initialReplicationDetails\": {\r\n        \"initialReplicationType\": \"OverNetwork\",\r\n        \"initialReplicationProgressPercentage\": \"0\"\r\n      },\r\n      \"vMDiskDetails\": [\r\n        {\r\n          \"maxSizeMB\": 1024,\r\n          \"vhdType\": \"Data\",\r\n          \"vhdId\": \"b1053598-dc21-4ebd-887e-e74d95d8b011\",\r\n          \"vhdName\": null\r\n        }\r\n      ]\r\n    },\r\n    \"recoveryContainerId\": \"/Subscriptions/c183865e-6077-46f2-a3b1-deb0f4f4650a/resourceGroups/siterecoveryProd1/providers/Microsoft.RecoveryServices/vaults/b2aRSvaultprod17012017/replicationFabrics/2725b016c6d0cce3f8116b18db16c43a194bd8c70344f6f13a1dc67b5e5d0451/replicationProtectionContainers/c2f683c2-cc83-4da5-9b88-ced5711147c3\"\r\n  }\r\n}",
      "ResponseHeaders": {
        "Content-Length": [
          "3507"
        ],
        "Content-Type": [
          "application/json"
        ],
        "Expires": [
          "-1"
        ],
        "Pragma": [
          "no-cache"
        ],
        "x-ms-request-id": [
          "75857ce0-75ab-44dc-b23b-0fbbf7a7ab43-2017-06-08 16:49:50Z-P 6/8/2017 4:49:50 PM"
        ],
        "Strict-Transport-Security": [
          "max-age=31536000; includeSubDomains"
        ],
        "Cache-Control": [
          "no-cache"
        ],
        "Server": [
          "Microsoft-IIS/8.0",
          "Microsoft-IIS/8.5"
        ],
        "X-AspNet-Version": [
          "4.0.30319"
        ],
        "X-Powered-By": [
          "ASP.NET"
        ],
        "x-ms-client-request-id": [
          "75857ce0-75ab-44dc-b23b-0fbbf7a7ab43-2017-06-08 16:49:50Z-P"
        ],
        "x-ms-ratelimit-remaining-subscription-reads": [
          "14385"
        ],
        "x-ms-correlation-request-id": [
          "f898bf7c-a45f-42a2-bda7-b4addb067784"
        ],
        "x-ms-routing-request-id": [
          "CENTRALINDIA:20170608T164950Z:f898bf7c-a45f-42a2-bda7-b4addb067784"
        ],
        "Date": [
          "Thu, 08 Jun 2017 16:49:50 GMT"
        ]
      },
      "StatusCode": 200
    },
    {
      "RequestUri": "/Subscriptions/c183865e-6077-46f2-a3b1-deb0f4f4650a/resourceGroups/siterecoveryProd1/providers/Microsoft.RecoveryServices/vaults/b2aRSvaultprod17012017/replicationFabrics/2a48e3770ac08aa2be8bfbd94fcfb1cbf2dcc487b78fb9d3bd778304441b06a0/replicationProtectionContainers/fd568755-6ab1-4a1f-b4aa-d169797f1d0c/replicationProtectedItems/9328eb52-ba95-4bef-84de-d2f390c1b339?api-version=2016-08-10",
      "EncodedRequestUri": "L1N1YnNjcmlwdGlvbnMvYzE4Mzg2NWUtNjA3Ny00NmYyLWEzYjEtZGViMGY0ZjQ2NTBhL3Jlc291cmNlR3JvdXBzL3NpdGVyZWNvdmVyeVByb2QxL3Byb3ZpZGVycy9NaWNyb3NvZnQuUmVjb3ZlcnlTZXJ2aWNlcy92YXVsdHMvYjJhUlN2YXVsdHByb2QxNzAxMjAxNy9yZXBsaWNhdGlvbkZhYnJpY3MvMmE0OGUzNzcwYWMwOGFhMmJlOGJmYmQ5NGZjZmIxY2JmMmRjYzQ4N2I3OGZiOWQzYmQ3NzgzMDQ0NDFiMDZhMC9yZXBsaWNhdGlvblByb3RlY3Rpb25Db250YWluZXJzL2ZkNTY4NzU1LTZhYjEtNGExZi1iNGFhLWQxNjk3OTdmMWQwYy9yZXBsaWNhdGlvblByb3RlY3RlZEl0ZW1zLzkzMjhlYjUyLWJhOTUtNGJlZi04NGRlLWQyZjM5MGMxYjMzOT9hcGktdmVyc2lvbj0yMDE2LTA4LTEw",
      "RequestMethod": "GET",
      "RequestBody": "",
      "RequestHeaders": {
        "x-ms-client-request-id": [
          "387b9d7d-2f6b-481d-ac3d-38d04c9b5361-2017-06-08 16:49:51Z-P"
        ],
        "accept-language": [
          "en-US"
        ],
        "Agent-Authentication": [
          "{\"NotBeforeTimestamp\":\"\\/Date(1496936991016)\\/\",\"NotAfterTimestamp\":\"\\/Date(1497541791016)\\/\",\"ClientRequestId\":\"387b9d7d-2f6b-481d-ac3d-38d04c9b5361-2017-06-08 16:49:51Z-P\",\"HashFunction\":\"HMACSHA256\",\"Hmac\":\"AFjnB7xX3MCbM39wzYEDieiWXToKPDhXNdmPfl1JcvE=\",\"Version\":{\"Major\":1,\"Minor\":2,\"Build\":-1,\"Revision\":-1,\"MajorRevision\":-1,\"MinorRevision\":-1},\"PropertyBag\":{}}"
        ],
        "User-Agent": [
          "FxVersion/4.6.1087.0",
          "OSName/Windows_Server_2012_R2_Datacenter",
          "OSVersion/6.3.9600",
          "Microsoft.Azure.Management.RecoveryServices.SiteRecovery.SiteRecoveryManagementClient/1.0.1-preview"
        ]
      },
      "ResponseBody": "{\r\n  \"id\": \"/Subscriptions/c183865e-6077-46f2-a3b1-deb0f4f4650a/resourceGroups/siterecoveryProd1/providers/Microsoft.RecoveryServices/vaults/b2aRSvaultprod17012017/replicationFabrics/2a48e3770ac08aa2be8bfbd94fcfb1cbf2dcc487b78fb9d3bd778304441b06a0/replicationProtectionContainers/fd568755-6ab1-4a1f-b4aa-d169797f1d0c/replicationProtectedItems/9328eb52-ba95-4bef-84de-d2f390c1b339\",\r\n  \"name\": \"9328eb52-ba95-4bef-84de-d2f390c1b339\",\r\n  \"type\": \"Microsoft.RecoveryServices/vaults/replicationFabrics/replicationProtectionContainers/replicationProtectedItems\",\r\n  \"properties\": {\r\n    \"friendlyName\": \"E2EVMP96\",\r\n    \"protectedItemType\": \"HyperVVirtualMachine\",\r\n    \"protectableItemId\": \"/Subscriptions/c183865e-6077-46f2-a3b1-deb0f4f4650a/resourceGroups/siterecoveryProd1/providers/Microsoft.RecoveryServices/vaults/b2aRSvaultprod17012017/replicationFabrics/2a48e3770ac08aa2be8bfbd94fcfb1cbf2dcc487b78fb9d3bd778304441b06a0/replicationProtectionContainers/fd568755-6ab1-4a1f-b4aa-d169797f1d0c/replicationProtectableItems/9328eb52-ba95-4bef-84de-d2f390c1b339\",\r\n    \"recoveryServicesProviderId\": \"/Subscriptions/c183865e-6077-46f2-a3b1-deb0f4f4650a/resourceGroups/siterecoveryProd1/providers/Microsoft.RecoveryServices/vaults/b2aRSvaultprod17012017/replicationFabrics/2a48e3770ac08aa2be8bfbd94fcfb1cbf2dcc487b78fb9d3bd778304441b06a0/replicationRecoveryServicesProviders/b35b5083-b709-434c-8541-b5e7dd259793\",\r\n    \"primaryFabricFriendlyName\": \"CP-B3L30107-23.ntdev.corp.microsoft.com\",\r\n    \"recoveryFabricFriendlyName\": \"CP-B3L40104-01.ntdev.corp.microsoft.com\",\r\n    \"recoveryFabricId\": \"/Subscriptions/c183865e-6077-46f2-a3b1-deb0f4f4650a/resourceGroups/siterecoveryProd1/providers/Microsoft.RecoveryServices/vaults/b2aRSvaultprod17012017/replicationFabrics/2725b016c6d0cce3f8116b18db16c43a194bd8c70344f6f13a1dc67b5e5d0451\",\r\n    \"primaryProtectionContainerFriendlyName\": \"E2ECloudProdJun08\",\r\n    \"recoveryProtectionContainerFriendlyName\": \"E2ERProdJun08\",\r\n    \"protectionState\": \"Protected\",\r\n    \"protectionStateDescription\": \"Protected\",\r\n    \"activeLocation\": \"Primary\",\r\n    \"testFailoverState\": \"None\",\r\n    \"testFailoverStateDescription\": \"None\",\r\n    \"allowedOperations\": [],\r\n    \"replicationHealth\": \"Normal\",\r\n    \"replicationHealthErrors\": [],\r\n    \"policyId\": \"/Subscriptions/c183865e-6077-46f2-a3b1-deb0f4f4650a/resourceGroups/siterecoveryProd1/providers/Microsoft.RecoveryServices/vaults/b2aRSvaultprod17012017/replicationPolicies/E2EPolicy1\",\r\n    \"policyFriendlyName\": \"E2EPolicy1\",\r\n    \"currentScenario\": {\r\n      \"scenarioName\": \"EnableProtection\",\r\n      \"jobId\": \"/Subscriptions/c183865e-6077-46f2-a3b1-deb0f4f4650a/resourceGroups/siterecoveryProd1/providers/Microsoft.RecoveryServices/vaults/b2aRSvaultprod17012017/replicationJobs/686a6f35-8353-4961-992a-31f0ba7ea343\",\r\n      \"startTime\": \"2017-06-08T16:48:27.4431473Z\"\r\n    },\r\n    \"failoverRecoveryPointId\": \"\",\r\n    \"providerSpecificDetails\": {\r\n      \"instanceType\": \"HyperVReplica2012R2\",\r\n      \"lastReplicatedTime\": null,\r\n      \"vmNics\": [],\r\n      \"vmId\": \"9328eb52-ba95-4bef-84de-d2f390c1b339\",\r\n      \"vmProtectionState\": \"ReplicaConfigurationInProgress\",\r\n      \"vmProtectionStateDescription\": \"Configuring the replica\",\r\n      \"initialReplicationDetails\": {\r\n        \"initialReplicationType\": \"OverNetwork\",\r\n        \"initialReplicationProgressPercentage\": \"0\"\r\n      },\r\n      \"vMDiskDetails\": [\r\n        {\r\n          \"maxSizeMB\": 1024,\r\n          \"vhdType\": \"Data\",\r\n          \"vhdId\": \"b1053598-dc21-4ebd-887e-e74d95d8b011\",\r\n          \"vhdName\": null\r\n        }\r\n      ]\r\n    },\r\n    \"recoveryContainerId\": \"/Subscriptions/c183865e-6077-46f2-a3b1-deb0f4f4650a/resourceGroups/siterecoveryProd1/providers/Microsoft.RecoveryServices/vaults/b2aRSvaultprod17012017/replicationFabrics/2725b016c6d0cce3f8116b18db16c43a194bd8c70344f6f13a1dc67b5e5d0451/replicationProtectionContainers/c2f683c2-cc83-4da5-9b88-ced5711147c3\"\r\n  }\r\n}",
      "ResponseHeaders": {
        "Content-Length": [
          "3507"
        ],
        "Content-Type": [
          "application/json"
        ],
        "Expires": [
          "-1"
        ],
        "Pragma": [
          "no-cache"
        ],
        "x-ms-request-id": [
          "387b9d7d-2f6b-481d-ac3d-38d04c9b5361-2017-06-08 16:49:51Z-P 6/8/2017 4:49:51 PM"
        ],
        "Strict-Transport-Security": [
          "max-age=31536000; includeSubDomains"
        ],
        "Cache-Control": [
          "no-cache"
        ],
        "Server": [
          "Microsoft-IIS/8.0",
          "Microsoft-IIS/8.5"
        ],
        "X-AspNet-Version": [
          "4.0.30319"
        ],
        "X-Powered-By": [
          "ASP.NET"
        ],
        "x-ms-client-request-id": [
          "387b9d7d-2f6b-481d-ac3d-38d04c9b5361-2017-06-08 16:49:51Z-P"
        ],
        "x-ms-ratelimit-remaining-subscription-reads": [
          "14383"
        ],
        "x-ms-correlation-request-id": [
          "89f47a40-8cd4-4e53-9f52-674bb4f922ce"
        ],
        "x-ms-routing-request-id": [
          "CENTRALINDIA:20170608T164951Z:89f47a40-8cd4-4e53-9f52-674bb4f922ce"
        ],
        "Date": [
          "Thu, 08 Jun 2017 16:49:50 GMT"
        ]
      },
      "StatusCode": 200
    },
    {
      "RequestUri": "/Subscriptions/c183865e-6077-46f2-a3b1-deb0f4f4650a/resourceGroups/siterecoveryProd1/providers/Microsoft.RecoveryServices/vaults/b2aRSvaultprod17012017/replicationRecoveryPlans/RPSwag96?api-version=2016-08-10",
      "EncodedRequestUri": "L1N1YnNjcmlwdGlvbnMvYzE4Mzg2NWUtNjA3Ny00NmYyLWEzYjEtZGViMGY0ZjQ2NTBhL3Jlc291cmNlR3JvdXBzL3NpdGVyZWNvdmVyeVByb2QxL3Byb3ZpZGVycy9NaWNyb3NvZnQuUmVjb3ZlcnlTZXJ2aWNlcy92YXVsdHMvYjJhUlN2YXVsdHByb2QxNzAxMjAxNy9yZXBsaWNhdGlvblJlY292ZXJ5UGxhbnMvUlBTd2FnOTY/YXBpLXZlcnNpb249MjAxNi0wOC0xMA==",
      "RequestMethod": "PUT",
      "RequestBody": "{\r\n  \"properties\": {\r\n    \"primaryFabricId\": \"/Subscriptions/c183865e-6077-46f2-a3b1-deb0f4f4650a/resourceGroups/siterecoveryProd1/providers/Microsoft.RecoveryServices/vaults/b2aRSvaultprod17012017/replicationFabrics/2a48e3770ac08aa2be8bfbd94fcfb1cbf2dcc487b78fb9d3bd778304441b06a0\",\r\n    \"recoveryFabricId\": \"/Subscriptions/c183865e-6077-46f2-a3b1-deb0f4f4650a/resourceGroups/siterecoveryProd1/providers/Microsoft.RecoveryServices/vaults/b2aRSvaultprod17012017/replicationFabrics/2725b016c6d0cce3f8116b18db16c43a194bd8c70344f6f13a1dc67b5e5d0451\",\r\n    \"failoverDeploymentModel\": \"NotApplicable\",\r\n    \"groups\": [\r\n      {\r\n        \"groupType\": \"Boot\",\r\n        \"replicationProtectedItems\": [\r\n          {\r\n            \"id\": \"/Subscriptions/c183865e-6077-46f2-a3b1-deb0f4f4650a/resourceGroups/siterecoveryProd1/providers/Microsoft.RecoveryServices/vaults/b2aRSvaultprod17012017/replicationFabrics/2a48e3770ac08aa2be8bfbd94fcfb1cbf2dcc487b78fb9d3bd778304441b06a0/replicationProtectionContainers/fd568755-6ab1-4a1f-b4aa-d169797f1d0c/replicationProtectedItems/9328eb52-ba95-4bef-84de-d2f390c1b339\",\r\n            \"virtualMachineId\": \"9328eb52-ba95-4bef-84de-d2f390c1b339\"\r\n          }\r\n        ],\r\n        \"startGroupActions\": [],\r\n        \"endGroupActions\": []\r\n      }\r\n    ]\r\n  }\r\n}",
      "RequestHeaders": {
        "Content-Type": [
          "application/json; charset=utf-8"
        ],
        "Content-Length": [
          "1281"
        ],
        "x-ms-client-request-id": [
          "0ecbaa18-b13f-4bdc-9afa-6a32b8a58cb4-2017-06-08 16:49:51Z-P"
        ],
        "accept-language": [
          "en-US"
        ],
        "Agent-Authentication": [
          "{\"NotBeforeTimestamp\":\"\\/Date(1496936991502)\\/\",\"NotAfterTimestamp\":\"\\/Date(1497541791502)\\/\",\"ClientRequestId\":\"0ecbaa18-b13f-4bdc-9afa-6a32b8a58cb4-2017-06-08 16:49:51Z-P\",\"HashFunction\":\"HMACSHA256\",\"Hmac\":\"YVrjuE6ZsEZSZGdRAPL+mGW/idenfa0WzrQrbhjis+s=\",\"Version\":{\"Major\":1,\"Minor\":2,\"Build\":-1,\"Revision\":-1,\"MajorRevision\":-1,\"MinorRevision\":-1},\"PropertyBag\":{}}"
        ],
        "User-Agent": [
          "FxVersion/4.6.1087.0",
          "OSName/Windows_Server_2012_R2_Datacenter",
          "OSVersion/6.3.9600",
          "Microsoft.Azure.Management.RecoveryServices.SiteRecovery.SiteRecoveryManagementClient/1.0.1-preview"
        ]
      },
      "ResponseBody": "",
      "ResponseHeaders": {
        "Content-Length": [
          "0"
        ],
        "Expires": [
          "-1"
        ],
        "Pragma": [
          "no-cache"
        ],
        "Retry-After": [
          "30"
        ],
        "x-ms-request-id": [
          "/Subscriptions/c183865e-6077-46f2-a3b1-deb0f4f4650a/resourceGroups/siterecoveryProd1/providers/Microsoft.RecoveryServices/vaults/b2aRSvaultprod17012017/replicationJobs/7ea13757-e24c-4d00-839e-c6455e22481a",
          "0ecbaa18-b13f-4bdc-9afa-6a32b8a58cb4-2017-06-08 16:49:51Z-P 6/8/2017 4:49:52 PM"
        ],
        "Azure-AsyncOperation": [
          "https://management.azure.com/Subscriptions/c183865e-6077-46f2-a3b1-deb0f4f4650a/resourceGroups/siterecoveryProd1/providers/Microsoft.RecoveryServices/vaults/b2aRSvaultprod17012017/replicationJobs/7ea13757-e24c-4d00-839e-c6455e22481a?api-version=2016-08-10"
        ],
        "Strict-Transport-Security": [
          "max-age=31536000; includeSubDomains"
        ],
        "x-ms-client-request-id": [
          "0ecbaa18-b13f-4bdc-9afa-6a32b8a58cb4-2017-06-08 16:49:51Z-P"
        ],
        "x-ms-ratelimit-remaining-subscription-writes": [
          "1198"
        ],
        "x-ms-correlation-request-id": [
          "64306c4f-dc77-466b-bb9f-07ac502db18d"
        ],
        "x-ms-routing-request-id": [
          "CENTRALINDIA:20170608T164952Z:64306c4f-dc77-466b-bb9f-07ac502db18d"
        ],
        "Cache-Control": [
          "no-cache"
        ],
        "Date": [
          "Thu, 08 Jun 2017 16:49:52 GMT"
        ],
        "Location": [
          "https://management.azure.com/Subscriptions/c183865e-6077-46f2-a3b1-deb0f4f4650a/resourceGroups/siterecoveryProd1/providers/Microsoft.RecoveryServices/vaults/b2aRSvaultprod17012017/replicationRecoveryPlans/RPSwag96/operationresults/7ea13757-e24c-4d00-839e-c6455e22481a?api-version=2016-08-10"
        ],
        "X-Powered-By": [
          "ASP.NET"
        ]
      },
      "StatusCode": 202
    },
    {
      "RequestUri": "/Subscriptions/c183865e-6077-46f2-a3b1-deb0f4f4650a/resourceGroups/siterecoveryProd1/providers/Microsoft.RecoveryServices/vaults/b2aRSvaultprod17012017/replicationJobs/7ea13757-e24c-4d00-839e-c6455e22481a?api-version=2016-08-10",
      "EncodedRequestUri": "L1N1YnNjcmlwdGlvbnMvYzE4Mzg2NWUtNjA3Ny00NmYyLWEzYjEtZGViMGY0ZjQ2NTBhL3Jlc291cmNlR3JvdXBzL3NpdGVyZWNvdmVyeVByb2QxL3Byb3ZpZGVycy9NaWNyb3NvZnQuUmVjb3ZlcnlTZXJ2aWNlcy92YXVsdHMvYjJhUlN2YXVsdHByb2QxNzAxMjAxNy9yZXBsaWNhdGlvbkpvYnMvN2VhMTM3NTctZTI0Yy00ZDAwLTgzOWUtYzY0NTVlMjI0ODFhP2FwaS12ZXJzaW9uPTIwMTYtMDgtMTA=",
      "RequestMethod": "GET",
      "RequestBody": "",
      "RequestHeaders": {
        "x-ms-client-request-id": [
          "f4bf2226-3606-4162-83e9-7f9d893e248a-2017-06-08 16:49:52Z-P"
        ],
        "accept-language": [
          "en-US"
        ],
        "Agent-Authentication": [
          "{\"NotBeforeTimestamp\":\"\\/Date(1496936992872)\\/\",\"NotAfterTimestamp\":\"\\/Date(1497541792872)\\/\",\"ClientRequestId\":\"f4bf2226-3606-4162-83e9-7f9d893e248a-2017-06-08 16:49:52Z-P\",\"HashFunction\":\"HMACSHA256\",\"Hmac\":\"2qa2Yua2lru8D1NlcNxQMcP83VD9ByonEzKEvlo3iw8=\",\"Version\":{\"Major\":1,\"Minor\":2,\"Build\":-1,\"Revision\":-1,\"MajorRevision\":-1,\"MinorRevision\":-1},\"PropertyBag\":{}}"
        ],
        "User-Agent": [
          "FxVersion/4.6.1087.0",
          "OSName/Windows_Server_2012_R2_Datacenter",
          "OSVersion/6.3.9600",
          "Microsoft.Azure.Management.RecoveryServices.SiteRecovery.SiteRecoveryManagementClient/1.0.1-preview"
        ]
      },
      "ResponseBody": "{\r\n  \"id\": \"/Subscriptions/c183865e-6077-46f2-a3b1-deb0f4f4650a/resourceGroups/siterecoveryProd1/providers/Microsoft.RecoveryServices/vaults/b2aRSvaultprod17012017/replicationJobs/7ea13757-e24c-4d00-839e-c6455e22481a\",\r\n  \"name\": \"7ea13757-e24c-4d00-839e-c6455e22481a\",\r\n  \"properties\": {\r\n    \"activityId\": \"0ecbaa18-b13f-4bdc-9afa-6a32b8a58cb4-2017-06-08 16:49:51Z-P ActivityId: 64306c4f-dc77-466b-bb9f-07ac502db18d\",\r\n    \"scenarioName\": null,\r\n    \"friendlyName\": null,\r\n    \"state\": \"NotStarted\",\r\n    \"stateDescription\": \"NotStarted\",\r\n    \"tasks\": [],\r\n    \"errors\": [],\r\n    \"allowedActions\": [],\r\n    \"targetObjectId\": null,\r\n    \"targetObjectName\": null,\r\n    \"targetInstanceType\": \"ProtectionEntity\",\r\n    \"customDetails\": {\r\n      \"instanceType\": \"AsrJobDetails\",\r\n      \"affectedObjectDetails\": {}\r\n    }\r\n  },\r\n  \"status\": \"NotStarted\",\r\n  \"error\": null,\r\n  \"startTime\": null,\r\n  \"endTime\": null\r\n}",
      "ResponseHeaders": {
        "Content-Length": [
          "763"
        ],
        "Content-Type": [
          "application/json"
        ],
        "Expires": [
          "-1"
        ],
        "Pragma": [
          "no-cache"
        ],
        "x-ms-request-id": [
          "/Subscriptions/c183865e-6077-46f2-a3b1-deb0f4f4650a/resourceGroups/siterecoveryProd1/providers/Microsoft.RecoveryServices/vaults/b2aRSvaultprod17012017/replicationJobs/7ea13757-e24c-4d00-839e-c6455e22481a"
        ],
        "Strict-Transport-Security": [
          "max-age=31536000; includeSubDomains"
        ],
        "Cache-Control": [
          "no-cache"
        ],
        "Server": [
          "Microsoft-IIS/8.0",
          "Microsoft-IIS/8.5"
        ],
        "X-AspNet-Version": [
          "4.0.30319"
        ],
        "X-Powered-By": [
          "ASP.NET"
        ],
        "x-ms-client-request-id": [
          "f4bf2226-3606-4162-83e9-7f9d893e248a-2017-06-08 16:49:52Z-P"
        ],
        "x-ms-ratelimit-remaining-subscription-reads": [
          "14382"
        ],
        "x-ms-correlation-request-id": [
          "d6e38c5a-2489-4cdf-a2b6-c3c5846f773e"
        ],
        "x-ms-routing-request-id": [
          "CENTRALINDIA:20170608T164953Z:d6e38c5a-2489-4cdf-a2b6-c3c5846f773e"
        ],
        "Date": [
          "Thu, 08 Jun 2017 16:49:52 GMT"
        ]
      },
      "StatusCode": 200
    },
    {
      "RequestUri": "/Subscriptions/c183865e-6077-46f2-a3b1-deb0f4f4650a/resourceGroups/siterecoveryProd1/providers/Microsoft.RecoveryServices/vaults/b2aRSvaultprod17012017/replicationJobs/7ea13757-e24c-4d00-839e-c6455e22481a?api-version=2016-08-10",
      "EncodedRequestUri": "L1N1YnNjcmlwdGlvbnMvYzE4Mzg2NWUtNjA3Ny00NmYyLWEzYjEtZGViMGY0ZjQ2NTBhL3Jlc291cmNlR3JvdXBzL3NpdGVyZWNvdmVyeVByb2QxL3Byb3ZpZGVycy9NaWNyb3NvZnQuUmVjb3ZlcnlTZXJ2aWNlcy92YXVsdHMvYjJhUlN2YXVsdHByb2QxNzAxMjAxNy9yZXBsaWNhdGlvbkpvYnMvN2VhMTM3NTctZTI0Yy00ZDAwLTgzOWUtYzY0NTVlMjI0ODFhP2FwaS12ZXJzaW9uPTIwMTYtMDgtMTA=",
      "RequestMethod": "GET",
      "RequestBody": "",
      "RequestHeaders": {
        "x-ms-client-request-id": [
          "271daa0a-885a-4a43-8e72-b2e692728bcb-2017-06-08 16:49:53Z-P"
        ],
        "accept-language": [
          "en-US"
        ],
        "Agent-Authentication": [
          "{\"NotBeforeTimestamp\":\"\\/Date(1496936993247)\\/\",\"NotAfterTimestamp\":\"\\/Date(1497541793247)\\/\",\"ClientRequestId\":\"271daa0a-885a-4a43-8e72-b2e692728bcb-2017-06-08 16:49:53Z-P\",\"HashFunction\":\"HMACSHA256\",\"Hmac\":\"uqU6+oGvQU/1QXihV5H/IY9KGer46pDMbW7gB8jMzp8=\",\"Version\":{\"Major\":1,\"Minor\":2,\"Build\":-1,\"Revision\":-1,\"MajorRevision\":-1,\"MinorRevision\":-1},\"PropertyBag\":{}}"
        ],
        "User-Agent": [
          "FxVersion/4.6.1087.0",
          "OSName/Windows_Server_2012_R2_Datacenter",
          "OSVersion/6.3.9600",
          "Microsoft.Azure.Management.RecoveryServices.SiteRecovery.SiteRecoveryManagementClient/1.0.1-preview"
        ]
      },
      "ResponseBody": "{\r\n  \"id\": \"/Subscriptions/c183865e-6077-46f2-a3b1-deb0f4f4650a/resourceGroups/siterecoveryProd1/providers/Microsoft.RecoveryServices/vaults/b2aRSvaultprod17012017/replicationJobs/7ea13757-e24c-4d00-839e-c6455e22481a\",\r\n  \"name\": \"7ea13757-e24c-4d00-839e-c6455e22481a\",\r\n  \"properties\": {\r\n    \"activityId\": \"0ecbaa18-b13f-4bdc-9afa-6a32b8a58cb4-2017-06-08 16:49:51Z-P ActivityId: 64306c4f-dc77-466b-bb9f-07ac502db18d\",\r\n    \"scenarioName\": \"SaveRecoveryPlan\",\r\n    \"friendlyName\": \"Save a recovery plan\",\r\n    \"state\": \"InProgress\",\r\n    \"stateDescription\": \"InProgress\",\r\n    \"tasks\": [\r\n      {\r\n        \"taskId\": \"e8c91a10-3131-40cd-bb71-c4c1d0bc8358\",\r\n        \"name\": \"SaveRecoveryPlanTask\",\r\n        \"startTime\": \"0001-01-01T00:00:00\",\r\n        \"endTime\": \"0001-01-01T00:00:00\",\r\n        \"allowedActions\": [],\r\n        \"friendlyName\": \"Save a recovery plan task\",\r\n        \"state\": \"NotStarted\",\r\n        \"stateDescription\": \"NotStarted\",\r\n        \"taskType\": \"TaskDetails\",\r\n        \"customDetails\": {\r\n          \"instanceType\": \"TaskDetails\"\r\n        },\r\n        \"groupTaskCustomDetails\": null,\r\n        \"errors\": []\r\n      }\r\n    ],\r\n    \"errors\": [],\r\n    \"startTime\": \"2017-06-08T16:49:52.3593039Z\",\r\n    \"allowedActions\": [\r\n      \"Cancel\"\r\n    ],\r\n    \"targetObjectId\": \"75328c1e-547b-4432-8446-537919b63aef\",\r\n    \"targetObjectName\": \"RPSwag96\",\r\n    \"targetInstanceType\": \"RecoveryPlan\",\r\n    \"customDetails\": {\r\n      \"instanceType\": \"AsrJobDetails\",\r\n      \"affectedObjectDetails\": {\r\n        \"PrimaryVmmId\": \"b35b5083-b709-434c-8541-b5e7dd259793\",\r\n        \"PrimaryVmmName\": \"CP-B3L30107-23.ntdev.corp.microsoft.com\",\r\n        \"RecoveryVmmId\": \"758ba8e0-b90c-4828-a02e-c3443980c05d\",\r\n        \"RecoveryVmmName\": \"CP-B3L40104-01.ntdev.corp.microsoft.com\",\r\n        \"PrimaryFabricProviderId\": \"VMM\",\r\n        \"RecoveryFabricProviderId\": \"VMM\"\r\n      }\r\n    }\r\n  },\r\n  \"status\": \"InProgress\",\r\n  \"error\": null,\r\n  \"startTime\": \"2017-06-08T16:49:52.3593039Z\",\r\n  \"endTime\": null\r\n}",
      "ResponseHeaders": {
        "Content-Length": [
          "1575"
        ],
        "Content-Type": [
          "application/json"
        ],
        "Expires": [
          "-1"
        ],
        "Pragma": [
          "no-cache"
        ],
        "x-ms-request-id": [
          "/Subscriptions/c183865e-6077-46f2-a3b1-deb0f4f4650a/resourceGroups/siterecoveryProd1/providers/Microsoft.RecoveryServices/vaults/b2aRSvaultprod17012017/replicationJobs/7ea13757-e24c-4d00-839e-c6455e22481a"
        ],
        "Strict-Transport-Security": [
          "max-age=31536000; includeSubDomains"
        ],
        "Cache-Control": [
          "no-cache"
        ],
        "Server": [
          "Microsoft-IIS/8.0",
          "Microsoft-IIS/8.5"
        ],
        "X-AspNet-Version": [
          "4.0.30319"
        ],
        "X-Powered-By": [
          "ASP.NET"
        ],
        "x-ms-client-request-id": [
          "271daa0a-885a-4a43-8e72-b2e692728bcb-2017-06-08 16:49:53Z-P"
        ],
        "x-ms-ratelimit-remaining-subscription-reads": [
          "14381"
        ],
        "x-ms-correlation-request-id": [
          "95139270-96f0-4e56-b910-8a82ef8826c1"
        ],
        "x-ms-routing-request-id": [
          "CENTRALINDIA:20170608T164953Z:95139270-96f0-4e56-b910-8a82ef8826c1"
        ],
        "Date": [
          "Thu, 08 Jun 2017 16:49:52 GMT"
        ]
      },
      "StatusCode": 200
    },
    {
      "RequestUri": "/Subscriptions/c183865e-6077-46f2-a3b1-deb0f4f4650a/resourceGroups/siterecoveryProd1/providers/Microsoft.RecoveryServices/vaults/b2aRSvaultprod17012017/replicationJobs/7ea13757-e24c-4d00-839e-c6455e22481a?api-version=2016-08-10",
      "EncodedRequestUri": "L1N1YnNjcmlwdGlvbnMvYzE4Mzg2NWUtNjA3Ny00NmYyLWEzYjEtZGViMGY0ZjQ2NTBhL3Jlc291cmNlR3JvdXBzL3NpdGVyZWNvdmVyeVByb2QxL3Byb3ZpZGVycy9NaWNyb3NvZnQuUmVjb3ZlcnlTZXJ2aWNlcy92YXVsdHMvYjJhUlN2YXVsdHByb2QxNzAxMjAxNy9yZXBsaWNhdGlvbkpvYnMvN2VhMTM3NTctZTI0Yy00ZDAwLTgzOWUtYzY0NTVlMjI0ODFhP2FwaS12ZXJzaW9uPTIwMTYtMDgtMTA=",
      "RequestMethod": "GET",
      "RequestBody": "",
      "RequestHeaders": {
        "x-ms-client-request-id": [
          "311c9d80-c1a0-4416-9a3b-f63e8ff9887d-2017-06-08 16:50:53Z-P"
        ],
        "accept-language": [
          "en-US"
        ],
        "Agent-Authentication": [
          "{\"NotBeforeTimestamp\":\"\\/Date(1496937053727)\\/\",\"NotAfterTimestamp\":\"\\/Date(1497541853727)\\/\",\"ClientRequestId\":\"311c9d80-c1a0-4416-9a3b-f63e8ff9887d-2017-06-08 16:50:53Z-P\",\"HashFunction\":\"HMACSHA256\",\"Hmac\":\"vFv6/UqVZX2I76O9XiwR4bhi89sJz3fKYok3fi7w3nE=\",\"Version\":{\"Major\":1,\"Minor\":2,\"Build\":-1,\"Revision\":-1,\"MajorRevision\":-1,\"MinorRevision\":-1},\"PropertyBag\":{}}"
        ],
        "User-Agent": [
          "FxVersion/4.6.1087.0",
          "OSName/Windows_Server_2012_R2_Datacenter",
          "OSVersion/6.3.9600",
          "Microsoft.Azure.Management.RecoveryServices.SiteRecovery.SiteRecoveryManagementClient/1.0.1-preview"
        ]
      },
      "ResponseBody": "{\r\n  \"id\": \"/Subscriptions/c183865e-6077-46f2-a3b1-deb0f4f4650a/resourceGroups/siterecoveryProd1/providers/Microsoft.RecoveryServices/vaults/b2aRSvaultprod17012017/replicationJobs/7ea13757-e24c-4d00-839e-c6455e22481a\",\r\n  \"name\": \"7ea13757-e24c-4d00-839e-c6455e22481a\",\r\n  \"properties\": {\r\n    \"activityId\": \"0ecbaa18-b13f-4bdc-9afa-6a32b8a58cb4-2017-06-08 16:49:51Z-P ActivityId: 64306c4f-dc77-466b-bb9f-07ac502db18d\",\r\n    \"scenarioName\": \"SaveRecoveryPlan\",\r\n    \"friendlyName\": \"Save a recovery plan\",\r\n    \"state\": \"Succeeded\",\r\n    \"stateDescription\": \"Completed\",\r\n    \"tasks\": [\r\n      {\r\n        \"taskId\": \"e8c91a10-3131-40cd-bb71-c4c1d0bc8358\",\r\n        \"name\": \"SaveRecoveryPlanTask\",\r\n        \"startTime\": \"2017-06-08T16:49:53.1652559Z\",\r\n        \"endTime\": \"2017-06-08T16:49:53.3840085Z\",\r\n        \"allowedActions\": [],\r\n        \"friendlyName\": \"Save a recovery plan task\",\r\n        \"state\": \"Succeeded\",\r\n        \"stateDescription\": \"Completed\",\r\n        \"taskType\": \"TaskDetails\",\r\n        \"customDetails\": {\r\n          \"instanceType\": \"TaskDetails\"\r\n        },\r\n        \"groupTaskCustomDetails\": null,\r\n        \"errors\": []\r\n      }\r\n    ],\r\n    \"errors\": [],\r\n    \"startTime\": \"2017-06-08T16:49:52.3593039Z\",\r\n    \"endTime\": \"2017-06-08T16:49:53Z\",\r\n    \"allowedActions\": [],\r\n    \"targetObjectId\": \"75328c1e-547b-4432-8446-537919b63aef\",\r\n    \"targetObjectName\": \"RPSwag96\",\r\n    \"targetInstanceType\": \"RecoveryPlan\",\r\n    \"customDetails\": {\r\n      \"instanceType\": \"AsrJobDetails\",\r\n      \"affectedObjectDetails\": {\r\n        \"PrimaryVmmId\": \"b35b5083-b709-434c-8541-b5e7dd259793\",\r\n        \"PrimaryVmmName\": \"CP-B3L30107-23.ntdev.corp.microsoft.com\",\r\n        \"RecoveryVmmId\": \"758ba8e0-b90c-4828-a02e-c3443980c05d\",\r\n        \"RecoveryVmmName\": \"CP-B3L40104-01.ntdev.corp.microsoft.com\",\r\n        \"PrimaryFabricProviderId\": \"VMM\",\r\n        \"RecoveryFabricProviderId\": \"VMM\"\r\n      }\r\n    }\r\n  },\r\n  \"status\": \"Succeeded\",\r\n  \"error\": null,\r\n  \"startTime\": \"2017-06-08T16:49:52.3593039Z\",\r\n  \"endTime\": \"2017-06-08T16:49:53Z\"\r\n}",
      "ResponseHeaders": {
        "Content-Length": [
          "1639"
        ],
        "Content-Type": [
          "application/json"
        ],
        "Expires": [
          "-1"
        ],
        "Pragma": [
          "no-cache"
        ],
        "x-ms-request-id": [
          "/Subscriptions/c183865e-6077-46f2-a3b1-deb0f4f4650a/resourceGroups/siterecoveryProd1/providers/Microsoft.RecoveryServices/vaults/b2aRSvaultprod17012017/replicationJobs/7ea13757-e24c-4d00-839e-c6455e22481a"
        ],
        "Strict-Transport-Security": [
          "max-age=31536000; includeSubDomains"
        ],
        "Cache-Control": [
          "no-cache"
        ],
        "Server": [
          "Microsoft-IIS/8.0",
          "Microsoft-IIS/8.5"
        ],
        "X-AspNet-Version": [
          "4.0.30319"
        ],
        "X-Powered-By": [
          "ASP.NET"
        ],
        "x-ms-client-request-id": [
          "311c9d80-c1a0-4416-9a3b-f63e8ff9887d-2017-06-08 16:50:53Z-P"
        ],
        "x-ms-ratelimit-remaining-subscription-reads": [
          "14368"
        ],
        "x-ms-correlation-request-id": [
          "5eace1ad-0b9d-41bb-ab02-90d7ee6f2bf7"
        ],
        "x-ms-routing-request-id": [
          "CENTRALINDIA:20170608T165054Z:5eace1ad-0b9d-41bb-ab02-90d7ee6f2bf7"
        ],
        "Date": [
          "Thu, 08 Jun 2017 16:50:53 GMT"
        ]
      },
      "StatusCode": 200
    }
  ],
  "Names": {},
  "Variables": {
    "SubscriptionId": "c183865e-6077-46f2-a3b1-deb0f4f4650a"
  }
}