{
  "Entries": [
    {
      "RequestUri": "/subscriptions/1dc9187a-986d-4888-8dcf-af0bd43df99e/resourcegroups/onesdk9933?api-version=2014-04-01-preview",
      "EncodedRequestUri": "L3N1YnNjcmlwdGlvbnMvMWRjOTE4N2EtOTg2ZC00ODg4LThkY2YtYWYwYmQ0M2RmOTllL3Jlc291cmNlZ3JvdXBzL29uZXNkazk5MzM/YXBpLXZlcnNpb249MjAxNC0wNC0wMS1wcmV2aWV3",
      "RequestMethod": "HEAD",
      "RequestBody": "",
      "RequestHeaders": {
        "User-Agent": [
          "Microsoft.Azure.Management.Resources.ResourceManagementClient/2.0.0.0"
        ]
      },
      "ResponseBody": "",
      "ResponseHeaders": {
        "Content-Length": [
          "102"
        ],
        "Content-Type": [
          "application/json; charset=utf-8"
        ],
        "Expires": [
          "-1"
        ],
        "Pragma": [
          "no-cache"
        ],
        "x-ms-failure-cause": [
          "gateway"
        ],
        "x-ms-ratelimit-remaining-subscription-reads": [
          "14967"
        ],
        "x-ms-request-id": [
          "003c41b3-2bd9-4d42-83d3-dcae8cce354d"
        ],
        "x-ms-correlation-request-id": [
          "003c41b3-2bd9-4d42-83d3-dcae8cce354d"
        ],
        "x-ms-routing-request-id": [
          "CENTRALUS:20150610T080521Z:003c41b3-2bd9-4d42-83d3-dcae8cce354d"
        ],
        "Strict-Transport-Security": [
          "max-age=31536000; includeSubDomains"
        ],
        "Cache-Control": [
          "no-cache"
        ],
        "Date": [
          "Wed, 10 Jun 2015 08:05:21 GMT"
        ]
      },
      "StatusCode": 404
    },
    {
      "RequestUri": "/subscriptions/1dc9187a-986d-4888-8dcf-af0bd43df99e/resourcegroups/onesdk9933?api-version=2014-04-01-preview",
      "EncodedRequestUri": "L3N1YnNjcmlwdGlvbnMvMWRjOTE4N2EtOTg2ZC00ODg4LThkY2YtYWYwYmQ0M2RmOTllL3Jlc291cmNlZ3JvdXBzL29uZXNkazk5MzM/YXBpLXZlcnNpb249MjAxNC0wNC0wMS1wcmV2aWV3",
      "RequestMethod": "HEAD",
      "RequestBody": "",
      "RequestHeaders": {
        "User-Agent": [
          "Microsoft.Azure.Management.Resources.ResourceManagementClient/2.0.0.0"
        ]
      },
      "ResponseBody": "",
      "ResponseHeaders": {
        "Content-Length": [
          "0"
        ],
        "Expires": [
          "-1"
        ],
        "Pragma": [
          "no-cache"
        ],
        "x-ms-ratelimit-remaining-subscription-reads": [
          "14923"
        ],
        "x-ms-request-id": [
          "3b5b44d1-1f74-4ec9-b497-5ae7b53c6adb"
        ],
        "x-ms-correlation-request-id": [
          "3b5b44d1-1f74-4ec9-b497-5ae7b53c6adb"
        ],
        "x-ms-routing-request-id": [
          "CENTRALUS:20150610T081255Z:3b5b44d1-1f74-4ec9-b497-5ae7b53c6adb"
        ],
        "Strict-Transport-Security": [
          "max-age=31536000; includeSubDomains"
        ],
        "Cache-Control": [
          "no-cache"
        ],
        "Date": [
          "Wed, 10 Jun 2015 08:12:55 GMT"
        ]
      },
      "StatusCode": 204
    },
    {
      "RequestUri": "/subscriptions/1dc9187a-986d-4888-8dcf-af0bd43df99e/resourcegroups/onesdk9933?api-version=2014-04-01-preview",
      "EncodedRequestUri": "L3N1YnNjcmlwdGlvbnMvMWRjOTE4N2EtOTg2ZC00ODg4LThkY2YtYWYwYmQ0M2RmOTllL3Jlc291cmNlZ3JvdXBzL29uZXNkazk5MzM/YXBpLXZlcnNpb249MjAxNC0wNC0wMS1wcmV2aWV3",
      "RequestMethod": "PUT",
      "RequestBody": "{\r\n  \"location\": \"Japan East\"\r\n}",
      "RequestHeaders": {
        "Content-Type": [
          "application/json; charset=utf-8"
        ],
        "Content-Length": [
          "32"
        ],
        "User-Agent": [
          "Microsoft.Azure.Management.Resources.ResourceManagementClient/2.0.0.0"
        ]
      },
      "ResponseBody": "{\r\n  \"id\": \"/subscriptions/1dc9187a-986d-4888-8dcf-af0bd43df99e/resourceGroups/onesdk9933\",\r\n  \"name\": \"onesdk9933\",\r\n  \"location\": \"japaneast\",\r\n  \"properties\": {\r\n    \"provisioningState\": \"Succeeded\"\r\n  }\r\n}",
      "ResponseHeaders": {
        "Content-Length": [
          "176"
        ],
        "Content-Type": [
          "application/json; charset=utf-8"
        ],
        "Expires": [
          "-1"
        ],
        "Pragma": [
          "no-cache"
        ],
        "x-ms-ratelimit-remaining-subscription-writes": [
          "1190"
        ],
        "x-ms-request-id": [
          "470c6093-6384-42f2-9482-6ef206fe25fa"
        ],
        "x-ms-correlation-request-id": [
          "470c6093-6384-42f2-9482-6ef206fe25fa"
        ],
        "x-ms-routing-request-id": [
          "CENTRALUS:20150610T080521Z:470c6093-6384-42f2-9482-6ef206fe25fa"
        ],
        "Strict-Transport-Security": [
          "max-age=31536000; includeSubDomains"
        ],
        "Cache-Control": [
          "no-cache"
        ],
        "Date": [
          "Wed, 10 Jun 2015 08:05:21 GMT"
        ]
      },
      "StatusCode": 201
    },
    {
      "RequestUri": "/subscriptions/1dc9187a-986d-4888-8dcf-af0bd43df99e/resourceGroups/onesdk9933/resources?api-version=2014-04-01-preview",
      "EncodedRequestUri": "L3N1YnNjcmlwdGlvbnMvMWRjOTE4N2EtOTg2ZC00ODg4LThkY2YtYWYwYmQ0M2RmOTllL3Jlc291cmNlR3JvdXBzL29uZXNkazk5MzMvcmVzb3VyY2VzP2FwaS12ZXJzaW9uPTIwMTQtMDQtMDEtcHJldmlldw==",
      "RequestMethod": "GET",
      "RequestBody": "",
      "RequestHeaders": {
        "User-Agent": [
          "Microsoft.Azure.Management.Resources.ResourceManagementClient/2.0.0.0"
        ]
      },
      "ResponseBody": "{\r\n  \"value\": []\r\n}",
      "ResponseHeaders": {
        "Content-Length": [
          "12"
        ],
        "Content-Type": [
          "application/json; charset=utf-8"
        ],
        "Expires": [
          "-1"
        ],
        "Pragma": [
          "no-cache"
        ],
        "x-ms-ratelimit-remaining-subscription-reads": [
          "14966"
        ],
        "x-ms-request-id": [
          "389ac279-23eb-455c-a28c-e2a5d4904501"
        ],
        "x-ms-correlation-request-id": [
          "389ac279-23eb-455c-a28c-e2a5d4904501"
        ],
        "x-ms-routing-request-id": [
          "CENTRALUS:20150610T080521Z:389ac279-23eb-455c-a28c-e2a5d4904501"
        ],
        "Strict-Transport-Security": [
          "max-age=31536000; includeSubDomains"
        ],
        "Cache-Control": [
          "no-cache"
        ],
        "Date": [
          "Wed, 10 Jun 2015 08:05:21 GMT"
        ]
      },
      "StatusCode": 200
    },
    {
      "RequestUri": "/subscriptions/1dc9187a-986d-4888-8dcf-af0bd43df99e/resourcegroups/onesdk9933/providers/Microsoft.Authorization/permissions?api-version=2014-07-01-preview",
      "EncodedRequestUri": "L3N1YnNjcmlwdGlvbnMvMWRjOTE4N2EtOTg2ZC00ODg4LThkY2YtYWYwYmQ0M2RmOTllL3Jlc291cmNlZ3JvdXBzL29uZXNkazk5MzMvcHJvdmlkZXJzL01pY3Jvc29mdC5BdXRob3JpemF0aW9uL3Blcm1pc3Npb25zP2FwaS12ZXJzaW9uPTIwMTQtMDctMDEtcHJldmlldw==",
      "RequestMethod": "GET",
      "RequestBody": "",
      "RequestHeaders": {
        "User-Agent": [
          "Microsoft.Azure.Management.Authorization.AuthorizationManagementClient/0.9.0.0"
        ]
      },
      "ResponseBody": "{\r\n  \"value\": [\r\n    {\r\n      \"actions\": [\r\n        \"*\"\r\n      ],\r\n      \"notActions\": []\r\n    }\r\n  ]\r\n}",
      "ResponseHeaders": {
        "Content-Length": [
          "45"
        ],
        "Content-Type": [
          "application/json; charset=utf-8"
        ],
        "Expires": [
          "-1"
        ],
        "Pragma": [
          "no-cache"
        ],
        "Vary": [
          "Accept-Encoding"
        ],
        "x-ms-request-id": [
          "centralus:2111e234-c363-47d9-9136-6295b4aaa0b9"
        ],
        "x-ms-ratelimit-remaining-subscription-reads": [
          "14985"
        ],
        "x-ms-correlation-request-id": [
          "d9d03ff1-461f-4db0-a180-bfd027e70c3b"
        ],
        "x-ms-routing-request-id": [
          "CENTRALUS:20150610T080524Z:d9d03ff1-461f-4db0-a180-bfd027e70c3b"
        ],
        "Strict-Transport-Security": [
          "max-age=31536000; includeSubDomains"
        ],
        "Cache-Control": [
          "no-cache"
        ],
        "Date": [
          "Wed, 10 Jun 2015 08:05:23 GMT"
        ]
      },
      "StatusCode": 200
    },
    {
      "RequestUri": "/subscriptions/1dc9187a-986d-4888-8dcf-af0bd43df99e/resourceGroups/onesdk9933/providers/Microsoft.Sql/servers/onesdk9021?api-version=2014-04-01",
      "EncodedRequestUri": "L3N1YnNjcmlwdGlvbnMvMWRjOTE4N2EtOTg2ZC00ODg4LThkY2YtYWYwYmQ0M2RmOTllL3Jlc291cmNlR3JvdXBzL29uZXNkazk5MzMvcHJvdmlkZXJzL01pY3Jvc29mdC5TcWwvc2VydmVycy9vbmVzZGs5MDIxP2FwaS12ZXJzaW9uPTIwMTQtMDQtMDE=",
      "RequestMethod": "GET",
      "RequestBody": "",
      "RequestHeaders": {
        "User-Agent": [
          "Microsoft.Azure.Management.Sql.SqlManagementClient/0.9.0.0"
        ],
        "x-ms-client-request-id": [
          "00305d89-a096-418a-a169-b43f3e731665"
        ]
      },
      "ResponseBody": "{\r\n  \"error\": {\r\n    \"code\": \"ResourceNotFound\",\r\n    \"message\": \"Resource not found.\"\r\n  }\r\n}",
      "ResponseHeaders": {
        "Content-Length": [
          "69"
        ],
        "Content-Type": [
          "application/json; charset=utf-8"
        ],
        "Expires": [
          "-1"
        ],
        "Pragma": [
          "no-cache"
        ],
        "x-ms-failure-cause": [
          "gateway"
        ],
        "x-ms-request-id": [
          "54910519-263a-4d50-a972-b9037c5ad560"
        ],
        "x-ms-correlation-request-id": [
          "54910519-263a-4d50-a972-b9037c5ad560"
        ],
        "x-ms-routing-request-id": [
          "CENTRALUS:20150610T080524Z:54910519-263a-4d50-a972-b9037c5ad560"
        ],
        "Strict-Transport-Security": [
          "max-age=31536000; includeSubDomains"
        ],
        "Cache-Control": [
          "no-cache"
        ],
        "Date": [
          "Wed, 10 Jun 2015 08:05:24 GMT"
        ]
      },
      "StatusCode": 404
    },
    {
      "RequestUri": "/subscriptions/1dc9187a-986d-4888-8dcf-af0bd43df99e/resourceGroups/onesdk9933/providers/Microsoft.Sql/servers/onesdk9021?api-version=2014-04-01",
      "EncodedRequestUri": "L3N1YnNjcmlwdGlvbnMvMWRjOTE4N2EtOTg2ZC00ODg4LThkY2YtYWYwYmQ0M2RmOTllL3Jlc291cmNlR3JvdXBzL29uZXNkazk5MzMvcHJvdmlkZXJzL01pY3Jvc29mdC5TcWwvc2VydmVycy9vbmVzZGs5MDIxP2FwaS12ZXJzaW9uPTIwMTQtMDQtMDE=",
      "RequestMethod": "GET",
      "RequestBody": "",
      "RequestHeaders": {
        "User-Agent": [
          "Microsoft.Azure.Management.Sql.SqlManagementClient/0.9.0.0"
        ],
        "x-ms-client-request-id": [
          "e593607c-993a-4df4-8104-685677ff7496"
        ]
      },
      "ResponseBody": "{\r\n  \"id\": \"/subscriptions/1dc9187a-986d-4888-8dcf-af0bd43df99e/resourceGroups/onesdk9933/providers/Microsoft.Sql/servers/onesdk9021\",\r\n  \"name\": \"onesdk9021\",\r\n  \"type\": \"Microsoft.Sql/servers\",\r\n  \"location\": \"Southeast Asia\",\r\n  \"kind\": \"v12.0\",\r\n  \"properties\": {\r\n    \"fullyQualifiedDomainName\": \"onesdk9021.sqltest-eg1.mscds.com\",\r\n    \"administratorLogin\": \"testusername\",\r\n    \"administratorLoginPassword\": null,\r\n    \"externalAdministratorLogin\": null,\r\n    \"externalAdministratorSid\": null,\r\n    \"version\": \"12.0\",\r\n    \"state\": \"Ready\"\r\n  }\r\n}",
      "ResponseHeaders": {
        "Content-Length": [
          "469"
        ],
        "Content-Type": [
          "application/json; odata=minimalmetadata; streaming=true; charset=utf-8"
        ],
        "x-ms-request-id": [
          "278749ec-e08f-44aa-a076-eb45662757f3"
        ],
        "X-Content-Type-Options": [
          "nosniff"
        ],
        "DataServiceVersion": [
          "3.0;"
        ],
        "x-ms-ratelimit-remaining-subscription-reads": [
          "14943"
        ],
        "x-ms-correlation-request-id": [
          "13185bd5-763d-4e8e-bdc1-b835c5ff132b"
        ],
        "x-ms-routing-request-id": [
          "CENTRALUS:20150610T080607Z:13185bd5-763d-4e8e-bdc1-b835c5ff132b"
        ],
        "Strict-Transport-Security": [
          "max-age=31536000; includeSubDomains"
        ],
        "Cache-Control": [
          "no-store, no-cache"
        ],
        "Date": [
          "Wed, 10 Jun 2015 08:06:07 GMT"
        ],
        "Server": [
          "Microsoft-HTTPAPI/2.0"
        ]
      },
      "StatusCode": 200
    },
    {
      "RequestUri": "/subscriptions/1dc9187a-986d-4888-8dcf-af0bd43df99e/resourceGroups/onesdk9933/providers/Microsoft.Sql/servers/onesdk9021?api-version=2014-04-01",
      "EncodedRequestUri": "L3N1YnNjcmlwdGlvbnMvMWRjOTE4N2EtOTg2ZC00ODg4LThkY2YtYWYwYmQ0M2RmOTllL3Jlc291cmNlR3JvdXBzL29uZXNkazk5MzMvcHJvdmlkZXJzL01pY3Jvc29mdC5TcWwvc2VydmVycy9vbmVzZGs5MDIxP2FwaS12ZXJzaW9uPTIwMTQtMDQtMDE=",
      "RequestMethod": "GET",
      "RequestBody": "",
      "RequestHeaders": {
        "User-Agent": [
          "Microsoft.Azure.Management.Sql.SqlManagementClient/0.9.0.0"
        ],
        "x-ms-client-request-id": [
          "6b77d9a5-131a-4913-9f13-3846c323e16e"
        ]
      },
      "ResponseBody": "{\r\n  \"id\": \"/subscriptions/1dc9187a-986d-4888-8dcf-af0bd43df99e/resourceGroups/onesdk9933/providers/Microsoft.Sql/servers/onesdk9021\",\r\n  \"name\": \"onesdk9021\",\r\n  \"type\": \"Microsoft.Sql/servers\",\r\n  \"location\": \"Southeast Asia\",\r\n  \"kind\": \"v12.0\",\r\n  \"properties\": {\r\n    \"fullyQualifiedDomainName\": \"onesdk9021.sqltest-eg1.mscds.com\",\r\n    \"administratorLogin\": \"testusername\",\r\n    \"administratorLoginPassword\": null,\r\n    \"externalAdministratorLogin\": null,\r\n    \"externalAdministratorSid\": null,\r\n    \"version\": \"12.0\",\r\n    \"state\": \"Ready\"\r\n  }\r\n}",
      "ResponseHeaders": {
        "Content-Length": [
          "469"
        ],
        "Content-Type": [
          "application/json; odata=minimalmetadata; streaming=true; charset=utf-8"
        ],
        "x-ms-request-id": [
          "d9a13cbc-d99c-4477-924c-6ab76971dd4f"
        ],
        "X-Content-Type-Options": [
          "nosniff"
        ],
        "DataServiceVersion": [
          "3.0;"
        ],
        "x-ms-ratelimit-remaining-subscription-reads": [
          "14936"
        ],
        "x-ms-correlation-request-id": [
          "b8765fef-2c42-4ccd-896b-169a39715ad3"
        ],
        "x-ms-routing-request-id": [
          "CENTRALUS:20150610T080731Z:b8765fef-2c42-4ccd-896b-169a39715ad3"
        ],
        "Strict-Transport-Security": [
          "max-age=31536000; includeSubDomains"
        ],
        "Cache-Control": [
          "no-store, no-cache"
        ],
        "Date": [
          "Wed, 10 Jun 2015 08:07:30 GMT"
        ],
        "Server": [
          "Microsoft-HTTPAPI/2.0"
        ]
      },
      "StatusCode": 200
    },
    {
      "RequestUri": "/subscriptions/1dc9187a-986d-4888-8dcf-af0bd43df99e/resourceGroups/onesdk9933/providers/Microsoft.Sql/servers/onesdk9021?api-version=2014-04-01",
      "EncodedRequestUri": "L3N1YnNjcmlwdGlvbnMvMWRjOTE4N2EtOTg2ZC00ODg4LThkY2YtYWYwYmQ0M2RmOTllL3Jlc291cmNlR3JvdXBzL29uZXNkazk5MzMvcHJvdmlkZXJzL01pY3Jvc29mdC5TcWwvc2VydmVycy9vbmVzZGs5MDIxP2FwaS12ZXJzaW9uPTIwMTQtMDQtMDE=",
      "RequestMethod": "GET",
      "RequestBody": "",
      "RequestHeaders": {
        "User-Agent": [
          "Microsoft.Azure.Management.Sql.SqlManagementClient/0.9.0.0"
        ],
        "x-ms-client-request-id": [
          "9b393920-db84-49f4-9bc6-3e410c44ecae"
        ]
      },
      "ResponseBody": "{\r\n  \"id\": \"/subscriptions/1dc9187a-986d-4888-8dcf-af0bd43df99e/resourceGroups/onesdk9933/providers/Microsoft.Sql/servers/onesdk9021\",\r\n  \"name\": \"onesdk9021\",\r\n  \"type\": \"Microsoft.Sql/servers\",\r\n  \"location\": \"Southeast Asia\",\r\n  \"kind\": \"v12.0\",\r\n  \"properties\": {\r\n    \"fullyQualifiedDomainName\": \"onesdk9021.sqltest-eg1.mscds.com\",\r\n    \"administratorLogin\": \"testusername\",\r\n    \"administratorLoginPassword\": null,\r\n    \"externalAdministratorLogin\": null,\r\n    \"externalAdministratorSid\": null,\r\n    \"version\": \"12.0\",\r\n    \"state\": \"Ready\"\r\n  }\r\n}",
      "ResponseHeaders": {
        "Content-Length": [
          "469"
        ],
        "Content-Type": [
          "application/json; odata=minimalmetadata; streaming=true; charset=utf-8"
        ],
        "x-ms-request-id": [
          "c6d4c947-b208-468f-9680-a4af43ba705e"
        ],
        "X-Content-Type-Options": [
          "nosniff"
        ],
        "DataServiceVersion": [
          "3.0;"
        ],
        "x-ms-ratelimit-remaining-subscription-reads": [
          "14930"
        ],
        "x-ms-correlation-request-id": [
          "25817b60-6c1d-4b87-af62-fc1892da53bb"
        ],
        "x-ms-routing-request-id": [
          "CENTRALUS:20150610T080838Z:25817b60-6c1d-4b87-af62-fc1892da53bb"
        ],
        "Strict-Transport-Security": [
          "max-age=31536000; includeSubDomains"
        ],
        "Cache-Control": [
          "no-store, no-cache"
        ],
        "Date": [
          "Wed, 10 Jun 2015 08:08:37 GMT"
        ],
        "Server": [
          "Microsoft-HTTPAPI/2.0"
        ]
      },
      "StatusCode": 200
    },
    {
      "RequestUri": "/subscriptions/1dc9187a-986d-4888-8dcf-af0bd43df99e/resourceGroups/onesdk9933/providers/Microsoft.Sql/servers/onesdk9021?api-version=2014-04-01",
      "EncodedRequestUri": "L3N1YnNjcmlwdGlvbnMvMWRjOTE4N2EtOTg2ZC00ODg4LThkY2YtYWYwYmQ0M2RmOTllL3Jlc291cmNlR3JvdXBzL29uZXNkazk5MzMvcHJvdmlkZXJzL01pY3Jvc29mdC5TcWwvc2VydmVycy9vbmVzZGs5MDIxP2FwaS12ZXJzaW9uPTIwMTQtMDQtMDE=",
      "RequestMethod": "PUT",
      "RequestBody": "{\r\n  \"properties\": {\r\n    \"version\": \"12.0\",\r\n    \"administratorLogin\": \"testusername\",\r\n    \"administratorLoginPassword\": \"t357ingP@s5w0rd!\"\r\n  },\r\n  \"location\": \"Southeast Asia\"\r\n}",
      "RequestHeaders": {
        "Content-Type": [
          "application/json; charset=utf-8"
        ],
        "Content-Length": [
          "182"
        ],
        "User-Agent": [
          "Microsoft.Azure.Management.Sql.SqlManagementClient/0.9.0.0"
        ],
        "x-ms-client-request-id": [
          "65ab5289-abbf-46fc-996a-f3518682bf87"
        ]
      },
      "ResponseBody": "{\r\n  \"id\": \"/subscriptions/1dc9187a-986d-4888-8dcf-af0bd43df99e/resourceGroups/onesdk9933/providers/Microsoft.Sql/servers/onesdk9021\",\r\n  \"name\": \"onesdk9021\",\r\n  \"type\": \"Microsoft.Sql/servers\",\r\n  \"location\": \"Southeast Asia\",\r\n  \"kind\": \"v12.0\",\r\n  \"properties\": {\r\n    \"fullyQualifiedDomainName\": \"onesdk9021.sqltest-eg1.mscds.com\",\r\n    \"administratorLogin\": \"testusername\",\r\n    \"administratorLoginPassword\": \"t357ingP@s5w0rd!\",\r\n    \"externalAdministratorLogin\": null,\r\n    \"externalAdministratorSid\": null,\r\n    \"version\": \"12.0\",\r\n    \"state\": \"Ready\"\r\n  }\r\n}",
      "ResponseHeaders": {
        "Content-Length": [
          "483"
        ],
        "Content-Type": [
          "application/json; odata=minimalmetadata; streaming=true; charset=utf-8"
        ],
        "x-ms-request-id": [
          "48153c90-1a2b-407c-b8c0-3750576a1ebc"
        ],
        "X-Content-Type-Options": [
          "nosniff"
        ],
        "Preference-Applied": [
          "return-content"
        ],
        "DataServiceVersion": [
          "3.0;"
        ],
        "x-ms-ratelimit-remaining-subscription-writes": [
          "1188"
        ],
        "x-ms-correlation-request-id": [
          "c03ace80-17a4-4df2-a6e0-b8c6bbfebd1b"
        ],
        "x-ms-routing-request-id": [
          "CENTRALUS:20150610T080607Z:c03ace80-17a4-4df2-a6e0-b8c6bbfebd1b"
        ],
        "Strict-Transport-Security": [
          "max-age=31536000; includeSubDomains"
        ],
        "Cache-Control": [
          "no-store, no-cache"
        ],
        "Date": [
          "Wed, 10 Jun 2015 08:06:07 GMT"
        ],
        "Server": [
          "Microsoft-HTTPAPI/2.0"
        ]
      },
      "StatusCode": 201
    },
    {
      "RequestUri": "/subscriptions/1dc9187a-986d-4888-8dcf-af0bd43df99e/resourceGroups/onesdk9933/providers/Microsoft.Sql/servers/onesdk9021/databases/onesdk9944?api-version=2014-04-01",
      "EncodedRequestUri": "L3N1YnNjcmlwdGlvbnMvMWRjOTE4N2EtOTg2ZC00ODg4LThkY2YtYWYwYmQ0M2RmOTllL3Jlc291cmNlR3JvdXBzL29uZXNkazk5MzMvcHJvdmlkZXJzL01pY3Jvc29mdC5TcWwvc2VydmVycy9vbmVzZGs5MDIxL2RhdGFiYXNlcy9vbmVzZGs5OTQ0P2FwaS12ZXJzaW9uPTIwMTQtMDQtMDE=",
      "RequestMethod": "GET",
      "RequestBody": "",
      "RequestHeaders": {
        "User-Agent": [
          "Microsoft.Azure.Management.Sql.SqlManagementClient/0.9.0.0"
        ],
        "x-ms-client-request-id": [
          "55841fde-e092-4d9c-a938-8982797f46df"
        ]
      },
      "ResponseBody": "{\r\n  \"error\": {\r\n    \"code\": \"ResourceNotFound\",\r\n    \"message\": \"Resource not found.\"\r\n  }\r\n}",
      "ResponseHeaders": {
        "Content-Length": [
          "69"
        ],
        "Content-Type": [
          "application/json; charset=utf-8"
        ],
        "Expires": [
          "-1"
        ],
        "Pragma": [
          "no-cache"
        ],
        "x-ms-failure-cause": [
          "gateway"
        ],
        "x-ms-request-id": [
          "e5490c16-146d-48fe-bd42-6005a09cdefc"
        ],
        "x-ms-correlation-request-id": [
          "e5490c16-146d-48fe-bd42-6005a09cdefc"
        ],
        "x-ms-routing-request-id": [
          "CENTRALUS:20150610T080607Z:e5490c16-146d-48fe-bd42-6005a09cdefc"
        ],
        "Strict-Transport-Security": [
          "max-age=31536000; includeSubDomains"
        ],
        "Cache-Control": [
          "no-cache"
        ],
        "Date": [
          "Wed, 10 Jun 2015 08:06:07 GMT"
        ]
      },
      "StatusCode": 404
    },
    {
      "RequestUri": "/subscriptions/1dc9187a-986d-4888-8dcf-af0bd43df99e/resourceGroups/onesdk9933/providers/Microsoft.Sql/servers/onesdk9021/databases/onesdk9944?api-version=2014-04-01",
      "EncodedRequestUri": "L3N1YnNjcmlwdGlvbnMvMWRjOTE4N2EtOTg2ZC00ODg4LThkY2YtYWYwYmQ0M2RmOTllL3Jlc291cmNlR3JvdXBzL29uZXNkazk5MzMvcHJvdmlkZXJzL01pY3Jvc29mdC5TcWwvc2VydmVycy9vbmVzZGs5MDIxL2RhdGFiYXNlcy9vbmVzZGs5OTQ0P2FwaS12ZXJzaW9uPTIwMTQtMDQtMDE=",
      "RequestMethod": "GET",
      "RequestBody": "",
      "RequestHeaders": {
        "User-Agent": [
          "Microsoft.Azure.Management.Sql.SqlManagementClient/0.9.0.0"
        ],
        "x-ms-client-request-id": [
          "6288e06f-ad38-4d77-8c77-fed0dfc4ecdd"
        ]
      },
      "ResponseBody": "{\r\n  \"tags\": {},\r\n  \"id\": \"/subscriptions/1dc9187a-986d-4888-8dcf-af0bd43df99e/resourceGroups/onesdk9933/providers/Microsoft.Sql/servers/onesdk9021/databases/onesdk9944\",\r\n  \"name\": \"onesdk9944\",\r\n  \"type\": \"Microsoft.Sql/servers/databases\",\r\n  \"location\": \"Southeast Asia\",\r\n  \"kind\": \"v12.0,user\",\r\n  \"properties\": {\r\n    \"databaseId\": \"b319ce21-1334-4543-8b9c-d659ad233a12\",\r\n    \"edition\": \"Standard\",\r\n    \"status\": \"Online\",\r\n    \"serviceLevelObjective\": \"S0\",\r\n    \"collation\": \"SQL_Latin1_General_CP1_CI_AS\",\r\n    \"maxSizeBytes\": \"1073741824\",\r\n    \"creationDate\": \"2015-06-10T08:06:09.28Z\",\r\n    \"currentServiceObjectiveId\": \"f1173c43-91bd-4aaa-973c-54e79e15235b\",\r\n    \"requestedServiceObjectiveId\": \"f1173c43-91bd-4aaa-973c-54e79e15235b\",\r\n    \"requestedServiceObjectiveName\": null,\r\n    \"defaultSecondaryLocation\": \"Japan East\",\r\n    \"earliestRestoreDate\": \"2015-06-10T08:17:18.073Z\",\r\n    \"elasticPoolName\": null,\r\n    \"containmentState\": 2\r\n  }\r\n}",
      "ResponseHeaders": {
        "Content-Length": [
          "822"
        ],
        "Content-Type": [
          "application/json; odata=minimalmetadata; streaming=true; charset=utf-8"
        ],
        "x-ms-request-id": [
          "d8253d98-1fe7-4393-a9ce-5af2130ec1c9"
        ],
        "X-Content-Type-Options": [
          "nosniff"
        ],
        "DataServiceVersion": [
          "3.0;"
        ],
        "Strict-Transport-Security": [
          "max-age=31536000; includeSubDomains"
        ],
        "x-ms-ratelimit-remaining-subscription-reads": [
          "14915"
        ],
        "x-ms-correlation-request-id": [
          "99def40b-596d-410a-a22b-610405844599"
        ],
        "x-ms-routing-request-id": [
          "CENTRALUS:20150610T081230Z:99def40b-596d-410a-a22b-610405844599"
        ],
        "Cache-Control": [
          "no-store, no-cache"
        ],
        "Date": [
          "Wed, 10 Jun 2015 08:12:30 GMT"
        ],
        "Server": [
          "Microsoft-HTTPAPI/2.0"
        ]
      },
      "StatusCode": 200
    },
    {
      "RequestUri": "/subscriptions/1dc9187a-986d-4888-8dcf-af0bd43df99e/resourceGroups/onesdk9933/providers/Microsoft.Sql/servers/onesdk9021/databases/onesdk9944?api-version=2014-04-01",
      "EncodedRequestUri": "L3N1YnNjcmlwdGlvbnMvMWRjOTE4N2EtOTg2ZC00ODg4LThkY2YtYWYwYmQ0M2RmOTllL3Jlc291cmNlR3JvdXBzL29uZXNkazk5MzMvcHJvdmlkZXJzL01pY3Jvc29mdC5TcWwvc2VydmVycy9vbmVzZGs5MDIxL2RhdGFiYXNlcy9vbmVzZGs5OTQ0P2FwaS12ZXJzaW9uPTIwMTQtMDQtMDE=",
      "RequestMethod": "PUT",
      "RequestBody": "{\r\n  \"properties\": {\r\n    \"maxSizeBytes\": \"1073741824\"\r\n  },\r\n  \"location\": \"Southeast Asia\",\r\n  \"tags\": {}\r\n}",
      "RequestHeaders": {
        "Content-Type": [
          "application/json; charset=utf-8"
        ],
        "Content-Length": [
          "110"
        ],
        "User-Agent": [
          "Microsoft.Azure.Management.Sql.SqlManagementClient/0.9.0.0"
        ],
        "x-ms-client-request-id": [
          "e0c86a24-2a06-425c-9dba-119671b6aa11"
        ]
      },
      "ResponseBody": "{\r\n  \"operation\": \"CreateLogicalDatabase\",\r\n  \"startTime\": \"2015-06-10T01:06:09.171-07:00\"\r\n}",
      "ResponseHeaders": {
        "Content-Length": [
          "80"
        ],
        "Content-Type": [
          "application/json; odata=minimalmetadata; streaming=true; charset=utf-8"
        ],
        "Retry-After": [
          "30"
        ],
        "x-ms-request-id": [
          "4af5e7f0-313b-4a46-bfb7-34bcac952c26"
        ],
        "X-Content-Type-Options": [
          "nosniff"
        ],
        "Preference-Applied": [
          "return-content"
        ],
        "DataServiceVersion": [
          "3.0;"
        ],
        "Strict-Transport-Security": [
          "max-age=31536000; includeSubDomains"
        ],
        "x-ms-ratelimit-remaining-subscription-writes": [
          "1187"
        ],
        "x-ms-correlation-request-id": [
          "53484594-c607-4f9b-a200-cbfe723cfda7"
        ],
        "x-ms-routing-request-id": [
          "CENTRALUS:20150610T080609Z:53484594-c607-4f9b-a200-cbfe723cfda7"
        ],
        "Cache-Control": [
          "no-store, no-cache"
        ],
        "Date": [
          "Wed, 10 Jun 2015 08:06:09 GMT"
        ],
        "Location": [
          "https://api-dogfood.resources.windows-int.net/subscriptions/1dc9187a-986d-4888-8dcf-af0bd43df99e/resourceGroups/onesdk9933/providers/Microsoft.Sql/servers/onesdk9021/databases/onesdk9944/operationResults/4af5e7f0-313b-4a46-bfb7-34bcac952c26?api-version=2014-04-01-Preview"
        ],
        "Server": [
          "Microsoft-HTTPAPI/2.0"
        ]
      },
      "StatusCode": 202
    },
    {
      "RequestUri": "/subscriptions/1dc9187a-986d-4888-8dcf-af0bd43df99e/resourceGroups/onesdk9933/providers/Microsoft.Sql/servers/onesdk9021/databases/onesdk9944/operationResults/4af5e7f0-313b-4a46-bfb7-34bcac952c26?api-version=2014-04-01-Preview",
      "EncodedRequestUri": "L3N1YnNjcmlwdGlvbnMvMWRjOTE4N2EtOTg2ZC00ODg4LThkY2YtYWYwYmQ0M2RmOTllL3Jlc291cmNlR3JvdXBzL29uZXNkazk5MzMvcHJvdmlkZXJzL01pY3Jvc29mdC5TcWwvc2VydmVycy9vbmVzZGs5MDIxL2RhdGFiYXNlcy9vbmVzZGs5OTQ0L29wZXJhdGlvblJlc3VsdHMvNGFmNWU3ZjAtMzEzYi00YTQ2LWJmYjctMzRiY2FjOTUyYzI2P2FwaS12ZXJzaW9uPTIwMTQtMDQtMDEtUHJldmlldw==",
      "RequestMethod": "GET",
      "RequestBody": "",
      "RequestHeaders": {
        "User-Agent": [
          "Microsoft.Azure.Management.Sql.SqlManagementClient/0.9.0.0"
        ],
        "x-ms-client-request-id": [
          "e0c86a24-2a06-425c-9dba-119671b6aa11"
        ]
      },
      "ResponseBody": "{\r\n  \"operation\": \"CreateLogicalDatabase\",\r\n  \"startTime\": \"2015-06-10T08:06:09.157Z\"\r\n}",
      "ResponseHeaders": {
        "Content-Length": [
          "75"
        ],
        "Content-Type": [
          "application/json"
        ],
        "Retry-After": [
          "30"
        ],
        "x-ms-request-id": [
          "f8551214-c324-4202-8bce-142b64813f17"
        ],
        "X-Content-Type-Options": [
          "nosniff"
        ],
        "DataServiceVersion": [
          "3.0;"
        ],
        "Strict-Transport-Security": [
          "max-age=31536000; includeSubDomains"
        ],
        "x-ms-ratelimit-remaining-subscription-reads": [
          "14942"
        ],
        "x-ms-correlation-request-id": [
          "e1624799-7951-4081-bf82-a5e3404969af"
        ],
        "x-ms-routing-request-id": [
          "CENTRALUS:20150610T080610Z:e1624799-7951-4081-bf82-a5e3404969af"
        ],
        "Cache-Control": [
          "no-store, no-cache"
        ],
        "Date": [
          "Wed, 10 Jun 2015 08:06:10 GMT"
        ],
        "Location": [
          "https://api-dogfood.resources.windows-int.net/subscriptions/1dc9187a-986d-4888-8dcf-af0bd43df99e/resourceGroups/onesdk9933/providers/Microsoft.Sql/servers/onesdk9021/databases/onesdk9944/operationResults/4af5e7f0-313b-4a46-bfb7-34bcac952c26?api-version=2014-04-01-Preview"
        ],
        "Server": [
          "Microsoft-HTTPAPI/2.0"
        ]
      },
      "StatusCode": 202
    },
    {
      "RequestUri": "/subscriptions/1dc9187a-986d-4888-8dcf-af0bd43df99e/resourceGroups/onesdk9933/providers/Microsoft.Sql/servers/onesdk9021/databases/onesdk9944/operationResults/4af5e7f0-313b-4a46-bfb7-34bcac952c26?api-version=2014-04-01-Preview",
      "EncodedRequestUri": "L3N1YnNjcmlwdGlvbnMvMWRjOTE4N2EtOTg2ZC00ODg4LThkY2YtYWYwYmQ0M2RmOTllL3Jlc291cmNlR3JvdXBzL29uZXNkazk5MzMvcHJvdmlkZXJzL01pY3Jvc29mdC5TcWwvc2VydmVycy9vbmVzZGs5MDIxL2RhdGFiYXNlcy9vbmVzZGs5OTQ0L29wZXJhdGlvblJlc3VsdHMvNGFmNWU3ZjAtMzEzYi00YTQ2LWJmYjctMzRiY2FjOTUyYzI2P2FwaS12ZXJzaW9uPTIwMTQtMDQtMDEtUHJldmlldw==",
      "RequestMethod": "GET",
      "RequestBody": "",
      "RequestHeaders": {
        "User-Agent": [
          "Microsoft.Azure.Management.Sql.SqlManagementClient/0.9.0.0"
        ],
        "x-ms-client-request-id": [
          "e0c86a24-2a06-425c-9dba-119671b6aa11"
        ]
      },
      "ResponseBody": "{\r\n  \"operation\": \"CreateLogicalDatabase\",\r\n  \"startTime\": \"2015-06-10T08:06:09.157Z\"\r\n}",
      "ResponseHeaders": {
        "Content-Length": [
          "75"
        ],
        "Content-Type": [
          "application/json"
        ],
        "Retry-After": [
          "30"
        ],
        "x-ms-request-id": [
          "71322011-8fd7-42e8-a773-e283cd228157"
        ],
        "X-Content-Type-Options": [
          "nosniff"
        ],
        "DataServiceVersion": [
          "3.0;"
        ],
        "Strict-Transport-Security": [
          "max-age=31536000; includeSubDomains"
        ],
        "x-ms-ratelimit-remaining-subscription-reads": [
          "14941"
        ],
        "x-ms-correlation-request-id": [
          "d6edb102-d95e-4fdf-93d9-1cf2cbddc71f"
        ],
        "x-ms-routing-request-id": [
          "CENTRALUS:20150610T080641Z:d6edb102-d95e-4fdf-93d9-1cf2cbddc71f"
        ],
        "Cache-Control": [
          "no-store, no-cache"
        ],
        "Date": [
          "Wed, 10 Jun 2015 08:06:41 GMT"
        ],
        "Location": [
          "https://api-dogfood.resources.windows-int.net/subscriptions/1dc9187a-986d-4888-8dcf-af0bd43df99e/resourceGroups/onesdk9933/providers/Microsoft.Sql/servers/onesdk9021/databases/onesdk9944/operationResults/4af5e7f0-313b-4a46-bfb7-34bcac952c26?api-version=2014-04-01-Preview"
        ],
        "Server": [
          "Microsoft-HTTPAPI/2.0"
        ]
      },
      "StatusCode": 202
    },
    {
      "RequestUri": "/subscriptions/1dc9187a-986d-4888-8dcf-af0bd43df99e/resourceGroups/onesdk9933/providers/Microsoft.Sql/servers/onesdk9021/databases/onesdk9944/operationResults/4af5e7f0-313b-4a46-bfb7-34bcac952c26?api-version=2014-04-01-Preview",
      "EncodedRequestUri": "L3N1YnNjcmlwdGlvbnMvMWRjOTE4N2EtOTg2ZC00ODg4LThkY2YtYWYwYmQ0M2RmOTllL3Jlc291cmNlR3JvdXBzL29uZXNkazk5MzMvcHJvdmlkZXJzL01pY3Jvc29mdC5TcWwvc2VydmVycy9vbmVzZGs5MDIxL2RhdGFiYXNlcy9vbmVzZGs5OTQ0L29wZXJhdGlvblJlc3VsdHMvNGFmNWU3ZjAtMzEzYi00YTQ2LWJmYjctMzRiY2FjOTUyYzI2P2FwaS12ZXJzaW9uPTIwMTQtMDQtMDEtUHJldmlldw==",
      "RequestMethod": "GET",
      "RequestBody": "",
      "RequestHeaders": {
        "User-Agent": [
          "Microsoft.Azure.Management.Sql.SqlManagementClient/0.9.0.0"
        ],
        "x-ms-client-request-id": [
          "e0c86a24-2a06-425c-9dba-119671b6aa11"
        ]
      },
      "ResponseBody": "{\r\n  \"operation\": \"CreateLogicalDatabase\",\r\n  \"startTime\": \"2015-06-10T08:06:09.157Z\"\r\n}",
      "ResponseHeaders": {
        "Content-Length": [
          "75"
        ],
        "Content-Type": [
          "application/json"
        ],
        "Retry-After": [
          "30"
        ],
        "x-ms-request-id": [
          "23e59ec8-cd5c-44b5-ae06-a0ce58d2fcc9"
        ],
        "X-Content-Type-Options": [
          "nosniff"
        ],
        "DataServiceVersion": [
          "3.0;"
        ],
        "Strict-Transport-Security": [
          "max-age=31536000; includeSubDomains"
        ],
        "x-ms-ratelimit-remaining-subscription-reads": [
          "14940"
        ],
        "x-ms-correlation-request-id": [
          "8e324e47-27c3-4b0f-8832-e2c3b43dfd0f"
        ],
        "x-ms-routing-request-id": [
          "CENTRALUS:20150610T080658Z:8e324e47-27c3-4b0f-8832-e2c3b43dfd0f"
        ],
        "Cache-Control": [
          "no-store, no-cache"
        ],
        "Date": [
          "Wed, 10 Jun 2015 08:06:57 GMT"
        ],
        "Location": [
          "https://api-dogfood.resources.windows-int.net/subscriptions/1dc9187a-986d-4888-8dcf-af0bd43df99e/resourceGroups/onesdk9933/providers/Microsoft.Sql/servers/onesdk9021/databases/onesdk9944/operationResults/4af5e7f0-313b-4a46-bfb7-34bcac952c26?api-version=2014-04-01-Preview"
        ],
        "Server": [
          "Microsoft-HTTPAPI/2.0"
        ]
      },
      "StatusCode": 202
    },
    {
      "RequestUri": "/subscriptions/1dc9187a-986d-4888-8dcf-af0bd43df99e/resourceGroups/onesdk9933/providers/Microsoft.Sql/servers/onesdk9021/databases/onesdk9944/operationResults/4af5e7f0-313b-4a46-bfb7-34bcac952c26?api-version=2014-04-01-Preview",
      "EncodedRequestUri": "L3N1YnNjcmlwdGlvbnMvMWRjOTE4N2EtOTg2ZC00ODg4LThkY2YtYWYwYmQ0M2RmOTllL3Jlc291cmNlR3JvdXBzL29uZXNkazk5MzMvcHJvdmlkZXJzL01pY3Jvc29mdC5TcWwvc2VydmVycy9vbmVzZGs5MDIxL2RhdGFiYXNlcy9vbmVzZGs5OTQ0L29wZXJhdGlvblJlc3VsdHMvNGFmNWU3ZjAtMzEzYi00YTQ2LWJmYjctMzRiY2FjOTUyYzI2P2FwaS12ZXJzaW9uPTIwMTQtMDQtMDEtUHJldmlldw==",
      "RequestMethod": "GET",
      "RequestBody": "",
      "RequestHeaders": {
        "User-Agent": [
          "Microsoft.Azure.Management.Sql.SqlManagementClient/0.9.0.0"
        ],
        "x-ms-client-request-id": [
          "e0c86a24-2a06-425c-9dba-119671b6aa11"
        ]
      },
      "ResponseBody": "{\r\n  \"operation\": \"CreateLogicalDatabase\",\r\n  \"startTime\": \"2015-06-10T08:06:09.157Z\"\r\n}",
      "ResponseHeaders": {
        "Content-Length": [
          "75"
        ],
        "Content-Type": [
          "application/json"
        ],
        "Retry-After": [
          "30"
        ],
        "x-ms-request-id": [
          "97786d34-9be7-4f4d-8d0f-84d92f7d8432"
        ],
        "X-Content-Type-Options": [
          "nosniff"
        ],
        "DataServiceVersion": [
          "3.0;"
        ],
        "Strict-Transport-Security": [
          "max-age=31536000; includeSubDomains"
        ],
        "x-ms-ratelimit-remaining-subscription-reads": [
          "14939"
        ],
        "x-ms-correlation-request-id": [
          "00a047bd-0afe-4326-a9fa-ae460859618d"
        ],
        "x-ms-routing-request-id": [
          "CENTRALUS:20150610T080714Z:00a047bd-0afe-4326-a9fa-ae460859618d"
        ],
        "Cache-Control": [
          "no-store, no-cache"
        ],
        "Date": [
          "Wed, 10 Jun 2015 08:07:13 GMT"
        ],
        "Location": [
          "https://api-dogfood.resources.windows-int.net/subscriptions/1dc9187a-986d-4888-8dcf-af0bd43df99e/resourceGroups/onesdk9933/providers/Microsoft.Sql/servers/onesdk9021/databases/onesdk9944/operationResults/4af5e7f0-313b-4a46-bfb7-34bcac952c26?api-version=2014-04-01-Preview"
        ],
        "Server": [
          "Microsoft-HTTPAPI/2.0"
        ]
      },
      "StatusCode": 202
    },
    {
      "RequestUri": "/subscriptions/1dc9187a-986d-4888-8dcf-af0bd43df99e/resourceGroups/onesdk9933/providers/Microsoft.Sql/servers/onesdk9021/databases/onesdk9944/operationResults/4af5e7f0-313b-4a46-bfb7-34bcac952c26?api-version=2014-04-01-Preview",
      "EncodedRequestUri": "L3N1YnNjcmlwdGlvbnMvMWRjOTE4N2EtOTg2ZC00ODg4LThkY2YtYWYwYmQ0M2RmOTllL3Jlc291cmNlR3JvdXBzL29uZXNkazk5MzMvcHJvdmlkZXJzL01pY3Jvc29mdC5TcWwvc2VydmVycy9vbmVzZGs5MDIxL2RhdGFiYXNlcy9vbmVzZGs5OTQ0L29wZXJhdGlvblJlc3VsdHMvNGFmNWU3ZjAtMzEzYi00YTQ2LWJmYjctMzRiY2FjOTUyYzI2P2FwaS12ZXJzaW9uPTIwMTQtMDQtMDEtUHJldmlldw==",
      "RequestMethod": "GET",
      "RequestBody": "",
      "RequestHeaders": {
        "User-Agent": [
          "Microsoft.Azure.Management.Sql.SqlManagementClient/0.9.0.0"
        ],
        "x-ms-client-request-id": [
          "e0c86a24-2a06-425c-9dba-119671b6aa11"
        ]
      },
      "ResponseBody": "{\r\n  \"tags\": {},\r\n  \"id\": \"/subscriptions/1dc9187a-986d-4888-8dcf-af0bd43df99e/resourceGroups/onesdk9933/providers/Microsoft.Sql/servers/onesdk9021/databases/onesdk9944\",\r\n  \"name\": \"onesdk9944\",\r\n  \"type\": \"Microsoft.Sql/servers/databases\",\r\n  \"location\": \"Southeast Asia\",\r\n  \"kind\": \"v12.0,user\",\r\n  \"properties\": {\r\n    \"databaseId\": \"b319ce21-1334-4543-8b9c-d659ad233a12\",\r\n    \"edition\": \"Standard\",\r\n    \"status\": \"Online\",\r\n    \"serviceLevelObjective\": \"S0\",\r\n    \"collation\": \"SQL_Latin1_General_CP1_CI_AS\",\r\n    \"maxSizeBytes\": \"1073741824\",\r\n    \"creationDate\": \"2015-06-10T08:06:09.28Z\",\r\n    \"currentServiceObjectiveId\": \"f1173c43-91bd-4aaa-973c-54e79e15235b\",\r\n    \"requestedServiceObjectiveId\": \"f1173c43-91bd-4aaa-973c-54e79e15235b\",\r\n    \"requestedServiceObjectiveName\": null,\r\n    \"defaultSecondaryLocation\": \"Japan East\",\r\n    \"earliestRestoreDate\": \"2015-06-10T08:17:18.073Z\",\r\n    \"elasticPoolName\": null,\r\n    \"containmentState\": 2\r\n  }\r\n}",
      "ResponseHeaders": {
        "Content-Length": [
          "822"
        ],
        "Content-Type": [
          "application/json; odata=minimalmetadata; streaming=true; charset=utf-8"
        ],
        "x-ms-request-id": [
          "f1d2b470-f192-4568-853f-db165ca964e5"
        ],
        "X-Content-Type-Options": [
          "nosniff"
        ],
        "DataServiceVersion": [
          "3.0;"
        ],
        "Strict-Transport-Security": [
          "max-age=31536000; includeSubDomains"
        ],
        "x-ms-ratelimit-remaining-subscription-reads": [
          "14938"
        ],
        "x-ms-correlation-request-id": [
          "b8841d28-87f8-447f-b63e-b914bc546f29"
        ],
        "x-ms-routing-request-id": [
          "CENTRALUS:20150610T080730Z:b8841d28-87f8-447f-b63e-b914bc546f29"
        ],
        "Cache-Control": [
          "no-store, no-cache"
        ],
        "Date": [
          "Wed, 10 Jun 2015 08:07:30 GMT"
        ],
        "Server": [
          "Microsoft-HTTPAPI/2.0"
        ]
      },
      "StatusCode": 201
    },
    {
      "RequestUri": "/subscriptions/1dc9187a-986d-4888-8dcf-af0bd43df99e/resourceGroups/onesdk9933/providers/Microsoft.Sql/servers/onesdk9021/databases/onesdk9447?api-version=2014-04-01",
      "EncodedRequestUri": "L3N1YnNjcmlwdGlvbnMvMWRjOTE4N2EtOTg2ZC00ODg4LThkY2YtYWYwYmQ0M2RmOTllL3Jlc291cmNlR3JvdXBzL29uZXNkazk5MzMvcHJvdmlkZXJzL01pY3Jvc29mdC5TcWwvc2VydmVycy9vbmVzZGs5MDIxL2RhdGFiYXNlcy9vbmVzZGs5NDQ3P2FwaS12ZXJzaW9uPTIwMTQtMDQtMDE=",
      "RequestMethod": "GET",
      "RequestBody": "",
      "RequestHeaders": {
        "User-Agent": [
          "Microsoft.Azure.Management.Sql.SqlManagementClient/0.9.0.0"
        ],
        "x-ms-client-request-id": [
          "413b0359-5e16-4d95-a6af-be8e773756fc"
        ]
      },
      "ResponseBody": "{\r\n  \"error\": {\r\n    \"code\": \"ResourceNotFound\",\r\n    \"message\": \"Resource not found.\"\r\n  }\r\n}",
      "ResponseHeaders": {
        "Content-Length": [
          "69"
        ],
        "Content-Type": [
          "application/json; charset=utf-8"
        ],
        "Expires": [
          "-1"
        ],
        "Pragma": [
          "no-cache"
        ],
        "x-ms-failure-cause": [
          "gateway"
        ],
        "x-ms-request-id": [
          "f8782e36-89a0-4fb3-8e4f-d077c876f585"
        ],
        "x-ms-correlation-request-id": [
          "f8782e36-89a0-4fb3-8e4f-d077c876f585"
        ],
        "x-ms-routing-request-id": [
          "CENTRALUS:20150610T080730Z:f8782e36-89a0-4fb3-8e4f-d077c876f585"
        ],
        "Strict-Transport-Security": [
          "max-age=31536000; includeSubDomains"
        ],
        "Cache-Control": [
          "no-cache"
        ],
        "Date": [
          "Wed, 10 Jun 2015 08:07:30 GMT"
        ]
      },
      "StatusCode": 404
    },
    {
      "RequestUri": "/subscriptions/1dc9187a-986d-4888-8dcf-af0bd43df99e/resourceGroups/onesdk9933/providers/Microsoft.Sql/servers/onesdk9021/databases/onesdk9447?api-version=2014-04-01",
      "EncodedRequestUri": "L3N1YnNjcmlwdGlvbnMvMWRjOTE4N2EtOTg2ZC00ODg4LThkY2YtYWYwYmQ0M2RmOTllL3Jlc291cmNlR3JvdXBzL29uZXNkazk5MzMvcHJvdmlkZXJzL01pY3Jvc29mdC5TcWwvc2VydmVycy9vbmVzZGs5MDIxL2RhdGFiYXNlcy9vbmVzZGs5NDQ3P2FwaS12ZXJzaW9uPTIwMTQtMDQtMDE=",
      "RequestMethod": "GET",
      "RequestBody": "",
      "RequestHeaders": {
        "User-Agent": [
          "Microsoft.Azure.Management.Sql.SqlManagementClient/0.9.0.0"
        ],
        "x-ms-client-request-id": [
          "9673ac52-f2e1-4fce-a5a1-bbc6993475c2"
        ]
      },
      "ResponseBody": "{\r\n  \"tags\": {},\r\n  \"id\": \"/subscriptions/1dc9187a-986d-4888-8dcf-af0bd43df99e/resourceGroups/onesdk9933/providers/Microsoft.Sql/servers/onesdk9021/databases/onesdk9447\",\r\n  \"name\": \"onesdk9447\",\r\n  \"type\": \"Microsoft.Sql/servers/databases\",\r\n  \"location\": \"Southeast Asia\",\r\n  \"kind\": \"v12.0,user\",\r\n  \"properties\": {\r\n    \"databaseId\": \"2a4959a2-f040-4ec2-915c-e289e95aa1c7\",\r\n    \"edition\": \"Basic\",\r\n    \"status\": \"Online\",\r\n    \"serviceLevelObjective\": \"Basic\",\r\n    \"collation\": \"Japanese_Bushu_Kakusu_100_CS_AS\",\r\n    \"maxSizeBytes\": \"1073741824\",\r\n    \"creationDate\": \"2015-06-10T08:07:33.04Z\",\r\n    \"currentServiceObjectiveId\": \"dd6d99bb-f193-4ec1-86f2-43d3bccbc49c\",\r\n    \"requestedServiceObjectiveId\": \"dd6d99bb-f193-4ec1-86f2-43d3bccbc49c\",\r\n    \"requestedServiceObjectiveName\": null,\r\n    \"defaultSecondaryLocation\": \"Japan East\",\r\n    \"earliestRestoreDate\": \"2015-06-10T08:18:24.547Z\",\r\n    \"elasticPoolName\": null,\r\n    \"containmentState\": 2\r\n  }\r\n}",
      "ResponseHeaders": {
        "Content-Length": [
          "825"
        ],
        "Content-Type": [
          "application/json; odata=minimalmetadata; streaming=true; charset=utf-8"
        ],
        "x-ms-request-id": [
          "434d6188-d3e1-42e5-83cb-9a101660725c"
        ],
        "X-Content-Type-Options": [
          "nosniff"
        ],
        "DataServiceVersion": [
          "3.0;"
        ],
        "Strict-Transport-Security": [
          "max-age=31536000; includeSubDomains"
        ],
        "x-ms-ratelimit-remaining-subscription-reads": [
          "14914"
        ],
        "x-ms-correlation-request-id": [
          "e89522e4-0009-4cb3-8c2c-8f7900691c1b"
        ],
        "x-ms-routing-request-id": [
          "CENTRALUS:20150610T081251Z:e89522e4-0009-4cb3-8c2c-8f7900691c1b"
        ],
        "Cache-Control": [
          "no-store, no-cache"
        ],
        "Date": [
          "Wed, 10 Jun 2015 08:12:51 GMT"
        ],
        "Server": [
          "Microsoft-HTTPAPI/2.0"
        ]
      },
      "StatusCode": 200
    },
    {
      "RequestUri": "/subscriptions/1dc9187a-986d-4888-8dcf-af0bd43df99e/resourceGroups/onesdk9933/providers/Microsoft.Sql/servers/onesdk9021/databases/onesdk9447?api-version=2014-04-01",
      "EncodedRequestUri": "L3N1YnNjcmlwdGlvbnMvMWRjOTE4N2EtOTg2ZC00ODg4LThkY2YtYWYwYmQ0M2RmOTllL3Jlc291cmNlR3JvdXBzL29uZXNkazk5MzMvcHJvdmlkZXJzL01pY3Jvc29mdC5TcWwvc2VydmVycy9vbmVzZGs5MDIxL2RhdGFiYXNlcy9vbmVzZGs5NDQ3P2FwaS12ZXJzaW9uPTIwMTQtMDQtMDE=",
      "RequestMethod": "PUT",
      "RequestBody": "{\r\n  \"properties\": {\r\n    \"edition\": \"Basic\",\r\n    \"collation\": \"Japanese_Bushu_Kakusu_100_CS_AS\",\r\n    \"maxSizeBytes\": \"1073741824\",\r\n    \"requestedServiceObjectiveName\": \"Basic\"\r\n  },\r\n  \"location\": \"Southeast Asia\",\r\n  \"tags\": {}\r\n}",
      "RequestHeaders": {
        "Content-Type": [
          "application/json; charset=utf-8"
        ],
        "Content-Length": [
          "235"
        ],
        "User-Agent": [
          "Microsoft.Azure.Management.Sql.SqlManagementClient/0.9.0.0"
        ],
        "x-ms-client-request-id": [
          "673c0822-0527-4d44-96a5-e39dd3a52ed5"
        ]
      },
      "ResponseBody": "{\r\n  \"operation\": \"CreateLogicalDatabase\",\r\n  \"startTime\": \"2015-06-10T01:07:32.932-07:00\"\r\n}",
      "ResponseHeaders": {
        "Content-Length": [
          "80"
        ],
        "Content-Type": [
          "application/json; odata=minimalmetadata; streaming=true; charset=utf-8"
        ],
        "Retry-After": [
          "30"
        ],
        "x-ms-request-id": [
          "dda4d876-ea7c-463f-8c5f-4cbd9b308649"
        ],
        "X-Content-Type-Options": [
          "nosniff"
        ],
        "Preference-Applied": [
          "return-content"
        ],
        "DataServiceVersion": [
          "3.0;"
        ],
        "Strict-Transport-Security": [
          "max-age=31536000; includeSubDomains"
        ],
        "x-ms-ratelimit-remaining-subscription-writes": [
          "1186"
        ],
        "x-ms-correlation-request-id": [
          "17387612-6b98-4488-8fc5-c0af144682f2"
        ],
        "x-ms-routing-request-id": [
          "CENTRALUS:20150610T080733Z:17387612-6b98-4488-8fc5-c0af144682f2"
        ],
        "Cache-Control": [
          "no-store, no-cache"
        ],
        "Date": [
          "Wed, 10 Jun 2015 08:07:33 GMT"
        ],
        "Location": [
          "https://api-dogfood.resources.windows-int.net/subscriptions/1dc9187a-986d-4888-8dcf-af0bd43df99e/resourceGroups/onesdk9933/providers/Microsoft.Sql/servers/onesdk9021/databases/onesdk9447/operationResults/dda4d876-ea7c-463f-8c5f-4cbd9b308649?api-version=2014-04-01-Preview"
        ],
        "Server": [
          "Microsoft-HTTPAPI/2.0"
        ]
      },
      "StatusCode": 202
    },
    {
      "RequestUri": "/subscriptions/1dc9187a-986d-4888-8dcf-af0bd43df99e/resourceGroups/onesdk9933/providers/Microsoft.Sql/servers/onesdk9021/databases/onesdk9447/operationResults/dda4d876-ea7c-463f-8c5f-4cbd9b308649?api-version=2014-04-01-Preview",
      "EncodedRequestUri": "L3N1YnNjcmlwdGlvbnMvMWRjOTE4N2EtOTg2ZC00ODg4LThkY2YtYWYwYmQ0M2RmOTllL3Jlc291cmNlR3JvdXBzL29uZXNkazk5MzMvcHJvdmlkZXJzL01pY3Jvc29mdC5TcWwvc2VydmVycy9vbmVzZGs5MDIxL2RhdGFiYXNlcy9vbmVzZGs5NDQ3L29wZXJhdGlvblJlc3VsdHMvZGRhNGQ4NzYtZWE3Yy00NjNmLThjNWYtNGNiZDliMzA4NjQ5P2FwaS12ZXJzaW9uPTIwMTQtMDQtMDEtUHJldmlldw==",
      "RequestMethod": "GET",
      "RequestBody": "",
      "RequestHeaders": {
        "User-Agent": [
          "Microsoft.Azure.Management.Sql.SqlManagementClient/0.9.0.0"
        ],
        "x-ms-client-request-id": [
          "673c0822-0527-4d44-96a5-e39dd3a52ed5"
        ]
      },
      "ResponseBody": "{\r\n  \"operation\": \"CreateLogicalDatabase\",\r\n  \"startTime\": \"2015-06-10T08:07:32.9Z\"\r\n}",
      "ResponseHeaders": {
        "Content-Length": [
          "75"
        ],
        "Content-Type": [
          "application/json"
        ],
        "Retry-After": [
          "30"
        ],
        "x-ms-request-id": [
          "95b4c780-6684-4878-a48a-b075ba5cb8f3"
        ],
        "X-Content-Type-Options": [
          "nosniff"
        ],
        "DataServiceVersion": [
          "3.0;"
        ],
        "Strict-Transport-Security": [
          "max-age=31536000; includeSubDomains"
        ],
        "x-ms-ratelimit-remaining-subscription-reads": [
          "14935"
        ],
        "x-ms-correlation-request-id": [
          "573c5b95-903a-4c97-8d72-ec33d5d7dcd1"
        ],
        "x-ms-routing-request-id": [
          "CENTRALUS:20150610T080734Z:573c5b95-903a-4c97-8d72-ec33d5d7dcd1"
        ],
        "Cache-Control": [
          "no-store, no-cache"
        ],
        "Date": [
          "Wed, 10 Jun 2015 08:07:34 GMT"
        ],
        "Location": [
          "https://api-dogfood.resources.windows-int.net/subscriptions/1dc9187a-986d-4888-8dcf-af0bd43df99e/resourceGroups/onesdk9933/providers/Microsoft.Sql/servers/onesdk9021/databases/onesdk9447/operationResults/dda4d876-ea7c-463f-8c5f-4cbd9b308649?api-version=2014-04-01-Preview"
        ],
        "Server": [
          "Microsoft-HTTPAPI/2.0"
        ]
      },
      "StatusCode": 202
    },
    {
      "RequestUri": "/subscriptions/1dc9187a-986d-4888-8dcf-af0bd43df99e/resourceGroups/onesdk9933/providers/Microsoft.Sql/servers/onesdk9021/databases/onesdk9447/operationResults/dda4d876-ea7c-463f-8c5f-4cbd9b308649?api-version=2014-04-01-Preview",
      "EncodedRequestUri": "L3N1YnNjcmlwdGlvbnMvMWRjOTE4N2EtOTg2ZC00ODg4LThkY2YtYWYwYmQ0M2RmOTllL3Jlc291cmNlR3JvdXBzL29uZXNkazk5MzMvcHJvdmlkZXJzL01pY3Jvc29mdC5TcWwvc2VydmVycy9vbmVzZGs5MDIxL2RhdGFiYXNlcy9vbmVzZGs5NDQ3L29wZXJhdGlvblJlc3VsdHMvZGRhNGQ4NzYtZWE3Yy00NjNmLThjNWYtNGNiZDliMzA4NjQ5P2FwaS12ZXJzaW9uPTIwMTQtMDQtMDEtUHJldmlldw==",
      "RequestMethod": "GET",
      "RequestBody": "",
      "RequestHeaders": {
        "User-Agent": [
          "Microsoft.Azure.Management.Sql.SqlManagementClient/0.9.0.0"
        ],
        "x-ms-client-request-id": [
          "673c0822-0527-4d44-96a5-e39dd3a52ed5"
        ]
      },
      "ResponseBody": "{\r\n  \"operation\": \"CreateLogicalDatabase\",\r\n  \"startTime\": \"2015-06-10T08:07:32.9Z\"\r\n}",
      "ResponseHeaders": {
        "Content-Length": [
          "75"
        ],
        "Content-Type": [
          "application/json"
        ],
        "Retry-After": [
          "30"
        ],
        "x-ms-request-id": [
          "c36323f4-10a4-4656-b146-17d17ad34221"
        ],
        "X-Content-Type-Options": [
          "nosniff"
        ],
        "DataServiceVersion": [
          "3.0;"
        ],
        "Strict-Transport-Security": [
          "max-age=31536000; includeSubDomains"
        ],
        "x-ms-ratelimit-remaining-subscription-reads": [
          "14934"
        ],
        "x-ms-correlation-request-id": [
          "f73809fc-c6c7-4f10-81bb-30bd0c5a1699"
        ],
        "x-ms-routing-request-id": [
          "CENTRALUS:20150610T080805Z:f73809fc-c6c7-4f10-81bb-30bd0c5a1699"
        ],
        "Cache-Control": [
          "no-store, no-cache"
        ],
        "Date": [
          "Wed, 10 Jun 2015 08:08:04 GMT"
        ],
        "Location": [
          "https://api-dogfood.resources.windows-int.net/subscriptions/1dc9187a-986d-4888-8dcf-af0bd43df99e/resourceGroups/onesdk9933/providers/Microsoft.Sql/servers/onesdk9021/databases/onesdk9447/operationResults/dda4d876-ea7c-463f-8c5f-4cbd9b308649?api-version=2014-04-01-Preview"
        ],
        "Server": [
          "Microsoft-HTTPAPI/2.0"
        ]
      },
      "StatusCode": 202
    },
    {
      "RequestUri": "/subscriptions/1dc9187a-986d-4888-8dcf-af0bd43df99e/resourceGroups/onesdk9933/providers/Microsoft.Sql/servers/onesdk9021/databases/onesdk9447/operationResults/dda4d876-ea7c-463f-8c5f-4cbd9b308649?api-version=2014-04-01-Preview",
      "EncodedRequestUri": "L3N1YnNjcmlwdGlvbnMvMWRjOTE4N2EtOTg2ZC00ODg4LThkY2YtYWYwYmQ0M2RmOTllL3Jlc291cmNlR3JvdXBzL29uZXNkazk5MzMvcHJvdmlkZXJzL01pY3Jvc29mdC5TcWwvc2VydmVycy9vbmVzZGs5MDIxL2RhdGFiYXNlcy9vbmVzZGs5NDQ3L29wZXJhdGlvblJlc3VsdHMvZGRhNGQ4NzYtZWE3Yy00NjNmLThjNWYtNGNiZDliMzA4NjQ5P2FwaS12ZXJzaW9uPTIwMTQtMDQtMDEtUHJldmlldw==",
      "RequestMethod": "GET",
      "RequestBody": "",
      "RequestHeaders": {
        "User-Agent": [
          "Microsoft.Azure.Management.Sql.SqlManagementClient/0.9.0.0"
        ],
        "x-ms-client-request-id": [
          "673c0822-0527-4d44-96a5-e39dd3a52ed5"
        ]
      },
      "ResponseBody": "{\r\n  \"operation\": \"CreateLogicalDatabase\",\r\n  \"startTime\": \"2015-06-10T08:07:32.9Z\"\r\n}",
      "ResponseHeaders": {
        "Content-Length": [
          "75"
        ],
        "Content-Type": [
          "application/json"
        ],
        "Retry-After": [
          "30"
        ],
        "x-ms-request-id": [
          "6c950460-b604-4f5b-96e7-ce41cd56add8"
        ],
        "X-Content-Type-Options": [
          "nosniff"
        ],
        "DataServiceVersion": [
          "3.0;"
        ],
        "Strict-Transport-Security": [
          "max-age=31536000; includeSubDomains"
        ],
        "x-ms-ratelimit-remaining-subscription-reads": [
          "14933"
        ],
        "x-ms-correlation-request-id": [
          "b77fae2c-acca-43ad-97a4-b4a5204fd57e"
        ],
        "x-ms-routing-request-id": [
          "CENTRALUS:20150610T080821Z:b77fae2c-acca-43ad-97a4-b4a5204fd57e"
        ],
        "Cache-Control": [
          "no-store, no-cache"
        ],
        "Date": [
          "Wed, 10 Jun 2015 08:08:21 GMT"
        ],
        "Location": [
          "https://api-dogfood.resources.windows-int.net/subscriptions/1dc9187a-986d-4888-8dcf-af0bd43df99e/resourceGroups/onesdk9933/providers/Microsoft.Sql/servers/onesdk9021/databases/onesdk9447/operationResults/dda4d876-ea7c-463f-8c5f-4cbd9b308649?api-version=2014-04-01-Preview"
        ],
        "Server": [
          "Microsoft-HTTPAPI/2.0"
        ]
      },
      "StatusCode": 202
    },
    {
      "RequestUri": "/subscriptions/1dc9187a-986d-4888-8dcf-af0bd43df99e/resourceGroups/onesdk9933/providers/Microsoft.Sql/servers/onesdk9021/databases/onesdk9447/operationResults/dda4d876-ea7c-463f-8c5f-4cbd9b308649?api-version=2014-04-01-Preview",
      "EncodedRequestUri": "L3N1YnNjcmlwdGlvbnMvMWRjOTE4N2EtOTg2ZC00ODg4LThkY2YtYWYwYmQ0M2RmOTllL3Jlc291cmNlR3JvdXBzL29uZXNkazk5MzMvcHJvdmlkZXJzL01pY3Jvc29mdC5TcWwvc2VydmVycy9vbmVzZGs5MDIxL2RhdGFiYXNlcy9vbmVzZGs5NDQ3L29wZXJhdGlvblJlc3VsdHMvZGRhNGQ4NzYtZWE3Yy00NjNmLThjNWYtNGNiZDliMzA4NjQ5P2FwaS12ZXJzaW9uPTIwMTQtMDQtMDEtUHJldmlldw==",
      "RequestMethod": "GET",
      "RequestBody": "",
      "RequestHeaders": {
        "User-Agent": [
          "Microsoft.Azure.Management.Sql.SqlManagementClient/0.9.0.0"
        ],
        "x-ms-client-request-id": [
          "673c0822-0527-4d44-96a5-e39dd3a52ed5"
        ]
      },
      "ResponseBody": "{\r\n  \"tags\": {},\r\n  \"id\": \"/subscriptions/1dc9187a-986d-4888-8dcf-af0bd43df99e/resourceGroups/onesdk9933/providers/Microsoft.Sql/servers/onesdk9021/databases/onesdk9447\",\r\n  \"name\": \"onesdk9447\",\r\n  \"type\": \"Microsoft.Sql/servers/databases\",\r\n  \"location\": \"Southeast Asia\",\r\n  \"kind\": \"v12.0,user\",\r\n  \"properties\": {\r\n    \"databaseId\": \"2a4959a2-f040-4ec2-915c-e289e95aa1c7\",\r\n    \"edition\": \"Basic\",\r\n    \"status\": \"Online\",\r\n    \"serviceLevelObjective\": \"Basic\",\r\n    \"collation\": \"Japanese_Bushu_Kakusu_100_CS_AS\",\r\n    \"maxSizeBytes\": \"1073741824\",\r\n    \"creationDate\": \"2015-06-10T08:07:33.04Z\",\r\n    \"currentServiceObjectiveId\": \"dd6d99bb-f193-4ec1-86f2-43d3bccbc49c\",\r\n    \"requestedServiceObjectiveId\": \"dd6d99bb-f193-4ec1-86f2-43d3bccbc49c\",\r\n    \"requestedServiceObjectiveName\": null,\r\n    \"defaultSecondaryLocation\": \"Japan East\",\r\n    \"earliestRestoreDate\": \"2015-06-10T08:18:24.547Z\",\r\n    \"elasticPoolName\": null,\r\n    \"containmentState\": 2\r\n  }\r\n}",
      "ResponseHeaders": {
        "Content-Length": [
          "825"
        ],
        "Content-Type": [
          "application/json; odata=minimalmetadata; streaming=true; charset=utf-8"
        ],
        "x-ms-request-id": [
          "dd4f9d30-71a0-40e7-821c-adf83ef411ea"
        ],
        "X-Content-Type-Options": [
          "nosniff"
        ],
        "DataServiceVersion": [
          "3.0;"
        ],
        "Strict-Transport-Security": [
          "max-age=31536000; includeSubDomains"
        ],
        "x-ms-ratelimit-remaining-subscription-reads": [
          "14932"
        ],
        "x-ms-correlation-request-id": [
          "f44c4986-a422-41e7-8639-3a64734e3eea"
        ],
        "x-ms-routing-request-id": [
          "CENTRALUS:20150610T080838Z:f44c4986-a422-41e7-8639-3a64734e3eea"
        ],
        "Cache-Control": [
          "no-store, no-cache"
        ],
        "Date": [
          "Wed, 10 Jun 2015 08:08:37 GMT"
        ],
        "Server": [
          "Microsoft-HTTPAPI/2.0"
        ]
      },
      "StatusCode": 201
    },
    {
      "RequestUri": "/subscriptions/1dc9187a-986d-4888-8dcf-af0bd43df99e/resourceGroups/onesdk9933/providers/Microsoft.Sql/servers/onesdk9021/databases/onesdk371?api-version=2014-04-01",
      "EncodedRequestUri": "L3N1YnNjcmlwdGlvbnMvMWRjOTE4N2EtOTg2ZC00ODg4LThkY2YtYWYwYmQ0M2RmOTllL3Jlc291cmNlR3JvdXBzL29uZXNkazk5MzMvcHJvdmlkZXJzL01pY3Jvc29mdC5TcWwvc2VydmVycy9vbmVzZGs5MDIxL2RhdGFiYXNlcy9vbmVzZGszNzE/YXBpLXZlcnNpb249MjAxNC0wNC0wMQ==",
      "RequestMethod": "GET",
      "RequestBody": "",
      "RequestHeaders": {
        "User-Agent": [
          "Microsoft.Azure.Management.Sql.SqlManagementClient/0.9.0.0"
        ],
        "x-ms-client-request-id": [
          "091877dd-2af5-46b7-b197-7ceb6d229344"
        ]
      },
      "ResponseBody": "{\r\n  \"error\": {\r\n    \"code\": \"ResourceNotFound\",\r\n    \"message\": \"Resource not found.\"\r\n  }\r\n}",
      "ResponseHeaders": {
        "Content-Length": [
          "69"
        ],
        "Content-Type": [
          "application/json; charset=utf-8"
        ],
        "Expires": [
          "-1"
        ],
        "Pragma": [
          "no-cache"
        ],
        "x-ms-failure-cause": [
          "gateway"
        ],
        "x-ms-request-id": [
          "7e43f08e-993c-4ee9-b39d-0cda5769e984"
        ],
        "x-ms-correlation-request-id": [
          "7e43f08e-993c-4ee9-b39d-0cda5769e984"
        ],
        "x-ms-routing-request-id": [
          "CENTRALUS:20150610T080838Z:7e43f08e-993c-4ee9-b39d-0cda5769e984"
        ],
        "Strict-Transport-Security": [
          "max-age=31536000; includeSubDomains"
        ],
        "Cache-Control": [
          "no-cache"
        ],
        "Date": [
          "Wed, 10 Jun 2015 08:08:37 GMT"
        ]
      },
      "StatusCode": 404
    },
    {
      "RequestUri": "/subscriptions/1dc9187a-986d-4888-8dcf-af0bd43df99e/resourceGroups/onesdk9933/providers/Microsoft.Sql/servers/onesdk9021/databases/onesdk371?api-version=2014-04-01",
      "EncodedRequestUri": "L3N1YnNjcmlwdGlvbnMvMWRjOTE4N2EtOTg2ZC00ODg4LThkY2YtYWYwYmQ0M2RmOTllL3Jlc291cmNlR3JvdXBzL29uZXNkazk5MzMvcHJvdmlkZXJzL01pY3Jvc29mdC5TcWwvc2VydmVycy9vbmVzZGs5MDIxL2RhdGFiYXNlcy9vbmVzZGszNzE/YXBpLXZlcnNpb249MjAxNC0wNC0wMQ==",
      "RequestMethod": "GET",
      "RequestBody": "",
      "RequestHeaders": {
        "User-Agent": [
          "Microsoft.Azure.Management.Sql.SqlManagementClient/0.9.0.0"
        ],
        "x-ms-client-request-id": [
          "23580dc9-0723-42f0-9815-6dc86b4cbf1a"
        ]
      },
      "ResponseBody": "{\r\n  \"tags\": {},\r\n  \"id\": \"/subscriptions/1dc9187a-986d-4888-8dcf-af0bd43df99e/resourceGroups/onesdk9933/providers/Microsoft.Sql/servers/onesdk9021/databases/onesdk371\",\r\n  \"name\": \"onesdk371\",\r\n  \"type\": \"Microsoft.Sql/servers/databases\",\r\n  \"location\": \"Southeast Asia\",\r\n  \"kind\": \"v12.0,user\",\r\n  \"properties\": {\r\n    \"databaseId\": \"c00e61fc-ecc7-4193-8ae0-2c649568b8a0\",\r\n    \"edition\": \"DataWarehouse\",\r\n    \"status\": \"Online\",\r\n    \"serviceLevelObjective\": \"DW100\",\r\n    \"collation\": \"SQL_Latin1_General_CP1_CI_AS\",\r\n    \"maxSizeBytes\": \"268435456000\",\r\n    \"creationDate\": \"2015-06-10T08:08:42.047Z\",\r\n    \"currentServiceObjectiveId\": \"4e63cb0e-91b9-46fd-b05c-51fdd2367618\",\r\n    \"requestedServiceObjectiveId\": \"4e63cb0e-91b9-46fd-b05c-51fdd2367618\",\r\n    \"requestedServiceObjectiveName\": null,\r\n    \"defaultSecondaryLocation\": \"Japan East\",\r\n    \"earliestRestoreDate\": \"2015-06-10T08:21:43.403Z\",\r\n    \"elasticPoolName\": null,\r\n    \"containmentState\": 2\r\n  }\r\n}",
      "ResponseHeaders": {
        "Content-Length": [
          "831"
        ],
        "Content-Type": [
          "application/json; odata=minimalmetadata; streaming=true; charset=utf-8"
        ],
        "x-ms-request-id": [
          "ae0ecb18-8f63-4cbc-8673-6cfbddc2e1e2"
        ],
        "X-Content-Type-Options": [
          "nosniff"
        ],
        "DataServiceVersion": [
          "3.0;"
        ],
        "Strict-Transport-Security": [
          "max-age=31536000; includeSubDomains"
        ],
        "x-ms-ratelimit-remaining-subscription-reads": [
          "14917"
        ],
        "x-ms-correlation-request-id": [
          "84b89797-996d-4f2c-b325-6fc3df5e5143"
        ],
        "x-ms-routing-request-id": [
          "CENTRALUS:20150610T081158Z:84b89797-996d-4f2c-b325-6fc3df5e5143"
        ],
        "Cache-Control": [
          "no-store, no-cache"
        ],
        "Date": [
          "Wed, 10 Jun 2015 08:11:58 GMT"
        ],
        "Server": [
          "Microsoft-HTTPAPI/2.0"
        ]
      },
      "StatusCode": 200
    },
    {
      "RequestUri": "/subscriptions/1dc9187a-986d-4888-8dcf-af0bd43df99e/resourceGroups/onesdk9933/providers/Microsoft.Sql/servers/onesdk9021/databases/onesdk371?api-version=2014-04-01",
      "EncodedRequestUri": "L3N1YnNjcmlwdGlvbnMvMWRjOTE4N2EtOTg2ZC00ODg4LThkY2YtYWYwYmQ0M2RmOTllL3Jlc291cmNlR3JvdXBzL29uZXNkazk5MzMvcHJvdmlkZXJzL01pY3Jvc29mdC5TcWwvc2VydmVycy9vbmVzZGs5MDIxL2RhdGFiYXNlcy9vbmVzZGszNzE/YXBpLXZlcnNpb249MjAxNC0wNC0wMQ==",
      "RequestMethod": "PUT",
      "RequestBody": "{\r\n  \"properties\": {\r\n    \"edition\": \"DataWarehouse\",\r\n    \"collation\": \"SQL_Latin1_General_CP1_CI_AS\",\r\n    \"maxSizeBytes\": \"268435456000\",\r\n    \"requestedServiceObjectiveName\": \"DW100\"\r\n  },\r\n  \"location\": \"Southeast Asia\",\r\n  \"tags\": {}\r\n}",
      "RequestHeaders": {
        "Content-Type": [
          "application/json; charset=utf-8"
        ],
        "Content-Length": [
          "242"
        ],
        "User-Agent": [
          "Microsoft.Azure.Management.Sql.SqlManagementClient/0.9.0.0"
        ],
        "x-ms-client-request-id": [
          "617d5e7d-34b3-4383-b727-fccd97ca5566"
        ]
      },
      "ResponseBody": "{\r\n  \"operation\": \"CreateLogicalDatabase\",\r\n  \"startTime\": \"2015-06-10T01:08:41.451-07:00\"\r\n}",
      "ResponseHeaders": {
        "Content-Length": [
          "80"
        ],
        "Content-Type": [
          "application/json; odata=minimalmetadata; streaming=true; charset=utf-8"
        ],
        "Retry-After": [
          "30"
        ],
        "x-ms-request-id": [
          "7318ac4e-4650-42ac-8683-8ea4c660a64e"
        ],
        "X-Content-Type-Options": [
          "nosniff"
        ],
        "Preference-Applied": [
          "return-content"
        ],
        "DataServiceVersion": [
          "3.0;"
        ],
        "Strict-Transport-Security": [
          "max-age=31536000; includeSubDomains"
        ],
        "x-ms-ratelimit-remaining-subscription-writes": [
          "1185"
        ],
        "x-ms-correlation-request-id": [
          "6009965b-b185-4bbe-a821-6299eafb65d9"
        ],
        "x-ms-routing-request-id": [
          "CENTRALUS:20150610T080841Z:6009965b-b185-4bbe-a821-6299eafb65d9"
        ],
        "Cache-Control": [
          "no-store, no-cache"
        ],
        "Date": [
          "Wed, 10 Jun 2015 08:08:41 GMT"
        ],
        "Location": [
          "https://api-dogfood.resources.windows-int.net/subscriptions/1dc9187a-986d-4888-8dcf-af0bd43df99e/resourceGroups/onesdk9933/providers/Microsoft.Sql/servers/onesdk9021/databases/onesdk371/operationResults/7318ac4e-4650-42ac-8683-8ea4c660a64e?api-version=2014-04-01-Preview"
        ],
        "Server": [
          "Microsoft-HTTPAPI/2.0"
        ]
      },
      "StatusCode": 202
    },
    {
      "RequestUri": "/subscriptions/1dc9187a-986d-4888-8dcf-af0bd43df99e/resourceGroups/onesdk9933/providers/Microsoft.Sql/servers/onesdk9021/databases/onesdk371/operationResults/7318ac4e-4650-42ac-8683-8ea4c660a64e?api-version=2014-04-01-Preview",
      "EncodedRequestUri": "L3N1YnNjcmlwdGlvbnMvMWRjOTE4N2EtOTg2ZC00ODg4LThkY2YtYWYwYmQ0M2RmOTllL3Jlc291cmNlR3JvdXBzL29uZXNkazk5MzMvcHJvdmlkZXJzL01pY3Jvc29mdC5TcWwvc2VydmVycy9vbmVzZGs5MDIxL2RhdGFiYXNlcy9vbmVzZGszNzEvb3BlcmF0aW9uUmVzdWx0cy83MzE4YWM0ZS00NjUwLTQyYWMtODY4My04ZWE0YzY2MGE2NGU/YXBpLXZlcnNpb249MjAxNC0wNC0wMS1QcmV2aWV3",
      "RequestMethod": "GET",
      "RequestBody": "",
      "RequestHeaders": {
        "User-Agent": [
          "Microsoft.Azure.Management.Sql.SqlManagementClient/0.9.0.0"
        ],
        "x-ms-client-request-id": [
          "617d5e7d-34b3-4383-b727-fccd97ca5566"
        ]
      },
      "ResponseBody": "{\r\n  \"operation\": \"CreateLogicalDatabase\",\r\n  \"startTime\": \"2015-06-10T08:08:41.373Z\"\r\n}",
      "ResponseHeaders": {
        "Content-Length": [
          "75"
        ],
        "Content-Type": [
          "application/json"
        ],
        "Retry-After": [
          "30"
        ],
        "x-ms-request-id": [
          "06754135-af23-40dc-8835-ee0eb3cbde76"
        ],
        "X-Content-Type-Options": [
          "nosniff"
        ],
        "DataServiceVersion": [
          "3.0;"
        ],
        "Strict-Transport-Security": [
          "max-age=31536000; includeSubDomains"
        ],
        "x-ms-ratelimit-remaining-subscription-reads": [
          "14929"
        ],
        "x-ms-correlation-request-id": [
          "65762628-784b-40fd-9648-4dcced956074"
        ],
        "x-ms-routing-request-id": [
          "CENTRALUS:20150610T080843Z:65762628-784b-40fd-9648-4dcced956074"
        ],
        "Cache-Control": [
          "no-store, no-cache"
        ],
        "Date": [
          "Wed, 10 Jun 2015 08:08:43 GMT"
        ],
        "Location": [
          "https://api-dogfood.resources.windows-int.net/subscriptions/1dc9187a-986d-4888-8dcf-af0bd43df99e/resourceGroups/onesdk9933/providers/Microsoft.Sql/servers/onesdk9021/databases/onesdk371/operationResults/7318ac4e-4650-42ac-8683-8ea4c660a64e?api-version=2014-04-01-Preview"
        ],
        "Server": [
          "Microsoft-HTTPAPI/2.0"
        ]
      },
      "StatusCode": 202
    },
    {
      "RequestUri": "/subscriptions/1dc9187a-986d-4888-8dcf-af0bd43df99e/resourceGroups/onesdk9933/providers/Microsoft.Sql/servers/onesdk9021/databases/onesdk371/operationResults/7318ac4e-4650-42ac-8683-8ea4c660a64e?api-version=2014-04-01-Preview",
      "EncodedRequestUri": "L3N1YnNjcmlwdGlvbnMvMWRjOTE4N2EtOTg2ZC00ODg4LThkY2YtYWYwYmQ0M2RmOTllL3Jlc291cmNlR3JvdXBzL29uZXNkazk5MzMvcHJvdmlkZXJzL01pY3Jvc29mdC5TcWwvc2VydmVycy9vbmVzZGs5MDIxL2RhdGFiYXNlcy9vbmVzZGszNzEvb3BlcmF0aW9uUmVzdWx0cy83MzE4YWM0ZS00NjUwLTQyYWMtODY4My04ZWE0YzY2MGE2NGU/YXBpLXZlcnNpb249MjAxNC0wNC0wMS1QcmV2aWV3",
      "RequestMethod": "GET",
      "RequestBody": "",
      "RequestHeaders": {
        "User-Agent": [
          "Microsoft.Azure.Management.Sql.SqlManagementClient/0.9.0.0"
        ],
        "x-ms-client-request-id": [
          "617d5e7d-34b3-4383-b727-fccd97ca5566"
        ]
      },
      "ResponseBody": "{\r\n  \"operation\": \"CreateLogicalDatabase\",\r\n  \"startTime\": \"2015-06-10T08:08:41.373Z\"\r\n}",
      "ResponseHeaders": {
        "Content-Length": [
          "75"
        ],
        "Content-Type": [
          "application/json"
        ],
        "Retry-After": [
          "30"
        ],
        "x-ms-request-id": [
          "83c9187d-28e3-400e-bca0-2a3988864311"
        ],
        "X-Content-Type-Options": [
          "nosniff"
        ],
        "DataServiceVersion": [
          "3.0;"
        ],
        "Strict-Transport-Security": [
          "max-age=31536000; includeSubDomains"
        ],
        "x-ms-ratelimit-remaining-subscription-reads": [
          "14928"
        ],
        "x-ms-correlation-request-id": [
          "3eca2b40-e574-4b7c-9add-045bbf442796"
        ],
        "x-ms-routing-request-id": [
          "CENTRALUS:20150610T080914Z:3eca2b40-e574-4b7c-9add-045bbf442796"
        ],
        "Cache-Control": [
          "no-store, no-cache"
        ],
        "Date": [
          "Wed, 10 Jun 2015 08:09:14 GMT"
        ],
        "Location": [
          "https://api-dogfood.resources.windows-int.net/subscriptions/1dc9187a-986d-4888-8dcf-af0bd43df99e/resourceGroups/onesdk9933/providers/Microsoft.Sql/servers/onesdk9021/databases/onesdk371/operationResults/7318ac4e-4650-42ac-8683-8ea4c660a64e?api-version=2014-04-01-Preview"
        ],
        "Server": [
          "Microsoft-HTTPAPI/2.0"
        ]
      },
      "StatusCode": 202
    },
    {
      "RequestUri": "/subscriptions/1dc9187a-986d-4888-8dcf-af0bd43df99e/resourceGroups/onesdk9933/providers/Microsoft.Sql/servers/onesdk9021/databases/onesdk371/operationResults/7318ac4e-4650-42ac-8683-8ea4c660a64e?api-version=2014-04-01-Preview",
      "EncodedRequestUri": "L3N1YnNjcmlwdGlvbnMvMWRjOTE4N2EtOTg2ZC00ODg4LThkY2YtYWYwYmQ0M2RmOTllL3Jlc291cmNlR3JvdXBzL29uZXNkazk5MzMvcHJvdmlkZXJzL01pY3Jvc29mdC5TcWwvc2VydmVycy9vbmVzZGs5MDIxL2RhdGFiYXNlcy9vbmVzZGszNzEvb3BlcmF0aW9uUmVzdWx0cy83MzE4YWM0ZS00NjUwLTQyYWMtODY4My04ZWE0YzY2MGE2NGU/YXBpLXZlcnNpb249MjAxNC0wNC0wMS1QcmV2aWV3",
      "RequestMethod": "GET",
      "RequestBody": "",
      "RequestHeaders": {
        "User-Agent": [
          "Microsoft.Azure.Management.Sql.SqlManagementClient/0.9.0.0"
        ],
        "x-ms-client-request-id": [
          "617d5e7d-34b3-4383-b727-fccd97ca5566"
        ]
      },
      "ResponseBody": "{\r\n  \"operation\": \"CreateLogicalDatabase\",\r\n  \"startTime\": \"2015-06-10T08:08:41.373Z\"\r\n}",
      "ResponseHeaders": {
        "Content-Length": [
          "75"
        ],
        "Content-Type": [
          "application/json"
        ],
        "Retry-After": [
          "30"
        ],
        "x-ms-request-id": [
          "5d0b16f4-9154-4af7-8dbc-db69be1bd68f"
        ],
        "X-Content-Type-Options": [
          "nosniff"
        ],
        "DataServiceVersion": [
          "3.0;"
        ],
        "Strict-Transport-Security": [
          "max-age=31536000; includeSubDomains"
        ],
        "x-ms-ratelimit-remaining-subscription-reads": [
          "14927"
        ],
        "x-ms-correlation-request-id": [
          "a0d6f16f-fdfb-4c7e-9efa-87bfbbde4ca4"
        ],
        "x-ms-routing-request-id": [
          "CENTRALUS:20150610T080930Z:a0d6f16f-fdfb-4c7e-9efa-87bfbbde4ca4"
        ],
        "Cache-Control": [
          "no-store, no-cache"
        ],
        "Date": [
          "Wed, 10 Jun 2015 08:09:30 GMT"
        ],
        "Location": [
          "https://api-dogfood.resources.windows-int.net/subscriptions/1dc9187a-986d-4888-8dcf-af0bd43df99e/resourceGroups/onesdk9933/providers/Microsoft.Sql/servers/onesdk9021/databases/onesdk371/operationResults/7318ac4e-4650-42ac-8683-8ea4c660a64e?api-version=2014-04-01-Preview"
        ],
        "Server": [
          "Microsoft-HTTPAPI/2.0"
        ]
      },
      "StatusCode": 202
    },
    {
      "RequestUri": "/subscriptions/1dc9187a-986d-4888-8dcf-af0bd43df99e/resourceGroups/onesdk9933/providers/Microsoft.Sql/servers/onesdk9021/databases/onesdk371/operationResults/7318ac4e-4650-42ac-8683-8ea4c660a64e?api-version=2014-04-01-Preview",
      "EncodedRequestUri": "L3N1YnNjcmlwdGlvbnMvMWRjOTE4N2EtOTg2ZC00ODg4LThkY2YtYWYwYmQ0M2RmOTllL3Jlc291cmNlR3JvdXBzL29uZXNkazk5MzMvcHJvdmlkZXJzL01pY3Jvc29mdC5TcWwvc2VydmVycy9vbmVzZGs5MDIxL2RhdGFiYXNlcy9vbmVzZGszNzEvb3BlcmF0aW9uUmVzdWx0cy83MzE4YWM0ZS00NjUwLTQyYWMtODY4My04ZWE0YzY2MGE2NGU/YXBpLXZlcnNpb249MjAxNC0wNC0wMS1QcmV2aWV3",
      "RequestMethod": "GET",
      "RequestBody": "",
      "RequestHeaders": {
        "User-Agent": [
          "Microsoft.Azure.Management.Sql.SqlManagementClient/0.9.0.0"
        ],
        "x-ms-client-request-id": [
          "617d5e7d-34b3-4383-b727-fccd97ca5566"
        ]
      },
      "ResponseBody": "{\r\n  \"operation\": \"CreateLogicalDatabase\",\r\n  \"startTime\": \"2015-06-10T08:08:41.373Z\"\r\n}",
      "ResponseHeaders": {
        "Content-Length": [
          "75"
        ],
        "Content-Type": [
          "application/json"
        ],
        "Retry-After": [
          "30"
        ],
        "x-ms-request-id": [
          "1a9cc324-c4e3-4158-947a-195e4a0a96bd"
        ],
        "X-Content-Type-Options": [
          "nosniff"
        ],
        "DataServiceVersion": [
          "3.0;"
        ],
        "Strict-Transport-Security": [
          "max-age=31536000; includeSubDomains"
        ],
        "x-ms-ratelimit-remaining-subscription-reads": [
          "14926"
        ],
        "x-ms-correlation-request-id": [
          "7addb27b-ef16-4c10-adbf-ce9c24659deb"
        ],
        "x-ms-routing-request-id": [
          "CENTRALUS:20150610T080947Z:7addb27b-ef16-4c10-adbf-ce9c24659deb"
        ],
        "Cache-Control": [
          "no-store, no-cache"
        ],
        "Date": [
          "Wed, 10 Jun 2015 08:09:47 GMT"
        ],
        "Location": [
          "https://api-dogfood.resources.windows-int.net/subscriptions/1dc9187a-986d-4888-8dcf-af0bd43df99e/resourceGroups/onesdk9933/providers/Microsoft.Sql/servers/onesdk9021/databases/onesdk371/operationResults/7318ac4e-4650-42ac-8683-8ea4c660a64e?api-version=2014-04-01-Preview"
        ],
        "Server": [
          "Microsoft-HTTPAPI/2.0"
        ]
      },
      "StatusCode": 202
    },
    {
      "RequestUri": "/subscriptions/1dc9187a-986d-4888-8dcf-af0bd43df99e/resourceGroups/onesdk9933/providers/Microsoft.Sql/servers/onesdk9021/databases/onesdk371/operationResults/7318ac4e-4650-42ac-8683-8ea4c660a64e?api-version=2014-04-01-Preview",
      "EncodedRequestUri": "L3N1YnNjcmlwdGlvbnMvMWRjOTE4N2EtOTg2ZC00ODg4LThkY2YtYWYwYmQ0M2RmOTllL3Jlc291cmNlR3JvdXBzL29uZXNkazk5MzMvcHJvdmlkZXJzL01pY3Jvc29mdC5TcWwvc2VydmVycy9vbmVzZGs5MDIxL2RhdGFiYXNlcy9vbmVzZGszNzEvb3BlcmF0aW9uUmVzdWx0cy83MzE4YWM0ZS00NjUwLTQyYWMtODY4My04ZWE0YzY2MGE2NGU/YXBpLXZlcnNpb249MjAxNC0wNC0wMS1QcmV2aWV3",
      "RequestMethod": "GET",
      "RequestBody": "",
      "RequestHeaders": {
        "User-Agent": [
          "Microsoft.Azure.Management.Sql.SqlManagementClient/0.9.0.0"
        ],
        "x-ms-client-request-id": [
          "617d5e7d-34b3-4383-b727-fccd97ca5566"
        ]
      },
      "ResponseBody": "{\r\n  \"operation\": \"CreateLogicalDatabase\",\r\n  \"startTime\": \"2015-06-10T08:08:41.373Z\"\r\n}",
      "ResponseHeaders": {
        "Content-Length": [
          "75"
        ],
        "Content-Type": [
          "application/json"
        ],
        "Retry-After": [
          "30"
        ],
        "x-ms-request-id": [
          "ac8d4c1e-6474-4ac2-93a1-5b85290eadfc"
        ],
        "X-Content-Type-Options": [
          "nosniff"
        ],
        "DataServiceVersion": [
          "3.0;"
        ],
        "Strict-Transport-Security": [
          "max-age=31536000; includeSubDomains"
        ],
        "x-ms-ratelimit-remaining-subscription-reads": [
          "14925"
        ],
        "x-ms-correlation-request-id": [
          "6e0be144-b2d3-426a-9052-16530cdbf0bf"
        ],
        "x-ms-routing-request-id": [
          "CENTRALUS:20150610T081003Z:6e0be144-b2d3-426a-9052-16530cdbf0bf"
        ],
        "Cache-Control": [
          "no-store, no-cache"
        ],
        "Date": [
          "Wed, 10 Jun 2015 08:10:03 GMT"
        ],
        "Location": [
          "https://api-dogfood.resources.windows-int.net/subscriptions/1dc9187a-986d-4888-8dcf-af0bd43df99e/resourceGroups/onesdk9933/providers/Microsoft.Sql/servers/onesdk9021/databases/onesdk371/operationResults/7318ac4e-4650-42ac-8683-8ea4c660a64e?api-version=2014-04-01-Preview"
        ],
        "Server": [
          "Microsoft-HTTPAPI/2.0"
        ]
      },
      "StatusCode": 202
    },
    {
      "RequestUri": "/subscriptions/1dc9187a-986d-4888-8dcf-af0bd43df99e/resourceGroups/onesdk9933/providers/Microsoft.Sql/servers/onesdk9021/databases/onesdk371/operationResults/7318ac4e-4650-42ac-8683-8ea4c660a64e?api-version=2014-04-01-Preview",
      "EncodedRequestUri": "L3N1YnNjcmlwdGlvbnMvMWRjOTE4N2EtOTg2ZC00ODg4LThkY2YtYWYwYmQ0M2RmOTllL3Jlc291cmNlR3JvdXBzL29uZXNkazk5MzMvcHJvdmlkZXJzL01pY3Jvc29mdC5TcWwvc2VydmVycy9vbmVzZGs5MDIxL2RhdGFiYXNlcy9vbmVzZGszNzEvb3BlcmF0aW9uUmVzdWx0cy83MzE4YWM0ZS00NjUwLTQyYWMtODY4My04ZWE0YzY2MGE2NGU/YXBpLXZlcnNpb249MjAxNC0wNC0wMS1QcmV2aWV3",
      "RequestMethod": "GET",
      "RequestBody": "",
      "RequestHeaders": {
        "User-Agent": [
          "Microsoft.Azure.Management.Sql.SqlManagementClient/0.9.0.0"
        ],
        "x-ms-client-request-id": [
          "617d5e7d-34b3-4383-b727-fccd97ca5566"
        ]
      },
      "ResponseBody": "{\r\n  \"operation\": \"CreateLogicalDatabase\",\r\n  \"startTime\": \"2015-06-10T08:08:41.373Z\"\r\n}",
      "ResponseHeaders": {
        "Content-Length": [
          "75"
        ],
        "Content-Type": [
          "application/json"
        ],
        "Retry-After": [
          "30"
        ],
        "x-ms-request-id": [
          "dfbd47c3-e0c2-417c-9c56-71de0c94f708"
        ],
        "X-Content-Type-Options": [
          "nosniff"
        ],
        "DataServiceVersion": [
          "3.0;"
        ],
        "Strict-Transport-Security": [
          "max-age=31536000; includeSubDomains"
        ],
        "x-ms-ratelimit-remaining-subscription-reads": [
          "14924"
        ],
        "x-ms-correlation-request-id": [
          "f3df906c-adf4-4937-b3e8-3a3a8f9d2e61"
        ],
        "x-ms-routing-request-id": [
          "CENTRALUS:20150610T081019Z:f3df906c-adf4-4937-b3e8-3a3a8f9d2e61"
        ],
        "Cache-Control": [
          "no-store, no-cache"
        ],
        "Date": [
          "Wed, 10 Jun 2015 08:10:18 GMT"
        ],
        "Location": [
          "https://api-dogfood.resources.windows-int.net/subscriptions/1dc9187a-986d-4888-8dcf-af0bd43df99e/resourceGroups/onesdk9933/providers/Microsoft.Sql/servers/onesdk9021/databases/onesdk371/operationResults/7318ac4e-4650-42ac-8683-8ea4c660a64e?api-version=2014-04-01-Preview"
        ],
        "Server": [
          "Microsoft-HTTPAPI/2.0"
        ]
      },
      "StatusCode": 202
    },
    {
      "RequestUri": "/subscriptions/1dc9187a-986d-4888-8dcf-af0bd43df99e/resourceGroups/onesdk9933/providers/Microsoft.Sql/servers/onesdk9021/databases/onesdk371/operationResults/7318ac4e-4650-42ac-8683-8ea4c660a64e?api-version=2014-04-01-Preview",
      "EncodedRequestUri": "L3N1YnNjcmlwdGlvbnMvMWRjOTE4N2EtOTg2ZC00ODg4LThkY2YtYWYwYmQ0M2RmOTllL3Jlc291cmNlR3JvdXBzL29uZXNkazk5MzMvcHJvdmlkZXJzL01pY3Jvc29mdC5TcWwvc2VydmVycy9vbmVzZGs5MDIxL2RhdGFiYXNlcy9vbmVzZGszNzEvb3BlcmF0aW9uUmVzdWx0cy83MzE4YWM0ZS00NjUwLTQyYWMtODY4My04ZWE0YzY2MGE2NGU/YXBpLXZlcnNpb249MjAxNC0wNC0wMS1QcmV2aWV3",
      "RequestMethod": "GET",
      "RequestBody": "",
      "RequestHeaders": {
        "User-Agent": [
          "Microsoft.Azure.Management.Sql.SqlManagementClient/0.9.0.0"
        ],
        "x-ms-client-request-id": [
          "617d5e7d-34b3-4383-b727-fccd97ca5566"
        ]
      },
      "ResponseBody": "{\r\n  \"operation\": \"CreateLogicalDatabase\",\r\n  \"startTime\": \"2015-06-10T08:08:41.373Z\"\r\n}",
      "ResponseHeaders": {
        "Content-Length": [
          "75"
        ],
        "Content-Type": [
          "application/json"
        ],
        "Retry-After": [
          "30"
        ],
        "x-ms-request-id": [
          "f9b402c1-e37c-4a90-a4a7-1b02b12fb3ac"
        ],
        "X-Content-Type-Options": [
          "nosniff"
        ],
        "DataServiceVersion": [
          "3.0;"
        ],
        "Strict-Transport-Security": [
          "max-age=31536000; includeSubDomains"
        ],
        "x-ms-ratelimit-remaining-subscription-reads": [
          "14923"
        ],
        "x-ms-correlation-request-id": [
          "61641c2f-8776-4fd9-930e-1ab5d7dbb13e"
        ],
        "x-ms-routing-request-id": [
          "CENTRALUS:20150610T081036Z:61641c2f-8776-4fd9-930e-1ab5d7dbb13e"
        ],
        "Cache-Control": [
          "no-store, no-cache"
        ],
        "Date": [
          "Wed, 10 Jun 2015 08:10:35 GMT"
        ],
        "Location": [
          "https://api-dogfood.resources.windows-int.net/subscriptions/1dc9187a-986d-4888-8dcf-af0bd43df99e/resourceGroups/onesdk9933/providers/Microsoft.Sql/servers/onesdk9021/databases/onesdk371/operationResults/7318ac4e-4650-42ac-8683-8ea4c660a64e?api-version=2014-04-01-Preview"
        ],
        "Server": [
          "Microsoft-HTTPAPI/2.0"
        ]
      },
      "StatusCode": 202
    },
    {
      "RequestUri": "/subscriptions/1dc9187a-986d-4888-8dcf-af0bd43df99e/resourceGroups/onesdk9933/providers/Microsoft.Sql/servers/onesdk9021/databases/onesdk371/operationResults/7318ac4e-4650-42ac-8683-8ea4c660a64e?api-version=2014-04-01-Preview",
      "EncodedRequestUri": "L3N1YnNjcmlwdGlvbnMvMWRjOTE4N2EtOTg2ZC00ODg4LThkY2YtYWYwYmQ0M2RmOTllL3Jlc291cmNlR3JvdXBzL29uZXNkazk5MzMvcHJvdmlkZXJzL01pY3Jvc29mdC5TcWwvc2VydmVycy9vbmVzZGs5MDIxL2RhdGFiYXNlcy9vbmVzZGszNzEvb3BlcmF0aW9uUmVzdWx0cy83MzE4YWM0ZS00NjUwLTQyYWMtODY4My04ZWE0YzY2MGE2NGU/YXBpLXZlcnNpb249MjAxNC0wNC0wMS1QcmV2aWV3",
      "RequestMethod": "GET",
      "RequestBody": "",
      "RequestHeaders": {
        "User-Agent": [
          "Microsoft.Azure.Management.Sql.SqlManagementClient/0.9.0.0"
        ],
        "x-ms-client-request-id": [
          "617d5e7d-34b3-4383-b727-fccd97ca5566"
        ]
      },
      "ResponseBody": "{\r\n  \"operation\": \"CreateLogicalDatabase\",\r\n  \"startTime\": \"2015-06-10T08:08:41.373Z\"\r\n}",
      "ResponseHeaders": {
        "Content-Length": [
          "75"
        ],
        "Content-Type": [
          "application/json"
        ],
        "Retry-After": [
          "30"
        ],
        "x-ms-request-id": [
          "dac24a70-7bb7-49c1-91ed-2e32a18a041d"
        ],
        "X-Content-Type-Options": [
          "nosniff"
        ],
        "DataServiceVersion": [
          "3.0;"
        ],
        "Strict-Transport-Security": [
          "max-age=31536000; includeSubDomains"
        ],
        "x-ms-ratelimit-remaining-subscription-reads": [
          "14922"
        ],
        "x-ms-correlation-request-id": [
          "d7c18a68-9a7b-45c7-a783-86932d05d6b5"
        ],
        "x-ms-routing-request-id": [
          "CENTRALUS:20150610T081052Z:d7c18a68-9a7b-45c7-a783-86932d05d6b5"
        ],
        "Cache-Control": [
          "no-store, no-cache"
        ],
        "Date": [
          "Wed, 10 Jun 2015 08:10:51 GMT"
        ],
        "Location": [
          "https://api-dogfood.resources.windows-int.net/subscriptions/1dc9187a-986d-4888-8dcf-af0bd43df99e/resourceGroups/onesdk9933/providers/Microsoft.Sql/servers/onesdk9021/databases/onesdk371/operationResults/7318ac4e-4650-42ac-8683-8ea4c660a64e?api-version=2014-04-01-Preview"
        ],
        "Server": [
          "Microsoft-HTTPAPI/2.0"
        ]
      },
      "StatusCode": 202
    },
    {
      "RequestUri": "/subscriptions/1dc9187a-986d-4888-8dcf-af0bd43df99e/resourceGroups/onesdk9933/providers/Microsoft.Sql/servers/onesdk9021/databases/onesdk371/operationResults/7318ac4e-4650-42ac-8683-8ea4c660a64e?api-version=2014-04-01-Preview",
      "EncodedRequestUri": "L3N1YnNjcmlwdGlvbnMvMWRjOTE4N2EtOTg2ZC00ODg4LThkY2YtYWYwYmQ0M2RmOTllL3Jlc291cmNlR3JvdXBzL29uZXNkazk5MzMvcHJvdmlkZXJzL01pY3Jvc29mdC5TcWwvc2VydmVycy9vbmVzZGs5MDIxL2RhdGFiYXNlcy9vbmVzZGszNzEvb3BlcmF0aW9uUmVzdWx0cy83MzE4YWM0ZS00NjUwLTQyYWMtODY4My04ZWE0YzY2MGE2NGU/YXBpLXZlcnNpb249MjAxNC0wNC0wMS1QcmV2aWV3",
      "RequestMethod": "GET",
      "RequestBody": "",
      "RequestHeaders": {
        "User-Agent": [
          "Microsoft.Azure.Management.Sql.SqlManagementClient/0.9.0.0"
        ],
        "x-ms-client-request-id": [
          "617d5e7d-34b3-4383-b727-fccd97ca5566"
        ]
      },
      "ResponseBody": "{\r\n  \"operation\": \"CreateLogicalDatabase\",\r\n  \"startTime\": \"2015-06-10T08:08:41.373Z\"\r\n}",
      "ResponseHeaders": {
        "Content-Length": [
          "75"
        ],
        "Content-Type": [
          "application/json"
        ],
        "Retry-After": [
          "30"
        ],
        "x-ms-request-id": [
          "7fb5c34d-0693-4812-a323-4c4f3f89aed3"
        ],
        "X-Content-Type-Options": [
          "nosniff"
        ],
        "DataServiceVersion": [
          "3.0;"
        ],
        "Strict-Transport-Security": [
          "max-age=31536000; includeSubDomains"
        ],
        "x-ms-ratelimit-remaining-subscription-reads": [
          "14921"
        ],
        "x-ms-correlation-request-id": [
          "61ab0ce9-e689-4671-b0c2-bf3dbcd337c3"
        ],
        "x-ms-routing-request-id": [
          "CENTRALUS:20150610T081108Z:61ab0ce9-e689-4671-b0c2-bf3dbcd337c3"
        ],
        "Cache-Control": [
          "no-store, no-cache"
        ],
        "Date": [
          "Wed, 10 Jun 2015 08:11:08 GMT"
        ],
        "Location": [
          "https://api-dogfood.resources.windows-int.net/subscriptions/1dc9187a-986d-4888-8dcf-af0bd43df99e/resourceGroups/onesdk9933/providers/Microsoft.Sql/servers/onesdk9021/databases/onesdk371/operationResults/7318ac4e-4650-42ac-8683-8ea4c660a64e?api-version=2014-04-01-Preview"
        ],
        "Server": [
          "Microsoft-HTTPAPI/2.0"
        ]
      },
      "StatusCode": 202
    },
    {
      "RequestUri": "/subscriptions/1dc9187a-986d-4888-8dcf-af0bd43df99e/resourceGroups/onesdk9933/providers/Microsoft.Sql/servers/onesdk9021/databases/onesdk371/operationResults/7318ac4e-4650-42ac-8683-8ea4c660a64e?api-version=2014-04-01-Preview",
      "EncodedRequestUri": "L3N1YnNjcmlwdGlvbnMvMWRjOTE4N2EtOTg2ZC00ODg4LThkY2YtYWYwYmQ0M2RmOTllL3Jlc291cmNlR3JvdXBzL29uZXNkazk5MzMvcHJvdmlkZXJzL01pY3Jvc29mdC5TcWwvc2VydmVycy9vbmVzZGs5MDIxL2RhdGFiYXNlcy9vbmVzZGszNzEvb3BlcmF0aW9uUmVzdWx0cy83MzE4YWM0ZS00NjUwLTQyYWMtODY4My04ZWE0YzY2MGE2NGU/YXBpLXZlcnNpb249MjAxNC0wNC0wMS1QcmV2aWV3",
      "RequestMethod": "GET",
      "RequestBody": "",
      "RequestHeaders": {
        "User-Agent": [
          "Microsoft.Azure.Management.Sql.SqlManagementClient/0.9.0.0"
        ],
        "x-ms-client-request-id": [
          "617d5e7d-34b3-4383-b727-fccd97ca5566"
        ]
      },
      "ResponseBody": "{\r\n  \"operation\": \"CreateLogicalDatabase\",\r\n  \"startTime\": \"2015-06-10T08:08:41.373Z\"\r\n}",
      "ResponseHeaders": {
        "Content-Length": [
          "75"
        ],
        "Content-Type": [
          "application/json"
        ],
        "Retry-After": [
          "30"
        ],
        "x-ms-request-id": [
          "7ea51fdc-64ba-4e38-aff8-ffe23c19b502"
        ],
        "X-Content-Type-Options": [
          "nosniff"
        ],
        "DataServiceVersion": [
          "3.0;"
        ],
        "Strict-Transport-Security": [
          "max-age=31536000; includeSubDomains"
        ],
        "x-ms-ratelimit-remaining-subscription-reads": [
          "14920"
        ],
        "x-ms-correlation-request-id": [
          "54cdae14-9cd7-451c-a4c2-ce1384582d31"
        ],
        "x-ms-routing-request-id": [
          "CENTRALUS:20150610T081124Z:54cdae14-9cd7-451c-a4c2-ce1384582d31"
        ],
        "Cache-Control": [
          "no-store, no-cache"
        ],
        "Date": [
          "Wed, 10 Jun 2015 08:11:24 GMT"
        ],
        "Location": [
          "https://api-dogfood.resources.windows-int.net/subscriptions/1dc9187a-986d-4888-8dcf-af0bd43df99e/resourceGroups/onesdk9933/providers/Microsoft.Sql/servers/onesdk9021/databases/onesdk371/operationResults/7318ac4e-4650-42ac-8683-8ea4c660a64e?api-version=2014-04-01-Preview"
        ],
        "Server": [
          "Microsoft-HTTPAPI/2.0"
        ]
      },
      "StatusCode": 202
    },
    {
      "RequestUri": "/subscriptions/1dc9187a-986d-4888-8dcf-af0bd43df99e/resourceGroups/onesdk9933/providers/Microsoft.Sql/servers/onesdk9021/databases/onesdk371/operationResults/7318ac4e-4650-42ac-8683-8ea4c660a64e?api-version=2014-04-01-Preview",
      "EncodedRequestUri": "L3N1YnNjcmlwdGlvbnMvMWRjOTE4N2EtOTg2ZC00ODg4LThkY2YtYWYwYmQ0M2RmOTllL3Jlc291cmNlR3JvdXBzL29uZXNkazk5MzMvcHJvdmlkZXJzL01pY3Jvc29mdC5TcWwvc2VydmVycy9vbmVzZGs5MDIxL2RhdGFiYXNlcy9vbmVzZGszNzEvb3BlcmF0aW9uUmVzdWx0cy83MzE4YWM0ZS00NjUwLTQyYWMtODY4My04ZWE0YzY2MGE2NGU/YXBpLXZlcnNpb249MjAxNC0wNC0wMS1QcmV2aWV3",
      "RequestMethod": "GET",
      "RequestBody": "",
      "RequestHeaders": {
        "User-Agent": [
          "Microsoft.Azure.Management.Sql.SqlManagementClient/0.9.0.0"
        ],
        "x-ms-client-request-id": [
          "617d5e7d-34b3-4383-b727-fccd97ca5566"
        ]
      },
      "ResponseBody": "{\r\n  \"operation\": \"CreateLogicalDatabase\",\r\n  \"startTime\": \"2015-06-10T08:08:41.373Z\"\r\n}",
      "ResponseHeaders": {
        "Content-Length": [
          "75"
        ],
        "Content-Type": [
          "application/json"
        ],
        "Retry-After": [
          "30"
        ],
        "x-ms-request-id": [
          "9f57775d-a3fb-43ac-aef8-e1a885391f2e"
        ],
        "X-Content-Type-Options": [
          "nosniff"
        ],
        "DataServiceVersion": [
          "3.0;"
        ],
        "Strict-Transport-Security": [
          "max-age=31536000; includeSubDomains"
        ],
        "x-ms-ratelimit-remaining-subscription-reads": [
          "14919"
        ],
        "x-ms-correlation-request-id": [
          "86c35892-27fa-410c-8774-a2266f666ef3"
        ],
        "x-ms-routing-request-id": [
          "CENTRALUS:20150610T081140Z:86c35892-27fa-410c-8774-a2266f666ef3"
        ],
        "Cache-Control": [
          "no-store, no-cache"
        ],
        "Date": [
          "Wed, 10 Jun 2015 08:11:40 GMT"
        ],
        "Location": [
          "https://api-dogfood.resources.windows-int.net/subscriptions/1dc9187a-986d-4888-8dcf-af0bd43df99e/resourceGroups/onesdk9933/providers/Microsoft.Sql/servers/onesdk9021/databases/onesdk371/operationResults/7318ac4e-4650-42ac-8683-8ea4c660a64e?api-version=2014-04-01-Preview"
        ],
        "Server": [
          "Microsoft-HTTPAPI/2.0"
        ]
      },
      "StatusCode": 202
    },
    {
      "RequestUri": "/subscriptions/1dc9187a-986d-4888-8dcf-af0bd43df99e/resourceGroups/onesdk9933/providers/Microsoft.Sql/servers/onesdk9021/databases/onesdk371/operationResults/7318ac4e-4650-42ac-8683-8ea4c660a64e?api-version=2014-04-01-Preview",
      "EncodedRequestUri": "L3N1YnNjcmlwdGlvbnMvMWRjOTE4N2EtOTg2ZC00ODg4LThkY2YtYWYwYmQ0M2RmOTllL3Jlc291cmNlR3JvdXBzL29uZXNkazk5MzMvcHJvdmlkZXJzL01pY3Jvc29mdC5TcWwvc2VydmVycy9vbmVzZGs5MDIxL2RhdGFiYXNlcy9vbmVzZGszNzEvb3BlcmF0aW9uUmVzdWx0cy83MzE4YWM0ZS00NjUwLTQyYWMtODY4My04ZWE0YzY2MGE2NGU/YXBpLXZlcnNpb249MjAxNC0wNC0wMS1QcmV2aWV3",
      "RequestMethod": "GET",
      "RequestBody": "",
      "RequestHeaders": {
        "User-Agent": [
          "Microsoft.Azure.Management.Sql.SqlManagementClient/0.9.0.0"
        ],
        "x-ms-client-request-id": [
          "617d5e7d-34b3-4383-b727-fccd97ca5566"
        ]
      },
      "ResponseBody": "{\r\n  \"tags\": {},\r\n  \"id\": \"/subscriptions/1dc9187a-986d-4888-8dcf-af0bd43df99e/resourceGroups/onesdk9933/providers/Microsoft.Sql/servers/onesdk9021/databases/onesdk371\",\r\n  \"name\": \"onesdk371\",\r\n  \"type\": \"Microsoft.Sql/servers/databases\",\r\n  \"location\": \"Southeast Asia\",\r\n  \"kind\": \"v12.0,user\",\r\n  \"properties\": {\r\n    \"databaseId\": \"c00e61fc-ecc7-4193-8ae0-2c649568b8a0\",\r\n    \"edition\": \"DataWarehouse\",\r\n    \"status\": \"Online\",\r\n    \"serviceLevelObjective\": \"DW100\",\r\n    \"collation\": \"SQL_Latin1_General_CP1_CI_AS\",\r\n    \"maxSizeBytes\": \"268435456000\",\r\n    \"creationDate\": \"2015-06-10T08:08:42.047Z\",\r\n    \"currentServiceObjectiveId\": \"4e63cb0e-91b9-46fd-b05c-51fdd2367618\",\r\n    \"requestedServiceObjectiveId\": \"4e63cb0e-91b9-46fd-b05c-51fdd2367618\",\r\n    \"requestedServiceObjectiveName\": null,\r\n    \"defaultSecondaryLocation\": \"Japan East\",\r\n    \"earliestRestoreDate\": \"2015-06-10T08:21:43.403Z\",\r\n    \"elasticPoolName\": null,\r\n    \"containmentState\": 2\r\n  }\r\n}",
      "ResponseHeaders": {
        "Content-Length": [
          "831"
        ],
        "Content-Type": [
          "application/json; odata=minimalmetadata; streaming=true; charset=utf-8"
        ],
        "x-ms-request-id": [
          "8445f3bb-83d2-4fa1-ad76-9e98e5ab9791"
        ],
        "X-Content-Type-Options": [
          "nosniff"
        ],
        "DataServiceVersion": [
          "3.0;"
        ],
        "Strict-Transport-Security": [
          "max-age=31536000; includeSubDomains"
        ],
        "x-ms-ratelimit-remaining-subscription-reads": [
          "14918"
        ],
        "x-ms-correlation-request-id": [
          "9939000a-9ffa-4356-bd11-36759f9cd32d"
        ],
        "x-ms-routing-request-id": [
          "CENTRALUS:20150610T081157Z:9939000a-9ffa-4356-bd11-36759f9cd32d"
        ],
        "Cache-Control": [
          "no-store, no-cache"
        ],
        "Date": [
          "Wed, 10 Jun 2015 08:11:56 GMT"
        ],
        "Server": [
          "Microsoft-HTTPAPI/2.0"
        ]
      },
      "StatusCode": 201
    },
    {
      "RequestUri": "/subscriptions/1dc9187a-986d-4888-8dcf-af0bd43df99e/resourceGroups/onesdk9933/providers/Microsoft.Sql/servers/onesdk9021/databases/onesdk371?api-version=2014-04-01",
      "EncodedRequestUri": "L3N1YnNjcmlwdGlvbnMvMWRjOTE4N2EtOTg2ZC00ODg4LThkY2YtYWYwYmQ0M2RmOTllL3Jlc291cmNlR3JvdXBzL29uZXNkazk5MzMvcHJvdmlkZXJzL01pY3Jvc29mdC5TcWwvc2VydmVycy9vbmVzZGs5MDIxL2RhdGFiYXNlcy9vbmVzZGszNzE/YXBpLXZlcnNpb249MjAxNC0wNC0wMQ==",
      "RequestMethod": "DELETE",
      "RequestBody": "",
      "RequestHeaders": {
        "User-Agent": [
          "Microsoft.Azure.Management.Sql.SqlManagementClient/0.9.0.0"
        ],
        "x-ms-client-request-id": [
          "a7761b06-9424-4a71-9034-009f759cab91"
        ]
      },
      "ResponseBody": "",
      "ResponseHeaders": {
        "Content-Length": [
          "0"
        ],
        "x-ms-request-id": [
          "ba6b4426-725c-4096-9ca5-ad5abef551e0"
        ],
        "X-Content-Type-Options": [
          "nosniff"
        ],
        "DataServiceVersion": [
          "1.0;"
        ],
        "Strict-Transport-Security": [
          "max-age=31536000; includeSubDomains"
        ],
        "x-ms-ratelimit-remaining-subscription-writes": [
          "1184"
        ],
        "x-ms-correlation-request-id": [
          "25e3dbca-8240-4fc9-a29c-875f3a3ef888"
        ],
        "x-ms-routing-request-id": [
          "CENTRALUS:20150610T081228Z:25e3dbca-8240-4fc9-a29c-875f3a3ef888"
        ],
        "Cache-Control": [
          "no-store, no-cache"
        ],
        "Date": [
          "Wed, 10 Jun 2015 08:12:28 GMT"
        ],
        "Server": [
          "Microsoft-HTTPAPI/2.0"
        ]
      },
      "StatusCode": 200
    },
    {
      "RequestUri": "/subscriptions/1dc9187a-986d-4888-8dcf-af0bd43df99e/resourceGroups/onesdk9933/providers/Microsoft.Sql/servers/onesdk9021/databases?api-version=2014-04-01",
      "EncodedRequestUri": "L3N1YnNjcmlwdGlvbnMvMWRjOTE4N2EtOTg2ZC00ODg4LThkY2YtYWYwYmQ0M2RmOTllL3Jlc291cmNlR3JvdXBzL29uZXNkazk5MzMvcHJvdmlkZXJzL01pY3Jvc29mdC5TcWwvc2VydmVycy9vbmVzZGs5MDIxL2RhdGFiYXNlcz9hcGktdmVyc2lvbj0yMDE0LTA0LTAx",
      "RequestMethod": "GET",
      "RequestBody": "",
      "RequestHeaders": {
        "User-Agent": [
          "Microsoft.Azure.Management.Sql.SqlManagementClient/0.9.0.0"
        ],
        "x-ms-client-request-id": [
          "e5c693a6-208e-499c-9469-520551f9b1ad"
        ]
      },
      "ResponseBody": "{\r\n  \"value\": [\r\n    {\r\n      \"id\": \"/subscriptions/1dc9187a-986d-4888-8dcf-af0bd43df99e/resourceGroups/onesdk9933/providers/Microsoft.Sql/servers/onesdk9021/databases/master\",\r\n      \"name\": \"master\",\r\n      \"type\": \"Microsoft.Sql/servers/databases\",\r\n      \"location\": \"Southeast Asia\",\r\n      \"kind\": \"v12.0,system\",\r\n      \"properties\": {\r\n        \"databaseId\": \"3389a377-3682-4d39-ade1-880fb3503a74\",\r\n        \"edition\": \"System\",\r\n        \"status\": \"Online\",\r\n        \"serviceLevelObjective\": \"System2\",\r\n        \"collation\": \"SQL_Latin1_General_CP1_CI_AS\",\r\n        \"maxSizeBytes\": \"5368709120\",\r\n        \"creationDate\": \"2015-06-10T08:05:49.737Z\",\r\n        \"currentServiceObjectiveId\": \"620323bf-2879-4807-b30d-c2e6d7b3b3aa\",\r\n        \"requestedServiceObjectiveId\": \"620323bf-2879-4807-b30d-c2e6d7b3b3aa\",\r\n        \"requestedServiceObjectiveName\": null,\r\n        \"defaultSecondaryLocation\": \"Japan East\",\r\n        \"earliestRestoreDate\": null,\r\n        \"elasticPoolName\": null,\r\n        \"containmentState\": 2\r\n      }\r\n    },\r\n    {\r\n      \"id\": \"/subscriptions/1dc9187a-986d-4888-8dcf-af0bd43df99e/resourceGroups/onesdk9933/providers/Microsoft.Sql/servers/onesdk9021/databases/onesdk9944\",\r\n      \"name\": \"onesdk9944\",\r\n      \"type\": \"Microsoft.Sql/servers/databases\",\r\n      \"location\": \"Southeast Asia\",\r\n      \"kind\": \"v12.0,user\",\r\n      \"properties\": {\r\n        \"databaseId\": \"b319ce21-1334-4543-8b9c-d659ad233a12\",\r\n        \"edition\": \"Standard\",\r\n        \"status\": \"Online\",\r\n        \"serviceLevelObjective\": \"S0\",\r\n        \"collation\": \"SQL_Latin1_General_CP1_CI_AS\",\r\n        \"maxSizeBytes\": \"1073741824\",\r\n        \"creationDate\": \"2015-06-10T08:06:09.28Z\",\r\n        \"currentServiceObjectiveId\": \"f1173c43-91bd-4aaa-973c-54e79e15235b\",\r\n        \"requestedServiceObjectiveId\": \"f1173c43-91bd-4aaa-973c-54e79e15235b\",\r\n        \"requestedServiceObjectiveName\": null,\r\n        \"defaultSecondaryLocation\": \"Japan East\",\r\n        \"earliestRestoreDate\": \"2015-06-10T08:17:18.073Z\",\r\n        \"elasticPoolName\": null,\r\n        \"containmentState\": 2\r\n      }\r\n    },\r\n    {\r\n      \"id\": \"/subscriptions/1dc9187a-986d-4888-8dcf-af0bd43df99e/resourceGroups/onesdk9933/providers/Microsoft.Sql/servers/onesdk9021/databases/onesdk9447\",\r\n      \"name\": \"onesdk9447\",\r\n      \"type\": \"Microsoft.Sql/servers/databases\",\r\n      \"location\": \"Southeast Asia\",\r\n      \"kind\": \"v12.0,user\",\r\n      \"properties\": {\r\n        \"databaseId\": \"2a4959a2-f040-4ec2-915c-e289e95aa1c7\",\r\n        \"edition\": \"Basic\",\r\n        \"status\": \"Online\",\r\n        \"serviceLevelObjective\": \"Basic\",\r\n        \"collation\": \"Japanese_Bushu_Kakusu_100_CS_AS\",\r\n        \"maxSizeBytes\": \"1073741824\",\r\n        \"creationDate\": \"2015-06-10T08:07:33.04Z\",\r\n        \"currentServiceObjectiveId\": \"dd6d99bb-f193-4ec1-86f2-43d3bccbc49c\",\r\n        \"requestedServiceObjectiveId\": \"dd6d99bb-f193-4ec1-86f2-43d3bccbc49c\",\r\n        \"requestedServiceObjectiveName\": null,\r\n        \"defaultSecondaryLocation\": \"Japan East\",\r\n        \"earliestRestoreDate\": \"2015-06-10T08:18:24.547Z\",\r\n        \"elasticPoolName\": null,\r\n        \"containmentState\": 2\r\n      }\r\n    }\r\n  ]\r\n}",
      "ResponseHeaders": {
        "Content-Length": [
          "2429"
        ],
        "Content-Type": [
          "application/json; odata=minimalmetadata; streaming=true; charset=utf-8"
        ],
        "x-ms-request-id": [
          "40570eeb-59de-4cf8-ba07-3c2089f6cb59"
        ],
        "X-Content-Type-Options": [
          "nosniff"
        ],
        "DataServiceVersion": [
          "3.0;"
        ],
        "Strict-Transport-Security": [
          "max-age=31536000; includeSubDomains"
        ],
        "x-ms-ratelimit-remaining-subscription-reads": [
          "14916"
        ],
        "x-ms-correlation-request-id": [
          "b759e0ce-0062-4b68-a790-8bd2ff3f5c02"
        ],
        "x-ms-routing-request-id": [
          "CENTRALUS:20150610T081229Z:b759e0ce-0062-4b68-a790-8bd2ff3f5c02"
        ],
        "Cache-Control": [
          "no-store, no-cache"
        ],
        "Date": [
          "Wed, 10 Jun 2015 08:12:29 GMT"
        ],
        "Server": [
          "Microsoft-HTTPAPI/2.0"
        ]
      },
      "StatusCode": 200
    },
    {
      "RequestUri": "/subscriptions/1dc9187a-986d-4888-8dcf-af0bd43df99e/resourceGroups/onesdk9933/providers/Microsoft.Sql/servers/onesdk9021/databases?api-version=2014-04-01",
      "EncodedRequestUri": "L3N1YnNjcmlwdGlvbnMvMWRjOTE4N2EtOTg2ZC00ODg4LThkY2YtYWYwYmQ0M2RmOTllL3Jlc291cmNlR3JvdXBzL29uZXNkazk5MzMvcHJvdmlkZXJzL01pY3Jvc29mdC5TcWwvc2VydmVycy9vbmVzZGs5MDIxL2RhdGFiYXNlcz9hcGktdmVyc2lvbj0yMDE0LTA0LTAx",
      "RequestMethod": "GET",
      "RequestBody": "",
      "RequestHeaders": {
        "User-Agent": [
          "Microsoft.Azure.Management.Sql.SqlManagementClient/0.9.0.0"
        ],
        "x-ms-client-request-id": [
          "20659bae-0061-4cd5-af3a-5e7f0318116e"
        ]
      },
      "ResponseBody": "{\r\n  \"value\": [\r\n    {\r\n      \"id\": \"/subscriptions/1dc9187a-986d-4888-8dcf-af0bd43df99e/resourceGroups/onesdk9933/providers/Microsoft.Sql/servers/onesdk9021/databases/master\",\r\n      \"name\": \"master\",\r\n      \"type\": \"Microsoft.Sql/servers/databases\",\r\n      \"location\": \"Southeast Asia\",\r\n      \"kind\": \"v12.0,system\",\r\n      \"properties\": {\r\n        \"databaseId\": \"3389a377-3682-4d39-ade1-880fb3503a74\",\r\n        \"edition\": \"System\",\r\n        \"status\": \"Online\",\r\n        \"serviceLevelObjective\": \"System2\",\r\n        \"collation\": \"SQL_Latin1_General_CP1_CI_AS\",\r\n        \"maxSizeBytes\": \"5368709120\",\r\n        \"creationDate\": \"2015-06-10T08:05:49.737Z\",\r\n        \"currentServiceObjectiveId\": \"620323bf-2879-4807-b30d-c2e6d7b3b3aa\",\r\n        \"requestedServiceObjectiveId\": \"620323bf-2879-4807-b30d-c2e6d7b3b3aa\",\r\n        \"requestedServiceObjectiveName\": null,\r\n        \"defaultSecondaryLocation\": \"Japan East\",\r\n        \"earliestRestoreDate\": null,\r\n        \"elasticPoolName\": null,\r\n        \"containmentState\": 2\r\n      }\r\n    }\r\n  ]\r\n}",
      "ResponseHeaders": {
        "Content-Length": [
          "800"
        ],
        "Content-Type": [
          "application/json; odata=minimalmetadata; streaming=true; charset=utf-8"
        ],
        "x-ms-request-id": [
          "7ce0e44a-812c-4717-8c46-e2c4c953f863"
        ],
        "X-Content-Type-Options": [
          "nosniff"
        ],
        "DataServiceVersion": [
          "3.0;"
        ],
        "Strict-Transport-Security": [
          "max-age=31536000; includeSubDomains"
        ],
        "x-ms-ratelimit-remaining-subscription-reads": [
          "14913"
        ],
        "x-ms-correlation-request-id": [
          "d1cf532f-e339-40e9-b50d-c8b08993dbc9"
        ],
        "x-ms-routing-request-id": [
          "CENTRALUS:20150610T081255Z:d1cf532f-e339-40e9-b50d-c8b08993dbc9"
        ],
        "Cache-Control": [
          "no-store, no-cache"
        ],
        "Date": [
          "Wed, 10 Jun 2015 08:12:54 GMT"
        ],
        "Server": [
          "Microsoft-HTTPAPI/2.0"
        ]
      },
      "StatusCode": 200
    },
    {
      "RequestUri": "/subscriptions/1dc9187a-986d-4888-8dcf-af0bd43df99e/resourceGroups/onesdk9933/providers/Microsoft.Sql/servers/onesdk9021/databases/onesdk9944?api-version=2014-04-01",
      "EncodedRequestUri": "L3N1YnNjcmlwdGlvbnMvMWRjOTE4N2EtOTg2ZC00ODg4LThkY2YtYWYwYmQ0M2RmOTllL3Jlc291cmNlR3JvdXBzL29uZXNkazk5MzMvcHJvdmlkZXJzL01pY3Jvc29mdC5TcWwvc2VydmVycy9vbmVzZGs5MDIxL2RhdGFiYXNlcy9vbmVzZGs5OTQ0P2FwaS12ZXJzaW9uPTIwMTQtMDQtMDE=",
      "RequestMethod": "DELETE",
      "RequestBody": "",
      "RequestHeaders": {
        "User-Agent": [
          "Microsoft.Azure.Management.Sql.SqlManagementClient/0.9.0.0"
        ],
        "x-ms-client-request-id": [
          "4f3d1b85-e0a6-4129-86d0-2789f88430a2"
        ]
      },
      "ResponseBody": "",
      "ResponseHeaders": {
        "Content-Length": [
          "0"
        ],
        "x-ms-request-id": [
          "41597e12-c3c1-4278-a9b3-4a5b29f0d3e9"
        ],
        "X-Content-Type-Options": [
          "nosniff"
        ],
        "DataServiceVersion": [
          "1.0;"
        ],
        "Strict-Transport-Security": [
          "max-age=31536000; includeSubDomains"
        ],
        "x-ms-ratelimit-remaining-subscription-writes": [
          "1183"
        ],
        "x-ms-correlation-request-id": [
          "8aea98d5-56b0-4ab8-9a57-04491d0961d6"
        ],
        "x-ms-routing-request-id": [
          "CENTRALUS:20150610T081250Z:8aea98d5-56b0-4ab8-9a57-04491d0961d6"
        ],
        "Cache-Control": [
          "no-store, no-cache"
        ],
        "Date": [
          "Wed, 10 Jun 2015 08:12:49 GMT"
        ],
        "Server": [
          "Microsoft-HTTPAPI/2.0"
        ]
      },
      "StatusCode": 200
    },
    {
      "RequestUri": "/subscriptions/1dc9187a-986d-4888-8dcf-af0bd43df99e/resourceGroups/onesdk9933/providers/Microsoft.Sql/servers/onesdk9021/databases/onesdk9447?api-version=2014-04-01",
      "EncodedRequestUri": "L3N1YnNjcmlwdGlvbnMvMWRjOTE4N2EtOTg2ZC00ODg4LThkY2YtYWYwYmQ0M2RmOTllL3Jlc291cmNlR3JvdXBzL29uZXNkazk5MzMvcHJvdmlkZXJzL01pY3Jvc29mdC5TcWwvc2VydmVycy9vbmVzZGs5MDIxL2RhdGFiYXNlcy9vbmVzZGs5NDQ3P2FwaS12ZXJzaW9uPTIwMTQtMDQtMDE=",
      "RequestMethod": "DELETE",
      "RequestBody": "",
      "RequestHeaders": {
        "User-Agent": [
          "Microsoft.Azure.Management.Sql.SqlManagementClient/0.9.0.0"
        ],
        "x-ms-client-request-id": [
          "3172a13e-3205-4e58-938b-ceff60756e17"
        ]
      },
      "ResponseBody": "",
      "ResponseHeaders": {
        "Content-Length": [
          "0"
        ],
        "x-ms-request-id": [
          "5a8dc1df-dd69-452e-a541-1b80617e3a80"
        ],
        "X-Content-Type-Options": [
          "nosniff"
        ],
        "DataServiceVersion": [
          "1.0;"
        ],
        "Strict-Transport-Security": [
          "max-age=31536000; includeSubDomains"
        ],
        "x-ms-ratelimit-remaining-subscription-writes": [
          "1182"
        ],
        "x-ms-correlation-request-id": [
          "2ad1a379-4450-4f31-802a-e4be4814788f"
        ],
        "x-ms-routing-request-id": [
          "CENTRALUS:20150610T081254Z:2ad1a379-4450-4f31-802a-e4be4814788f"
        ],
        "Cache-Control": [
          "no-store, no-cache"
        ],
        "Date": [
          "Wed, 10 Jun 2015 08:12:53 GMT"
        ],
        "Server": [
          "Microsoft-HTTPAPI/2.0"
        ]
      },
      "StatusCode": 200
    },
    {
      "RequestUri": "/subscriptions/1dc9187a-986d-4888-8dcf-af0bd43df99e/resourcegroups/onesdk9933?api-version=2014-04-01-preview",
      "EncodedRequestUri": "L3N1YnNjcmlwdGlvbnMvMWRjOTE4N2EtOTg2ZC00ODg4LThkY2YtYWYwYmQ0M2RmOTllL3Jlc291cmNlZ3JvdXBzL29uZXNkazk5MzM/YXBpLXZlcnNpb249MjAxNC0wNC0wMS1wcmV2aWV3",
      "RequestMethod": "DELETE",
      "RequestBody": "",
      "RequestHeaders": {
        "User-Agent": [
          "Microsoft.Azure.Management.Resources.ResourceManagementClient/2.0.0.0"
        ]
      },
      "ResponseBody": "",
      "ResponseHeaders": {
        "Content-Length": [
          "0"
        ],
        "Expires": [
          "-1"
        ],
        "Pragma": [
          "no-cache"
        ],
        "Retry-After": [
          "15"
        ],
        "x-ms-ratelimit-remaining-subscription-writes": [
          "1183"
        ],
        "x-ms-request-id": [
          "cf2ad1aa-97b5-4f07-90f1-6a0d785fc079"
        ],
        "x-ms-correlation-request-id": [
          "cf2ad1aa-97b5-4f07-90f1-6a0d785fc079"
        ],
        "x-ms-routing-request-id": [
          "CENTRALUS:20150610T081256Z:cf2ad1aa-97b5-4f07-90f1-6a0d785fc079"
        ],
        "Strict-Transport-Security": [
          "max-age=31536000; includeSubDomains"
        ],
        "Cache-Control": [
          "no-cache"
        ],
        "Date": [
          "Wed, 10 Jun 2015 08:12:55 GMT"
        ],
        "Location": [
          "https://api-dogfood.resources.windows-int.net/subscriptions/1dc9187a-986d-4888-8dcf-af0bd43df99e/operationresults/eyJqb2JJZCI6IlJFU09VUkNFR1JPVVBERUxFVElPTkpPQi1PTkVTREs5OTMzLUpBUEFORUFTVCIsImpvYkxvY2F0aW9uIjoiamFwYW5lYXN0In0?api-version=2014-04-01-preview"
        ]
      },
      "StatusCode": 202
    },
    {
      "RequestUri": "/subscriptions/1dc9187a-986d-4888-8dcf-af0bd43df99e/operationresults/eyJqb2JJZCI6IlJFU09VUkNFR1JPVVBERUxFVElPTkpPQi1PTkVTREs5OTMzLUpBUEFORUFTVCIsImpvYkxvY2F0aW9uIjoiamFwYW5lYXN0In0?api-version=2014-04-01-preview",
      "EncodedRequestUri": "L3N1YnNjcmlwdGlvbnMvMWRjOTE4N2EtOTg2ZC00ODg4LThkY2YtYWYwYmQ0M2RmOTllL29wZXJhdGlvbnJlc3VsdHMvZXlKcWIySkpaQ0k2SWxKRlUwOVZVa05GUjFKUFZWQkVSVXhGVkVsUFRrcFBRaTFQVGtWVFJFczVPVE16TFVwQlVFRk9SVUZUVkNJc0ltcHZZa3h2WTJGMGFXOXVJam9pYW1Gd1lXNWxZWE4wSW4wP2FwaS12ZXJzaW9uPTIwMTQtMDQtMDEtcHJldmlldw==",
      "RequestMethod": "GET",
      "RequestBody": "",
      "RequestHeaders": {
        "x-ms-version": [
          "2014-04-01-preview"
        ],
        "User-Agent": [
          "Microsoft.Azure.Management.Resources.ResourceManagementClient/2.0.0.0"
        ]
      },
      "ResponseBody": "",
      "ResponseHeaders": {
        "Content-Length": [
          "0"
        ],
        "Expires": [
          "-1"
        ],
        "Pragma": [
          "no-cache"
        ],
        "Retry-After": [
          "15"
        ],
        "x-ms-ratelimit-remaining-subscription-reads": [
          "14922"
        ],
        "x-ms-request-id": [
          "7b966acc-127b-4c6b-8f95-37cf95257294"
        ],
        "x-ms-correlation-request-id": [
          "7b966acc-127b-4c6b-8f95-37cf95257294"
        ],
        "x-ms-routing-request-id": [
          "CENTRALUS:20150610T081256Z:7b966acc-127b-4c6b-8f95-37cf95257294"
        ],
        "Strict-Transport-Security": [
          "max-age=31536000; includeSubDomains"
        ],
        "Cache-Control": [
          "no-cache"
        ],
        "Date": [
          "Wed, 10 Jun 2015 08:12:55 GMT"
        ],
        "Location": [
          "https://api-dogfood.resources.windows-int.net/subscriptions/1dc9187a-986d-4888-8dcf-af0bd43df99e/operationresults/eyJqb2JJZCI6IlJFU09VUkNFR1JPVVBERUxFVElPTkpPQi1PTkVTREs5OTMzLUpBUEFORUFTVCIsImpvYkxvY2F0aW9uIjoiamFwYW5lYXN0In0?api-version=2014-04-01-preview"
        ]
      },
      "StatusCode": 202
    },
    {
      "RequestUri": "/subscriptions/1dc9187a-986d-4888-8dcf-af0bd43df99e/operationresults/eyJqb2JJZCI6IlJFU09VUkNFR1JPVVBERUxFVElPTkpPQi1PTkVTREs5OTMzLUpBUEFORUFTVCIsImpvYkxvY2F0aW9uIjoiamFwYW5lYXN0In0?api-version=2014-04-01-preview",
      "EncodedRequestUri": "L3N1YnNjcmlwdGlvbnMvMWRjOTE4N2EtOTg2ZC00ODg4LThkY2YtYWYwYmQ0M2RmOTllL29wZXJhdGlvbnJlc3VsdHMvZXlKcWIySkpaQ0k2SWxKRlUwOVZVa05GUjFKUFZWQkVSVXhGVkVsUFRrcFBRaTFQVGtWVFJFczVPVE16TFVwQlVFRk9SVUZUVkNJc0ltcHZZa3h2WTJGMGFXOXVJam9pYW1Gd1lXNWxZWE4wSW4wP2FwaS12ZXJzaW9uPTIwMTQtMDQtMDEtcHJldmlldw==",
      "RequestMethod": "GET",
      "RequestBody": "",
      "RequestHeaders": {
        "x-ms-version": [
          "2014-04-01-preview"
        ],
        "User-Agent": [
          "Microsoft.Azure.Management.Resources.ResourceManagementClient/2.0.0.0"
        ]
      },
      "ResponseBody": "",
      "ResponseHeaders": {
        "Content-Length": [
          "0"
        ],
        "Expires": [
          "-1"
        ],
        "Pragma": [
          "no-cache"
        ],
        "Retry-After": [
          "15"
        ],
        "x-ms-ratelimit-remaining-subscription-reads": [
          "14921"
        ],
        "x-ms-request-id": [
          "0950663f-c968-4503-8e5d-40f587ee4aca"
        ],
        "x-ms-correlation-request-id": [
          "0950663f-c968-4503-8e5d-40f587ee4aca"
        ],
        "x-ms-routing-request-id": [
          "CENTRALUS:20150610T081311Z:0950663f-c968-4503-8e5d-40f587ee4aca"
        ],
        "Strict-Transport-Security": [
          "max-age=31536000; includeSubDomains"
        ],
        "Cache-Control": [
          "no-cache"
        ],
        "Date": [
          "Wed, 10 Jun 2015 08:13:10 GMT"
        ],
        "Location": [
          "https://api-dogfood.resources.windows-int.net/subscriptions/1dc9187a-986d-4888-8dcf-af0bd43df99e/operationresults/eyJqb2JJZCI6IlJFU09VUkNFR1JPVVBERUxFVElPTkpPQi1PTkVTREs5OTMzLUpBUEFORUFTVCIsImpvYkxvY2F0aW9uIjoiamFwYW5lYXN0In0?api-version=2014-04-01-preview"
        ]
      },
      "StatusCode": 202
    },
    {
      "RequestUri": "/subscriptions/1dc9187a-986d-4888-8dcf-af0bd43df99e/operationresults/eyJqb2JJZCI6IlJFU09VUkNFR1JPVVBERUxFVElPTkpPQi1PTkVTREs5OTMzLUpBUEFORUFTVCIsImpvYkxvY2F0aW9uIjoiamFwYW5lYXN0In0?api-version=2014-04-01-preview",
      "EncodedRequestUri": "L3N1YnNjcmlwdGlvbnMvMWRjOTE4N2EtOTg2ZC00ODg4LThkY2YtYWYwYmQ0M2RmOTllL29wZXJhdGlvbnJlc3VsdHMvZXlKcWIySkpaQ0k2SWxKRlUwOVZVa05GUjFKUFZWQkVSVXhGVkVsUFRrcFBRaTFQVGtWVFJFczVPVE16TFVwQlVFRk9SVUZUVkNJc0ltcHZZa3h2WTJGMGFXOXVJam9pYW1Gd1lXNWxZWE4wSW4wP2FwaS12ZXJzaW9uPTIwMTQtMDQtMDEtcHJldmlldw==",
      "RequestMethod": "GET",
      "RequestBody": "",
      "RequestHeaders": {
        "x-ms-version": [
          "2014-04-01-preview"
        ],
        "User-Agent": [
          "Microsoft.Azure.Management.Resources.ResourceManagementClient/2.0.0.0"
        ]
      },
      "ResponseBody": "",
      "ResponseHeaders": {
        "Content-Length": [
          "0"
        ],
        "Expires": [
          "-1"
        ],
        "Pragma": [
          "no-cache"
        ],
        "Retry-After": [
          "15"
        ],
        "x-ms-ratelimit-remaining-subscription-reads": [
          "14920"
        ],
        "x-ms-request-id": [
          "65f0d01f-d0f6-4a28-9cc9-b7136d875679"
        ],
        "x-ms-correlation-request-id": [
          "65f0d01f-d0f6-4a28-9cc9-b7136d875679"
        ],
        "x-ms-routing-request-id": [
          "CENTRALUS:20150610T081326Z:65f0d01f-d0f6-4a28-9cc9-b7136d875679"
        ],
        "Strict-Transport-Security": [
          "max-age=31536000; includeSubDomains"
        ],
        "Cache-Control": [
          "no-cache"
        ],
        "Date": [
          "Wed, 10 Jun 2015 08:13:26 GMT"
        ],
        "Location": [
          "https://api-dogfood.resources.windows-int.net/subscriptions/1dc9187a-986d-4888-8dcf-af0bd43df99e/operationresults/eyJqb2JJZCI6IlJFU09VUkNFR1JPVVBERUxFVElPTkpPQi1PTkVTREs5OTMzLUpBUEFORUFTVCIsImpvYkxvY2F0aW9uIjoiamFwYW5lYXN0In0?api-version=2014-04-01-preview"
        ]
      },
      "StatusCode": 202
    },
    {
      "RequestUri": "/subscriptions/1dc9187a-986d-4888-8dcf-af0bd43df99e/operationresults/eyJqb2JJZCI6IlJFU09VUkNFR1JPVVBERUxFVElPTkpPQi1PTkVTREs5OTMzLUpBUEFORUFTVCIsImpvYkxvY2F0aW9uIjoiamFwYW5lYXN0In0?api-version=2014-04-01-preview",
      "EncodedRequestUri": "L3N1YnNjcmlwdGlvbnMvMWRjOTE4N2EtOTg2ZC00ODg4LThkY2YtYWYwYmQ0M2RmOTllL29wZXJhdGlvbnJlc3VsdHMvZXlKcWIySkpaQ0k2SWxKRlUwOVZVa05GUjFKUFZWQkVSVXhGVkVsUFRrcFBRaTFQVGtWVFJFczVPVE16TFVwQlVFRk9SVUZUVkNJc0ltcHZZa3h2WTJGMGFXOXVJam9pYW1Gd1lXNWxZWE4wSW4wP2FwaS12ZXJzaW9uPTIwMTQtMDQtMDEtcHJldmlldw==",
      "RequestMethod": "GET",
      "RequestBody": "",
      "RequestHeaders": {
        "x-ms-version": [
          "2014-04-01-preview"
        ],
        "User-Agent": [
          "Microsoft.Azure.Management.Resources.ResourceManagementClient/2.0.0.0"
        ]
      },
      "ResponseBody": "",
      "ResponseHeaders": {
        "Content-Length": [
          "0"
        ],
        "Expires": [
          "-1"
        ],
        "Pragma": [
          "no-cache"
        ],
        "Retry-After": [
          "15"
        ],
        "x-ms-ratelimit-remaining-subscription-reads": [
          "14919"
        ],
        "x-ms-request-id": [
          "e489a60a-483d-45e9-a490-48a69b2f0af2"
        ],
        "x-ms-correlation-request-id": [
          "e489a60a-483d-45e9-a490-48a69b2f0af2"
        ],
        "x-ms-routing-request-id": [
          "CENTRALUS:20150610T081341Z:e489a60a-483d-45e9-a490-48a69b2f0af2"
        ],
        "Strict-Transport-Security": [
          "max-age=31536000; includeSubDomains"
        ],
        "Cache-Control": [
          "no-cache"
        ],
        "Date": [
          "Wed, 10 Jun 2015 08:13:41 GMT"
        ],
        "Location": [
          "https://api-dogfood.resources.windows-int.net/subscriptions/1dc9187a-986d-4888-8dcf-af0bd43df99e/operationresults/eyJqb2JJZCI6IlJFU09VUkNFR1JPVVBERUxFVElPTkpPQi1PTkVTREs5OTMzLUpBUEFORUFTVCIsImpvYkxvY2F0aW9uIjoiamFwYW5lYXN0In0?api-version=2014-04-01-preview"
        ]
      },
      "StatusCode": 202
    },
    {
      "RequestUri": "/subscriptions/1dc9187a-986d-4888-8dcf-af0bd43df99e/operationresults/eyJqb2JJZCI6IlJFU09VUkNFR1JPVVBERUxFVElPTkpPQi1PTkVTREs5OTMzLUpBUEFORUFTVCIsImpvYkxvY2F0aW9uIjoiamFwYW5lYXN0In0?api-version=2014-04-01-preview",
      "EncodedRequestUri": "L3N1YnNjcmlwdGlvbnMvMWRjOTE4N2EtOTg2ZC00ODg4LThkY2YtYWYwYmQ0M2RmOTllL29wZXJhdGlvbnJlc3VsdHMvZXlKcWIySkpaQ0k2SWxKRlUwOVZVa05GUjFKUFZWQkVSVXhGVkVsUFRrcFBRaTFQVGtWVFJFczVPVE16TFVwQlVFRk9SVUZUVkNJc0ltcHZZa3h2WTJGMGFXOXVJam9pYW1Gd1lXNWxZWE4wSW4wP2FwaS12ZXJzaW9uPTIwMTQtMDQtMDEtcHJldmlldw==",
      "RequestMethod": "GET",
      "RequestBody": "",
      "RequestHeaders": {
        "x-ms-version": [
          "2014-04-01-preview"
        ],
        "User-Agent": [
          "Microsoft.Azure.Management.Resources.ResourceManagementClient/2.0.0.0"
        ]
      },
      "ResponseBody": "",
      "ResponseHeaders": {
        "Content-Length": [
          "0"
        ],
        "Expires": [
          "-1"
        ],
        "Pragma": [
          "no-cache"
        ],
        "Retry-After": [
          "15"
        ],
        "x-ms-ratelimit-remaining-subscription-reads": [
          "14918"
        ],
        "x-ms-request-id": [
          "907f1544-3b51-4f16-9e7a-5082e39898bb"
        ],
        "x-ms-correlation-request-id": [
          "907f1544-3b51-4f16-9e7a-5082e39898bb"
        ],
        "x-ms-routing-request-id": [
          "CENTRALUS:20150610T081356Z:907f1544-3b51-4f16-9e7a-5082e39898bb"
        ],
        "Strict-Transport-Security": [
          "max-age=31536000; includeSubDomains"
        ],
        "Cache-Control": [
          "no-cache"
        ],
        "Date": [
          "Wed, 10 Jun 2015 08:13:56 GMT"
        ],
        "Location": [
          "https://api-dogfood.resources.windows-int.net/subscriptions/1dc9187a-986d-4888-8dcf-af0bd43df99e/operationresults/eyJqb2JJZCI6IlJFU09VUkNFR1JPVVBERUxFVElPTkpPQi1PTkVTREs5OTMzLUpBUEFORUFTVCIsImpvYkxvY2F0aW9uIjoiamFwYW5lYXN0In0?api-version=2014-04-01-preview"
        ]
      },
      "StatusCode": 202
    },
    {
      "RequestUri": "/subscriptions/1dc9187a-986d-4888-8dcf-af0bd43df99e/operationresults/eyJqb2JJZCI6IlJFU09VUkNFR1JPVVBERUxFVElPTkpPQi1PTkVTREs5OTMzLUpBUEFORUFTVCIsImpvYkxvY2F0aW9uIjoiamFwYW5lYXN0In0?api-version=2014-04-01-preview",
      "EncodedRequestUri": "L3N1YnNjcmlwdGlvbnMvMWRjOTE4N2EtOTg2ZC00ODg4LThkY2YtYWYwYmQ0M2RmOTllL29wZXJhdGlvbnJlc3VsdHMvZXlKcWIySkpaQ0k2SWxKRlUwOVZVa05GUjFKUFZWQkVSVXhGVkVsUFRrcFBRaTFQVGtWVFJFczVPVE16TFVwQlVFRk9SVUZUVkNJc0ltcHZZa3h2WTJGMGFXOXVJam9pYW1Gd1lXNWxZWE4wSW4wP2FwaS12ZXJzaW9uPTIwMTQtMDQtMDEtcHJldmlldw==",
      "RequestMethod": "GET",
      "RequestBody": "",
      "RequestHeaders": {
        "x-ms-version": [
          "2014-04-01-preview"
        ],
        "User-Agent": [
          "Microsoft.Azure.Management.Resources.ResourceManagementClient/2.0.0.0"
        ]
      },
      "ResponseBody": "",
      "ResponseHeaders": {
        "Content-Length": [
          "0"
        ],
        "Expires": [
          "-1"
        ],
        "Pragma": [
          "no-cache"
        ],
        "Retry-After": [
          "15"
        ],
        "x-ms-ratelimit-remaining-subscription-reads": [
          "14917"
        ],
        "x-ms-request-id": [
          "a7cff9e1-4ff0-4c41-9395-46a898dddafa"
        ],
        "x-ms-correlation-request-id": [
          "a7cff9e1-4ff0-4c41-9395-46a898dddafa"
        ],
        "x-ms-routing-request-id": [
          "CENTRALUS:20150610T081411Z:a7cff9e1-4ff0-4c41-9395-46a898dddafa"
        ],
        "Strict-Transport-Security": [
          "max-age=31536000; includeSubDomains"
        ],
        "Cache-Control": [
          "no-cache"
        ],
        "Date": [
          "Wed, 10 Jun 2015 08:14:11 GMT"
        ],
        "Location": [
          "https://api-dogfood.resources.windows-int.net/subscriptions/1dc9187a-986d-4888-8dcf-af0bd43df99e/operationresults/eyJqb2JJZCI6IlJFU09VUkNFR1JPVVBERUxFVElPTkpPQi1PTkVTREs5OTMzLUpBUEFORUFTVCIsImpvYkxvY2F0aW9uIjoiamFwYW5lYXN0In0?api-version=2014-04-01-preview"
        ]
      },
      "StatusCode": 202
    },
    {
      "RequestUri": "/subscriptions/1dc9187a-986d-4888-8dcf-af0bd43df99e/operationresults/eyJqb2JJZCI6IlJFU09VUkNFR1JPVVBERUxFVElPTkpPQi1PTkVTREs5OTMzLUpBUEFORUFTVCIsImpvYkxvY2F0aW9uIjoiamFwYW5lYXN0In0?api-version=2014-04-01-preview",
      "EncodedRequestUri": "L3N1YnNjcmlwdGlvbnMvMWRjOTE4N2EtOTg2ZC00ODg4LThkY2YtYWYwYmQ0M2RmOTllL29wZXJhdGlvbnJlc3VsdHMvZXlKcWIySkpaQ0k2SWxKRlUwOVZVa05GUjFKUFZWQkVSVXhGVkVsUFRrcFBRaTFQVGtWVFJFczVPVE16TFVwQlVFRk9SVUZUVkNJc0ltcHZZa3h2WTJGMGFXOXVJam9pYW1Gd1lXNWxZWE4wSW4wP2FwaS12ZXJzaW9uPTIwMTQtMDQtMDEtcHJldmlldw==",
      "RequestMethod": "GET",
      "RequestBody": "",
      "RequestHeaders": {
        "x-ms-version": [
          "2014-04-01-preview"
        ],
        "User-Agent": [
          "Microsoft.Azure.Management.Resources.ResourceManagementClient/2.0.0.0"
        ]
      },
      "ResponseBody": "",
      "ResponseHeaders": {
        "Content-Length": [
          "0"
        ],
        "Expires": [
          "-1"
        ],
        "Pragma": [
          "no-cache"
        ],
        "Retry-After": [
          "15"
        ],
        "x-ms-ratelimit-remaining-subscription-reads": [
          "14916"
        ],
        "x-ms-request-id": [
          "53c666a9-b322-4422-a3d6-1293cc6c1aa6"
        ],
        "x-ms-correlation-request-id": [
          "53c666a9-b322-4422-a3d6-1293cc6c1aa6"
        ],
        "x-ms-routing-request-id": [
          "CENTRALUS:20150610T081426Z:53c666a9-b322-4422-a3d6-1293cc6c1aa6"
        ],
        "Strict-Transport-Security": [
          "max-age=31536000; includeSubDomains"
        ],
        "Cache-Control": [
          "no-cache"
        ],
        "Date": [
          "Wed, 10 Jun 2015 08:14:25 GMT"
        ],
        "Location": [
          "https://api-dogfood.resources.windows-int.net/subscriptions/1dc9187a-986d-4888-8dcf-af0bd43df99e/operationresults/eyJqb2JJZCI6IlJFU09VUkNFR1JPVVBERUxFVElPTkpPQi1PTkVTREs5OTMzLUpBUEFORUFTVCIsImpvYkxvY2F0aW9uIjoiamFwYW5lYXN0In0?api-version=2014-04-01-preview"
        ]
      },
      "StatusCode": 202
    },
    {
      "RequestUri": "/subscriptions/1dc9187a-986d-4888-8dcf-af0bd43df99e/operationresults/eyJqb2JJZCI6IlJFU09VUkNFR1JPVVBERUxFVElPTkpPQi1PTkVTREs5OTMzLUpBUEFORUFTVCIsImpvYkxvY2F0aW9uIjoiamFwYW5lYXN0In0?api-version=2014-04-01-preview",
      "EncodedRequestUri": "L3N1YnNjcmlwdGlvbnMvMWRjOTE4N2EtOTg2ZC00ODg4LThkY2YtYWYwYmQ0M2RmOTllL29wZXJhdGlvbnJlc3VsdHMvZXlKcWIySkpaQ0k2SWxKRlUwOVZVa05GUjFKUFZWQkVSVXhGVkVsUFRrcFBRaTFQVGtWVFJFczVPVE16TFVwQlVFRk9SVUZUVkNJc0ltcHZZa3h2WTJGMGFXOXVJam9pYW1Gd1lXNWxZWE4wSW4wP2FwaS12ZXJzaW9uPTIwMTQtMDQtMDEtcHJldmlldw==",
      "RequestMethod": "GET",
      "RequestBody": "",
      "RequestHeaders": {
        "x-ms-version": [
          "2014-04-01-preview"
        ],
        "User-Agent": [
          "Microsoft.Azure.Management.Resources.ResourceManagementClient/2.0.0.0"
        ]
      },
      "ResponseBody": "",
      "ResponseHeaders": {
        "Content-Length": [
          "0"
        ],
        "Expires": [
          "-1"
        ],
        "Pragma": [
          "no-cache"
        ],
        "x-ms-ratelimit-remaining-subscription-reads": [
          "14915"
        ],
        "x-ms-request-id": [
          "810c1d39-f2b4-47b3-9780-8a8682395cde"
        ],
        "x-ms-correlation-request-id": [
          "810c1d39-f2b4-47b3-9780-8a8682395cde"
        ],
        "x-ms-routing-request-id": [
          "CENTRALUS:20150610T081441Z:810c1d39-f2b4-47b3-9780-8a8682395cde"
        ],
        "Strict-Transport-Security": [
          "max-age=31536000; includeSubDomains"
        ],
        "Cache-Control": [
          "no-cache"
        ],
        "Date": [
          "Wed, 10 Jun 2015 08:14:41 GMT"
        ]
      },
      "StatusCode": 200
    }
  ],
  "Names": {
    "Test-RemoveDatabase": [
      "onesdk9933",
      "onesdk9021",
      "onesdk9944",
      "onesdk9447",
      "onesdk371"
    ]
  },
  "Variables": {
    "SubscriptionId": "1dc9187a-986d-4888-8dcf-af0bd43df99e"
  }
}