{
  "Entries": [
    {
      "RequestUri": "/subscriptions/04319d6d-4a66-4701-bb2f-e7dbbd9ae4db/providers/Microsoft.DataLakeAnalytics/register?api-version=2016-02-01",
      "EncodedRequestUri": "L3N1YnNjcmlwdGlvbnMvMDQzMTlkNmQtNGE2Ni00NzAxLWJiMmYtZTdkYmJkOWFlNGRiL3Byb3ZpZGVycy9NaWNyb3NvZnQuRGF0YUxha2VBbmFseXRpY3MvcmVnaXN0ZXI/YXBpLXZlcnNpb249MjAxNi0wMi0wMQ==",
      "RequestMethod": "POST",
      "RequestBody": "",
      "RequestHeaders": {
        "User-Agent": [
          "Microsoft.Azure.Management.Resources.ResourceManagementClient/2.0.0.0"
        ]
      },
      "ResponseBody": "{\r\n  \"id\": \"/subscriptions/04319d6d-4a66-4701-bb2f-e7dbbd9ae4db/providers/Microsoft.DataLakeAnalytics\",\r\n  \"namespace\": \"Microsoft.DataLakeAnalytics\",\r\n  \"resourceTypes\": [\r\n    {\r\n      \"resourceType\": \"accounts\",\r\n      \"locations\": [\r\n        \"East US 2\",\r\n        \"North Europe\",\r\n        \"Central US\",\r\n        \"West Europe\"\r\n      ],\r\n      \"apiVersions\": [\r\n        \"2016-11-01\",\r\n        \"2015-10-01-preview\"\r\n      ],\r\n      \"capabilities\": \"CrossResourceGroupResourceMove, CrossSubscriptionResourceMove\"\r\n    },\r\n    {\r\n      \"resourceType\": \"accounts/dataLakeStoreAccounts\",\r\n      \"locations\": [\r\n        \"East US 2\",\r\n        \"North Europe\",\r\n        \"Central US\",\r\n        \"West Europe\"\r\n      ],\r\n      \"apiVersions\": [\r\n        \"2016-11-01\",\r\n        \"2015-10-01-preview\"\r\n      ]\r\n    },\r\n    {\r\n      \"resourceType\": \"accounts/storageAccounts\",\r\n      \"locations\": [\r\n        \"East US 2\",\r\n        \"North Europe\",\r\n        \"Central US\",\r\n        \"West Europe\"\r\n      ],\r\n      \"apiVersions\": [\r\n        \"2016-11-01\",\r\n        \"2015-10-01-preview\"\r\n      ]\r\n    },\r\n    {\r\n      \"resourceType\": \"accounts/storageAccounts/containers\",\r\n      \"locations\": [\r\n        \"East US 2\",\r\n        \"North Europe\",\r\n        \"Central US\",\r\n        \"West Europe\"\r\n      ],\r\n      \"apiVersions\": [\r\n        \"2016-11-01\",\r\n        \"2015-10-01-preview\"\r\n      ]\r\n    },\r\n    {\r\n      \"resourceType\": \"accounts/storageAccounts/containers/listSasTokens\",\r\n      \"locations\": [\r\n        \"East US 2\",\r\n        \"North Europe\",\r\n        \"Central US\",\r\n        \"West Europe\"\r\n      ],\r\n      \"apiVersions\": [\r\n        \"2016-11-01\",\r\n        \"2015-10-01-preview\"\r\n      ]\r\n    },\r\n    {\r\n      \"resourceType\": \"locations\",\r\n      \"locations\": [],\r\n      \"apiVersions\": [\r\n        \"2016-11-01\",\r\n        \"2015-10-01-preview\"\r\n      ]\r\n    },\r\n    {\r\n      \"resourceType\": \"locations/operationresults\",\r\n      \"locations\": [],\r\n      \"apiVersions\": [\r\n        \"2016-11-01\",\r\n        \"2015-10-01-preview\"\r\n      ]\r\n    },\r\n    {\r\n      \"resourceType\": \"locations/checkNameAvailability\",\r\n      \"locations\": [],\r\n      \"apiVersions\": [\r\n        \"2016-11-01\",\r\n        \"2015-10-01-preview\"\r\n      ]\r\n    },\r\n    {\r\n      \"resourceType\": \"locations/capability\",\r\n      \"locations\": [],\r\n      \"apiVersions\": [\r\n        \"2016-11-01\",\r\n        \"2015-10-01-preview\"\r\n      ]\r\n    },\r\n    {\r\n      \"resourceType\": \"operations\",\r\n      \"locations\": [],\r\n      \"apiVersions\": [\r\n        \"2016-11-01\",\r\n        \"2015-10-01-preview\"\r\n      ]\r\n    }\r\n  ],\r\n  \"registrationState\": \"Registered\"\r\n}",
      "ResponseHeaders": {
        "Content-Length": [
          "1627"
        ],
        "Content-Type": [
          "application/json; charset=utf-8"
        ],
        "Expires": [
          "-1"
        ],
        "Pragma": [
          "no-cache"
        ],
        "x-ms-ratelimit-remaining-subscription-writes": [
          "1199"
        ],
        "x-ms-request-id": [
          "4120fdd9-e65d-42ab-9e7f-ce7fa5754610"
        ],
        "x-ms-correlation-request-id": [
          "4120fdd9-e65d-42ab-9e7f-ce7fa5754610"
        ],
        "x-ms-routing-request-id": [
          "AUSTRALIAEAST:20180607T133649Z:4120fdd9-e65d-42ab-9e7f-ce7fa5754610"
        ],
        "Strict-Transport-Security": [
          "max-age=31536000; includeSubDomains"
        ],
        "X-Content-Type-Options": [
          "nosniff"
        ],
        "Cache-Control": [
          "no-cache"
        ],
        "Date": [
          "Thu, 07 Jun 2018 13:36:49 GMT"
        ]
      },
      "StatusCode": 200
    },
    {
      "RequestUri": "/subscriptions/04319d6d-4a66-4701-bb2f-e7dbbd9ae4db/providers/Microsoft.DataLakeAnalytics?api-version=2016-02-01",
      "EncodedRequestUri": "L3N1YnNjcmlwdGlvbnMvMDQzMTlkNmQtNGE2Ni00NzAxLWJiMmYtZTdkYmJkOWFlNGRiL3Byb3ZpZGVycy9NaWNyb3NvZnQuRGF0YUxha2VBbmFseXRpY3M/YXBpLXZlcnNpb249MjAxNi0wMi0wMQ==",
      "RequestMethod": "GET",
      "RequestBody": "",
      "RequestHeaders": {
        "User-Agent": [
          "Microsoft.Azure.Management.Resources.ResourceManagementClient/2.0.0.0"
        ]
      },
      "ResponseBody": "{\r\n  \"id\": \"/subscriptions/04319d6d-4a66-4701-bb2f-e7dbbd9ae4db/providers/Microsoft.DataLakeAnalytics\",\r\n  \"namespace\": \"Microsoft.DataLakeAnalytics\",\r\n  \"resourceTypes\": [\r\n    {\r\n      \"resourceType\": \"accounts\",\r\n      \"locations\": [\r\n        \"East US 2\",\r\n        \"North Europe\",\r\n        \"Central US\",\r\n        \"West Europe\"\r\n      ],\r\n      \"apiVersions\": [\r\n        \"2016-11-01\",\r\n        \"2015-10-01-preview\"\r\n      ],\r\n      \"capabilities\": \"CrossResourceGroupResourceMove, CrossSubscriptionResourceMove\"\r\n    },\r\n    {\r\n      \"resourceType\": \"accounts/dataLakeStoreAccounts\",\r\n      \"locations\": [\r\n        \"East US 2\",\r\n        \"North Europe\",\r\n        \"Central US\",\r\n        \"West Europe\"\r\n      ],\r\n      \"apiVersions\": [\r\n        \"2016-11-01\",\r\n        \"2015-10-01-preview\"\r\n      ]\r\n    },\r\n    {\r\n      \"resourceType\": \"accounts/storageAccounts\",\r\n      \"locations\": [\r\n        \"East US 2\",\r\n        \"North Europe\",\r\n        \"Central US\",\r\n        \"West Europe\"\r\n      ],\r\n      \"apiVersions\": [\r\n        \"2016-11-01\",\r\n        \"2015-10-01-preview\"\r\n      ]\r\n    },\r\n    {\r\n      \"resourceType\": \"accounts/storageAccounts/containers\",\r\n      \"locations\": [\r\n        \"East US 2\",\r\n        \"North Europe\",\r\n        \"Central US\",\r\n        \"West Europe\"\r\n      ],\r\n      \"apiVersions\": [\r\n        \"2016-11-01\",\r\n        \"2015-10-01-preview\"\r\n      ]\r\n    },\r\n    {\r\n      \"resourceType\": \"accounts/storageAccounts/containers/listSasTokens\",\r\n      \"locations\": [\r\n        \"East US 2\",\r\n        \"North Europe\",\r\n        \"Central US\",\r\n        \"West Europe\"\r\n      ],\r\n      \"apiVersions\": [\r\n        \"2016-11-01\",\r\n        \"2015-10-01-preview\"\r\n      ]\r\n    },\r\n    {\r\n      \"resourceType\": \"locations\",\r\n      \"locations\": [],\r\n      \"apiVersions\": [\r\n        \"2016-11-01\",\r\n        \"2015-10-01-preview\"\r\n      ]\r\n    },\r\n    {\r\n      \"resourceType\": \"locations/operationresults\",\r\n      \"locations\": [],\r\n      \"apiVersions\": [\r\n        \"2016-11-01\",\r\n        \"2015-10-01-preview\"\r\n      ]\r\n    },\r\n    {\r\n      \"resourceType\": \"locations/checkNameAvailability\",\r\n      \"locations\": [],\r\n      \"apiVersions\": [\r\n        \"2016-11-01\",\r\n        \"2015-10-01-preview\"\r\n      ]\r\n    },\r\n    {\r\n      \"resourceType\": \"locations/capability\",\r\n      \"locations\": [],\r\n      \"apiVersions\": [\r\n        \"2016-11-01\",\r\n        \"2015-10-01-preview\"\r\n      ]\r\n    },\r\n    {\r\n      \"resourceType\": \"operations\",\r\n      \"locations\": [],\r\n      \"apiVersions\": [\r\n        \"2016-11-01\",\r\n        \"2015-10-01-preview\"\r\n      ]\r\n    }\r\n  ],\r\n  \"registrationState\": \"Registered\"\r\n}",
      "ResponseHeaders": {
        "Content-Length": [
          "1627"
        ],
        "Content-Type": [
          "application/json; charset=utf-8"
        ],
        "Expires": [
          "-1"
        ],
        "Pragma": [
          "no-cache"
        ],
        "x-ms-ratelimit-remaining-subscription-reads": [
          "14999"
        ],
        "x-ms-request-id": [
          "d49ab417-48d9-4008-92de-8b8d95bd9a69"
        ],
        "x-ms-correlation-request-id": [
          "d49ab417-48d9-4008-92de-8b8d95bd9a69"
        ],
        "x-ms-routing-request-id": [
          "AUSTRALIAEAST:20180607T133649Z:d49ab417-48d9-4008-92de-8b8d95bd9a69"
        ],
        "Strict-Transport-Security": [
          "max-age=31536000; includeSubDomains"
        ],
        "X-Content-Type-Options": [
          "nosniff"
        ],
        "Cache-Control": [
          "no-cache"
        ],
        "Date": [
          "Thu, 07 Jun 2018 13:36:49 GMT"
        ]
      },
      "StatusCode": 200
    },
    {
      "RequestUri": "/subscriptions/04319d6d-4a66-4701-bb2f-e7dbbd9ae4db/resourcegroups/ps3053?api-version=2016-09-01",
      "EncodedRequestUri": "L3N1YnNjcmlwdGlvbnMvMDQzMTlkNmQtNGE2Ni00NzAxLWJiMmYtZTdkYmJkOWFlNGRiL3Jlc291cmNlZ3JvdXBzL3BzMzA1Mz9hcGktdmVyc2lvbj0yMDE2LTA5LTAx",
      "RequestMethod": "PUT",
      "RequestBody": "{\r\n  \"location\": \"eastus2\"\r\n}",
      "RequestHeaders": {
        "Content-Type": [
          "application/json; charset=utf-8"
        ],
        "Content-Length": [
          "29"
        ],
        "x-ms-client-request-id": [
          "ad95c70b-3c86-4f9e-bb88-3d97c6d4f682"
        ],
        "accept-language": [
          "en-US"
        ],
        "User-Agent": [
          "FxVersion/4.7.2650.0",
          "OSName/Windows10Enterprise",
          "OSVersion/6.3.16299",
          "Microsoft.Azure.Management.Internal.Resources.ResourceManagementClient/4.1.0"
        ]
      },
      "ResponseBody": "{\r\n  \"id\": \"/subscriptions/04319d6d-4a66-4701-bb2f-e7dbbd9ae4db/resourceGroups/ps3053\",\r\n  \"name\": \"ps3053\",\r\n  \"location\": \"eastus2\",\r\n  \"properties\": {\r\n    \"provisioningState\": \"Succeeded\"\r\n  }\r\n}",
      "ResponseHeaders": {
        "Content-Length": [
          "166"
        ],
        "Content-Type": [
          "application/json; charset=utf-8"
        ],
        "Expires": [
          "-1"
        ],
        "Pragma": [
          "no-cache"
        ],
        "x-ms-ratelimit-remaining-subscription-writes": [
          "1199"
        ],
        "x-ms-request-id": [
          "6f1779e6-0e2c-42a2-8e01-ab4f0eb2b27e"
        ],
        "x-ms-correlation-request-id": [
          "6f1779e6-0e2c-42a2-8e01-ab4f0eb2b27e"
        ],
        "x-ms-routing-request-id": [
          "AUSTRALIAEAST:20180607T133659Z:6f1779e6-0e2c-42a2-8e01-ab4f0eb2b27e"
        ],
        "Strict-Transport-Security": [
          "max-age=31536000; includeSubDomains"
        ],
        "X-Content-Type-Options": [
          "nosniff"
        ],
        "Cache-Control": [
          "no-cache"
        ],
        "Date": [
          "Thu, 07 Jun 2018 13:36:58 GMT"
        ]
      },
      "StatusCode": 201
    },
    {
      "RequestUri": "/subscriptions/04319d6d-4a66-4701-bb2f-e7dbbd9ae4db/resourceGroups/ps3053/providers/Microsoft.DataLakeAnalytics/accounts/ps7496?api-version=2016-11-01",
      "EncodedRequestUri": "L3N1YnNjcmlwdGlvbnMvMDQzMTlkNmQtNGE2Ni00NzAxLWJiMmYtZTdkYmJkOWFlNGRiL3Jlc291cmNlR3JvdXBzL3BzMzA1My9wcm92aWRlcnMvTWljcm9zb2Z0LkRhdGFMYWtlQW5hbHl0aWNzL2FjY291bnRzL3BzNzQ5Nj9hcGktdmVyc2lvbj0yMDE2LTExLTAx",
      "RequestMethod": "GET",
      "RequestBody": "",
      "RequestHeaders": {
        "x-ms-client-request-id": [
          "5a9f4179-533a-452b-9689-5916211f632c"
        ],
        "accept-language": [
          "en-US"
        ],
        "User-Agent": [
          "FxVersion/4.7.2650.0",
          "OSName/Windows10Enterprise",
          "OSVersion/6.3.16299",
          "Microsoft.Azure.Management.DataLake.Analytics.DataLakeAnalyticsAccountManagementClient/3.3.0.0"
        ]
      },
      "ResponseBody": "{\r\n  \"error\": {\r\n    \"code\": \"ResourceNotFound\",\r\n    \"message\": \"The Resource 'Microsoft.DataLakeAnalytics/accounts/ps7496' under resource group 'ps3053' was not found.\"\r\n  }\r\n}",
      "ResponseHeaders": {
        "Content-Length": [
          "153"
        ],
        "Content-Type": [
          "application/json; charset=utf-8"
        ],
        "Expires": [
          "-1"
        ],
        "Pragma": [
          "no-cache"
        ],
        "x-ms-failure-cause": [
          "gateway"
        ],
        "x-ms-request-id": [
          "bb29fa0a-5bb9-4fc1-be8c-f7a31eef4323"
        ],
        "x-ms-correlation-request-id": [
          "bb29fa0a-5bb9-4fc1-be8c-f7a31eef4323"
        ],
        "x-ms-routing-request-id": [
          "AUSTRALIAEAST:20180607T133700Z:bb29fa0a-5bb9-4fc1-be8c-f7a31eef4323"
        ],
        "Strict-Transport-Security": [
          "max-age=31536000; includeSubDomains"
        ],
        "X-Content-Type-Options": [
          "nosniff"
        ],
        "Cache-Control": [
          "no-cache"
        ],
        "Date": [
          "Thu, 07 Jun 2018 13:37:00 GMT"
        ]
      },
      "StatusCode": 404
    },
    {
      "RequestUri": "/subscriptions/04319d6d-4a66-4701-bb2f-e7dbbd9ae4db/resourceGroups/ps3053/providers/Microsoft.DataLakeAnalytics/accounts/ps7496?api-version=2016-11-01",
      "EncodedRequestUri": "L3N1YnNjcmlwdGlvbnMvMDQzMTlkNmQtNGE2Ni00NzAxLWJiMmYtZTdkYmJkOWFlNGRiL3Jlc291cmNlR3JvdXBzL3BzMzA1My9wcm92aWRlcnMvTWljcm9zb2Z0LkRhdGFMYWtlQW5hbHl0aWNzL2FjY291bnRzL3BzNzQ5Nj9hcGktdmVyc2lvbj0yMDE2LTExLTAx",
      "RequestMethod": "GET",
      "RequestBody": "",
      "RequestHeaders": {
        "x-ms-client-request-id": [
          "66ff4cf2-bd78-4d17-9879-7f28269fe34d"
        ],
        "accept-language": [
          "en-US"
        ],
        "User-Agent": [
          "FxVersion/4.7.2650.0",
          "OSName/Windows10Enterprise",
          "OSVersion/6.3.16299",
          "Microsoft.Azure.Management.DataLake.Analytics.DataLakeAnalyticsAccountManagementClient/3.3.0.0"
        ]
      },
      "ResponseBody": "{\r\n  \"error\": {\r\n    \"code\": \"ResourceNotFound\",\r\n    \"message\": \"The Resource 'Microsoft.DataLakeAnalytics/accounts/ps7496' under resource group 'ps3053' was not found.\"\r\n  }\r\n}",
      "ResponseHeaders": {
        "Content-Length": [
          "153"
        ],
        "Content-Type": [
          "application/json; charset=utf-8"
        ],
        "Expires": [
          "-1"
        ],
        "Pragma": [
          "no-cache"
        ],
        "x-ms-failure-cause": [
          "gateway"
        ],
        "x-ms-request-id": [
          "d79324aa-3c3b-430a-ba10-5e1a6ee09f68"
        ],
        "x-ms-correlation-request-id": [
          "d79324aa-3c3b-430a-ba10-5e1a6ee09f68"
        ],
        "x-ms-routing-request-id": [
          "AUSTRALIAEAST:20180607T133747Z:d79324aa-3c3b-430a-ba10-5e1a6ee09f68"
        ],
        "Strict-Transport-Security": [
          "max-age=31536000; includeSubDomains"
        ],
        "X-Content-Type-Options": [
          "nosniff"
        ],
        "Cache-Control": [
          "no-cache"
        ],
        "Date": [
          "Thu, 07 Jun 2018 13:37:46 GMT"
        ]
      },
      "StatusCode": 404
    },
    {
      "RequestUri": "/subscriptions/04319d6d-4a66-4701-bb2f-e7dbbd9ae4db/resourceGroups/ps3053/providers/Microsoft.DataLakeAnalytics/accounts/ps7496?api-version=2016-11-01",
      "EncodedRequestUri": "L3N1YnNjcmlwdGlvbnMvMDQzMTlkNmQtNGE2Ni00NzAxLWJiMmYtZTdkYmJkOWFlNGRiL3Jlc291cmNlR3JvdXBzL3BzMzA1My9wcm92aWRlcnMvTWljcm9zb2Z0LkRhdGFMYWtlQW5hbHl0aWNzL2FjY291bnRzL3BzNzQ5Nj9hcGktdmVyc2lvbj0yMDE2LTExLTAx",
      "RequestMethod": "GET",
      "RequestBody": "",
      "RequestHeaders": {
        "x-ms-client-request-id": [
          "3849636a-b6ad-4518-b5be-ac72c230e76b"
        ],
        "accept-language": [
          "en-US"
        ],
        "User-Agent": [
          "FxVersion/4.7.2650.0",
          "OSName/Windows10Enterprise",
          "OSVersion/6.3.16299",
          "Microsoft.Azure.Management.DataLake.Analytics.DataLakeAnalyticsAccountManagementClient/3.3.0.0"
        ]
      },
      "ResponseBody": "{\r\n  \"error\": {\r\n    \"code\": \"ResourceNotFound\",\r\n    \"message\": \"The Resource 'Microsoft.DataLakeAnalytics/accounts/ps7496' under resource group 'ps3053' was not found.\"\r\n  }\r\n}",
      "ResponseHeaders": {
        "Content-Length": [
          "153"
        ],
        "Content-Type": [
          "application/json; charset=utf-8"
        ],
        "Expires": [
          "-1"
        ],
        "Pragma": [
          "no-cache"
        ],
        "x-ms-failure-cause": [
          "gateway"
        ],
        "x-ms-request-id": [
          "87e04c6a-49c3-4244-8504-e3225decb633"
        ],
        "x-ms-correlation-request-id": [
          "87e04c6a-49c3-4244-8504-e3225decb633"
        ],
        "x-ms-routing-request-id": [
          "AUSTRALIAEAST:20180607T133747Z:87e04c6a-49c3-4244-8504-e3225decb633"
        ],
        "Strict-Transport-Security": [
          "max-age=31536000; includeSubDomains"
        ],
        "X-Content-Type-Options": [
          "nosniff"
        ],
        "Cache-Control": [
          "no-cache"
        ],
        "Date": [
          "Thu, 07 Jun 2018 13:37:46 GMT"
        ]
      },
      "StatusCode": 404
    },
    {
      "RequestUri": "/subscriptions/04319d6d-4a66-4701-bb2f-e7dbbd9ae4db/resourceGroups/ps3053/providers/Microsoft.DataLakeAnalytics/accounts/ps7496?api-version=2016-11-01",
      "EncodedRequestUri": "L3N1YnNjcmlwdGlvbnMvMDQzMTlkNmQtNGE2Ni00NzAxLWJiMmYtZTdkYmJkOWFlNGRiL3Jlc291cmNlR3JvdXBzL3BzMzA1My9wcm92aWRlcnMvTWljcm9zb2Z0LkRhdGFMYWtlQW5hbHl0aWNzL2FjY291bnRzL3BzNzQ5Nj9hcGktdmVyc2lvbj0yMDE2LTExLTAx",
      "RequestMethod": "GET",
      "RequestBody": "",
      "RequestHeaders": {
        "User-Agent": [
          "FxVersion/4.7.2650.0",
          "OSName/Windows10Enterprise",
          "OSVersion/6.3.16299",
          "Microsoft.Azure.Management.DataLake.Analytics.DataLakeAnalyticsAccountManagementClient/3.3.0.0"
        ]
      },
      "ResponseBody": "{\r\n  \"properties\": {\r\n    \"firewallState\": \"Disabled\",\r\n    \"firewallAllowAzureIps\": \"Disabled\",\r\n    \"firewallRules\": [],\r\n    \"virtualNetworkRules\": [],\r\n    \"debugDataAccessLevel\": \"All\",\r\n    \"defaultDataLakeStoreAccount\": \"ps465\",\r\n    \"dataLakeStoreAccounts\": [\r\n      {\r\n        \"properties\": {\r\n          \"suffix\": \"azuredatalakestore.net\"\r\n        },\r\n        \"name\": \"ps465\"\r\n      }\r\n    ],\r\n    \"publicDataLakeStoreAccounts\": [\r\n      {\r\n        \"properties\": {\r\n          \"suffix\": \"azuredatalakestore.net\"\r\n        },\r\n        \"name\": \"adltrainingsampledata\"\r\n      },\r\n      {\r\n        \"properties\": {\r\n          \"suffix\": \"azuredatalakestore.net\"\r\n        },\r\n        \"name\": \"ghinsights\"\r\n      }\r\n    ],\r\n    \"storageAccounts\": [],\r\n    \"maxDegreeOfParallelism\": 32,\r\n    \"maxJobCount\": 20,\r\n    \"systemMaxDegreeOfParallelism\": 100,\r\n    \"systemMaxJobCount\": 20,\r\n    \"maxDegreeOfParallelismPerJob\": 32,\r\n    \"minPriorityPerJob\": 1,\r\n    \"computePolicies\": [],\r\n    \"queryStoreRetention\": 30,\r\n    \"hiveMetastores\": [],\r\n    \"currentTier\": \"Consumption\",\r\n    \"newTier\": \"Consumption\",\r\n    \"provisioningState\": \"Succeeded\",\r\n    \"state\": \"Active\",\r\n    \"endpoint\": \"ps7496.azuredatalakeanalytics.net\",\r\n    \"accountId\": \"5f827586-5826-4caf-9d7b-08df6575ee6c\",\r\n    \"creationTime\": \"2018-06-07T13:37:54.8820267Z\",\r\n    \"lastModifiedTime\": \"2018-06-07T13:37:54.8820267Z\"\r\n  },\r\n  \"location\": \"eastus2\",\r\n  \"tags\": {},\r\n  \"id\": \"/subscriptions/04319d6d-4a66-4701-bb2f-e7dbbd9ae4db/resourceGroups/ps3053/providers/Microsoft.DataLakeAnalytics/accounts/ps7496\",\r\n  \"name\": \"ps7496\",\r\n  \"type\": \"Microsoft.DataLakeAnalytics/accounts\"\r\n}",
      "ResponseHeaders": {
        "Content-Length": [
          "1235"
        ],
        "Content-Type": [
          "application/json"
        ],
        "Expires": [
          "-1"
        ],
        "Pragma": [
          "no-cache"
        ],
        "x-ms-request-id": [
          "8ec8f35c-2e7a-4050-8e4d-2b586cfc6359"
        ],
        "X-Content-Type-Options": [
          "nosniff"
        ],
        "x-ms-ratelimit-remaining-subscription-reads": [
          "14989"
        ],
        "x-ms-correlation-request-id": [
          "c62a6018-57e6-4b18-b311-efdeb6bbff16"
        ],
        "x-ms-routing-request-id": [
          "AUSTRALIAEAST:20180607T133828Z:c62a6018-57e6-4b18-b311-efdeb6bbff16"
        ],
        "Strict-Transport-Security": [
          "max-age=31536000; includeSubDomains"
        ],
        "Cache-Control": [
          "no-cache"
        ],
        "Date": [
          "Thu, 07 Jun 2018 13:38:27 GMT"
        ],
        "Server": [
          "Microsoft-IIS/8.5"
        ],
        "X-AspNet-Version": [
          "4.0.30319"
        ],
        "X-Powered-By": [
          "ASP.NET"
        ]
      },
      "StatusCode": 200
    },
    {
      "RequestUri": "/subscriptions/04319d6d-4a66-4701-bb2f-e7dbbd9ae4db/resourceGroups/ps3053/providers/Microsoft.DataLakeAnalytics/accounts/ps7496?api-version=2016-11-01",
      "EncodedRequestUri": "L3N1YnNjcmlwdGlvbnMvMDQzMTlkNmQtNGE2Ni00NzAxLWJiMmYtZTdkYmJkOWFlNGRiL3Jlc291cmNlR3JvdXBzL3BzMzA1My9wcm92aWRlcnMvTWljcm9zb2Z0LkRhdGFMYWtlQW5hbHl0aWNzL2FjY291bnRzL3BzNzQ5Nj9hcGktdmVyc2lvbj0yMDE2LTExLTAx",
      "RequestMethod": "GET",
      "RequestBody": "",
      "RequestHeaders": {
        "x-ms-client-request-id": [
          "03c5aa03-0968-429d-bf59-3513868d25a1"
        ],
        "accept-language": [
          "en-US"
        ],
        "User-Agent": [
          "FxVersion/4.7.2650.0",
          "OSName/Windows10Enterprise",
          "OSVersion/6.3.16299",
          "Microsoft.Azure.Management.DataLake.Analytics.DataLakeAnalyticsAccountManagementClient/3.3.0.0"
        ]
      },
      "ResponseBody": "{\r\n  \"properties\": {\r\n    \"firewallState\": \"Disabled\",\r\n    \"firewallAllowAzureIps\": \"Disabled\",\r\n    \"firewallRules\": [],\r\n    \"virtualNetworkRules\": [],\r\n    \"debugDataAccessLevel\": \"All\",\r\n    \"defaultDataLakeStoreAccount\": \"ps465\",\r\n    \"dataLakeStoreAccounts\": [\r\n      {\r\n        \"properties\": {\r\n          \"suffix\": \"azuredatalakestore.net\"\r\n        },\r\n        \"name\": \"ps465\"\r\n      }\r\n    ],\r\n    \"publicDataLakeStoreAccounts\": [\r\n      {\r\n        \"properties\": {\r\n          \"suffix\": \"azuredatalakestore.net\"\r\n        },\r\n        \"name\": \"adltrainingsampledata\"\r\n      },\r\n      {\r\n        \"properties\": {\r\n          \"suffix\": \"azuredatalakestore.net\"\r\n        },\r\n        \"name\": \"ghinsights\"\r\n      }\r\n    ],\r\n    \"storageAccounts\": [],\r\n    \"maxDegreeOfParallelism\": 32,\r\n    \"maxJobCount\": 20,\r\n    \"systemMaxDegreeOfParallelism\": 100,\r\n    \"systemMaxJobCount\": 20,\r\n    \"maxDegreeOfParallelismPerJob\": 32,\r\n    \"minPriorityPerJob\": 1,\r\n    \"computePolicies\": [],\r\n    \"queryStoreRetention\": 30,\r\n    \"hiveMetastores\": [],\r\n    \"currentTier\": \"Consumption\",\r\n    \"newTier\": \"Consumption\",\r\n    \"provisioningState\": \"Succeeded\",\r\n    \"state\": \"Active\",\r\n    \"endpoint\": \"ps7496.azuredatalakeanalytics.net\",\r\n    \"accountId\": \"5f827586-5826-4caf-9d7b-08df6575ee6c\",\r\n    \"creationTime\": \"2018-06-07T13:37:54.8820267Z\",\r\n    \"lastModifiedTime\": \"2018-06-07T13:37:54.8820267Z\"\r\n  },\r\n  \"location\": \"eastus2\",\r\n  \"tags\": {},\r\n  \"id\": \"/subscriptions/04319d6d-4a66-4701-bb2f-e7dbbd9ae4db/resourceGroups/ps3053/providers/Microsoft.DataLakeAnalytics/accounts/ps7496\",\r\n  \"name\": \"ps7496\",\r\n  \"type\": \"Microsoft.DataLakeAnalytics/accounts\"\r\n}",
      "ResponseHeaders": {
        "Content-Length": [
          "1235"
        ],
        "Content-Type": [
          "application/json"
        ],
        "Expires": [
          "-1"
        ],
        "Pragma": [
          "no-cache"
        ],
        "x-ms-request-id": [
          "bdce7f4f-dbdd-4fcf-9524-fbd91ffaf59c"
        ],
        "X-Content-Type-Options": [
          "nosniff"
        ],
        "x-ms-ratelimit-remaining-subscription-reads": [
          "14988"
        ],
        "x-ms-correlation-request-id": [
          "baf30897-f236-400a-9cc8-a157a74c459e"
        ],
        "x-ms-routing-request-id": [
          "AUSTRALIAEAST:20180607T133829Z:baf30897-f236-400a-9cc8-a157a74c459e"
        ],
        "Strict-Transport-Security": [
          "max-age=31536000; includeSubDomains"
        ],
        "Cache-Control": [
          "no-cache"
        ],
        "Date": [
          "Thu, 07 Jun 2018 13:38:29 GMT"
        ],
        "Server": [
          "Microsoft-IIS/8.5"
        ],
        "X-AspNet-Version": [
          "4.0.30319"
        ],
        "X-Powered-By": [
          "ASP.NET"
        ]
      },
      "StatusCode": 200
    },
    {
      "RequestUri": "/subscriptions/04319d6d-4a66-4701-bb2f-e7dbbd9ae4db/resourceGroups/ps3053/providers/Microsoft.DataLakeAnalytics/accounts/ps7496?api-version=2016-11-01",
      "EncodedRequestUri": "L3N1YnNjcmlwdGlvbnMvMDQzMTlkNmQtNGE2Ni00NzAxLWJiMmYtZTdkYmJkOWFlNGRiL3Jlc291cmNlR3JvdXBzL3BzMzA1My9wcm92aWRlcnMvTWljcm9zb2Z0LkRhdGFMYWtlQW5hbHl0aWNzL2FjY291bnRzL3BzNzQ5Nj9hcGktdmVyc2lvbj0yMDE2LTExLTAx",
      "RequestMethod": "GET",
      "RequestBody": "",
      "RequestHeaders": {
        "x-ms-client-request-id": [
          "d8ea87de-281a-45a5-a5bd-4cd0c0586b5f"
        ],
        "accept-language": [
          "en-US"
        ],
        "User-Agent": [
          "FxVersion/4.7.2650.0",
          "OSName/Windows10Enterprise",
          "OSVersion/6.3.16299",
          "Microsoft.Azure.Management.DataLake.Analytics.DataLakeAnalyticsAccountManagementClient/3.3.0.0"
        ]
      },
      "ResponseBody": "{\r\n  \"properties\": {\r\n    \"firewallState\": \"Disabled\",\r\n    \"firewallAllowAzureIps\": \"Disabled\",\r\n    \"firewallRules\": [],\r\n    \"virtualNetworkRules\": [],\r\n    \"debugDataAccessLevel\": \"All\",\r\n    \"defaultDataLakeStoreAccount\": \"ps465\",\r\n    \"dataLakeStoreAccounts\": [\r\n      {\r\n        \"properties\": {\r\n          \"suffix\": \"azuredatalakestore.net\"\r\n        },\r\n        \"name\": \"ps465\"\r\n      }\r\n    ],\r\n    \"publicDataLakeStoreAccounts\": [\r\n      {\r\n        \"properties\": {\r\n          \"suffix\": \"azuredatalakestore.net\"\r\n        },\r\n        \"name\": \"adltrainingsampledata\"\r\n      },\r\n      {\r\n        \"properties\": {\r\n          \"suffix\": \"azuredatalakestore.net\"\r\n        },\r\n        \"name\": \"ghinsights\"\r\n      }\r\n    ],\r\n    \"storageAccounts\": [],\r\n    \"maxDegreeOfParallelism\": 32,\r\n    \"maxJobCount\": 20,\r\n    \"systemMaxDegreeOfParallelism\": 100,\r\n    \"systemMaxJobCount\": 20,\r\n    \"maxDegreeOfParallelismPerJob\": 32,\r\n    \"minPriorityPerJob\": 1,\r\n    \"computePolicies\": [],\r\n    \"queryStoreRetention\": 30,\r\n    \"hiveMetastores\": [],\r\n    \"currentTier\": \"Consumption\",\r\n    \"newTier\": \"Consumption\",\r\n    \"provisioningState\": \"Succeeded\",\r\n    \"state\": \"Active\",\r\n    \"endpoint\": \"ps7496.azuredatalakeanalytics.net\",\r\n    \"accountId\": \"5f827586-5826-4caf-9d7b-08df6575ee6c\",\r\n    \"creationTime\": \"2018-06-07T13:37:54.8820267Z\",\r\n    \"lastModifiedTime\": \"2018-06-07T13:37:54.8820267Z\"\r\n  },\r\n  \"location\": \"eastus2\",\r\n  \"tags\": {},\r\n  \"id\": \"/subscriptions/04319d6d-4a66-4701-bb2f-e7dbbd9ae4db/resourceGroups/ps3053/providers/Microsoft.DataLakeAnalytics/accounts/ps7496\",\r\n  \"name\": \"ps7496\",\r\n  \"type\": \"Microsoft.DataLakeAnalytics/accounts\"\r\n}",
      "ResponseHeaders": {
        "Content-Length": [
          "1235"
        ],
        "Content-Type": [
          "application/json"
        ],
        "Expires": [
          "-1"
        ],
        "Pragma": [
          "no-cache"
        ],
        "x-ms-request-id": [
          "24dde2d4-9465-4b57-82fc-00efdc00f0fc"
        ],
        "X-Content-Type-Options": [
          "nosniff"
        ],
        "x-ms-ratelimit-remaining-subscription-reads": [
          "14987"
        ],
        "x-ms-correlation-request-id": [
          "dbe50e86-0b05-4854-95cc-4ba79fad9139"
        ],
        "x-ms-routing-request-id": [
          "AUSTRALIAEAST:20180607T133831Z:dbe50e86-0b05-4854-95cc-4ba79fad9139"
        ],
        "Strict-Transport-Security": [
          "max-age=31536000; includeSubDomains"
        ],
        "Cache-Control": [
          "no-cache"
        ],
        "Date": [
          "Thu, 07 Jun 2018 13:38:30 GMT"
        ],
        "Server": [
          "Microsoft-IIS/8.5"
        ],
        "X-AspNet-Version": [
          "4.0.30319"
        ],
        "X-Powered-By": [
          "ASP.NET"
        ]
      },
      "StatusCode": 200
    },
    {
      "RequestUri": "/subscriptions/04319d6d-4a66-4701-bb2f-e7dbbd9ae4db/resourceGroups/ps3053/providers/Microsoft.DataLakeAnalytics/accounts/ps7496?api-version=2016-11-01",
      "EncodedRequestUri": "L3N1YnNjcmlwdGlvbnMvMDQzMTlkNmQtNGE2Ni00NzAxLWJiMmYtZTdkYmJkOWFlNGRiL3Jlc291cmNlR3JvdXBzL3BzMzA1My9wcm92aWRlcnMvTWljcm9zb2Z0LkRhdGFMYWtlQW5hbHl0aWNzL2FjY291bnRzL3BzNzQ5Nj9hcGktdmVyc2lvbj0yMDE2LTExLTAx",
      "RequestMethod": "GET",
      "RequestBody": "",
      "RequestHeaders": {
        "x-ms-client-request-id": [
          "07ad0cf7-fb29-494a-bd9c-9ed95125044c"
        ],
        "accept-language": [
          "en-US"
        ],
        "User-Agent": [
          "FxVersion/4.7.2650.0",
          "OSName/Windows10Enterprise",
          "OSVersion/6.3.16299",
          "Microsoft.Azure.Management.DataLake.Analytics.DataLakeAnalyticsAccountManagementClient/3.3.0.0"
        ]
      },
      "ResponseBody": "{\r\n  \"properties\": {\r\n    \"firewallState\": \"Disabled\",\r\n    \"firewallAllowAzureIps\": \"Disabled\",\r\n    \"firewallRules\": [],\r\n    \"virtualNetworkRules\": [],\r\n    \"debugDataAccessLevel\": \"All\",\r\n    \"defaultDataLakeStoreAccount\": \"ps465\",\r\n    \"dataLakeStoreAccounts\": [\r\n      {\r\n        \"properties\": {\r\n          \"suffix\": \"azuredatalakestore.net\"\r\n        },\r\n        \"name\": \"ps465\"\r\n      }\r\n    ],\r\n    \"publicDataLakeStoreAccounts\": [\r\n      {\r\n        \"properties\": {\r\n          \"suffix\": \"azuredatalakestore.net\"\r\n        },\r\n        \"name\": \"adltrainingsampledata\"\r\n      },\r\n      {\r\n        \"properties\": {\r\n          \"suffix\": \"azuredatalakestore.net\"\r\n        },\r\n        \"name\": \"ghinsights\"\r\n      }\r\n    ],\r\n    \"storageAccounts\": [],\r\n    \"maxDegreeOfParallelism\": 32,\r\n    \"maxJobCount\": 20,\r\n    \"systemMaxDegreeOfParallelism\": 100,\r\n    \"systemMaxJobCount\": 20,\r\n    \"maxDegreeOfParallelismPerJob\": 32,\r\n    \"minPriorityPerJob\": 1,\r\n    \"computePolicies\": [\r\n      {\r\n        \"properties\": {\r\n          \"objectId\": \"0583cfd7-60f5-43f0-9597-68b85591fc69\",\r\n          \"objectType\": \"Group\",\r\n          \"maxDegreeOfParallelismPerJob\": 2,\r\n          \"minPriorityPerJob\": 2\r\n        },\r\n        \"name\": \"ps2112\"\r\n      }\r\n    ],\r\n    \"queryStoreRetention\": 30,\r\n    \"hiveMetastores\": [],\r\n    \"currentTier\": \"Consumption\",\r\n    \"newTier\": \"Consumption\",\r\n    \"provisioningState\": \"Succeeded\",\r\n    \"state\": \"Active\",\r\n    \"endpoint\": \"ps7496.azuredatalakeanalytics.net\",\r\n    \"accountId\": \"5f827586-5826-4caf-9d7b-08df6575ee6c\",\r\n    \"creationTime\": \"2018-06-07T13:37:54.8820267Z\",\r\n    \"lastModifiedTime\": \"2018-06-07T13:37:54.8820267Z\"\r\n  },\r\n  \"location\": \"eastus2\",\r\n  \"tags\": {},\r\n  \"id\": \"/subscriptions/04319d6d-4a66-4701-bb2f-e7dbbd9ae4db/resourceGroups/ps3053/providers/Microsoft.DataLakeAnalytics/accounts/ps7496\",\r\n  \"name\": \"ps7496\",\r\n  \"type\": \"Microsoft.DataLakeAnalytics/accounts\"\r\n}",
      "ResponseHeaders": {
        "Content-Length": [
          "1393"
        ],
        "Content-Type": [
          "application/json"
        ],
        "Expires": [
          "-1"
        ],
        "Pragma": [
          "no-cache"
        ],
        "x-ms-request-id": [
          "0e2735b7-3bc6-4d83-868a-4b7c8a7dd290"
        ],
        "X-Content-Type-Options": [
          "nosniff"
        ],
        "x-ms-ratelimit-remaining-subscription-reads": [
          "14980"
        ],
        "x-ms-correlation-request-id": [
          "3b92c1a8-c70a-4599-ba09-6b52f2b2709f"
        ],
        "x-ms-routing-request-id": [
          "AUSTRALIAEAST:20180607T133854Z:3b92c1a8-c70a-4599-ba09-6b52f2b2709f"
        ],
        "Strict-Transport-Security": [
          "max-age=31536000; includeSubDomains"
        ],
        "Cache-Control": [
          "no-cache"
        ],
        "Date": [
          "Thu, 07 Jun 2018 13:38:53 GMT"
        ],
        "Server": [
          "Microsoft-IIS/8.5"
        ],
        "X-AspNet-Version": [
          "4.0.30319"
        ],
        "X-Powered-By": [
          "ASP.NET"
        ]
      },
      "StatusCode": 200
    },
    {
      "RequestUri": "/subscriptions/04319d6d-4a66-4701-bb2f-e7dbbd9ae4db/providers/Microsoft.DataLakeAnalytics/accounts?api-version=2016-11-01",
      "EncodedRequestUri": "L3N1YnNjcmlwdGlvbnMvMDQzMTlkNmQtNGE2Ni00NzAxLWJiMmYtZTdkYmJkOWFlNGRiL3Byb3ZpZGVycy9NaWNyb3NvZnQuRGF0YUxha2VBbmFseXRpY3MvYWNjb3VudHM/YXBpLXZlcnNpb249MjAxNi0xMS0wMQ==",
      "RequestMethod": "GET",
      "RequestBody": "",
      "RequestHeaders": {
        "x-ms-client-request-id": [
          "3bc2417a-4aec-41a5-8e5c-8c6b1e1aa824"
        ],
        "accept-language": [
          "en-US"
        ],
        "User-Agent": [
          "FxVersion/4.7.2650.0",
          "OSName/Windows10Enterprise",
          "OSVersion/6.3.16299",
          "Microsoft.Azure.Management.DataLake.Analytics.DataLakeAnalyticsAccountManagementClient/3.3.0.0"
        ]
      },
      "ResponseBody": "{\r\n  \"value\": []\r\n}",
      "ResponseHeaders": {
        "Content-Length": [
          "12"
        ],
        "Content-Type": [
          "application/json; charset=utf-8"
        ],
        "Expires": [
          "-1"
        ],
        "Pragma": [
          "no-cache"
        ],
        "x-ms-ratelimit-remaining-subscription-reads": [
          "14995"
        ],
        "x-ms-request-id": [
          "9e524d2b-d47c-4d0d-8642-981d845d8d8e"
        ],
        "x-ms-correlation-request-id": [
          "9e524d2b-d47c-4d0d-8642-981d845d8d8e"
        ],
        "x-ms-routing-request-id": [
          "AUSTRALIAEAST:20180607T133701Z:9e524d2b-d47c-4d0d-8642-981d845d8d8e"
        ],
        "Strict-Transport-Security": [
          "max-age=31536000; includeSubDomains"
        ],
        "X-Content-Type-Options": [
          "nosniff"
        ],
        "Cache-Control": [
          "no-cache"
        ],
        "Date": [
          "Thu, 07 Jun 2018 13:37:00 GMT"
        ]
      },
      "StatusCode": 200
    },
    {
      "RequestUri": "/subscriptions/04319d6d-4a66-4701-bb2f-e7dbbd9ae4db/providers/Microsoft.DataLakeAnalytics/accounts?api-version=2016-11-01",
      "EncodedRequestUri": "L3N1YnNjcmlwdGlvbnMvMDQzMTlkNmQtNGE2Ni00NzAxLWJiMmYtZTdkYmJkOWFlNGRiL3Byb3ZpZGVycy9NaWNyb3NvZnQuRGF0YUxha2VBbmFseXRpY3MvYWNjb3VudHM/YXBpLXZlcnNpb249MjAxNi0xMS0wMQ==",
      "RequestMethod": "GET",
      "RequestBody": "",
      "RequestHeaders": {
        "x-ms-client-request-id": [
          "735cab84-fcd5-4bd1-a72a-6fa7f3aed471"
        ],
        "accept-language": [
          "en-US"
        ],
        "User-Agent": [
          "FxVersion/4.7.2650.0",
          "OSName/Windows10Enterprise",
          "OSVersion/6.3.16299",
          "Microsoft.Azure.Management.DataLake.Analytics.DataLakeAnalyticsAccountManagementClient/3.3.0.0"
        ]
      },
      "ResponseBody": "{\r\n  \"value\": [\r\n    {\r\n      \"properties\": {\r\n        \"provisioningState\": \"Succeeded\",\r\n        \"state\": \"Active\",\r\n        \"endpoint\": \"ps7496.azuredatalakeanalytics.net\",\r\n        \"accountId\": \"5f827586-5826-4caf-9d7b-08df6575ee6c\",\r\n        \"creationTime\": \"2018-06-07T13:37:54.8820267Z\",\r\n        \"lastModifiedTime\": \"2018-06-07T13:37:54.8820267Z\"\r\n      },\r\n      \"location\": \"eastus2\",\r\n      \"tags\": {},\r\n      \"id\": \"/subscriptions/04319d6d-4a66-4701-bb2f-e7dbbd9ae4db/resourceGroups/ps3053/providers/Microsoft.DataLakeAnalytics/accounts/ps7496\",\r\n      \"name\": \"ps7496\",\r\n      \"type\": \"Microsoft.DataLakeAnalytics/accounts\"\r\n    }\r\n  ]\r\n}",
      "ResponseHeaders": {
        "Content-Length": [
          "499"
        ],
        "Content-Type": [
          "application/json"
        ],
        "Expires": [
          "-1"
        ],
        "Pragma": [
          "no-cache"
        ],
        "x-ms-request-id": [
          "d57d562d-8b31-4a12-acb1-71d6e6ed5b4b"
        ],
        "X-Content-Type-Options": [
          "nosniff"
        ],
        "x-ms-ratelimit-remaining-subscription-reads": [
          "14983"
        ],
        "x-ms-correlation-request-id": [
          "acf6620c-c944-48b5-a7d5-90ce719119f7"
        ],
        "x-ms-routing-request-id": [
          "AUSTRALIAEAST:20180607T133848Z:acf6620c-c944-48b5-a7d5-90ce719119f7"
        ],
        "Strict-Transport-Security": [
          "max-age=31536000; includeSubDomains"
        ],
        "Cache-Control": [
          "no-cache"
        ],
        "Date": [
          "Thu, 07 Jun 2018 13:38:48 GMT"
        ],
        "Server": [
          "Microsoft-IIS/8.5"
        ],
        "X-AspNet-Version": [
          "4.0.30319"
        ],
        "X-Powered-By": [
          "ASP.NET"
        ]
      },
      "StatusCode": 200
    },
    {
      "RequestUri": "/subscriptions/04319d6d-4a66-4701-bb2f-e7dbbd9ae4db/providers/Microsoft.DataLakeAnalytics/accounts?api-version=2016-11-01",
      "EncodedRequestUri": "L3N1YnNjcmlwdGlvbnMvMDQzMTlkNmQtNGE2Ni00NzAxLWJiMmYtZTdkYmJkOWFlNGRiL3Byb3ZpZGVycy9NaWNyb3NvZnQuRGF0YUxha2VBbmFseXRpY3MvYWNjb3VudHM/YXBpLXZlcnNpb249MjAxNi0xMS0wMQ==",
      "RequestMethod": "GET",
      "RequestBody": "",
      "RequestHeaders": {
        "x-ms-client-request-id": [
          "e6c15a68-7104-4132-a1d1-6472d5ccf289"
        ],
        "accept-language": [
          "en-US"
        ],
        "User-Agent": [
          "FxVersion/4.7.2650.0",
          "OSName/Windows10Enterprise",
          "OSVersion/6.3.16299",
          "Microsoft.Azure.Management.DataLake.Analytics.DataLakeAnalyticsAccountManagementClient/3.3.0.0"
        ]
      },
      "ResponseBody": "{\r\n  \"value\": [\r\n    {\r\n      \"properties\": {\r\n        \"provisioningState\": \"Succeeded\",\r\n        \"state\": \"Active\",\r\n        \"endpoint\": \"ps7496.azuredatalakeanalytics.net\",\r\n        \"accountId\": \"5f827586-5826-4caf-9d7b-08df6575ee6c\",\r\n        \"creationTime\": \"2018-06-07T13:37:54.8820267Z\",\r\n        \"lastModifiedTime\": \"2018-06-07T13:37:54.8820267Z\"\r\n      },\r\n      \"location\": \"eastus2\",\r\n      \"tags\": {},\r\n      \"id\": \"/subscriptions/04319d6d-4a66-4701-bb2f-e7dbbd9ae4db/resourceGroups/ps3053/providers/Microsoft.DataLakeAnalytics/accounts/ps7496\",\r\n      \"name\": \"ps7496\",\r\n      \"type\": \"Microsoft.DataLakeAnalytics/accounts\"\r\n    }\r\n  ]\r\n}",
      "ResponseHeaders": {
        "Content-Length": [
          "499"
        ],
        "Content-Type": [
          "application/json"
        ],
        "Expires": [
          "-1"
        ],
        "Pragma": [
          "no-cache"
        ],
        "x-ms-request-id": [
          "87b03f6b-12c1-4bfe-a70d-3ee48991942b"
        ],
        "X-Content-Type-Options": [
          "nosniff"
        ],
        "x-ms-ratelimit-remaining-subscription-reads": [
          "14982"
        ],
        "x-ms-correlation-request-id": [
          "c69e675d-c2bf-4676-940d-6b1a1edf3cd2"
        ],
        "x-ms-routing-request-id": [
          "AUSTRALIAEAST:20180607T133851Z:c69e675d-c2bf-4676-940d-6b1a1edf3cd2"
        ],
        "Strict-Transport-Security": [
          "max-age=31536000; includeSubDomains"
        ],
        "Cache-Control": [
          "no-cache"
        ],
        "Date": [
          "Thu, 07 Jun 2018 13:38:51 GMT"
        ],
        "Server": [
          "Microsoft-IIS/8.5"
        ],
        "X-AspNet-Version": [
          "4.0.30319"
        ],
        "X-Powered-By": [
          "ASP.NET"
        ]
      },
      "StatusCode": 200
    },
    {
      "RequestUri": "/subscriptions/04319d6d-4a66-4701-bb2f-e7dbbd9ae4db/resourceGroups/ps3053/providers/Microsoft.DataLakeStore/accounts/ps465?api-version=2016-11-01",
      "EncodedRequestUri": "L3N1YnNjcmlwdGlvbnMvMDQzMTlkNmQtNGE2Ni00NzAxLWJiMmYtZTdkYmJkOWFlNGRiL3Jlc291cmNlR3JvdXBzL3BzMzA1My9wcm92aWRlcnMvTWljcm9zb2Z0LkRhdGFMYWtlU3RvcmUvYWNjb3VudHMvcHM0NjU/YXBpLXZlcnNpb249MjAxNi0xMS0wMQ==",
      "RequestMethod": "GET",
      "RequestBody": "",
      "RequestHeaders": {
        "x-ms-client-request-id": [
          "34016674-8876-4dcf-8dc8-3a50bcf7560b"
        ],
        "accept-language": [
          "en-US"
        ],
        "User-Agent": [
          "FxVersion/4.7.2650.0",
          "OSName/Windows10Enterprise",
          "OSVersion/6.3.16299",
          "Microsoft.Azure.Management.DataLake.Store.DataLakeStoreAccountManagementClient/2.3.0.0"
        ]
      },
      "ResponseBody": "{\r\n  \"error\": {\r\n    \"code\": \"ResourceNotFound\",\r\n    \"message\": \"The Resource 'Microsoft.DataLakeStore/accounts/ps465' under resource group 'ps3053' was not found.\"\r\n  }\r\n}",
      "ResponseHeaders": {
        "Content-Length": [
          "148"
        ],
        "Content-Type": [
          "application/json; charset=utf-8"
        ],
        "Expires": [
          "-1"
        ],
        "Pragma": [
          "no-cache"
        ],
        "x-ms-failure-cause": [
          "gateway"
        ],
        "x-ms-request-id": [
          "1c3ecc30-7709-4b73-8c12-40783ff64fe0"
        ],
        "x-ms-correlation-request-id": [
          "1c3ecc30-7709-4b73-8c12-40783ff64fe0"
        ],
        "x-ms-routing-request-id": [
          "AUSTRALIAEAST:20180607T133702Z:1c3ecc30-7709-4b73-8c12-40783ff64fe0"
        ],
        "Strict-Transport-Security": [
          "max-age=31536000; includeSubDomains"
        ],
        "X-Content-Type-Options": [
          "nosniff"
        ],
        "Cache-Control": [
          "no-cache"
        ],
        "Date": [
          "Thu, 07 Jun 2018 13:37:01 GMT"
        ]
      },
      "StatusCode": 404
    },
    {
      "RequestUri": "/subscriptions/04319d6d-4a66-4701-bb2f-e7dbbd9ae4db/resourceGroups/ps3053/providers/Microsoft.DataLakeStore/accounts/ps465?api-version=2016-11-01",
      "EncodedRequestUri": "L3N1YnNjcmlwdGlvbnMvMDQzMTlkNmQtNGE2Ni00NzAxLWJiMmYtZTdkYmJkOWFlNGRiL3Jlc291cmNlR3JvdXBzL3BzMzA1My9wcm92aWRlcnMvTWljcm9zb2Z0LkRhdGFMYWtlU3RvcmUvYWNjb3VudHMvcHM0NjU/YXBpLXZlcnNpb249MjAxNi0xMS0wMQ==",
      "RequestMethod": "GET",
      "RequestBody": "",
      "RequestHeaders": {
        "User-Agent": [
          "FxVersion/4.7.2650.0",
          "OSName/Windows10Enterprise",
          "OSVersion/6.3.16299",
          "Microsoft.Azure.Management.DataLake.Store.DataLakeStoreAccountManagementClient/2.3.0.0"
        ]
      },
      "ResponseBody": "{\r\n  \"properties\": {\r\n    \"firewallState\": \"Disabled\",\r\n    \"firewallAllowAzureIps\": \"Disabled\",\r\n    \"firewallAllowDataLakeAnalytics\": \"Disabled\",\r\n    \"firewallRules\": [],\r\n    \"virtualNetworkRules\": [],\r\n    \"trustedIdProviderState\": \"Disabled\",\r\n    \"trustedIdProviders\": [],\r\n    \"encryptionState\": \"Enabled\",\r\n    \"encryptionConfig\": {\r\n      \"type\": \"ServiceManaged\"\r\n    },\r\n    \"currentTier\": \"Consumption\",\r\n    \"newTier\": \"Consumption\",\r\n    \"dataLakePerformanceTierState\": \"Disabled\",\r\n    \"provisioningState\": \"Succeeded\",\r\n    \"state\": \"Active\",\r\n    \"endpoint\": \"ps465.azuredatalakestore.net\",\r\n    \"accountId\": \"9d76dae5-2b7f-4491-ab25-fb40f5bf1e9d\",\r\n    \"creationTime\": \"2018-06-07T13:37:12.1676585Z\",\r\n    \"lastModifiedTime\": \"2018-06-07T13:37:12.1676585Z\"\r\n  },\r\n  \"location\": \"eastus2\",\r\n  \"tags\": {},\r\n  \"identity\": {\r\n    \"type\": \"SystemAssigned\",\r\n    \"principalId\": \"fced5707-6aed-4ee3-b942-12da907fdd55\",\r\n    \"tenantId\": \"72f988bf-86f1-41af-91ab-2d7cd011db47\"\r\n  },\r\n  \"id\": \"/subscriptions/04319d6d-4a66-4701-bb2f-e7dbbd9ae4db/resourceGroups/ps3053/providers/Microsoft.DataLakeStore/accounts/ps465\",\r\n  \"name\": \"ps465\",\r\n  \"type\": \"Microsoft.DataLakeStore/accounts\"\r\n}",
      "ResponseHeaders": {
        "Content-Length": [
          "989"
        ],
        "Content-Type": [
          "application/json"
        ],
        "Expires": [
          "-1"
        ],
        "Pragma": [
          "no-cache"
        ],
        "x-ms-request-id": [
          "45499444-bf0d-42da-a0f1-4522320da493"
        ],
        "X-Content-Type-Options": [
          "nosniff"
        ],
        "x-ms-ratelimit-remaining-subscription-reads": [
          "14980"
        ],
        "x-ms-correlation-request-id": [
          "edfa541e-02d1-44e5-8816-bbec3f07d268"
        ],
        "x-ms-routing-request-id": [
          "AUSTRALIAEAST:20180607T133746Z:edfa541e-02d1-44e5-8816-bbec3f07d268"
        ],
        "Strict-Transport-Security": [
          "max-age=31536000; includeSubDomains"
        ],
        "Cache-Control": [
          "no-cache"
        ],
        "Date": [
          "Thu, 07 Jun 2018 13:37:46 GMT"
        ],
        "Server": [
          "Microsoft-IIS/8.5"
        ],
        "X-AspNet-Version": [
          "4.0.30319"
        ],
        "X-Powered-By": [
          "ASP.NET"
        ]
      },
      "StatusCode": 200
    },
    {
      "RequestUri": "/subscriptions/04319d6d-4a66-4701-bb2f-e7dbbd9ae4db/resourceGroups/ps3053/providers/Microsoft.DataLakeStore/accounts/ps465?api-version=2016-11-01",
      "EncodedRequestUri": "L3N1YnNjcmlwdGlvbnMvMDQzMTlkNmQtNGE2Ni00NzAxLWJiMmYtZTdkYmJkOWFlNGRiL3Jlc291cmNlR3JvdXBzL3BzMzA1My9wcm92aWRlcnMvTWljcm9zb2Z0LkRhdGFMYWtlU3RvcmUvYWNjb3VudHMvcHM0NjU/YXBpLXZlcnNpb249MjAxNi0xMS0wMQ==",
      "RequestMethod": "GET",
      "RequestBody": "",
      "RequestHeaders": {
        "x-ms-client-request-id": [
          "3e46f646-a731-4866-829d-4e732487a893"
        ],
        "accept-language": [
          "en-US"
        ],
        "User-Agent": [
          "FxVersion/4.7.2650.0",
          "OSName/Windows10Enterprise",
          "OSVersion/6.3.16299",
          "Microsoft.Azure.Management.DataLake.Store.DataLakeStoreAccountManagementClient/2.3.0.0"
        ]
      },
      "ResponseBody": "{\r\n  \"properties\": {\r\n    \"firewallState\": \"Disabled\",\r\n    \"firewallAllowAzureIps\": \"Disabled\",\r\n    \"firewallAllowDataLakeAnalytics\": \"Disabled\",\r\n    \"firewallRules\": [],\r\n    \"virtualNetworkRules\": [],\r\n    \"trustedIdProviderState\": \"Disabled\",\r\n    \"trustedIdProviders\": [],\r\n    \"encryptionState\": \"Enabled\",\r\n    \"encryptionConfig\": {\r\n      \"type\": \"ServiceManaged\"\r\n    },\r\n    \"currentTier\": \"Consumption\",\r\n    \"newTier\": \"Consumption\",\r\n    \"dataLakePerformanceTierState\": \"Disabled\",\r\n    \"provisioningState\": \"Succeeded\",\r\n    \"state\": \"Active\",\r\n    \"endpoint\": \"ps465.azuredatalakestore.net\",\r\n    \"accountId\": \"9d76dae5-2b7f-4491-ab25-fb40f5bf1e9d\",\r\n    \"creationTime\": \"2018-06-07T13:37:12.1676585Z\",\r\n    \"lastModifiedTime\": \"2018-06-07T13:37:12.1676585Z\"\r\n  },\r\n  \"location\": \"eastus2\",\r\n  \"tags\": {},\r\n  \"identity\": {\r\n    \"type\": \"SystemAssigned\",\r\n    \"principalId\": \"fced5707-6aed-4ee3-b942-12da907fdd55\",\r\n    \"tenantId\": \"72f988bf-86f1-41af-91ab-2d7cd011db47\"\r\n  },\r\n  \"id\": \"/subscriptions/04319d6d-4a66-4701-bb2f-e7dbbd9ae4db/resourceGroups/ps3053/providers/Microsoft.DataLakeStore/accounts/ps465\",\r\n  \"name\": \"ps465\",\r\n  \"type\": \"Microsoft.DataLakeStore/accounts\"\r\n}",
      "ResponseHeaders": {
        "Content-Length": [
          "989"
        ],
        "Content-Type": [
          "application/json"
        ],
        "Expires": [
          "-1"
        ],
        "Pragma": [
          "no-cache"
        ],
        "x-ms-request-id": [
          "2bee8b73-1694-4798-bc41-ad3bd74855f9"
        ],
        "X-Content-Type-Options": [
          "nosniff"
        ],
        "x-ms-ratelimit-remaining-subscription-reads": [
          "14979"
        ],
        "x-ms-correlation-request-id": [
          "2689a397-03be-47ad-ae42-bb8fb6286ac5"
        ],
        "x-ms-routing-request-id": [
          "AUSTRALIAEAST:20180607T133901Z:2689a397-03be-47ad-ae42-bb8fb6286ac5"
        ],
        "Strict-Transport-Security": [
          "max-age=31536000; includeSubDomains"
        ],
        "Cache-Control": [
          "no-cache"
        ],
        "Date": [
          "Thu, 07 Jun 2018 13:39:00 GMT"
        ],
        "Server": [
          "Microsoft-IIS/8.5"
        ],
        "X-AspNet-Version": [
          "4.0.30319"
        ],
        "X-Powered-By": [
          "ASP.NET"
        ]
      },
      "StatusCode": 200
    },
    {
      "RequestUri": "/subscriptions/04319d6d-4a66-4701-bb2f-e7dbbd9ae4db/resourceGroups/ps3053/providers/Microsoft.DataLakeStore/accounts/ps465?api-version=2016-11-01",
      "EncodedRequestUri": "L3N1YnNjcmlwdGlvbnMvMDQzMTlkNmQtNGE2Ni00NzAxLWJiMmYtZTdkYmJkOWFlNGRiL3Jlc291cmNlR3JvdXBzL3BzMzA1My9wcm92aWRlcnMvTWljcm9zb2Z0LkRhdGFMYWtlU3RvcmUvYWNjb3VudHMvcHM0NjU/YXBpLXZlcnNpb249MjAxNi0xMS0wMQ==",
      "RequestMethod": "PUT",
      "RequestBody": "{\r\n  \"identity\": {\r\n    \"type\": \"SystemAssigned\"\r\n  },\r\n  \"properties\": {\r\n    \"encryptionState\": \"Enabled\",\r\n    \"encryptionConfig\": {\r\n      \"type\": \"ServiceManaged\"\r\n    }\r\n  },\r\n  \"location\": \"eastus2\",\r\n  \"tags\": {}\r\n}",
      "RequestHeaders": {
        "Content-Type": [
          "application/json; charset=utf-8"
        ],
        "Content-Length": [
          "223"
        ],
        "x-ms-client-request-id": [
          "88aa18b9-361c-4351-928c-1b3afbd3666f"
        ],
        "accept-language": [
          "en-US"
        ],
        "User-Agent": [
          "FxVersion/4.7.2650.0",
          "OSName/Windows10Enterprise",
          "OSVersion/6.3.16299",
          "Microsoft.Azure.Management.DataLake.Store.DataLakeStoreAccountManagementClient/2.3.0.0"
        ]
      },
      "ResponseBody": "{\r\n  \"properties\": {\r\n    \"encryptionState\": \"Enabled\",\r\n    \"encryptionConfig\": {\r\n      \"type\": \"ServiceManaged\"\r\n    },\r\n    \"provisioningState\": \"Creating\",\r\n    \"state\": null,\r\n    \"endpoint\": null,\r\n    \"accountId\": \"9d76dae5-2b7f-4491-ab25-fb40f5bf1e9d\"\r\n  },\r\n  \"location\": \"eastus2\",\r\n  \"tags\": {},\r\n  \"identity\": {\r\n    \"type\": \"SystemAssigned\",\r\n    \"principalId\": \"00000000-0000-0000-0000-000000000000\",\r\n    \"tenantId\": \"00000000-0000-0000-0000-000000000000\"\r\n  },\r\n  \"id\": \"/subscriptions/04319d6d-4a66-4701-bb2f-e7dbbd9ae4db/resourceGroups/ps3053/providers/Microsoft.DataLakeStore/accounts/ps465\",\r\n  \"name\": \"ps465\",\r\n  \"type\": \"Microsoft.DataLakeStore/accounts\"\r\n}",
      "ResponseHeaders": {
        "Content-Length": [
          "558"
        ],
        "Content-Type": [
          "application/json"
        ],
        "Expires": [
          "-1"
        ],
        "Pragma": [
          "no-cache"
        ],
        "Retry-After": [
          "10"
        ],
        "Azure-AsyncOperation": [
          "https://management.azure.com/subscriptions/04319d6d-4a66-4701-bb2f-e7dbbd9ae4db/providers/Microsoft.DataLakeStore/locations/eastus2/operationResults/9d76dae5-2b7f-4491-ab25-fb40f5bf1e9d0?api-version=2016-11-01&expanded=true"
        ],
        "x-ms-request-id": [
          "c2d90080-bbf9-4292-8480-476573f3c1ba"
        ],
        "X-Content-Type-Options": [
          "nosniff"
        ],
        "x-ms-ratelimit-remaining-subscription-writes": [
          "1196"
        ],
        "x-ms-correlation-request-id": [
          "3a8c5d39-e8a5-45ec-8127-9e594c70db09"
        ],
        "x-ms-routing-request-id": [
          "AUSTRALIAEAST:20180607T133710Z:3a8c5d39-e8a5-45ec-8127-9e594c70db09"
        ],
        "Strict-Transport-Security": [
          "max-age=31536000; includeSubDomains"
        ],
        "Cache-Control": [
          "no-cache"
        ],
        "Date": [
          "Thu, 07 Jun 2018 13:37:09 GMT"
        ],
        "Location": [
          "https://management.azure.com/subscriptions/04319d6d-4a66-4701-bb2f-e7dbbd9ae4db/resourcegroups/ps3053/providers/Microsoft.DataLakeStore/accounts/ps465/operationresults/0?api-version=2016-11-01"
        ],
        "Server": [
          "Microsoft-IIS/8.5"
        ],
        "X-AspNet-Version": [
          "4.0.30319"
        ],
        "X-Powered-By": [
          "ASP.NET"
        ]
      },
      "StatusCode": 201
    },
    {
      "RequestUri": "/subscriptions/04319d6d-4a66-4701-bb2f-e7dbbd9ae4db/providers/Microsoft.DataLakeStore/locations/eastus2/operationResults/9d76dae5-2b7f-4491-ab25-fb40f5bf1e9d0?api-version=2016-11-01&expanded=true",
      "EncodedRequestUri": "L3N1YnNjcmlwdGlvbnMvMDQzMTlkNmQtNGE2Ni00NzAxLWJiMmYtZTdkYmJkOWFlNGRiL3Byb3ZpZGVycy9NaWNyb3NvZnQuRGF0YUxha2VTdG9yZS9sb2NhdGlvbnMvZWFzdHVzMi9vcGVyYXRpb25SZXN1bHRzLzlkNzZkYWU1LTJiN2YtNDQ5MS1hYjI1LWZiNDBmNWJmMWU5ZDA/YXBpLXZlcnNpb249MjAxNi0xMS0wMSZleHBhbmRlZD10cnVl",
      "RequestMethod": "GET",
      "RequestBody": "",
      "RequestHeaders": {
        "User-Agent": [
          "FxVersion/4.7.2650.0",
          "OSName/Windows10Enterprise",
          "OSVersion/6.3.16299",
          "Microsoft.Azure.Management.DataLake.Store.DataLakeStoreAccountManagementClient/2.3.0.0"
        ]
      },
      "ResponseBody": "{\r\n  \"status\": \"InProgress\"\r\n}",
      "ResponseHeaders": {
        "Content-Length": [
          "23"
        ],
        "Content-Type": [
          "application/json"
        ],
        "Expires": [
          "-1"
        ],
        "Pragma": [
          "no-cache"
        ],
        "x-ms-request-id": [
          "24d7207a-97de-499b-a549-a3278b9d2ff8"
        ],
        "X-Content-Type-Options": [
          "nosniff"
        ],
        "x-ms-ratelimit-remaining-subscription-reads": [
          "14983"
        ],
        "x-ms-correlation-request-id": [
          "ca191af6-b70d-435d-be6a-391b3dcfad26"
        ],
        "x-ms-routing-request-id": [
          "AUSTRALIAEAST:20180607T133721Z:ca191af6-b70d-435d-be6a-391b3dcfad26"
        ],
        "Strict-Transport-Security": [
          "max-age=31536000; includeSubDomains"
        ],
        "Cache-Control": [
          "no-cache"
        ],
        "Date": [
          "Thu, 07 Jun 2018 13:37:21 GMT"
        ],
        "Server": [
          "Microsoft-IIS/8.5"
        ],
        "X-AspNet-Version": [
          "4.0.30319"
        ],
        "X-Powered-By": [
          "ASP.NET"
        ]
      },
      "StatusCode": 200
    },
    {
      "RequestUri": "/subscriptions/04319d6d-4a66-4701-bb2f-e7dbbd9ae4db/providers/Microsoft.DataLakeStore/locations/eastus2/operationResults/9d76dae5-2b7f-4491-ab25-fb40f5bf1e9d0?api-version=2016-11-01&expanded=true",
      "EncodedRequestUri": "L3N1YnNjcmlwdGlvbnMvMDQzMTlkNmQtNGE2Ni00NzAxLWJiMmYtZTdkYmJkOWFlNGRiL3Byb3ZpZGVycy9NaWNyb3NvZnQuRGF0YUxha2VTdG9yZS9sb2NhdGlvbnMvZWFzdHVzMi9vcGVyYXRpb25SZXN1bHRzLzlkNzZkYWU1LTJiN2YtNDQ5MS1hYjI1LWZiNDBmNWJmMWU5ZDA/YXBpLXZlcnNpb249MjAxNi0xMS0wMSZleHBhbmRlZD10cnVl",
      "RequestMethod": "GET",
      "RequestBody": "",
      "RequestHeaders": {
        "User-Agent": [
          "FxVersion/4.7.2650.0",
          "OSName/Windows10Enterprise",
          "OSVersion/6.3.16299",
          "Microsoft.Azure.Management.DataLake.Store.DataLakeStoreAccountManagementClient/2.3.0.0"
        ]
      },
      "ResponseBody": "{\r\n  \"status\": \"InProgress\"\r\n}",
      "ResponseHeaders": {
        "Content-Length": [
          "23"
        ],
        "Content-Type": [
          "application/json"
        ],
        "Expires": [
          "-1"
        ],
        "Pragma": [
          "no-cache"
        ],
        "x-ms-request-id": [
          "d276186e-b547-4716-b6b2-6e5d21e4100a"
        ],
        "X-Content-Type-Options": [
          "nosniff"
        ],
        "x-ms-ratelimit-remaining-subscription-reads": [
          "14982"
        ],
        "x-ms-correlation-request-id": [
          "01e71aca-7cf2-43c8-ad1a-cd3ec96fcd67"
        ],
        "x-ms-routing-request-id": [
          "AUSTRALIAEAST:20180607T133733Z:01e71aca-7cf2-43c8-ad1a-cd3ec96fcd67"
        ],
        "Strict-Transport-Security": [
          "max-age=31536000; includeSubDomains"
        ],
        "Cache-Control": [
          "no-cache"
        ],
        "Date": [
          "Thu, 07 Jun 2018 13:37:33 GMT"
        ],
        "Server": [
          "Microsoft-IIS/8.5"
        ],
        "X-AspNet-Version": [
          "4.0.30319"
        ],
        "X-Powered-By": [
          "ASP.NET"
        ]
      },
      "StatusCode": 200
    },
    {
      "RequestUri": "/subscriptions/04319d6d-4a66-4701-bb2f-e7dbbd9ae4db/providers/Microsoft.DataLakeStore/locations/eastus2/operationResults/9d76dae5-2b7f-4491-ab25-fb40f5bf1e9d0?api-version=2016-11-01&expanded=true",
      "EncodedRequestUri": "L3N1YnNjcmlwdGlvbnMvMDQzMTlkNmQtNGE2Ni00NzAxLWJiMmYtZTdkYmJkOWFlNGRiL3Byb3ZpZGVycy9NaWNyb3NvZnQuRGF0YUxha2VTdG9yZS9sb2NhdGlvbnMvZWFzdHVzMi9vcGVyYXRpb25SZXN1bHRzLzlkNzZkYWU1LTJiN2YtNDQ5MS1hYjI1LWZiNDBmNWJmMWU5ZDA/YXBpLXZlcnNpb249MjAxNi0xMS0wMSZleHBhbmRlZD10cnVl",
      "RequestMethod": "GET",
      "RequestBody": "",
      "RequestHeaders": {
        "User-Agent": [
          "FxVersion/4.7.2650.0",
          "OSName/Windows10Enterprise",
          "OSVersion/6.3.16299",
          "Microsoft.Azure.Management.DataLake.Store.DataLakeStoreAccountManagementClient/2.3.0.0"
        ]
      },
      "ResponseBody": "{\r\n  \"status\": \"Succeeded\"\r\n}",
      "ResponseHeaders": {
        "Content-Length": [
          "22"
        ],
        "Content-Type": [
          "application/json"
        ],
        "Expires": [
          "-1"
        ],
        "Pragma": [
          "no-cache"
        ],
        "x-ms-request-id": [
          "972f1d44-f645-49a6-8858-9723dcc270c6"
        ],
        "X-Content-Type-Options": [
          "nosniff"
        ],
        "x-ms-ratelimit-remaining-subscription-reads": [
          "14981"
        ],
        "x-ms-correlation-request-id": [
          "39bcc528-ba44-4ccb-b2cf-47e81879f0b8"
        ],
        "x-ms-routing-request-id": [
          "AUSTRALIAEAST:20180607T133744Z:39bcc528-ba44-4ccb-b2cf-47e81879f0b8"
        ],
        "Strict-Transport-Security": [
          "max-age=31536000; includeSubDomains"
        ],
        "Cache-Control": [
          "no-cache"
        ],
        "Date": [
          "Thu, 07 Jun 2018 13:37:44 GMT"
        ],
        "Server": [
          "Microsoft-IIS/8.5"
        ],
        "X-AspNet-Version": [
          "4.0.30319"
        ],
        "X-Powered-By": [
          "ASP.NET"
        ]
      },
      "StatusCode": 200
    },
    {
      "RequestUri": "/subscriptions/04319d6d-4a66-4701-bb2f-e7dbbd9ae4db/resourceGroups/ps3053/providers/Microsoft.DataLakeAnalytics/accounts/ps7496?api-version=2016-11-01",
      "EncodedRequestUri": "L3N1YnNjcmlwdGlvbnMvMDQzMTlkNmQtNGE2Ni00NzAxLWJiMmYtZTdkYmJkOWFlNGRiL3Jlc291cmNlR3JvdXBzL3BzMzA1My9wcm92aWRlcnMvTWljcm9zb2Z0LkRhdGFMYWtlQW5hbHl0aWNzL2FjY291bnRzL3BzNzQ5Nj9hcGktdmVyc2lvbj0yMDE2LTExLTAx",
      "RequestMethod": "PUT",
      "RequestBody": "{\r\n  \"location\": \"eastus2\",\r\n  \"tags\": {},\r\n  \"properties\": {\r\n    \"defaultDataLakeStoreAccount\": \"ps465\",\r\n    \"dataLakeStoreAccounts\": [\r\n      {\r\n        \"name\": \"ps465\"\r\n      }\r\n    ]\r\n  }\r\n}",
      "RequestHeaders": {
        "Content-Type": [
          "application/json; charset=utf-8"
        ],
        "Content-Length": [
          "196"
        ],
        "x-ms-client-request-id": [
          "c53039e5-9667-4987-8378-81f27dcc950e"
        ],
        "accept-language": [
          "en-US"
        ],
        "User-Agent": [
          "FxVersion/4.7.2650.0",
          "OSName/Windows10Enterprise",
          "OSVersion/6.3.16299",
          "Microsoft.Azure.Management.DataLake.Analytics.DataLakeAnalyticsAccountManagementClient/3.3.0.0"
        ]
      },
      "ResponseBody": "{\r\n  \"properties\": {\r\n    \"defaultDataLakeStoreAccount\": \"ps465\",\r\n    \"dataLakeStoreAccounts\": [\r\n      {\r\n        \"properties\": {\r\n          \"suffix\": \"azuredatalakestore.net\"\r\n        },\r\n        \"name\": \"ps465\"\r\n      }\r\n    ],\r\n    \"provisioningState\": \"Creating\",\r\n    \"state\": null,\r\n    \"endpoint\": null,\r\n    \"accountId\": \"5f827586-5826-4caf-9d7b-08df6575ee6c\"\r\n  },\r\n  \"location\": \"eastus2\",\r\n  \"tags\": {},\r\n  \"id\": \"/subscriptions/04319d6d-4a66-4701-bb2f-e7dbbd9ae4db/resourceGroups/ps3053/providers/Microsoft.DataLakeAnalytics/accounts/ps7496\",\r\n  \"name\": \"ps7496\",\r\n  \"type\": \"Microsoft.DataLakeAnalytics/accounts\"\r\n}",
      "ResponseHeaders": {
        "Content-Length": [
          "485"
        ],
        "Content-Type": [
          "application/json"
        ],
        "Expires": [
          "-1"
        ],
        "Pragma": [
          "no-cache"
        ],
        "Retry-After": [
          "10"
        ],
        "Azure-AsyncOperation": [
          "https://management.azure.com/subscriptions/04319d6d-4a66-4701-bb2f-e7dbbd9ae4db/providers/Microsoft.DataLakeAnalytics/locations/eastus2/operationResults/5f827586-5826-4caf-9d7b-08df6575ee6c0?api-version=2016-11-01&expanded=true"
        ],
        "x-ms-request-id": [
          "8ef78427-2e21-4535-949a-01214c565b1c"
        ],
        "X-Content-Type-Options": [
          "nosniff"
        ],
        "x-ms-ratelimit-remaining-subscription-writes": [
          "1197"
        ],
        "x-ms-correlation-request-id": [
          "f914b42e-e8dc-4706-bc03-e0970f740f6f"
        ],
        "x-ms-routing-request-id": [
          "AUSTRALIAEAST:20180607T133752Z:f914b42e-e8dc-4706-bc03-e0970f740f6f"
        ],
        "Strict-Transport-Security": [
          "max-age=31536000; includeSubDomains"
        ],
        "Cache-Control": [
          "no-cache"
        ],
        "Date": [
          "Thu, 07 Jun 2018 13:37:51 GMT"
        ],
        "Location": [
          "https://management.azure.com/subscriptions/04319d6d-4a66-4701-bb2f-e7dbbd9ae4db/resourcegroups/ps3053/providers/Microsoft.DataLakeAnalytics/accounts/ps7496/operationresults/0?api-version=2016-11-01"
        ],
        "Server": [
          "Microsoft-IIS/8.5"
        ],
        "X-AspNet-Version": [
          "4.0.30319"
        ],
        "X-Powered-By": [
          "ASP.NET"
        ]
      },
      "StatusCode": 201
    },
    {
      "RequestUri": "/subscriptions/04319d6d-4a66-4701-bb2f-e7dbbd9ae4db/providers/Microsoft.DataLakeAnalytics/locations/eastus2/operationResults/5f827586-5826-4caf-9d7b-08df6575ee6c0?api-version=2016-11-01&expanded=true",
      "EncodedRequestUri": "L3N1YnNjcmlwdGlvbnMvMDQzMTlkNmQtNGE2Ni00NzAxLWJiMmYtZTdkYmJkOWFlNGRiL3Byb3ZpZGVycy9NaWNyb3NvZnQuRGF0YUxha2VBbmFseXRpY3MvbG9jYXRpb25zL2Vhc3R1czIvb3BlcmF0aW9uUmVzdWx0cy81ZjgyNzU4Ni01ODI2LTRjYWYtOWQ3Yi0wOGRmNjU3NWVlNmMwP2FwaS12ZXJzaW9uPTIwMTYtMTEtMDEmZXhwYW5kZWQ9dHJ1ZQ==",
      "RequestMethod": "GET",
      "RequestBody": "",
      "RequestHeaders": {
        "User-Agent": [
          "FxVersion/4.7.2650.0",
          "OSName/Windows10Enterprise",
          "OSVersion/6.3.16299",
          "Microsoft.Azure.Management.DataLake.Analytics.DataLakeAnalyticsAccountManagementClient/3.3.0.0"
        ]
      },
      "ResponseBody": "{\r\n  \"status\": \"InProgress\"\r\n}",
      "ResponseHeaders": {
        "Content-Length": [
          "23"
        ],
        "Content-Type": [
          "application/json"
        ],
        "Expires": [
          "-1"
        ],
        "Pragma": [
          "no-cache"
        ],
        "x-ms-request-id": [
          "ff36a3db-8123-45c3-90c0-58bbf6685991"
        ],
        "X-Content-Type-Options": [
          "nosniff"
        ],
        "x-ms-ratelimit-remaining-subscription-reads": [
          "14992"
        ],
        "x-ms-correlation-request-id": [
          "19d7a487-0336-4601-8567-8b140e591094"
        ],
        "x-ms-routing-request-id": [
          "AUSTRALIAEAST:20180607T133804Z:19d7a487-0336-4601-8567-8b140e591094"
        ],
        "Strict-Transport-Security": [
          "max-age=31536000; includeSubDomains"
        ],
        "Cache-Control": [
          "no-cache"
        ],
        "Date": [
          "Thu, 07 Jun 2018 13:38:03 GMT"
        ],
        "Server": [
          "Microsoft-IIS/8.5"
        ],
        "X-AspNet-Version": [
          "4.0.30319"
        ],
        "X-Powered-By": [
          "ASP.NET"
        ]
      },
      "StatusCode": 200
    },
    {
      "RequestUri": "/subscriptions/04319d6d-4a66-4701-bb2f-e7dbbd9ae4db/providers/Microsoft.DataLakeAnalytics/locations/eastus2/operationResults/5f827586-5826-4caf-9d7b-08df6575ee6c0?api-version=2016-11-01&expanded=true",
      "EncodedRequestUri": "L3N1YnNjcmlwdGlvbnMvMDQzMTlkNmQtNGE2Ni00NzAxLWJiMmYtZTdkYmJkOWFlNGRiL3Byb3ZpZGVycy9NaWNyb3NvZnQuRGF0YUxha2VBbmFseXRpY3MvbG9jYXRpb25zL2Vhc3R1czIvb3BlcmF0aW9uUmVzdWx0cy81ZjgyNzU4Ni01ODI2LTRjYWYtOWQ3Yi0wOGRmNjU3NWVlNmMwP2FwaS12ZXJzaW9uPTIwMTYtMTEtMDEmZXhwYW5kZWQ9dHJ1ZQ==",
      "RequestMethod": "GET",
      "RequestBody": "",
      "RequestHeaders": {
        "User-Agent": [
          "FxVersion/4.7.2650.0",
          "OSName/Windows10Enterprise",
          "OSVersion/6.3.16299",
          "Microsoft.Azure.Management.DataLake.Analytics.DataLakeAnalyticsAccountManagementClient/3.3.0.0"
        ]
      },
      "ResponseBody": "{\r\n  \"status\": \"InProgress\"\r\n}",
      "ResponseHeaders": {
        "Content-Length": [
          "23"
        ],
        "Content-Type": [
          "application/json"
        ],
        "Expires": [
          "-1"
        ],
        "Pragma": [
          "no-cache"
        ],
        "x-ms-request-id": [
          "e89c3bd0-e670-451f-a9af-12303c05a249"
        ],
        "X-Content-Type-Options": [
          "nosniff"
        ],
        "x-ms-ratelimit-remaining-subscription-reads": [
          "14991"
        ],
        "x-ms-correlation-request-id": [
          "c2183e88-abcd-48c2-aa91-3d89658fe483"
        ],
        "x-ms-routing-request-id": [
          "AUSTRALIAEAST:20180607T133815Z:c2183e88-abcd-48c2-aa91-3d89658fe483"
        ],
        "Strict-Transport-Security": [
          "max-age=31536000; includeSubDomains"
        ],
        "Cache-Control": [
          "no-cache"
        ],
        "Date": [
          "Thu, 07 Jun 2018 13:38:14 GMT"
        ],
        "Server": [
          "Microsoft-IIS/8.5"
        ],
        "X-AspNet-Version": [
          "4.0.30319"
        ],
        "X-Powered-By": [
          "ASP.NET"
        ]
      },
      "StatusCode": 200
    },
    {
      "RequestUri": "/subscriptions/04319d6d-4a66-4701-bb2f-e7dbbd9ae4db/providers/Microsoft.DataLakeAnalytics/locations/eastus2/operationResults/5f827586-5826-4caf-9d7b-08df6575ee6c0?api-version=2016-11-01&expanded=true",
      "EncodedRequestUri": "L3N1YnNjcmlwdGlvbnMvMDQzMTlkNmQtNGE2Ni00NzAxLWJiMmYtZTdkYmJkOWFlNGRiL3Byb3ZpZGVycy9NaWNyb3NvZnQuRGF0YUxha2VBbmFseXRpY3MvbG9jYXRpb25zL2Vhc3R1czIvb3BlcmF0aW9uUmVzdWx0cy81ZjgyNzU4Ni01ODI2LTRjYWYtOWQ3Yi0wOGRmNjU3NWVlNmMwP2FwaS12ZXJzaW9uPTIwMTYtMTEtMDEmZXhwYW5kZWQ9dHJ1ZQ==",
      "RequestMethod": "GET",
      "RequestBody": "",
      "RequestHeaders": {
        "User-Agent": [
          "FxVersion/4.7.2650.0",
          "OSName/Windows10Enterprise",
          "OSVersion/6.3.16299",
          "Microsoft.Azure.Management.DataLake.Analytics.DataLakeAnalyticsAccountManagementClient/3.3.0.0"
        ]
      },
      "ResponseBody": "{\r\n  \"status\": \"Succeeded\"\r\n}",
      "ResponseHeaders": {
        "Content-Length": [
          "22"
        ],
        "Content-Type": [
          "application/json"
        ],
        "Expires": [
          "-1"
        ],
        "Pragma": [
          "no-cache"
        ],
        "x-ms-request-id": [
          "717a0871-5585-48f4-8c15-491c28f928e1"
        ],
        "X-Content-Type-Options": [
          "nosniff"
        ],
        "x-ms-ratelimit-remaining-subscription-reads": [
          "14990"
        ],
        "x-ms-correlation-request-id": [
          "16e39732-0f9e-4f72-881c-746d6391c610"
        ],
        "x-ms-routing-request-id": [
          "AUSTRALIAEAST:20180607T133826Z:16e39732-0f9e-4f72-881c-746d6391c610"
        ],
        "Strict-Transport-Security": [
          "max-age=31536000; includeSubDomains"
        ],
        "Cache-Control": [
          "no-cache"
        ],
        "Date": [
          "Thu, 07 Jun 2018 13:38:26 GMT"
        ],
        "Server": [
          "Microsoft-IIS/8.5"
        ],
        "X-AspNet-Version": [
          "4.0.30319"
        ],
        "X-Powered-By": [
          "ASP.NET"
        ]
      },
      "StatusCode": 200
    },
    {
      "RequestUri": "/subscriptions/04319d6d-4a66-4701-bb2f-e7dbbd9ae4db/resourceGroups/ps3053/providers/Microsoft.DataLakeAnalytics/accounts/ps7496/computePolicies/ps7808?api-version=2016-11-01",
      "EncodedRequestUri": "L3N1YnNjcmlwdGlvbnMvMDQzMTlkNmQtNGE2Ni00NzAxLWJiMmYtZTdkYmJkOWFlNGRiL3Jlc291cmNlR3JvdXBzL3BzMzA1My9wcm92aWRlcnMvTWljcm9zb2Z0LkRhdGFMYWtlQW5hbHl0aWNzL2FjY291bnRzL3BzNzQ5Ni9jb21wdXRlUG9saWNpZXMvcHM3ODA4P2FwaS12ZXJzaW9uPTIwMTYtMTEtMDE=",
      "RequestMethod": "PUT",
      "RequestBody": "{\r\n  \"properties\": {\r\n    \"objectId\": \"8ce05900-7a9e-4895-b3f0-0fbcee507803\",\r\n    \"objectType\": \"User\",\r\n    \"maxDegreeOfParallelismPerJob\": 2\r\n  }\r\n}",
      "RequestHeaders": {
        "Content-Type": [
          "application/json; charset=utf-8"
        ],
        "Content-Length": [
          "151"
        ],
        "x-ms-client-request-id": [
          "e6cc590b-cd41-4366-9640-f680faf10aa1"
        ],
        "accept-language": [
          "en-US"
        ],
        "User-Agent": [
          "FxVersion/4.7.2650.0",
          "OSName/Windows10Enterprise",
          "OSVersion/6.3.16299",
          "Microsoft.Azure.Management.DataLake.Analytics.DataLakeAnalyticsAccountManagementClient/3.3.0.0"
        ]
      },
      "ResponseBody": "{\r\n  \"properties\": {\r\n    \"objectId\": \"8ce05900-7a9e-4895-b3f0-0fbcee507803\",\r\n    \"objectType\": \"User\",\r\n    \"maxDegreeOfParallelismPerJob\": 2\r\n  },\r\n  \"id\": \"/subscriptions/04319d6d-4a66-4701-bb2f-e7dbbd9ae4db/resourceGroups/ps3053/providers/Microsoft.DataLakeAnalytics/accounts/ps7496/computePolicies/ps7808\",\r\n  \"name\": \"ps7808\",\r\n  \"type\": \"Microsoft.DataLakeAnalytics/accounts/computePolicies\"\r\n}",
      "ResponseHeaders": {
        "Content-Length": [
          "355"
        ],
        "Content-Type": [
          "application/json"
        ],
        "Expires": [
          "-1"
        ],
        "Pragma": [
          "no-cache"
        ],
        "x-ms-request-id": [
          "7026b779-b553-4f15-acd2-45578b10a69b"
        ],
        "X-Content-Type-Options": [
          "nosniff"
        ],
        "x-ms-ratelimit-remaining-subscription-writes": [
          "1196"
        ],
        "x-ms-correlation-request-id": [
          "2d30dce5-dda9-4808-b892-41cd596a0449"
        ],
        "x-ms-routing-request-id": [
          "AUSTRALIAEAST:20180607T133835Z:2d30dce5-dda9-4808-b892-41cd596a0449"
        ],
        "Strict-Transport-Security": [
          "max-age=31536000; includeSubDomains"
        ],
        "Cache-Control": [
          "no-cache"
        ],
        "Date": [
          "Thu, 07 Jun 2018 13:38:34 GMT"
        ],
        "Server": [
          "Microsoft-IIS/8.5"
        ],
        "X-AspNet-Version": [
          "4.0.30319"
        ],
        "X-Powered-By": [
          "ASP.NET"
        ]
      },
      "StatusCode": 200
    },
    {
      "RequestUri": "/subscriptions/04319d6d-4a66-4701-bb2f-e7dbbd9ae4db/resourceGroups/ps3053/providers/Microsoft.DataLakeAnalytics/accounts/ps7496/computePolicies/ps2112?api-version=2016-11-01",
      "EncodedRequestUri": "L3N1YnNjcmlwdGlvbnMvMDQzMTlkNmQtNGE2Ni00NzAxLWJiMmYtZTdkYmJkOWFlNGRiL3Jlc291cmNlR3JvdXBzL3BzMzA1My9wcm92aWRlcnMvTWljcm9zb2Z0LkRhdGFMYWtlQW5hbHl0aWNzL2FjY291bnRzL3BzNzQ5Ni9jb21wdXRlUG9saWNpZXMvcHMyMTEyP2FwaS12ZXJzaW9uPTIwMTYtMTEtMDE=",
      "RequestMethod": "PUT",
      "RequestBody": "{\r\n  \"properties\": {\r\n    \"objectId\": \"0583cfd7-60f5-43f0-9597-68b85591fc69\",\r\n    \"objectType\": \"Group\",\r\n    \"maxDegreeOfParallelismPerJob\": 2,\r\n    \"minPriorityPerJob\": 2\r\n  }\r\n}",
      "RequestHeaders": {
        "Content-Type": [
          "application/json; charset=utf-8"
        ],
        "Content-Length": [
          "181"
        ],
        "x-ms-client-request-id": [
          "af1a91bb-901d-4271-89af-03bb21831ab3"
        ],
        "accept-language": [
          "en-US"
        ],
        "User-Agent": [
          "FxVersion/4.7.2650.0",
          "OSName/Windows10Enterprise",
          "OSVersion/6.3.16299",
          "Microsoft.Azure.Management.DataLake.Analytics.DataLakeAnalyticsAccountManagementClient/3.3.0.0"
        ]
      },
      "ResponseBody": "{\r\n  \"properties\": {\r\n    \"objectId\": \"0583cfd7-60f5-43f0-9597-68b85591fc69\",\r\n    \"objectType\": \"Group\",\r\n    \"maxDegreeOfParallelismPerJob\": 2,\r\n    \"minPriorityPerJob\": 2\r\n  },\r\n  \"id\": \"/subscriptions/04319d6d-4a66-4701-bb2f-e7dbbd9ae4db/resourceGroups/ps3053/providers/Microsoft.DataLakeAnalytics/accounts/ps7496/computePolicies/ps2112\",\r\n  \"name\": \"ps2112\",\r\n  \"type\": \"Microsoft.DataLakeAnalytics/accounts/computePolicies\"\r\n}",
      "ResponseHeaders": {
        "Content-Length": [
          "378"
        ],
        "Content-Type": [
          "application/json"
        ],
        "Expires": [
          "-1"
        ],
        "Pragma": [
          "no-cache"
        ],
        "x-ms-request-id": [
          "b1dc2570-bc50-4908-bbf2-b9f737dcb34b"
        ],
        "X-Content-Type-Options": [
          "nosniff"
        ],
        "x-ms-ratelimit-remaining-subscription-writes": [
          "1195"
        ],
        "x-ms-correlation-request-id": [
          "fc294d1f-50db-4a0e-b734-3a9810d09af8"
        ],
        "x-ms-routing-request-id": [
          "AUSTRALIAEAST:20180607T133840Z:fc294d1f-50db-4a0e-b734-3a9810d09af8"
        ],
        "Strict-Transport-Security": [
          "max-age=31536000; includeSubDomains"
        ],
        "Cache-Control": [
          "no-cache"
        ],
        "Date": [
          "Thu, 07 Jun 2018 13:38:40 GMT"
        ],
        "Server": [
          "Microsoft-IIS/8.5"
        ],
        "X-AspNet-Version": [
          "4.0.30319"
        ],
        "X-Powered-By": [
          "ASP.NET"
        ]
      },
      "StatusCode": 200
    },
    {
      "RequestUri": "/subscriptions/04319d6d-4a66-4701-bb2f-e7dbbd9ae4db/resourceGroups/ps3053/providers/Microsoft.DataLakeAnalytics/accounts/ps7496/computePolicies?api-version=2016-11-01",
      "EncodedRequestUri": "L3N1YnNjcmlwdGlvbnMvMDQzMTlkNmQtNGE2Ni00NzAxLWJiMmYtZTdkYmJkOWFlNGRiL3Jlc291cmNlR3JvdXBzL3BzMzA1My9wcm92aWRlcnMvTWljcm9zb2Z0LkRhdGFMYWtlQW5hbHl0aWNzL2FjY291bnRzL3BzNzQ5Ni9jb21wdXRlUG9saWNpZXM/YXBpLXZlcnNpb249MjAxNi0xMS0wMQ==",
      "RequestMethod": "GET",
      "RequestBody": "",
      "RequestHeaders": {
        "x-ms-client-request-id": [
          "04df8d6a-d746-4952-8e28-1ce6ebb2848a"
        ],
        "accept-language": [
          "en-US"
        ],
        "User-Agent": [
          "FxVersion/4.7.2650.0",
          "OSName/Windows10Enterprise",
          "OSVersion/6.3.16299",
          "Microsoft.Azure.Management.DataLake.Analytics.DataLakeAnalyticsAccountManagementClient/3.3.0.0"
        ]
      },
      "ResponseBody": "{\r\n  \"value\": [\r\n    {\r\n      \"properties\": {\r\n        \"objectId\": \"0583cfd7-60f5-43f0-9597-68b85591fc69\",\r\n        \"objectType\": \"Group\",\r\n        \"maxDegreeOfParallelismPerJob\": 2,\r\n        \"minPriorityPerJob\": 2\r\n      },\r\n      \"id\": \"/subscriptions/04319d6d-4a66-4701-bb2f-e7dbbd9ae4db/resourceGroups/ps3053/providers/Microsoft.DataLakeAnalytics/accounts/ps7496/computePolicies/ps2112\",\r\n      \"name\": \"ps2112\",\r\n      \"type\": \"Microsoft.DataLakeAnalytics/accounts/computePolicies\"\r\n    },\r\n    {\r\n      \"properties\": {\r\n        \"objectId\": \"8ce05900-7a9e-4895-b3f0-0fbcee507803\",\r\n        \"objectType\": \"User\",\r\n        \"maxDegreeOfParallelismPerJob\": 2\r\n      },\r\n      \"id\": \"/subscriptions/04319d6d-4a66-4701-bb2f-e7dbbd9ae4db/resourceGroups/ps3053/providers/Microsoft.DataLakeAnalytics/accounts/ps7496/computePolicies/ps7808\",\r\n      \"name\": \"ps7808\",\r\n      \"type\": \"Microsoft.DataLakeAnalytics/accounts/computePolicies\"\r\n    }\r\n  ]\r\n}",
      "ResponseHeaders": {
        "Content-Length": [
          "746"
        ],
        "Content-Type": [
          "application/json"
        ],
        "Expires": [
          "-1"
        ],
        "Pragma": [
          "no-cache"
        ],
        "x-ms-request-id": [
          "c74e237b-9fd9-4ac9-a6bd-ffab26078e68"
        ],
        "X-Content-Type-Options": [
          "nosniff"
        ],
        "x-ms-ratelimit-remaining-subscription-reads": [
          "14986"
        ],
        "x-ms-correlation-request-id": [
          "33be53c0-b3eb-4987-8009-8af59bcdfc0d"
        ],
        "x-ms-routing-request-id": [
          "AUSTRALIAEAST:20180607T133842Z:33be53c0-b3eb-4987-8009-8af59bcdfc0d"
        ],
        "Strict-Transport-Security": [
          "max-age=31536000; includeSubDomains"
        ],
        "Cache-Control": [
          "no-cache"
        ],
        "Date": [
          "Thu, 07 Jun 2018 13:38:41 GMT"
        ],
        "Server": [
          "Microsoft-IIS/8.5"
        ],
        "X-AspNet-Version": [
          "4.0.30319"
        ],
        "X-Powered-By": [
          "ASP.NET"
        ]
      },
      "StatusCode": 200
    },
    {
      "RequestUri": "/subscriptions/04319d6d-4a66-4701-bb2f-e7dbbd9ae4db/resourceGroups/ps3053/providers/Microsoft.DataLakeAnalytics/accounts/ps7496/computePolicies/ps7808?api-version=2016-11-01",
      "EncodedRequestUri": "L3N1YnNjcmlwdGlvbnMvMDQzMTlkNmQtNGE2Ni00NzAxLWJiMmYtZTdkYmJkOWFlNGRiL3Jlc291cmNlR3JvdXBzL3BzMzA1My9wcm92aWRlcnMvTWljcm9zb2Z0LkRhdGFMYWtlQW5hbHl0aWNzL2FjY291bnRzL3BzNzQ5Ni9jb21wdXRlUG9saWNpZXMvcHM3ODA4P2FwaS12ZXJzaW9uPTIwMTYtMTEtMDE=",
      "RequestMethod": "GET",
      "RequestBody": "",
      "RequestHeaders": {
        "x-ms-client-request-id": [
          "f24fac51-e9f0-43b5-9217-0eb4a9de96b9"
        ],
        "accept-language": [
          "en-US"
        ],
        "User-Agent": [
          "FxVersion/4.7.2650.0",
          "OSName/Windows10Enterprise",
          "OSVersion/6.3.16299",
          "Microsoft.Azure.Management.DataLake.Analytics.DataLakeAnalyticsAccountManagementClient/3.3.0.0"
        ]
      },
      "ResponseBody": "{\r\n  \"properties\": {\r\n    \"objectId\": \"8ce05900-7a9e-4895-b3f0-0fbcee507803\",\r\n    \"objectType\": \"User\",\r\n    \"maxDegreeOfParallelismPerJob\": 2\r\n  },\r\n  \"id\": \"/subscriptions/04319d6d-4a66-4701-bb2f-e7dbbd9ae4db/resourceGroups/ps3053/providers/Microsoft.DataLakeAnalytics/accounts/ps7496/computePolicies/ps7808\",\r\n  \"name\": \"ps7808\",\r\n  \"type\": \"Microsoft.DataLakeAnalytics/accounts/computePolicies\"\r\n}",
      "ResponseHeaders": {
        "Content-Length": [
          "355"
        ],
        "Content-Type": [
          "application/json"
        ],
        "Expires": [
          "-1"
        ],
        "Pragma": [
          "no-cache"
        ],
        "x-ms-request-id": [
          "752caf41-ae2c-468c-a822-f4fa28813933"
        ],
        "X-Content-Type-Options": [
          "nosniff"
        ],
        "x-ms-ratelimit-remaining-subscription-reads": [
          "14985"
        ],
        "x-ms-correlation-request-id": [
          "1ba741f7-a4ab-4856-8639-d60f06a26b5d"
        ],
        "x-ms-routing-request-id": [
          "AUSTRALIAEAST:20180607T133843Z:1ba741f7-a4ab-4856-8639-d60f06a26b5d"
        ],
        "Strict-Transport-Security": [
          "max-age=31536000; includeSubDomains"
        ],
        "Cache-Control": [
          "no-cache"
        ],
        "Date": [
          "Thu, 07 Jun 2018 13:38:43 GMT"
        ],
        "Server": [
          "Microsoft-IIS/8.5"
        ],
        "X-AspNet-Version": [
          "4.0.30319"
        ],
        "X-Powered-By": [
          "ASP.NET"
        ]
      },
      "StatusCode": 200
    },
    {
      "RequestUri": "/subscriptions/04319d6d-4a66-4701-bb2f-e7dbbd9ae4db/resourceGroups/ps3053/providers/Microsoft.DataLakeAnalytics/accounts/ps7496/computePolicies/ps7808?api-version=2016-11-01",
      "EncodedRequestUri": "L3N1YnNjcmlwdGlvbnMvMDQzMTlkNmQtNGE2Ni00NzAxLWJiMmYtZTdkYmJkOWFlNGRiL3Jlc291cmNlR3JvdXBzL3BzMzA1My9wcm92aWRlcnMvTWljcm9zb2Z0LkRhdGFMYWtlQW5hbHl0aWNzL2FjY291bnRzL3BzNzQ5Ni9jb21wdXRlUG9saWNpZXMvcHM3ODA4P2FwaS12ZXJzaW9uPTIwMTYtMTEtMDE=",
      "RequestMethod": "GET",
      "RequestBody": "",
      "RequestHeaders": {
        "x-ms-client-request-id": [
          "8a05e135-caf6-436d-ae2b-386b64091909"
        ],
        "accept-language": [
          "en-US"
        ],
        "User-Agent": [
          "FxVersion/4.7.2650.0",
          "OSName/Windows10Enterprise",
          "OSVersion/6.3.16299",
          "Microsoft.Azure.Management.DataLake.Analytics.DataLakeAnalyticsAccountManagementClient/3.3.0.0"
        ]
      },
      "ResponseBody": "{\r\n  \"properties\": {\r\n    \"objectId\": \"8ce05900-7a9e-4895-b3f0-0fbcee507803\",\r\n    \"objectType\": \"User\",\r\n    \"maxDegreeOfParallelismPerJob\": 2,\r\n    \"minPriorityPerJob\": 2\r\n  },\r\n  \"id\": \"/subscriptions/04319d6d-4a66-4701-bb2f-e7dbbd9ae4db/resourceGroups/ps3053/providers/Microsoft.DataLakeAnalytics/accounts/ps7496/computePolicies/ps7808\",\r\n  \"name\": \"ps7808\",\r\n  \"type\": \"Microsoft.DataLakeAnalytics/accounts/computePolicies\"\r\n}",
      "ResponseHeaders": {
        "Content-Length": [
          "377"
        ],
        "Content-Type": [
          "application/json"
        ],
        "Expires": [
          "-1"
        ],
        "Pragma": [
          "no-cache"
        ],
        "x-ms-request-id": [
          "9fb39ed9-10ef-4ef3-b215-1cdaefd3e61c"
        ],
        "X-Content-Type-Options": [
          "nosniff"
        ],
        "x-ms-ratelimit-remaining-subscription-reads": [
          "14984"
        ],
        "x-ms-correlation-request-id": [
          "6c6a5f58-a4bc-4b76-b45e-f99353c7c5ad"
        ],
        "x-ms-routing-request-id": [
          "AUSTRALIAEAST:20180607T133847Z:6c6a5f58-a4bc-4b76-b45e-f99353c7c5ad"
        ],
        "Strict-Transport-Security": [
          "max-age=31536000; includeSubDomains"
        ],
        "Cache-Control": [
          "no-cache"
        ],
        "Date": [
          "Thu, 07 Jun 2018 13:38:47 GMT"
        ],
        "Server": [
          "Microsoft-IIS/8.5"
        ],
        "X-AspNet-Version": [
          "4.0.30319"
        ],
        "X-Powered-By": [
          "ASP.NET"
        ]
      },
      "StatusCode": 200
    },
    {
      "RequestUri": "/subscriptions/04319d6d-4a66-4701-bb2f-e7dbbd9ae4db/resourceGroups/ps3053/providers/Microsoft.DataLakeAnalytics/accounts/ps7496/computePolicies/ps7808?api-version=2016-11-01",
      "EncodedRequestUri": "L3N1YnNjcmlwdGlvbnMvMDQzMTlkNmQtNGE2Ni00NzAxLWJiMmYtZTdkYmJkOWFlNGRiL3Jlc291cmNlR3JvdXBzL3BzMzA1My9wcm92aWRlcnMvTWljcm9zb2Z0LkRhdGFMYWtlQW5hbHl0aWNzL2FjY291bnRzL3BzNzQ5Ni9jb21wdXRlUG9saWNpZXMvcHM3ODA4P2FwaS12ZXJzaW9uPTIwMTYtMTEtMDE=",
      "RequestMethod": "GET",
      "RequestBody": "",
      "RequestHeaders": {
        "x-ms-client-request-id": [
          "bd86222d-21bf-4e62-8f4d-33af0c0074ec"
        ],
        "accept-language": [
          "en-US"
        ],
        "User-Agent": [
          "FxVersion/4.7.2650.0",
          "OSName/Windows10Enterprise",
          "OSVersion/6.3.16299",
          "Microsoft.Azure.Management.DataLake.Analytics.DataLakeAnalyticsAccountManagementClient/3.3.0.0"
        ]
      },
      "ResponseBody": "{\r\n  \"error\": {\r\n    \"code\": \"NestedResourceNotFound\",\r\n    \"message\": \"Nested resource does not exist.\"\r\n  }\r\n}",
      "ResponseHeaders": {
        "Content-Length": [
          "87"
        ],
        "Content-Type": [
          "application/json"
        ],
        "Expires": [
          "-1"
        ],
        "Pragma": [
          "no-cache"
        ],
        "x-ms-request-id": [
          "d496eb66-fd65-431c-ab8f-0dd01a9b20c6"
        ],
        "X-Content-Type-Options": [
          "nosniff"
        ],
        "x-ms-ratelimit-remaining-subscription-reads": [
          "14981"
        ],
        "x-ms-correlation-request-id": [
          "14b96f9e-eaa6-4100-9d25-2186578093a9"
        ],
        "x-ms-routing-request-id": [
          "AUSTRALIAEAST:20180607T133853Z:14b96f9e-eaa6-4100-9d25-2186578093a9"
        ],
        "Strict-Transport-Security": [
          "max-age=31536000; includeSubDomains"
        ],
        "Cache-Control": [
          "no-cache"
        ],
        "Date": [
          "Thu, 07 Jun 2018 13:38:52 GMT"
        ],
        "Server": [
          "Microsoft-IIS/8.5"
        ],
        "X-AspNet-Version": [
          "4.0.30319"
        ],
        "X-Powered-By": [
          "ASP.NET"
        ]
      },
      "StatusCode": 404
    },
    {
      "RequestUri": "/subscriptions/04319d6d-4a66-4701-bb2f-e7dbbd9ae4db/resourceGroups/ps3053/providers/Microsoft.DataLakeAnalytics/accounts/ps7496/computePolicies/ps7808?api-version=2016-11-01",
      "EncodedRequestUri": "L3N1YnNjcmlwdGlvbnMvMDQzMTlkNmQtNGE2Ni00NzAxLWJiMmYtZTdkYmJkOWFlNGRiL3Jlc291cmNlR3JvdXBzL3BzMzA1My9wcm92aWRlcnMvTWljcm9zb2Z0LkRhdGFMYWtlQW5hbHl0aWNzL2FjY291bnRzL3BzNzQ5Ni9jb21wdXRlUG9saWNpZXMvcHM3ODA4P2FwaS12ZXJzaW9uPTIwMTYtMTEtMDE=",
      "RequestMethod": "PATCH",
      "RequestBody": "{\r\n  \"properties\": {\r\n    \"minPriorityPerJob\": 2\r\n  }\r\n}",
      "RequestHeaders": {
        "Content-Type": [
          "application/json; charset=utf-8"
        ],
        "Content-Length": [
          "56"
        ],
        "x-ms-client-request-id": [
          "41079143-eaf4-4934-a65a-611996236efa"
        ],
        "accept-language": [
          "en-US"
        ],
        "User-Agent": [
          "FxVersion/4.7.2650.0",
          "OSName/Windows10Enterprise",
          "OSVersion/6.3.16299",
          "Microsoft.Azure.Management.DataLake.Analytics.DataLakeAnalyticsAccountManagementClient/3.3.0.0"
        ]
      },
      "ResponseBody": "{\r\n  \"properties\": {\r\n    \"objectId\": \"8ce05900-7a9e-4895-b3f0-0fbcee507803\",\r\n    \"objectType\": \"User\",\r\n    \"maxDegreeOfParallelismPerJob\": 2,\r\n    \"minPriorityPerJob\": 2\r\n  },\r\n  \"id\": \"/subscriptions/04319d6d-4a66-4701-bb2f-e7dbbd9ae4db/resourceGroups/ps3053/providers/Microsoft.DataLakeAnalytics/accounts/ps7496/computePolicies/ps7808\",\r\n  \"name\": \"ps7808\",\r\n  \"type\": \"Microsoft.DataLakeAnalytics/accounts/computePolicies\"\r\n}",
      "ResponseHeaders": {
        "Content-Length": [
          "377"
        ],
        "Content-Type": [
          "application/json"
        ],
        "Expires": [
          "-1"
        ],
        "Pragma": [
          "no-cache"
        ],
        "x-ms-request-id": [
          "409e2736-9f1c-4424-94cb-b90331e84783"
        ],
        "X-Content-Type-Options": [
          "nosniff"
        ],
        "x-ms-ratelimit-remaining-subscription-writes": [
          "1194"
        ],
        "x-ms-correlation-request-id": [
          "2ab4642b-5139-4cfb-9721-e56f2cc54bc4"
        ],
        "x-ms-routing-request-id": [
          "AUSTRALIAEAST:20180607T133845Z:2ab4642b-5139-4cfb-9721-e56f2cc54bc4"
        ],
        "Strict-Transport-Security": [
          "max-age=31536000; includeSubDomains"
        ],
        "Cache-Control": [
          "no-cache"
        ],
        "Date": [
          "Thu, 07 Jun 2018 13:38:45 GMT"
        ],
        "Server": [
          "Microsoft-IIS/8.5"
        ],
        "X-AspNet-Version": [
          "4.0.30319"
        ],
        "X-Powered-By": [
          "ASP.NET"
        ]
      },
      "StatusCode": 200
    },
    {
      "RequestUri": "/subscriptions/04319d6d-4a66-4701-bb2f-e7dbbd9ae4db/resourceGroups/ps3053/providers/Microsoft.DataLakeAnalytics/accounts/ps7496/computePolicies/ps7808?api-version=2016-11-01",
      "EncodedRequestUri": "L3N1YnNjcmlwdGlvbnMvMDQzMTlkNmQtNGE2Ni00NzAxLWJiMmYtZTdkYmJkOWFlNGRiL3Jlc291cmNlR3JvdXBzL3BzMzA1My9wcm92aWRlcnMvTWljcm9zb2Z0LkRhdGFMYWtlQW5hbHl0aWNzL2FjY291bnRzL3BzNzQ5Ni9jb21wdXRlUG9saWNpZXMvcHM3ODA4P2FwaS12ZXJzaW9uPTIwMTYtMTEtMDE=",
      "RequestMethod": "DELETE",
      "RequestBody": "",
      "RequestHeaders": {
        "x-ms-client-request-id": [
          "99afe23d-d966-4012-ac01-054c44e362f5"
        ],
        "accept-language": [
          "en-US"
        ],
        "User-Agent": [
          "FxVersion/4.7.2650.0",
          "OSName/Windows10Enterprise",
          "OSVersion/6.3.16299",
          "Microsoft.Azure.Management.DataLake.Analytics.DataLakeAnalyticsAccountManagementClient/3.3.0.0"
        ]
      },
      "ResponseBody": "",
      "ResponseHeaders": {
        "Content-Length": [
          "0"
        ],
        "Expires": [
          "-1"
        ],
        "Pragma": [
          "no-cache"
        ],
        "x-ms-request-id": [
          "86c2cc3b-4ec7-4833-a728-2c6a19a02e0b"
        ],
        "x-ms-ratelimit-remaining-subscription-deletes": [
          "14998"
        ],
        "x-ms-correlation-request-id": [
          "8d17a3ed-f798-453a-896f-94b1b0c8fa5b"
        ],
        "x-ms-routing-request-id": [
          "AUSTRALIAEAST:20180607T133850Z:8d17a3ed-f798-453a-896f-94b1b0c8fa5b"
        ],
        "Strict-Transport-Security": [
          "max-age=31536000; includeSubDomains"
        ],
        "X-Content-Type-Options": [
          "nosniff"
        ],
        "Cache-Control": [
          "no-cache"
        ],
        "Date": [
          "Thu, 07 Jun 2018 13:38:49 GMT"
        ],
        "Server": [
          "Microsoft-IIS/8.5"
        ],
        "X-AspNet-Version": [
          "4.0.30319"
        ],
        "X-Powered-By": [
          "ASP.NET"
        ]
      },
      "StatusCode": 200
    },
    {
      "RequestUri": "/subscriptions/04319d6d-4a66-4701-bb2f-e7dbbd9ae4db/resourceGroups/ps3053/providers/Microsoft.DataLakeAnalytics/accounts/ps7496?api-version=2016-11-01",
      "EncodedRequestUri": "L3N1YnNjcmlwdGlvbnMvMDQzMTlkNmQtNGE2Ni00NzAxLWJiMmYtZTdkYmJkOWFlNGRiL3Jlc291cmNlR3JvdXBzL3BzMzA1My9wcm92aWRlcnMvTWljcm9zb2Z0LkRhdGFMYWtlQW5hbHl0aWNzL2FjY291bnRzL3BzNzQ5Nj9hcGktdmVyc2lvbj0yMDE2LTExLTAx",
      "RequestMethod": "DELETE",
      "RequestBody": "",
      "RequestHeaders": {
        "x-ms-client-request-id": [
          "283884e5-1858-42c6-9ce4-8d936e9e7ca1"
        ],
        "accept-language": [
          "en-US"
        ],
        "User-Agent": [
          "FxVersion/4.7.2650.0",
          "OSName/Windows10Enterprise",
          "OSVersion/6.3.16299",
          "Microsoft.Azure.Management.DataLake.Analytics.DataLakeAnalyticsAccountManagementClient/3.3.0.0"
        ]
      },
      "ResponseBody": "",
      "ResponseHeaders": {
        "Content-Length": [
          "0"
        ],
        "Expires": [
          "-1"
        ],
        "Pragma": [
          "no-cache"
        ],
        "x-ms-request-id": [
          "370aec4f-26e8-4e7c-96ef-f7142c4a4f65"
        ],
        "x-ms-ratelimit-remaining-subscription-deletes": [
          "14997"
        ],
        "x-ms-correlation-request-id": [
          "efa4c7af-6ba4-4077-b975-63e17a7b27ee"
        ],
        "x-ms-routing-request-id": [
          "AUSTRALIAEAST:20180607T133900Z:efa4c7af-6ba4-4077-b975-63e17a7b27ee"
        ],
        "Strict-Transport-Security": [
          "max-age=31536000; includeSubDomains"
        ],
        "X-Content-Type-Options": [
          "nosniff"
        ],
        "Cache-Control": [
          "no-cache"
        ],
        "Date": [
          "Thu, 07 Jun 2018 13:39:00 GMT"
        ],
        "Server": [
          "Microsoft-IIS/8.5"
        ],
        "X-AspNet-Version": [
          "4.0.30319"
        ],
        "X-Powered-By": [
          "ASP.NET"
        ]
      },
      "StatusCode": 200
    },
    {
      "RequestUri": "/subscriptions/04319d6d-4a66-4701-bb2f-e7dbbd9ae4db/resourceGroups/ps3053/providers/Microsoft.DataLakeStore/accounts/ps465?api-version=2016-11-01",
      "EncodedRequestUri": "L3N1YnNjcmlwdGlvbnMvMDQzMTlkNmQtNGE2Ni00NzAxLWJiMmYtZTdkYmJkOWFlNGRiL3Jlc291cmNlR3JvdXBzL3BzMzA1My9wcm92aWRlcnMvTWljcm9zb2Z0LkRhdGFMYWtlU3RvcmUvYWNjb3VudHMvcHM0NjU/YXBpLXZlcnNpb249MjAxNi0xMS0wMQ==",
      "RequestMethod": "DELETE",
      "RequestBody": "",
      "RequestHeaders": {
        "x-ms-client-request-id": [
          "b4171b23-5f1f-4fbe-a401-dc0fb2dda7ab"
        ],
        "accept-language": [
          "en-US"
        ],
        "User-Agent": [
          "FxVersion/4.7.2650.0",
          "OSName/Windows10Enterprise",
          "OSVersion/6.3.16299",
          "Microsoft.Azure.Management.DataLake.Store.DataLakeStoreAccountManagementClient/2.3.0.0"
        ]
      },
      "ResponseBody": "",
      "ResponseHeaders": {
        "Content-Length": [
          "0"
        ],
        "Expires": [
          "-1"
        ],
        "Pragma": [
          "no-cache"
        ],
        "Retry-After": [
          "10"
        ],
        "Azure-AsyncOperation": [
          "https://management.azure.com/subscriptions/04319d6d-4a66-4701-bb2f-e7dbbd9ae4db/providers/Microsoft.DataLakeStore/locations/eastus2/operationResults/9d76dae5-2b7f-4491-ab25-fb40f5bf1e9d1?api-version=2016-11-01&expanded=true"
        ],
        "x-ms-request-id": [
          "375d7680-936f-4dd4-908f-f85e305fff93"
        ],
        "x-ms-ratelimit-remaining-subscription-deletes": [
          "14995"
        ],
        "x-ms-correlation-request-id": [
          "a40ebe98-a664-424a-b939-e5fee4a0855c"
        ],
        "x-ms-routing-request-id": [
          "AUSTRALIAEAST:20180607T133905Z:a40ebe98-a664-424a-b939-e5fee4a0855c"
        ],
        "Strict-Transport-Security": [
          "max-age=31536000; includeSubDomains"
        ],
        "X-Content-Type-Options": [
          "nosniff"
        ],
        "Cache-Control": [
          "no-cache"
        ],
        "Date": [
          "Thu, 07 Jun 2018 13:39:05 GMT"
        ],
        "Location": [
          "https://management.azure.com/subscriptions/04319d6d-4a66-4701-bb2f-e7dbbd9ae4db/resourcegroups/ps3053/providers/Microsoft.DataLakeStore/accounts/ps465/operationresults/1?api-version=2016-11-01"
        ],
        "Server": [
          "Microsoft-IIS/8.5"
        ],
        "X-AspNet-Version": [
          "4.0.30319"
        ],
        "X-Powered-By": [
          "ASP.NET"
        ]
      },
      "StatusCode": 202
    },
    {
      "RequestUri": "/subscriptions/04319d6d-4a66-4701-bb2f-e7dbbd9ae4db/providers/Microsoft.DataLakeStore/locations/eastus2/operationResults/9d76dae5-2b7f-4491-ab25-fb40f5bf1e9d1?api-version=2016-11-01&expanded=true",
      "EncodedRequestUri": "L3N1YnNjcmlwdGlvbnMvMDQzMTlkNmQtNGE2Ni00NzAxLWJiMmYtZTdkYmJkOWFlNGRiL3Byb3ZpZGVycy9NaWNyb3NvZnQuRGF0YUxha2VTdG9yZS9sb2NhdGlvbnMvZWFzdHVzMi9vcGVyYXRpb25SZXN1bHRzLzlkNzZkYWU1LTJiN2YtNDQ5MS1hYjI1LWZiNDBmNWJmMWU5ZDE/YXBpLXZlcnNpb249MjAxNi0xMS0wMSZleHBhbmRlZD10cnVl",
      "RequestMethod": "GET",
      "RequestBody": "",
      "RequestHeaders": {
        "User-Agent": [
          "FxVersion/4.7.2650.0",
          "OSName/Windows10Enterprise",
          "OSVersion/6.3.16299",
          "Microsoft.Azure.Management.DataLake.Store.DataLakeStoreAccountManagementClient/2.3.0.0"
        ]
      },
      "ResponseBody": "{\r\n  \"status\": \"Succeeded\"\r\n}",
      "ResponseHeaders": {
        "Content-Length": [
          "22"
        ],
        "Content-Type": [
          "application/json"
        ],
        "Expires": [
          "-1"
        ],
        "Pragma": [
          "no-cache"
        ],
        "x-ms-request-id": [
          "cf3f7e66-3a22-4d3d-90e9-87e22cdc95bf"
        ],
        "X-Content-Type-Options": [
          "nosniff"
        ],
        "x-ms-ratelimit-remaining-subscription-reads": [
          "14978"
        ],
        "x-ms-correlation-request-id": [
          "60aecbd2-2003-41a6-ae9f-70c512452607"
        ],
        "x-ms-routing-request-id": [
          "AUSTRALIAEAST:20180607T133917Z:60aecbd2-2003-41a6-ae9f-70c512452607"
        ],
        "Strict-Transport-Security": [
          "max-age=31536000; includeSubDomains"
        ],
        "Cache-Control": [
          "no-cache"
        ],
        "Date": [
          "Thu, 07 Jun 2018 13:39:16 GMT"
        ],
        "Server": [
          "Microsoft-IIS/8.5"
        ],
        "X-AspNet-Version": [
          "4.0.30319"
        ],
        "X-Powered-By": [
          "ASP.NET"
        ]
      },
      "StatusCode": 200
    },
    {
      "RequestUri": "/subscriptions/04319d6d-4a66-4701-bb2f-e7dbbd9ae4db/resourcegroups/ps3053/providers/Microsoft.DataLakeStore/accounts/ps465/operationresults/1?api-version=2016-11-01",
      "EncodedRequestUri": "L3N1YnNjcmlwdGlvbnMvMDQzMTlkNmQtNGE2Ni00NzAxLWJiMmYtZTdkYmJkOWFlNGRiL3Jlc291cmNlZ3JvdXBzL3BzMzA1My9wcm92aWRlcnMvTWljcm9zb2Z0LkRhdGFMYWtlU3RvcmUvYWNjb3VudHMvcHM0NjUvb3BlcmF0aW9ucmVzdWx0cy8xP2FwaS12ZXJzaW9uPTIwMTYtMTEtMDE=",
      "RequestMethod": "GET",
      "RequestBody": "",
      "RequestHeaders": {
        "User-Agent": [
          "FxVersion/4.7.2650.0",
          "OSName/Windows10Enterprise",
          "OSVersion/6.3.16299",
          "Microsoft.Azure.Management.DataLake.Store.DataLakeStoreAccountManagementClient/2.3.0.0"
        ]
      },
      "ResponseBody": "",
      "ResponseHeaders": {
        "Content-Length": [
          "0"
        ],
        "Expires": [
          "-1"
        ],
        "Pragma": [
          "no-cache"
        ],
        "x-ms-request-id": [
          "7055f8fc-d342-4117-b4ef-f8c92c65cbc2"
        ],
        "x-ms-ratelimit-remaining-subscription-reads": [
          "14977"
        ],
        "x-ms-correlation-request-id": [
          "f6b55d5a-7ea0-4d1f-8df3-3bf6eb9940d5"
        ],
        "x-ms-routing-request-id": [
          "AUSTRALIAEAST:20180607T133918Z:f6b55d5a-7ea0-4d1f-8df3-3bf6eb9940d5"
        ],
        "Strict-Transport-Security": [
          "max-age=31536000; includeSubDomains"
        ],
        "X-Content-Type-Options": [
          "nosniff"
        ],
        "Cache-Control": [
          "no-cache"
        ],
        "Date": [
          "Thu, 07 Jun 2018 13:39:18 GMT"
        ],
        "Server": [
          "Microsoft-IIS/8.5"
        ],
        "X-AspNet-Version": [
          "4.0.30319"
        ],
        "X-Powered-By": [
          "ASP.NET"
        ]
      },
      "StatusCode": 404
    },
    {
      "RequestUri": "/subscriptions/04319d6d-4a66-4701-bb2f-e7dbbd9ae4db/resourcegroups/ps3053?api-version=2016-09-01",
      "EncodedRequestUri": "L3N1YnNjcmlwdGlvbnMvMDQzMTlkNmQtNGE2Ni00NzAxLWJiMmYtZTdkYmJkOWFlNGRiL3Jlc291cmNlZ3JvdXBzL3BzMzA1Mz9hcGktdmVyc2lvbj0yMDE2LTA5LTAx",
      "RequestMethod": "DELETE",
      "RequestBody": "",
      "RequestHeaders": {
        "x-ms-client-request-id": [
          "d2f43f46-7691-49a6-99b3-448a87dd3ab0"
        ],
        "accept-language": [
          "en-US"
        ],
        "User-Agent": [
          "FxVersion/4.7.2650.0",
          "OSName/Windows10Enterprise",
          "OSVersion/6.3.16299",
          "Microsoft.Azure.Management.Internal.Resources.ResourceManagementClient/4.1.0"
        ]
      },
      "ResponseBody": "",
      "ResponseHeaders": {
        "Content-Length": [
          "0"
        ],
        "Expires": [
          "-1"
        ],
        "Pragma": [
          "no-cache"
        ],
        "Retry-After": [
          "15"
        ],
        "x-ms-ratelimit-remaining-subscription-deletes": [
          "14998"
        ],
        "x-ms-request-id": [
          "63a557f9-8044-4b22-8519-7231c134bff4"
        ],
        "x-ms-correlation-request-id": [
          "63a557f9-8044-4b22-8519-7231c134bff4"
        ],
        "x-ms-routing-request-id": [
          "AUSTRALIAEAST:20180607T133922Z:63a557f9-8044-4b22-8519-7231c134bff4"
        ],
        "Strict-Transport-Security": [
          "max-age=31536000; includeSubDomains"
        ],
        "X-Content-Type-Options": [
          "nosniff"
        ],
        "Cache-Control": [
          "no-cache"
        ],
        "Date": [
          "Thu, 07 Jun 2018 13:39:22 GMT"
        ],
        "Location": [
          "https://management.azure.com/subscriptions/04319d6d-4a66-4701-bb2f-e7dbbd9ae4db/operationresults/eyJqb2JJZCI6IlJFU09VUkNFR1JPVVBERUxFVElPTkpPQi1QUzMwNTMtRUFTVFVTMiIsImpvYkxvY2F0aW9uIjoiZWFzdHVzMiJ9?api-version=2016-09-01"
        ]
      },
      "StatusCode": 202
    },
    {
      "RequestUri": "/subscriptions/04319d6d-4a66-4701-bb2f-e7dbbd9ae4db/operationresults/eyJqb2JJZCI6IlJFU09VUkNFR1JPVVBERUxFVElPTkpPQi1QUzMwNTMtRUFTVFVTMiIsImpvYkxvY2F0aW9uIjoiZWFzdHVzMiJ9?api-version=2016-09-01",
      "EncodedRequestUri": "L3N1YnNjcmlwdGlvbnMvMDQzMTlkNmQtNGE2Ni00NzAxLWJiMmYtZTdkYmJkOWFlNGRiL29wZXJhdGlvbnJlc3VsdHMvZXlKcWIySkpaQ0k2SWxKRlUwOVZVa05GUjFKUFZWQkVSVXhGVkVsUFRrcFBRaTFRVXpNd05UTXRSVUZUVkZWVE1pSXNJbXB2WWt4dlkyRjBhVzl1SWpvaVpXRnpkSFZ6TWlKOT9hcGktdmVyc2lvbj0yMDE2LTA5LTAx",
      "RequestMethod": "GET",
      "RequestBody": "",
      "RequestHeaders": {
        "User-Agent": [
          "FxVersion/4.7.2650.0",
          "OSName/Windows10Enterprise",
          "OSVersion/6.3.16299",
          "Microsoft.Azure.Management.Internal.Resources.ResourceManagementClient/4.1.0"
        ]
      },
      "ResponseBody": "",
      "ResponseHeaders": {
        "Content-Length": [
          "0"
        ],
        "Expires": [
          "-1"
        ],
        "Pragma": [
          "no-cache"
        ],
        "Retry-After": [
          "15"
        ],
        "x-ms-ratelimit-remaining-subscription-reads": [
          "14995"
        ],
        "x-ms-request-id": [
          "dec782b5-2531-4a1b-b0f8-c3534d8d6a5a"
        ],
        "x-ms-correlation-request-id": [
          "dec782b5-2531-4a1b-b0f8-c3534d8d6a5a"
        ],
        "x-ms-routing-request-id": [
          "AUSTRALIAEAST:20180607T133938Z:dec782b5-2531-4a1b-b0f8-c3534d8d6a5a"
        ],
        "Strict-Transport-Security": [
          "max-age=31536000; includeSubDomains"
        ],
        "X-Content-Type-Options": [
          "nosniff"
        ],
        "Cache-Control": [
          "no-cache"
        ],
        "Date": [
          "Thu, 07 Jun 2018 13:39:37 GMT"
        ],
        "Location": [
          "https://management.azure.com/subscriptions/04319d6d-4a66-4701-bb2f-e7dbbd9ae4db/operationresults/eyJqb2JJZCI6IlJFU09VUkNFR1JPVVBERUxFVElPTkpPQi1QUzMwNTMtRUFTVFVTMiIsImpvYkxvY2F0aW9uIjoiZWFzdHVzMiJ9?api-version=2016-09-01"
        ]
      },
      "StatusCode": 202
    },
    {
      "RequestUri": "/subscriptions/04319d6d-4a66-4701-bb2f-e7dbbd9ae4db/operationresults/eyJqb2JJZCI6IlJFU09VUkNFR1JPVVBERUxFVElPTkpPQi1QUzMwNTMtRUFTVFVTMiIsImpvYkxvY2F0aW9uIjoiZWFzdHVzMiJ9?api-version=2016-09-01",
      "EncodedRequestUri": "L3N1YnNjcmlwdGlvbnMvMDQzMTlkNmQtNGE2Ni00NzAxLWJiMmYtZTdkYmJkOWFlNGRiL29wZXJhdGlvbnJlc3VsdHMvZXlKcWIySkpaQ0k2SWxKRlUwOVZVa05GUjFKUFZWQkVSVXhGVkVsUFRrcFBRaTFRVXpNd05UTXRSVUZUVkZWVE1pSXNJbXB2WWt4dlkyRjBhVzl1SWpvaVpXRnpkSFZ6TWlKOT9hcGktdmVyc2lvbj0yMDE2LTA5LTAx",
      "RequestMethod": "GET",
      "RequestBody": "",
      "RequestHeaders": {
        "User-Agent": [
          "FxVersion/4.7.2650.0",
          "OSName/Windows10Enterprise",
          "OSVersion/6.3.16299",
          "Microsoft.Azure.Management.Internal.Resources.ResourceManagementClient/4.1.0"
        ]
      },
      "ResponseBody": "",
      "ResponseHeaders": {
        "Content-Length": [
          "0"
        ],
        "Expires": [
          "-1"
        ],
        "Pragma": [
          "no-cache"
        ],
        "Retry-After": [
          "15"
        ],
        "x-ms-ratelimit-remaining-subscription-reads": [
          "14994"
        ],
        "x-ms-request-id": [
          "bbfad3d2-7452-46fe-9083-29d2f6164067"
        ],
        "x-ms-correlation-request-id": [
          "bbfad3d2-7452-46fe-9083-29d2f6164067"
        ],
        "x-ms-routing-request-id": [
          "AUSTRALIAEAST:20180607T133953Z:bbfad3d2-7452-46fe-9083-29d2f6164067"
        ],
        "Strict-Transport-Security": [
          "max-age=31536000; includeSubDomains"
        ],
        "X-Content-Type-Options": [
          "nosniff"
        ],
        "Cache-Control": [
          "no-cache"
        ],
        "Date": [
          "Thu, 07 Jun 2018 13:39:53 GMT"
        ],
        "Location": [
          "https://management.azure.com/subscriptions/04319d6d-4a66-4701-bb2f-e7dbbd9ae4db/operationresults/eyJqb2JJZCI6IlJFU09VUkNFR1JPVVBERUxFVElPTkpPQi1QUzMwNTMtRUFTVFVTMiIsImpvYkxvY2F0aW9uIjoiZWFzdHVzMiJ9?api-version=2016-09-01"
        ]
      },
      "StatusCode": 202
    },
    {
      "RequestUri": "/subscriptions/04319d6d-4a66-4701-bb2f-e7dbbd9ae4db/operationresults/eyJqb2JJZCI6IlJFU09VUkNFR1JPVVBERUxFVElPTkpPQi1QUzMwNTMtRUFTVFVTMiIsImpvYkxvY2F0aW9uIjoiZWFzdHVzMiJ9?api-version=2016-09-01",
      "EncodedRequestUri": "L3N1YnNjcmlwdGlvbnMvMDQzMTlkNmQtNGE2Ni00NzAxLWJiMmYtZTdkYmJkOWFlNGRiL29wZXJhdGlvbnJlc3VsdHMvZXlKcWIySkpaQ0k2SWxKRlUwOVZVa05GUjFKUFZWQkVSVXhGVkVsUFRrcFBRaTFRVXpNd05UTXRSVUZUVkZWVE1pSXNJbXB2WWt4dlkyRjBhVzl1SWpvaVpXRnpkSFZ6TWlKOT9hcGktdmVyc2lvbj0yMDE2LTA5LTAx",
      "RequestMethod": "GET",
      "RequestBody": "",
      "RequestHeaders": {
        "User-Agent": [
          "FxVersion/4.7.2650.0",
          "OSName/Windows10Enterprise",
          "OSVersion/6.3.16299",
          "Microsoft.Azure.Management.Internal.Resources.ResourceManagementClient/4.1.0"
        ]
      },
      "ResponseBody": "",
      "ResponseHeaders": {
        "Content-Length": [
          "0"
        ],
        "Expires": [
          "-1"
        ],
        "Pragma": [
          "no-cache"
        ],
        "x-ms-ratelimit-remaining-subscription-reads": [
          "14993"
        ],
        "x-ms-request-id": [
          "ccbd477c-e6ef-4921-810a-545c4f97171f"
        ],
        "x-ms-correlation-request-id": [
          "ccbd477c-e6ef-4921-810a-545c4f97171f"
        ],
        "x-ms-routing-request-id": [
          "AUSTRALIAEAST:20180607T134009Z:ccbd477c-e6ef-4921-810a-545c4f97171f"
        ],
        "Strict-Transport-Security": [
          "max-age=31536000; includeSubDomains"
        ],
        "X-Content-Type-Options": [
          "nosniff"
        ],
        "Cache-Control": [
          "no-cache"
        ],
        "Date": [
          "Thu, 07 Jun 2018 13:40:08 GMT"
        ]
      },
      "StatusCode": 200
    },
    {
      "RequestUri": "/subscriptions/04319d6d-4a66-4701-bb2f-e7dbbd9ae4db/operationresults/eyJqb2JJZCI6IlJFU09VUkNFR1JPVVBERUxFVElPTkpPQi1QUzMwNTMtRUFTVFVTMiIsImpvYkxvY2F0aW9uIjoiZWFzdHVzMiJ9?api-version=2016-09-01",
      "EncodedRequestUri": "L3N1YnNjcmlwdGlvbnMvMDQzMTlkNmQtNGE2Ni00NzAxLWJiMmYtZTdkYmJkOWFlNGRiL29wZXJhdGlvbnJlc3VsdHMvZXlKcWIySkpaQ0k2SWxKRlUwOVZVa05GUjFKUFZWQkVSVXhGVkVsUFRrcFBRaTFRVXpNd05UTXRSVUZUVkZWVE1pSXNJbXB2WWt4dlkyRjBhVzl1SWpvaVpXRnpkSFZ6TWlKOT9hcGktdmVyc2lvbj0yMDE2LTA5LTAx",
      "RequestMethod": "GET",
      "RequestBody": "",
      "RequestHeaders": {
        "User-Agent": [
          "FxVersion/4.7.2650.0",
          "OSName/Windows10Enterprise",
          "OSVersion/6.3.16299",
          "Microsoft.Azure.Management.Internal.Resources.ResourceManagementClient/4.1.0"
        ]
      },
      "ResponseBody": "",
      "ResponseHeaders": {
        "Content-Length": [
          "0"
        ],
        "Expires": [
          "-1"
        ],
        "Pragma": [
          "no-cache"
        ],
        "x-ms-ratelimit-remaining-subscription-reads": [
          "14992"
        ],
        "x-ms-request-id": [
          "0de35b98-84ca-4dca-b730-873885c5efb7"
        ],
        "x-ms-correlation-request-id": [
          "0de35b98-84ca-4dca-b730-873885c5efb7"
        ],
        "x-ms-routing-request-id": [
          "AUSTRALIAEAST:20180607T134009Z:0de35b98-84ca-4dca-b730-873885c5efb7"
        ],
        "Strict-Transport-Security": [
          "max-age=31536000; includeSubDomains"
        ],
        "X-Content-Type-Options": [
          "nosniff"
        ],
        "Cache-Control": [
          "no-cache"
        ],
        "Date": [
          "Thu, 07 Jun 2018 13:40:08 GMT"
        ]
      },
      "StatusCode": 200
    }
  ],
  "Names": {
    "": [
      "ps3053",
      "ps7496",
      "ps465"
    ],
    "Test-DataLakeAnalyticsComputePolicy": [
      "ps7808",
      "ps2112"
    ]
  },
  "Variables": {
    "SubscriptionId": "04319d6d-4a66-4701-bb2f-e7dbbd9ae4db"
  }
}