{
  "Entries": [
    {
      "RequestUri": "/subscriptions/a1bfa635-f2bf-42f1-86b5-848c674fc321/resourcegroups/ps4198?api-version=2019-07-01",
      "EncodedRequestUri": "L3N1YnNjcmlwdGlvbnMvYTFiZmE2MzUtZjJiZi00MmYxLTg2YjUtODQ4YzY3NGZjMzIxL3Jlc291cmNlZ3JvdXBzL3BzNDE5OD9hcGktdmVyc2lvbj0yMDE5LTA3LTAx",
      "RequestMethod": "HEAD",
      "RequestBody": "",
      "RequestHeaders": {
        "x-ms-client-request-id": [
          "5465ce27-9814-4332-8cd2-98b4a190d408"
        ],
        "Accept-Language": [
          "en-US"
        ],
        "User-Agent": [
          "FxVersion/4.6.28207.03",
          "OSName/Windows",
          "OSVersion/Microsoft.Windows.10.0.18363.",
          "Microsoft.Azure.Management.ResourceManager.ResourceManagementClient/3.0.0.0"
        ]
      },
      "ResponseHeaders": {
        "Cache-Control": [
          "no-cache"
        ],
        "Pragma": [
          "no-cache"
        ],
        "x-ms-failure-cause": [
          "gateway"
        ],
        "x-ms-ratelimit-remaining-subscription-reads": [
          "11999"
        ],
        "x-ms-request-id": [
          "757f620a-20f3-48e7-a46a-077b88b984c4"
        ],
        "x-ms-correlation-request-id": [
          "757f620a-20f3-48e7-a46a-077b88b984c4"
        ],
        "x-ms-routing-request-id": [
          "WESTUS:20200316T230943Z:757f620a-20f3-48e7-a46a-077b88b984c4"
        ],
        "Strict-Transport-Security": [
          "max-age=31536000; includeSubDomains"
        ],
        "X-Content-Type-Options": [
          "nosniff"
        ],
        "Date": [
          "Mon, 16 Mar 2020 23:09:43 GMT"
        ],
        "Content-Length": [
          "98"
        ],
        "Content-Type": [
          "application/json; charset=utf-8"
        ],
        "Expires": [
          "-1"
        ],
        "Retry-After": [
          "0"
        ]
      },
      "ResponseBody": "",
      "StatusCode": 404
    },
    {
      "RequestUri": "/subscriptions/a1bfa635-f2bf-42f1-86b5-848c674fc321/resourcegroups/ps4198?api-version=2019-07-01",
      "EncodedRequestUri": "L3N1YnNjcmlwdGlvbnMvYTFiZmE2MzUtZjJiZi00MmYxLTg2YjUtODQ4YzY3NGZjMzIxL3Jlc291cmNlZ3JvdXBzL3BzNDE5OD9hcGktdmVyc2lvbj0yMDE5LTA3LTAx",
      "RequestMethod": "HEAD",
      "RequestBody": "",
      "RequestHeaders": {
        "x-ms-client-request-id": [
          "3f5e7918-87a1-4236-8af8-80fc9359b40e"
        ],
        "Accept-Language": [
          "en-US"
        ],
        "User-Agent": [
          "FxVersion/4.6.28207.03",
          "OSName/Windows",
          "OSVersion/Microsoft.Windows.10.0.18363.",
          "Microsoft.Azure.Management.ResourceManager.ResourceManagementClient/3.0.0.0"
        ]
      },
      "ResponseHeaders": {
        "Cache-Control": [
          "no-cache"
        ],
        "Pragma": [
          "no-cache"
        ],
        "x-ms-ratelimit-remaining-subscription-reads": [
          "11999"
        ],
        "x-ms-request-id": [
          "571ee434-b621-418f-b318-edaed7615490"
        ],
        "x-ms-correlation-request-id": [
          "571ee434-b621-418f-b318-edaed7615490"
        ],
        "x-ms-routing-request-id": [
          "WESTUS:20200316T231151Z:571ee434-b621-418f-b318-edaed7615490"
        ],
        "Strict-Transport-Security": [
          "max-age=31536000; includeSubDomains"
        ],
        "X-Content-Type-Options": [
          "nosniff"
        ],
        "Date": [
          "Mon, 16 Mar 2020 23:11:50 GMT"
        ],
        "Content-Length": [
          "0"
        ],
        "Expires": [
          "-1"
        ],
        "Retry-After": [
          "0"
        ]
      },
      "ResponseBody": "",
      "StatusCode": 204
    },
    {
      "RequestUri": "/subscriptions/a1bfa635-f2bf-42f1-86b5-848c674fc321/resourcegroups/ps4198?api-version=2019-07-01",
      "EncodedRequestUri": "L3N1YnNjcmlwdGlvbnMvYTFiZmE2MzUtZjJiZi00MmYxLTg2YjUtODQ4YzY3NGZjMzIxL3Jlc291cmNlZ3JvdXBzL3BzNDE5OD9hcGktdmVyc2lvbj0yMDE5LTA3LTAx",
      "RequestMethod": "PUT",
      "RequestBody": "{\r\n  \"location\": \"West US 2\"\r\n}",
      "RequestHeaders": {
        "x-ms-client-request-id": [
          "e4e6d84e-6cbd-409d-bef7-5c095b118b5f"
        ],
        "Accept-Language": [
          "en-US"
        ],
        "User-Agent": [
          "FxVersion/4.6.28207.03",
          "OSName/Windows",
          "OSVersion/Microsoft.Windows.10.0.18363.",
          "Microsoft.Azure.Management.ResourceManager.ResourceManagementClient/3.0.0.0"
        ],
        "Content-Type": [
          "application/json; charset=utf-8"
        ],
        "Content-Length": [
          "31"
        ]
      },
      "ResponseHeaders": {
        "Cache-Control": [
          "no-cache"
        ],
        "Pragma": [
          "no-cache"
        ],
        "x-ms-ratelimit-remaining-subscription-writes": [
          "1199"
        ],
        "x-ms-request-id": [
          "7ec8d128-2330-4936-9f3c-d84c2ec798d7"
        ],
        "x-ms-correlation-request-id": [
          "7ec8d128-2330-4936-9f3c-d84c2ec798d7"
        ],
        "x-ms-routing-request-id": [
          "WESTUS:20200316T230944Z:7ec8d128-2330-4936-9f3c-d84c2ec798d7"
        ],
        "Strict-Transport-Security": [
          "max-age=31536000; includeSubDomains"
        ],
        "X-Content-Type-Options": [
          "nosniff"
        ],
        "Date": [
          "Mon, 16 Mar 2020 23:09:43 GMT"
        ],
        "Content-Length": [
          "210"
        ],
        "Content-Type": [
          "application/json; charset=utf-8"
        ],
        "Expires": [
          "-1"
        ],
        "Retry-After": [
          "0"
        ]
      },
      "ResponseBody": "{\r\n  \"id\": \"/subscriptions/a1bfa635-f2bf-42f1-86b5-848c674fc321/resourceGroups/ps4198\",\r\n  \"name\": \"ps4198\",\r\n  \"type\": \"Microsoft.Resources/resourceGroups\",\r\n  \"location\": \"westus2\",\r\n  \"properties\": {\r\n    \"provisioningState\": \"Succeeded\"\r\n  }\r\n}",
      "StatusCode": 201
    },
    {
      "RequestUri": "/subscriptions/a1bfa635-f2bf-42f1-86b5-848c674fc321/resourcegroups/ps4198/providers/Microsoft.Resources/deployments/ps4291/validate?api-version=2019-07-01",
      "EncodedRequestUri": "L3N1YnNjcmlwdGlvbnMvYTFiZmE2MzUtZjJiZi00MmYxLTg2YjUtODQ4YzY3NGZjMzIxL3Jlc291cmNlZ3JvdXBzL3BzNDE5OC9wcm92aWRlcnMvTWljcm9zb2Z0LlJlc291cmNlcy9kZXBsb3ltZW50cy9wczQyOTEvdmFsaWRhdGU/YXBpLXZlcnNpb249MjAxOS0wNy0wMQ==",
      "RequestMethod": "POST",
      "RequestBody": "{\r\n  \"properties\": {\r\n    \"template\": {\r\n      \"$schema\": \"https://schema.management.azure.com/schemas/2015-01-01/deploymentParameters.json#\",\r\n      \"contentVersion\": \"1.0.0.0\",\r\n      \"parameters\": {\r\n        \"arguments\": {\r\n          \"type\": \"string\",\r\n          \"defaultValue\": \"\"\r\n        },\r\n        \"managedIdentityId\": {\r\n          \"type\": \"string\",\r\n          \"defaultValue\": \"/subscriptions/a1bfa635-f2bf-42f1-86b5-848c674fc321/resourceGroups/Ds-TestRg/providers/Microsoft.ManagedIdentity/userAssignedIdentities/filiz-user-assigned-msi\"\r\n        },\r\n        \"scriptContent\": {\r\n          \"type\": \"string\"\r\n        },\r\n        \"scriptCleanupPreference\": {\r\n          \"type\": \"string\",\r\n          \"defaultValue\": \"OnExpiration\"\r\n        },\r\n        \"retentionInterval\": {\r\n          \"type\": \"string\",\r\n          \"defaultValue\": \"P1D\"\r\n        },\r\n        \"timeout\": {\r\n          \"type\": \"string\",\r\n          \"defaultValue\": \"PT30M\"\r\n        },\r\n        \"scriptKind\": {\r\n          \"type\": \"string\"\r\n        },\r\n        \"azCliVersion\": {\r\n          \"type\": \"string\",\r\n          \"defaultValue\": \"2.0.80\"\r\n        },\r\n        \"scriptSuffix\": {\r\n          \"type\": \"string\",\r\n          \"defaultValue\": \"[newGuid()]\"\r\n        }\r\n      },\r\n      \"variables\": {\r\n        \"scriptName\": \"[concat('PsTest-DeploymentScripts-', parameters('scriptSuffix'))]\"\r\n      },\r\n      \"resources\": [\r\n        {\r\n          \"type\": \"Microsoft.Resources/deploymentScripts\",\r\n          \"name\": \"[variables('scriptName')]\",\r\n          \"apiVersion\": \"2019-10-01-preview\",\r\n          \"location\": \"[resourceGroup().location]\",\r\n          \"kind\": \"[parameters('scriptKind')]\",\r\n          \"identity\": {\r\n            \"type\": \"userAssigned\",\r\n            \"userAssignedIdentities\": {\r\n              \"[parameters('managedIdentityId')]\": {}\r\n            }\r\n          },\r\n          \"properties\": {\r\n            \"azCliVersion\": \"[parameters('azCliVersion')]\",\r\n            \"scriptContent\": \"[parameters('scriptContent')]\",\r\n            \"Arguments\": \"[parameters('arguments')]\",\r\n            \"timeout\": \"[parameters('timeout')]\",\r\n            \"cleanupPreference\": \"[parameters('scriptCleanupPreference')]\",\r\n            \"retentionInterval\": \"[parameters('retentionInterval')]\"\r\n          }\r\n        }\r\n      ],\r\n      \"outputs\": {\r\n        \"result\": {\r\n          \"value\": \"[reference(variables('scriptName')).outputs]\",\r\n          \"type\": \"object\"\r\n        }\r\n      }\r\n    },\r\n    \"parameters\": {\r\n      \"arguments\": {\r\n        \"value\": \"'foo','bar'\"\r\n      },\r\n      \"scriptContent\": {\r\n        \"value\": \"result=$(az group list); echo \\\"arg1 is: $1\\\"; echo \\\"arg2 is: $2\\\"; echo $result | jq -c '{Result: map({id: .id})}' > $AZ_SCRIPTS_OUTPUT_PATH\"\r\n      },\r\n      \"scriptKind\": {\r\n        \"value\": \"AzureCLI\"\r\n      }\r\n    },\r\n    \"mode\": \"Incremental\"\r\n  }\r\n}",
      "RequestHeaders": {
        "x-ms-client-request-id": [
          "b8b968b9-d8f5-4e93-96d2-f85db3617ff7"
        ],
        "Accept-Language": [
          "en-US"
        ],
        "User-Agent": [
          "FxVersion/4.6.28207.03",
          "OSName/Windows",
          "OSVersion/Microsoft.Windows.10.0.18363.",
          "Microsoft.Azure.Management.ResourceManager.ResourceManagementClient/3.0.0.0"
        ],
        "Content-Type": [
          "application/json; charset=utf-8"
        ],
        "Content-Length": [
          "2829"
        ]
      },
      "ResponseHeaders": {
        "Cache-Control": [
          "no-cache"
        ],
        "Pragma": [
          "no-cache"
        ],
        "x-ms-ratelimit-remaining-subscription-writes": [
          "1199"
        ],
        "x-ms-request-id": [
          "10de6a27-e2ee-463b-9abb-50f561fd25f4"
        ],
        "x-ms-correlation-request-id": [
          "10de6a27-e2ee-463b-9abb-50f561fd25f4"
        ],
        "x-ms-routing-request-id": [
          "WESTUS:20200316T230944Z:10de6a27-e2ee-463b-9abb-50f561fd25f4"
        ],
        "Strict-Transport-Security": [
          "max-age=31536000; includeSubDomains"
        ],
        "X-Content-Type-Options": [
          "nosniff"
        ],
        "Date": [
          "Mon, 16 Mar 2020 23:09:43 GMT"
        ],
        "Content-Length": [
          "1577"
        ],
        "Content-Type": [
          "application/json; charset=utf-8"
        ],
        "Expires": [
          "-1"
        ],
        "Retry-After": [
          "0"
        ]
      },
      "ResponseBody": "{\r\n  \"id\": \"/subscriptions/a1bfa635-f2bf-42f1-86b5-848c674fc321/resourceGroups/ps4198/providers/Microsoft.Resources/deployments/ps4291\",\r\n  \"name\": \"ps4291\",\r\n  \"type\": \"Microsoft.Resources/deployments\",\r\n  \"properties\": {\r\n    \"templateHash\": \"3155418770661771574\",\r\n    \"parameters\": {\r\n      \"arguments\": {\r\n        \"type\": \"String\",\r\n        \"value\": \"'foo','bar'\"\r\n      },\r\n      \"managedIdentityId\": {\r\n        \"type\": \"String\",\r\n        \"value\": \"/subscriptions/a1bfa635-f2bf-42f1-86b5-848c674fc321/resourceGroups/Ds-TestRg/providers/Microsoft.ManagedIdentity/userAssignedIdentities/filiz-user-assigned-msi\"\r\n      },\r\n      \"scriptContent\": {\r\n        \"type\": \"String\",\r\n        \"value\": \"result=$(az group list); echo \\\"arg1 is: $1\\\"; echo \\\"arg2 is: $2\\\"; echo $result | jq -c '{Result: map({id: .id})}' > $AZ_SCRIPTS_OUTPUT_PATH\"\r\n      },\r\n      \"scriptCleanupPreference\": {\r\n        \"type\": \"String\",\r\n        \"value\": \"OnExpiration\"\r\n      },\r\n      \"retentionInterval\": {\r\n        \"type\": \"String\",\r\n        \"value\": \"P1D\"\r\n      },\r\n      \"timeout\": {\r\n        \"type\": \"String\",\r\n        \"value\": \"PT30M\"\r\n      },\r\n      \"scriptKind\": {\r\n        \"type\": \"String\",\r\n        \"value\": \"AzureCLI\"\r\n      },\r\n      \"azCliVersion\": {\r\n        \"type\": \"String\",\r\n        \"value\": \"2.0.80\"\r\n      },\r\n      \"scriptSuffix\": {\r\n        \"type\": \"String\",\r\n        \"value\": \"d365d6e5-f57d-47c9-b3c6-677a589df7c3\"\r\n      }\r\n    },\r\n    \"mode\": \"Incremental\",\r\n    \"provisioningState\": \"Succeeded\",\r\n    \"timestamp\": \"2020-03-16T23:09:44.4580818Z\",\r\n    \"duration\": \"PT0S\",\r\n    \"correlationId\": \"10de6a27-e2ee-463b-9abb-50f561fd25f4\",\r\n    \"providers\": [\r\n      {\r\n        \"namespace\": \"Microsoft.Resources\",\r\n        \"resourceTypes\": [\r\n          {\r\n            \"resourceType\": \"deploymentScripts\",\r\n            \"locations\": [\r\n              \"westus2\"\r\n            ]\r\n          }\r\n        ]\r\n      }\r\n    ],\r\n    \"dependencies\": [],\r\n    \"validatedResources\": [\r\n      {\r\n        \"id\": \"/subscriptions/a1bfa635-f2bf-42f1-86b5-848c674fc321/resourceGroups/ps4198/providers/Microsoft.Resources/deploymentScripts/PsTest-DeploymentScripts-d365d6e5-f57d-47c9-b3c6-677a589df7c3\"\r\n      }\r\n    ]\r\n  }\r\n}",
      "StatusCode": 200
    },
    {
      "RequestUri": "/subscriptions/a1bfa635-f2bf-42f1-86b5-848c674fc321/resourcegroups/ps4198/providers/Microsoft.Resources/deployments/ps4291?api-version=2019-07-01",
      "EncodedRequestUri": "L3N1YnNjcmlwdGlvbnMvYTFiZmE2MzUtZjJiZi00MmYxLTg2YjUtODQ4YzY3NGZjMzIxL3Jlc291cmNlZ3JvdXBzL3BzNDE5OC9wcm92aWRlcnMvTWljcm9zb2Z0LlJlc291cmNlcy9kZXBsb3ltZW50cy9wczQyOTE/YXBpLXZlcnNpb249MjAxOS0wNy0wMQ==",
      "RequestMethod": "PUT",
      "RequestBody": "{\r\n  \"properties\": {\r\n    \"template\": {\r\n      \"$schema\": \"https://schema.management.azure.com/schemas/2015-01-01/deploymentParameters.json#\",\r\n      \"contentVersion\": \"1.0.0.0\",\r\n      \"parameters\": {\r\n        \"arguments\": {\r\n          \"type\": \"string\",\r\n          \"defaultValue\": \"\"\r\n        },\r\n        \"managedIdentityId\": {\r\n          \"type\": \"string\",\r\n          \"defaultValue\": \"/subscriptions/a1bfa635-f2bf-42f1-86b5-848c674fc321/resourceGroups/Ds-TestRg/providers/Microsoft.ManagedIdentity/userAssignedIdentities/filiz-user-assigned-msi\"\r\n        },\r\n        \"scriptContent\": {\r\n          \"type\": \"string\"\r\n        },\r\n        \"scriptCleanupPreference\": {\r\n          \"type\": \"string\",\r\n          \"defaultValue\": \"OnExpiration\"\r\n        },\r\n        \"retentionInterval\": {\r\n          \"type\": \"string\",\r\n          \"defaultValue\": \"P1D\"\r\n        },\r\n        \"timeout\": {\r\n          \"type\": \"string\",\r\n          \"defaultValue\": \"PT30M\"\r\n        },\r\n        \"scriptKind\": {\r\n          \"type\": \"string\"\r\n        },\r\n        \"azCliVersion\": {\r\n          \"type\": \"string\",\r\n          \"defaultValue\": \"2.0.80\"\r\n        },\r\n        \"scriptSuffix\": {\r\n          \"type\": \"string\",\r\n          \"defaultValue\": \"[newGuid()]\"\r\n        }\r\n      },\r\n      \"variables\": {\r\n        \"scriptName\": \"[concat('PsTest-DeploymentScripts-', parameters('scriptSuffix'))]\"\r\n      },\r\n      \"resources\": [\r\n        {\r\n          \"type\": \"Microsoft.Resources/deploymentScripts\",\r\n          \"name\": \"[variables('scriptName')]\",\r\n          \"apiVersion\": \"2019-10-01-preview\",\r\n          \"location\": \"[resourceGroup().location]\",\r\n          \"kind\": \"[parameters('scriptKind')]\",\r\n          \"identity\": {\r\n            \"type\": \"userAssigned\",\r\n            \"userAssignedIdentities\": {\r\n              \"[parameters('managedIdentityId')]\": {}\r\n            }\r\n          },\r\n          \"properties\": {\r\n            \"azCliVersion\": \"[parameters('azCliVersion')]\",\r\n            \"scriptContent\": \"[parameters('scriptContent')]\",\r\n            \"Arguments\": \"[parameters('arguments')]\",\r\n            \"timeout\": \"[parameters('timeout')]\",\r\n            \"cleanupPreference\": \"[parameters('scriptCleanupPreference')]\",\r\n            \"retentionInterval\": \"[parameters('retentionInterval')]\"\r\n          }\r\n        }\r\n      ],\r\n      \"outputs\": {\r\n        \"result\": {\r\n          \"value\": \"[reference(variables('scriptName')).outputs]\",\r\n          \"type\": \"object\"\r\n        }\r\n      }\r\n    },\r\n    \"parameters\": {\r\n      \"arguments\": {\r\n        \"value\": \"'foo','bar'\"\r\n      },\r\n      \"scriptContent\": {\r\n        \"value\": \"result=$(az group list); echo \\\"arg1 is: $1\\\"; echo \\\"arg2 is: $2\\\"; echo $result | jq -c '{Result: map({id: .id})}' > $AZ_SCRIPTS_OUTPUT_PATH\"\r\n      },\r\n      \"scriptKind\": {\r\n        \"value\": \"AzureCLI\"\r\n      }\r\n    },\r\n    \"mode\": \"Incremental\"\r\n  }\r\n}",
      "RequestHeaders": {
        "x-ms-client-request-id": [
          "4838a3d2-72b9-449e-aaf8-9394b7f51dee"
        ],
        "Accept-Language": [
          "en-US"
        ],
        "User-Agent": [
          "FxVersion/4.6.28207.03",
          "OSName/Windows",
          "OSVersion/Microsoft.Windows.10.0.18363.",
          "Microsoft.Azure.Management.ResourceManager.ResourceManagementClient/3.0.0.0"
        ],
        "Content-Type": [
          "application/json; charset=utf-8"
        ],
        "Content-Length": [
          "2829"
        ]
      },
      "ResponseHeaders": {
        "Cache-Control": [
          "no-cache"
        ],
        "Pragma": [
          "no-cache"
        ],
        "Azure-AsyncOperation": [
          "https://management.azure.com/subscriptions/a1bfa635-f2bf-42f1-86b5-848c674fc321/resourcegroups/ps4198/providers/Microsoft.Resources/deployments/ps4291/operationStatuses/08586172067007509100?api-version=2019-07-01"
        ],
        "x-ms-ratelimit-remaining-subscription-writes": [
          "1199"
        ],
        "x-ms-request-id": [
          "ec851bb3-aa73-4e3c-a435-88477b3ed1be"
        ],
        "x-ms-correlation-request-id": [
          "ec851bb3-aa73-4e3c-a435-88477b3ed1be"
        ],
        "x-ms-routing-request-id": [
          "WESTUS:20200316T230945Z:ec851bb3-aa73-4e3c-a435-88477b3ed1be"
        ],
        "Strict-Transport-Security": [
          "max-age=31536000; includeSubDomains"
        ],
        "X-Content-Type-Options": [
          "nosniff"
        ],
        "Date": [
          "Mon, 16 Mar 2020 23:09:44 GMT"
        ],
        "Content-Length": [
          "1368"
        ],
        "Content-Type": [
          "application/json; charset=utf-8"
        ],
        "Expires": [
          "-1"
        ],
        "Retry-After": [
          "0"
        ]
      },
      "ResponseBody": "{\r\n  \"id\": \"/subscriptions/a1bfa635-f2bf-42f1-86b5-848c674fc321/resourceGroups/ps4198/providers/Microsoft.Resources/deployments/ps4291\",\r\n  \"name\": \"ps4291\",\r\n  \"type\": \"Microsoft.Resources/deployments\",\r\n  \"properties\": {\r\n    \"templateHash\": \"3155418770661771574\",\r\n    \"parameters\": {\r\n      \"arguments\": {\r\n        \"type\": \"String\",\r\n        \"value\": \"'foo','bar'\"\r\n      },\r\n      \"managedIdentityId\": {\r\n        \"type\": \"String\",\r\n        \"value\": \"/subscriptions/a1bfa635-f2bf-42f1-86b5-848c674fc321/resourceGroups/Ds-TestRg/providers/Microsoft.ManagedIdentity/userAssignedIdentities/filiz-user-assigned-msi\"\r\n      },\r\n      \"scriptContent\": {\r\n        \"type\": \"String\",\r\n        \"value\": \"result=$(az group list); echo \\\"arg1 is: $1\\\"; echo \\\"arg2 is: $2\\\"; echo $result | jq -c '{Result: map({id: .id})}' > $AZ_SCRIPTS_OUTPUT_PATH\"\r\n      },\r\n      \"scriptCleanupPreference\": {\r\n        \"type\": \"String\",\r\n        \"value\": \"OnExpiration\"\r\n      },\r\n      \"retentionInterval\": {\r\n        \"type\": \"String\",\r\n        \"value\": \"P1D\"\r\n      },\r\n      \"timeout\": {\r\n        \"type\": \"String\",\r\n        \"value\": \"PT30M\"\r\n      },\r\n      \"scriptKind\": {\r\n        \"type\": \"String\",\r\n        \"value\": \"AzureCLI\"\r\n      },\r\n      \"azCliVersion\": {\r\n        \"type\": \"String\",\r\n        \"value\": \"2.0.80\"\r\n      },\r\n      \"scriptSuffix\": {\r\n        \"type\": \"String\",\r\n        \"value\": \"91f2995c-9050-4ed7-a7f3-cd992f949fd6\"\r\n      }\r\n    },\r\n    \"mode\": \"Incremental\",\r\n    \"provisioningState\": \"Accepted\",\r\n    \"timestamp\": \"2020-03-16T23:09:45.1169241Z\",\r\n    \"duration\": \"PT0.3902162S\",\r\n    \"correlationId\": \"ec851bb3-aa73-4e3c-a435-88477b3ed1be\",\r\n    \"providers\": [\r\n      {\r\n        \"namespace\": \"Microsoft.Resources\",\r\n        \"resourceTypes\": [\r\n          {\r\n            \"resourceType\": \"deploymentScripts\",\r\n            \"locations\": [\r\n              \"westus2\"\r\n            ]\r\n          }\r\n        ]\r\n      }\r\n    ],\r\n    \"dependencies\": []\r\n  }\r\n}",
      "StatusCode": 201
    },
    {
      "RequestUri": "/subscriptions/a1bfa635-f2bf-42f1-86b5-848c674fc321/resourcegroups/ps4198/deployments/ps4291/operations?api-version=2019-07-01",
      "EncodedRequestUri": "L3N1YnNjcmlwdGlvbnMvYTFiZmE2MzUtZjJiZi00MmYxLTg2YjUtODQ4YzY3NGZjMzIxL3Jlc291cmNlZ3JvdXBzL3BzNDE5OC9kZXBsb3ltZW50cy9wczQyOTEvb3BlcmF0aW9ucz9hcGktdmVyc2lvbj0yMDE5LTA3LTAx",
      "RequestMethod": "GET",
      "RequestBody": "",
      "RequestHeaders": {
        "x-ms-client-request-id": [
          "9f3f0009-d474-4156-91fa-83e246c41eb0"
        ],
        "Accept-Language": [
          "en-US"
        ],
        "User-Agent": [
          "FxVersion/4.6.28207.03",
          "OSName/Windows",
          "OSVersion/Microsoft.Windows.10.0.18363.",
          "Microsoft.Azure.Management.ResourceManager.ResourceManagementClient/3.0.0.0"
        ]
      },
      "ResponseHeaders": {
        "Cache-Control": [
          "no-cache"
        ],
        "Pragma": [
          "no-cache"
        ],
        "x-ms-ratelimit-remaining-subscription-reads": [
          "11999"
        ],
        "x-ms-request-id": [
          "f887586f-1458-4992-9b55-d76b8b897a0e"
        ],
        "x-ms-correlation-request-id": [
          "f887586f-1458-4992-9b55-d76b8b897a0e"
        ],
        "x-ms-routing-request-id": [
          "WESTUS:20200316T230950Z:f887586f-1458-4992-9b55-d76b8b897a0e"
        ],
        "Strict-Transport-Security": [
          "max-age=31536000; includeSubDomains"
        ],
        "X-Content-Type-Options": [
          "nosniff"
        ],
        "Date": [
          "Mon, 16 Mar 2020 23:09:50 GMT"
        ],
        "Content-Type": [
          "application/json; charset=utf-8"
        ],
        "Expires": [
          "-1"
        ],
        "Content-Length": [
          "828"
        ],
        "Retry-After": [
          "0"
        ]
      },
      "ResponseBody": "{\r\n  \"value\": [\r\n    {\r\n      \"id\": \"/subscriptions/a1bfa635-f2bf-42f1-86b5-848c674fc321/resourceGroups/ps4198/providers/Microsoft.Resources/deployments/ps4291/operations/07E7F2BD4C6F876D\",\r\n      \"operationId\": \"07E7F2BD4C6F876D\",\r\n      \"properties\": {\r\n        \"provisioningOperation\": \"Create\",\r\n        \"provisioningState\": \"Running\",\r\n        \"timestamp\": \"2020-03-16T23:09:49.6571603Z\",\r\n        \"duration\": \"PT3.5268617S\",\r\n        \"trackingId\": \"523cd762-68f7-44c1-ab6f-52d0bb0db769\",\r\n        \"serviceRequestId\": \"f4575f42-ac5b-4e40-9b30-1e95478fd311\",\r\n        \"statusCode\": \"Created\",\r\n        \"targetResource\": {\r\n          \"id\": \"/subscriptions/a1bfa635-f2bf-42f1-86b5-848c674fc321/resourceGroups/ps4198/providers/Microsoft.Resources/deploymentScripts/PsTest-DeploymentScripts-91f2995c-9050-4ed7-a7f3-cd992f949fd6\",\r\n          \"resourceType\": \"Microsoft.Resources/deploymentScripts\",\r\n          \"resourceName\": \"PsTest-DeploymentScripts-91f2995c-9050-4ed7-a7f3-cd992f949fd6\"\r\n        }\r\n      }\r\n    }\r\n  ]\r\n}",
      "StatusCode": 200
    },
    {
      "RequestUri": "/subscriptions/a1bfa635-f2bf-42f1-86b5-848c674fc321/resourcegroups/ps4198/deployments/ps4291/operations?api-version=2019-07-01",
      "EncodedRequestUri": "L3N1YnNjcmlwdGlvbnMvYTFiZmE2MzUtZjJiZi00MmYxLTg2YjUtODQ4YzY3NGZjMzIxL3Jlc291cmNlZ3JvdXBzL3BzNDE5OC9kZXBsb3ltZW50cy9wczQyOTEvb3BlcmF0aW9ucz9hcGktdmVyc2lvbj0yMDE5LTA3LTAx",
      "RequestMethod": "GET",
      "RequestBody": "",
      "RequestHeaders": {
        "x-ms-client-request-id": [
          "eab966ab-5860-4f8d-8d5a-09d2dd322e69"
        ],
        "Accept-Language": [
          "en-US"
        ],
        "User-Agent": [
          "FxVersion/4.6.28207.03",
          "OSName/Windows",
          "OSVersion/Microsoft.Windows.10.0.18363.",
          "Microsoft.Azure.Management.ResourceManager.ResourceManagementClient/3.0.0.0"
        ]
      },
      "ResponseHeaders": {
        "Cache-Control": [
          "no-cache"
        ],
        "Pragma": [
          "no-cache"
        ],
        "x-ms-ratelimit-remaining-subscription-reads": [
          "11997"
        ],
        "x-ms-request-id": [
          "bad9fc4d-d2bf-4652-97e7-a91f7f630663"
        ],
        "x-ms-correlation-request-id": [
          "bad9fc4d-d2bf-4652-97e7-a91f7f630663"
        ],
        "x-ms-routing-request-id": [
          "WESTUS:20200316T230955Z:bad9fc4d-d2bf-4652-97e7-a91f7f630663"
        ],
        "Strict-Transport-Security": [
          "max-age=31536000; includeSubDomains"
        ],
        "X-Content-Type-Options": [
          "nosniff"
        ],
        "Date": [
          "Mon, 16 Mar 2020 23:09:55 GMT"
        ],
        "Content-Type": [
          "application/json; charset=utf-8"
        ],
        "Expires": [
          "-1"
        ],
        "Content-Length": [
          "828"
        ],
        "Retry-After": [
          "0"
        ]
      },
      "ResponseBody": "{\r\n  \"value\": [\r\n    {\r\n      \"id\": \"/subscriptions/a1bfa635-f2bf-42f1-86b5-848c674fc321/resourceGroups/ps4198/providers/Microsoft.Resources/deployments/ps4291/operations/07E7F2BD4C6F876D\",\r\n      \"operationId\": \"07E7F2BD4C6F876D\",\r\n      \"properties\": {\r\n        \"provisioningOperation\": \"Create\",\r\n        \"provisioningState\": \"Running\",\r\n        \"timestamp\": \"2020-03-16T23:09:54.4602862Z\",\r\n        \"duration\": \"PT8.3299876S\",\r\n        \"trackingId\": \"9cb11333-c224-4cc1-98d2-98e055467ec3\",\r\n        \"serviceRequestId\": \"f4575f42-ac5b-4e40-9b30-1e95478fd311\",\r\n        \"statusCode\": \"Created\",\r\n        \"targetResource\": {\r\n          \"id\": \"/subscriptions/a1bfa635-f2bf-42f1-86b5-848c674fc321/resourceGroups/ps4198/providers/Microsoft.Resources/deploymentScripts/PsTest-DeploymentScripts-91f2995c-9050-4ed7-a7f3-cd992f949fd6\",\r\n          \"resourceType\": \"Microsoft.Resources/deploymentScripts\",\r\n          \"resourceName\": \"PsTest-DeploymentScripts-91f2995c-9050-4ed7-a7f3-cd992f949fd6\"\r\n        }\r\n      }\r\n    }\r\n  ]\r\n}",
      "StatusCode": 200
    },
    {
      "RequestUri": "/subscriptions/a1bfa635-f2bf-42f1-86b5-848c674fc321/resourcegroups/ps4198/deployments/ps4291/operations?api-version=2019-07-01",
      "EncodedRequestUri": "L3N1YnNjcmlwdGlvbnMvYTFiZmE2MzUtZjJiZi00MmYxLTg2YjUtODQ4YzY3NGZjMzIxL3Jlc291cmNlZ3JvdXBzL3BzNDE5OC9kZXBsb3ltZW50cy9wczQyOTEvb3BlcmF0aW9ucz9hcGktdmVyc2lvbj0yMDE5LTA3LTAx",
      "RequestMethod": "GET",
      "RequestBody": "",
      "RequestHeaders": {
        "x-ms-client-request-id": [
          "9106e099-abb6-4bc1-8ed2-4eee76535f50"
        ],
        "Accept-Language": [
          "en-US"
        ],
        "User-Agent": [
          "FxVersion/4.6.28207.03",
          "OSName/Windows",
          "OSVersion/Microsoft.Windows.10.0.18363.",
          "Microsoft.Azure.Management.ResourceManager.ResourceManagementClient/3.0.0.0"
        ]
      },
      "ResponseHeaders": {
        "Cache-Control": [
          "no-cache"
        ],
        "Pragma": [
          "no-cache"
        ],
        "x-ms-ratelimit-remaining-subscription-reads": [
          "11995"
        ],
        "x-ms-request-id": [
          "d28d2bd8-1ec8-43b1-80e5-dfed0c6c0d53"
        ],
        "x-ms-correlation-request-id": [
          "d28d2bd8-1ec8-43b1-80e5-dfed0c6c0d53"
        ],
        "x-ms-routing-request-id": [
          "WESTUS:20200316T231000Z:d28d2bd8-1ec8-43b1-80e5-dfed0c6c0d53"
        ],
        "Strict-Transport-Security": [
          "max-age=31536000; includeSubDomains"
        ],
        "X-Content-Type-Options": [
          "nosniff"
        ],
        "Date": [
          "Mon, 16 Mar 2020 23:10:00 GMT"
        ],
        "Content-Type": [
          "application/json; charset=utf-8"
        ],
        "Expires": [
          "-1"
        ],
        "Content-Length": [
          "829"
        ],
        "Retry-After": [
          "0"
        ]
      },
      "ResponseBody": "{\r\n  \"value\": [\r\n    {\r\n      \"id\": \"/subscriptions/a1bfa635-f2bf-42f1-86b5-848c674fc321/resourceGroups/ps4198/providers/Microsoft.Resources/deployments/ps4291/operations/07E7F2BD4C6F876D\",\r\n      \"operationId\": \"07E7F2BD4C6F876D\",\r\n      \"properties\": {\r\n        \"provisioningOperation\": \"Create\",\r\n        \"provisioningState\": \"Running\",\r\n        \"timestamp\": \"2020-03-16T23:09:57.7586637Z\",\r\n        \"duration\": \"PT11.6283651S\",\r\n        \"trackingId\": \"d7983b3b-2cee-46a0-8c59-9f72685658f8\",\r\n        \"serviceRequestId\": \"f4575f42-ac5b-4e40-9b30-1e95478fd311\",\r\n        \"statusCode\": \"Created\",\r\n        \"targetResource\": {\r\n          \"id\": \"/subscriptions/a1bfa635-f2bf-42f1-86b5-848c674fc321/resourceGroups/ps4198/providers/Microsoft.Resources/deploymentScripts/PsTest-DeploymentScripts-91f2995c-9050-4ed7-a7f3-cd992f949fd6\",\r\n          \"resourceType\": \"Microsoft.Resources/deploymentScripts\",\r\n          \"resourceName\": \"PsTest-DeploymentScripts-91f2995c-9050-4ed7-a7f3-cd992f949fd6\"\r\n        }\r\n      }\r\n    }\r\n  ]\r\n}",
      "StatusCode": 200
    },
    {
      "RequestUri": "/subscriptions/a1bfa635-f2bf-42f1-86b5-848c674fc321/resourcegroups/ps4198/deployments/ps4291/operations?api-version=2019-07-01",
      "EncodedRequestUri": "L3N1YnNjcmlwdGlvbnMvYTFiZmE2MzUtZjJiZi00MmYxLTg2YjUtODQ4YzY3NGZjMzIxL3Jlc291cmNlZ3JvdXBzL3BzNDE5OC9kZXBsb3ltZW50cy9wczQyOTEvb3BlcmF0aW9ucz9hcGktdmVyc2lvbj0yMDE5LTA3LTAx",
      "RequestMethod": "GET",
      "RequestBody": "",
      "RequestHeaders": {
        "x-ms-client-request-id": [
          "d6c32f9d-7867-41dd-837f-294896fc389a"
        ],
        "Accept-Language": [
          "en-US"
        ],
        "User-Agent": [
          "FxVersion/4.6.28207.03",
          "OSName/Windows",
          "OSVersion/Microsoft.Windows.10.0.18363.",
          "Microsoft.Azure.Management.ResourceManager.ResourceManagementClient/3.0.0.0"
        ]
      },
      "ResponseHeaders": {
        "Cache-Control": [
          "no-cache"
        ],
        "Pragma": [
          "no-cache"
        ],
        "x-ms-ratelimit-remaining-subscription-reads": [
          "11993"
        ],
        "x-ms-request-id": [
          "518e75b6-6521-4901-89e4-5576851174c9"
        ],
        "x-ms-correlation-request-id": [
          "518e75b6-6521-4901-89e4-5576851174c9"
        ],
        "x-ms-routing-request-id": [
          "WESTUS:20200316T231006Z:518e75b6-6521-4901-89e4-5576851174c9"
        ],
        "Strict-Transport-Security": [
          "max-age=31536000; includeSubDomains"
        ],
        "X-Content-Type-Options": [
          "nosniff"
        ],
        "Date": [
          "Mon, 16 Mar 2020 23:10:05 GMT"
        ],
        "Content-Type": [
          "application/json; charset=utf-8"
        ],
        "Expires": [
          "-1"
        ],
        "Content-Length": [
          "829"
        ],
        "Retry-After": [
          "0"
        ]
      },
      "ResponseBody": "{\r\n  \"value\": [\r\n    {\r\n      \"id\": \"/subscriptions/a1bfa635-f2bf-42f1-86b5-848c674fc321/resourceGroups/ps4198/providers/Microsoft.Resources/deployments/ps4291/operations/07E7F2BD4C6F876D\",\r\n      \"operationId\": \"07E7F2BD4C6F876D\",\r\n      \"properties\": {\r\n        \"provisioningOperation\": \"Create\",\r\n        \"provisioningState\": \"Running\",\r\n        \"timestamp\": \"2020-03-16T23:10:02.8131348Z\",\r\n        \"duration\": \"PT16.6828362S\",\r\n        \"trackingId\": \"01ace322-a850-4889-a1cf-b65c08f1757b\",\r\n        \"serviceRequestId\": \"f4575f42-ac5b-4e40-9b30-1e95478fd311\",\r\n        \"statusCode\": \"Created\",\r\n        \"targetResource\": {\r\n          \"id\": \"/subscriptions/a1bfa635-f2bf-42f1-86b5-848c674fc321/resourceGroups/ps4198/providers/Microsoft.Resources/deploymentScripts/PsTest-DeploymentScripts-91f2995c-9050-4ed7-a7f3-cd992f949fd6\",\r\n          \"resourceType\": \"Microsoft.Resources/deploymentScripts\",\r\n          \"resourceName\": \"PsTest-DeploymentScripts-91f2995c-9050-4ed7-a7f3-cd992f949fd6\"\r\n        }\r\n      }\r\n    }\r\n  ]\r\n}",
      "StatusCode": 200
    },
    {
      "RequestUri": "/subscriptions/a1bfa635-f2bf-42f1-86b5-848c674fc321/resourcegroups/ps4198/deployments/ps4291/operations?api-version=2019-07-01",
      "EncodedRequestUri": "L3N1YnNjcmlwdGlvbnMvYTFiZmE2MzUtZjJiZi00MmYxLTg2YjUtODQ4YzY3NGZjMzIxL3Jlc291cmNlZ3JvdXBzL3BzNDE5OC9kZXBsb3ltZW50cy9wczQyOTEvb3BlcmF0aW9ucz9hcGktdmVyc2lvbj0yMDE5LTA3LTAx",
      "RequestMethod": "GET",
      "RequestBody": "",
      "RequestHeaders": {
        "x-ms-client-request-id": [
          "41b55ae8-6073-49fb-93df-b763c215052f"
        ],
        "Accept-Language": [
          "en-US"
        ],
        "User-Agent": [
          "FxVersion/4.6.28207.03",
          "OSName/Windows",
          "OSVersion/Microsoft.Windows.10.0.18363.",
          "Microsoft.Azure.Management.ResourceManager.ResourceManagementClient/3.0.0.0"
        ]
      },
      "ResponseHeaders": {
        "Cache-Control": [
          "no-cache"
        ],
        "Pragma": [
          "no-cache"
        ],
        "x-ms-ratelimit-remaining-subscription-reads": [
          "11991"
        ],
        "x-ms-request-id": [
          "94dbf7f5-3bbd-4d35-a211-04ef032a7311"
        ],
        "x-ms-correlation-request-id": [
          "94dbf7f5-3bbd-4d35-a211-04ef032a7311"
        ],
        "x-ms-routing-request-id": [
          "WESTUS:20200316T231011Z:94dbf7f5-3bbd-4d35-a211-04ef032a7311"
        ],
        "Strict-Transport-Security": [
          "max-age=31536000; includeSubDomains"
        ],
        "X-Content-Type-Options": [
          "nosniff"
        ],
        "Date": [
          "Mon, 16 Mar 2020 23:10:11 GMT"
        ],
        "Content-Type": [
          "application/json; charset=utf-8"
        ],
        "Expires": [
          "-1"
        ],
        "Content-Length": [
          "828"
        ],
        "Retry-After": [
          "0"
        ]
      },
      "ResponseBody": "{\r\n  \"value\": [\r\n    {\r\n      \"id\": \"/subscriptions/a1bfa635-f2bf-42f1-86b5-848c674fc321/resourceGroups/ps4198/providers/Microsoft.Resources/deployments/ps4291/operations/07E7F2BD4C6F876D\",\r\n      \"operationId\": \"07E7F2BD4C6F876D\",\r\n      \"properties\": {\r\n        \"provisioningOperation\": \"Create\",\r\n        \"provisioningState\": \"Running\",\r\n        \"timestamp\": \"2020-03-16T23:10:08.4056016Z\",\r\n        \"duration\": \"PT22.275303S\",\r\n        \"trackingId\": \"af147401-78be-426e-922d-6a6680206e6b\",\r\n        \"serviceRequestId\": \"f4575f42-ac5b-4e40-9b30-1e95478fd311\",\r\n        \"statusCode\": \"Created\",\r\n        \"targetResource\": {\r\n          \"id\": \"/subscriptions/a1bfa635-f2bf-42f1-86b5-848c674fc321/resourceGroups/ps4198/providers/Microsoft.Resources/deploymentScripts/PsTest-DeploymentScripts-91f2995c-9050-4ed7-a7f3-cd992f949fd6\",\r\n          \"resourceType\": \"Microsoft.Resources/deploymentScripts\",\r\n          \"resourceName\": \"PsTest-DeploymentScripts-91f2995c-9050-4ed7-a7f3-cd992f949fd6\"\r\n        }\r\n      }\r\n    }\r\n  ]\r\n}",
      "StatusCode": 200
    },
    {
      "RequestUri": "/subscriptions/a1bfa635-f2bf-42f1-86b5-848c674fc321/resourcegroups/ps4198/deployments/ps4291/operations?api-version=2019-07-01",
      "EncodedRequestUri": "L3N1YnNjcmlwdGlvbnMvYTFiZmE2MzUtZjJiZi00MmYxLTg2YjUtODQ4YzY3NGZjMzIxL3Jlc291cmNlZ3JvdXBzL3BzNDE5OC9kZXBsb3ltZW50cy9wczQyOTEvb3BlcmF0aW9ucz9hcGktdmVyc2lvbj0yMDE5LTA3LTAx",
      "RequestMethod": "GET",
      "RequestBody": "",
      "RequestHeaders": {
        "x-ms-client-request-id": [
          "9ed0bbe0-5462-4cc7-a890-b6e42a48a9da"
        ],
        "Accept-Language": [
          "en-US"
        ],
        "User-Agent": [
          "FxVersion/4.6.28207.03",
          "OSName/Windows",
          "OSVersion/Microsoft.Windows.10.0.18363.",
          "Microsoft.Azure.Management.ResourceManager.ResourceManagementClient/3.0.0.0"
        ]
      },
      "ResponseHeaders": {
        "Cache-Control": [
          "no-cache"
        ],
        "Pragma": [
          "no-cache"
        ],
        "x-ms-ratelimit-remaining-subscription-reads": [
          "11989"
        ],
        "x-ms-request-id": [
          "7b3ea300-ccfc-4b54-8627-1eb7066735ca"
        ],
        "x-ms-correlation-request-id": [
          "7b3ea300-ccfc-4b54-8627-1eb7066735ca"
        ],
        "x-ms-routing-request-id": [
          "WESTUS:20200316T231016Z:7b3ea300-ccfc-4b54-8627-1eb7066735ca"
        ],
        "Strict-Transport-Security": [
          "max-age=31536000; includeSubDomains"
        ],
        "X-Content-Type-Options": [
          "nosniff"
        ],
        "Date": [
          "Mon, 16 Mar 2020 23:10:16 GMT"
        ],
        "Content-Type": [
          "application/json; charset=utf-8"
        ],
        "Expires": [
          "-1"
        ],
        "Content-Length": [
          "828"
        ],
        "Retry-After": [
          "0"
        ]
      },
      "ResponseBody": "{\r\n  \"value\": [\r\n    {\r\n      \"id\": \"/subscriptions/a1bfa635-f2bf-42f1-86b5-848c674fc321/resourceGroups/ps4198/providers/Microsoft.Resources/deployments/ps4291/operations/07E7F2BD4C6F876D\",\r\n      \"operationId\": \"07E7F2BD4C6F876D\",\r\n      \"properties\": {\r\n        \"provisioningOperation\": \"Create\",\r\n        \"provisioningState\": \"Running\",\r\n        \"timestamp\": \"2020-03-16T23:10:14.781305Z\",\r\n        \"duration\": \"PT28.6510064S\",\r\n        \"trackingId\": \"7835002e-9f00-4ce4-9adb-882c42976534\",\r\n        \"serviceRequestId\": \"f4575f42-ac5b-4e40-9b30-1e95478fd311\",\r\n        \"statusCode\": \"Created\",\r\n        \"targetResource\": {\r\n          \"id\": \"/subscriptions/a1bfa635-f2bf-42f1-86b5-848c674fc321/resourceGroups/ps4198/providers/Microsoft.Resources/deploymentScripts/PsTest-DeploymentScripts-91f2995c-9050-4ed7-a7f3-cd992f949fd6\",\r\n          \"resourceType\": \"Microsoft.Resources/deploymentScripts\",\r\n          \"resourceName\": \"PsTest-DeploymentScripts-91f2995c-9050-4ed7-a7f3-cd992f949fd6\"\r\n        }\r\n      }\r\n    }\r\n  ]\r\n}",
      "StatusCode": 200
    },
    {
      "RequestUri": "/subscriptions/a1bfa635-f2bf-42f1-86b5-848c674fc321/resourcegroups/ps4198/deployments/ps4291/operations?api-version=2019-07-01",
      "EncodedRequestUri": "L3N1YnNjcmlwdGlvbnMvYTFiZmE2MzUtZjJiZi00MmYxLTg2YjUtODQ4YzY3NGZjMzIxL3Jlc291cmNlZ3JvdXBzL3BzNDE5OC9kZXBsb3ltZW50cy9wczQyOTEvb3BlcmF0aW9ucz9hcGktdmVyc2lvbj0yMDE5LTA3LTAx",
      "RequestMethod": "GET",
      "RequestBody": "",
      "RequestHeaders": {
        "x-ms-client-request-id": [
          "99bf5872-deb3-49d8-971c-0bc5c0140022"
        ],
        "Accept-Language": [
          "en-US"
        ],
        "User-Agent": [
          "FxVersion/4.6.28207.03",
          "OSName/Windows",
          "OSVersion/Microsoft.Windows.10.0.18363.",
          "Microsoft.Azure.Management.ResourceManager.ResourceManagementClient/3.0.0.0"
        ]
      },
      "ResponseHeaders": {
        "Cache-Control": [
          "no-cache"
        ],
        "Pragma": [
          "no-cache"
        ],
        "x-ms-ratelimit-remaining-subscription-reads": [
          "11987"
        ],
        "x-ms-request-id": [
          "781ecadd-78c2-4e7f-b952-fe321893e502"
        ],
        "x-ms-correlation-request-id": [
          "781ecadd-78c2-4e7f-b952-fe321893e502"
        ],
        "x-ms-routing-request-id": [
          "WESTUS:20200316T231023Z:781ecadd-78c2-4e7f-b952-fe321893e502"
        ],
        "Strict-Transport-Security": [
          "max-age=31536000; includeSubDomains"
        ],
        "X-Content-Type-Options": [
          "nosniff"
        ],
        "Date": [
          "Mon, 16 Mar 2020 23:10:23 GMT"
        ],
        "Content-Type": [
          "application/json; charset=utf-8"
        ],
        "Expires": [
          "-1"
        ],
        "Content-Length": [
          "829"
        ],
        "Retry-After": [
          "0"
        ]
      },
      "ResponseBody": "{\r\n  \"value\": [\r\n    {\r\n      \"id\": \"/subscriptions/a1bfa635-f2bf-42f1-86b5-848c674fc321/resourceGroups/ps4198/providers/Microsoft.Resources/deployments/ps4291/operations/07E7F2BD4C6F876D\",\r\n      \"operationId\": \"07E7F2BD4C6F876D\",\r\n      \"properties\": {\r\n        \"provisioningOperation\": \"Create\",\r\n        \"provisioningState\": \"Running\",\r\n        \"timestamp\": \"2020-03-16T23:10:22.5449097Z\",\r\n        \"duration\": \"PT36.4146111S\",\r\n        \"trackingId\": \"6ba9d7e6-66de-4eb1-9710-7ce07c2cb3c8\",\r\n        \"serviceRequestId\": \"f4575f42-ac5b-4e40-9b30-1e95478fd311\",\r\n        \"statusCode\": \"Created\",\r\n        \"targetResource\": {\r\n          \"id\": \"/subscriptions/a1bfa635-f2bf-42f1-86b5-848c674fc321/resourceGroups/ps4198/providers/Microsoft.Resources/deploymentScripts/PsTest-DeploymentScripts-91f2995c-9050-4ed7-a7f3-cd992f949fd6\",\r\n          \"resourceType\": \"Microsoft.Resources/deploymentScripts\",\r\n          \"resourceName\": \"PsTest-DeploymentScripts-91f2995c-9050-4ed7-a7f3-cd992f949fd6\"\r\n        }\r\n      }\r\n    }\r\n  ]\r\n}",
      "StatusCode": 200
    },
    {
      "RequestUri": "/subscriptions/a1bfa635-f2bf-42f1-86b5-848c674fc321/resourcegroups/ps4198/deployments/ps4291/operations?api-version=2019-07-01",
      "EncodedRequestUri": "L3N1YnNjcmlwdGlvbnMvYTFiZmE2MzUtZjJiZi00MmYxLTg2YjUtODQ4YzY3NGZjMzIxL3Jlc291cmNlZ3JvdXBzL3BzNDE5OC9kZXBsb3ltZW50cy9wczQyOTEvb3BlcmF0aW9ucz9hcGktdmVyc2lvbj0yMDE5LTA3LTAx",
      "RequestMethod": "GET",
      "RequestBody": "",
      "RequestHeaders": {
        "x-ms-client-request-id": [
          "0c875cff-498e-4cbe-a1ba-c9fec2e8d8e6"
        ],
        "Accept-Language": [
          "en-US"
        ],
        "User-Agent": [
          "FxVersion/4.6.28207.03",
          "OSName/Windows",
          "OSVersion/Microsoft.Windows.10.0.18363.",
          "Microsoft.Azure.Management.ResourceManager.ResourceManagementClient/3.0.0.0"
        ]
      },
      "ResponseHeaders": {
        "Cache-Control": [
          "no-cache"
        ],
        "Pragma": [
          "no-cache"
        ],
        "x-ms-ratelimit-remaining-subscription-reads": [
          "11985"
        ],
        "x-ms-request-id": [
          "f502a4c2-6949-4490-87a7-d7ad2dc14a5a"
        ],
        "x-ms-correlation-request-id": [
          "f502a4c2-6949-4490-87a7-d7ad2dc14a5a"
        ],
        "x-ms-routing-request-id": [
          "WESTUS:20200316T231032Z:f502a4c2-6949-4490-87a7-d7ad2dc14a5a"
        ],
        "Strict-Transport-Security": [
          "max-age=31536000; includeSubDomains"
        ],
        "X-Content-Type-Options": [
          "nosniff"
        ],
        "Date": [
          "Mon, 16 Mar 2020 23:10:31 GMT"
        ],
        "Content-Type": [
          "application/json; charset=utf-8"
        ],
        "Expires": [
          "-1"
        ],
        "Content-Length": [
          "828"
        ],
        "Retry-After": [
          "0"
        ]
      },
      "ResponseBody": "{\r\n  \"value\": [\r\n    {\r\n      \"id\": \"/subscriptions/a1bfa635-f2bf-42f1-86b5-848c674fc321/resourceGroups/ps4198/providers/Microsoft.Resources/deployments/ps4291/operations/07E7F2BD4C6F876D\",\r\n      \"operationId\": \"07E7F2BD4C6F876D\",\r\n      \"properties\": {\r\n        \"provisioningOperation\": \"Create\",\r\n        \"provisioningState\": \"Running\",\r\n        \"timestamp\": \"2020-03-16T23:10:31.0513296Z\",\r\n        \"duration\": \"PT44.921031S\",\r\n        \"trackingId\": \"c732b454-c6a8-4c6c-89cb-15f03c5663b3\",\r\n        \"serviceRequestId\": \"f4575f42-ac5b-4e40-9b30-1e95478fd311\",\r\n        \"statusCode\": \"Created\",\r\n        \"targetResource\": {\r\n          \"id\": \"/subscriptions/a1bfa635-f2bf-42f1-86b5-848c674fc321/resourceGroups/ps4198/providers/Microsoft.Resources/deploymentScripts/PsTest-DeploymentScripts-91f2995c-9050-4ed7-a7f3-cd992f949fd6\",\r\n          \"resourceType\": \"Microsoft.Resources/deploymentScripts\",\r\n          \"resourceName\": \"PsTest-DeploymentScripts-91f2995c-9050-4ed7-a7f3-cd992f949fd6\"\r\n        }\r\n      }\r\n    }\r\n  ]\r\n}",
      "StatusCode": 200
    },
    {
      "RequestUri": "/subscriptions/a1bfa635-f2bf-42f1-86b5-848c674fc321/resourcegroups/ps4198/deployments/ps4291/operations?api-version=2019-07-01",
      "EncodedRequestUri": "L3N1YnNjcmlwdGlvbnMvYTFiZmE2MzUtZjJiZi00MmYxLTg2YjUtODQ4YzY3NGZjMzIxL3Jlc291cmNlZ3JvdXBzL3BzNDE5OC9kZXBsb3ltZW50cy9wczQyOTEvb3BlcmF0aW9ucz9hcGktdmVyc2lvbj0yMDE5LTA3LTAx",
      "RequestMethod": "GET",
      "RequestBody": "",
      "RequestHeaders": {
        "x-ms-client-request-id": [
          "f71c045a-7b82-4c8f-a0b5-916ea5ba1f53"
        ],
        "Accept-Language": [
          "en-US"
        ],
        "User-Agent": [
          "FxVersion/4.6.28207.03",
          "OSName/Windows",
          "OSVersion/Microsoft.Windows.10.0.18363.",
          "Microsoft.Azure.Management.ResourceManager.ResourceManagementClient/3.0.0.0"
        ]
      },
      "ResponseHeaders": {
        "Cache-Control": [
          "no-cache"
        ],
        "Pragma": [
          "no-cache"
        ],
        "x-ms-ratelimit-remaining-subscription-reads": [
          "11983"
        ],
        "x-ms-request-id": [
          "f35994b9-37af-4af8-8771-7f87926e7407"
        ],
        "x-ms-correlation-request-id": [
          "f35994b9-37af-4af8-8771-7f87926e7407"
        ],
        "x-ms-routing-request-id": [
          "WESTUS:20200316T231041Z:f35994b9-37af-4af8-8771-7f87926e7407"
        ],
        "Strict-Transport-Security": [
          "max-age=31536000; includeSubDomains"
        ],
        "X-Content-Type-Options": [
          "nosniff"
        ],
        "Date": [
          "Mon, 16 Mar 2020 23:10:40 GMT"
        ],
        "Content-Type": [
          "application/json; charset=utf-8"
        ],
        "Expires": [
          "-1"
        ],
        "Content-Length": [
          "828"
        ],
        "Retry-After": [
          "0"
        ]
      },
      "ResponseBody": "{\r\n  \"value\": [\r\n    {\r\n      \"id\": \"/subscriptions/a1bfa635-f2bf-42f1-86b5-848c674fc321/resourceGroups/ps4198/providers/Microsoft.Resources/deployments/ps4291/operations/07E7F2BD4C6F876D\",\r\n      \"operationId\": \"07E7F2BD4C6F876D\",\r\n      \"properties\": {\r\n        \"provisioningOperation\": \"Create\",\r\n        \"provisioningState\": \"Running\",\r\n        \"timestamp\": \"2020-03-16T23:10:31.0513296Z\",\r\n        \"duration\": \"PT44.921031S\",\r\n        \"trackingId\": \"c732b454-c6a8-4c6c-89cb-15f03c5663b3\",\r\n        \"serviceRequestId\": \"f4575f42-ac5b-4e40-9b30-1e95478fd311\",\r\n        \"statusCode\": \"Created\",\r\n        \"targetResource\": {\r\n          \"id\": \"/subscriptions/a1bfa635-f2bf-42f1-86b5-848c674fc321/resourceGroups/ps4198/providers/Microsoft.Resources/deploymentScripts/PsTest-DeploymentScripts-91f2995c-9050-4ed7-a7f3-cd992f949fd6\",\r\n          \"resourceType\": \"Microsoft.Resources/deploymentScripts\",\r\n          \"resourceName\": \"PsTest-DeploymentScripts-91f2995c-9050-4ed7-a7f3-cd992f949fd6\"\r\n        }\r\n      }\r\n    }\r\n  ]\r\n}",
      "StatusCode": 200
    },
    {
      "RequestUri": "/subscriptions/a1bfa635-f2bf-42f1-86b5-848c674fc321/resourcegroups/ps4198/deployments/ps4291/operations?api-version=2019-07-01",
      "EncodedRequestUri": "L3N1YnNjcmlwdGlvbnMvYTFiZmE2MzUtZjJiZi00MmYxLTg2YjUtODQ4YzY3NGZjMzIxL3Jlc291cmNlZ3JvdXBzL3BzNDE5OC9kZXBsb3ltZW50cy9wczQyOTEvb3BlcmF0aW9ucz9hcGktdmVyc2lvbj0yMDE5LTA3LTAx",
      "RequestMethod": "GET",
      "RequestBody": "",
      "RequestHeaders": {
        "x-ms-client-request-id": [
          "077aa283-f4e2-4a7b-b399-e8d7fe198904"
        ],
        "Accept-Language": [
          "en-US"
        ],
        "User-Agent": [
          "FxVersion/4.6.28207.03",
          "OSName/Windows",
          "OSVersion/Microsoft.Windows.10.0.18363.",
          "Microsoft.Azure.Management.ResourceManager.ResourceManagementClient/3.0.0.0"
        ]
      },
      "ResponseHeaders": {
        "Cache-Control": [
          "no-cache"
        ],
        "Pragma": [
          "no-cache"
        ],
        "x-ms-ratelimit-remaining-subscription-reads": [
          "11981"
        ],
        "x-ms-request-id": [
          "03798fa7-92f2-4424-bed8-8f927c77fc13"
        ],
        "x-ms-correlation-request-id": [
          "03798fa7-92f2-4424-bed8-8f927c77fc13"
        ],
        "x-ms-routing-request-id": [
          "WESTUS:20200316T231046Z:03798fa7-92f2-4424-bed8-8f927c77fc13"
        ],
        "Strict-Transport-Security": [
          "max-age=31536000; includeSubDomains"
        ],
        "X-Content-Type-Options": [
          "nosniff"
        ],
        "Date": [
          "Mon, 16 Mar 2020 23:10:46 GMT"
        ],
        "Content-Type": [
          "application/json; charset=utf-8"
        ],
        "Expires": [
          "-1"
        ],
        "Content-Length": [
          "829"
        ],
        "Retry-After": [
          "0"
        ]
      },
      "ResponseBody": "{\r\n  \"value\": [\r\n    {\r\n      \"id\": \"/subscriptions/a1bfa635-f2bf-42f1-86b5-848c674fc321/resourceGroups/ps4198/providers/Microsoft.Resources/deployments/ps4291/operations/07E7F2BD4C6F876D\",\r\n      \"operationId\": \"07E7F2BD4C6F876D\",\r\n      \"properties\": {\r\n        \"provisioningOperation\": \"Create\",\r\n        \"provisioningState\": \"Running\",\r\n        \"timestamp\": \"2020-03-16T23:10:42.4331219Z\",\r\n        \"duration\": \"PT56.3028233S\",\r\n        \"trackingId\": \"39152342-2e68-41b1-95f8-28146b9a25b3\",\r\n        \"serviceRequestId\": \"f4575f42-ac5b-4e40-9b30-1e95478fd311\",\r\n        \"statusCode\": \"Created\",\r\n        \"targetResource\": {\r\n          \"id\": \"/subscriptions/a1bfa635-f2bf-42f1-86b5-848c674fc321/resourceGroups/ps4198/providers/Microsoft.Resources/deploymentScripts/PsTest-DeploymentScripts-91f2995c-9050-4ed7-a7f3-cd992f949fd6\",\r\n          \"resourceType\": \"Microsoft.Resources/deploymentScripts\",\r\n          \"resourceName\": \"PsTest-DeploymentScripts-91f2995c-9050-4ed7-a7f3-cd992f949fd6\"\r\n        }\r\n      }\r\n    }\r\n  ]\r\n}",
      "StatusCode": 200
    },
    {
      "RequestUri": "/subscriptions/a1bfa635-f2bf-42f1-86b5-848c674fc321/resourcegroups/ps4198/deployments/ps4291/operations?api-version=2019-07-01",
      "EncodedRequestUri": "L3N1YnNjcmlwdGlvbnMvYTFiZmE2MzUtZjJiZi00MmYxLTg2YjUtODQ4YzY3NGZjMzIxL3Jlc291cmNlZ3JvdXBzL3BzNDE5OC9kZXBsb3ltZW50cy9wczQyOTEvb3BlcmF0aW9ucz9hcGktdmVyc2lvbj0yMDE5LTA3LTAx",
      "RequestMethod": "GET",
      "RequestBody": "",
      "RequestHeaders": {
        "x-ms-client-request-id": [
          "641ae64f-4807-4c48-89b8-9a1960df791f"
        ],
        "Accept-Language": [
          "en-US"
        ],
        "User-Agent": [
          "FxVersion/4.6.28207.03",
          "OSName/Windows",
          "OSVersion/Microsoft.Windows.10.0.18363.",
          "Microsoft.Azure.Management.ResourceManager.ResourceManagementClient/3.0.0.0"
        ]
      },
      "ResponseHeaders": {
        "Cache-Control": [
          "no-cache"
        ],
        "Pragma": [
          "no-cache"
        ],
        "x-ms-ratelimit-remaining-subscription-reads": [
          "11979"
        ],
        "x-ms-request-id": [
          "4c680303-ff88-48b5-aa38-12b3eb9fa4f5"
        ],
        "x-ms-correlation-request-id": [
          "4c680303-ff88-48b5-aa38-12b3eb9fa4f5"
        ],
        "x-ms-routing-request-id": [
          "WESTUS:20200316T231054Z:4c680303-ff88-48b5-aa38-12b3eb9fa4f5"
        ],
        "Strict-Transport-Security": [
          "max-age=31536000; includeSubDomains"
        ],
        "X-Content-Type-Options": [
          "nosniff"
        ],
        "Date": [
          "Mon, 16 Mar 2020 23:10:53 GMT"
        ],
        "Content-Type": [
          "application/json; charset=utf-8"
        ],
        "Expires": [
          "-1"
        ],
        "Content-Length": [
          "830"
        ],
        "Retry-After": [
          "0"
        ]
      },
      "ResponseBody": "{\r\n  \"value\": [\r\n    {\r\n      \"id\": \"/subscriptions/a1bfa635-f2bf-42f1-86b5-848c674fc321/resourceGroups/ps4198/providers/Microsoft.Resources/deployments/ps4291/operations/07E7F2BD4C6F876D\",\r\n      \"operationId\": \"07E7F2BD4C6F876D\",\r\n      \"properties\": {\r\n        \"provisioningOperation\": \"Create\",\r\n        \"provisioningState\": \"Running\",\r\n        \"timestamp\": \"2020-03-16T23:10:53.6654575Z\",\r\n        \"duration\": \"PT1M7.5351589S\",\r\n        \"trackingId\": \"b53c13f4-194b-4725-b145-7c7bfbbe1ab2\",\r\n        \"serviceRequestId\": \"f4575f42-ac5b-4e40-9b30-1e95478fd311\",\r\n        \"statusCode\": \"Created\",\r\n        \"targetResource\": {\r\n          \"id\": \"/subscriptions/a1bfa635-f2bf-42f1-86b5-848c674fc321/resourceGroups/ps4198/providers/Microsoft.Resources/deploymentScripts/PsTest-DeploymentScripts-91f2995c-9050-4ed7-a7f3-cd992f949fd6\",\r\n          \"resourceType\": \"Microsoft.Resources/deploymentScripts\",\r\n          \"resourceName\": \"PsTest-DeploymentScripts-91f2995c-9050-4ed7-a7f3-cd992f949fd6\"\r\n        }\r\n      }\r\n    }\r\n  ]\r\n}",
      "StatusCode": 200
    },
    {
      "RequestUri": "/subscriptions/a1bfa635-f2bf-42f1-86b5-848c674fc321/resourcegroups/ps4198/deployments/ps4291/operations?api-version=2019-07-01",
      "EncodedRequestUri": "L3N1YnNjcmlwdGlvbnMvYTFiZmE2MzUtZjJiZi00MmYxLTg2YjUtODQ4YzY3NGZjMzIxL3Jlc291cmNlZ3JvdXBzL3BzNDE5OC9kZXBsb3ltZW50cy9wczQyOTEvb3BlcmF0aW9ucz9hcGktdmVyc2lvbj0yMDE5LTA3LTAx",
      "RequestMethod": "GET",
      "RequestBody": "",
      "RequestHeaders": {
        "x-ms-client-request-id": [
          "56d8f799-3dfa-49ea-901a-7606c9bc703c"
        ],
        "Accept-Language": [
          "en-US"
        ],
        "User-Agent": [
          "FxVersion/4.6.28207.03",
          "OSName/Windows",
          "OSVersion/Microsoft.Windows.10.0.18363.",
          "Microsoft.Azure.Management.ResourceManager.ResourceManagementClient/3.0.0.0"
        ]
      },
      "ResponseHeaders": {
        "Cache-Control": [
          "no-cache"
        ],
        "Pragma": [
          "no-cache"
        ],
        "x-ms-ratelimit-remaining-subscription-reads": [
          "11977"
        ],
        "x-ms-request-id": [
          "32b0b20c-4ac3-4fdb-a0dd-3744e1911dc3"
        ],
        "x-ms-correlation-request-id": [
          "32b0b20c-4ac3-4fdb-a0dd-3744e1911dc3"
        ],
        "x-ms-routing-request-id": [
          "WESTUS:20200316T231106Z:32b0b20c-4ac3-4fdb-a0dd-3744e1911dc3"
        ],
        "Strict-Transport-Security": [
          "max-age=31536000; includeSubDomains"
        ],
        "X-Content-Type-Options": [
          "nosniff"
        ],
        "Date": [
          "Mon, 16 Mar 2020 23:11:05 GMT"
        ],
        "Content-Type": [
          "application/json; charset=utf-8"
        ],
        "Expires": [
          "-1"
        ],
        "Content-Length": [
          "831"
        ],
        "Retry-After": [
          "0"
        ]
      },
      "ResponseBody": "{\r\n  \"value\": [\r\n    {\r\n      \"id\": \"/subscriptions/a1bfa635-f2bf-42f1-86b5-848c674fc321/resourceGroups/ps4198/providers/Microsoft.Resources/deployments/ps4291/operations/07E7F2BD4C6F876D\",\r\n      \"operationId\": \"07E7F2BD4C6F876D\",\r\n      \"properties\": {\r\n        \"provisioningOperation\": \"Create\",\r\n        \"provisioningState\": \"Running\",\r\n        \"timestamp\": \"2020-03-16T23:11:05.2624491Z\",\r\n        \"duration\": \"PT1M19.1321505S\",\r\n        \"trackingId\": \"7b7b0d39-2747-4519-9466-2b3c067a01c3\",\r\n        \"serviceRequestId\": \"f4575f42-ac5b-4e40-9b30-1e95478fd311\",\r\n        \"statusCode\": \"Created\",\r\n        \"targetResource\": {\r\n          \"id\": \"/subscriptions/a1bfa635-f2bf-42f1-86b5-848c674fc321/resourceGroups/ps4198/providers/Microsoft.Resources/deploymentScripts/PsTest-DeploymentScripts-91f2995c-9050-4ed7-a7f3-cd992f949fd6\",\r\n          \"resourceType\": \"Microsoft.Resources/deploymentScripts\",\r\n          \"resourceName\": \"PsTest-DeploymentScripts-91f2995c-9050-4ed7-a7f3-cd992f949fd6\"\r\n        }\r\n      }\r\n    }\r\n  ]\r\n}",
      "StatusCode": 200
    },
    {
      "RequestUri": "/subscriptions/a1bfa635-f2bf-42f1-86b5-848c674fc321/resourcegroups/ps4198/deployments/ps4291/operations?api-version=2019-07-01",
      "EncodedRequestUri": "L3N1YnNjcmlwdGlvbnMvYTFiZmE2MzUtZjJiZi00MmYxLTg2YjUtODQ4YzY3NGZjMzIxL3Jlc291cmNlZ3JvdXBzL3BzNDE5OC9kZXBsb3ltZW50cy9wczQyOTEvb3BlcmF0aW9ucz9hcGktdmVyc2lvbj0yMDE5LTA3LTAx",
      "RequestMethod": "GET",
      "RequestBody": "",
      "RequestHeaders": {
        "x-ms-client-request-id": [
          "6c1ce722-e839-4d9e-9711-8f0dd2caa88c"
        ],
        "Accept-Language": [
          "en-US"
        ],
        "User-Agent": [
          "FxVersion/4.6.28207.03",
          "OSName/Windows",
          "OSVersion/Microsoft.Windows.10.0.18363.",
          "Microsoft.Azure.Management.ResourceManager.ResourceManagementClient/3.0.0.0"
        ]
      },
      "ResponseHeaders": {
        "Cache-Control": [
          "no-cache"
        ],
        "Pragma": [
          "no-cache"
        ],
        "x-ms-ratelimit-remaining-subscription-reads": [
          "11975"
        ],
        "x-ms-request-id": [
          "0c586cf6-92a1-4f92-b746-c669643173eb"
        ],
        "x-ms-correlation-request-id": [
          "0c586cf6-92a1-4f92-b746-c669643173eb"
        ],
        "x-ms-routing-request-id": [
          "WESTUS:20200316T231118Z:0c586cf6-92a1-4f92-b746-c669643173eb"
        ],
        "Strict-Transport-Security": [
          "max-age=31536000; includeSubDomains"
        ],
        "X-Content-Type-Options": [
          "nosniff"
        ],
        "Date": [
          "Mon, 16 Mar 2020 23:11:18 GMT"
        ],
        "Content-Type": [
          "application/json; charset=utf-8"
        ],
        "Expires": [
          "-1"
        ],
        "Content-Length": [
          "831"
        ],
        "Retry-After": [
          "0"
        ]
      },
      "ResponseBody": "{\r\n  \"value\": [\r\n    {\r\n      \"id\": \"/subscriptions/a1bfa635-f2bf-42f1-86b5-848c674fc321/resourceGroups/ps4198/providers/Microsoft.Resources/deployments/ps4291/operations/07E7F2BD4C6F876D\",\r\n      \"operationId\": \"07E7F2BD4C6F876D\",\r\n      \"properties\": {\r\n        \"provisioningOperation\": \"Create\",\r\n        \"provisioningState\": \"Running\",\r\n        \"timestamp\": \"2020-03-16T23:11:17.7409222Z\",\r\n        \"duration\": \"PT1M31.6106236S\",\r\n        \"trackingId\": \"bab6d057-665c-41fb-80ca-7f3f22c0b4ed\",\r\n        \"serviceRequestId\": \"f4575f42-ac5b-4e40-9b30-1e95478fd311\",\r\n        \"statusCode\": \"Created\",\r\n        \"targetResource\": {\r\n          \"id\": \"/subscriptions/a1bfa635-f2bf-42f1-86b5-848c674fc321/resourceGroups/ps4198/providers/Microsoft.Resources/deploymentScripts/PsTest-DeploymentScripts-91f2995c-9050-4ed7-a7f3-cd992f949fd6\",\r\n          \"resourceType\": \"Microsoft.Resources/deploymentScripts\",\r\n          \"resourceName\": \"PsTest-DeploymentScripts-91f2995c-9050-4ed7-a7f3-cd992f949fd6\"\r\n        }\r\n      }\r\n    }\r\n  ]\r\n}",
      "StatusCode": 200
    },
    {
      "RequestUri": "/subscriptions/a1bfa635-f2bf-42f1-86b5-848c674fc321/resourcegroups/ps4198/deployments/ps4291/operations?api-version=2019-07-01",
      "EncodedRequestUri": "L3N1YnNjcmlwdGlvbnMvYTFiZmE2MzUtZjJiZi00MmYxLTg2YjUtODQ4YzY3NGZjMzIxL3Jlc291cmNlZ3JvdXBzL3BzNDE5OC9kZXBsb3ltZW50cy9wczQyOTEvb3BlcmF0aW9ucz9hcGktdmVyc2lvbj0yMDE5LTA3LTAx",
      "RequestMethod": "GET",
      "RequestBody": "",
      "RequestHeaders": {
        "x-ms-client-request-id": [
          "1089aa1b-1b0b-4510-93fa-4f34d01cf497"
        ],
        "Accept-Language": [
          "en-US"
        ],
        "User-Agent": [
          "FxVersion/4.6.28207.03",
          "OSName/Windows",
          "OSVersion/Microsoft.Windows.10.0.18363.",
          "Microsoft.Azure.Management.ResourceManager.ResourceManagementClient/3.0.0.0"
        ]
      },
      "ResponseHeaders": {
        "Cache-Control": [
          "no-cache"
        ],
        "Pragma": [
          "no-cache"
        ],
        "x-ms-ratelimit-remaining-subscription-reads": [
          "11973"
        ],
        "x-ms-request-id": [
          "edb6682f-40e3-4094-b849-e9b19f77e931"
        ],
        "x-ms-correlation-request-id": [
          "edb6682f-40e3-4094-b849-e9b19f77e931"
        ],
        "x-ms-routing-request-id": [
          "WESTUS:20200316T231132Z:edb6682f-40e3-4094-b849-e9b19f77e931"
        ],
        "Strict-Transport-Security": [
          "max-age=31536000; includeSubDomains"
        ],
        "X-Content-Type-Options": [
          "nosniff"
        ],
        "Date": [
          "Mon, 16 Mar 2020 23:11:32 GMT"
        ],
        "Content-Type": [
          "application/json; charset=utf-8"
        ],
        "Expires": [
          "-1"
        ],
        "Content-Length": [
          "831"
        ],
        "Retry-After": [
          "0"
        ]
      },
      "ResponseBody": "{\r\n  \"value\": [\r\n    {\r\n      \"id\": \"/subscriptions/a1bfa635-f2bf-42f1-86b5-848c674fc321/resourceGroups/ps4198/providers/Microsoft.Resources/deployments/ps4291/operations/07E7F2BD4C6F876D\",\r\n      \"operationId\": \"07E7F2BD4C6F876D\",\r\n      \"properties\": {\r\n        \"provisioningOperation\": \"Create\",\r\n        \"provisioningState\": \"Running\",\r\n        \"timestamp\": \"2020-03-16T23:11:32.5089967Z\",\r\n        \"duration\": \"PT1M46.3786981S\",\r\n        \"trackingId\": \"81ec5c04-c54b-4ae5-8c58-1e1c48280f8a\",\r\n        \"serviceRequestId\": \"f4575f42-ac5b-4e40-9b30-1e95478fd311\",\r\n        \"statusCode\": \"Created\",\r\n        \"targetResource\": {\r\n          \"id\": \"/subscriptions/a1bfa635-f2bf-42f1-86b5-848c674fc321/resourceGroups/ps4198/providers/Microsoft.Resources/deploymentScripts/PsTest-DeploymentScripts-91f2995c-9050-4ed7-a7f3-cd992f949fd6\",\r\n          \"resourceType\": \"Microsoft.Resources/deploymentScripts\",\r\n          \"resourceName\": \"PsTest-DeploymentScripts-91f2995c-9050-4ed7-a7f3-cd992f949fd6\"\r\n        }\r\n      }\r\n    }\r\n  ]\r\n}",
      "StatusCode": 200
    },
    {
      "RequestUri": "/subscriptions/a1bfa635-f2bf-42f1-86b5-848c674fc321/resourcegroups/ps4198/deployments/ps4291/operations?api-version=2019-07-01",
      "EncodedRequestUri": "L3N1YnNjcmlwdGlvbnMvYTFiZmE2MzUtZjJiZi00MmYxLTg2YjUtODQ4YzY3NGZjMzIxL3Jlc291cmNlZ3JvdXBzL3BzNDE5OC9kZXBsb3ltZW50cy9wczQyOTEvb3BlcmF0aW9ucz9hcGktdmVyc2lvbj0yMDE5LTA3LTAx",
      "RequestMethod": "GET",
      "RequestBody": "",
      "RequestHeaders": {
        "x-ms-client-request-id": [
          "2d49b3fc-aaaa-402d-8ca9-e5720cdaa9ce"
        ],
        "Accept-Language": [
          "en-US"
        ],
        "User-Agent": [
          "FxVersion/4.6.28207.03",
          "OSName/Windows",
          "OSVersion/Microsoft.Windows.10.0.18363.",
          "Microsoft.Azure.Management.ResourceManager.ResourceManagementClient/3.0.0.0"
        ]
      },
      "ResponseHeaders": {
        "Cache-Control": [
          "no-cache"
        ],
        "Pragma": [
          "no-cache"
        ],
        "x-ms-ratelimit-remaining-subscription-reads": [
          "11971"
        ],
        "x-ms-request-id": [
          "a71ad6df-4ea3-454a-a6bd-111830f00ad6"
        ],
        "x-ms-correlation-request-id": [
          "a71ad6df-4ea3-454a-a6bd-111830f00ad6"
        ],
        "x-ms-routing-request-id": [
          "WESTUS:20200316T231148Z:a71ad6df-4ea3-454a-a6bd-111830f00ad6"
        ],
        "Strict-Transport-Security": [
          "max-age=31536000; includeSubDomains"
        ],
        "X-Content-Type-Options": [
          "nosniff"
        ],
        "Date": [
          "Mon, 16 Mar 2020 23:11:47 GMT"
        ],
        "Content-Type": [
          "application/json; charset=utf-8"
        ],
        "Expires": [
          "-1"
        ],
        "Content-Length": [
          "1286"
        ],
        "Retry-After": [
          "0"
        ]
      },
      "ResponseBody": "{\r\n  \"value\": [\r\n    {\r\n      \"id\": \"/subscriptions/a1bfa635-f2bf-42f1-86b5-848c674fc321/resourceGroups/ps4198/providers/Microsoft.Resources/deployments/ps4291/operations/07E7F2BD4C6F876D\",\r\n      \"operationId\": \"07E7F2BD4C6F876D\",\r\n      \"properties\": {\r\n        \"provisioningOperation\": \"Create\",\r\n        \"provisioningState\": \"Succeeded\",\r\n        \"timestamp\": \"2020-03-16T23:11:46.8409391Z\",\r\n        \"duration\": \"PT2M0.7106405S\",\r\n        \"trackingId\": \"b9a4ea27-b559-4a7e-8b85-875bf14a3023\",\r\n        \"serviceRequestId\": \"f4575f42-ac5b-4e40-9b30-1e95478fd311\",\r\n        \"statusCode\": \"OK\",\r\n        \"targetResource\": {\r\n          \"id\": \"/subscriptions/a1bfa635-f2bf-42f1-86b5-848c674fc321/resourceGroups/ps4198/providers/Microsoft.Resources/deploymentScripts/PsTest-DeploymentScripts-91f2995c-9050-4ed7-a7f3-cd992f949fd6\",\r\n          \"resourceType\": \"Microsoft.Resources/deploymentScripts\",\r\n          \"resourceName\": \"PsTest-DeploymentScripts-91f2995c-9050-4ed7-a7f3-cd992f949fd6\"\r\n        }\r\n      }\r\n    },\r\n    {\r\n      \"id\": \"/subscriptions/a1bfa635-f2bf-42f1-86b5-848c674fc321/resourceGroups/ps4198/providers/Microsoft.Resources/deployments/ps4291/operations/08586172067007509100\",\r\n      \"operationId\": \"08586172067007509100\",\r\n      \"properties\": {\r\n        \"provisioningOperation\": \"EvaluateDeploymentOutput\",\r\n        \"provisioningState\": \"Succeeded\",\r\n        \"timestamp\": \"2020-03-16T23:11:46.9042851Z\",\r\n        \"duration\": \"PT0.0334845S\",\r\n        \"trackingId\": \"e999082e-6164-4982-aa3b-cd7ff75c575e\",\r\n        \"statusCode\": \"OK\",\r\n        \"statusMessage\": null\r\n      }\r\n    }\r\n  ]\r\n}",
      "StatusCode": 200
    },
    {
      "RequestUri": "/subscriptions/a1bfa635-f2bf-42f1-86b5-848c674fc321/resourcegroups/ps4198/providers/Microsoft.Resources/deployments/ps4291?api-version=2019-07-01",
      "EncodedRequestUri": "L3N1YnNjcmlwdGlvbnMvYTFiZmE2MzUtZjJiZi00MmYxLTg2YjUtODQ4YzY3NGZjMzIxL3Jlc291cmNlZ3JvdXBzL3BzNDE5OC9wcm92aWRlcnMvTWljcm9zb2Z0LlJlc291cmNlcy9kZXBsb3ltZW50cy9wczQyOTE/YXBpLXZlcnNpb249MjAxOS0wNy0wMQ==",
      "RequestMethod": "GET",
      "RequestBody": "",
      "RequestHeaders": {
        "x-ms-client-request-id": [
          "f0f6b0c9-ce56-4ed4-91ff-092e7ca517a2"
        ],
        "Accept-Language": [
          "en-US"
        ],
        "User-Agent": [
          "FxVersion/4.6.28207.03",
          "OSName/Windows",
          "OSVersion/Microsoft.Windows.10.0.18363.",
          "Microsoft.Azure.Management.ResourceManager.ResourceManagementClient/3.0.0.0"
        ]
      },
      "ResponseHeaders": {
        "Cache-Control": [
          "no-cache"
        ],
        "Pragma": [
          "no-cache"
        ],
        "Retry-After": [
          "0"
        ],
        "x-ms-ratelimit-remaining-subscription-reads": [
          "11998"
        ],
        "x-ms-request-id": [
          "27041577-3567-40f8-9e3c-3d98187f944a"
        ],
        "x-ms-correlation-request-id": [
          "27041577-3567-40f8-9e3c-3d98187f944a"
        ],
        "x-ms-routing-request-id": [
          "WESTUS:20200316T230950Z:27041577-3567-40f8-9e3c-3d98187f944a"
        ],
        "Strict-Transport-Security": [
          "max-age=31536000; includeSubDomains"
        ],
        "X-Content-Type-Options": [
          "nosniff"
        ],
        "Date": [
          "Mon, 16 Mar 2020 23:09:50 GMT"
        ],
        "Content-Type": [
          "application/json; charset=utf-8"
        ],
        "Expires": [
          "-1"
        ],
        "Content-Length": [
          "1367"
        ]
      },
      "ResponseBody": "{\r\n  \"id\": \"/subscriptions/a1bfa635-f2bf-42f1-86b5-848c674fc321/resourceGroups/ps4198/providers/Microsoft.Resources/deployments/ps4291\",\r\n  \"name\": \"ps4291\",\r\n  \"type\": \"Microsoft.Resources/deployments\",\r\n  \"properties\": {\r\n    \"templateHash\": \"3155418770661771574\",\r\n    \"parameters\": {\r\n      \"arguments\": {\r\n        \"type\": \"String\",\r\n        \"value\": \"'foo','bar'\"\r\n      },\r\n      \"managedIdentityId\": {\r\n        \"type\": \"String\",\r\n        \"value\": \"/subscriptions/a1bfa635-f2bf-42f1-86b5-848c674fc321/resourceGroups/Ds-TestRg/providers/Microsoft.ManagedIdentity/userAssignedIdentities/filiz-user-assigned-msi\"\r\n      },\r\n      \"scriptContent\": {\r\n        \"type\": \"String\",\r\n        \"value\": \"result=$(az group list); echo \\\"arg1 is: $1\\\"; echo \\\"arg2 is: $2\\\"; echo $result | jq -c '{Result: map({id: .id})}' > $AZ_SCRIPTS_OUTPUT_PATH\"\r\n      },\r\n      \"scriptCleanupPreference\": {\r\n        \"type\": \"String\",\r\n        \"value\": \"OnExpiration\"\r\n      },\r\n      \"retentionInterval\": {\r\n        \"type\": \"String\",\r\n        \"value\": \"P1D\"\r\n      },\r\n      \"timeout\": {\r\n        \"type\": \"String\",\r\n        \"value\": \"PT30M\"\r\n      },\r\n      \"scriptKind\": {\r\n        \"type\": \"String\",\r\n        \"value\": \"AzureCLI\"\r\n      },\r\n      \"azCliVersion\": {\r\n        \"type\": \"String\",\r\n        \"value\": \"2.0.80\"\r\n      },\r\n      \"scriptSuffix\": {\r\n        \"type\": \"String\",\r\n        \"value\": \"91f2995c-9050-4ed7-a7f3-cd992f949fd6\"\r\n      }\r\n    },\r\n    \"mode\": \"Incremental\",\r\n    \"provisioningState\": \"Running\",\r\n    \"timestamp\": \"2020-03-16T23:09:49.4167451Z\",\r\n    \"duration\": \"PT4.6900372S\",\r\n    \"correlationId\": \"ec851bb3-aa73-4e3c-a435-88477b3ed1be\",\r\n    \"providers\": [\r\n      {\r\n        \"namespace\": \"Microsoft.Resources\",\r\n        \"resourceTypes\": [\r\n          {\r\n            \"resourceType\": \"deploymentScripts\",\r\n            \"locations\": [\r\n              \"westus2\"\r\n            ]\r\n          }\r\n        ]\r\n      }\r\n    ],\r\n    \"dependencies\": []\r\n  }\r\n}",
      "StatusCode": 200
    },
    {
      "RequestUri": "/subscriptions/a1bfa635-f2bf-42f1-86b5-848c674fc321/resourcegroups/ps4198/providers/Microsoft.Resources/deployments/ps4291?api-version=2019-07-01",
      "EncodedRequestUri": "L3N1YnNjcmlwdGlvbnMvYTFiZmE2MzUtZjJiZi00MmYxLTg2YjUtODQ4YzY3NGZjMzIxL3Jlc291cmNlZ3JvdXBzL3BzNDE5OC9wcm92aWRlcnMvTWljcm9zb2Z0LlJlc291cmNlcy9kZXBsb3ltZW50cy9wczQyOTE/YXBpLXZlcnNpb249MjAxOS0wNy0wMQ==",
      "RequestMethod": "GET",
      "RequestBody": "",
      "RequestHeaders": {
        "x-ms-client-request-id": [
          "29d59d88-ca8d-4d11-8704-190436c73bb7"
        ],
        "Accept-Language": [
          "en-US"
        ],
        "User-Agent": [
          "FxVersion/4.6.28207.03",
          "OSName/Windows",
          "OSVersion/Microsoft.Windows.10.0.18363.",
          "Microsoft.Azure.Management.ResourceManager.ResourceManagementClient/3.0.0.0"
        ]
      },
      "ResponseHeaders": {
        "Cache-Control": [
          "no-cache"
        ],
        "Pragma": [
          "no-cache"
        ],
        "Retry-After": [
          "0"
        ],
        "x-ms-ratelimit-remaining-subscription-reads": [
          "11996"
        ],
        "x-ms-request-id": [
          "c4924a7e-da67-481c-9d84-1bdcb38174cc"
        ],
        "x-ms-correlation-request-id": [
          "c4924a7e-da67-481c-9d84-1bdcb38174cc"
        ],
        "x-ms-routing-request-id": [
          "WESTUS:20200316T230955Z:c4924a7e-da67-481c-9d84-1bdcb38174cc"
        ],
        "Strict-Transport-Security": [
          "max-age=31536000; includeSubDomains"
        ],
        "X-Content-Type-Options": [
          "nosniff"
        ],
        "Date": [
          "Mon, 16 Mar 2020 23:09:55 GMT"
        ],
        "Content-Type": [
          "application/json; charset=utf-8"
        ],
        "Expires": [
          "-1"
        ],
        "Content-Length": [
          "1367"
        ]
      },
      "ResponseBody": "{\r\n  \"id\": \"/subscriptions/a1bfa635-f2bf-42f1-86b5-848c674fc321/resourceGroups/ps4198/providers/Microsoft.Resources/deployments/ps4291\",\r\n  \"name\": \"ps4291\",\r\n  \"type\": \"Microsoft.Resources/deployments\",\r\n  \"properties\": {\r\n    \"templateHash\": \"3155418770661771574\",\r\n    \"parameters\": {\r\n      \"arguments\": {\r\n        \"type\": \"String\",\r\n        \"value\": \"'foo','bar'\"\r\n      },\r\n      \"managedIdentityId\": {\r\n        \"type\": \"String\",\r\n        \"value\": \"/subscriptions/a1bfa635-f2bf-42f1-86b5-848c674fc321/resourceGroups/Ds-TestRg/providers/Microsoft.ManagedIdentity/userAssignedIdentities/filiz-user-assigned-msi\"\r\n      },\r\n      \"scriptContent\": {\r\n        \"type\": \"String\",\r\n        \"value\": \"result=$(az group list); echo \\\"arg1 is: $1\\\"; echo \\\"arg2 is: $2\\\"; echo $result | jq -c '{Result: map({id: .id})}' > $AZ_SCRIPTS_OUTPUT_PATH\"\r\n      },\r\n      \"scriptCleanupPreference\": {\r\n        \"type\": \"String\",\r\n        \"value\": \"OnExpiration\"\r\n      },\r\n      \"retentionInterval\": {\r\n        \"type\": \"String\",\r\n        \"value\": \"P1D\"\r\n      },\r\n      \"timeout\": {\r\n        \"type\": \"String\",\r\n        \"value\": \"PT30M\"\r\n      },\r\n      \"scriptKind\": {\r\n        \"type\": \"String\",\r\n        \"value\": \"AzureCLI\"\r\n      },\r\n      \"azCliVersion\": {\r\n        \"type\": \"String\",\r\n        \"value\": \"2.0.80\"\r\n      },\r\n      \"scriptSuffix\": {\r\n        \"type\": \"String\",\r\n        \"value\": \"91f2995c-9050-4ed7-a7f3-cd992f949fd6\"\r\n      }\r\n    },\r\n    \"mode\": \"Incremental\",\r\n    \"provisioningState\": \"Running\",\r\n    \"timestamp\": \"2020-03-16T23:09:53.6798028Z\",\r\n    \"duration\": \"PT8.9530949S\",\r\n    \"correlationId\": \"ec851bb3-aa73-4e3c-a435-88477b3ed1be\",\r\n    \"providers\": [\r\n      {\r\n        \"namespace\": \"Microsoft.Resources\",\r\n        \"resourceTypes\": [\r\n          {\r\n            \"resourceType\": \"deploymentScripts\",\r\n            \"locations\": [\r\n              \"westus2\"\r\n            ]\r\n          }\r\n        ]\r\n      }\r\n    ],\r\n    \"dependencies\": []\r\n  }\r\n}",
      "StatusCode": 200
    },
    {
      "RequestUri": "/subscriptions/a1bfa635-f2bf-42f1-86b5-848c674fc321/resourcegroups/ps4198/providers/Microsoft.Resources/deployments/ps4291?api-version=2019-07-01",
      "EncodedRequestUri": "L3N1YnNjcmlwdGlvbnMvYTFiZmE2MzUtZjJiZi00MmYxLTg2YjUtODQ4YzY3NGZjMzIxL3Jlc291cmNlZ3JvdXBzL3BzNDE5OC9wcm92aWRlcnMvTWljcm9zb2Z0LlJlc291cmNlcy9kZXBsb3ltZW50cy9wczQyOTE/YXBpLXZlcnNpb249MjAxOS0wNy0wMQ==",
      "RequestMethod": "GET",
      "RequestBody": "",
      "RequestHeaders": {
        "x-ms-client-request-id": [
          "fd878328-81e5-45d3-bf68-58cc7f4ae9f3"
        ],
        "Accept-Language": [
          "en-US"
        ],
        "User-Agent": [
          "FxVersion/4.6.28207.03",
          "OSName/Windows",
          "OSVersion/Microsoft.Windows.10.0.18363.",
          "Microsoft.Azure.Management.ResourceManager.ResourceManagementClient/3.0.0.0"
        ]
      },
      "ResponseHeaders": {
        "Cache-Control": [
          "no-cache"
        ],
        "Pragma": [
          "no-cache"
        ],
        "Retry-After": [
          "0"
        ],
        "x-ms-ratelimit-remaining-subscription-reads": [
          "11994"
        ],
        "x-ms-request-id": [
          "0a7624c1-89db-4c33-8ede-10e2dc8442cc"
        ],
        "x-ms-correlation-request-id": [
          "0a7624c1-89db-4c33-8ede-10e2dc8442cc"
        ],
        "x-ms-routing-request-id": [
          "WESTUS:20200316T231000Z:0a7624c1-89db-4c33-8ede-10e2dc8442cc"
        ],
        "Strict-Transport-Security": [
          "max-age=31536000; includeSubDomains"
        ],
        "X-Content-Type-Options": [
          "nosniff"
        ],
        "Date": [
          "Mon, 16 Mar 2020 23:10:00 GMT"
        ],
        "Content-Type": [
          "application/json; charset=utf-8"
        ],
        "Expires": [
          "-1"
        ],
        "Content-Length": [
          "1368"
        ]
      },
      "ResponseBody": "{\r\n  \"id\": \"/subscriptions/a1bfa635-f2bf-42f1-86b5-848c674fc321/resourceGroups/ps4198/providers/Microsoft.Resources/deployments/ps4291\",\r\n  \"name\": \"ps4291\",\r\n  \"type\": \"Microsoft.Resources/deployments\",\r\n  \"properties\": {\r\n    \"templateHash\": \"3155418770661771574\",\r\n    \"parameters\": {\r\n      \"arguments\": {\r\n        \"type\": \"String\",\r\n        \"value\": \"'foo','bar'\"\r\n      },\r\n      \"managedIdentityId\": {\r\n        \"type\": \"String\",\r\n        \"value\": \"/subscriptions/a1bfa635-f2bf-42f1-86b5-848c674fc321/resourceGroups/Ds-TestRg/providers/Microsoft.ManagedIdentity/userAssignedIdentities/filiz-user-assigned-msi\"\r\n      },\r\n      \"scriptContent\": {\r\n        \"type\": \"String\",\r\n        \"value\": \"result=$(az group list); echo \\\"arg1 is: $1\\\"; echo \\\"arg2 is: $2\\\"; echo $result | jq -c '{Result: map({id: .id})}' > $AZ_SCRIPTS_OUTPUT_PATH\"\r\n      },\r\n      \"scriptCleanupPreference\": {\r\n        \"type\": \"String\",\r\n        \"value\": \"OnExpiration\"\r\n      },\r\n      \"retentionInterval\": {\r\n        \"type\": \"String\",\r\n        \"value\": \"P1D\"\r\n      },\r\n      \"timeout\": {\r\n        \"type\": \"String\",\r\n        \"value\": \"PT30M\"\r\n      },\r\n      \"scriptKind\": {\r\n        \"type\": \"String\",\r\n        \"value\": \"AzureCLI\"\r\n      },\r\n      \"azCliVersion\": {\r\n        \"type\": \"String\",\r\n        \"value\": \"2.0.80\"\r\n      },\r\n      \"scriptSuffix\": {\r\n        \"type\": \"String\",\r\n        \"value\": \"91f2995c-9050-4ed7-a7f3-cd992f949fd6\"\r\n      }\r\n    },\r\n    \"mode\": \"Incremental\",\r\n    \"provisioningState\": \"Running\",\r\n    \"timestamp\": \"2020-03-16T23:09:57.7342353Z\",\r\n    \"duration\": \"PT13.0075274S\",\r\n    \"correlationId\": \"ec851bb3-aa73-4e3c-a435-88477b3ed1be\",\r\n    \"providers\": [\r\n      {\r\n        \"namespace\": \"Microsoft.Resources\",\r\n        \"resourceTypes\": [\r\n          {\r\n            \"resourceType\": \"deploymentScripts\",\r\n            \"locations\": [\r\n              \"westus2\"\r\n            ]\r\n          }\r\n        ]\r\n      }\r\n    ],\r\n    \"dependencies\": []\r\n  }\r\n}",
      "StatusCode": 200
    },
    {
      "RequestUri": "/subscriptions/a1bfa635-f2bf-42f1-86b5-848c674fc321/resourcegroups/ps4198/providers/Microsoft.Resources/deployments/ps4291?api-version=2019-07-01",
      "EncodedRequestUri": "L3N1YnNjcmlwdGlvbnMvYTFiZmE2MzUtZjJiZi00MmYxLTg2YjUtODQ4YzY3NGZjMzIxL3Jlc291cmNlZ3JvdXBzL3BzNDE5OC9wcm92aWRlcnMvTWljcm9zb2Z0LlJlc291cmNlcy9kZXBsb3ltZW50cy9wczQyOTE/YXBpLXZlcnNpb249MjAxOS0wNy0wMQ==",
      "RequestMethod": "GET",
      "RequestBody": "",
      "RequestHeaders": {
        "x-ms-client-request-id": [
          "d0baa3fd-c741-4a34-8da6-6bae5f64dd98"
        ],
        "Accept-Language": [
          "en-US"
        ],
        "User-Agent": [
          "FxVersion/4.6.28207.03",
          "OSName/Windows",
          "OSVersion/Microsoft.Windows.10.0.18363.",
          "Microsoft.Azure.Management.ResourceManager.ResourceManagementClient/3.0.0.0"
        ]
      },
      "ResponseHeaders": {
        "Cache-Control": [
          "no-cache"
        ],
        "Pragma": [
          "no-cache"
        ],
        "Retry-After": [
          "0"
        ],
        "x-ms-ratelimit-remaining-subscription-reads": [
          "11992"
        ],
        "x-ms-request-id": [
          "dcf869b7-37d4-4e74-8791-b79ad4f836c0"
        ],
        "x-ms-correlation-request-id": [
          "dcf869b7-37d4-4e74-8791-b79ad4f836c0"
        ],
        "x-ms-routing-request-id": [
          "WESTUS:20200316T231006Z:dcf869b7-37d4-4e74-8791-b79ad4f836c0"
        ],
        "Strict-Transport-Security": [
          "max-age=31536000; includeSubDomains"
        ],
        "X-Content-Type-Options": [
          "nosniff"
        ],
        "Date": [
          "Mon, 16 Mar 2020 23:10:05 GMT"
        ],
        "Content-Type": [
          "application/json; charset=utf-8"
        ],
        "Expires": [
          "-1"
        ],
        "Content-Length": [
          "1367"
        ]
      },
      "ResponseBody": "{\r\n  \"id\": \"/subscriptions/a1bfa635-f2bf-42f1-86b5-848c674fc321/resourceGroups/ps4198/providers/Microsoft.Resources/deployments/ps4291\",\r\n  \"name\": \"ps4291\",\r\n  \"type\": \"Microsoft.Resources/deployments\",\r\n  \"properties\": {\r\n    \"templateHash\": \"3155418770661771574\",\r\n    \"parameters\": {\r\n      \"arguments\": {\r\n        \"type\": \"String\",\r\n        \"value\": \"'foo','bar'\"\r\n      },\r\n      \"managedIdentityId\": {\r\n        \"type\": \"String\",\r\n        \"value\": \"/subscriptions/a1bfa635-f2bf-42f1-86b5-848c674fc321/resourceGroups/Ds-TestRg/providers/Microsoft.ManagedIdentity/userAssignedIdentities/filiz-user-assigned-msi\"\r\n      },\r\n      \"scriptContent\": {\r\n        \"type\": \"String\",\r\n        \"value\": \"result=$(az group list); echo \\\"arg1 is: $1\\\"; echo \\\"arg2 is: $2\\\"; echo $result | jq -c '{Result: map({id: .id})}' > $AZ_SCRIPTS_OUTPUT_PATH\"\r\n      },\r\n      \"scriptCleanupPreference\": {\r\n        \"type\": \"String\",\r\n        \"value\": \"OnExpiration\"\r\n      },\r\n      \"retentionInterval\": {\r\n        \"type\": \"String\",\r\n        \"value\": \"P1D\"\r\n      },\r\n      \"timeout\": {\r\n        \"type\": \"String\",\r\n        \"value\": \"PT30M\"\r\n      },\r\n      \"scriptKind\": {\r\n        \"type\": \"String\",\r\n        \"value\": \"AzureCLI\"\r\n      },\r\n      \"azCliVersion\": {\r\n        \"type\": \"String\",\r\n        \"value\": \"2.0.80\"\r\n      },\r\n      \"scriptSuffix\": {\r\n        \"type\": \"String\",\r\n        \"value\": \"91f2995c-9050-4ed7-a7f3-cd992f949fd6\"\r\n      }\r\n    },\r\n    \"mode\": \"Incremental\",\r\n    \"provisioningState\": \"Running\",\r\n    \"timestamp\": \"2020-03-16T23:10:02.6847729Z\",\r\n    \"duration\": \"PT17.958065S\",\r\n    \"correlationId\": \"ec851bb3-aa73-4e3c-a435-88477b3ed1be\",\r\n    \"providers\": [\r\n      {\r\n        \"namespace\": \"Microsoft.Resources\",\r\n        \"resourceTypes\": [\r\n          {\r\n            \"resourceType\": \"deploymentScripts\",\r\n            \"locations\": [\r\n              \"westus2\"\r\n            ]\r\n          }\r\n        ]\r\n      }\r\n    ],\r\n    \"dependencies\": []\r\n  }\r\n}",
      "StatusCode": 200
    },
    {
      "RequestUri": "/subscriptions/a1bfa635-f2bf-42f1-86b5-848c674fc321/resourcegroups/ps4198/providers/Microsoft.Resources/deployments/ps4291?api-version=2019-07-01",
      "EncodedRequestUri": "L3N1YnNjcmlwdGlvbnMvYTFiZmE2MzUtZjJiZi00MmYxLTg2YjUtODQ4YzY3NGZjMzIxL3Jlc291cmNlZ3JvdXBzL3BzNDE5OC9wcm92aWRlcnMvTWljcm9zb2Z0LlJlc291cmNlcy9kZXBsb3ltZW50cy9wczQyOTE/YXBpLXZlcnNpb249MjAxOS0wNy0wMQ==",
      "RequestMethod": "GET",
      "RequestBody": "",
      "RequestHeaders": {
        "x-ms-client-request-id": [
          "2ce392a9-6782-46d2-af49-bbf921809d6a"
        ],
        "Accept-Language": [
          "en-US"
        ],
        "User-Agent": [
          "FxVersion/4.6.28207.03",
          "OSName/Windows",
          "OSVersion/Microsoft.Windows.10.0.18363.",
          "Microsoft.Azure.Management.ResourceManager.ResourceManagementClient/3.0.0.0"
        ]
      },
      "ResponseHeaders": {
        "Cache-Control": [
          "no-cache"
        ],
        "Pragma": [
          "no-cache"
        ],
        "Retry-After": [
          "0"
        ],
        "x-ms-ratelimit-remaining-subscription-reads": [
          "11990"
        ],
        "x-ms-request-id": [
          "64b67719-b231-4e7f-8944-57b08bd9a064"
        ],
        "x-ms-correlation-request-id": [
          "64b67719-b231-4e7f-8944-57b08bd9a064"
        ],
        "x-ms-routing-request-id": [
          "WESTUS:20200316T231011Z:64b67719-b231-4e7f-8944-57b08bd9a064"
        ],
        "Strict-Transport-Security": [
          "max-age=31536000; includeSubDomains"
        ],
        "X-Content-Type-Options": [
          "nosniff"
        ],
        "Date": [
          "Mon, 16 Mar 2020 23:10:11 GMT"
        ],
        "Content-Type": [
          "application/json; charset=utf-8"
        ],
        "Expires": [
          "-1"
        ],
        "Content-Length": [
          "1368"
        ]
      },
      "ResponseBody": "{\r\n  \"id\": \"/subscriptions/a1bfa635-f2bf-42f1-86b5-848c674fc321/resourceGroups/ps4198/providers/Microsoft.Resources/deployments/ps4291\",\r\n  \"name\": \"ps4291\",\r\n  \"type\": \"Microsoft.Resources/deployments\",\r\n  \"properties\": {\r\n    \"templateHash\": \"3155418770661771574\",\r\n    \"parameters\": {\r\n      \"arguments\": {\r\n        \"type\": \"String\",\r\n        \"value\": \"'foo','bar'\"\r\n      },\r\n      \"managedIdentityId\": {\r\n        \"type\": \"String\",\r\n        \"value\": \"/subscriptions/a1bfa635-f2bf-42f1-86b5-848c674fc321/resourceGroups/Ds-TestRg/providers/Microsoft.ManagedIdentity/userAssignedIdentities/filiz-user-assigned-msi\"\r\n      },\r\n      \"scriptContent\": {\r\n        \"type\": \"String\",\r\n        \"value\": \"result=$(az group list); echo \\\"arg1 is: $1\\\"; echo \\\"arg2 is: $2\\\"; echo $result | jq -c '{Result: map({id: .id})}' > $AZ_SCRIPTS_OUTPUT_PATH\"\r\n      },\r\n      \"scriptCleanupPreference\": {\r\n        \"type\": \"String\",\r\n        \"value\": \"OnExpiration\"\r\n      },\r\n      \"retentionInterval\": {\r\n        \"type\": \"String\",\r\n        \"value\": \"P1D\"\r\n      },\r\n      \"timeout\": {\r\n        \"type\": \"String\",\r\n        \"value\": \"PT30M\"\r\n      },\r\n      \"scriptKind\": {\r\n        \"type\": \"String\",\r\n        \"value\": \"AzureCLI\"\r\n      },\r\n      \"azCliVersion\": {\r\n        \"type\": \"String\",\r\n        \"value\": \"2.0.80\"\r\n      },\r\n      \"scriptSuffix\": {\r\n        \"type\": \"String\",\r\n        \"value\": \"91f2995c-9050-4ed7-a7f3-cd992f949fd6\"\r\n      }\r\n    },\r\n    \"mode\": \"Incremental\",\r\n    \"provisioningState\": \"Running\",\r\n    \"timestamp\": \"2020-03-16T23:10:08.3804408Z\",\r\n    \"duration\": \"PT23.6537329S\",\r\n    \"correlationId\": \"ec851bb3-aa73-4e3c-a435-88477b3ed1be\",\r\n    \"providers\": [\r\n      {\r\n        \"namespace\": \"Microsoft.Resources\",\r\n        \"resourceTypes\": [\r\n          {\r\n            \"resourceType\": \"deploymentScripts\",\r\n            \"locations\": [\r\n              \"westus2\"\r\n            ]\r\n          }\r\n        ]\r\n      }\r\n    ],\r\n    \"dependencies\": []\r\n  }\r\n}",
      "StatusCode": 200
    },
    {
      "RequestUri": "/subscriptions/a1bfa635-f2bf-42f1-86b5-848c674fc321/resourcegroups/ps4198/providers/Microsoft.Resources/deployments/ps4291?api-version=2019-07-01",
      "EncodedRequestUri": "L3N1YnNjcmlwdGlvbnMvYTFiZmE2MzUtZjJiZi00MmYxLTg2YjUtODQ4YzY3NGZjMzIxL3Jlc291cmNlZ3JvdXBzL3BzNDE5OC9wcm92aWRlcnMvTWljcm9zb2Z0LlJlc291cmNlcy9kZXBsb3ltZW50cy9wczQyOTE/YXBpLXZlcnNpb249MjAxOS0wNy0wMQ==",
      "RequestMethod": "GET",
      "RequestBody": "",
      "RequestHeaders": {
        "x-ms-client-request-id": [
          "76db6b70-f8d1-47c5-b510-b3269895ee98"
        ],
        "Accept-Language": [
          "en-US"
        ],
        "User-Agent": [
          "FxVersion/4.6.28207.03",
          "OSName/Windows",
          "OSVersion/Microsoft.Windows.10.0.18363.",
          "Microsoft.Azure.Management.ResourceManager.ResourceManagementClient/3.0.0.0"
        ]
      },
      "ResponseHeaders": {
        "Cache-Control": [
          "no-cache"
        ],
        "Pragma": [
          "no-cache"
        ],
        "Retry-After": [
          "0"
        ],
        "x-ms-ratelimit-remaining-subscription-reads": [
          "11988"
        ],
        "x-ms-request-id": [
          "4b3eb98a-71da-4dd2-9cda-51e01e707090"
        ],
        "x-ms-correlation-request-id": [
          "4b3eb98a-71da-4dd2-9cda-51e01e707090"
        ],
        "x-ms-routing-request-id": [
          "WESTUS:20200316T231016Z:4b3eb98a-71da-4dd2-9cda-51e01e707090"
        ],
        "Strict-Transport-Security": [
          "max-age=31536000; includeSubDomains"
        ],
        "X-Content-Type-Options": [
          "nosniff"
        ],
        "Date": [
          "Mon, 16 Mar 2020 23:10:16 GMT"
        ],
        "Content-Type": [
          "application/json; charset=utf-8"
        ],
        "Expires": [
          "-1"
        ],
        "Content-Length": [
          "1368"
        ]
      },
      "ResponseBody": "{\r\n  \"id\": \"/subscriptions/a1bfa635-f2bf-42f1-86b5-848c674fc321/resourceGroups/ps4198/providers/Microsoft.Resources/deployments/ps4291\",\r\n  \"name\": \"ps4291\",\r\n  \"type\": \"Microsoft.Resources/deployments\",\r\n  \"properties\": {\r\n    \"templateHash\": \"3155418770661771574\",\r\n    \"parameters\": {\r\n      \"arguments\": {\r\n        \"type\": \"String\",\r\n        \"value\": \"'foo','bar'\"\r\n      },\r\n      \"managedIdentityId\": {\r\n        \"type\": \"String\",\r\n        \"value\": \"/subscriptions/a1bfa635-f2bf-42f1-86b5-848c674fc321/resourceGroups/Ds-TestRg/providers/Microsoft.ManagedIdentity/userAssignedIdentities/filiz-user-assigned-msi\"\r\n      },\r\n      \"scriptContent\": {\r\n        \"type\": \"String\",\r\n        \"value\": \"result=$(az group list); echo \\\"arg1 is: $1\\\"; echo \\\"arg2 is: $2\\\"; echo $result | jq -c '{Result: map({id: .id})}' > $AZ_SCRIPTS_OUTPUT_PATH\"\r\n      },\r\n      \"scriptCleanupPreference\": {\r\n        \"type\": \"String\",\r\n        \"value\": \"OnExpiration\"\r\n      },\r\n      \"retentionInterval\": {\r\n        \"type\": \"String\",\r\n        \"value\": \"P1D\"\r\n      },\r\n      \"timeout\": {\r\n        \"type\": \"String\",\r\n        \"value\": \"PT30M\"\r\n      },\r\n      \"scriptKind\": {\r\n        \"type\": \"String\",\r\n        \"value\": \"AzureCLI\"\r\n      },\r\n      \"azCliVersion\": {\r\n        \"type\": \"String\",\r\n        \"value\": \"2.0.80\"\r\n      },\r\n      \"scriptSuffix\": {\r\n        \"type\": \"String\",\r\n        \"value\": \"91f2995c-9050-4ed7-a7f3-cd992f949fd6\"\r\n      }\r\n    },\r\n    \"mode\": \"Incremental\",\r\n    \"provisioningState\": \"Running\",\r\n    \"timestamp\": \"2020-03-16T23:10:14.7621377Z\",\r\n    \"duration\": \"PT30.0354298S\",\r\n    \"correlationId\": \"ec851bb3-aa73-4e3c-a435-88477b3ed1be\",\r\n    \"providers\": [\r\n      {\r\n        \"namespace\": \"Microsoft.Resources\",\r\n        \"resourceTypes\": [\r\n          {\r\n            \"resourceType\": \"deploymentScripts\",\r\n            \"locations\": [\r\n              \"westus2\"\r\n            ]\r\n          }\r\n        ]\r\n      }\r\n    ],\r\n    \"dependencies\": []\r\n  }\r\n}",
      "StatusCode": 200
    },
    {
      "RequestUri": "/subscriptions/a1bfa635-f2bf-42f1-86b5-848c674fc321/resourcegroups/ps4198/providers/Microsoft.Resources/deployments/ps4291?api-version=2019-07-01",
      "EncodedRequestUri": "L3N1YnNjcmlwdGlvbnMvYTFiZmE2MzUtZjJiZi00MmYxLTg2YjUtODQ4YzY3NGZjMzIxL3Jlc291cmNlZ3JvdXBzL3BzNDE5OC9wcm92aWRlcnMvTWljcm9zb2Z0LlJlc291cmNlcy9kZXBsb3ltZW50cy9wczQyOTE/YXBpLXZlcnNpb249MjAxOS0wNy0wMQ==",
      "RequestMethod": "GET",
      "RequestBody": "",
      "RequestHeaders": {
        "x-ms-client-request-id": [
          "7ac5ff54-528f-4311-b66a-079d788dd318"
        ],
        "Accept-Language": [
          "en-US"
        ],
        "User-Agent": [
          "FxVersion/4.6.28207.03",
          "OSName/Windows",
          "OSVersion/Microsoft.Windows.10.0.18363.",
          "Microsoft.Azure.Management.ResourceManager.ResourceManagementClient/3.0.0.0"
        ]
      },
      "ResponseHeaders": {
        "Cache-Control": [
          "no-cache"
        ],
        "Pragma": [
          "no-cache"
        ],
        "Retry-After": [
          "0"
        ],
        "x-ms-ratelimit-remaining-subscription-reads": [
          "11986"
        ],
        "x-ms-request-id": [
          "12c1233b-9f34-45ac-9671-f9849e91ffa3"
        ],
        "x-ms-correlation-request-id": [
          "12c1233b-9f34-45ac-9671-f9849e91ffa3"
        ],
        "x-ms-routing-request-id": [
          "WESTUS:20200316T231024Z:12c1233b-9f34-45ac-9671-f9849e91ffa3"
        ],
        "Strict-Transport-Security": [
          "max-age=31536000; includeSubDomains"
        ],
        "X-Content-Type-Options": [
          "nosniff"
        ],
        "Date": [
          "Mon, 16 Mar 2020 23:10:23 GMT"
        ],
        "Content-Type": [
          "application/json; charset=utf-8"
        ],
        "Expires": [
          "-1"
        ],
        "Content-Length": [
          "1368"
        ]
      },
      "ResponseBody": "{\r\n  \"id\": \"/subscriptions/a1bfa635-f2bf-42f1-86b5-848c674fc321/resourceGroups/ps4198/providers/Microsoft.Resources/deployments/ps4291\",\r\n  \"name\": \"ps4291\",\r\n  \"type\": \"Microsoft.Resources/deployments\",\r\n  \"properties\": {\r\n    \"templateHash\": \"3155418770661771574\",\r\n    \"parameters\": {\r\n      \"arguments\": {\r\n        \"type\": \"String\",\r\n        \"value\": \"'foo','bar'\"\r\n      },\r\n      \"managedIdentityId\": {\r\n        \"type\": \"String\",\r\n        \"value\": \"/subscriptions/a1bfa635-f2bf-42f1-86b5-848c674fc321/resourceGroups/Ds-TestRg/providers/Microsoft.ManagedIdentity/userAssignedIdentities/filiz-user-assigned-msi\"\r\n      },\r\n      \"scriptContent\": {\r\n        \"type\": \"String\",\r\n        \"value\": \"result=$(az group list); echo \\\"arg1 is: $1\\\"; echo \\\"arg2 is: $2\\\"; echo $result | jq -c '{Result: map({id: .id})}' > $AZ_SCRIPTS_OUTPUT_PATH\"\r\n      },\r\n      \"scriptCleanupPreference\": {\r\n        \"type\": \"String\",\r\n        \"value\": \"OnExpiration\"\r\n      },\r\n      \"retentionInterval\": {\r\n        \"type\": \"String\",\r\n        \"value\": \"P1D\"\r\n      },\r\n      \"timeout\": {\r\n        \"type\": \"String\",\r\n        \"value\": \"PT30M\"\r\n      },\r\n      \"scriptKind\": {\r\n        \"type\": \"String\",\r\n        \"value\": \"AzureCLI\"\r\n      },\r\n      \"azCliVersion\": {\r\n        \"type\": \"String\",\r\n        \"value\": \"2.0.80\"\r\n      },\r\n      \"scriptSuffix\": {\r\n        \"type\": \"String\",\r\n        \"value\": \"91f2995c-9050-4ed7-a7f3-cd992f949fd6\"\r\n      }\r\n    },\r\n    \"mode\": \"Incremental\",\r\n    \"provisioningState\": \"Running\",\r\n    \"timestamp\": \"2020-03-16T23:10:22.5191341Z\",\r\n    \"duration\": \"PT37.7924262S\",\r\n    \"correlationId\": \"ec851bb3-aa73-4e3c-a435-88477b3ed1be\",\r\n    \"providers\": [\r\n      {\r\n        \"namespace\": \"Microsoft.Resources\",\r\n        \"resourceTypes\": [\r\n          {\r\n            \"resourceType\": \"deploymentScripts\",\r\n            \"locations\": [\r\n              \"westus2\"\r\n            ]\r\n          }\r\n        ]\r\n      }\r\n    ],\r\n    \"dependencies\": []\r\n  }\r\n}",
      "StatusCode": 200
    },
    {
      "RequestUri": "/subscriptions/a1bfa635-f2bf-42f1-86b5-848c674fc321/resourcegroups/ps4198/providers/Microsoft.Resources/deployments/ps4291?api-version=2019-07-01",
      "EncodedRequestUri": "L3N1YnNjcmlwdGlvbnMvYTFiZmE2MzUtZjJiZi00MmYxLTg2YjUtODQ4YzY3NGZjMzIxL3Jlc291cmNlZ3JvdXBzL3BzNDE5OC9wcm92aWRlcnMvTWljcm9zb2Z0LlJlc291cmNlcy9kZXBsb3ltZW50cy9wczQyOTE/YXBpLXZlcnNpb249MjAxOS0wNy0wMQ==",
      "RequestMethod": "GET",
      "RequestBody": "",
      "RequestHeaders": {
        "x-ms-client-request-id": [
          "fbdb3c01-35ff-4cd5-b897-1f7465510c8d"
        ],
        "Accept-Language": [
          "en-US"
        ],
        "User-Agent": [
          "FxVersion/4.6.28207.03",
          "OSName/Windows",
          "OSVersion/Microsoft.Windows.10.0.18363.",
          "Microsoft.Azure.Management.ResourceManager.ResourceManagementClient/3.0.0.0"
        ]
      },
      "ResponseHeaders": {
        "Cache-Control": [
          "no-cache"
        ],
        "Pragma": [
          "no-cache"
        ],
        "Retry-After": [
          "0"
        ],
        "x-ms-ratelimit-remaining-subscription-reads": [
          "11984"
        ],
        "x-ms-request-id": [
          "1cb9793c-f61e-4191-b1b7-e713b96a149e"
        ],
        "x-ms-correlation-request-id": [
          "1cb9793c-f61e-4191-b1b7-e713b96a149e"
        ],
        "x-ms-routing-request-id": [
          "WESTUS:20200316T231032Z:1cb9793c-f61e-4191-b1b7-e713b96a149e"
        ],
        "Strict-Transport-Security": [
          "max-age=31536000; includeSubDomains"
        ],
        "X-Content-Type-Options": [
          "nosniff"
        ],
        "Date": [
          "Mon, 16 Mar 2020 23:10:31 GMT"
        ],
        "Content-Type": [
          "application/json; charset=utf-8"
        ],
        "Expires": [
          "-1"
        ],
        "Content-Length": [
          "1368"
        ]
      },
      "ResponseBody": "{\r\n  \"id\": \"/subscriptions/a1bfa635-f2bf-42f1-86b5-848c674fc321/resourceGroups/ps4198/providers/Microsoft.Resources/deployments/ps4291\",\r\n  \"name\": \"ps4291\",\r\n  \"type\": \"Microsoft.Resources/deployments\",\r\n  \"properties\": {\r\n    \"templateHash\": \"3155418770661771574\",\r\n    \"parameters\": {\r\n      \"arguments\": {\r\n        \"type\": \"String\",\r\n        \"value\": \"'foo','bar'\"\r\n      },\r\n      \"managedIdentityId\": {\r\n        \"type\": \"String\",\r\n        \"value\": \"/subscriptions/a1bfa635-f2bf-42f1-86b5-848c674fc321/resourceGroups/Ds-TestRg/providers/Microsoft.ManagedIdentity/userAssignedIdentities/filiz-user-assigned-msi\"\r\n      },\r\n      \"scriptContent\": {\r\n        \"type\": \"String\",\r\n        \"value\": \"result=$(az group list); echo \\\"arg1 is: $1\\\"; echo \\\"arg2 is: $2\\\"; echo $result | jq -c '{Result: map({id: .id})}' > $AZ_SCRIPTS_OUTPUT_PATH\"\r\n      },\r\n      \"scriptCleanupPreference\": {\r\n        \"type\": \"String\",\r\n        \"value\": \"OnExpiration\"\r\n      },\r\n      \"retentionInterval\": {\r\n        \"type\": \"String\",\r\n        \"value\": \"P1D\"\r\n      },\r\n      \"timeout\": {\r\n        \"type\": \"String\",\r\n        \"value\": \"PT30M\"\r\n      },\r\n      \"scriptKind\": {\r\n        \"type\": \"String\",\r\n        \"value\": \"AzureCLI\"\r\n      },\r\n      \"azCliVersion\": {\r\n        \"type\": \"String\",\r\n        \"value\": \"2.0.80\"\r\n      },\r\n      \"scriptSuffix\": {\r\n        \"type\": \"String\",\r\n        \"value\": \"91f2995c-9050-4ed7-a7f3-cd992f949fd6\"\r\n      }\r\n    },\r\n    \"mode\": \"Incremental\",\r\n    \"provisioningState\": \"Running\",\r\n    \"timestamp\": \"2020-03-16T23:10:30.9212868Z\",\r\n    \"duration\": \"PT46.1945789S\",\r\n    \"correlationId\": \"ec851bb3-aa73-4e3c-a435-88477b3ed1be\",\r\n    \"providers\": [\r\n      {\r\n        \"namespace\": \"Microsoft.Resources\",\r\n        \"resourceTypes\": [\r\n          {\r\n            \"resourceType\": \"deploymentScripts\",\r\n            \"locations\": [\r\n              \"westus2\"\r\n            ]\r\n          }\r\n        ]\r\n      }\r\n    ],\r\n    \"dependencies\": []\r\n  }\r\n}",
      "StatusCode": 200
    },
    {
      "RequestUri": "/subscriptions/a1bfa635-f2bf-42f1-86b5-848c674fc321/resourcegroups/ps4198/providers/Microsoft.Resources/deployments/ps4291?api-version=2019-07-01",
      "EncodedRequestUri": "L3N1YnNjcmlwdGlvbnMvYTFiZmE2MzUtZjJiZi00MmYxLTg2YjUtODQ4YzY3NGZjMzIxL3Jlc291cmNlZ3JvdXBzL3BzNDE5OC9wcm92aWRlcnMvTWljcm9zb2Z0LlJlc291cmNlcy9kZXBsb3ltZW50cy9wczQyOTE/YXBpLXZlcnNpb249MjAxOS0wNy0wMQ==",
      "RequestMethod": "GET",
      "RequestBody": "",
      "RequestHeaders": {
        "x-ms-client-request-id": [
          "5fd3f416-72d7-4898-a3f9-9a9d84838e8b"
        ],
        "Accept-Language": [
          "en-US"
        ],
        "User-Agent": [
          "FxVersion/4.6.28207.03",
          "OSName/Windows",
          "OSVersion/Microsoft.Windows.10.0.18363.",
          "Microsoft.Azure.Management.ResourceManager.ResourceManagementClient/3.0.0.0"
        ]
      },
      "ResponseHeaders": {
        "Cache-Control": [
          "no-cache"
        ],
        "Pragma": [
          "no-cache"
        ],
        "Retry-After": [
          "0"
        ],
        "x-ms-ratelimit-remaining-subscription-reads": [
          "11982"
        ],
        "x-ms-request-id": [
          "0c5169d4-5a4b-4bc1-a95b-164be5278dec"
        ],
        "x-ms-correlation-request-id": [
          "0c5169d4-5a4b-4bc1-a95b-164be5278dec"
        ],
        "x-ms-routing-request-id": [
          "WESTUS:20200316T231041Z:0c5169d4-5a4b-4bc1-a95b-164be5278dec"
        ],
        "Strict-Transport-Security": [
          "max-age=31536000; includeSubDomains"
        ],
        "X-Content-Type-Options": [
          "nosniff"
        ],
        "Date": [
          "Mon, 16 Mar 2020 23:10:40 GMT"
        ],
        "Content-Type": [
          "application/json; charset=utf-8"
        ],
        "Expires": [
          "-1"
        ],
        "Content-Length": [
          "1368"
        ]
      },
      "ResponseBody": "{\r\n  \"id\": \"/subscriptions/a1bfa635-f2bf-42f1-86b5-848c674fc321/resourceGroups/ps4198/providers/Microsoft.Resources/deployments/ps4291\",\r\n  \"name\": \"ps4291\",\r\n  \"type\": \"Microsoft.Resources/deployments\",\r\n  \"properties\": {\r\n    \"templateHash\": \"3155418770661771574\",\r\n    \"parameters\": {\r\n      \"arguments\": {\r\n        \"type\": \"String\",\r\n        \"value\": \"'foo','bar'\"\r\n      },\r\n      \"managedIdentityId\": {\r\n        \"type\": \"String\",\r\n        \"value\": \"/subscriptions/a1bfa635-f2bf-42f1-86b5-848c674fc321/resourceGroups/Ds-TestRg/providers/Microsoft.ManagedIdentity/userAssignedIdentities/filiz-user-assigned-msi\"\r\n      },\r\n      \"scriptContent\": {\r\n        \"type\": \"String\",\r\n        \"value\": \"result=$(az group list); echo \\\"arg1 is: $1\\\"; echo \\\"arg2 is: $2\\\"; echo $result | jq -c '{Result: map({id: .id})}' > $AZ_SCRIPTS_OUTPUT_PATH\"\r\n      },\r\n      \"scriptCleanupPreference\": {\r\n        \"type\": \"String\",\r\n        \"value\": \"OnExpiration\"\r\n      },\r\n      \"retentionInterval\": {\r\n        \"type\": \"String\",\r\n        \"value\": \"P1D\"\r\n      },\r\n      \"timeout\": {\r\n        \"type\": \"String\",\r\n        \"value\": \"PT30M\"\r\n      },\r\n      \"scriptKind\": {\r\n        \"type\": \"String\",\r\n        \"value\": \"AzureCLI\"\r\n      },\r\n      \"azCliVersion\": {\r\n        \"type\": \"String\",\r\n        \"value\": \"2.0.80\"\r\n      },\r\n      \"scriptSuffix\": {\r\n        \"type\": \"String\",\r\n        \"value\": \"91f2995c-9050-4ed7-a7f3-cd992f949fd6\"\r\n      }\r\n    },\r\n    \"mode\": \"Incremental\",\r\n    \"provisioningState\": \"Running\",\r\n    \"timestamp\": \"2020-03-16T23:10:30.9212868Z\",\r\n    \"duration\": \"PT46.1945789S\",\r\n    \"correlationId\": \"ec851bb3-aa73-4e3c-a435-88477b3ed1be\",\r\n    \"providers\": [\r\n      {\r\n        \"namespace\": \"Microsoft.Resources\",\r\n        \"resourceTypes\": [\r\n          {\r\n            \"resourceType\": \"deploymentScripts\",\r\n            \"locations\": [\r\n              \"westus2\"\r\n            ]\r\n          }\r\n        ]\r\n      }\r\n    ],\r\n    \"dependencies\": []\r\n  }\r\n}",
      "StatusCode": 200
    },
    {
      "RequestUri": "/subscriptions/a1bfa635-f2bf-42f1-86b5-848c674fc321/resourcegroups/ps4198/providers/Microsoft.Resources/deployments/ps4291?api-version=2019-07-01",
      "EncodedRequestUri": "L3N1YnNjcmlwdGlvbnMvYTFiZmE2MzUtZjJiZi00MmYxLTg2YjUtODQ4YzY3NGZjMzIxL3Jlc291cmNlZ3JvdXBzL3BzNDE5OC9wcm92aWRlcnMvTWljcm9zb2Z0LlJlc291cmNlcy9kZXBsb3ltZW50cy9wczQyOTE/YXBpLXZlcnNpb249MjAxOS0wNy0wMQ==",
      "RequestMethod": "GET",
      "RequestBody": "",
      "RequestHeaders": {
        "x-ms-client-request-id": [
          "09c37520-2e78-4aa2-8372-6b0916db0014"
        ],
        "Accept-Language": [
          "en-US"
        ],
        "User-Agent": [
          "FxVersion/4.6.28207.03",
          "OSName/Windows",
          "OSVersion/Microsoft.Windows.10.0.18363.",
          "Microsoft.Azure.Management.ResourceManager.ResourceManagementClient/3.0.0.0"
        ]
      },
      "ResponseHeaders": {
        "Cache-Control": [
          "no-cache"
        ],
        "Pragma": [
          "no-cache"
        ],
        "Retry-After": [
          "0"
        ],
        "x-ms-ratelimit-remaining-subscription-reads": [
          "11980"
        ],
        "x-ms-request-id": [
          "7a755131-a786-409a-80d9-03e0a5d45972"
        ],
        "x-ms-correlation-request-id": [
          "7a755131-a786-409a-80d9-03e0a5d45972"
        ],
        "x-ms-routing-request-id": [
          "WESTUS:20200316T231046Z:7a755131-a786-409a-80d9-03e0a5d45972"
        ],
        "Strict-Transport-Security": [
          "max-age=31536000; includeSubDomains"
        ],
        "X-Content-Type-Options": [
          "nosniff"
        ],
        "Date": [
          "Mon, 16 Mar 2020 23:10:46 GMT"
        ],
        "Content-Type": [
          "application/json; charset=utf-8"
        ],
        "Expires": [
          "-1"
        ],
        "Content-Length": [
          "1368"
        ]
      },
      "ResponseBody": "{\r\n  \"id\": \"/subscriptions/a1bfa635-f2bf-42f1-86b5-848c674fc321/resourceGroups/ps4198/providers/Microsoft.Resources/deployments/ps4291\",\r\n  \"name\": \"ps4291\",\r\n  \"type\": \"Microsoft.Resources/deployments\",\r\n  \"properties\": {\r\n    \"templateHash\": \"3155418770661771574\",\r\n    \"parameters\": {\r\n      \"arguments\": {\r\n        \"type\": \"String\",\r\n        \"value\": \"'foo','bar'\"\r\n      },\r\n      \"managedIdentityId\": {\r\n        \"type\": \"String\",\r\n        \"value\": \"/subscriptions/a1bfa635-f2bf-42f1-86b5-848c674fc321/resourceGroups/Ds-TestRg/providers/Microsoft.ManagedIdentity/userAssignedIdentities/filiz-user-assigned-msi\"\r\n      },\r\n      \"scriptContent\": {\r\n        \"type\": \"String\",\r\n        \"value\": \"result=$(az group list); echo \\\"arg1 is: $1\\\"; echo \\\"arg2 is: $2\\\"; echo $result | jq -c '{Result: map({id: .id})}' > $AZ_SCRIPTS_OUTPUT_PATH\"\r\n      },\r\n      \"scriptCleanupPreference\": {\r\n        \"type\": \"String\",\r\n        \"value\": \"OnExpiration\"\r\n      },\r\n      \"retentionInterval\": {\r\n        \"type\": \"String\",\r\n        \"value\": \"P1D\"\r\n      },\r\n      \"timeout\": {\r\n        \"type\": \"String\",\r\n        \"value\": \"PT30M\"\r\n      },\r\n      \"scriptKind\": {\r\n        \"type\": \"String\",\r\n        \"value\": \"AzureCLI\"\r\n      },\r\n      \"azCliVersion\": {\r\n        \"type\": \"String\",\r\n        \"value\": \"2.0.80\"\r\n      },\r\n      \"scriptSuffix\": {\r\n        \"type\": \"String\",\r\n        \"value\": \"91f2995c-9050-4ed7-a7f3-cd992f949fd6\"\r\n      }\r\n    },\r\n    \"mode\": \"Incremental\",\r\n    \"provisioningState\": \"Running\",\r\n    \"timestamp\": \"2020-03-16T23:10:42.3037077Z\",\r\n    \"duration\": \"PT57.5769998S\",\r\n    \"correlationId\": \"ec851bb3-aa73-4e3c-a435-88477b3ed1be\",\r\n    \"providers\": [\r\n      {\r\n        \"namespace\": \"Microsoft.Resources\",\r\n        \"resourceTypes\": [\r\n          {\r\n            \"resourceType\": \"deploymentScripts\",\r\n            \"locations\": [\r\n              \"westus2\"\r\n            ]\r\n          }\r\n        ]\r\n      }\r\n    ],\r\n    \"dependencies\": []\r\n  }\r\n}",
      "StatusCode": 200
    },
    {
      "RequestUri": "/subscriptions/a1bfa635-f2bf-42f1-86b5-848c674fc321/resourcegroups/ps4198/providers/Microsoft.Resources/deployments/ps4291?api-version=2019-07-01",
      "EncodedRequestUri": "L3N1YnNjcmlwdGlvbnMvYTFiZmE2MzUtZjJiZi00MmYxLTg2YjUtODQ4YzY3NGZjMzIxL3Jlc291cmNlZ3JvdXBzL3BzNDE5OC9wcm92aWRlcnMvTWljcm9zb2Z0LlJlc291cmNlcy9kZXBsb3ltZW50cy9wczQyOTE/YXBpLXZlcnNpb249MjAxOS0wNy0wMQ==",
      "RequestMethod": "GET",
      "RequestBody": "",
      "RequestHeaders": {
        "x-ms-client-request-id": [
          "f68508f0-bc97-4aaf-82ab-175a967d2408"
        ],
        "Accept-Language": [
          "en-US"
        ],
        "User-Agent": [
          "FxVersion/4.6.28207.03",
          "OSName/Windows",
          "OSVersion/Microsoft.Windows.10.0.18363.",
          "Microsoft.Azure.Management.ResourceManager.ResourceManagementClient/3.0.0.0"
        ]
      },
      "ResponseHeaders": {
        "Cache-Control": [
          "no-cache"
        ],
        "Pragma": [
          "no-cache"
        ],
        "Retry-After": [
          "0"
        ],
        "x-ms-ratelimit-remaining-subscription-reads": [
          "11978"
        ],
        "x-ms-request-id": [
          "416fc0db-30bd-427e-9b68-e7988231e72c"
        ],
        "x-ms-correlation-request-id": [
          "416fc0db-30bd-427e-9b68-e7988231e72c"
        ],
        "x-ms-routing-request-id": [
          "WESTUS:20200316T231054Z:416fc0db-30bd-427e-9b68-e7988231e72c"
        ],
        "Strict-Transport-Security": [
          "max-age=31536000; includeSubDomains"
        ],
        "X-Content-Type-Options": [
          "nosniff"
        ],
        "Date": [
          "Mon, 16 Mar 2020 23:10:53 GMT"
        ],
        "Content-Type": [
          "application/json; charset=utf-8"
        ],
        "Expires": [
          "-1"
        ],
        "Content-Length": [
          "1369"
        ]
      },
      "ResponseBody": "{\r\n  \"id\": \"/subscriptions/a1bfa635-f2bf-42f1-86b5-848c674fc321/resourceGroups/ps4198/providers/Microsoft.Resources/deployments/ps4291\",\r\n  \"name\": \"ps4291\",\r\n  \"type\": \"Microsoft.Resources/deployments\",\r\n  \"properties\": {\r\n    \"templateHash\": \"3155418770661771574\",\r\n    \"parameters\": {\r\n      \"arguments\": {\r\n        \"type\": \"String\",\r\n        \"value\": \"'foo','bar'\"\r\n      },\r\n      \"managedIdentityId\": {\r\n        \"type\": \"String\",\r\n        \"value\": \"/subscriptions/a1bfa635-f2bf-42f1-86b5-848c674fc321/resourceGroups/Ds-TestRg/providers/Microsoft.ManagedIdentity/userAssignedIdentities/filiz-user-assigned-msi\"\r\n      },\r\n      \"scriptContent\": {\r\n        \"type\": \"String\",\r\n        \"value\": \"result=$(az group list); echo \\\"arg1 is: $1\\\"; echo \\\"arg2 is: $2\\\"; echo $result | jq -c '{Result: map({id: .id})}' > $AZ_SCRIPTS_OUTPUT_PATH\"\r\n      },\r\n      \"scriptCleanupPreference\": {\r\n        \"type\": \"String\",\r\n        \"value\": \"OnExpiration\"\r\n      },\r\n      \"retentionInterval\": {\r\n        \"type\": \"String\",\r\n        \"value\": \"P1D\"\r\n      },\r\n      \"timeout\": {\r\n        \"type\": \"String\",\r\n        \"value\": \"PT30M\"\r\n      },\r\n      \"scriptKind\": {\r\n        \"type\": \"String\",\r\n        \"value\": \"AzureCLI\"\r\n      },\r\n      \"azCliVersion\": {\r\n        \"type\": \"String\",\r\n        \"value\": \"2.0.80\"\r\n      },\r\n      \"scriptSuffix\": {\r\n        \"type\": \"String\",\r\n        \"value\": \"91f2995c-9050-4ed7-a7f3-cd992f949fd6\"\r\n      }\r\n    },\r\n    \"mode\": \"Incremental\",\r\n    \"provisioningState\": \"Running\",\r\n    \"timestamp\": \"2020-03-16T23:10:53.6424854Z\",\r\n    \"duration\": \"PT1M8.9157775S\",\r\n    \"correlationId\": \"ec851bb3-aa73-4e3c-a435-88477b3ed1be\",\r\n    \"providers\": [\r\n      {\r\n        \"namespace\": \"Microsoft.Resources\",\r\n        \"resourceTypes\": [\r\n          {\r\n            \"resourceType\": \"deploymentScripts\",\r\n            \"locations\": [\r\n              \"westus2\"\r\n            ]\r\n          }\r\n        ]\r\n      }\r\n    ],\r\n    \"dependencies\": []\r\n  }\r\n}",
      "StatusCode": 200
    },
    {
      "RequestUri": "/subscriptions/a1bfa635-f2bf-42f1-86b5-848c674fc321/resourcegroups/ps4198/providers/Microsoft.Resources/deployments/ps4291?api-version=2019-07-01",
      "EncodedRequestUri": "L3N1YnNjcmlwdGlvbnMvYTFiZmE2MzUtZjJiZi00MmYxLTg2YjUtODQ4YzY3NGZjMzIxL3Jlc291cmNlZ3JvdXBzL3BzNDE5OC9wcm92aWRlcnMvTWljcm9zb2Z0LlJlc291cmNlcy9kZXBsb3ltZW50cy9wczQyOTE/YXBpLXZlcnNpb249MjAxOS0wNy0wMQ==",
      "RequestMethod": "GET",
      "RequestBody": "",
      "RequestHeaders": {
        "x-ms-client-request-id": [
          "04b2fa45-6eea-451a-8310-81f1bb4164bb"
        ],
        "Accept-Language": [
          "en-US"
        ],
        "User-Agent": [
          "FxVersion/4.6.28207.03",
          "OSName/Windows",
          "OSVersion/Microsoft.Windows.10.0.18363.",
          "Microsoft.Azure.Management.ResourceManager.ResourceManagementClient/3.0.0.0"
        ]
      },
      "ResponseHeaders": {
        "Cache-Control": [
          "no-cache"
        ],
        "Pragma": [
          "no-cache"
        ],
        "Retry-After": [
          "0"
        ],
        "x-ms-ratelimit-remaining-subscription-reads": [
          "11976"
        ],
        "x-ms-request-id": [
          "b6607263-e6ac-4df9-84ff-ea04e084c0aa"
        ],
        "x-ms-correlation-request-id": [
          "b6607263-e6ac-4df9-84ff-ea04e084c0aa"
        ],
        "x-ms-routing-request-id": [
          "WESTUS:20200316T231106Z:b6607263-e6ac-4df9-84ff-ea04e084c0aa"
        ],
        "Strict-Transport-Security": [
          "max-age=31536000; includeSubDomains"
        ],
        "X-Content-Type-Options": [
          "nosniff"
        ],
        "Date": [
          "Mon, 16 Mar 2020 23:11:05 GMT"
        ],
        "Content-Type": [
          "application/json; charset=utf-8"
        ],
        "Expires": [
          "-1"
        ],
        "Content-Length": [
          "1370"
        ]
      },
      "ResponseBody": "{\r\n  \"id\": \"/subscriptions/a1bfa635-f2bf-42f1-86b5-848c674fc321/resourceGroups/ps4198/providers/Microsoft.Resources/deployments/ps4291\",\r\n  \"name\": \"ps4291\",\r\n  \"type\": \"Microsoft.Resources/deployments\",\r\n  \"properties\": {\r\n    \"templateHash\": \"3155418770661771574\",\r\n    \"parameters\": {\r\n      \"arguments\": {\r\n        \"type\": \"String\",\r\n        \"value\": \"'foo','bar'\"\r\n      },\r\n      \"managedIdentityId\": {\r\n        \"type\": \"String\",\r\n        \"value\": \"/subscriptions/a1bfa635-f2bf-42f1-86b5-848c674fc321/resourceGroups/Ds-TestRg/providers/Microsoft.ManagedIdentity/userAssignedIdentities/filiz-user-assigned-msi\"\r\n      },\r\n      \"scriptContent\": {\r\n        \"type\": \"String\",\r\n        \"value\": \"result=$(az group list); echo \\\"arg1 is: $1\\\"; echo \\\"arg2 is: $2\\\"; echo $result | jq -c '{Result: map({id: .id})}' > $AZ_SCRIPTS_OUTPUT_PATH\"\r\n      },\r\n      \"scriptCleanupPreference\": {\r\n        \"type\": \"String\",\r\n        \"value\": \"OnExpiration\"\r\n      },\r\n      \"retentionInterval\": {\r\n        \"type\": \"String\",\r\n        \"value\": \"P1D\"\r\n      },\r\n      \"timeout\": {\r\n        \"type\": \"String\",\r\n        \"value\": \"PT30M\"\r\n      },\r\n      \"scriptKind\": {\r\n        \"type\": \"String\",\r\n        \"value\": \"AzureCLI\"\r\n      },\r\n      \"azCliVersion\": {\r\n        \"type\": \"String\",\r\n        \"value\": \"2.0.80\"\r\n      },\r\n      \"scriptSuffix\": {\r\n        \"type\": \"String\",\r\n        \"value\": \"91f2995c-9050-4ed7-a7f3-cd992f949fd6\"\r\n      }\r\n    },\r\n    \"mode\": \"Incremental\",\r\n    \"provisioningState\": \"Running\",\r\n    \"timestamp\": \"2020-03-16T23:11:05.1324312Z\",\r\n    \"duration\": \"PT1M20.4057233S\",\r\n    \"correlationId\": \"ec851bb3-aa73-4e3c-a435-88477b3ed1be\",\r\n    \"providers\": [\r\n      {\r\n        \"namespace\": \"Microsoft.Resources\",\r\n        \"resourceTypes\": [\r\n          {\r\n            \"resourceType\": \"deploymentScripts\",\r\n            \"locations\": [\r\n              \"westus2\"\r\n            ]\r\n          }\r\n        ]\r\n      }\r\n    ],\r\n    \"dependencies\": []\r\n  }\r\n}",
      "StatusCode": 200
    },
    {
      "RequestUri": "/subscriptions/a1bfa635-f2bf-42f1-86b5-848c674fc321/resourcegroups/ps4198/providers/Microsoft.Resources/deployments/ps4291?api-version=2019-07-01",
      "EncodedRequestUri": "L3N1YnNjcmlwdGlvbnMvYTFiZmE2MzUtZjJiZi00MmYxLTg2YjUtODQ4YzY3NGZjMzIxL3Jlc291cmNlZ3JvdXBzL3BzNDE5OC9wcm92aWRlcnMvTWljcm9zb2Z0LlJlc291cmNlcy9kZXBsb3ltZW50cy9wczQyOTE/YXBpLXZlcnNpb249MjAxOS0wNy0wMQ==",
      "RequestMethod": "GET",
      "RequestBody": "",
      "RequestHeaders": {
        "x-ms-client-request-id": [
          "e3cfae21-f8ca-480d-bf4e-57ae3851993a"
        ],
        "Accept-Language": [
          "en-US"
        ],
        "User-Agent": [
          "FxVersion/4.6.28207.03",
          "OSName/Windows",
          "OSVersion/Microsoft.Windows.10.0.18363.",
          "Microsoft.Azure.Management.ResourceManager.ResourceManagementClient/3.0.0.0"
        ]
      },
      "ResponseHeaders": {
        "Cache-Control": [
          "no-cache"
        ],
        "Pragma": [
          "no-cache"
        ],
        "Retry-After": [
          "0"
        ],
        "x-ms-ratelimit-remaining-subscription-reads": [
          "11974"
        ],
        "x-ms-request-id": [
          "23c3bfb6-37ca-4270-9ac5-883ff886ab85"
        ],
        "x-ms-correlation-request-id": [
          "23c3bfb6-37ca-4270-9ac5-883ff886ab85"
        ],
        "x-ms-routing-request-id": [
          "WESTUS:20200316T231118Z:23c3bfb6-37ca-4270-9ac5-883ff886ab85"
        ],
        "Strict-Transport-Security": [
          "max-age=31536000; includeSubDomains"
        ],
        "X-Content-Type-Options": [
          "nosniff"
        ],
        "Date": [
          "Mon, 16 Mar 2020 23:11:18 GMT"
        ],
        "Content-Type": [
          "application/json; charset=utf-8"
        ],
        "Expires": [
          "-1"
        ],
        "Content-Length": [
          "1370"
        ]
      },
      "ResponseBody": "{\r\n  \"id\": \"/subscriptions/a1bfa635-f2bf-42f1-86b5-848c674fc321/resourceGroups/ps4198/providers/Microsoft.Resources/deployments/ps4291\",\r\n  \"name\": \"ps4291\",\r\n  \"type\": \"Microsoft.Resources/deployments\",\r\n  \"properties\": {\r\n    \"templateHash\": \"3155418770661771574\",\r\n    \"parameters\": {\r\n      \"arguments\": {\r\n        \"type\": \"String\",\r\n        \"value\": \"'foo','bar'\"\r\n      },\r\n      \"managedIdentityId\": {\r\n        \"type\": \"String\",\r\n        \"value\": \"/subscriptions/a1bfa635-f2bf-42f1-86b5-848c674fc321/resourceGroups/Ds-TestRg/providers/Microsoft.ManagedIdentity/userAssignedIdentities/filiz-user-assigned-msi\"\r\n      },\r\n      \"scriptContent\": {\r\n        \"type\": \"String\",\r\n        \"value\": \"result=$(az group list); echo \\\"arg1 is: $1\\\"; echo \\\"arg2 is: $2\\\"; echo $result | jq -c '{Result: map({id: .id})}' > $AZ_SCRIPTS_OUTPUT_PATH\"\r\n      },\r\n      \"scriptCleanupPreference\": {\r\n        \"type\": \"String\",\r\n        \"value\": \"OnExpiration\"\r\n      },\r\n      \"retentionInterval\": {\r\n        \"type\": \"String\",\r\n        \"value\": \"P1D\"\r\n      },\r\n      \"timeout\": {\r\n        \"type\": \"String\",\r\n        \"value\": \"PT30M\"\r\n      },\r\n      \"scriptKind\": {\r\n        \"type\": \"String\",\r\n        \"value\": \"AzureCLI\"\r\n      },\r\n      \"azCliVersion\": {\r\n        \"type\": \"String\",\r\n        \"value\": \"2.0.80\"\r\n      },\r\n      \"scriptSuffix\": {\r\n        \"type\": \"String\",\r\n        \"value\": \"91f2995c-9050-4ed7-a7f3-cd992f949fd6\"\r\n      }\r\n    },\r\n    \"mode\": \"Incremental\",\r\n    \"provisioningState\": \"Running\",\r\n    \"timestamp\": \"2020-03-16T23:11:17.7035775Z\",\r\n    \"duration\": \"PT1M32.9768696S\",\r\n    \"correlationId\": \"ec851bb3-aa73-4e3c-a435-88477b3ed1be\",\r\n    \"providers\": [\r\n      {\r\n        \"namespace\": \"Microsoft.Resources\",\r\n        \"resourceTypes\": [\r\n          {\r\n            \"resourceType\": \"deploymentScripts\",\r\n            \"locations\": [\r\n              \"westus2\"\r\n            ]\r\n          }\r\n        ]\r\n      }\r\n    ],\r\n    \"dependencies\": []\r\n  }\r\n}",
      "StatusCode": 200
    },
    {
      "RequestUri": "/subscriptions/a1bfa635-f2bf-42f1-86b5-848c674fc321/resourcegroups/ps4198/providers/Microsoft.Resources/deployments/ps4291?api-version=2019-07-01",
      "EncodedRequestUri": "L3N1YnNjcmlwdGlvbnMvYTFiZmE2MzUtZjJiZi00MmYxLTg2YjUtODQ4YzY3NGZjMzIxL3Jlc291cmNlZ3JvdXBzL3BzNDE5OC9wcm92aWRlcnMvTWljcm9zb2Z0LlJlc291cmNlcy9kZXBsb3ltZW50cy9wczQyOTE/YXBpLXZlcnNpb249MjAxOS0wNy0wMQ==",
      "RequestMethod": "GET",
      "RequestBody": "",
      "RequestHeaders": {
        "x-ms-client-request-id": [
          "512bdeed-b760-4038-8e5d-0c045ad31eba"
        ],
        "Accept-Language": [
          "en-US"
        ],
        "User-Agent": [
          "FxVersion/4.6.28207.03",
          "OSName/Windows",
          "OSVersion/Microsoft.Windows.10.0.18363.",
          "Microsoft.Azure.Management.ResourceManager.ResourceManagementClient/3.0.0.0"
        ]
      },
      "ResponseHeaders": {
        "Cache-Control": [
          "no-cache"
        ],
        "Pragma": [
          "no-cache"
        ],
        "Retry-After": [
          "0"
        ],
        "x-ms-ratelimit-remaining-subscription-reads": [
          "11972"
        ],
        "x-ms-request-id": [
          "503a1fec-51f3-4b4a-b210-68f2b8a33677"
        ],
        "x-ms-correlation-request-id": [
          "503a1fec-51f3-4b4a-b210-68f2b8a33677"
        ],
        "x-ms-routing-request-id": [
          "WESTUS:20200316T231132Z:503a1fec-51f3-4b4a-b210-68f2b8a33677"
        ],
        "Strict-Transport-Security": [
          "max-age=31536000; includeSubDomains"
        ],
        "X-Content-Type-Options": [
          "nosniff"
        ],
        "Date": [
          "Mon, 16 Mar 2020 23:11:32 GMT"
        ],
        "Content-Type": [
          "application/json; charset=utf-8"
        ],
        "Expires": [
          "-1"
        ],
        "Content-Length": [
          "1370"
        ]
      },
      "ResponseBody": "{\r\n  \"id\": \"/subscriptions/a1bfa635-f2bf-42f1-86b5-848c674fc321/resourceGroups/ps4198/providers/Microsoft.Resources/deployments/ps4291\",\r\n  \"name\": \"ps4291\",\r\n  \"type\": \"Microsoft.Resources/deployments\",\r\n  \"properties\": {\r\n    \"templateHash\": \"3155418770661771574\",\r\n    \"parameters\": {\r\n      \"arguments\": {\r\n        \"type\": \"String\",\r\n        \"value\": \"'foo','bar'\"\r\n      },\r\n      \"managedIdentityId\": {\r\n        \"type\": \"String\",\r\n        \"value\": \"/subscriptions/a1bfa635-f2bf-42f1-86b5-848c674fc321/resourceGroups/Ds-TestRg/providers/Microsoft.ManagedIdentity/userAssignedIdentities/filiz-user-assigned-msi\"\r\n      },\r\n      \"scriptContent\": {\r\n        \"type\": \"String\",\r\n        \"value\": \"result=$(az group list); echo \\\"arg1 is: $1\\\"; echo \\\"arg2 is: $2\\\"; echo $result | jq -c '{Result: map({id: .id})}' > $AZ_SCRIPTS_OUTPUT_PATH\"\r\n      },\r\n      \"scriptCleanupPreference\": {\r\n        \"type\": \"String\",\r\n        \"value\": \"OnExpiration\"\r\n      },\r\n      \"retentionInterval\": {\r\n        \"type\": \"String\",\r\n        \"value\": \"P1D\"\r\n      },\r\n      \"timeout\": {\r\n        \"type\": \"String\",\r\n        \"value\": \"PT30M\"\r\n      },\r\n      \"scriptKind\": {\r\n        \"type\": \"String\",\r\n        \"value\": \"AzureCLI\"\r\n      },\r\n      \"azCliVersion\": {\r\n        \"type\": \"String\",\r\n        \"value\": \"2.0.80\"\r\n      },\r\n      \"scriptSuffix\": {\r\n        \"type\": \"String\",\r\n        \"value\": \"91f2995c-9050-4ed7-a7f3-cd992f949fd6\"\r\n      }\r\n    },\r\n    \"mode\": \"Incremental\",\r\n    \"provisioningState\": \"Running\",\r\n    \"timestamp\": \"2020-03-16T23:11:32.4821183Z\",\r\n    \"duration\": \"PT1M47.7554104S\",\r\n    \"correlationId\": \"ec851bb3-aa73-4e3c-a435-88477b3ed1be\",\r\n    \"providers\": [\r\n      {\r\n        \"namespace\": \"Microsoft.Resources\",\r\n        \"resourceTypes\": [\r\n          {\r\n            \"resourceType\": \"deploymentScripts\",\r\n            \"locations\": [\r\n              \"westus2\"\r\n            ]\r\n          }\r\n        ]\r\n      }\r\n    ],\r\n    \"dependencies\": []\r\n  }\r\n}",
      "StatusCode": 200
    },
    {
      "RequestUri": "/subscriptions/a1bfa635-f2bf-42f1-86b5-848c674fc321/resourcegroups/ps4198/providers/Microsoft.Resources/deployments/ps4291?api-version=2019-07-01",
      "EncodedRequestUri": "L3N1YnNjcmlwdGlvbnMvYTFiZmE2MzUtZjJiZi00MmYxLTg2YjUtODQ4YzY3NGZjMzIxL3Jlc291cmNlZ3JvdXBzL3BzNDE5OC9wcm92aWRlcnMvTWljcm9zb2Z0LlJlc291cmNlcy9kZXBsb3ltZW50cy9wczQyOTE/YXBpLXZlcnNpb249MjAxOS0wNy0wMQ==",
      "RequestMethod": "GET",
      "RequestBody": "",
      "RequestHeaders": {
        "x-ms-client-request-id": [
          "cc58c258-58ad-4761-8a55-b43e4e590f77"
        ],
        "Accept-Language": [
          "en-US"
        ],
        "User-Agent": [
          "FxVersion/4.6.28207.03",
          "OSName/Windows",
          "OSVersion/Microsoft.Windows.10.0.18363.",
          "Microsoft.Azure.Management.ResourceManager.ResourceManagementClient/3.0.0.0"
        ]
      },
      "ResponseHeaders": {
        "Cache-Control": [
          "no-cache"
        ],
        "Pragma": [
          "no-cache"
        ],
        "x-ms-ratelimit-remaining-subscription-reads": [
          "11970"
        ],
        "x-ms-request-id": [
          "2902b8f9-0a37-4c3f-9262-9b8c22ecaba9"
        ],
        "x-ms-correlation-request-id": [
          "2902b8f9-0a37-4c3f-9262-9b8c22ecaba9"
        ],
        "x-ms-routing-request-id": [
          "WESTUS:20200316T231148Z:2902b8f9-0a37-4c3f-9262-9b8c22ecaba9"
        ],
        "Strict-Transport-Security": [
          "max-age=31536000; includeSubDomains"
        ],
        "X-Content-Type-Options": [
          "nosniff"
        ],
        "Date": [
          "Mon, 16 Mar 2020 23:11:47 GMT"
        ],
        "Content-Type": [
          "application/json; charset=utf-8"
        ],
        "Expires": [
          "-1"
        ],
        "Content-Length": [
          "5440"
        ],
        "Retry-After": [
          "0"
        ]
      },
      "ResponseBody": "{\r\n  \"id\": \"/subscriptions/a1bfa635-f2bf-42f1-86b5-848c674fc321/resourceGroups/ps4198/providers/Microsoft.Resources/deployments/ps4291\",\r\n  \"name\": \"ps4291\",\r\n  \"type\": \"Microsoft.Resources/deployments\",\r\n  \"properties\": {\r\n    \"templateHash\": \"3155418770661771574\",\r\n    \"parameters\": {\r\n      \"arguments\": {\r\n        \"type\": \"String\",\r\n        \"value\": \"'foo','bar'\"\r\n      },\r\n      \"managedIdentityId\": {\r\n        \"type\": \"String\",\r\n        \"value\": \"/subscriptions/a1bfa635-f2bf-42f1-86b5-848c674fc321/resourceGroups/Ds-TestRg/providers/Microsoft.ManagedIdentity/userAssignedIdentities/filiz-user-assigned-msi\"\r\n      },\r\n      \"scriptContent\": {\r\n        \"type\": \"String\",\r\n        \"value\": \"result=$(az group list); echo \\\"arg1 is: $1\\\"; echo \\\"arg2 is: $2\\\"; echo $result | jq -c '{Result: map({id: .id})}' > $AZ_SCRIPTS_OUTPUT_PATH\"\r\n      },\r\n      \"scriptCleanupPreference\": {\r\n        \"type\": \"String\",\r\n        \"value\": \"OnExpiration\"\r\n      },\r\n      \"retentionInterval\": {\r\n        \"type\": \"String\",\r\n        \"value\": \"P1D\"\r\n      },\r\n      \"timeout\": {\r\n        \"type\": \"String\",\r\n        \"value\": \"PT30M\"\r\n      },\r\n      \"scriptKind\": {\r\n        \"type\": \"String\",\r\n        \"value\": \"AzureCLI\"\r\n      },\r\n      \"azCliVersion\": {\r\n        \"type\": \"String\",\r\n        \"value\": \"2.0.80\"\r\n      },\r\n      \"scriptSuffix\": {\r\n        \"type\": \"String\",\r\n        \"value\": \"91f2995c-9050-4ed7-a7f3-cd992f949fd6\"\r\n      }\r\n    },\r\n    \"mode\": \"Incremental\",\r\n    \"provisioningState\": \"Succeeded\",\r\n    \"timestamp\": \"2020-03-16T23:11:46.9215857Z\",\r\n    \"duration\": \"PT2M2.1948778S\",\r\n    \"correlationId\": \"ec851bb3-aa73-4e3c-a435-88477b3ed1be\",\r\n    \"providers\": [\r\n      {\r\n        \"namespace\": \"Microsoft.Resources\",\r\n        \"resourceTypes\": [\r\n          {\r\n            \"resourceType\": \"deploymentScripts\",\r\n            \"locations\": [\r\n              \"westus2\"\r\n            ]\r\n          }\r\n        ]\r\n      }\r\n    ],\r\n    \"dependencies\": [],\r\n    \"outputs\": {\r\n      \"result\": {\r\n        \"type\": \"Object\",\r\n        \"value\": {\r\n          \"Result\": [\r\n            {\r\n              \"id\": \"/subscriptions/a1bfa635-f2bf-42f1-86b5-848c674fc321/resourceGroups/filiz-testrg\"\r\n            },\r\n            {\r\n              \"id\": \"/subscriptions/a1bfa635-f2bf-42f1-86b5-848c674fc321/resourceGroups/filiz-testrg2\"\r\n            },\r\n            {\r\n              \"id\": \"/subscriptions/a1bfa635-f2bf-42f1-86b5-848c674fc321/resourceGroups/FilizPowerShellRGNoLock\"\r\n            },\r\n            {\r\n              \"id\": \"/subscriptions/a1bfa635-f2bf-42f1-86b5-848c674fc321/resourceGroups/foo-testrg\"\r\n            },\r\n            {\r\n              \"id\": \"/subscriptions/a1bfa635-f2bf-42f1-86b5-848c674fc321/resourceGroups/new-testrg\"\r\n            },\r\n            {\r\n              \"id\": \"/subscriptions/a1bfa635-f2bf-42f1-86b5-848c674fc321/resourceGroups/NetworkWatcherRG\"\r\n            },\r\n            {\r\n              \"id\": \"/subscriptions/a1bfa635-f2bf-42f1-86b5-848c674fc321/resourceGroups/nsgrg\"\r\n            },\r\n            {\r\n              \"id\": \"/subscriptions/a1bfa635-f2bf-42f1-86b5-848c674fc321/resourceGroups/OuldKVRG\"\r\n            },\r\n            {\r\n              \"id\": \"/subscriptions/a1bfa635-f2bf-42f1-86b5-848c674fc321/resourceGroups/Rg1-Test\"\r\n            },\r\n            {\r\n              \"id\": \"/subscriptions/a1bfa635-f2bf-42f1-86b5-848c674fc321/resourceGroups/RG_test123\"\r\n            },\r\n            {\r\n              \"id\": \"/subscriptions/a1bfa635-f2bf-42f1-86b5-848c674fc321/resourceGroups/scriptdemo\"\r\n            },\r\n            {\r\n              \"id\": \"/subscriptions/a1bfa635-f2bf-42f1-86b5-848c674fc321/resourceGroups/storageRG_Test\"\r\n            },\r\n            {\r\n              \"id\": \"/subscriptions/a1bfa635-f2bf-42f1-86b5-848c674fc321/resourceGroups/test-dine-shenglol\"\r\n            },\r\n            {\r\n              \"id\": \"/subscriptions/a1bfa635-f2bf-42f1-86b5-848c674fc321/resourceGroups/testresourcegroup_bp3\"\r\n            },\r\n            {\r\n              \"id\": \"/subscriptions/a1bfa635-f2bf-42f1-86b5-848c674fc321/resourceGroups/VNetBP-RG\"\r\n            },\r\n            {\r\n              \"id\": \"/subscriptions/a1bfa635-f2bf-42f1-86b5-848c674fc321/resourceGroups/SDK-test\"\r\n            },\r\n            {\r\n              \"id\": \"/subscriptions/a1bfa635-f2bf-42f1-86b5-848c674fc321/resourceGroups/Ds-TestRg\"\r\n            },\r\n            {\r\n              \"id\": \"/subscriptions/a1bfa635-f2bf-42f1-86b5-848c674fc321/resourceGroups/csmrg769\"\r\n            },\r\n            {\r\n              \"id\": \"/subscriptions/a1bfa635-f2bf-42f1-86b5-848c674fc321/resourceGroups/csmrg4942\"\r\n            },\r\n            {\r\n              \"id\": \"/subscriptions/a1bfa635-f2bf-42f1-86b5-848c674fc321/resourceGroups/csmrg2541\"\r\n            },\r\n            {\r\n              \"id\": \"/subscriptions/a1bfa635-f2bf-42f1-86b5-848c674fc321/resourceGroups/csmrg3119\"\r\n            },\r\n            {\r\n              \"id\": \"/subscriptions/a1bfa635-f2bf-42f1-86b5-848c674fc321/resourceGroups/csmrg7839\"\r\n            },\r\n            {\r\n              \"id\": \"/subscriptions/a1bfa635-f2bf-42f1-86b5-848c674fc321/resourceGroups/rjwDeleteMe\"\r\n            },\r\n            {\r\n              \"id\": \"/subscriptions/a1bfa635-f2bf-42f1-86b5-848c674fc321/resourceGroups/ps_test_subscription_deployment\"\r\n            },\r\n            {\r\n              \"id\": \"/subscriptions/a1bfa635-f2bf-42f1-86b5-848c674fc321/resourceGroups/ps4210\"\r\n            },\r\n            {\r\n              \"id\": \"/subscriptions/a1bfa635-f2bf-42f1-86b5-848c674fc321/resourceGroups/ps6235\"\r\n            },\r\n            {\r\n              \"id\": \"/subscriptions/a1bfa635-f2bf-42f1-86b5-848c674fc321/resourceGroups/ps6561\"\r\n            },\r\n            {\r\n              \"id\": \"/subscriptions/a1bfa635-f2bf-42f1-86b5-848c674fc321/resourceGroups/ps7920\"\r\n            },\r\n            {\r\n              \"id\": \"/subscriptions/a1bfa635-f2bf-42f1-86b5-848c674fc321/resourceGroups/ps514\"\r\n            },\r\n            {\r\n              \"id\": \"/subscriptions/a1bfa635-f2bf-42f1-86b5-848c674fc321/resourceGroups/ps6838\"\r\n            },\r\n            {\r\n              \"id\": \"/subscriptions/a1bfa635-f2bf-42f1-86b5-848c674fc321/resourceGroups/ps193\"\r\n            },\r\n            {\r\n              \"id\": \"/subscriptions/a1bfa635-f2bf-42f1-86b5-848c674fc321/resourceGroups/ps2551\"\r\n            },\r\n            {\r\n              \"id\": \"/subscriptions/a1bfa635-f2bf-42f1-86b5-848c674fc321/resourceGroups/ps1923\"\r\n            },\r\n            {\r\n              \"id\": \"/subscriptions/a1bfa635-f2bf-42f1-86b5-848c674fc321/resourceGroups/test-this\"\r\n            },\r\n            {\r\n              \"id\": \"/subscriptions/a1bfa635-f2bf-42f1-86b5-848c674fc321/resourceGroups/ps757\"\r\n            },\r\n            {\r\n              \"id\": \"/subscriptions/a1bfa635-f2bf-42f1-86b5-848c674fc321/resourceGroups/ps5799\"\r\n            },\r\n            {\r\n              \"id\": \"/subscriptions/a1bfa635-f2bf-42f1-86b5-848c674fc321/resourceGroups/ps9965\"\r\n            },\r\n            {\r\n              \"id\": \"/subscriptions/a1bfa635-f2bf-42f1-86b5-848c674fc321/resourceGroups/ps377\"\r\n            },\r\n            {\r\n              \"id\": \"/subscriptions/a1bfa635-f2bf-42f1-86b5-848c674fc321/resourceGroups/ps6136\"\r\n            },\r\n            {\r\n              \"id\": \"/subscriptions/a1bfa635-f2bf-42f1-86b5-848c674fc321/resourceGroups/ps886\"\r\n            },\r\n            {\r\n              \"id\": \"/subscriptions/a1bfa635-f2bf-42f1-86b5-848c674fc321/resourceGroups/ps6785\"\r\n            },\r\n            {\r\n              \"id\": \"/subscriptions/a1bfa635-f2bf-42f1-86b5-848c674fc321/resourceGroups/ps7721\"\r\n            },\r\n            {\r\n              \"id\": \"/subscriptions/a1bfa635-f2bf-42f1-86b5-848c674fc321/resourceGroups/ps9011\"\r\n            },\r\n            {\r\n              \"id\": \"/subscriptions/a1bfa635-f2bf-42f1-86b5-848c674fc321/resourceGroups/ps4198\"\r\n            }\r\n          ]\r\n        }\r\n      }\r\n    },\r\n    \"outputResources\": [\r\n      {\r\n        \"id\": \"/subscriptions/a1bfa635-f2bf-42f1-86b5-848c674fc321/resourceGroups/ps4198/providers/Microsoft.Resources/deploymentScripts/PsTest-DeploymentScripts-91f2995c-9050-4ed7-a7f3-cd992f949fd6\"\r\n      }\r\n    ]\r\n  }\r\n}",
      "StatusCode": 200
    },
    {
      "RequestUri": "/subscriptions/a1bfa635-f2bf-42f1-86b5-848c674fc321/resourcegroups/ps4198/providers/Microsoft.Resources/deploymentScripts/PsTest-DeploymentScripts-91f2995c-9050-4ed7-a7f3-cd992f949fd6?api-version=2019-10-01-preview",
      "EncodedRequestUri": "L3N1YnNjcmlwdGlvbnMvYTFiZmE2MzUtZjJiZi00MmYxLTg2YjUtODQ4YzY3NGZjMzIxL3Jlc291cmNlZ3JvdXBzL3BzNDE5OC9wcm92aWRlcnMvTWljcm9zb2Z0LlJlc291cmNlcy9kZXBsb3ltZW50U2NyaXB0cy9Qc1Rlc3QtRGVwbG95bWVudFNjcmlwdHMtOTFmMjk5NWMtOTA1MC00ZWQ3LWE3ZjMtY2Q5OTJmOTQ5ZmQ2P2FwaS12ZXJzaW9uPTIwMTktMTAtMDEtcHJldmlldw==",
      "RequestMethod": "GET",
      "RequestBody": "",
      "RequestHeaders": {
        "x-ms-client-request-id": [
          "588259a5-839f-4c3a-a7e1-64571124e83f"
        ],
        "Accept-Language": [
          "en-US"
        ],
        "User-Agent": [
          "FxVersion/4.6.28207.03",
          "OSName/Windows",
          "OSVersion/Microsoft.Windows.10.0.18363.",
          "Microsoft.Azure.Management.ResourceManager.DeploymentScriptsClient/3.0.0.0"
        ]
      },
      "ResponseHeaders": {
        "Cache-Control": [
          "no-cache"
        ],
        "Pragma": [
          "no-cache"
        ],
        "x-ms-request-id": [
          "0a51b96b-9dba-4ecc-96a9-ce60dd4f9377"
        ],
        "Server": [
          "Microsoft-HTTPAPI/2.0"
        ],
        "x-ms-ratelimit-remaining-subscription-reads": [
          "11998"
        ],
        "x-ms-correlation-request-id": [
          "a3b1d308-b0d0-4fe2-aef6-322ab95792cf"
        ],
        "x-ms-routing-request-id": [
          "WESTUS:20200316T231148Z:a3b1d308-b0d0-4fe2-aef6-322ab95792cf"
        ],
        "Strict-Transport-Security": [
          "max-age=31536000; includeSubDomains"
        ],
        "X-Content-Type-Options": [
          "nosniff"
        ],
        "Date": [
          "Mon, 16 Mar 2020 23:11:48 GMT"
        ],
        "Content-Length": [
          "7131"
        ],
        "Content-Type": [
          "application/json; charset=utf-8"
        ],
        "Expires": [
          "-1"
        ],
        "Retry-After": [
          "0"
        ]
      },
      "ResponseBody": "{\r\n  \"kind\": \"AzureCLI\",\r\n  \"identity\": {\r\n    \"type\": \"userAssigned\",\r\n    \"tenantId\": \"72f988bf-86f1-41af-91ab-2d7cd011db47\",\r\n    \"userAssignedIdentities\": {\r\n      \"/subscriptions/a1bfa635-f2bf-42f1-86b5-848c674fc321/resourceGroups/Ds-TestRg/providers/Microsoft.ManagedIdentity/userAssignedIdentities/filiz-user-assigned-msi\": {\r\n        \"principalId\": \"97939ebd-fa2e-4055-8e3b-eb5252632e6a\",\r\n        \"clientId\": \"0376d532-7364-4bec-8989-e11939b72a6a\"\r\n      }\r\n    }\r\n  },\r\n  \"location\": \"westus2\",\r\n  \"properties\": {\r\n    \"provisioningState\": \"Succeeded\",\r\n    \"azCliVersion\": \"2.0.80\",\r\n    \"scriptContent\": \"result=$(az group list); echo \\\"arg1 is: $1\\\"; echo \\\"arg2 is: $2\\\"; echo $result | jq -c '{Result: map({id: .id})}' > $AZ_SCRIPTS_OUTPUT_PATH\",\r\n    \"arguments\": \"'foo','bar'\",\r\n    \"retentionInterval\": \"P1D\",\r\n    \"timeout\": \"PT30M\",\r\n    \"containerSettings\": {\r\n      \"restartPolicy\": \"never\"\r\n    },\r\n    \"status\": {\r\n      \"containerInstanceId\": \"/subscriptions/a1bfa635-f2bf-42f1-86b5-848c674fc321/resourceGroups/ps4198/providers/Microsoft.ContainerInstance/containerGroups/6gtjscrvm6q76azscripts\",\r\n      \"storageAccountId\": \"/subscriptions/a1bfa635-f2bf-42f1-86b5-848c674fc321/resourceGroups/ps4198/providers/Microsoft.Storage/storageAccounts/6gtjscrvm6q76azscripts\",\r\n      \"startTime\": \"2020-03-16T23:09:50.485843Z\",\r\n      \"endTime\": \"2020-03-16T23:11:41.6888585Z\",\r\n      \"expirationTime\": \"2020-03-17T23:11:41.6888585Z\"\r\n    },\r\n    \"outputs\": {\r\n      \"Result\": [\r\n        {\r\n          \"id\": \"/subscriptions/a1bfa635-f2bf-42f1-86b5-848c674fc321/resourceGroups/filiz-testrg\"\r\n        },\r\n        {\r\n          \"id\": \"/subscriptions/a1bfa635-f2bf-42f1-86b5-848c674fc321/resourceGroups/filiz-testrg2\"\r\n        },\r\n        {\r\n          \"id\": \"/subscriptions/a1bfa635-f2bf-42f1-86b5-848c674fc321/resourceGroups/FilizPowerShellRGNoLock\"\r\n        },\r\n        {\r\n          \"id\": \"/subscriptions/a1bfa635-f2bf-42f1-86b5-848c674fc321/resourceGroups/foo-testrg\"\r\n        },\r\n        {\r\n          \"id\": \"/subscriptions/a1bfa635-f2bf-42f1-86b5-848c674fc321/resourceGroups/new-testrg\"\r\n        },\r\n        {\r\n          \"id\": \"/subscriptions/a1bfa635-f2bf-42f1-86b5-848c674fc321/resourceGroups/NetworkWatcherRG\"\r\n        },\r\n        {\r\n          \"id\": \"/subscriptions/a1bfa635-f2bf-42f1-86b5-848c674fc321/resourceGroups/nsgrg\"\r\n        },\r\n        {\r\n          \"id\": \"/subscriptions/a1bfa635-f2bf-42f1-86b5-848c674fc321/resourceGroups/OuldKVRG\"\r\n        },\r\n        {\r\n          \"id\": \"/subscriptions/a1bfa635-f2bf-42f1-86b5-848c674fc321/resourceGroups/Rg1-Test\"\r\n        },\r\n        {\r\n          \"id\": \"/subscriptions/a1bfa635-f2bf-42f1-86b5-848c674fc321/resourceGroups/RG_test123\"\r\n        },\r\n        {\r\n          \"id\": \"/subscriptions/a1bfa635-f2bf-42f1-86b5-848c674fc321/resourceGroups/scriptdemo\"\r\n        },\r\n        {\r\n          \"id\": \"/subscriptions/a1bfa635-f2bf-42f1-86b5-848c674fc321/resourceGroups/storageRG_Test\"\r\n        },\r\n        {\r\n          \"id\": \"/subscriptions/a1bfa635-f2bf-42f1-86b5-848c674fc321/resourceGroups/test-dine-shenglol\"\r\n        },\r\n        {\r\n          \"id\": \"/subscriptions/a1bfa635-f2bf-42f1-86b5-848c674fc321/resourceGroups/testresourcegroup_bp3\"\r\n        },\r\n        {\r\n          \"id\": \"/subscriptions/a1bfa635-f2bf-42f1-86b5-848c674fc321/resourceGroups/VNetBP-RG\"\r\n        },\r\n        {\r\n          \"id\": \"/subscriptions/a1bfa635-f2bf-42f1-86b5-848c674fc321/resourceGroups/SDK-test\"\r\n        },\r\n        {\r\n          \"id\": \"/subscriptions/a1bfa635-f2bf-42f1-86b5-848c674fc321/resourceGroups/Ds-TestRg\"\r\n        },\r\n        {\r\n          \"id\": \"/subscriptions/a1bfa635-f2bf-42f1-86b5-848c674fc321/resourceGroups/csmrg769\"\r\n        },\r\n        {\r\n          \"id\": \"/subscriptions/a1bfa635-f2bf-42f1-86b5-848c674fc321/resourceGroups/csmrg4942\"\r\n        },\r\n        {\r\n          \"id\": \"/subscriptions/a1bfa635-f2bf-42f1-86b5-848c674fc321/resourceGroups/csmrg2541\"\r\n        },\r\n        {\r\n          \"id\": \"/subscriptions/a1bfa635-f2bf-42f1-86b5-848c674fc321/resourceGroups/csmrg3119\"\r\n        },\r\n        {\r\n          \"id\": \"/subscriptions/a1bfa635-f2bf-42f1-86b5-848c674fc321/resourceGroups/csmrg7839\"\r\n        },\r\n        {\r\n          \"id\": \"/subscriptions/a1bfa635-f2bf-42f1-86b5-848c674fc321/resourceGroups/rjwDeleteMe\"\r\n        },\r\n        {\r\n          \"id\": \"/subscriptions/a1bfa635-f2bf-42f1-86b5-848c674fc321/resourceGroups/ps_test_subscription_deployment\"\r\n        },\r\n        {\r\n          \"id\": \"/subscriptions/a1bfa635-f2bf-42f1-86b5-848c674fc321/resourceGroups/ps4210\"\r\n        },\r\n        {\r\n          \"id\": \"/subscriptions/a1bfa635-f2bf-42f1-86b5-848c674fc321/resourceGroups/ps6235\"\r\n        },\r\n        {\r\n          \"id\": \"/subscriptions/a1bfa635-f2bf-42f1-86b5-848c674fc321/resourceGroups/ps6561\"\r\n        },\r\n        {\r\n          \"id\": \"/subscriptions/a1bfa635-f2bf-42f1-86b5-848c674fc321/resourceGroups/ps7920\"\r\n        },\r\n        {\r\n          \"id\": \"/subscriptions/a1bfa635-f2bf-42f1-86b5-848c674fc321/resourceGroups/ps514\"\r\n        },\r\n        {\r\n          \"id\": \"/subscriptions/a1bfa635-f2bf-42f1-86b5-848c674fc321/resourceGroups/ps6838\"\r\n        },\r\n        {\r\n          \"id\": \"/subscriptions/a1bfa635-f2bf-42f1-86b5-848c674fc321/resourceGroups/ps193\"\r\n        },\r\n        {\r\n          \"id\": \"/subscriptions/a1bfa635-f2bf-42f1-86b5-848c674fc321/resourceGroups/ps2551\"\r\n        },\r\n        {\r\n          \"id\": \"/subscriptions/a1bfa635-f2bf-42f1-86b5-848c674fc321/resourceGroups/ps1923\"\r\n        },\r\n        {\r\n          \"id\": \"/subscriptions/a1bfa635-f2bf-42f1-86b5-848c674fc321/resourceGroups/test-this\"\r\n        },\r\n        {\r\n          \"id\": \"/subscriptions/a1bfa635-f2bf-42f1-86b5-848c674fc321/resourceGroups/ps757\"\r\n        },\r\n        {\r\n          \"id\": \"/subscriptions/a1bfa635-f2bf-42f1-86b5-848c674fc321/resourceGroups/ps5799\"\r\n        },\r\n        {\r\n          \"id\": \"/subscriptions/a1bfa635-f2bf-42f1-86b5-848c674fc321/resourceGroups/ps9965\"\r\n        },\r\n        {\r\n          \"id\": \"/subscriptions/a1bfa635-f2bf-42f1-86b5-848c674fc321/resourceGroups/ps377\"\r\n        },\r\n        {\r\n          \"id\": \"/subscriptions/a1bfa635-f2bf-42f1-86b5-848c674fc321/resourceGroups/ps6136\"\r\n        },\r\n        {\r\n          \"id\": \"/subscriptions/a1bfa635-f2bf-42f1-86b5-848c674fc321/resourceGroups/ps886\"\r\n        },\r\n        {\r\n          \"id\": \"/subscriptions/a1bfa635-f2bf-42f1-86b5-848c674fc321/resourceGroups/ps6785\"\r\n        },\r\n        {\r\n          \"id\": \"/subscriptions/a1bfa635-f2bf-42f1-86b5-848c674fc321/resourceGroups/ps7721\"\r\n        },\r\n        {\r\n          \"id\": \"/subscriptions/a1bfa635-f2bf-42f1-86b5-848c674fc321/resourceGroups/ps9011\"\r\n        },\r\n        {\r\n          \"id\": \"/subscriptions/a1bfa635-f2bf-42f1-86b5-848c674fc321/resourceGroups/ps4198\"\r\n        }\r\n      ]\r\n    },\r\n    \"cleanupPreference\": \"OnExpiration\"\r\n  },\r\n  \"id\": \"/subscriptions/a1bfa635-f2bf-42f1-86b5-848c674fc321/resourceGroups/ps4198/providers/Microsoft.Resources/deploymentScripts/PsTest-DeploymentScripts-91f2995c-9050-4ed7-a7f3-cd992f949fd6\",\r\n  \"type\": \"Microsoft.Resources/deploymentScripts\",\r\n  \"name\": \"PsTest-DeploymentScripts-91f2995c-9050-4ed7-a7f3-cd992f949fd6\"\r\n}",
      "StatusCode": 200
    },
    {
      "RequestUri": "/subscriptions/a1bfa635-f2bf-42f1-86b5-848c674fc321/resourcegroups/ps4198/providers/Microsoft.Resources/deploymentScripts/PsTest-DeploymentScripts-91f2995c-9050-4ed7-a7f3-cd992f949fd6?api-version=2019-10-01-preview",
      "EncodedRequestUri": "L3N1YnNjcmlwdGlvbnMvYTFiZmE2MzUtZjJiZi00MmYxLTg2YjUtODQ4YzY3NGZjMzIxL3Jlc291cmNlZ3JvdXBzL3BzNDE5OC9wcm92aWRlcnMvTWljcm9zb2Z0LlJlc291cmNlcy9kZXBsb3ltZW50U2NyaXB0cy9Qc1Rlc3QtRGVwbG95bWVudFNjcmlwdHMtOTFmMjk5NWMtOTA1MC00ZWQ3LWE3ZjMtY2Q5OTJmOTQ5ZmQ2P2FwaS12ZXJzaW9uPTIwMTktMTAtMDEtcHJldmlldw==",
      "RequestMethod": "DELETE",
      "RequestBody": "",
      "RequestHeaders": {
        "x-ms-client-request-id": [
          "1f056d7f-b881-4bca-8971-c6b510cadd25"
        ],
        "Accept-Language": [
          "en-US"
        ],
        "User-Agent": [
          "FxVersion/4.6.28207.03",
          "OSName/Windows",
          "OSVersion/Microsoft.Windows.10.0.18363.",
          "Microsoft.Azure.Management.ResourceManager.DeploymentScriptsClient/3.0.0.0"
        ]
      },
      "ResponseHeaders": {
        "Cache-Control": [
          "no-cache"
        ],
        "Pragma": [
          "no-cache"
        ],
        "x-ms-request-id": [
          "ad5c5fcc-7fac-44a6-ba49-a948270c838e"
        ],
        "Server": [
          "Microsoft-HTTPAPI/2.0"
        ],
        "x-ms-ratelimit-remaining-subscription-deletes": [
          "14999"
        ],
        "x-ms-correlation-request-id": [
          "da633b28-8759-4208-8add-d0ad174ab16b"
        ],
        "x-ms-routing-request-id": [
          "WESTUS:20200316T231151Z:da633b28-8759-4208-8add-d0ad174ab16b"
        ],
        "Strict-Transport-Security": [
          "max-age=31536000; includeSubDomains"
        ],
        "X-Content-Type-Options": [
          "nosniff"
        ],
        "Date": [
          "Mon, 16 Mar 2020 23:11:51 GMT"
        ],
        "Expires": [
          "-1"
        ],
        "Content-Length": [
          "0"
        ],
        "Retry-After": [
          "0"
        ]
      },
      "ResponseBody": "",
      "StatusCode": 200
    },
    {
      "RequestUri": "/subscriptions/a1bfa635-f2bf-42f1-86b5-848c674fc321/resourcegroups/ps4198?api-version=2019-07-01",
      "EncodedRequestUri": "L3N1YnNjcmlwdGlvbnMvYTFiZmE2MzUtZjJiZi00MmYxLTg2YjUtODQ4YzY3NGZjMzIxL3Jlc291cmNlZ3JvdXBzL3BzNDE5OD9hcGktdmVyc2lvbj0yMDE5LTA3LTAx",
      "RequestMethod": "DELETE",
      "RequestBody": "",
      "RequestHeaders": {
        "x-ms-client-request-id": [
          "ec79bd8f-faf1-4aa2-adf2-e969208d2bc2"
        ],
        "Accept-Language": [
          "en-US"
        ],
        "User-Agent": [
          "FxVersion/4.6.28207.03",
          "OSName/Windows",
          "OSVersion/Microsoft.Windows.10.0.18363.",
          "Microsoft.Azure.Management.ResourceManager.ResourceManagementClient/3.0.0.0"
        ]
      },
      "ResponseHeaders": {
        "Cache-Control": [
          "no-cache"
        ],
        "Pragma": [
          "no-cache"
        ],
        "Location": [
          "https://management.azure.com/subscriptions/a1bfa635-f2bf-42f1-86b5-848c674fc321/operationresults/eyJqb2JJZCI6IlJFU09VUkNFR1JPVVBERUxFVElPTkpPQi1QUzQxOTgtV0VTVFVTMiIsImpvYkxvY2F0aW9uIjoid2VzdHVzMiJ9?api-version=2019-07-01"
        ],
        "Retry-After": [
          "0"
        ],
        "x-ms-ratelimit-remaining-subscription-deletes": [
          "14999"
        ],
        "x-ms-request-id": [
          "bf8f7fcd-3f60-4174-9019-e082f2640c0b"
        ],
        "x-ms-correlation-request-id": [
          "bf8f7fcd-3f60-4174-9019-e082f2640c0b"
        ],
        "x-ms-routing-request-id": [
          "WESTUS:20200316T231152Z:bf8f7fcd-3f60-4174-9019-e082f2640c0b"
        ],
        "Strict-Transport-Security": [
          "max-age=31536000; includeSubDomains"
        ],
        "X-Content-Type-Options": [
          "nosniff"
        ],
        "Date": [
          "Mon, 16 Mar 2020 23:11:51 GMT"
        ],
        "Expires": [
          "-1"
        ],
        "Content-Length": [
          "0"
        ]
      },
      "ResponseBody": "",
      "StatusCode": 202
    },
    {
      "RequestUri": "/subscriptions/a1bfa635-f2bf-42f1-86b5-848c674fc321/operationresults/eyJqb2JJZCI6IlJFU09VUkNFR1JPVVBERUxFVElPTkpPQi1QUzQxOTgtV0VTVFVTMiIsImpvYkxvY2F0aW9uIjoid2VzdHVzMiJ9?api-version=2019-07-01",
      "EncodedRequestUri": "L3N1YnNjcmlwdGlvbnMvYTFiZmE2MzUtZjJiZi00MmYxLTg2YjUtODQ4YzY3NGZjMzIxL29wZXJhdGlvbnJlc3VsdHMvZXlKcWIySkpaQ0k2SWxKRlUwOVZVa05GUjFKUFZWQkVSVXhGVkVsUFRrcFBRaTFRVXpReE9UZ3RWMFZUVkZWVE1pSXNJbXB2WWt4dlkyRjBhVzl1SWpvaWQyVnpkSFZ6TWlKOT9hcGktdmVyc2lvbj0yMDE5LTA3LTAx",
      "RequestMethod": "GET",
      "RequestBody": "",
      "RequestHeaders": {
        "User-Agent": [
          "FxVersion/4.6.28207.03",
          "OSName/Windows",
          "OSVersion/Microsoft.Windows.10.0.18363.",
          "Microsoft.Azure.Management.ResourceManager.ResourceManagementClient/3.0.0.0"
        ]
      },
      "ResponseHeaders": {
        "Cache-Control": [
          "no-cache"
        ],
        "Pragma": [
          "no-cache"
        ],
        "Location": [
          "https://management.azure.com/subscriptions/a1bfa635-f2bf-42f1-86b5-848c674fc321/operationresults/eyJqb2JJZCI6IlJFU09VUkNFR1JPVVBERUxFVElPTkpPQi1QUzQxOTgtV0VTVFVTMiIsImpvYkxvY2F0aW9uIjoid2VzdHVzMiJ9?api-version=2019-07-01"
        ],
        "Retry-After": [
          "0"
        ],
        "x-ms-ratelimit-remaining-subscription-reads": [
          "11998"
        ],
        "x-ms-request-id": [
          "7a57f31a-b776-4663-b6e3-82712b9fa960"
        ],
        "x-ms-correlation-request-id": [
          "7a57f31a-b776-4663-b6e3-82712b9fa960"
        ],
        "x-ms-routing-request-id": [
          "WESTUS:20200316T231207Z:7a57f31a-b776-4663-b6e3-82712b9fa960"
        ],
        "Strict-Transport-Security": [
          "max-age=31536000; includeSubDomains"
        ],
        "X-Content-Type-Options": [
          "nosniff"
        ],
        "Date": [
          "Mon, 16 Mar 2020 23:12:07 GMT"
        ],
        "Expires": [
          "-1"
        ],
        "Content-Length": [
          "0"
        ]
      },
      "ResponseBody": "",
      "StatusCode": 202
    },
    {
      "RequestUri": "/subscriptions/a1bfa635-f2bf-42f1-86b5-848c674fc321/operationresults/eyJqb2JJZCI6IlJFU09VUkNFR1JPVVBERUxFVElPTkpPQi1QUzQxOTgtV0VTVFVTMiIsImpvYkxvY2F0aW9uIjoid2VzdHVzMiJ9?api-version=2019-07-01",
      "EncodedRequestUri": "L3N1YnNjcmlwdGlvbnMvYTFiZmE2MzUtZjJiZi00MmYxLTg2YjUtODQ4YzY3NGZjMzIxL29wZXJhdGlvbnJlc3VsdHMvZXlKcWIySkpaQ0k2SWxKRlUwOVZVa05GUjFKUFZWQkVSVXhGVkVsUFRrcFBRaTFRVXpReE9UZ3RWMFZUVkZWVE1pSXNJbXB2WWt4dlkyRjBhVzl1SWpvaWQyVnpkSFZ6TWlKOT9hcGktdmVyc2lvbj0yMDE5LTA3LTAx",
      "RequestMethod": "GET",
      "RequestBody": "",
      "RequestHeaders": {
        "User-Agent": [
          "FxVersion/4.6.28207.03",
          "OSName/Windows",
          "OSVersion/Microsoft.Windows.10.0.18363.",
          "Microsoft.Azure.Management.ResourceManager.ResourceManagementClient/3.0.0.0"
        ]
      },
      "ResponseHeaders": {
        "Cache-Control": [
          "no-cache"
        ],
        "Pragma": [
          "no-cache"
        ],
        "Location": [
          "https://management.azure.com/subscriptions/a1bfa635-f2bf-42f1-86b5-848c674fc321/operationresults/eyJqb2JJZCI6IlJFU09VUkNFR1JPVVBERUxFVElPTkpPQi1QUzQxOTgtV0VTVFVTMiIsImpvYkxvY2F0aW9uIjoid2VzdHVzMiJ9?api-version=2019-07-01"
        ],
        "Retry-After": [
          "0"
        ],
        "x-ms-ratelimit-remaining-subscription-reads": [
          "11997"
        ],
        "x-ms-request-id": [
          "3a697fef-0eaf-409e-bb2c-834d1467c2a7"
        ],
        "x-ms-correlation-request-id": [
          "3a697fef-0eaf-409e-bb2c-834d1467c2a7"
        ],
        "x-ms-routing-request-id": [
          "WESTUS:20200316T231222Z:3a697fef-0eaf-409e-bb2c-834d1467c2a7"
        ],
        "Strict-Transport-Security": [
          "max-age=31536000; includeSubDomains"
        ],
        "X-Content-Type-Options": [
          "nosniff"
        ],
        "Date": [
          "Mon, 16 Mar 2020 23:12:22 GMT"
        ],
        "Expires": [
          "-1"
        ],
        "Content-Length": [
          "0"
        ]
      },
      "ResponseBody": "",
      "StatusCode": 202
    },
    {
      "RequestUri": "/subscriptions/a1bfa635-f2bf-42f1-86b5-848c674fc321/operationresults/eyJqb2JJZCI6IlJFU09VUkNFR1JPVVBERUxFVElPTkpPQi1QUzQxOTgtV0VTVFVTMiIsImpvYkxvY2F0aW9uIjoid2VzdHVzMiJ9?api-version=2019-07-01",
      "EncodedRequestUri": "L3N1YnNjcmlwdGlvbnMvYTFiZmE2MzUtZjJiZi00MmYxLTg2YjUtODQ4YzY3NGZjMzIxL29wZXJhdGlvbnJlc3VsdHMvZXlKcWIySkpaQ0k2SWxKRlUwOVZVa05GUjFKUFZWQkVSVXhGVkVsUFRrcFBRaTFRVXpReE9UZ3RWMFZUVkZWVE1pSXNJbXB2WWt4dlkyRjBhVzl1SWpvaWQyVnpkSFZ6TWlKOT9hcGktdmVyc2lvbj0yMDE5LTA3LTAx",
      "RequestMethod": "GET",
      "RequestBody": "",
      "RequestHeaders": {
        "User-Agent": [
          "FxVersion/4.6.28207.03",
          "OSName/Windows",
          "OSVersion/Microsoft.Windows.10.0.18363.",
          "Microsoft.Azure.Management.ResourceManager.ResourceManagementClient/3.0.0.0"
        ]
      },
      "ResponseHeaders": {
        "Cache-Control": [
          "no-cache"
        ],
        "Pragma": [
          "no-cache"
        ],
        "Location": [
          "https://management.azure.com/subscriptions/a1bfa635-f2bf-42f1-86b5-848c674fc321/operationresults/eyJqb2JJZCI6IlJFU09VUkNFR1JPVVBERUxFVElPTkpPQi1QUzQxOTgtV0VTVFVTMiIsImpvYkxvY2F0aW9uIjoid2VzdHVzMiJ9?api-version=2019-07-01"
        ],
        "Retry-After": [
          "0"
        ],
        "x-ms-ratelimit-remaining-subscription-reads": [
          "11996"
        ],
        "x-ms-request-id": [
          "bcd5f5e4-4303-4336-8813-26f4772143cc"
        ],
        "x-ms-correlation-request-id": [
          "bcd5f5e4-4303-4336-8813-26f4772143cc"
        ],
        "x-ms-routing-request-id": [
          "WESTUS:20200316T231237Z:bcd5f5e4-4303-4336-8813-26f4772143cc"
        ],
        "Strict-Transport-Security": [
          "max-age=31536000; includeSubDomains"
        ],
        "X-Content-Type-Options": [
          "nosniff"
        ],
        "Date": [
          "Mon, 16 Mar 2020 23:12:37 GMT"
        ],
        "Expires": [
          "-1"
        ],
        "Content-Length": [
          "0"
        ]
      },
      "ResponseBody": "",
      "StatusCode": 202
    },
    {
      "RequestUri": "/subscriptions/a1bfa635-f2bf-42f1-86b5-848c674fc321/operationresults/eyJqb2JJZCI6IlJFU09VUkNFR1JPVVBERUxFVElPTkpPQi1QUzQxOTgtV0VTVFVTMiIsImpvYkxvY2F0aW9uIjoid2VzdHVzMiJ9?api-version=2019-07-01",
      "EncodedRequestUri": "L3N1YnNjcmlwdGlvbnMvYTFiZmE2MzUtZjJiZi00MmYxLTg2YjUtODQ4YzY3NGZjMzIxL29wZXJhdGlvbnJlc3VsdHMvZXlKcWIySkpaQ0k2SWxKRlUwOVZVa05GUjFKUFZWQkVSVXhGVkVsUFRrcFBRaTFRVXpReE9UZ3RWMFZUVkZWVE1pSXNJbXB2WWt4dlkyRjBhVzl1SWpvaWQyVnpkSFZ6TWlKOT9hcGktdmVyc2lvbj0yMDE5LTA3LTAx",
      "RequestMethod": "GET",
      "RequestBody": "",
      "RequestHeaders": {
        "User-Agent": [
          "FxVersion/4.6.28207.03",
          "OSName/Windows",
          "OSVersion/Microsoft.Windows.10.0.18363.",
          "Microsoft.Azure.Management.ResourceManager.ResourceManagementClient/3.0.0.0"
        ]
      },
      "ResponseHeaders": {
        "Cache-Control": [
          "no-cache"
        ],
        "Pragma": [
          "no-cache"
        ],
        "Location": [
          "https://management.azure.com/subscriptions/a1bfa635-f2bf-42f1-86b5-848c674fc321/operationresults/eyJqb2JJZCI6IlJFU09VUkNFR1JPVVBERUxFVElPTkpPQi1QUzQxOTgtV0VTVFVTMiIsImpvYkxvY2F0aW9uIjoid2VzdHVzMiJ9?api-version=2019-07-01"
        ],
        "Retry-After": [
          "0"
        ],
        "x-ms-ratelimit-remaining-subscription-reads": [
          "11995"
        ],
        "x-ms-request-id": [
          "b2e6f57c-15a5-4a0a-ba83-cd7f88e50c80"
        ],
        "x-ms-correlation-request-id": [
          "b2e6f57c-15a5-4a0a-ba83-cd7f88e50c80"
        ],
        "x-ms-routing-request-id": [
          "WESTUS:20200316T231252Z:b2e6f57c-15a5-4a0a-ba83-cd7f88e50c80"
        ],
        "Strict-Transport-Security": [
          "max-age=31536000; includeSubDomains"
        ],
        "X-Content-Type-Options": [
          "nosniff"
        ],
        "Date": [
          "Mon, 16 Mar 2020 23:12:52 GMT"
        ],
        "Expires": [
          "-1"
        ],
        "Content-Length": [
          "0"
        ]
      },
      "ResponseBody": "",
      "StatusCode": 202
    },
    {
      "RequestUri": "/subscriptions/a1bfa635-f2bf-42f1-86b5-848c674fc321/operationresults/eyJqb2JJZCI6IlJFU09VUkNFR1JPVVBERUxFVElPTkpPQi1QUzQxOTgtV0VTVFVTMiIsImpvYkxvY2F0aW9uIjoid2VzdHVzMiJ9?api-version=2019-07-01",
      "EncodedRequestUri": "L3N1YnNjcmlwdGlvbnMvYTFiZmE2MzUtZjJiZi00MmYxLTg2YjUtODQ4YzY3NGZjMzIxL29wZXJhdGlvbnJlc3VsdHMvZXlKcWIySkpaQ0k2SWxKRlUwOVZVa05GUjFKUFZWQkVSVXhGVkVsUFRrcFBRaTFRVXpReE9UZ3RWMFZUVkZWVE1pSXNJbXB2WWt4dlkyRjBhVzl1SWpvaWQyVnpkSFZ6TWlKOT9hcGktdmVyc2lvbj0yMDE5LTA3LTAx",
      "RequestMethod": "GET",
      "RequestBody": "",
      "RequestHeaders": {
        "User-Agent": [
          "FxVersion/4.6.28207.03",
          "OSName/Windows",
          "OSVersion/Microsoft.Windows.10.0.18363.",
          "Microsoft.Azure.Management.ResourceManager.ResourceManagementClient/3.0.0.0"
        ]
      },
      "ResponseHeaders": {
        "Cache-Control": [
          "no-cache"
        ],
        "Pragma": [
          "no-cache"
        ],
        "Location": [
          "https://management.azure.com/subscriptions/a1bfa635-f2bf-42f1-86b5-848c674fc321/operationresults/eyJqb2JJZCI6IlJFU09VUkNFR1JPVVBERUxFVElPTkpPQi1QUzQxOTgtV0VTVFVTMiIsImpvYkxvY2F0aW9uIjoid2VzdHVzMiJ9?api-version=2019-07-01"
        ],
        "Retry-After": [
          "0"
        ],
        "x-ms-ratelimit-remaining-subscription-reads": [
          "11994"
        ],
        "x-ms-request-id": [
          "a929164c-e8e5-4a29-b5ad-c098350b8ae4"
        ],
        "x-ms-correlation-request-id": [
          "a929164c-e8e5-4a29-b5ad-c098350b8ae4"
        ],
        "x-ms-routing-request-id": [
          "WESTUS:20200316T231307Z:a929164c-e8e5-4a29-b5ad-c098350b8ae4"
        ],
        "Strict-Transport-Security": [
          "max-age=31536000; includeSubDomains"
        ],
        "X-Content-Type-Options": [
          "nosniff"
        ],
        "Date": [
          "Mon, 16 Mar 2020 23:13:07 GMT"
        ],
        "Expires": [
          "-1"
        ],
        "Content-Length": [
          "0"
        ]
      },
      "ResponseBody": "",
      "StatusCode": 202
    },
    {
      "RequestUri": "/subscriptions/a1bfa635-f2bf-42f1-86b5-848c674fc321/operationresults/eyJqb2JJZCI6IlJFU09VUkNFR1JPVVBERUxFVElPTkpPQi1QUzQxOTgtV0VTVFVTMiIsImpvYkxvY2F0aW9uIjoid2VzdHVzMiJ9?api-version=2019-07-01",
      "EncodedRequestUri": "L3N1YnNjcmlwdGlvbnMvYTFiZmE2MzUtZjJiZi00MmYxLTg2YjUtODQ4YzY3NGZjMzIxL29wZXJhdGlvbnJlc3VsdHMvZXlKcWIySkpaQ0k2SWxKRlUwOVZVa05GUjFKUFZWQkVSVXhGVkVsUFRrcFBRaTFRVXpReE9UZ3RWMFZUVkZWVE1pSXNJbXB2WWt4dlkyRjBhVzl1SWpvaWQyVnpkSFZ6TWlKOT9hcGktdmVyc2lvbj0yMDE5LTA3LTAx",
      "RequestMethod": "GET",
      "RequestBody": "",
      "RequestHeaders": {
        "User-Agent": [
          "FxVersion/4.6.28207.03",
          "OSName/Windows",
          "OSVersion/Microsoft.Windows.10.0.18363.",
          "Microsoft.Azure.Management.ResourceManager.ResourceManagementClient/3.0.0.0"
        ]
      },
      "ResponseHeaders": {
        "Cache-Control": [
          "no-cache"
        ],
        "Pragma": [
          "no-cache"
        ],
        "Location": [
          "https://management.azure.com/subscriptions/a1bfa635-f2bf-42f1-86b5-848c674fc321/operationresults/eyJqb2JJZCI6IlJFU09VUkNFR1JPVVBERUxFVElPTkpPQi1QUzQxOTgtV0VTVFVTMiIsImpvYkxvY2F0aW9uIjoid2VzdHVzMiJ9?api-version=2019-07-01"
        ],
        "Retry-After": [
          "0"
        ],
        "x-ms-ratelimit-remaining-subscription-reads": [
          "11993"
        ],
        "x-ms-request-id": [
          "37f4205a-e796-4cfc-bf4e-0677ec000ffd"
        ],
        "x-ms-correlation-request-id": [
          "37f4205a-e796-4cfc-bf4e-0677ec000ffd"
        ],
        "x-ms-routing-request-id": [
          "WESTUS:20200316T231323Z:37f4205a-e796-4cfc-bf4e-0677ec000ffd"
        ],
        "Strict-Transport-Security": [
          "max-age=31536000; includeSubDomains"
        ],
        "X-Content-Type-Options": [
          "nosniff"
        ],
        "Date": [
          "Mon, 16 Mar 2020 23:13:22 GMT"
        ],
        "Expires": [
          "-1"
        ],
        "Content-Length": [
          "0"
        ]
      },
      "ResponseBody": "",
      "StatusCode": 202
    },
    {
      "RequestUri": "/subscriptions/a1bfa635-f2bf-42f1-86b5-848c674fc321/operationresults/eyJqb2JJZCI6IlJFU09VUkNFR1JPVVBERUxFVElPTkpPQi1QUzQxOTgtV0VTVFVTMiIsImpvYkxvY2F0aW9uIjoid2VzdHVzMiJ9?api-version=2019-07-01",
      "EncodedRequestUri": "L3N1YnNjcmlwdGlvbnMvYTFiZmE2MzUtZjJiZi00MmYxLTg2YjUtODQ4YzY3NGZjMzIxL29wZXJhdGlvbnJlc3VsdHMvZXlKcWIySkpaQ0k2SWxKRlUwOVZVa05GUjFKUFZWQkVSVXhGVkVsUFRrcFBRaTFRVXpReE9UZ3RWMFZUVkZWVE1pSXNJbXB2WWt4dlkyRjBhVzl1SWpvaWQyVnpkSFZ6TWlKOT9hcGktdmVyc2lvbj0yMDE5LTA3LTAx",
      "RequestMethod": "GET",
      "RequestBody": "",
      "RequestHeaders": {
        "User-Agent": [
          "FxVersion/4.6.28207.03",
          "OSName/Windows",
          "OSVersion/Microsoft.Windows.10.0.18363.",
          "Microsoft.Azure.Management.ResourceManager.ResourceManagementClient/3.0.0.0"
        ]
      },
      "ResponseHeaders": {
        "Cache-Control": [
          "no-cache"
        ],
        "Pragma": [
          "no-cache"
        ],
        "x-ms-ratelimit-remaining-subscription-reads": [
          "11992"
        ],
        "x-ms-request-id": [
          "fe182c15-ab6c-4ef9-9029-7dbc5e40a860"
        ],
        "x-ms-correlation-request-id": [
          "fe182c15-ab6c-4ef9-9029-7dbc5e40a860"
        ],
        "x-ms-routing-request-id": [
          "WESTUS:20200316T231338Z:fe182c15-ab6c-4ef9-9029-7dbc5e40a860"
        ],
        "Strict-Transport-Security": [
          "max-age=31536000; includeSubDomains"
        ],
        "X-Content-Type-Options": [
          "nosniff"
        ],
        "Date": [
          "Mon, 16 Mar 2020 23:13:37 GMT"
        ],
        "Expires": [
          "-1"
        ],
        "Content-Length": [
          "0"
        ],
        "Retry-After": [
          "0"
        ]
      },
      "ResponseBody": "",
      "StatusCode": 200
    },
    {
      "RequestUri": "/subscriptions/a1bfa635-f2bf-42f1-86b5-848c674fc321/operationresults/eyJqb2JJZCI6IlJFU09VUkNFR1JPVVBERUxFVElPTkpPQi1QUzQxOTgtV0VTVFVTMiIsImpvYkxvY2F0aW9uIjoid2VzdHVzMiJ9?api-version=2019-07-01",
      "EncodedRequestUri": "L3N1YnNjcmlwdGlvbnMvYTFiZmE2MzUtZjJiZi00MmYxLTg2YjUtODQ4YzY3NGZjMzIxL29wZXJhdGlvbnJlc3VsdHMvZXlKcWIySkpaQ0k2SWxKRlUwOVZVa05GUjFKUFZWQkVSVXhGVkVsUFRrcFBRaTFRVXpReE9UZ3RWMFZUVkZWVE1pSXNJbXB2WWt4dlkyRjBhVzl1SWpvaWQyVnpkSFZ6TWlKOT9hcGktdmVyc2lvbj0yMDE5LTA3LTAx",
      "RequestMethod": "GET",
      "RequestBody": "",
      "RequestHeaders": {
        "User-Agent": [
          "FxVersion/4.6.28207.03",
          "OSName/Windows",
          "OSVersion/Microsoft.Windows.10.0.18363.",
          "Microsoft.Azure.Management.ResourceManager.ResourceManagementClient/3.0.0.0"
        ]
      },
      "ResponseHeaders": {
        "Cache-Control": [
          "no-cache"
        ],
        "Pragma": [
          "no-cache"
        ],
        "x-ms-ratelimit-remaining-subscription-reads": [
          "11991"
        ],
        "x-ms-request-id": [
          "6c3df3f5-5d3e-4f77-ae53-ca7c3310f97d"
        ],
        "x-ms-correlation-request-id": [
          "6c3df3f5-5d3e-4f77-ae53-ca7c3310f97d"
        ],
        "x-ms-routing-request-id": [
          "WESTUS:20200316T231338Z:6c3df3f5-5d3e-4f77-ae53-ca7c3310f97d"
        ],
        "Strict-Transport-Security": [
          "max-age=31536000; includeSubDomains"
        ],
        "X-Content-Type-Options": [
          "nosniff"
        ],
        "Date": [
          "Mon, 16 Mar 2020 23:13:37 GMT"
        ],
        "Expires": [
          "-1"
        ],
        "Content-Length": [
          "0"
        ],
        "Retry-After": [
          "0"
        ]
      },
      "ResponseBody": "",
      "StatusCode": 200
    }
  ],
  "Names": {
    "Test-RemovePipedDeploymentScriptObject": [
      "ps4198",
      "ps4291"
    ]
  },
  "Variables": {
    "SubscriptionId": "a1bfa635-f2bf-42f1-86b5-848c674fc321"
  }
}