{
  "Entries": [
    {
      "RequestUri": "/subscriptions/27cafca8-b9a4-4264-b399-45d0c9cca1ab/resourcegroups/ps6411?api-version=2016-09-01",
      "EncodedRequestUri": "L3N1YnNjcmlwdGlvbnMvMjdjYWZjYTgtYjlhNC00MjY0LWIzOTktNDVkMGM5Y2NhMWFiL3Jlc291cmNlZ3JvdXBzL3BzNjQxMT9hcGktdmVyc2lvbj0yMDE2LTA5LTAx",
      "RequestMethod": "PUT",
      "RequestBody": "{\r\n  \"location\": \"West US\"\r\n}",
      "RequestHeaders": {
        "x-ms-client-request-id": [
          "bb719af1-137c-4680-a1ff-a0c47d9352d8"
        ],
        "Accept-Language": [
          "en-US"
        ],
        "User-Agent": [
          "FxVersion/4.6.29719.03",
          "OSName/Windows",
          "OSVersion/Microsoft.Windows.10.0.19042.",
          "Microsoft.Azure.Management.Internal.Resources.ResourceManagementClient/1.3.30"
        ],
        "Content-Type": [
          "application/json; charset=utf-8"
        ],
        "Content-Length": [
          "29"
        ]
      },
      "ResponseHeaders": {
        "Cache-Control": [
          "no-cache"
        ],
        "Pragma": [
          "no-cache"
        ],
        "x-ms-ratelimit-remaining-subscription-writes": [
          "1199"
        ],
        "x-ms-request-id": [
          "d937f0d2-21c4-4596-b96c-b3f8ab559e09"
        ],
        "x-ms-correlation-request-id": [
          "d937f0d2-21c4-4596-b96c-b3f8ab559e09"
        ],
        "x-ms-routing-request-id": [
          "WESTCENTRALUS:20210309T204549Z:d937f0d2-21c4-4596-b96c-b3f8ab559e09"
        ],
        "Strict-Transport-Security": [
          "max-age=31536000; includeSubDomains"
        ],
        "X-Content-Type-Options": [
          "nosniff"
        ],
        "Date": [
          "Tue, 09 Mar 2021 20:45:49 GMT"
        ],
        "Content-Length": [
          "165"
        ],
        "Content-Type": [
          "application/json; charset=utf-8"
        ],
        "Expires": [
          "-1"
        ]
      },
      "ResponseBody": "{\r\n  \"id\": \"/subscriptions/27cafca8-b9a4-4264-b399-45d0c9cca1ab/resourceGroups/ps6411\",\r\n  \"name\": \"ps6411\",\r\n  \"location\": \"westus\",\r\n  \"properties\": {\r\n    \"provisioningState\": \"Succeeded\"\r\n  }\r\n}",
      "StatusCode": 201
    },
    {
      "RequestUri": "/subscriptions/27cafca8-b9a4-4264-b399-45d0c9cca1ab/resourceGroups/ps6411/providers/Microsoft.Cdn/profiles/ps9215?api-version=2020-09-01",
      "EncodedRequestUri": "L3N1YnNjcmlwdGlvbnMvMjdjYWZjYTgtYjlhNC00MjY0LWIzOTktNDVkMGM5Y2NhMWFiL3Jlc291cmNlR3JvdXBzL3BzNjQxMS9wcm92aWRlcnMvTWljcm9zb2Z0LkNkbi9wcm9maWxlcy9wczkyMTU/YXBpLXZlcnNpb249MjAyMC0wOS0wMQ==",
      "RequestMethod": "PUT",
      "RequestBody": "{\r\n  \"sku\": {\r\n    \"name\": \"Standard_AzureFrontDoor\"\r\n  },\r\n  \"location\": \"Global\"\r\n}",
      "RequestHeaders": {
        "x-ms-client-request-id": [
          "a77a97f6-7af9-4119-aa32-db7c3a04f004"
        ],
        "Accept-Language": [
          "en-US"
        ],
        "User-Agent": [
          "FxVersion/4.6.29719.03",
          "OSName/Windows",
          "OSVersion/Microsoft.Windows.10.0.19042.",
          "Microsoft.Azure.Management.Cdn.CdnManagementClient/6.1.0.0"
        ],
        "Content-Type": [
          "application/json; charset=utf-8"
        ],
        "Content-Length": [
          "85"
        ]
      },
      "ResponseHeaders": {
        "Cache-Control": [
          "no-cache"
        ],
        "Pragma": [
          "no-cache"
        ],
        "Retry-After": [
          "10"
        ],
        "Strict-Transport-Security": [
          "max-age=31536000; includeSubDomains"
        ],
        "x-ms-request-id": [
          "6c9c905e-110e-43bf-8494-c19155ece3ae"
        ],
        "x-ms-client-request-id": [
          "a77a97f6-7af9-4119-aa32-db7c3a04f004"
        ],
        "Azure-AsyncOperation": [
          "https://management.azure.com/subscriptions/27cafca8-b9a4-4264-b399-45d0c9cca1ab/resourcegroups/ps6411/providers/Microsoft.Cdn/operationresults/84d3513b-e731-4e92-8407-cdaa9d6d0a26?api-version=2020-09-01"
        ],
        "Server": [
          "Kestrel"
        ],
        "x-ms-ratelimit-remaining-subscription-resource-requests": [
          "24"
        ],
        "x-ms-correlation-request-id": [
          "2a5f6389-e3de-4ce1-8ff7-70e99b33cc25"
        ],
        "x-ms-routing-request-id": [
          "WESTCENTRALUS:20210309T204553Z:2a5f6389-e3de-4ce1-8ff7-70e99b33cc25"
        ],
        "X-Content-Type-Options": [
          "nosniff"
        ],
        "Date": [
          "Tue, 09 Mar 2021 20:45:52 GMT"
        ],
        "Content-Length": [
          "386"
        ],
        "Content-Type": [
          "application/json; charset=utf-8"
        ],
        "Expires": [
          "-1"
        ]
      },
      "ResponseBody": "{\r\n  \"id\": \"/subscriptions/27cafca8-b9a4-4264-b399-45d0c9cca1ab/resourcegroups/ps6411/providers/Microsoft.Cdn/profiles/ps9215\",\r\n  \"type\": \"Microsoft.Cdn/profiles\",\r\n  \"name\": \"ps9215\",\r\n  \"location\": \"Global\",\r\n  \"kind\": \"frontdoor\",\r\n  \"tags\": {},\r\n  \"sku\": {\r\n    \"name\": \"Standard_AzureFrontDoor\"\r\n  },\r\n  \"properties\": {\r\n    \"frontDoorId\": \"f581c6fa-4d57-43ea-94c3-ebab50eaab4e\",\r\n    \"resourceState\": \"Creating\",\r\n    \"provisioningState\": \"Creating\"\r\n  }\r\n}",
      "StatusCode": 201
    },
    {
      "RequestUri": "/subscriptions/27cafca8-b9a4-4264-b399-45d0c9cca1ab/resourcegroups/ps6411/providers/Microsoft.Cdn/operationresults/84d3513b-e731-4e92-8407-cdaa9d6d0a26?api-version=2020-09-01",
      "EncodedRequestUri": "L3N1YnNjcmlwdGlvbnMvMjdjYWZjYTgtYjlhNC00MjY0LWIzOTktNDVkMGM5Y2NhMWFiL3Jlc291cmNlZ3JvdXBzL3BzNjQxMS9wcm92aWRlcnMvTWljcm9zb2Z0LkNkbi9vcGVyYXRpb25yZXN1bHRzLzg0ZDM1MTNiLWU3MzEtNGU5Mi04NDA3LWNkYWE5ZDZkMGEyNj9hcGktdmVyc2lvbj0yMDIwLTA5LTAx",
      "RequestMethod": "GET",
      "RequestBody": "",
      "RequestHeaders": {
        "x-ms-client-request-id": [
          "a77a97f6-7af9-4119-aa32-db7c3a04f004"
        ],
        "User-Agent": [
          "FxVersion/4.6.29719.03",
          "OSName/Windows",
          "OSVersion/Microsoft.Windows.10.0.19042.",
          "Microsoft.Azure.Management.Cdn.CdnManagementClient/6.1.0.0"
        ]
      },
      "ResponseHeaders": {
        "Cache-Control": [
          "no-cache"
        ],
        "Pragma": [
          "no-cache"
        ],
        "Strict-Transport-Security": [
          "max-age=31536000; includeSubDomains"
        ],
        "x-ms-request-id": [
          "b499ed81-bb7f-4fdf-85e1-a197d4c4446d"
        ],
        "x-ms-client-request-id": [
          "a77a97f6-7af9-4119-aa32-db7c3a04f004"
        ],
        "Server": [
          "Kestrel"
        ],
        "x-ms-ratelimit-remaining-subscription-reads": [
          "11999"
        ],
        "x-ms-correlation-request-id": [
          "d0bbffff-d837-456d-a70c-f7f6f59070d0"
        ],
        "x-ms-routing-request-id": [
          "WESTCENTRALUS:20210309T204604Z:d0bbffff-d837-456d-a70c-f7f6f59070d0"
        ],
        "X-Content-Type-Options": [
          "nosniff"
        ],
        "Date": [
          "Tue, 09 Mar 2021 20:46:03 GMT"
        ],
        "Content-Length": [
          "62"
        ],
        "Content-Type": [
          "application/json; charset=utf-8"
        ],
        "Expires": [
          "-1"
        ]
      },
      "ResponseBody": "{\r\n  \"status\": \"InProgress\",\r\n  \"error\": {\r\n    \"code\": \"None\",\r\n    \"message\": null\r\n  }\r\n}",
      "StatusCode": 200
    },
    {
      "RequestUri": "/subscriptions/27cafca8-b9a4-4264-b399-45d0c9cca1ab/resourcegroups/ps6411/providers/Microsoft.Cdn/operationresults/84d3513b-e731-4e92-8407-cdaa9d6d0a26?api-version=2020-09-01",
      "EncodedRequestUri": "L3N1YnNjcmlwdGlvbnMvMjdjYWZjYTgtYjlhNC00MjY0LWIzOTktNDVkMGM5Y2NhMWFiL3Jlc291cmNlZ3JvdXBzL3BzNjQxMS9wcm92aWRlcnMvTWljcm9zb2Z0LkNkbi9vcGVyYXRpb25yZXN1bHRzLzg0ZDM1MTNiLWU3MzEtNGU5Mi04NDA3LWNkYWE5ZDZkMGEyNj9hcGktdmVyc2lvbj0yMDIwLTA5LTAx",
      "RequestMethod": "GET",
      "RequestBody": "",
      "RequestHeaders": {
        "x-ms-client-request-id": [
          "a77a97f6-7af9-4119-aa32-db7c3a04f004"
        ],
        "User-Agent": [
          "FxVersion/4.6.29719.03",
          "OSName/Windows",
          "OSVersion/Microsoft.Windows.10.0.19042.",
          "Microsoft.Azure.Management.Cdn.CdnManagementClient/6.1.0.0"
        ]
      },
      "ResponseHeaders": {
        "Cache-Control": [
          "no-cache"
        ],
        "Pragma": [
          "no-cache"
        ],
        "Strict-Transport-Security": [
          "max-age=31536000; includeSubDomains"
        ],
        "x-ms-request-id": [
          "2000c87d-b827-45f6-ae43-e12a79beece5"
        ],
        "x-ms-client-request-id": [
          "a77a97f6-7af9-4119-aa32-db7c3a04f004"
        ],
        "Server": [
          "Kestrel"
        ],
        "x-ms-ratelimit-remaining-subscription-reads": [
          "11998"
        ],
        "x-ms-correlation-request-id": [
          "410529e9-b3f9-4ed5-a993-fb4bfbb78b50"
        ],
        "x-ms-routing-request-id": [
          "WESTCENTRALUS:20210309T204614Z:410529e9-b3f9-4ed5-a993-fb4bfbb78b50"
        ],
        "X-Content-Type-Options": [
          "nosniff"
        ],
        "Date": [
          "Tue, 09 Mar 2021 20:46:13 GMT"
        ],
        "Content-Length": [
          "61"
        ],
        "Content-Type": [
          "application/json; charset=utf-8"
        ],
        "Expires": [
          "-1"
        ]
      },
      "ResponseBody": "{\r\n  \"status\": \"Succeeded\",\r\n  \"error\": {\r\n    \"code\": \"None\",\r\n    \"message\": null\r\n  }\r\n}",
      "StatusCode": 200
    },
    {
      "RequestUri": "/subscriptions/27cafca8-b9a4-4264-b399-45d0c9cca1ab/resourceGroups/ps6411/providers/Microsoft.Cdn/profiles/ps9215?api-version=2020-09-01",
      "EncodedRequestUri": "L3N1YnNjcmlwdGlvbnMvMjdjYWZjYTgtYjlhNC00MjY0LWIzOTktNDVkMGM5Y2NhMWFiL3Jlc291cmNlR3JvdXBzL3BzNjQxMS9wcm92aWRlcnMvTWljcm9zb2Z0LkNkbi9wcm9maWxlcy9wczkyMTU/YXBpLXZlcnNpb249MjAyMC0wOS0wMQ==",
      "RequestMethod": "GET",
      "RequestBody": "",
      "RequestHeaders": {
        "x-ms-client-request-id": [
          "a77a97f6-7af9-4119-aa32-db7c3a04f004"
        ],
        "User-Agent": [
          "FxVersion/4.6.29719.03",
          "OSName/Windows",
          "OSVersion/Microsoft.Windows.10.0.19042.",
          "Microsoft.Azure.Management.Cdn.CdnManagementClient/6.1.0.0"
        ]
      },
      "ResponseHeaders": {
        "Cache-Control": [
          "no-cache"
        ],
        "Pragma": [
          "no-cache"
        ],
        "Strict-Transport-Security": [
          "max-age=31536000; includeSubDomains"
        ],
        "x-ms-request-id": [
          "3b09ac35-a19c-489b-9493-c68f09a05c18"
        ],
        "x-ms-client-request-id": [
          "a77a97f6-7af9-4119-aa32-db7c3a04f004"
        ],
        "Server": [
          "Kestrel"
        ],
        "x-ms-ratelimit-remaining-subscription-resource-requests": [
          "49"
        ],
        "x-ms-correlation-request-id": [
          "7b1fd542-911a-4807-9e78-54ab7fec106f"
        ],
        "x-ms-routing-request-id": [
          "WESTCENTRALUS:20210309T204614Z:7b1fd542-911a-4807-9e78-54ab7fec106f"
        ],
        "X-Content-Type-Options": [
          "nosniff"
        ],
        "Date": [
          "Tue, 09 Mar 2021 20:46:14 GMT"
        ],
        "Content-Length": [
          "385"
        ],
        "Content-Type": [
          "application/json; charset=utf-8"
        ],
        "Expires": [
          "-1"
        ]
      },
      "ResponseBody": "{\r\n  \"id\": \"/subscriptions/27cafca8-b9a4-4264-b399-45d0c9cca1ab/resourcegroups/ps6411/providers/Microsoft.Cdn/profiles/ps9215\",\r\n  \"type\": \"Microsoft.Cdn/profiles\",\r\n  \"name\": \"ps9215\",\r\n  \"location\": \"Global\",\r\n  \"kind\": \"frontdoor\",\r\n  \"tags\": {},\r\n  \"sku\": {\r\n    \"name\": \"Standard_AzureFrontDoor\"\r\n  },\r\n  \"properties\": {\r\n    \"frontDoorId\": \"f581c6fa-4d57-43ea-94c3-ebab50eaab4e\",\r\n    \"resourceState\": \"Active\",\r\n    \"provisioningState\": \"Succeeded\"\r\n  }\r\n}",
      "StatusCode": 200
    },
    {
      "RequestUri": "/subscriptions/27cafca8-b9a4-4264-b399-45d0c9cca1ab/resourceGroups/ps6411/providers/Microsoft.Cdn/profiles/ps9215/originGroups/ps1672?api-version=2020-09-01",
      "EncodedRequestUri": "L3N1YnNjcmlwdGlvbnMvMjdjYWZjYTgtYjlhNC00MjY0LWIzOTktNDVkMGM5Y2NhMWFiL3Jlc291cmNlR3JvdXBzL3BzNjQxMS9wcm92aWRlcnMvTWljcm9zb2Z0LkNkbi9wcm9maWxlcy9wczkyMTUvb3JpZ2luR3JvdXBzL3BzMTY3Mj9hcGktdmVyc2lvbj0yMDIwLTA5LTAx",
      "RequestMethod": "PUT",
      "RequestBody": "{\r\n  \"properties\": {\r\n    \"trafficRestorationTimeToHealedOrNewEndpointsInMinutes\": 10\r\n  }\r\n}",
      "RequestHeaders": {
        "x-ms-client-request-id": [
          "013ed7c9-7bfb-46e5-ba07-142a9bbca917"
        ],
        "Accept-Language": [
          "en-US"
        ],
        "User-Agent": [
          "FxVersion/4.6.29719.03",
          "OSName/Windows",
          "OSVersion/Microsoft.Windows.10.0.19042.",
          "Microsoft.Azure.Management.Cdn.CdnManagementClient/6.1.0.0"
        ],
        "Content-Type": [
          "application/json; charset=utf-8"
        ],
        "Content-Length": [
          "93"
        ]
      },
      "ResponseHeaders": {
        "Cache-Control": [
          "no-cache"
        ],
        "Pragma": [
          "no-cache"
        ],
        "Strict-Transport-Security": [
          "max-age=31536000; includeSubDomains"
        ],
        "x-ms-request-id": [
          "736cf6b0-e6a0-41d0-9d8a-133fac4516cf"
        ],
        "x-ms-client-request-id": [
          "013ed7c9-7bfb-46e5-ba07-142a9bbca917"
        ],
        "Server": [
          "Kestrel"
        ],
        "x-ms-ratelimit-remaining-subscription-resource-requests": [
          "99"
        ],
        "x-ms-correlation-request-id": [
          "7c17195c-49d8-4491-b999-54903296922c"
        ],
        "x-ms-routing-request-id": [
          "WESTCENTRALUS:20210309T204615Z:7c17195c-49d8-4491-b999-54903296922c"
        ],
        "X-Content-Type-Options": [
          "nosniff"
        ],
        "Date": [
          "Tue, 09 Mar 2021 20:46:15 GMT"
        ],
        "Content-Length": [
          "561"
        ],
        "Content-Type": [
          "application/json; charset=utf-8"
        ],
        "Expires": [
          "-1"
        ]
      },
      "ResponseBody": "{\r\n  \"id\": \"/subscriptions/27cafca8-b9a4-4264-b399-45d0c9cca1ab/resourcegroups/ps6411/providers/Microsoft.Cdn/profiles/ps9215/originGroups/ps1672\",\r\n  \"type\": \"Microsoft.Cdn/profiles/originGroups\",\r\n  \"name\": \"ps1672\",\r\n  \"properties\": {\r\n    \"loadBalancingSettings\": {\r\n      \"sampleSize\": 4,\r\n      \"successfulSamplesRequired\": 2,\r\n      \"additionalLatencyInMilliseconds\": 0\r\n    },\r\n    \"healthProbeSettings\": null,\r\n    \"responseBasedAFDOriginErrorDetectionSettings\": null,\r\n    \"trafficRestorationTimeToHealedOrNewEndpointsInMinutes\": 10,\r\n    \"sessionAffinityState\": \"Disabled\",\r\n    \"provisioningState\": \"Succeeded\",\r\n    \"deploymentStatus\": \"NotStarted\"\r\n  }\r\n}",
      "StatusCode": 201
    },
    {
      "RequestUri": "/subscriptions/27cafca8-b9a4-4264-b399-45d0c9cca1ab/resourceGroups/ps6411/providers/Microsoft.Cdn/profiles/ps9215/originGroups/ps1672/origins/ps3217?api-version=2020-09-01",
      "EncodedRequestUri": "L3N1YnNjcmlwdGlvbnMvMjdjYWZjYTgtYjlhNC00MjY0LWIzOTktNDVkMGM5Y2NhMWFiL3Jlc291cmNlR3JvdXBzL3BzNjQxMS9wcm92aWRlcnMvTWljcm9zb2Z0LkNkbi9wcm9maWxlcy9wczkyMTUvb3JpZ2luR3JvdXBzL3BzMTY3Mi9vcmlnaW5zL3BzMzIxNz9hcGktdmVyc2lvbj0yMDIwLTA5LTAx",
      "RequestMethod": "PUT",
      "RequestBody": "{\r\n  \"properties\": {\r\n    \"hostName\": \"contoso.com\"\r\n  }\r\n}",
      "RequestHeaders": {
        "x-ms-client-request-id": [
          "a7dd0444-8169-422e-a1b0-4683e684b436"
        ],
        "Accept-Language": [
          "en-US"
        ],
        "User-Agent": [
          "FxVersion/4.6.29719.03",
          "OSName/Windows",
          "OSVersion/Microsoft.Windows.10.0.19042.",
          "Microsoft.Azure.Management.Cdn.CdnManagementClient/6.1.0.0"
        ],
        "Content-Type": [
          "application/json; charset=utf-8"
        ],
        "Content-Length": [
          "59"
        ]
      },
      "ResponseHeaders": {
        "Cache-Control": [
          "no-cache"
        ],
        "Pragma": [
          "no-cache"
        ],
        "Retry-After": [
          "10"
        ],
        "Strict-Transport-Security": [
          "max-age=31536000; includeSubDomains"
        ],
        "x-ms-request-id": [
          "5535f0ef-a90c-4350-b857-c9a1fc5f07b0"
        ],
        "x-ms-client-request-id": [
          "a7dd0444-8169-422e-a1b0-4683e684b436"
        ],
        "Azure-AsyncOperation": [
          "https://management.azure.com/subscriptions/27cafca8-b9a4-4264-b399-45d0c9cca1ab/resourcegroups/ps6411/providers/Microsoft.Cdn/operationresults/1c0ad0fa-6f51-4f13-bec4-3468ebaf98ec?api-version=2020-09-01"
        ],
        "Server": [
          "Kestrel"
        ],
        "x-ms-ratelimit-remaining-subscription-resource-requests": [
          "99"
        ],
        "x-ms-correlation-request-id": [
          "c9e7647f-2996-4a4a-886b-b2870379211c"
        ],
        "x-ms-routing-request-id": [
          "WESTCENTRALUS:20210309T204616Z:c9e7647f-2996-4a4a-886b-b2870379211c"
        ],
        "X-Content-Type-Options": [
          "nosniff"
        ],
        "Date": [
          "Tue, 09 Mar 2021 20:46:16 GMT"
        ],
        "Content-Length": [
          "498"
        ],
        "Content-Type": [
          "application/json; charset=utf-8"
        ],
        "Expires": [
          "-1"
        ]
      },
      "ResponseBody": "{\r\n  \"id\": \"/subscriptions/27cafca8-b9a4-4264-b399-45d0c9cca1ab/resourcegroups/ps6411/providers/Microsoft.Cdn/profiles/ps9215/originGroups/ps1672/origins/ps3217\",\r\n  \"type\": \"Microsoft.Cdn/profiles/originGroups/origins\",\r\n  \"name\": \"ps3217\",\r\n  \"properties\": {\r\n    \"originGroupName\": \"ps1672\",\r\n    \"hostName\": \"contoso.com\",\r\n    \"httpPort\": 80,\r\n    \"httpsPort\": 443,\r\n    \"originHostHeader\": null,\r\n    \"priority\": null,\r\n    \"weight\": null,\r\n    \"enabledState\": \"Enabled\",\r\n    \"sharedPrivateLinkResource\": null,\r\n    \"provisioningState\": \"Creating\",\r\n    \"deploymentStatus\": \"NotStarted\"\r\n  }\r\n}",
      "StatusCode": 201
    },
    {
      "RequestUri": "/subscriptions/27cafca8-b9a4-4264-b399-45d0c9cca1ab/resourcegroups/ps6411/providers/Microsoft.Cdn/operationresults/1c0ad0fa-6f51-4f13-bec4-3468ebaf98ec?api-version=2020-09-01",
      "EncodedRequestUri": "L3N1YnNjcmlwdGlvbnMvMjdjYWZjYTgtYjlhNC00MjY0LWIzOTktNDVkMGM5Y2NhMWFiL3Jlc291cmNlZ3JvdXBzL3BzNjQxMS9wcm92aWRlcnMvTWljcm9zb2Z0LkNkbi9vcGVyYXRpb25yZXN1bHRzLzFjMGFkMGZhLTZmNTEtNGYxMy1iZWM0LTM0NjhlYmFmOThlYz9hcGktdmVyc2lvbj0yMDIwLTA5LTAx",
      "RequestMethod": "GET",
      "RequestBody": "",
      "RequestHeaders": {
        "x-ms-client-request-id": [
          "a7dd0444-8169-422e-a1b0-4683e684b436"
        ],
        "User-Agent": [
          "FxVersion/4.6.29719.03",
          "OSName/Windows",
          "OSVersion/Microsoft.Windows.10.0.19042.",
          "Microsoft.Azure.Management.Cdn.CdnManagementClient/6.1.0.0"
        ]
      },
      "ResponseHeaders": {
        "Cache-Control": [
          "no-cache"
        ],
        "Pragma": [
          "no-cache"
        ],
        "Strict-Transport-Security": [
          "max-age=31536000; includeSubDomains"
        ],
        "x-ms-request-id": [
          "196cf740-943c-416f-9b9b-0683ca638953"
        ],
        "x-ms-client-request-id": [
          "a7dd0444-8169-422e-a1b0-4683e684b436"
        ],
        "Server": [
          "Kestrel"
        ],
        "x-ms-ratelimit-remaining-subscription-reads": [
          "11997"
        ],
        "x-ms-correlation-request-id": [
          "6c4ed16c-c033-4e7f-a7dc-0bafebcae4df"
        ],
        "x-ms-routing-request-id": [
          "WESTCENTRALUS:20210309T204627Z:6c4ed16c-c033-4e7f-a7dc-0bafebcae4df"
        ],
        "X-Content-Type-Options": [
          "nosniff"
        ],
        "Date": [
          "Tue, 09 Mar 2021 20:46:26 GMT"
        ],
        "Content-Length": [
          "62"
        ],
        "Content-Type": [
          "application/json; charset=utf-8"
        ],
        "Expires": [
          "-1"
        ]
      },
      "ResponseBody": "{\r\n  \"status\": \"InProgress\",\r\n  \"error\": {\r\n    \"code\": \"None\",\r\n    \"message\": null\r\n  }\r\n}",
      "StatusCode": 200
    },
    {
      "RequestUri": "/subscriptions/27cafca8-b9a4-4264-b399-45d0c9cca1ab/resourcegroups/ps6411/providers/Microsoft.Cdn/operationresults/1c0ad0fa-6f51-4f13-bec4-3468ebaf98ec?api-version=2020-09-01",
      "EncodedRequestUri": "L3N1YnNjcmlwdGlvbnMvMjdjYWZjYTgtYjlhNC00MjY0LWIzOTktNDVkMGM5Y2NhMWFiL3Jlc291cmNlZ3JvdXBzL3BzNjQxMS9wcm92aWRlcnMvTWljcm9zb2Z0LkNkbi9vcGVyYXRpb25yZXN1bHRzLzFjMGFkMGZhLTZmNTEtNGYxMy1iZWM0LTM0NjhlYmFmOThlYz9hcGktdmVyc2lvbj0yMDIwLTA5LTAx",
      "RequestMethod": "GET",
      "RequestBody": "",
      "RequestHeaders": {
        "x-ms-client-request-id": [
          "a7dd0444-8169-422e-a1b0-4683e684b436"
        ],
        "User-Agent": [
          "FxVersion/4.6.29719.03",
          "OSName/Windows",
          "OSVersion/Microsoft.Windows.10.0.19042.",
          "Microsoft.Azure.Management.Cdn.CdnManagementClient/6.1.0.0"
        ]
      },
      "ResponseHeaders": {
        "Cache-Control": [
          "no-cache"
        ],
        "Pragma": [
          "no-cache"
        ],
        "Strict-Transport-Security": [
          "max-age=31536000; includeSubDomains"
        ],
        "x-ms-request-id": [
          "18035135-b2be-4c06-8a05-eb8baede636f"
        ],
        "x-ms-client-request-id": [
          "a7dd0444-8169-422e-a1b0-4683e684b436"
        ],
        "Server": [
          "Kestrel"
        ],
        "x-ms-ratelimit-remaining-subscription-reads": [
          "11996"
        ],
        "x-ms-correlation-request-id": [
          "e5d02898-e7a9-4553-8c40-f9ae1b464360"
        ],
        "x-ms-routing-request-id": [
          "WESTCENTRALUS:20210309T204637Z:e5d02898-e7a9-4553-8c40-f9ae1b464360"
        ],
        "X-Content-Type-Options": [
          "nosniff"
        ],
        "Date": [
          "Tue, 09 Mar 2021 20:46:36 GMT"
        ],
        "Content-Length": [
          "61"
        ],
        "Content-Type": [
          "application/json; charset=utf-8"
        ],
        "Expires": [
          "-1"
        ]
      },
      "ResponseBody": "{\r\n  \"status\": \"Succeeded\",\r\n  \"error\": {\r\n    \"code\": \"None\",\r\n    \"message\": null\r\n  }\r\n}",
      "StatusCode": 200
    },
    {
      "RequestUri": "/subscriptions/27cafca8-b9a4-4264-b399-45d0c9cca1ab/resourceGroups/ps6411/providers/Microsoft.Cdn/profiles/ps9215/originGroups/ps1672/origins/ps3217?api-version=2020-09-01",
      "EncodedRequestUri": "L3N1YnNjcmlwdGlvbnMvMjdjYWZjYTgtYjlhNC00MjY0LWIzOTktNDVkMGM5Y2NhMWFiL3Jlc291cmNlR3JvdXBzL3BzNjQxMS9wcm92aWRlcnMvTWljcm9zb2Z0LkNkbi9wcm9maWxlcy9wczkyMTUvb3JpZ2luR3JvdXBzL3BzMTY3Mi9vcmlnaW5zL3BzMzIxNz9hcGktdmVyc2lvbj0yMDIwLTA5LTAx",
      "RequestMethod": "GET",
      "RequestBody": "",
      "RequestHeaders": {
        "x-ms-client-request-id": [
          "a7dd0444-8169-422e-a1b0-4683e684b436"
        ],
        "User-Agent": [
          "FxVersion/4.6.29719.03",
          "OSName/Windows",
          "OSVersion/Microsoft.Windows.10.0.19042.",
          "Microsoft.Azure.Management.Cdn.CdnManagementClient/6.1.0.0"
        ]
      },
      "ResponseHeaders": {
        "Cache-Control": [
          "no-cache"
        ],
        "Pragma": [
          "no-cache"
        ],
        "Strict-Transport-Security": [
          "max-age=31536000; includeSubDomains"
        ],
        "x-ms-request-id": [
          "a474fe1d-4caa-42b0-b54b-6f3dbd929cdb"
        ],
        "x-ms-client-request-id": [
          "a7dd0444-8169-422e-a1b0-4683e684b436"
        ],
        "Server": [
          "Kestrel"
        ],
        "x-ms-ratelimit-remaining-subscription-reads": [
          "11995"
        ],
        "x-ms-correlation-request-id": [
          "46b14b37-a927-425c-a19d-28fcdd8d031c"
        ],
        "x-ms-routing-request-id": [
          "WESTCENTRALUS:20210309T204637Z:46b14b37-a927-425c-a19d-28fcdd8d031c"
        ],
        "X-Content-Type-Options": [
          "nosniff"
        ],
        "Date": [
          "Tue, 09 Mar 2021 20:46:37 GMT"
        ],
        "Content-Length": [
          "499"
        ],
        "Content-Type": [
          "application/json; charset=utf-8"
        ],
        "Expires": [
          "-1"
        ]
      },
      "ResponseBody": "{\r\n  \"id\": \"/subscriptions/27cafca8-b9a4-4264-b399-45d0c9cca1ab/resourcegroups/ps6411/providers/Microsoft.Cdn/profiles/ps9215/originGroups/ps1672/origins/ps3217\",\r\n  \"type\": \"Microsoft.Cdn/profiles/originGroups/origins\",\r\n  \"name\": \"ps3217\",\r\n  \"properties\": {\r\n    \"originGroupName\": \"ps1672\",\r\n    \"hostName\": \"contoso.com\",\r\n    \"httpPort\": 80,\r\n    \"httpsPort\": 443,\r\n    \"originHostHeader\": null,\r\n    \"priority\": null,\r\n    \"weight\": null,\r\n    \"enabledState\": \"Enabled\",\r\n    \"sharedPrivateLinkResource\": null,\r\n    \"provisioningState\": \"Succeeded\",\r\n    \"deploymentStatus\": \"NotStarted\"\r\n  }\r\n}",
      "StatusCode": 200
    },
    {
      "RequestUri": "/subscriptions/27cafca8-b9a4-4264-b399-45d0c9cca1ab/resourcegroups/ps6411?api-version=2016-09-01",
      "EncodedRequestUri": "L3N1YnNjcmlwdGlvbnMvMjdjYWZjYTgtYjlhNC00MjY0LWIzOTktNDVkMGM5Y2NhMWFiL3Jlc291cmNlZ3JvdXBzL3BzNjQxMT9hcGktdmVyc2lvbj0yMDE2LTA5LTAx",
      "RequestMethod": "DELETE",
      "RequestBody": "",
      "RequestHeaders": {
        "x-ms-client-request-id": [
          "e714beaa-b021-40cc-89cb-d4c11666d366"
        ],
        "Accept-Language": [
          "en-US"
        ],
        "User-Agent": [
          "FxVersion/4.6.29719.03",
          "OSName/Windows",
          "OSVersion/Microsoft.Windows.10.0.19042.",
          "Microsoft.Azure.Management.Internal.Resources.ResourceManagementClient/1.3.30"
        ]
      },
      "ResponseHeaders": {
        "Cache-Control": [
          "no-cache"
        ],
        "Pragma": [
          "no-cache"
        ],
        "Location": [
          "https://management.azure.com/subscriptions/27cafca8-b9a4-4264-b399-45d0c9cca1ab/operationresults/eyJqb2JJZCI6IlJFU09VUkNFR1JPVVBERUxFVElPTkpPQi1QUzY0MTEtV0VTVFVTIiwiam9iTG9jYXRpb24iOiJ3ZXN0dXMifQ?api-version=2016-09-01"
        ],
        "Retry-After": [
          "15"
        ],
        "x-ms-ratelimit-remaining-subscription-deletes": [
          "14999"
        ],
        "x-ms-request-id": [
          "3f2b0a9d-fbef-4f0f-9f38-af69281d33b3"
        ],
        "x-ms-correlation-request-id": [
          "3f2b0a9d-fbef-4f0f-9f38-af69281d33b3"
        ],
        "x-ms-routing-request-id": [
          "WESTCENTRALUS:20210309T204638Z:3f2b0a9d-fbef-4f0f-9f38-af69281d33b3"
        ],
        "Strict-Transport-Security": [
          "max-age=31536000; includeSubDomains"
        ],
        "X-Content-Type-Options": [
          "nosniff"
        ],
        "Date": [
          "Tue, 09 Mar 2021 20:46:37 GMT"
        ],
        "Expires": [
          "-1"
        ],
        "Content-Length": [
          "0"
        ]
      },
      "ResponseBody": "",
      "StatusCode": 202
    },
    {
      "RequestUri": "/subscriptions/27cafca8-b9a4-4264-b399-45d0c9cca1ab/operationresults/eyJqb2JJZCI6IlJFU09VUkNFR1JPVVBERUxFVElPTkpPQi1QUzY0MTEtV0VTVFVTIiwiam9iTG9jYXRpb24iOiJ3ZXN0dXMifQ?api-version=2016-09-01",
      "EncodedRequestUri": "L3N1YnNjcmlwdGlvbnMvMjdjYWZjYTgtYjlhNC00MjY0LWIzOTktNDVkMGM5Y2NhMWFiL29wZXJhdGlvbnJlc3VsdHMvZXlKcWIySkpaQ0k2SWxKRlUwOVZVa05GUjFKUFZWQkVSVXhGVkVsUFRrcFBRaTFRVXpZME1URXRWMFZUVkZWVElpd2lhbTlpVEc5allYUnBiMjRpT2lKM1pYTjBkWE1pZlE/YXBpLXZlcnNpb249MjAxNi0wOS0wMQ==",
      "RequestMethod": "GET",
      "RequestBody": "",
      "RequestHeaders": {
        "User-Agent": [
          "FxVersion/4.6.29719.03",
          "OSName/Windows",
          "OSVersion/Microsoft.Windows.10.0.19042.",
          "Microsoft.Azure.Management.Internal.Resources.ResourceManagementClient/1.3.30"
        ]
      },
      "ResponseHeaders": {
        "Cache-Control": [
          "no-cache"
        ],
        "Pragma": [
          "no-cache"
        ],
        "Location": [
          "https://management.azure.com/subscriptions/27cafca8-b9a4-4264-b399-45d0c9cca1ab/operationresults/eyJqb2JJZCI6IlJFU09VUkNFR1JPVVBERUxFVElPTkpPQi1QUzY0MTEtV0VTVFVTIiwiam9iTG9jYXRpb24iOiJ3ZXN0dXMifQ?api-version=2016-09-01"
        ],
        "Retry-After": [
          "15"
        ],
        "x-ms-ratelimit-remaining-subscription-reads": [
          "11999"
        ],
        "x-ms-request-id": [
          "de8843f6-9c17-4ad6-abe2-acf0d42790e8"
        ],
        "x-ms-correlation-request-id": [
          "de8843f6-9c17-4ad6-abe2-acf0d42790e8"
        ],
        "x-ms-routing-request-id": [
          "WESTCENTRALUS:20210309T204653Z:de8843f6-9c17-4ad6-abe2-acf0d42790e8"
        ],
        "Strict-Transport-Security": [
          "max-age=31536000; includeSubDomains"
        ],
        "X-Content-Type-Options": [
          "nosniff"
        ],
        "Date": [
          "Tue, 09 Mar 2021 20:46:53 GMT"
        ],
        "Expires": [
          "-1"
        ],
        "Content-Length": [
          "0"
        ]
      },
      "ResponseBody": "",
      "StatusCode": 202
    },
    {
      "RequestUri": "/subscriptions/27cafca8-b9a4-4264-b399-45d0c9cca1ab/operationresults/eyJqb2JJZCI6IlJFU09VUkNFR1JPVVBERUxFVElPTkpPQi1QUzY0MTEtV0VTVFVTIiwiam9iTG9jYXRpb24iOiJ3ZXN0dXMifQ?api-version=2016-09-01",
      "EncodedRequestUri": "L3N1YnNjcmlwdGlvbnMvMjdjYWZjYTgtYjlhNC00MjY0LWIzOTktNDVkMGM5Y2NhMWFiL29wZXJhdGlvbnJlc3VsdHMvZXlKcWIySkpaQ0k2SWxKRlUwOVZVa05GUjFKUFZWQkVSVXhGVkVsUFRrcFBRaTFRVXpZME1URXRWMFZUVkZWVElpd2lhbTlpVEc5allYUnBiMjRpT2lKM1pYTjBkWE1pZlE/YXBpLXZlcnNpb249MjAxNi0wOS0wMQ==",
      "RequestMethod": "GET",
      "RequestBody": "",
      "RequestHeaders": {
        "User-Agent": [
          "FxVersion/4.6.29719.03",
          "OSName/Windows",
          "OSVersion/Microsoft.Windows.10.0.19042.",
          "Microsoft.Azure.Management.Internal.Resources.ResourceManagementClient/1.3.30"
        ]
      },
      "ResponseHeaders": {
        "Cache-Control": [
          "no-cache"
        ],
        "Pragma": [
          "no-cache"
        ],
        "Location": [
          "https://management.azure.com/subscriptions/27cafca8-b9a4-4264-b399-45d0c9cca1ab/operationresults/eyJqb2JJZCI6IlJFU09VUkNFR1JPVVBERUxFVElPTkpPQi1QUzY0MTEtV0VTVFVTIiwiam9iTG9jYXRpb24iOiJ3ZXN0dXMifQ?api-version=2016-09-01"
        ],
        "Retry-After": [
          "15"
        ],
        "x-ms-ratelimit-remaining-subscription-reads": [
          "11998"
        ],
        "x-ms-request-id": [
          "5a1157cd-2723-411a-8449-fac36983db6d"
        ],
        "x-ms-correlation-request-id": [
          "5a1157cd-2723-411a-8449-fac36983db6d"
        ],
        "x-ms-routing-request-id": [
          "WESTCENTRALUS:20210309T204708Z:5a1157cd-2723-411a-8449-fac36983db6d"
        ],
        "Strict-Transport-Security": [
          "max-age=31536000; includeSubDomains"
        ],
        "X-Content-Type-Options": [
          "nosniff"
        ],
        "Date": [
          "Tue, 09 Mar 2021 20:47:08 GMT"
        ],
        "Expires": [
          "-1"
        ],
        "Content-Length": [
          "0"
        ]
      },
      "ResponseBody": "",
      "StatusCode": 202
    },
    {
      "RequestUri": "/subscriptions/27cafca8-b9a4-4264-b399-45d0c9cca1ab/operationresults/eyJqb2JJZCI6IlJFU09VUkNFR1JPVVBERUxFVElPTkpPQi1QUzY0MTEtV0VTVFVTIiwiam9iTG9jYXRpb24iOiJ3ZXN0dXMifQ?api-version=2016-09-01",
      "EncodedRequestUri": "L3N1YnNjcmlwdGlvbnMvMjdjYWZjYTgtYjlhNC00MjY0LWIzOTktNDVkMGM5Y2NhMWFiL29wZXJhdGlvbnJlc3VsdHMvZXlKcWIySkpaQ0k2SWxKRlUwOVZVa05GUjFKUFZWQkVSVXhGVkVsUFRrcFBRaTFRVXpZME1URXRWMFZUVkZWVElpd2lhbTlpVEc5allYUnBiMjRpT2lKM1pYTjBkWE1pZlE/YXBpLXZlcnNpb249MjAxNi0wOS0wMQ==",
      "RequestMethod": "GET",
      "RequestBody": "",
      "RequestHeaders": {
        "User-Agent": [
          "FxVersion/4.6.29719.03",
          "OSName/Windows",
          "OSVersion/Microsoft.Windows.10.0.19042.",
          "Microsoft.Azure.Management.Internal.Resources.ResourceManagementClient/1.3.30"
        ]
      },
      "ResponseHeaders": {
        "Cache-Control": [
          "no-cache"
        ],
        "Pragma": [
          "no-cache"
        ],
        "Location": [
          "https://management.azure.com/subscriptions/27cafca8-b9a4-4264-b399-45d0c9cca1ab/operationresults/eyJqb2JJZCI6IlJFU09VUkNFR1JPVVBERUxFVElPTkpPQi1QUzY0MTEtV0VTVFVTIiwiam9iTG9jYXRpb24iOiJ3ZXN0dXMifQ?api-version=2016-09-01"
        ],
        "Retry-After": [
          "15"
        ],
        "x-ms-ratelimit-remaining-subscription-reads": [
          "11997"
        ],
        "x-ms-request-id": [
          "07e17dcc-93f4-445a-a8b6-62ce95f51cbf"
        ],
        "x-ms-correlation-request-id": [
          "07e17dcc-93f4-445a-a8b6-62ce95f51cbf"
        ],
        "x-ms-routing-request-id": [
          "WESTCENTRALUS:20210309T204723Z:07e17dcc-93f4-445a-a8b6-62ce95f51cbf"
        ],
        "Strict-Transport-Security": [
          "max-age=31536000; includeSubDomains"
        ],
        "X-Content-Type-Options": [
          "nosniff"
        ],
        "Date": [
          "Tue, 09 Mar 2021 20:47:23 GMT"
        ],
        "Expires": [
          "-1"
        ],
        "Content-Length": [
          "0"
        ]
      },
      "ResponseBody": "",
      "StatusCode": 202
    },
    {
      "RequestUri": "/subscriptions/27cafca8-b9a4-4264-b399-45d0c9cca1ab/operationresults/eyJqb2JJZCI6IlJFU09VUkNFR1JPVVBERUxFVElPTkpPQi1QUzY0MTEtV0VTVFVTIiwiam9iTG9jYXRpb24iOiJ3ZXN0dXMifQ?api-version=2016-09-01",
      "EncodedRequestUri": "L3N1YnNjcmlwdGlvbnMvMjdjYWZjYTgtYjlhNC00MjY0LWIzOTktNDVkMGM5Y2NhMWFiL29wZXJhdGlvbnJlc3VsdHMvZXlKcWIySkpaQ0k2SWxKRlUwOVZVa05GUjFKUFZWQkVSVXhGVkVsUFRrcFBRaTFRVXpZME1URXRWMFZUVkZWVElpd2lhbTlpVEc5allYUnBiMjRpT2lKM1pYTjBkWE1pZlE/YXBpLXZlcnNpb249MjAxNi0wOS0wMQ==",
      "RequestMethod": "GET",
      "RequestBody": "",
      "RequestHeaders": {
        "User-Agent": [
          "FxVersion/4.6.29719.03",
          "OSName/Windows",
          "OSVersion/Microsoft.Windows.10.0.19042.",
          "Microsoft.Azure.Management.Internal.Resources.ResourceManagementClient/1.3.30"
        ]
      },
      "ResponseHeaders": {
        "Cache-Control": [
          "no-cache"
        ],
        "Pragma": [
          "no-cache"
        ],
        "Location": [
          "https://management.azure.com/subscriptions/27cafca8-b9a4-4264-b399-45d0c9cca1ab/operationresults/eyJqb2JJZCI6IlJFU09VUkNFR1JPVVBERUxFVElPTkpPQi1QUzY0MTEtV0VTVFVTIiwiam9iTG9jYXRpb24iOiJ3ZXN0dXMifQ?api-version=2016-09-01"
        ],
        "Retry-After": [
          "15"
        ],
        "x-ms-ratelimit-remaining-subscription-reads": [
          "11996"
        ],
        "x-ms-request-id": [
          "4efee152-c3e0-4df1-be3e-d5319327a999"
        ],
        "x-ms-correlation-request-id": [
          "4efee152-c3e0-4df1-be3e-d5319327a999"
        ],
        "x-ms-routing-request-id": [
          "WESTCENTRALUS:20210309T204738Z:4efee152-c3e0-4df1-be3e-d5319327a999"
        ],
        "Strict-Transport-Security": [
          "max-age=31536000; includeSubDomains"
        ],
        "X-Content-Type-Options": [
          "nosniff"
        ],
        "Date": [
          "Tue, 09 Mar 2021 20:47:38 GMT"
        ],
        "Expires": [
          "-1"
        ],
        "Content-Length": [
          "0"
        ]
      },
      "ResponseBody": "",
      "StatusCode": 202
    },
    {
      "RequestUri": "/subscriptions/27cafca8-b9a4-4264-b399-45d0c9cca1ab/operationresults/eyJqb2JJZCI6IlJFU09VUkNFR1JPVVBERUxFVElPTkpPQi1QUzY0MTEtV0VTVFVTIiwiam9iTG9jYXRpb24iOiJ3ZXN0dXMifQ?api-version=2016-09-01",
      "EncodedRequestUri": "L3N1YnNjcmlwdGlvbnMvMjdjYWZjYTgtYjlhNC00MjY0LWIzOTktNDVkMGM5Y2NhMWFiL29wZXJhdGlvbnJlc3VsdHMvZXlKcWIySkpaQ0k2SWxKRlUwOVZVa05GUjFKUFZWQkVSVXhGVkVsUFRrcFBRaTFRVXpZME1URXRWMFZUVkZWVElpd2lhbTlpVEc5allYUnBiMjRpT2lKM1pYTjBkWE1pZlE/YXBpLXZlcnNpb249MjAxNi0wOS0wMQ==",
      "RequestMethod": "GET",
      "RequestBody": "",
      "RequestHeaders": {
        "User-Agent": [
          "FxVersion/4.6.29719.03",
          "OSName/Windows",
          "OSVersion/Microsoft.Windows.10.0.19042.",
          "Microsoft.Azure.Management.Internal.Resources.ResourceManagementClient/1.3.30"
        ]
      },
      "ResponseHeaders": {
        "Cache-Control": [
          "no-cache"
        ],
        "Pragma": [
          "no-cache"
        ],
        "Location": [
          "https://management.azure.com/subscriptions/27cafca8-b9a4-4264-b399-45d0c9cca1ab/operationresults/eyJqb2JJZCI6IlJFU09VUkNFR1JPVVBERUxFVElPTkpPQi1QUzY0MTEtV0VTVFVTIiwiam9iTG9jYXRpb24iOiJ3ZXN0dXMifQ?api-version=2016-09-01"
        ],
        "Retry-After": [
          "15"
        ],
        "x-ms-ratelimit-remaining-subscription-reads": [
          "11995"
        ],
        "x-ms-request-id": [
          "0e7f53ad-0c3b-4d1b-8c6c-71c349767257"
        ],
        "x-ms-correlation-request-id": [
          "0e7f53ad-0c3b-4d1b-8c6c-71c349767257"
        ],
        "x-ms-routing-request-id": [
          "WESTCENTRALUS:20210309T204753Z:0e7f53ad-0c3b-4d1b-8c6c-71c349767257"
        ],
        "Strict-Transport-Security": [
          "max-age=31536000; includeSubDomains"
        ],
        "X-Content-Type-Options": [
          "nosniff"
        ],
        "Date": [
          "Tue, 09 Mar 2021 20:47:53 GMT"
        ],
        "Expires": [
          "-1"
        ],
        "Content-Length": [
          "0"
        ]
      },
      "ResponseBody": "",
      "StatusCode": 202
    },
    {
      "RequestUri": "/subscriptions/27cafca8-b9a4-4264-b399-45d0c9cca1ab/operationresults/eyJqb2JJZCI6IlJFU09VUkNFR1JPVVBERUxFVElPTkpPQi1QUzY0MTEtV0VTVFVTIiwiam9iTG9jYXRpb24iOiJ3ZXN0dXMifQ?api-version=2016-09-01",
      "EncodedRequestUri": "L3N1YnNjcmlwdGlvbnMvMjdjYWZjYTgtYjlhNC00MjY0LWIzOTktNDVkMGM5Y2NhMWFiL29wZXJhdGlvbnJlc3VsdHMvZXlKcWIySkpaQ0k2SWxKRlUwOVZVa05GUjFKUFZWQkVSVXhGVkVsUFRrcFBRaTFRVXpZME1URXRWMFZUVkZWVElpd2lhbTlpVEc5allYUnBiMjRpT2lKM1pYTjBkWE1pZlE/YXBpLXZlcnNpb249MjAxNi0wOS0wMQ==",
      "RequestMethod": "GET",
      "RequestBody": "",
      "RequestHeaders": {
        "User-Agent": [
          "FxVersion/4.6.29719.03",
          "OSName/Windows",
          "OSVersion/Microsoft.Windows.10.0.19042.",
          "Microsoft.Azure.Management.Internal.Resources.ResourceManagementClient/1.3.30"
        ]
      },
      "ResponseHeaders": {
        "Cache-Control": [
          "no-cache"
        ],
        "Pragma": [
          "no-cache"
        ],
        "Location": [
          "https://management.azure.com/subscriptions/27cafca8-b9a4-4264-b399-45d0c9cca1ab/operationresults/eyJqb2JJZCI6IlJFU09VUkNFR1JPVVBERUxFVElPTkpPQi1QUzY0MTEtV0VTVFVTIiwiam9iTG9jYXRpb24iOiJ3ZXN0dXMifQ?api-version=2016-09-01"
        ],
        "Retry-After": [
          "15"
        ],
        "x-ms-ratelimit-remaining-subscription-reads": [
          "11994"
        ],
        "x-ms-request-id": [
          "4bb54317-c82a-4163-bcf2-7f1eae1a023c"
        ],
        "x-ms-correlation-request-id": [
          "4bb54317-c82a-4163-bcf2-7f1eae1a023c"
        ],
        "x-ms-routing-request-id": [
          "WESTCENTRALUS:20210309T204808Z:4bb54317-c82a-4163-bcf2-7f1eae1a023c"
        ],
        "Strict-Transport-Security": [
          "max-age=31536000; includeSubDomains"
        ],
        "X-Content-Type-Options": [
          "nosniff"
        ],
        "Date": [
          "Tue, 09 Mar 2021 20:48:08 GMT"
        ],
        "Expires": [
          "-1"
        ],
        "Content-Length": [
          "0"
        ]
      },
      "ResponseBody": "",
      "StatusCode": 202
    },
    {
      "RequestUri": "/subscriptions/27cafca8-b9a4-4264-b399-45d0c9cca1ab/operationresults/eyJqb2JJZCI6IlJFU09VUkNFR1JPVVBERUxFVElPTkpPQi1QUzY0MTEtV0VTVFVTIiwiam9iTG9jYXRpb24iOiJ3ZXN0dXMifQ?api-version=2016-09-01",
      "EncodedRequestUri": "L3N1YnNjcmlwdGlvbnMvMjdjYWZjYTgtYjlhNC00MjY0LWIzOTktNDVkMGM5Y2NhMWFiL29wZXJhdGlvbnJlc3VsdHMvZXlKcWIySkpaQ0k2SWxKRlUwOVZVa05GUjFKUFZWQkVSVXhGVkVsUFRrcFBRaTFRVXpZME1URXRWMFZUVkZWVElpd2lhbTlpVEc5allYUnBiMjRpT2lKM1pYTjBkWE1pZlE/YXBpLXZlcnNpb249MjAxNi0wOS0wMQ==",
      "RequestMethod": "GET",
      "RequestBody": "",
      "RequestHeaders": {
        "User-Agent": [
          "FxVersion/4.6.29719.03",
          "OSName/Windows",
          "OSVersion/Microsoft.Windows.10.0.19042.",
          "Microsoft.Azure.Management.Internal.Resources.ResourceManagementClient/1.3.30"
        ]
      },
      "ResponseHeaders": {
        "Cache-Control": [
          "no-cache"
        ],
        "Pragma": [
          "no-cache"
        ],
        "Location": [
          "https://management.azure.com/subscriptions/27cafca8-b9a4-4264-b399-45d0c9cca1ab/operationresults/eyJqb2JJZCI6IlJFU09VUkNFR1JPVVBERUxFVElPTkpPQi1QUzY0MTEtV0VTVFVTIiwiam9iTG9jYXRpb24iOiJ3ZXN0dXMifQ?api-version=2016-09-01"
        ],
        "Retry-After": [
          "15"
        ],
        "x-ms-ratelimit-remaining-subscription-reads": [
          "11993"
        ],
        "x-ms-request-id": [
          "c55bb59c-040b-4d9f-a5e8-94eeb85f68b0"
        ],
        "x-ms-correlation-request-id": [
          "c55bb59c-040b-4d9f-a5e8-94eeb85f68b0"
        ],
        "x-ms-routing-request-id": [
          "WESTCENTRALUS:20210309T204823Z:c55bb59c-040b-4d9f-a5e8-94eeb85f68b0"
        ],
        "Strict-Transport-Security": [
          "max-age=31536000; includeSubDomains"
        ],
        "X-Content-Type-Options": [
          "nosniff"
        ],
        "Date": [
          "Tue, 09 Mar 2021 20:48:23 GMT"
        ],
        "Expires": [
          "-1"
        ],
        "Content-Length": [
          "0"
        ]
      },
      "ResponseBody": "",
      "StatusCode": 202
    },
    {
      "RequestUri": "/subscriptions/27cafca8-b9a4-4264-b399-45d0c9cca1ab/operationresults/eyJqb2JJZCI6IlJFU09VUkNFR1JPVVBERUxFVElPTkpPQi1QUzY0MTEtV0VTVFVTIiwiam9iTG9jYXRpb24iOiJ3ZXN0dXMifQ?api-version=2016-09-01",
      "EncodedRequestUri": "L3N1YnNjcmlwdGlvbnMvMjdjYWZjYTgtYjlhNC00MjY0LWIzOTktNDVkMGM5Y2NhMWFiL29wZXJhdGlvbnJlc3VsdHMvZXlKcWIySkpaQ0k2SWxKRlUwOVZVa05GUjFKUFZWQkVSVXhGVkVsUFRrcFBRaTFRVXpZME1URXRWMFZUVkZWVElpd2lhbTlpVEc5allYUnBiMjRpT2lKM1pYTjBkWE1pZlE/YXBpLXZlcnNpb249MjAxNi0wOS0wMQ==",
      "RequestMethod": "GET",
      "RequestBody": "",
      "RequestHeaders": {
        "User-Agent": [
          "FxVersion/4.6.29719.03",
          "OSName/Windows",
          "OSVersion/Microsoft.Windows.10.0.19042.",
          "Microsoft.Azure.Management.Internal.Resources.ResourceManagementClient/1.3.30"
        ]
      },
      "ResponseHeaders": {
        "Cache-Control": [
          "no-cache"
        ],
        "Pragma": [
          "no-cache"
        ],
        "Location": [
          "https://management.azure.com/subscriptions/27cafca8-b9a4-4264-b399-45d0c9cca1ab/operationresults/eyJqb2JJZCI6IlJFU09VUkNFR1JPVVBERUxFVElPTkpPQi1QUzY0MTEtV0VTVFVTIiwiam9iTG9jYXRpb24iOiJ3ZXN0dXMifQ?api-version=2016-09-01"
        ],
        "Retry-After": [
          "15"
        ],
        "x-ms-ratelimit-remaining-subscription-reads": [
          "11992"
        ],
        "x-ms-request-id": [
          "b3240725-0a5a-4402-b838-827b7befbb32"
        ],
        "x-ms-correlation-request-id": [
          "b3240725-0a5a-4402-b838-827b7befbb32"
        ],
        "x-ms-routing-request-id": [
          "WESTCENTRALUS:20210309T204839Z:b3240725-0a5a-4402-b838-827b7befbb32"
        ],
        "Strict-Transport-Security": [
          "max-age=31536000; includeSubDomains"
        ],
        "X-Content-Type-Options": [
          "nosniff"
        ],
        "Date": [
          "Tue, 09 Mar 2021 20:48:38 GMT"
        ],
        "Expires": [
          "-1"
        ],
        "Content-Length": [
          "0"
        ]
      },
      "ResponseBody": "",
      "StatusCode": 202
    },
    {
      "RequestUri": "/subscriptions/27cafca8-b9a4-4264-b399-45d0c9cca1ab/operationresults/eyJqb2JJZCI6IlJFU09VUkNFR1JPVVBERUxFVElPTkpPQi1QUzY0MTEtV0VTVFVTIiwiam9iTG9jYXRpb24iOiJ3ZXN0dXMifQ?api-version=2016-09-01",
      "EncodedRequestUri": "L3N1YnNjcmlwdGlvbnMvMjdjYWZjYTgtYjlhNC00MjY0LWIzOTktNDVkMGM5Y2NhMWFiL29wZXJhdGlvbnJlc3VsdHMvZXlKcWIySkpaQ0k2SWxKRlUwOVZVa05GUjFKUFZWQkVSVXhGVkVsUFRrcFBRaTFRVXpZME1URXRWMFZUVkZWVElpd2lhbTlpVEc5allYUnBiMjRpT2lKM1pYTjBkWE1pZlE/YXBpLXZlcnNpb249MjAxNi0wOS0wMQ==",
      "RequestMethod": "GET",
      "RequestBody": "",
      "RequestHeaders": {
        "User-Agent": [
          "FxVersion/4.6.29719.03",
          "OSName/Windows",
          "OSVersion/Microsoft.Windows.10.0.19042.",
          "Microsoft.Azure.Management.Internal.Resources.ResourceManagementClient/1.3.30"
        ]
      },
      "ResponseHeaders": {
        "Cache-Control": [
          "no-cache"
        ],
        "Pragma": [
          "no-cache"
        ],
        "Location": [
          "https://management.azure.com/subscriptions/27cafca8-b9a4-4264-b399-45d0c9cca1ab/operationresults/eyJqb2JJZCI6IlJFU09VUkNFR1JPVVBERUxFVElPTkpPQi1QUzY0MTEtV0VTVFVTIiwiam9iTG9jYXRpb24iOiJ3ZXN0dXMifQ?api-version=2016-09-01"
        ],
        "Retry-After": [
          "15"
        ],
        "x-ms-ratelimit-remaining-subscription-reads": [
          "11991"
        ],
        "x-ms-request-id": [
          "29cd3ba5-af87-47d9-a723-cf76313598ef"
        ],
        "x-ms-correlation-request-id": [
          "29cd3ba5-af87-47d9-a723-cf76313598ef"
        ],
        "x-ms-routing-request-id": [
          "WESTCENTRALUS:20210309T204854Z:29cd3ba5-af87-47d9-a723-cf76313598ef"
        ],
        "Strict-Transport-Security": [
          "max-age=31536000; includeSubDomains"
        ],
        "X-Content-Type-Options": [
          "nosniff"
        ],
        "Date": [
          "Tue, 09 Mar 2021 20:48:54 GMT"
        ],
        "Expires": [
          "-1"
        ],
        "Content-Length": [
          "0"
        ]
      },
      "ResponseBody": "",
      "StatusCode": 202
    },
    {
      "RequestUri": "/subscriptions/27cafca8-b9a4-4264-b399-45d0c9cca1ab/operationresults/eyJqb2JJZCI6IlJFU09VUkNFR1JPVVBERUxFVElPTkpPQi1QUzY0MTEtV0VTVFVTIiwiam9iTG9jYXRpb24iOiJ3ZXN0dXMifQ?api-version=2016-09-01",
      "EncodedRequestUri": "L3N1YnNjcmlwdGlvbnMvMjdjYWZjYTgtYjlhNC00MjY0LWIzOTktNDVkMGM5Y2NhMWFiL29wZXJhdGlvbnJlc3VsdHMvZXlKcWIySkpaQ0k2SWxKRlUwOVZVa05GUjFKUFZWQkVSVXhGVkVsUFRrcFBRaTFRVXpZME1URXRWMFZUVkZWVElpd2lhbTlpVEc5allYUnBiMjRpT2lKM1pYTjBkWE1pZlE/YXBpLXZlcnNpb249MjAxNi0wOS0wMQ==",
      "RequestMethod": "GET",
      "RequestBody": "",
      "RequestHeaders": {
        "User-Agent": [
          "FxVersion/4.6.29719.03",
          "OSName/Windows",
          "OSVersion/Microsoft.Windows.10.0.19042.",
          "Microsoft.Azure.Management.Internal.Resources.ResourceManagementClient/1.3.30"
        ]
      },
      "ResponseHeaders": {
        "Cache-Control": [
          "no-cache"
        ],
        "Pragma": [
          "no-cache"
        ],
        "Location": [
          "https://management.azure.com/subscriptions/27cafca8-b9a4-4264-b399-45d0c9cca1ab/operationresults/eyJqb2JJZCI6IlJFU09VUkNFR1JPVVBERUxFVElPTkpPQi1QUzY0MTEtV0VTVFVTIiwiam9iTG9jYXRpb24iOiJ3ZXN0dXMifQ?api-version=2016-09-01"
        ],
        "Retry-After": [
          "15"
        ],
        "x-ms-ratelimit-remaining-subscription-reads": [
          "11990"
        ],
        "x-ms-request-id": [
          "a34832c8-c45e-47c2-a47d-9758a4140ccf"
        ],
        "x-ms-correlation-request-id": [
          "a34832c8-c45e-47c2-a47d-9758a4140ccf"
        ],
        "x-ms-routing-request-id": [
          "WESTCENTRALUS:20210309T204909Z:a34832c8-c45e-47c2-a47d-9758a4140ccf"
        ],
        "Strict-Transport-Security": [
          "max-age=31536000; includeSubDomains"
        ],
        "X-Content-Type-Options": [
          "nosniff"
        ],
        "Date": [
          "Tue, 09 Mar 2021 20:49:09 GMT"
        ],
        "Expires": [
          "-1"
        ],
        "Content-Length": [
          "0"
        ]
      },
      "ResponseBody": "",
      "StatusCode": 202
    },
    {
      "RequestUri": "/subscriptions/27cafca8-b9a4-4264-b399-45d0c9cca1ab/operationresults/eyJqb2JJZCI6IlJFU09VUkNFR1JPVVBERUxFVElPTkpPQi1QUzY0MTEtV0VTVFVTIiwiam9iTG9jYXRpb24iOiJ3ZXN0dXMifQ?api-version=2016-09-01",
      "EncodedRequestUri": "L3N1YnNjcmlwdGlvbnMvMjdjYWZjYTgtYjlhNC00MjY0LWIzOTktNDVkMGM5Y2NhMWFiL29wZXJhdGlvbnJlc3VsdHMvZXlKcWIySkpaQ0k2SWxKRlUwOVZVa05GUjFKUFZWQkVSVXhGVkVsUFRrcFBRaTFRVXpZME1URXRWMFZUVkZWVElpd2lhbTlpVEc5allYUnBiMjRpT2lKM1pYTjBkWE1pZlE/YXBpLXZlcnNpb249MjAxNi0wOS0wMQ==",
      "RequestMethod": "GET",
      "RequestBody": "",
      "RequestHeaders": {
        "User-Agent": [
          "FxVersion/4.6.29719.03",
          "OSName/Windows",
          "OSVersion/Microsoft.Windows.10.0.19042.",
          "Microsoft.Azure.Management.Internal.Resources.ResourceManagementClient/1.3.30"
        ]
      },
      "ResponseHeaders": {
        "Cache-Control": [
          "no-cache"
        ],
        "Pragma": [
          "no-cache"
        ],
        "x-ms-ratelimit-remaining-subscription-reads": [
          "11989"
        ],
        "x-ms-request-id": [
          "17217c7b-cffd-49d8-909b-a7ee5c0cbb47"
        ],
        "x-ms-correlation-request-id": [
          "17217c7b-cffd-49d8-909b-a7ee5c0cbb47"
        ],
        "x-ms-routing-request-id": [
          "WESTCENTRALUS:20210309T204924Z:17217c7b-cffd-49d8-909b-a7ee5c0cbb47"
        ],
        "Strict-Transport-Security": [
          "max-age=31536000; includeSubDomains"
        ],
        "X-Content-Type-Options": [
          "nosniff"
        ],
        "Date": [
          "Tue, 09 Mar 2021 20:49:24 GMT"
        ],
        "Expires": [
          "-1"
        ],
        "Content-Length": [
          "0"
        ]
      },
      "ResponseBody": "",
      "StatusCode": 200
    },
    {
      "RequestUri": "/subscriptions/27cafca8-b9a4-4264-b399-45d0c9cca1ab/operationresults/eyJqb2JJZCI6IlJFU09VUkNFR1JPVVBERUxFVElPTkpPQi1QUzY0MTEtV0VTVFVTIiwiam9iTG9jYXRpb24iOiJ3ZXN0dXMifQ?api-version=2016-09-01",
      "EncodedRequestUri": "L3N1YnNjcmlwdGlvbnMvMjdjYWZjYTgtYjlhNC00MjY0LWIzOTktNDVkMGM5Y2NhMWFiL29wZXJhdGlvbnJlc3VsdHMvZXlKcWIySkpaQ0k2SWxKRlUwOVZVa05GUjFKUFZWQkVSVXhGVkVsUFRrcFBRaTFRVXpZME1URXRWMFZUVkZWVElpd2lhbTlpVEc5allYUnBiMjRpT2lKM1pYTjBkWE1pZlE/YXBpLXZlcnNpb249MjAxNi0wOS0wMQ==",
      "RequestMethod": "GET",
      "RequestBody": "",
      "RequestHeaders": {
        "User-Agent": [
          "FxVersion/4.6.29719.03",
          "OSName/Windows",
          "OSVersion/Microsoft.Windows.10.0.19042.",
          "Microsoft.Azure.Management.Internal.Resources.ResourceManagementClient/1.3.30"
        ]
      },
      "ResponseHeaders": {
        "Cache-Control": [
          "no-cache"
        ],
        "Pragma": [
          "no-cache"
        ],
        "x-ms-ratelimit-remaining-subscription-reads": [
          "11988"
        ],
        "x-ms-request-id": [
          "4f9491e2-5fb3-4944-9497-fd8b6065d7ca"
        ],
        "x-ms-correlation-request-id": [
          "4f9491e2-5fb3-4944-9497-fd8b6065d7ca"
        ],
        "x-ms-routing-request-id": [
          "WESTCENTRALUS:20210309T204924Z:4f9491e2-5fb3-4944-9497-fd8b6065d7ca"
        ],
        "Strict-Transport-Security": [
          "max-age=31536000; includeSubDomains"
        ],
        "X-Content-Type-Options": [
          "nosniff"
        ],
        "Date": [
          "Tue, 09 Mar 2021 20:49:24 GMT"
        ],
        "Expires": [
          "-1"
        ],
        "Content-Length": [
          "0"
        ]
      },
      "ResponseBody": "",
      "StatusCode": 200
    }
  ],
  "Names": {
    "Test-CreateAfdOrigin": [
      "ps6411",
      "ps9215",
      "ps1672",
      "ps3217"
    ]
  },
  "Variables": {
    "SubscriptionId": "27cafca8-b9a4-4264-b399-45d0c9cca1ab"
  }
}