{
  "Entries": [
    {
      "RequestUri": "/subscriptions/f34b22a3-2202-4fb1-b040-1332bd928c84/resourcegroups/IntegrationAccountPsCmdletTest?api-version=2016-02-01",
      "EncodedRequestUri": "L3N1YnNjcmlwdGlvbnMvZjM0YjIyYTMtMjIwMi00ZmIxLWIwNDAtMTMzMmJkOTI4Yzg0L3Jlc291cmNlZ3JvdXBzL0ludGVncmF0aW9uQWNjb3VudFBzQ21kbGV0VGVzdD9hcGktdmVyc2lvbj0yMDE2LTAyLTAx",
      "RequestMethod": "PUT",
      "RequestBody": "{\r\n  \"location\": \"brazilsouth\"\r\n}",
      "RequestHeaders": {
        "Content-Type": [
          "application/json; charset=utf-8"
        ],
        "Content-Length": [
          "33"
        ],
        "User-Agent": [
          "Microsoft.Azure.Management.Resources.ResourceManagementClient/2.0.0.0"
        ]
      },
      "ResponseBody": "{\r\n  \"id\": \"/subscriptions/f34b22a3-2202-4fb1-b040-1332bd928c84/resourceGroups/IntegrationAccountPsCmdletTest\",\r\n  \"name\": \"IntegrationAccountPsCmdletTest\",\r\n  \"location\": \"brazilsouth\",\r\n  \"properties\": {\r\n    \"provisioningState\": \"Succeeded\"\r\n  }\r\n}",
      "ResponseHeaders": {
        "Content-Length": [
          "218"
        ],
        "Content-Type": [
          "application/json; charset=utf-8"
        ],
        "Expires": [
          "-1"
        ],
        "Pragma": [
          "no-cache"
        ],
        "x-ms-ratelimit-remaining-subscription-writes": [
          "1199"
        ],
        "x-ms-request-id": [
          "f7e002d5-a9a1-4181-9088-3c89b978930e"
        ],
        "x-ms-correlation-request-id": [
          "f7e002d5-a9a1-4181-9088-3c89b978930e"
        ],
        "x-ms-routing-request-id": [
          "CENTRALUS:20170201T211909Z:f7e002d5-a9a1-4181-9088-3c89b978930e"
        ],
        "Strict-Transport-Security": [
          "max-age=31536000; includeSubDomains"
        ],
        "Cache-Control": [
          "no-cache"
        ],
        "Date": [
          "Wed, 01 Feb 2017 21:19:08 GMT"
        ]
      },
      "StatusCode": 200
    },
    {
      "RequestUri": "/subscriptions/f34b22a3-2202-4fb1-b040-1332bd928c84/resourceGroups/IntegrationAccountPsCmdletTest/providers/Microsoft.Logic/integrationAccounts/onesdk1435?api-version=2016-06-01",
      "EncodedRequestUri": "L3N1YnNjcmlwdGlvbnMvZjM0YjIyYTMtMjIwMi00ZmIxLWIwNDAtMTMzMmJkOTI4Yzg0L3Jlc291cmNlR3JvdXBzL0ludGVncmF0aW9uQWNjb3VudFBzQ21kbGV0VGVzdC9wcm92aWRlcnMvTWljcm9zb2Z0LkxvZ2ljL2ludGVncmF0aW9uQWNjb3VudHMvb25lc2RrMTQzNT9hcGktdmVyc2lvbj0yMDE2LTA2LTAx",
      "RequestMethod": "GET",
      "RequestBody": "",
      "RequestHeaders": {
        "x-ms-client-request-id": [
          "be720a11-7165-41dc-a06b-b6ae51e6c447"
        ],
        "accept-language": [
          "en-US"
        ],
        "User-Agent": [
          "FxVersion/4.6.1586.0",
          "OSName/Windows_10_Enterprise",
          "OSVersion/6.3.14393",
          "Microsoft.Azure.Management.Logic.LogicManagementClient/1.0.1"
        ]
      },
      "ResponseBody": "{\r\n  \"error\": {\r\n    \"code\": \"ResourceNotFound\",\r\n    \"message\": \"The Resource 'Microsoft.Logic/integrationAccounts/onesdk1435' under resource group 'IntegrationAccountPsCmdletTest' was not found.\"\r\n  }\r\n}",
      "ResponseHeaders": {
        "Content-Length": [
          "180"
        ],
        "Content-Type": [
          "application/json; charset=utf-8"
        ],
        "Expires": [
          "-1"
        ],
        "Pragma": [
          "no-cache"
        ],
        "x-ms-failure-cause": [
          "gateway"
        ],
        "x-ms-request-id": [
          "cffbb5a2-73fd-4562-8bce-a0c6f6d7bd61"
        ],
        "x-ms-correlation-request-id": [
          "cffbb5a2-73fd-4562-8bce-a0c6f6d7bd61"
        ],
        "x-ms-routing-request-id": [
          "CENTRALUS:20170201T211909Z:cffbb5a2-73fd-4562-8bce-a0c6f6d7bd61"
        ],
        "Strict-Transport-Security": [
          "max-age=31536000; includeSubDomains"
        ],
        "Cache-Control": [
          "no-cache"
        ],
        "Date": [
          "Wed, 01 Feb 2017 21:19:09 GMT"
        ]
      },
      "StatusCode": 404
    },
    {
      "RequestUri": "/subscriptions/f34b22a3-2202-4fb1-b040-1332bd928c84/resourceGroups/IntegrationAccountPsCmdletTest/providers/Microsoft.Logic/integrationAccounts/onesdk1435?api-version=2016-06-01",
      "EncodedRequestUri": "L3N1YnNjcmlwdGlvbnMvZjM0YjIyYTMtMjIwMi00ZmIxLWIwNDAtMTMzMmJkOTI4Yzg0L3Jlc291cmNlR3JvdXBzL0ludGVncmF0aW9uQWNjb3VudFBzQ21kbGV0VGVzdC9wcm92aWRlcnMvTWljcm9zb2Z0LkxvZ2ljL2ludGVncmF0aW9uQWNjb3VudHMvb25lc2RrMTQzNT9hcGktdmVyc2lvbj0yMDE2LTA2LTAx",
      "RequestMethod": "GET",
      "RequestBody": "",
      "RequestHeaders": {
        "x-ms-client-request-id": [
          "d821be01-ccb9-4e78-909a-9f186d2cf74d"
        ],
        "accept-language": [
          "en-US"
        ],
        "User-Agent": [
          "FxVersion/4.6.1586.0",
          "OSName/Windows_10_Enterprise",
          "OSVersion/6.3.14393",
          "Microsoft.Azure.Management.Logic.LogicManagementClient/1.0.1"
        ]
      },
      "ResponseBody": "{\r\n  \"properties\": {},\r\n  \"sku\": {\r\n    \"name\": \"Standard\"\r\n  },\r\n  \"id\": \"/subscriptions/f34b22a3-2202-4fb1-b040-1332bd928c84/resourceGroups/IntegrationAccountPsCmdletTest/providers/Microsoft.Logic/integrationAccounts/onesdk1435\",\r\n  \"name\": \"onesdk1435\",\r\n  \"type\": \"Microsoft.Logic/integrationAccounts\",\r\n  \"location\": \"brazilsouth\"\r\n}",
      "ResponseHeaders": {
        "Content-Length": [
          "295"
        ],
        "Content-Type": [
          "application/json; charset=utf-8"
        ],
        "Expires": [
          "-1"
        ],
        "Pragma": [
          "no-cache"
        ],
        "Vary": [
          "Accept-Encoding"
        ],
        "x-ms-request-id": [
          "brazilsouth:ffefc75f-fa40-48fb-b378-ca976ec2e3c2"
        ],
        "Strict-Transport-Security": [
          "max-age=31536000; includeSubDomains"
        ],
        "x-ms-ratelimit-remaining-subscription-reads": [
          "14836"
        ],
        "x-ms-correlation-request-id": [
          "27e10b38-37dc-4b4e-8917-18aac061a98d"
        ],
        "x-ms-routing-request-id": [
          "CENTRALUS:20170201T211911Z:27e10b38-37dc-4b4e-8917-18aac061a98d"
        ],
        "Cache-Control": [
          "no-cache"
        ],
        "Date": [
          "Wed, 01 Feb 2017 21:19:11 GMT"
        ]
      },
      "StatusCode": 200
    },
    {
      "RequestUri": "/subscriptions/f34b22a3-2202-4fb1-b040-1332bd928c84/resourceGroups/IntegrationAccountPsCmdletTest/providers/Microsoft.Logic/integrationAccounts/onesdk1435?api-version=2016-06-01",
      "EncodedRequestUri": "L3N1YnNjcmlwdGlvbnMvZjM0YjIyYTMtMjIwMi00ZmIxLWIwNDAtMTMzMmJkOTI4Yzg0L3Jlc291cmNlR3JvdXBzL0ludGVncmF0aW9uQWNjb3VudFBzQ21kbGV0VGVzdC9wcm92aWRlcnMvTWljcm9zb2Z0LkxvZ2ljL2ludGVncmF0aW9uQWNjb3VudHMvb25lc2RrMTQzNT9hcGktdmVyc2lvbj0yMDE2LTA2LTAx",
      "RequestMethod": "GET",
      "RequestBody": "",
      "RequestHeaders": {
        "x-ms-client-request-id": [
          "862a22d0-b505-4d4d-a0f7-c6313376b297"
        ],
        "accept-language": [
          "en-US"
        ],
        "User-Agent": [
          "FxVersion/4.6.1586.0",
          "OSName/Windows_10_Enterprise",
          "OSVersion/6.3.14393",
          "Microsoft.Azure.Management.Logic.LogicManagementClient/1.0.1"
        ]
      },
      "ResponseBody": "{\r\n  \"properties\": {},\r\n  \"sku\": {\r\n    \"name\": \"Standard\"\r\n  },\r\n  \"id\": \"/subscriptions/f34b22a3-2202-4fb1-b040-1332bd928c84/resourceGroups/IntegrationAccountPsCmdletTest/providers/Microsoft.Logic/integrationAccounts/onesdk1435\",\r\n  \"name\": \"onesdk1435\",\r\n  \"type\": \"Microsoft.Logic/integrationAccounts\",\r\n  \"location\": \"brazilsouth\"\r\n}",
      "ResponseHeaders": {
        "Content-Length": [
          "295"
        ],
        "Content-Type": [
          "application/json; charset=utf-8"
        ],
        "Expires": [
          "-1"
        ],
        "Pragma": [
          "no-cache"
        ],
        "Vary": [
          "Accept-Encoding"
        ],
        "x-ms-request-id": [
          "brazilsouth:c76f2b6b-3511-4aab-8dce-32ac72bab760"
        ],
        "Strict-Transport-Security": [
          "max-age=31536000; includeSubDomains"
        ],
        "x-ms-ratelimit-remaining-subscription-reads": [
          "14834"
        ],
        "x-ms-correlation-request-id": [
          "a696aa1a-a062-406b-be60-62044bf03a51"
        ],
        "x-ms-routing-request-id": [
          "CENTRALUS:20170201T211912Z:a696aa1a-a062-406b-be60-62044bf03a51"
        ],
        "Cache-Control": [
          "no-cache"
        ],
        "Date": [
          "Wed, 01 Feb 2017 21:19:12 GMT"
        ]
      },
      "StatusCode": 200
    },
    {
      "RequestUri": "/subscriptions/f34b22a3-2202-4fb1-b040-1332bd928c84/resourceGroups/IntegrationAccountPsCmdletTest/providers/Microsoft.Logic/integrationAccounts/onesdk1435?api-version=2016-06-01",
      "EncodedRequestUri": "L3N1YnNjcmlwdGlvbnMvZjM0YjIyYTMtMjIwMi00ZmIxLWIwNDAtMTMzMmJkOTI4Yzg0L3Jlc291cmNlR3JvdXBzL0ludGVncmF0aW9uQWNjb3VudFBzQ21kbGV0VGVzdC9wcm92aWRlcnMvTWljcm9zb2Z0LkxvZ2ljL2ludGVncmF0aW9uQWNjb3VudHMvb25lc2RrMTQzNT9hcGktdmVyc2lvbj0yMDE2LTA2LTAx",
      "RequestMethod": "PUT",
      "RequestBody": "{\r\n  \"properties\": {},\r\n  \"sku\": {\r\n    \"name\": \"Standard\"\r\n  },\r\n  \"location\": \"brazilsouth\"\r\n}",
      "RequestHeaders": {
        "Content-Type": [
          "application/json; charset=utf-8"
        ],
        "Content-Length": [
          "96"
        ],
        "x-ms-client-request-id": [
          "33b3ec8b-6ce1-497c-b25b-c5aed65a01ae"
        ],
        "accept-language": [
          "en-US"
        ],
        "User-Agent": [
          "FxVersion/4.6.1586.0",
          "OSName/Windows_10_Enterprise",
          "OSVersion/6.3.14393",
          "Microsoft.Azure.Management.Logic.LogicManagementClient/1.0.1"
        ]
      },
      "ResponseBody": "{\r\n  \"properties\": {},\r\n  \"sku\": {\r\n    \"name\": \"Standard\"\r\n  },\r\n  \"id\": \"/subscriptions/f34b22a3-2202-4fb1-b040-1332bd928c84/resourceGroups/IntegrationAccountPsCmdletTest/providers/Microsoft.Logic/integrationAccounts/onesdk1435\",\r\n  \"name\": \"onesdk1435\",\r\n  \"type\": \"Microsoft.Logic/integrationAccounts\",\r\n  \"location\": \"brazilsouth\"\r\n}",
      "ResponseHeaders": {
        "Content-Length": [
          "295"
        ],
        "Content-Type": [
          "application/json; charset=utf-8"
        ],
        "Expires": [
          "-1"
        ],
        "Pragma": [
          "no-cache"
        ],
        "x-ms-request-id": [
          "brazilsouth:bb469403-4294-4648-aaa1-0e8383daeb02"
        ],
        "Strict-Transport-Security": [
          "max-age=31536000; includeSubDomains"
        ],
        "x-ms-ratelimit-remaining-subscription-writes": [
          "1195"
        ],
        "x-ms-correlation-request-id": [
          "88f0185e-2d11-4b7f-af79-fb95f692e28c"
        ],
        "x-ms-routing-request-id": [
          "CENTRALUS:20170201T211911Z:88f0185e-2d11-4b7f-af79-fb95f692e28c"
        ],
        "Cache-Control": [
          "no-cache"
        ],
        "Date": [
          "Wed, 01 Feb 2017 21:19:11 GMT"
        ]
      },
      "StatusCode": 201
    },
    {
      "RequestUri": "/subscriptions/f34b22a3-2202-4fb1-b040-1332bd928c84/resourceGroups/IntegrationAccountPsCmdletTest/providers/Microsoft.Logic/integrationAccounts/onesdk1435/partners/onesdk4295?api-version=2016-06-01",
      "EncodedRequestUri": "L3N1YnNjcmlwdGlvbnMvZjM0YjIyYTMtMjIwMi00ZmIxLWIwNDAtMTMzMmJkOTI4Yzg0L3Jlc291cmNlR3JvdXBzL0ludGVncmF0aW9uQWNjb3VudFBzQ21kbGV0VGVzdC9wcm92aWRlcnMvTWljcm9zb2Z0LkxvZ2ljL2ludGVncmF0aW9uQWNjb3VudHMvb25lc2RrMTQzNS9wYXJ0bmVycy9vbmVzZGs0Mjk1P2FwaS12ZXJzaW9uPTIwMTYtMDYtMDE=",
      "RequestMethod": "GET",
      "RequestBody": "",
      "RequestHeaders": {
        "x-ms-client-request-id": [
          "1da2e7fe-57c9-47e2-884d-9fc68dfff22b"
        ],
        "accept-language": [
          "en-US"
        ],
        "User-Agent": [
          "FxVersion/4.6.1586.0",
          "OSName/Windows_10_Enterprise",
          "OSVersion/6.3.14393",
          "Microsoft.Azure.Management.Logic.LogicManagementClient/1.0.1"
        ]
      },
      "ResponseBody": "{\r\n  \"error\": {\r\n    \"code\": \"PartnerNotFound\",\r\n    \"message\": \"The partner 'onesdk4295' could not be found in integration account 'onesdk1435'.\"\r\n  }\r\n}",
      "ResponseHeaders": {
        "Content-Length": [
          "129"
        ],
        "Content-Type": [
          "application/json; charset=utf-8"
        ],
        "Expires": [
          "-1"
        ],
        "Pragma": [
          "no-cache"
        ],
        "x-ms-request-id": [
          "brazilsouth:28e5e7ea-26c9-49ac-bc8d-ad7f4127eb19"
        ],
        "Strict-Transport-Security": [
          "max-age=31536000; includeSubDomains"
        ],
        "x-ms-ratelimit-remaining-subscription-reads": [
          "14835"
        ],
        "x-ms-correlation-request-id": [
          "f12bb4f2-6cbf-49d9-94d0-da00372fc12c"
        ],
        "x-ms-routing-request-id": [
          "CENTRALUS:20170201T211911Z:f12bb4f2-6cbf-49d9-94d0-da00372fc12c"
        ],
        "Cache-Control": [
          "no-cache"
        ],
        "Date": [
          "Wed, 01 Feb 2017 21:19:11 GMT"
        ]
      },
      "StatusCode": 404
    },
    {
      "RequestUri": "/subscriptions/f34b22a3-2202-4fb1-b040-1332bd928c84/resourceGroups/IntegrationAccountPsCmdletTest/providers/Microsoft.Logic/integrationAccounts/onesdk1435/partners/onesdk4295?api-version=2016-06-01",
      "EncodedRequestUri": "L3N1YnNjcmlwdGlvbnMvZjM0YjIyYTMtMjIwMi00ZmIxLWIwNDAtMTMzMmJkOTI4Yzg0L3Jlc291cmNlR3JvdXBzL0ludGVncmF0aW9uQWNjb3VudFBzQ21kbGV0VGVzdC9wcm92aWRlcnMvTWljcm9zb2Z0LkxvZ2ljL2ludGVncmF0aW9uQWNjb3VudHMvb25lc2RrMTQzNS9wYXJ0bmVycy9vbmVzZGs0Mjk1P2FwaS12ZXJzaW9uPTIwMTYtMDYtMDE=",
      "RequestMethod": "PUT",
      "RequestBody": "{\r\n  \"properties\": {\r\n    \"partnerType\": \"B2B\",\r\n    \"content\": {\r\n      \"b2b\": {\r\n        \"businessIdentities\": [\r\n          {\r\n            \"qualifier\": \"01\",\r\n            \"value\": \"Test1\"\r\n          },\r\n          {\r\n            \"qualifier\": \"02\",\r\n            \"value\": \"Test2\"\r\n          },\r\n          {\r\n            \"qualifier\": \"As2Identity\",\r\n            \"value\": \"Test3\"\r\n          },\r\n          {\r\n            \"qualifier\": \"As2Identity\",\r\n            \"value\": \"Test4\"\r\n          }\r\n        ]\r\n      }\r\n    }\r\n  }\r\n}",
      "RequestHeaders": {
        "Content-Type": [
          "application/json; charset=utf-8"
        ],
        "Content-Length": [
          "522"
        ],
        "x-ms-client-request-id": [
          "1fb06aa1-a1d3-4d4f-b27d-9495c718c3e7"
        ],
        "accept-language": [
          "en-US"
        ],
        "User-Agent": [
          "FxVersion/4.6.1586.0",
          "OSName/Windows_10_Enterprise",
          "OSVersion/6.3.14393",
          "Microsoft.Azure.Management.Logic.LogicManagementClient/1.0.1"
        ]
      },
      "ResponseBody": "{\r\n  \"properties\": {\r\n    \"partnerType\": \"B2B\",\r\n    \"content\": {\r\n      \"b2b\": {\r\n        \"businessIdentities\": [\r\n          {\r\n            \"qualifier\": \"01\",\r\n            \"value\": \"Test1\"\r\n          },\r\n          {\r\n            \"qualifier\": \"02\",\r\n            \"value\": \"Test2\"\r\n          },\r\n          {\r\n            \"qualifier\": \"As2Identity\",\r\n            \"value\": \"Test3\"\r\n          },\r\n          {\r\n            \"qualifier\": \"As2Identity\",\r\n            \"value\": \"Test4\"\r\n          }\r\n        ]\r\n      }\r\n    },\r\n    \"createdTime\": \"2017-02-01T21:19:12.4740671Z\",\r\n    \"changedTime\": \"2017-02-01T21:19:12.4749236Z\"\r\n  },\r\n  \"id\": \"/subscriptions/f34b22a3-2202-4fb1-b040-1332bd928c84/resourceGroups/IntegrationAccountPsCmdletTest/providers/Microsoft.Logic/integrationAccounts/onesdk1435/partners/onesdk4295\",\r\n  \"name\": \"onesdk4295\",\r\n  \"type\": \"Microsoft.Logic/integrationAccounts/partners\"\r\n}",
      "ResponseHeaders": {
        "Content-Length": [
          "583"
        ],
        "Content-Type": [
          "application/json; charset=utf-8"
        ],
        "Expires": [
          "-1"
        ],
        "Pragma": [
          "no-cache"
        ],
        "x-ms-request-id": [
          "brazilsouth:3bf50927-b1db-46af-ae72-c16242d8b13d"
        ],
        "Strict-Transport-Security": [
          "max-age=31536000; includeSubDomains"
        ],
        "x-ms-ratelimit-remaining-subscription-writes": [
          "1194"
        ],
        "x-ms-correlation-request-id": [
          "f424d19f-9f42-4f14-92e7-620d5fce78db"
        ],
        "x-ms-routing-request-id": [
          "CENTRALUS:20170201T211912Z:f424d19f-9f42-4f14-92e7-620d5fce78db"
        ],
        "Cache-Control": [
          "no-cache"
        ],
        "Date": [
          "Wed, 01 Feb 2017 21:19:11 GMT"
        ]
      },
      "StatusCode": 201
    },
    {
      "RequestUri": "/subscriptions/f34b22a3-2202-4fb1-b040-1332bd928c84/resourceGroups/IntegrationAccountPsCmdletTest/providers/Microsoft.Logic/integrationAccounts/onesdk1435/partners/onesdk4697?api-version=2016-06-01",
      "EncodedRequestUri": "L3N1YnNjcmlwdGlvbnMvZjM0YjIyYTMtMjIwMi00ZmIxLWIwNDAtMTMzMmJkOTI4Yzg0L3Jlc291cmNlR3JvdXBzL0ludGVncmF0aW9uQWNjb3VudFBzQ21kbGV0VGVzdC9wcm92aWRlcnMvTWljcm9zb2Z0LkxvZ2ljL2ludGVncmF0aW9uQWNjb3VudHMvb25lc2RrMTQzNS9wYXJ0bmVycy9vbmVzZGs0Njk3P2FwaS12ZXJzaW9uPTIwMTYtMDYtMDE=",
      "RequestMethod": "GET",
      "RequestBody": "",
      "RequestHeaders": {
        "x-ms-client-request-id": [
          "dcf4d160-1f16-4591-bd69-1ef785221f47"
        ],
        "accept-language": [
          "en-US"
        ],
        "User-Agent": [
          "FxVersion/4.6.1586.0",
          "OSName/Windows_10_Enterprise",
          "OSVersion/6.3.14393",
          "Microsoft.Azure.Management.Logic.LogicManagementClient/1.0.1"
        ]
      },
      "ResponseBody": "{\r\n  \"error\": {\r\n    \"code\": \"PartnerNotFound\",\r\n    \"message\": \"The partner 'onesdk4697' could not be found in integration account 'onesdk1435'.\"\r\n  }\r\n}",
      "ResponseHeaders": {
        "Content-Length": [
          "129"
        ],
        "Content-Type": [
          "application/json; charset=utf-8"
        ],
        "Expires": [
          "-1"
        ],
        "Pragma": [
          "no-cache"
        ],
        "x-ms-request-id": [
          "brazilsouth:831ea6c5-ccab-4de7-9378-bf9ff06d61d9"
        ],
        "Strict-Transport-Security": [
          "max-age=31536000; includeSubDomains"
        ],
        "x-ms-ratelimit-remaining-subscription-reads": [
          "14833"
        ],
        "x-ms-correlation-request-id": [
          "9662b00f-8b6b-45de-a37d-60cfc0bf55f7"
        ],
        "x-ms-routing-request-id": [
          "CENTRALUS:20170201T211912Z:9662b00f-8b6b-45de-a37d-60cfc0bf55f7"
        ],
        "Cache-Control": [
          "no-cache"
        ],
        "Date": [
          "Wed, 01 Feb 2017 21:19:12 GMT"
        ]
      },
      "StatusCode": 404
    },
    {
      "RequestUri": "/subscriptions/f34b22a3-2202-4fb1-b040-1332bd928c84/resourceGroups/IntegrationAccountPsCmdletTest/providers/Microsoft.Logic/integrationAccounts/onesdk1435/partners/onesdk4697?api-version=2016-06-01",
      "EncodedRequestUri": "L3N1YnNjcmlwdGlvbnMvZjM0YjIyYTMtMjIwMi00ZmIxLWIwNDAtMTMzMmJkOTI4Yzg0L3Jlc291cmNlR3JvdXBzL0ludGVncmF0aW9uQWNjb3VudFBzQ21kbGV0VGVzdC9wcm92aWRlcnMvTWljcm9zb2Z0LkxvZ2ljL2ludGVncmF0aW9uQWNjb3VudHMvb25lc2RrMTQzNS9wYXJ0bmVycy9vbmVzZGs0Njk3P2FwaS12ZXJzaW9uPTIwMTYtMDYtMDE=",
      "RequestMethod": "PUT",
      "RequestBody": "{\r\n  \"properties\": {\r\n    \"partnerType\": \"B2B\",\r\n    \"content\": {\r\n      \"b2b\": {\r\n        \"businessIdentities\": [\r\n          {\r\n            \"qualifier\": \"As2Identity\",\r\n            \"value\": \"Test4\"\r\n          }\r\n        ]\r\n      }\r\n    }\r\n  }\r\n}",
      "RequestHeaders": {
        "Content-Type": [
          "application/json; charset=utf-8"
        ],
        "Content-Length": [
          "246"
        ],
        "x-ms-client-request-id": [
          "e16a51aa-5eaf-4088-ab9c-d1d6474ac8b8"
        ],
        "accept-language": [
          "en-US"
        ],
        "User-Agent": [
          "FxVersion/4.6.1586.0",
          "OSName/Windows_10_Enterprise",
          "OSVersion/6.3.14393",
          "Microsoft.Azure.Management.Logic.LogicManagementClient/1.0.1"
        ]
      },
      "ResponseBody": "{\r\n  \"properties\": {\r\n    \"partnerType\": \"B2B\",\r\n    \"content\": {\r\n      \"b2b\": {\r\n        \"businessIdentities\": [\r\n          {\r\n            \"qualifier\": \"As2Identity\",\r\n            \"value\": \"Test4\"\r\n          }\r\n        ]\r\n      }\r\n    },\r\n    \"createdTime\": \"2017-02-01T21:19:12.967607Z\",\r\n    \"changedTime\": \"2017-02-01T21:19:12.9679512Z\"\r\n  },\r\n  \"id\": \"/subscriptions/f34b22a3-2202-4fb1-b040-1332bd928c84/resourceGroups/IntegrationAccountPsCmdletTest/providers/Microsoft.Logic/integrationAccounts/onesdk1435/partners/onesdk4697\",\r\n  \"name\": \"onesdk4697\",\r\n  \"type\": \"Microsoft.Logic/integrationAccounts/partners\"\r\n}",
      "ResponseHeaders": {
        "Content-Length": [
          "468"
        ],
        "Content-Type": [
          "application/json; charset=utf-8"
        ],
        "Expires": [
          "-1"
        ],
        "Pragma": [
          "no-cache"
        ],
        "x-ms-request-id": [
          "brazilsouth:53e8fcef-6640-4694-9696-36c7070cf9ac"
        ],
        "Strict-Transport-Security": [
          "max-age=31536000; includeSubDomains"
        ],
        "x-ms-ratelimit-remaining-subscription-writes": [
          "1193"
        ],
        "x-ms-correlation-request-id": [
          "eb43796f-be41-4e5f-bc96-47fd071ee506"
        ],
        "x-ms-routing-request-id": [
          "CENTRALUS:20170201T211912Z:eb43796f-be41-4e5f-bc96-47fd071ee506"
        ],
        "Cache-Control": [
          "no-cache"
        ],
        "Date": [
          "Wed, 01 Feb 2017 21:19:12 GMT"
        ]
      },
      "StatusCode": 201
    },
    {
      "RequestUri": "/subscriptions/f34b22a3-2202-4fb1-b040-1332bd928c84/resourceGroups/IntegrationAccountPsCmdletTest/providers/Microsoft.Logic/integrationAccounts/onesdk1435?api-version=2016-06-01",
      "EncodedRequestUri": "L3N1YnNjcmlwdGlvbnMvZjM0YjIyYTMtMjIwMi00ZmIxLWIwNDAtMTMzMmJkOTI4Yzg0L3Jlc291cmNlR3JvdXBzL0ludGVncmF0aW9uQWNjb3VudFBzQ21kbGV0VGVzdC9wcm92aWRlcnMvTWljcm9zb2Z0LkxvZ2ljL2ludGVncmF0aW9uQWNjb3VudHMvb25lc2RrMTQzNT9hcGktdmVyc2lvbj0yMDE2LTA2LTAx",
      "RequestMethod": "DELETE",
      "RequestBody": "",
      "RequestHeaders": {
        "x-ms-client-request-id": [
          "d4a2d342-1618-4930-bf6c-727e18a6a0f5"
        ],
        "accept-language": [
          "en-US"
        ],
        "User-Agent": [
          "FxVersion/4.6.1586.0",
          "OSName/Windows_10_Enterprise",
          "OSVersion/6.3.14393",
          "Microsoft.Azure.Management.Logic.LogicManagementClient/1.0.1"
        ]
      },
      "ResponseBody": "",
      "ResponseHeaders": {
        "Content-Length": [
          "0"
        ],
        "Expires": [
          "-1"
        ],
        "Pragma": [
          "no-cache"
        ],
        "x-ms-request-id": [
          "brazilsouth:98ae201a-f850-4e90-8c09-cd09045648dc"
        ],
        "Strict-Transport-Security": [
          "max-age=31536000; includeSubDomains"
        ],
        "x-ms-ratelimit-remaining-subscription-writes": [
          "1192"
        ],
        "x-ms-correlation-request-id": [
          "8077a9fa-313b-4704-97be-dc25b477ba6f"
        ],
        "x-ms-routing-request-id": [
          "CENTRALUS:20170201T211914Z:8077a9fa-313b-4704-97be-dc25b477ba6f"
        ],
        "Cache-Control": [
          "no-cache"
        ],
        "Date": [
          "Wed, 01 Feb 2017 21:19:14 GMT"
        ]
      },
      "StatusCode": 200
    }
  ],
  "Names": {
    "Test-CreateIntegrationAccountPartner": [
      "onesdk1435",
      "onesdk4295",
      "onesdk4697"
    ]
  },
  "Variables": {
    "SubscriptionId": "f34b22a3-2202-4fb1-b040-1332bd928c84"
  }
}