{
  "Entries": [
    {
      "RequestUri": "/subscriptions/f34b22a3-2202-4fb1-b040-1332bd928c84/providers/Microsoft.Resources?api-version=2016-09-01",
      "EncodedRequestUri": "L3N1YnNjcmlwdGlvbnMvZjM0YjIyYTMtMjIwMi00ZmIxLWIwNDAtMTMzMmJkOTI4Yzg0L3Byb3ZpZGVycy9NaWNyb3NvZnQuUmVzb3VyY2VzP2FwaS12ZXJzaW9uPTIwMTYtMDktMDE=",
      "RequestMethod": "GET",
      "RequestBody": "",
      "RequestHeaders": {
        "x-ms-client-request-id": [
          "3128fd70-b12a-4855-bc31-5ec58889427b"
        ],
        "accept-language": [
          "en-US"
        ],
        "User-Agent": [
          "FxVersion/4.7.3190.0",
          "OSName/Windows",
          "OSVersion/6.3.9600.0",
          "Microsoft.Azure.Management.Internal.Resources.ResourceManagementClient/4.1.0"
        ]
      },
      "ResponseHeaders": {
        "Pragma": [
          "no-cache"
        ],
        "x-ms-ratelimit-remaining-subscription-reads": [
          "11999"
        ],
        "x-ms-request-id": [
          "6f9aa679-e3e8-48e1-8bb8-7719cdead3b2"
        ],
        "x-ms-correlation-request-id": [
          "6f9aa679-e3e8-48e1-8bb8-7719cdead3b2"
        ],
        "x-ms-routing-request-id": [
          "WESTUS2:20181210T185429Z:6f9aa679-e3e8-48e1-8bb8-7719cdead3b2"
        ],
        "Strict-Transport-Security": [
          "max-age=31536000; includeSubDomains"
        ],
        "X-Content-Type-Options": [
          "nosniff"
        ],
        "Cache-Control": [
          "no-cache"
        ],
        "Date": [
          "Mon, 10 Dec 2018 18:54:28 GMT"
        ],
        "Content-Length": [
          "7108"
        ],
        "Content-Type": [
          "application/json; charset=utf-8"
        ],
        "Expires": [
          "-1"
        ]
      },
      "ResponseBody": "{\r\n  \"id\": \"/subscriptions/f34b22a3-2202-4fb1-b040-1332bd928c84/providers/Microsoft.Resources\",\r\n  \"namespace\": \"Microsoft.Resources\",\r\n  \"resourceTypes\": [\r\n    {\r\n      \"resourceType\": \"tenants\",\r\n      \"locations\": [],\r\n      \"apiVersions\": [\r\n        \"2018-09-01\",\r\n        \"2018-08-01\",\r\n        \"2018-07-01\",\r\n        \"2018-05-01\",\r\n        \"2018-02-01\",\r\n        \"2018-01-01\",\r\n        \"2017-08-01\",\r\n        \"2017-06-01\",\r\n        \"2017-05-10\",\r\n        \"2017-05-01\",\r\n        \"2017-03-01\",\r\n        \"2016-09-01\",\r\n        \"2016-07-01\",\r\n        \"2016-06-01\",\r\n        \"2016-02-01\",\r\n        \"2015-11-01\",\r\n        \"2015-01-01\",\r\n        \"2014-04-01-preview\"\r\n      ]\r\n    },\r\n    {\r\n      \"resourceType\": \"locations\",\r\n      \"locations\": [],\r\n      \"apiVersions\": [\r\n        \"2018-09-01\",\r\n        \"2018-08-01\",\r\n        \"2018-07-01\",\r\n        \"2018-05-01\",\r\n        \"2018-02-01\",\r\n        \"2018-01-01\",\r\n        \"2017-08-01\",\r\n        \"2017-06-01\",\r\n        \"2017-05-10\",\r\n        \"2017-05-01\",\r\n        \"2017-03-01\",\r\n        \"2016-09-01\",\r\n        \"2016-07-01\",\r\n        \"2016-06-01\",\r\n        \"2016-02-01\",\r\n        \"2015-11-01\",\r\n        \"2015-01-01\",\r\n        \"2014-04-01-preview\"\r\n      ]\r\n    },\r\n    {\r\n      \"resourceType\": \"notifyResourceJobs\",\r\n      \"locations\": [],\r\n      \"apiVersions\": [\r\n        \"2018-02-01\"\r\n      ]\r\n    },\r\n    {\r\n      \"resourceType\": \"checkPolicyCompliance\",\r\n      \"locations\": [],\r\n      \"apiVersions\": [\r\n        \"2018-09-01\",\r\n        \"2018-08-01\",\r\n        \"2018-07-01\",\r\n        \"2018-05-01\",\r\n        \"2018-02-01\",\r\n        \"2018-01-01\",\r\n        \"2017-08-01\",\r\n        \"2017-06-01\",\r\n        \"2017-05-10\",\r\n        \"2017-05-01\",\r\n        \"2017-03-01\",\r\n        \"2016-09-01\",\r\n        \"2016-07-01\",\r\n        \"2016-06-01\",\r\n        \"2016-02-01\",\r\n        \"2015-11-01\",\r\n        \"2015-01-01\",\r\n        \"2014-04-01-preview\"\r\n      ]\r\n    },\r\n    {\r\n      \"resourceType\": \"providers\",\r\n      \"locations\": [],\r\n      \"apiVersions\": [\r\n        \"2018-09-01\",\r\n        \"2018-08-01\",\r\n        \"2018-07-01\",\r\n        \"2018-05-01\",\r\n        \"2018-02-01\",\r\n        \"2018-01-01\",\r\n        \"2017-08-01\",\r\n        \"2017-06-01\",\r\n        \"2017-05-10\",\r\n        \"2017-05-01\",\r\n        \"2017-03-01\",\r\n        \"2016-09-01\",\r\n        \"2016-07-01\",\r\n        \"2016-06-01\",\r\n        \"2016-02-01\",\r\n        \"2015-11-01\",\r\n        \"2015-01-01\",\r\n        \"2014-04-01-preview\"\r\n      ]\r\n    },\r\n    {\r\n      \"resourceType\": \"checkresourcename\",\r\n      \"locations\": [],\r\n      \"apiVersions\": [\r\n        \"2018-09-01\",\r\n        \"2018-08-01\",\r\n        \"2018-07-01\",\r\n        \"2018-05-01\",\r\n        \"2018-02-01\",\r\n        \"2018-01-01\",\r\n        \"2017-08-01\",\r\n        \"2017-06-01\",\r\n        \"2017-05-10\",\r\n        \"2017-05-01\",\r\n        \"2017-03-01\",\r\n        \"2016-09-01\",\r\n        \"2016-07-01\",\r\n        \"2016-06-01\",\r\n        \"2016-02-01\",\r\n        \"2015-11-01\",\r\n        \"2015-01-01\",\r\n        \"2014-04-01-preview\"\r\n      ]\r\n    },\r\n    {\r\n      \"resourceType\": \"resources\",\r\n      \"locations\": [],\r\n      \"apiVersions\": [\r\n        \"2018-09-01\",\r\n        \"2018-08-01\",\r\n        \"2018-07-01\",\r\n        \"2018-05-01\",\r\n        \"2018-02-01\",\r\n        \"2018-01-01\",\r\n        \"2017-08-01\",\r\n        \"2017-06-01\",\r\n        \"2017-05-10\",\r\n        \"2017-05-01\",\r\n        \"2017-03-01\",\r\n        \"2016-09-01\",\r\n        \"2016-07-01\",\r\n        \"2016-06-01\",\r\n        \"2016-02-01\",\r\n        \"2015-11-01\",\r\n        \"2015-01-01\",\r\n        \"2014-04-01-preview\"\r\n      ]\r\n    },\r\n    {\r\n      \"resourceType\": \"subscriptions\",\r\n      \"locations\": [],\r\n      \"apiVersions\": [\r\n        \"2018-09-01\",\r\n        \"2018-08-01\",\r\n        \"2018-07-01\",\r\n        \"2018-05-01\",\r\n        \"2018-02-01\",\r\n        \"2018-01-01\",\r\n        \"2017-08-01\",\r\n        \"2017-06-01\",\r\n        \"2017-05-10\",\r\n        \"2017-05-01\",\r\n        \"2017-03-01\",\r\n        \"2016-09-01\",\r\n        \"2016-07-01\",\r\n        \"2016-06-01\",\r\n        \"2016-02-01\",\r\n        \"2015-11-01\",\r\n        \"2015-01-01\",\r\n        \"2014-04-01-preview\"\r\n      ]\r\n    },\r\n    {\r\n      \"resourceType\": \"subscriptions/resources\",\r\n      \"locations\": [],\r\n      \"apiVersions\": [\r\n        \"2018-09-01\",\r\n        \"2018-08-01\",\r\n        \"2018-07-01\",\r\n        \"2018-05-01\",\r\n        \"2018-02-01\",\r\n        \"2018-01-01\",\r\n        \"2017-08-01\",\r\n        \"2017-06-01\",\r\n        \"2017-05-10\",\r\n        \"2017-05-01\",\r\n        \"2017-03-01\",\r\n        \"2016-09-01\",\r\n        \"2016-07-01\",\r\n        \"2016-06-01\",\r\n        \"2016-02-01\",\r\n        \"2015-11-01\",\r\n        \"2015-01-01\",\r\n        \"2014-04-01-preview\"\r\n      ]\r\n    },\r\n    {\r\n      \"resourceType\": \"subscriptions/providers\",\r\n      \"locations\": [],\r\n      \"apiVersions\": [\r\n        \"2018-09-01\",\r\n        \"2018-08-01\",\r\n        \"2018-07-01\",\r\n        \"2018-05-01\",\r\n        \"2018-02-01\",\r\n        \"2018-01-01\",\r\n        \"2017-08-01\",\r\n        \"2017-06-01\",\r\n        \"2017-05-10\",\r\n        \"2017-05-01\",\r\n        \"2017-03-01\",\r\n        \"2016-09-01\",\r\n        \"2016-07-01\",\r\n        \"2016-06-01\",\r\n        \"2016-02-01\",\r\n        \"2015-11-01\",\r\n        \"2015-01-01\",\r\n        \"2014-04-01-preview\"\r\n      ]\r\n    },\r\n    {\r\n      \"resourceType\": \"subscriptions/operationresults\",\r\n      \"locations\": [],\r\n      \"apiVersions\": [\r\n        \"2018-09-01\",\r\n        \"2018-08-01\",\r\n        \"2018-07-01\",\r\n        \"2018-05-01\",\r\n        \"2018-02-01\",\r\n        \"2018-01-01\",\r\n        \"2017-08-01\",\r\n        \"2017-06-01\",\r\n        \"2017-05-10\",\r\n        \"2017-05-01\",\r\n        \"2017-03-01\",\r\n        \"2016-09-01\",\r\n        \"2016-07-01\",\r\n        \"2016-06-01\",\r\n        \"2016-02-01\",\r\n        \"2015-11-01\",\r\n        \"2015-01-01\",\r\n        \"2014-04-01-preview\"\r\n      ]\r\n    },\r\n    {\r\n      \"resourceType\": \"resourceGroups\",\r\n      \"locations\": [\r\n        \"Central US\",\r\n        \"East Asia\",\r\n        \"Southeast Asia\",\r\n        \"East US\",\r\n        \"East US 2\",\r\n        \"West US\",\r\n        \"West US 2\",\r\n        \"North Central US\",\r\n        \"South Central US\",\r\n        \"West Central US\",\r\n        \"North Europe\",\r\n        \"West Europe\",\r\n        \"Japan East\",\r\n        \"Japan West\",\r\n        \"Brazil South\",\r\n        \"Australia Southeast\",\r\n        \"Australia East\",\r\n        \"West India\",\r\n        \"South India\",\r\n        \"Central India\",\r\n        \"Canada Central\",\r\n        \"Canada East\",\r\n        \"UK South\",\r\n        \"UK West\",\r\n        \"Korea Central\",\r\n        \"Korea South\",\r\n        \"France Central\",\r\n        \"East US 2 EUAP\",\r\n        \"Central US EUAP\"\r\n      ],\r\n      \"apiVersions\": [\r\n        \"2018-09-01\",\r\n        \"2018-08-01\",\r\n        \"2018-07-01\",\r\n        \"2018-05-01\",\r\n        \"2018-02-01\",\r\n        \"2018-01-01\",\r\n        \"2017-08-01\",\r\n        \"2017-06-01\",\r\n        \"2017-05-10\",\r\n        \"2017-05-01\",\r\n        \"2017-03-01\",\r\n        \"2016-09-01\",\r\n        \"2016-07-01\",\r\n        \"2016-06-01\",\r\n        \"2016-02-01\",\r\n        \"2015-11-01\",\r\n        \"2015-01-01\",\r\n        \"2014-04-01-preview\"\r\n      ]\r\n    },\r\n    {\r\n      \"resourceType\": \"subscriptions/resourceGroups\",\r\n      \"locations\": [\r\n        \"Central US\",\r\n        \"East Asia\",\r\n        \"Southeast Asia\",\r\n        \"East US\",\r\n        \"East US 2\",\r\n        \"West US\",\r\n        \"West US 2\",\r\n        \"North Central US\",\r\n        \"South Central US\",\r\n        \"West Central US\",\r\n        \"North Europe\",\r\n        \"West Europe\",\r\n        \"Japan East\",\r\n        \"Japan West\",\r\n        \"Brazil South\",\r\n        \"Australia Southeast\",\r\n        \"Australia East\",\r\n        \"West India\",\r\n        \"South India\",\r\n        \"Central India\",\r\n        \"Canada Central\",\r\n        \"Canada East\",\r\n        \"UK South\",\r\n        \"UK West\",\r\n        \"Korea Central\",\r\n        \"Korea South\",\r\n        \"France Central\",\r\n        \"East US 2 EUAP\",\r\n        \"Central US EUAP\"\r\n      ],\r\n      \"apiVersions\": [\r\n        \"2018-09-01\",\r\n        \"2018-08-01\",\r\n        \"2018-07-01\",\r\n        \"2018-05-01\",\r\n        \"2018-02-01\",\r\n        \"2018-01-01\",\r\n        \"2017-08-01\",\r\n        \"2017-06-01\",\r\n        \"2017-05-10\",\r\n        \"2017-05-01\",\r\n        \"2017-03-01\",\r\n        \"2016-09-01\",\r\n        \"2016-07-01\",\r\n        \"2016-06-01\",\r\n        \"2016-02-01\",\r\n        \"2015-11-01\",\r\n        \"2015-01-01\",\r\n        \"2014-04-01-preview\"\r\n      ]\r\n    },\r\n    {\r\n      \"resourceType\": \"subscriptions/resourcegroups/resources\",\r\n      \"locations\": [],\r\n      \"apiVersions\": [\r\n        \"2018-09-01\",\r\n        \"2018-08-01\",\r\n        \"2018-07-01\",\r\n        \"2018-05-01\",\r\n        \"2018-02-01\",\r\n        \"2018-01-01\",\r\n        \"2017-08-01\",\r\n        \"2017-06-01\",\r\n        \"2017-05-10\",\r\n        \"2017-05-01\",\r\n        \"2017-03-01\",\r\n        \"2016-09-01\",\r\n        \"2016-07-01\",\r\n        \"2016-06-01\",\r\n        \"2016-02-01\",\r\n        \"2015-11-01\",\r\n        \"2015-01-01\",\r\n        \"2014-04-01-preview\"\r\n      ]\r\n    },\r\n    {\r\n      \"resourceType\": \"subscriptions/locations\",\r\n      \"locations\": [],\r\n      \"apiVersions\": [\r\n        \"2018-09-01\",\r\n        \"2018-08-01\",\r\n        \"2018-07-01\",\r\n        \"2018-05-01\",\r\n        \"2018-02-01\",\r\n        \"2018-01-01\",\r\n        \"2017-08-01\",\r\n        \"2017-06-01\",\r\n        \"2017-05-10\",\r\n        \"2017-05-01\",\r\n        \"2017-03-01\",\r\n        \"2016-09-01\",\r\n        \"2016-07-01\",\r\n        \"2016-06-01\",\r\n        \"2016-02-01\",\r\n        \"2015-11-01\",\r\n        \"2015-01-01\",\r\n        \"2014-04-01-preview\"\r\n      ]\r\n    },\r\n    {\r\n      \"resourceType\": \"subscriptions/tagnames\",\r\n      \"locations\": [],\r\n      \"apiVersions\": [\r\n        \"2018-09-01\",\r\n        \"2018-08-01\",\r\n        \"2018-07-01\",\r\n        \"2018-05-01\",\r\n        \"2018-02-01\",\r\n        \"2018-01-01\",\r\n        \"2017-08-01\",\r\n        \"2017-06-01\",\r\n        \"2017-05-10\",\r\n        \"2017-05-01\",\r\n        \"2017-03-01\",\r\n        \"2016-09-01\",\r\n        \"2016-07-01\",\r\n        \"2016-06-01\",\r\n        \"2016-02-01\",\r\n        \"2015-11-01\",\r\n        \"2015-01-01\",\r\n        \"2014-04-01-preview\"\r\n      ]\r\n    },\r\n    {\r\n      \"resourceType\": \"subscriptions/tagNames/tagValues\",\r\n      \"locations\": [],\r\n      \"apiVersions\": [\r\n        \"2018-09-01\",\r\n        \"2018-08-01\",\r\n        \"2018-07-01\",\r\n        \"2018-05-01\",\r\n        \"2018-02-01\",\r\n        \"2018-01-01\",\r\n        \"2017-08-01\",\r\n        \"2017-06-01\",\r\n        \"2017-05-10\",\r\n        \"2017-05-01\",\r\n        \"2017-03-01\",\r\n        \"2016-09-01\",\r\n        \"2016-07-01\",\r\n        \"2016-06-01\",\r\n        \"2016-02-01\",\r\n        \"2015-11-01\",\r\n        \"2015-01-01\",\r\n        \"2014-04-01-preview\"\r\n      ]\r\n    },\r\n    {\r\n      \"resourceType\": \"deployments\",\r\n      \"locations\": [],\r\n      \"apiVersions\": [\r\n        \"2018-09-01\",\r\n        \"2018-08-01\",\r\n        \"2018-07-01\",\r\n        \"2018-05-01\",\r\n        \"2018-02-01\",\r\n        \"2018-01-01\",\r\n        \"2017-08-01\",\r\n        \"2017-06-01\",\r\n        \"2017-05-10\",\r\n        \"2017-05-01\",\r\n        \"2017-03-01\",\r\n        \"2016-09-01\",\r\n        \"2016-07-01\",\r\n        \"2016-06-01\",\r\n        \"2016-02-01\",\r\n        \"2015-11-01\",\r\n        \"2015-01-01\",\r\n        \"2014-04-01-preview\"\r\n      ]\r\n    },\r\n    {\r\n      \"resourceType\": \"deployments/operations\",\r\n      \"locations\": [],\r\n      \"apiVersions\": [\r\n        \"2018-09-01\",\r\n        \"2018-08-01\",\r\n        \"2018-07-01\",\r\n        \"2018-05-01\",\r\n        \"2018-02-01\",\r\n        \"2018-01-01\",\r\n        \"2017-08-01\",\r\n        \"2017-06-01\",\r\n        \"2017-05-10\",\r\n        \"2017-05-01\",\r\n        \"2017-03-01\",\r\n        \"2016-09-01\",\r\n        \"2016-07-01\",\r\n        \"2016-06-01\",\r\n        \"2016-02-01\",\r\n        \"2015-11-01\",\r\n        \"2015-01-01\",\r\n        \"2014-04-01-preview\"\r\n      ]\r\n    },\r\n    {\r\n      \"resourceType\": \"links\",\r\n      \"locations\": [],\r\n      \"apiVersions\": [\r\n        \"2018-09-01\",\r\n        \"2018-08-01\",\r\n        \"2018-07-01\",\r\n        \"2018-05-01\",\r\n        \"2018-02-01\",\r\n        \"2018-01-01\",\r\n        \"2017-08-01\",\r\n        \"2017-06-01\",\r\n        \"2017-05-10\",\r\n        \"2017-05-01\",\r\n        \"2017-03-01\",\r\n        \"2016-09-01\",\r\n        \"2016-07-01\",\r\n        \"2016-06-01\",\r\n        \"2016-02-01\",\r\n        \"2015-11-01\",\r\n        \"2015-01-01\",\r\n        \"2014-04-01-preview\"\r\n      ]\r\n    },\r\n    {\r\n      \"resourceType\": \"operations\",\r\n      \"locations\": [],\r\n      \"apiVersions\": [\r\n        \"2015-01-01\"\r\n      ]\r\n    }\r\n  ],\r\n  \"registrationState\": \"Registered\"\r\n}",
      "StatusCode": 200
    },
    {
      "RequestUri": "/subscriptions/f34b22a3-2202-4fb1-b040-1332bd928c84/resourcegroups/RG-ps1781?api-version=2016-09-01",
      "EncodedRequestUri": "L3N1YnNjcmlwdGlvbnMvZjM0YjIyYTMtMjIwMi00ZmIxLWIwNDAtMTMzMmJkOTI4Yzg0L3Jlc291cmNlZ3JvdXBzL1JHLXBzMTc4MT9hcGktdmVyc2lvbj0yMDE2LTA5LTAx",
      "RequestMethod": "PUT",
      "RequestBody": "{\r\n  \"location\": \"West US\"\r\n}",
      "RequestHeaders": {
        "x-ms-client-request-id": [
          "65dce408-66b0-437a-9166-07dcf8e34c67"
        ],
        "accept-language": [
          "en-US"
        ],
        "User-Agent": [
          "FxVersion/4.7.3190.0",
          "OSName/Windows",
          "OSVersion/6.3.9600.0",
          "Microsoft.Azure.Management.Internal.Resources.ResourceManagementClient/4.1.0"
        ],
        "Content-Type": [
          "application/json; charset=utf-8"
        ],
        "Content-Length": [
          "29"
        ]
      },
      "ResponseHeaders": {
        "Pragma": [
          "no-cache"
        ],
        "x-ms-ratelimit-remaining-subscription-writes": [
          "1199"
        ],
        "x-ms-request-id": [
          "eca05bea-8673-49bd-8c70-8d97c800f8e0"
        ],
        "x-ms-correlation-request-id": [
          "eca05bea-8673-49bd-8c70-8d97c800f8e0"
        ],
        "x-ms-routing-request-id": [
          "WESTUS2:20181210T185430Z:eca05bea-8673-49bd-8c70-8d97c800f8e0"
        ],
        "Strict-Transport-Security": [
          "max-age=31536000; includeSubDomains"
        ],
        "X-Content-Type-Options": [
          "nosniff"
        ],
        "Cache-Control": [
          "no-cache"
        ],
        "Date": [
          "Mon, 10 Dec 2018 18:54:30 GMT"
        ],
        "Content-Length": [
          "171"
        ],
        "Content-Type": [
          "application/json; charset=utf-8"
        ],
        "Expires": [
          "-1"
        ]
      },
      "ResponseBody": "{\r\n  \"id\": \"/subscriptions/f34b22a3-2202-4fb1-b040-1332bd928c84/resourceGroups/RG-ps1781\",\r\n  \"name\": \"RG-ps1781\",\r\n  \"location\": \"westus\",\r\n  \"properties\": {\r\n    \"provisioningState\": \"Succeeded\"\r\n  }\r\n}",
      "StatusCode": 201
    },
    {
      "RequestUri": "/subscriptions/f34b22a3-2202-4fb1-b040-1332bd928c84/providers/Microsoft.Logic?api-version=2016-09-01",
      "EncodedRequestUri": "L3N1YnNjcmlwdGlvbnMvZjM0YjIyYTMtMjIwMi00ZmIxLWIwNDAtMTMzMmJkOTI4Yzg0L3Byb3ZpZGVycy9NaWNyb3NvZnQuTG9naWM/YXBpLXZlcnNpb249MjAxNi0wOS0wMQ==",
      "RequestMethod": "GET",
      "RequestBody": "",
      "RequestHeaders": {
        "x-ms-client-request-id": [
          "cbd796b3-c568-4a12-932d-411a8a984b8e"
        ],
        "accept-language": [
          "en-US"
        ],
        "User-Agent": [
          "FxVersion/4.7.3190.0",
          "OSName/Windows",
          "OSVersion/6.3.9600.0",
          "Microsoft.Azure.Management.Internal.Resources.ResourceManagementClient/4.1.0"
        ]
      },
      "ResponseHeaders": {
        "Pragma": [
          "no-cache"
        ],
        "x-ms-ratelimit-remaining-subscription-reads": [
          "11998"
        ],
        "x-ms-request-id": [
          "5cffd188-69a2-4f88-8e57-d17ec054536a"
        ],
        "x-ms-correlation-request-id": [
          "5cffd188-69a2-4f88-8e57-d17ec054536a"
        ],
        "x-ms-routing-request-id": [
          "WESTUS2:20181210T185430Z:5cffd188-69a2-4f88-8e57-d17ec054536a"
        ],
        "Strict-Transport-Security": [
          "max-age=31536000; includeSubDomains"
        ],
        "X-Content-Type-Options": [
          "nosniff"
        ],
        "Cache-Control": [
          "no-cache"
        ],
        "Date": [
          "Mon, 10 Dec 2018 18:54:30 GMT"
        ],
        "Content-Length": [
          "3710"
        ],
        "Content-Type": [
          "application/json; charset=utf-8"
        ],
        "Expires": [
          "-1"
        ]
      },
      "ResponseBody": "{\r\n  \"id\": \"/subscriptions/f34b22a3-2202-4fb1-b040-1332bd928c84/providers/Microsoft.Logic\",\r\n  \"namespace\": \"Microsoft.Logic\",\r\n  \"authorization\": {\r\n    \"applicationId\": \"7cd684f4-8a78-49b0-91ec-6a35d38739ba\",\r\n    \"roleDefinitionId\": \"cb3ef1fb-6e31-49e2-9d87-ed821053fe58\"\r\n  },\r\n  \"resourceTypes\": [\r\n    {\r\n      \"resourceType\": \"workflows\",\r\n      \"locations\": [\r\n        \"North Central US\",\r\n        \"Central US\",\r\n        \"South Central US\",\r\n        \"North Europe\",\r\n        \"West Europe\",\r\n        \"East Asia\",\r\n        \"Southeast Asia\",\r\n        \"West US\",\r\n        \"East US\",\r\n        \"East US 2\",\r\n        \"Japan West\",\r\n        \"Japan East\",\r\n        \"Australia East\",\r\n        \"Australia Southeast\",\r\n        \"South India\",\r\n        \"Central India\",\r\n        \"West India\",\r\n        \"Canada Central\",\r\n        \"Canada East\",\r\n        \"West US 2\",\r\n        \"West Central US\",\r\n        \"UK South\",\r\n        \"UK West\",\r\n        \"Brazil South\",\r\n        \"Central US EUAP\",\r\n        \"East US 2 EUAP\"\r\n      ],\r\n      \"apiVersions\": [\r\n        \"2018-07-01-preview\",\r\n        \"2017-07-01\",\r\n        \"2016-10-01\",\r\n        \"2016-06-01\",\r\n        \"2015-08-01-preview\",\r\n        \"2015-02-01-preview\"\r\n      ],\r\n      \"capabilities\": \"CrossResourceGroupResourceMove, CrossSubscriptionResourceMove, SystemAssignedResourceIdentity\"\r\n    },\r\n    {\r\n      \"resourceType\": \"locations/workflows\",\r\n      \"locations\": [\r\n        \"North Central US\",\r\n        \"Central US\",\r\n        \"South Central US\",\r\n        \"North Europe\",\r\n        \"West Europe\",\r\n        \"East Asia\",\r\n        \"Southeast Asia\",\r\n        \"West US\",\r\n        \"East US\",\r\n        \"East US 2\",\r\n        \"Japan West\",\r\n        \"Japan East\",\r\n        \"Australia East\",\r\n        \"Australia Southeast\",\r\n        \"South India\",\r\n        \"Central India\",\r\n        \"West India\",\r\n        \"Canada Central\",\r\n        \"Canada East\",\r\n        \"West US 2\",\r\n        \"West Central US\",\r\n        \"UK South\",\r\n        \"UK West\",\r\n        \"Brazil South\",\r\n        \"Central US EUAP\",\r\n        \"East US 2 EUAP\"\r\n      ],\r\n      \"apiVersions\": [\r\n        \"2018-07-01-preview\",\r\n        \"2017-07-01\",\r\n        \"2016-10-01\",\r\n        \"2016-06-01\",\r\n        \"2015-08-01-preview\",\r\n        \"2015-02-01-preview\"\r\n      ]\r\n    },\r\n    {\r\n      \"resourceType\": \"locations\",\r\n      \"locations\": [\r\n        \"North Central US\"\r\n      ],\r\n      \"apiVersions\": [\r\n        \"2018-07-01-preview\",\r\n        \"2017-07-01\",\r\n        \"2016-10-01\",\r\n        \"2016-06-01\",\r\n        \"2015-08-01-preview\",\r\n        \"2015-02-01-preview\"\r\n      ]\r\n    },\r\n    {\r\n      \"resourceType\": \"operations\",\r\n      \"locations\": [\r\n        \"North Central US\",\r\n        \"Central US\",\r\n        \"South Central US\",\r\n        \"North Europe\",\r\n        \"West Europe\",\r\n        \"East Asia\",\r\n        \"Southeast Asia\",\r\n        \"West US\",\r\n        \"East US\",\r\n        \"East US 2\",\r\n        \"Japan West\",\r\n        \"Japan East\",\r\n        \"Brazil South\",\r\n        \"Australia East\",\r\n        \"Australia Southeast\",\r\n        \"South India\",\r\n        \"Central India\",\r\n        \"West India\",\r\n        \"Canada Central\",\r\n        \"Canada East\",\r\n        \"West US 2\",\r\n        \"West Central US\",\r\n        \"UK South\",\r\n        \"UK West\"\r\n      ],\r\n      \"apiVersions\": [\r\n        \"2018-07-01-preview\",\r\n        \"2017-07-01\",\r\n        \"2016-10-01\",\r\n        \"2016-06-01\",\r\n        \"2015-08-01-preview\",\r\n        \"2015-02-01-preview\"\r\n      ]\r\n    },\r\n    {\r\n      \"resourceType\": \"integrationAccounts\",\r\n      \"locations\": [\r\n        \"North Central US\",\r\n        \"Central US\",\r\n        \"South Central US\",\r\n        \"North Europe\",\r\n        \"West Europe\",\r\n        \"East Asia\",\r\n        \"Southeast Asia\",\r\n        \"West US\",\r\n        \"East US\",\r\n        \"East US 2\",\r\n        \"Japan West\",\r\n        \"Japan East\",\r\n        \"Australia East\",\r\n        \"Australia Southeast\",\r\n        \"South India\",\r\n        \"Central India\",\r\n        \"West India\",\r\n        \"Canada Central\",\r\n        \"Canada East\",\r\n        \"West US 2\",\r\n        \"West Central US\",\r\n        \"UK South\",\r\n        \"UK West\",\r\n        \"Brazil South\",\r\n        \"Central US EUAP\",\r\n        \"East US 2 EUAP\"\r\n      ],\r\n      \"apiVersions\": [\r\n        \"2018-07-01-preview\",\r\n        \"2016-06-01\",\r\n        \"2015-08-01-preview\"\r\n      ],\r\n      \"capabilities\": \"CrossResourceGroupResourceMove, CrossSubscriptionResourceMove\"\r\n    },\r\n    {\r\n      \"resourceType\": \"hostingEnvironments\",\r\n      \"locations\": [\r\n        \"Brazil South\",\r\n        \"Central US EUAP\",\r\n        \"East US 2 EUAP\"\r\n      ],\r\n      \"apiVersions\": [\r\n        \"2018-04-01-privatepreview\"\r\n      ],\r\n      \"capabilities\": \"CrossResourceGroupResourceMove, CrossSubscriptionResourceMove\"\r\n    },\r\n    {\r\n      \"resourceType\": \"isolatedEnvironments\",\r\n      \"locations\": [\r\n        \"Brazil South\",\r\n        \"Central US EUAP\",\r\n        \"East US 2 EUAP\"\r\n      ],\r\n      \"apiVersions\": [\r\n        \"2018-07-01-preview\",\r\n        \"2018-03-01-preview\"\r\n      ],\r\n      \"capabilities\": \"None\"\r\n    },\r\n    {\r\n      \"resourceType\": \"integrationServiceEnvironments\",\r\n      \"locations\": [\r\n        \"North Central US\",\r\n        \"Central US\",\r\n        \"South Central US\",\r\n        \"North Europe\",\r\n        \"West Europe\",\r\n        \"East Asia\",\r\n        \"Southeast Asia\",\r\n        \"West US\",\r\n        \"East US\",\r\n        \"East US 2\",\r\n        \"Japan West\",\r\n        \"Japan East\",\r\n        \"Brazil South\",\r\n        \"Central US EUAP\",\r\n        \"East US 2 EUAP\",\r\n        \"Australia East\",\r\n        \"Australia Southeast\",\r\n        \"South India\",\r\n        \"Central India\",\r\n        \"West India\",\r\n        \"Canada Central\",\r\n        \"Canada East\",\r\n        \"West US 2\",\r\n        \"West Central US\",\r\n        \"UK South\",\r\n        \"UK West\"\r\n      ],\r\n      \"apiVersions\": [\r\n        \"2018-07-01-preview\",\r\n        \"2018-03-01-preview\"\r\n      ],\r\n      \"capabilities\": \"None\"\r\n    }\r\n  ],\r\n  \"registrationState\": \"Registered\"\r\n}",
      "StatusCode": 200
    },
    {
      "RequestUri": "/subscriptions/f34b22a3-2202-4fb1-b040-1332bd928c84/resourceGroups/RG-ps1781/providers/Microsoft.Logic/integrationAccounts/IA-ps5324?api-version=2018-07-01-preview",
      "EncodedRequestUri": "L3N1YnNjcmlwdGlvbnMvZjM0YjIyYTMtMjIwMi00ZmIxLWIwNDAtMTMzMmJkOTI4Yzg0L3Jlc291cmNlR3JvdXBzL1JHLXBzMTc4MS9wcm92aWRlcnMvTWljcm9zb2Z0LkxvZ2ljL2ludGVncmF0aW9uQWNjb3VudHMvSUEtcHM1MzI0P2FwaS12ZXJzaW9uPTIwMTgtMDctMDEtcHJldmlldw==",
      "RequestMethod": "GET",
      "RequestBody": "",
      "RequestHeaders": {
        "x-ms-client-request-id": [
          "8b0bccc2-cdc1-425f-91f4-e071819beb6f"
        ],
        "accept-language": [
          "en-US"
        ],
        "User-Agent": [
          "FxVersion/4.7.3190.0",
          "OSName/Windows",
          "OSVersion/6.3.9600.0",
          "Microsoft.Azure.Management.Logic.LogicManagementClient/4.0.0.0"
        ]
      },
      "ResponseHeaders": {
        "Pragma": [
          "no-cache"
        ],
        "x-ms-failure-cause": [
          "gateway"
        ],
        "x-ms-request-id": [
          "ee624b0c-4aaf-4027-9f94-ff7ccbd78d9a"
        ],
        "x-ms-correlation-request-id": [
          "ee624b0c-4aaf-4027-9f94-ff7ccbd78d9a"
        ],
        "x-ms-routing-request-id": [
          "WESTUS2:20181210T185430Z:ee624b0c-4aaf-4027-9f94-ff7ccbd78d9a"
        ],
        "Strict-Transport-Security": [
          "max-age=31536000; includeSubDomains"
        ],
        "X-Content-Type-Options": [
          "nosniff"
        ],
        "Cache-Control": [
          "no-cache"
        ],
        "Date": [
          "Mon, 10 Dec 2018 18:54:30 GMT"
        ],
        "Content-Length": [
          "158"
        ],
        "Content-Type": [
          "application/json; charset=utf-8"
        ],
        "Expires": [
          "-1"
        ]
      },
      "ResponseBody": "{\r\n  \"error\": {\r\n    \"code\": \"ResourceNotFound\",\r\n    \"message\": \"The Resource 'Microsoft.Logic/integrationAccounts/IA-ps5324' under resource group 'RG-ps1781' was not found.\"\r\n  }\r\n}",
      "StatusCode": 404
    },
    {
      "RequestUri": "/subscriptions/f34b22a3-2202-4fb1-b040-1332bd928c84/resourceGroups/RG-ps1781/providers/Microsoft.Logic/integrationAccounts/IA-ps5324?api-version=2018-07-01-preview",
      "EncodedRequestUri": "L3N1YnNjcmlwdGlvbnMvZjM0YjIyYTMtMjIwMi00ZmIxLWIwNDAtMTMzMmJkOTI4Yzg0L3Jlc291cmNlR3JvdXBzL1JHLXBzMTc4MS9wcm92aWRlcnMvTWljcm9zb2Z0LkxvZ2ljL2ludGVncmF0aW9uQWNjb3VudHMvSUEtcHM1MzI0P2FwaS12ZXJzaW9uPTIwMTgtMDctMDEtcHJldmlldw==",
      "RequestMethod": "GET",
      "RequestBody": "",
      "RequestHeaders": {
        "x-ms-client-request-id": [
          "3f7e81e8-207f-4221-88b9-23d1916c8681"
        ],
        "accept-language": [
          "en-US"
        ],
        "User-Agent": [
          "FxVersion/4.7.3190.0",
          "OSName/Windows",
          "OSVersion/6.3.9600.0",
          "Microsoft.Azure.Management.Logic.LogicManagementClient/4.0.0.0"
        ]
      },
      "ResponseHeaders": {
        "Pragma": [
          "no-cache"
        ],
        "Vary": [
          "Accept-Encoding"
        ],
        "x-ms-request-id": [
          "westus:76fdaecf-e874-4bdf-9227-8e01627386cb"
        ],
        "Strict-Transport-Security": [
          "max-age=31536000; includeSubDomains"
        ],
        "x-ms-ratelimit-remaining-subscription-reads": [
          "11987"
        ],
        "x-ms-correlation-request-id": [
          "aad6e012-a7bf-41f4-97e7-7e6457361b20"
        ],
        "x-ms-routing-request-id": [
          "WESTUS2:20181210T185431Z:aad6e012-a7bf-41f4-97e7-7e6457361b20"
        ],
        "X-Content-Type-Options": [
          "nosniff"
        ],
        "Cache-Control": [
          "no-cache"
        ],
        "Date": [
          "Mon, 10 Dec 2018 18:54:31 GMT"
        ],
        "Content-Length": [
          "285"
        ],
        "Content-Type": [
          "application/json; charset=utf-8"
        ],
        "Expires": [
          "-1"
        ]
      },
      "ResponseBody": "{\r\n  \"properties\": {\r\n    \"state\": \"Enabled\"\r\n  },\r\n  \"sku\": {\r\n    \"name\": \"Standard\"\r\n  },\r\n  \"id\": \"/subscriptions/f34b22a3-2202-4fb1-b040-1332bd928c84/resourceGroups/RG-ps1781/providers/Microsoft.Logic/integrationAccounts/IA-ps5324\",\r\n  \"name\": \"IA-ps5324\",\r\n  \"type\": \"Microsoft.Logic/integrationAccounts\",\r\n  \"location\": \"West US\"\r\n}",
      "StatusCode": 200
    },
    {
      "RequestUri": "/subscriptions/f34b22a3-2202-4fb1-b040-1332bd928c84/resourceGroups/RG-ps1781/providers/Microsoft.Logic/integrationAccounts/IA-ps5324?api-version=2018-07-01-preview",
      "EncodedRequestUri": "L3N1YnNjcmlwdGlvbnMvZjM0YjIyYTMtMjIwMi00ZmIxLWIwNDAtMTMzMmJkOTI4Yzg0L3Jlc291cmNlR3JvdXBzL1JHLXBzMTc4MS9wcm92aWRlcnMvTWljcm9zb2Z0LkxvZ2ljL2ludGVncmF0aW9uQWNjb3VudHMvSUEtcHM1MzI0P2FwaS12ZXJzaW9uPTIwMTgtMDctMDEtcHJldmlldw==",
      "RequestMethod": "GET",
      "RequestBody": "",
      "RequestHeaders": {
        "x-ms-client-request-id": [
          "5afc8ee7-8232-4547-9763-91bfe40e8f03"
        ],
        "accept-language": [
          "en-US"
        ],
        "User-Agent": [
          "FxVersion/4.7.3190.0",
          "OSName/Windows",
          "OSVersion/6.3.9600.0",
          "Microsoft.Azure.Management.Logic.LogicManagementClient/4.0.0.0"
        ]
      },
      "ResponseHeaders": {
        "Pragma": [
          "no-cache"
        ],
        "Vary": [
          "Accept-Encoding"
        ],
        "x-ms-request-id": [
          "westus:165729ac-5e0b-4142-887f-ec3793cfa554"
        ],
        "Strict-Transport-Security": [
          "max-age=31536000; includeSubDomains"
        ],
        "x-ms-ratelimit-remaining-subscription-reads": [
          "11985"
        ],
        "x-ms-correlation-request-id": [
          "6fce5653-efce-4890-ba13-5dd3dbbfec47"
        ],
        "x-ms-routing-request-id": [
          "WESTUS2:20181210T185431Z:6fce5653-efce-4890-ba13-5dd3dbbfec47"
        ],
        "X-Content-Type-Options": [
          "nosniff"
        ],
        "Cache-Control": [
          "no-cache"
        ],
        "Date": [
          "Mon, 10 Dec 2018 18:54:31 GMT"
        ],
        "Content-Length": [
          "285"
        ],
        "Content-Type": [
          "application/json; charset=utf-8"
        ],
        "Expires": [
          "-1"
        ]
      },
      "ResponseBody": "{\r\n  \"properties\": {\r\n    \"state\": \"Enabled\"\r\n  },\r\n  \"sku\": {\r\n    \"name\": \"Standard\"\r\n  },\r\n  \"id\": \"/subscriptions/f34b22a3-2202-4fb1-b040-1332bd928c84/resourceGroups/RG-ps1781/providers/Microsoft.Logic/integrationAccounts/IA-ps5324\",\r\n  \"name\": \"IA-ps5324\",\r\n  \"type\": \"Microsoft.Logic/integrationAccounts\",\r\n  \"location\": \"West US\"\r\n}",
      "StatusCode": 200
    },
    {
      "RequestUri": "/subscriptions/f34b22a3-2202-4fb1-b040-1332bd928c84/resourceGroups/RG-ps1781/providers/Microsoft.Logic/integrationAccounts/IA-ps5324?api-version=2018-07-01-preview",
      "EncodedRequestUri": "L3N1YnNjcmlwdGlvbnMvZjM0YjIyYTMtMjIwMi00ZmIxLWIwNDAtMTMzMmJkOTI4Yzg0L3Jlc291cmNlR3JvdXBzL1JHLXBzMTc4MS9wcm92aWRlcnMvTWljcm9zb2Z0LkxvZ2ljL2ludGVncmF0aW9uQWNjb3VudHMvSUEtcHM1MzI0P2FwaS12ZXJzaW9uPTIwMTgtMDctMDEtcHJldmlldw==",
      "RequestMethod": "PUT",
      "RequestBody": "{\r\n  \"properties\": {},\r\n  \"sku\": {\r\n    \"name\": \"Standard\"\r\n  },\r\n  \"location\": \"West US\"\r\n}",
      "RequestHeaders": {
        "x-ms-client-request-id": [
          "4af6a5a4-52f0-46aa-b96b-be3c64720bfe"
        ],
        "accept-language": [
          "en-US"
        ],
        "User-Agent": [
          "FxVersion/4.7.3190.0",
          "OSName/Windows",
          "OSVersion/6.3.9600.0",
          "Microsoft.Azure.Management.Logic.LogicManagementClient/4.0.0.0"
        ],
        "Content-Type": [
          "application/json; charset=utf-8"
        ],
        "Content-Length": [
          "92"
        ]
      },
      "ResponseHeaders": {
        "Pragma": [
          "no-cache"
        ],
        "x-ms-request-id": [
          "westus:c522e3a7-ee97-437f-9a6e-26784aa6ccc8"
        ],
        "Strict-Transport-Security": [
          "max-age=31536000; includeSubDomains"
        ],
        "x-ms-ratelimit-remaining-subscription-writes": [
          "1193"
        ],
        "x-ms-correlation-request-id": [
          "3baf7815-e28c-49fc-bf4f-22906dd5cce9"
        ],
        "x-ms-routing-request-id": [
          "WESTUS2:20181210T185431Z:3baf7815-e28c-49fc-bf4f-22906dd5cce9"
        ],
        "X-Content-Type-Options": [
          "nosniff"
        ],
        "Cache-Control": [
          "no-cache"
        ],
        "Date": [
          "Mon, 10 Dec 2018 18:54:31 GMT"
        ],
        "Content-Length": [
          "285"
        ],
        "Content-Type": [
          "application/json; charset=utf-8"
        ],
        "Expires": [
          "-1"
        ]
      },
      "ResponseBody": "{\r\n  \"properties\": {\r\n    \"state\": \"Enabled\"\r\n  },\r\n  \"sku\": {\r\n    \"name\": \"Standard\"\r\n  },\r\n  \"id\": \"/subscriptions/f34b22a3-2202-4fb1-b040-1332bd928c84/resourceGroups/RG-ps1781/providers/Microsoft.Logic/integrationAccounts/IA-ps5324\",\r\n  \"name\": \"IA-ps5324\",\r\n  \"type\": \"Microsoft.Logic/integrationAccounts\",\r\n  \"location\": \"West US\"\r\n}",
      "StatusCode": 201
    },
    {
      "RequestUri": "/subscriptions/f34b22a3-2202-4fb1-b040-1332bd928c84/resourceGroups/RG-ps1781/providers/Microsoft.Logic/integrationAccounts/IA-ps5324/partners/ps710?api-version=2018-07-01-preview",
      "EncodedRequestUri": "L3N1YnNjcmlwdGlvbnMvZjM0YjIyYTMtMjIwMi00ZmIxLWIwNDAtMTMzMmJkOTI4Yzg0L3Jlc291cmNlR3JvdXBzL1JHLXBzMTc4MS9wcm92aWRlcnMvTWljcm9zb2Z0LkxvZ2ljL2ludGVncmF0aW9uQWNjb3VudHMvSUEtcHM1MzI0L3BhcnRuZXJzL3BzNzEwP2FwaS12ZXJzaW9uPTIwMTgtMDctMDEtcHJldmlldw==",
      "RequestMethod": "GET",
      "RequestBody": "",
      "RequestHeaders": {
        "x-ms-client-request-id": [
          "de583912-f081-4832-99dd-d261d912e593"
        ],
        "accept-language": [
          "en-US"
        ],
        "User-Agent": [
          "FxVersion/4.7.3190.0",
          "OSName/Windows",
          "OSVersion/6.3.9600.0",
          "Microsoft.Azure.Management.Logic.LogicManagementClient/4.0.0.0"
        ]
      },
      "ResponseHeaders": {
        "Pragma": [
          "no-cache"
        ],
        "x-ms-request-id": [
          "westus:84762a1c-81c2-408d-abeb-736b520ee552"
        ],
        "Strict-Transport-Security": [
          "max-age=31536000; includeSubDomains"
        ],
        "x-ms-ratelimit-remaining-subscription-reads": [
          "11986"
        ],
        "x-ms-correlation-request-id": [
          "dba76906-1396-4462-8081-636d5f86ec4a"
        ],
        "x-ms-routing-request-id": [
          "WESTUS2:20181210T185431Z:dba76906-1396-4462-8081-636d5f86ec4a"
        ],
        "X-Content-Type-Options": [
          "nosniff"
        ],
        "Cache-Control": [
          "no-cache"
        ],
        "Date": [
          "Mon, 10 Dec 2018 18:54:31 GMT"
        ],
        "Content-Length": [
          "123"
        ],
        "Content-Type": [
          "application/json; charset=utf-8"
        ],
        "Expires": [
          "-1"
        ]
      },
      "ResponseBody": "{\r\n  \"error\": {\r\n    \"code\": \"PartnerNotFound\",\r\n    \"message\": \"The partner 'ps710' could not be found in integration account 'IA-ps5324'.\"\r\n  }\r\n}",
      "StatusCode": 404
    },
    {
      "RequestUri": "/subscriptions/f34b22a3-2202-4fb1-b040-1332bd928c84/resourceGroups/RG-ps1781/providers/Microsoft.Logic/integrationAccounts/IA-ps5324/partners/ps710?api-version=2018-07-01-preview",
      "EncodedRequestUri": "L3N1YnNjcmlwdGlvbnMvZjM0YjIyYTMtMjIwMi00ZmIxLWIwNDAtMTMzMmJkOTI4Yzg0L3Jlc291cmNlR3JvdXBzL1JHLXBzMTc4MS9wcm92aWRlcnMvTWljcm9zb2Z0LkxvZ2ljL2ludGVncmF0aW9uQWNjb3VudHMvSUEtcHM1MzI0L3BhcnRuZXJzL3BzNzEwP2FwaS12ZXJzaW9uPTIwMTgtMDctMDEtcHJldmlldw==",
      "RequestMethod": "GET",
      "RequestBody": "",
      "RequestHeaders": {
        "x-ms-client-request-id": [
          "636bcfb9-8a91-43af-b919-87456db4f455"
        ],
        "accept-language": [
          "en-US"
        ],
        "User-Agent": [
          "FxVersion/4.7.3190.0",
          "OSName/Windows",
          "OSVersion/6.3.9600.0",
          "Microsoft.Azure.Management.Logic.LogicManagementClient/4.0.0.0"
        ]
      },
      "ResponseHeaders": {
        "Pragma": [
          "no-cache"
        ],
        "Vary": [
          "Accept-Encoding"
        ],
        "x-ms-request-id": [
          "westus:8113b4c8-2238-46ac-acdb-e379a3643be5"
        ],
        "Strict-Transport-Security": [
          "max-age=31536000; includeSubDomains"
        ],
        "x-ms-ratelimit-remaining-subscription-reads": [
          "11984"
        ],
        "x-ms-correlation-request-id": [
          "3b1d5685-0ff1-432c-80a5-70d73068f3c5"
        ],
        "x-ms-routing-request-id": [
          "WESTUS2:20181210T185431Z:3b1d5685-0ff1-432c-80a5-70d73068f3c5"
        ],
        "X-Content-Type-Options": [
          "nosniff"
        ],
        "Cache-Control": [
          "no-cache"
        ],
        "Date": [
          "Mon, 10 Dec 2018 18:54:31 GMT"
        ],
        "Content-Length": [
          "457"
        ],
        "Content-Type": [
          "application/json; charset=utf-8"
        ],
        "Expires": [
          "-1"
        ]
      },
      "ResponseBody": "{\r\n  \"properties\": {\r\n    \"partnerType\": \"B2B\",\r\n    \"content\": {\r\n      \"b2b\": {\r\n        \"businessIdentities\": [\r\n          {\r\n            \"qualifier\": \"ZZ\",\r\n            \"value\": \"AA\"\r\n          },\r\n          {\r\n            \"qualifier\": \"SS\",\r\n            \"value\": \"FF\"\r\n          }\r\n        ]\r\n      }\r\n    },\r\n    \"createdTime\": \"2018-12-10T18:54:31.7363335Z\",\r\n    \"changedTime\": \"2018-12-10T18:54:31.7370901Z\"\r\n  },\r\n  \"id\": \"/subscriptions/f34b22a3-2202-4fb1-b040-1332bd928c84/resourceGroups/RG-ps1781/providers/Microsoft.Logic/integrationAccounts/IA-ps5324/partners/ps710\",\r\n  \"name\": \"ps710\",\r\n  \"type\": \"Microsoft.Logic/integrationAccounts/partners\"\r\n}",
      "StatusCode": 200
    },
    {
      "RequestUri": "/subscriptions/f34b22a3-2202-4fb1-b040-1332bd928c84/resourceGroups/RG-ps1781/providers/Microsoft.Logic/integrationAccounts/IA-ps5324/partners/ps710?api-version=2018-07-01-preview",
      "EncodedRequestUri": "L3N1YnNjcmlwdGlvbnMvZjM0YjIyYTMtMjIwMi00ZmIxLWIwNDAtMTMzMmJkOTI4Yzg0L3Jlc291cmNlR3JvdXBzL1JHLXBzMTc4MS9wcm92aWRlcnMvTWljcm9zb2Z0LkxvZ2ljL2ludGVncmF0aW9uQWNjb3VudHMvSUEtcHM1MzI0L3BhcnRuZXJzL3BzNzEwP2FwaS12ZXJzaW9uPTIwMTgtMDctMDEtcHJldmlldw==",
      "RequestMethod": "PUT",
      "RequestBody": "{\r\n  \"properties\": {\r\n    \"partnerType\": \"B2B\",\r\n    \"content\": {\r\n      \"b2b\": {\r\n        \"businessIdentities\": [\r\n          {\r\n            \"qualifier\": \"ZZ\",\r\n            \"value\": \"AA\"\r\n          },\r\n          {\r\n            \"qualifier\": \"SS\",\r\n            \"value\": \"FF\"\r\n          }\r\n        ]\r\n      }\r\n    }\r\n  }\r\n}",
      "RequestHeaders": {
        "x-ms-client-request-id": [
          "695d230c-3886-475d-88e3-b8a63b1e10c1"
        ],
        "accept-language": [
          "en-US"
        ],
        "User-Agent": [
          "FxVersion/4.7.3190.0",
          "OSName/Windows",
          "OSVersion/6.3.9600.0",
          "Microsoft.Azure.Management.Logic.LogicManagementClient/4.0.0.0"
        ],
        "Content-Type": [
          "application/json; charset=utf-8"
        ],
        "Content-Length": [
          "320"
        ]
      },
      "ResponseHeaders": {
        "Pragma": [
          "no-cache"
        ],
        "x-ms-request-id": [
          "westus:251cf3ac-4db4-4cde-a59c-aa1e883ac83e"
        ],
        "Strict-Transport-Security": [
          "max-age=31536000; includeSubDomains"
        ],
        "x-ms-ratelimit-remaining-subscription-writes": [
          "1192"
        ],
        "x-ms-correlation-request-id": [
          "95288030-a645-4b28-9bd9-7101bf2c678c"
        ],
        "x-ms-routing-request-id": [
          "WESTUS2:20181210T185431Z:95288030-a645-4b28-9bd9-7101bf2c678c"
        ],
        "X-Content-Type-Options": [
          "nosniff"
        ],
        "Cache-Control": [
          "no-cache"
        ],
        "Date": [
          "Mon, 10 Dec 2018 18:54:31 GMT"
        ],
        "Content-Length": [
          "457"
        ],
        "Content-Type": [
          "application/json; charset=utf-8"
        ],
        "Expires": [
          "-1"
        ]
      },
      "ResponseBody": "{\r\n  \"properties\": {\r\n    \"partnerType\": \"B2B\",\r\n    \"content\": {\r\n      \"b2b\": {\r\n        \"businessIdentities\": [\r\n          {\r\n            \"qualifier\": \"ZZ\",\r\n            \"value\": \"AA\"\r\n          },\r\n          {\r\n            \"qualifier\": \"SS\",\r\n            \"value\": \"FF\"\r\n          }\r\n        ]\r\n      }\r\n    },\r\n    \"createdTime\": \"2018-12-10T18:54:31.7363335Z\",\r\n    \"changedTime\": \"2018-12-10T18:54:31.7370901Z\"\r\n  },\r\n  \"id\": \"/subscriptions/f34b22a3-2202-4fb1-b040-1332bd928c84/resourceGroups/RG-ps1781/providers/Microsoft.Logic/integrationAccounts/IA-ps5324/partners/ps710\",\r\n  \"name\": \"ps710\",\r\n  \"type\": \"Microsoft.Logic/integrationAccounts/partners\"\r\n}",
      "StatusCode": 201
    },
    {
      "RequestUri": "/subscriptions/f34b22a3-2202-4fb1-b040-1332bd928c84/resourceGroups/RG-ps1781/providers/Microsoft.Logic/integrationAccounts/IA-ps5324/partners/ps710?api-version=2018-07-01-preview",
      "EncodedRequestUri": "L3N1YnNjcmlwdGlvbnMvZjM0YjIyYTMtMjIwMi00ZmIxLWIwNDAtMTMzMmJkOTI4Yzg0L3Jlc291cmNlR3JvdXBzL1JHLXBzMTc4MS9wcm92aWRlcnMvTWljcm9zb2Z0LkxvZ2ljL2ludGVncmF0aW9uQWNjb3VudHMvSUEtcHM1MzI0L3BhcnRuZXJzL3BzNzEwP2FwaS12ZXJzaW9uPTIwMTgtMDctMDEtcHJldmlldw==",
      "RequestMethod": "PUT",
      "RequestBody": "{\r\n  \"properties\": {\r\n    \"partnerType\": \"B2B\",\r\n    \"content\": {\r\n      \"b2b\": {\r\n        \"businessIdentities\": [\r\n          {\r\n            \"qualifier\": \"CC\",\r\n            \"value\": \"VV\"\r\n          }\r\n        ]\r\n      }\r\n    }\r\n  }\r\n}",
      "RequestHeaders": {
        "x-ms-client-request-id": [
          "50256f5d-4602-41d8-9727-f9ac8448377f"
        ],
        "accept-language": [
          "en-US"
        ],
        "User-Agent": [
          "FxVersion/4.7.3190.0",
          "OSName/Windows",
          "OSVersion/6.3.9600.0",
          "Microsoft.Azure.Management.Logic.LogicManagementClient/4.0.0.0"
        ],
        "Content-Type": [
          "application/json; charset=utf-8"
        ],
        "Content-Length": [
          "234"
        ]
      },
      "ResponseHeaders": {
        "Pragma": [
          "no-cache"
        ],
        "Vary": [
          "Accept-Encoding"
        ],
        "x-ms-request-id": [
          "westus:43e6e1d0-3287-4db3-aee9-cdf639eb7e62"
        ],
        "Strict-Transport-Security": [
          "max-age=31536000; includeSubDomains"
        ],
        "x-ms-ratelimit-remaining-subscription-writes": [
          "1191"
        ],
        "x-ms-correlation-request-id": [
          "7d88d6b7-89a2-41b9-9f75-c6bada3b2405"
        ],
        "x-ms-routing-request-id": [
          "WESTUS2:20181210T185432Z:7d88d6b7-89a2-41b9-9f75-c6bada3b2405"
        ],
        "X-Content-Type-Options": [
          "nosniff"
        ],
        "Cache-Control": [
          "no-cache"
        ],
        "Date": [
          "Mon, 10 Dec 2018 18:54:31 GMT"
        ],
        "Content-Length": [
          "425"
        ],
        "Content-Type": [
          "application/json; charset=utf-8"
        ],
        "Expires": [
          "-1"
        ]
      },
      "ResponseBody": "{\r\n  \"properties\": {\r\n    \"partnerType\": \"B2B\",\r\n    \"content\": {\r\n      \"b2b\": {\r\n        \"businessIdentities\": [\r\n          {\r\n            \"qualifier\": \"CC\",\r\n            \"value\": \"VV\"\r\n          }\r\n        ]\r\n      }\r\n    },\r\n    \"createdTime\": \"2018-12-10T18:54:31.7363335Z\",\r\n    \"changedTime\": \"2018-12-10T18:54:32.0469236Z\"\r\n  },\r\n  \"id\": \"/subscriptions/f34b22a3-2202-4fb1-b040-1332bd928c84/resourceGroups/RG-ps1781/providers/Microsoft.Logic/integrationAccounts/IA-ps5324/partners/ps710\",\r\n  \"name\": \"ps710\",\r\n  \"type\": \"Microsoft.Logic/integrationAccounts/partners\"\r\n}",
      "StatusCode": 200
    },
    {
      "RequestUri": "/subscriptions/f34b22a3-2202-4fb1-b040-1332bd928c84/resourceGroups/RG-ps1781/providers/Microsoft.Logic/integrationAccounts/IA-ps5324?api-version=2018-07-01-preview",
      "EncodedRequestUri": "L3N1YnNjcmlwdGlvbnMvZjM0YjIyYTMtMjIwMi00ZmIxLWIwNDAtMTMzMmJkOTI4Yzg0L3Jlc291cmNlR3JvdXBzL1JHLXBzMTc4MS9wcm92aWRlcnMvTWljcm9zb2Z0LkxvZ2ljL2ludGVncmF0aW9uQWNjb3VudHMvSUEtcHM1MzI0P2FwaS12ZXJzaW9uPTIwMTgtMDctMDEtcHJldmlldw==",
      "RequestMethod": "DELETE",
      "RequestBody": "",
      "RequestHeaders": {
        "x-ms-client-request-id": [
          "ad33be49-2a51-45d6-ac73-1f648f7c60a9"
        ],
        "accept-language": [
          "en-US"
        ],
        "User-Agent": [
          "FxVersion/4.7.3190.0",
          "OSName/Windows",
          "OSVersion/6.3.9600.0",
          "Microsoft.Azure.Management.Logic.LogicManagementClient/4.0.0.0"
        ]
      },
      "ResponseHeaders": {
        "Pragma": [
          "no-cache"
        ],
        "x-ms-request-id": [
          "westus:ecf16e92-dd27-4cbf-8318-4ff6ccdd5563"
        ],
        "Strict-Transport-Security": [
          "max-age=31536000; includeSubDomains"
        ],
        "x-ms-ratelimit-remaining-subscription-deletes": [
          "14996"
        ],
        "x-ms-correlation-request-id": [
          "cc4ec958-0872-40e9-bcd6-c691fc45bad6"
        ],
        "x-ms-routing-request-id": [
          "WESTUS2:20181210T185432Z:cc4ec958-0872-40e9-bcd6-c691fc45bad6"
        ],
        "X-Content-Type-Options": [
          "nosniff"
        ],
        "Cache-Control": [
          "no-cache"
        ],
        "Date": [
          "Mon, 10 Dec 2018 18:54:32 GMT"
        ],
        "Content-Length": [
          "0"
        ],
        "Expires": [
          "-1"
        ]
      },
      "ResponseBody": "",
      "StatusCode": 200
    }
  ],
  "Names": {
    "Test-UpdateIntegrationAccountPartner": [
      "ps1781",
      "ps5324",
      "ps710"
    ]
  },
  "Variables": {
    "SubscriptionId": "f34b22a3-2202-4fb1-b040-1332bd928c84"
  }
}