{
  "Entries": [
    {
      "RequestUri": "/subscriptions/947d47b4-7883-4bb9-9d85-c5e8e2f572ce/providers/Microsoft.Network/locations/westcentralus/usages?api-version=2018-08-01",
      "EncodedRequestUri": "L3N1YnNjcmlwdGlvbnMvOTQ3ZDQ3YjQtNzg4My00YmI5LTlkODUtYzVlOGUyZjU3MmNlL3Byb3ZpZGVycy9NaWNyb3NvZnQuTmV0d29yay9sb2NhdGlvbnMvd2VzdGNlbnRyYWx1cy91c2FnZXM/YXBpLXZlcnNpb249MjAxOC0wOC0wMQ==",
      "RequestMethod": "GET",
      "RequestBody": "",
      "RequestHeaders": {
        "x-ms-client-request-id": [
          "ebba9249-a2a6-46d4-8420-6bdf15aaa664"
        ],
        "accept-language": [
          "en-US"
        ],
        "User-Agent": [
          "FxVersion/4.7.3132.0",
          "OSName/Windows10Enterprise",
          "OSVersion/6.3.17134",
          "Microsoft.Azure.Management.Network.NetworkManagementClient/20.0.0.0"
        ]
      },
      "ResponseBody": "{\r\n  \"value\": [\r\n    {\r\n      \"currentValue\": 4.0,\r\n      \"id\": \"/subscriptions/947d47b4-7883-4bb9-9d85-c5e8e2f572ce/providers/Microsoft.Network/locations/westcentralus/usages/VirtualNetworks\",\r\n      \"limit\": 1000.0,\r\n      \"name\": {\r\n        \"localizedValue\": \"Virtual Networks\",\r\n        \"value\": \"VirtualNetworks\"\r\n      },\r\n      \"unit\": \"Count\"\r\n    },\r\n    {\r\n      \"currentValue\": 1.0,\r\n      \"id\": \"/subscriptions/947d47b4-7883-4bb9-9d85-c5e8e2f572ce/providers/Microsoft.Network/locations/westcentralus/usages/StaticPublicIPAddresses\",\r\n      \"limit\": 200.0,\r\n      \"name\": {\r\n        \"localizedValue\": \"Static Public IP Addresses\",\r\n        \"value\": \"StaticPublicIPAddresses\"\r\n      },\r\n      \"unit\": \"Count\"\r\n    },\r\n    {\r\n      \"currentValue\": 2.0,\r\n      \"id\": \"/subscriptions/947d47b4-7883-4bb9-9d85-c5e8e2f572ce/providers/Microsoft.Network/locations/westcentralus/usages/NetworkSecurityGroups\",\r\n      \"limit\": 5000.0,\r\n      \"name\": {\r\n        \"localizedValue\": \"Network Security Groups\",\r\n        \"value\": \"NetworkSecurityGroups\"\r\n      },\r\n      \"unit\": \"Count\"\r\n    },\r\n    {\r\n      \"currentValue\": 3.0,\r\n      \"id\": \"/subscriptions/947d47b4-7883-4bb9-9d85-c5e8e2f572ce/providers/Microsoft.Network/locations/westcentralus/usages/PublicIPAddresses\",\r\n      \"limit\": 200.0,\r\n      \"name\": {\r\n        \"localizedValue\": \"Public IP Addresses\",\r\n        \"value\": \"PublicIPAddresses\"\r\n      },\r\n      \"unit\": \"Count\"\r\n    },\r\n    {\r\n      \"currentValue\": 0.0,\r\n      \"id\": \"/subscriptions/947d47b4-7883-4bb9-9d85-c5e8e2f572ce/providers/Microsoft.Network/locations/westcentralus/usages/PublicIpPrefixes\",\r\n      \"limit\": 2147483647.0,\r\n      \"name\": {\r\n        \"localizedValue\": \"Public Ip Prefixes\",\r\n        \"value\": \"PublicIpPrefixes\"\r\n      },\r\n      \"unit\": \"Count\"\r\n    },\r\n    {\r\n      \"currentValue\": 2.0,\r\n      \"id\": \"/subscriptions/947d47b4-7883-4bb9-9d85-c5e8e2f572ce/providers/Microsoft.Network/locations/westcentralus/usages/NetworkInterfaces\",\r\n      \"limit\": 24000.0,\r\n      \"name\": {\r\n        \"localizedValue\": \"Network Interfaces\",\r\n        \"value\": \"NetworkInterfaces\"\r\n      },\r\n      \"unit\": \"Count\"\r\n    },\r\n    {\r\n      \"currentValue\": 0.0,\r\n      \"id\": \"/subscriptions/947d47b4-7883-4bb9-9d85-c5e8e2f572ce/providers/Microsoft.Network/locations/westcentralus/usages/InterfaceEndpoints\",\r\n      \"limit\": 24000.0,\r\n      \"name\": {\r\n        \"localizedValue\": \"Interface Endpoints\",\r\n        \"value\": \"InterfaceEndpoints\"\r\n      },\r\n      \"unit\": \"Count\"\r\n    },\r\n    {\r\n      \"currentValue\": 0.0,\r\n      \"id\": \"/subscriptions/947d47b4-7883-4bb9-9d85-c5e8e2f572ce/providers/Microsoft.Network/locations/westcentralus/usages/LoadBalancers\",\r\n      \"limit\": 100.0,\r\n      \"name\": {\r\n        \"localizedValue\": \"Load Balancers\",\r\n        \"value\": \"LoadBalancers\"\r\n      },\r\n      \"unit\": \"Count\"\r\n    },\r\n    {\r\n      \"currentValue\": 0.0,\r\n      \"id\": \"/subscriptions/947d47b4-7883-4bb9-9d85-c5e8e2f572ce/providers/Microsoft.Network/locations/westcentralus/usages/PrivateLinkServices\",\r\n      \"limit\": 1000.0,\r\n      \"name\": {\r\n        \"localizedValue\": \"Private Link Services\",\r\n        \"value\": \"PrivateLinkServices\"\r\n      },\r\n      \"unit\": \"Count\"\r\n    },\r\n    {\r\n      \"currentValue\": 0.0,\r\n      \"id\": \"/subscriptions/947d47b4-7883-4bb9-9d85-c5e8e2f572ce/providers/Microsoft.Network/locations/westcentralus/usages/ApplicationGateways\",\r\n      \"limit\": 50.0,\r\n      \"name\": {\r\n        \"localizedValue\": \"Application Gateways\",\r\n        \"value\": \"ApplicationGateways\"\r\n      },\r\n      \"unit\": \"Count\"\r\n    },\r\n    {\r\n      \"currentValue\": 0.0,\r\n      \"id\": \"/subscriptions/947d47b4-7883-4bb9-9d85-c5e8e2f572ce/providers/Microsoft.Network/locations/westcentralus/usages/RouteTables\",\r\n      \"limit\": 200.0,\r\n      \"name\": {\r\n        \"localizedValue\": \"Route Tables\",\r\n        \"value\": \"RouteTables\"\r\n      },\r\n      \"unit\": \"Count\"\r\n    },\r\n    {\r\n      \"currentValue\": 0.0,\r\n      \"id\": \"/subscriptions/947d47b4-7883-4bb9-9d85-c5e8e2f572ce/providers/Microsoft.Network/locations/westcentralus/usages/RouteFilters\",\r\n      \"limit\": 1000.0,\r\n      \"name\": {\r\n        \"localizedValue\": \"Route Filters\",\r\n        \"value\": \"RouteFilters\"\r\n      },\r\n      \"unit\": \"Count\"\r\n    },\r\n    {\r\n      \"currentValue\": 0.0,\r\n      \"id\": \"/subscriptions/947d47b4-7883-4bb9-9d85-c5e8e2f572ce/providers/Microsoft.Network/locations/westcentralus/usages/NetworkWatchers\",\r\n      \"limit\": 1.0,\r\n      \"name\": {\r\n        \"localizedValue\": \"Network Watchers\",\r\n        \"value\": \"NetworkWatchers\"\r\n      },\r\n      \"unit\": \"Count\"\r\n    },\r\n    {\r\n      \"currentValue\": 0.0,\r\n      \"id\": \"/subscriptions/947d47b4-7883-4bb9-9d85-c5e8e2f572ce/providers/Microsoft.Network/locations/westcentralus/usages/PacketCaptures\",\r\n      \"limit\": 100.0,\r\n      \"name\": {\r\n        \"localizedValue\": \"Packet Captures\",\r\n        \"value\": \"PacketCaptures\"\r\n      },\r\n      \"unit\": \"Count\"\r\n    },\r\n    {\r\n      \"currentValue\": 2.0,\r\n      \"id\": \"/subscriptions/947d47b4-7883-4bb9-9d85-c5e8e2f572ce/providers/Microsoft.Network/locations/westcentralus/usages/ApplicationSecurityGroups\",\r\n      \"limit\": 3000.0,\r\n      \"name\": {\r\n        \"localizedValue\": \"Application Security Groups.\",\r\n        \"value\": \"ApplicationSecurityGroups\"\r\n      },\r\n      \"unit\": \"Count\"\r\n    },\r\n    {\r\n      \"currentValue\": 0.0,\r\n      \"id\": \"/subscriptions/947d47b4-7883-4bb9-9d85-c5e8e2f572ce/providers/Microsoft.Network/locations/westcentralus/usages/DdosProtectionPlans\",\r\n      \"limit\": 1.0,\r\n      \"name\": {\r\n        \"localizedValue\": \"DDoS Protection Plans.\",\r\n        \"value\": \"DdosProtectionPlans\"\r\n      },\r\n      \"unit\": \"Count\"\r\n    },\r\n    {\r\n      \"currentValue\": 0.0,\r\n      \"id\": \"/subscriptions/947d47b4-7883-4bb9-9d85-c5e8e2f572ce/providers/Microsoft.Network/locations/westcentralus/usages/ServiceEndpointPolicies\",\r\n      \"limit\": 500.0,\r\n      \"name\": {\r\n        \"localizedValue\": \"Service Endpoint Policies\",\r\n        \"value\": \"ServiceEndpointPolicies\"\r\n      },\r\n      \"unit\": \"Count\"\r\n    },\r\n    {\r\n      \"currentValue\": 0.0,\r\n      \"id\": \"/subscriptions/947d47b4-7883-4bb9-9d85-c5e8e2f572ce/providers/Microsoft.Network/locations/westcentralus/usages/NetworkIntentPolicies\",\r\n      \"limit\": 200.0,\r\n      \"name\": {\r\n        \"localizedValue\": \"Network Intent Policies\",\r\n        \"value\": \"NetworkIntentPolicies\"\r\n      },\r\n      \"unit\": \"Count\"\r\n    },\r\n    {\r\n      \"currentValue\": 0.0,\r\n      \"id\": \"/subscriptions/947d47b4-7883-4bb9-9d85-c5e8e2f572ce/providers/Microsoft.Network/locations/westcentralus/usages/StandardSkuLoadBalancers\",\r\n      \"limit\": 100.0,\r\n      \"name\": {\r\n        \"localizedValue\": \"Standard Sku Load Balancers\",\r\n        \"value\": \"StandardSkuLoadBalancers\"\r\n      },\r\n      \"unit\": \"Count\"\r\n    },\r\n    {\r\n      \"currentValue\": 0.0,\r\n      \"id\": \"/subscriptions/947d47b4-7883-4bb9-9d85-c5e8e2f572ce/providers/Microsoft.Network/locations/westcentralus/usages/StandardSkuPublicIpAddresses\",\r\n      \"limit\": 200.0,\r\n      \"name\": {\r\n        \"localizedValue\": \"Standard Sku Public IP Addresses\",\r\n        \"value\": \"StandardSkuPublicIpAddresses\"\r\n      },\r\n      \"unit\": \"Count\"\r\n    },\r\n    {\r\n      \"currentValue\": 0.0,\r\n      \"id\": \"/subscriptions/947d47b4-7883-4bb9-9d85-c5e8e2f572ce/providers/Microsoft.Network/locations/westcentralus/usages/DnsServersPerVirtualNetwork\",\r\n      \"limit\": 25.0,\r\n      \"name\": {\r\n        \"localizedValue\": \"DNS servers per Virtual Network\",\r\n        \"value\": \"DnsServersPerVirtualNetwork\"\r\n      },\r\n      \"unit\": \"Count\"\r\n    },\r\n    {\r\n      \"currentValue\": 0.0,\r\n      \"id\": \"/subscriptions/947d47b4-7883-4bb9-9d85-c5e8e2f572ce/providers/Microsoft.Network/locations/westcentralus/usages/SubnetsPerVirtualNetwork\",\r\n      \"limit\": 3000.0,\r\n      \"name\": {\r\n        \"localizedValue\": \"Subnets per Virtual Network\",\r\n        \"value\": \"SubnetsPerVirtualNetwork\"\r\n      },\r\n      \"unit\": \"Count\"\r\n    },\r\n    {\r\n      \"currentValue\": 0.0,\r\n      \"id\": \"/subscriptions/947d47b4-7883-4bb9-9d85-c5e8e2f572ce/providers/Microsoft.Network/locations/westcentralus/usages/IPConfigurationsPerVirtualNetwork\",\r\n      \"limit\": 65536.0,\r\n      \"name\": {\r\n        \"localizedValue\": \"IP Configurations per Virtual Network\",\r\n        \"value\": \"IPConfigurationsPerVirtualNetwork\"\r\n      },\r\n      \"unit\": \"Count\"\r\n    },\r\n    {\r\n      \"currentValue\": 0.0,\r\n      \"id\": \"/subscriptions/947d47b4-7883-4bb9-9d85-c5e8e2f572ce/providers/Microsoft.Network/locations/westcentralus/usages/PeeringsPerVirtualNetwork\",\r\n      \"limit\": 100.0,\r\n      \"name\": {\r\n        \"localizedValue\": \"Peerings per Virtual Network\",\r\n        \"value\": \"PeeringsPerVirtualNetwork\"\r\n      },\r\n      \"unit\": \"Count\"\r\n    },\r\n    {\r\n      \"currentValue\": 0.0,\r\n      \"id\": \"/subscriptions/947d47b4-7883-4bb9-9d85-c5e8e2f572ce/providers/Microsoft.Network/locations/westcentralus/usages/SecurityRulesPerNetworkSecurityGroup\",\r\n      \"limit\": 1000.0,\r\n      \"name\": {\r\n        \"localizedValue\": \"Security rules per Network Security Group\",\r\n        \"value\": \"SecurityRulesPerNetworkSecurityGroup\"\r\n      },\r\n      \"unit\": \"Count\"\r\n    },\r\n    {\r\n      \"currentValue\": 0.0,\r\n      \"id\": \"/subscriptions/947d47b4-7883-4bb9-9d85-c5e8e2f572ce/providers/Microsoft.Network/locations/westcentralus/usages/SecurityRulesPerNetworkIntentPolicy\",\r\n      \"limit\": 100.0,\r\n      \"name\": {\r\n        \"localizedValue\": \"Security rules per Network Intent Policy\",\r\n        \"value\": \"SecurityRulesPerNetworkIntentPolicy\"\r\n      },\r\n      \"unit\": \"Count\"\r\n    },\r\n    {\r\n      \"currentValue\": 0.0,\r\n      \"id\": \"/subscriptions/947d47b4-7883-4bb9-9d85-c5e8e2f572ce/providers/Microsoft.Network/locations/westcentralus/usages/RoutesPerNetworkIntentPolicy\",\r\n      \"limit\": 100.0,\r\n      \"name\": {\r\n        \"localizedValue\": \"Routes per Network Intent Policy\",\r\n        \"value\": \"RoutesPerNetworkIntentPolicy\"\r\n      },\r\n      \"unit\": \"Count\"\r\n    },\r\n    {\r\n      \"currentValue\": 0.0,\r\n      \"id\": \"/subscriptions/947d47b4-7883-4bb9-9d85-c5e8e2f572ce/providers/Microsoft.Network/locations/westcentralus/usages/SecurityRuleAddressesOrPortsPerNetworkSecurityGroup\",\r\n      \"limit\": 4000.0,\r\n      \"name\": {\r\n        \"localizedValue\": \"Security rules addresses or ports per Network Security Group\",\r\n        \"value\": \"SecurityRuleAddressesOrPortsPerNetworkSecurityGroup\"\r\n      },\r\n      \"unit\": \"Count\"\r\n    },\r\n    {\r\n      \"currentValue\": 0.0,\r\n      \"id\": \"/subscriptions/947d47b4-7883-4bb9-9d85-c5e8e2f572ce/providers/Microsoft.Network/locations/westcentralus/usages/InboundRulesPerLoadBalancer\",\r\n      \"limit\": 250.0,\r\n      \"name\": {\r\n        \"localizedValue\": \"Inbound Rules per Load Balancer\",\r\n        \"value\": \"InboundRulesPerLoadBalancer\"\r\n      },\r\n      \"unit\": \"Count\"\r\n    },\r\n    {\r\n      \"currentValue\": 0.0,\r\n      \"id\": \"/subscriptions/947d47b4-7883-4bb9-9d85-c5e8e2f572ce/providers/Microsoft.Network/locations/westcentralus/usages/FrontendIPConfigurationPerLoadBalancer\",\r\n      \"limit\": 10.0,\r\n      \"name\": {\r\n        \"localizedValue\": \"Frontend IP Configurations per Load Balancer\",\r\n        \"value\": \"FrontendIPConfigurationPerLoadBalancer\"\r\n      },\r\n      \"unit\": \"Count\"\r\n    },\r\n    {\r\n      \"currentValue\": 0.0,\r\n      \"id\": \"/subscriptions/947d47b4-7883-4bb9-9d85-c5e8e2f572ce/providers/Microsoft.Network/locations/westcentralus/usages/OutboundRulesPerLoadBalancer\",\r\n      \"limit\": 5.0,\r\n      \"name\": {\r\n        \"localizedValue\": \"Outbound Rules per Load Balancer\",\r\n        \"value\": \"OutboundRulesPerLoadBalancer\"\r\n      },\r\n      \"unit\": \"Count\"\r\n    },\r\n    {\r\n      \"currentValue\": 0.0,\r\n      \"id\": \"/subscriptions/947d47b4-7883-4bb9-9d85-c5e8e2f572ce/providers/Microsoft.Network/locations/westcentralus/usages/RoutesPerRouteTable\",\r\n      \"limit\": 400.0,\r\n      \"name\": {\r\n        \"localizedValue\": \"Routes per Route Table\",\r\n        \"value\": \"RoutesPerRouteTable\"\r\n      },\r\n      \"unit\": \"Count\"\r\n    },\r\n    {\r\n      \"currentValue\": 0.0,\r\n      \"id\": \"/subscriptions/947d47b4-7883-4bb9-9d85-c5e8e2f572ce/providers/Microsoft.Network/locations/westcentralus/usages/SecondaryIPConfigurationsPerNetworkInterface\",\r\n      \"limit\": 256.0,\r\n      \"name\": {\r\n        \"localizedValue\": \"Secondary IP Configurations per Network Interface\",\r\n        \"value\": \"SecondaryIPConfigurationsPerNetworkInterface\"\r\n      },\r\n      \"unit\": \"Count\"\r\n    },\r\n    {\r\n      \"currentValue\": 0.0,\r\n      \"id\": \"/subscriptions/947d47b4-7883-4bb9-9d85-c5e8e2f572ce/providers/Microsoft.Network/locations/westcentralus/usages/InboundRulesPerNetworkInterface\",\r\n      \"limit\": 500.0,\r\n      \"name\": {\r\n        \"localizedValue\": \"Inbound rules per Network Interface\",\r\n        \"value\": \"InboundRulesPerNetworkInterface\"\r\n      },\r\n      \"unit\": \"Count\"\r\n    },\r\n    {\r\n      \"currentValue\": 0.0,\r\n      \"id\": \"/subscriptions/947d47b4-7883-4bb9-9d85-c5e8e2f572ce/providers/Microsoft.Network/locations/westcentralus/usages/RouteFilterRulesPerRouteFilter\",\r\n      \"limit\": 1.0,\r\n      \"name\": {\r\n        \"localizedValue\": \"Route filter rules per Route Filter\",\r\n        \"value\": \"RouteFilterRulesPerRouteFilter\"\r\n      },\r\n      \"unit\": \"Count\"\r\n    },\r\n    {\r\n      \"currentValue\": 0.0,\r\n      \"id\": \"/subscriptions/947d47b4-7883-4bb9-9d85-c5e8e2f572ce/providers/Microsoft.Network/locations/westcentralus/usages/RouteFiltersPerExpressRouteBgpPeering\",\r\n      \"limit\": 1.0,\r\n      \"name\": {\r\n        \"localizedValue\": \"Route filters per Express route BGP Peering\",\r\n        \"value\": \"RouteFiltersPerExpressRouteBgpPeering\"\r\n      },\r\n      \"unit\": \"Count\"\r\n    }\r\n  ]\r\n}",
      "ResponseHeaders": {
        "Content-Length": [
          "13446"
        ],
        "Content-Type": [
          "application/json; charset=utf-8"
        ],
        "Expires": [
          "-1"
        ],
        "Pragma": [
          "no-cache"
        ],
        "x-ms-request-id": [
          "521e60fc-7586-4b5c-b96f-ec996c48eec7"
        ],
        "x-ms-correlation-request-id": [
          "b8e91562-4327-4057-a766-dda5a73ddbc2"
        ],
        "Strict-Transport-Security": [
          "max-age=31536000; includeSubDomains"
        ],
        "Cache-Control": [
          "no-cache"
        ],
        "Server": [
          "Microsoft-HTTPAPI/2.0",
          "Microsoft-HTTPAPI/2.0"
        ],
        "x-ms-ratelimit-remaining-subscription-reads": [
          "11993"
        ],
        "x-ms-routing-request-id": [
          "BRAZILUS:20180907T051928Z:b8e91562-4327-4057-a766-dda5a73ddbc2"
        ],
        "X-Content-Type-Options": [
          "nosniff"
        ],
        "Date": [
          "Fri, 07 Sep 2018 05:19:28 GMT"
        ]
      },
      "StatusCode": 200
    },
    {
      "RequestUri": "/subscriptions/947d47b4-7883-4bb9-9d85-c5e8e2f572ce/providers/Microsoft.Network/locations/westcentralus/usages?api-version=2018-08-01",
      "EncodedRequestUri": "L3N1YnNjcmlwdGlvbnMvOTQ3ZDQ3YjQtNzg4My00YmI5LTlkODUtYzVlOGUyZjU3MmNlL3Byb3ZpZGVycy9NaWNyb3NvZnQuTmV0d29yay9sb2NhdGlvbnMvd2VzdGNlbnRyYWx1cy91c2FnZXM/YXBpLXZlcnNpb249MjAxOC0wOC0wMQ==",
      "RequestMethod": "GET",
      "RequestBody": "",
      "RequestHeaders": {
        "x-ms-client-request-id": [
          "f8e2c4ec-3742-4771-9035-c21f97348cb2"
        ],
        "accept-language": [
          "en-US"
        ],
        "User-Agent": [
          "FxVersion/4.7.3132.0",
          "OSName/Windows10Enterprise",
          "OSVersion/6.3.17134",
          "Microsoft.Azure.Management.Network.NetworkManagementClient/20.0.0.0"
        ]
      },
      "ResponseBody": "{\r\n  \"value\": [\r\n    {\r\n      \"currentValue\": 5.0,\r\n      \"id\": \"/subscriptions/947d47b4-7883-4bb9-9d85-c5e8e2f572ce/providers/Microsoft.Network/locations/westcentralus/usages/VirtualNetworks\",\r\n      \"limit\": 1000.0,\r\n      \"name\": {\r\n        \"localizedValue\": \"Virtual Networks\",\r\n        \"value\": \"VirtualNetworks\"\r\n      },\r\n      \"unit\": \"Count\"\r\n    },\r\n    {\r\n      \"currentValue\": 1.0,\r\n      \"id\": \"/subscriptions/947d47b4-7883-4bb9-9d85-c5e8e2f572ce/providers/Microsoft.Network/locations/westcentralus/usages/StaticPublicIPAddresses\",\r\n      \"limit\": 200.0,\r\n      \"name\": {\r\n        \"localizedValue\": \"Static Public IP Addresses\",\r\n        \"value\": \"StaticPublicIPAddresses\"\r\n      },\r\n      \"unit\": \"Count\"\r\n    },\r\n    {\r\n      \"currentValue\": 2.0,\r\n      \"id\": \"/subscriptions/947d47b4-7883-4bb9-9d85-c5e8e2f572ce/providers/Microsoft.Network/locations/westcentralus/usages/NetworkSecurityGroups\",\r\n      \"limit\": 5000.0,\r\n      \"name\": {\r\n        \"localizedValue\": \"Network Security Groups\",\r\n        \"value\": \"NetworkSecurityGroups\"\r\n      },\r\n      \"unit\": \"Count\"\r\n    },\r\n    {\r\n      \"currentValue\": 3.0,\r\n      \"id\": \"/subscriptions/947d47b4-7883-4bb9-9d85-c5e8e2f572ce/providers/Microsoft.Network/locations/westcentralus/usages/PublicIPAddresses\",\r\n      \"limit\": 200.0,\r\n      \"name\": {\r\n        \"localizedValue\": \"Public IP Addresses\",\r\n        \"value\": \"PublicIPAddresses\"\r\n      },\r\n      \"unit\": \"Count\"\r\n    },\r\n    {\r\n      \"currentValue\": 0.0,\r\n      \"id\": \"/subscriptions/947d47b4-7883-4bb9-9d85-c5e8e2f572ce/providers/Microsoft.Network/locations/westcentralus/usages/PublicIpPrefixes\",\r\n      \"limit\": 2147483647.0,\r\n      \"name\": {\r\n        \"localizedValue\": \"Public Ip Prefixes\",\r\n        \"value\": \"PublicIpPrefixes\"\r\n      },\r\n      \"unit\": \"Count\"\r\n    },\r\n    {\r\n      \"currentValue\": 2.0,\r\n      \"id\": \"/subscriptions/947d47b4-7883-4bb9-9d85-c5e8e2f572ce/providers/Microsoft.Network/locations/westcentralus/usages/NetworkInterfaces\",\r\n      \"limit\": 24000.0,\r\n      \"name\": {\r\n        \"localizedValue\": \"Network Interfaces\",\r\n        \"value\": \"NetworkInterfaces\"\r\n      },\r\n      \"unit\": \"Count\"\r\n    },\r\n    {\r\n      \"currentValue\": 0.0,\r\n      \"id\": \"/subscriptions/947d47b4-7883-4bb9-9d85-c5e8e2f572ce/providers/Microsoft.Network/locations/westcentralus/usages/InterfaceEndpoints\",\r\n      \"limit\": 24000.0,\r\n      \"name\": {\r\n        \"localizedValue\": \"Interface Endpoints\",\r\n        \"value\": \"InterfaceEndpoints\"\r\n      },\r\n      \"unit\": \"Count\"\r\n    },\r\n    {\r\n      \"currentValue\": 0.0,\r\n      \"id\": \"/subscriptions/947d47b4-7883-4bb9-9d85-c5e8e2f572ce/providers/Microsoft.Network/locations/westcentralus/usages/LoadBalancers\",\r\n      \"limit\": 100.0,\r\n      \"name\": {\r\n        \"localizedValue\": \"Load Balancers\",\r\n        \"value\": \"LoadBalancers\"\r\n      },\r\n      \"unit\": \"Count\"\r\n    },\r\n    {\r\n      \"currentValue\": 0.0,\r\n      \"id\": \"/subscriptions/947d47b4-7883-4bb9-9d85-c5e8e2f572ce/providers/Microsoft.Network/locations/westcentralus/usages/PrivateLinkServices\",\r\n      \"limit\": 1000.0,\r\n      \"name\": {\r\n        \"localizedValue\": \"Private Link Services\",\r\n        \"value\": \"PrivateLinkServices\"\r\n      },\r\n      \"unit\": \"Count\"\r\n    },\r\n    {\r\n      \"currentValue\": 0.0,\r\n      \"id\": \"/subscriptions/947d47b4-7883-4bb9-9d85-c5e8e2f572ce/providers/Microsoft.Network/locations/westcentralus/usages/ApplicationGateways\",\r\n      \"limit\": 50.0,\r\n      \"name\": {\r\n        \"localizedValue\": \"Application Gateways\",\r\n        \"value\": \"ApplicationGateways\"\r\n      },\r\n      \"unit\": \"Count\"\r\n    },\r\n    {\r\n      \"currentValue\": 0.0,\r\n      \"id\": \"/subscriptions/947d47b4-7883-4bb9-9d85-c5e8e2f572ce/providers/Microsoft.Network/locations/westcentralus/usages/RouteTables\",\r\n      \"limit\": 200.0,\r\n      \"name\": {\r\n        \"localizedValue\": \"Route Tables\",\r\n        \"value\": \"RouteTables\"\r\n      },\r\n      \"unit\": \"Count\"\r\n    },\r\n    {\r\n      \"currentValue\": 0.0,\r\n      \"id\": \"/subscriptions/947d47b4-7883-4bb9-9d85-c5e8e2f572ce/providers/Microsoft.Network/locations/westcentralus/usages/RouteFilters\",\r\n      \"limit\": 1000.0,\r\n      \"name\": {\r\n        \"localizedValue\": \"Route Filters\",\r\n        \"value\": \"RouteFilters\"\r\n      },\r\n      \"unit\": \"Count\"\r\n    },\r\n    {\r\n      \"currentValue\": 0.0,\r\n      \"id\": \"/subscriptions/947d47b4-7883-4bb9-9d85-c5e8e2f572ce/providers/Microsoft.Network/locations/westcentralus/usages/NetworkWatchers\",\r\n      \"limit\": 1.0,\r\n      \"name\": {\r\n        \"localizedValue\": \"Network Watchers\",\r\n        \"value\": \"NetworkWatchers\"\r\n      },\r\n      \"unit\": \"Count\"\r\n    },\r\n    {\r\n      \"currentValue\": 0.0,\r\n      \"id\": \"/subscriptions/947d47b4-7883-4bb9-9d85-c5e8e2f572ce/providers/Microsoft.Network/locations/westcentralus/usages/PacketCaptures\",\r\n      \"limit\": 100.0,\r\n      \"name\": {\r\n        \"localizedValue\": \"Packet Captures\",\r\n        \"value\": \"PacketCaptures\"\r\n      },\r\n      \"unit\": \"Count\"\r\n    },\r\n    {\r\n      \"currentValue\": 2.0,\r\n      \"id\": \"/subscriptions/947d47b4-7883-4bb9-9d85-c5e8e2f572ce/providers/Microsoft.Network/locations/westcentralus/usages/ApplicationSecurityGroups\",\r\n      \"limit\": 3000.0,\r\n      \"name\": {\r\n        \"localizedValue\": \"Application Security Groups.\",\r\n        \"value\": \"ApplicationSecurityGroups\"\r\n      },\r\n      \"unit\": \"Count\"\r\n    },\r\n    {\r\n      \"currentValue\": 0.0,\r\n      \"id\": \"/subscriptions/947d47b4-7883-4bb9-9d85-c5e8e2f572ce/providers/Microsoft.Network/locations/westcentralus/usages/DdosProtectionPlans\",\r\n      \"limit\": 1.0,\r\n      \"name\": {\r\n        \"localizedValue\": \"DDoS Protection Plans.\",\r\n        \"value\": \"DdosProtectionPlans\"\r\n      },\r\n      \"unit\": \"Count\"\r\n    },\r\n    {\r\n      \"currentValue\": 0.0,\r\n      \"id\": \"/subscriptions/947d47b4-7883-4bb9-9d85-c5e8e2f572ce/providers/Microsoft.Network/locations/westcentralus/usages/ServiceEndpointPolicies\",\r\n      \"limit\": 500.0,\r\n      \"name\": {\r\n        \"localizedValue\": \"Service Endpoint Policies\",\r\n        \"value\": \"ServiceEndpointPolicies\"\r\n      },\r\n      \"unit\": \"Count\"\r\n    },\r\n    {\r\n      \"currentValue\": 0.0,\r\n      \"id\": \"/subscriptions/947d47b4-7883-4bb9-9d85-c5e8e2f572ce/providers/Microsoft.Network/locations/westcentralus/usages/NetworkIntentPolicies\",\r\n      \"limit\": 200.0,\r\n      \"name\": {\r\n        \"localizedValue\": \"Network Intent Policies\",\r\n        \"value\": \"NetworkIntentPolicies\"\r\n      },\r\n      \"unit\": \"Count\"\r\n    },\r\n    {\r\n      \"currentValue\": 0.0,\r\n      \"id\": \"/subscriptions/947d47b4-7883-4bb9-9d85-c5e8e2f572ce/providers/Microsoft.Network/locations/westcentralus/usages/StandardSkuLoadBalancers\",\r\n      \"limit\": 100.0,\r\n      \"name\": {\r\n        \"localizedValue\": \"Standard Sku Load Balancers\",\r\n        \"value\": \"StandardSkuLoadBalancers\"\r\n      },\r\n      \"unit\": \"Count\"\r\n    },\r\n    {\r\n      \"currentValue\": 0.0,\r\n      \"id\": \"/subscriptions/947d47b4-7883-4bb9-9d85-c5e8e2f572ce/providers/Microsoft.Network/locations/westcentralus/usages/StandardSkuPublicIpAddresses\",\r\n      \"limit\": 200.0,\r\n      \"name\": {\r\n        \"localizedValue\": \"Standard Sku Public IP Addresses\",\r\n        \"value\": \"StandardSkuPublicIpAddresses\"\r\n      },\r\n      \"unit\": \"Count\"\r\n    },\r\n    {\r\n      \"currentValue\": 0.0,\r\n      \"id\": \"/subscriptions/947d47b4-7883-4bb9-9d85-c5e8e2f572ce/providers/Microsoft.Network/locations/westcentralus/usages/DnsServersPerVirtualNetwork\",\r\n      \"limit\": 25.0,\r\n      \"name\": {\r\n        \"localizedValue\": \"DNS servers per Virtual Network\",\r\n        \"value\": \"DnsServersPerVirtualNetwork\"\r\n      },\r\n      \"unit\": \"Count\"\r\n    },\r\n    {\r\n      \"currentValue\": 0.0,\r\n      \"id\": \"/subscriptions/947d47b4-7883-4bb9-9d85-c5e8e2f572ce/providers/Microsoft.Network/locations/westcentralus/usages/SubnetsPerVirtualNetwork\",\r\n      \"limit\": 3000.0,\r\n      \"name\": {\r\n        \"localizedValue\": \"Subnets per Virtual Network\",\r\n        \"value\": \"SubnetsPerVirtualNetwork\"\r\n      },\r\n      \"unit\": \"Count\"\r\n    },\r\n    {\r\n      \"currentValue\": 0.0,\r\n      \"id\": \"/subscriptions/947d47b4-7883-4bb9-9d85-c5e8e2f572ce/providers/Microsoft.Network/locations/westcentralus/usages/IPConfigurationsPerVirtualNetwork\",\r\n      \"limit\": 65536.0,\r\n      \"name\": {\r\n        \"localizedValue\": \"IP Configurations per Virtual Network\",\r\n        \"value\": \"IPConfigurationsPerVirtualNetwork\"\r\n      },\r\n      \"unit\": \"Count\"\r\n    },\r\n    {\r\n      \"currentValue\": 0.0,\r\n      \"id\": \"/subscriptions/947d47b4-7883-4bb9-9d85-c5e8e2f572ce/providers/Microsoft.Network/locations/westcentralus/usages/PeeringsPerVirtualNetwork\",\r\n      \"limit\": 100.0,\r\n      \"name\": {\r\n        \"localizedValue\": \"Peerings per Virtual Network\",\r\n        \"value\": \"PeeringsPerVirtualNetwork\"\r\n      },\r\n      \"unit\": \"Count\"\r\n    },\r\n    {\r\n      \"currentValue\": 0.0,\r\n      \"id\": \"/subscriptions/947d47b4-7883-4bb9-9d85-c5e8e2f572ce/providers/Microsoft.Network/locations/westcentralus/usages/SecurityRulesPerNetworkSecurityGroup\",\r\n      \"limit\": 1000.0,\r\n      \"name\": {\r\n        \"localizedValue\": \"Security rules per Network Security Group\",\r\n        \"value\": \"SecurityRulesPerNetworkSecurityGroup\"\r\n      },\r\n      \"unit\": \"Count\"\r\n    },\r\n    {\r\n      \"currentValue\": 0.0,\r\n      \"id\": \"/subscriptions/947d47b4-7883-4bb9-9d85-c5e8e2f572ce/providers/Microsoft.Network/locations/westcentralus/usages/SecurityRulesPerNetworkIntentPolicy\",\r\n      \"limit\": 100.0,\r\n      \"name\": {\r\n        \"localizedValue\": \"Security rules per Network Intent Policy\",\r\n        \"value\": \"SecurityRulesPerNetworkIntentPolicy\"\r\n      },\r\n      \"unit\": \"Count\"\r\n    },\r\n    {\r\n      \"currentValue\": 0.0,\r\n      \"id\": \"/subscriptions/947d47b4-7883-4bb9-9d85-c5e8e2f572ce/providers/Microsoft.Network/locations/westcentralus/usages/RoutesPerNetworkIntentPolicy\",\r\n      \"limit\": 100.0,\r\n      \"name\": {\r\n        \"localizedValue\": \"Routes per Network Intent Policy\",\r\n        \"value\": \"RoutesPerNetworkIntentPolicy\"\r\n      },\r\n      \"unit\": \"Count\"\r\n    },\r\n    {\r\n      \"currentValue\": 0.0,\r\n      \"id\": \"/subscriptions/947d47b4-7883-4bb9-9d85-c5e8e2f572ce/providers/Microsoft.Network/locations/westcentralus/usages/SecurityRuleAddressesOrPortsPerNetworkSecurityGroup\",\r\n      \"limit\": 4000.0,\r\n      \"name\": {\r\n        \"localizedValue\": \"Security rules addresses or ports per Network Security Group\",\r\n        \"value\": \"SecurityRuleAddressesOrPortsPerNetworkSecurityGroup\"\r\n      },\r\n      \"unit\": \"Count\"\r\n    },\r\n    {\r\n      \"currentValue\": 0.0,\r\n      \"id\": \"/subscriptions/947d47b4-7883-4bb9-9d85-c5e8e2f572ce/providers/Microsoft.Network/locations/westcentralus/usages/InboundRulesPerLoadBalancer\",\r\n      \"limit\": 250.0,\r\n      \"name\": {\r\n        \"localizedValue\": \"Inbound Rules per Load Balancer\",\r\n        \"value\": \"InboundRulesPerLoadBalancer\"\r\n      },\r\n      \"unit\": \"Count\"\r\n    },\r\n    {\r\n      \"currentValue\": 0.0,\r\n      \"id\": \"/subscriptions/947d47b4-7883-4bb9-9d85-c5e8e2f572ce/providers/Microsoft.Network/locations/westcentralus/usages/FrontendIPConfigurationPerLoadBalancer\",\r\n      \"limit\": 10.0,\r\n      \"name\": {\r\n        \"localizedValue\": \"Frontend IP Configurations per Load Balancer\",\r\n        \"value\": \"FrontendIPConfigurationPerLoadBalancer\"\r\n      },\r\n      \"unit\": \"Count\"\r\n    },\r\n    {\r\n      \"currentValue\": 0.0,\r\n      \"id\": \"/subscriptions/947d47b4-7883-4bb9-9d85-c5e8e2f572ce/providers/Microsoft.Network/locations/westcentralus/usages/OutboundRulesPerLoadBalancer\",\r\n      \"limit\": 5.0,\r\n      \"name\": {\r\n        \"localizedValue\": \"Outbound Rules per Load Balancer\",\r\n        \"value\": \"OutboundRulesPerLoadBalancer\"\r\n      },\r\n      \"unit\": \"Count\"\r\n    },\r\n    {\r\n      \"currentValue\": 0.0,\r\n      \"id\": \"/subscriptions/947d47b4-7883-4bb9-9d85-c5e8e2f572ce/providers/Microsoft.Network/locations/westcentralus/usages/RoutesPerRouteTable\",\r\n      \"limit\": 400.0,\r\n      \"name\": {\r\n        \"localizedValue\": \"Routes per Route Table\",\r\n        \"value\": \"RoutesPerRouteTable\"\r\n      },\r\n      \"unit\": \"Count\"\r\n    },\r\n    {\r\n      \"currentValue\": 0.0,\r\n      \"id\": \"/subscriptions/947d47b4-7883-4bb9-9d85-c5e8e2f572ce/providers/Microsoft.Network/locations/westcentralus/usages/SecondaryIPConfigurationsPerNetworkInterface\",\r\n      \"limit\": 256.0,\r\n      \"name\": {\r\n        \"localizedValue\": \"Secondary IP Configurations per Network Interface\",\r\n        \"value\": \"SecondaryIPConfigurationsPerNetworkInterface\"\r\n      },\r\n      \"unit\": \"Count\"\r\n    },\r\n    {\r\n      \"currentValue\": 0.0,\r\n      \"id\": \"/subscriptions/947d47b4-7883-4bb9-9d85-c5e8e2f572ce/providers/Microsoft.Network/locations/westcentralus/usages/InboundRulesPerNetworkInterface\",\r\n      \"limit\": 500.0,\r\n      \"name\": {\r\n        \"localizedValue\": \"Inbound rules per Network Interface\",\r\n        \"value\": \"InboundRulesPerNetworkInterface\"\r\n      },\r\n      \"unit\": \"Count\"\r\n    },\r\n    {\r\n      \"currentValue\": 0.0,\r\n      \"id\": \"/subscriptions/947d47b4-7883-4bb9-9d85-c5e8e2f572ce/providers/Microsoft.Network/locations/westcentralus/usages/RouteFilterRulesPerRouteFilter\",\r\n      \"limit\": 1.0,\r\n      \"name\": {\r\n        \"localizedValue\": \"Route filter rules per Route Filter\",\r\n        \"value\": \"RouteFilterRulesPerRouteFilter\"\r\n      },\r\n      \"unit\": \"Count\"\r\n    },\r\n    {\r\n      \"currentValue\": 0.0,\r\n      \"id\": \"/subscriptions/947d47b4-7883-4bb9-9d85-c5e8e2f572ce/providers/Microsoft.Network/locations/westcentralus/usages/RouteFiltersPerExpressRouteBgpPeering\",\r\n      \"limit\": 1.0,\r\n      \"name\": {\r\n        \"localizedValue\": \"Route filters per Express route BGP Peering\",\r\n        \"value\": \"RouteFiltersPerExpressRouteBgpPeering\"\r\n      },\r\n      \"unit\": \"Count\"\r\n    }\r\n  ]\r\n}",
      "ResponseHeaders": {
        "Content-Length": [
          "13446"
        ],
        "Content-Type": [
          "application/json; charset=utf-8"
        ],
        "Expires": [
          "-1"
        ],
        "Pragma": [
          "no-cache"
        ],
        "x-ms-request-id": [
          "8eac1d30-66e2-4549-b6b6-ccc32b7d57ad"
        ],
        "x-ms-correlation-request-id": [
          "e49098f3-a1d2-4e04-ad82-4d8a55dc2684"
        ],
        "Strict-Transport-Security": [
          "max-age=31536000; includeSubDomains"
        ],
        "Cache-Control": [
          "no-cache"
        ],
        "Server": [
          "Microsoft-HTTPAPI/2.0",
          "Microsoft-HTTPAPI/2.0"
        ],
        "x-ms-ratelimit-remaining-subscription-reads": [
          "11988"
        ],
        "x-ms-routing-request-id": [
          "BRAZILUS:20180907T051945Z:e49098f3-a1d2-4e04-ad82-4d8a55dc2684"
        ],
        "X-Content-Type-Options": [
          "nosniff"
        ],
        "Date": [
          "Fri, 07 Sep 2018 05:19:44 GMT"
        ]
      },
      "StatusCode": 200
    },
    {
      "RequestUri": "/subscriptions/947d47b4-7883-4bb9-9d85-c5e8e2f572ce/resourcegroups/ps7304?api-version=2016-09-01",
      "EncodedRequestUri": "L3N1YnNjcmlwdGlvbnMvOTQ3ZDQ3YjQtNzg4My00YmI5LTlkODUtYzVlOGUyZjU3MmNlL3Jlc291cmNlZ3JvdXBzL3BzNzMwND9hcGktdmVyc2lvbj0yMDE2LTA5LTAx",
      "RequestMethod": "PUT",
      "RequestBody": "{\r\n  \"location\": \"westcentralus\"\r\n}",
      "RequestHeaders": {
        "Content-Type": [
          "application/json; charset=utf-8"
        ],
        "Content-Length": [
          "35"
        ],
        "x-ms-client-request-id": [
          "41dd5201-570e-4217-bca8-5b26f9f61011"
        ],
        "accept-language": [
          "en-US"
        ],
        "User-Agent": [
          "FxVersion/4.7.3132.0",
          "OSName/Windows10Enterprise",
          "OSVersion/6.3.17134",
          "Microsoft.Azure.Management.Internal.Resources.ResourceManagementClient/4.1.0"
        ]
      },
      "ResponseBody": "{\r\n  \"id\": \"/subscriptions/947d47b4-7883-4bb9-9d85-c5e8e2f572ce/resourceGroups/ps7304\",\r\n  \"name\": \"ps7304\",\r\n  \"location\": \"westcentralus\",\r\n  \"properties\": {\r\n    \"provisioningState\": \"Succeeded\"\r\n  }\r\n}",
      "ResponseHeaders": {
        "Content-Length": [
          "172"
        ],
        "Content-Type": [
          "application/json; charset=utf-8"
        ],
        "Expires": [
          "-1"
        ],
        "Pragma": [
          "no-cache"
        ],
        "x-ms-ratelimit-remaining-subscription-writes": [
          "1196"
        ],
        "x-ms-request-id": [
          "928200f9-70c9-466a-9e27-ea38cf5225ca"
        ],
        "x-ms-correlation-request-id": [
          "928200f9-70c9-466a-9e27-ea38cf5225ca"
        ],
        "x-ms-routing-request-id": [
          "BRAZILUS:20180907T051931Z:928200f9-70c9-466a-9e27-ea38cf5225ca"
        ],
        "Strict-Transport-Security": [
          "max-age=31536000; includeSubDomains"
        ],
        "X-Content-Type-Options": [
          "nosniff"
        ],
        "Cache-Control": [
          "no-cache"
        ],
        "Date": [
          "Fri, 07 Sep 2018 05:19:31 GMT"
        ]
      },
      "StatusCode": 201
    },
    {
      "RequestUri": "/subscriptions/947d47b4-7883-4bb9-9d85-c5e8e2f572ce/resourceGroups/ps7304/providers/Microsoft.Network/virtualNetworks/ps1687?api-version=2018-08-01",
      "EncodedRequestUri": "L3N1YnNjcmlwdGlvbnMvOTQ3ZDQ3YjQtNzg4My00YmI5LTlkODUtYzVlOGUyZjU3MmNlL3Jlc291cmNlR3JvdXBzL3BzNzMwNC9wcm92aWRlcnMvTWljcm9zb2Z0Lk5ldHdvcmsvdmlydHVhbE5ldHdvcmtzL3BzMTY4Nz9hcGktdmVyc2lvbj0yMDE4LTA4LTAx",
      "RequestMethod": "GET",
      "RequestBody": "",
      "RequestHeaders": {
        "x-ms-client-request-id": [
          "4dba58ee-75d0-4b38-adc4-b71c983b3a37"
        ],
        "accept-language": [
          "en-US"
        ],
        "User-Agent": [
          "FxVersion/4.7.3132.0",
          "OSName/Windows10Enterprise",
          "OSVersion/6.3.17134",
          "Microsoft.Azure.Management.Network.NetworkManagementClient/20.0.0.0"
        ]
      },
      "ResponseBody": "{\r\n  \"error\": {\r\n    \"code\": \"ResourceNotFound\",\r\n    \"message\": \"The Resource 'Microsoft.Network/virtualNetworks/ps1687' under resource group 'ps7304' was not found.\"\r\n  }\r\n}",
      "ResponseHeaders": {
        "Content-Length": [
          "150"
        ],
        "Content-Type": [
          "application/json; charset=utf-8"
        ],
        "Expires": [
          "-1"
        ],
        "Pragma": [
          "no-cache"
        ],
        "x-ms-failure-cause": [
          "gateway"
        ],
        "x-ms-request-id": [
          "3e9357b1-1dbc-4ac8-a16a-8ee8831b05f3"
        ],
        "x-ms-correlation-request-id": [
          "3e9357b1-1dbc-4ac8-a16a-8ee8831b05f3"
        ],
        "x-ms-routing-request-id": [
          "BRAZILUS:20180907T051931Z:3e9357b1-1dbc-4ac8-a16a-8ee8831b05f3"
        ],
        "Strict-Transport-Security": [
          "max-age=31536000; includeSubDomains"
        ],
        "X-Content-Type-Options": [
          "nosniff"
        ],
        "Cache-Control": [
          "no-cache"
        ],
        "Date": [
          "Fri, 07 Sep 2018 05:19:31 GMT"
        ]
      },
      "StatusCode": 404
    },
    {
      "RequestUri": "/subscriptions/947d47b4-7883-4bb9-9d85-c5e8e2f572ce/resourceGroups/ps7304/providers/Microsoft.Network/virtualNetworks/ps1687?api-version=2018-08-01",
      "EncodedRequestUri": "L3N1YnNjcmlwdGlvbnMvOTQ3ZDQ3YjQtNzg4My00YmI5LTlkODUtYzVlOGUyZjU3MmNlL3Jlc291cmNlR3JvdXBzL3BzNzMwNC9wcm92aWRlcnMvTWljcm9zb2Z0Lk5ldHdvcmsvdmlydHVhbE5ldHdvcmtzL3BzMTY4Nz9hcGktdmVyc2lvbj0yMDE4LTA4LTAx",
      "RequestMethod": "GET",
      "RequestBody": "",
      "RequestHeaders": {
        "User-Agent": [
          "FxVersion/4.7.3132.0",
          "OSName/Windows10Enterprise",
          "OSVersion/6.3.17134",
          "Microsoft.Azure.Management.Network.NetworkManagementClient/20.0.0.0"
        ]
      },
      "ResponseBody": "{\r\n  \"name\": \"ps1687\",\r\n  \"id\": \"/subscriptions/947d47b4-7883-4bb9-9d85-c5e8e2f572ce/resourceGroups/ps7304/providers/Microsoft.Network/virtualNetworks/ps1687\",\r\n  \"etag\": \"W/\\\"41d80550-1f3d-44f9-bda8-584b97abed23\\\"\",\r\n  \"type\": \"Microsoft.Network/virtualNetworks\",\r\n  \"location\": \"westcentralus\",\r\n  \"properties\": {\r\n    \"provisioningState\": \"Succeeded\",\r\n    \"resourceGuid\": \"f9e1ea4a-1d9d-4e62-92e7-6d25995f4dd8\",\r\n    \"addressSpace\": {\r\n      \"addressPrefixes\": [\r\n        \"10.0.0.0/16\"\r\n      ]\r\n    },\r\n    \"dhcpOptions\": {\r\n      \"dnsServers\": [\r\n        \"8.8.8.8\"\r\n      ]\r\n    },\r\n    \"subnets\": [],\r\n    \"virtualNetworkPeerings\": [],\r\n    \"enableDdosProtection\": false,\r\n    \"enableVmProtection\": false\r\n  }\r\n}",
      "ResponseHeaders": {
        "Content-Length": [
          "719"
        ],
        "Content-Type": [
          "application/json; charset=utf-8"
        ],
        "Expires": [
          "-1"
        ],
        "Pragma": [
          "no-cache"
        ],
        "x-ms-request-id": [
          "201a605e-8c7e-4f57-963a-7c5e7ac1e449"
        ],
        "x-ms-correlation-request-id": [
          "2353e0c9-9883-4c98-a81a-7417ae92039d"
        ],
        "Strict-Transport-Security": [
          "max-age=31536000; includeSubDomains"
        ],
        "Cache-Control": [
          "no-cache"
        ],
        "ETag": [
          "W/\"41d80550-1f3d-44f9-bda8-584b97abed23\""
        ],
        "Server": [
          "Microsoft-HTTPAPI/2.0",
          "Microsoft-HTTPAPI/2.0"
        ],
        "x-ms-ratelimit-remaining-subscription-reads": [
          "11990"
        ],
        "x-ms-routing-request-id": [
          "BRAZILUS:20180907T051944Z:2353e0c9-9883-4c98-a81a-7417ae92039d"
        ],
        "X-Content-Type-Options": [
          "nosniff"
        ],
        "Date": [
          "Fri, 07 Sep 2018 05:19:44 GMT"
        ]
      },
      "StatusCode": 200
    },
    {
      "RequestUri": "/subscriptions/947d47b4-7883-4bb9-9d85-c5e8e2f572ce/resourceGroups/ps7304/providers/Microsoft.Network/virtualNetworks/ps1687?api-version=2018-08-01",
      "EncodedRequestUri": "L3N1YnNjcmlwdGlvbnMvOTQ3ZDQ3YjQtNzg4My00YmI5LTlkODUtYzVlOGUyZjU3MmNlL3Jlc291cmNlR3JvdXBzL3BzNzMwNC9wcm92aWRlcnMvTWljcm9zb2Z0Lk5ldHdvcmsvdmlydHVhbE5ldHdvcmtzL3BzMTY4Nz9hcGktdmVyc2lvbj0yMDE4LTA4LTAx",
      "RequestMethod": "GET",
      "RequestBody": "",
      "RequestHeaders": {
        "x-ms-client-request-id": [
          "3d9e2f67-b5e6-4945-b1de-ba4b25a93b4e"
        ],
        "accept-language": [
          "en-US"
        ],
        "User-Agent": [
          "FxVersion/4.7.3132.0",
          "OSName/Windows10Enterprise",
          "OSVersion/6.3.17134",
          "Microsoft.Azure.Management.Network.NetworkManagementClient/20.0.0.0"
        ]
      },
      "ResponseBody": "{\r\n  \"name\": \"ps1687\",\r\n  \"id\": \"/subscriptions/947d47b4-7883-4bb9-9d85-c5e8e2f572ce/resourceGroups/ps7304/providers/Microsoft.Network/virtualNetworks/ps1687\",\r\n  \"etag\": \"W/\\\"41d80550-1f3d-44f9-bda8-584b97abed23\\\"\",\r\n  \"type\": \"Microsoft.Network/virtualNetworks\",\r\n  \"location\": \"westcentralus\",\r\n  \"properties\": {\r\n    \"provisioningState\": \"Succeeded\",\r\n    \"resourceGuid\": \"f9e1ea4a-1d9d-4e62-92e7-6d25995f4dd8\",\r\n    \"addressSpace\": {\r\n      \"addressPrefixes\": [\r\n        \"10.0.0.0/16\"\r\n      ]\r\n    },\r\n    \"dhcpOptions\": {\r\n      \"dnsServers\": [\r\n        \"8.8.8.8\"\r\n      ]\r\n    },\r\n    \"subnets\": [],\r\n    \"virtualNetworkPeerings\": [],\r\n    \"enableDdosProtection\": false,\r\n    \"enableVmProtection\": false\r\n  }\r\n}",
      "ResponseHeaders": {
        "Content-Length": [
          "719"
        ],
        "Content-Type": [
          "application/json; charset=utf-8"
        ],
        "Expires": [
          "-1"
        ],
        "Pragma": [
          "no-cache"
        ],
        "x-ms-request-id": [
          "650ddd13-5cf8-417c-9ca9-4524e1998a77"
        ],
        "x-ms-correlation-request-id": [
          "7823622f-e9ec-4545-860e-28fa962230f9"
        ],
        "Strict-Transport-Security": [
          "max-age=31536000; includeSubDomains"
        ],
        "Cache-Control": [
          "no-cache"
        ],
        "ETag": [
          "W/\"41d80550-1f3d-44f9-bda8-584b97abed23\""
        ],
        "Server": [
          "Microsoft-HTTPAPI/2.0",
          "Microsoft-HTTPAPI/2.0"
        ],
        "x-ms-ratelimit-remaining-subscription-reads": [
          "11989"
        ],
        "x-ms-routing-request-id": [
          "BRAZILUS:20180907T051944Z:7823622f-e9ec-4545-860e-28fa962230f9"
        ],
        "X-Content-Type-Options": [
          "nosniff"
        ],
        "Date": [
          "Fri, 07 Sep 2018 05:19:44 GMT"
        ]
      },
      "StatusCode": 200
    },
    {
      "RequestUri": "/subscriptions/947d47b4-7883-4bb9-9d85-c5e8e2f572ce/resourceGroups/ps7304/providers/Microsoft.Network/virtualNetworks/ps1687?api-version=2018-08-01",
      "EncodedRequestUri": "L3N1YnNjcmlwdGlvbnMvOTQ3ZDQ3YjQtNzg4My00YmI5LTlkODUtYzVlOGUyZjU3MmNlL3Jlc291cmNlR3JvdXBzL3BzNzMwNC9wcm92aWRlcnMvTWljcm9zb2Z0Lk5ldHdvcmsvdmlydHVhbE5ldHdvcmtzL3BzMTY4Nz9hcGktdmVyc2lvbj0yMDE4LTA4LTAx",
      "RequestMethod": "PUT",
      "RequestBody": "{\r\n  \"properties\": {\r\n    \"addressSpace\": {\r\n      \"addressPrefixes\": [\r\n        \"10.0.0.0/16\"\r\n      ]\r\n    },\r\n    \"dhcpOptions\": {\r\n      \"dnsServers\": [\r\n        \"8.8.8.8\"\r\n      ]\r\n    },\r\n    \"subnets\": [],\r\n    \"virtualNetworkPeerings\": [],\r\n    \"enableDdosProtection\": false\r\n  },\r\n  \"location\": \"westcentralus\"\r\n}",
      "RequestHeaders": {
        "Content-Type": [
          "application/json; charset=utf-8"
        ],
        "Content-Length": [
          "322"
        ],
        "x-ms-client-request-id": [
          "ecb6a7ef-a4e8-4c03-b019-8a21148a12ee"
        ],
        "accept-language": [
          "en-US"
        ],
        "User-Agent": [
          "FxVersion/4.7.3132.0",
          "OSName/Windows10Enterprise",
          "OSVersion/6.3.17134",
          "Microsoft.Azure.Management.Network.NetworkManagementClient/20.0.0.0"
        ]
      },
      "ResponseBody": "{\r\n  \"name\": \"ps1687\",\r\n  \"id\": \"/subscriptions/947d47b4-7883-4bb9-9d85-c5e8e2f572ce/resourceGroups/ps7304/providers/Microsoft.Network/virtualNetworks/ps1687\",\r\n  \"etag\": \"W/\\\"cef9ce49-9f07-4b8e-82b0-4978275aaf30\\\"\",\r\n  \"type\": \"Microsoft.Network/virtualNetworks\",\r\n  \"location\": \"westcentralus\",\r\n  \"properties\": {\r\n    \"provisioningState\": \"Updating\",\r\n    \"resourceGuid\": \"f9e1ea4a-1d9d-4e62-92e7-6d25995f4dd8\",\r\n    \"addressSpace\": {\r\n      \"addressPrefixes\": [\r\n        \"10.0.0.0/16\"\r\n      ]\r\n    },\r\n    \"dhcpOptions\": {\r\n      \"dnsServers\": [\r\n        \"8.8.8.8\"\r\n      ]\r\n    },\r\n    \"subnets\": [],\r\n    \"virtualNetworkPeerings\": [],\r\n    \"enableDdosProtection\": false,\r\n    \"enableVmProtection\": false\r\n  }\r\n}",
      "ResponseHeaders": {
        "Content-Length": [
          "718"
        ],
        "Content-Type": [
          "application/json; charset=utf-8"
        ],
        "Expires": [
          "-1"
        ],
        "Pragma": [
          "no-cache"
        ],
        "Retry-After": [
          "3"
        ],
        "x-ms-request-id": [
          "3a690cec-581f-47a3-8f1f-dfb97504e3b1"
        ],
        "Azure-AsyncOperation": [
          "https://brazilus.management.azure.com/subscriptions/947d47b4-7883-4bb9-9d85-c5e8e2f572ce/providers/Microsoft.Network/locations/westcentralus/operations/3a690cec-581f-47a3-8f1f-dfb97504e3b1?api-version=2018-08-01"
        ],
        "x-ms-correlation-request-id": [
          "3e438b5b-e603-4a87-9a1d-1f39f61a3db1"
        ],
        "Strict-Transport-Security": [
          "max-age=31536000; includeSubDomains"
        ],
        "Cache-Control": [
          "no-cache"
        ],
        "Server": [
          "Microsoft-HTTPAPI/2.0",
          "Microsoft-HTTPAPI/2.0"
        ],
        "x-ms-ratelimit-remaining-subscription-writes": [
          "1197"
        ],
        "x-ms-routing-request-id": [
          "BRAZILUS:20180907T051933Z:3e438b5b-e603-4a87-9a1d-1f39f61a3db1"
        ],
        "X-Content-Type-Options": [
          "nosniff"
        ],
        "Date": [
          "Fri, 07 Sep 2018 05:19:33 GMT"
        ]
      },
      "StatusCode": 201
    },
    {
      "RequestUri": "/subscriptions/947d47b4-7883-4bb9-9d85-c5e8e2f572ce/providers/Microsoft.Network/locations/westcentralus/operations/3a690cec-581f-47a3-8f1f-dfb97504e3b1?api-version=2018-08-01",
      "EncodedRequestUri": "L3N1YnNjcmlwdGlvbnMvOTQ3ZDQ3YjQtNzg4My00YmI5LTlkODUtYzVlOGUyZjU3MmNlL3Byb3ZpZGVycy9NaWNyb3NvZnQuTmV0d29yay9sb2NhdGlvbnMvd2VzdGNlbnRyYWx1cy9vcGVyYXRpb25zLzNhNjkwY2VjLTU4MWYtNDdhMy04ZjFmLWRmYjk3NTA0ZTNiMT9hcGktdmVyc2lvbj0yMDE4LTA4LTAx",
      "RequestMethod": "GET",
      "RequestBody": "",
      "RequestHeaders": {
        "User-Agent": [
          "FxVersion/4.7.3132.0",
          "OSName/Windows10Enterprise",
          "OSVersion/6.3.17134",
          "Microsoft.Azure.Management.Network.NetworkManagementClient/20.0.0.0"
        ]
      },
      "ResponseBody": "{\r\n  \"status\": \"Succeeded\"\r\n}",
      "ResponseHeaders": {
        "Content-Length": [
          "29"
        ],
        "Content-Type": [
          "application/json; charset=utf-8"
        ],
        "Expires": [
          "-1"
        ],
        "Pragma": [
          "no-cache"
        ],
        "x-ms-request-id": [
          "8291e2a4-4662-4ae6-b83d-cb04ca9f49d7"
        ],
        "x-ms-correlation-request-id": [
          "d83118ba-2edc-4d04-a43a-62f6acf701b4"
        ],
        "Strict-Transport-Security": [
          "max-age=31536000; includeSubDomains"
        ],
        "Cache-Control": [
          "no-cache"
        ],
        "Server": [
          "Microsoft-HTTPAPI/2.0",
          "Microsoft-HTTPAPI/2.0"
        ],
        "x-ms-ratelimit-remaining-subscription-reads": [
          "11991"
        ],
        "x-ms-routing-request-id": [
          "BRAZILUS:20180907T051944Z:d83118ba-2edc-4d04-a43a-62f6acf701b4"
        ],
        "X-Content-Type-Options": [
          "nosniff"
        ],
        "Date": [
          "Fri, 07 Sep 2018 05:19:43 GMT"
        ]
      },
      "StatusCode": 200
    },
    {
      "RequestUri": "/subscriptions/947d47b4-7883-4bb9-9d85-c5e8e2f572ce/resourcegroups/ps7304?api-version=2016-09-01",
      "EncodedRequestUri": "L3N1YnNjcmlwdGlvbnMvOTQ3ZDQ3YjQtNzg4My00YmI5LTlkODUtYzVlOGUyZjU3MmNlL3Jlc291cmNlZ3JvdXBzL3BzNzMwND9hcGktdmVyc2lvbj0yMDE2LTA5LTAx",
      "RequestMethod": "DELETE",
      "RequestBody": "",
      "RequestHeaders": {
        "x-ms-client-request-id": [
          "d844952d-c86e-4826-a481-5da233a4002e"
        ],
        "accept-language": [
          "en-US"
        ],
        "User-Agent": [
          "FxVersion/4.7.3132.0",
          "OSName/Windows10Enterprise",
          "OSVersion/6.3.17134",
          "Microsoft.Azure.Management.Internal.Resources.ResourceManagementClient/4.1.0"
        ]
      },
      "ResponseBody": "",
      "ResponseHeaders": {
        "Content-Length": [
          "0"
        ],
        "Expires": [
          "-1"
        ],
        "Pragma": [
          "no-cache"
        ],
        "Retry-After": [
          "15"
        ],
        "x-ms-ratelimit-remaining-subscription-deletes": [
          "14994"
        ],
        "x-ms-request-id": [
          "ccab6411-7ae6-4ec3-b8ec-05791f04ef9f"
        ],
        "x-ms-correlation-request-id": [
          "ccab6411-7ae6-4ec3-b8ec-05791f04ef9f"
        ],
        "x-ms-routing-request-id": [
          "BRAZILUS:20180907T051945Z:ccab6411-7ae6-4ec3-b8ec-05791f04ef9f"
        ],
        "Strict-Transport-Security": [
          "max-age=31536000; includeSubDomains"
        ],
        "X-Content-Type-Options": [
          "nosniff"
        ],
        "Cache-Control": [
          "no-cache"
        ],
        "Date": [
          "Fri, 07 Sep 2018 05:19:45 GMT"
        ],
        "Location": [
          "https://brazilus.management.azure.com/subscriptions/947d47b4-7883-4bb9-9d85-c5e8e2f572ce/operationresults/eyJqb2JJZCI6IlJFU09VUkNFR1JPVVBERUxFVElPTkpPQi1QUzczMDQtV0VTVENFTlRSQUxVUyIsImpvYkxvY2F0aW9uIjoid2VzdGNlbnRyYWx1cyJ9?api-version=2016-09-01"
        ]
      },
      "StatusCode": 202
    },
    {
      "RequestUri": "/subscriptions/947d47b4-7883-4bb9-9d85-c5e8e2f572ce/operationresults/eyJqb2JJZCI6IlJFU09VUkNFR1JPVVBERUxFVElPTkpPQi1QUzczMDQtV0VTVENFTlRSQUxVUyIsImpvYkxvY2F0aW9uIjoid2VzdGNlbnRyYWx1cyJ9?api-version=2016-09-01",
      "EncodedRequestUri": "L3N1YnNjcmlwdGlvbnMvOTQ3ZDQ3YjQtNzg4My00YmI5LTlkODUtYzVlOGUyZjU3MmNlL29wZXJhdGlvbnJlc3VsdHMvZXlKcWIySkpaQ0k2SWxKRlUwOVZVa05GUjFKUFZWQkVSVXhGVkVsUFRrcFBRaTFRVXpjek1EUXRWMFZUVkVORlRsUlNRVXhWVXlJc0ltcHZZa3h2WTJGMGFXOXVJam9pZDJWemRHTmxiblJ5WVd4MWN5Sjk/YXBpLXZlcnNpb249MjAxNi0wOS0wMQ==",
      "RequestMethod": "GET",
      "RequestBody": "",
      "RequestHeaders": {
        "User-Agent": [
          "FxVersion/4.7.3132.0",
          "OSName/Windows10Enterprise",
          "OSVersion/6.3.17134",
          "Microsoft.Azure.Management.Internal.Resources.ResourceManagementClient/4.1.0"
        ]
      },
      "ResponseBody": "",
      "ResponseHeaders": {
        "Content-Length": [
          "0"
        ],
        "Expires": [
          "-1"
        ],
        "Pragma": [
          "no-cache"
        ],
        "Retry-After": [
          "15"
        ],
        "x-ms-ratelimit-remaining-subscription-reads": [
          "11985"
        ],
        "x-ms-request-id": [
          "1fe9f46d-da8a-42f1-9f4c-8eacefed1166"
        ],
        "x-ms-correlation-request-id": [
          "1fe9f46d-da8a-42f1-9f4c-8eacefed1166"
        ],
        "x-ms-routing-request-id": [
          "BRAZILUS:20180907T052001Z:1fe9f46d-da8a-42f1-9f4c-8eacefed1166"
        ],
        "Strict-Transport-Security": [
          "max-age=31536000; includeSubDomains"
        ],
        "X-Content-Type-Options": [
          "nosniff"
        ],
        "Cache-Control": [
          "no-cache"
        ],
        "Date": [
          "Fri, 07 Sep 2018 05:20:00 GMT"
        ],
        "Location": [
          "https://brazilus.management.azure.com/subscriptions/947d47b4-7883-4bb9-9d85-c5e8e2f572ce/operationresults/eyJqb2JJZCI6IlJFU09VUkNFR1JPVVBERUxFVElPTkpPQi1QUzczMDQtV0VTVENFTlRSQUxVUyIsImpvYkxvY2F0aW9uIjoid2VzdGNlbnRyYWx1cyJ9?api-version=2016-09-01"
        ]
      },
      "StatusCode": 202
    },
    {
      "RequestUri": "/subscriptions/947d47b4-7883-4bb9-9d85-c5e8e2f572ce/operationresults/eyJqb2JJZCI6IlJFU09VUkNFR1JPVVBERUxFVElPTkpPQi1QUzczMDQtV0VTVENFTlRSQUxVUyIsImpvYkxvY2F0aW9uIjoid2VzdGNlbnRyYWx1cyJ9?api-version=2016-09-01",
      "EncodedRequestUri": "L3N1YnNjcmlwdGlvbnMvOTQ3ZDQ3YjQtNzg4My00YmI5LTlkODUtYzVlOGUyZjU3MmNlL29wZXJhdGlvbnJlc3VsdHMvZXlKcWIySkpaQ0k2SWxKRlUwOVZVa05GUjFKUFZWQkVSVXhGVkVsUFRrcFBRaTFRVXpjek1EUXRWMFZUVkVORlRsUlNRVXhWVXlJc0ltcHZZa3h2WTJGMGFXOXVJam9pZDJWemRHTmxiblJ5WVd4MWN5Sjk/YXBpLXZlcnNpb249MjAxNi0wOS0wMQ==",
      "RequestMethod": "GET",
      "RequestBody": "",
      "RequestHeaders": {
        "User-Agent": [
          "FxVersion/4.7.3132.0",
          "OSName/Windows10Enterprise",
          "OSVersion/6.3.17134",
          "Microsoft.Azure.Management.Internal.Resources.ResourceManagementClient/4.1.0"
        ]
      },
      "ResponseBody": "",
      "ResponseHeaders": {
        "Content-Length": [
          "0"
        ],
        "Expires": [
          "-1"
        ],
        "Pragma": [
          "no-cache"
        ],
        "Retry-After": [
          "15"
        ],
        "x-ms-ratelimit-remaining-subscription-reads": [
          "11984"
        ],
        "x-ms-request-id": [
          "66e95d31-f5be-43c5-8e13-1c2778df1e64"
        ],
        "x-ms-correlation-request-id": [
          "66e95d31-f5be-43c5-8e13-1c2778df1e64"
        ],
        "x-ms-routing-request-id": [
          "BRAZILUS:20180907T052016Z:66e95d31-f5be-43c5-8e13-1c2778df1e64"
        ],
        "Strict-Transport-Security": [
          "max-age=31536000; includeSubDomains"
        ],
        "X-Content-Type-Options": [
          "nosniff"
        ],
        "Cache-Control": [
          "no-cache"
        ],
        "Date": [
          "Fri, 07 Sep 2018 05:20:15 GMT"
        ],
        "Location": [
          "https://brazilus.management.azure.com/subscriptions/947d47b4-7883-4bb9-9d85-c5e8e2f572ce/operationresults/eyJqb2JJZCI6IlJFU09VUkNFR1JPVVBERUxFVElPTkpPQi1QUzczMDQtV0VTVENFTlRSQUxVUyIsImpvYkxvY2F0aW9uIjoid2VzdGNlbnRyYWx1cyJ9?api-version=2016-09-01"
        ]
      },
      "StatusCode": 202
    },
    {
      "RequestUri": "/subscriptions/947d47b4-7883-4bb9-9d85-c5e8e2f572ce/operationresults/eyJqb2JJZCI6IlJFU09VUkNFR1JPVVBERUxFVElPTkpPQi1QUzczMDQtV0VTVENFTlRSQUxVUyIsImpvYkxvY2F0aW9uIjoid2VzdGNlbnRyYWx1cyJ9?api-version=2016-09-01",
      "EncodedRequestUri": "L3N1YnNjcmlwdGlvbnMvOTQ3ZDQ3YjQtNzg4My00YmI5LTlkODUtYzVlOGUyZjU3MmNlL29wZXJhdGlvbnJlc3VsdHMvZXlKcWIySkpaQ0k2SWxKRlUwOVZVa05GUjFKUFZWQkVSVXhGVkVsUFRrcFBRaTFRVXpjek1EUXRWMFZUVkVORlRsUlNRVXhWVXlJc0ltcHZZa3h2WTJGMGFXOXVJam9pZDJWemRHTmxiblJ5WVd4MWN5Sjk/YXBpLXZlcnNpb249MjAxNi0wOS0wMQ==",
      "RequestMethod": "GET",
      "RequestBody": "",
      "RequestHeaders": {
        "User-Agent": [
          "FxVersion/4.7.3132.0",
          "OSName/Windows10Enterprise",
          "OSVersion/6.3.17134",
          "Microsoft.Azure.Management.Internal.Resources.ResourceManagementClient/4.1.0"
        ]
      },
      "ResponseBody": "",
      "ResponseHeaders": {
        "Content-Length": [
          "0"
        ],
        "Expires": [
          "-1"
        ],
        "Pragma": [
          "no-cache"
        ],
        "Retry-After": [
          "15"
        ],
        "x-ms-ratelimit-remaining-subscription-reads": [
          "11983"
        ],
        "x-ms-request-id": [
          "5d8941fd-ddc6-42c8-8a45-287577552d73"
        ],
        "x-ms-correlation-request-id": [
          "5d8941fd-ddc6-42c8-8a45-287577552d73"
        ],
        "x-ms-routing-request-id": [
          "BRAZILUS:20180907T052031Z:5d8941fd-ddc6-42c8-8a45-287577552d73"
        ],
        "Strict-Transport-Security": [
          "max-age=31536000; includeSubDomains"
        ],
        "X-Content-Type-Options": [
          "nosniff"
        ],
        "Cache-Control": [
          "no-cache"
        ],
        "Date": [
          "Fri, 07 Sep 2018 05:20:30 GMT"
        ],
        "Location": [
          "https://brazilus.management.azure.com/subscriptions/947d47b4-7883-4bb9-9d85-c5e8e2f572ce/operationresults/eyJqb2JJZCI6IlJFU09VUkNFR1JPVVBERUxFVElPTkpPQi1QUzczMDQtV0VTVENFTlRSQUxVUyIsImpvYkxvY2F0aW9uIjoid2VzdGNlbnRyYWx1cyJ9?api-version=2016-09-01"
        ]
      },
      "StatusCode": 202
    },
    {
      "RequestUri": "/subscriptions/947d47b4-7883-4bb9-9d85-c5e8e2f572ce/operationresults/eyJqb2JJZCI6IlJFU09VUkNFR1JPVVBERUxFVElPTkpPQi1QUzczMDQtV0VTVENFTlRSQUxVUyIsImpvYkxvY2F0aW9uIjoid2VzdGNlbnRyYWx1cyJ9?api-version=2016-09-01",
      "EncodedRequestUri": "L3N1YnNjcmlwdGlvbnMvOTQ3ZDQ3YjQtNzg4My00YmI5LTlkODUtYzVlOGUyZjU3MmNlL29wZXJhdGlvbnJlc3VsdHMvZXlKcWIySkpaQ0k2SWxKRlUwOVZVa05GUjFKUFZWQkVSVXhGVkVsUFRrcFBRaTFRVXpjek1EUXRWMFZUVkVORlRsUlNRVXhWVXlJc0ltcHZZa3h2WTJGMGFXOXVJam9pZDJWemRHTmxiblJ5WVd4MWN5Sjk/YXBpLXZlcnNpb249MjAxNi0wOS0wMQ==",
      "RequestMethod": "GET",
      "RequestBody": "",
      "RequestHeaders": {
        "User-Agent": [
          "FxVersion/4.7.3132.0",
          "OSName/Windows10Enterprise",
          "OSVersion/6.3.17134",
          "Microsoft.Azure.Management.Internal.Resources.ResourceManagementClient/4.1.0"
        ]
      },
      "ResponseBody": "",
      "ResponseHeaders": {
        "Content-Length": [
          "0"
        ],
        "Expires": [
          "-1"
        ],
        "Pragma": [
          "no-cache"
        ],
        "Retry-After": [
          "15"
        ],
        "x-ms-ratelimit-remaining-subscription-reads": [
          "11982"
        ],
        "x-ms-request-id": [
          "e45e74ee-097e-4d1f-9d2a-f4c995abf724"
        ],
        "x-ms-correlation-request-id": [
          "e45e74ee-097e-4d1f-9d2a-f4c995abf724"
        ],
        "x-ms-routing-request-id": [
          "BRAZILUS:20180907T052046Z:e45e74ee-097e-4d1f-9d2a-f4c995abf724"
        ],
        "Strict-Transport-Security": [
          "max-age=31536000; includeSubDomains"
        ],
        "X-Content-Type-Options": [
          "nosniff"
        ],
        "Cache-Control": [
          "no-cache"
        ],
        "Date": [
          "Fri, 07 Sep 2018 05:20:46 GMT"
        ],
        "Location": [
          "https://brazilus.management.azure.com/subscriptions/947d47b4-7883-4bb9-9d85-c5e8e2f572ce/operationresults/eyJqb2JJZCI6IlJFU09VUkNFR1JPVVBERUxFVElPTkpPQi1QUzczMDQtV0VTVENFTlRSQUxVUyIsImpvYkxvY2F0aW9uIjoid2VzdGNlbnRyYWx1cyJ9?api-version=2016-09-01"
        ]
      },
      "StatusCode": 202
    },
    {
      "RequestUri": "/subscriptions/947d47b4-7883-4bb9-9d85-c5e8e2f572ce/operationresults/eyJqb2JJZCI6IlJFU09VUkNFR1JPVVBERUxFVElPTkpPQi1QUzczMDQtV0VTVENFTlRSQUxVUyIsImpvYkxvY2F0aW9uIjoid2VzdGNlbnRyYWx1cyJ9?api-version=2016-09-01",
      "EncodedRequestUri": "L3N1YnNjcmlwdGlvbnMvOTQ3ZDQ3YjQtNzg4My00YmI5LTlkODUtYzVlOGUyZjU3MmNlL29wZXJhdGlvbnJlc3VsdHMvZXlKcWIySkpaQ0k2SWxKRlUwOVZVa05GUjFKUFZWQkVSVXhGVkVsUFRrcFBRaTFRVXpjek1EUXRWMFZUVkVORlRsUlNRVXhWVXlJc0ltcHZZa3h2WTJGMGFXOXVJam9pZDJWemRHTmxiblJ5WVd4MWN5Sjk/YXBpLXZlcnNpb249MjAxNi0wOS0wMQ==",
      "RequestMethod": "GET",
      "RequestBody": "",
      "RequestHeaders": {
        "User-Agent": [
          "FxVersion/4.7.3132.0",
          "OSName/Windows10Enterprise",
          "OSVersion/6.3.17134",
          "Microsoft.Azure.Management.Internal.Resources.ResourceManagementClient/4.1.0"
        ]
      },
      "ResponseBody": "",
      "ResponseHeaders": {
        "Content-Length": [
          "0"
        ],
        "Expires": [
          "-1"
        ],
        "Pragma": [
          "no-cache"
        ],
        "Retry-After": [
          "15"
        ],
        "x-ms-ratelimit-remaining-subscription-reads": [
          "11981"
        ],
        "x-ms-request-id": [
          "398decec-07fc-4e32-a02c-83be4bcf3873"
        ],
        "x-ms-correlation-request-id": [
          "398decec-07fc-4e32-a02c-83be4bcf3873"
        ],
        "x-ms-routing-request-id": [
          "BRAZILUS:20180907T052102Z:398decec-07fc-4e32-a02c-83be4bcf3873"
        ],
        "Strict-Transport-Security": [
          "max-age=31536000; includeSubDomains"
        ],
        "X-Content-Type-Options": [
          "nosniff"
        ],
        "Cache-Control": [
          "no-cache"
        ],
        "Date": [
          "Fri, 07 Sep 2018 05:21:01 GMT"
        ],
        "Location": [
          "https://brazilus.management.azure.com/subscriptions/947d47b4-7883-4bb9-9d85-c5e8e2f572ce/operationresults/eyJqb2JJZCI6IlJFU09VUkNFR1JPVVBERUxFVElPTkpPQi1QUzczMDQtV0VTVENFTlRSQUxVUyIsImpvYkxvY2F0aW9uIjoid2VzdGNlbnRyYWx1cyJ9?api-version=2016-09-01"
        ]
      },
      "StatusCode": 202
    },
    {
      "RequestUri": "/subscriptions/947d47b4-7883-4bb9-9d85-c5e8e2f572ce/operationresults/eyJqb2JJZCI6IlJFU09VUkNFR1JPVVBERUxFVElPTkpPQi1QUzczMDQtV0VTVENFTlRSQUxVUyIsImpvYkxvY2F0aW9uIjoid2VzdGNlbnRyYWx1cyJ9?api-version=2016-09-01",
      "EncodedRequestUri": "L3N1YnNjcmlwdGlvbnMvOTQ3ZDQ3YjQtNzg4My00YmI5LTlkODUtYzVlOGUyZjU3MmNlL29wZXJhdGlvbnJlc3VsdHMvZXlKcWIySkpaQ0k2SWxKRlUwOVZVa05GUjFKUFZWQkVSVXhGVkVsUFRrcFBRaTFRVXpjek1EUXRWMFZUVkVORlRsUlNRVXhWVXlJc0ltcHZZa3h2WTJGMGFXOXVJam9pZDJWemRHTmxiblJ5WVd4MWN5Sjk/YXBpLXZlcnNpb249MjAxNi0wOS0wMQ==",
      "RequestMethod": "GET",
      "RequestBody": "",
      "RequestHeaders": {
        "User-Agent": [
          "FxVersion/4.7.3132.0",
          "OSName/Windows10Enterprise",
          "OSVersion/6.3.17134",
          "Microsoft.Azure.Management.Internal.Resources.ResourceManagementClient/4.1.0"
        ]
      },
      "ResponseBody": "",
      "ResponseHeaders": {
        "Content-Length": [
          "0"
        ],
        "Expires": [
          "-1"
        ],
        "Pragma": [
          "no-cache"
        ],
        "Retry-After": [
          "15"
        ],
        "x-ms-ratelimit-remaining-subscription-reads": [
          "11980"
        ],
        "x-ms-request-id": [
          "8bdf6a15-96f0-4d98-8622-44dd7509ab0b"
        ],
        "x-ms-correlation-request-id": [
          "8bdf6a15-96f0-4d98-8622-44dd7509ab0b"
        ],
        "x-ms-routing-request-id": [
          "BRAZILUS:20180907T052117Z:8bdf6a15-96f0-4d98-8622-44dd7509ab0b"
        ],
        "Strict-Transport-Security": [
          "max-age=31536000; includeSubDomains"
        ],
        "X-Content-Type-Options": [
          "nosniff"
        ],
        "Cache-Control": [
          "no-cache"
        ],
        "Date": [
          "Fri, 07 Sep 2018 05:21:16 GMT"
        ],
        "Location": [
          "https://brazilus.management.azure.com/subscriptions/947d47b4-7883-4bb9-9d85-c5e8e2f572ce/operationresults/eyJqb2JJZCI6IlJFU09VUkNFR1JPVVBERUxFVElPTkpPQi1QUzczMDQtV0VTVENFTlRSQUxVUyIsImpvYkxvY2F0aW9uIjoid2VzdGNlbnRyYWx1cyJ9?api-version=2016-09-01"
        ]
      },
      "StatusCode": 202
    },
    {
      "RequestUri": "/subscriptions/947d47b4-7883-4bb9-9d85-c5e8e2f572ce/operationresults/eyJqb2JJZCI6IlJFU09VUkNFR1JPVVBERUxFVElPTkpPQi1QUzczMDQtV0VTVENFTlRSQUxVUyIsImpvYkxvY2F0aW9uIjoid2VzdGNlbnRyYWx1cyJ9?api-version=2016-09-01",
      "EncodedRequestUri": "L3N1YnNjcmlwdGlvbnMvOTQ3ZDQ3YjQtNzg4My00YmI5LTlkODUtYzVlOGUyZjU3MmNlL29wZXJhdGlvbnJlc3VsdHMvZXlKcWIySkpaQ0k2SWxKRlUwOVZVa05GUjFKUFZWQkVSVXhGVkVsUFRrcFBRaTFRVXpjek1EUXRWMFZUVkVORlRsUlNRVXhWVXlJc0ltcHZZa3h2WTJGMGFXOXVJam9pZDJWemRHTmxiblJ5WVd4MWN5Sjk/YXBpLXZlcnNpb249MjAxNi0wOS0wMQ==",
      "RequestMethod": "GET",
      "RequestBody": "",
      "RequestHeaders": {
        "User-Agent": [
          "FxVersion/4.7.3132.0",
          "OSName/Windows10Enterprise",
          "OSVersion/6.3.17134",
          "Microsoft.Azure.Management.Internal.Resources.ResourceManagementClient/4.1.0"
        ]
      },
      "ResponseBody": "",
      "ResponseHeaders": {
        "Content-Length": [
          "0"
        ],
        "Expires": [
          "-1"
        ],
        "Pragma": [
          "no-cache"
        ],
        "x-ms-ratelimit-remaining-subscription-reads": [
          "11979"
        ],
        "x-ms-request-id": [
          "dd6cbf53-0d10-4a68-8ae3-1132e6641ba0"
        ],
        "x-ms-correlation-request-id": [
          "dd6cbf53-0d10-4a68-8ae3-1132e6641ba0"
        ],
        "x-ms-routing-request-id": [
          "BRAZILUS:20180907T052132Z:dd6cbf53-0d10-4a68-8ae3-1132e6641ba0"
        ],
        "Strict-Transport-Security": [
          "max-age=31536000; includeSubDomains"
        ],
        "X-Content-Type-Options": [
          "nosniff"
        ],
        "Cache-Control": [
          "no-cache"
        ],
        "Date": [
          "Fri, 07 Sep 2018 05:21:32 GMT"
        ]
      },
      "StatusCode": 200
    },
    {
      "RequestUri": "/subscriptions/947d47b4-7883-4bb9-9d85-c5e8e2f572ce/operationresults/eyJqb2JJZCI6IlJFU09VUkNFR1JPVVBERUxFVElPTkpPQi1QUzczMDQtV0VTVENFTlRSQUxVUyIsImpvYkxvY2F0aW9uIjoid2VzdGNlbnRyYWx1cyJ9?api-version=2016-09-01",
      "EncodedRequestUri": "L3N1YnNjcmlwdGlvbnMvOTQ3ZDQ3YjQtNzg4My00YmI5LTlkODUtYzVlOGUyZjU3MmNlL29wZXJhdGlvbnJlc3VsdHMvZXlKcWIySkpaQ0k2SWxKRlUwOVZVa05GUjFKUFZWQkVSVXhGVkVsUFRrcFBRaTFRVXpjek1EUXRWMFZUVkVORlRsUlNRVXhWVXlJc0ltcHZZa3h2WTJGMGFXOXVJam9pZDJWemRHTmxiblJ5WVd4MWN5Sjk/YXBpLXZlcnNpb249MjAxNi0wOS0wMQ==",
      "RequestMethod": "GET",
      "RequestBody": "",
      "RequestHeaders": {
        "User-Agent": [
          "FxVersion/4.7.3132.0",
          "OSName/Windows10Enterprise",
          "OSVersion/6.3.17134",
          "Microsoft.Azure.Management.Internal.Resources.ResourceManagementClient/4.1.0"
        ]
      },
      "ResponseBody": "",
      "ResponseHeaders": {
        "Content-Length": [
          "0"
        ],
        "Expires": [
          "-1"
        ],
        "Pragma": [
          "no-cache"
        ],
        "x-ms-ratelimit-remaining-subscription-reads": [
          "11978"
        ],
        "x-ms-request-id": [
          "3c9e8cfa-58a4-4c67-a102-02332a0985ff"
        ],
        "x-ms-correlation-request-id": [
          "3c9e8cfa-58a4-4c67-a102-02332a0985ff"
        ],
        "x-ms-routing-request-id": [
          "BRAZILUS:20180907T052132Z:3c9e8cfa-58a4-4c67-a102-02332a0985ff"
        ],
        "Strict-Transport-Security": [
          "max-age=31536000; includeSubDomains"
        ],
        "X-Content-Type-Options": [
          "nosniff"
        ],
        "Cache-Control": [
          "no-cache"
        ],
        "Date": [
          "Fri, 07 Sep 2018 05:21:32 GMT"
        ]
      },
      "StatusCode": 200
    }
  ],
  "Names": {
    "Test-NetworkUsage": [
      "ps7304",
      "ps1687",
      "ps506"
    ]
  },
  "Variables": {
    "SubscriptionId": "947d47b4-7883-4bb9-9d85-c5e8e2f572ce"
  }
}