{
  "New-AzServiceLinkerForWebApp+[NoContext]+New postgresql connection+$PUT+https://management.azure.com//subscriptions/937bc588-a144-4083-8612-5f9ffbbddb14/resourceGroups/servicelinker-test-linux-group/providers/Microsoft.Web/sites/servicelinker-powershell/providers/Microsoft.ServiceLinker/linkers/ps_linker?api-version=2022-11-01-preview+1": {
    "Request": {
      "Method": "PUT",
      "RequestUri": "https://management.azure.com//subscriptions/937bc588-a144-4083-8612-5f9ffbbddb14/resourceGroups/servicelinker-test-linux-group/providers/Microsoft.Web/sites/servicelinker-powershell/providers/Microsoft.ServiceLinker/linkers/ps_linker?api-version=2022-11-01-preview",
      "Content": "{\n  \"properties\": {\n    \"targetService\": {\n      \"type\": \"AzureResource\",\n      \"id\": \"/subscriptions/937bc588-a144-4083-8612-5f9ffbbddb14/resourceGroups/servicelinker-test-linux-group/providers/Microsoft.DBforPostgreSQL/servers/servicelinker-postgresql/databases/postgres\"\n    },\n    \"authInfo\": {\n      \"authType\": \"secret\",\n      \"name\": \"servicelinker\",\n      \"secretInfo\": {\n        \"secretType\": \"keyVaultSecretUri\",\n        \"value\": \"https://servicelinker-kv-ref.vault.azure.net/secrets/azure-mysql-host-28449/cc5d8095a54f4755b342f4e7884b5c84\"\n      }\n    },\n    \"clientType\": \"none\"\n  }\n}",
      "isContentBase64": false,
      "Headers": {
      },
      "ContentHeaders": {
        "Content-Type": [ "application/json" ],
        "Content-Length": [ "596" ]
      }
    },
    "Response": {
      "StatusCode": 201,
      "Headers": {
        "Cache-Control": [ "no-cache" ],
        "Pragma": [ "no-cache" ],
        "ETag": [ "\"ea0007ce-0000-0100-0000-63d7527f0000\"" ],
        "x-ms-ratelimit-remaining-subscription-writes": [ "1198" ],
        "x-ms-providerhub-traffic": [ "True" ],
        "mise-correlation-id": [ "c26a5a61-290e-4467-aa41-7d0a550f3be4" ],
        "Strict-Transport-Security": [ "max-age=31536000; includeSubDomains" ],
        "Azure-AsyncOperation": [ "https://management.azure.com/subscriptions/937bc588-a144-4083-8612-5f9ffbbddb14/providers/Microsoft.ServiceLinker/locations/EASTUS/operationStatuses/0c756920-5373-4fa6-875f-1269fb8ef088*1DBA0E39B422ED3F2F61DD3B4A9FF51C1FA136EBEE12A84D4CBF1569EFDA5F38?api-version=2021-01-01-privatepreview" ],
        "x-ms-request-id": [ "0c756920-5373-4fa6-875f-1269fb8ef088" ],
        "x-ms-correlation-request-id": [ "1fa792d2-46f5-4efa-a08f-1b813096d0bc" ],
        "x-ms-routing-request-id": [ "KOREASOUTH:20230130T051543Z:1fa792d2-46f5-4efa-a08f-1b813096d0bc" ],
        "X-Content-Type-Options": [ "nosniff" ],
        "Date": [ "Mon, 30 Jan 2023 05:15:43 GMT" ]
      },
      "ContentHeaders": {
        "Content-Length": [ "1170" ],
        "Content-Type": [ "application/json; charset=utf-8" ],
        "Expires": [ "-1" ]
      },
      "Content": "{\"id\":\"/subscriptions/937bc588-a144-4083-8612-5f9ffbbddb14/resourceGroups/servicelinker-test-linux-group/providers/Microsoft.Web/sites/servicelinker-powershell/providers/Microsoft.ServiceLinker/linkers/ps_linker\",\"name\":\"ps_linker\",\"type\":\"microsoft.servicelinker/linkers\",\"systemData\":{\"createdBy\":\"xiaofanzhou@microsoft.com\",\"createdByType\":\"User\",\"createdAt\":\"2023-01-30T05:15:43.3759259Z\",\"lastModifiedBy\":\"xiaofanzhou@microsoft.com\",\"lastModifiedByType\":\"User\",\"lastModifiedAt\":\"2023-01-30T05:15:43.3759259Z\"},\"properties\":{\"provisioningState\":\"Accepted\",\"targetService\":{\"id\":\"/subscriptions/937bc588-a144-4083-8612-5f9ffbbddb14/resourceGroups/servicelinker-test-linux-group/providers/Microsoft.DBforPostgreSQL/servers/servicelinker-postgresql/databases/postgres\",\"resourceProperties\":null,\"type\":\"AzureResource\"},\"authInfo\":{\"name\":\"servicelinker\",\"secretInfo\":{\"value\":\"https://servicelinker-kv-ref.vault.azure.net/secrets/azure-mysql-host-28449/cc5d8095a54f4755b342f4e7884b5c84\",\"secretType\":\"keyVaultSecretUri\"},\"authType\":\"secret\"},\"vNetSolution\":null,\"clientType\":\"none\",\"secretStore\":null,\"scope\":null,\"publicNetworkSolution\":null,\"configurationInfo\":null}}",
      "isContentBase64": false
    }
  },
  "New-AzServiceLinkerForWebApp+[NoContext]+New postgresql connection+$GET+https://management.azure.com/subscriptions/937bc588-a144-4083-8612-5f9ffbbddb14/providers/Microsoft.ServiceLinker/locations/EASTUS/operationStatuses/0c756920-5373-4fa6-875f-1269fb8ef088*1DBA0E39B422ED3F2F61DD3B4A9FF51C1FA136EBEE12A84D4CBF1569EFDA5F38?api-version=2021-01-01-privatepreview+2": {
    "Request": {
      "Method": "GET",
      "RequestUri": "https://management.azure.com/subscriptions/937bc588-a144-4083-8612-5f9ffbbddb14/providers/Microsoft.ServiceLinker/locations/EASTUS/operationStatuses/0c756920-5373-4fa6-875f-1269fb8ef088*1DBA0E39B422ED3F2F61DD3B4A9FF51C1FA136EBEE12A84D4CBF1569EFDA5F38?api-version=2021-01-01-privatepreview",
      "Content": null,
      "isContentBase64": false,
      "Headers": {
        "Authorization": [ "[Filtered]" ],
        "x-ms-unique-id": [ "20" ],
        "x-ms-client-request-id": [ "b4d1486c-ddc6-4d2e-a007-9de0d1181950" ],
        "CommandName": [ "Az.ServiceLinker.internal\\New-AzServiceLinker" ],
        "FullCommandName": [ "New-AzServiceLinker_CreateExpanded" ],
        "ParameterSetName": [ "__AllParameterSets" ],
        "User-Agent": [ "AzurePowershell/v0.0.0", "PSVersion/v7.1.3", "Az.ServiceLinker/0.1.0" ]
      },
      "ContentHeaders": {
      }
    },
    "Response": {
      "StatusCode": 200,
      "Headers": {
        "Cache-Control": [ "no-cache" ],
        "Pragma": [ "no-cache" ],
        "ETag": [ "\"b204c29d-0000-0100-0000-63d752860000\"" ],
        "x-ms-ratelimit-remaining-subscription-reads": [ "11986" ],
        "x-ms-request-id": [ "0e695891-a6ea-45a3-b042-a1a17f6585d6" ],
        "x-ms-correlation-request-id": [ "b191be6f-4515-4e04-b54d-30fcfbcba8a0" ],
        "x-ms-routing-request-id": [ "KOREASOUTH:20230130T051615Z:b191be6f-4515-4e04-b54d-30fcfbcba8a0" ],
        "Strict-Transport-Security": [ "max-age=31536000; includeSubDomains" ],
        "X-Content-Type-Options": [ "nosniff" ],
        "Date": [ "Mon, 30 Jan 2023 05:16:15 GMT" ]
      },
      "ContentHeaders": {
        "Content-Length": [ "820" ],
        "Content-Type": [ "application/json; charset=utf-8" ],
        "Expires": [ "-1" ]
      },
      "Content": "{\"id\":\"/subscriptions/937bc588-a144-4083-8612-5f9ffbbddb14/providers/Microsoft.ServiceLinker/locations/EASTUS/operationStatuses/0c756920-5373-4fa6-875f-1269fb8ef088*1DBA0E39B422ED3F2F61DD3B4A9FF51C1FA136EBEE12A84D4CBF1569EFDA5F38\",\"name\":\"0c756920-5373-4fa6-875f-1269fb8ef088*1DBA0E39B422ED3F2F61DD3B4A9FF51C1FA136EBEE12A84D4CBF1569EFDA5F38\",\"resourceId\":\"/subscriptions/937bc588-a144-4083-8612-5f9ffbbddb14/resourceGroups/servicelinker-test-linux-group/providers/Microsoft.Web/sites/servicelinker-powershell/providers/Microsoft.ServiceLinker/linkers/ps_linker\",\"status\":\"Succeeded\",\"startTime\":\"2023-01-30T05:15:43.7033391Z\",\"endTime\":\"2023-01-30T05:15:50.2861288Z\",\"properties\":{\"Message\":\"Deny public network access is set to yes. Please confirm you are using private endpoint connection to access target resource.\"}}",
      "isContentBase64": false
    }
  },
  "New-AzServiceLinkerForWebApp+[NoContext]+New postgresql connection+$GET+https://management.azure.com//subscriptions/937bc588-a144-4083-8612-5f9ffbbddb14/resourceGroups/servicelinker-test-linux-group/providers/Microsoft.Web/sites/servicelinker-powershell/providers/Microsoft.ServiceLinker/linkers/ps_linker?api-version=2022-11-01-preview+3": {
    "Request": {
      "Method": "GET",
      "RequestUri": "https://management.azure.com//subscriptions/937bc588-a144-4083-8612-5f9ffbbddb14/resourceGroups/servicelinker-test-linux-group/providers/Microsoft.Web/sites/servicelinker-powershell/providers/Microsoft.ServiceLinker/linkers/ps_linker?api-version=2022-11-01-preview",
      "Content": null,
      "isContentBase64": false,
      "Headers": {
        "Authorization": [ "[Filtered]" ],
        "x-ms-unique-id": [ "21" ],
        "x-ms-client-request-id": [ "b4d1486c-ddc6-4d2e-a007-9de0d1181950" ],
        "CommandName": [ "Az.ServiceLinker.internal\\New-AzServiceLinker" ],
        "FullCommandName": [ "New-AzServiceLinker_CreateExpanded" ],
        "ParameterSetName": [ "__AllParameterSets" ],
        "User-Agent": [ "AzurePowershell/v0.0.0", "PSVersion/v7.1.3", "Az.ServiceLinker/0.1.0" ]
      },
      "ContentHeaders": {
      }
    },
    "Response": {
      "StatusCode": 200,
      "Headers": {
        "Cache-Control": [ "no-cache" ],
        "Pragma": [ "no-cache" ],
        "ETag": [ "\"ea001ace-0000-0100-0000-63d752860000\"" ],
        "x-ms-ratelimit-remaining-subscription-reads": [ "11985" ],
        "x-ms-providerhub-traffic": [ "True" ],
        "mise-correlation-id": [ "f1e43c24-06a0-4365-81a0-a27586139d6f" ],
        "Strict-Transport-Security": [ "max-age=31536000; includeSubDomains" ],
        "x-ms-request-id": [ "e7b810f1-d91b-48cb-9591-ac6009a868b4" ],
        "x-ms-correlation-request-id": [ "c256e4da-4bee-4d9e-82a2-a07638f75ffa" ],
        "x-ms-routing-request-id": [ "KOREASOUTH:20230130T051615Z:c256e4da-4bee-4d9e-82a2-a07638f75ffa" ],
        "X-Content-Type-Options": [ "nosniff" ],
        "Date": [ "Mon, 30 Jan 2023 05:16:15 GMT" ]
      },
      "ContentHeaders": {
        "Content-Length": [ "1171" ],
        "Content-Type": [ "application/json; charset=utf-8" ],
        "Expires": [ "-1" ]
      },
      "Content": "{\"id\":\"/subscriptions/937bc588-a144-4083-8612-5f9ffbbddb14/resourceGroups/servicelinker-test-linux-group/providers/Microsoft.Web/sites/servicelinker-powershell/providers/Microsoft.ServiceLinker/linkers/ps_linker\",\"name\":\"ps_linker\",\"type\":\"microsoft.servicelinker/linkers\",\"systemData\":{\"createdBy\":\"xiaofanzhou@microsoft.com\",\"createdByType\":\"User\",\"createdAt\":\"2023-01-30T05:15:43.3759259Z\",\"lastModifiedBy\":\"xiaofanzhou@microsoft.com\",\"lastModifiedByType\":\"User\",\"lastModifiedAt\":\"2023-01-30T05:15:43.3759259Z\"},\"properties\":{\"publicNetworkSolution\":null,\"configurationInfo\":null,\"provisioningState\":\"Succeeded\",\"targetService\":{\"id\":\"/subscriptions/937bc588-a144-4083-8612-5f9ffbbddb14/resourceGroups/servicelinker-test-linux-group/providers/Microsoft.DBforPostgreSQL/servers/servicelinker-postgresql/databases/postgres\",\"resourceProperties\":null,\"type\":\"AzureResource\"},\"authInfo\":{\"name\":\"servicelinker\",\"secretInfo\":{\"value\":\"https://servicelinker-kv-ref.vault.azure.net/secrets/azure-mysql-host-28449/cc5d8095a54f4755b342f4e7884b5c84\",\"secretType\":\"keyVaultSecretUri\"},\"authType\":\"secret\"},\"clientType\":\"none\",\"scope\":null,\"vNetSolution\":null,\"secretStore\":null}}",
      "isContentBase64": false
    }
  },
  "New-AzServiceLinkerForWebApp+[NoContext]+New postgresql connection+$GET+https://management.azure.com//subscriptions/937bc588-a144-4083-8612-5f9ffbbddb14/resourceGroups/servicelinker-test-linux-group/providers/Microsoft.Web/sites/servicelinker-powershell/providers/Microsoft.ServiceLinker/linkers?api-version=2022-11-01-preview+4": {
    "Request": {
      "Method": "GET",
      "RequestUri": "https://management.azure.com//subscriptions/937bc588-a144-4083-8612-5f9ffbbddb14/resourceGroups/servicelinker-test-linux-group/providers/Microsoft.Web/sites/servicelinker-powershell/providers/Microsoft.ServiceLinker/linkers?api-version=2022-11-01-preview",
      "Content": null,
      "isContentBase64": false,
      "Headers": {
        "x-ms-unique-id": [ "22" ],
        "x-ms-client-request-id": [ "ff3eb2ee-4d40-406d-8d48-ae7947759cea" ],
        "CommandName": [ "Az.ServiceLinker.internal\\Get-AzServiceLinker" ],
        "FullCommandName": [ "Get-AzServiceLinker_List" ],
        "ParameterSetName": [ "__AllParameterSets" ],
        "User-Agent": [ "AzurePowershell/v0.0.0", "PSVersion/v7.1.3", "Az.ServiceLinker/0.1.0" ],
        "Authorization": [ "[Filtered]" ]
      },
      "ContentHeaders": {
      }
    },
    "Response": {
      "StatusCode": 200,
      "Headers": {
        "Cache-Control": [ "no-cache" ],
        "Pragma": [ "no-cache" ],
        "x-ms-ratelimit-remaining-subscription-reads": [ "11984" ],
        "x-ms-providerhub-traffic": [ "True" ],
        "mise-correlation-id": [ "5102cf6d-2331-4dab-b543-44f222b3e3f9" ],
        "Strict-Transport-Security": [ "max-age=31536000; includeSubDomains" ],
        "x-ms-request-id": [ "eda4ea64-8a29-4288-abdd-650a6cd752e0" ],
        "x-ms-correlation-request-id": [ "8c8fa099-2d5c-4e7f-94c7-256f743b9759" ],
        "x-ms-routing-request-id": [ "KOREASOUTH:20230130T051616Z:8c8fa099-2d5c-4e7f-94c7-256f743b9759" ],
        "X-Content-Type-Options": [ "nosniff" ],
        "Date": [ "Mon, 30 Jan 2023 05:16:16 GMT" ]
      },
      "ContentHeaders": {
        "Content-Length": [ "1183" ],
        "Content-Type": [ "application/json; charset=utf-8" ],
        "Expires": [ "-1" ]
      },
      "Content": "{\"value\":[{\"id\":\"/subscriptions/937bc588-a144-4083-8612-5f9ffbbddb14/resourceGroups/servicelinker-test-linux-group/providers/Microsoft.Web/sites/servicelinker-powershell/providers/Microsoft.ServiceLinker/linkers/ps_linker\",\"name\":\"ps_linker\",\"type\":\"microsoft.servicelinker/linkers\",\"systemData\":{\"createdBy\":\"xiaofanzhou@microsoft.com\",\"createdByType\":\"User\",\"createdAt\":\"2023-01-30T05:15:43.3759259Z\",\"lastModifiedBy\":\"xiaofanzhou@microsoft.com\",\"lastModifiedByType\":\"User\",\"lastModifiedAt\":\"2023-01-30T05:15:43.3759259Z\"},\"properties\":{\"publicNetworkSolution\":null,\"configurationInfo\":null,\"provisioningState\":\"Succeeded\",\"targetService\":{\"id\":\"/subscriptions/937bc588-a144-4083-8612-5f9ffbbddb14/resourceGroups/servicelinker-test-linux-group/providers/Microsoft.DBforPostgreSQL/servers/servicelinker-postgresql/databases/postgres\",\"resourceProperties\":null,\"type\":\"AzureResource\"},\"authInfo\":{\"name\":\"servicelinker\",\"secretInfo\":{\"value\":\"https://servicelinker-kv-ref.vault.azure.net/secrets/azure-mysql-host-28449/cc5d8095a54f4755b342f4e7884b5c84\",\"secretType\":\"keyVaultSecretUri\"},\"authType\":\"secret\"},\"clientType\":\"none\",\"scope\":null,\"vNetSolution\":null,\"secretStore\":null}}]}",
      "isContentBase64": false
    }
  },
  "New-AzServiceLinkerForWebApp+[NoContext]+New postgresql connection+$PUT+https://management.azure.com//subscriptions/937bc588-a144-4083-8612-5f9ffbbddb14/resourceGroups/servicelinker-test-linux-group/providers/Microsoft.Web/sites/servicelinker-powershell/providers/Microsoft.ServiceLinker/linkers/ps_linker?api-version=2022-11-01-preview+5": {
    "Request": {
      "Method": "PUT",
      "RequestUri": "https://management.azure.com//subscriptions/937bc588-a144-4083-8612-5f9ffbbddb14/resourceGroups/servicelinker-test-linux-group/providers/Microsoft.Web/sites/servicelinker-powershell/providers/Microsoft.ServiceLinker/linkers/ps_linker?api-version=2022-11-01-preview",
      "Content": "{\n  \"properties\": {\n    \"targetService\": {\n      \"type\": \"AzureResource\",\n      \"id\": \"/subscriptions/937bc588-a144-4083-8612-5f9ffbbddb14/resourceGroups/servicelinker-test-linux-group/providers/Microsoft.DBforPostgreSQL/servers/servicelinker-postgresql/databases/postgres\"\n    },\n    \"authInfo\": {\n      \"authType\": \"secret\",\n      \"name\": \"servicelinker\",\n      \"secretInfo\": {\n        \"secretType\": \"keyVaultSecretUri\",\n        \"value\": \"https://servicelinker-kv-ref.vault.azure.net/secrets/azure-mysql-host-28449/cc5d8095a54f4755b342f4e7884b5c84\"\n      }\n    },\n    \"clientType\": \"dotnet\"\n  }\n}",
      "isContentBase64": false,
      "Headers": {
      },
      "ContentHeaders": {
        "Content-Type": [ "application/json" ],
        "Content-Length": [ "598" ]
      }
    },
    "Response": {
      "StatusCode": 201,
      "Headers": {
        "Cache-Control": [ "no-cache" ],
        "Pragma": [ "no-cache" ],
        "ETag": [ "\"ea0077ce-0000-0100-0000-63d752a10000\"" ],
        "x-ms-ratelimit-remaining-subscription-writes": [ "1197" ],
        "x-ms-providerhub-traffic": [ "True" ],
        "mise-correlation-id": [ "abab3f02-67e9-4460-a62d-0ff5fbf76143" ],
        "Strict-Transport-Security": [ "max-age=31536000; includeSubDomains" ],
        "Azure-AsyncOperation": [ "https://management.azure.com/subscriptions/937bc588-a144-4083-8612-5f9ffbbddb14/providers/Microsoft.ServiceLinker/locations/EASTUS/operationStatuses/ed27d797-5519-4b7b-8ef3-45d428f67e3e*1DBA0E39B422ED3F2F61DD3B4A9FF51C1FA136EBEE12A84D4CBF1569EFDA5F38?api-version=2021-01-01-privatepreview" ],
        "x-ms-request-id": [ "ed27d797-5519-4b7b-8ef3-45d428f67e3e" ],
        "x-ms-correlation-request-id": [ "083d44d5-85ff-43fa-9d9c-d87b936ebadf" ],
        "x-ms-routing-request-id": [ "KOREASOUTH:20230130T051617Z:083d44d5-85ff-43fa-9d9c-d87b936ebadf" ],
        "X-Content-Type-Options": [ "nosniff" ],
        "Date": [ "Mon, 30 Jan 2023 05:16:17 GMT" ]
      },
      "ContentHeaders": {
        "Content-Length": [ "1172" ],
        "Content-Type": [ "application/json; charset=utf-8" ],
        "Expires": [ "-1" ]
      },
      "Content": "{\"id\":\"/subscriptions/937bc588-a144-4083-8612-5f9ffbbddb14/resourceGroups/servicelinker-test-linux-group/providers/Microsoft.Web/sites/servicelinker-powershell/providers/Microsoft.ServiceLinker/linkers/ps_linker\",\"name\":\"ps_linker\",\"type\":\"microsoft.servicelinker/linkers\",\"systemData\":{\"createdBy\":\"xiaofanzhou@microsoft.com\",\"createdByType\":\"User\",\"createdAt\":\"2023-01-30T05:15:43.3759259Z\",\"lastModifiedBy\":\"xiaofanzhou@microsoft.com\",\"lastModifiedByType\":\"User\",\"lastModifiedAt\":\"2023-01-30T05:16:17.2985955Z\"},\"properties\":{\"provisioningState\":\"Accepted\",\"targetService\":{\"id\":\"/subscriptions/937bc588-a144-4083-8612-5f9ffbbddb14/resourceGroups/servicelinker-test-linux-group/providers/Microsoft.DBforPostgreSQL/servers/servicelinker-postgresql/databases/postgres\",\"resourceProperties\":null,\"type\":\"AzureResource\"},\"authInfo\":{\"name\":\"servicelinker\",\"secretInfo\":{\"value\":\"https://servicelinker-kv-ref.vault.azure.net/secrets/azure-mysql-host-28449/cc5d8095a54f4755b342f4e7884b5c84\",\"secretType\":\"keyVaultSecretUri\"},\"authType\":\"secret\"},\"vNetSolution\":null,\"clientType\":\"dotnet\",\"secretStore\":null,\"scope\":null,\"publicNetworkSolution\":null,\"configurationInfo\":null}}",
      "isContentBase64": false
    }
  },
  "New-AzServiceLinkerForWebApp+[NoContext]+New postgresql connection+$GET+https://management.azure.com/subscriptions/937bc588-a144-4083-8612-5f9ffbbddb14/providers/Microsoft.ServiceLinker/locations/EASTUS/operationStatuses/ed27d797-5519-4b7b-8ef3-45d428f67e3e*1DBA0E39B422ED3F2F61DD3B4A9FF51C1FA136EBEE12A84D4CBF1569EFDA5F38?api-version=2021-01-01-privatepreview+6": {
    "Request": {
      "Method": "GET",
      "RequestUri": "https://management.azure.com/subscriptions/937bc588-a144-4083-8612-5f9ffbbddb14/providers/Microsoft.ServiceLinker/locations/EASTUS/operationStatuses/ed27d797-5519-4b7b-8ef3-45d428f67e3e*1DBA0E39B422ED3F2F61DD3B4A9FF51C1FA136EBEE12A84D4CBF1569EFDA5F38?api-version=2021-01-01-privatepreview",
      "Content": null,
      "isContentBase64": false,
      "Headers": {
        "Authorization": [ "[Filtered]" ],
        "x-ms-unique-id": [ "24" ],
        "x-ms-client-request-id": [ "48abfedb-3a0b-40ad-88ce-746a01abfb45" ],
        "CommandName": [ "Az.ServiceLinker.internal\\New-AzServiceLinker" ],
        "FullCommandName": [ "New-AzServiceLinker_CreateExpanded" ],
        "ParameterSetName": [ "__AllParameterSets" ],
        "User-Agent": [ "AzurePowershell/v0.0.0", "PSVersion/v7.1.3", "Az.ServiceLinker/0.1.0" ]
      },
      "ContentHeaders": {
      }
    },
    "Response": {
      "StatusCode": 200,
      "Headers": {
        "Cache-Control": [ "no-cache" ],
        "Pragma": [ "no-cache" ],
        "ETag": [ "\"b204cb9d-0000-0100-0000-63d752a70000\"" ],
        "x-ms-ratelimit-remaining-subscription-reads": [ "11983" ],
        "x-ms-request-id": [ "3f2fe967-a5df-48bf-b36b-dfeff2614ef1" ],
        "x-ms-correlation-request-id": [ "5ea0324a-8b42-48b1-a32d-f9d6aa908cc9" ],
        "x-ms-routing-request-id": [ "KOREASOUTH:20230130T051648Z:5ea0324a-8b42-48b1-a32d-f9d6aa908cc9" ],
        "Strict-Transport-Security": [ "max-age=31536000; includeSubDomains" ],
        "X-Content-Type-Options": [ "nosniff" ],
        "Date": [ "Mon, 30 Jan 2023 05:16:47 GMT" ]
      },
      "ContentHeaders": {
        "Content-Length": [ "820" ],
        "Content-Type": [ "application/json; charset=utf-8" ],
        "Expires": [ "-1" ]
      },
      "Content": "{\"id\":\"/subscriptions/937bc588-a144-4083-8612-5f9ffbbddb14/providers/Microsoft.ServiceLinker/locations/EASTUS/operationStatuses/ed27d797-5519-4b7b-8ef3-45d428f67e3e*1DBA0E39B422ED3F2F61DD3B4A9FF51C1FA136EBEE12A84D4CBF1569EFDA5F38\",\"name\":\"ed27d797-5519-4b7b-8ef3-45d428f67e3e*1DBA0E39B422ED3F2F61DD3B4A9FF51C1FA136EBEE12A84D4CBF1569EFDA5F38\",\"resourceId\":\"/subscriptions/937bc588-a144-4083-8612-5f9ffbbddb14/resourceGroups/servicelinker-test-linux-group/providers/Microsoft.Web/sites/servicelinker-powershell/providers/Microsoft.ServiceLinker/linkers/ps_linker\",\"status\":\"Succeeded\",\"startTime\":\"2023-01-30T05:16:17.6477191Z\",\"endTime\":\"2023-01-30T05:16:23.4403291Z\",\"properties\":{\"Message\":\"Deny public network access is set to yes. Please confirm you are using private endpoint connection to access target resource.\"}}",
      "isContentBase64": false
    }
  },
  "New-AzServiceLinkerForWebApp+[NoContext]+New postgresql connection+$GET+https://management.azure.com//subscriptions/937bc588-a144-4083-8612-5f9ffbbddb14/resourceGroups/servicelinker-test-linux-group/providers/Microsoft.Web/sites/servicelinker-powershell/providers/Microsoft.ServiceLinker/linkers/ps_linker?api-version=2022-11-01-preview+7": {
    "Request": {
      "Method": "GET",
      "RequestUri": "https://management.azure.com//subscriptions/937bc588-a144-4083-8612-5f9ffbbddb14/resourceGroups/servicelinker-test-linux-group/providers/Microsoft.Web/sites/servicelinker-powershell/providers/Microsoft.ServiceLinker/linkers/ps_linker?api-version=2022-11-01-preview",
      "Content": null,
      "isContentBase64": false,
      "Headers": {
        "Authorization": [ "[Filtered]" ],
        "x-ms-unique-id": [ "25" ],
        "x-ms-client-request-id": [ "48abfedb-3a0b-40ad-88ce-746a01abfb45" ],
        "CommandName": [ "Az.ServiceLinker.internal\\New-AzServiceLinker" ],
        "FullCommandName": [ "New-AzServiceLinker_CreateExpanded" ],
        "ParameterSetName": [ "__AllParameterSets" ],
        "User-Agent": [ "AzurePowershell/v0.0.0", "PSVersion/v7.1.3", "Az.ServiceLinker/0.1.0" ]
      },
      "ContentHeaders": {
      }
    },
    "Response": {
      "StatusCode": 200,
      "Headers": {
        "Cache-Control": [ "no-cache" ],
        "Pragma": [ "no-cache" ],
        "ETag": [ "\"ea0093ce-0000-0100-0000-63d752a70000\"" ],
        "x-ms-ratelimit-remaining-subscription-reads": [ "11982" ],
        "x-ms-providerhub-traffic": [ "True" ],
        "mise-correlation-id": [ "a833f76f-c9c0-4aeb-9077-515506269207" ],
        "Strict-Transport-Security": [ "max-age=31536000; includeSubDomains" ],
        "x-ms-request-id": [ "b2394e88-6dec-4980-909c-a13a781f73e7" ],
        "x-ms-correlation-request-id": [ "c01fb128-0dd8-4f02-8d08-b15493390af1" ],
        "x-ms-routing-request-id": [ "KOREASOUTH:20230130T051649Z:c01fb128-0dd8-4f02-8d08-b15493390af1" ],
        "X-Content-Type-Options": [ "nosniff" ],
        "Date": [ "Mon, 30 Jan 2023 05:16:48 GMT" ]
      },
      "ContentHeaders": {
        "Content-Length": [ "1173" ],
        "Content-Type": [ "application/json; charset=utf-8" ],
        "Expires": [ "-1" ]
      },
      "Content": "{\"id\":\"/subscriptions/937bc588-a144-4083-8612-5f9ffbbddb14/resourceGroups/servicelinker-test-linux-group/providers/Microsoft.Web/sites/servicelinker-powershell/providers/Microsoft.ServiceLinker/linkers/ps_linker\",\"name\":\"ps_linker\",\"type\":\"microsoft.servicelinker/linkers\",\"systemData\":{\"createdBy\":\"xiaofanzhou@microsoft.com\",\"createdByType\":\"User\",\"createdAt\":\"2023-01-30T05:15:43.3759259Z\",\"lastModifiedBy\":\"xiaofanzhou@microsoft.com\",\"lastModifiedByType\":\"User\",\"lastModifiedAt\":\"2023-01-30T05:16:17.2985955Z\"},\"properties\":{\"publicNetworkSolution\":null,\"configurationInfo\":null,\"provisioningState\":\"Succeeded\",\"targetService\":{\"id\":\"/subscriptions/937bc588-a144-4083-8612-5f9ffbbddb14/resourceGroups/servicelinker-test-linux-group/providers/Microsoft.DBforPostgreSQL/servers/servicelinker-postgresql/databases/postgres\",\"resourceProperties\":null,\"type\":\"AzureResource\"},\"authInfo\":{\"name\":\"servicelinker\",\"secretInfo\":{\"value\":\"https://servicelinker-kv-ref.vault.azure.net/secrets/azure-mysql-host-28449/cc5d8095a54f4755b342f4e7884b5c84\",\"secretType\":\"keyVaultSecretUri\"},\"authType\":\"secret\"},\"clientType\":\"dotnet\",\"scope\":null,\"vNetSolution\":null,\"secretStore\":null}}",
      "isContentBase64": false
    }
  },
  "New-AzServiceLinkerForWebApp+[NoContext]+New postgresql connection+$DELETE+https://management.azure.com//subscriptions/937bc588-a144-4083-8612-5f9ffbbddb14/resourceGroups/servicelinker-test-linux-group/providers/Microsoft.Web/sites/servicelinker-powershell/providers/Microsoft.ServiceLinker/linkers/ps_linker?api-version=2022-11-01-preview+8": {
    "Request": {
      "Method": "DELETE",
      "RequestUri": "https://management.azure.com//subscriptions/937bc588-a144-4083-8612-5f9ffbbddb14/resourceGroups/servicelinker-test-linux-group/providers/Microsoft.Web/sites/servicelinker-powershell/providers/Microsoft.ServiceLinker/linkers/ps_linker?api-version=2022-11-01-preview",
      "Content": null,
      "isContentBase64": false,
      "Headers": {
        "x-ms-unique-id": [ "26" ],
        "x-ms-client-request-id": [ "fa004943-4611-480e-a1e1-379d175faa6f" ],
        "CommandName": [ "Az.ServiceLinker.internal\\Remove-AzServiceLinker" ],
        "FullCommandName": [ "Remove-AzServiceLinker_Delete" ],
        "ParameterSetName": [ "__AllParameterSets" ],
        "User-Agent": [ "AzurePowershell/v0.0.0", "PSVersion/v7.1.3", "Az.ServiceLinker/0.1.0" ],
        "Authorization": [ "[Filtered]" ]
      },
      "ContentHeaders": {
      }
    },
    "Response": {
      "StatusCode": 202,
      "Headers": {
        "Cache-Control": [ "no-cache" ],
        "Pragma": [ "no-cache" ],
        "ETag": [ "\"ea00ebce-0000-0100-0000-63d752c20000\"" ],
        "Location": [ "https://management.azure.com/subscriptions/937bc588-a144-4083-8612-5f9ffbbddb14/providers/Microsoft.ServiceLinker/locations/EASTUS/operationStatuses/8816d95b-8525-429f-a018-42df8dfb7d8a*1DBA0E39B422ED3F2F61DD3B4A9FF51C1FA136EBEE12A84D4CBF1569EFDA5F38?api-version=2021-01-01-privatepreview" ],
        "x-ms-ratelimit-remaining-subscription-deletes": [ "14999" ],
        "x-ms-providerhub-traffic": [ "True" ],
        "mise-correlation-id": [ "2ce33fd4-2a1b-4faa-ac4b-d1b1c983000f" ],
        "Strict-Transport-Security": [ "max-age=31536000; includeSubDomains" ],
        "Azure-AsyncOperation": [ "https://management.azure.com/subscriptions/937bc588-a144-4083-8612-5f9ffbbddb14/providers/Microsoft.ServiceLinker/locations/EASTUS/operationStatuses/8816d95b-8525-429f-a018-42df8dfb7d8a*1DBA0E39B422ED3F2F61DD3B4A9FF51C1FA136EBEE12A84D4CBF1569EFDA5F38?api-version=2021-01-01-privatepreview" ],
        "x-ms-request-id": [ "8816d95b-8525-429f-a018-42df8dfb7d8a" ],
        "x-ms-correlation-request-id": [ "94c5a04d-d00a-4447-8961-996e33fb4bf9" ],
        "x-ms-routing-request-id": [ "KOREASOUTH:20230130T051651Z:94c5a04d-d00a-4447-8961-996e33fb4bf9" ],
        "X-Content-Type-Options": [ "nosniff" ],
        "Date": [ "Mon, 30 Jan 2023 05:16:50 GMT" ]
      },
      "ContentHeaders": {
        "Content-Length": [ "4" ],
        "Content-Type": [ "application/json; charset=utf-8" ],
        "Expires": [ "-1" ]
      },
      "Content": "bnVsbA==",
      "isContentBase64": false
    }
  },
  "New-AzServiceLinkerForWebApp+[NoContext]+New postgresql connection+$GET+https://management.azure.com/subscriptions/937bc588-a144-4083-8612-5f9ffbbddb14/providers/Microsoft.ServiceLinker/locations/EASTUS/operationStatuses/8816d95b-8525-429f-a018-42df8dfb7d8a*1DBA0E39B422ED3F2F61DD3B4A9FF51C1FA136EBEE12A84D4CBF1569EFDA5F38?api-version=2021-01-01-privatepreview+9": {
    "Request": {
      "Method": "GET",
      "RequestUri": "https://management.azure.com/subscriptions/937bc588-a144-4083-8612-5f9ffbbddb14/providers/Microsoft.ServiceLinker/locations/EASTUS/operationStatuses/8816d95b-8525-429f-a018-42df8dfb7d8a*1DBA0E39B422ED3F2F61DD3B4A9FF51C1FA136EBEE12A84D4CBF1569EFDA5F38?api-version=2021-01-01-privatepreview",
      "Content": null,
      "isContentBase64": false,
      "Headers": {
        "Authorization": [ "[Filtered]" ],
        "x-ms-unique-id": [ "27" ],
        "x-ms-client-request-id": [ "fa004943-4611-480e-a1e1-379d175faa6f" ],
        "CommandName": [ "Az.ServiceLinker.internal\\Remove-AzServiceLinker" ],
        "FullCommandName": [ "Remove-AzServiceLinker_Delete" ],
        "ParameterSetName": [ "__AllParameterSets" ],
        "User-Agent": [ "AzurePowershell/v0.0.0", "PSVersion/v7.1.3", "Az.ServiceLinker/0.1.0" ]
      },
      "ContentHeaders": {
      }
    },
    "Response": {
      "StatusCode": 200,
      "Headers": {
        "Cache-Control": [ "no-cache" ],
        "Pragma": [ "no-cache" ],
        "ETag": [ "\"b204d39d-0000-0100-0000-63d752c80000\"" ],
        "x-ms-ratelimit-remaining-subscription-reads": [ "11981" ],
        "x-ms-request-id": [ "a8e727d3-bea7-4781-a47d-b542b9132c6f" ],
        "x-ms-correlation-request-id": [ "f81abc85-7661-40e2-9df5-5fa3640932c7" ],
        "x-ms-routing-request-id": [ "KOREASOUTH:20230130T051721Z:f81abc85-7661-40e2-9df5-5fa3640932c7" ],
        "Strict-Transport-Security": [ "max-age=31536000; includeSubDomains" ],
        "X-Content-Type-Options": [ "nosniff" ],
        "Date": [ "Mon, 30 Jan 2023 05:17:21 GMT" ]
      },
      "ContentHeaders": {
        "Content-Length": [ "685" ],
        "Content-Type": [ "application/json; charset=utf-8" ],
        "Expires": [ "-1" ]
      },
      "Content": "{\"id\":\"/subscriptions/937bc588-a144-4083-8612-5f9ffbbddb14/providers/Microsoft.ServiceLinker/locations/EASTUS/operationStatuses/8816d95b-8525-429f-a018-42df8dfb7d8a*1DBA0E39B422ED3F2F61DD3B4A9FF51C1FA136EBEE12A84D4CBF1569EFDA5F38\",\"name\":\"8816d95b-8525-429f-a018-42df8dfb7d8a*1DBA0E39B422ED3F2F61DD3B4A9FF51C1FA136EBEE12A84D4CBF1569EFDA5F38\",\"resourceId\":\"/subscriptions/937bc588-a144-4083-8612-5f9ffbbddb14/resourceGroups/servicelinker-test-linux-group/providers/Microsoft.Web/sites/servicelinker-powershell/providers/Microsoft.ServiceLinker/linkers/ps_linker\",\"status\":\"Succeeded\",\"startTime\":\"2023-01-30T05:16:50.8759062Z\",\"endTime\":\"2023-01-30T05:16:56.0521544Z\",\"properties\":null}",
      "isContentBase64": false
    }
  },
  "New-AzServiceLinkerForWebApp+[NoContext]+New postgresql connection+$GET+https://management.azure.com/subscriptions/937bc588-a144-4083-8612-5f9ffbbddb14/providers/Microsoft.ServiceLinker/locations/EASTUS/operationStatuses/8816d95b-8525-429f-a018-42df8dfb7d8a*1DBA0E39B422ED3F2F61DD3B4A9FF51C1FA136EBEE12A84D4CBF1569EFDA5F38?api-version=2021-01-01-privatepreview+10": {
    "Request": {
      "Method": "GET",
      "RequestUri": "https://management.azure.com/subscriptions/937bc588-a144-4083-8612-5f9ffbbddb14/providers/Microsoft.ServiceLinker/locations/EASTUS/operationStatuses/8816d95b-8525-429f-a018-42df8dfb7d8a*1DBA0E39B422ED3F2F61DD3B4A9FF51C1FA136EBEE12A84D4CBF1569EFDA5F38?api-version=2021-01-01-privatepreview",
      "Content": null,
      "isContentBase64": false,
      "Headers": {
        "Authorization": [ "[Filtered]" ],
        "x-ms-unique-id": [ "28" ],
        "x-ms-client-request-id": [ "fa004943-4611-480e-a1e1-379d175faa6f" ],
        "CommandName": [ "Az.ServiceLinker.internal\\Remove-AzServiceLinker" ],
        "FullCommandName": [ "Remove-AzServiceLinker_Delete" ],
        "ParameterSetName": [ "__AllParameterSets" ],
        "User-Agent": [ "AzurePowershell/v0.0.0", "PSVersion/v7.1.3", "Az.ServiceLinker/0.1.0" ]
      },
      "ContentHeaders": {
      }
    },
    "Response": {
      "StatusCode": 200,
      "Headers": {
        "Cache-Control": [ "no-cache" ],
        "Pragma": [ "no-cache" ],
        "ETag": [ "\"b204d39d-0000-0100-0000-63d752c80000\"" ],
        "x-ms-ratelimit-remaining-subscription-reads": [ "11980" ],
        "x-ms-request-id": [ "9fc7399d-0642-4e96-be90-07d6de35d3ce" ],
        "x-ms-correlation-request-id": [ "e8928cd2-0a9e-4d87-b72b-586d075891c0" ],
        "x-ms-routing-request-id": [ "KOREASOUTH:20230130T051722Z:e8928cd2-0a9e-4d87-b72b-586d075891c0" ],
        "Strict-Transport-Security": [ "max-age=31536000; includeSubDomains" ],
        "X-Content-Type-Options": [ "nosniff" ],
        "Date": [ "Mon, 30 Jan 2023 05:17:22 GMT" ]
      },
      "ContentHeaders": {
        "Content-Length": [ "685" ],
        "Content-Type": [ "application/json; charset=utf-8" ],
        "Expires": [ "-1" ]
      },
      "Content": "{\"id\":\"/subscriptions/937bc588-a144-4083-8612-5f9ffbbddb14/providers/Microsoft.ServiceLinker/locations/EASTUS/operationStatuses/8816d95b-8525-429f-a018-42df8dfb7d8a*1DBA0E39B422ED3F2F61DD3B4A9FF51C1FA136EBEE12A84D4CBF1569EFDA5F38\",\"name\":\"8816d95b-8525-429f-a018-42df8dfb7d8a*1DBA0E39B422ED3F2F61DD3B4A9FF51C1FA136EBEE12A84D4CBF1569EFDA5F38\",\"resourceId\":\"/subscriptions/937bc588-a144-4083-8612-5f9ffbbddb14/resourceGroups/servicelinker-test-linux-group/providers/Microsoft.Web/sites/servicelinker-powershell/providers/Microsoft.ServiceLinker/linkers/ps_linker\",\"status\":\"Succeeded\",\"startTime\":\"2023-01-30T05:16:50.8759062Z\",\"endTime\":\"2023-01-30T05:16:56.0521544Z\",\"properties\":null}",
      "isContentBase64": false
    }
  },
  "New-AzServiceLinkerForWebApp+[NoContext]+New postgresql connection+$GET+https://management.azure.com//subscriptions/937bc588-a144-4083-8612-5f9ffbbddb14/resourceGroups/servicelinker-test-linux-group/providers/Microsoft.Web/sites/servicelinker-powershell/providers/Microsoft.ServiceLinker/linkers?api-version=2022-11-01-preview+11": {
    "Request": {
      "Method": "GET",
      "RequestUri": "https://management.azure.com//subscriptions/937bc588-a144-4083-8612-5f9ffbbddb14/resourceGroups/servicelinker-test-linux-group/providers/Microsoft.Web/sites/servicelinker-powershell/providers/Microsoft.ServiceLinker/linkers?api-version=2022-11-01-preview",
      "Content": null,
      "isContentBase64": false,
      "Headers": {
        "x-ms-unique-id": [ "29" ],
        "x-ms-client-request-id": [ "5b01f367-a085-4a6f-8bf6-f2a6568653ba" ],
        "CommandName": [ "Az.ServiceLinker.internal\\Get-AzServiceLinker" ],
        "FullCommandName": [ "Get-AzServiceLinker_List" ],
        "ParameterSetName": [ "__AllParameterSets" ],
        "User-Agent": [ "AzurePowershell/v0.0.0", "PSVersion/v7.1.3", "Az.ServiceLinker/0.1.0" ],
        "Authorization": [ "[Filtered]" ]
      },
      "ContentHeaders": {
      }
    },
    "Response": {
      "StatusCode": 200,
      "Headers": {
        "Cache-Control": [ "no-cache" ],
        "Pragma": [ "no-cache" ],
        "x-ms-ratelimit-remaining-subscription-reads": [ "11979" ],
        "x-ms-providerhub-traffic": [ "True" ],
        "mise-correlation-id": [ "bfc6bb41-fb69-4dd7-9fb4-f015aa067214" ],
        "Strict-Transport-Security": [ "max-age=31536000; includeSubDomains" ],
        "x-ms-request-id": [ "86a8f05b-86e1-4706-9674-60ae9e547a28" ],
        "x-ms-correlation-request-id": [ "8e0ee4d3-08a2-4e62-be66-c46c9ab331ab" ],
        "x-ms-routing-request-id": [ "KOREASOUTH:20230130T051723Z:8e0ee4d3-08a2-4e62-be66-c46c9ab331ab" ],
        "X-Content-Type-Options": [ "nosniff" ],
        "Date": [ "Mon, 30 Jan 2023 05:17:23 GMT" ]
      },
      "ContentHeaders": {
        "Content-Length": [ "12" ],
        "Content-Type": [ "application/json; charset=utf-8" ],
        "Expires": [ "-1" ]
      },
      "Content": "{\"value\":[]}",
      "isContentBase64": false
    }
  },
  "New-AzServiceLinkerForWebApp+[NoContext]+New storage connection+$PUT+https://management.azure.com//subscriptions/937bc588-a144-4083-8612-5f9ffbbddb14/resourceGroups/servicelinker-test-linux-group/providers/Microsoft.Web/sites/servicelinker-powershell/providers/Microsoft.ServiceLinker/linkers/ps_linker?api-version=2022-11-01-preview+1": {
    "Request": {
      "Method": "PUT",
      "RequestUri": "https://management.azure.com//subscriptions/937bc588-a144-4083-8612-5f9ffbbddb14/resourceGroups/servicelinker-test-linux-group/providers/Microsoft.Web/sites/servicelinker-powershell/providers/Microsoft.ServiceLinker/linkers/ps_linker?api-version=2022-11-01-preview",
      "Content": "{\n  \"properties\": {\n    \"targetService\": {\n      \"type\": \"AzureResource\",\n      \"id\": \"/subscriptions/937bc588-a144-4083-8612-5f9ffbbddb14/resourceGroups/servicelinker-test-linux-group/providers/Microsoft.Storage/storageAccounts/servicelinkerteststorage/blobServices/default\"\n    },\n    \"authInfo\": {\n      \"authType\": \"secret\",\n      \"secretInfo\": {\n        \"secretType\": \"rawValue\"\n      }\n    },\n    \"clientType\": \"none\"\n  }\n}",
      "isContentBase64": false,
      "Headers": {
      },
      "ContentHeaders": {
        "Content-Type": [ "application/json" ],
        "Content-Length": [ "429" ]
      }
    },
    "Response": {
      "StatusCode": 201,
      "Headers": {
        "Cache-Control": [ "no-cache" ],
        "Pragma": [ "no-cache" ],
        "ETag": [ "\"ea003ecf-0000-0100-0000-63d752e40000\"" ],
        "x-ms-ratelimit-remaining-subscription-writes": [ "1196" ],
        "x-ms-providerhub-traffic": [ "True" ],
        "mise-correlation-id": [ "9a20be0a-954a-49d6-9b55-e4d93eceac22" ],
        "Strict-Transport-Security": [ "max-age=31536000; includeSubDomains" ],
        "Azure-AsyncOperation": [ "https://management.azure.com/subscriptions/937bc588-a144-4083-8612-5f9ffbbddb14/providers/Microsoft.ServiceLinker/locations/EASTUS/operationStatuses/60c444cc-38d2-4184-aa3c-43a56836fa0f*1DBA0E39B422ED3F2F61DD3B4A9FF51C1FA136EBEE12A84D4CBF1569EFDA5F38?api-version=2021-01-01-privatepreview" ],
        "x-ms-request-id": [ "60c444cc-38d2-4184-aa3c-43a56836fa0f" ],
        "x-ms-correlation-request-id": [ "f3f83f8d-f970-4744-84d2-eff9a313e0de" ],
        "x-ms-routing-request-id": [ "KOREASOUTH:20230130T051725Z:f3f83f8d-f970-4744-84d2-eff9a313e0de" ],
        "X-Content-Type-Options": [ "nosniff" ],
        "Date": [ "Mon, 30 Jan 2023 05:17:24 GMT" ]
      },
      "ContentHeaders": {
        "Content-Length": [ "1033" ],
        "Content-Type": [ "application/json; charset=utf-8" ],
        "Expires": [ "-1" ]
      },
      "Content": "{\"id\":\"/subscriptions/937bc588-a144-4083-8612-5f9ffbbddb14/resourceGroups/servicelinker-test-linux-group/providers/Microsoft.Web/sites/servicelinker-powershell/providers/Microsoft.ServiceLinker/linkers/ps_linker\",\"name\":\"ps_linker\",\"type\":\"microsoft.servicelinker/linkers\",\"systemData\":{\"createdBy\":\"xiaofanzhou@microsoft.com\",\"createdByType\":\"User\",\"createdAt\":\"2023-01-30T05:17:24.4421536Z\",\"lastModifiedBy\":\"xiaofanzhou@microsoft.com\",\"lastModifiedByType\":\"User\",\"lastModifiedAt\":\"2023-01-30T05:17:24.4421536Z\"},\"properties\":{\"provisioningState\":\"Accepted\",\"targetService\":{\"id\":\"/subscriptions/937bc588-a144-4083-8612-5f9ffbbddb14/resourceGroups/servicelinker-test-linux-group/providers/Microsoft.Storage/storageAccounts/servicelinkerteststorage/blobServices/default\",\"resourceProperties\":null,\"type\":\"AzureResource\"},\"authInfo\":{\"name\":null,\"secretInfo\":{\"secretType\":\"rawValue\"},\"authType\":\"secret\"},\"vNetSolution\":null,\"clientType\":\"none\",\"secretStore\":null,\"scope\":null,\"publicNetworkSolution\":null,\"configurationInfo\":null}}",
      "isContentBase64": false
    }
  },
  "New-AzServiceLinkerForWebApp+[NoContext]+New storage connection+$GET+https://management.azure.com/subscriptions/937bc588-a144-4083-8612-5f9ffbbddb14/providers/Microsoft.ServiceLinker/locations/EASTUS/operationStatuses/60c444cc-38d2-4184-aa3c-43a56836fa0f*1DBA0E39B422ED3F2F61DD3B4A9FF51C1FA136EBEE12A84D4CBF1569EFDA5F38?api-version=2021-01-01-privatepreview+2": {
    "Request": {
      "Method": "GET",
      "RequestUri": "https://management.azure.com/subscriptions/937bc588-a144-4083-8612-5f9ffbbddb14/providers/Microsoft.ServiceLinker/locations/EASTUS/operationStatuses/60c444cc-38d2-4184-aa3c-43a56836fa0f*1DBA0E39B422ED3F2F61DD3B4A9FF51C1FA136EBEE12A84D4CBF1569EFDA5F38?api-version=2021-01-01-privatepreview",
      "Content": null,
      "isContentBase64": false,
      "Headers": {
        "Authorization": [ "[Filtered]" ],
        "x-ms-unique-id": [ "31" ],
        "x-ms-client-request-id": [ "cc69c675-dadf-444e-a24c-a654c0bcf7d6" ],
        "CommandName": [ "Az.ServiceLinker.internal\\New-AzServiceLinker" ],
        "FullCommandName": [ "New-AzServiceLinker_CreateExpanded" ],
        "ParameterSetName": [ "__AllParameterSets" ],
        "User-Agent": [ "AzurePowershell/v0.0.0", "PSVersion/v7.1.3", "Az.ServiceLinker/0.1.0" ]
      },
      "ContentHeaders": {
      }
    },
    "Response": {
      "StatusCode": 200,
      "Headers": {
        "Cache-Control": [ "no-cache" ],
        "Pragma": [ "no-cache" ],
        "ETag": [ "\"b204d99d-0000-0100-0000-63d752f20000\"" ],
        "x-ms-ratelimit-remaining-subscription-reads": [ "11978" ],
        "x-ms-request-id": [ "fe1029a4-ab0f-4ac3-9870-2692c2abdb51" ],
        "x-ms-correlation-request-id": [ "39f52bf4-5fbb-4452-ba93-adfec76fed72" ],
        "x-ms-routing-request-id": [ "KOREASOUTH:20230130T051755Z:39f52bf4-5fbb-4452-ba93-adfec76fed72" ],
        "Strict-Transport-Security": [ "max-age=31536000; includeSubDomains" ],
        "X-Content-Type-Options": [ "nosniff" ],
        "Date": [ "Mon, 30 Jan 2023 05:17:54 GMT" ]
      },
      "ContentHeaders": {
        "Content-Length": [ "696" ],
        "Content-Type": [ "application/json; charset=utf-8" ],
        "Expires": [ "-1" ]
      },
      "Content": "{\"id\":\"/subscriptions/937bc588-a144-4083-8612-5f9ffbbddb14/providers/Microsoft.ServiceLinker/locations/EASTUS/operationStatuses/60c444cc-38d2-4184-aa3c-43a56836fa0f*1DBA0E39B422ED3F2F61DD3B4A9FF51C1FA136EBEE12A84D4CBF1569EFDA5F38\",\"name\":\"60c444cc-38d2-4184-aa3c-43a56836fa0f*1DBA0E39B422ED3F2F61DD3B4A9FF51C1FA136EBEE12A84D4CBF1569EFDA5F38\",\"resourceId\":\"/subscriptions/937bc588-a144-4083-8612-5f9ffbbddb14/resourceGroups/servicelinker-test-linux-group/providers/Microsoft.Web/sites/servicelinker-powershell/providers/Microsoft.ServiceLinker/linkers/ps_linker\",\"status\":\"Succeeded\",\"startTime\":\"2023-01-30T05:17:24.7812673Z\",\"endTime\":\"2023-01-30T05:17:38.677815Z\",\"properties\":{\"Message\":null}}",
      "isContentBase64": false
    }
  },
  "New-AzServiceLinkerForWebApp+[NoContext]+New storage connection+$GET+https://management.azure.com//subscriptions/937bc588-a144-4083-8612-5f9ffbbddb14/resourceGroups/servicelinker-test-linux-group/providers/Microsoft.Web/sites/servicelinker-powershell/providers/Microsoft.ServiceLinker/linkers/ps_linker?api-version=2022-11-01-preview+3": {
    "Request": {
      "Method": "GET",
      "RequestUri": "https://management.azure.com//subscriptions/937bc588-a144-4083-8612-5f9ffbbddb14/resourceGroups/servicelinker-test-linux-group/providers/Microsoft.Web/sites/servicelinker-powershell/providers/Microsoft.ServiceLinker/linkers/ps_linker?api-version=2022-11-01-preview",
      "Content": null,
      "isContentBase64": false,
      "Headers": {
        "Authorization": [ "[Filtered]" ],
        "x-ms-unique-id": [ "32" ],
        "x-ms-client-request-id": [ "cc69c675-dadf-444e-a24c-a654c0bcf7d6" ],
        "CommandName": [ "Az.ServiceLinker.internal\\New-AzServiceLinker" ],
        "FullCommandName": [ "New-AzServiceLinker_CreateExpanded" ],
        "ParameterSetName": [ "__AllParameterSets" ],
        "User-Agent": [ "AzurePowershell/v0.0.0", "PSVersion/v7.1.3", "Az.ServiceLinker/0.1.0" ]
      },
      "ContentHeaders": {
      }
    },
    "Response": {
      "StatusCode": 200,
      "Headers": {
        "Cache-Control": [ "no-cache" ],
        "Pragma": [ "no-cache" ],
        "ETag": [ "\"ea005ecf-0000-0100-0000-63d752f20000\"" ],
        "x-ms-ratelimit-remaining-subscription-reads": [ "11977" ],
        "x-ms-providerhub-traffic": [ "True" ],
        "mise-correlation-id": [ "28311b8a-cc0f-4ca8-bb80-f5c655cae0ed" ],
        "Strict-Transport-Security": [ "max-age=31536000; includeSubDomains" ],
        "x-ms-request-id": [ "cd6ece45-b08e-4402-b0ae-07d6c790f4eb" ],
        "x-ms-correlation-request-id": [ "35aafa31-7f81-4363-8d57-4e974a13edf7" ],
        "x-ms-routing-request-id": [ "KOREASOUTH:20230130T051756Z:35aafa31-7f81-4363-8d57-4e974a13edf7" ],
        "X-Content-Type-Options": [ "nosniff" ],
        "Date": [ "Mon, 30 Jan 2023 05:17:55 GMT" ]
      },
      "ContentHeaders": {
        "Content-Length": [ "1034" ],
        "Content-Type": [ "application/json; charset=utf-8" ],
        "Expires": [ "-1" ]
      },
      "Content": "{\"id\":\"/subscriptions/937bc588-a144-4083-8612-5f9ffbbddb14/resourceGroups/servicelinker-test-linux-group/providers/Microsoft.Web/sites/servicelinker-powershell/providers/Microsoft.ServiceLinker/linkers/ps_linker\",\"name\":\"ps_linker\",\"type\":\"microsoft.servicelinker/linkers\",\"systemData\":{\"createdBy\":\"xiaofanzhou@microsoft.com\",\"createdByType\":\"User\",\"createdAt\":\"2023-01-30T05:17:24.4421536Z\",\"lastModifiedBy\":\"xiaofanzhou@microsoft.com\",\"lastModifiedByType\":\"User\",\"lastModifiedAt\":\"2023-01-30T05:17:24.4421536Z\"},\"properties\":{\"publicNetworkSolution\":null,\"configurationInfo\":null,\"provisioningState\":\"Succeeded\",\"targetService\":{\"id\":\"/subscriptions/937bc588-a144-4083-8612-5f9ffbbddb14/resourceGroups/servicelinker-test-linux-group/providers/Microsoft.Storage/storageAccounts/servicelinkerteststorage/blobServices/default\",\"resourceProperties\":null,\"type\":\"AzureResource\"},\"authInfo\":{\"name\":null,\"secretInfo\":{\"secretType\":\"rawValue\"},\"authType\":\"secret\"},\"clientType\":\"none\",\"scope\":null,\"vNetSolution\":null,\"secretStore\":null}}",
      "isContentBase64": false
    }
  },
  "New-AzServiceLinkerForWebApp+[NoContext]+New storage connection+$GET+https://management.azure.com//subscriptions/937bc588-a144-4083-8612-5f9ffbbddb14/resourceGroups/servicelinker-test-linux-group/providers/Microsoft.Web/sites/servicelinker-powershell/providers/Microsoft.ServiceLinker/linkers?api-version=2022-11-01-preview+4": {
    "Request": {
      "Method": "GET",
      "RequestUri": "https://management.azure.com//subscriptions/937bc588-a144-4083-8612-5f9ffbbddb14/resourceGroups/servicelinker-test-linux-group/providers/Microsoft.Web/sites/servicelinker-powershell/providers/Microsoft.ServiceLinker/linkers?api-version=2022-11-01-preview",
      "Content": null,
      "isContentBase64": false,
      "Headers": {
        "x-ms-unique-id": [ "33" ],
        "x-ms-client-request-id": [ "d14230fe-d2b7-4791-bc2d-2a4c84e82aba" ],
        "CommandName": [ "Az.ServiceLinker.internal\\Get-AzServiceLinker" ],
        "FullCommandName": [ "Get-AzServiceLinker_List" ],
        "ParameterSetName": [ "__AllParameterSets" ],
        "User-Agent": [ "AzurePowershell/v0.0.0", "PSVersion/v7.1.3", "Az.ServiceLinker/0.1.0" ],
        "Authorization": [ "[Filtered]" ]
      },
      "ContentHeaders": {
      }
    },
    "Response": {
      "StatusCode": 200,
      "Headers": {
        "Cache-Control": [ "no-cache" ],
        "Pragma": [ "no-cache" ],
        "x-ms-ratelimit-remaining-subscription-reads": [ "11976" ],
        "x-ms-providerhub-traffic": [ "True" ],
        "mise-correlation-id": [ "479541bb-02c0-46b6-a0ce-33fa36f43f64" ],
        "Strict-Transport-Security": [ "max-age=31536000; includeSubDomains" ],
        "x-ms-request-id": [ "121afd6f-8244-422b-8d75-d201a2b1f766" ],
        "x-ms-correlation-request-id": [ "e4fa4082-ee23-4b73-a932-22accaac7fd8" ],
        "x-ms-routing-request-id": [ "KOREASOUTH:20230130T051757Z:e4fa4082-ee23-4b73-a932-22accaac7fd8" ],
        "X-Content-Type-Options": [ "nosniff" ],
        "Date": [ "Mon, 30 Jan 2023 05:17:56 GMT" ]
      },
      "ContentHeaders": {
        "Content-Length": [ "1046" ],
        "Content-Type": [ "application/json; charset=utf-8" ],
        "Expires": [ "-1" ]
      },
      "Content": "{\"value\":[{\"id\":\"/subscriptions/937bc588-a144-4083-8612-5f9ffbbddb14/resourceGroups/servicelinker-test-linux-group/providers/Microsoft.Web/sites/servicelinker-powershell/providers/Microsoft.ServiceLinker/linkers/ps_linker\",\"name\":\"ps_linker\",\"type\":\"microsoft.servicelinker/linkers\",\"systemData\":{\"createdBy\":\"xiaofanzhou@microsoft.com\",\"createdByType\":\"User\",\"createdAt\":\"2023-01-30T05:17:24.4421536Z\",\"lastModifiedBy\":\"xiaofanzhou@microsoft.com\",\"lastModifiedByType\":\"User\",\"lastModifiedAt\":\"2023-01-30T05:17:24.4421536Z\"},\"properties\":{\"publicNetworkSolution\":null,\"configurationInfo\":null,\"provisioningState\":\"Succeeded\",\"targetService\":{\"id\":\"/subscriptions/937bc588-a144-4083-8612-5f9ffbbddb14/resourceGroups/servicelinker-test-linux-group/providers/Microsoft.Storage/storageAccounts/servicelinkerteststorage/blobServices/default\",\"resourceProperties\":null,\"type\":\"AzureResource\"},\"authInfo\":{\"name\":null,\"secretInfo\":{\"secretType\":\"rawValue\"},\"authType\":\"secret\"},\"clientType\":\"none\",\"scope\":null,\"vNetSolution\":null,\"secretStore\":null}}]}",
      "isContentBase64": false
    }
  },
  "New-AzServiceLinkerForWebApp+[NoContext]+New storage connection+$DELETE+https://management.azure.com//subscriptions/937bc588-a144-4083-8612-5f9ffbbddb14/resourceGroups/servicelinker-test-linux-group/providers/Microsoft.Web/sites/servicelinker-powershell/providers/Microsoft.ServiceLinker/linkers/ps_linker?api-version=2022-11-01-preview+5": {
    "Request": {
      "Method": "DELETE",
      "RequestUri": "https://management.azure.com//subscriptions/937bc588-a144-4083-8612-5f9ffbbddb14/resourceGroups/servicelinker-test-linux-group/providers/Microsoft.Web/sites/servicelinker-powershell/providers/Microsoft.ServiceLinker/linkers/ps_linker?api-version=2022-11-01-preview",
      "Content": null,
      "isContentBase64": false,
      "Headers": {
        "x-ms-unique-id": [ "34" ],
        "x-ms-client-request-id": [ "0c31d7cc-cfbb-4eab-8cb6-2c9aed96a76e" ],
        "CommandName": [ "Az.ServiceLinker.internal\\Remove-AzServiceLinker" ],
        "FullCommandName": [ "Remove-AzServiceLinker_Delete" ],
        "ParameterSetName": [ "__AllParameterSets" ],
        "User-Agent": [ "AzurePowershell/v0.0.0", "PSVersion/v7.1.3", "Az.ServiceLinker/0.1.0" ],
        "Authorization": [ "[Filtered]" ]
      },
      "ContentHeaders": {
      }
    },
    "Response": {
      "StatusCode": 202,
      "Headers": {
        "Cache-Control": [ "no-cache" ],
        "Pragma": [ "no-cache" ],
        "ETag": [ "\"ea0084cf-0000-0100-0000-63d753060000\"" ],
        "Location": [ "https://management.azure.com/subscriptions/937bc588-a144-4083-8612-5f9ffbbddb14/providers/Microsoft.ServiceLinker/locations/EASTUS/operationStatuses/24b680b0-ff2e-4c9d-8451-ac217e4c8962*1DBA0E39B422ED3F2F61DD3B4A9FF51C1FA136EBEE12A84D4CBF1569EFDA5F38?api-version=2021-01-01-privatepreview" ],
        "x-ms-ratelimit-remaining-subscription-deletes": [ "14998" ],
        "x-ms-providerhub-traffic": [ "True" ],
        "mise-correlation-id": [ "f1ae5327-9f7e-41b6-991c-f6f8da3054ca" ],
        "Strict-Transport-Security": [ "max-age=31536000; includeSubDomains" ],
        "Azure-AsyncOperation": [ "https://management.azure.com/subscriptions/937bc588-a144-4083-8612-5f9ffbbddb14/providers/Microsoft.ServiceLinker/locations/EASTUS/operationStatuses/24b680b0-ff2e-4c9d-8451-ac217e4c8962*1DBA0E39B422ED3F2F61DD3B4A9FF51C1FA136EBEE12A84D4CBF1569EFDA5F38?api-version=2021-01-01-privatepreview" ],
        "x-ms-request-id": [ "24b680b0-ff2e-4c9d-8451-ac217e4c8962" ],
        "x-ms-correlation-request-id": [ "42a80dec-9084-4a6e-bba4-cba20cd50a8e" ],
        "x-ms-routing-request-id": [ "KOREASOUTH:20230130T051758Z:42a80dec-9084-4a6e-bba4-cba20cd50a8e" ],
        "X-Content-Type-Options": [ "nosniff" ],
        "Date": [ "Mon, 30 Jan 2023 05:17:57 GMT" ]
      },
      "ContentHeaders": {
        "Content-Length": [ "4" ],
        "Content-Type": [ "application/json; charset=utf-8" ],
        "Expires": [ "-1" ]
      },
      "Content": "bnVsbA==",
      "isContentBase64": false
    }
  },
  "New-AzServiceLinkerForWebApp+[NoContext]+New storage connection+$GET+https://management.azure.com/subscriptions/937bc588-a144-4083-8612-5f9ffbbddb14/providers/Microsoft.ServiceLinker/locations/EASTUS/operationStatuses/24b680b0-ff2e-4c9d-8451-ac217e4c8962*1DBA0E39B422ED3F2F61DD3B4A9FF51C1FA136EBEE12A84D4CBF1569EFDA5F38?api-version=2021-01-01-privatepreview+6": {
    "Request": {
      "Method": "GET",
      "RequestUri": "https://management.azure.com/subscriptions/937bc588-a144-4083-8612-5f9ffbbddb14/providers/Microsoft.ServiceLinker/locations/EASTUS/operationStatuses/24b680b0-ff2e-4c9d-8451-ac217e4c8962*1DBA0E39B422ED3F2F61DD3B4A9FF51C1FA136EBEE12A84D4CBF1569EFDA5F38?api-version=2021-01-01-privatepreview",
      "Content": null,
      "isContentBase64": false,
      "Headers": {
        "Authorization": [ "[Filtered]" ],
        "x-ms-unique-id": [ "35" ],
        "x-ms-client-request-id": [ "0c31d7cc-cfbb-4eab-8cb6-2c9aed96a76e" ],
        "CommandName": [ "Az.ServiceLinker.internal\\Remove-AzServiceLinker" ],
        "FullCommandName": [ "Remove-AzServiceLinker_Delete" ],
        "ParameterSetName": [ "__AllParameterSets" ],
        "User-Agent": [ "AzurePowershell/v0.0.0", "PSVersion/v7.1.3", "Az.ServiceLinker/0.1.0" ]
      },
      "ContentHeaders": {
      }
    },
    "Response": {
      "StatusCode": 200,
      "Headers": {
        "Cache-Control": [ "no-cache" ],
        "Pragma": [ "no-cache" ],
        "ETag": [ "\"b204dc9d-0000-0100-0000-63d7530a0000\"" ],
        "x-ms-ratelimit-remaining-subscription-reads": [ "11975" ],
        "x-ms-request-id": [ "32f0c6c9-2432-4327-b505-846789e855cf" ],
        "x-ms-correlation-request-id": [ "5eb5166a-107d-40bb-87eb-045b2857a731" ],
        "x-ms-routing-request-id": [ "KOREASOUTH:20230130T051828Z:5eb5166a-107d-40bb-87eb-045b2857a731" ],
        "Strict-Transport-Security": [ "max-age=31536000; includeSubDomains" ],
        "X-Content-Type-Options": [ "nosniff" ],
        "Date": [ "Mon, 30 Jan 2023 05:18:28 GMT" ]
      },
      "ContentHeaders": {
        "Content-Length": [ "685" ],
        "Content-Type": [ "application/json; charset=utf-8" ],
        "Expires": [ "-1" ]
      },
      "Content": "{\"id\":\"/subscriptions/937bc588-a144-4083-8612-5f9ffbbddb14/providers/Microsoft.ServiceLinker/locations/EASTUS/operationStatuses/24b680b0-ff2e-4c9d-8451-ac217e4c8962*1DBA0E39B422ED3F2F61DD3B4A9FF51C1FA136EBEE12A84D4CBF1569EFDA5F38\",\"name\":\"24b680b0-ff2e-4c9d-8451-ac217e4c8962*1DBA0E39B422ED3F2F61DD3B4A9FF51C1FA136EBEE12A84D4CBF1569EFDA5F38\",\"resourceId\":\"/subscriptions/937bc588-a144-4083-8612-5f9ffbbddb14/resourceGroups/servicelinker-test-linux-group/providers/Microsoft.Web/sites/servicelinker-powershell/providers/Microsoft.ServiceLinker/linkers/ps_linker\",\"status\":\"Succeeded\",\"startTime\":\"2023-01-30T05:17:57.9703647Z\",\"endTime\":\"2023-01-30T05:18:02.6119295Z\",\"properties\":null}",
      "isContentBase64": false
    }
  },
  "New-AzServiceLinkerForWebApp+[NoContext]+New storage connection+$GET+https://management.azure.com/subscriptions/937bc588-a144-4083-8612-5f9ffbbddb14/providers/Microsoft.ServiceLinker/locations/EASTUS/operationStatuses/24b680b0-ff2e-4c9d-8451-ac217e4c8962*1DBA0E39B422ED3F2F61DD3B4A9FF51C1FA136EBEE12A84D4CBF1569EFDA5F38?api-version=2021-01-01-privatepreview+7": {
    "Request": {
      "Method": "GET",
      "RequestUri": "https://management.azure.com/subscriptions/937bc588-a144-4083-8612-5f9ffbbddb14/providers/Microsoft.ServiceLinker/locations/EASTUS/operationStatuses/24b680b0-ff2e-4c9d-8451-ac217e4c8962*1DBA0E39B422ED3F2F61DD3B4A9FF51C1FA136EBEE12A84D4CBF1569EFDA5F38?api-version=2021-01-01-privatepreview",
      "Content": null,
      "isContentBase64": false,
      "Headers": {
        "Authorization": [ "[Filtered]" ],
        "x-ms-unique-id": [ "36" ],
        "x-ms-client-request-id": [ "0c31d7cc-cfbb-4eab-8cb6-2c9aed96a76e" ],
        "CommandName": [ "Az.ServiceLinker.internal\\Remove-AzServiceLinker" ],
        "FullCommandName": [ "Remove-AzServiceLinker_Delete" ],
        "ParameterSetName": [ "__AllParameterSets" ],
        "User-Agent": [ "AzurePowershell/v0.0.0", "PSVersion/v7.1.3", "Az.ServiceLinker/0.1.0" ]
      },
      "ContentHeaders": {
      }
    },
    "Response": {
      "StatusCode": 200,
      "Headers": {
        "Cache-Control": [ "no-cache" ],
        "Pragma": [ "no-cache" ],
        "ETag": [ "\"b204dc9d-0000-0100-0000-63d7530a0000\"" ],
        "x-ms-ratelimit-remaining-subscription-reads": [ "11974" ],
        "x-ms-request-id": [ "676bb4de-bf8a-4d7a-8b16-d10148c030f5" ],
        "x-ms-correlation-request-id": [ "f20577a6-f067-40ca-8d66-2511079735de" ],
        "x-ms-routing-request-id": [ "KOREASOUTH:20230130T051829Z:f20577a6-f067-40ca-8d66-2511079735de" ],
        "Strict-Transport-Security": [ "max-age=31536000; includeSubDomains" ],
        "X-Content-Type-Options": [ "nosniff" ],
        "Date": [ "Mon, 30 Jan 2023 05:18:29 GMT" ]
      },
      "ContentHeaders": {
        "Content-Length": [ "685" ],
        "Content-Type": [ "application/json; charset=utf-8" ],
        "Expires": [ "-1" ]
      },
      "Content": "{\"id\":\"/subscriptions/937bc588-a144-4083-8612-5f9ffbbddb14/providers/Microsoft.ServiceLinker/locations/EASTUS/operationStatuses/24b680b0-ff2e-4c9d-8451-ac217e4c8962*1DBA0E39B422ED3F2F61DD3B4A9FF51C1FA136EBEE12A84D4CBF1569EFDA5F38\",\"name\":\"24b680b0-ff2e-4c9d-8451-ac217e4c8962*1DBA0E39B422ED3F2F61DD3B4A9FF51C1FA136EBEE12A84D4CBF1569EFDA5F38\",\"resourceId\":\"/subscriptions/937bc588-a144-4083-8612-5f9ffbbddb14/resourceGroups/servicelinker-test-linux-group/providers/Microsoft.Web/sites/servicelinker-powershell/providers/Microsoft.ServiceLinker/linkers/ps_linker\",\"status\":\"Succeeded\",\"startTime\":\"2023-01-30T05:17:57.9703647Z\",\"endTime\":\"2023-01-30T05:18:02.6119295Z\",\"properties\":null}",
      "isContentBase64": false
    }
  },
  "New-AzServiceLinkerForWebApp+[NoContext]+New storage connection+$GET+https://management.azure.com//subscriptions/937bc588-a144-4083-8612-5f9ffbbddb14/resourceGroups/servicelinker-test-linux-group/providers/Microsoft.Web/sites/servicelinker-powershell/providers/Microsoft.ServiceLinker/linkers?api-version=2022-11-01-preview+8": {
    "Request": {
      "Method": "GET",
      "RequestUri": "https://management.azure.com//subscriptions/937bc588-a144-4083-8612-5f9ffbbddb14/resourceGroups/servicelinker-test-linux-group/providers/Microsoft.Web/sites/servicelinker-powershell/providers/Microsoft.ServiceLinker/linkers?api-version=2022-11-01-preview",
      "Content": null,
      "isContentBase64": false,
      "Headers": {
        "x-ms-unique-id": [ "37" ],
        "x-ms-client-request-id": [ "20c913d3-0d7e-4e08-a84d-c0b24a426fb3" ],
        "CommandName": [ "Az.ServiceLinker.internal\\Get-AzServiceLinker" ],
        "FullCommandName": [ "Get-AzServiceLinker_List" ],
        "ParameterSetName": [ "__AllParameterSets" ],
        "User-Agent": [ "AzurePowershell/v0.0.0", "PSVersion/v7.1.3", "Az.ServiceLinker/0.1.0" ],
        "Authorization": [ "[Filtered]" ]
      },
      "ContentHeaders": {
      }
    },
    "Response": {
      "StatusCode": 200,
      "Headers": {
        "Cache-Control": [ "no-cache" ],
        "Pragma": [ "no-cache" ],
        "x-ms-ratelimit-remaining-subscription-reads": [ "11973" ],
        "x-ms-providerhub-traffic": [ "True" ],
        "mise-correlation-id": [ "b4cfe714-677f-4cdf-820f-9bd4e731ea60" ],
        "Strict-Transport-Security": [ "max-age=31536000; includeSubDomains" ],
        "x-ms-request-id": [ "c8e00496-23b8-483c-b0e5-cce41c5483b1" ],
        "x-ms-correlation-request-id": [ "f8050460-4fed-438e-ba9e-ae1381b91067" ],
        "x-ms-routing-request-id": [ "KOREASOUTH:20230130T051830Z:f8050460-4fed-438e-ba9e-ae1381b91067" ],
        "X-Content-Type-Options": [ "nosniff" ],
        "Date": [ "Mon, 30 Jan 2023 05:18:30 GMT" ]
      },
      "ContentHeaders": {
        "Content-Length": [ "12" ],
        "Content-Type": [ "application/json; charset=utf-8" ],
        "Expires": [ "-1" ]
      },
      "Content": "{\"value\":[]}",
      "isContentBase64": false
    }
  }
}