{
  "Test-AzServiceLinkerForContainerApp+[NoContext]+Validate+$POST+https://management.azure.com//subscriptions/937bc588-a144-4083-8612-5f9ffbbddb14/resourceGroups/servicelinker-test-linux-group/providers/Microsoft.App/containerApps/servicelinker-containerapp/providers/Microsoft.ServiceLinker/linkers/preparedLinker/validateLinker?api-version=2022-11-01-preview+1": {
    "Request": {
      "Method": "POST",
      "RequestUri": "https://management.azure.com//subscriptions/937bc588-a144-4083-8612-5f9ffbbddb14/resourceGroups/servicelinker-test-linux-group/providers/Microsoft.App/containerApps/servicelinker-containerapp/providers/Microsoft.ServiceLinker/linkers/preparedLinker/validateLinker?api-version=2022-11-01-preview",
      "Content": null,
      "isContentBase64": false,
      "Headers": {
        "x-ms-unique-id": [ "42" ],
        "x-ms-client-request-id": [ "e38802c9-2429-4e13-a318-3f6898d92dab" ],
        "CommandName": [ "Az.ServiceLinker.internal\\Test-AzServiceLinker" ],
        "FullCommandName": [ "Test-AzServiceLinker_Validate" ],
        "ParameterSetName": [ "__AllParameterSets" ],
        "User-Agent": [ "AzurePowershell/v0.0.0", "PSVersion/v7.1.3", "Az.ServiceLinker/0.1.0" ],
        "Authorization": [ "[Filtered]" ]
      },
      "ContentHeaders": {
      }
    },
    "Response": {
      "StatusCode": 202,
      "Headers": {
        "Cache-Control": [ "no-cache" ],
        "Pragma": [ "no-cache" ],
        "Location": [ "https://management.azure.com/subscriptions/937bc588-a144-4083-8612-5f9ffbbddb14/providers/Microsoft.ServiceLinker/locations/EASTUS/operationStatuses/b8c131ad-0614-411d-b109-1a6336cd041d*324E836E610ADA5227F1AB5B6997832CF633F8C4C7175BF9A042B2B8312F6A7C?api-version=2021-01-01-privatepreview" ],
        "x-ms-ratelimit-remaining-subscription-writes": [ "1196" ],
        "x-ms-providerhub-traffic": [ "True" ],
        "mise-correlation-id": [ "54aac67b-32fc-476b-916f-d67a1481ec41" ],
        "Strict-Transport-Security": [ "max-age=31536000; includeSubDomains" ],
        "Azure-AsyncOperation": [ "https://management.azure.com/subscriptions/937bc588-a144-4083-8612-5f9ffbbddb14/providers/Microsoft.ServiceLinker/locations/EASTUS/operationStatuses/b8c131ad-0614-411d-b109-1a6336cd041d*324E836E610ADA5227F1AB5B6997832CF633F8C4C7175BF9A042B2B8312F6A7C?api-version=2021-01-01-privatepreview" ],
        "x-ms-request-id": [ "b8c131ad-0614-411d-b109-1a6336cd041d" ],
        "x-ms-correlation-request-id": [ "8a820216-62c1-40f2-91a4-fce0a9ecbc67" ],
        "x-ms-routing-request-id": [ "KOREASOUTH:20230130T052010Z:8a820216-62c1-40f2-91a4-fce0a9ecbc67" ],
        "X-Content-Type-Options": [ "nosniff" ],
        "Date": [ "Mon, 30 Jan 2023 05:20:10 GMT" ]
      },
      "ContentHeaders": {
        "Content-Length": [ "4" ],
        "Content-Type": [ "application/json; charset=utf-8" ],
        "Expires": [ "-1" ]
      },
      "Content": "bnVsbA==",
      "isContentBase64": false
    }
  },
  "Test-AzServiceLinkerForContainerApp+[NoContext]+Validate+$GET+https://management.azure.com/subscriptions/937bc588-a144-4083-8612-5f9ffbbddb14/providers/Microsoft.ServiceLinker/locations/EASTUS/operationStatuses/b8c131ad-0614-411d-b109-1a6336cd041d*324E836E610ADA5227F1AB5B6997832CF633F8C4C7175BF9A042B2B8312F6A7C?api-version=2021-01-01-privatepreview+2": {
    "Request": {
      "Method": "GET",
      "RequestUri": "https://management.azure.com/subscriptions/937bc588-a144-4083-8612-5f9ffbbddb14/providers/Microsoft.ServiceLinker/locations/EASTUS/operationStatuses/b8c131ad-0614-411d-b109-1a6336cd041d*324E836E610ADA5227F1AB5B6997832CF633F8C4C7175BF9A042B2B8312F6A7C?api-version=2021-01-01-privatepreview",
      "Content": null,
      "isContentBase64": false,
      "Headers": {
        "Authorization": [ "[Filtered]" ],
        "x-ms-unique-id": [ "43" ],
        "x-ms-client-request-id": [ "e38802c9-2429-4e13-a318-3f6898d92dab" ],
        "CommandName": [ "Az.ServiceLinker.internal\\Test-AzServiceLinker" ],
        "FullCommandName": [ "Test-AzServiceLinker_Validate" ],
        "ParameterSetName": [ "__AllParameterSets" ],
        "User-Agent": [ "AzurePowershell/v0.0.0", "PSVersion/v7.1.3", "Az.ServiceLinker/0.1.0" ]
      },
      "ContentHeaders": {
      }
    },
    "Response": {
      "StatusCode": 200,
      "Headers": {
        "Cache-Control": [ "no-cache" ],
        "Pragma": [ "no-cache" ],
        "ETag": [ "\"b204f29d-0000-0100-0000-63d7538f0000\"" ],
        "x-ms-ratelimit-remaining-subscription-reads": [ "11972" ],
        "x-ms-request-id": [ "8ca6f77d-0b32-4c4d-b20b-518d14cd8aa4" ],
        "x-ms-correlation-request-id": [ "3356b8d8-5445-4bad-b0cc-799716bda261" ],
        "x-ms-routing-request-id": [ "KOREASOUTH:20230130T052041Z:3356b8d8-5445-4bad-b0cc-799716bda261" ],
        "Strict-Transport-Security": [ "max-age=31536000; includeSubDomains" ],
        "X-Content-Type-Options": [ "nosniff" ],
        "Date": [ "Mon, 30 Jan 2023 05:20:40 GMT" ]
      },
      "ContentHeaders": {
        "Content-Length": [ "2070" ],
        "Content-Type": [ "application/json; charset=utf-8" ],
        "Expires": [ "-1" ]
      },
      "Content": "{\"id\":\"/subscriptions/937bc588-a144-4083-8612-5f9ffbbddb14/providers/Microsoft.ServiceLinker/locations/EASTUS/operationStatuses/b8c131ad-0614-411d-b109-1a6336cd041d*324E836E610ADA5227F1AB5B6997832CF633F8C4C7175BF9A042B2B8312F6A7C\",\"name\":\"b8c131ad-0614-411d-b109-1a6336cd041d*324E836E610ADA5227F1AB5B6997832CF633F8C4C7175BF9A042B2B8312F6A7C\",\"resourceId\":\"/subscriptions/937bc588-a144-4083-8612-5f9ffbbddb14/resourceGroups/servicelinker-test-linux-group/providers/Microsoft.App/containerApps/servicelinker-containerapp/providers/Microsoft.ServiceLinker/linkers/preparedLinker\",\"status\":\"Succeeded\",\"startTime\":\"2023-01-30T05:20:09.8446588Z\",\"endTime\":\"2023-01-30T05:20:15.0987634Z\",\"properties\":{\"Message\":\"{\\\"ConnectionName\\\":\\\"preparedLinker\\\",\\\"IsConnectionAvailable\\\":true,\\\"ValidationDetail\\\":[{\\\"Name\\\":\\\"The target existence is validated\\\",\\\"Description\\\":null,\\\"Result\\\":0},{\\\"Name\\\":\\\"The target\u0027s network access is validated\\\",\\\"Description\\\":null,\\\"Result\\\":0},{\\\"Name\\\":\\\"The configured values is validated\\\",\\\"Description\\\":null,\\\"Result\\\":0},{\\\"Name\\\":\\\"The identity existence is validated\\\",\\\"Description\\\":null,\\\"Result\\\":0},{\\\"Name\\\":\\\"The identity permission is validated\\\",\\\"Description\\\":null,\\\"Result\\\":0}],\\\"ReportStartTimeUtc\\\":\\\"2023-01-30T05:20:11.5780331Z\\\",\\\"ReportEndTimeUtc\\\":\\\"2023-01-30T05:20:13.9648093Z\\\",\\\"SourceId\\\":null,\\\"TargetId\\\":null,\\\"AuthType\\\":0}\",\"linkerName\":\"preparedLinker\",\"isConnectionAvailable\":true,\"validationDetail\":[{\"name\":\"The target existence is validated\",\"description\":null,\"result\":\"success\"},{\"name\":\"The target\u0027s network access is validated\",\"description\":null,\"result\":\"success\"},{\"name\":\"The configured values is validated\",\"description\":null,\"result\":\"success\"},{\"name\":\"The identity existence is validated\",\"description\":null,\"result\":\"success\"},{\"name\":\"The identity permission is validated\",\"description\":null,\"result\":\"success\"}],\"reportStartTimeUtc\":\"2023-01-30T05:20:11.5780331Z\",\"reportEndTimeUtc\":\"2023-01-30T05:20:13.9648093Z\",\"sourceId\":null,\"targetId\":null,\"authType\":\"systemAssignedIdentity\"}}",
      "isContentBase64": false
    }
  },
  "Test-AzServiceLinkerForContainerApp+[NoContext]+Validate+$GET+https://management.azure.com/subscriptions/937bc588-a144-4083-8612-5f9ffbbddb14/providers/Microsoft.ServiceLinker/locations/EASTUS/operationStatuses/b8c131ad-0614-411d-b109-1a6336cd041d*324E836E610ADA5227F1AB5B6997832CF633F8C4C7175BF9A042B2B8312F6A7C?api-version=2021-01-01-privatepreview+3": {
    "Request": {
      "Method": "GET",
      "RequestUri": "https://management.azure.com/subscriptions/937bc588-a144-4083-8612-5f9ffbbddb14/providers/Microsoft.ServiceLinker/locations/EASTUS/operationStatuses/b8c131ad-0614-411d-b109-1a6336cd041d*324E836E610ADA5227F1AB5B6997832CF633F8C4C7175BF9A042B2B8312F6A7C?api-version=2021-01-01-privatepreview",
      "Content": null,
      "isContentBase64": false,
      "Headers": {
        "Authorization": [ "[Filtered]" ],
        "x-ms-unique-id": [ "44" ],
        "x-ms-client-request-id": [ "e38802c9-2429-4e13-a318-3f6898d92dab" ],
        "CommandName": [ "Az.ServiceLinker.internal\\Test-AzServiceLinker" ],
        "FullCommandName": [ "Test-AzServiceLinker_Validate" ],
        "ParameterSetName": [ "__AllParameterSets" ],
        "User-Agent": [ "AzurePowershell/v0.0.0", "PSVersion/v7.1.3", "Az.ServiceLinker/0.1.0" ]
      },
      "ContentHeaders": {
      }
    },
    "Response": {
      "StatusCode": 200,
      "Headers": {
        "Cache-Control": [ "no-cache" ],
        "Pragma": [ "no-cache" ],
        "ETag": [ "\"b204f29d-0000-0100-0000-63d7538f0000\"" ],
        "x-ms-ratelimit-remaining-subscription-reads": [ "11971" ],
        "x-ms-request-id": [ "766393b9-105d-4547-b9a2-6abe1bb6d3a2" ],
        "x-ms-correlation-request-id": [ "adf8b83e-d3e2-4a46-9e48-dd0fc872d579" ],
        "x-ms-routing-request-id": [ "KOREASOUTH:20230130T052041Z:adf8b83e-d3e2-4a46-9e48-dd0fc872d579" ],
        "Strict-Transport-Security": [ "max-age=31536000; includeSubDomains" ],
        "X-Content-Type-Options": [ "nosniff" ],
        "Date": [ "Mon, 30 Jan 2023 05:20:41 GMT" ]
      },
      "ContentHeaders": {
        "Content-Length": [ "2070" ],
        "Content-Type": [ "application/json; charset=utf-8" ],
        "Expires": [ "-1" ]
      },
      "Content": "{\"id\":\"/subscriptions/937bc588-a144-4083-8612-5f9ffbbddb14/providers/Microsoft.ServiceLinker/locations/EASTUS/operationStatuses/b8c131ad-0614-411d-b109-1a6336cd041d*324E836E610ADA5227F1AB5B6997832CF633F8C4C7175BF9A042B2B8312F6A7C\",\"name\":\"b8c131ad-0614-411d-b109-1a6336cd041d*324E836E610ADA5227F1AB5B6997832CF633F8C4C7175BF9A042B2B8312F6A7C\",\"resourceId\":\"/subscriptions/937bc588-a144-4083-8612-5f9ffbbddb14/resourceGroups/servicelinker-test-linux-group/providers/Microsoft.App/containerApps/servicelinker-containerapp/providers/Microsoft.ServiceLinker/linkers/preparedLinker\",\"status\":\"Succeeded\",\"startTime\":\"2023-01-30T05:20:09.8446588Z\",\"endTime\":\"2023-01-30T05:20:15.0987634Z\",\"properties\":{\"Message\":\"{\\\"ConnectionName\\\":\\\"preparedLinker\\\",\\\"IsConnectionAvailable\\\":true,\\\"ValidationDetail\\\":[{\\\"Name\\\":\\\"The target existence is validated\\\",\\\"Description\\\":null,\\\"Result\\\":0},{\\\"Name\\\":\\\"The target\u0027s network access is validated\\\",\\\"Description\\\":null,\\\"Result\\\":0},{\\\"Name\\\":\\\"The configured values is validated\\\",\\\"Description\\\":null,\\\"Result\\\":0},{\\\"Name\\\":\\\"The identity existence is validated\\\",\\\"Description\\\":null,\\\"Result\\\":0},{\\\"Name\\\":\\\"The identity permission is validated\\\",\\\"Description\\\":null,\\\"Result\\\":0}],\\\"ReportStartTimeUtc\\\":\\\"2023-01-30T05:20:11.5780331Z\\\",\\\"ReportEndTimeUtc\\\":\\\"2023-01-30T05:20:13.9648093Z\\\",\\\"SourceId\\\":null,\\\"TargetId\\\":null,\\\"AuthType\\\":0}\",\"linkerName\":\"preparedLinker\",\"isConnectionAvailable\":true,\"validationDetail\":[{\"name\":\"The target existence is validated\",\"description\":null,\"result\":\"success\"},{\"name\":\"The target\u0027s network access is validated\",\"description\":null,\"result\":\"success\"},{\"name\":\"The configured values is validated\",\"description\":null,\"result\":\"success\"},{\"name\":\"The identity existence is validated\",\"description\":null,\"result\":\"success\"},{\"name\":\"The identity permission is validated\",\"description\":null,\"result\":\"success\"}],\"reportStartTimeUtc\":\"2023-01-30T05:20:11.5780331Z\",\"reportEndTimeUtc\":\"2023-01-30T05:20:13.9648093Z\",\"sourceId\":null,\"targetId\":null,\"authType\":\"systemAssignedIdentity\"}}",
      "isContentBase64": false
    }
  },
  "Test-AzServiceLinkerForContainerApp+[NoContext]+ValidateViaIdentity+$POST+https://management.azure.com//subscriptions/937bc588-a144-4083-8612-5f9ffbbddb14/resourceGroups/servicelinker-test-linux-group/providers/Microsoft.App/containerApps/servicelinker-containerapp/providers/Microsoft.ServiceLinker/linkers/preparedLinker/validateLinker?api-version=2022-11-01-preview+1": {
    "Request": {
      "Method": "POST",
      "RequestUri": "https://management.azure.com//subscriptions/937bc588-a144-4083-8612-5f9ffbbddb14/resourceGroups/servicelinker-test-linux-group/providers/Microsoft.App/containerApps/servicelinker-containerapp/providers/Microsoft.ServiceLinker/linkers/preparedLinker/validateLinker?api-version=2022-11-01-preview",
      "Content": null,
      "isContentBase64": false,
      "Headers": {
        "x-ms-unique-id": [ "45" ],
        "x-ms-client-request-id": [ "37ad3076-b941-4bd7-bc85-953b8ecc6bdd" ],
        "CommandName": [ "Az.ServiceLinker.internal\\Test-AzServiceLinker" ],
        "FullCommandName": [ "Test-AzServiceLinker_ValidateViaIdentity" ],
        "ParameterSetName": [ "__AllParameterSets" ],
        "User-Agent": [ "AzurePowershell/v0.0.0", "PSVersion/v7.1.3", "Az.ServiceLinker/0.1.0" ],
        "Authorization": [ "[Filtered]" ]
      },
      "ContentHeaders": {
      }
    },
    "Response": {
      "StatusCode": 202,
      "Headers": {
        "Cache-Control": [ "no-cache" ],
        "Pragma": [ "no-cache" ],
        "Location": [ "https://management.azure.com/subscriptions/937bc588-a144-4083-8612-5f9ffbbddb14/providers/Microsoft.ServiceLinker/locations/EASTUS/operationStatuses/5cdab3bf-ab52-4ba4-85de-10ddb0f36f91*324E836E610ADA5227F1AB5B6997832CF633F8C4C7175BF9A042B2B8312F6A7C?api-version=2021-01-01-privatepreview" ],
        "x-ms-ratelimit-remaining-subscription-writes": [ "1195" ],
        "x-ms-providerhub-traffic": [ "True" ],
        "mise-correlation-id": [ "097eeb3e-e111-4b1f-9b1a-ff006d7f88eb" ],
        "Strict-Transport-Security": [ "max-age=31536000; includeSubDomains" ],
        "Azure-AsyncOperation": [ "https://management.azure.com/subscriptions/937bc588-a144-4083-8612-5f9ffbbddb14/providers/Microsoft.ServiceLinker/locations/EASTUS/operationStatuses/5cdab3bf-ab52-4ba4-85de-10ddb0f36f91*324E836E610ADA5227F1AB5B6997832CF633F8C4C7175BF9A042B2B8312F6A7C?api-version=2021-01-01-privatepreview" ],
        "x-ms-request-id": [ "5cdab3bf-ab52-4ba4-85de-10ddb0f36f91" ],
        "x-ms-correlation-request-id": [ "6abbde9d-488a-48e9-aa55-1489f065b009" ],
        "x-ms-routing-request-id": [ "KOREASOUTH:20230130T052043Z:6abbde9d-488a-48e9-aa55-1489f065b009" ],
        "X-Content-Type-Options": [ "nosniff" ],
        "Date": [ "Mon, 30 Jan 2023 05:20:42 GMT" ]
      },
      "ContentHeaders": {
        "Content-Length": [ "4" ],
        "Content-Type": [ "application/json; charset=utf-8" ],
        "Expires": [ "-1" ]
      },
      "Content": "bnVsbA==",
      "isContentBase64": false
    }
  },
  "Test-AzServiceLinkerForContainerApp+[NoContext]+ValidateViaIdentity+$GET+https://management.azure.com/subscriptions/937bc588-a144-4083-8612-5f9ffbbddb14/providers/Microsoft.ServiceLinker/locations/EASTUS/operationStatuses/5cdab3bf-ab52-4ba4-85de-10ddb0f36f91*324E836E610ADA5227F1AB5B6997832CF633F8C4C7175BF9A042B2B8312F6A7C?api-version=2021-01-01-privatepreview+2": {
    "Request": {
      "Method": "GET",
      "RequestUri": "https://management.azure.com/subscriptions/937bc588-a144-4083-8612-5f9ffbbddb14/providers/Microsoft.ServiceLinker/locations/EASTUS/operationStatuses/5cdab3bf-ab52-4ba4-85de-10ddb0f36f91*324E836E610ADA5227F1AB5B6997832CF633F8C4C7175BF9A042B2B8312F6A7C?api-version=2021-01-01-privatepreview",
      "Content": null,
      "isContentBase64": false,
      "Headers": {
        "Authorization": [ "[Filtered]" ],
        "x-ms-unique-id": [ "46" ],
        "x-ms-client-request-id": [ "37ad3076-b941-4bd7-bc85-953b8ecc6bdd" ],
        "CommandName": [ "Az.ServiceLinker.internal\\Test-AzServiceLinker" ],
        "FullCommandName": [ "Test-AzServiceLinker_ValidateViaIdentity" ],
        "ParameterSetName": [ "__AllParameterSets" ],
        "User-Agent": [ "AzurePowershell/v0.0.0", "PSVersion/v7.1.3", "Az.ServiceLinker/0.1.0" ]
      },
      "ContentHeaders": {
      }
    },
    "Response": {
      "StatusCode": 200,
      "Headers": {
        "Cache-Control": [ "no-cache" ],
        "Pragma": [ "no-cache" ],
        "ETag": [ "\"b204089e-0000-0100-0000-63d753af0000\"" ],
        "x-ms-ratelimit-remaining-subscription-reads": [ "11970" ],
        "x-ms-request-id": [ "88ceac02-7dd5-4362-a712-456ed78c277d" ],
        "x-ms-correlation-request-id": [ "3d5aa47f-487c-4963-9950-2cd55add11a7" ],
        "x-ms-routing-request-id": [ "KOREASOUTH:20230130T052113Z:3d5aa47f-487c-4963-9950-2cd55add11a7" ],
        "Strict-Transport-Security": [ "max-age=31536000; includeSubDomains" ],
        "X-Content-Type-Options": [ "nosniff" ],
        "Date": [ "Mon, 30 Jan 2023 05:21:13 GMT" ]
      },
      "ContentHeaders": {
        "Content-Length": [ "2070" ],
        "Content-Type": [ "application/json; charset=utf-8" ],
        "Expires": [ "-1" ]
      },
      "Content": "{\"id\":\"/subscriptions/937bc588-a144-4083-8612-5f9ffbbddb14/providers/Microsoft.ServiceLinker/locations/EASTUS/operationStatuses/5cdab3bf-ab52-4ba4-85de-10ddb0f36f91*324E836E610ADA5227F1AB5B6997832CF633F8C4C7175BF9A042B2B8312F6A7C\",\"name\":\"5cdab3bf-ab52-4ba4-85de-10ddb0f36f91*324E836E610ADA5227F1AB5B6997832CF633F8C4C7175BF9A042B2B8312F6A7C\",\"resourceId\":\"/subscriptions/937bc588-a144-4083-8612-5f9ffbbddb14/resourceGroups/servicelinker-test-linux-group/providers/Microsoft.App/containerApps/servicelinker-containerapp/providers/Microsoft.ServiceLinker/linkers/preparedLinker\",\"status\":\"Succeeded\",\"startTime\":\"2023-01-30T05:20:42.8002997Z\",\"endTime\":\"2023-01-30T05:20:47.5931259Z\",\"properties\":{\"Message\":\"{\\\"ConnectionName\\\":\\\"preparedLinker\\\",\\\"IsConnectionAvailable\\\":true,\\\"ValidationDetail\\\":[{\\\"Name\\\":\\\"The target existence is validated\\\",\\\"Description\\\":null,\\\"Result\\\":0},{\\\"Name\\\":\\\"The target\u0027s network access is validated\\\",\\\"Description\\\":null,\\\"Result\\\":0},{\\\"Name\\\":\\\"The configured values is validated\\\",\\\"Description\\\":null,\\\"Result\\\":0},{\\\"Name\\\":\\\"The identity existence is validated\\\",\\\"Description\\\":null,\\\"Result\\\":0},{\\\"Name\\\":\\\"The identity permission is validated\\\",\\\"Description\\\":null,\\\"Result\\\":0}],\\\"ReportStartTimeUtc\\\":\\\"2023-01-30T05:20:44.4808376Z\\\",\\\"ReportEndTimeUtc\\\":\\\"2023-01-30T05:20:46.4431334Z\\\",\\\"SourceId\\\":null,\\\"TargetId\\\":null,\\\"AuthType\\\":0}\",\"linkerName\":\"preparedLinker\",\"isConnectionAvailable\":true,\"validationDetail\":[{\"name\":\"The target existence is validated\",\"description\":null,\"result\":\"success\"},{\"name\":\"The target\u0027s network access is validated\",\"description\":null,\"result\":\"success\"},{\"name\":\"The configured values is validated\",\"description\":null,\"result\":\"success\"},{\"name\":\"The identity existence is validated\",\"description\":null,\"result\":\"success\"},{\"name\":\"The identity permission is validated\",\"description\":null,\"result\":\"success\"}],\"reportStartTimeUtc\":\"2023-01-30T05:20:44.4808376Z\",\"reportEndTimeUtc\":\"2023-01-30T05:20:46.4431334Z\",\"sourceId\":null,\"targetId\":null,\"authType\":\"systemAssignedIdentity\"}}",
      "isContentBase64": false
    }
  },
  "Test-AzServiceLinkerForContainerApp+[NoContext]+ValidateViaIdentity+$GET+https://management.azure.com/subscriptions/937bc588-a144-4083-8612-5f9ffbbddb14/providers/Microsoft.ServiceLinker/locations/EASTUS/operationStatuses/5cdab3bf-ab52-4ba4-85de-10ddb0f36f91*324E836E610ADA5227F1AB5B6997832CF633F8C4C7175BF9A042B2B8312F6A7C?api-version=2021-01-01-privatepreview+3": {
    "Request": {
      "Method": "GET",
      "RequestUri": "https://management.azure.com/subscriptions/937bc588-a144-4083-8612-5f9ffbbddb14/providers/Microsoft.ServiceLinker/locations/EASTUS/operationStatuses/5cdab3bf-ab52-4ba4-85de-10ddb0f36f91*324E836E610ADA5227F1AB5B6997832CF633F8C4C7175BF9A042B2B8312F6A7C?api-version=2021-01-01-privatepreview",
      "Content": null,
      "isContentBase64": false,
      "Headers": {
        "Authorization": [ "[Filtered]" ],
        "x-ms-unique-id": [ "47" ],
        "x-ms-client-request-id": [ "37ad3076-b941-4bd7-bc85-953b8ecc6bdd" ],
        "CommandName": [ "Az.ServiceLinker.internal\\Test-AzServiceLinker" ],
        "FullCommandName": [ "Test-AzServiceLinker_ValidateViaIdentity" ],
        "ParameterSetName": [ "__AllParameterSets" ],
        "User-Agent": [ "AzurePowershell/v0.0.0", "PSVersion/v7.1.3", "Az.ServiceLinker/0.1.0" ]
      },
      "ContentHeaders": {
      }
    },
    "Response": {
      "StatusCode": 200,
      "Headers": {
        "Cache-Control": [ "no-cache" ],
        "Pragma": [ "no-cache" ],
        "ETag": [ "\"b204089e-0000-0100-0000-63d753af0000\"" ],
        "x-ms-ratelimit-remaining-subscription-reads": [ "11969" ],
        "x-ms-request-id": [ "ec7966be-ed01-4a74-9c7f-7e3e3e43b82e" ],
        "x-ms-correlation-request-id": [ "a787b74b-f580-4c8d-8e2f-ec215f4775e0" ],
        "x-ms-routing-request-id": [ "KOREASOUTH:20230130T052114Z:a787b74b-f580-4c8d-8e2f-ec215f4775e0" ],
        "Strict-Transport-Security": [ "max-age=31536000; includeSubDomains" ],
        "X-Content-Type-Options": [ "nosniff" ],
        "Date": [ "Mon, 30 Jan 2023 05:21:14 GMT" ]
      },
      "ContentHeaders": {
        "Content-Length": [ "2070" ],
        "Content-Type": [ "application/json; charset=utf-8" ],
        "Expires": [ "-1" ]
      },
      "Content": "{\"id\":\"/subscriptions/937bc588-a144-4083-8612-5f9ffbbddb14/providers/Microsoft.ServiceLinker/locations/EASTUS/operationStatuses/5cdab3bf-ab52-4ba4-85de-10ddb0f36f91*324E836E610ADA5227F1AB5B6997832CF633F8C4C7175BF9A042B2B8312F6A7C\",\"name\":\"5cdab3bf-ab52-4ba4-85de-10ddb0f36f91*324E836E610ADA5227F1AB5B6997832CF633F8C4C7175BF9A042B2B8312F6A7C\",\"resourceId\":\"/subscriptions/937bc588-a144-4083-8612-5f9ffbbddb14/resourceGroups/servicelinker-test-linux-group/providers/Microsoft.App/containerApps/servicelinker-containerapp/providers/Microsoft.ServiceLinker/linkers/preparedLinker\",\"status\":\"Succeeded\",\"startTime\":\"2023-01-30T05:20:42.8002997Z\",\"endTime\":\"2023-01-30T05:20:47.5931259Z\",\"properties\":{\"Message\":\"{\\\"ConnectionName\\\":\\\"preparedLinker\\\",\\\"IsConnectionAvailable\\\":true,\\\"ValidationDetail\\\":[{\\\"Name\\\":\\\"The target existence is validated\\\",\\\"Description\\\":null,\\\"Result\\\":0},{\\\"Name\\\":\\\"The target\u0027s network access is validated\\\",\\\"Description\\\":null,\\\"Result\\\":0},{\\\"Name\\\":\\\"The configured values is validated\\\",\\\"Description\\\":null,\\\"Result\\\":0},{\\\"Name\\\":\\\"The identity existence is validated\\\",\\\"Description\\\":null,\\\"Result\\\":0},{\\\"Name\\\":\\\"The identity permission is validated\\\",\\\"Description\\\":null,\\\"Result\\\":0}],\\\"ReportStartTimeUtc\\\":\\\"2023-01-30T05:20:44.4808376Z\\\",\\\"ReportEndTimeUtc\\\":\\\"2023-01-30T05:20:46.4431334Z\\\",\\\"SourceId\\\":null,\\\"TargetId\\\":null,\\\"AuthType\\\":0}\",\"linkerName\":\"preparedLinker\",\"isConnectionAvailable\":true,\"validationDetail\":[{\"name\":\"The target existence is validated\",\"description\":null,\"result\":\"success\"},{\"name\":\"The target\u0027s network access is validated\",\"description\":null,\"result\":\"success\"},{\"name\":\"The configured values is validated\",\"description\":null,\"result\":\"success\"},{\"name\":\"The identity existence is validated\",\"description\":null,\"result\":\"success\"},{\"name\":\"The identity permission is validated\",\"description\":null,\"result\":\"success\"}],\"reportStartTimeUtc\":\"2023-01-30T05:20:44.4808376Z\",\"reportEndTimeUtc\":\"2023-01-30T05:20:46.4431334Z\",\"sourceId\":null,\"targetId\":null,\"authType\":\"systemAssignedIdentity\"}}",
      "isContentBase64": false
    }
  }
}