{
  "Entries": [
    {
      "RequestUri": "/subscriptions/27cafca8-b9a4-4264-b399-45d0c9cca1ab/resourcegroups/onesdk8640?api-version=2016-02-01",
      "EncodedRequestUri": "L3N1YnNjcmlwdGlvbnMvMjdjYWZjYTgtYjlhNC00MjY0LWIzOTktNDVkMGM5Y2NhMWFiL3Jlc291cmNlZ3JvdXBzL29uZXNkazg2NDA/YXBpLXZlcnNpb249MjAxNi0wMi0wMQ==",
      "RequestMethod": "HEAD",
      "RequestBody": "",
      "RequestHeaders": {
        "User-Agent": [
          "Microsoft.Azure.Management.Resources.ResourceManagementClient/2.0.0.0"
        ]
      },
      "ResponseBody": "",
      "ResponseHeaders": {
        "Content-Length": [
          "102"
        ],
        "Content-Type": [
          "application/json; charset=utf-8"
        ],
        "Expires": [
          "-1"
        ],
        "Pragma": [
          "no-cache"
        ],
        "x-ms-failure-cause": [
          "gateway"
        ],
        "x-ms-ratelimit-remaining-subscription-reads": [
          "14993"
        ],
        "x-ms-request-id": [
          "dcac432e-54ee-467e-a0e1-b78202fd5575"
        ],
        "x-ms-correlation-request-id": [
          "dcac432e-54ee-467e-a0e1-b78202fd5575"
        ],
        "x-ms-routing-request-id": [
          "CENTRALUS:20160512T225207Z:dcac432e-54ee-467e-a0e1-b78202fd5575"
        ],
        "Strict-Transport-Security": [
          "max-age=31536000; includeSubDomains"
        ],
        "Cache-Control": [
          "no-cache"
        ],
        "Date": [
          "Thu, 12 May 2016 22:52:06 GMT"
        ]
      },
      "StatusCode": 404
    },
    {
      "RequestUri": "/subscriptions/27cafca8-b9a4-4264-b399-45d0c9cca1ab/resourcegroups/onesdk8640?api-version=2016-02-01",
      "EncodedRequestUri": "L3N1YnNjcmlwdGlvbnMvMjdjYWZjYTgtYjlhNC00MjY0LWIzOTktNDVkMGM5Y2NhMWFiL3Jlc291cmNlZ3JvdXBzL29uZXNkazg2NDA/YXBpLXZlcnNpb249MjAxNi0wMi0wMQ==",
      "RequestMethod": "HEAD",
      "RequestBody": "",
      "RequestHeaders": {
        "User-Agent": [
          "Microsoft.Azure.Management.Resources.ResourceManagementClient/2.0.0.0"
        ]
      },
      "ResponseBody": "",
      "ResponseHeaders": {
        "Content-Length": [
          "0"
        ],
        "Expires": [
          "-1"
        ],
        "Pragma": [
          "no-cache"
        ],
        "x-ms-ratelimit-remaining-subscription-reads": [
          "14989"
        ],
        "x-ms-request-id": [
          "02e7b701-5f13-4f73-b47b-f3de9a137e5f"
        ],
        "x-ms-correlation-request-id": [
          "02e7b701-5f13-4f73-b47b-f3de9a137e5f"
        ],
        "x-ms-routing-request-id": [
          "CENTRALUS:20160512T225345Z:02e7b701-5f13-4f73-b47b-f3de9a137e5f"
        ],
        "Strict-Transport-Security": [
          "max-age=31536000; includeSubDomains"
        ],
        "Cache-Control": [
          "no-cache"
        ],
        "Date": [
          "Thu, 12 May 2016 22:53:45 GMT"
        ]
      },
      "StatusCode": 204
    },
    {
      "RequestUri": "/subscriptions/27cafca8-b9a4-4264-b399-45d0c9cca1ab/resourcegroups/onesdk8640?api-version=2016-02-01",
      "EncodedRequestUri": "L3N1YnNjcmlwdGlvbnMvMjdjYWZjYTgtYjlhNC00MjY0LWIzOTktNDVkMGM5Y2NhMWFiL3Jlc291cmNlZ3JvdXBzL29uZXNkazg2NDA/YXBpLXZlcnNpb249MjAxNi0wMi0wMQ==",
      "RequestMethod": "PUT",
      "RequestBody": "{\r\n  \"location\": \"West US\"\r\n}",
      "RequestHeaders": {
        "Content-Type": [
          "application/json; charset=utf-8"
        ],
        "Content-Length": [
          "29"
        ],
        "User-Agent": [
          "Microsoft.Azure.Management.Resources.ResourceManagementClient/2.0.0.0"
        ]
      },
      "ResponseBody": "{\r\n  \"id\": \"/subscriptions/27cafca8-b9a4-4264-b399-45d0c9cca1ab/resourceGroups/onesdk8640\",\r\n  \"name\": \"onesdk8640\",\r\n  \"location\": \"westus\",\r\n  \"properties\": {\r\n    \"provisioningState\": \"Succeeded\"\r\n  }\r\n}",
      "ResponseHeaders": {
        "Content-Length": [
          "173"
        ],
        "Content-Type": [
          "application/json; charset=utf-8"
        ],
        "Expires": [
          "-1"
        ],
        "Pragma": [
          "no-cache"
        ],
        "x-ms-ratelimit-remaining-subscription-writes": [
          "1197"
        ],
        "x-ms-request-id": [
          "350edbde-52b6-438c-8cde-9179a1e1d033"
        ],
        "x-ms-correlation-request-id": [
          "350edbde-52b6-438c-8cde-9179a1e1d033"
        ],
        "x-ms-routing-request-id": [
          "CENTRALUS:20160512T225208Z:350edbde-52b6-438c-8cde-9179a1e1d033"
        ],
        "Strict-Transport-Security": [
          "max-age=31536000; includeSubDomains"
        ],
        "Cache-Control": [
          "no-cache"
        ],
        "Date": [
          "Thu, 12 May 2016 22:52:07 GMT"
        ]
      },
      "StatusCode": 201
    },
    {
      "RequestUri": "/subscriptions/27cafca8-b9a4-4264-b399-45d0c9cca1ab/resourceGroups/onesdk8640/resources?api-version=2016-02-01",
      "EncodedRequestUri": "L3N1YnNjcmlwdGlvbnMvMjdjYWZjYTgtYjlhNC00MjY0LWIzOTktNDVkMGM5Y2NhMWFiL3Jlc291cmNlR3JvdXBzL29uZXNkazg2NDAvcmVzb3VyY2VzP2FwaS12ZXJzaW9uPTIwMTYtMDItMDE=",
      "RequestMethod": "GET",
      "RequestBody": "",
      "RequestHeaders": {
        "User-Agent": [
          "Microsoft.Azure.Management.Resources.ResourceManagementClient/2.0.0.0"
        ]
      },
      "ResponseBody": "{\r\n  \"value\": []\r\n}",
      "ResponseHeaders": {
        "Content-Length": [
          "12"
        ],
        "Content-Type": [
          "application/json; charset=utf-8"
        ],
        "Expires": [
          "-1"
        ],
        "Pragma": [
          "no-cache"
        ],
        "x-ms-ratelimit-remaining-subscription-reads": [
          "14992"
        ],
        "x-ms-request-id": [
          "e29bacc7-5ef2-4abd-89f8-204c7a40e1ed"
        ],
        "x-ms-correlation-request-id": [
          "e29bacc7-5ef2-4abd-89f8-204c7a40e1ed"
        ],
        "x-ms-routing-request-id": [
          "CENTRALUS:20160512T225208Z:e29bacc7-5ef2-4abd-89f8-204c7a40e1ed"
        ],
        "Strict-Transport-Security": [
          "max-age=31536000; includeSubDomains"
        ],
        "Cache-Control": [
          "no-cache"
        ],
        "Date": [
          "Thu, 12 May 2016 22:52:07 GMT"
        ]
      },
      "StatusCode": 200
    },
    {
      "RequestUri": "/subscriptions/27cafca8-b9a4-4264-b399-45d0c9cca1ab/resourceGroups/onesdk8640/providers/Microsoft.Cdn/profiles/onesdk1089?api-version=2016-04-02",
      "EncodedRequestUri": "L3N1YnNjcmlwdGlvbnMvMjdjYWZjYTgtYjlhNC00MjY0LWIzOTktNDVkMGM5Y2NhMWFiL3Jlc291cmNlR3JvdXBzL29uZXNkazg2NDAvcHJvdmlkZXJzL01pY3Jvc29mdC5DZG4vcHJvZmlsZXMvb25lc2RrMTA4OT9hcGktdmVyc2lvbj0yMDE2LTA0LTAy",
      "RequestMethod": "GET",
      "RequestBody": "",
      "RequestHeaders": {
        "x-ms-client-request-id": [
          "1e2955d6-6cb5-46af-9b28-ba5fc2c3a543"
        ],
        "accept-language": [
          "en-US"
        ],
        "User-Agent": [
          "Microsoft.Azure.Management.Cdn.CdnManagementClient/1.0.0.0"
        ]
      },
      "ResponseBody": "{\r\n  \"error\": {\r\n    \"code\": \"ResourceNotFound\",\r\n    \"message\": \"The Resource 'Microsoft.Cdn/profiles/onesdk1089' under resource group 'onesdk8640' was not found.\"\r\n  }\r\n}",
      "ResponseHeaders": {
        "Content-Length": [
          "147"
        ],
        "Content-Type": [
          "application/json; charset=utf-8"
        ],
        "Expires": [
          "-1"
        ],
        "Pragma": [
          "no-cache"
        ],
        "x-ms-failure-cause": [
          "gateway"
        ],
        "x-ms-request-id": [
          "4531360a-c3b6-431c-8b5c-ad4cdcb095a9"
        ],
        "x-ms-correlation-request-id": [
          "4531360a-c3b6-431c-8b5c-ad4cdcb095a9"
        ],
        "x-ms-routing-request-id": [
          "CENTRALUS:20160512T225209Z:4531360a-c3b6-431c-8b5c-ad4cdcb095a9"
        ],
        "Strict-Transport-Security": [
          "max-age=31536000; includeSubDomains"
        ],
        "Cache-Control": [
          "no-cache"
        ],
        "Date": [
          "Thu, 12 May 2016 22:52:09 GMT"
        ]
      },
      "StatusCode": 404
    },
    {
      "RequestUri": "/subscriptions/27cafca8-b9a4-4264-b399-45d0c9cca1ab/resourceGroups/onesdk8640/providers/Microsoft.Cdn/profiles/onesdk1089?api-version=2016-04-02",
      "EncodedRequestUri": "L3N1YnNjcmlwdGlvbnMvMjdjYWZjYTgtYjlhNC00MjY0LWIzOTktNDVkMGM5Y2NhMWFiL3Jlc291cmNlR3JvdXBzL29uZXNkazg2NDAvcHJvdmlkZXJzL01pY3Jvc29mdC5DZG4vcHJvZmlsZXMvb25lc2RrMTA4OT9hcGktdmVyc2lvbj0yMDE2LTA0LTAy",
      "RequestMethod": "GET",
      "RequestBody": "",
      "RequestHeaders": {
        "User-Agent": [
          "Microsoft.Azure.Management.Cdn.CdnManagementClient/1.0.0.0"
        ]
      },
      "ResponseBody": "{\r\n  \"name\": \"onesdk1089\",\r\n  \"id\": \"/subscriptions/27cafca8-b9a4-4264-b399-45d0c9cca1ab/resourcegroups/onesdk8640/providers/Microsoft.Cdn/profiles/onesdk1089\",\r\n  \"type\": \"Microsoft.Cdn/profiles\",\r\n  \"tags\": {\r\n    \"tag2\": \"value2\",\r\n    \"tag1\": \"value1\"\r\n  },\r\n  \"location\": \"EastUs\",\r\n  \"sku\": {\r\n    \"name\": \"Standard_Verizon\"\r\n  },\r\n  \"properties\": {\r\n    \"provisioningState\": \"Succeeded\",\r\n    \"resourceState\": \"Active\"\r\n  }\r\n}",
      "ResponseHeaders": {
        "Content-Length": [
          "385"
        ],
        "Content-Type": [
          "application/json; odata.metadata=minimal; odata.streaming=true"
        ],
        "Expires": [
          "-1"
        ],
        "Pragma": [
          "no-cache"
        ],
        "x-ms-request-id": [
          "95737d79-47dc-40fc-9ece-2963b9b5af8c"
        ],
        "x-ms-client-request-id": [
          "a0f2f005-bcb6-4bf0-9508-28ee51fb9105"
        ],
        "OData-Version": [
          "4.0"
        ],
        "Strict-Transport-Security": [
          "max-age=31536000; includeSubDomains"
        ],
        "x-ms-ratelimit-remaining-subscription-reads": [
          "14991"
        ],
        "x-ms-correlation-request-id": [
          "32735d6e-99ee-47d0-872b-10c9ad345093"
        ],
        "x-ms-routing-request-id": [
          "CENTRALUS:20160512T225313Z:32735d6e-99ee-47d0-872b-10c9ad345093"
        ],
        "Cache-Control": [
          "no-cache"
        ],
        "Date": [
          "Thu, 12 May 2016 22:53:13 GMT"
        ],
        "Server": [
          "Microsoft-IIS/8.5"
        ],
        "X-AspNet-Version": [
          "4.0.30319"
        ],
        "X-Powered-By": [
          "ASP.NET"
        ]
      },
      "StatusCode": 200
    },
    {
      "RequestUri": "/subscriptions/27cafca8-b9a4-4264-b399-45d0c9cca1ab/resourceGroups/onesdk8640/providers/Microsoft.Cdn/profiles/onesdk1089?api-version=2016-04-02",
      "EncodedRequestUri": "L3N1YnNjcmlwdGlvbnMvMjdjYWZjYTgtYjlhNC00MjY0LWIzOTktNDVkMGM5Y2NhMWFiL3Jlc291cmNlR3JvdXBzL29uZXNkazg2NDAvcHJvdmlkZXJzL01pY3Jvc29mdC5DZG4vcHJvZmlsZXMvb25lc2RrMTA4OT9hcGktdmVyc2lvbj0yMDE2LTA0LTAy",
      "RequestMethod": "GET",
      "RequestBody": "",
      "RequestHeaders": {
        "x-ms-client-request-id": [
          "376b5414-83a0-4081-9957-5fc18e8b7416"
        ],
        "accept-language": [
          "en-US"
        ],
        "User-Agent": [
          "Microsoft.Azure.Management.Cdn.CdnManagementClient/1.0.0.0"
        ]
      },
      "ResponseBody": "{\r\n  \"name\": \"onesdk1089\",\r\n  \"id\": \"/subscriptions/27cafca8-b9a4-4264-b399-45d0c9cca1ab/resourcegroups/onesdk8640/providers/Microsoft.Cdn/profiles/onesdk1089\",\r\n  \"type\": \"Microsoft.Cdn/profiles\",\r\n  \"tags\": {\r\n    \"tag2\": \"value2\",\r\n    \"tag1\": \"value1\"\r\n  },\r\n  \"location\": \"EastUs\",\r\n  \"sku\": {\r\n    \"name\": \"Standard_Verizon\"\r\n  },\r\n  \"properties\": {\r\n    \"provisioningState\": \"Succeeded\",\r\n    \"resourceState\": \"Active\"\r\n  }\r\n}",
      "ResponseHeaders": {
        "Content-Length": [
          "385"
        ],
        "Content-Type": [
          "application/json; odata.metadata=minimal; odata.streaming=true"
        ],
        "Expires": [
          "-1"
        ],
        "Pragma": [
          "no-cache"
        ],
        "x-ms-request-id": [
          "f54405c2-f890-4cf2-a357-833c00214f7c"
        ],
        "x-ms-client-request-id": [
          "376b5414-83a0-4081-9957-5fc18e8b7416"
        ],
        "OData-Version": [
          "4.0"
        ],
        "Strict-Transport-Security": [
          "max-age=31536000; includeSubDomains"
        ],
        "x-ms-ratelimit-remaining-subscription-reads": [
          "14990"
        ],
        "x-ms-correlation-request-id": [
          "671dd4a5-40f1-430b-bf65-22e4133302c5"
        ],
        "x-ms-routing-request-id": [
          "CENTRALUS:20160512T225314Z:671dd4a5-40f1-430b-bf65-22e4133302c5"
        ],
        "Cache-Control": [
          "no-cache"
        ],
        "Date": [
          "Thu, 12 May 2016 22:53:13 GMT"
        ],
        "Server": [
          "Microsoft-IIS/8.5"
        ],
        "X-AspNet-Version": [
          "4.0.30319"
        ],
        "X-Powered-By": [
          "ASP.NET"
        ]
      },
      "StatusCode": 200
    },
    {
      "RequestUri": "/subscriptions/27cafca8-b9a4-4264-b399-45d0c9cca1ab/resourceGroups/onesdk8640/providers/Microsoft.Cdn/profiles/onesdk1089?api-version=2016-04-02",
      "EncodedRequestUri": "L3N1YnNjcmlwdGlvbnMvMjdjYWZjYTgtYjlhNC00MjY0LWIzOTktNDVkMGM5Y2NhMWFiL3Jlc291cmNlR3JvdXBzL29uZXNkazg2NDAvcHJvdmlkZXJzL01pY3Jvc29mdC5DZG4vcHJvZmlsZXMvb25lc2RrMTA4OT9hcGktdmVyc2lvbj0yMDE2LTA0LTAy",
      "RequestMethod": "GET",
      "RequestBody": "",
      "RequestHeaders": {
        "x-ms-client-request-id": [
          "2d12eb49-3eac-4cb1-b02c-961f84653938"
        ],
        "accept-language": [
          "en-US"
        ],
        "User-Agent": [
          "Microsoft.Azure.Management.Cdn.CdnManagementClient/1.0.0.0"
        ]
      },
      "ResponseBody": "{\r\n  \"error\": {\r\n    \"code\": \"ResourceNotFound\",\r\n    \"message\": \"The Resource 'Microsoft.Cdn/profiles/onesdk1089' under resource group 'onesdk8640' was not found.\"\r\n  }\r\n}",
      "ResponseHeaders": {
        "Content-Length": [
          "147"
        ],
        "Content-Type": [
          "application/json; charset=utf-8"
        ],
        "Expires": [
          "-1"
        ],
        "Pragma": [
          "no-cache"
        ],
        "x-ms-failure-cause": [
          "gateway"
        ],
        "x-ms-request-id": [
          "9a96c02e-3d2c-45cd-91c8-75db626d2367"
        ],
        "x-ms-correlation-request-id": [
          "9a96c02e-3d2c-45cd-91c8-75db626d2367"
        ],
        "x-ms-routing-request-id": [
          "CENTRALUS:20160512T225345Z:9a96c02e-3d2c-45cd-91c8-75db626d2367"
        ],
        "Strict-Transport-Security": [
          "max-age=31536000; includeSubDomains"
        ],
        "Cache-Control": [
          "no-cache"
        ],
        "Date": [
          "Thu, 12 May 2016 22:53:44 GMT"
        ]
      },
      "StatusCode": 404
    },
    {
      "RequestUri": "/subscriptions/27cafca8-b9a4-4264-b399-45d0c9cca1ab/resourceGroups/onesdk8640/providers/Microsoft.Cdn/profiles/onesdk1089?api-version=2016-04-02",
      "EncodedRequestUri": "L3N1YnNjcmlwdGlvbnMvMjdjYWZjYTgtYjlhNC00MjY0LWIzOTktNDVkMGM5Y2NhMWFiL3Jlc291cmNlR3JvdXBzL29uZXNkazg2NDAvcHJvdmlkZXJzL01pY3Jvc29mdC5DZG4vcHJvZmlsZXMvb25lc2RrMTA4OT9hcGktdmVyc2lvbj0yMDE2LTA0LTAy",
      "RequestMethod": "PUT",
      "RequestBody": "{\r\n  \"location\": \"EastUS\",\r\n  \"tags\": {\r\n    \"tag2\": \"value2\",\r\n    \"tag1\": \"value1\"\r\n  },\r\n  \"sku\": {\r\n    \"name\": \"Standard_Verizon\"\r\n  }\r\n}",
      "RequestHeaders": {
        "Content-Type": [
          "application/json; charset=utf-8"
        ],
        "Content-Length": [
          "142"
        ],
        "x-ms-client-request-id": [
          "e996f8b8-38c5-4167-a5bd-696841ac863b"
        ],
        "accept-language": [
          "en-US"
        ],
        "User-Agent": [
          "Microsoft.Azure.Management.Cdn.CdnManagementClient/1.0.0.0"
        ]
      },
      "ResponseBody": "{\r\n  \"name\": \"onesdk1089\",\r\n  \"id\": \"/subscriptions/27cafca8-b9a4-4264-b399-45d0c9cca1ab/resourcegroups/onesdk8640/providers/Microsoft.Cdn/profiles/onesdk1089\",\r\n  \"type\": \"Microsoft.Cdn/profiles\",\r\n  \"tags\": {\r\n    \"tag2\": \"value2\",\r\n    \"tag1\": \"value1\"\r\n  },\r\n  \"location\": \"EastUs\",\r\n  \"sku\": {\r\n    \"name\": \"Standard_Verizon\"\r\n  },\r\n  \"properties\": {\r\n    \"provisioningState\": \"Creating\",\r\n    \"resourceState\": \"Creating\"\r\n  }\r\n}",
      "ResponseHeaders": {
        "Content-Length": [
          "386"
        ],
        "Content-Type": [
          "application/json; odata.metadata=minimal"
        ],
        "Expires": [
          "-1"
        ],
        "Pragma": [
          "no-cache"
        ],
        "Retry-After": [
          "10"
        ],
        "x-ms-request-id": [
          "3bb5a665-b54e-4ff0-b72c-e68ab63a2425"
        ],
        "x-ms-client-request-id": [
          "e996f8b8-38c5-4167-a5bd-696841ac863b"
        ],
        "Azure-AsyncOperation": [
          "https://management.azure.com/subscriptions/27cafca8-b9a4-4264-b399-45d0c9cca1ab/resourcegroups/onesdk8640/providers/Microsoft.Cdn/operationresults/de77c877-7b30-46fb-812c-221393c212e8?api-version=2016-04-02"
        ],
        "OData-Version": [
          "4.0"
        ],
        "Strict-Transport-Security": [
          "max-age=31536000; includeSubDomains"
        ],
        "x-ms-ratelimit-remaining-subscription-writes": [
          "1199"
        ],
        "x-ms-correlation-request-id": [
          "bf81a267-b70c-4af8-89e3-9a05ae0efe66"
        ],
        "x-ms-routing-request-id": [
          "CENTRALUS:20160512T225212Z:bf81a267-b70c-4af8-89e3-9a05ae0efe66"
        ],
        "Cache-Control": [
          "no-cache"
        ],
        "Date": [
          "Thu, 12 May 2016 22:52:11 GMT"
        ],
        "Server": [
          "Microsoft-IIS/8.5"
        ],
        "X-AspNet-Version": [
          "4.0.30319"
        ],
        "X-Powered-By": [
          "ASP.NET"
        ]
      },
      "StatusCode": 201
    },
    {
      "RequestUri": "/subscriptions/27cafca8-b9a4-4264-b399-45d0c9cca1ab/resourcegroups/onesdk8640/providers/Microsoft.Cdn/operationresults/de77c877-7b30-46fb-812c-221393c212e8?api-version=2016-04-02",
      "EncodedRequestUri": "L3N1YnNjcmlwdGlvbnMvMjdjYWZjYTgtYjlhNC00MjY0LWIzOTktNDVkMGM5Y2NhMWFiL3Jlc291cmNlZ3JvdXBzL29uZXNkazg2NDAvcHJvdmlkZXJzL01pY3Jvc29mdC5DZG4vb3BlcmF0aW9ucmVzdWx0cy9kZTc3Yzg3Ny03YjMwLTQ2ZmItODEyYy0yMjEzOTNjMjEyZTg/YXBpLXZlcnNpb249MjAxNi0wNC0wMg==",
      "RequestMethod": "GET",
      "RequestBody": "",
      "RequestHeaders": {
        "User-Agent": [
          "Microsoft.Azure.Management.Cdn.CdnManagementClient/1.0.0.0"
        ]
      },
      "ResponseBody": "{\r\n  \"status\": \"InProgress\",\r\n  \"error\": {\r\n    \"code\": \"None\",\r\n    \"message\": null\r\n  }\r\n}",
      "ResponseHeaders": {
        "Content-Length": [
          "78"
        ],
        "Content-Type": [
          "application/json; odata.metadata=minimal; odata.streaming=true"
        ],
        "Expires": [
          "-1"
        ],
        "Pragma": [
          "no-cache"
        ],
        "x-ms-request-id": [
          "38ce4563-7ac4-413f-815c-a33aea15acdf"
        ],
        "x-ms-client-request-id": [
          "413504f5-d0d9-47a3-ae13-51a95a1a123b"
        ],
        "OData-Version": [
          "4.0"
        ],
        "Strict-Transport-Security": [
          "max-age=31536000; includeSubDomains"
        ],
        "x-ms-ratelimit-remaining-subscription-reads": [
          "14993"
        ],
        "x-ms-correlation-request-id": [
          "befa4cb5-e8a9-42e1-bd70-0803be5f04f6"
        ],
        "x-ms-routing-request-id": [
          "CENTRALUS:20160512T225242Z:befa4cb5-e8a9-42e1-bd70-0803be5f04f6"
        ],
        "Cache-Control": [
          "no-cache"
        ],
        "Date": [
          "Thu, 12 May 2016 22:52:42 GMT"
        ],
        "Server": [
          "Microsoft-IIS/8.5"
        ],
        "X-AspNet-Version": [
          "4.0.30319"
        ],
        "X-Powered-By": [
          "ASP.NET"
        ]
      },
      "StatusCode": 200
    },
    {
      "RequestUri": "/subscriptions/27cafca8-b9a4-4264-b399-45d0c9cca1ab/resourcegroups/onesdk8640/providers/Microsoft.Cdn/operationresults/de77c877-7b30-46fb-812c-221393c212e8?api-version=2016-04-02",
      "EncodedRequestUri": "L3N1YnNjcmlwdGlvbnMvMjdjYWZjYTgtYjlhNC00MjY0LWIzOTktNDVkMGM5Y2NhMWFiL3Jlc291cmNlZ3JvdXBzL29uZXNkazg2NDAvcHJvdmlkZXJzL01pY3Jvc29mdC5DZG4vb3BlcmF0aW9ucmVzdWx0cy9kZTc3Yzg3Ny03YjMwLTQ2ZmItODEyYy0yMjEzOTNjMjEyZTg/YXBpLXZlcnNpb249MjAxNi0wNC0wMg==",
      "RequestMethod": "GET",
      "RequestBody": "",
      "RequestHeaders": {
        "User-Agent": [
          "Microsoft.Azure.Management.Cdn.CdnManagementClient/1.0.0.0"
        ]
      },
      "ResponseBody": "{\r\n  \"status\": \"Succeeded\",\r\n  \"error\": {\r\n    \"code\": \"None\",\r\n    \"message\": null\r\n  }\r\n}",
      "ResponseHeaders": {
        "Content-Length": [
          "77"
        ],
        "Content-Type": [
          "application/json; odata.metadata=minimal; odata.streaming=true"
        ],
        "Expires": [
          "-1"
        ],
        "Pragma": [
          "no-cache"
        ],
        "x-ms-request-id": [
          "ea0586f9-1e89-4be6-8e00-76a6b753fd6e"
        ],
        "x-ms-client-request-id": [
          "40ce13e8-9e63-4314-baa2-95c188a77c0b"
        ],
        "OData-Version": [
          "4.0"
        ],
        "Strict-Transport-Security": [
          "max-age=31536000; includeSubDomains"
        ],
        "x-ms-ratelimit-remaining-subscription-reads": [
          "14992"
        ],
        "x-ms-correlation-request-id": [
          "54f57a44-83ce-4b0f-916c-42691759062f"
        ],
        "x-ms-routing-request-id": [
          "CENTRALUS:20160512T225313Z:54f57a44-83ce-4b0f-916c-42691759062f"
        ],
        "Cache-Control": [
          "no-cache"
        ],
        "Date": [
          "Thu, 12 May 2016 22:53:12 GMT"
        ],
        "Server": [
          "Microsoft-IIS/8.5"
        ],
        "X-AspNet-Version": [
          "4.0.30319"
        ],
        "X-Powered-By": [
          "ASP.NET"
        ]
      },
      "StatusCode": 200
    },
    {
      "RequestUri": "/subscriptions/27cafca8-b9a4-4264-b399-45d0c9cca1ab/resourceGroups/onesdk8640/providers/Microsoft.Cdn/profiles/onesdk1089/generateSsoUri?api-version=2016-04-02",
      "EncodedRequestUri": "L3N1YnNjcmlwdGlvbnMvMjdjYWZjYTgtYjlhNC00MjY0LWIzOTktNDVkMGM5Y2NhMWFiL3Jlc291cmNlR3JvdXBzL29uZXNkazg2NDAvcHJvdmlkZXJzL01pY3Jvc29mdC5DZG4vcHJvZmlsZXMvb25lc2RrMTA4OS9nZW5lcmF0ZVNzb1VyaT9hcGktdmVyc2lvbj0yMDE2LTA0LTAy",
      "RequestMethod": "POST",
      "RequestBody": "",
      "RequestHeaders": {
        "x-ms-client-request-id": [
          "d335b64e-7813-447d-8b3a-8fdcf2edb52d"
        ],
        "accept-language": [
          "en-US"
        ],
        "User-Agent": [
          "Microsoft.Azure.Management.Cdn.CdnManagementClient/1.0.0.0"
        ]
      },
      "ResponseBody": "{\r\n  \"ssoUriValue\": \"https://cdn.windowsazure.com/account/loginexternal/?token=9F6GWrT8fTTgXHnw%2bSzHcDjMrP6tSVsPKZvlRuVHsGo%3d&timestamp=2016-05-12T22:53:12.5112230Z&cdnAccountId=313BB&userCustomId=SSO-0589635a-01b3-488e-9674-b421f16847ff&restEndpointId=0\"\r\n}",
      "ResponseHeaders": {
        "Content-Length": [
          "259"
        ],
        "Content-Type": [
          "application/json; odata.metadata=minimal; odata.streaming=true"
        ],
        "Expires": [
          "-1"
        ],
        "Pragma": [
          "no-cache"
        ],
        "x-ms-request-id": [
          "7d7f86b9-b0ac-46b2-9e7f-c02d739f57d0"
        ],
        "x-ms-client-request-id": [
          "d335b64e-7813-447d-8b3a-8fdcf2edb52d"
        ],
        "OData-Version": [
          "4.0"
        ],
        "Strict-Transport-Security": [
          "max-age=31536000; includeSubDomains"
        ],
        "x-ms-ratelimit-remaining-subscription-writes": [
          "1198"
        ],
        "x-ms-correlation-request-id": [
          "a392b812-7971-43ee-9f86-0e4aefd18bfe"
        ],
        "x-ms-routing-request-id": [
          "CENTRALUS:20160512T225313Z:a392b812-7971-43ee-9f86-0e4aefd18bfe"
        ],
        "Cache-Control": [
          "no-cache"
        ],
        "Date": [
          "Thu, 12 May 2016 22:53:13 GMT"
        ],
        "Server": [
          "Microsoft-IIS/8.5"
        ],
        "X-AspNet-Version": [
          "4.0.30319"
        ],
        "X-Powered-By": [
          "ASP.NET"
        ]
      },
      "StatusCode": 200
    },
    {
      "RequestUri": "/subscriptions/27cafca8-b9a4-4264-b399-45d0c9cca1ab/resourceGroups/onesdk8640/providers/Microsoft.Cdn/profiles/onesdk1089?api-version=2016-04-02",
      "EncodedRequestUri": "L3N1YnNjcmlwdGlvbnMvMjdjYWZjYTgtYjlhNC00MjY0LWIzOTktNDVkMGM5Y2NhMWFiL3Jlc291cmNlR3JvdXBzL29uZXNkazg2NDAvcHJvdmlkZXJzL01pY3Jvc29mdC5DZG4vcHJvZmlsZXMvb25lc2RrMTA4OT9hcGktdmVyc2lvbj0yMDE2LTA0LTAy",
      "RequestMethod": "DELETE",
      "RequestBody": "",
      "RequestHeaders": {
        "x-ms-client-request-id": [
          "202cd99c-6883-4ff0-8bb3-e322c5c12e8d"
        ],
        "accept-language": [
          "en-US"
        ],
        "User-Agent": [
          "Microsoft.Azure.Management.Cdn.CdnManagementClient/1.0.0.0"
        ]
      },
      "ResponseBody": "",
      "ResponseHeaders": {
        "Content-Length": [
          "0"
        ],
        "Expires": [
          "-1"
        ],
        "Pragma": [
          "no-cache"
        ],
        "Retry-After": [
          "10"
        ],
        "x-ms-request-id": [
          "acf99423-802c-433d-b8b6-a0362d42a307"
        ],
        "x-ms-client-request-id": [
          "202cd99c-6883-4ff0-8bb3-e322c5c12e8d"
        ],
        "Azure-AsyncOperation": [
          "https://management.azure.com/subscriptions/27cafca8-b9a4-4264-b399-45d0c9cca1ab/resourcegroups/onesdk8640/providers/Microsoft.Cdn/operationresults/66a95fa1-221c-4dba-8f95-1a38a17a9683?api-version=2016-04-02"
        ],
        "Strict-Transport-Security": [
          "max-age=31536000; includeSubDomains"
        ],
        "x-ms-ratelimit-remaining-subscription-writes": [
          "1197"
        ],
        "x-ms-correlation-request-id": [
          "1e9a892b-8425-4eb7-b806-47e09cf91bef"
        ],
        "x-ms-routing-request-id": [
          "CENTRALUS:20160512T225315Z:1e9a892b-8425-4eb7-b806-47e09cf91bef"
        ],
        "Cache-Control": [
          "no-cache"
        ],
        "Date": [
          "Thu, 12 May 2016 22:53:14 GMT"
        ],
        "Location": [
          "https://management.azure.com/subscriptions/27cafca8-b9a4-4264-b399-45d0c9cca1ab/resourcegroups/onesdk8640/providers/Microsoft.Cdn/operationresults/66a95fa1-221c-4dba-8f95-1a38a17a9683/profileresults/onesdk1089?api-version=2016-04-02"
        ],
        "Server": [
          "Microsoft-IIS/8.5"
        ],
        "X-AspNet-Version": [
          "4.0.30319"
        ],
        "X-Powered-By": [
          "ASP.NET"
        ]
      },
      "StatusCode": 202
    },
    {
      "RequestUri": "/subscriptions/27cafca8-b9a4-4264-b399-45d0c9cca1ab/resourcegroups/onesdk8640/providers/Microsoft.Cdn/operationresults/66a95fa1-221c-4dba-8f95-1a38a17a9683?api-version=2016-04-02",
      "EncodedRequestUri": "L3N1YnNjcmlwdGlvbnMvMjdjYWZjYTgtYjlhNC00MjY0LWIzOTktNDVkMGM5Y2NhMWFiL3Jlc291cmNlZ3JvdXBzL29uZXNkazg2NDAvcHJvdmlkZXJzL01pY3Jvc29mdC5DZG4vb3BlcmF0aW9ucmVzdWx0cy82NmE5NWZhMS0yMjFjLTRkYmEtOGY5NS0xYTM4YTE3YTk2ODM/YXBpLXZlcnNpb249MjAxNi0wNC0wMg==",
      "RequestMethod": "GET",
      "RequestBody": "",
      "RequestHeaders": {
        "User-Agent": [
          "Microsoft.Azure.Management.Cdn.CdnManagementClient/1.0.0.0"
        ]
      },
      "ResponseBody": "{\r\n  \"status\": \"Succeeded\",\r\n  \"error\": {\r\n    \"code\": \"None\",\r\n    \"message\": null\r\n  }\r\n}",
      "ResponseHeaders": {
        "Content-Length": [
          "77"
        ],
        "Content-Type": [
          "application/json; odata.metadata=minimal; odata.streaming=true"
        ],
        "Expires": [
          "-1"
        ],
        "Pragma": [
          "no-cache"
        ],
        "x-ms-request-id": [
          "f6bcca7a-b22b-485f-8031-fd349f79b095"
        ],
        "x-ms-client-request-id": [
          "4860a3e6-c674-43d9-aaf2-a3996910e840"
        ],
        "OData-Version": [
          "4.0"
        ],
        "Strict-Transport-Security": [
          "max-age=31536000; includeSubDomains"
        ],
        "x-ms-ratelimit-remaining-subscription-reads": [
          "14989"
        ],
        "x-ms-correlation-request-id": [
          "63c22c63-d049-4d35-a4d8-7b3db98b94ea"
        ],
        "x-ms-routing-request-id": [
          "CENTRALUS:20160512T225345Z:63c22c63-d049-4d35-a4d8-7b3db98b94ea"
        ],
        "Cache-Control": [
          "no-cache"
        ],
        "Date": [
          "Thu, 12 May 2016 22:53:44 GMT"
        ],
        "Server": [
          "Microsoft-IIS/8.5"
        ],
        "X-AspNet-Version": [
          "4.0.30319"
        ],
        "X-Powered-By": [
          "ASP.NET"
        ]
      },
      "StatusCode": 200
    },
    {
      "RequestUri": "/subscriptions/27cafca8-b9a4-4264-b399-45d0c9cca1ab/resourcegroups/onesdk8640?api-version=2016-02-01",
      "EncodedRequestUri": "L3N1YnNjcmlwdGlvbnMvMjdjYWZjYTgtYjlhNC00MjY0LWIzOTktNDVkMGM5Y2NhMWFiL3Jlc291cmNlZ3JvdXBzL29uZXNkazg2NDA/YXBpLXZlcnNpb249MjAxNi0wMi0wMQ==",
      "RequestMethod": "DELETE",
      "RequestBody": "",
      "RequestHeaders": {
        "User-Agent": [
          "Microsoft.Azure.Management.Resources.ResourceManagementClient/2.0.0.0"
        ]
      },
      "ResponseBody": "",
      "ResponseHeaders": {
        "Content-Length": [
          "0"
        ],
        "Expires": [
          "-1"
        ],
        "Pragma": [
          "no-cache"
        ],
        "Retry-After": [
          "15"
        ],
        "x-ms-ratelimit-remaining-subscription-writes": [
          "1196"
        ],
        "x-ms-request-id": [
          "b9b1c8d1-548f-4ce1-8385-990d293451f2"
        ],
        "x-ms-correlation-request-id": [
          "b9b1c8d1-548f-4ce1-8385-990d293451f2"
        ],
        "x-ms-routing-request-id": [
          "CENTRALUS:20160512T225346Z:b9b1c8d1-548f-4ce1-8385-990d293451f2"
        ],
        "Strict-Transport-Security": [
          "max-age=31536000; includeSubDomains"
        ],
        "Cache-Control": [
          "no-cache"
        ],
        "Date": [
          "Thu, 12 May 2016 22:53:46 GMT"
        ],
        "Location": [
          "https://management.azure.com/subscriptions/27cafca8-b9a4-4264-b399-45d0c9cca1ab/operationresults/eyJqb2JJZCI6IlJFU09VUkNFR1JPVVBERUxFVElPTkpPQi1PTkVTREs4NjQwLVdFU1RVUyIsImpvYkxvY2F0aW9uIjoid2VzdHVzIn0?api-version=2016-02-01"
        ]
      },
      "StatusCode": 202
    },
    {
      "RequestUri": "/subscriptions/27cafca8-b9a4-4264-b399-45d0c9cca1ab/operationresults/eyJqb2JJZCI6IlJFU09VUkNFR1JPVVBERUxFVElPTkpPQi1PTkVTREs4NjQwLVdFU1RVUyIsImpvYkxvY2F0aW9uIjoid2VzdHVzIn0?api-version=2016-02-01",
      "EncodedRequestUri": "L3N1YnNjcmlwdGlvbnMvMjdjYWZjYTgtYjlhNC00MjY0LWIzOTktNDVkMGM5Y2NhMWFiL29wZXJhdGlvbnJlc3VsdHMvZXlKcWIySkpaQ0k2SWxKRlUwOVZVa05GUjFKUFZWQkVSVXhGVkVsUFRrcFBRaTFQVGtWVFJFczROalF3TFZkRlUxUlZVeUlzSW1wdllreHZZMkYwYVc5dUlqb2lkMlZ6ZEhWekluMD9hcGktdmVyc2lvbj0yMDE2LTAyLTAx",
      "RequestMethod": "GET",
      "RequestBody": "",
      "RequestHeaders": {
        "x-ms-version": [
          "2016-02-01"
        ],
        "User-Agent": [
          "Microsoft.Azure.Management.Resources.ResourceManagementClient/2.0.0.0"
        ]
      },
      "ResponseBody": "",
      "ResponseHeaders": {
        "Content-Length": [
          "0"
        ],
        "Expires": [
          "-1"
        ],
        "Pragma": [
          "no-cache"
        ],
        "Retry-After": [
          "15"
        ],
        "x-ms-ratelimit-remaining-subscription-reads": [
          "14988"
        ],
        "x-ms-request-id": [
          "6e269fa5-f674-47fe-afba-83a378ea2fe2"
        ],
        "x-ms-correlation-request-id": [
          "6e269fa5-f674-47fe-afba-83a378ea2fe2"
        ],
        "x-ms-routing-request-id": [
          "CENTRALUS:20160512T225346Z:6e269fa5-f674-47fe-afba-83a378ea2fe2"
        ],
        "Strict-Transport-Security": [
          "max-age=31536000; includeSubDomains"
        ],
        "Cache-Control": [
          "no-cache"
        ],
        "Date": [
          "Thu, 12 May 2016 22:53:46 GMT"
        ],
        "Location": [
          "https://management.azure.com/subscriptions/27cafca8-b9a4-4264-b399-45d0c9cca1ab/operationresults/eyJqb2JJZCI6IlJFU09VUkNFR1JPVVBERUxFVElPTkpPQi1PTkVTREs4NjQwLVdFU1RVUyIsImpvYkxvY2F0aW9uIjoid2VzdHVzIn0?api-version=2016-02-01"
        ]
      },
      "StatusCode": 202
    },
    {
      "RequestUri": "/subscriptions/27cafca8-b9a4-4264-b399-45d0c9cca1ab/operationresults/eyJqb2JJZCI6IlJFU09VUkNFR1JPVVBERUxFVElPTkpPQi1PTkVTREs4NjQwLVdFU1RVUyIsImpvYkxvY2F0aW9uIjoid2VzdHVzIn0?api-version=2016-02-01",
      "EncodedRequestUri": "L3N1YnNjcmlwdGlvbnMvMjdjYWZjYTgtYjlhNC00MjY0LWIzOTktNDVkMGM5Y2NhMWFiL29wZXJhdGlvbnJlc3VsdHMvZXlKcWIySkpaQ0k2SWxKRlUwOVZVa05GUjFKUFZWQkVSVXhGVkVsUFRrcFBRaTFQVGtWVFJFczROalF3TFZkRlUxUlZVeUlzSW1wdllreHZZMkYwYVc5dUlqb2lkMlZ6ZEhWekluMD9hcGktdmVyc2lvbj0yMDE2LTAyLTAx",
      "RequestMethod": "GET",
      "RequestBody": "",
      "RequestHeaders": {
        "x-ms-version": [
          "2016-02-01"
        ],
        "User-Agent": [
          "Microsoft.Azure.Management.Resources.ResourceManagementClient/2.0.0.0"
        ]
      },
      "ResponseBody": "",
      "ResponseHeaders": {
        "Content-Length": [
          "0"
        ],
        "Expires": [
          "-1"
        ],
        "Pragma": [
          "no-cache"
        ],
        "Retry-After": [
          "15"
        ],
        "x-ms-ratelimit-remaining-subscription-reads": [
          "14987"
        ],
        "x-ms-request-id": [
          "c7177e8c-bcfe-4ae3-a5d4-176a60be47e7"
        ],
        "x-ms-correlation-request-id": [
          "c7177e8c-bcfe-4ae3-a5d4-176a60be47e7"
        ],
        "x-ms-routing-request-id": [
          "CENTRALUS:20160512T225401Z:c7177e8c-bcfe-4ae3-a5d4-176a60be47e7"
        ],
        "Strict-Transport-Security": [
          "max-age=31536000; includeSubDomains"
        ],
        "Cache-Control": [
          "no-cache"
        ],
        "Date": [
          "Thu, 12 May 2016 22:54:01 GMT"
        ],
        "Location": [
          "https://management.azure.com/subscriptions/27cafca8-b9a4-4264-b399-45d0c9cca1ab/operationresults/eyJqb2JJZCI6IlJFU09VUkNFR1JPVVBERUxFVElPTkpPQi1PTkVTREs4NjQwLVdFU1RVUyIsImpvYkxvY2F0aW9uIjoid2VzdHVzIn0?api-version=2016-02-01"
        ]
      },
      "StatusCode": 202
    },
    {
      "RequestUri": "/subscriptions/27cafca8-b9a4-4264-b399-45d0c9cca1ab/operationresults/eyJqb2JJZCI6IlJFU09VUkNFR1JPVVBERUxFVElPTkpPQi1PTkVTREs4NjQwLVdFU1RVUyIsImpvYkxvY2F0aW9uIjoid2VzdHVzIn0?api-version=2016-02-01",
      "EncodedRequestUri": "L3N1YnNjcmlwdGlvbnMvMjdjYWZjYTgtYjlhNC00MjY0LWIzOTktNDVkMGM5Y2NhMWFiL29wZXJhdGlvbnJlc3VsdHMvZXlKcWIySkpaQ0k2SWxKRlUwOVZVa05GUjFKUFZWQkVSVXhGVkVsUFRrcFBRaTFQVGtWVFJFczROalF3TFZkRlUxUlZVeUlzSW1wdllreHZZMkYwYVc5dUlqb2lkMlZ6ZEhWekluMD9hcGktdmVyc2lvbj0yMDE2LTAyLTAx",
      "RequestMethod": "GET",
      "RequestBody": "",
      "RequestHeaders": {
        "x-ms-version": [
          "2016-02-01"
        ],
        "User-Agent": [
          "Microsoft.Azure.Management.Resources.ResourceManagementClient/2.0.0.0"
        ]
      },
      "ResponseBody": "",
      "ResponseHeaders": {
        "Content-Length": [
          "0"
        ],
        "Expires": [
          "-1"
        ],
        "Pragma": [
          "no-cache"
        ],
        "Retry-After": [
          "15"
        ],
        "x-ms-ratelimit-remaining-subscription-reads": [
          "14986"
        ],
        "x-ms-request-id": [
          "e92ff98c-3b4f-4a93-8925-ec93a5957e97"
        ],
        "x-ms-correlation-request-id": [
          "e92ff98c-3b4f-4a93-8925-ec93a5957e97"
        ],
        "x-ms-routing-request-id": [
          "CENTRALUS:20160512T225416Z:e92ff98c-3b4f-4a93-8925-ec93a5957e97"
        ],
        "Strict-Transport-Security": [
          "max-age=31536000; includeSubDomains"
        ],
        "Cache-Control": [
          "no-cache"
        ],
        "Date": [
          "Thu, 12 May 2016 22:54:15 GMT"
        ],
        "Location": [
          "https://management.azure.com/subscriptions/27cafca8-b9a4-4264-b399-45d0c9cca1ab/operationresults/eyJqb2JJZCI6IlJFU09VUkNFR1JPVVBERUxFVElPTkpPQi1PTkVTREs4NjQwLVdFU1RVUyIsImpvYkxvY2F0aW9uIjoid2VzdHVzIn0?api-version=2016-02-01"
        ]
      },
      "StatusCode": 202
    },
    {
      "RequestUri": "/subscriptions/27cafca8-b9a4-4264-b399-45d0c9cca1ab/operationresults/eyJqb2JJZCI6IlJFU09VUkNFR1JPVVBERUxFVElPTkpPQi1PTkVTREs4NjQwLVdFU1RVUyIsImpvYkxvY2F0aW9uIjoid2VzdHVzIn0?api-version=2016-02-01",
      "EncodedRequestUri": "L3N1YnNjcmlwdGlvbnMvMjdjYWZjYTgtYjlhNC00MjY0LWIzOTktNDVkMGM5Y2NhMWFiL29wZXJhdGlvbnJlc3VsdHMvZXlKcWIySkpaQ0k2SWxKRlUwOVZVa05GUjFKUFZWQkVSVXhGVkVsUFRrcFBRaTFQVGtWVFJFczROalF3TFZkRlUxUlZVeUlzSW1wdllreHZZMkYwYVc5dUlqb2lkMlZ6ZEhWekluMD9hcGktdmVyc2lvbj0yMDE2LTAyLTAx",
      "RequestMethod": "GET",
      "RequestBody": "",
      "RequestHeaders": {
        "x-ms-version": [
          "2016-02-01"
        ],
        "User-Agent": [
          "Microsoft.Azure.Management.Resources.ResourceManagementClient/2.0.0.0"
        ]
      },
      "ResponseBody": "",
      "ResponseHeaders": {
        "Content-Length": [
          "0"
        ],
        "Expires": [
          "-1"
        ],
        "Pragma": [
          "no-cache"
        ],
        "x-ms-ratelimit-remaining-subscription-reads": [
          "14985"
        ],
        "x-ms-request-id": [
          "15f29cb4-f017-4520-befe-f8bdd0066288"
        ],
        "x-ms-correlation-request-id": [
          "15f29cb4-f017-4520-befe-f8bdd0066288"
        ],
        "x-ms-routing-request-id": [
          "CENTRALUS:20160512T225431Z:15f29cb4-f017-4520-befe-f8bdd0066288"
        ],
        "Strict-Transport-Security": [
          "max-age=31536000; includeSubDomains"
        ],
        "Cache-Control": [
          "no-cache"
        ],
        "Date": [
          "Thu, 12 May 2016 22:54:31 GMT"
        ]
      },
      "StatusCode": 200
    }
  ],
  "Names": {
    "Test-ProfileDeleteAndSsoWithPiping": [
      "onesdk1089",
      "onesdk8640"
    ]
  },
  "Variables": {
    "SubscriptionId": "27cafca8-b9a4-4264-b399-45d0c9cca1ab"
  }
}