{
  "New-AzSapMonitorProviderInstance+[NoContext]+CreateExpandedByString+$PUT+https://management.azure.com/subscriptions/9e223dbe-3399-4e19-88eb-0975f02ac87f/resourceGroups/nancyc-hn1/providers/Microsoft.HanaOnAzure/sapMonitors/sapMonitor-wrlm5y-test/providerInstances/sapInstance-ywnfxq?api-version=2020-02-07-preview+1": {
    "Request": {
      "Method": "PUT",
      "RequestUri": "https://management.azure.com/subscriptions/9e223dbe-3399-4e19-88eb-0975f02ac87f/resourceGroups/nancyc-hn1/providers/Microsoft.HanaOnAzure/sapMonitors/sapMonitor-wrlm5y-test/providerInstances/sapInstance-ywnfxq?api-version=2020-02-07-preview",
      "Content": "{\n  \"properties\": {\n    \"type\": \"SapHana\",\n    \"metadata\": \"null\",\n    \"properties\": \"{\\n  \\\"hanaHostname\\\": \\\"hdb1-0\\\",\\n  \\\"hanaDbName\\\": \\\"SYSTEMDB\\\",\\n  \\\"hanaDbPassword\\\": \\\"Manager1\\\",\\n  \\\"hanaDbUsername\\\": \\\"SYSTEM\\\",\\n  \\\"hanaDbSqlPort\\\": 30015\\n}\"\n  }\n}",
      "Headers": {
      },
      "ContentHeaders": {
        "Content-Type": [ "application/json" ],
        "Content-Length": [ "263" ]
      }
    },
    "Response": {
      "StatusCode": 201,
      "Headers": {
        "Cache-Control": [ "no-cache" ],
        "Pragma": [ "no-cache" ],
        "Location": [ "https://management.azure.com/subscriptions/9e223dbe-3399-4e19-88eb-0975f02ac87f/providers/Microsoft.HanaOnAzure/locations/westus2/operationsStatus/afefbee9-085a-435e-8d01-1a31c3db76a5?api-version=2020-02-07-preview" ],
        "x-ms-ratelimit-remaining-subscription-writes": [ "1197" ],
        "azure-asyncoperation": [ "https://management.azure.com/subscriptions/9e223dbe-3399-4e19-88eb-0975f02ac87f/providers/Microsoft.HanaOnAzure/locations/westus2/operationsStatus/afefbee9-085a-435e-8d01-1a31c3db76a5?api-version=2020-02-07-preview" ],
        "x-ms-correlation-request-id": [ "d19e97db-8c48-40ef-9612-485d29272a39" ],
        "x-ms-request-id": [ "afefbee9-085a-435e-8d01-1a31c3db76a5" ],
        "Strict-Transport-Security": [ "max-age=31536000; includeSubDomains" ],
        "Server": [ "nginx/1.17.8" ],
        "x-ms-routing-request-id": [ "SOUTHEASTASIA:20200706T064506Z:d19e97db-8c48-40ef-9612-485d29272a39" ],
        "X-Content-Type-Options": [ "nosniff" ],
        "Date": [ "Mon, 06 Jul 2020 06:45:06 GMT" ]
      },
      "ContentHeaders": {
        "Content-Length": [ "562" ],
        "Content-Type": [ "application/json" ],
        "Expires": [ "-1" ]
      },
      "Content": "{\n  \"id\": \"/subscriptions/9e223dbe-3399-4e19-88eb-0975f02ac87f/resourceGroups/nancyc-hn1/providers/Microsoft.HanaOnAzure/sapMonitors/sapMonitor-wrlm5y-test/providerInstances/sapInstance-ywnfxq\",\n  \"location\": \"\",\n  \"name\": \"sapInstance-ywnfxq\",\n  \"tags\": null,\n  \"type\": \"Microsoft.HanaOnAzure/sapMonitors/providerInstances\",\n  \"properties\": {\n   \"type\": \"SapHana\",\n   \"properties\": \"{\\\"hanaHostname\\\":\\\"hdb1-0\\\",\\\"hanaDbName\\\":\\\"SYSTEMDB\\\",\\\"hanaDbSqlPort\\\":30015,\\\"hanaDbUsername\\\":\\\"SYSTEM\\\"}\",\n   \"metadata\": \"null\",\n   \"provisioningState\": \"Accepted\"\n  }\n }"
    }
  },
  "New-AzSapMonitorProviderInstance+[NoContext]+CreateExpandedByString+$GET+https://management.azure.com/subscriptions/9e223dbe-3399-4e19-88eb-0975f02ac87f/providers/Microsoft.HanaOnAzure/locations/westus2/operationsStatus/afefbee9-085a-435e-8d01-1a31c3db76a5?api-version=2020-02-07-preview+2": {
    "Request": {
      "Method": "GET",
      "RequestUri": "https://management.azure.com/subscriptions/9e223dbe-3399-4e19-88eb-0975f02ac87f/providers/Microsoft.HanaOnAzure/locations/westus2/operationsStatus/afefbee9-085a-435e-8d01-1a31c3db76a5?api-version=2020-02-07-preview",
      "Content": null,
      "Headers": {
        "x-ms-unique-id": [ "1", "2" ],
        "x-ms-client-request-id": [ "5e4bf828-c889-471b-9936-5b6c96242e10", "5e4bf828-c889-471b-9936-5b6c96242e10" ],
        "CommandName": [ "Az.HanaOnAzure.internal\\New-AzSapMonitorProviderInstance", "Az.HanaOnAzure.internal\\New-AzSapMonitorProviderInstance" ],
        "FullCommandName": [ "New-AzSapMonitorProviderInstance_CreateExpanded", "New-AzSapMonitorProviderInstance_CreateExpanded" ],
        "ParameterSetName": [ "__AllParameterSets", "__AllParameterSets" ],
        "User-Agent": [ "AzurePowershell/Az4.0.0-preview", "AzurePowershell/Az4.0.0-preview" ],
        "Authorization": [ "[Filtered]" ]
      },
      "ContentHeaders": {
      }
    },
    "Response": {
      "StatusCode": 202,
      "Headers": {
        "Cache-Control": [ "no-cache" ],
        "Pragma": [ "no-cache" ],
        "Location": [ "https://management.azure.com/subscriptions/9e223dbe-3399-4e19-88eb-0975f02ac87f/providers/Microsoft.HanaOnAzure/locations/westus2/operationsStatus/afefbee9-085a-435e-8d01-1a31c3db76a5?api-version=2017-11-03-preview" ],
        "x-ms-ratelimit-remaining-subscription-reads": [ "11991" ],
        "x-ms-correlation-request-id": [ "a764e8ac-88b7-41d6-8901-b0efb8ed1b7b" ],
        "x-ms-request-id": [ "08fee32f-1851-44cb-913a-f0c14d63e18d" ],
        "Strict-Transport-Security": [ "max-age=31536000; includeSubDomains" ],
        "Server": [ "nginx/1.17.8" ],
        "x-ms-routing-request-id": [ "SOUTHEASTASIA:20200706T064537Z:a764e8ac-88b7-41d6-8901-b0efb8ed1b7b" ],
        "X-Content-Type-Options": [ "nosniff" ],
        "Date": [ "Mon, 06 Jul 2020 06:45:37 GMT" ]
      },
      "ContentHeaders": {
        "Content-Length": [ "176" ],
        "Content-Type": [ "application/json" ],
        "Expires": [ "-1" ]
      },
      "Content": "{\n  \"name\": \"afefbee9-085a-435e-8d01-1a31c3db76a5\",\n  \"status\": \"InProgress\",\n  \"startTime\": \"2020-07-06T06:45:06.7623378Z\",\n  \"error\": {\n   \"code\": \"\",\n   \"message\": \"\"\n  }\n }"
    }
  },
  "New-AzSapMonitorProviderInstance+[NoContext]+CreateExpandedByString+$GET+https://management.azure.com/subscriptions/9e223dbe-3399-4e19-88eb-0975f02ac87f/providers/Microsoft.HanaOnAzure/locations/westus2/operationsStatus/afefbee9-085a-435e-8d01-1a31c3db76a5?api-version=2017-11-03-preview+3": {
    "Request": {
      "Method": "GET",
      "RequestUri": "https://management.azure.com/subscriptions/9e223dbe-3399-4e19-88eb-0975f02ac87f/providers/Microsoft.HanaOnAzure/locations/westus2/operationsStatus/afefbee9-085a-435e-8d01-1a31c3db76a5?api-version=2017-11-03-preview",
      "Content": null,
      "Headers": {
        "x-ms-unique-id": [ "1", "2", "3" ],
        "x-ms-client-request-id": [ "5e4bf828-c889-471b-9936-5b6c96242e10", "5e4bf828-c889-471b-9936-5b6c96242e10", "5e4bf828-c889-471b-9936-5b6c96242e10" ],
        "CommandName": [ "Az.HanaOnAzure.internal\\New-AzSapMonitorProviderInstance", "Az.HanaOnAzure.internal\\New-AzSapMonitorProviderInstance", "Az.HanaOnAzure.internal\\New-AzSapMonitorProviderInstance" ],
        "FullCommandName": [ "New-AzSapMonitorProviderInstance_CreateExpanded", "New-AzSapMonitorProviderInstance_CreateExpanded", "New-AzSapMonitorProviderInstance_CreateExpanded" ],
        "ParameterSetName": [ "__AllParameterSets", "__AllParameterSets", "__AllParameterSets" ],
        "User-Agent": [ "AzurePowershell/Az4.0.0-preview", "AzurePowershell/Az4.0.0-preview", "AzurePowershell/Az4.0.0-preview" ],
        "Authorization": [ "[Filtered]" ]
      },
      "ContentHeaders": {
      }
    },
    "Response": {
      "StatusCode": 202,
      "Headers": {
        "Cache-Control": [ "no-cache" ],
        "Pragma": [ "no-cache" ],
        "Location": [ "https://management.azure.com/subscriptions/9e223dbe-3399-4e19-88eb-0975f02ac87f/providers/Microsoft.HanaOnAzure/locations/westus2/operationsStatus/afefbee9-085a-435e-8d01-1a31c3db76a5?api-version=2017-11-03-preview" ],
        "x-ms-ratelimit-remaining-subscription-reads": [ "11990" ],
        "x-ms-correlation-request-id": [ "951ebe72-7eb6-4f85-ad29-d1d72a48c4be" ],
        "x-ms-request-id": [ "cdcfdbd9-80fb-4ae3-a718-5eaf471bb818" ],
        "Strict-Transport-Security": [ "max-age=31536000; includeSubDomains" ],
        "Server": [ "nginx/1.17.8" ],
        "x-ms-routing-request-id": [ "SOUTHEASTASIA:20200706T064607Z:951ebe72-7eb6-4f85-ad29-d1d72a48c4be" ],
        "X-Content-Type-Options": [ "nosniff" ],
        "Date": [ "Mon, 06 Jul 2020 06:46:07 GMT" ]
      },
      "ContentHeaders": {
        "Content-Length": [ "176" ],
        "Content-Type": [ "application/json" ],
        "Expires": [ "-1" ]
      },
      "Content": "{\n  \"name\": \"afefbee9-085a-435e-8d01-1a31c3db76a5\",\n  \"status\": \"InProgress\",\n  \"startTime\": \"2020-07-06T06:45:06.7623378Z\",\n  \"error\": {\n   \"code\": \"\",\n   \"message\": \"\"\n  }\n }"
    }
  },
  "New-AzSapMonitorProviderInstance+[NoContext]+CreateExpandedByString+$GET+https://management.azure.com/subscriptions/9e223dbe-3399-4e19-88eb-0975f02ac87f/providers/Microsoft.HanaOnAzure/locations/westus2/operationsStatus/afefbee9-085a-435e-8d01-1a31c3db76a5?api-version=2017-11-03-preview+4": {
    "Request": {
      "Method": "GET",
      "RequestUri": "https://management.azure.com/subscriptions/9e223dbe-3399-4e19-88eb-0975f02ac87f/providers/Microsoft.HanaOnAzure/locations/westus2/operationsStatus/afefbee9-085a-435e-8d01-1a31c3db76a5?api-version=2017-11-03-preview",
      "Content": null,
      "Headers": {
        "x-ms-unique-id": [ "1", "2", "3", "4" ],
        "x-ms-client-request-id": [ "5e4bf828-c889-471b-9936-5b6c96242e10", "5e4bf828-c889-471b-9936-5b6c96242e10", "5e4bf828-c889-471b-9936-5b6c96242e10", "5e4bf828-c889-471b-9936-5b6c96242e10" ],
        "CommandName": [ "Az.HanaOnAzure.internal\\New-AzSapMonitorProviderInstance", "Az.HanaOnAzure.internal\\New-AzSapMonitorProviderInstance", "Az.HanaOnAzure.internal\\New-AzSapMonitorProviderInstance", "Az.HanaOnAzure.internal\\New-AzSapMonitorProviderInstance" ],
        "FullCommandName": [ "New-AzSapMonitorProviderInstance_CreateExpanded", "New-AzSapMonitorProviderInstance_CreateExpanded", "New-AzSapMonitorProviderInstance_CreateExpanded", "New-AzSapMonitorProviderInstance_CreateExpanded" ],
        "ParameterSetName": [ "__AllParameterSets", "__AllParameterSets", "__AllParameterSets", "__AllParameterSets" ],
        "User-Agent": [ "AzurePowershell/Az4.0.0-preview", "AzurePowershell/Az4.0.0-preview", "AzurePowershell/Az4.0.0-preview", "AzurePowershell/Az4.0.0-preview" ],
        "Authorization": [ "[Filtered]" ]
      },
      "ContentHeaders": {
      }
    },
    "Response": {
      "StatusCode": 200,
      "Headers": {
        "Cache-Control": [ "no-cache" ],
        "Pragma": [ "no-cache" ],
        "x-ms-ratelimit-remaining-subscription-reads": [ "11989" ],
        "x-ms-correlation-request-id": [ "6a01311e-a145-4e81-9a73-4bfee6bb34eb" ],
        "x-ms-request-id": [ "321ed2c7-3fd9-4d4d-bfe4-32a6adbcb224" ],
        "Strict-Transport-Security": [ "max-age=31536000; includeSubDomains" ],
        "Server": [ "nginx/1.17.8" ],
        "x-ms-routing-request-id": [ "SOUTHEASTASIA:20200706T064637Z:6a01311e-a145-4e81-9a73-4bfee6bb34eb" ],
        "X-Content-Type-Options": [ "nosniff" ],
        "Date": [ "Mon, 06 Jul 2020 06:46:37 GMT" ]
      },
      "ContentHeaders": {
        "Content-Length": [ "220" ],
        "Content-Type": [ "application/json" ],
        "Expires": [ "-1" ]
      },
      "Content": "{\n  \"name\": \"afefbee9-085a-435e-8d01-1a31c3db76a5\",\n  \"status\": \"Succeeded\",\n  \"startTime\": \"2020-07-06T06:45:06.7623378Z\",\n  \"endTime\": \"2020-07-06T06:46:07.6155649Z\",\n  \"error\": {\n   \"code\": \"\",\n   \"message\": \"\"\n  }\n }"
    }
  },
  "New-AzSapMonitorProviderInstance+[NoContext]+CreateExpandedByString+$GET+https://management.azure.com/subscriptions/9e223dbe-3399-4e19-88eb-0975f02ac87f/resourceGroups/nancyc-hn1/providers/Microsoft.HanaOnAzure/sapMonitors/sapMonitor-wrlm5y-test/providerInstances/sapInstance-ywnfxq?api-version=2020-02-07-preview+5": {
    "Request": {
      "Method": "GET",
      "RequestUri": "https://management.azure.com/subscriptions/9e223dbe-3399-4e19-88eb-0975f02ac87f/resourceGroups/nancyc-hn1/providers/Microsoft.HanaOnAzure/sapMonitors/sapMonitor-wrlm5y-test/providerInstances/sapInstance-ywnfxq?api-version=2020-02-07-preview",
      "Content": null,
      "Headers": {
        "x-ms-unique-id": [ "1", "2", "3", "4", "5" ],
        "x-ms-client-request-id": [ "5e4bf828-c889-471b-9936-5b6c96242e10", "5e4bf828-c889-471b-9936-5b6c96242e10", "5e4bf828-c889-471b-9936-5b6c96242e10", "5e4bf828-c889-471b-9936-5b6c96242e10", "5e4bf828-c889-471b-9936-5b6c96242e10" ],
        "CommandName": [ "Az.HanaOnAzure.internal\\New-AzSapMonitorProviderInstance", "Az.HanaOnAzure.internal\\New-AzSapMonitorProviderInstance", "Az.HanaOnAzure.internal\\New-AzSapMonitorProviderInstance", "Az.HanaOnAzure.internal\\New-AzSapMonitorProviderInstance", "Az.HanaOnAzure.internal\\New-AzSapMonitorProviderInstance" ],
        "FullCommandName": [ "New-AzSapMonitorProviderInstance_CreateExpanded", "New-AzSapMonitorProviderInstance_CreateExpanded", "New-AzSapMonitorProviderInstance_CreateExpanded", "New-AzSapMonitorProviderInstance_CreateExpanded", "New-AzSapMonitorProviderInstance_CreateExpanded" ],
        "ParameterSetName": [ "__AllParameterSets", "__AllParameterSets", "__AllParameterSets", "__AllParameterSets", "__AllParameterSets" ],
        "User-Agent": [ "AzurePowershell/Az4.0.0-preview", "AzurePowershell/Az4.0.0-preview", "AzurePowershell/Az4.0.0-preview", "AzurePowershell/Az4.0.0-preview", "AzurePowershell/Az4.0.0-preview" ],
        "Authorization": [ "[Filtered]" ]
      },
      "ContentHeaders": {
      }
    },
    "Response": {
      "StatusCode": 200,
      "Headers": {
        "Cache-Control": [ "no-cache" ],
        "Pragma": [ "no-cache" ],
        "Vary": [ "Accept-Encoding" ],
        "x-ms-routing-request-id": [ "SOUTHEASTASIA:20200706T064638Z:bcc55acd-bfdd-4f41-82b1-8232c4a7ec95" ],
        "x-ms-ratelimit-remaining-subscription-reads": [ "11988" ],
        "x-ms-correlation-request-id": [ "bcc55acd-bfdd-4f41-82b1-8232c4a7ec95" ],
        "x-ms-request-id": [ "e5edad7d-44af-441e-b3a4-14d3a376fba0" ],
        "Strict-Transport-Security": [ "max-age=31536000; includeSubDomains" ],
        "Server": [ "nginx/1.17.8" ],
        "X-Content-Type-Options": [ "nosniff" ],
        "Date": [ "Mon, 06 Jul 2020 06:46:37 GMT" ]
      },
      "ContentHeaders": {
        "Content-Length": [ "563" ],
        "Content-Type": [ "application/json" ],
        "Expires": [ "-1" ]
      },
      "Content": "{\n  \"id\": \"/subscriptions/9e223dbe-3399-4e19-88eb-0975f02ac87f/resourceGroups/nancyc-hn1/providers/Microsoft.HanaOnAzure/sapMonitors/sapMonitor-wrlm5y-test/providerInstances/sapInstance-ywnfxq\",\n  \"location\": \"\",\n  \"name\": \"sapInstance-ywnfxq\",\n  \"tags\": null,\n  \"type\": \"Microsoft.HanaOnAzure/sapMonitors/providerInstances\",\n  \"properties\": {\n   \"type\": \"SapHana\",\n   \"properties\": \"{\\\"hanaHostname\\\":\\\"hdb1-0\\\",\\\"hanaDbName\\\":\\\"SYSTEMDB\\\",\\\"hanaDbSqlPort\\\":30015,\\\"hanaDbUsername\\\":\\\"SYSTEM\\\"}\",\n   \"metadata\": \"null\",\n   \"provisioningState\": \"Succeeded\"\n  }\n }"
    }
  },
  "New-AzSapMonitorProviderInstance+[NoContext]+ByKeyVault+$GET+https://management.azure.com/subscriptions/9e223dbe-3399-4e19-88eb-0975f02ac87f/resourceGroups/nancyc-hn1/providers/Microsoft.HanaOnAzure/sapMonitors/sapMonitor-wrlm5y-test?api-version=2020-02-07-preview+1": {
    "Request": {
      "Method": "GET",
      "RequestUri": "https://management.azure.com/subscriptions/9e223dbe-3399-4e19-88eb-0975f02ac87f/resourceGroups/nancyc-hn1/providers/Microsoft.HanaOnAzure/sapMonitors/sapMonitor-wrlm5y-test?api-version=2020-02-07-preview",
      "Content": null,
      "Headers": {
        "x-ms-unique-id": [ "6" ],
        "x-ms-client-request-id": [ "2d3a8451-59cb-443c-8e83-063aa5b71ded" ],
        "CommandName": [ "Get-AzSapMonitor" ],
        "FullCommandName": [ "Get-AzSapMonitor_Get" ],
        "ParameterSetName": [ "__AllParameterSets" ],
        "User-Agent": [ "AzurePowershell/Az4.0.0-preview" ],
        "Authorization": [ "[Filtered]" ]
      },
      "ContentHeaders": {
      }
    },
    "Response": {
      "StatusCode": 200,
      "Headers": {
        "Cache-Control": [ "no-cache" ],
        "Pragma": [ "no-cache" ],
        "Vary": [ "Accept-Encoding" ],
        "x-ms-routing-request-id": [ "SOUTHEASTASIA:20200706T064638Z:a73c2757-5277-4920-8be6-05a445b54172" ],
        "x-ms-ratelimit-remaining-subscription-reads": [ "11987" ],
        "x-ms-correlation-request-id": [ "a73c2757-5277-4920-8be6-05a445b54172" ],
        "x-ms-request-id": [ "82fd40df-2cf0-49df-8bde-1d00b0f133ec" ],
        "Strict-Transport-Security": [ "max-age=31536000; includeSubDomains" ],
        "Server": [ "nginx/1.17.8" ],
        "X-Content-Type-Options": [ "nosniff" ],
        "Date": [ "Mon, 06 Jul 2020 06:46:37 GMT" ]
      },
      "ContentHeaders": {
        "Content-Length": [ "863" ],
        "Content-Type": [ "application/json" ],
        "Expires": [ "-1" ]
      },
      "Content": "{\n  \"id\": \"/subscriptions/9e223dbe-3399-4e19-88eb-0975f02ac87f/resourceGroups/nancyc-hn1/providers/Microsoft.HanaOnAzure/sapMonitors/sapMonitor-wrlm5y-test\",\n  \"location\": \"westus2\",\n  \"name\": \"sapMonitor-wrlm5y-test\",\n  \"tags\": {},\n  \"type\": \"Microsoft.HanaOnAzure/sapMonitors\",\n  \"properties\": {\n   \"provisioningState\": \"Succeeded\",\n   \"managedResourceGroupName\": \"sapmon-rg-755d7b77729881\",\n   \"enableCustomerAnalytics\": false,\n   \"sapMonitorCollectorVersion\": \"v2.0-beta\",\n   \"logAnalyticsWorkspaceArmId\": \"/subscriptions/9e223dbe-3399-4e19-88eb-0975f02ac87f/resourcegroups/costmanagement-rg-r3ox95/providers/microsoft.operationalinsights/workspaces/monitoringworkspace-4qo1xt\",\n   \"monitorSubnet\": \"/subscriptions/9e223dbe-3399-4e19-88eb-0975f02ac87f/resourceGroups/nancyc-hn1/providers/Microsoft.Network/virtualNetworks/vnet-sap/subnets/subnet-admin\"\n  }\n }"
    }
  },
  "New-AzSapMonitorProviderInstance+[NoContext]+ByKeyVault+$GET+https://management.azure.com/subscriptions/9e223dbe-3399-4e19-88eb-0975f02ac87f/resourceGroups/sapmon-rg-755d7b77729881/providers/Microsoft.ManagedIdentity/userAssignedIdentities/sapmon-msi-755d7b77729881?api-version=2018-11-30+2": {
    "Request": {
      "Method": "GET",
      "RequestUri": "https://management.azure.com/subscriptions/9e223dbe-3399-4e19-88eb-0975f02ac87f/resourceGroups/sapmon-rg-755d7b77729881/providers/Microsoft.ManagedIdentity/userAssignedIdentities/sapmon-msi-755d7b77729881?api-version=2018-11-30",
      "Content": null,
      "Headers": {
        "x-ms-unique-id": [ "7" ],
        "x-ms-client-request-id": [ "0a0c8f70-101f-4df5-afe3-7b10a639b4d9" ],
        "CommandName": [ "Az.HanaOnAzure.internal\\Get-AzUserAssignedIdentity" ],
        "FullCommandName": [ "Get-AzUserAssignedIdentity_Get" ],
        "ParameterSetName": [ "__AllParameterSets" ],
        "User-Agent": [ "AzurePowershell/Az4.0.0-preview" ],
        "Authorization": [ "[Filtered]" ]
      },
      "ContentHeaders": {
      }
    },
    "Response": {
      "StatusCode": 200,
      "Headers": {
        "Cache-Control": [ "no-cache" ],
        "Pragma": [ "no-cache" ],
        "Strict-Transport-Security": [ "max-age=31536000; includeSubDomains" ],
        "Server": [ "Microsoft-HTTPAPI/2.0" ],
        "x-ms-ratelimit-remaining-subscription-reads": [ "11986" ],
        "x-ms-request-id": [ "0df93bdd-1b06-4dbb-86a6-959aaca27663" ],
        "x-ms-correlation-request-id": [ "0df93bdd-1b06-4dbb-86a6-959aaca27663" ],
        "x-ms-routing-request-id": [ "SOUTHEASTASIA:20200706T064640Z:0df93bdd-1b06-4dbb-86a6-959aaca27663" ],
        "X-Content-Type-Options": [ "nosniff" ],
        "Date": [ "Mon, 06 Jul 2020 06:46:39 GMT" ]
      },
      "ContentHeaders": {
        "Content-Length": [ "504" ],
        "Content-Type": [ "application/json; charset=utf-8" ],
        "Expires": [ "-1" ]
      },
      "Content": "{\"id\":\"/subscriptions/9e223dbe-3399-4e19-88eb-0975f02ac87f/resourcegroups/sapmon-rg-755d7b77729881/providers/Microsoft.ManagedIdentity/userAssignedIdentities/sapmon-msi-755d7b77729881\",\"name\":\"sapmon-msi-755d7b77729881\",\"type\":\"Microsoft.ManagedIdentity/userAssignedIdentities\",\"location\":\"westus2\",\"tags\":{\"SapMonId\":\"755d7b77729881\"},\"properties\":{\"tenantId\":\"72f988bf-86f1-41af-91ab-2d7cd011db47\",\"principalId\":\"f1c401e7-6382-4fec-bc03-b121212e1ed1\",\"clientId\":\"a4b2ca5f-f66d-4d66-8c55-0c5b0b312e09\"}}"
    }
  },
  "New-AzSapMonitorProviderInstance+[NoContext]+ByKeyVault+$PUT+https://management.azure.com/subscriptions/9e223dbe-3399-4e19-88eb-0975f02ac87f/resourceGroups/costmanagement-rg-r3ox95/providers/Microsoft.KeyVault/vaults/kv-7zeudq-test/accessPolicies/add?api-version=2016-10-01+3": {
    "Request": {
      "Method": "PUT",
      "RequestUri": "https://management.azure.com/subscriptions/9e223dbe-3399-4e19-88eb-0975f02ac87f/resourceGroups/costmanagement-rg-r3ox95/providers/Microsoft.KeyVault/vaults/kv-7zeudq-test/accessPolicies/add?api-version=2016-10-01",
      "Content": "{\n  \"properties\": {\n    \"accessPolicies\": [\n      {\n        \"permissions\": {\n          \"secrets\": [ \"get\" ]\n        },\n        \"objectId\": \"f1c401e7-6382-4fec-bc03-b121212e1ed1\",\n        \"tenantId\": \"72f988bf-86f1-41af-91ab-2d7cd011db47\"\n      }\n    ]\n  }\n}",
      "Headers": {
      },
      "ContentHeaders": {
        "Content-Type": [ "application/json" ],
        "Content-Length": [ "257" ]
      }
    },
    "Response": {
      "StatusCode": 200,
      "Headers": {
        "Cache-Control": [ "no-cache" ],
        "Pragma": [ "no-cache" ],
        "x-ms-keyvault-service-version": [ "1.1.0.283" ],
        "x-ms-request-id": [ "18a80d14-b67b-483d-b68d-4f8b2c3ea3f1" ],
        "Strict-Transport-Security": [ "max-age=31536000; includeSubDomains" ],
        "X-Content-Type-Options": [ "nosniff" ],
        "Server": [ "Microsoft-IIS/10.0" ],
        "X-AspNet-Version": [ "4.0.30319" ],
        "X-Powered-By": [ "ASP.NET" ],
        "x-ms-ratelimit-remaining-subscription-writes": [ "1196" ],
        "x-ms-correlation-request-id": [ "9110b3bf-2761-479c-8ece-919aaba2bbcd" ],
        "x-ms-routing-request-id": [ "SOUTHEASTASIA:20200706T064642Z:9110b3bf-2761-479c-8ece-919aaba2bbcd" ],
        "Date": [ "Mon, 06 Jul 2020 06:46:41 GMT" ]
      },
      "ContentHeaders": {
        "Content-Length": [ "387" ],
        "Content-Type": [ "application/json; charset=utf-8" ],
        "Expires": [ "-1" ]
      },
      "Content": "{\"id\":\"/subscriptions/9e223dbe-3399-4e19-88eb-0975f02ac87f/resourceGroups/costmanagement-rg-r3ox95/providers/Microsoft.KeyVault/vaults/kv-7zeudq-test/accessPolicies/\",\"type\":\"Microsoft.KeyVault/vaults/accessPolicies\",\"properties\":{\"accessPolicies\":[{\"tenantId\":\"72f988bf-86f1-41af-91ab-2d7cd011db47\",\"objectId\":\"f1c401e7-6382-4fec-bc03-b121212e1ed1\",\"permissions\":{\"secrets\":[\"get\"]}}]}}"
    }
  },
  "New-AzSapMonitorProviderInstance+[NoContext]+ByKeyVault+$PUT+https://management.azure.com/subscriptions/9e223dbe-3399-4e19-88eb-0975f02ac87f/resourceGroups/nancyc-hn1/providers/Microsoft.HanaOnAzure/sapMonitors/sapMonitor-wrlm5y-test/providerInstances/sapInstance-kopigc?api-version=2020-02-07-preview+4": {
    "Request": {
      "Method": "PUT",
      "RequestUri": "https://management.azure.com/subscriptions/9e223dbe-3399-4e19-88eb-0975f02ac87f/resourceGroups/nancyc-hn1/providers/Microsoft.HanaOnAzure/sapMonitors/sapMonitor-wrlm5y-test/providerInstances/sapInstance-kopigc?api-version=2020-02-07-preview",
      "Content": "{\n  \"properties\": {\n    \"type\": \"SapHana\",\n    \"metadata\": \"null\",\n    \"properties\": \"{\\n  \\\"keyVaultCredentialsMsiClientID\\\": \\\"a4b2ca5f-f66d-4d66-8c55-0c5b0b312e09\\\",\\n  \\\"hanaDbSqlPort\\\": 30015,\\n  \\\"hanaDbUsername\\\": \\\"SYSTEM\\\",\\n  \\\"hanaDbName\\\": \\\"SYSTEMDB\\\",\\n  \\\"hanaHostname\\\": \\\"hdb1-0\\\",\\n  \\\"hanaDbPasswordKeyVaultUrl\\\": \\\"https://kv-7zeudq-test.vault.azure.net/secrets/hanaPassword/bcf58c63a98d4be4bb6e9dc1c66bcbe2\\\",\\n  \\\"keyVaultId\\\": \\\"/subscriptions/9e223dbe-3399-4e19-88eb-0975f02ac87f/resourceGroups/costmanagement-rg-r3ox95/providers/Microsoft.KeyVault/vaults/kv-7zeudq-test\\\"\\n}\"\n  }\n}",
      "Headers": {
      },
      "ContentHeaders": {
        "Content-Type": [ "application/json" ],
        "Content-Length": [ "606" ]
      }
    },
    "Response": {
      "StatusCode": 201,
      "Headers": {
        "Cache-Control": [ "no-cache" ],
        "Pragma": [ "no-cache" ],
        "Location": [ "https://management.azure.com/subscriptions/9e223dbe-3399-4e19-88eb-0975f02ac87f/providers/Microsoft.HanaOnAzure/locations/westus2/operationsStatus/48434e6e-8173-4cd8-949c-52153282ef65?api-version=2020-02-07-preview" ],
        "x-ms-ratelimit-remaining-subscription-writes": [ "1195" ],
        "azure-asyncoperation": [ "https://management.azure.com/subscriptions/9e223dbe-3399-4e19-88eb-0975f02ac87f/providers/Microsoft.HanaOnAzure/locations/westus2/operationsStatus/48434e6e-8173-4cd8-949c-52153282ef65?api-version=2020-02-07-preview" ],
        "x-ms-correlation-request-id": [ "f099921a-dc51-4162-a69e-4c18fc3852c4" ],
        "x-ms-request-id": [ "48434e6e-8173-4cd8-949c-52153282ef65" ],
        "Strict-Transport-Security": [ "max-age=31536000; includeSubDomains" ],
        "Server": [ "nginx/1.17.8" ],
        "x-ms-routing-request-id": [ "SOUTHEASTASIA:20200706T064643Z:f099921a-dc51-4162-a69e-4c18fc3852c4" ],
        "X-Content-Type-Options": [ "nosniff" ],
        "Date": [ "Mon, 06 Jul 2020 06:46:42 GMT" ]
      },
      "ContentHeaders": {
        "Content-Length": [ "689" ],
        "Content-Type": [ "application/json" ],
        "Expires": [ "-1" ]
      },
      "Content": "{\n  \"id\": \"/subscriptions/9e223dbe-3399-4e19-88eb-0975f02ac87f/resourceGroups/nancyc-hn1/providers/Microsoft.HanaOnAzure/sapMonitors/sapMonitor-wrlm5y-test/providerInstances/sapInstance-kopigc\",\n  \"location\": \"\",\n  \"name\": \"sapInstance-kopigc\",\n  \"tags\": null,\n  \"type\": \"Microsoft.HanaOnAzure/sapMonitors/providerInstances\",\n  \"properties\": {\n   \"type\": \"SapHana\",\n   \"properties\": \"{\\\"hanaHostname\\\":\\\"hdb1-0\\\",\\\"hanaDbName\\\":\\\"SYSTEMDB\\\",\\\"hanaDbSqlPort\\\":30015,\\\"hanaDbUsername\\\":\\\"SYSTEM\\\",\\\"hanaDbPasswordKeyVaultUrl\\\":\\\"https://kv-7zeudq-test.vault.azure.net/secrets/hanaPassword/bcf58c63a98d4be4bb6e9dc1c66bcbe2\\\"}\",\n   \"metadata\": \"null\",\n   \"provisioningState\": \"Accepted\"\n  }\n }"
    }
  },
  "New-AzSapMonitorProviderInstance+[NoContext]+ByKeyVault+$GET+https://management.azure.com/subscriptions/9e223dbe-3399-4e19-88eb-0975f02ac87f/providers/Microsoft.HanaOnAzure/locations/westus2/operationsStatus/48434e6e-8173-4cd8-949c-52153282ef65?api-version=2020-02-07-preview+5": {
    "Request": {
      "Method": "GET",
      "RequestUri": "https://management.azure.com/subscriptions/9e223dbe-3399-4e19-88eb-0975f02ac87f/providers/Microsoft.HanaOnAzure/locations/westus2/operationsStatus/48434e6e-8173-4cd8-949c-52153282ef65?api-version=2020-02-07-preview",
      "Content": null,
      "Headers": {
        "x-ms-unique-id": [ "9", "10" ],
        "x-ms-client-request-id": [ "2fafbe1d-69a0-4134-b3a4-1252eb3349ab", "2fafbe1d-69a0-4134-b3a4-1252eb3349ab" ],
        "CommandName": [ "Az.HanaOnAzure.internal\\New-AzSapMonitorProviderInstance", "Az.HanaOnAzure.internal\\New-AzSapMonitorProviderInstance" ],
        "FullCommandName": [ "New-AzSapMonitorProviderInstance_CreateExpanded", "New-AzSapMonitorProviderInstance_CreateExpanded" ],
        "ParameterSetName": [ "", "" ],
        "User-Agent": [ "AzurePowershell/Az4.0.0-preview", "AzurePowershell/Az4.0.0-preview" ],
        "Authorization": [ "[Filtered]" ]
      },
      "ContentHeaders": {
      }
    },
    "Response": {
      "StatusCode": 202,
      "Headers": {
        "Cache-Control": [ "no-cache" ],
        "Pragma": [ "no-cache" ],
        "Location": [ "https://management.azure.com/subscriptions/9e223dbe-3399-4e19-88eb-0975f02ac87f/providers/Microsoft.HanaOnAzure/locations/westus2/operationsStatus/48434e6e-8173-4cd8-949c-52153282ef65?api-version=2017-11-03-preview" ],
        "x-ms-ratelimit-remaining-subscription-reads": [ "11985" ],
        "x-ms-correlation-request-id": [ "094e4bcf-a3f5-48f2-951c-f8e306c68e4b" ],
        "x-ms-request-id": [ "bc6810a7-a838-49e4-8a39-7204823e26a2" ],
        "Strict-Transport-Security": [ "max-age=31536000; includeSubDomains" ],
        "Server": [ "nginx/1.17.8" ],
        "x-ms-routing-request-id": [ "SOUTHEASTASIA:20200706T064713Z:094e4bcf-a3f5-48f2-951c-f8e306c68e4b" ],
        "X-Content-Type-Options": [ "nosniff" ],
        "Date": [ "Mon, 06 Jul 2020 06:47:13 GMT" ]
      },
      "ContentHeaders": {
        "Content-Length": [ "176" ],
        "Content-Type": [ "application/json" ],
        "Expires": [ "-1" ]
      },
      "Content": "{\n  \"name\": \"48434e6e-8173-4cd8-949c-52153282ef65\",\n  \"status\": \"InProgress\",\n  \"startTime\": \"2020-07-06T06:46:43.1223718Z\",\n  \"error\": {\n   \"code\": \"\",\n   \"message\": \"\"\n  }\n }"
    }
  },
  "New-AzSapMonitorProviderInstance+[NoContext]+ByKeyVault+$GET+https://management.azure.com/subscriptions/9e223dbe-3399-4e19-88eb-0975f02ac87f/providers/Microsoft.HanaOnAzure/locations/westus2/operationsStatus/48434e6e-8173-4cd8-949c-52153282ef65?api-version=2017-11-03-preview+6": {
    "Request": {
      "Method": "GET",
      "RequestUri": "https://management.azure.com/subscriptions/9e223dbe-3399-4e19-88eb-0975f02ac87f/providers/Microsoft.HanaOnAzure/locations/westus2/operationsStatus/48434e6e-8173-4cd8-949c-52153282ef65?api-version=2017-11-03-preview",
      "Content": null,
      "Headers": {
        "x-ms-unique-id": [ "9", "10", "11" ],
        "x-ms-client-request-id": [ "2fafbe1d-69a0-4134-b3a4-1252eb3349ab", "2fafbe1d-69a0-4134-b3a4-1252eb3349ab", "2fafbe1d-69a0-4134-b3a4-1252eb3349ab" ],
        "CommandName": [ "Az.HanaOnAzure.internal\\New-AzSapMonitorProviderInstance", "Az.HanaOnAzure.internal\\New-AzSapMonitorProviderInstance", "Az.HanaOnAzure.internal\\New-AzSapMonitorProviderInstance" ],
        "FullCommandName": [ "New-AzSapMonitorProviderInstance_CreateExpanded", "New-AzSapMonitorProviderInstance_CreateExpanded", "New-AzSapMonitorProviderInstance_CreateExpanded" ],
        "ParameterSetName": [ "", "", "" ],
        "User-Agent": [ "AzurePowershell/Az4.0.0-preview", "AzurePowershell/Az4.0.0-preview", "AzurePowershell/Az4.0.0-preview" ],
        "Authorization": [ "[Filtered]" ]
      },
      "ContentHeaders": {
      }
    },
    "Response": {
      "StatusCode": 202,
      "Headers": {
        "Cache-Control": [ "no-cache" ],
        "Pragma": [ "no-cache" ],
        "Location": [ "https://management.azure.com/subscriptions/9e223dbe-3399-4e19-88eb-0975f02ac87f/providers/Microsoft.HanaOnAzure/locations/westus2/operationsStatus/48434e6e-8173-4cd8-949c-52153282ef65?api-version=2017-11-03-preview" ],
        "x-ms-ratelimit-remaining-subscription-reads": [ "11984" ],
        "x-ms-correlation-request-id": [ "9e2c5df4-264b-4cd4-9d6a-e805a62eae65" ],
        "x-ms-request-id": [ "715c8ddf-6e84-4335-afec-13bf4a33f9ab" ],
        "Strict-Transport-Security": [ "max-age=31536000; includeSubDomains" ],
        "Server": [ "nginx/1.17.8" ],
        "x-ms-routing-request-id": [ "SOUTHEASTASIA:20200706T064743Z:9e2c5df4-264b-4cd4-9d6a-e805a62eae65" ],
        "X-Content-Type-Options": [ "nosniff" ],
        "Date": [ "Mon, 06 Jul 2020 06:47:43 GMT" ]
      },
      "ContentHeaders": {
        "Content-Length": [ "176" ],
        "Content-Type": [ "application/json" ],
        "Expires": [ "-1" ]
      },
      "Content": "{\n  \"name\": \"48434e6e-8173-4cd8-949c-52153282ef65\",\n  \"status\": \"InProgress\",\n  \"startTime\": \"2020-07-06T06:46:43.1223718Z\",\n  \"error\": {\n   \"code\": \"\",\n   \"message\": \"\"\n  }\n }"
    }
  },
  "New-AzSapMonitorProviderInstance+[NoContext]+ByKeyVault+$GET+https://management.azure.com/subscriptions/9e223dbe-3399-4e19-88eb-0975f02ac87f/providers/Microsoft.HanaOnAzure/locations/westus2/operationsStatus/48434e6e-8173-4cd8-949c-52153282ef65?api-version=2017-11-03-preview+7": {
    "Request": {
      "Method": "GET",
      "RequestUri": "https://management.azure.com/subscriptions/9e223dbe-3399-4e19-88eb-0975f02ac87f/providers/Microsoft.HanaOnAzure/locations/westus2/operationsStatus/48434e6e-8173-4cd8-949c-52153282ef65?api-version=2017-11-03-preview",
      "Content": null,
      "Headers": {
        "x-ms-unique-id": [ "9", "10", "11", "12" ],
        "x-ms-client-request-id": [ "2fafbe1d-69a0-4134-b3a4-1252eb3349ab", "2fafbe1d-69a0-4134-b3a4-1252eb3349ab", "2fafbe1d-69a0-4134-b3a4-1252eb3349ab", "2fafbe1d-69a0-4134-b3a4-1252eb3349ab" ],
        "CommandName": [ "Az.HanaOnAzure.internal\\New-AzSapMonitorProviderInstance", "Az.HanaOnAzure.internal\\New-AzSapMonitorProviderInstance", "Az.HanaOnAzure.internal\\New-AzSapMonitorProviderInstance", "Az.HanaOnAzure.internal\\New-AzSapMonitorProviderInstance" ],
        "FullCommandName": [ "New-AzSapMonitorProviderInstance_CreateExpanded", "New-AzSapMonitorProviderInstance_CreateExpanded", "New-AzSapMonitorProviderInstance_CreateExpanded", "New-AzSapMonitorProviderInstance_CreateExpanded" ],
        "ParameterSetName": [ "", "", "", "" ],
        "User-Agent": [ "AzurePowershell/Az4.0.0-preview", "AzurePowershell/Az4.0.0-preview", "AzurePowershell/Az4.0.0-preview", "AzurePowershell/Az4.0.0-preview" ],
        "Authorization": [ "[Filtered]" ]
      },
      "ContentHeaders": {
      }
    },
    "Response": {
      "StatusCode": 200,
      "Headers": {
        "Cache-Control": [ "no-cache" ],
        "Pragma": [ "no-cache" ],
        "x-ms-ratelimit-remaining-subscription-reads": [ "11983" ],
        "x-ms-correlation-request-id": [ "73709bf8-3f5b-47b5-ac77-a8db2ec782a5" ],
        "x-ms-request-id": [ "50a8ed56-eaff-4147-87d1-d546064a42cf" ],
        "Strict-Transport-Security": [ "max-age=31536000; includeSubDomains" ],
        "Server": [ "nginx/1.17.8" ],
        "x-ms-routing-request-id": [ "SOUTHEASTASIA:20200706T064814Z:73709bf8-3f5b-47b5-ac77-a8db2ec782a5" ],
        "X-Content-Type-Options": [ "nosniff" ],
        "Date": [ "Mon, 06 Jul 2020 06:48:13 GMT" ]
      },
      "ContentHeaders": {
        "Content-Length": [ "220" ],
        "Content-Type": [ "application/json" ],
        "Expires": [ "-1" ]
      },
      "Content": "{\n  \"name\": \"48434e6e-8173-4cd8-949c-52153282ef65\",\n  \"status\": \"Succeeded\",\n  \"startTime\": \"2020-07-06T06:46:43.1223718Z\",\n  \"endTime\": \"2020-07-06T06:47:44.0060582Z\",\n  \"error\": {\n   \"code\": \"\",\n   \"message\": \"\"\n  }\n }"
    }
  },
  "New-AzSapMonitorProviderInstance+[NoContext]+ByKeyVault+$GET+https://management.azure.com/subscriptions/9e223dbe-3399-4e19-88eb-0975f02ac87f/resourceGroups/nancyc-hn1/providers/Microsoft.HanaOnAzure/sapMonitors/sapMonitor-wrlm5y-test/providerInstances/sapInstance-kopigc?api-version=2020-02-07-preview+8": {
    "Request": {
      "Method": "GET",
      "RequestUri": "https://management.azure.com/subscriptions/9e223dbe-3399-4e19-88eb-0975f02ac87f/resourceGroups/nancyc-hn1/providers/Microsoft.HanaOnAzure/sapMonitors/sapMonitor-wrlm5y-test/providerInstances/sapInstance-kopigc?api-version=2020-02-07-preview",
      "Content": null,
      "Headers": {
        "x-ms-unique-id": [ "9", "10", "11", "12", "13" ],
        "x-ms-client-request-id": [ "2fafbe1d-69a0-4134-b3a4-1252eb3349ab", "2fafbe1d-69a0-4134-b3a4-1252eb3349ab", "2fafbe1d-69a0-4134-b3a4-1252eb3349ab", "2fafbe1d-69a0-4134-b3a4-1252eb3349ab", "2fafbe1d-69a0-4134-b3a4-1252eb3349ab" ],
        "CommandName": [ "Az.HanaOnAzure.internal\\New-AzSapMonitorProviderInstance", "Az.HanaOnAzure.internal\\New-AzSapMonitorProviderInstance", "Az.HanaOnAzure.internal\\New-AzSapMonitorProviderInstance", "Az.HanaOnAzure.internal\\New-AzSapMonitorProviderInstance", "Az.HanaOnAzure.internal\\New-AzSapMonitorProviderInstance" ],
        "FullCommandName": [ "New-AzSapMonitorProviderInstance_CreateExpanded", "New-AzSapMonitorProviderInstance_CreateExpanded", "New-AzSapMonitorProviderInstance_CreateExpanded", "New-AzSapMonitorProviderInstance_CreateExpanded", "New-AzSapMonitorProviderInstance_CreateExpanded" ],
        "ParameterSetName": [ "", "", "", "", "" ],
        "User-Agent": [ "AzurePowershell/Az4.0.0-preview", "AzurePowershell/Az4.0.0-preview", "AzurePowershell/Az4.0.0-preview", "AzurePowershell/Az4.0.0-preview", "AzurePowershell/Az4.0.0-preview" ],
        "Authorization": [ "[Filtered]" ]
      },
      "ContentHeaders": {
      }
    },
    "Response": {
      "StatusCode": 200,
      "Headers": {
        "Cache-Control": [ "no-cache" ],
        "Pragma": [ "no-cache" ],
        "Vary": [ "Accept-Encoding" ],
        "x-ms-routing-request-id": [ "SOUTHEASTASIA:20200706T064814Z:bcc944f0-c0cf-4452-b6a4-8c5e64603247" ],
        "x-ms-ratelimit-remaining-subscription-reads": [ "11982" ],
        "x-ms-correlation-request-id": [ "bcc944f0-c0cf-4452-b6a4-8c5e64603247" ],
        "x-ms-request-id": [ "f3deccdf-b138-4ecf-9e43-d347b9c5c707" ],
        "Strict-Transport-Security": [ "max-age=31536000; includeSubDomains" ],
        "Server": [ "nginx/1.17.8" ],
        "X-Content-Type-Options": [ "nosniff" ],
        "Date": [ "Mon, 06 Jul 2020 06:48:13 GMT" ]
      },
      "ContentHeaders": {
        "Content-Length": [ "690" ],
        "Content-Type": [ "application/json" ],
        "Expires": [ "-1" ]
      },
      "Content": "{\n  \"id\": \"/subscriptions/9e223dbe-3399-4e19-88eb-0975f02ac87f/resourceGroups/nancyc-hn1/providers/Microsoft.HanaOnAzure/sapMonitors/sapMonitor-wrlm5y-test/providerInstances/sapInstance-kopigc\",\n  \"location\": \"\",\n  \"name\": \"sapInstance-kopigc\",\n  \"tags\": null,\n  \"type\": \"Microsoft.HanaOnAzure/sapMonitors/providerInstances\",\n  \"properties\": {\n   \"type\": \"SapHana\",\n   \"properties\": \"{\\\"hanaHostname\\\":\\\"hdb1-0\\\",\\\"hanaDbName\\\":\\\"SYSTEMDB\\\",\\\"hanaDbSqlPort\\\":30015,\\\"hanaDbUsername\\\":\\\"SYSTEM\\\",\\\"hanaDbPasswordKeyVaultUrl\\\":\\\"https://kv-7zeudq-test.vault.azure.net/secrets/hanaPassword/bcf58c63a98d4be4bb6e9dc1c66bcbe2\\\"}\",\n   \"metadata\": \"null\",\n   \"provisioningState\": \"Succeeded\"\n  }\n }"
    }
  },
  "New-AzSapMonitorProviderInstance+[NoContext]+ByKeyVault+$GET+https://management.azure.com/subscriptions/9e223dbe-3399-4e19-88eb-0975f02ac87f/resourceGroups/nancyc-hn1/providers/Microsoft.HanaOnAzure/sapMonitors/sapMonitor-wrlm5y-test/providerInstances/sapInstance-kopigc?api-version=2020-02-07-preview+9": {
    "Request": {
      "Method": "GET",
      "RequestUri": "https://management.azure.com/subscriptions/9e223dbe-3399-4e19-88eb-0975f02ac87f/resourceGroups/nancyc-hn1/providers/Microsoft.HanaOnAzure/sapMonitors/sapMonitor-wrlm5y-test/providerInstances/sapInstance-kopigc?api-version=2020-02-07-preview",
      "Content": null,
      "Headers": {
        "x-ms-unique-id": [ "14" ],
        "x-ms-client-request-id": [ "d8f0689d-bf07-440a-9ea8-8fa81779badb" ],
        "CommandName": [ "Get-AzSapMonitorProviderInstance" ],
        "FullCommandName": [ "Get-AzSapMonitorProviderInstance_Get" ],
        "ParameterSetName": [ "__AllParameterSets" ],
        "User-Agent": [ "AzurePowershell/Az4.0.0-preview" ],
        "Authorization": [ "[Filtered]" ]
      },
      "ContentHeaders": {
      }
    },
    "Response": {
      "StatusCode": 200,
      "Headers": {
        "Cache-Control": [ "no-cache" ],
        "Pragma": [ "no-cache" ],
        "Vary": [ "Accept-Encoding" ],
        "x-ms-routing-request-id": [ "SOUTHEASTASIA:20200706T064814Z:cea467d4-9675-46c0-84d7-d64a6e7537a4" ],
        "x-ms-ratelimit-remaining-subscription-reads": [ "11981" ],
        "x-ms-correlation-request-id": [ "cea467d4-9675-46c0-84d7-d64a6e7537a4" ],
        "x-ms-request-id": [ "b7e7fcaa-4730-43d3-af9f-1d832bff265c" ],
        "Strict-Transport-Security": [ "max-age=31536000; includeSubDomains" ],
        "Server": [ "nginx/1.17.8" ],
        "X-Content-Type-Options": [ "nosniff" ],
        "Date": [ "Mon, 06 Jul 2020 06:48:13 GMT" ]
      },
      "ContentHeaders": {
        "Content-Length": [ "690" ],
        "Content-Type": [ "application/json" ],
        "Expires": [ "-1" ]
      },
      "Content": "{\n  \"id\": \"/subscriptions/9e223dbe-3399-4e19-88eb-0975f02ac87f/resourceGroups/nancyc-hn1/providers/Microsoft.HanaOnAzure/sapMonitors/sapMonitor-wrlm5y-test/providerInstances/sapInstance-kopigc\",\n  \"location\": \"\",\n  \"name\": \"sapInstance-kopigc\",\n  \"tags\": null,\n  \"type\": \"Microsoft.HanaOnAzure/sapMonitors/providerInstances\",\n  \"properties\": {\n   \"type\": \"SapHana\",\n   \"properties\": \"{\\\"hanaHostname\\\":\\\"hdb1-0\\\",\\\"hanaDbName\\\":\\\"SYSTEMDB\\\",\\\"hanaDbSqlPort\\\":30015,\\\"hanaDbUsername\\\":\\\"SYSTEM\\\",\\\"hanaDbPasswordKeyVaultUrl\\\":\\\"https://kv-7zeudq-test.vault.azure.net/secrets/hanaPassword/bcf58c63a98d4be4bb6e9dc1c66bcbe2\\\"}\",\n   \"metadata\": \"null\",\n   \"provisioningState\": \"Succeeded\"\n  }\n }"
    }
  }
}