{
  "Entries": [
    {
      "RequestUri": "/subscriptions/4431ebb2-5a07-4d85-85cf-7af34ae85ff5/resourcegroups/onesdk1946?api-version=2014-04-01-preview",
      "EncodedRequestUri": "L3N1YnNjcmlwdGlvbnMvNDQzMWViYjItNWEwNy00ZDg1LTg1Y2YtN2FmMzRhZTg1ZmY1L3Jlc291cmNlZ3JvdXBzL29uZXNkazE5NDY/YXBpLXZlcnNpb249MjAxNC0wNC0wMS1wcmV2aWV3",
      "RequestMethod": "HEAD",
      "RequestBody": "",
      "RequestHeaders": {
        "User-Agent": [
          "Microsoft.Azure.Management.Resources.ResourceManagementClient/2.0.0.0"
        ]
      },
      "ResponseBody": "",
      "ResponseHeaders": {
        "Content-Length": [
          "102"
        ],
        "Content-Type": [
          "application/json; charset=utf-8"
        ],
        "Expires": [
          "-1"
        ],
        "Pragma": [
          "no-cache"
        ],
        "x-ms-failure-cause": [
          "gateway"
        ],
        "x-ms-ratelimit-remaining-subscription-reads": [
          "14934"
        ],
        "x-ms-request-id": [
          "1f10051d-66e4-4cd5-b7a7-131bf4ec34a9"
        ],
        "x-ms-correlation-request-id": [
          "1f10051d-66e4-4cd5-b7a7-131bf4ec34a9"
        ],
        "x-ms-routing-request-id": [
          "NORTHEUROPE:20150731T041114Z:1f10051d-66e4-4cd5-b7a7-131bf4ec34a9"
        ],
        "Strict-Transport-Security": [
          "max-age=31536000; includeSubDomains"
        ],
        "Cache-Control": [
          "no-cache"
        ],
        "Date": [
          "Fri, 31 Jul 2015 04:11:13 GMT"
        ]
      },
      "StatusCode": 404
    },
    {
      "RequestUri": "/subscriptions/4431ebb2-5a07-4d85-85cf-7af34ae85ff5/resourcegroups/onesdk1946?api-version=2014-04-01-preview",
      "EncodedRequestUri": "L3N1YnNjcmlwdGlvbnMvNDQzMWViYjItNWEwNy00ZDg1LTg1Y2YtN2FmMzRhZTg1ZmY1L3Jlc291cmNlZ3JvdXBzL29uZXNkazE5NDY/YXBpLXZlcnNpb249MjAxNC0wNC0wMS1wcmV2aWV3",
      "RequestMethod": "PUT",
      "RequestBody": "{\r\n  \"location\": \"Brazil South\"\r\n}",
      "RequestHeaders": {
        "Content-Type": [
          "application/json; charset=utf-8"
        ],
        "Content-Length": [
          "34"
        ],
        "User-Agent": [
          "Microsoft.Azure.Management.Resources.ResourceManagementClient/2.0.0.0"
        ]
      },
      "ResponseBody": "{\r\n  \"id\": \"/subscriptions/4431ebb2-5a07-4d85-85cf-7af34ae85ff5/resourceGroups/onesdk1946\",\r\n  \"name\": \"onesdk1946\",\r\n  \"location\": \"brazilsouth\",\r\n  \"properties\": {\r\n    \"provisioningState\": \"Succeeded\"\r\n  }\r\n}",
      "ResponseHeaders": {
        "Content-Length": [
          "178"
        ],
        "Content-Type": [
          "application/json; charset=utf-8"
        ],
        "Expires": [
          "-1"
        ],
        "Pragma": [
          "no-cache"
        ],
        "x-ms-ratelimit-remaining-subscription-writes": [
          "1159"
        ],
        "x-ms-request-id": [
          "e0d80a68-b7c6-4d08-964d-42b97f7e14e4"
        ],
        "x-ms-correlation-request-id": [
          "e0d80a68-b7c6-4d08-964d-42b97f7e14e4"
        ],
        "x-ms-routing-request-id": [
          "NORTHEUROPE:20150731T041115Z:e0d80a68-b7c6-4d08-964d-42b97f7e14e4"
        ],
        "Strict-Transport-Security": [
          "max-age=31536000; includeSubDomains"
        ],
        "Cache-Control": [
          "no-cache"
        ],
        "Date": [
          "Fri, 31 Jul 2015 04:11:15 GMT"
        ]
      },
      "StatusCode": 201
    },
    {
      "RequestUri": "/subscriptions/4431ebb2-5a07-4d85-85cf-7af34ae85ff5/resourceGroups/onesdk1946/resources?api-version=2014-04-01-preview",
      "EncodedRequestUri": "L3N1YnNjcmlwdGlvbnMvNDQzMWViYjItNWEwNy00ZDg1LTg1Y2YtN2FmMzRhZTg1ZmY1L3Jlc291cmNlR3JvdXBzL29uZXNkazE5NDYvcmVzb3VyY2VzP2FwaS12ZXJzaW9uPTIwMTQtMDQtMDEtcHJldmlldw==",
      "RequestMethod": "GET",
      "RequestBody": "",
      "RequestHeaders": {
        "User-Agent": [
          "Microsoft.Azure.Management.Resources.ResourceManagementClient/2.0.0.0"
        ]
      },
      "ResponseBody": "{\r\n  \"value\": []\r\n}",
      "ResponseHeaders": {
        "Content-Length": [
          "12"
        ],
        "Content-Type": [
          "application/json; charset=utf-8"
        ],
        "Expires": [
          "-1"
        ],
        "Pragma": [
          "no-cache"
        ],
        "x-ms-ratelimit-remaining-subscription-reads": [
          "14933"
        ],
        "x-ms-request-id": [
          "527f329d-73a4-4386-944d-c05e0c4bc1a0"
        ],
        "x-ms-correlation-request-id": [
          "527f329d-73a4-4386-944d-c05e0c4bc1a0"
        ],
        "x-ms-routing-request-id": [
          "NORTHEUROPE:20150731T041115Z:527f329d-73a4-4386-944d-c05e0c4bc1a0"
        ],
        "Strict-Transport-Security": [
          "max-age=31536000; includeSubDomains"
        ],
        "Cache-Control": [
          "no-cache"
        ],
        "Date": [
          "Fri, 31 Jul 2015 04:11:15 GMT"
        ]
      },
      "StatusCode": 200
    },
    {
      "RequestUri": "/subscriptions/4431ebb2-5a07-4d85-85cf-7af34ae85ff5/resourcegroups/onesdk1946/providers/Microsoft.Authorization/permissions?api-version=2014-07-01-preview",
      "EncodedRequestUri": "L3N1YnNjcmlwdGlvbnMvNDQzMWViYjItNWEwNy00ZDg1LTg1Y2YtN2FmMzRhZTg1ZmY1L3Jlc291cmNlZ3JvdXBzL29uZXNkazE5NDYvcHJvdmlkZXJzL01pY3Jvc29mdC5BdXRob3JpemF0aW9uL3Blcm1pc3Npb25zP2FwaS12ZXJzaW9uPTIwMTQtMDctMDEtcHJldmlldw==",
      "RequestMethod": "GET",
      "RequestBody": "",
      "RequestHeaders": {
        "User-Agent": [
          "Microsoft.Azure.Management.Authorization.AuthorizationManagementClient/0.9.0.0"
        ]
      },
      "ResponseBody": "{\r\n  \"value\": [\r\n    {\r\n      \"actions\": [\r\n        \"*\"\r\n      ],\r\n      \"notActions\": []\r\n    }\r\n  ]\r\n}",
      "ResponseHeaders": {
        "Content-Length": [
          "45"
        ],
        "Content-Type": [
          "application/json; charset=utf-8"
        ],
        "Expires": [
          "-1"
        ],
        "Pragma": [
          "no-cache"
        ],
        "Vary": [
          "Accept-Encoding"
        ],
        "x-ms-request-id": [
          "westeurope:0c6508aa-34ae-49f0-8f85-43ad572107ae"
        ],
        "x-ms-ratelimit-remaining-subscription-reads": [
          "14975"
        ],
        "x-ms-correlation-request-id": [
          "379dd968-b3aa-4a01-929e-127bec3f431d"
        ],
        "x-ms-routing-request-id": [
          "NORTHEUROPE:20150731T041116Z:379dd968-b3aa-4a01-929e-127bec3f431d"
        ],
        "Strict-Transport-Security": [
          "max-age=31536000; includeSubDomains"
        ],
        "Cache-Control": [
          "no-cache"
        ],
        "Date": [
          "Fri, 31 Jul 2015 04:11:15 GMT"
        ]
      },
      "StatusCode": 200
    },
    {
      "RequestUri": "/subscriptions/4431ebb2-5a07-4d85-85cf-7af34ae85ff5/resourcegroups/onesdk1946/providers/Microsoft.DataFactory/datafactories/onesdk585?api-version=2015-08-01",
      "EncodedRequestUri": "L3N1YnNjcmlwdGlvbnMvNDQzMWViYjItNWEwNy00ZDg1LTg1Y2YtN2FmMzRhZTg1ZmY1L3Jlc291cmNlZ3JvdXBzL29uZXNkazE5NDYvcHJvdmlkZXJzL01pY3Jvc29mdC5EYXRhRmFjdG9yeS9kYXRhZmFjdG9yaWVzL29uZXNkazU4NT9hcGktdmVyc2lvbj0yMDE1LTA4LTAx",
      "RequestMethod": "PUT",
      "RequestBody": "{\r\n  \"name\": \"onesdk585\",\r\n  \"location\": \"Brazil South\",\r\n  \"tags\": {}\r\n}",
      "RequestHeaders": {
        "Content-Type": [
          "application/json"
        ],
        "Content-Length": [
          "73"
        ],
        "x-ms-client-request-id": [
          "34050b55-262b-43dd-941f-3e45ebb5f183"
        ],
        "User-Agent": [
          "Microsoft.Azure.Management.DataFactories.DataFactoryManagementClient/2.0.0.0"
        ]
      },
      "ResponseBody": "{\r\n  \"name\": \"onesdk585\",\r\n  \"id\": \"/subscriptions/4431ebb2-5a07-4d85-85cf-7af34ae85ff5/resourcegroups/onesdk1946/providers/Microsoft.DataFactory/datafactories/onesdk585\",\r\n  \"type\": \"Microsoft.DataFactory/datafactories\",\r\n  \"location\": \"Brazil South\",\r\n  \"tags\": {},\r\n  \"properties\": {\r\n    \"dataFactoryId\": \"02f49b4b-2bc6-41b4-aefe-8198134b28bd\",\r\n    \"provisioningState\": \"PendingCreation\",\r\n    \"error\": null,\r\n    \"errorMessage\": null\r\n  }\r\n}",
      "ResponseHeaders": {
        "Content-Length": [
          "447"
        ],
        "Content-Type": [
          "application/json; charset=utf-8"
        ],
        "Expires": [
          "-1"
        ],
        "Pragma": [
          "no-cache"
        ],
        "x-ms-request-id": [
          "897a1a34-b251-4135-827a-1fd26b512a3f"
        ],
        "x-ms-ratelimit-remaining-subscription-writes": [
          "1158"
        ],
        "x-ms-correlation-request-id": [
          "d81b46d6-9f8c-42c0-bcd2-484a98c51d05"
        ],
        "x-ms-routing-request-id": [
          "NORTHEUROPE:20150731T041120Z:d81b46d6-9f8c-42c0-bcd2-484a98c51d05"
        ],
        "Strict-Transport-Security": [
          "max-age=31536000; includeSubDomains"
        ],
        "Cache-Control": [
          "no-cache"
        ],
        "Date": [
          "Fri, 31 Jul 2015 04:11:20 GMT"
        ],
        "Location": [
          "https://api-dogfood.resources.windows-int.net/subscriptions/4431ebb2-5a07-4d85-85cf-7af34ae85ff5/resourcegroups/onesdk1946/providers/Microsoft.DataFactory/datafactories/onesdk585?api-version=2015-08-01"
        ],
        "Server": [
          "Microsoft-IIS/8.5"
        ],
        "X-Powered-By": [
          "ASP.NET"
        ]
      },
      "StatusCode": 201
    },
    {
      "RequestUri": "/subscriptions/4431ebb2-5a07-4d85-85cf-7af34ae85ff5/resourcegroups/onesdk1946/providers/Microsoft.DataFactory/datafactories/onesdk585?api-version=2015-08-01",
      "EncodedRequestUri": "L3N1YnNjcmlwdGlvbnMvNDQzMWViYjItNWEwNy00ZDg1LTg1Y2YtN2FmMzRhZTg1ZmY1L3Jlc291cmNlZ3JvdXBzL29uZXNkazE5NDYvcHJvdmlkZXJzL01pY3Jvc29mdC5EYXRhRmFjdG9yeS9kYXRhZmFjdG9yaWVzL29uZXNkazU4NT9hcGktdmVyc2lvbj0yMDE1LTA4LTAx",
      "RequestMethod": "GET",
      "RequestBody": "",
      "RequestHeaders": {
        "x-ms-client-request-id": [
          "03341bb9-b172-432b-bd8a-9fda386ab5c0"
        ],
        "x-ms-version": [
          "2015-08-01"
        ],
        "User-Agent": [
          "Microsoft.Azure.Management.DataFactories.DataFactoryManagementClient/2.0.0.0"
        ]
      },
      "ResponseBody": "{\r\n  \"name\": \"onesdk585\",\r\n  \"id\": \"/subscriptions/4431ebb2-5a07-4d85-85cf-7af34ae85ff5/resourcegroups/onesdk1946/providers/Microsoft.DataFactory/datafactories/onesdk585\",\r\n  \"type\": \"Microsoft.DataFactory/datafactories\",\r\n  \"location\": \"Brazil South\",\r\n  \"tags\": {},\r\n  \"properties\": {\r\n    \"dataFactoryId\": \"02f49b4b-2bc6-41b4-aefe-8198134b28bd\",\r\n    \"provisioningState\": \"PendingCreation\",\r\n    \"error\": null,\r\n    \"errorMessage\": null\r\n  }\r\n}",
      "ResponseHeaders": {
        "Content-Length": [
          "447"
        ],
        "Content-Type": [
          "application/json; charset=utf-8"
        ],
        "Expires": [
          "-1"
        ],
        "Pragma": [
          "no-cache"
        ],
        "x-ms-request-id": [
          "76af5d80-2822-40da-adc8-25a6ffd618d3"
        ],
        "x-ms-ratelimit-remaining-subscription-reads": [
          "14932"
        ],
        "x-ms-correlation-request-id": [
          "409ef61a-178a-4f8e-a9ac-618951346531"
        ],
        "x-ms-routing-request-id": [
          "NORTHEUROPE:20150731T041120Z:409ef61a-178a-4f8e-a9ac-618951346531"
        ],
        "Strict-Transport-Security": [
          "max-age=31536000; includeSubDomains"
        ],
        "Cache-Control": [
          "no-cache"
        ],
        "Date": [
          "Fri, 31 Jul 2015 04:11:20 GMT"
        ],
        "Server": [
          "Microsoft-IIS/8.5"
        ],
        "X-Powered-By": [
          "ASP.NET"
        ]
      },
      "StatusCode": 200
    },
    {
      "RequestUri": "/subscriptions/4431ebb2-5a07-4d85-85cf-7af34ae85ff5/resourcegroups/onesdk1946/providers/Microsoft.DataFactory/datafactories/onesdk585?api-version=2015-08-01",
      "EncodedRequestUri": "L3N1YnNjcmlwdGlvbnMvNDQzMWViYjItNWEwNy00ZDg1LTg1Y2YtN2FmMzRhZTg1ZmY1L3Jlc291cmNlZ3JvdXBzL29uZXNkazE5NDYvcHJvdmlkZXJzL01pY3Jvc29mdC5EYXRhRmFjdG9yeS9kYXRhZmFjdG9yaWVzL29uZXNkazU4NT9hcGktdmVyc2lvbj0yMDE1LTA4LTAx",
      "RequestMethod": "GET",
      "RequestBody": "",
      "RequestHeaders": {
        "x-ms-client-request-id": [
          "ca5dfe1a-77c5-4e69-a700-2b827bd14a48"
        ],
        "x-ms-version": [
          "2015-08-01"
        ],
        "User-Agent": [
          "Microsoft.Azure.Management.DataFactories.DataFactoryManagementClient/2.0.0.0"
        ]
      },
      "ResponseBody": "{\r\n  \"name\": \"onesdk585\",\r\n  \"id\": \"/subscriptions/4431ebb2-5a07-4d85-85cf-7af34ae85ff5/resourcegroups/onesdk1946/providers/Microsoft.DataFactory/datafactories/onesdk585\",\r\n  \"type\": \"Microsoft.DataFactory/datafactories\",\r\n  \"location\": \"Brazil South\",\r\n  \"tags\": {},\r\n  \"properties\": {\r\n    \"dataFactoryId\": \"02f49b4b-2bc6-41b4-aefe-8198134b28bd\",\r\n    \"provisioningState\": \"PendingCreation\",\r\n    \"error\": null,\r\n    \"errorMessage\": null\r\n  }\r\n}",
      "ResponseHeaders": {
        "Content-Length": [
          "447"
        ],
        "Content-Type": [
          "application/json; charset=utf-8"
        ],
        "Expires": [
          "-1"
        ],
        "Pragma": [
          "no-cache"
        ],
        "x-ms-request-id": [
          "db29f1af-8f81-415f-9c7c-a3981aef61c3"
        ],
        "x-ms-ratelimit-remaining-subscription-reads": [
          "14931"
        ],
        "x-ms-correlation-request-id": [
          "d6ccd316-715a-4977-8039-c6223d18a43f"
        ],
        "x-ms-routing-request-id": [
          "NORTHEUROPE:20150731T041126Z:d6ccd316-715a-4977-8039-c6223d18a43f"
        ],
        "Strict-Transport-Security": [
          "max-age=31536000; includeSubDomains"
        ],
        "Cache-Control": [
          "no-cache"
        ],
        "Date": [
          "Fri, 31 Jul 2015 04:11:25 GMT"
        ],
        "Server": [
          "Microsoft-IIS/8.5"
        ],
        "X-Powered-By": [
          "ASP.NET"
        ]
      },
      "StatusCode": 200
    },
    {
      "RequestUri": "/subscriptions/4431ebb2-5a07-4d85-85cf-7af34ae85ff5/resourcegroups/onesdk1946/providers/Microsoft.DataFactory/datafactories/onesdk585?api-version=2015-08-01",
      "EncodedRequestUri": "L3N1YnNjcmlwdGlvbnMvNDQzMWViYjItNWEwNy00ZDg1LTg1Y2YtN2FmMzRhZTg1ZmY1L3Jlc291cmNlZ3JvdXBzL29uZXNkazE5NDYvcHJvdmlkZXJzL01pY3Jvc29mdC5EYXRhRmFjdG9yeS9kYXRhZmFjdG9yaWVzL29uZXNkazU4NT9hcGktdmVyc2lvbj0yMDE1LTA4LTAx",
      "RequestMethod": "GET",
      "RequestBody": "",
      "RequestHeaders": {
        "x-ms-client-request-id": [
          "070636c1-3290-4ec1-8319-f0768aee388b"
        ],
        "x-ms-version": [
          "2015-08-01"
        ],
        "User-Agent": [
          "Microsoft.Azure.Management.DataFactories.DataFactoryManagementClient/2.0.0.0"
        ]
      },
      "ResponseBody": "{\r\n  \"name\": \"onesdk585\",\r\n  \"id\": \"/subscriptions/4431ebb2-5a07-4d85-85cf-7af34ae85ff5/resourcegroups/onesdk1946/providers/Microsoft.DataFactory/datafactories/onesdk585\",\r\n  \"type\": \"Microsoft.DataFactory/datafactories\",\r\n  \"location\": \"Brazil South\",\r\n  \"tags\": {},\r\n  \"properties\": {\r\n    \"dataFactoryId\": \"02f49b4b-2bc6-41b4-aefe-8198134b28bd\",\r\n    \"provisioningState\": \"Succeeded\",\r\n    \"error\": null,\r\n    \"errorMessage\": null\r\n  }\r\n}",
      "ResponseHeaders": {
        "Content-Length": [
          "441"
        ],
        "Content-Type": [
          "application/json; charset=utf-8"
        ],
        "Expires": [
          "-1"
        ],
        "Pragma": [
          "no-cache"
        ],
        "x-ms-request-id": [
          "1dcb67ea-89f2-481b-826c-583eb532fe91"
        ],
        "x-ms-ratelimit-remaining-subscription-reads": [
          "14930"
        ],
        "x-ms-correlation-request-id": [
          "aa92a127-0e49-482c-a78b-b57a2b45f50a"
        ],
        "x-ms-routing-request-id": [
          "NORTHEUROPE:20150731T041131Z:aa92a127-0e49-482c-a78b-b57a2b45f50a"
        ],
        "Strict-Transport-Security": [
          "max-age=31536000; includeSubDomains"
        ],
        "Cache-Control": [
          "no-cache"
        ],
        "Date": [
          "Fri, 31 Jul 2015 04:11:31 GMT"
        ],
        "Server": [
          "Microsoft-IIS/8.5"
        ],
        "X-Powered-By": [
          "ASP.NET"
        ]
      },
      "StatusCode": 200
    },
    {
      "RequestUri": "/subscriptions/4431ebb2-5a07-4d85-85cf-7af34ae85ff5/resourcegroups/onesdk1946/providers/Microsoft.DataFactory/datafactories/onesdk585/linkedservices/foo2?api-version=2015-08-01",
      "EncodedRequestUri": "L3N1YnNjcmlwdGlvbnMvNDQzMWViYjItNWEwNy00ZDg1LTg1Y2YtN2FmMzRhZTg1ZmY1L3Jlc291cmNlZ3JvdXBzL29uZXNkazE5NDYvcHJvdmlkZXJzL01pY3Jvc29mdC5EYXRhRmFjdG9yeS9kYXRhZmFjdG9yaWVzL29uZXNkazU4NS9saW5rZWRzZXJ2aWNlcy9mb28yP2FwaS12ZXJzaW9uPTIwMTUtMDgtMDE=",
      "RequestMethod": "PUT",
      "RequestBody": "{\r\n  \"name\": \"foo2\",\r\n  \"properties\": {\r\n    \"type\": \"AzureStorage\",\r\n    \"typeProperties\": {\r\n      \"connectionString\": \"myfakeconnectionstring\"\r\n    }\r\n  }\r\n}",
      "RequestHeaders": {
        "Content-Type": [
          "application/json"
        ],
        "Content-Length": [
          "175"
        ],
        "x-ms-client-request-id": [
          "3110f88d-00dc-4974-bce4-1a3621d447ad"
        ],
        "User-Agent": [
          "Microsoft.Azure.Management.DataFactories.DataFactoryManagementClient/2.0.0.0"
        ]
      },
      "ResponseBody": "{\r\n  \"id\": \"/subscriptions/4431ebb2-5a07-4d85-85cf-7af34ae85ff5/resourcegroups/onesdk1946/providers/Microsoft.DataFactory/datafactories/onesdk585/linkedservices/foo2\",\r\n  \"name\": \"foo2\",\r\n  \"properties\": {\r\n    \"hubName\": \"onesdk585_hub\",\r\n    \"type\": \"AzureStorage\",\r\n    \"typeProperties\": {\r\n      \"connectionString\": \"myfakeconnectionstring\"\r\n    },\r\n    \"provisioningState\": \"Succeeded\"\r\n  }\r\n}",
      "ResponseHeaders": {
        "Content-Length": [
          "334"
        ],
        "Content-Type": [
          "application/json; charset=utf-8"
        ],
        "Expires": [
          "-1"
        ],
        "Pragma": [
          "no-cache"
        ],
        "x-ms-request-id": [
          "157054ee-2333-4b80-a833-ffe9a8d3b059"
        ],
        "x-ms-ratelimit-remaining-subscription-writes": [
          "1157"
        ],
        "x-ms-correlation-request-id": [
          "242bf033-3050-49cb-9be6-eaffbb111f75"
        ],
        "x-ms-routing-request-id": [
          "NORTHEUROPE:20150731T041132Z:242bf033-3050-49cb-9be6-eaffbb111f75"
        ],
        "Strict-Transport-Security": [
          "max-age=31536000; includeSubDomains"
        ],
        "Cache-Control": [
          "no-cache"
        ],
        "Date": [
          "Fri, 31 Jul 2015 04:11:32 GMT"
        ],
        "Location": [
          "https://api-dogfood.resources.windows-int.net/subscriptions/4431ebb2-5a07-4d85-85cf-7af34ae85ff5/resourcegroups/onesdk1946/providers/Microsoft.DataFactory/datafactories/onesdk585/linkedservices/foo2?api-version=2015-08-01"
        ],
        "Server": [
          "Microsoft-IIS/8.5"
        ],
        "X-Powered-By": [
          "ASP.NET"
        ]
      },
      "StatusCode": 201
    },
    {
      "RequestUri": "/subscriptions/4431ebb2-5a07-4d85-85cf-7af34ae85ff5/resourcegroups/onesdk1946/providers/Microsoft.DataFactory/datafactories/onesdk585/linkedservices/foo2?api-version=2015-08-01",
      "EncodedRequestUri": "L3N1YnNjcmlwdGlvbnMvNDQzMWViYjItNWEwNy00ZDg1LTg1Y2YtN2FmMzRhZTg1ZmY1L3Jlc291cmNlZ3JvdXBzL29uZXNkazE5NDYvcHJvdmlkZXJzL01pY3Jvc29mdC5EYXRhRmFjdG9yeS9kYXRhZmFjdG9yaWVzL29uZXNkazU4NS9saW5rZWRzZXJ2aWNlcy9mb28yP2FwaS12ZXJzaW9uPTIwMTUtMDgtMDE=",
      "RequestMethod": "GET",
      "RequestBody": "",
      "RequestHeaders": {
        "x-ms-client-request-id": [
          "302d9427-186f-40f2-90ac-28a2f36de939"
        ],
        "x-ms-version": [
          "2015-08-01"
        ],
        "User-Agent": [
          "Microsoft.Azure.Management.DataFactories.DataFactoryManagementClient/2.0.0.0"
        ]
      },
      "ResponseBody": "{\r\n  \"id\": \"/subscriptions/4431ebb2-5a07-4d85-85cf-7af34ae85ff5/resourcegroups/onesdk1946/providers/Microsoft.DataFactory/datafactories/onesdk585/linkedservices/foo2\",\r\n  \"name\": \"foo2\",\r\n  \"properties\": {\r\n    \"hubName\": \"onesdk585_hub\",\r\n    \"type\": \"AzureStorage\",\r\n    \"typeProperties\": {\r\n      \"connectionString\": \"myfakeconnectionstring\"\r\n    },\r\n    \"provisioningState\": \"Succeeded\"\r\n  }\r\n}",
      "ResponseHeaders": {
        "Content-Length": [
          "334"
        ],
        "Content-Type": [
          "application/json; charset=utf-8"
        ],
        "Expires": [
          "-1"
        ],
        "Pragma": [
          "no-cache"
        ],
        "x-ms-request-id": [
          "374c81ad-9106-4cbb-adfc-98fdc28923cd"
        ],
        "x-ms-ratelimit-remaining-subscription-reads": [
          "14929"
        ],
        "x-ms-correlation-request-id": [
          "c9bce97b-5303-48cd-9e14-da86a8caa8d3"
        ],
        "x-ms-routing-request-id": [
          "NORTHEUROPE:20150731T041132Z:c9bce97b-5303-48cd-9e14-da86a8caa8d3"
        ],
        "Strict-Transport-Security": [
          "max-age=31536000; includeSubDomains"
        ],
        "Cache-Control": [
          "no-cache"
        ],
        "Date": [
          "Fri, 31 Jul 2015 04:11:32 GMT"
        ],
        "Server": [
          "Microsoft-IIS/8.5"
        ],
        "X-Powered-By": [
          "ASP.NET"
        ]
      },
      "StatusCode": 200
    },
    {
      "RequestUri": "/subscriptions/4431ebb2-5a07-4d85-85cf-7af34ae85ff5/resourcegroups/onesdk1946/providers/Microsoft.DataFactory/datafactories/onesdk585/tables/foo2?api-version=2015-08-01",
      "EncodedRequestUri": "L3N1YnNjcmlwdGlvbnMvNDQzMWViYjItNWEwNy00ZDg1LTg1Y2YtN2FmMzRhZTg1ZmY1L3Jlc291cmNlZ3JvdXBzL29uZXNkazE5NDYvcHJvdmlkZXJzL01pY3Jvc29mdC5EYXRhRmFjdG9yeS9kYXRhZmFjdG9yaWVzL29uZXNkazU4NS90YWJsZXMvZm9vMj9hcGktdmVyc2lvbj0yMDE1LTA4LTAx",
      "RequestMethod": "PUT",
      "RequestBody": "{\r\n  \"name\": \"foo1\",\r\n  \"properties\": {\r\n    \"type\": \"CustomDataSet\",\r\n    \"typeProperties\": {\r\n      \"tableName\": \"myTable\"\r\n    },\r\n    \"linkedServiceName\": \"foo2\",\r\n    \"availability\": {\r\n      \"frequency\": \"Hour\",\r\n      \"interval\": 1\r\n    }\r\n  }\r\n}",
      "RequestHeaders": {
        "Content-Type": [
          "application/json"
        ],
        "Content-Length": [
          "283"
        ],
        "x-ms-client-request-id": [
          "a8e9ca58-b293-474a-a9b3-ee4028f1bdec"
        ],
        "User-Agent": [
          "Microsoft.Azure.Management.DataFactories.DataFactoryManagementClient/2.0.0.0"
        ]
      },
      "ResponseBody": "{\r\n  \"name\": \"foo2\",\r\n  \"id\": \"/subscriptions/4431ebb2-5a07-4d85-85cf-7af34ae85ff5/resourcegroups/onesdk1946/providers/Microsoft.DataFactory/datafactories/onesdk585/tables/foo2\",\r\n  \"properties\": {\r\n    \"published\": false,\r\n    \"type\": \"CustomDataset\",\r\n    \"linkedServiceName\": \"foo2\",\r\n    \"typeProperties\": {\r\n      \"tableName\": \"myTable\"\r\n    },\r\n    \"availability\": {\r\n      \"frequency\": \"Hour\",\r\n      \"interval\": 1\r\n    },\r\n    \"createTime\": \"2015-07-31T04:11:32.6748863Z\",\r\n    \"provisioningState\": \"PendingCreation\"\r\n  }\r\n}",
      "ResponseHeaders": {
        "Content-Length": [
          "423"
        ],
        "Content-Type": [
          "application/json; charset=utf-8"
        ],
        "Expires": [
          "-1"
        ],
        "Pragma": [
          "no-cache"
        ],
        "x-ms-request-id": [
          "1ca1dfe1-ec8f-405c-92ac-292c554484f7"
        ],
        "x-ms-ratelimit-remaining-subscription-writes": [
          "1156"
        ],
        "x-ms-correlation-request-id": [
          "790f1d87-f7a2-45ba-a675-2bff0aa91c0a"
        ],
        "x-ms-routing-request-id": [
          "NORTHEUROPE:20150731T041133Z:790f1d87-f7a2-45ba-a675-2bff0aa91c0a"
        ],
        "Strict-Transport-Security": [
          "max-age=31536000; includeSubDomains"
        ],
        "Cache-Control": [
          "no-cache"
        ],
        "Date": [
          "Fri, 31 Jul 2015 04:11:32 GMT"
        ],
        "Location": [
          "https://api-dogfood.resources.windows-int.net/subscriptions/4431ebb2-5a07-4d85-85cf-7af34ae85ff5/resourcegroups/onesdk1946/providers/Microsoft.DataFactory/datafactories/onesdk585/tables/foo2?api-version=2015-08-01"
        ],
        "Server": [
          "Microsoft-IIS/8.5"
        ],
        "X-Powered-By": [
          "ASP.NET"
        ]
      },
      "StatusCode": 201
    },
    {
      "RequestUri": "/subscriptions/4431ebb2-5a07-4d85-85cf-7af34ae85ff5/resourcegroups/onesdk1946/providers/Microsoft.DataFactory/datafactories/onesdk585/tables/foo2?api-version=2015-08-01",
      "EncodedRequestUri": "L3N1YnNjcmlwdGlvbnMvNDQzMWViYjItNWEwNy00ZDg1LTg1Y2YtN2FmMzRhZTg1ZmY1L3Jlc291cmNlZ3JvdXBzL29uZXNkazE5NDYvcHJvdmlkZXJzL01pY3Jvc29mdC5EYXRhRmFjdG9yeS9kYXRhZmFjdG9yaWVzL29uZXNkazU4NS90YWJsZXMvZm9vMj9hcGktdmVyc2lvbj0yMDE1LTA4LTAx",
      "RequestMethod": "GET",
      "RequestBody": "",
      "RequestHeaders": {
        "x-ms-client-request-id": [
          "9ee7e953-edbe-4fcf-840c-5061589f5ce3"
        ],
        "x-ms-version": [
          "2015-08-01"
        ],
        "User-Agent": [
          "Microsoft.Azure.Management.DataFactories.DataFactoryManagementClient/2.0.0.0"
        ]
      },
      "ResponseBody": "{\r\n  \"name\": \"foo2\",\r\n  \"id\": \"/subscriptions/4431ebb2-5a07-4d85-85cf-7af34ae85ff5/resourcegroups/onesdk1946/providers/Microsoft.DataFactory/datafactories/onesdk585/tables/foo2\",\r\n  \"properties\": {\r\n    \"published\": false,\r\n    \"type\": \"CustomDataset\",\r\n    \"linkedServiceName\": \"foo2\",\r\n    \"typeProperties\": {\r\n      \"tableName\": \"myTable\"\r\n    },\r\n    \"availability\": {\r\n      \"frequency\": \"Hour\",\r\n      \"interval\": 1\r\n    },\r\n    \"createTime\": \"2015-07-31T04:11:33.0902318Z\",\r\n    \"provisioningState\": \"Succeeded\"\r\n  }\r\n}",
      "ResponseHeaders": {
        "Content-Length": [
          "417"
        ],
        "Content-Type": [
          "application/json; charset=utf-8"
        ],
        "Expires": [
          "-1"
        ],
        "Pragma": [
          "no-cache"
        ],
        "x-ms-request-id": [
          "9d99cc31-8438-4dfc-85b3-80d03b83fdab"
        ],
        "x-ms-ratelimit-remaining-subscription-reads": [
          "14928"
        ],
        "x-ms-correlation-request-id": [
          "f3af2b4d-ff2d-4074-968f-355da4527924"
        ],
        "x-ms-routing-request-id": [
          "NORTHEUROPE:20150731T041133Z:f3af2b4d-ff2d-4074-968f-355da4527924"
        ],
        "Strict-Transport-Security": [
          "max-age=31536000; includeSubDomains"
        ],
        "Cache-Control": [
          "no-cache"
        ],
        "Date": [
          "Fri, 31 Jul 2015 04:11:33 GMT"
        ],
        "Server": [
          "Microsoft-IIS/8.5"
        ],
        "X-Powered-By": [
          "ASP.NET"
        ]
      },
      "StatusCode": 200
    },
    {
      "RequestUri": "/subscriptions/4431ebb2-5a07-4d85-85cf-7af34ae85ff5/resourcegroups/onesdk1946/providers/Microsoft.DataFactory/datafactories/onesdk585/tables/foo2?api-version=2015-08-01",
      "EncodedRequestUri": "L3N1YnNjcmlwdGlvbnMvNDQzMWViYjItNWEwNy00ZDg1LTg1Y2YtN2FmMzRhZTg1ZmY1L3Jlc291cmNlZ3JvdXBzL29uZXNkazE5NDYvcHJvdmlkZXJzL01pY3Jvc29mdC5EYXRhRmFjdG9yeS9kYXRhZmFjdG9yaWVzL29uZXNkazU4NS90YWJsZXMvZm9vMj9hcGktdmVyc2lvbj0yMDE1LTA4LTAx",
      "RequestMethod": "GET",
      "RequestBody": "",
      "RequestHeaders": {
        "x-ms-client-request-id": [
          "e8a8c32c-be76-44a7-aa5c-9c00d8422902"
        ],
        "User-Agent": [
          "Microsoft.Azure.Management.DataFactories.DataFactoryManagementClient/2.0.0.0"
        ]
      },
      "ResponseBody": "{\r\n  \"name\": \"foo2\",\r\n  \"id\": \"/subscriptions/4431ebb2-5a07-4d85-85cf-7af34ae85ff5/resourcegroups/onesdk1946/providers/Microsoft.DataFactory/datafactories/onesdk585/tables/foo2\",\r\n  \"properties\": {\r\n    \"published\": false,\r\n    \"type\": \"CustomDataset\",\r\n    \"linkedServiceName\": \"foo2\",\r\n    \"typeProperties\": {\r\n      \"tableName\": \"myTable\"\r\n    },\r\n    \"availability\": {\r\n      \"frequency\": \"Hour\",\r\n      \"interval\": 1\r\n    },\r\n    \"createTime\": \"2015-07-31T04:11:33.0902318Z\",\r\n    \"provisioningState\": \"Succeeded\"\r\n  }\r\n}",
      "ResponseHeaders": {
        "Content-Length": [
          "417"
        ],
        "Content-Type": [
          "application/json; charset=utf-8"
        ],
        "Expires": [
          "-1"
        ],
        "Pragma": [
          "no-cache"
        ],
        "x-ms-request-id": [
          "57ba75ac-c6f1-431b-8b81-d4ccdf42a41d"
        ],
        "x-ms-ratelimit-remaining-subscription-reads": [
          "14927"
        ],
        "x-ms-correlation-request-id": [
          "caed4626-7144-413e-beca-22573bc8a3d3"
        ],
        "x-ms-routing-request-id": [
          "NORTHEUROPE:20150731T041133Z:caed4626-7144-413e-beca-22573bc8a3d3"
        ],
        "Strict-Transport-Security": [
          "max-age=31536000; includeSubDomains"
        ],
        "Cache-Control": [
          "no-cache"
        ],
        "Date": [
          "Fri, 31 Jul 2015 04:11:33 GMT"
        ],
        "Server": [
          "Microsoft-IIS/8.5"
        ],
        "X-Powered-By": [
          "ASP.NET"
        ]
      },
      "StatusCode": 200
    },
    {
      "RequestUri": "/subscriptions/4431ebb2-5a07-4d85-85cf-7af34ae85ff5/resourcegroups/onesdk1946/providers/Microsoft.DataFactory/datafactories/onesdk585/tables/foo2?api-version=2015-08-01",
      "EncodedRequestUri": "L3N1YnNjcmlwdGlvbnMvNDQzMWViYjItNWEwNy00ZDg1LTg1Y2YtN2FmMzRhZTg1ZmY1L3Jlc291cmNlZ3JvdXBzL29uZXNkazE5NDYvcHJvdmlkZXJzL01pY3Jvc29mdC5EYXRhRmFjdG9yeS9kYXRhZmFjdG9yaWVzL29uZXNkazU4NS90YWJsZXMvZm9vMj9hcGktdmVyc2lvbj0yMDE1LTA4LTAx",
      "RequestMethod": "DELETE",
      "RequestBody": "",
      "RequestHeaders": {
        "x-ms-client-request-id": [
          "446a1268-c312-43c0-9d9f-0bf550510880"
        ],
        "User-Agent": [
          "Microsoft.Azure.Management.DataFactories.DataFactoryManagementClient/2.0.0.0"
        ]
      },
      "ResponseBody": "",
      "ResponseHeaders": {
        "Content-Length": [
          "0"
        ],
        "Expires": [
          "-1"
        ],
        "Pragma": [
          "no-cache"
        ],
        "Retry-After": [
          "15"
        ],
        "x-ms-request-id": [
          "0dd45948-ba42-41ec-817b-22524ba6aa0d"
        ],
        "x-ms-ratelimit-remaining-subscription-writes": [
          "1155"
        ],
        "x-ms-correlation-request-id": [
          "51924067-15ad-4159-b5d1-d12ebd7b726e"
        ],
        "x-ms-routing-request-id": [
          "NORTHEUROPE:20150731T041134Z:51924067-15ad-4159-b5d1-d12ebd7b726e"
        ],
        "Strict-Transport-Security": [
          "max-age=31536000; includeSubDomains"
        ],
        "Cache-Control": [
          "no-cache"
        ],
        "Date": [
          "Fri, 31 Jul 2015 04:11:33 GMT"
        ],
        "Location": [
          "https://api-dogfood.resources.windows-int.net/subscriptions/4431ebb2-5a07-4d85-85cf-7af34ae85ff5/resourcegroups/onesdk1946/providers/Microsoft.DataFactory/datafactories/onesdk585/tables/foo2/operationresults/2b271c23b03446d395749f1e0cdce1a0?api-version=2015-08-01"
        ],
        "Server": [
          "Microsoft-IIS/8.5"
        ],
        "X-Powered-By": [
          "ASP.NET"
        ]
      },
      "StatusCode": 202
    },
    {
      "RequestUri": "/subscriptions/4431ebb2-5a07-4d85-85cf-7af34ae85ff5/resourcegroups/onesdk1946/providers/Microsoft.DataFactory/datafactories/onesdk585/tables/foo2/operationresults/2b271c23b03446d395749f1e0cdce1a0?api-version=2015-08-01",
      "EncodedRequestUri": "L3N1YnNjcmlwdGlvbnMvNDQzMWViYjItNWEwNy00ZDg1LTg1Y2YtN2FmMzRhZTg1ZmY1L3Jlc291cmNlZ3JvdXBzL29uZXNkazE5NDYvcHJvdmlkZXJzL01pY3Jvc29mdC5EYXRhRmFjdG9yeS9kYXRhZmFjdG9yaWVzL29uZXNkazU4NS90YWJsZXMvZm9vMi9vcGVyYXRpb25yZXN1bHRzLzJiMjcxYzIzYjAzNDQ2ZDM5NTc0OWYxZTBjZGNlMWEwP2FwaS12ZXJzaW9uPTIwMTUtMDgtMDE=",
      "RequestMethod": "GET",
      "RequestBody": "",
      "RequestHeaders": {
        "x-ms-version": [
          "2015-08-01"
        ],
        "User-Agent": [
          "Microsoft.Azure.Management.DataFactories.DataFactoryManagementClient/2.0.0.0"
        ]
      },
      "ResponseBody": "",
      "ResponseHeaders": {
        "Content-Length": [
          "0"
        ],
        "Expires": [
          "-1"
        ],
        "Pragma": [
          "no-cache"
        ],
        "x-ms-request-id": [
          "dc7540d9-effe-4ef5-b746-1dfc4674a7f4"
        ],
        "x-ms-ratelimit-remaining-subscription-reads": [
          "14926"
        ],
        "x-ms-correlation-request-id": [
          "7901bfa8-391b-4016-af74-f15638399e87"
        ],
        "x-ms-routing-request-id": [
          "NORTHEUROPE:20150731T041134Z:7901bfa8-391b-4016-af74-f15638399e87"
        ],
        "Strict-Transport-Security": [
          "max-age=31536000; includeSubDomains"
        ],
        "Cache-Control": [
          "no-cache"
        ],
        "Date": [
          "Fri, 31 Jul 2015 04:11:34 GMT"
        ],
        "Server": [
          "Microsoft-IIS/8.5"
        ],
        "X-Powered-By": [
          "ASP.NET"
        ]
      },
      "StatusCode": 200
    },
    {
      "RequestUri": "/subscriptions/4431ebb2-5a07-4d85-85cf-7af34ae85ff5/resourcegroups/onesdk1946/providers/Microsoft.DataFactory/datafactories/onesdk585?api-version=2015-08-01",
      "EncodedRequestUri": "L3N1YnNjcmlwdGlvbnMvNDQzMWViYjItNWEwNy00ZDg1LTg1Y2YtN2FmMzRhZTg1ZmY1L3Jlc291cmNlZ3JvdXBzL29uZXNkazE5NDYvcHJvdmlkZXJzL01pY3Jvc29mdC5EYXRhRmFjdG9yeS9kYXRhZmFjdG9yaWVzL29uZXNkazU4NT9hcGktdmVyc2lvbj0yMDE1LTA4LTAx",
      "RequestMethod": "DELETE",
      "RequestBody": "",
      "RequestHeaders": {
        "x-ms-client-request-id": [
          "dfd5bde1-2c09-4f85-a5ec-279276c9d459"
        ],
        "User-Agent": [
          "Microsoft.Azure.Management.DataFactories.DataFactoryManagementClient/2.0.0.0"
        ]
      },
      "ResponseBody": "",
      "ResponseHeaders": {
        "Content-Length": [
          "0"
        ],
        "Expires": [
          "-1"
        ],
        "Pragma": [
          "no-cache"
        ],
        "x-ms-request-id": [
          "5386c49b-9ba4-44a0-acb8-a419643a2b55"
        ],
        "x-ms-ratelimit-remaining-subscription-writes": [
          "1154"
        ],
        "x-ms-correlation-request-id": [
          "fc15389c-d2f9-4731-841e-d2836e013b97"
        ],
        "x-ms-routing-request-id": [
          "NORTHEUROPE:20150731T041135Z:fc15389c-d2f9-4731-841e-d2836e013b97"
        ],
        "Strict-Transport-Security": [
          "max-age=31536000; includeSubDomains"
        ],
        "Cache-Control": [
          "no-cache"
        ],
        "Date": [
          "Fri, 31 Jul 2015 04:11:35 GMT"
        ],
        "Server": [
          "Microsoft-IIS/8.5"
        ],
        "X-Powered-By": [
          "ASP.NET"
        ]
      },
      "StatusCode": 200
    }
  ],
  "Names": {
    "Test-Table": [
      "onesdk585",
      "onesdk1946"
    ]
  },
  "Variables": {
    "SubscriptionId": "4431ebb2-5a07-4d85-85cf-7af34ae85ff5"
  }
}