{
  "Entries": [
    {
      "RequestUri": "/subscriptions/4431ebb2-5a07-4d85-85cf-7af34ae85ff5/resourcegroups/onesdk6250?api-version=2014-04-01-preview",
      "EncodedRequestUri": "L3N1YnNjcmlwdGlvbnMvNDQzMWViYjItNWEwNy00ZDg1LTg1Y2YtN2FmMzRhZTg1ZmY1L3Jlc291cmNlZ3JvdXBzL29uZXNkazYyNTA/YXBpLXZlcnNpb249MjAxNC0wNC0wMS1wcmV2aWV3",
      "RequestMethod": "HEAD",
      "RequestBody": "",
      "RequestHeaders": {
        "User-Agent": [
          "Microsoft.Azure.Management.Resources.ResourceManagementClient/2.0.0.0"
        ]
      },
      "ResponseBody": "",
      "ResponseHeaders": {
        "Content-Length": [
          "102"
        ],
        "Content-Type": [
          "application/json; charset=utf-8"
        ],
        "Expires": [
          "-1"
        ],
        "Pragma": [
          "no-cache"
        ],
        "x-ms-failure-cause": [
          "gateway"
        ],
        "x-ms-ratelimit-remaining-subscription-reads": [
          "14994"
        ],
        "x-ms-request-id": [
          "5a8566e1-f3d7-41bd-8f56-f5861a2321e7"
        ],
        "x-ms-correlation-request-id": [
          "5a8566e1-f3d7-41bd-8f56-f5861a2321e7"
        ],
        "x-ms-routing-request-id": [
          "CENTRALUS:20150829T001139Z:5a8566e1-f3d7-41bd-8f56-f5861a2321e7"
        ],
        "Strict-Transport-Security": [
          "max-age=31536000; includeSubDomains"
        ],
        "Cache-Control": [
          "no-cache"
        ],
        "Date": [
          "Sat, 29 Aug 2015 00:11:38 GMT"
        ]
      },
      "StatusCode": 404
    },
    {
      "RequestUri": "/subscriptions/4431ebb2-5a07-4d85-85cf-7af34ae85ff5/resourcegroups/onesdk6250?api-version=2014-04-01-preview",
      "EncodedRequestUri": "L3N1YnNjcmlwdGlvbnMvNDQzMWViYjItNWEwNy00ZDg1LTg1Y2YtN2FmMzRhZTg1ZmY1L3Jlc291cmNlZ3JvdXBzL29uZXNkazYyNTA/YXBpLXZlcnNpb249MjAxNC0wNC0wMS1wcmV2aWV3",
      "RequestMethod": "PUT",
      "RequestBody": "{\r\n  \"location\": \"East US 2\"\r\n}",
      "RequestHeaders": {
        "Content-Type": [
          "application/json; charset=utf-8"
        ],
        "Content-Length": [
          "31"
        ],
        "User-Agent": [
          "Microsoft.Azure.Management.Resources.ResourceManagementClient/2.0.0.0"
        ]
      },
      "ResponseBody": "{\r\n  \"id\": \"/subscriptions/4431ebb2-5a07-4d85-85cf-7af34ae85ff5/resourceGroups/onesdk6250\",\r\n  \"name\": \"onesdk6250\",\r\n  \"location\": \"eastus2\",\r\n  \"properties\": {\r\n    \"provisioningState\": \"Succeeded\"\r\n  }\r\n}",
      "ResponseHeaders": {
        "Content-Length": [
          "174"
        ],
        "Content-Type": [
          "application/json; charset=utf-8"
        ],
        "Expires": [
          "-1"
        ],
        "Pragma": [
          "no-cache"
        ],
        "x-ms-ratelimit-remaining-subscription-writes": [
          "1196"
        ],
        "x-ms-request-id": [
          "a0f620ba-e3aa-42dc-bc03-85a91e9d1f38"
        ],
        "x-ms-correlation-request-id": [
          "a0f620ba-e3aa-42dc-bc03-85a91e9d1f38"
        ],
        "x-ms-routing-request-id": [
          "CENTRALUS:20150829T001139Z:a0f620ba-e3aa-42dc-bc03-85a91e9d1f38"
        ],
        "Strict-Transport-Security": [
          "max-age=31536000; includeSubDomains"
        ],
        "Cache-Control": [
          "no-cache"
        ],
        "Date": [
          "Sat, 29 Aug 2015 00:11:38 GMT"
        ]
      },
      "StatusCode": 201
    },
    {
      "RequestUri": "/subscriptions/4431ebb2-5a07-4d85-85cf-7af34ae85ff5/resourceGroups/onesdk6250/resources?api-version=2014-04-01-preview",
      "EncodedRequestUri": "L3N1YnNjcmlwdGlvbnMvNDQzMWViYjItNWEwNy00ZDg1LTg1Y2YtN2FmMzRhZTg1ZmY1L3Jlc291cmNlR3JvdXBzL29uZXNkazYyNTAvcmVzb3VyY2VzP2FwaS12ZXJzaW9uPTIwMTQtMDQtMDEtcHJldmlldw==",
      "RequestMethod": "GET",
      "RequestBody": "",
      "RequestHeaders": {
        "User-Agent": [
          "Microsoft.Azure.Management.Resources.ResourceManagementClient/2.0.0.0"
        ]
      },
      "ResponseBody": "{\r\n  \"value\": []\r\n}",
      "ResponseHeaders": {
        "Content-Length": [
          "12"
        ],
        "Content-Type": [
          "application/json; charset=utf-8"
        ],
        "Expires": [
          "-1"
        ],
        "Pragma": [
          "no-cache"
        ],
        "x-ms-ratelimit-remaining-subscription-reads": [
          "14993"
        ],
        "x-ms-request-id": [
          "5f9d1edd-ac11-4e80-b85e-4fe6f4b756dc"
        ],
        "x-ms-correlation-request-id": [
          "5f9d1edd-ac11-4e80-b85e-4fe6f4b756dc"
        ],
        "x-ms-routing-request-id": [
          "CENTRALUS:20150829T001139Z:5f9d1edd-ac11-4e80-b85e-4fe6f4b756dc"
        ],
        "Strict-Transport-Security": [
          "max-age=31536000; includeSubDomains"
        ],
        "Cache-Control": [
          "no-cache"
        ],
        "Date": [
          "Sat, 29 Aug 2015 00:11:38 GMT"
        ]
      },
      "StatusCode": 200
    },
    {
      "RequestUri": "/subscriptions/4431ebb2-5a07-4d85-85cf-7af34ae85ff5/resourcegroups/onesdk6250/providers/Microsoft.Authorization/permissions?api-version=2014-07-01-preview",
      "EncodedRequestUri": "L3N1YnNjcmlwdGlvbnMvNDQzMWViYjItNWEwNy00ZDg1LTg1Y2YtN2FmMzRhZTg1ZmY1L3Jlc291cmNlZ3JvdXBzL29uZXNkazYyNTAvcHJvdmlkZXJzL01pY3Jvc29mdC5BdXRob3JpemF0aW9uL3Blcm1pc3Npb25zP2FwaS12ZXJzaW9uPTIwMTQtMDctMDEtcHJldmlldw==",
      "RequestMethod": "GET",
      "RequestBody": "",
      "RequestHeaders": {
        "User-Agent": [
          "Microsoft.Azure.Management.Authorization.AuthorizationManagementClient/0.9.0.0"
        ]
      },
      "ResponseBody": "{\r\n  \"value\": [\r\n    {\r\n      \"actions\": [\r\n        \"*\"\r\n      ],\r\n      \"notActions\": []\r\n    }\r\n  ]\r\n}",
      "ResponseHeaders": {
        "Content-Length": [
          "45"
        ],
        "Content-Type": [
          "application/json; charset=utf-8"
        ],
        "Expires": [
          "-1"
        ],
        "Pragma": [
          "no-cache"
        ],
        "Vary": [
          "Accept-Encoding"
        ],
        "x-ms-request-id": [
          "centralus:f7441218-65b7-46c1-a015-667f46637115"
        ],
        "x-ms-ratelimit-remaining-subscription-reads": [
          "14985"
        ],
        "x-ms-correlation-request-id": [
          "f199b30b-94e0-4499-ad52-222f4b75ccbd"
        ],
        "x-ms-routing-request-id": [
          "CENTRALUS:20150829T001139Z:f199b30b-94e0-4499-ad52-222f4b75ccbd"
        ],
        "Strict-Transport-Security": [
          "max-age=31536000; includeSubDomains"
        ],
        "Cache-Control": [
          "no-cache"
        ],
        "Date": [
          "Sat, 29 Aug 2015 00:11:39 GMT"
        ]
      },
      "StatusCode": 200
    },
    {
      "RequestUri": "/subscriptions/4431ebb2-5a07-4d85-85cf-7af34ae85ff5/resourcegroups/onesdk6250/providers/Microsoft.DataFactory/datafactories/onesdk8463?api-version=2015-09-01",
      "EncodedRequestUri": "L3N1YnNjcmlwdGlvbnMvNDQzMWViYjItNWEwNy00ZDg1LTg1Y2YtN2FmMzRhZTg1ZmY1L3Jlc291cmNlZ3JvdXBzL29uZXNkazYyNTAvcHJvdmlkZXJzL01pY3Jvc29mdC5EYXRhRmFjdG9yeS9kYXRhZmFjdG9yaWVzL29uZXNkazg0NjM/YXBpLXZlcnNpb249MjAxNS0wOS0wMQ==",
      "RequestMethod": "PUT",
      "RequestBody": "{\r\n  \"name\": \"onesdk8463\",\r\n  \"location\": \"East US 2\",\r\n  \"tags\": {}\r\n}",
      "RequestHeaders": {
        "Content-Type": [
          "application/json"
        ],
        "Content-Length": [
          "71"
        ],
        "x-ms-client-request-id": [
          "47159ecf-282c-4f87-ad72-550a2861f309"
        ],
        "User-Agent": [
          "Microsoft.Azure.Management.DataFactories.DataFactoryManagementClient/3.0.0.0"
        ]
      },
      "ResponseBody": "{\r\n  \"name\": \"onesdk8463\",\r\n  \"id\": \"/subscriptions/4431ebb2-5a07-4d85-85cf-7af34ae85ff5/resourcegroups/onesdk6250/providers/Microsoft.DataFactory/datafactories/onesdk8463\",\r\n  \"type\": \"Microsoft.DataFactory/datafactories\",\r\n  \"location\": \"East US 2\",\r\n  \"tags\": {},\r\n  \"properties\": {\r\n    \"dataFactoryId\": \"5aa9c4e9-cac2-4534-95ec-2a0190143a52\",\r\n    \"provisioningState\": \"PendingCreation\",\r\n    \"error\": null,\r\n    \"errorMessage\": null\r\n  }\r\n}",
      "ResponseHeaders": {
        "Content-Length": [
          "446"
        ],
        "Content-Type": [
          "application/json; charset=utf-8"
        ],
        "Expires": [
          "-1"
        ],
        "Pragma": [
          "no-cache"
        ],
        "x-ms-request-id": [
          "0d0ab59e-6a63-4c1a-8f79-860f52487248"
        ],
        "x-ms-ratelimit-remaining-subscription-writes": [
          "1191"
        ],
        "x-ms-correlation-request-id": [
          "0e75e392-f417-4a7f-b873-3b88ba66f3b9"
        ],
        "x-ms-routing-request-id": [
          "CENTRALUS:20150829T001140Z:0e75e392-f417-4a7f-b873-3b88ba66f3b9"
        ],
        "Strict-Transport-Security": [
          "max-age=31536000; includeSubDomains"
        ],
        "Cache-Control": [
          "no-cache"
        ],
        "Date": [
          "Sat, 29 Aug 2015 00:11:40 GMT"
        ],
        "Location": [
          "https://api-dogfood.resources.windows-int.net/subscriptions/4431ebb2-5a07-4d85-85cf-7af34ae85ff5/resourcegroups/onesdk6250/providers/Microsoft.DataFactory/datafactories/onesdk8463?api-version=2015-09-01"
        ],
        "Server": [
          "Microsoft-IIS/8.5"
        ],
        "X-Powered-By": [
          "ASP.NET"
        ]
      },
      "StatusCode": 201
    },
    {
      "RequestUri": "/subscriptions/4431ebb2-5a07-4d85-85cf-7af34ae85ff5/resourcegroups/onesdk6250/providers/Microsoft.DataFactory/datafactories/onesdk8463?api-version=2015-09-01",
      "EncodedRequestUri": "L3N1YnNjcmlwdGlvbnMvNDQzMWViYjItNWEwNy00ZDg1LTg1Y2YtN2FmMzRhZTg1ZmY1L3Jlc291cmNlZ3JvdXBzL29uZXNkazYyNTAvcHJvdmlkZXJzL01pY3Jvc29mdC5EYXRhRmFjdG9yeS9kYXRhZmFjdG9yaWVzL29uZXNkazg0NjM/YXBpLXZlcnNpb249MjAxNS0wOS0wMQ==",
      "RequestMethod": "GET",
      "RequestBody": "",
      "RequestHeaders": {
        "x-ms-client-request-id": [
          "8dc9560d-78c6-4572-9135-5833b8d15767"
        ],
        "x-ms-version": [
          "2015-09-01"
        ],
        "User-Agent": [
          "Microsoft.Azure.Management.DataFactories.DataFactoryManagementClient/3.0.0.0"
        ]
      },
      "ResponseBody": "{\r\n  \"name\": \"onesdk8463\",\r\n  \"id\": \"/subscriptions/4431ebb2-5a07-4d85-85cf-7af34ae85ff5/resourcegroups/onesdk6250/providers/Microsoft.DataFactory/datafactories/onesdk8463\",\r\n  \"type\": \"Microsoft.DataFactory/datafactories\",\r\n  \"location\": \"East US 2\",\r\n  \"tags\": {},\r\n  \"properties\": {\r\n    \"dataFactoryId\": \"5aa9c4e9-cac2-4534-95ec-2a0190143a52\",\r\n    \"provisioningState\": \"PendingCreation\",\r\n    \"error\": null,\r\n    \"errorMessage\": null\r\n  }\r\n}",
      "ResponseHeaders": {
        "Content-Length": [
          "446"
        ],
        "Content-Type": [
          "application/json; charset=utf-8"
        ],
        "Expires": [
          "-1"
        ],
        "Pragma": [
          "no-cache"
        ],
        "x-ms-request-id": [
          "2692da2a-61ad-4784-9209-e1018b43ff85"
        ],
        "x-ms-ratelimit-remaining-subscription-reads": [
          "14983"
        ],
        "x-ms-correlation-request-id": [
          "060b3175-9e7d-491c-bf62-e9a448bf5ddd"
        ],
        "x-ms-routing-request-id": [
          "CENTRALUS:20150829T001140Z:060b3175-9e7d-491c-bf62-e9a448bf5ddd"
        ],
        "Strict-Transport-Security": [
          "max-age=31536000; includeSubDomains"
        ],
        "Cache-Control": [
          "no-cache"
        ],
        "Date": [
          "Sat, 29 Aug 2015 00:11:40 GMT"
        ],
        "Server": [
          "Microsoft-IIS/8.5"
        ],
        "X-Powered-By": [
          "ASP.NET"
        ]
      },
      "StatusCode": 200
    },
    {
      "RequestUri": "/subscriptions/4431ebb2-5a07-4d85-85cf-7af34ae85ff5/resourcegroups/onesdk6250/providers/Microsoft.DataFactory/datafactories/onesdk8463?api-version=2015-09-01",
      "EncodedRequestUri": "L3N1YnNjcmlwdGlvbnMvNDQzMWViYjItNWEwNy00ZDg1LTg1Y2YtN2FmMzRhZTg1ZmY1L3Jlc291cmNlZ3JvdXBzL29uZXNkazYyNTAvcHJvdmlkZXJzL01pY3Jvc29mdC5EYXRhRmFjdG9yeS9kYXRhZmFjdG9yaWVzL29uZXNkazg0NjM/YXBpLXZlcnNpb249MjAxNS0wOS0wMQ==",
      "RequestMethod": "GET",
      "RequestBody": "",
      "RequestHeaders": {
        "x-ms-client-request-id": [
          "9fb40985-ee8c-4db1-a35a-fb61e7848fa6"
        ],
        "x-ms-version": [
          "2015-09-01"
        ],
        "User-Agent": [
          "Microsoft.Azure.Management.DataFactories.DataFactoryManagementClient/3.0.0.0"
        ]
      },
      "ResponseBody": "{\r\n  \"name\": \"onesdk8463\",\r\n  \"id\": \"/subscriptions/4431ebb2-5a07-4d85-85cf-7af34ae85ff5/resourcegroups/onesdk6250/providers/Microsoft.DataFactory/datafactories/onesdk8463\",\r\n  \"type\": \"Microsoft.DataFactory/datafactories\",\r\n  \"location\": \"East US 2\",\r\n  \"tags\": {},\r\n  \"properties\": {\r\n    \"dataFactoryId\": \"5aa9c4e9-cac2-4534-95ec-2a0190143a52\",\r\n    \"provisioningState\": \"PendingCreation\",\r\n    \"error\": null,\r\n    \"errorMessage\": null\r\n  }\r\n}",
      "ResponseHeaders": {
        "Content-Length": [
          "446"
        ],
        "Content-Type": [
          "application/json; charset=utf-8"
        ],
        "Expires": [
          "-1"
        ],
        "Pragma": [
          "no-cache"
        ],
        "x-ms-request-id": [
          "ff89a60f-f3e6-4302-b3ca-f41ec6f8b22a"
        ],
        "x-ms-ratelimit-remaining-subscription-reads": [
          "14982"
        ],
        "x-ms-correlation-request-id": [
          "60bddd71-0ce6-4bb2-bb65-69d23b4ca3c1"
        ],
        "x-ms-routing-request-id": [
          "CENTRALUS:20150829T001146Z:60bddd71-0ce6-4bb2-bb65-69d23b4ca3c1"
        ],
        "Strict-Transport-Security": [
          "max-age=31536000; includeSubDomains"
        ],
        "Cache-Control": [
          "no-cache"
        ],
        "Date": [
          "Sat, 29 Aug 2015 00:11:45 GMT"
        ],
        "Server": [
          "Microsoft-IIS/8.5"
        ],
        "X-Powered-By": [
          "ASP.NET"
        ]
      },
      "StatusCode": 200
    },
    {
      "RequestUri": "/subscriptions/4431ebb2-5a07-4d85-85cf-7af34ae85ff5/resourcegroups/onesdk6250/providers/Microsoft.DataFactory/datafactories/onesdk8463?api-version=2015-09-01",
      "EncodedRequestUri": "L3N1YnNjcmlwdGlvbnMvNDQzMWViYjItNWEwNy00ZDg1LTg1Y2YtN2FmMzRhZTg1ZmY1L3Jlc291cmNlZ3JvdXBzL29uZXNkazYyNTAvcHJvdmlkZXJzL01pY3Jvc29mdC5EYXRhRmFjdG9yeS9kYXRhZmFjdG9yaWVzL29uZXNkazg0NjM/YXBpLXZlcnNpb249MjAxNS0wOS0wMQ==",
      "RequestMethod": "GET",
      "RequestBody": "",
      "RequestHeaders": {
        "x-ms-client-request-id": [
          "add9a04c-8f5e-4b97-90a6-003771c402af"
        ],
        "x-ms-version": [
          "2015-09-01"
        ],
        "User-Agent": [
          "Microsoft.Azure.Management.DataFactories.DataFactoryManagementClient/3.0.0.0"
        ]
      },
      "ResponseBody": "{\r\n  \"name\": \"onesdk8463\",\r\n  \"id\": \"/subscriptions/4431ebb2-5a07-4d85-85cf-7af34ae85ff5/resourcegroups/onesdk6250/providers/Microsoft.DataFactory/datafactories/onesdk8463\",\r\n  \"type\": \"Microsoft.DataFactory/datafactories\",\r\n  \"location\": \"East US 2\",\r\n  \"tags\": {},\r\n  \"properties\": {\r\n    \"dataFactoryId\": \"5aa9c4e9-cac2-4534-95ec-2a0190143a52\",\r\n    \"provisioningState\": \"PendingCreation\",\r\n    \"error\": null,\r\n    \"errorMessage\": null\r\n  }\r\n}",
      "ResponseHeaders": {
        "Content-Length": [
          "446"
        ],
        "Content-Type": [
          "application/json; charset=utf-8"
        ],
        "Expires": [
          "-1"
        ],
        "Pragma": [
          "no-cache"
        ],
        "x-ms-request-id": [
          "6fc02b9f-a0c2-450e-9511-ef54006989e5"
        ],
        "x-ms-ratelimit-remaining-subscription-reads": [
          "14981"
        ],
        "x-ms-correlation-request-id": [
          "ebcaca26-1895-42fb-b3b6-d369e14e55f4"
        ],
        "x-ms-routing-request-id": [
          "CENTRALUS:20150829T001151Z:ebcaca26-1895-42fb-b3b6-d369e14e55f4"
        ],
        "Strict-Transport-Security": [
          "max-age=31536000; includeSubDomains"
        ],
        "Cache-Control": [
          "no-cache"
        ],
        "Date": [
          "Sat, 29 Aug 2015 00:11:50 GMT"
        ],
        "Server": [
          "Microsoft-IIS/8.5"
        ],
        "X-Powered-By": [
          "ASP.NET"
        ]
      },
      "StatusCode": 200
    },
    {
      "RequestUri": "/subscriptions/4431ebb2-5a07-4d85-85cf-7af34ae85ff5/resourcegroups/onesdk6250/providers/Microsoft.DataFactory/datafactories/onesdk8463?api-version=2015-09-01",
      "EncodedRequestUri": "L3N1YnNjcmlwdGlvbnMvNDQzMWViYjItNWEwNy00ZDg1LTg1Y2YtN2FmMzRhZTg1ZmY1L3Jlc291cmNlZ3JvdXBzL29uZXNkazYyNTAvcHJvdmlkZXJzL01pY3Jvc29mdC5EYXRhRmFjdG9yeS9kYXRhZmFjdG9yaWVzL29uZXNkazg0NjM/YXBpLXZlcnNpb249MjAxNS0wOS0wMQ==",
      "RequestMethod": "GET",
      "RequestBody": "",
      "RequestHeaders": {
        "x-ms-client-request-id": [
          "38196ee4-cc46-4f2e-9372-5fe6cee021e1"
        ],
        "x-ms-version": [
          "2015-09-01"
        ],
        "User-Agent": [
          "Microsoft.Azure.Management.DataFactories.DataFactoryManagementClient/3.0.0.0"
        ]
      },
      "ResponseBody": "{\r\n  \"name\": \"onesdk8463\",\r\n  \"id\": \"/subscriptions/4431ebb2-5a07-4d85-85cf-7af34ae85ff5/resourcegroups/onesdk6250/providers/Microsoft.DataFactory/datafactories/onesdk8463\",\r\n  \"type\": \"Microsoft.DataFactory/datafactories\",\r\n  \"location\": \"East US 2\",\r\n  \"tags\": {},\r\n  \"properties\": {\r\n    \"dataFactoryId\": \"5aa9c4e9-cac2-4534-95ec-2a0190143a52\",\r\n    \"provisioningState\": \"PendingCreation\",\r\n    \"error\": null,\r\n    \"errorMessage\": null\r\n  }\r\n}",
      "ResponseHeaders": {
        "Content-Length": [
          "446"
        ],
        "Content-Type": [
          "application/json; charset=utf-8"
        ],
        "Expires": [
          "-1"
        ],
        "Pragma": [
          "no-cache"
        ],
        "x-ms-request-id": [
          "259ca94b-becb-4ed6-98d4-a4b9b417b895"
        ],
        "x-ms-ratelimit-remaining-subscription-reads": [
          "14980"
        ],
        "x-ms-correlation-request-id": [
          "790e6a43-72cc-4304-b87a-06d85fa16443"
        ],
        "x-ms-routing-request-id": [
          "CENTRALUS:20150829T001156Z:790e6a43-72cc-4304-b87a-06d85fa16443"
        ],
        "Strict-Transport-Security": [
          "max-age=31536000; includeSubDomains"
        ],
        "Cache-Control": [
          "no-cache"
        ],
        "Date": [
          "Sat, 29 Aug 2015 00:11:55 GMT"
        ],
        "Server": [
          "Microsoft-IIS/8.5"
        ],
        "X-Powered-By": [
          "ASP.NET"
        ]
      },
      "StatusCode": 200
    },
    {
      "RequestUri": "/subscriptions/4431ebb2-5a07-4d85-85cf-7af34ae85ff5/resourcegroups/onesdk6250/providers/Microsoft.DataFactory/datafactories/onesdk8463?api-version=2015-09-01",
      "EncodedRequestUri": "L3N1YnNjcmlwdGlvbnMvNDQzMWViYjItNWEwNy00ZDg1LTg1Y2YtN2FmMzRhZTg1ZmY1L3Jlc291cmNlZ3JvdXBzL29uZXNkazYyNTAvcHJvdmlkZXJzL01pY3Jvc29mdC5EYXRhRmFjdG9yeS9kYXRhZmFjdG9yaWVzL29uZXNkazg0NjM/YXBpLXZlcnNpb249MjAxNS0wOS0wMQ==",
      "RequestMethod": "GET",
      "RequestBody": "",
      "RequestHeaders": {
        "x-ms-client-request-id": [
          "c1d6342b-7bf9-4d8b-90ff-1cd3a3bb69e8"
        ],
        "x-ms-version": [
          "2015-09-01"
        ],
        "User-Agent": [
          "Microsoft.Azure.Management.DataFactories.DataFactoryManagementClient/3.0.0.0"
        ]
      },
      "ResponseBody": "{\r\n  \"name\": \"onesdk8463\",\r\n  \"id\": \"/subscriptions/4431ebb2-5a07-4d85-85cf-7af34ae85ff5/resourcegroups/onesdk6250/providers/Microsoft.DataFactory/datafactories/onesdk8463\",\r\n  \"type\": \"Microsoft.DataFactory/datafactories\",\r\n  \"location\": \"East US 2\",\r\n  \"tags\": {},\r\n  \"properties\": {\r\n    \"dataFactoryId\": \"5aa9c4e9-cac2-4534-95ec-2a0190143a52\",\r\n    \"provisioningState\": \"PendingCreation\",\r\n    \"error\": null,\r\n    \"errorMessage\": null\r\n  }\r\n}",
      "ResponseHeaders": {
        "Content-Length": [
          "446"
        ],
        "Content-Type": [
          "application/json; charset=utf-8"
        ],
        "Expires": [
          "-1"
        ],
        "Pragma": [
          "no-cache"
        ],
        "x-ms-request-id": [
          "8f27a4fe-3ec9-4152-b7a7-c7a17a893787"
        ],
        "x-ms-ratelimit-remaining-subscription-reads": [
          "14979"
        ],
        "x-ms-correlation-request-id": [
          "f8d04293-6ee8-43bf-9de8-36e639846b78"
        ],
        "x-ms-routing-request-id": [
          "CENTRALUS:20150829T001201Z:f8d04293-6ee8-43bf-9de8-36e639846b78"
        ],
        "Strict-Transport-Security": [
          "max-age=31536000; includeSubDomains"
        ],
        "Cache-Control": [
          "no-cache"
        ],
        "Date": [
          "Sat, 29 Aug 2015 00:12:00 GMT"
        ],
        "Server": [
          "Microsoft-IIS/8.5"
        ],
        "X-Powered-By": [
          "ASP.NET"
        ]
      },
      "StatusCode": 200
    },
    {
      "RequestUri": "/subscriptions/4431ebb2-5a07-4d85-85cf-7af34ae85ff5/resourcegroups/onesdk6250/providers/Microsoft.DataFactory/datafactories/onesdk8463?api-version=2015-09-01",
      "EncodedRequestUri": "L3N1YnNjcmlwdGlvbnMvNDQzMWViYjItNWEwNy00ZDg1LTg1Y2YtN2FmMzRhZTg1ZmY1L3Jlc291cmNlZ3JvdXBzL29uZXNkazYyNTAvcHJvdmlkZXJzL01pY3Jvc29mdC5EYXRhRmFjdG9yeS9kYXRhZmFjdG9yaWVzL29uZXNkazg0NjM/YXBpLXZlcnNpb249MjAxNS0wOS0wMQ==",
      "RequestMethod": "GET",
      "RequestBody": "",
      "RequestHeaders": {
        "x-ms-client-request-id": [
          "e457095c-9830-416b-abd8-e1ebf4712128"
        ],
        "x-ms-version": [
          "2015-09-01"
        ],
        "User-Agent": [
          "Microsoft.Azure.Management.DataFactories.DataFactoryManagementClient/3.0.0.0"
        ]
      },
      "ResponseBody": "{\r\n  \"name\": \"onesdk8463\",\r\n  \"id\": \"/subscriptions/4431ebb2-5a07-4d85-85cf-7af34ae85ff5/resourcegroups/onesdk6250/providers/Microsoft.DataFactory/datafactories/onesdk8463\",\r\n  \"type\": \"Microsoft.DataFactory/datafactories\",\r\n  \"location\": \"East US 2\",\r\n  \"tags\": {},\r\n  \"properties\": {\r\n    \"dataFactoryId\": \"5aa9c4e9-cac2-4534-95ec-2a0190143a52\",\r\n    \"provisioningState\": \"PendingCreation\",\r\n    \"error\": null,\r\n    \"errorMessage\": null\r\n  }\r\n}",
      "ResponseHeaders": {
        "Content-Length": [
          "446"
        ],
        "Content-Type": [
          "application/json; charset=utf-8"
        ],
        "Expires": [
          "-1"
        ],
        "Pragma": [
          "no-cache"
        ],
        "x-ms-request-id": [
          "e06d63dd-120b-4810-85b8-62002eded1d5"
        ],
        "x-ms-ratelimit-remaining-subscription-reads": [
          "14978"
        ],
        "x-ms-correlation-request-id": [
          "cdf248ab-b090-48e3-a1a7-77d630116879"
        ],
        "x-ms-routing-request-id": [
          "CENTRALUS:20150829T001206Z:cdf248ab-b090-48e3-a1a7-77d630116879"
        ],
        "Strict-Transport-Security": [
          "max-age=31536000; includeSubDomains"
        ],
        "Cache-Control": [
          "no-cache"
        ],
        "Date": [
          "Sat, 29 Aug 2015 00:12:05 GMT"
        ],
        "Server": [
          "Microsoft-IIS/8.5"
        ],
        "X-Powered-By": [
          "ASP.NET"
        ]
      },
      "StatusCode": 200
    },
    {
      "RequestUri": "/subscriptions/4431ebb2-5a07-4d85-85cf-7af34ae85ff5/resourcegroups/onesdk6250/providers/Microsoft.DataFactory/datafactories/onesdk8463?api-version=2015-09-01",
      "EncodedRequestUri": "L3N1YnNjcmlwdGlvbnMvNDQzMWViYjItNWEwNy00ZDg1LTg1Y2YtN2FmMzRhZTg1ZmY1L3Jlc291cmNlZ3JvdXBzL29uZXNkazYyNTAvcHJvdmlkZXJzL01pY3Jvc29mdC5EYXRhRmFjdG9yeS9kYXRhZmFjdG9yaWVzL29uZXNkazg0NjM/YXBpLXZlcnNpb249MjAxNS0wOS0wMQ==",
      "RequestMethod": "GET",
      "RequestBody": "",
      "RequestHeaders": {
        "x-ms-client-request-id": [
          "43b9b0b2-d9bd-4f40-b8f4-040687180f4e"
        ],
        "x-ms-version": [
          "2015-09-01"
        ],
        "User-Agent": [
          "Microsoft.Azure.Management.DataFactories.DataFactoryManagementClient/3.0.0.0"
        ]
      },
      "ResponseBody": "{\r\n  \"name\": \"onesdk8463\",\r\n  \"id\": \"/subscriptions/4431ebb2-5a07-4d85-85cf-7af34ae85ff5/resourcegroups/onesdk6250/providers/Microsoft.DataFactory/datafactories/onesdk8463\",\r\n  \"type\": \"Microsoft.DataFactory/datafactories\",\r\n  \"location\": \"East US 2\",\r\n  \"tags\": {},\r\n  \"properties\": {\r\n    \"dataFactoryId\": \"5aa9c4e9-cac2-4534-95ec-2a0190143a52\",\r\n    \"provisioningState\": \"PendingCreation\",\r\n    \"error\": null,\r\n    \"errorMessage\": null\r\n  }\r\n}",
      "ResponseHeaders": {
        "Content-Length": [
          "446"
        ],
        "Content-Type": [
          "application/json; charset=utf-8"
        ],
        "Expires": [
          "-1"
        ],
        "Pragma": [
          "no-cache"
        ],
        "x-ms-request-id": [
          "8e7f15eb-78e1-42bd-ac5e-9cfe1f7ed5db"
        ],
        "x-ms-ratelimit-remaining-subscription-reads": [
          "14977"
        ],
        "x-ms-correlation-request-id": [
          "e92dcb95-2352-4514-a181-98c642a159e4"
        ],
        "x-ms-routing-request-id": [
          "CENTRALUS:20150829T001211Z:e92dcb95-2352-4514-a181-98c642a159e4"
        ],
        "Strict-Transport-Security": [
          "max-age=31536000; includeSubDomains"
        ],
        "Cache-Control": [
          "no-cache"
        ],
        "Date": [
          "Sat, 29 Aug 2015 00:12:11 GMT"
        ],
        "Server": [
          "Microsoft-IIS/8.5"
        ],
        "X-Powered-By": [
          "ASP.NET"
        ]
      },
      "StatusCode": 200
    },
    {
      "RequestUri": "/subscriptions/4431ebb2-5a07-4d85-85cf-7af34ae85ff5/resourcegroups/onesdk6250/providers/Microsoft.DataFactory/datafactories/onesdk8463?api-version=2015-09-01",
      "EncodedRequestUri": "L3N1YnNjcmlwdGlvbnMvNDQzMWViYjItNWEwNy00ZDg1LTg1Y2YtN2FmMzRhZTg1ZmY1L3Jlc291cmNlZ3JvdXBzL29uZXNkazYyNTAvcHJvdmlkZXJzL01pY3Jvc29mdC5EYXRhRmFjdG9yeS9kYXRhZmFjdG9yaWVzL29uZXNkazg0NjM/YXBpLXZlcnNpb249MjAxNS0wOS0wMQ==",
      "RequestMethod": "GET",
      "RequestBody": "",
      "RequestHeaders": {
        "x-ms-client-request-id": [
          "f60436af-d98e-4fbe-99e0-e9d653ecf7d6"
        ],
        "x-ms-version": [
          "2015-09-01"
        ],
        "User-Agent": [
          "Microsoft.Azure.Management.DataFactories.DataFactoryManagementClient/3.0.0.0"
        ]
      },
      "ResponseBody": "{\r\n  \"name\": \"onesdk8463\",\r\n  \"id\": \"/subscriptions/4431ebb2-5a07-4d85-85cf-7af34ae85ff5/resourcegroups/onesdk6250/providers/Microsoft.DataFactory/datafactories/onesdk8463\",\r\n  \"type\": \"Microsoft.DataFactory/datafactories\",\r\n  \"location\": \"East US 2\",\r\n  \"tags\": {},\r\n  \"properties\": {\r\n    \"dataFactoryId\": \"5aa9c4e9-cac2-4534-95ec-2a0190143a52\",\r\n    \"provisioningState\": \"PendingCreation\",\r\n    \"error\": null,\r\n    \"errorMessage\": null\r\n  }\r\n}",
      "ResponseHeaders": {
        "Content-Length": [
          "446"
        ],
        "Content-Type": [
          "application/json; charset=utf-8"
        ],
        "Expires": [
          "-1"
        ],
        "Pragma": [
          "no-cache"
        ],
        "x-ms-request-id": [
          "0353a80b-3c5f-4e69-af0b-413d5da7c68e"
        ],
        "x-ms-ratelimit-remaining-subscription-reads": [
          "14976"
        ],
        "x-ms-correlation-request-id": [
          "c4e7f121-d74a-44c7-a447-44c0a65188e1"
        ],
        "x-ms-routing-request-id": [
          "CENTRALUS:20150829T001216Z:c4e7f121-d74a-44c7-a447-44c0a65188e1"
        ],
        "Strict-Transport-Security": [
          "max-age=31536000; includeSubDomains"
        ],
        "Cache-Control": [
          "no-cache"
        ],
        "Date": [
          "Sat, 29 Aug 2015 00:12:16 GMT"
        ],
        "Server": [
          "Microsoft-IIS/8.5"
        ],
        "X-Powered-By": [
          "ASP.NET"
        ]
      },
      "StatusCode": 200
    },
    {
      "RequestUri": "/subscriptions/4431ebb2-5a07-4d85-85cf-7af34ae85ff5/resourcegroups/onesdk6250/providers/Microsoft.DataFactory/datafactories/onesdk8463?api-version=2015-09-01",
      "EncodedRequestUri": "L3N1YnNjcmlwdGlvbnMvNDQzMWViYjItNWEwNy00ZDg1LTg1Y2YtN2FmMzRhZTg1ZmY1L3Jlc291cmNlZ3JvdXBzL29uZXNkazYyNTAvcHJvdmlkZXJzL01pY3Jvc29mdC5EYXRhRmFjdG9yeS9kYXRhZmFjdG9yaWVzL29uZXNkazg0NjM/YXBpLXZlcnNpb249MjAxNS0wOS0wMQ==",
      "RequestMethod": "GET",
      "RequestBody": "",
      "RequestHeaders": {
        "x-ms-client-request-id": [
          "211a5043-986f-4398-8d4c-a5d6dbb2c0e6"
        ],
        "x-ms-version": [
          "2015-09-01"
        ],
        "User-Agent": [
          "Microsoft.Azure.Management.DataFactories.DataFactoryManagementClient/3.0.0.0"
        ]
      },
      "ResponseBody": "{\r\n  \"name\": \"onesdk8463\",\r\n  \"id\": \"/subscriptions/4431ebb2-5a07-4d85-85cf-7af34ae85ff5/resourcegroups/onesdk6250/providers/Microsoft.DataFactory/datafactories/onesdk8463\",\r\n  \"type\": \"Microsoft.DataFactory/datafactories\",\r\n  \"location\": \"East US 2\",\r\n  \"tags\": {},\r\n  \"properties\": {\r\n    \"dataFactoryId\": \"5aa9c4e9-cac2-4534-95ec-2a0190143a52\",\r\n    \"provisioningState\": \"PendingCreation\",\r\n    \"error\": null,\r\n    \"errorMessage\": null\r\n  }\r\n}",
      "ResponseHeaders": {
        "Content-Length": [
          "446"
        ],
        "Content-Type": [
          "application/json; charset=utf-8"
        ],
        "Expires": [
          "-1"
        ],
        "Pragma": [
          "no-cache"
        ],
        "x-ms-request-id": [
          "a302f910-73cb-42f6-b59a-ba9179ef5e05"
        ],
        "x-ms-ratelimit-remaining-subscription-reads": [
          "14975"
        ],
        "x-ms-correlation-request-id": [
          "1ac20a35-e8d5-4617-a9cc-0c71bff19196"
        ],
        "x-ms-routing-request-id": [
          "CENTRALUS:20150829T001222Z:1ac20a35-e8d5-4617-a9cc-0c71bff19196"
        ],
        "Strict-Transport-Security": [
          "max-age=31536000; includeSubDomains"
        ],
        "Cache-Control": [
          "no-cache"
        ],
        "Date": [
          "Sat, 29 Aug 2015 00:12:22 GMT"
        ],
        "Server": [
          "Microsoft-IIS/8.5"
        ],
        "X-Powered-By": [
          "ASP.NET"
        ]
      },
      "StatusCode": 200
    },
    {
      "RequestUri": "/subscriptions/4431ebb2-5a07-4d85-85cf-7af34ae85ff5/resourcegroups/onesdk6250/providers/Microsoft.DataFactory/datafactories/onesdk8463?api-version=2015-09-01",
      "EncodedRequestUri": "L3N1YnNjcmlwdGlvbnMvNDQzMWViYjItNWEwNy00ZDg1LTg1Y2YtN2FmMzRhZTg1ZmY1L3Jlc291cmNlZ3JvdXBzL29uZXNkazYyNTAvcHJvdmlkZXJzL01pY3Jvc29mdC5EYXRhRmFjdG9yeS9kYXRhZmFjdG9yaWVzL29uZXNkazg0NjM/YXBpLXZlcnNpb249MjAxNS0wOS0wMQ==",
      "RequestMethod": "GET",
      "RequestBody": "",
      "RequestHeaders": {
        "x-ms-client-request-id": [
          "508bb6be-3b33-4146-8197-37ed5982685d"
        ],
        "x-ms-version": [
          "2015-09-01"
        ],
        "User-Agent": [
          "Microsoft.Azure.Management.DataFactories.DataFactoryManagementClient/3.0.0.0"
        ]
      },
      "ResponseBody": "{\r\n  \"name\": \"onesdk8463\",\r\n  \"id\": \"/subscriptions/4431ebb2-5a07-4d85-85cf-7af34ae85ff5/resourcegroups/onesdk6250/providers/Microsoft.DataFactory/datafactories/onesdk8463\",\r\n  \"type\": \"Microsoft.DataFactory/datafactories\",\r\n  \"location\": \"East US 2\",\r\n  \"tags\": {},\r\n  \"properties\": {\r\n    \"dataFactoryId\": \"5aa9c4e9-cac2-4534-95ec-2a0190143a52\",\r\n    \"provisioningState\": \"PendingCreation\",\r\n    \"error\": null,\r\n    \"errorMessage\": null\r\n  }\r\n}",
      "ResponseHeaders": {
        "Content-Length": [
          "446"
        ],
        "Content-Type": [
          "application/json; charset=utf-8"
        ],
        "Expires": [
          "-1"
        ],
        "Pragma": [
          "no-cache"
        ],
        "x-ms-request-id": [
          "c92f7116-6452-414c-b583-009caf57da5e"
        ],
        "x-ms-ratelimit-remaining-subscription-reads": [
          "14974"
        ],
        "x-ms-correlation-request-id": [
          "d4d9bae9-82f9-48fc-b74c-b3c7217c4b4a"
        ],
        "x-ms-routing-request-id": [
          "CENTRALUS:20150829T001227Z:d4d9bae9-82f9-48fc-b74c-b3c7217c4b4a"
        ],
        "Strict-Transport-Security": [
          "max-age=31536000; includeSubDomains"
        ],
        "Cache-Control": [
          "no-cache"
        ],
        "Date": [
          "Sat, 29 Aug 2015 00:12:26 GMT"
        ],
        "Server": [
          "Microsoft-IIS/8.5"
        ],
        "X-Powered-By": [
          "ASP.NET"
        ]
      },
      "StatusCode": 200
    },
    {
      "RequestUri": "/subscriptions/4431ebb2-5a07-4d85-85cf-7af34ae85ff5/resourcegroups/onesdk6250/providers/Microsoft.DataFactory/datafactories/onesdk8463?api-version=2015-09-01",
      "EncodedRequestUri": "L3N1YnNjcmlwdGlvbnMvNDQzMWViYjItNWEwNy00ZDg1LTg1Y2YtN2FmMzRhZTg1ZmY1L3Jlc291cmNlZ3JvdXBzL29uZXNkazYyNTAvcHJvdmlkZXJzL01pY3Jvc29mdC5EYXRhRmFjdG9yeS9kYXRhZmFjdG9yaWVzL29uZXNkazg0NjM/YXBpLXZlcnNpb249MjAxNS0wOS0wMQ==",
      "RequestMethod": "GET",
      "RequestBody": "",
      "RequestHeaders": {
        "x-ms-client-request-id": [
          "5b0896e4-64f9-4bd2-8bc2-63cb128d6f27"
        ],
        "x-ms-version": [
          "2015-09-01"
        ],
        "User-Agent": [
          "Microsoft.Azure.Management.DataFactories.DataFactoryManagementClient/3.0.0.0"
        ]
      },
      "ResponseBody": "{\r\n  \"name\": \"onesdk8463\",\r\n  \"id\": \"/subscriptions/4431ebb2-5a07-4d85-85cf-7af34ae85ff5/resourcegroups/onesdk6250/providers/Microsoft.DataFactory/datafactories/onesdk8463\",\r\n  \"type\": \"Microsoft.DataFactory/datafactories\",\r\n  \"location\": \"East US 2\",\r\n  \"tags\": {},\r\n  \"properties\": {\r\n    \"dataFactoryId\": \"5aa9c4e9-cac2-4534-95ec-2a0190143a52\",\r\n    \"provisioningState\": \"PendingCreation\",\r\n    \"error\": null,\r\n    \"errorMessage\": null\r\n  }\r\n}",
      "ResponseHeaders": {
        "Content-Length": [
          "446"
        ],
        "Content-Type": [
          "application/json; charset=utf-8"
        ],
        "Expires": [
          "-1"
        ],
        "Pragma": [
          "no-cache"
        ],
        "x-ms-request-id": [
          "31a0f54c-f1e5-4f62-8617-64514bd77cf7"
        ],
        "x-ms-ratelimit-remaining-subscription-reads": [
          "14973"
        ],
        "x-ms-correlation-request-id": [
          "182b63d4-89bd-4a01-84a5-54141ae37c9e"
        ],
        "x-ms-routing-request-id": [
          "CENTRALUS:20150829T001232Z:182b63d4-89bd-4a01-84a5-54141ae37c9e"
        ],
        "Strict-Transport-Security": [
          "max-age=31536000; includeSubDomains"
        ],
        "Cache-Control": [
          "no-cache"
        ],
        "Date": [
          "Sat, 29 Aug 2015 00:12:32 GMT"
        ],
        "Server": [
          "Microsoft-IIS/8.5"
        ],
        "X-Powered-By": [
          "ASP.NET"
        ]
      },
      "StatusCode": 200
    },
    {
      "RequestUri": "/subscriptions/4431ebb2-5a07-4d85-85cf-7af34ae85ff5/resourcegroups/onesdk6250/providers/Microsoft.DataFactory/datafactories/onesdk8463?api-version=2015-09-01",
      "EncodedRequestUri": "L3N1YnNjcmlwdGlvbnMvNDQzMWViYjItNWEwNy00ZDg1LTg1Y2YtN2FmMzRhZTg1ZmY1L3Jlc291cmNlZ3JvdXBzL29uZXNkazYyNTAvcHJvdmlkZXJzL01pY3Jvc29mdC5EYXRhRmFjdG9yeS9kYXRhZmFjdG9yaWVzL29uZXNkazg0NjM/YXBpLXZlcnNpb249MjAxNS0wOS0wMQ==",
      "RequestMethod": "GET",
      "RequestBody": "",
      "RequestHeaders": {
        "x-ms-client-request-id": [
          "68b7db15-941e-4ddf-bc6c-f9a83b0df301"
        ],
        "x-ms-version": [
          "2015-09-01"
        ],
        "User-Agent": [
          "Microsoft.Azure.Management.DataFactories.DataFactoryManagementClient/3.0.0.0"
        ]
      },
      "ResponseBody": "{\r\n  \"name\": \"onesdk8463\",\r\n  \"id\": \"/subscriptions/4431ebb2-5a07-4d85-85cf-7af34ae85ff5/resourcegroups/onesdk6250/providers/Microsoft.DataFactory/datafactories/onesdk8463\",\r\n  \"type\": \"Microsoft.DataFactory/datafactories\",\r\n  \"location\": \"East US 2\",\r\n  \"tags\": {},\r\n  \"properties\": {\r\n    \"dataFactoryId\": \"5aa9c4e9-cac2-4534-95ec-2a0190143a52\",\r\n    \"provisioningState\": \"PendingCreation\",\r\n    \"error\": null,\r\n    \"errorMessage\": null\r\n  }\r\n}",
      "ResponseHeaders": {
        "Content-Length": [
          "446"
        ],
        "Content-Type": [
          "application/json; charset=utf-8"
        ],
        "Expires": [
          "-1"
        ],
        "Pragma": [
          "no-cache"
        ],
        "x-ms-request-id": [
          "7dd9c806-49e3-4f76-a771-66260755c943"
        ],
        "x-ms-ratelimit-remaining-subscription-reads": [
          "14972"
        ],
        "x-ms-correlation-request-id": [
          "815f6d96-0ec2-4931-bde4-f11db8b541bd"
        ],
        "x-ms-routing-request-id": [
          "CENTRALUS:20150829T001237Z:815f6d96-0ec2-4931-bde4-f11db8b541bd"
        ],
        "Strict-Transport-Security": [
          "max-age=31536000; includeSubDomains"
        ],
        "Cache-Control": [
          "no-cache"
        ],
        "Date": [
          "Sat, 29 Aug 2015 00:12:36 GMT"
        ],
        "Server": [
          "Microsoft-IIS/8.5"
        ],
        "X-Powered-By": [
          "ASP.NET"
        ]
      },
      "StatusCode": 200
    },
    {
      "RequestUri": "/subscriptions/4431ebb2-5a07-4d85-85cf-7af34ae85ff5/resourcegroups/onesdk6250/providers/Microsoft.DataFactory/datafactories/onesdk8463?api-version=2015-09-01",
      "EncodedRequestUri": "L3N1YnNjcmlwdGlvbnMvNDQzMWViYjItNWEwNy00ZDg1LTg1Y2YtN2FmMzRhZTg1ZmY1L3Jlc291cmNlZ3JvdXBzL29uZXNkazYyNTAvcHJvdmlkZXJzL01pY3Jvc29mdC5EYXRhRmFjdG9yeS9kYXRhZmFjdG9yaWVzL29uZXNkazg0NjM/YXBpLXZlcnNpb249MjAxNS0wOS0wMQ==",
      "RequestMethod": "GET",
      "RequestBody": "",
      "RequestHeaders": {
        "x-ms-client-request-id": [
          "4768e579-48c5-44d6-afb8-bcaa3ff12a3a"
        ],
        "x-ms-version": [
          "2015-09-01"
        ],
        "User-Agent": [
          "Microsoft.Azure.Management.DataFactories.DataFactoryManagementClient/3.0.0.0"
        ]
      },
      "ResponseBody": "{\r\n  \"name\": \"onesdk8463\",\r\n  \"id\": \"/subscriptions/4431ebb2-5a07-4d85-85cf-7af34ae85ff5/resourcegroups/onesdk6250/providers/Microsoft.DataFactory/datafactories/onesdk8463\",\r\n  \"type\": \"Microsoft.DataFactory/datafactories\",\r\n  \"location\": \"East US 2\",\r\n  \"tags\": {},\r\n  \"properties\": {\r\n    \"dataFactoryId\": \"5aa9c4e9-cac2-4534-95ec-2a0190143a52\",\r\n    \"provisioningState\": \"PendingCreation\",\r\n    \"error\": null,\r\n    \"errorMessage\": null\r\n  }\r\n}",
      "ResponseHeaders": {
        "Content-Length": [
          "446"
        ],
        "Content-Type": [
          "application/json; charset=utf-8"
        ],
        "Expires": [
          "-1"
        ],
        "Pragma": [
          "no-cache"
        ],
        "x-ms-request-id": [
          "15b5404d-9c88-4ee9-9511-0622b3627677"
        ],
        "x-ms-ratelimit-remaining-subscription-reads": [
          "14971"
        ],
        "x-ms-correlation-request-id": [
          "b1b00fef-41d4-43f3-82a9-83119dc8e73c"
        ],
        "x-ms-routing-request-id": [
          "CENTRALUS:20150829T001242Z:b1b00fef-41d4-43f3-82a9-83119dc8e73c"
        ],
        "Strict-Transport-Security": [
          "max-age=31536000; includeSubDomains"
        ],
        "Cache-Control": [
          "no-cache"
        ],
        "Date": [
          "Sat, 29 Aug 2015 00:12:42 GMT"
        ],
        "Server": [
          "Microsoft-IIS/8.5"
        ],
        "X-Powered-By": [
          "ASP.NET"
        ]
      },
      "StatusCode": 200
    },
    {
      "RequestUri": "/subscriptions/4431ebb2-5a07-4d85-85cf-7af34ae85ff5/resourcegroups/onesdk6250/providers/Microsoft.DataFactory/datafactories/onesdk8463?api-version=2015-09-01",
      "EncodedRequestUri": "L3N1YnNjcmlwdGlvbnMvNDQzMWViYjItNWEwNy00ZDg1LTg1Y2YtN2FmMzRhZTg1ZmY1L3Jlc291cmNlZ3JvdXBzL29uZXNkazYyNTAvcHJvdmlkZXJzL01pY3Jvc29mdC5EYXRhRmFjdG9yeS9kYXRhZmFjdG9yaWVzL29uZXNkazg0NjM/YXBpLXZlcnNpb249MjAxNS0wOS0wMQ==",
      "RequestMethod": "GET",
      "RequestBody": "",
      "RequestHeaders": {
        "x-ms-client-request-id": [
          "4d9fdeac-8014-4eb5-ac88-8ced9075a39f"
        ],
        "x-ms-version": [
          "2015-09-01"
        ],
        "User-Agent": [
          "Microsoft.Azure.Management.DataFactories.DataFactoryManagementClient/3.0.0.0"
        ]
      },
      "ResponseBody": "{\r\n  \"name\": \"onesdk8463\",\r\n  \"id\": \"/subscriptions/4431ebb2-5a07-4d85-85cf-7af34ae85ff5/resourcegroups/onesdk6250/providers/Microsoft.DataFactory/datafactories/onesdk8463\",\r\n  \"type\": \"Microsoft.DataFactory/datafactories\",\r\n  \"location\": \"East US 2\",\r\n  \"tags\": {},\r\n  \"properties\": {\r\n    \"dataFactoryId\": \"5aa9c4e9-cac2-4534-95ec-2a0190143a52\",\r\n    \"provisioningState\": \"PendingCreation\",\r\n    \"error\": null,\r\n    \"errorMessage\": null\r\n  }\r\n}",
      "ResponseHeaders": {
        "Content-Length": [
          "446"
        ],
        "Content-Type": [
          "application/json; charset=utf-8"
        ],
        "Expires": [
          "-1"
        ],
        "Pragma": [
          "no-cache"
        ],
        "x-ms-request-id": [
          "acbb11ff-dd0e-4e38-bb44-72a93c91e776"
        ],
        "x-ms-ratelimit-remaining-subscription-reads": [
          "14970"
        ],
        "x-ms-correlation-request-id": [
          "dd950796-48af-491e-8b01-2742a678c4b2"
        ],
        "x-ms-routing-request-id": [
          "CENTRALUS:20150829T001247Z:dd950796-48af-491e-8b01-2742a678c4b2"
        ],
        "Strict-Transport-Security": [
          "max-age=31536000; includeSubDomains"
        ],
        "Cache-Control": [
          "no-cache"
        ],
        "Date": [
          "Sat, 29 Aug 2015 00:12:46 GMT"
        ],
        "Server": [
          "Microsoft-IIS/8.5"
        ],
        "X-Powered-By": [
          "ASP.NET"
        ]
      },
      "StatusCode": 200
    },
    {
      "RequestUri": "/subscriptions/4431ebb2-5a07-4d85-85cf-7af34ae85ff5/resourcegroups/onesdk6250/providers/Microsoft.DataFactory/datafactories/onesdk8463?api-version=2015-09-01",
      "EncodedRequestUri": "L3N1YnNjcmlwdGlvbnMvNDQzMWViYjItNWEwNy00ZDg1LTg1Y2YtN2FmMzRhZTg1ZmY1L3Jlc291cmNlZ3JvdXBzL29uZXNkazYyNTAvcHJvdmlkZXJzL01pY3Jvc29mdC5EYXRhRmFjdG9yeS9kYXRhZmFjdG9yaWVzL29uZXNkazg0NjM/YXBpLXZlcnNpb249MjAxNS0wOS0wMQ==",
      "RequestMethod": "GET",
      "RequestBody": "",
      "RequestHeaders": {
        "x-ms-client-request-id": [
          "a25220a2-5d20-4726-a418-b123aa288376"
        ],
        "x-ms-version": [
          "2015-09-01"
        ],
        "User-Agent": [
          "Microsoft.Azure.Management.DataFactories.DataFactoryManagementClient/3.0.0.0"
        ]
      },
      "ResponseBody": "{\r\n  \"name\": \"onesdk8463\",\r\n  \"id\": \"/subscriptions/4431ebb2-5a07-4d85-85cf-7af34ae85ff5/resourcegroups/onesdk6250/providers/Microsoft.DataFactory/datafactories/onesdk8463\",\r\n  \"type\": \"Microsoft.DataFactory/datafactories\",\r\n  \"location\": \"East US 2\",\r\n  \"tags\": {},\r\n  \"properties\": {\r\n    \"dataFactoryId\": \"5aa9c4e9-cac2-4534-95ec-2a0190143a52\",\r\n    \"provisioningState\": \"PendingCreation\",\r\n    \"error\": null,\r\n    \"errorMessage\": null\r\n  }\r\n}",
      "ResponseHeaders": {
        "Content-Length": [
          "446"
        ],
        "Content-Type": [
          "application/json; charset=utf-8"
        ],
        "Expires": [
          "-1"
        ],
        "Pragma": [
          "no-cache"
        ],
        "x-ms-request-id": [
          "00372b04-6f01-4bae-9774-beff5a568ea6"
        ],
        "x-ms-ratelimit-remaining-subscription-reads": [
          "14969"
        ],
        "x-ms-correlation-request-id": [
          "929c976b-e738-414b-a2b0-67cdb2a2a5f7"
        ],
        "x-ms-routing-request-id": [
          "CENTRALUS:20150829T001252Z:929c976b-e738-414b-a2b0-67cdb2a2a5f7"
        ],
        "Strict-Transport-Security": [
          "max-age=31536000; includeSubDomains"
        ],
        "Cache-Control": [
          "no-cache"
        ],
        "Date": [
          "Sat, 29 Aug 2015 00:12:52 GMT"
        ],
        "Server": [
          "Microsoft-IIS/8.5"
        ],
        "X-Powered-By": [
          "ASP.NET"
        ]
      },
      "StatusCode": 200
    },
    {
      "RequestUri": "/subscriptions/4431ebb2-5a07-4d85-85cf-7af34ae85ff5/resourcegroups/onesdk6250/providers/Microsoft.DataFactory/datafactories/onesdk8463?api-version=2015-09-01",
      "EncodedRequestUri": "L3N1YnNjcmlwdGlvbnMvNDQzMWViYjItNWEwNy00ZDg1LTg1Y2YtN2FmMzRhZTg1ZmY1L3Jlc291cmNlZ3JvdXBzL29uZXNkazYyNTAvcHJvdmlkZXJzL01pY3Jvc29mdC5EYXRhRmFjdG9yeS9kYXRhZmFjdG9yaWVzL29uZXNkazg0NjM/YXBpLXZlcnNpb249MjAxNS0wOS0wMQ==",
      "RequestMethod": "GET",
      "RequestBody": "",
      "RequestHeaders": {
        "x-ms-client-request-id": [
          "6f46b44d-e7af-49c0-8f21-741324714aac"
        ],
        "x-ms-version": [
          "2015-09-01"
        ],
        "User-Agent": [
          "Microsoft.Azure.Management.DataFactories.DataFactoryManagementClient/3.0.0.0"
        ]
      },
      "ResponseBody": "{\r\n  \"name\": \"onesdk8463\",\r\n  \"id\": \"/subscriptions/4431ebb2-5a07-4d85-85cf-7af34ae85ff5/resourcegroups/onesdk6250/providers/Microsoft.DataFactory/datafactories/onesdk8463\",\r\n  \"type\": \"Microsoft.DataFactory/datafactories\",\r\n  \"location\": \"East US 2\",\r\n  \"tags\": {},\r\n  \"properties\": {\r\n    \"dataFactoryId\": \"5aa9c4e9-cac2-4534-95ec-2a0190143a52\",\r\n    \"provisioningState\": \"PendingCreation\",\r\n    \"error\": null,\r\n    \"errorMessage\": null\r\n  }\r\n}",
      "ResponseHeaders": {
        "Content-Length": [
          "446"
        ],
        "Content-Type": [
          "application/json; charset=utf-8"
        ],
        "Expires": [
          "-1"
        ],
        "Pragma": [
          "no-cache"
        ],
        "x-ms-request-id": [
          "f7704e66-8e12-4745-adcf-bd4d1323e843"
        ],
        "x-ms-ratelimit-remaining-subscription-reads": [
          "14968"
        ],
        "x-ms-correlation-request-id": [
          "54ddd4a9-423c-4d27-92e8-4009cc57bff7"
        ],
        "x-ms-routing-request-id": [
          "CENTRALUS:20150829T001257Z:54ddd4a9-423c-4d27-92e8-4009cc57bff7"
        ],
        "Strict-Transport-Security": [
          "max-age=31536000; includeSubDomains"
        ],
        "Cache-Control": [
          "no-cache"
        ],
        "Date": [
          "Sat, 29 Aug 2015 00:12:57 GMT"
        ],
        "Server": [
          "Microsoft-IIS/8.5"
        ],
        "X-Powered-By": [
          "ASP.NET"
        ]
      },
      "StatusCode": 200
    },
    {
      "RequestUri": "/subscriptions/4431ebb2-5a07-4d85-85cf-7af34ae85ff5/resourcegroups/onesdk6250/providers/Microsoft.DataFactory/datafactories/onesdk8463?api-version=2015-09-01",
      "EncodedRequestUri": "L3N1YnNjcmlwdGlvbnMvNDQzMWViYjItNWEwNy00ZDg1LTg1Y2YtN2FmMzRhZTg1ZmY1L3Jlc291cmNlZ3JvdXBzL29uZXNkazYyNTAvcHJvdmlkZXJzL01pY3Jvc29mdC5EYXRhRmFjdG9yeS9kYXRhZmFjdG9yaWVzL29uZXNkazg0NjM/YXBpLXZlcnNpb249MjAxNS0wOS0wMQ==",
      "RequestMethod": "GET",
      "RequestBody": "",
      "RequestHeaders": {
        "x-ms-client-request-id": [
          "603c64b4-3ac3-4a95-b976-7846d8b7c618"
        ],
        "x-ms-version": [
          "2015-09-01"
        ],
        "User-Agent": [
          "Microsoft.Azure.Management.DataFactories.DataFactoryManagementClient/3.0.0.0"
        ]
      },
      "ResponseBody": "{\r\n  \"name\": \"onesdk8463\",\r\n  \"id\": \"/subscriptions/4431ebb2-5a07-4d85-85cf-7af34ae85ff5/resourcegroups/onesdk6250/providers/Microsoft.DataFactory/datafactories/onesdk8463\",\r\n  \"type\": \"Microsoft.DataFactory/datafactories\",\r\n  \"location\": \"East US 2\",\r\n  \"tags\": {},\r\n  \"properties\": {\r\n    \"dataFactoryId\": \"5aa9c4e9-cac2-4534-95ec-2a0190143a52\",\r\n    \"provisioningState\": \"PendingCreation\",\r\n    \"error\": null,\r\n    \"errorMessage\": null\r\n  }\r\n}",
      "ResponseHeaders": {
        "Content-Length": [
          "446"
        ],
        "Content-Type": [
          "application/json; charset=utf-8"
        ],
        "Expires": [
          "-1"
        ],
        "Pragma": [
          "no-cache"
        ],
        "x-ms-request-id": [
          "6d015e6a-a513-43f3-8094-529684b77d40"
        ],
        "x-ms-ratelimit-remaining-subscription-reads": [
          "14967"
        ],
        "x-ms-correlation-request-id": [
          "75792351-757b-4523-9223-e2b095c665f4"
        ],
        "x-ms-routing-request-id": [
          "CENTRALUS:20150829T001303Z:75792351-757b-4523-9223-e2b095c665f4"
        ],
        "Strict-Transport-Security": [
          "max-age=31536000; includeSubDomains"
        ],
        "Cache-Control": [
          "no-cache"
        ],
        "Date": [
          "Sat, 29 Aug 2015 00:13:02 GMT"
        ],
        "Server": [
          "Microsoft-IIS/8.5"
        ],
        "X-Powered-By": [
          "ASP.NET"
        ]
      },
      "StatusCode": 200
    },
    {
      "RequestUri": "/subscriptions/4431ebb2-5a07-4d85-85cf-7af34ae85ff5/resourcegroups/onesdk6250/providers/Microsoft.DataFactory/datafactories/onesdk8463?api-version=2015-09-01",
      "EncodedRequestUri": "L3N1YnNjcmlwdGlvbnMvNDQzMWViYjItNWEwNy00ZDg1LTg1Y2YtN2FmMzRhZTg1ZmY1L3Jlc291cmNlZ3JvdXBzL29uZXNkazYyNTAvcHJvdmlkZXJzL01pY3Jvc29mdC5EYXRhRmFjdG9yeS9kYXRhZmFjdG9yaWVzL29uZXNkazg0NjM/YXBpLXZlcnNpb249MjAxNS0wOS0wMQ==",
      "RequestMethod": "GET",
      "RequestBody": "",
      "RequestHeaders": {
        "x-ms-client-request-id": [
          "57c6897d-c6f1-49a9-b792-d63bea95aa8a"
        ],
        "x-ms-version": [
          "2015-09-01"
        ],
        "User-Agent": [
          "Microsoft.Azure.Management.DataFactories.DataFactoryManagementClient/3.0.0.0"
        ]
      },
      "ResponseBody": "{\r\n  \"name\": \"onesdk8463\",\r\n  \"id\": \"/subscriptions/4431ebb2-5a07-4d85-85cf-7af34ae85ff5/resourcegroups/onesdk6250/providers/Microsoft.DataFactory/datafactories/onesdk8463\",\r\n  \"type\": \"Microsoft.DataFactory/datafactories\",\r\n  \"location\": \"East US 2\",\r\n  \"tags\": {},\r\n  \"properties\": {\r\n    \"dataFactoryId\": \"5aa9c4e9-cac2-4534-95ec-2a0190143a52\",\r\n    \"provisioningState\": \"PendingCreation\",\r\n    \"error\": null,\r\n    \"errorMessage\": null\r\n  }\r\n}",
      "ResponseHeaders": {
        "Content-Length": [
          "446"
        ],
        "Content-Type": [
          "application/json; charset=utf-8"
        ],
        "Expires": [
          "-1"
        ],
        "Pragma": [
          "no-cache"
        ],
        "x-ms-request-id": [
          "927c272f-29f9-443b-9ca7-e7a057f8405b"
        ],
        "x-ms-ratelimit-remaining-subscription-reads": [
          "14966"
        ],
        "x-ms-correlation-request-id": [
          "73170303-c494-433f-9086-3cd55ca5d330"
        ],
        "x-ms-routing-request-id": [
          "CENTRALUS:20150829T001308Z:73170303-c494-433f-9086-3cd55ca5d330"
        ],
        "Strict-Transport-Security": [
          "max-age=31536000; includeSubDomains"
        ],
        "Cache-Control": [
          "no-cache"
        ],
        "Date": [
          "Sat, 29 Aug 2015 00:13:08 GMT"
        ],
        "Server": [
          "Microsoft-IIS/8.5"
        ],
        "X-Powered-By": [
          "ASP.NET"
        ]
      },
      "StatusCode": 200
    },
    {
      "RequestUri": "/subscriptions/4431ebb2-5a07-4d85-85cf-7af34ae85ff5/resourcegroups/onesdk6250/providers/Microsoft.DataFactory/datafactories/onesdk8463?api-version=2015-09-01",
      "EncodedRequestUri": "L3N1YnNjcmlwdGlvbnMvNDQzMWViYjItNWEwNy00ZDg1LTg1Y2YtN2FmMzRhZTg1ZmY1L3Jlc291cmNlZ3JvdXBzL29uZXNkazYyNTAvcHJvdmlkZXJzL01pY3Jvc29mdC5EYXRhRmFjdG9yeS9kYXRhZmFjdG9yaWVzL29uZXNkazg0NjM/YXBpLXZlcnNpb249MjAxNS0wOS0wMQ==",
      "RequestMethod": "GET",
      "RequestBody": "",
      "RequestHeaders": {
        "x-ms-client-request-id": [
          "38009689-8b4c-4b99-941e-9d52945bff24"
        ],
        "x-ms-version": [
          "2015-09-01"
        ],
        "User-Agent": [
          "Microsoft.Azure.Management.DataFactories.DataFactoryManagementClient/3.0.0.0"
        ]
      },
      "ResponseBody": "{\r\n  \"name\": \"onesdk8463\",\r\n  \"id\": \"/subscriptions/4431ebb2-5a07-4d85-85cf-7af34ae85ff5/resourcegroups/onesdk6250/providers/Microsoft.DataFactory/datafactories/onesdk8463\",\r\n  \"type\": \"Microsoft.DataFactory/datafactories\",\r\n  \"location\": \"East US 2\",\r\n  \"tags\": {},\r\n  \"properties\": {\r\n    \"dataFactoryId\": \"5aa9c4e9-cac2-4534-95ec-2a0190143a52\",\r\n    \"provisioningState\": \"PendingCreation\",\r\n    \"error\": null,\r\n    \"errorMessage\": null\r\n  }\r\n}",
      "ResponseHeaders": {
        "Content-Length": [
          "446"
        ],
        "Content-Type": [
          "application/json; charset=utf-8"
        ],
        "Expires": [
          "-1"
        ],
        "Pragma": [
          "no-cache"
        ],
        "x-ms-request-id": [
          "99dbc389-e262-4e2c-a540-17ced998d984"
        ],
        "x-ms-ratelimit-remaining-subscription-reads": [
          "14965"
        ],
        "x-ms-correlation-request-id": [
          "ca909b28-9a8c-4908-b67c-e50a233a382b"
        ],
        "x-ms-routing-request-id": [
          "CENTRALUS:20150829T001313Z:ca909b28-9a8c-4908-b67c-e50a233a382b"
        ],
        "Strict-Transport-Security": [
          "max-age=31536000; includeSubDomains"
        ],
        "Cache-Control": [
          "no-cache"
        ],
        "Date": [
          "Sat, 29 Aug 2015 00:13:13 GMT"
        ],
        "Server": [
          "Microsoft-IIS/8.5"
        ],
        "X-Powered-By": [
          "ASP.NET"
        ]
      },
      "StatusCode": 200
    },
    {
      "RequestUri": "/subscriptions/4431ebb2-5a07-4d85-85cf-7af34ae85ff5/resourcegroups/onesdk6250/providers/Microsoft.DataFactory/datafactories/onesdk8463?api-version=2015-09-01",
      "EncodedRequestUri": "L3N1YnNjcmlwdGlvbnMvNDQzMWViYjItNWEwNy00ZDg1LTg1Y2YtN2FmMzRhZTg1ZmY1L3Jlc291cmNlZ3JvdXBzL29uZXNkazYyNTAvcHJvdmlkZXJzL01pY3Jvc29mdC5EYXRhRmFjdG9yeS9kYXRhZmFjdG9yaWVzL29uZXNkazg0NjM/YXBpLXZlcnNpb249MjAxNS0wOS0wMQ==",
      "RequestMethod": "GET",
      "RequestBody": "",
      "RequestHeaders": {
        "x-ms-client-request-id": [
          "c931d9e7-0d19-47b9-9dcd-103b4c2963f1"
        ],
        "x-ms-version": [
          "2015-09-01"
        ],
        "User-Agent": [
          "Microsoft.Azure.Management.DataFactories.DataFactoryManagementClient/3.0.0.0"
        ]
      },
      "ResponseBody": "{\r\n  \"name\": \"onesdk8463\",\r\n  \"id\": \"/subscriptions/4431ebb2-5a07-4d85-85cf-7af34ae85ff5/resourcegroups/onesdk6250/providers/Microsoft.DataFactory/datafactories/onesdk8463\",\r\n  \"type\": \"Microsoft.DataFactory/datafactories\",\r\n  \"location\": \"East US 2\",\r\n  \"tags\": {},\r\n  \"properties\": {\r\n    \"dataFactoryId\": \"5aa9c4e9-cac2-4534-95ec-2a0190143a52\",\r\n    \"provisioningState\": \"PendingCreation\",\r\n    \"error\": null,\r\n    \"errorMessage\": null\r\n  }\r\n}",
      "ResponseHeaders": {
        "Content-Length": [
          "446"
        ],
        "Content-Type": [
          "application/json; charset=utf-8"
        ],
        "Expires": [
          "-1"
        ],
        "Pragma": [
          "no-cache"
        ],
        "x-ms-request-id": [
          "3d7d0e19-09b3-4d19-94bf-8b8105956560"
        ],
        "x-ms-ratelimit-remaining-subscription-reads": [
          "14964"
        ],
        "x-ms-correlation-request-id": [
          "d13cd9ca-dba3-409f-bf75-b4caccc300d4"
        ],
        "x-ms-routing-request-id": [
          "CENTRALUS:20150829T001318Z:d13cd9ca-dba3-409f-bf75-b4caccc300d4"
        ],
        "Strict-Transport-Security": [
          "max-age=31536000; includeSubDomains"
        ],
        "Cache-Control": [
          "no-cache"
        ],
        "Date": [
          "Sat, 29 Aug 2015 00:13:17 GMT"
        ],
        "Server": [
          "Microsoft-IIS/8.5"
        ],
        "X-Powered-By": [
          "ASP.NET"
        ]
      },
      "StatusCode": 200
    },
    {
      "RequestUri": "/subscriptions/4431ebb2-5a07-4d85-85cf-7af34ae85ff5/resourcegroups/onesdk6250/providers/Microsoft.DataFactory/datafactories/onesdk8463?api-version=2015-09-01",
      "EncodedRequestUri": "L3N1YnNjcmlwdGlvbnMvNDQzMWViYjItNWEwNy00ZDg1LTg1Y2YtN2FmMzRhZTg1ZmY1L3Jlc291cmNlZ3JvdXBzL29uZXNkazYyNTAvcHJvdmlkZXJzL01pY3Jvc29mdC5EYXRhRmFjdG9yeS9kYXRhZmFjdG9yaWVzL29uZXNkazg0NjM/YXBpLXZlcnNpb249MjAxNS0wOS0wMQ==",
      "RequestMethod": "GET",
      "RequestBody": "",
      "RequestHeaders": {
        "x-ms-client-request-id": [
          "1c1414d5-ec28-481e-8c3f-226617b7d203"
        ],
        "x-ms-version": [
          "2015-09-01"
        ],
        "User-Agent": [
          "Microsoft.Azure.Management.DataFactories.DataFactoryManagementClient/3.0.0.0"
        ]
      },
      "ResponseBody": "{\r\n  \"name\": \"onesdk8463\",\r\n  \"id\": \"/subscriptions/4431ebb2-5a07-4d85-85cf-7af34ae85ff5/resourcegroups/onesdk6250/providers/Microsoft.DataFactory/datafactories/onesdk8463\",\r\n  \"type\": \"Microsoft.DataFactory/datafactories\",\r\n  \"location\": \"East US 2\",\r\n  \"tags\": {},\r\n  \"properties\": {\r\n    \"dataFactoryId\": \"5aa9c4e9-cac2-4534-95ec-2a0190143a52\",\r\n    \"provisioningState\": \"PendingCreation\",\r\n    \"error\": null,\r\n    \"errorMessage\": null\r\n  }\r\n}",
      "ResponseHeaders": {
        "Content-Length": [
          "446"
        ],
        "Content-Type": [
          "application/json; charset=utf-8"
        ],
        "Expires": [
          "-1"
        ],
        "Pragma": [
          "no-cache"
        ],
        "x-ms-request-id": [
          "ab6e5aac-bdf4-4847-bdbd-600fcd8d2b0d"
        ],
        "x-ms-ratelimit-remaining-subscription-reads": [
          "14963"
        ],
        "x-ms-correlation-request-id": [
          "53c99e27-2c54-49eb-b432-3f68eabde6cf"
        ],
        "x-ms-routing-request-id": [
          "CENTRALUS:20150829T001323Z:53c99e27-2c54-49eb-b432-3f68eabde6cf"
        ],
        "Strict-Transport-Security": [
          "max-age=31536000; includeSubDomains"
        ],
        "Cache-Control": [
          "no-cache"
        ],
        "Date": [
          "Sat, 29 Aug 2015 00:13:22 GMT"
        ],
        "Server": [
          "Microsoft-IIS/8.5"
        ],
        "X-Powered-By": [
          "ASP.NET"
        ]
      },
      "StatusCode": 200
    },
    {
      "RequestUri": "/subscriptions/4431ebb2-5a07-4d85-85cf-7af34ae85ff5/resourcegroups/onesdk6250/providers/Microsoft.DataFactory/datafactories/onesdk8463?api-version=2015-09-01",
      "EncodedRequestUri": "L3N1YnNjcmlwdGlvbnMvNDQzMWViYjItNWEwNy00ZDg1LTg1Y2YtN2FmMzRhZTg1ZmY1L3Jlc291cmNlZ3JvdXBzL29uZXNkazYyNTAvcHJvdmlkZXJzL01pY3Jvc29mdC5EYXRhRmFjdG9yeS9kYXRhZmFjdG9yaWVzL29uZXNkazg0NjM/YXBpLXZlcnNpb249MjAxNS0wOS0wMQ==",
      "RequestMethod": "GET",
      "RequestBody": "",
      "RequestHeaders": {
        "x-ms-client-request-id": [
          "65b81cfc-5c54-40cd-881f-37044e80e655"
        ],
        "x-ms-version": [
          "2015-09-01"
        ],
        "User-Agent": [
          "Microsoft.Azure.Management.DataFactories.DataFactoryManagementClient/3.0.0.0"
        ]
      },
      "ResponseBody": "{\r\n  \"name\": \"onesdk8463\",\r\n  \"id\": \"/subscriptions/4431ebb2-5a07-4d85-85cf-7af34ae85ff5/resourcegroups/onesdk6250/providers/Microsoft.DataFactory/datafactories/onesdk8463\",\r\n  \"type\": \"Microsoft.DataFactory/datafactories\",\r\n  \"location\": \"East US 2\",\r\n  \"tags\": {},\r\n  \"properties\": {\r\n    \"dataFactoryId\": \"5aa9c4e9-cac2-4534-95ec-2a0190143a52\",\r\n    \"provisioningState\": \"PendingCreation\",\r\n    \"error\": null,\r\n    \"errorMessage\": null\r\n  }\r\n}",
      "ResponseHeaders": {
        "Content-Length": [
          "446"
        ],
        "Content-Type": [
          "application/json; charset=utf-8"
        ],
        "Expires": [
          "-1"
        ],
        "Pragma": [
          "no-cache"
        ],
        "x-ms-request-id": [
          "7d60e964-fb7c-474c-a268-2350a2f43199"
        ],
        "x-ms-ratelimit-remaining-subscription-reads": [
          "14962"
        ],
        "x-ms-correlation-request-id": [
          "f6832640-5cbc-47d8-a108-6e8077890f2a"
        ],
        "x-ms-routing-request-id": [
          "CENTRALUS:20150829T001328Z:f6832640-5cbc-47d8-a108-6e8077890f2a"
        ],
        "Strict-Transport-Security": [
          "max-age=31536000; includeSubDomains"
        ],
        "Cache-Control": [
          "no-cache"
        ],
        "Date": [
          "Sat, 29 Aug 2015 00:13:28 GMT"
        ],
        "Server": [
          "Microsoft-IIS/8.5"
        ],
        "X-Powered-By": [
          "ASP.NET"
        ]
      },
      "StatusCode": 200
    },
    {
      "RequestUri": "/subscriptions/4431ebb2-5a07-4d85-85cf-7af34ae85ff5/resourcegroups/onesdk6250/providers/Microsoft.DataFactory/datafactories/onesdk8463?api-version=2015-09-01",
      "EncodedRequestUri": "L3N1YnNjcmlwdGlvbnMvNDQzMWViYjItNWEwNy00ZDg1LTg1Y2YtN2FmMzRhZTg1ZmY1L3Jlc291cmNlZ3JvdXBzL29uZXNkazYyNTAvcHJvdmlkZXJzL01pY3Jvc29mdC5EYXRhRmFjdG9yeS9kYXRhZmFjdG9yaWVzL29uZXNkazg0NjM/YXBpLXZlcnNpb249MjAxNS0wOS0wMQ==",
      "RequestMethod": "GET",
      "RequestBody": "",
      "RequestHeaders": {
        "x-ms-client-request-id": [
          "6beac85e-ef8c-4140-b977-a4953f936225"
        ],
        "x-ms-version": [
          "2015-09-01"
        ],
        "User-Agent": [
          "Microsoft.Azure.Management.DataFactories.DataFactoryManagementClient/3.0.0.0"
        ]
      },
      "ResponseBody": "{\r\n  \"name\": \"onesdk8463\",\r\n  \"id\": \"/subscriptions/4431ebb2-5a07-4d85-85cf-7af34ae85ff5/resourcegroups/onesdk6250/providers/Microsoft.DataFactory/datafactories/onesdk8463\",\r\n  \"type\": \"Microsoft.DataFactory/datafactories\",\r\n  \"location\": \"East US 2\",\r\n  \"tags\": {},\r\n  \"properties\": {\r\n    \"dataFactoryId\": \"5aa9c4e9-cac2-4534-95ec-2a0190143a52\",\r\n    \"provisioningState\": \"PendingCreation\",\r\n    \"error\": null,\r\n    \"errorMessage\": null\r\n  }\r\n}",
      "ResponseHeaders": {
        "Content-Length": [
          "446"
        ],
        "Content-Type": [
          "application/json; charset=utf-8"
        ],
        "Expires": [
          "-1"
        ],
        "Pragma": [
          "no-cache"
        ],
        "x-ms-request-id": [
          "fc870084-762a-4e80-b208-63dad9687d91"
        ],
        "x-ms-ratelimit-remaining-subscription-reads": [
          "14961"
        ],
        "x-ms-correlation-request-id": [
          "d1732ada-8819-430d-9a56-bca1995c216a"
        ],
        "x-ms-routing-request-id": [
          "CENTRALUS:20150829T001333Z:d1732ada-8819-430d-9a56-bca1995c216a"
        ],
        "Strict-Transport-Security": [
          "max-age=31536000; includeSubDomains"
        ],
        "Cache-Control": [
          "no-cache"
        ],
        "Date": [
          "Sat, 29 Aug 2015 00:13:33 GMT"
        ],
        "Server": [
          "Microsoft-IIS/8.5"
        ],
        "X-Powered-By": [
          "ASP.NET"
        ]
      },
      "StatusCode": 200
    },
    {
      "RequestUri": "/subscriptions/4431ebb2-5a07-4d85-85cf-7af34ae85ff5/resourcegroups/onesdk6250/providers/Microsoft.DataFactory/datafactories/onesdk8463?api-version=2015-09-01",
      "EncodedRequestUri": "L3N1YnNjcmlwdGlvbnMvNDQzMWViYjItNWEwNy00ZDg1LTg1Y2YtN2FmMzRhZTg1ZmY1L3Jlc291cmNlZ3JvdXBzL29uZXNkazYyNTAvcHJvdmlkZXJzL01pY3Jvc29mdC5EYXRhRmFjdG9yeS9kYXRhZmFjdG9yaWVzL29uZXNkazg0NjM/YXBpLXZlcnNpb249MjAxNS0wOS0wMQ==",
      "RequestMethod": "GET",
      "RequestBody": "",
      "RequestHeaders": {
        "x-ms-client-request-id": [
          "15ed0320-37b2-4214-bec9-eee23285184e"
        ],
        "x-ms-version": [
          "2015-09-01"
        ],
        "User-Agent": [
          "Microsoft.Azure.Management.DataFactories.DataFactoryManagementClient/3.0.0.0"
        ]
      },
      "ResponseBody": "{\r\n  \"name\": \"onesdk8463\",\r\n  \"id\": \"/subscriptions/4431ebb2-5a07-4d85-85cf-7af34ae85ff5/resourcegroups/onesdk6250/providers/Microsoft.DataFactory/datafactories/onesdk8463\",\r\n  \"type\": \"Microsoft.DataFactory/datafactories\",\r\n  \"location\": \"East US 2\",\r\n  \"tags\": {},\r\n  \"properties\": {\r\n    \"dataFactoryId\": \"5aa9c4e9-cac2-4534-95ec-2a0190143a52\",\r\n    \"provisioningState\": \"PendingCreation\",\r\n    \"error\": null,\r\n    \"errorMessage\": null\r\n  }\r\n}",
      "ResponseHeaders": {
        "Content-Length": [
          "446"
        ],
        "Content-Type": [
          "application/json; charset=utf-8"
        ],
        "Expires": [
          "-1"
        ],
        "Pragma": [
          "no-cache"
        ],
        "x-ms-request-id": [
          "91b3b241-fe35-47b7-9f90-a8884ff0c998"
        ],
        "x-ms-ratelimit-remaining-subscription-reads": [
          "14960"
        ],
        "x-ms-correlation-request-id": [
          "665bda43-65d4-491a-b2ed-80d58f7235ee"
        ],
        "x-ms-routing-request-id": [
          "CENTRALUS:20150829T001338Z:665bda43-65d4-491a-b2ed-80d58f7235ee"
        ],
        "Strict-Transport-Security": [
          "max-age=31536000; includeSubDomains"
        ],
        "Cache-Control": [
          "no-cache"
        ],
        "Date": [
          "Sat, 29 Aug 2015 00:13:38 GMT"
        ],
        "Server": [
          "Microsoft-IIS/8.5"
        ],
        "X-Powered-By": [
          "ASP.NET"
        ]
      },
      "StatusCode": 200
    },
    {
      "RequestUri": "/subscriptions/4431ebb2-5a07-4d85-85cf-7af34ae85ff5/resourcegroups/onesdk6250/providers/Microsoft.DataFactory/datafactories/onesdk8463?api-version=2015-09-01",
      "EncodedRequestUri": "L3N1YnNjcmlwdGlvbnMvNDQzMWViYjItNWEwNy00ZDg1LTg1Y2YtN2FmMzRhZTg1ZmY1L3Jlc291cmNlZ3JvdXBzL29uZXNkazYyNTAvcHJvdmlkZXJzL01pY3Jvc29mdC5EYXRhRmFjdG9yeS9kYXRhZmFjdG9yaWVzL29uZXNkazg0NjM/YXBpLXZlcnNpb249MjAxNS0wOS0wMQ==",
      "RequestMethod": "GET",
      "RequestBody": "",
      "RequestHeaders": {
        "x-ms-client-request-id": [
          "e9425ac6-a12e-4495-9ff4-60af2eb965d6"
        ],
        "x-ms-version": [
          "2015-09-01"
        ],
        "User-Agent": [
          "Microsoft.Azure.Management.DataFactories.DataFactoryManagementClient/3.0.0.0"
        ]
      },
      "ResponseBody": "{\r\n  \"name\": \"onesdk8463\",\r\n  \"id\": \"/subscriptions/4431ebb2-5a07-4d85-85cf-7af34ae85ff5/resourcegroups/onesdk6250/providers/Microsoft.DataFactory/datafactories/onesdk8463\",\r\n  \"type\": \"Microsoft.DataFactory/datafactories\",\r\n  \"location\": \"East US 2\",\r\n  \"tags\": {},\r\n  \"properties\": {\r\n    \"dataFactoryId\": \"5aa9c4e9-cac2-4534-95ec-2a0190143a52\",\r\n    \"provisioningState\": \"PendingCreation\",\r\n    \"error\": null,\r\n    \"errorMessage\": null\r\n  }\r\n}",
      "ResponseHeaders": {
        "Content-Length": [
          "446"
        ],
        "Content-Type": [
          "application/json; charset=utf-8"
        ],
        "Expires": [
          "-1"
        ],
        "Pragma": [
          "no-cache"
        ],
        "x-ms-request-id": [
          "d7064cb8-9697-4204-bf4e-d03bce96acbe"
        ],
        "x-ms-ratelimit-remaining-subscription-reads": [
          "14959"
        ],
        "x-ms-correlation-request-id": [
          "a17249b0-91a4-4afc-a0a0-c7438203e38b"
        ],
        "x-ms-routing-request-id": [
          "CENTRALUS:20150829T001344Z:a17249b0-91a4-4afc-a0a0-c7438203e38b"
        ],
        "Strict-Transport-Security": [
          "max-age=31536000; includeSubDomains"
        ],
        "Cache-Control": [
          "no-cache"
        ],
        "Date": [
          "Sat, 29 Aug 2015 00:13:44 GMT"
        ],
        "Server": [
          "Microsoft-IIS/8.5"
        ],
        "X-Powered-By": [
          "ASP.NET"
        ]
      },
      "StatusCode": 200
    },
    {
      "RequestUri": "/subscriptions/4431ebb2-5a07-4d85-85cf-7af34ae85ff5/resourcegroups/onesdk6250/providers/Microsoft.DataFactory/datafactories/onesdk8463?api-version=2015-09-01",
      "EncodedRequestUri": "L3N1YnNjcmlwdGlvbnMvNDQzMWViYjItNWEwNy00ZDg1LTg1Y2YtN2FmMzRhZTg1ZmY1L3Jlc291cmNlZ3JvdXBzL29uZXNkazYyNTAvcHJvdmlkZXJzL01pY3Jvc29mdC5EYXRhRmFjdG9yeS9kYXRhZmFjdG9yaWVzL29uZXNkazg0NjM/YXBpLXZlcnNpb249MjAxNS0wOS0wMQ==",
      "RequestMethod": "GET",
      "RequestBody": "",
      "RequestHeaders": {
        "x-ms-client-request-id": [
          "90ae48e4-6db3-4e55-b9d7-0f17767be9f3"
        ],
        "x-ms-version": [
          "2015-09-01"
        ],
        "User-Agent": [
          "Microsoft.Azure.Management.DataFactories.DataFactoryManagementClient/3.0.0.0"
        ]
      },
      "ResponseBody": "{\r\n  \"name\": \"onesdk8463\",\r\n  \"id\": \"/subscriptions/4431ebb2-5a07-4d85-85cf-7af34ae85ff5/resourcegroups/onesdk6250/providers/Microsoft.DataFactory/datafactories/onesdk8463\",\r\n  \"type\": \"Microsoft.DataFactory/datafactories\",\r\n  \"location\": \"East US 2\",\r\n  \"tags\": {},\r\n  \"properties\": {\r\n    \"dataFactoryId\": \"5aa9c4e9-cac2-4534-95ec-2a0190143a52\",\r\n    \"provisioningState\": \"PendingCreation\",\r\n    \"error\": null,\r\n    \"errorMessage\": null\r\n  }\r\n}",
      "ResponseHeaders": {
        "Content-Length": [
          "446"
        ],
        "Content-Type": [
          "application/json; charset=utf-8"
        ],
        "Expires": [
          "-1"
        ],
        "Pragma": [
          "no-cache"
        ],
        "x-ms-request-id": [
          "ea828e8e-4281-4cb9-bf73-d938880497fe"
        ],
        "x-ms-ratelimit-remaining-subscription-reads": [
          "14958"
        ],
        "x-ms-correlation-request-id": [
          "e1ef1fd9-ca2b-4815-ab20-bdd434592fe3"
        ],
        "x-ms-routing-request-id": [
          "CENTRALUS:20150829T001349Z:e1ef1fd9-ca2b-4815-ab20-bdd434592fe3"
        ],
        "Strict-Transport-Security": [
          "max-age=31536000; includeSubDomains"
        ],
        "Cache-Control": [
          "no-cache"
        ],
        "Date": [
          "Sat, 29 Aug 2015 00:13:48 GMT"
        ],
        "Server": [
          "Microsoft-IIS/8.5"
        ],
        "X-Powered-By": [
          "ASP.NET"
        ]
      },
      "StatusCode": 200
    },
    {
      "RequestUri": "/subscriptions/4431ebb2-5a07-4d85-85cf-7af34ae85ff5/resourcegroups/onesdk6250/providers/Microsoft.DataFactory/datafactories/onesdk8463?api-version=2015-09-01",
      "EncodedRequestUri": "L3N1YnNjcmlwdGlvbnMvNDQzMWViYjItNWEwNy00ZDg1LTg1Y2YtN2FmMzRhZTg1ZmY1L3Jlc291cmNlZ3JvdXBzL29uZXNkazYyNTAvcHJvdmlkZXJzL01pY3Jvc29mdC5EYXRhRmFjdG9yeS9kYXRhZmFjdG9yaWVzL29uZXNkazg0NjM/YXBpLXZlcnNpb249MjAxNS0wOS0wMQ==",
      "RequestMethod": "GET",
      "RequestBody": "",
      "RequestHeaders": {
        "x-ms-client-request-id": [
          "2668ab6c-94be-4917-9162-048b2d77f672"
        ],
        "x-ms-version": [
          "2015-09-01"
        ],
        "User-Agent": [
          "Microsoft.Azure.Management.DataFactories.DataFactoryManagementClient/3.0.0.0"
        ]
      },
      "ResponseBody": "{\r\n  \"name\": \"onesdk8463\",\r\n  \"id\": \"/subscriptions/4431ebb2-5a07-4d85-85cf-7af34ae85ff5/resourcegroups/onesdk6250/providers/Microsoft.DataFactory/datafactories/onesdk8463\",\r\n  \"type\": \"Microsoft.DataFactory/datafactories\",\r\n  \"location\": \"East US 2\",\r\n  \"tags\": {},\r\n  \"properties\": {\r\n    \"dataFactoryId\": \"5aa9c4e9-cac2-4534-95ec-2a0190143a52\",\r\n    \"provisioningState\": \"PendingCreation\",\r\n    \"error\": null,\r\n    \"errorMessage\": null\r\n  }\r\n}",
      "ResponseHeaders": {
        "Content-Length": [
          "446"
        ],
        "Content-Type": [
          "application/json; charset=utf-8"
        ],
        "Expires": [
          "-1"
        ],
        "Pragma": [
          "no-cache"
        ],
        "x-ms-request-id": [
          "362fbf84-b967-4e4f-8671-50d10ccf7b2c"
        ],
        "x-ms-ratelimit-remaining-subscription-reads": [
          "14957"
        ],
        "x-ms-correlation-request-id": [
          "5046ac54-ad01-42df-992b-1d8a85c723d6"
        ],
        "x-ms-routing-request-id": [
          "CENTRALUS:20150829T001354Z:5046ac54-ad01-42df-992b-1d8a85c723d6"
        ],
        "Strict-Transport-Security": [
          "max-age=31536000; includeSubDomains"
        ],
        "Cache-Control": [
          "no-cache"
        ],
        "Date": [
          "Sat, 29 Aug 2015 00:13:53 GMT"
        ],
        "Server": [
          "Microsoft-IIS/8.5"
        ],
        "X-Powered-By": [
          "ASP.NET"
        ]
      },
      "StatusCode": 200
    },
    {
      "RequestUri": "/subscriptions/4431ebb2-5a07-4d85-85cf-7af34ae85ff5/resourcegroups/onesdk6250/providers/Microsoft.DataFactory/datafactories/onesdk8463?api-version=2015-09-01",
      "EncodedRequestUri": "L3N1YnNjcmlwdGlvbnMvNDQzMWViYjItNWEwNy00ZDg1LTg1Y2YtN2FmMzRhZTg1ZmY1L3Jlc291cmNlZ3JvdXBzL29uZXNkazYyNTAvcHJvdmlkZXJzL01pY3Jvc29mdC5EYXRhRmFjdG9yeS9kYXRhZmFjdG9yaWVzL29uZXNkazg0NjM/YXBpLXZlcnNpb249MjAxNS0wOS0wMQ==",
      "RequestMethod": "GET",
      "RequestBody": "",
      "RequestHeaders": {
        "x-ms-client-request-id": [
          "afe78828-bc2f-4931-b23a-250f3c1c713a"
        ],
        "x-ms-version": [
          "2015-09-01"
        ],
        "User-Agent": [
          "Microsoft.Azure.Management.DataFactories.DataFactoryManagementClient/3.0.0.0"
        ]
      },
      "ResponseBody": "{\r\n  \"name\": \"onesdk8463\",\r\n  \"id\": \"/subscriptions/4431ebb2-5a07-4d85-85cf-7af34ae85ff5/resourcegroups/onesdk6250/providers/Microsoft.DataFactory/datafactories/onesdk8463\",\r\n  \"type\": \"Microsoft.DataFactory/datafactories\",\r\n  \"location\": \"East US 2\",\r\n  \"tags\": {},\r\n  \"properties\": {\r\n    \"dataFactoryId\": \"5aa9c4e9-cac2-4534-95ec-2a0190143a52\",\r\n    \"provisioningState\": \"Succeeded\",\r\n    \"error\": null,\r\n    \"errorMessage\": null\r\n  }\r\n}",
      "ResponseHeaders": {
        "Content-Length": [
          "440"
        ],
        "Content-Type": [
          "application/json; charset=utf-8"
        ],
        "Expires": [
          "-1"
        ],
        "Pragma": [
          "no-cache"
        ],
        "x-ms-request-id": [
          "846d65f6-6c35-48a7-b7be-30ccc9547275"
        ],
        "x-ms-ratelimit-remaining-subscription-reads": [
          "14956"
        ],
        "x-ms-correlation-request-id": [
          "04b5332f-d6c3-4732-9031-313ac6934200"
        ],
        "x-ms-routing-request-id": [
          "CENTRALUS:20150829T001359Z:04b5332f-d6c3-4732-9031-313ac6934200"
        ],
        "Strict-Transport-Security": [
          "max-age=31536000; includeSubDomains"
        ],
        "Cache-Control": [
          "no-cache"
        ],
        "Date": [
          "Sat, 29 Aug 2015 00:13:59 GMT"
        ],
        "Server": [
          "Microsoft-IIS/8.5"
        ],
        "X-Powered-By": [
          "ASP.NET"
        ]
      },
      "StatusCode": 200
    },
    {
      "RequestUri": "/subscriptions/4431ebb2-5a07-4d85-85cf-7af34ae85ff5/resourcegroups/onesdk6250/providers/Microsoft.DataFactory/datafactories/onesdk8463/linkedservices/foo2?api-version=2015-09-01",
      "EncodedRequestUri": "L3N1YnNjcmlwdGlvbnMvNDQzMWViYjItNWEwNy00ZDg1LTg1Y2YtN2FmMzRhZTg1ZmY1L3Jlc291cmNlZ3JvdXBzL29uZXNkazYyNTAvcHJvdmlkZXJzL01pY3Jvc29mdC5EYXRhRmFjdG9yeS9kYXRhZmFjdG9yaWVzL29uZXNkazg0NjMvbGlua2Vkc2VydmljZXMvZm9vMj9hcGktdmVyc2lvbj0yMDE1LTA5LTAx",
      "RequestMethod": "PUT",
      "RequestBody": "{\r\n  \"name\": \"foo2\",\r\n  \"properties\": {\r\n    \"type\": \"AzureStorage\",\r\n    \"typeProperties\": {\r\n      \"connectionString\": \"myfakeconnectionstring\"\r\n    }\r\n  }\r\n}",
      "RequestHeaders": {
        "Content-Type": [
          "application/json"
        ],
        "Content-Length": [
          "175"
        ],
        "x-ms-client-request-id": [
          "13c44680-2158-4224-812b-66ee93f50e17"
        ],
        "User-Agent": [
          "Microsoft.Azure.Management.DataFactories.DataFactoryManagementClient/3.0.0.0"
        ]
      },
      "ResponseBody": "{\r\n  \"id\": \"/subscriptions/4431ebb2-5a07-4d85-85cf-7af34ae85ff5/resourcegroups/onesdk6250/providers/Microsoft.DataFactory/datafactories/onesdk8463/linkedservices/foo2\",\r\n  \"name\": \"foo2\",\r\n  \"properties\": {\r\n    \"hubName\": \"onesdk8463_hub\",\r\n    \"type\": \"AzureStorage\",\r\n    \"typeProperties\": {\r\n      \"connectionString\": \"myfakeconnectionstring\"\r\n    },\r\n    \"id\": \"62873b5f-f2cc-4c7d-8ff6-cc885402f848\",\r\n    \"provisioningState\": \"Succeeded\"\r\n  }\r\n}",
      "ResponseHeaders": {
        "Content-Length": [
          "380"
        ],
        "Content-Type": [
          "application/json; charset=utf-8"
        ],
        "Expires": [
          "-1"
        ],
        "Pragma": [
          "no-cache"
        ],
        "x-ms-request-id": [
          "80d27a45-aad7-4829-895b-d53e5b90dd7f"
        ],
        "x-ms-ratelimit-remaining-subscription-writes": [
          "1190"
        ],
        "x-ms-correlation-request-id": [
          "c3fe77dc-cf06-4d26-9737-7126ade928cf"
        ],
        "x-ms-routing-request-id": [
          "CENTRALUS:20150829T001359Z:c3fe77dc-cf06-4d26-9737-7126ade928cf"
        ],
        "Strict-Transport-Security": [
          "max-age=31536000; includeSubDomains"
        ],
        "Cache-Control": [
          "no-cache"
        ],
        "Date": [
          "Sat, 29 Aug 2015 00:13:59 GMT"
        ],
        "Location": [
          "https://api-dogfood.resources.windows-int.net/subscriptions/4431ebb2-5a07-4d85-85cf-7af34ae85ff5/resourcegroups/onesdk6250/providers/Microsoft.DataFactory/datafactories/onesdk8463/linkedservices/foo2?api-version=2015-09-01"
        ],
        "Server": [
          "Microsoft-IIS/8.5"
        ],
        "X-Powered-By": [
          "ASP.NET"
        ]
      },
      "StatusCode": 201
    },
    {
      "RequestUri": "/subscriptions/4431ebb2-5a07-4d85-85cf-7af34ae85ff5/resourcegroups/onesdk6250/providers/Microsoft.DataFactory/datafactories/onesdk8463/linkedservices/foo2?api-version=2015-09-01",
      "EncodedRequestUri": "L3N1YnNjcmlwdGlvbnMvNDQzMWViYjItNWEwNy00ZDg1LTg1Y2YtN2FmMzRhZTg1ZmY1L3Jlc291cmNlZ3JvdXBzL29uZXNkazYyNTAvcHJvdmlkZXJzL01pY3Jvc29mdC5EYXRhRmFjdG9yeS9kYXRhZmFjdG9yaWVzL29uZXNkazg0NjMvbGlua2Vkc2VydmljZXMvZm9vMj9hcGktdmVyc2lvbj0yMDE1LTA5LTAx",
      "RequestMethod": "GET",
      "RequestBody": "",
      "RequestHeaders": {
        "x-ms-client-request-id": [
          "3d1dd35a-7c3c-483c-8824-ce73760f4fe6"
        ],
        "x-ms-version": [
          "2015-09-01"
        ],
        "User-Agent": [
          "Microsoft.Azure.Management.DataFactories.DataFactoryManagementClient/3.0.0.0"
        ]
      },
      "ResponseBody": "{\r\n  \"id\": \"/subscriptions/4431ebb2-5a07-4d85-85cf-7af34ae85ff5/resourcegroups/onesdk6250/providers/Microsoft.DataFactory/datafactories/onesdk8463/linkedservices/foo2\",\r\n  \"name\": \"foo2\",\r\n  \"properties\": {\r\n    \"hubName\": \"onesdk8463_hub\",\r\n    \"type\": \"AzureStorage\",\r\n    \"typeProperties\": {\r\n      \"connectionString\": \"myfakeconnectionstring\"\r\n    },\r\n    \"id\": \"62873b5f-f2cc-4c7d-8ff6-cc885402f848\",\r\n    \"provisioningState\": \"Succeeded\"\r\n  }\r\n}",
      "ResponseHeaders": {
        "Content-Length": [
          "380"
        ],
        "Content-Type": [
          "application/json; charset=utf-8"
        ],
        "Expires": [
          "-1"
        ],
        "Pragma": [
          "no-cache"
        ],
        "x-ms-request-id": [
          "00972953-2d5a-4a89-be2e-11c5782c26e6"
        ],
        "x-ms-ratelimit-remaining-subscription-reads": [
          "14955"
        ],
        "x-ms-correlation-request-id": [
          "0ab79a02-0a80-401e-8c53-4744002a3f1c"
        ],
        "x-ms-routing-request-id": [
          "CENTRALUS:20150829T001400Z:0ab79a02-0a80-401e-8c53-4744002a3f1c"
        ],
        "Strict-Transport-Security": [
          "max-age=31536000; includeSubDomains"
        ],
        "Cache-Control": [
          "no-cache"
        ],
        "Date": [
          "Sat, 29 Aug 2015 00:13:59 GMT"
        ],
        "Server": [
          "Microsoft-IIS/8.5"
        ],
        "X-Powered-By": [
          "ASP.NET"
        ]
      },
      "StatusCode": 200
    },
    {
      "RequestUri": "/subscriptions/4431ebb2-5a07-4d85-85cf-7af34ae85ff5/resourcegroups/onesdk6250/providers/Microsoft.DataFactory/datafactories/onesdk8463/datasets/foo2?api-version=2015-09-01",
      "EncodedRequestUri": "L3N1YnNjcmlwdGlvbnMvNDQzMWViYjItNWEwNy00ZDg1LTg1Y2YtN2FmMzRhZTg1ZmY1L3Jlc291cmNlZ3JvdXBzL29uZXNkazYyNTAvcHJvdmlkZXJzL01pY3Jvc29mdC5EYXRhRmFjdG9yeS9kYXRhZmFjdG9yaWVzL29uZXNkazg0NjMvZGF0YXNldHMvZm9vMj9hcGktdmVyc2lvbj0yMDE1LTA5LTAx",
      "RequestMethod": "PUT",
      "RequestBody": "{\r\n  \"name\": \"foo1\",\r\n  \"properties\": {\r\n    \"type\": \"CustomDataSet\",\r\n    \"typeProperties\": {\r\n      \"tableName\": \"myTable\"\r\n    },\r\n    \"linkedServiceName\": \"foo2\",\r\n    \"availability\": {\r\n      \"frequency\": \"Hour\",\r\n      \"interval\": 1\r\n    }\r\n  }\r\n}",
      "RequestHeaders": {
        "Content-Type": [
          "application/json"
        ],
        "Content-Length": [
          "283"
        ],
        "x-ms-client-request-id": [
          "f8612bfe-f912-4588-9254-f36645b7b386"
        ],
        "User-Agent": [
          "Microsoft.Azure.Management.DataFactories.DataFactoryManagementClient/3.0.0.0"
        ]
      },
      "ResponseBody": "{\r\n  \"name\": \"foo2\",\r\n  \"id\": \"/subscriptions/4431ebb2-5a07-4d85-85cf-7af34ae85ff5/resourcegroups/onesdk6250/providers/Microsoft.DataFactory/datafactories/onesdk8463/tables/foo2\",\r\n  \"properties\": {\r\n    \"published\": false,\r\n    \"type\": \"CustomDataset\",\r\n    \"linkedServiceName\": \"foo2\",\r\n    \"typeProperties\": {\r\n      \"tableName\": \"myTable\"\r\n    },\r\n    \"availability\": {\r\n      \"frequency\": \"Hour\",\r\n      \"interval\": 1\r\n    },\r\n    \"id\": \"6ce69d73-9671-43b3-bdee-70be9c35fcb0\",\r\n    \"createTime\": \"2015-08-29T00:14:00.0946655Z\",\r\n    \"provisioningState\": \"PendingCreation\"\r\n  }\r\n}",
      "ResponseHeaders": {
        "Content-Length": [
          "468"
        ],
        "Content-Type": [
          "application/json; charset=utf-8"
        ],
        "Expires": [
          "-1"
        ],
        "Pragma": [
          "no-cache"
        ],
        "x-ms-request-id": [
          "375036d9-1d72-4c86-acf4-4a26b04c7675"
        ],
        "x-ms-ratelimit-remaining-subscription-writes": [
          "1189"
        ],
        "x-ms-correlation-request-id": [
          "30fc90c6-e7a1-4076-99d3-bc31415b1d59"
        ],
        "x-ms-routing-request-id": [
          "CENTRALUS:20150829T001400Z:30fc90c6-e7a1-4076-99d3-bc31415b1d59"
        ],
        "Strict-Transport-Security": [
          "max-age=31536000; includeSubDomains"
        ],
        "Cache-Control": [
          "no-cache"
        ],
        "Date": [
          "Sat, 29 Aug 2015 00:14:00 GMT"
        ],
        "Location": [
          "https://api-dogfood.resources.windows-int.net/subscriptions/4431ebb2-5a07-4d85-85cf-7af34ae85ff5/resourcegroups/onesdk6250/providers/Microsoft.DataFactory/datafactories/onesdk8463/datasets/foo2?api-version=2015-09-01"
        ],
        "Server": [
          "Microsoft-IIS/8.5"
        ],
        "X-Powered-By": [
          "ASP.NET"
        ]
      },
      "StatusCode": 201
    },
    {
      "RequestUri": "/subscriptions/4431ebb2-5a07-4d85-85cf-7af34ae85ff5/resourcegroups/onesdk6250/providers/Microsoft.DataFactory/datafactories/onesdk8463/datasets/foo2?api-version=2015-09-01",
      "EncodedRequestUri": "L3N1YnNjcmlwdGlvbnMvNDQzMWViYjItNWEwNy00ZDg1LTg1Y2YtN2FmMzRhZTg1ZmY1L3Jlc291cmNlZ3JvdXBzL29uZXNkazYyNTAvcHJvdmlkZXJzL01pY3Jvc29mdC5EYXRhRmFjdG9yeS9kYXRhZmFjdG9yaWVzL29uZXNkazg0NjMvZGF0YXNldHMvZm9vMj9hcGktdmVyc2lvbj0yMDE1LTA5LTAx",
      "RequestMethod": "GET",
      "RequestBody": "",
      "RequestHeaders": {
        "x-ms-client-request-id": [
          "60400af2-1fa5-42b5-8de9-449cd8a75c31"
        ],
        "x-ms-version": [
          "2015-09-01"
        ],
        "User-Agent": [
          "Microsoft.Azure.Management.DataFactories.DataFactoryManagementClient/3.0.0.0"
        ]
      },
      "ResponseBody": "{\r\n  \"name\": \"foo2\",\r\n  \"id\": \"/subscriptions/4431ebb2-5a07-4d85-85cf-7af34ae85ff5/resourcegroups/onesdk6250/providers/Microsoft.DataFactory/datafactories/onesdk8463/tables/foo2\",\r\n  \"properties\": {\r\n    \"published\": false,\r\n    \"type\": \"CustomDataset\",\r\n    \"linkedServiceName\": \"foo2\",\r\n    \"typeProperties\": {\r\n      \"tableName\": \"myTable\"\r\n    },\r\n    \"availability\": {\r\n      \"frequency\": \"Hour\",\r\n      \"interval\": 1\r\n    },\r\n    \"id\": \"6ce69d73-9671-43b3-bdee-70be9c35fcb0\",\r\n    \"createTime\": \"2015-08-29T00:13:59.9423591Z\",\r\n    \"provisioningState\": \"Succeeded\"\r\n  }\r\n}",
      "ResponseHeaders": {
        "Content-Length": [
          "462"
        ],
        "Content-Type": [
          "application/json; charset=utf-8"
        ],
        "Expires": [
          "-1"
        ],
        "Pragma": [
          "no-cache"
        ],
        "x-ms-request-id": [
          "15685368-aa14-4fdf-9a93-ae6867813a14"
        ],
        "x-ms-ratelimit-remaining-subscription-reads": [
          "14954"
        ],
        "x-ms-correlation-request-id": [
          "0c4c4a58-b5a6-4d89-986e-dfdd0c9617a0"
        ],
        "x-ms-routing-request-id": [
          "CENTRALUS:20150829T001400Z:0c4c4a58-b5a6-4d89-986e-dfdd0c9617a0"
        ],
        "Strict-Transport-Security": [
          "max-age=31536000; includeSubDomains"
        ],
        "Cache-Control": [
          "no-cache"
        ],
        "Date": [
          "Sat, 29 Aug 2015 00:14:00 GMT"
        ],
        "Server": [
          "Microsoft-IIS/8.5"
        ],
        "X-Powered-By": [
          "ASP.NET"
        ]
      },
      "StatusCode": 200
    },
    {
      "RequestUri": "/subscriptions/4431ebb2-5a07-4d85-85cf-7af34ae85ff5/resourcegroups/onesdk6250/providers/Microsoft.DataFactory/datafactories/onesdk8463/datasets/foo2?api-version=2015-09-01",
      "EncodedRequestUri": "L3N1YnNjcmlwdGlvbnMvNDQzMWViYjItNWEwNy00ZDg1LTg1Y2YtN2FmMzRhZTg1ZmY1L3Jlc291cmNlZ3JvdXBzL29uZXNkazYyNTAvcHJvdmlkZXJzL01pY3Jvc29mdC5EYXRhRmFjdG9yeS9kYXRhZmFjdG9yaWVzL29uZXNkazg0NjMvZGF0YXNldHMvZm9vMj9hcGktdmVyc2lvbj0yMDE1LTA5LTAx",
      "RequestMethod": "GET",
      "RequestBody": "",
      "RequestHeaders": {
        "x-ms-client-request-id": [
          "ea6a5988-b504-4806-a423-21f26ab6e97d"
        ],
        "User-Agent": [
          "Microsoft.Azure.Management.DataFactories.DataFactoryManagementClient/3.0.0.0"
        ]
      },
      "ResponseBody": "{\r\n  \"name\": \"foo2\",\r\n  \"id\": \"/subscriptions/4431ebb2-5a07-4d85-85cf-7af34ae85ff5/resourcegroups/onesdk6250/providers/Microsoft.DataFactory/datafactories/onesdk8463/tables/foo2\",\r\n  \"properties\": {\r\n    \"published\": false,\r\n    \"type\": \"CustomDataset\",\r\n    \"linkedServiceName\": \"foo2\",\r\n    \"typeProperties\": {\r\n      \"tableName\": \"myTable\"\r\n    },\r\n    \"availability\": {\r\n      \"frequency\": \"Hour\",\r\n      \"interval\": 1\r\n    },\r\n    \"id\": \"6ce69d73-9671-43b3-bdee-70be9c35fcb0\",\r\n    \"createTime\": \"2015-08-29T00:13:59.9423591Z\",\r\n    \"provisioningState\": \"Succeeded\"\r\n  }\r\n}",
      "ResponseHeaders": {
        "Content-Length": [
          "462"
        ],
        "Content-Type": [
          "application/json; charset=utf-8"
        ],
        "Expires": [
          "-1"
        ],
        "Pragma": [
          "no-cache"
        ],
        "x-ms-request-id": [
          "5033c9c7-e6c2-4ddf-964f-27150f754a0a"
        ],
        "x-ms-ratelimit-remaining-subscription-reads": [
          "14953"
        ],
        "x-ms-correlation-request-id": [
          "f3f3ce14-5667-4087-a98e-a41b0ee3ec1b"
        ],
        "x-ms-routing-request-id": [
          "CENTRALUS:20150829T001400Z:f3f3ce14-5667-4087-a98e-a41b0ee3ec1b"
        ],
        "Strict-Transport-Security": [
          "max-age=31536000; includeSubDomains"
        ],
        "Cache-Control": [
          "no-cache"
        ],
        "Date": [
          "Sat, 29 Aug 2015 00:14:00 GMT"
        ],
        "Server": [
          "Microsoft-IIS/8.5"
        ],
        "X-Powered-By": [
          "ASP.NET"
        ]
      },
      "StatusCode": 200
    },
    {
      "RequestUri": "/subscriptions/4431ebb2-5a07-4d85-85cf-7af34ae85ff5/resourcegroups/onesdk6250/providers/Microsoft.DataFactory/datafactories/onesdk8463/datasets/foo2?api-version=2015-09-01",
      "EncodedRequestUri": "L3N1YnNjcmlwdGlvbnMvNDQzMWViYjItNWEwNy00ZDg1LTg1Y2YtN2FmMzRhZTg1ZmY1L3Jlc291cmNlZ3JvdXBzL29uZXNkazYyNTAvcHJvdmlkZXJzL01pY3Jvc29mdC5EYXRhRmFjdG9yeS9kYXRhZmFjdG9yaWVzL29uZXNkazg0NjMvZGF0YXNldHMvZm9vMj9hcGktdmVyc2lvbj0yMDE1LTA5LTAx",
      "RequestMethod": "DELETE",
      "RequestBody": "",
      "RequestHeaders": {
        "x-ms-client-request-id": [
          "edfdc1e7-7075-4b0d-a82c-ca8e3f2dce76"
        ],
        "User-Agent": [
          "Microsoft.Azure.Management.DataFactories.DataFactoryManagementClient/3.0.0.0"
        ]
      },
      "ResponseBody": "",
      "ResponseHeaders": {
        "Content-Length": [
          "0"
        ],
        "Expires": [
          "-1"
        ],
        "Pragma": [
          "no-cache"
        ],
        "Retry-After": [
          "15"
        ],
        "x-ms-request-id": [
          "de0b7b8b-abdd-4295-9df9-79e55e6a87d3"
        ],
        "x-ms-ratelimit-remaining-subscription-writes": [
          "1188"
        ],
        "x-ms-correlation-request-id": [
          "bb435716-e7b0-4970-902c-40c71f002bee"
        ],
        "x-ms-routing-request-id": [
          "CENTRALUS:20150829T001400Z:bb435716-e7b0-4970-902c-40c71f002bee"
        ],
        "Strict-Transport-Security": [
          "max-age=31536000; includeSubDomains"
        ],
        "Cache-Control": [
          "no-cache"
        ],
        "Date": [
          "Sat, 29 Aug 2015 00:14:00 GMT"
        ],
        "Location": [
          "https://api-dogfood.resources.windows-int.net/subscriptions/4431ebb2-5a07-4d85-85cf-7af34ae85ff5/resourcegroups/onesdk6250/providers/Microsoft.DataFactory/datafactories/onesdk8463/datasets/foo2/operationresults/499541ca0d31423094eb46086a13d086?api-version=2015-09-01"
        ],
        "Server": [
          "Microsoft-IIS/8.5"
        ],
        "X-Powered-By": [
          "ASP.NET"
        ]
      },
      "StatusCode": 202
    },
    {
      "RequestUri": "/subscriptions/4431ebb2-5a07-4d85-85cf-7af34ae85ff5/resourcegroups/onesdk6250/providers/Microsoft.DataFactory/datafactories/onesdk8463/datasets/foo2/operationresults/499541ca0d31423094eb46086a13d086?api-version=2015-09-01",
      "EncodedRequestUri": "L3N1YnNjcmlwdGlvbnMvNDQzMWViYjItNWEwNy00ZDg1LTg1Y2YtN2FmMzRhZTg1ZmY1L3Jlc291cmNlZ3JvdXBzL29uZXNkazYyNTAvcHJvdmlkZXJzL01pY3Jvc29mdC5EYXRhRmFjdG9yeS9kYXRhZmFjdG9yaWVzL29uZXNkazg0NjMvZGF0YXNldHMvZm9vMi9vcGVyYXRpb25yZXN1bHRzLzQ5OTU0MWNhMGQzMTQyMzA5NGViNDYwODZhMTNkMDg2P2FwaS12ZXJzaW9uPTIwMTUtMDktMDE=",
      "RequestMethod": "GET",
      "RequestBody": "",
      "RequestHeaders": {
        "x-ms-version": [
          "2015-09-01"
        ],
        "User-Agent": [
          "Microsoft.Azure.Management.DataFactories.DataFactoryManagementClient/3.0.0.0"
        ]
      },
      "ResponseBody": "",
      "ResponseHeaders": {
        "Content-Length": [
          "0"
        ],
        "Expires": [
          "-1"
        ],
        "Pragma": [
          "no-cache"
        ],
        "Retry-After": [
          "15"
        ],
        "x-ms-request-id": [
          "44c42e38-48fb-44f5-8cb2-563d9c0983bb"
        ],
        "x-ms-ratelimit-remaining-subscription-reads": [
          "14952"
        ],
        "x-ms-correlation-request-id": [
          "248c2c46-1a08-4e9e-a148-e78fd5a950a9"
        ],
        "x-ms-routing-request-id": [
          "CENTRALUS:20150829T001401Z:248c2c46-1a08-4e9e-a148-e78fd5a950a9"
        ],
        "Strict-Transport-Security": [
          "max-age=31536000; includeSubDomains"
        ],
        "Cache-Control": [
          "no-cache"
        ],
        "Date": [
          "Sat, 29 Aug 2015 00:14:00 GMT"
        ],
        "Location": [
          "https://api-dogfood.resources.windows-int.net/subscriptions/4431ebb2-5a07-4d85-85cf-7af34ae85ff5/resourcegroups/onesdk6250/providers/Microsoft.DataFactory/datafactories/onesdk8463/datasets/foo2/operationresults/499541ca0d31423094eb46086a13d086?api-version=2015-09-01"
        ],
        "Server": [
          "Microsoft-IIS/8.5"
        ],
        "X-Powered-By": [
          "ASP.NET"
        ]
      },
      "StatusCode": 202
    },
    {
      "RequestUri": "/subscriptions/4431ebb2-5a07-4d85-85cf-7af34ae85ff5/resourcegroups/onesdk6250/providers/Microsoft.DataFactory/datafactories/onesdk8463/datasets/foo2/operationresults/499541ca0d31423094eb46086a13d086?api-version=2015-09-01",
      "EncodedRequestUri": "L3N1YnNjcmlwdGlvbnMvNDQzMWViYjItNWEwNy00ZDg1LTg1Y2YtN2FmMzRhZTg1ZmY1L3Jlc291cmNlZ3JvdXBzL29uZXNkazYyNTAvcHJvdmlkZXJzL01pY3Jvc29mdC5EYXRhRmFjdG9yeS9kYXRhZmFjdG9yaWVzL29uZXNkazg0NjMvZGF0YXNldHMvZm9vMi9vcGVyYXRpb25yZXN1bHRzLzQ5OTU0MWNhMGQzMTQyMzA5NGViNDYwODZhMTNkMDg2P2FwaS12ZXJzaW9uPTIwMTUtMDktMDE=",
      "RequestMethod": "GET",
      "RequestBody": "",
      "RequestHeaders": {
        "x-ms-version": [
          "2015-09-01"
        ],
        "User-Agent": [
          "Microsoft.Azure.Management.DataFactories.DataFactoryManagementClient/3.0.0.0"
        ]
      },
      "ResponseBody": "",
      "ResponseHeaders": {
        "Content-Length": [
          "0"
        ],
        "Expires": [
          "-1"
        ],
        "Pragma": [
          "no-cache"
        ],
        "x-ms-request-id": [
          "a7f9cd2d-eb1c-4d3b-a2f6-2a5f1a0d4825"
        ],
        "x-ms-ratelimit-remaining-subscription-reads": [
          "14951"
        ],
        "x-ms-correlation-request-id": [
          "15a6d658-f907-44fc-a5b8-584c59beb550"
        ],
        "x-ms-routing-request-id": [
          "CENTRALUS:20150829T001416Z:15a6d658-f907-44fc-a5b8-584c59beb550"
        ],
        "Strict-Transport-Security": [
          "max-age=31536000; includeSubDomains"
        ],
        "Cache-Control": [
          "no-cache"
        ],
        "Date": [
          "Sat, 29 Aug 2015 00:14:16 GMT"
        ],
        "Server": [
          "Microsoft-IIS/8.5"
        ],
        "X-Powered-By": [
          "ASP.NET"
        ]
      },
      "StatusCode": 200
    },
    {
      "RequestUri": "/subscriptions/4431ebb2-5a07-4d85-85cf-7af34ae85ff5/resourcegroups/onesdk6250/providers/Microsoft.DataFactory/datafactories/onesdk8463?api-version=2015-09-01",
      "EncodedRequestUri": "L3N1YnNjcmlwdGlvbnMvNDQzMWViYjItNWEwNy00ZDg1LTg1Y2YtN2FmMzRhZTg1ZmY1L3Jlc291cmNlZ3JvdXBzL29uZXNkazYyNTAvcHJvdmlkZXJzL01pY3Jvc29mdC5EYXRhRmFjdG9yeS9kYXRhZmFjdG9yaWVzL29uZXNkazg0NjM/YXBpLXZlcnNpb249MjAxNS0wOS0wMQ==",
      "RequestMethod": "DELETE",
      "RequestBody": "",
      "RequestHeaders": {
        "x-ms-client-request-id": [
          "792a9b10-fcf0-4b42-b51d-42959a016d3f"
        ],
        "User-Agent": [
          "Microsoft.Azure.Management.DataFactories.DataFactoryManagementClient/3.0.0.0"
        ]
      },
      "ResponseBody": "",
      "ResponseHeaders": {
        "Content-Length": [
          "0"
        ],
        "Expires": [
          "-1"
        ],
        "Pragma": [
          "no-cache"
        ],
        "x-ms-request-id": [
          "b1525e18-b1ec-4046-ad1e-07783ddf905f"
        ],
        "x-ms-ratelimit-remaining-subscription-writes": [
          "1187"
        ],
        "x-ms-correlation-request-id": [
          "a4975de2-8103-4890-9bed-b23090eb5ae5"
        ],
        "x-ms-routing-request-id": [
          "CENTRALUS:20150829T001417Z:a4975de2-8103-4890-9bed-b23090eb5ae5"
        ],
        "Strict-Transport-Security": [
          "max-age=31536000; includeSubDomains"
        ],
        "Cache-Control": [
          "no-cache"
        ],
        "Date": [
          "Sat, 29 Aug 2015 00:14:17 GMT"
        ],
        "Server": [
          "Microsoft-IIS/8.5"
        ],
        "X-Powered-By": [
          "ASP.NET"
        ]
      },
      "StatusCode": 200
    }
  ],
  "Names": {
    "Test-Table": [
      "onesdk8463",
      "onesdk6250"
    ]
  },
  "Variables": {
    "SubscriptionId": "4431ebb2-5a07-4d85-85cf-7af34ae85ff5"
  }
}