{
  "Initialize-AzDataProtectionRestoreRequest+[NoContext]+__AllParameterSets+$POST+https://management.azure.com/subscriptions/62b829ee-7936-40c9-a1c9-47a93f9f3965/resourceGroups/BlobBackup-BugBash/providers/Microsoft.DataProtection/backupVaults/jecECYBlobVault/backupInstances/ecystorageaccount-ecystorageaccount-6cf6c912-e433-4614-ba78-f26a653d4085/findRestorableTimeRanges?api-version=2021-01-01+1": {
    "Request": {
      "Method": "POST",
      "RequestUri": "https://management.azure.com/subscriptions/62b829ee-7936-40c9-a1c9-47a93f9f3965/resourceGroups/BlobBackup-BugBash/providers/Microsoft.DataProtection/backupVaults/jecECYBlobVault/backupInstances/ecystorageaccount-ecystorageaccount-6cf6c912-e433-4614-ba78-f26a653d4085/findRestorableTimeRanges?api-version=2021-01-01",
      "Content": "{\r\n  \"sourceDataStoreType\": \"OperationalStore\",\r\n  \"startTime\": \"2021-03-27T14:59:45.0000000Z\",\r\n  \"endTime\": \"2021-04-26T14:59:45.0000000Z\"\r\n}",
      "isContentBase64": false,
      "Headers": {
      },
      "ContentHeaders": {
        "Content-Type": [ "application/json" ],
        "Content-Length": [ "143" ]
      }
    },
    "Response": {
      "StatusCode": 200,
      "Headers": {
        "Cache-Control": [ "no-cache" ],
        "Pragma": [ "no-cache" ],
        "X-Content-Type-Options": [ "nosniff" ],
        "x-ms-request-id": [ "" ],
        "Strict-Transport-Security": [ "max-age=31536000; includeSubDomains" ],
        "Server": [ "Microsoft-IIS/10.0" ],
        "X-Powered-By": [ "ASP.NET" ],
        "x-ms-ratelimit-remaining-subscription-writes": [ "1196" ],
        "x-ms-correlation-request-id": [ "3321f945-ba17-4f51-b4a1-88fdd325b55d" ],
        "x-ms-routing-request-id": [ "SOUTHEASTASIA:20210426T092946Z:3321f945-ba17-4f51-b4a1-88fdd325b55d" ],
        "Date": [ "Mon, 26 Apr 2021 09:29:46 GMT" ]
      },
      "ContentHeaders": {
        "Content-Length": [ "389" ],
        "Content-Type": [ "application/json" ],
        "Expires": [ "-1" ]
      },
      "Content": "{\"id\":\"ecystorageaccount-ecystorageaccount-6cf6c912-e433-4614-ba78-f26a653d4085\",\"type\":\"Microsoft.DataProtection/backupVaults/backupInstances/findRestorableTimeRanges\",\"properties\":{\"restorableTimeRanges\":[{\"startTime\":\"2021-03-27T14:59:45.0000000Z\",\"endTime\":\"2021-04-26T09:29:46.1472620Z\",\"objectType\":\"RestorableTimeRange\"}],\"objectType\":\"AzureBackupFindRestorableTimeRangesResponse\"}}",
      "isContentBase64": false
    }
  },
  "Initialize-AzDataProtectionRestoreRequest+[NoContext]+__AllParameterSets+$GET+https://management.azure.com/subscriptions/62b829ee-7936-40c9-a1c9-47a93f9f3965/resourceGroups/BlobBackup-BugBash/providers/Microsoft.DataProtection/backupVaults/jecECYBlobVault?api-version=2021-01-01+2": {
    "Request": {
      "Method": "GET",
      "RequestUri": "https://management.azure.com/subscriptions/62b829ee-7936-40c9-a1c9-47a93f9f3965/resourceGroups/BlobBackup-BugBash/providers/Microsoft.DataProtection/backupVaults/jecECYBlobVault?api-version=2021-01-01",
      "Content": null,
      "isContentBase64": false,
      "Headers": {
        "x-ms-unique-id": [ "39" ],
        "x-ms-client-request-id": [ "acdb2327-a785-4daf-999b-5604ec0bfc1d" ],
        "CommandName": [ "Get-AzDataProtectionBackupVault" ],
        "FullCommandName": [ "Get-AzDataProtectionBackupVault_Get" ],
        "ParameterSetName": [ "__AllParameterSets" ],
        "User-Agent": [ "AzurePowershell/Az4.0.0-preview" ],
        "Authorization": [ "[Filtered]" ]
      },
      "ContentHeaders": {
      }
    },
    "Response": {
      "StatusCode": 200,
      "Headers": {
        "Cache-Control": [ "no-cache" ],
        "Pragma": [ "no-cache" ],
        "X-Content-Type-Options": [ "nosniff" ],
        "x-ms-request-id": [ "" ],
        "Strict-Transport-Security": [ "max-age=31536000; includeSubDomains" ],
        "Server": [ "Microsoft-IIS/10.0" ],
        "X-Powered-By": [ "ASP.NET" ],
        "x-ms-ratelimit-remaining-subscription-reads": [ "11965" ],
        "x-ms-correlation-request-id": [ "7e99e8de-b4de-4755-89e6-e5a4a0f083c8" ],
        "x-ms-routing-request-id": [ "SOUTHEASTASIA:20210426T092946Z:7e99e8de-b4de-4755-89e6-e5a4a0f083c8" ],
        "Date": [ "Mon, 26 Apr 2021 09:29:46 GMT" ]
      },
      "ContentHeaders": {
        "Content-Length": [ "529" ],
        "Content-Type": [ "application/json" ],
        "Expires": [ "-1" ]
      },
      "Content": "{\"location\":\"eastus2euap\",\"tags\":{},\"identity\":{\"type\":\"SystemAssigned\",\"principalId\":\"d3026af2-1184-47e4-bed5-0a29b48d8fa3\",\"tenantId\":\"72f988bf-86f1-41af-91ab-2d7cd011db47\"},\"id\":\"/subscriptions/62b829ee-7936-40c9-a1c9-47a93f9f3965/resourcegroups/BlobBackup-BugBash/providers/Microsoft.DataProtection/BackupVaults/jecECYBlobVault\",\"name\":\"jecECYBlobVault\",\"type\":\"Microsoft.DataProtection/backupVaults\",\"properties\":{\"provisioningState\":\"Succeeded\",\"storageSettings\":[{\"datastoreType\":\"VaultStore\",\"type\":\"LocallyRedundant\"}]}}",
      "isContentBase64": false
    }
  },
  "Initialize-AzDataProtectionRestoreRequest+[NoContext]+__AllParameterSets+$POST+https://management.azure.com/subscriptions/62b829ee-7936-40c9-a1c9-47a93f9f3965/resourceGroups/BlobBackup-BugBash/providers/Microsoft.DataProtection/backupVaults/jecECYBlobVault/backupInstances/ecystorageaccount-ecystorageaccount-6cf6c912-e433-4614-ba78-f26a653d4085/restore?api-version=2021-01-01+3": {
    "Request": {
      "Method": "POST",
      "RequestUri": "https://management.azure.com/subscriptions/62b829ee-7936-40c9-a1c9-47a93f9f3965/resourceGroups/BlobBackup-BugBash/providers/Microsoft.DataProtection/backupVaults/jecECYBlobVault/backupInstances/ecystorageaccount-ecystorageaccount-6cf6c912-e433-4614-ba78-f26a653d4085/restore?api-version=2021-01-01",
      "Content": "{\r\n  \"restoreTargetInfo\": {\r\n    \"objectType\": \"restoreTargetInfo\",\r\n    \"recoveryOption\": \"FailIfExists\",\r\n    \"restoreLocation\": \"eastus2euap\",\r\n    \"datasourceInfo\": {\r\n      \"datasourceType\": \"Microsoft.Storage/storageAccounts/blobServices\",\r\n      \"objectType\": \"Datasource\",\r\n      \"resourceID\": \"/subscriptions/62b829ee-7936-40c9-a1c9-47a93f9f3965/resourceGroups/BlobBackup-BugBash/providers/Microsoft.Storage/storageAccounts/ecystorageaccount\",\r\n      \"resourceLocation\": \"eastus2euap\",\r\n      \"resourceName\": \"ecystorageaccount\",\r\n      \"resourceType\": \"Microsoft.Storage/storageAccounts\",\r\n      \"resourceUri\": \"/subscriptions/62b829ee-7936-40c9-a1c9-47a93f9f3965/resourceGroups/BlobBackup-BugBash/providers/Microsoft.Storage/storageAccounts/ecystorageaccount\"\r\n    }\r\n  },\r\n  \"objectType\": \"AzureBackupRecoveryTimeBasedRestoreRequest\",\r\n  \"sourceDataStoreType\": \"OperationalStore\",\r\n  \"recoveryPointTime\": \"2021-04-26T09:29:46.0000000Z\"\r\n}",
      "isContentBase64": false,
      "Headers": {
      },
      "ContentHeaders": {
        "Content-Type": [ "application/json" ],
        "Content-Length": [ "950" ]
      }
    },
    "Response": {
      "StatusCode": 202,
      "Headers": {
        "Cache-Control": [ "no-cache" ],
        "Pragma": [ "no-cache" ],
        "Location": [ "https://management.azure.com/subscriptions/62b829ee-7936-40c9-a1c9-47a93f9f3965/providers/Microsoft.DataProtection/locations/eastus2euap/operationResults/Y2ZlZmJjZDktYzhkOC00M2Q2LWI0MjgtMmZlYzkzZmM1NGY2O2RiZGU2MDUzLWNlNmMtNGY2MC05ZmI5LTVlZGVhYzMzZDU4OQ==?api-version=2021-01-01" ],
        "Retry-After": [ "30" ],
        "Azure-AsyncOperation": [ "https://management.azure.com/subscriptions/62b829ee-7936-40c9-a1c9-47a93f9f3965/providers/Microsoft.DataProtection/locations/eastus2euap/operationStatus/Y2ZlZmJjZDktYzhkOC00M2Q2LWI0MjgtMmZlYzkzZmM1NGY2O2RiZGU2MDUzLWNlNmMtNGY2MC05ZmI5LTVlZGVhYzMzZDU4OQ==?api-version=2021-01-01" ],
        "X-Content-Type-Options": [ "nosniff" ],
        "x-ms-request-id": [ "" ],
        "Strict-Transport-Security": [ "max-age=31536000; includeSubDomains" ],
        "X-Powered-By": [ "ASP.NET" ],
        "x-ms-ratelimit-remaining-subscription-writes": [ "1195" ],
        "x-ms-correlation-request-id": [ "c71a3133-5277-40f1-bb84-76880f3260e6" ],
        "x-ms-routing-request-id": [ "SOUTHEASTASIA:20210426T092947Z:c71a3133-5277-40f1-bb84-76880f3260e6" ],
        "Date": [ "Mon, 26 Apr 2021 09:29:47 GMT" ]
      },
      "ContentHeaders": {
        "Expires": [ "-1" ],
        "Content-Length": [ "0" ]
      },
      "Content": null,
      "isContentBase64": false
    }
  },
  "Initialize-AzDataProtectionRestoreRequest+[NoContext]+__AllParameterSets+$GET+https://management.azure.com/subscriptions/62b829ee-7936-40c9-a1c9-47a93f9f3965/providers/Microsoft.DataProtection/locations/eastus2euap/operationStatus/Y2ZlZmJjZDktYzhkOC00M2Q2LWI0MjgtMmZlYzkzZmM1NGY2O2RiZGU2MDUzLWNlNmMtNGY2MC05ZmI5LTVlZGVhYzMzZDU4OQ==?api-version=2021-01-01+4": {
    "Request": {
      "Method": "GET",
      "RequestUri": "https://management.azure.com/subscriptions/62b829ee-7936-40c9-a1c9-47a93f9f3965/providers/Microsoft.DataProtection/locations/eastus2euap/operationStatus/Y2ZlZmJjZDktYzhkOC00M2Q2LWI0MjgtMmZlYzkzZmM1NGY2O2RiZGU2MDUzLWNlNmMtNGY2MC05ZmI5LTVlZGVhYzMzZDU4OQ==?api-version=2021-01-01",
      "Content": null,
      "isContentBase64": false,
      "Headers": {
        "Authorization": [ "[Filtered]" ],
        "x-ms-unique-id": [ "41" ],
        "x-ms-client-request-id": [ "432c10bd-6e83-45fb-925d-db1ec9422e1a" ],
        "CommandName": [ "Start-AzDataProtectionBackupInstanceRestore" ],
        "FullCommandName": [ "Start-AzDataProtectionBackupInstanceRestore_Trigger" ],
        "ParameterSetName": [ "__AllParameterSets" ],
        "User-Agent": [ "AzurePowershell/Az4.0.0-preview" ]
      },
      "ContentHeaders": {
      }
    },
    "Response": {
      "StatusCode": 200,
      "Headers": {
        "Cache-Control": [ "no-cache" ],
        "Pragma": [ "no-cache" ],
        "X-Content-Type-Options": [ "nosniff" ],
        "x-ms-request-id": [ "" ],
        "Strict-Transport-Security": [ "max-age=31536000; includeSubDomains" ],
        "Server": [ "Microsoft-IIS/10.0" ],
        "X-Powered-By": [ "ASP.NET" ],
        "x-ms-ratelimit-remaining-subscription-reads": [ "11964" ],
        "x-ms-correlation-request-id": [ "5b4b08d5-ffa6-4501-be41-c2915f0f8276" ],
        "x-ms-routing-request-id": [ "SOUTHEASTASIA:20210426T093017Z:5b4b08d5-ffa6-4501-be41-c2915f0f8276" ],
        "Date": [ "Mon, 26 Apr 2021 09:30:17 GMT" ]
      },
      "ContentHeaders": {
        "Content-Length": [ "704" ],
        "Content-Type": [ "application/json" ],
        "Expires": [ "-1" ]
      },
      "Content": "{\"id\":\"/subscriptions/62b829ee-7936-40c9-a1c9-47a93f9f3965/providers/Microsoft.DataProtection/locations/eastus2euap/operationStatus/Y2ZlZmJjZDktYzhkOC00M2Q2LWI0MjgtMmZlYzkzZmM1NGY2O2RiZGU2MDUzLWNlNmMtNGY2MC05ZmI5LTVlZGVhYzMzZDU4OQ==\",\"name\":\"Y2ZlZmJjZDktYzhkOC00M2Q2LWI0MjgtMmZlYzkzZmM1NGY2O2RiZGU2MDUzLWNlNmMtNGY2MC05ZmI5LTVlZGVhYzMzZDU4OQ==\",\"status\":\"Succeeded\",\"startTime\":\"2021-04-26T09:29:47.0201548Z\",\"endTime\":\"2021-04-26T09:29:48Z\",\"properties\":{\"jobId\":\"/subscriptions/62b829ee-7936-40c9-a1c9-47a93f9f3965/resourcegroups/BlobBackup-BugBash/providers/Microsoft.DataProtection/BackupVaults/jecECYBlobVault/backupJobs/e33336db-6724-4e07-9509-2652bf431a36\",\"objectType\":\"OperationJobExtendedInfo\"}}",
      "isContentBase64": false
    }
  },
  "Initialize-AzDataProtectionRestoreRequest+[NoContext]+__AllParameterSets+$GET+https://management.azure.com/subscriptions/62b829ee-7936-40c9-a1c9-47a93f9f3965/providers/Microsoft.DataProtection/locations/eastus2euap/operationResults/Y2ZlZmJjZDktYzhkOC00M2Q2LWI0MjgtMmZlYzkzZmM1NGY2O2RiZGU2MDUzLWNlNmMtNGY2MC05ZmI5LTVlZGVhYzMzZDU4OQ==?api-version=2021-01-01+5": {
    "Request": {
      "Method": "GET",
      "RequestUri": "https://management.azure.com/subscriptions/62b829ee-7936-40c9-a1c9-47a93f9f3965/providers/Microsoft.DataProtection/locations/eastus2euap/operationResults/Y2ZlZmJjZDktYzhkOC00M2Q2LWI0MjgtMmZlYzkzZmM1NGY2O2RiZGU2MDUzLWNlNmMtNGY2MC05ZmI5LTVlZGVhYzMzZDU4OQ==?api-version=2021-01-01",
      "Content": null,
      "isContentBase64": false,
      "Headers": {
        "Authorization": [ "[Filtered]" ],
        "x-ms-unique-id": [ "42" ],
        "x-ms-client-request-id": [ "432c10bd-6e83-45fb-925d-db1ec9422e1a" ],
        "CommandName": [ "Start-AzDataProtectionBackupInstanceRestore" ],
        "FullCommandName": [ "Start-AzDataProtectionBackupInstanceRestore_Trigger" ],
        "ParameterSetName": [ "__AllParameterSets" ],
        "User-Agent": [ "AzurePowershell/Az4.0.0-preview" ]
      },
      "ContentHeaders": {
      }
    },
    "Response": {
      "StatusCode": 200,
      "Headers": {
        "Cache-Control": [ "no-cache" ],
        "Pragma": [ "no-cache" ],
        "Retry-After": [ "30" ],
        "Azure-AsyncOperation": [ "https://management.azure.com/subscriptions/62b829ee-7936-40c9-a1c9-47a93f9f3965/providers/Microsoft.DataProtection/locations/eastus2euap/operationStatus/Y2ZlZmJjZDktYzhkOC00M2Q2LWI0MjgtMmZlYzkzZmM1NGY2O2RiZGU2MDUzLWNlNmMtNGY2MC05ZmI5LTVlZGVhYzMzZDU4OQ==?api-version=2021-01-01" ],
        "X-Content-Type-Options": [ "nosniff" ],
        "x-ms-request-id": [ "" ],
        "Strict-Transport-Security": [ "max-age=31536000; includeSubDomains" ],
        "Server": [ "Microsoft-IIS/10.0" ],
        "X-Powered-By": [ "ASP.NET" ],
        "x-ms-ratelimit-remaining-subscription-reads": [ "11963" ],
        "x-ms-correlation-request-id": [ "49551ece-eeba-45fc-9c61-8ed1b3e6e132" ],
        "x-ms-routing-request-id": [ "SOUTHEASTASIA:20210426T093018Z:49551ece-eeba-45fc-9c61-8ed1b3e6e132" ],
        "Date": [ "Mon, 26 Apr 2021 09:30:17 GMT" ]
      },
      "ContentHeaders": {
        "Content-Length": [ "249" ],
        "Content-Type": [ "application/json" ],
        "Expires": [ "-1" ]
      },
      "Content": "{\"jobId\":\"/subscriptions/62b829ee-7936-40c9-a1c9-47a93f9f3965/resourcegroups/BlobBackup-BugBash/providers/Microsoft.DataProtection/BackupVaults/jecECYBlobVault/backupJobs/e33336db-6724-4e07-9509-2652bf431a36\",\"objectType\":\"OperationJobExtendedInfo\"}",
      "isContentBase64": false
    }
  },
  "Initialize-AzDataProtectionRestoreRequest+[NoContext]+__AllParameterSets+$GET+https://management.azure.com/subscriptions/62b829ee-7936-40c9-a1c9-47a93f9f3965/resourceGroups/BlobBackup-BugBash/providers/Microsoft.DataProtection/backupVaults/jecECYBlobVault/backupJobs/e33336db-6724-4e07-9509-2652bf431a36?api-version=2021-01-01+6": {
    "Request": {
      "Method": "GET",
      "RequestUri": "https://management.azure.com/subscriptions/62b829ee-7936-40c9-a1c9-47a93f9f3965/resourceGroups/BlobBackup-BugBash/providers/Microsoft.DataProtection/backupVaults/jecECYBlobVault/backupJobs/e33336db-6724-4e07-9509-2652bf431a36?api-version=2021-01-01",
      "Content": null,
      "isContentBase64": false,
      "Headers": {
        "x-ms-unique-id": [ "43" ],
        "x-ms-client-request-id": [ "7e39766c-7a97-4725-bcaa-75c37d9b731c" ],
        "CommandName": [ "Get-AzDataProtectionJob" ],
        "FullCommandName": [ "Get-AzDataProtectionJob_Get" ],
        "ParameterSetName": [ "__AllParameterSets" ],
        "User-Agent": [ "AzurePowershell/Az4.0.0-preview" ],
        "Authorization": [ "[Filtered]" ]
      },
      "ContentHeaders": {
      }
    },
    "Response": {
      "StatusCode": 200,
      "Headers": {
        "Cache-Control": [ "no-cache" ],
        "Pragma": [ "no-cache" ],
        "x-ms-ratelimit-remaining-subscription-reads": [ "11962" ],
        "Server": [ "Microsoft-IIS/10.0", "Kestrel" ],
        "X-Content-Type-Options": [ "nosniff" ],
        "x-ms-request-id": [ "" ],
        "X-Powered-By": [ "ASP.NET" ],
        "Strict-Transport-Security": [ "max-age=31536000; includeSubDomains" ],
        "x-ms-correlation-request-id": [ "8366b430-5637-4c21-b4bb-78ff148922ee" ],
        "x-ms-routing-request-id": [ "SOUTHEASTASIA:20210426T093028Z:8366b430-5637-4c21-b4bb-78ff148922ee" ],
        "Date": [ "Mon, 26 Apr 2021 09:30:27 GMT" ]
      },
      "ContentHeaders": {
        "Content-Length": [ "2368" ],
        "Content-Type": [ "application/json" ],
        "Expires": [ "-1" ]
      },
      "Content": "{\"properties\":{\"activityID\":\"432c10bd-6e83-45fb-925d-db1ec9422e1a\",\"subscriptionId\":\"62b829ee-7936-40c9-a1c9-47a93f9f3965\",\"backupInstanceId\":\"/subscriptions/62b829ee-7936-40c9-a1c9-47a93f9f3965/resourceGroups/BlobBackup-BugBash/providers/Microsoft.DataProtection/backupVaults/jecECYBlobVault/backupInstances/ecystorageaccount-ecystorageaccount-6cf6c912-e433-4614-ba78-f26a653d4085\",\"policyId\":\"/subscriptions/62b829ee-7936-40c9-a1c9-47a93f9f3965/resourceGroups/BlobBackup-BugBash/providers/Microsoft.DataProtection/backupVaults/jecECYBlobVault/backupPolicies/hiagaBlobsPolicy1\",\"dataSourceId\":\"/subscriptions/62b829ee-7936-40c9-a1c9-47a93f9f3965/resourceGroups/BlobBackup-BugBash/providers/Microsoft.Storage/storageAccounts/ecystorageaccount\",\"vaultName\":\"jecECYBlobVault\",\"backupInstanceFriendlyName\":\"ecystorageaccount\",\"policyName\":\"hiagaBlobsPolicy1\",\"sourceResourceGroup\":\"BlobBackup-BugBash\",\"dataSourceSetName\":null,\"dataSourceName\":\"ecystorageaccount\",\"sourceDataStoreName\":null,\"destinationDataStoreName\":null,\"progressEnabled\":false,\"etag\":\"W/\\\"datetime\u00272021-04-26T09%3A29%3A47.8257857Z\u0027\\\"\",\"sourceSubscriptionID\":\"62b829ee-7936-40c9-a1c9-47a93f9f3965\",\"dataSourceLocation\":\"eastus2euap\",\"startTime\":\"2021-04-26T09:29:47.3441195Z\",\"endTime\":null,\"dataSourceType\":\"Microsoft.Storage/storageAccounts/blobServices\",\"operationCategory\":\"Restore\",\"operation\":\"Restore\",\"status\":\"InProgress\",\"restoreType\":null,\"isUserTriggered\":true,\"rehydrationPriority\":null,\"supportedActions\":[\"\"],\"duration\":\"PT0S\",\"progressUrl\":null,\"errorDetails\":null,\"extendedInfo\":{\"backupInstanceState\":null,\"dataTransferedInBytes\":null,\"targetRecoverPoint\":null,\"sourceRecoverPoint\":{\"recoveryPointID\":null,\"recoveryPointTime\":\"2021-04-26T09:29:46Z\"},\"recoveryDestination\":\"/subscriptions/62b829ee-7936-40c9-a1c9-47a93f9f3965/resourceGroups/BlobBackup-BugBash/providers/Microsoft.Storage/storageAccounts/ecystorageaccount\",\"subTasks\":[{\"taskId\":1,\"taskName\":\"Trigger Restore\",\"taskStatus\":\"InProgress\",\"taskProgress\":null,\"additionalDetails\":null}],\"additionalDetails\":null}},\"id\":\"/subscriptions/62b829ee-7936-40c9-a1c9-47a93f9f3965/resourceGroups/BlobBackup-BugBash/providers/Microsoft.DataProtection/backupVaults/jecECYBlobVault/backupJobs/e33336db-6724-4e07-9509-2652bf431a36\",\"name\":\"e33336db-6724-4e07-9509-2652bf431a36\",\"type\":\"Microsoft.DataProtection/backupVaults/backupJobs\"}",
      "isContentBase64": false
    }
  },
  "Initialize-AzDataProtectionRestoreRequest+[NoContext]+__AllParameterSets+$GET+https://management.azure.com/subscriptions/62b829ee-7936-40c9-a1c9-47a93f9f3965/resourceGroups/BlobBackup-BugBash/providers/Microsoft.DataProtection/backupVaults/jecECYBlobVault/backupJobs/e33336db-6724-4e07-9509-2652bf431a36?api-version=2021-01-01+7": {
    "Request": {
      "Method": "GET",
      "RequestUri": "https://management.azure.com/subscriptions/62b829ee-7936-40c9-a1c9-47a93f9f3965/resourceGroups/BlobBackup-BugBash/providers/Microsoft.DataProtection/backupVaults/jecECYBlobVault/backupJobs/e33336db-6724-4e07-9509-2652bf431a36?api-version=2021-01-01",
      "Content": null,
      "isContentBase64": false,
      "Headers": {
        "x-ms-unique-id": [ "44" ],
        "x-ms-client-request-id": [ "411f2f05-b630-41e8-a21b-0f65f44f6c44" ],
        "CommandName": [ "Get-AzDataProtectionJob" ],
        "FullCommandName": [ "Get-AzDataProtectionJob_Get" ],
        "ParameterSetName": [ "__AllParameterSets" ],
        "User-Agent": [ "AzurePowershell/Az4.0.0-preview" ],
        "Authorization": [ "[Filtered]" ]
      },
      "ContentHeaders": {
      }
    },
    "Response": {
      "StatusCode": 200,
      "Headers": {
        "Cache-Control": [ "no-cache" ],
        "Pragma": [ "no-cache" ],
        "x-ms-ratelimit-remaining-subscription-reads": [ "11961" ],
        "Server": [ "Microsoft-IIS/10.0", "Kestrel" ],
        "X-Content-Type-Options": [ "nosniff" ],
        "x-ms-request-id": [ "" ],
        "X-Powered-By": [ "ASP.NET" ],
        "Strict-Transport-Security": [ "max-age=31536000; includeSubDomains" ],
        "x-ms-correlation-request-id": [ "caee07a6-c12a-4fa5-af6f-c13483693098" ],
        "x-ms-routing-request-id": [ "SOUTHEASTASIA:20210426T093038Z:caee07a6-c12a-4fa5-af6f-c13483693098" ],
        "Date": [ "Mon, 26 Apr 2021 09:30:38 GMT" ]
      },
      "ContentHeaders": {
        "Content-Length": [ "2368" ],
        "Content-Type": [ "application/json" ],
        "Expires": [ "-1" ]
      },
      "Content": "{\"properties\":{\"activityID\":\"432c10bd-6e83-45fb-925d-db1ec9422e1a\",\"subscriptionId\":\"62b829ee-7936-40c9-a1c9-47a93f9f3965\",\"backupInstanceId\":\"/subscriptions/62b829ee-7936-40c9-a1c9-47a93f9f3965/resourceGroups/BlobBackup-BugBash/providers/Microsoft.DataProtection/backupVaults/jecECYBlobVault/backupInstances/ecystorageaccount-ecystorageaccount-6cf6c912-e433-4614-ba78-f26a653d4085\",\"policyId\":\"/subscriptions/62b829ee-7936-40c9-a1c9-47a93f9f3965/resourceGroups/BlobBackup-BugBash/providers/Microsoft.DataProtection/backupVaults/jecECYBlobVault/backupPolicies/hiagaBlobsPolicy1\",\"dataSourceId\":\"/subscriptions/62b829ee-7936-40c9-a1c9-47a93f9f3965/resourceGroups/BlobBackup-BugBash/providers/Microsoft.Storage/storageAccounts/ecystorageaccount\",\"vaultName\":\"jecECYBlobVault\",\"backupInstanceFriendlyName\":\"ecystorageaccount\",\"policyName\":\"hiagaBlobsPolicy1\",\"sourceResourceGroup\":\"BlobBackup-BugBash\",\"dataSourceSetName\":null,\"dataSourceName\":\"ecystorageaccount\",\"sourceDataStoreName\":null,\"destinationDataStoreName\":null,\"progressEnabled\":false,\"etag\":\"W/\\\"datetime\u00272021-04-26T09%3A29%3A47.8257857Z\u0027\\\"\",\"sourceSubscriptionID\":\"62b829ee-7936-40c9-a1c9-47a93f9f3965\",\"dataSourceLocation\":\"eastus2euap\",\"startTime\":\"2021-04-26T09:29:47.3441195Z\",\"endTime\":null,\"dataSourceType\":\"Microsoft.Storage/storageAccounts/blobServices\",\"operationCategory\":\"Restore\",\"operation\":\"Restore\",\"status\":\"InProgress\",\"restoreType\":null,\"isUserTriggered\":true,\"rehydrationPriority\":null,\"supportedActions\":[\"\"],\"duration\":\"PT0S\",\"progressUrl\":null,\"errorDetails\":null,\"extendedInfo\":{\"backupInstanceState\":null,\"dataTransferedInBytes\":null,\"targetRecoverPoint\":null,\"sourceRecoverPoint\":{\"recoveryPointID\":null,\"recoveryPointTime\":\"2021-04-26T09:29:46Z\"},\"recoveryDestination\":\"/subscriptions/62b829ee-7936-40c9-a1c9-47a93f9f3965/resourceGroups/BlobBackup-BugBash/providers/Microsoft.Storage/storageAccounts/ecystorageaccount\",\"subTasks\":[{\"taskId\":1,\"taskName\":\"Trigger Restore\",\"taskStatus\":\"InProgress\",\"taskProgress\":null,\"additionalDetails\":null}],\"additionalDetails\":null}},\"id\":\"/subscriptions/62b829ee-7936-40c9-a1c9-47a93f9f3965/resourceGroups/BlobBackup-BugBash/providers/Microsoft.DataProtection/backupVaults/jecECYBlobVault/backupJobs/e33336db-6724-4e07-9509-2652bf431a36\",\"name\":\"e33336db-6724-4e07-9509-2652bf431a36\",\"type\":\"Microsoft.DataProtection/backupVaults/backupJobs\"}",
      "isContentBase64": false
    }
  },
  "Initialize-AzDataProtectionRestoreRequest+[NoContext]+__AllParameterSets+$GET+https://management.azure.com/subscriptions/62b829ee-7936-40c9-a1c9-47a93f9f3965/resourceGroups/BlobBackup-BugBash/providers/Microsoft.DataProtection/backupVaults/jecECYBlobVault/backupJobs/e33336db-6724-4e07-9509-2652bf431a36?api-version=2021-01-01+8": {
    "Request": {
      "Method": "GET",
      "RequestUri": "https://management.azure.com/subscriptions/62b829ee-7936-40c9-a1c9-47a93f9f3965/resourceGroups/BlobBackup-BugBash/providers/Microsoft.DataProtection/backupVaults/jecECYBlobVault/backupJobs/e33336db-6724-4e07-9509-2652bf431a36?api-version=2021-01-01",
      "Content": null,
      "isContentBase64": false,
      "Headers": {
        "x-ms-unique-id": [ "45" ],
        "x-ms-client-request-id": [ "6c5a64ea-e764-4caa-b55d-21ad96da393a" ],
        "CommandName": [ "Get-AzDataProtectionJob" ],
        "FullCommandName": [ "Get-AzDataProtectionJob_Get" ],
        "ParameterSetName": [ "__AllParameterSets" ],
        "User-Agent": [ "AzurePowershell/Az4.0.0-preview" ],
        "Authorization": [ "[Filtered]" ]
      },
      "ContentHeaders": {
      }
    },
    "Response": {
      "StatusCode": 200,
      "Headers": {
        "Cache-Control": [ "no-cache" ],
        "Pragma": [ "no-cache" ],
        "x-ms-ratelimit-remaining-subscription-reads": [ "11960" ],
        "Server": [ "Microsoft-IIS/10.0", "Kestrel" ],
        "X-Content-Type-Options": [ "nosniff" ],
        "x-ms-request-id": [ "" ],
        "X-Powered-By": [ "ASP.NET" ],
        "Strict-Transport-Security": [ "max-age=31536000; includeSubDomains" ],
        "x-ms-correlation-request-id": [ "7b1a4314-5bd4-44f5-a00a-4a774f1c1334" ],
        "x-ms-routing-request-id": [ "SOUTHEASTASIA:20210426T093049Z:7b1a4314-5bd4-44f5-a00a-4a774f1c1334" ],
        "Date": [ "Mon, 26 Apr 2021 09:30:48 GMT" ]
      },
      "ContentHeaders": {
        "Content-Length": [ "2368" ],
        "Content-Type": [ "application/json" ],
        "Expires": [ "-1" ]
      },
      "Content": "{\"properties\":{\"activityID\":\"432c10bd-6e83-45fb-925d-db1ec9422e1a\",\"subscriptionId\":\"62b829ee-7936-40c9-a1c9-47a93f9f3965\",\"backupInstanceId\":\"/subscriptions/62b829ee-7936-40c9-a1c9-47a93f9f3965/resourceGroups/BlobBackup-BugBash/providers/Microsoft.DataProtection/backupVaults/jecECYBlobVault/backupInstances/ecystorageaccount-ecystorageaccount-6cf6c912-e433-4614-ba78-f26a653d4085\",\"policyId\":\"/subscriptions/62b829ee-7936-40c9-a1c9-47a93f9f3965/resourceGroups/BlobBackup-BugBash/providers/Microsoft.DataProtection/backupVaults/jecECYBlobVault/backupPolicies/hiagaBlobsPolicy1\",\"dataSourceId\":\"/subscriptions/62b829ee-7936-40c9-a1c9-47a93f9f3965/resourceGroups/BlobBackup-BugBash/providers/Microsoft.Storage/storageAccounts/ecystorageaccount\",\"vaultName\":\"jecECYBlobVault\",\"backupInstanceFriendlyName\":\"ecystorageaccount\",\"policyName\":\"hiagaBlobsPolicy1\",\"sourceResourceGroup\":\"BlobBackup-BugBash\",\"dataSourceSetName\":null,\"dataSourceName\":\"ecystorageaccount\",\"sourceDataStoreName\":null,\"destinationDataStoreName\":null,\"progressEnabled\":false,\"etag\":\"W/\\\"datetime\u00272021-04-26T09%3A29%3A47.8257857Z\u0027\\\"\",\"sourceSubscriptionID\":\"62b829ee-7936-40c9-a1c9-47a93f9f3965\",\"dataSourceLocation\":\"eastus2euap\",\"startTime\":\"2021-04-26T09:29:47.3441195Z\",\"endTime\":null,\"dataSourceType\":\"Microsoft.Storage/storageAccounts/blobServices\",\"operationCategory\":\"Restore\",\"operation\":\"Restore\",\"status\":\"InProgress\",\"restoreType\":null,\"isUserTriggered\":true,\"rehydrationPriority\":null,\"supportedActions\":[\"\"],\"duration\":\"PT0S\",\"progressUrl\":null,\"errorDetails\":null,\"extendedInfo\":{\"backupInstanceState\":null,\"dataTransferedInBytes\":null,\"targetRecoverPoint\":null,\"sourceRecoverPoint\":{\"recoveryPointID\":null,\"recoveryPointTime\":\"2021-04-26T09:29:46Z\"},\"recoveryDestination\":\"/subscriptions/62b829ee-7936-40c9-a1c9-47a93f9f3965/resourceGroups/BlobBackup-BugBash/providers/Microsoft.Storage/storageAccounts/ecystorageaccount\",\"subTasks\":[{\"taskId\":1,\"taskName\":\"Trigger Restore\",\"taskStatus\":\"InProgress\",\"taskProgress\":null,\"additionalDetails\":null}],\"additionalDetails\":null}},\"id\":\"/subscriptions/62b829ee-7936-40c9-a1c9-47a93f9f3965/resourceGroups/BlobBackup-BugBash/providers/Microsoft.DataProtection/backupVaults/jecECYBlobVault/backupJobs/e33336db-6724-4e07-9509-2652bf431a36\",\"name\":\"e33336db-6724-4e07-9509-2652bf431a36\",\"type\":\"Microsoft.DataProtection/backupVaults/backupJobs\"}",
      "isContentBase64": false
    }
  },
  "Initialize-AzDataProtectionRestoreRequest+[NoContext]+__AllParameterSets+$GET+https://management.azure.com/subscriptions/62b829ee-7936-40c9-a1c9-47a93f9f3965/resourceGroups/BlobBackup-BugBash/providers/Microsoft.DataProtection/backupVaults/jecECYBlobVault/backupJobs/e33336db-6724-4e07-9509-2652bf431a36?api-version=2021-01-01+9": {
    "Request": {
      "Method": "GET",
      "RequestUri": "https://management.azure.com/subscriptions/62b829ee-7936-40c9-a1c9-47a93f9f3965/resourceGroups/BlobBackup-BugBash/providers/Microsoft.DataProtection/backupVaults/jecECYBlobVault/backupJobs/e33336db-6724-4e07-9509-2652bf431a36?api-version=2021-01-01",
      "Content": null,
      "isContentBase64": false,
      "Headers": {
        "x-ms-unique-id": [ "46" ],
        "x-ms-client-request-id": [ "9155b315-7a6a-4f40-a8dd-247519495969" ],
        "CommandName": [ "Get-AzDataProtectionJob" ],
        "FullCommandName": [ "Get-AzDataProtectionJob_Get" ],
        "ParameterSetName": [ "__AllParameterSets" ],
        "User-Agent": [ "AzurePowershell/Az4.0.0-preview" ],
        "Authorization": [ "[Filtered]" ]
      },
      "ContentHeaders": {
      }
    },
    "Response": {
      "StatusCode": 200,
      "Headers": {
        "Cache-Control": [ "no-cache" ],
        "Pragma": [ "no-cache" ],
        "x-ms-ratelimit-remaining-subscription-reads": [ "11959" ],
        "Server": [ "Microsoft-IIS/10.0", "Kestrel" ],
        "X-Content-Type-Options": [ "nosniff" ],
        "x-ms-request-id": [ "" ],
        "X-Powered-By": [ "ASP.NET" ],
        "Strict-Transport-Security": [ "max-age=31536000; includeSubDomains" ],
        "x-ms-correlation-request-id": [ "7a2a640b-c9cf-4986-a7da-ab41ae38d5d4" ],
        "x-ms-routing-request-id": [ "SOUTHEASTASIA:20210426T093059Z:7a2a640b-c9cf-4986-a7da-ab41ae38d5d4" ],
        "Date": [ "Mon, 26 Apr 2021 09:30:59 GMT" ]
      },
      "ContentHeaders": {
        "Content-Length": [ "2368" ],
        "Content-Type": [ "application/json" ],
        "Expires": [ "-1" ]
      },
      "Content": "{\"properties\":{\"activityID\":\"432c10bd-6e83-45fb-925d-db1ec9422e1a\",\"subscriptionId\":\"62b829ee-7936-40c9-a1c9-47a93f9f3965\",\"backupInstanceId\":\"/subscriptions/62b829ee-7936-40c9-a1c9-47a93f9f3965/resourceGroups/BlobBackup-BugBash/providers/Microsoft.DataProtection/backupVaults/jecECYBlobVault/backupInstances/ecystorageaccount-ecystorageaccount-6cf6c912-e433-4614-ba78-f26a653d4085\",\"policyId\":\"/subscriptions/62b829ee-7936-40c9-a1c9-47a93f9f3965/resourceGroups/BlobBackup-BugBash/providers/Microsoft.DataProtection/backupVaults/jecECYBlobVault/backupPolicies/hiagaBlobsPolicy1\",\"dataSourceId\":\"/subscriptions/62b829ee-7936-40c9-a1c9-47a93f9f3965/resourceGroups/BlobBackup-BugBash/providers/Microsoft.Storage/storageAccounts/ecystorageaccount\",\"vaultName\":\"jecECYBlobVault\",\"backupInstanceFriendlyName\":\"ecystorageaccount\",\"policyName\":\"hiagaBlobsPolicy1\",\"sourceResourceGroup\":\"BlobBackup-BugBash\",\"dataSourceSetName\":null,\"dataSourceName\":\"ecystorageaccount\",\"sourceDataStoreName\":null,\"destinationDataStoreName\":null,\"progressEnabled\":false,\"etag\":\"W/\\\"datetime\u00272021-04-26T09%3A29%3A47.8257857Z\u0027\\\"\",\"sourceSubscriptionID\":\"62b829ee-7936-40c9-a1c9-47a93f9f3965\",\"dataSourceLocation\":\"eastus2euap\",\"startTime\":\"2021-04-26T09:29:47.3441195Z\",\"endTime\":null,\"dataSourceType\":\"Microsoft.Storage/storageAccounts/blobServices\",\"operationCategory\":\"Restore\",\"operation\":\"Restore\",\"status\":\"InProgress\",\"restoreType\":null,\"isUserTriggered\":true,\"rehydrationPriority\":null,\"supportedActions\":[\"\"],\"duration\":\"PT0S\",\"progressUrl\":null,\"errorDetails\":null,\"extendedInfo\":{\"backupInstanceState\":null,\"dataTransferedInBytes\":null,\"targetRecoverPoint\":null,\"sourceRecoverPoint\":{\"recoveryPointID\":null,\"recoveryPointTime\":\"2021-04-26T09:29:46Z\"},\"recoveryDestination\":\"/subscriptions/62b829ee-7936-40c9-a1c9-47a93f9f3965/resourceGroups/BlobBackup-BugBash/providers/Microsoft.Storage/storageAccounts/ecystorageaccount\",\"subTasks\":[{\"taskId\":1,\"taskName\":\"Trigger Restore\",\"taskStatus\":\"InProgress\",\"taskProgress\":null,\"additionalDetails\":null}],\"additionalDetails\":null}},\"id\":\"/subscriptions/62b829ee-7936-40c9-a1c9-47a93f9f3965/resourceGroups/BlobBackup-BugBash/providers/Microsoft.DataProtection/backupVaults/jecECYBlobVault/backupJobs/e33336db-6724-4e07-9509-2652bf431a36\",\"name\":\"e33336db-6724-4e07-9509-2652bf431a36\",\"type\":\"Microsoft.DataProtection/backupVaults/backupJobs\"}",
      "isContentBase64": false
    }
  },
  "Initialize-AzDataProtectionRestoreRequest+[NoContext]+__AllParameterSets+$GET+https://management.azure.com/subscriptions/62b829ee-7936-40c9-a1c9-47a93f9f3965/resourceGroups/BlobBackup-BugBash/providers/Microsoft.DataProtection/backupVaults/jecECYBlobVault/backupJobs/e33336db-6724-4e07-9509-2652bf431a36?api-version=2021-01-01+10": {
    "Request": {
      "Method": "GET",
      "RequestUri": "https://management.azure.com/subscriptions/62b829ee-7936-40c9-a1c9-47a93f9f3965/resourceGroups/BlobBackup-BugBash/providers/Microsoft.DataProtection/backupVaults/jecECYBlobVault/backupJobs/e33336db-6724-4e07-9509-2652bf431a36?api-version=2021-01-01",
      "Content": null,
      "isContentBase64": false,
      "Headers": {
        "x-ms-unique-id": [ "47" ],
        "x-ms-client-request-id": [ "9e1ab596-6a6f-4701-abaf-0744446a8fb1" ],
        "CommandName": [ "Get-AzDataProtectionJob" ],
        "FullCommandName": [ "Get-AzDataProtectionJob_Get" ],
        "ParameterSetName": [ "__AllParameterSets" ],
        "User-Agent": [ "AzurePowershell/Az4.0.0-preview" ],
        "Authorization": [ "[Filtered]" ]
      },
      "ContentHeaders": {
      }
    },
    "Response": {
      "StatusCode": 200,
      "Headers": {
        "Cache-Control": [ "no-cache" ],
        "Pragma": [ "no-cache" ],
        "x-ms-ratelimit-remaining-subscription-reads": [ "11958" ],
        "Server": [ "Microsoft-IIS/10.0", "Kestrel" ],
        "X-Content-Type-Options": [ "nosniff" ],
        "x-ms-request-id": [ "" ],
        "X-Powered-By": [ "ASP.NET" ],
        "Strict-Transport-Security": [ "max-age=31536000; includeSubDomains" ],
        "x-ms-correlation-request-id": [ "282b2c33-e337-43bf-9e3a-bcb78068b159" ],
        "x-ms-routing-request-id": [ "SOUTHEASTASIA:20210426T093110Z:282b2c33-e337-43bf-9e3a-bcb78068b159" ],
        "Date": [ "Mon, 26 Apr 2021 09:31:09 GMT" ]
      },
      "ContentHeaders": {
        "Content-Length": [ "2368" ],
        "Content-Type": [ "application/json" ],
        "Expires": [ "-1" ]
      },
      "Content": "{\"properties\":{\"activityID\":\"432c10bd-6e83-45fb-925d-db1ec9422e1a\",\"subscriptionId\":\"62b829ee-7936-40c9-a1c9-47a93f9f3965\",\"backupInstanceId\":\"/subscriptions/62b829ee-7936-40c9-a1c9-47a93f9f3965/resourceGroups/BlobBackup-BugBash/providers/Microsoft.DataProtection/backupVaults/jecECYBlobVault/backupInstances/ecystorageaccount-ecystorageaccount-6cf6c912-e433-4614-ba78-f26a653d4085\",\"policyId\":\"/subscriptions/62b829ee-7936-40c9-a1c9-47a93f9f3965/resourceGroups/BlobBackup-BugBash/providers/Microsoft.DataProtection/backupVaults/jecECYBlobVault/backupPolicies/hiagaBlobsPolicy1\",\"dataSourceId\":\"/subscriptions/62b829ee-7936-40c9-a1c9-47a93f9f3965/resourceGroups/BlobBackup-BugBash/providers/Microsoft.Storage/storageAccounts/ecystorageaccount\",\"vaultName\":\"jecECYBlobVault\",\"backupInstanceFriendlyName\":\"ecystorageaccount\",\"policyName\":\"hiagaBlobsPolicy1\",\"sourceResourceGroup\":\"BlobBackup-BugBash\",\"dataSourceSetName\":null,\"dataSourceName\":\"ecystorageaccount\",\"sourceDataStoreName\":null,\"destinationDataStoreName\":null,\"progressEnabled\":false,\"etag\":\"W/\\\"datetime\u00272021-04-26T09%3A29%3A47.8257857Z\u0027\\\"\",\"sourceSubscriptionID\":\"62b829ee-7936-40c9-a1c9-47a93f9f3965\",\"dataSourceLocation\":\"eastus2euap\",\"startTime\":\"2021-04-26T09:29:47.3441195Z\",\"endTime\":null,\"dataSourceType\":\"Microsoft.Storage/storageAccounts/blobServices\",\"operationCategory\":\"Restore\",\"operation\":\"Restore\",\"status\":\"InProgress\",\"restoreType\":null,\"isUserTriggered\":true,\"rehydrationPriority\":null,\"supportedActions\":[\"\"],\"duration\":\"PT0S\",\"progressUrl\":null,\"errorDetails\":null,\"extendedInfo\":{\"backupInstanceState\":null,\"dataTransferedInBytes\":null,\"targetRecoverPoint\":null,\"sourceRecoverPoint\":{\"recoveryPointID\":null,\"recoveryPointTime\":\"2021-04-26T09:29:46Z\"},\"recoveryDestination\":\"/subscriptions/62b829ee-7936-40c9-a1c9-47a93f9f3965/resourceGroups/BlobBackup-BugBash/providers/Microsoft.Storage/storageAccounts/ecystorageaccount\",\"subTasks\":[{\"taskId\":1,\"taskName\":\"Trigger Restore\",\"taskStatus\":\"InProgress\",\"taskProgress\":null,\"additionalDetails\":null}],\"additionalDetails\":null}},\"id\":\"/subscriptions/62b829ee-7936-40c9-a1c9-47a93f9f3965/resourceGroups/BlobBackup-BugBash/providers/Microsoft.DataProtection/backupVaults/jecECYBlobVault/backupJobs/e33336db-6724-4e07-9509-2652bf431a36\",\"name\":\"e33336db-6724-4e07-9509-2652bf431a36\",\"type\":\"Microsoft.DataProtection/backupVaults/backupJobs\"}",
      "isContentBase64": false
    }
  },
  "Initialize-AzDataProtectionRestoreRequest+[NoContext]+__AllParameterSets+$GET+https://management.azure.com/subscriptions/62b829ee-7936-40c9-a1c9-47a93f9f3965/resourceGroups/BlobBackup-BugBash/providers/Microsoft.DataProtection/backupVaults/jecECYBlobVault/backupJobs/e33336db-6724-4e07-9509-2652bf431a36?api-version=2021-01-01+11": {
    "Request": {
      "Method": "GET",
      "RequestUri": "https://management.azure.com/subscriptions/62b829ee-7936-40c9-a1c9-47a93f9f3965/resourceGroups/BlobBackup-BugBash/providers/Microsoft.DataProtection/backupVaults/jecECYBlobVault/backupJobs/e33336db-6724-4e07-9509-2652bf431a36?api-version=2021-01-01",
      "Content": null,
      "isContentBase64": false,
      "Headers": {
        "x-ms-unique-id": [ "48" ],
        "x-ms-client-request-id": [ "8dfe6090-4d3e-4f04-8b9d-d1c4eeb09e21" ],
        "CommandName": [ "Get-AzDataProtectionJob" ],
        "FullCommandName": [ "Get-AzDataProtectionJob_Get" ],
        "ParameterSetName": [ "__AllParameterSets" ],
        "User-Agent": [ "AzurePowershell/Az4.0.0-preview" ],
        "Authorization": [ "[Filtered]" ]
      },
      "ContentHeaders": {
      }
    },
    "Response": {
      "StatusCode": 200,
      "Headers": {
        "Cache-Control": [ "no-cache" ],
        "Pragma": [ "no-cache" ],
        "x-ms-ratelimit-remaining-subscription-reads": [ "11957" ],
        "Server": [ "Microsoft-IIS/10.0", "Kestrel" ],
        "X-Content-Type-Options": [ "nosniff" ],
        "x-ms-request-id": [ "" ],
        "X-Powered-By": [ "ASP.NET" ],
        "Strict-Transport-Security": [ "max-age=31536000; includeSubDomains" ],
        "x-ms-correlation-request-id": [ "4cc1c3b6-6b3e-46b7-ac94-d7ee5eef8914" ],
        "x-ms-routing-request-id": [ "SOUTHEASTASIA:20210426T093120Z:4cc1c3b6-6b3e-46b7-ac94-d7ee5eef8914" ],
        "Date": [ "Mon, 26 Apr 2021 09:31:20 GMT" ]
      },
      "ContentHeaders": {
        "Content-Length": [ "2368" ],
        "Content-Type": [ "application/json" ],
        "Expires": [ "-1" ]
      },
      "Content": "{\"properties\":{\"activityID\":\"432c10bd-6e83-45fb-925d-db1ec9422e1a\",\"subscriptionId\":\"62b829ee-7936-40c9-a1c9-47a93f9f3965\",\"backupInstanceId\":\"/subscriptions/62b829ee-7936-40c9-a1c9-47a93f9f3965/resourceGroups/BlobBackup-BugBash/providers/Microsoft.DataProtection/backupVaults/jecECYBlobVault/backupInstances/ecystorageaccount-ecystorageaccount-6cf6c912-e433-4614-ba78-f26a653d4085\",\"policyId\":\"/subscriptions/62b829ee-7936-40c9-a1c9-47a93f9f3965/resourceGroups/BlobBackup-BugBash/providers/Microsoft.DataProtection/backupVaults/jecECYBlobVault/backupPolicies/hiagaBlobsPolicy1\",\"dataSourceId\":\"/subscriptions/62b829ee-7936-40c9-a1c9-47a93f9f3965/resourceGroups/BlobBackup-BugBash/providers/Microsoft.Storage/storageAccounts/ecystorageaccount\",\"vaultName\":\"jecECYBlobVault\",\"backupInstanceFriendlyName\":\"ecystorageaccount\",\"policyName\":\"hiagaBlobsPolicy1\",\"sourceResourceGroup\":\"BlobBackup-BugBash\",\"dataSourceSetName\":null,\"dataSourceName\":\"ecystorageaccount\",\"sourceDataStoreName\":null,\"destinationDataStoreName\":null,\"progressEnabled\":false,\"etag\":\"W/\\\"datetime\u00272021-04-26T09%3A29%3A47.8257857Z\u0027\\\"\",\"sourceSubscriptionID\":\"62b829ee-7936-40c9-a1c9-47a93f9f3965\",\"dataSourceLocation\":\"eastus2euap\",\"startTime\":\"2021-04-26T09:29:47.3441195Z\",\"endTime\":null,\"dataSourceType\":\"Microsoft.Storage/storageAccounts/blobServices\",\"operationCategory\":\"Restore\",\"operation\":\"Restore\",\"status\":\"InProgress\",\"restoreType\":null,\"isUserTriggered\":true,\"rehydrationPriority\":null,\"supportedActions\":[\"\"],\"duration\":\"PT0S\",\"progressUrl\":null,\"errorDetails\":null,\"extendedInfo\":{\"backupInstanceState\":null,\"dataTransferedInBytes\":null,\"targetRecoverPoint\":null,\"sourceRecoverPoint\":{\"recoveryPointID\":null,\"recoveryPointTime\":\"2021-04-26T09:29:46Z\"},\"recoveryDestination\":\"/subscriptions/62b829ee-7936-40c9-a1c9-47a93f9f3965/resourceGroups/BlobBackup-BugBash/providers/Microsoft.Storage/storageAccounts/ecystorageaccount\",\"subTasks\":[{\"taskId\":1,\"taskName\":\"Trigger Restore\",\"taskStatus\":\"InProgress\",\"taskProgress\":null,\"additionalDetails\":null}],\"additionalDetails\":null}},\"id\":\"/subscriptions/62b829ee-7936-40c9-a1c9-47a93f9f3965/resourceGroups/BlobBackup-BugBash/providers/Microsoft.DataProtection/backupVaults/jecECYBlobVault/backupJobs/e33336db-6724-4e07-9509-2652bf431a36\",\"name\":\"e33336db-6724-4e07-9509-2652bf431a36\",\"type\":\"Microsoft.DataProtection/backupVaults/backupJobs\"}",
      "isContentBase64": false
    }
  },
  "Initialize-AzDataProtectionRestoreRequest+[NoContext]+__AllParameterSets+$GET+https://management.azure.com/subscriptions/62b829ee-7936-40c9-a1c9-47a93f9f3965/resourceGroups/BlobBackup-BugBash/providers/Microsoft.DataProtection/backupVaults/jecECYBlobVault/backupJobs/e33336db-6724-4e07-9509-2652bf431a36?api-version=2021-01-01+12": {
    "Request": {
      "Method": "GET",
      "RequestUri": "https://management.azure.com/subscriptions/62b829ee-7936-40c9-a1c9-47a93f9f3965/resourceGroups/BlobBackup-BugBash/providers/Microsoft.DataProtection/backupVaults/jecECYBlobVault/backupJobs/e33336db-6724-4e07-9509-2652bf431a36?api-version=2021-01-01",
      "Content": null,
      "isContentBase64": false,
      "Headers": {
        "x-ms-unique-id": [ "49" ],
        "x-ms-client-request-id": [ "4f2d561e-2674-4ad8-8aeb-b668ad27a011" ],
        "CommandName": [ "Get-AzDataProtectionJob" ],
        "FullCommandName": [ "Get-AzDataProtectionJob_Get" ],
        "ParameterSetName": [ "__AllParameterSets" ],
        "User-Agent": [ "AzurePowershell/Az4.0.0-preview" ],
        "Authorization": [ "[Filtered]" ]
      },
      "ContentHeaders": {
      }
    },
    "Response": {
      "StatusCode": 200,
      "Headers": {
        "Cache-Control": [ "no-cache" ],
        "Pragma": [ "no-cache" ],
        "x-ms-ratelimit-remaining-subscription-reads": [ "11956" ],
        "Server": [ "Microsoft-IIS/10.0", "Kestrel" ],
        "X-Content-Type-Options": [ "nosniff" ],
        "x-ms-request-id": [ "" ],
        "X-Powered-By": [ "ASP.NET" ],
        "Strict-Transport-Security": [ "max-age=31536000; includeSubDomains" ],
        "x-ms-correlation-request-id": [ "edb27d25-ea3c-4284-96cf-9fdb21a411c1" ],
        "x-ms-routing-request-id": [ "SOUTHEASTASIA:20210426T093130Z:edb27d25-ea3c-4284-96cf-9fdb21a411c1" ],
        "Date": [ "Mon, 26 Apr 2021 09:31:30 GMT" ]
      },
      "ContentHeaders": {
        "Content-Length": [ "2368" ],
        "Content-Type": [ "application/json" ],
        "Expires": [ "-1" ]
      },
      "Content": "{\"properties\":{\"activityID\":\"432c10bd-6e83-45fb-925d-db1ec9422e1a\",\"subscriptionId\":\"62b829ee-7936-40c9-a1c9-47a93f9f3965\",\"backupInstanceId\":\"/subscriptions/62b829ee-7936-40c9-a1c9-47a93f9f3965/resourceGroups/BlobBackup-BugBash/providers/Microsoft.DataProtection/backupVaults/jecECYBlobVault/backupInstances/ecystorageaccount-ecystorageaccount-6cf6c912-e433-4614-ba78-f26a653d4085\",\"policyId\":\"/subscriptions/62b829ee-7936-40c9-a1c9-47a93f9f3965/resourceGroups/BlobBackup-BugBash/providers/Microsoft.DataProtection/backupVaults/jecECYBlobVault/backupPolicies/hiagaBlobsPolicy1\",\"dataSourceId\":\"/subscriptions/62b829ee-7936-40c9-a1c9-47a93f9f3965/resourceGroups/BlobBackup-BugBash/providers/Microsoft.Storage/storageAccounts/ecystorageaccount\",\"vaultName\":\"jecECYBlobVault\",\"backupInstanceFriendlyName\":\"ecystorageaccount\",\"policyName\":\"hiagaBlobsPolicy1\",\"sourceResourceGroup\":\"BlobBackup-BugBash\",\"dataSourceSetName\":null,\"dataSourceName\":\"ecystorageaccount\",\"sourceDataStoreName\":null,\"destinationDataStoreName\":null,\"progressEnabled\":false,\"etag\":\"W/\\\"datetime\u00272021-04-26T09%3A29%3A47.8257857Z\u0027\\\"\",\"sourceSubscriptionID\":\"62b829ee-7936-40c9-a1c9-47a93f9f3965\",\"dataSourceLocation\":\"eastus2euap\",\"startTime\":\"2021-04-26T09:29:47.3441195Z\",\"endTime\":null,\"dataSourceType\":\"Microsoft.Storage/storageAccounts/blobServices\",\"operationCategory\":\"Restore\",\"operation\":\"Restore\",\"status\":\"InProgress\",\"restoreType\":null,\"isUserTriggered\":true,\"rehydrationPriority\":null,\"supportedActions\":[\"\"],\"duration\":\"PT0S\",\"progressUrl\":null,\"errorDetails\":null,\"extendedInfo\":{\"backupInstanceState\":null,\"dataTransferedInBytes\":null,\"targetRecoverPoint\":null,\"sourceRecoverPoint\":{\"recoveryPointID\":null,\"recoveryPointTime\":\"2021-04-26T09:29:46Z\"},\"recoveryDestination\":\"/subscriptions/62b829ee-7936-40c9-a1c9-47a93f9f3965/resourceGroups/BlobBackup-BugBash/providers/Microsoft.Storage/storageAccounts/ecystorageaccount\",\"subTasks\":[{\"taskId\":1,\"taskName\":\"Trigger Restore\",\"taskStatus\":\"InProgress\",\"taskProgress\":null,\"additionalDetails\":null}],\"additionalDetails\":null}},\"id\":\"/subscriptions/62b829ee-7936-40c9-a1c9-47a93f9f3965/resourceGroups/BlobBackup-BugBash/providers/Microsoft.DataProtection/backupVaults/jecECYBlobVault/backupJobs/e33336db-6724-4e07-9509-2652bf431a36\",\"name\":\"e33336db-6724-4e07-9509-2652bf431a36\",\"type\":\"Microsoft.DataProtection/backupVaults/backupJobs\"}",
      "isContentBase64": false
    }
  },
  "Initialize-AzDataProtectionRestoreRequest+[NoContext]+__AllParameterSets+$GET+https://management.azure.com/subscriptions/62b829ee-7936-40c9-a1c9-47a93f9f3965/resourceGroups/BlobBackup-BugBash/providers/Microsoft.DataProtection/backupVaults/jecECYBlobVault/backupJobs/e33336db-6724-4e07-9509-2652bf431a36?api-version=2021-01-01+13": {
    "Request": {
      "Method": "GET",
      "RequestUri": "https://management.azure.com/subscriptions/62b829ee-7936-40c9-a1c9-47a93f9f3965/resourceGroups/BlobBackup-BugBash/providers/Microsoft.DataProtection/backupVaults/jecECYBlobVault/backupJobs/e33336db-6724-4e07-9509-2652bf431a36?api-version=2021-01-01",
      "Content": null,
      "isContentBase64": false,
      "Headers": {
        "x-ms-unique-id": [ "50" ],
        "x-ms-client-request-id": [ "1ef6af81-7a88-40e6-91ce-407ac776b9bf" ],
        "CommandName": [ "Get-AzDataProtectionJob" ],
        "FullCommandName": [ "Get-AzDataProtectionJob_Get" ],
        "ParameterSetName": [ "__AllParameterSets" ],
        "User-Agent": [ "AzurePowershell/Az4.0.0-preview" ],
        "Authorization": [ "[Filtered]" ]
      },
      "ContentHeaders": {
      }
    },
    "Response": {
      "StatusCode": 200,
      "Headers": {
        "Cache-Control": [ "no-cache" ],
        "Pragma": [ "no-cache" ],
        "x-ms-ratelimit-remaining-subscription-reads": [ "11955" ],
        "Server": [ "Microsoft-IIS/10.0", "Kestrel" ],
        "X-Content-Type-Options": [ "nosniff" ],
        "x-ms-request-id": [ "" ],
        "X-Powered-By": [ "ASP.NET" ],
        "Strict-Transport-Security": [ "max-age=31536000; includeSubDomains" ],
        "x-ms-correlation-request-id": [ "fd1c5c32-68ab-4e6b-8943-d725896b5b33" ],
        "x-ms-routing-request-id": [ "SOUTHEASTASIA:20210426T093141Z:fd1c5c32-68ab-4e6b-8943-d725896b5b33" ],
        "Date": [ "Mon, 26 Apr 2021 09:31:40 GMT" ]
      },
      "ContentHeaders": {
        "Content-Length": [ "2368" ],
        "Content-Type": [ "application/json" ],
        "Expires": [ "-1" ]
      },
      "Content": "{\"properties\":{\"activityID\":\"432c10bd-6e83-45fb-925d-db1ec9422e1a\",\"subscriptionId\":\"62b829ee-7936-40c9-a1c9-47a93f9f3965\",\"backupInstanceId\":\"/subscriptions/62b829ee-7936-40c9-a1c9-47a93f9f3965/resourceGroups/BlobBackup-BugBash/providers/Microsoft.DataProtection/backupVaults/jecECYBlobVault/backupInstances/ecystorageaccount-ecystorageaccount-6cf6c912-e433-4614-ba78-f26a653d4085\",\"policyId\":\"/subscriptions/62b829ee-7936-40c9-a1c9-47a93f9f3965/resourceGroups/BlobBackup-BugBash/providers/Microsoft.DataProtection/backupVaults/jecECYBlobVault/backupPolicies/hiagaBlobsPolicy1\",\"dataSourceId\":\"/subscriptions/62b829ee-7936-40c9-a1c9-47a93f9f3965/resourceGroups/BlobBackup-BugBash/providers/Microsoft.Storage/storageAccounts/ecystorageaccount\",\"vaultName\":\"jecECYBlobVault\",\"backupInstanceFriendlyName\":\"ecystorageaccount\",\"policyName\":\"hiagaBlobsPolicy1\",\"sourceResourceGroup\":\"BlobBackup-BugBash\",\"dataSourceSetName\":null,\"dataSourceName\":\"ecystorageaccount\",\"sourceDataStoreName\":null,\"destinationDataStoreName\":null,\"progressEnabled\":false,\"etag\":\"W/\\\"datetime\u00272021-04-26T09%3A29%3A47.8257857Z\u0027\\\"\",\"sourceSubscriptionID\":\"62b829ee-7936-40c9-a1c9-47a93f9f3965\",\"dataSourceLocation\":\"eastus2euap\",\"startTime\":\"2021-04-26T09:29:47.3441195Z\",\"endTime\":null,\"dataSourceType\":\"Microsoft.Storage/storageAccounts/blobServices\",\"operationCategory\":\"Restore\",\"operation\":\"Restore\",\"status\":\"InProgress\",\"restoreType\":null,\"isUserTriggered\":true,\"rehydrationPriority\":null,\"supportedActions\":[\"\"],\"duration\":\"PT0S\",\"progressUrl\":null,\"errorDetails\":null,\"extendedInfo\":{\"backupInstanceState\":null,\"dataTransferedInBytes\":null,\"targetRecoverPoint\":null,\"sourceRecoverPoint\":{\"recoveryPointID\":null,\"recoveryPointTime\":\"2021-04-26T09:29:46Z\"},\"recoveryDestination\":\"/subscriptions/62b829ee-7936-40c9-a1c9-47a93f9f3965/resourceGroups/BlobBackup-BugBash/providers/Microsoft.Storage/storageAccounts/ecystorageaccount\",\"subTasks\":[{\"taskId\":1,\"taskName\":\"Trigger Restore\",\"taskStatus\":\"InProgress\",\"taskProgress\":null,\"additionalDetails\":null}],\"additionalDetails\":null}},\"id\":\"/subscriptions/62b829ee-7936-40c9-a1c9-47a93f9f3965/resourceGroups/BlobBackup-BugBash/providers/Microsoft.DataProtection/backupVaults/jecECYBlobVault/backupJobs/e33336db-6724-4e07-9509-2652bf431a36\",\"name\":\"e33336db-6724-4e07-9509-2652bf431a36\",\"type\":\"Microsoft.DataProtection/backupVaults/backupJobs\"}",
      "isContentBase64": false
    }
  },
  "Initialize-AzDataProtectionRestoreRequest+[NoContext]+__AllParameterSets+$GET+https://management.azure.com/subscriptions/62b829ee-7936-40c9-a1c9-47a93f9f3965/resourceGroups/BlobBackup-BugBash/providers/Microsoft.DataProtection/backupVaults/jecECYBlobVault/backupJobs/e33336db-6724-4e07-9509-2652bf431a36?api-version=2021-01-01+14": {
    "Request": {
      "Method": "GET",
      "RequestUri": "https://management.azure.com/subscriptions/62b829ee-7936-40c9-a1c9-47a93f9f3965/resourceGroups/BlobBackup-BugBash/providers/Microsoft.DataProtection/backupVaults/jecECYBlobVault/backupJobs/e33336db-6724-4e07-9509-2652bf431a36?api-version=2021-01-01",
      "Content": null,
      "isContentBase64": false,
      "Headers": {
        "x-ms-unique-id": [ "51" ],
        "x-ms-client-request-id": [ "7883894a-5a65-422f-8cd8-5930886c5195" ],
        "CommandName": [ "Get-AzDataProtectionJob" ],
        "FullCommandName": [ "Get-AzDataProtectionJob_Get" ],
        "ParameterSetName": [ "__AllParameterSets" ],
        "User-Agent": [ "AzurePowershell/Az4.0.0-preview" ],
        "Authorization": [ "[Filtered]" ]
      },
      "ContentHeaders": {
      }
    },
    "Response": {
      "StatusCode": 200,
      "Headers": {
        "Cache-Control": [ "no-cache" ],
        "Pragma": [ "no-cache" ],
        "x-ms-ratelimit-remaining-subscription-reads": [ "11954" ],
        "Server": [ "Microsoft-IIS/10.0", "Kestrel" ],
        "X-Content-Type-Options": [ "nosniff" ],
        "x-ms-request-id": [ "" ],
        "X-Powered-By": [ "ASP.NET" ],
        "Strict-Transport-Security": [ "max-age=31536000; includeSubDomains" ],
        "x-ms-correlation-request-id": [ "42b414d6-196b-4f47-bbb3-d05427169f6b" ],
        "x-ms-routing-request-id": [ "SOUTHEASTASIA:20210426T093151Z:42b414d6-196b-4f47-bbb3-d05427169f6b" ],
        "Date": [ "Mon, 26 Apr 2021 09:31:51 GMT" ]
      },
      "ContentHeaders": {
        "Content-Length": [ "2368" ],
        "Content-Type": [ "application/json" ],
        "Expires": [ "-1" ]
      },
      "Content": "{\"properties\":{\"activityID\":\"432c10bd-6e83-45fb-925d-db1ec9422e1a\",\"subscriptionId\":\"62b829ee-7936-40c9-a1c9-47a93f9f3965\",\"backupInstanceId\":\"/subscriptions/62b829ee-7936-40c9-a1c9-47a93f9f3965/resourceGroups/BlobBackup-BugBash/providers/Microsoft.DataProtection/backupVaults/jecECYBlobVault/backupInstances/ecystorageaccount-ecystorageaccount-6cf6c912-e433-4614-ba78-f26a653d4085\",\"policyId\":\"/subscriptions/62b829ee-7936-40c9-a1c9-47a93f9f3965/resourceGroups/BlobBackup-BugBash/providers/Microsoft.DataProtection/backupVaults/jecECYBlobVault/backupPolicies/hiagaBlobsPolicy1\",\"dataSourceId\":\"/subscriptions/62b829ee-7936-40c9-a1c9-47a93f9f3965/resourceGroups/BlobBackup-BugBash/providers/Microsoft.Storage/storageAccounts/ecystorageaccount\",\"vaultName\":\"jecECYBlobVault\",\"backupInstanceFriendlyName\":\"ecystorageaccount\",\"policyName\":\"hiagaBlobsPolicy1\",\"sourceResourceGroup\":\"BlobBackup-BugBash\",\"dataSourceSetName\":null,\"dataSourceName\":\"ecystorageaccount\",\"sourceDataStoreName\":null,\"destinationDataStoreName\":null,\"progressEnabled\":false,\"etag\":\"W/\\\"datetime\u00272021-04-26T09%3A29%3A47.8257857Z\u0027\\\"\",\"sourceSubscriptionID\":\"62b829ee-7936-40c9-a1c9-47a93f9f3965\",\"dataSourceLocation\":\"eastus2euap\",\"startTime\":\"2021-04-26T09:29:47.3441195Z\",\"endTime\":null,\"dataSourceType\":\"Microsoft.Storage/storageAccounts/blobServices\",\"operationCategory\":\"Restore\",\"operation\":\"Restore\",\"status\":\"InProgress\",\"restoreType\":null,\"isUserTriggered\":true,\"rehydrationPriority\":null,\"supportedActions\":[\"\"],\"duration\":\"PT0S\",\"progressUrl\":null,\"errorDetails\":null,\"extendedInfo\":{\"backupInstanceState\":null,\"dataTransferedInBytes\":null,\"targetRecoverPoint\":null,\"sourceRecoverPoint\":{\"recoveryPointID\":null,\"recoveryPointTime\":\"2021-04-26T09:29:46Z\"},\"recoveryDestination\":\"/subscriptions/62b829ee-7936-40c9-a1c9-47a93f9f3965/resourceGroups/BlobBackup-BugBash/providers/Microsoft.Storage/storageAccounts/ecystorageaccount\",\"subTasks\":[{\"taskId\":1,\"taskName\":\"Trigger Restore\",\"taskStatus\":\"InProgress\",\"taskProgress\":null,\"additionalDetails\":null}],\"additionalDetails\":null}},\"id\":\"/subscriptions/62b829ee-7936-40c9-a1c9-47a93f9f3965/resourceGroups/BlobBackup-BugBash/providers/Microsoft.DataProtection/backupVaults/jecECYBlobVault/backupJobs/e33336db-6724-4e07-9509-2652bf431a36\",\"name\":\"e33336db-6724-4e07-9509-2652bf431a36\",\"type\":\"Microsoft.DataProtection/backupVaults/backupJobs\"}",
      "isContentBase64": false
    }
  },
  "Initialize-AzDataProtectionRestoreRequest+[NoContext]+__AllParameterSets+$GET+https://management.azure.com/subscriptions/62b829ee-7936-40c9-a1c9-47a93f9f3965/resourceGroups/BlobBackup-BugBash/providers/Microsoft.DataProtection/backupVaults/jecECYBlobVault/backupJobs/e33336db-6724-4e07-9509-2652bf431a36?api-version=2021-01-01+15": {
    "Request": {
      "Method": "GET",
      "RequestUri": "https://management.azure.com/subscriptions/62b829ee-7936-40c9-a1c9-47a93f9f3965/resourceGroups/BlobBackup-BugBash/providers/Microsoft.DataProtection/backupVaults/jecECYBlobVault/backupJobs/e33336db-6724-4e07-9509-2652bf431a36?api-version=2021-01-01",
      "Content": null,
      "isContentBase64": false,
      "Headers": {
        "x-ms-unique-id": [ "52" ],
        "x-ms-client-request-id": [ "8b5e78ad-7b87-4246-84c1-b79670a3c0a2" ],
        "CommandName": [ "Get-AzDataProtectionJob" ],
        "FullCommandName": [ "Get-AzDataProtectionJob_Get" ],
        "ParameterSetName": [ "__AllParameterSets" ],
        "User-Agent": [ "AzurePowershell/Az4.0.0-preview" ],
        "Authorization": [ "[Filtered]" ]
      },
      "ContentHeaders": {
      }
    },
    "Response": {
      "StatusCode": 200,
      "Headers": {
        "Cache-Control": [ "no-cache" ],
        "Pragma": [ "no-cache" ],
        "x-ms-ratelimit-remaining-subscription-reads": [ "11953" ],
        "Server": [ "Microsoft-IIS/10.0", "Kestrel" ],
        "X-Content-Type-Options": [ "nosniff" ],
        "x-ms-request-id": [ "" ],
        "X-Powered-By": [ "ASP.NET" ],
        "Strict-Transport-Security": [ "max-age=31536000; includeSubDomains" ],
        "x-ms-correlation-request-id": [ "f2980b25-1d1a-4e28-a3f1-99aa8f6d6cef" ],
        "x-ms-routing-request-id": [ "SOUTHEASTASIA:20210426T093202Z:f2980b25-1d1a-4e28-a3f1-99aa8f6d6cef" ],
        "Date": [ "Mon, 26 Apr 2021 09:32:01 GMT" ]
      },
      "ContentHeaders": {
        "Content-Length": [ "2368" ],
        "Content-Type": [ "application/json" ],
        "Expires": [ "-1" ]
      },
      "Content": "{\"properties\":{\"activityID\":\"432c10bd-6e83-45fb-925d-db1ec9422e1a\",\"subscriptionId\":\"62b829ee-7936-40c9-a1c9-47a93f9f3965\",\"backupInstanceId\":\"/subscriptions/62b829ee-7936-40c9-a1c9-47a93f9f3965/resourceGroups/BlobBackup-BugBash/providers/Microsoft.DataProtection/backupVaults/jecECYBlobVault/backupInstances/ecystorageaccount-ecystorageaccount-6cf6c912-e433-4614-ba78-f26a653d4085\",\"policyId\":\"/subscriptions/62b829ee-7936-40c9-a1c9-47a93f9f3965/resourceGroups/BlobBackup-BugBash/providers/Microsoft.DataProtection/backupVaults/jecECYBlobVault/backupPolicies/hiagaBlobsPolicy1\",\"dataSourceId\":\"/subscriptions/62b829ee-7936-40c9-a1c9-47a93f9f3965/resourceGroups/BlobBackup-BugBash/providers/Microsoft.Storage/storageAccounts/ecystorageaccount\",\"vaultName\":\"jecECYBlobVault\",\"backupInstanceFriendlyName\":\"ecystorageaccount\",\"policyName\":\"hiagaBlobsPolicy1\",\"sourceResourceGroup\":\"BlobBackup-BugBash\",\"dataSourceSetName\":null,\"dataSourceName\":\"ecystorageaccount\",\"sourceDataStoreName\":null,\"destinationDataStoreName\":null,\"progressEnabled\":false,\"etag\":\"W/\\\"datetime\u00272021-04-26T09%3A29%3A47.8257857Z\u0027\\\"\",\"sourceSubscriptionID\":\"62b829ee-7936-40c9-a1c9-47a93f9f3965\",\"dataSourceLocation\":\"eastus2euap\",\"startTime\":\"2021-04-26T09:29:47.3441195Z\",\"endTime\":null,\"dataSourceType\":\"Microsoft.Storage/storageAccounts/blobServices\",\"operationCategory\":\"Restore\",\"operation\":\"Restore\",\"status\":\"InProgress\",\"restoreType\":null,\"isUserTriggered\":true,\"rehydrationPriority\":null,\"supportedActions\":[\"\"],\"duration\":\"PT0S\",\"progressUrl\":null,\"errorDetails\":null,\"extendedInfo\":{\"backupInstanceState\":null,\"dataTransferedInBytes\":null,\"targetRecoverPoint\":null,\"sourceRecoverPoint\":{\"recoveryPointID\":null,\"recoveryPointTime\":\"2021-04-26T09:29:46Z\"},\"recoveryDestination\":\"/subscriptions/62b829ee-7936-40c9-a1c9-47a93f9f3965/resourceGroups/BlobBackup-BugBash/providers/Microsoft.Storage/storageAccounts/ecystorageaccount\",\"subTasks\":[{\"taskId\":1,\"taskName\":\"Trigger Restore\",\"taskStatus\":\"InProgress\",\"taskProgress\":null,\"additionalDetails\":null}],\"additionalDetails\":null}},\"id\":\"/subscriptions/62b829ee-7936-40c9-a1c9-47a93f9f3965/resourceGroups/BlobBackup-BugBash/providers/Microsoft.DataProtection/backupVaults/jecECYBlobVault/backupJobs/e33336db-6724-4e07-9509-2652bf431a36\",\"name\":\"e33336db-6724-4e07-9509-2652bf431a36\",\"type\":\"Microsoft.DataProtection/backupVaults/backupJobs\"}",
      "isContentBase64": false
    }
  },
  "Initialize-AzDataProtectionRestoreRequest+[NoContext]+__AllParameterSets+$GET+https://management.azure.com/subscriptions/62b829ee-7936-40c9-a1c9-47a93f9f3965/resourceGroups/BlobBackup-BugBash/providers/Microsoft.DataProtection/backupVaults/jecECYBlobVault/backupJobs/e33336db-6724-4e07-9509-2652bf431a36?api-version=2021-01-01+16": {
    "Request": {
      "Method": "GET",
      "RequestUri": "https://management.azure.com/subscriptions/62b829ee-7936-40c9-a1c9-47a93f9f3965/resourceGroups/BlobBackup-BugBash/providers/Microsoft.DataProtection/backupVaults/jecECYBlobVault/backupJobs/e33336db-6724-4e07-9509-2652bf431a36?api-version=2021-01-01",
      "Content": null,
      "isContentBase64": false,
      "Headers": {
        "x-ms-unique-id": [ "53" ],
        "x-ms-client-request-id": [ "171b443f-1d1f-40a5-a888-41be92d53f16" ],
        "CommandName": [ "Get-AzDataProtectionJob" ],
        "FullCommandName": [ "Get-AzDataProtectionJob_Get" ],
        "ParameterSetName": [ "__AllParameterSets" ],
        "User-Agent": [ "AzurePowershell/Az4.0.0-preview" ],
        "Authorization": [ "[Filtered]" ]
      },
      "ContentHeaders": {
      }
    },
    "Response": {
      "StatusCode": 200,
      "Headers": {
        "Cache-Control": [ "no-cache" ],
        "Pragma": [ "no-cache" ],
        "x-ms-ratelimit-remaining-subscription-reads": [ "11952" ],
        "Server": [ "Microsoft-IIS/10.0", "Kestrel" ],
        "X-Content-Type-Options": [ "nosniff" ],
        "x-ms-request-id": [ "" ],
        "X-Powered-By": [ "ASP.NET" ],
        "Strict-Transport-Security": [ "max-age=31536000; includeSubDomains" ],
        "x-ms-correlation-request-id": [ "95213268-d085-4725-a5ac-58df080af295" ],
        "x-ms-routing-request-id": [ "SOUTHEASTASIA:20210426T093212Z:95213268-d085-4725-a5ac-58df080af295" ],
        "Date": [ "Mon, 26 Apr 2021 09:32:11 GMT" ]
      },
      "ContentHeaders": {
        "Content-Length": [ "2368" ],
        "Content-Type": [ "application/json" ],
        "Expires": [ "-1" ]
      },
      "Content": "{\"properties\":{\"activityID\":\"432c10bd-6e83-45fb-925d-db1ec9422e1a\",\"subscriptionId\":\"62b829ee-7936-40c9-a1c9-47a93f9f3965\",\"backupInstanceId\":\"/subscriptions/62b829ee-7936-40c9-a1c9-47a93f9f3965/resourceGroups/BlobBackup-BugBash/providers/Microsoft.DataProtection/backupVaults/jecECYBlobVault/backupInstances/ecystorageaccount-ecystorageaccount-6cf6c912-e433-4614-ba78-f26a653d4085\",\"policyId\":\"/subscriptions/62b829ee-7936-40c9-a1c9-47a93f9f3965/resourceGroups/BlobBackup-BugBash/providers/Microsoft.DataProtection/backupVaults/jecECYBlobVault/backupPolicies/hiagaBlobsPolicy1\",\"dataSourceId\":\"/subscriptions/62b829ee-7936-40c9-a1c9-47a93f9f3965/resourceGroups/BlobBackup-BugBash/providers/Microsoft.Storage/storageAccounts/ecystorageaccount\",\"vaultName\":\"jecECYBlobVault\",\"backupInstanceFriendlyName\":\"ecystorageaccount\",\"policyName\":\"hiagaBlobsPolicy1\",\"sourceResourceGroup\":\"BlobBackup-BugBash\",\"dataSourceSetName\":null,\"dataSourceName\":\"ecystorageaccount\",\"sourceDataStoreName\":null,\"destinationDataStoreName\":null,\"progressEnabled\":false,\"etag\":\"W/\\\"datetime\u00272021-04-26T09%3A29%3A47.8257857Z\u0027\\\"\",\"sourceSubscriptionID\":\"62b829ee-7936-40c9-a1c9-47a93f9f3965\",\"dataSourceLocation\":\"eastus2euap\",\"startTime\":\"2021-04-26T09:29:47.3441195Z\",\"endTime\":null,\"dataSourceType\":\"Microsoft.Storage/storageAccounts/blobServices\",\"operationCategory\":\"Restore\",\"operation\":\"Restore\",\"status\":\"InProgress\",\"restoreType\":null,\"isUserTriggered\":true,\"rehydrationPriority\":null,\"supportedActions\":[\"\"],\"duration\":\"PT0S\",\"progressUrl\":null,\"errorDetails\":null,\"extendedInfo\":{\"backupInstanceState\":null,\"dataTransferedInBytes\":null,\"targetRecoverPoint\":null,\"sourceRecoverPoint\":{\"recoveryPointID\":null,\"recoveryPointTime\":\"2021-04-26T09:29:46Z\"},\"recoveryDestination\":\"/subscriptions/62b829ee-7936-40c9-a1c9-47a93f9f3965/resourceGroups/BlobBackup-BugBash/providers/Microsoft.Storage/storageAccounts/ecystorageaccount\",\"subTasks\":[{\"taskId\":1,\"taskName\":\"Trigger Restore\",\"taskStatus\":\"InProgress\",\"taskProgress\":null,\"additionalDetails\":null}],\"additionalDetails\":null}},\"id\":\"/subscriptions/62b829ee-7936-40c9-a1c9-47a93f9f3965/resourceGroups/BlobBackup-BugBash/providers/Microsoft.DataProtection/backupVaults/jecECYBlobVault/backupJobs/e33336db-6724-4e07-9509-2652bf431a36\",\"name\":\"e33336db-6724-4e07-9509-2652bf431a36\",\"type\":\"Microsoft.DataProtection/backupVaults/backupJobs\"}",
      "isContentBase64": false
    }
  },
  "Initialize-AzDataProtectionRestoreRequest+[NoContext]+__AllParameterSets+$GET+https://management.azure.com/subscriptions/62b829ee-7936-40c9-a1c9-47a93f9f3965/resourceGroups/BlobBackup-BugBash/providers/Microsoft.DataProtection/backupVaults/jecECYBlobVault/backupJobs/e33336db-6724-4e07-9509-2652bf431a36?api-version=2021-01-01+17": {
    "Request": {
      "Method": "GET",
      "RequestUri": "https://management.azure.com/subscriptions/62b829ee-7936-40c9-a1c9-47a93f9f3965/resourceGroups/BlobBackup-BugBash/providers/Microsoft.DataProtection/backupVaults/jecECYBlobVault/backupJobs/e33336db-6724-4e07-9509-2652bf431a36?api-version=2021-01-01",
      "Content": null,
      "isContentBase64": false,
      "Headers": {
        "x-ms-unique-id": [ "54" ],
        "x-ms-client-request-id": [ "08ca041f-acb3-44ad-884f-e68a434b3a58" ],
        "CommandName": [ "Get-AzDataProtectionJob" ],
        "FullCommandName": [ "Get-AzDataProtectionJob_Get" ],
        "ParameterSetName": [ "__AllParameterSets" ],
        "User-Agent": [ "AzurePowershell/Az4.0.0-preview" ],
        "Authorization": [ "[Filtered]" ]
      },
      "ContentHeaders": {
      }
    },
    "Response": {
      "StatusCode": 200,
      "Headers": {
        "Cache-Control": [ "no-cache" ],
        "Pragma": [ "no-cache" ],
        "x-ms-ratelimit-remaining-subscription-reads": [ "11951" ],
        "Server": [ "Microsoft-IIS/10.0", "Kestrel" ],
        "X-Content-Type-Options": [ "nosniff" ],
        "x-ms-request-id": [ "" ],
        "X-Powered-By": [ "ASP.NET" ],
        "Strict-Transport-Security": [ "max-age=31536000; includeSubDomains" ],
        "x-ms-correlation-request-id": [ "f90e422c-1e75-4797-b308-37f281900d05" ],
        "x-ms-routing-request-id": [ "SOUTHEASTASIA:20210426T093223Z:f90e422c-1e75-4797-b308-37f281900d05" ],
        "Date": [ "Mon, 26 Apr 2021 09:32:23 GMT" ]
      },
      "ContentHeaders": {
        "Content-Length": [ "2368" ],
        "Content-Type": [ "application/json" ],
        "Expires": [ "-1" ]
      },
      "Content": "{\"properties\":{\"activityID\":\"432c10bd-6e83-45fb-925d-db1ec9422e1a\",\"subscriptionId\":\"62b829ee-7936-40c9-a1c9-47a93f9f3965\",\"backupInstanceId\":\"/subscriptions/62b829ee-7936-40c9-a1c9-47a93f9f3965/resourceGroups/BlobBackup-BugBash/providers/Microsoft.DataProtection/backupVaults/jecECYBlobVault/backupInstances/ecystorageaccount-ecystorageaccount-6cf6c912-e433-4614-ba78-f26a653d4085\",\"policyId\":\"/subscriptions/62b829ee-7936-40c9-a1c9-47a93f9f3965/resourceGroups/BlobBackup-BugBash/providers/Microsoft.DataProtection/backupVaults/jecECYBlobVault/backupPolicies/hiagaBlobsPolicy1\",\"dataSourceId\":\"/subscriptions/62b829ee-7936-40c9-a1c9-47a93f9f3965/resourceGroups/BlobBackup-BugBash/providers/Microsoft.Storage/storageAccounts/ecystorageaccount\",\"vaultName\":\"jecECYBlobVault\",\"backupInstanceFriendlyName\":\"ecystorageaccount\",\"policyName\":\"hiagaBlobsPolicy1\",\"sourceResourceGroup\":\"BlobBackup-BugBash\",\"dataSourceSetName\":null,\"dataSourceName\":\"ecystorageaccount\",\"sourceDataStoreName\":null,\"destinationDataStoreName\":null,\"progressEnabled\":false,\"etag\":\"W/\\\"datetime\u00272021-04-26T09%3A29%3A47.8257857Z\u0027\\\"\",\"sourceSubscriptionID\":\"62b829ee-7936-40c9-a1c9-47a93f9f3965\",\"dataSourceLocation\":\"eastus2euap\",\"startTime\":\"2021-04-26T09:29:47.3441195Z\",\"endTime\":null,\"dataSourceType\":\"Microsoft.Storage/storageAccounts/blobServices\",\"operationCategory\":\"Restore\",\"operation\":\"Restore\",\"status\":\"InProgress\",\"restoreType\":null,\"isUserTriggered\":true,\"rehydrationPriority\":null,\"supportedActions\":[\"\"],\"duration\":\"PT0S\",\"progressUrl\":null,\"errorDetails\":null,\"extendedInfo\":{\"backupInstanceState\":null,\"dataTransferedInBytes\":null,\"targetRecoverPoint\":null,\"sourceRecoverPoint\":{\"recoveryPointID\":null,\"recoveryPointTime\":\"2021-04-26T09:29:46Z\"},\"recoveryDestination\":\"/subscriptions/62b829ee-7936-40c9-a1c9-47a93f9f3965/resourceGroups/BlobBackup-BugBash/providers/Microsoft.Storage/storageAccounts/ecystorageaccount\",\"subTasks\":[{\"taskId\":1,\"taskName\":\"Trigger Restore\",\"taskStatus\":\"InProgress\",\"taskProgress\":null,\"additionalDetails\":null}],\"additionalDetails\":null}},\"id\":\"/subscriptions/62b829ee-7936-40c9-a1c9-47a93f9f3965/resourceGroups/BlobBackup-BugBash/providers/Microsoft.DataProtection/backupVaults/jecECYBlobVault/backupJobs/e33336db-6724-4e07-9509-2652bf431a36\",\"name\":\"e33336db-6724-4e07-9509-2652bf431a36\",\"type\":\"Microsoft.DataProtection/backupVaults/backupJobs\"}",
      "isContentBase64": false
    }
  },
  "Initialize-AzDataProtectionRestoreRequest+[NoContext]+__AllParameterSets+$GET+https://management.azure.com/subscriptions/62b829ee-7936-40c9-a1c9-47a93f9f3965/resourceGroups/BlobBackup-BugBash/providers/Microsoft.DataProtection/backupVaults/jecECYBlobVault/backupJobs/e33336db-6724-4e07-9509-2652bf431a36?api-version=2021-01-01+18": {
    "Request": {
      "Method": "GET",
      "RequestUri": "https://management.azure.com/subscriptions/62b829ee-7936-40c9-a1c9-47a93f9f3965/resourceGroups/BlobBackup-BugBash/providers/Microsoft.DataProtection/backupVaults/jecECYBlobVault/backupJobs/e33336db-6724-4e07-9509-2652bf431a36?api-version=2021-01-01",
      "Content": null,
      "isContentBase64": false,
      "Headers": {
        "x-ms-unique-id": [ "55" ],
        "x-ms-client-request-id": [ "79b53eed-8780-428f-a4f6-50ac090509eb" ],
        "CommandName": [ "Get-AzDataProtectionJob" ],
        "FullCommandName": [ "Get-AzDataProtectionJob_Get" ],
        "ParameterSetName": [ "__AllParameterSets" ],
        "User-Agent": [ "AzurePowershell/Az4.0.0-preview" ],
        "Authorization": [ "[Filtered]" ]
      },
      "ContentHeaders": {
      }
    },
    "Response": {
      "StatusCode": 200,
      "Headers": {
        "Cache-Control": [ "no-cache" ],
        "Pragma": [ "no-cache" ],
        "x-ms-ratelimit-remaining-subscription-reads": [ "11950" ],
        "Server": [ "Microsoft-IIS/10.0", "Kestrel" ],
        "X-Content-Type-Options": [ "nosniff" ],
        "x-ms-request-id": [ "" ],
        "X-Powered-By": [ "ASP.NET" ],
        "Strict-Transport-Security": [ "max-age=31536000; includeSubDomains" ],
        "x-ms-correlation-request-id": [ "96a373f4-a1b2-4673-b04f-70eae45f0166" ],
        "x-ms-routing-request-id": [ "SOUTHEASTASIA:20210426T093233Z:96a373f4-a1b2-4673-b04f-70eae45f0166" ],
        "Date": [ "Mon, 26 Apr 2021 09:32:33 GMT" ]
      },
      "ContentHeaders": {
        "Content-Length": [ "2368" ],
        "Content-Type": [ "application/json" ],
        "Expires": [ "-1" ]
      },
      "Content": "{\"properties\":{\"activityID\":\"432c10bd-6e83-45fb-925d-db1ec9422e1a\",\"subscriptionId\":\"62b829ee-7936-40c9-a1c9-47a93f9f3965\",\"backupInstanceId\":\"/subscriptions/62b829ee-7936-40c9-a1c9-47a93f9f3965/resourceGroups/BlobBackup-BugBash/providers/Microsoft.DataProtection/backupVaults/jecECYBlobVault/backupInstances/ecystorageaccount-ecystorageaccount-6cf6c912-e433-4614-ba78-f26a653d4085\",\"policyId\":\"/subscriptions/62b829ee-7936-40c9-a1c9-47a93f9f3965/resourceGroups/BlobBackup-BugBash/providers/Microsoft.DataProtection/backupVaults/jecECYBlobVault/backupPolicies/hiagaBlobsPolicy1\",\"dataSourceId\":\"/subscriptions/62b829ee-7936-40c9-a1c9-47a93f9f3965/resourceGroups/BlobBackup-BugBash/providers/Microsoft.Storage/storageAccounts/ecystorageaccount\",\"vaultName\":\"jecECYBlobVault\",\"backupInstanceFriendlyName\":\"ecystorageaccount\",\"policyName\":\"hiagaBlobsPolicy1\",\"sourceResourceGroup\":\"BlobBackup-BugBash\",\"dataSourceSetName\":null,\"dataSourceName\":\"ecystorageaccount\",\"sourceDataStoreName\":null,\"destinationDataStoreName\":null,\"progressEnabled\":false,\"etag\":\"W/\\\"datetime\u00272021-04-26T09%3A29%3A47.8257857Z\u0027\\\"\",\"sourceSubscriptionID\":\"62b829ee-7936-40c9-a1c9-47a93f9f3965\",\"dataSourceLocation\":\"eastus2euap\",\"startTime\":\"2021-04-26T09:29:47.3441195Z\",\"endTime\":null,\"dataSourceType\":\"Microsoft.Storage/storageAccounts/blobServices\",\"operationCategory\":\"Restore\",\"operation\":\"Restore\",\"status\":\"InProgress\",\"restoreType\":null,\"isUserTriggered\":true,\"rehydrationPriority\":null,\"supportedActions\":[\"\"],\"duration\":\"PT0S\",\"progressUrl\":null,\"errorDetails\":null,\"extendedInfo\":{\"backupInstanceState\":null,\"dataTransferedInBytes\":null,\"targetRecoverPoint\":null,\"sourceRecoverPoint\":{\"recoveryPointID\":null,\"recoveryPointTime\":\"2021-04-26T09:29:46Z\"},\"recoveryDestination\":\"/subscriptions/62b829ee-7936-40c9-a1c9-47a93f9f3965/resourceGroups/BlobBackup-BugBash/providers/Microsoft.Storage/storageAccounts/ecystorageaccount\",\"subTasks\":[{\"taskId\":1,\"taskName\":\"Trigger Restore\",\"taskStatus\":\"InProgress\",\"taskProgress\":null,\"additionalDetails\":null}],\"additionalDetails\":null}},\"id\":\"/subscriptions/62b829ee-7936-40c9-a1c9-47a93f9f3965/resourceGroups/BlobBackup-BugBash/providers/Microsoft.DataProtection/backupVaults/jecECYBlobVault/backupJobs/e33336db-6724-4e07-9509-2652bf431a36\",\"name\":\"e33336db-6724-4e07-9509-2652bf431a36\",\"type\":\"Microsoft.DataProtection/backupVaults/backupJobs\"}",
      "isContentBase64": false
    }
  },
  "Initialize-AzDataProtectionRestoreRequest+[NoContext]+__AllParameterSets+$GET+https://management.azure.com/subscriptions/62b829ee-7936-40c9-a1c9-47a93f9f3965/resourceGroups/BlobBackup-BugBash/providers/Microsoft.DataProtection/backupVaults/jecECYBlobVault/backupJobs/e33336db-6724-4e07-9509-2652bf431a36?api-version=2021-01-01+19": {
    "Request": {
      "Method": "GET",
      "RequestUri": "https://management.azure.com/subscriptions/62b829ee-7936-40c9-a1c9-47a93f9f3965/resourceGroups/BlobBackup-BugBash/providers/Microsoft.DataProtection/backupVaults/jecECYBlobVault/backupJobs/e33336db-6724-4e07-9509-2652bf431a36?api-version=2021-01-01",
      "Content": null,
      "isContentBase64": false,
      "Headers": {
        "x-ms-unique-id": [ "56" ],
        "x-ms-client-request-id": [ "d8c76c35-35c7-4435-89ca-d542b0675f8b" ],
        "CommandName": [ "Get-AzDataProtectionJob" ],
        "FullCommandName": [ "Get-AzDataProtectionJob_Get" ],
        "ParameterSetName": [ "__AllParameterSets" ],
        "User-Agent": [ "AzurePowershell/Az4.0.0-preview" ],
        "Authorization": [ "[Filtered]" ]
      },
      "ContentHeaders": {
      }
    },
    "Response": {
      "StatusCode": 200,
      "Headers": {
        "Cache-Control": [ "no-cache" ],
        "Pragma": [ "no-cache" ],
        "x-ms-ratelimit-remaining-subscription-reads": [ "11949" ],
        "Server": [ "Microsoft-IIS/10.0", "Kestrel" ],
        "X-Content-Type-Options": [ "nosniff" ],
        "x-ms-request-id": [ "" ],
        "X-Powered-By": [ "ASP.NET" ],
        "Strict-Transport-Security": [ "max-age=31536000; includeSubDomains" ],
        "x-ms-correlation-request-id": [ "3c12473e-90c3-4dcd-9f91-652acbf21208" ],
        "x-ms-routing-request-id": [ "SOUTHEASTASIA:20210426T093243Z:3c12473e-90c3-4dcd-9f91-652acbf21208" ],
        "Date": [ "Mon, 26 Apr 2021 09:32:43 GMT" ]
      },
      "ContentHeaders": {
        "Content-Length": [ "2368" ],
        "Content-Type": [ "application/json" ],
        "Expires": [ "-1" ]
      },
      "Content": "{\"properties\":{\"activityID\":\"432c10bd-6e83-45fb-925d-db1ec9422e1a\",\"subscriptionId\":\"62b829ee-7936-40c9-a1c9-47a93f9f3965\",\"backupInstanceId\":\"/subscriptions/62b829ee-7936-40c9-a1c9-47a93f9f3965/resourceGroups/BlobBackup-BugBash/providers/Microsoft.DataProtection/backupVaults/jecECYBlobVault/backupInstances/ecystorageaccount-ecystorageaccount-6cf6c912-e433-4614-ba78-f26a653d4085\",\"policyId\":\"/subscriptions/62b829ee-7936-40c9-a1c9-47a93f9f3965/resourceGroups/BlobBackup-BugBash/providers/Microsoft.DataProtection/backupVaults/jecECYBlobVault/backupPolicies/hiagaBlobsPolicy1\",\"dataSourceId\":\"/subscriptions/62b829ee-7936-40c9-a1c9-47a93f9f3965/resourceGroups/BlobBackup-BugBash/providers/Microsoft.Storage/storageAccounts/ecystorageaccount\",\"vaultName\":\"jecECYBlobVault\",\"backupInstanceFriendlyName\":\"ecystorageaccount\",\"policyName\":\"hiagaBlobsPolicy1\",\"sourceResourceGroup\":\"BlobBackup-BugBash\",\"dataSourceSetName\":null,\"dataSourceName\":\"ecystorageaccount\",\"sourceDataStoreName\":null,\"destinationDataStoreName\":null,\"progressEnabled\":false,\"etag\":\"W/\\\"datetime\u00272021-04-26T09%3A29%3A47.8257857Z\u0027\\\"\",\"sourceSubscriptionID\":\"62b829ee-7936-40c9-a1c9-47a93f9f3965\",\"dataSourceLocation\":\"eastus2euap\",\"startTime\":\"2021-04-26T09:29:47.3441195Z\",\"endTime\":null,\"dataSourceType\":\"Microsoft.Storage/storageAccounts/blobServices\",\"operationCategory\":\"Restore\",\"operation\":\"Restore\",\"status\":\"InProgress\",\"restoreType\":null,\"isUserTriggered\":true,\"rehydrationPriority\":null,\"supportedActions\":[\"\"],\"duration\":\"PT0S\",\"progressUrl\":null,\"errorDetails\":null,\"extendedInfo\":{\"backupInstanceState\":null,\"dataTransferedInBytes\":null,\"targetRecoverPoint\":null,\"sourceRecoverPoint\":{\"recoveryPointID\":null,\"recoveryPointTime\":\"2021-04-26T09:29:46Z\"},\"recoveryDestination\":\"/subscriptions/62b829ee-7936-40c9-a1c9-47a93f9f3965/resourceGroups/BlobBackup-BugBash/providers/Microsoft.Storage/storageAccounts/ecystorageaccount\",\"subTasks\":[{\"taskId\":1,\"taskName\":\"Trigger Restore\",\"taskStatus\":\"InProgress\",\"taskProgress\":null,\"additionalDetails\":null}],\"additionalDetails\":null}},\"id\":\"/subscriptions/62b829ee-7936-40c9-a1c9-47a93f9f3965/resourceGroups/BlobBackup-BugBash/providers/Microsoft.DataProtection/backupVaults/jecECYBlobVault/backupJobs/e33336db-6724-4e07-9509-2652bf431a36\",\"name\":\"e33336db-6724-4e07-9509-2652bf431a36\",\"type\":\"Microsoft.DataProtection/backupVaults/backupJobs\"}",
      "isContentBase64": false
    }
  },
  "Initialize-AzDataProtectionRestoreRequest+[NoContext]+__AllParameterSets+$GET+https://management.azure.com/subscriptions/62b829ee-7936-40c9-a1c9-47a93f9f3965/resourceGroups/BlobBackup-BugBash/providers/Microsoft.DataProtection/backupVaults/jecECYBlobVault/backupJobs/e33336db-6724-4e07-9509-2652bf431a36?api-version=2021-01-01+20": {
    "Request": {
      "Method": "GET",
      "RequestUri": "https://management.azure.com/subscriptions/62b829ee-7936-40c9-a1c9-47a93f9f3965/resourceGroups/BlobBackup-BugBash/providers/Microsoft.DataProtection/backupVaults/jecECYBlobVault/backupJobs/e33336db-6724-4e07-9509-2652bf431a36?api-version=2021-01-01",
      "Content": null,
      "isContentBase64": false,
      "Headers": {
        "x-ms-unique-id": [ "57" ],
        "x-ms-client-request-id": [ "9d8088a1-02ee-46b1-986d-4fc256e747fa" ],
        "CommandName": [ "Get-AzDataProtectionJob" ],
        "FullCommandName": [ "Get-AzDataProtectionJob_Get" ],
        "ParameterSetName": [ "__AllParameterSets" ],
        "User-Agent": [ "AzurePowershell/Az4.0.0-preview" ],
        "Authorization": [ "[Filtered]" ]
      },
      "ContentHeaders": {
      }
    },
    "Response": {
      "StatusCode": 200,
      "Headers": {
        "Cache-Control": [ "no-cache" ],
        "Pragma": [ "no-cache" ],
        "x-ms-ratelimit-remaining-subscription-reads": [ "11948" ],
        "Server": [ "Microsoft-IIS/10.0", "Kestrel" ],
        "X-Content-Type-Options": [ "nosniff" ],
        "x-ms-request-id": [ "" ],
        "X-Powered-By": [ "ASP.NET" ],
        "Strict-Transport-Security": [ "max-age=31536000; includeSubDomains" ],
        "x-ms-correlation-request-id": [ "876b7d11-1b14-44c0-900e-4a117e345377" ],
        "x-ms-routing-request-id": [ "SOUTHEASTASIA:20210426T093254Z:876b7d11-1b14-44c0-900e-4a117e345377" ],
        "Date": [ "Mon, 26 Apr 2021 09:32:53 GMT" ]
      },
      "ContentHeaders": {
        "Content-Length": [ "2368" ],
        "Content-Type": [ "application/json" ],
        "Expires": [ "-1" ]
      },
      "Content": "{\"properties\":{\"activityID\":\"432c10bd-6e83-45fb-925d-db1ec9422e1a\",\"subscriptionId\":\"62b829ee-7936-40c9-a1c9-47a93f9f3965\",\"backupInstanceId\":\"/subscriptions/62b829ee-7936-40c9-a1c9-47a93f9f3965/resourceGroups/BlobBackup-BugBash/providers/Microsoft.DataProtection/backupVaults/jecECYBlobVault/backupInstances/ecystorageaccount-ecystorageaccount-6cf6c912-e433-4614-ba78-f26a653d4085\",\"policyId\":\"/subscriptions/62b829ee-7936-40c9-a1c9-47a93f9f3965/resourceGroups/BlobBackup-BugBash/providers/Microsoft.DataProtection/backupVaults/jecECYBlobVault/backupPolicies/hiagaBlobsPolicy1\",\"dataSourceId\":\"/subscriptions/62b829ee-7936-40c9-a1c9-47a93f9f3965/resourceGroups/BlobBackup-BugBash/providers/Microsoft.Storage/storageAccounts/ecystorageaccount\",\"vaultName\":\"jecECYBlobVault\",\"backupInstanceFriendlyName\":\"ecystorageaccount\",\"policyName\":\"hiagaBlobsPolicy1\",\"sourceResourceGroup\":\"BlobBackup-BugBash\",\"dataSourceSetName\":null,\"dataSourceName\":\"ecystorageaccount\",\"sourceDataStoreName\":null,\"destinationDataStoreName\":null,\"progressEnabled\":false,\"etag\":\"W/\\\"datetime\u00272021-04-26T09%3A29%3A47.8257857Z\u0027\\\"\",\"sourceSubscriptionID\":\"62b829ee-7936-40c9-a1c9-47a93f9f3965\",\"dataSourceLocation\":\"eastus2euap\",\"startTime\":\"2021-04-26T09:29:47.3441195Z\",\"endTime\":null,\"dataSourceType\":\"Microsoft.Storage/storageAccounts/blobServices\",\"operationCategory\":\"Restore\",\"operation\":\"Restore\",\"status\":\"InProgress\",\"restoreType\":null,\"isUserTriggered\":true,\"rehydrationPriority\":null,\"supportedActions\":[\"\"],\"duration\":\"PT0S\",\"progressUrl\":null,\"errorDetails\":null,\"extendedInfo\":{\"backupInstanceState\":null,\"dataTransferedInBytes\":null,\"targetRecoverPoint\":null,\"sourceRecoverPoint\":{\"recoveryPointID\":null,\"recoveryPointTime\":\"2021-04-26T09:29:46Z\"},\"recoveryDestination\":\"/subscriptions/62b829ee-7936-40c9-a1c9-47a93f9f3965/resourceGroups/BlobBackup-BugBash/providers/Microsoft.Storage/storageAccounts/ecystorageaccount\",\"subTasks\":[{\"taskId\":1,\"taskName\":\"Trigger Restore\",\"taskStatus\":\"InProgress\",\"taskProgress\":null,\"additionalDetails\":null}],\"additionalDetails\":null}},\"id\":\"/subscriptions/62b829ee-7936-40c9-a1c9-47a93f9f3965/resourceGroups/BlobBackup-BugBash/providers/Microsoft.DataProtection/backupVaults/jecECYBlobVault/backupJobs/e33336db-6724-4e07-9509-2652bf431a36\",\"name\":\"e33336db-6724-4e07-9509-2652bf431a36\",\"type\":\"Microsoft.DataProtection/backupVaults/backupJobs\"}",
      "isContentBase64": false
    }
  },
  "Initialize-AzDataProtectionRestoreRequest+[NoContext]+__AllParameterSets+$GET+https://management.azure.com/subscriptions/62b829ee-7936-40c9-a1c9-47a93f9f3965/resourceGroups/BlobBackup-BugBash/providers/Microsoft.DataProtection/backupVaults/jecECYBlobVault/backupJobs/e33336db-6724-4e07-9509-2652bf431a36?api-version=2021-01-01+21": {
    "Request": {
      "Method": "GET",
      "RequestUri": "https://management.azure.com/subscriptions/62b829ee-7936-40c9-a1c9-47a93f9f3965/resourceGroups/BlobBackup-BugBash/providers/Microsoft.DataProtection/backupVaults/jecECYBlobVault/backupJobs/e33336db-6724-4e07-9509-2652bf431a36?api-version=2021-01-01",
      "Content": null,
      "isContentBase64": false,
      "Headers": {
        "x-ms-unique-id": [ "58" ],
        "x-ms-client-request-id": [ "c7c8702e-3283-4a7f-9fbe-964af5d84253" ],
        "CommandName": [ "Get-AzDataProtectionJob" ],
        "FullCommandName": [ "Get-AzDataProtectionJob_Get" ],
        "ParameterSetName": [ "__AllParameterSets" ],
        "User-Agent": [ "AzurePowershell/Az4.0.0-preview" ],
        "Authorization": [ "[Filtered]" ]
      },
      "ContentHeaders": {
      }
    },
    "Response": {
      "StatusCode": 200,
      "Headers": {
        "Cache-Control": [ "no-cache" ],
        "Pragma": [ "no-cache" ],
        "x-ms-ratelimit-remaining-subscription-reads": [ "11947" ],
        "Server": [ "Microsoft-IIS/10.0", "Kestrel" ],
        "X-Content-Type-Options": [ "nosniff" ],
        "x-ms-request-id": [ "" ],
        "X-Powered-By": [ "ASP.NET" ],
        "Strict-Transport-Security": [ "max-age=31536000; includeSubDomains" ],
        "x-ms-correlation-request-id": [ "2d6f8a13-a3fa-4614-9d19-a2fdadce331c" ],
        "x-ms-routing-request-id": [ "SOUTHEASTASIA:20210426T093304Z:2d6f8a13-a3fa-4614-9d19-a2fdadce331c" ],
        "Date": [ "Mon, 26 Apr 2021 09:33:04 GMT" ]
      },
      "ContentHeaders": {
        "Content-Length": [ "2368" ],
        "Content-Type": [ "application/json" ],
        "Expires": [ "-1" ]
      },
      "Content": "{\"properties\":{\"activityID\":\"432c10bd-6e83-45fb-925d-db1ec9422e1a\",\"subscriptionId\":\"62b829ee-7936-40c9-a1c9-47a93f9f3965\",\"backupInstanceId\":\"/subscriptions/62b829ee-7936-40c9-a1c9-47a93f9f3965/resourceGroups/BlobBackup-BugBash/providers/Microsoft.DataProtection/backupVaults/jecECYBlobVault/backupInstances/ecystorageaccount-ecystorageaccount-6cf6c912-e433-4614-ba78-f26a653d4085\",\"policyId\":\"/subscriptions/62b829ee-7936-40c9-a1c9-47a93f9f3965/resourceGroups/BlobBackup-BugBash/providers/Microsoft.DataProtection/backupVaults/jecECYBlobVault/backupPolicies/hiagaBlobsPolicy1\",\"dataSourceId\":\"/subscriptions/62b829ee-7936-40c9-a1c9-47a93f9f3965/resourceGroups/BlobBackup-BugBash/providers/Microsoft.Storage/storageAccounts/ecystorageaccount\",\"vaultName\":\"jecECYBlobVault\",\"backupInstanceFriendlyName\":\"ecystorageaccount\",\"policyName\":\"hiagaBlobsPolicy1\",\"sourceResourceGroup\":\"BlobBackup-BugBash\",\"dataSourceSetName\":null,\"dataSourceName\":\"ecystorageaccount\",\"sourceDataStoreName\":null,\"destinationDataStoreName\":null,\"progressEnabled\":false,\"etag\":\"W/\\\"datetime\u00272021-04-26T09%3A29%3A47.8257857Z\u0027\\\"\",\"sourceSubscriptionID\":\"62b829ee-7936-40c9-a1c9-47a93f9f3965\",\"dataSourceLocation\":\"eastus2euap\",\"startTime\":\"2021-04-26T09:29:47.3441195Z\",\"endTime\":null,\"dataSourceType\":\"Microsoft.Storage/storageAccounts/blobServices\",\"operationCategory\":\"Restore\",\"operation\":\"Restore\",\"status\":\"InProgress\",\"restoreType\":null,\"isUserTriggered\":true,\"rehydrationPriority\":null,\"supportedActions\":[\"\"],\"duration\":\"PT0S\",\"progressUrl\":null,\"errorDetails\":null,\"extendedInfo\":{\"backupInstanceState\":null,\"dataTransferedInBytes\":null,\"targetRecoverPoint\":null,\"sourceRecoverPoint\":{\"recoveryPointID\":null,\"recoveryPointTime\":\"2021-04-26T09:29:46Z\"},\"recoveryDestination\":\"/subscriptions/62b829ee-7936-40c9-a1c9-47a93f9f3965/resourceGroups/BlobBackup-BugBash/providers/Microsoft.Storage/storageAccounts/ecystorageaccount\",\"subTasks\":[{\"taskId\":1,\"taskName\":\"Trigger Restore\",\"taskStatus\":\"InProgress\",\"taskProgress\":null,\"additionalDetails\":null}],\"additionalDetails\":null}},\"id\":\"/subscriptions/62b829ee-7936-40c9-a1c9-47a93f9f3965/resourceGroups/BlobBackup-BugBash/providers/Microsoft.DataProtection/backupVaults/jecECYBlobVault/backupJobs/e33336db-6724-4e07-9509-2652bf431a36\",\"name\":\"e33336db-6724-4e07-9509-2652bf431a36\",\"type\":\"Microsoft.DataProtection/backupVaults/backupJobs\"}",
      "isContentBase64": false
    }
  },
  "Initialize-AzDataProtectionRestoreRequest+[NoContext]+__AllParameterSets+$GET+https://management.azure.com/subscriptions/62b829ee-7936-40c9-a1c9-47a93f9f3965/resourceGroups/BlobBackup-BugBash/providers/Microsoft.DataProtection/backupVaults/jecECYBlobVault/backupJobs/e33336db-6724-4e07-9509-2652bf431a36?api-version=2021-01-01+22": {
    "Request": {
      "Method": "GET",
      "RequestUri": "https://management.azure.com/subscriptions/62b829ee-7936-40c9-a1c9-47a93f9f3965/resourceGroups/BlobBackup-BugBash/providers/Microsoft.DataProtection/backupVaults/jecECYBlobVault/backupJobs/e33336db-6724-4e07-9509-2652bf431a36?api-version=2021-01-01",
      "Content": null,
      "isContentBase64": false,
      "Headers": {
        "x-ms-unique-id": [ "59" ],
        "x-ms-client-request-id": [ "66538015-860a-4de6-a716-dde416ccce14" ],
        "CommandName": [ "Get-AzDataProtectionJob" ],
        "FullCommandName": [ "Get-AzDataProtectionJob_Get" ],
        "ParameterSetName": [ "__AllParameterSets" ],
        "User-Agent": [ "AzurePowershell/Az4.0.0-preview" ],
        "Authorization": [ "[Filtered]" ]
      },
      "ContentHeaders": {
      }
    },
    "Response": {
      "StatusCode": 200,
      "Headers": {
        "Cache-Control": [ "no-cache" ],
        "Pragma": [ "no-cache" ],
        "x-ms-ratelimit-remaining-subscription-reads": [ "11946" ],
        "Server": [ "Microsoft-IIS/10.0", "Kestrel" ],
        "X-Content-Type-Options": [ "nosniff" ],
        "x-ms-request-id": [ "" ],
        "X-Powered-By": [ "ASP.NET" ],
        "Strict-Transport-Security": [ "max-age=31536000; includeSubDomains" ],
        "x-ms-correlation-request-id": [ "a60e7131-123b-46a6-9264-59a62456d3d7" ],
        "x-ms-routing-request-id": [ "SOUTHEASTASIA:20210426T093315Z:a60e7131-123b-46a6-9264-59a62456d3d7" ],
        "Date": [ "Mon, 26 Apr 2021 09:33:14 GMT" ]
      },
      "ContentHeaders": {
        "Content-Length": [ "2368" ],
        "Content-Type": [ "application/json" ],
        "Expires": [ "-1" ]
      },
      "Content": "{\"properties\":{\"activityID\":\"432c10bd-6e83-45fb-925d-db1ec9422e1a\",\"subscriptionId\":\"62b829ee-7936-40c9-a1c9-47a93f9f3965\",\"backupInstanceId\":\"/subscriptions/62b829ee-7936-40c9-a1c9-47a93f9f3965/resourceGroups/BlobBackup-BugBash/providers/Microsoft.DataProtection/backupVaults/jecECYBlobVault/backupInstances/ecystorageaccount-ecystorageaccount-6cf6c912-e433-4614-ba78-f26a653d4085\",\"policyId\":\"/subscriptions/62b829ee-7936-40c9-a1c9-47a93f9f3965/resourceGroups/BlobBackup-BugBash/providers/Microsoft.DataProtection/backupVaults/jecECYBlobVault/backupPolicies/hiagaBlobsPolicy1\",\"dataSourceId\":\"/subscriptions/62b829ee-7936-40c9-a1c9-47a93f9f3965/resourceGroups/BlobBackup-BugBash/providers/Microsoft.Storage/storageAccounts/ecystorageaccount\",\"vaultName\":\"jecECYBlobVault\",\"backupInstanceFriendlyName\":\"ecystorageaccount\",\"policyName\":\"hiagaBlobsPolicy1\",\"sourceResourceGroup\":\"BlobBackup-BugBash\",\"dataSourceSetName\":null,\"dataSourceName\":\"ecystorageaccount\",\"sourceDataStoreName\":null,\"destinationDataStoreName\":null,\"progressEnabled\":false,\"etag\":\"W/\\\"datetime\u00272021-04-26T09%3A29%3A47.8257857Z\u0027\\\"\",\"sourceSubscriptionID\":\"62b829ee-7936-40c9-a1c9-47a93f9f3965\",\"dataSourceLocation\":\"eastus2euap\",\"startTime\":\"2021-04-26T09:29:47.3441195Z\",\"endTime\":null,\"dataSourceType\":\"Microsoft.Storage/storageAccounts/blobServices\",\"operationCategory\":\"Restore\",\"operation\":\"Restore\",\"status\":\"InProgress\",\"restoreType\":null,\"isUserTriggered\":true,\"rehydrationPriority\":null,\"supportedActions\":[\"\"],\"duration\":\"PT0S\",\"progressUrl\":null,\"errorDetails\":null,\"extendedInfo\":{\"backupInstanceState\":null,\"dataTransferedInBytes\":null,\"targetRecoverPoint\":null,\"sourceRecoverPoint\":{\"recoveryPointID\":null,\"recoveryPointTime\":\"2021-04-26T09:29:46Z\"},\"recoveryDestination\":\"/subscriptions/62b829ee-7936-40c9-a1c9-47a93f9f3965/resourceGroups/BlobBackup-BugBash/providers/Microsoft.Storage/storageAccounts/ecystorageaccount\",\"subTasks\":[{\"taskId\":1,\"taskName\":\"Trigger Restore\",\"taskStatus\":\"InProgress\",\"taskProgress\":null,\"additionalDetails\":null}],\"additionalDetails\":null}},\"id\":\"/subscriptions/62b829ee-7936-40c9-a1c9-47a93f9f3965/resourceGroups/BlobBackup-BugBash/providers/Microsoft.DataProtection/backupVaults/jecECYBlobVault/backupJobs/e33336db-6724-4e07-9509-2652bf431a36\",\"name\":\"e33336db-6724-4e07-9509-2652bf431a36\",\"type\":\"Microsoft.DataProtection/backupVaults/backupJobs\"}",
      "isContentBase64": false
    }
  },
  "Initialize-AzDataProtectionRestoreRequest+[NoContext]+__AllParameterSets+$GET+https://management.azure.com/subscriptions/62b829ee-7936-40c9-a1c9-47a93f9f3965/resourceGroups/BlobBackup-BugBash/providers/Microsoft.DataProtection/backupVaults/jecECYBlobVault/backupJobs/e33336db-6724-4e07-9509-2652bf431a36?api-version=2021-01-01+23": {
    "Request": {
      "Method": "GET",
      "RequestUri": "https://management.azure.com/subscriptions/62b829ee-7936-40c9-a1c9-47a93f9f3965/resourceGroups/BlobBackup-BugBash/providers/Microsoft.DataProtection/backupVaults/jecECYBlobVault/backupJobs/e33336db-6724-4e07-9509-2652bf431a36?api-version=2021-01-01",
      "Content": null,
      "isContentBase64": false,
      "Headers": {
        "x-ms-unique-id": [ "60" ],
        "x-ms-client-request-id": [ "48f65ad7-b87e-4112-a670-90f6b3a8018b" ],
        "CommandName": [ "Get-AzDataProtectionJob" ],
        "FullCommandName": [ "Get-AzDataProtectionJob_Get" ],
        "ParameterSetName": [ "__AllParameterSets" ],
        "User-Agent": [ "AzurePowershell/Az4.0.0-preview" ],
        "Authorization": [ "[Filtered]" ]
      },
      "ContentHeaders": {
      }
    },
    "Response": {
      "StatusCode": 200,
      "Headers": {
        "Cache-Control": [ "no-cache" ],
        "Pragma": [ "no-cache" ],
        "x-ms-ratelimit-remaining-subscription-reads": [ "11945" ],
        "Server": [ "Microsoft-IIS/10.0", "Kestrel" ],
        "X-Content-Type-Options": [ "nosniff" ],
        "x-ms-request-id": [ "" ],
        "X-Powered-By": [ "ASP.NET" ],
        "Strict-Transport-Security": [ "max-age=31536000; includeSubDomains" ],
        "x-ms-correlation-request-id": [ "2e5ab5ec-643f-4971-a4a8-52b3fbcf40ca" ],
        "x-ms-routing-request-id": [ "SOUTHEASTASIA:20210426T093325Z:2e5ab5ec-643f-4971-a4a8-52b3fbcf40ca" ],
        "Date": [ "Mon, 26 Apr 2021 09:33:24 GMT" ]
      },
      "ContentHeaders": {
        "Content-Length": [ "2368" ],
        "Content-Type": [ "application/json" ],
        "Expires": [ "-1" ]
      },
      "Content": "{\"properties\":{\"activityID\":\"432c10bd-6e83-45fb-925d-db1ec9422e1a\",\"subscriptionId\":\"62b829ee-7936-40c9-a1c9-47a93f9f3965\",\"backupInstanceId\":\"/subscriptions/62b829ee-7936-40c9-a1c9-47a93f9f3965/resourceGroups/BlobBackup-BugBash/providers/Microsoft.DataProtection/backupVaults/jecECYBlobVault/backupInstances/ecystorageaccount-ecystorageaccount-6cf6c912-e433-4614-ba78-f26a653d4085\",\"policyId\":\"/subscriptions/62b829ee-7936-40c9-a1c9-47a93f9f3965/resourceGroups/BlobBackup-BugBash/providers/Microsoft.DataProtection/backupVaults/jecECYBlobVault/backupPolicies/hiagaBlobsPolicy1\",\"dataSourceId\":\"/subscriptions/62b829ee-7936-40c9-a1c9-47a93f9f3965/resourceGroups/BlobBackup-BugBash/providers/Microsoft.Storage/storageAccounts/ecystorageaccount\",\"vaultName\":\"jecECYBlobVault\",\"backupInstanceFriendlyName\":\"ecystorageaccount\",\"policyName\":\"hiagaBlobsPolicy1\",\"sourceResourceGroup\":\"BlobBackup-BugBash\",\"dataSourceSetName\":null,\"dataSourceName\":\"ecystorageaccount\",\"sourceDataStoreName\":null,\"destinationDataStoreName\":null,\"progressEnabled\":false,\"etag\":\"W/\\\"datetime\u00272021-04-26T09%3A29%3A47.8257857Z\u0027\\\"\",\"sourceSubscriptionID\":\"62b829ee-7936-40c9-a1c9-47a93f9f3965\",\"dataSourceLocation\":\"eastus2euap\",\"startTime\":\"2021-04-26T09:29:47.3441195Z\",\"endTime\":null,\"dataSourceType\":\"Microsoft.Storage/storageAccounts/blobServices\",\"operationCategory\":\"Restore\",\"operation\":\"Restore\",\"status\":\"InProgress\",\"restoreType\":null,\"isUserTriggered\":true,\"rehydrationPriority\":null,\"supportedActions\":[\"\"],\"duration\":\"PT0S\",\"progressUrl\":null,\"errorDetails\":null,\"extendedInfo\":{\"backupInstanceState\":null,\"dataTransferedInBytes\":null,\"targetRecoverPoint\":null,\"sourceRecoverPoint\":{\"recoveryPointID\":null,\"recoveryPointTime\":\"2021-04-26T09:29:46Z\"},\"recoveryDestination\":\"/subscriptions/62b829ee-7936-40c9-a1c9-47a93f9f3965/resourceGroups/BlobBackup-BugBash/providers/Microsoft.Storage/storageAccounts/ecystorageaccount\",\"subTasks\":[{\"taskId\":1,\"taskName\":\"Trigger Restore\",\"taskStatus\":\"InProgress\",\"taskProgress\":null,\"additionalDetails\":null}],\"additionalDetails\":null}},\"id\":\"/subscriptions/62b829ee-7936-40c9-a1c9-47a93f9f3965/resourceGroups/BlobBackup-BugBash/providers/Microsoft.DataProtection/backupVaults/jecECYBlobVault/backupJobs/e33336db-6724-4e07-9509-2652bf431a36\",\"name\":\"e33336db-6724-4e07-9509-2652bf431a36\",\"type\":\"Microsoft.DataProtection/backupVaults/backupJobs\"}",
      "isContentBase64": false
    }
  },
  "Initialize-AzDataProtectionRestoreRequest+[NoContext]+__AllParameterSets+$GET+https://management.azure.com/subscriptions/62b829ee-7936-40c9-a1c9-47a93f9f3965/resourceGroups/BlobBackup-BugBash/providers/Microsoft.DataProtection/backupVaults/jecECYBlobVault/backupJobs/e33336db-6724-4e07-9509-2652bf431a36?api-version=2021-01-01+24": {
    "Request": {
      "Method": "GET",
      "RequestUri": "https://management.azure.com/subscriptions/62b829ee-7936-40c9-a1c9-47a93f9f3965/resourceGroups/BlobBackup-BugBash/providers/Microsoft.DataProtection/backupVaults/jecECYBlobVault/backupJobs/e33336db-6724-4e07-9509-2652bf431a36?api-version=2021-01-01",
      "Content": null,
      "isContentBase64": false,
      "Headers": {
        "x-ms-unique-id": [ "61" ],
        "x-ms-client-request-id": [ "b6fe88b4-6b27-4efe-a396-efa2bb3f6944" ],
        "CommandName": [ "Get-AzDataProtectionJob" ],
        "FullCommandName": [ "Get-AzDataProtectionJob_Get" ],
        "ParameterSetName": [ "__AllParameterSets" ],
        "User-Agent": [ "AzurePowershell/Az4.0.0-preview" ],
        "Authorization": [ "[Filtered]" ]
      },
      "ContentHeaders": {
      }
    },
    "Response": {
      "StatusCode": 200,
      "Headers": {
        "Cache-Control": [ "no-cache" ],
        "Pragma": [ "no-cache" ],
        "Server": [ "Microsoft-IIS/10.0", "Kestrel" ],
        "X-Content-Type-Options": [ "nosniff" ],
        "x-ms-request-id": [ "" ],
        "X-Powered-By": [ "ASP.NET" ],
        "Strict-Transport-Security": [ "max-age=31536000; includeSubDomains" ],
        "x-ms-ratelimit-remaining-subscription-reads": [ "11944" ],
        "x-ms-correlation-request-id": [ "68cdbe95-4759-4572-81dc-51a315084a0a" ],
        "x-ms-routing-request-id": [ "SOUTHEASTASIA:20210426T093335Z:68cdbe95-4759-4572-81dc-51a315084a0a" ],
        "Date": [ "Mon, 26 Apr 2021 09:33:35 GMT" ]
      },
      "ContentHeaders": {
        "Content-Length": [ "2368" ],
        "Content-Type": [ "application/json" ],
        "Expires": [ "-1" ]
      },
      "Content": "{\"properties\":{\"activityID\":\"432c10bd-6e83-45fb-925d-db1ec9422e1a\",\"subscriptionId\":\"62b829ee-7936-40c9-a1c9-47a93f9f3965\",\"backupInstanceId\":\"/subscriptions/62b829ee-7936-40c9-a1c9-47a93f9f3965/resourceGroups/BlobBackup-BugBash/providers/Microsoft.DataProtection/backupVaults/jecECYBlobVault/backupInstances/ecystorageaccount-ecystorageaccount-6cf6c912-e433-4614-ba78-f26a653d4085\",\"policyId\":\"/subscriptions/62b829ee-7936-40c9-a1c9-47a93f9f3965/resourceGroups/BlobBackup-BugBash/providers/Microsoft.DataProtection/backupVaults/jecECYBlobVault/backupPolicies/hiagaBlobsPolicy1\",\"dataSourceId\":\"/subscriptions/62b829ee-7936-40c9-a1c9-47a93f9f3965/resourceGroups/BlobBackup-BugBash/providers/Microsoft.Storage/storageAccounts/ecystorageaccount\",\"vaultName\":\"jecECYBlobVault\",\"backupInstanceFriendlyName\":\"ecystorageaccount\",\"policyName\":\"hiagaBlobsPolicy1\",\"sourceResourceGroup\":\"BlobBackup-BugBash\",\"dataSourceSetName\":null,\"dataSourceName\":\"ecystorageaccount\",\"sourceDataStoreName\":null,\"destinationDataStoreName\":null,\"progressEnabled\":false,\"etag\":\"W/\\\"datetime\u00272021-04-26T09%3A29%3A47.8257857Z\u0027\\\"\",\"sourceSubscriptionID\":\"62b829ee-7936-40c9-a1c9-47a93f9f3965\",\"dataSourceLocation\":\"eastus2euap\",\"startTime\":\"2021-04-26T09:29:47.3441195Z\",\"endTime\":null,\"dataSourceType\":\"Microsoft.Storage/storageAccounts/blobServices\",\"operationCategory\":\"Restore\",\"operation\":\"Restore\",\"status\":\"InProgress\",\"restoreType\":null,\"isUserTriggered\":true,\"rehydrationPriority\":null,\"supportedActions\":[\"\"],\"duration\":\"PT0S\",\"progressUrl\":null,\"errorDetails\":null,\"extendedInfo\":{\"backupInstanceState\":null,\"dataTransferedInBytes\":null,\"targetRecoverPoint\":null,\"sourceRecoverPoint\":{\"recoveryPointID\":null,\"recoveryPointTime\":\"2021-04-26T09:29:46Z\"},\"recoveryDestination\":\"/subscriptions/62b829ee-7936-40c9-a1c9-47a93f9f3965/resourceGroups/BlobBackup-BugBash/providers/Microsoft.Storage/storageAccounts/ecystorageaccount\",\"subTasks\":[{\"taskId\":1,\"taskName\":\"Trigger Restore\",\"taskStatus\":\"InProgress\",\"taskProgress\":null,\"additionalDetails\":null}],\"additionalDetails\":null}},\"id\":\"/subscriptions/62b829ee-7936-40c9-a1c9-47a93f9f3965/resourceGroups/BlobBackup-BugBash/providers/Microsoft.DataProtection/backupVaults/jecECYBlobVault/backupJobs/e33336db-6724-4e07-9509-2652bf431a36\",\"name\":\"e33336db-6724-4e07-9509-2652bf431a36\",\"type\":\"Microsoft.DataProtection/backupVaults/backupJobs\"}",
      "isContentBase64": false
    }
  },
  "Initialize-AzDataProtectionRestoreRequest+[NoContext]+__AllParameterSets+$GET+https://management.azure.com/subscriptions/62b829ee-7936-40c9-a1c9-47a93f9f3965/resourceGroups/BlobBackup-BugBash/providers/Microsoft.DataProtection/backupVaults/jecECYBlobVault/backupJobs/e33336db-6724-4e07-9509-2652bf431a36?api-version=2021-01-01+25": {
    "Request": {
      "Method": "GET",
      "RequestUri": "https://management.azure.com/subscriptions/62b829ee-7936-40c9-a1c9-47a93f9f3965/resourceGroups/BlobBackup-BugBash/providers/Microsoft.DataProtection/backupVaults/jecECYBlobVault/backupJobs/e33336db-6724-4e07-9509-2652bf431a36?api-version=2021-01-01",
      "Content": null,
      "isContentBase64": false,
      "Headers": {
        "x-ms-unique-id": [ "62" ],
        "x-ms-client-request-id": [ "1a91509a-ec54-468f-b2c2-398b806baccf" ],
        "CommandName": [ "Get-AzDataProtectionJob" ],
        "FullCommandName": [ "Get-AzDataProtectionJob_Get" ],
        "ParameterSetName": [ "__AllParameterSets" ],
        "User-Agent": [ "AzurePowershell/Az4.0.0-preview" ],
        "Authorization": [ "[Filtered]" ]
      },
      "ContentHeaders": {
      }
    },
    "Response": {
      "StatusCode": 200,
      "Headers": {
        "Cache-Control": [ "no-cache" ],
        "Pragma": [ "no-cache" ],
        "x-ms-ratelimit-remaining-subscription-reads": [ "11943" ],
        "Server": [ "Microsoft-IIS/10.0", "Kestrel" ],
        "X-Content-Type-Options": [ "nosniff" ],
        "x-ms-request-id": [ "" ],
        "X-Powered-By": [ "ASP.NET" ],
        "Strict-Transport-Security": [ "max-age=31536000; includeSubDomains" ],
        "x-ms-correlation-request-id": [ "3039dcd4-d647-435f-8777-483e03740944" ],
        "x-ms-routing-request-id": [ "SOUTHEASTASIA:20210426T093349Z:3039dcd4-d647-435f-8777-483e03740944" ],
        "Date": [ "Mon, 26 Apr 2021 09:33:49 GMT" ]
      },
      "ContentHeaders": {
        "Content-Length": [ "2368" ],
        "Content-Type": [ "application/json" ],
        "Expires": [ "-1" ]
      },
      "Content": "{\"properties\":{\"activityID\":\"432c10bd-6e83-45fb-925d-db1ec9422e1a\",\"subscriptionId\":\"62b829ee-7936-40c9-a1c9-47a93f9f3965\",\"backupInstanceId\":\"/subscriptions/62b829ee-7936-40c9-a1c9-47a93f9f3965/resourceGroups/BlobBackup-BugBash/providers/Microsoft.DataProtection/backupVaults/jecECYBlobVault/backupInstances/ecystorageaccount-ecystorageaccount-6cf6c912-e433-4614-ba78-f26a653d4085\",\"policyId\":\"/subscriptions/62b829ee-7936-40c9-a1c9-47a93f9f3965/resourceGroups/BlobBackup-BugBash/providers/Microsoft.DataProtection/backupVaults/jecECYBlobVault/backupPolicies/hiagaBlobsPolicy1\",\"dataSourceId\":\"/subscriptions/62b829ee-7936-40c9-a1c9-47a93f9f3965/resourceGroups/BlobBackup-BugBash/providers/Microsoft.Storage/storageAccounts/ecystorageaccount\",\"vaultName\":\"jecECYBlobVault\",\"backupInstanceFriendlyName\":\"ecystorageaccount\",\"policyName\":\"hiagaBlobsPolicy1\",\"sourceResourceGroup\":\"BlobBackup-BugBash\",\"dataSourceSetName\":null,\"dataSourceName\":\"ecystorageaccount\",\"sourceDataStoreName\":null,\"destinationDataStoreName\":null,\"progressEnabled\":false,\"etag\":\"W/\\\"datetime\u00272021-04-26T09%3A29%3A47.8257857Z\u0027\\\"\",\"sourceSubscriptionID\":\"62b829ee-7936-40c9-a1c9-47a93f9f3965\",\"dataSourceLocation\":\"eastus2euap\",\"startTime\":\"2021-04-26T09:29:47.3441195Z\",\"endTime\":null,\"dataSourceType\":\"Microsoft.Storage/storageAccounts/blobServices\",\"operationCategory\":\"Restore\",\"operation\":\"Restore\",\"status\":\"InProgress\",\"restoreType\":null,\"isUserTriggered\":true,\"rehydrationPriority\":null,\"supportedActions\":[\"\"],\"duration\":\"PT0S\",\"progressUrl\":null,\"errorDetails\":null,\"extendedInfo\":{\"backupInstanceState\":null,\"dataTransferedInBytes\":null,\"targetRecoverPoint\":null,\"sourceRecoverPoint\":{\"recoveryPointID\":null,\"recoveryPointTime\":\"2021-04-26T09:29:46Z\"},\"recoveryDestination\":\"/subscriptions/62b829ee-7936-40c9-a1c9-47a93f9f3965/resourceGroups/BlobBackup-BugBash/providers/Microsoft.Storage/storageAccounts/ecystorageaccount\",\"subTasks\":[{\"taskId\":1,\"taskName\":\"Trigger Restore\",\"taskStatus\":\"InProgress\",\"taskProgress\":null,\"additionalDetails\":null}],\"additionalDetails\":null}},\"id\":\"/subscriptions/62b829ee-7936-40c9-a1c9-47a93f9f3965/resourceGroups/BlobBackup-BugBash/providers/Microsoft.DataProtection/backupVaults/jecECYBlobVault/backupJobs/e33336db-6724-4e07-9509-2652bf431a36\",\"name\":\"e33336db-6724-4e07-9509-2652bf431a36\",\"type\":\"Microsoft.DataProtection/backupVaults/backupJobs\"}",
      "isContentBase64": false
    }
  },
  "Initialize-AzDataProtectionRestoreRequest+[NoContext]+__AllParameterSets+$GET+https://management.azure.com/subscriptions/62b829ee-7936-40c9-a1c9-47a93f9f3965/resourceGroups/BlobBackup-BugBash/providers/Microsoft.DataProtection/backupVaults/jecECYBlobVault/backupJobs/e33336db-6724-4e07-9509-2652bf431a36?api-version=2021-01-01+26": {
    "Request": {
      "Method": "GET",
      "RequestUri": "https://management.azure.com/subscriptions/62b829ee-7936-40c9-a1c9-47a93f9f3965/resourceGroups/BlobBackup-BugBash/providers/Microsoft.DataProtection/backupVaults/jecECYBlobVault/backupJobs/e33336db-6724-4e07-9509-2652bf431a36?api-version=2021-01-01",
      "Content": null,
      "isContentBase64": false,
      "Headers": {
        "x-ms-unique-id": [ "63" ],
        "x-ms-client-request-id": [ "c616d14f-0600-4cd5-89bd-aa5b4b1369ae" ],
        "CommandName": [ "Get-AzDataProtectionJob" ],
        "FullCommandName": [ "Get-AzDataProtectionJob_Get" ],
        "ParameterSetName": [ "__AllParameterSets" ],
        "User-Agent": [ "AzurePowershell/Az4.0.0-preview" ],
        "Authorization": [ "[Filtered]" ]
      },
      "ContentHeaders": {
      }
    },
    "Response": {
      "StatusCode": 200,
      "Headers": {
        "Cache-Control": [ "no-cache" ],
        "Pragma": [ "no-cache" ],
        "x-ms-ratelimit-remaining-subscription-reads": [ "11942" ],
        "Server": [ "Microsoft-IIS/10.0", "Kestrel" ],
        "X-Content-Type-Options": [ "nosniff" ],
        "x-ms-request-id": [ "" ],
        "X-Powered-By": [ "ASP.NET" ],
        "Strict-Transport-Security": [ "max-age=31536000; includeSubDomains" ],
        "x-ms-correlation-request-id": [ "d96feea8-5cb9-4497-a348-43df67fe9733" ],
        "x-ms-routing-request-id": [ "SOUTHEASTASIA:20210426T093400Z:d96feea8-5cb9-4497-a348-43df67fe9733" ],
        "Date": [ "Mon, 26 Apr 2021 09:34:00 GMT" ]
      },
      "ContentHeaders": {
        "Content-Length": [ "2368" ],
        "Content-Type": [ "application/json" ],
        "Expires": [ "-1" ]
      },
      "Content": "{\"properties\":{\"activityID\":\"432c10bd-6e83-45fb-925d-db1ec9422e1a\",\"subscriptionId\":\"62b829ee-7936-40c9-a1c9-47a93f9f3965\",\"backupInstanceId\":\"/subscriptions/62b829ee-7936-40c9-a1c9-47a93f9f3965/resourceGroups/BlobBackup-BugBash/providers/Microsoft.DataProtection/backupVaults/jecECYBlobVault/backupInstances/ecystorageaccount-ecystorageaccount-6cf6c912-e433-4614-ba78-f26a653d4085\",\"policyId\":\"/subscriptions/62b829ee-7936-40c9-a1c9-47a93f9f3965/resourceGroups/BlobBackup-BugBash/providers/Microsoft.DataProtection/backupVaults/jecECYBlobVault/backupPolicies/hiagaBlobsPolicy1\",\"dataSourceId\":\"/subscriptions/62b829ee-7936-40c9-a1c9-47a93f9f3965/resourceGroups/BlobBackup-BugBash/providers/Microsoft.Storage/storageAccounts/ecystorageaccount\",\"vaultName\":\"jecECYBlobVault\",\"backupInstanceFriendlyName\":\"ecystorageaccount\",\"policyName\":\"hiagaBlobsPolicy1\",\"sourceResourceGroup\":\"BlobBackup-BugBash\",\"dataSourceSetName\":null,\"dataSourceName\":\"ecystorageaccount\",\"sourceDataStoreName\":null,\"destinationDataStoreName\":null,\"progressEnabled\":false,\"etag\":\"W/\\\"datetime\u00272021-04-26T09%3A29%3A47.8257857Z\u0027\\\"\",\"sourceSubscriptionID\":\"62b829ee-7936-40c9-a1c9-47a93f9f3965\",\"dataSourceLocation\":\"eastus2euap\",\"startTime\":\"2021-04-26T09:29:47.3441195Z\",\"endTime\":null,\"dataSourceType\":\"Microsoft.Storage/storageAccounts/blobServices\",\"operationCategory\":\"Restore\",\"operation\":\"Restore\",\"status\":\"InProgress\",\"restoreType\":null,\"isUserTriggered\":true,\"rehydrationPriority\":null,\"supportedActions\":[\"\"],\"duration\":\"PT0S\",\"progressUrl\":null,\"errorDetails\":null,\"extendedInfo\":{\"backupInstanceState\":null,\"dataTransferedInBytes\":null,\"targetRecoverPoint\":null,\"sourceRecoverPoint\":{\"recoveryPointID\":null,\"recoveryPointTime\":\"2021-04-26T09:29:46Z\"},\"recoveryDestination\":\"/subscriptions/62b829ee-7936-40c9-a1c9-47a93f9f3965/resourceGroups/BlobBackup-BugBash/providers/Microsoft.Storage/storageAccounts/ecystorageaccount\",\"subTasks\":[{\"taskId\":1,\"taskName\":\"Trigger Restore\",\"taskStatus\":\"InProgress\",\"taskProgress\":null,\"additionalDetails\":null}],\"additionalDetails\":null}},\"id\":\"/subscriptions/62b829ee-7936-40c9-a1c9-47a93f9f3965/resourceGroups/BlobBackup-BugBash/providers/Microsoft.DataProtection/backupVaults/jecECYBlobVault/backupJobs/e33336db-6724-4e07-9509-2652bf431a36\",\"name\":\"e33336db-6724-4e07-9509-2652bf431a36\",\"type\":\"Microsoft.DataProtection/backupVaults/backupJobs\"}",
      "isContentBase64": false
    }
  },
  "Initialize-AzDataProtectionRestoreRequest+[NoContext]+__AllParameterSets+$GET+https://management.azure.com/subscriptions/62b829ee-7936-40c9-a1c9-47a93f9f3965/resourceGroups/BlobBackup-BugBash/providers/Microsoft.DataProtection/backupVaults/jecECYBlobVault/backupJobs/e33336db-6724-4e07-9509-2652bf431a36?api-version=2021-01-01+27": {
    "Request": {
      "Method": "GET",
      "RequestUri": "https://management.azure.com/subscriptions/62b829ee-7936-40c9-a1c9-47a93f9f3965/resourceGroups/BlobBackup-BugBash/providers/Microsoft.DataProtection/backupVaults/jecECYBlobVault/backupJobs/e33336db-6724-4e07-9509-2652bf431a36?api-version=2021-01-01",
      "Content": null,
      "isContentBase64": false,
      "Headers": {
        "x-ms-unique-id": [ "64" ],
        "x-ms-client-request-id": [ "c35c4538-46ea-479c-8563-c4935c8c298d" ],
        "CommandName": [ "Get-AzDataProtectionJob" ],
        "FullCommandName": [ "Get-AzDataProtectionJob_Get" ],
        "ParameterSetName": [ "__AllParameterSets" ],
        "User-Agent": [ "AzurePowershell/Az4.0.0-preview" ],
        "Authorization": [ "[Filtered]" ]
      },
      "ContentHeaders": {
      }
    },
    "Response": {
      "StatusCode": 200,
      "Headers": {
        "Cache-Control": [ "no-cache" ],
        "Pragma": [ "no-cache" ],
        "x-ms-ratelimit-remaining-subscription-reads": [ "11941" ],
        "Server": [ "Microsoft-IIS/10.0", "Kestrel" ],
        "X-Content-Type-Options": [ "nosniff" ],
        "x-ms-request-id": [ "" ],
        "X-Powered-By": [ "ASP.NET" ],
        "Strict-Transport-Security": [ "max-age=31536000; includeSubDomains" ],
        "x-ms-correlation-request-id": [ "b42473fe-2a38-4303-b605-1b1bc248334c" ],
        "x-ms-routing-request-id": [ "SOUTHEASTASIA:20210426T093410Z:b42473fe-2a38-4303-b605-1b1bc248334c" ],
        "Date": [ "Mon, 26 Apr 2021 09:34:10 GMT" ]
      },
      "ContentHeaders": {
        "Content-Length": [ "2403" ],
        "Content-Type": [ "application/json" ],
        "Expires": [ "-1" ]
      },
      "Content": "{\"properties\":{\"activityID\":\"432c10bd-6e83-45fb-925d-db1ec9422e1a\",\"subscriptionId\":\"62b829ee-7936-40c9-a1c9-47a93f9f3965\",\"backupInstanceId\":\"/subscriptions/62b829ee-7936-40c9-a1c9-47a93f9f3965/resourceGroups/BlobBackup-BugBash/providers/Microsoft.DataProtection/backupVaults/jecECYBlobVault/backupInstances/ecystorageaccount-ecystorageaccount-6cf6c912-e433-4614-ba78-f26a653d4085\",\"policyId\":\"/subscriptions/62b829ee-7936-40c9-a1c9-47a93f9f3965/resourceGroups/BlobBackup-BugBash/providers/Microsoft.DataProtection/backupVaults/jecECYBlobVault/backupPolicies/hiagaBlobsPolicy1\",\"dataSourceId\":\"/subscriptions/62b829ee-7936-40c9-a1c9-47a93f9f3965/resourceGroups/BlobBackup-BugBash/providers/Microsoft.Storage/storageAccounts/ecystorageaccount\",\"vaultName\":\"jecECYBlobVault\",\"backupInstanceFriendlyName\":\"ecystorageaccount\",\"policyName\":\"hiagaBlobsPolicy1\",\"sourceResourceGroup\":\"BlobBackup-BugBash\",\"dataSourceSetName\":null,\"dataSourceName\":\"ecystorageaccount\",\"sourceDataStoreName\":null,\"destinationDataStoreName\":null,\"progressEnabled\":false,\"etag\":\"W/\\\"datetime\u00272021-04-26T09%3A34%3A05.6793911Z\u0027\\\"\",\"sourceSubscriptionID\":\"62b829ee-7936-40c9-a1c9-47a93f9f3965\",\"dataSourceLocation\":\"eastus2euap\",\"startTime\":\"2021-04-26T09:29:47.3441195Z\",\"endTime\":\"2021-04-26T09:34:05.0732858Z\",\"dataSourceType\":\"Microsoft.Storage/storageAccounts/blobServices\",\"operationCategory\":\"Restore\",\"operation\":\"Restore\",\"status\":\"Completed\",\"restoreType\":null,\"isUserTriggered\":true,\"rehydrationPriority\":null,\"supportedActions\":[\"\"],\"duration\":\"PT4M17.7291663S\",\"progressUrl\":null,\"errorDetails\":null,\"extendedInfo\":{\"backupInstanceState\":null,\"dataTransferedInBytes\":null,\"targetRecoverPoint\":null,\"sourceRecoverPoint\":{\"recoveryPointID\":null,\"recoveryPointTime\":\"2021-04-26T09:29:46Z\"},\"recoveryDestination\":\"/subscriptions/62b829ee-7936-40c9-a1c9-47a93f9f3965/resourceGroups/BlobBackup-BugBash/providers/Microsoft.Storage/storageAccounts/ecystorageaccount\",\"subTasks\":[{\"taskId\":1,\"taskName\":\"Trigger Restore\",\"taskStatus\":\"Completed\",\"taskProgress\":null,\"additionalDetails\":null}],\"additionalDetails\":null}},\"id\":\"/subscriptions/62b829ee-7936-40c9-a1c9-47a93f9f3965/resourceGroups/BlobBackup-BugBash/providers/Microsoft.DataProtection/backupVaults/jecECYBlobVault/backupJobs/e33336db-6724-4e07-9509-2652bf431a36\",\"name\":\"e33336db-6724-4e07-9509-2652bf431a36\",\"type\":\"Microsoft.DataProtection/backupVaults/backupJobs\"}",
      "isContentBase64": false
    }
  }
}