{
  "Entries": [
    {
      "RequestUri": "/subscriptions/876407bb-5bd3-45c4-9c07-cd74a964b2fc/resourcegroups/onesdk2270?api-version=2016-02-01",
      "EncodedRequestUri": "L3N1YnNjcmlwdGlvbnMvODc2NDA3YmItNWJkMy00NWM0LTljMDctY2Q3NGE5NjRiMmZjL3Jlc291cmNlZ3JvdXBzL29uZXNkazIyNzA/YXBpLXZlcnNpb249MjAxNi0wMi0wMQ==",
      "RequestMethod": "PUT",
      "RequestBody": "{\r\n  \"location\": \"West Europe\"\r\n}",
      "RequestHeaders": {
        "Content-Type": [
          "application/json; charset=utf-8"
        ],
        "Content-Length": [
          "33"
        ],
        "User-Agent": [
          "Microsoft.Azure.Management.Resources.ResourceManagementClient/2.0.0.0"
        ]
      },
      "ResponseBody": "{\r\n  \"id\": \"/subscriptions/876407bb-5bd3-45c4-9c07-cd74a964b2fc/resourceGroups/onesdk2270\",\r\n  \"name\": \"onesdk2270\",\r\n  \"location\": \"westeurope\",\r\n  \"properties\": {\r\n    \"provisioningState\": \"Succeeded\"\r\n  }\r\n}",
      "ResponseHeaders": {
        "Content-Length": [
          "177"
        ],
        "Content-Type": [
          "application/json; charset=utf-8"
        ],
        "Expires": [
          "-1"
        ],
        "Pragma": [
          "no-cache"
        ],
        "x-ms-ratelimit-remaining-subscription-writes": [
          "1057"
        ],
        "x-ms-request-id": [
          "2b295aa9-077a-4053-8f25-4227cdc43637"
        ],
        "x-ms-correlation-request-id": [
          "2b295aa9-077a-4053-8f25-4227cdc43637"
        ],
        "x-ms-routing-request-id": [
          "CENTRALUS:20170915T043840Z:2b295aa9-077a-4053-8f25-4227cdc43637"
        ],
        "Strict-Transport-Security": [
          "max-age=31536000; includeSubDomains"
        ],
        "Cache-Control": [
          "no-cache"
        ],
        "Date": [
          "Fri, 15 Sep 2017 04:38:40 GMT"
        ]
      },
      "StatusCode": 201
    },
    {
      "RequestUri": "/subscriptions/876407bb-5bd3-45c4-9c07-cd74a964b2fc/resourceGroups/onesdk2270/providers/Microsoft.DataFactory/factories/onesdk2509?api-version=2017-09-01-preview",
      "EncodedRequestUri": "L3N1YnNjcmlwdGlvbnMvODc2NDA3YmItNWJkMy00NWM0LTljMDctY2Q3NGE5NjRiMmZjL3Jlc291cmNlR3JvdXBzL29uZXNkazIyNzAvcHJvdmlkZXJzL01pY3Jvc29mdC5EYXRhRmFjdG9yeS9mYWN0b3JpZXMvb25lc2RrMjUwOT9hcGktdmVyc2lvbj0yMDE3LTA5LTAxLXByZXZpZXc=",
      "RequestMethod": "PUT",
      "RequestBody": "{\r\n  \"identity\": {\r\n    \"type\": \"SystemAssigned\"\r\n  },\r\n  \"location\": \"West Europe\",\r\n  \"tags\": {}\r\n}",
      "RequestHeaders": {
        "Content-Type": [
          "application/json; charset=utf-8"
        ],
        "Content-Length": [
          "101"
        ],
        "x-ms-client-request-id": [
          "994536d8-54d8-46a0-a0f2-3f4e8846816a"
        ],
        "accept-language": [
          "en-US"
        ],
        "User-Agent": [
          "FxVersion/4.7.2102.0",
          "OSName/Windows10Enterprise",
          "OSVersion/6.3.15063",
          "Microsoft.Azure.Management.DataFactory.DataFactoryManagementClient/0.1.0.0"
        ]
      },
      "ResponseBody": "{\r\n  \"name\": \"onesdk2509\",\r\n  \"tags\": {},\r\n  \"properties\": {\r\n    \"provisioningState\": \"Succeeded\",\r\n    \"loggingStorageAccountKey\": \"**********\",\r\n    \"createTime\": \"2017-09-15T04:38:47.2636613Z\",\r\n    \"version\": \"2017-09-01-preview\"\r\n  },\r\n  \"identity\": {\r\n    \"type\": \"SystemAssigned\",\r\n    \"principalId\": \"536ab1cf-e9b5-49b7-9eac-c02febbcde38\",\r\n    \"tenantId\": \"033a6772-e760-4454-991a-35bd0f091e2e\"\r\n  },\r\n  \"id\": \"/subscriptions/876407bb-5bd3-45c4-9c07-cd74a964b2fc/resourceGroups/onesdk2270/providers/Microsoft.DataFactory/factories/onesdk2509\",\r\n  \"type\": \"Microsoft.DataFactory/factories\",\r\n  \"location\": \"West Europe\"\r\n}",
      "ResponseHeaders": {
        "Content-Length": [
          "537"
        ],
        "Content-Type": [
          "application/json; charset=utf-8"
        ],
        "Expires": [
          "-1"
        ],
        "Pragma": [
          "no-cache"
        ],
        "x-ms-request-id": [
          "702d78fc-27c3-4bd9-bfa6-b58d450a3925"
        ],
        "Strict-Transport-Security": [
          "max-age=31536000; includeSubDomains"
        ],
        "X-Content-Type-Options": [
          "nosniff"
        ],
        "x-ms-ratelimit-remaining-subscription-writes": [
          "1030"
        ],
        "x-ms-correlation-request-id": [
          "15d1f4a5-5b44-4f7b-a62a-01d6e269754f"
        ],
        "x-ms-routing-request-id": [
          "CENTRALUS:20170915T043849Z:15d1f4a5-5b44-4f7b-a62a-01d6e269754f"
        ],
        "Cache-Control": [
          "no-cache"
        ],
        "Date": [
          "Fri, 15 Sep 2017 04:38:48 GMT"
        ],
        "Server": [
          "Microsoft-IIS/8.5"
        ],
        "X-Powered-By": [
          "ASP.NET"
        ]
      },
      "StatusCode": 200
    },
    {
      "RequestUri": "/subscriptions/876407bb-5bd3-45c4-9c07-cd74a964b2fc/resourceGroups/onesdk2270/providers/Microsoft.DataFactory/factories/onesdk2509?api-version=2017-09-01-preview",
      "EncodedRequestUri": "L3N1YnNjcmlwdGlvbnMvODc2NDA3YmItNWJkMy00NWM0LTljMDctY2Q3NGE5NjRiMmZjL3Jlc291cmNlR3JvdXBzL29uZXNkazIyNzAvcHJvdmlkZXJzL01pY3Jvc29mdC5EYXRhRmFjdG9yeS9mYWN0b3JpZXMvb25lc2RrMjUwOT9hcGktdmVyc2lvbj0yMDE3LTA5LTAxLXByZXZpZXc=",
      "RequestMethod": "GET",
      "RequestBody": "",
      "RequestHeaders": {
        "x-ms-client-request-id": [
          "1e3cd13b-ac2e-4433-941b-e7df69577800"
        ],
        "accept-language": [
          "en-US"
        ],
        "User-Agent": [
          "FxVersion/4.7.2102.0",
          "OSName/Windows10Enterprise",
          "OSVersion/6.3.15063",
          "Microsoft.Azure.Management.DataFactory.DataFactoryManagementClient/0.1.0.0"
        ]
      },
      "ResponseBody": "{\r\n  \"name\": \"onesdk2509\",\r\n  \"tags\": {},\r\n  \"properties\": {\r\n    \"provisioningState\": \"Succeeded\",\r\n    \"loggingStorageAccountKey\": \"**********\",\r\n    \"createTime\": \"2017-09-15T04:38:47.2636613Z\",\r\n    \"version\": \"2017-09-01-preview\"\r\n  },\r\n  \"identity\": {\r\n    \"type\": \"SystemAssigned\",\r\n    \"principalId\": \"536ab1cf-e9b5-49b7-9eac-c02febbcde38\",\r\n    \"tenantId\": \"033a6772-e760-4454-991a-35bd0f091e2e\"\r\n  },\r\n  \"id\": \"/subscriptions/876407bb-5bd3-45c4-9c07-cd74a964b2fc/resourceGroups/onesdk2270/providers/Microsoft.DataFactory/factories/onesdk2509\",\r\n  \"type\": \"Microsoft.DataFactory/factories\",\r\n  \"location\": \"West Europe\"\r\n}",
      "ResponseHeaders": {
        "Content-Length": [
          "537"
        ],
        "Content-Type": [
          "application/json; charset=utf-8"
        ],
        "Expires": [
          "-1"
        ],
        "Pragma": [
          "no-cache"
        ],
        "x-ms-request-id": [
          "c60df209-c45e-416a-9bd7-071f97472499"
        ],
        "Strict-Transport-Security": [
          "max-age=31536000; includeSubDomains"
        ],
        "X-Content-Type-Options": [
          "nosniff"
        ],
        "x-ms-ratelimit-remaining-subscription-reads": [
          "14583"
        ],
        "x-ms-correlation-request-id": [
          "3c052be7-b885-49d8-81ae-7b89dc7d859e"
        ],
        "x-ms-routing-request-id": [
          "CENTRALUS:20170915T043849Z:3c052be7-b885-49d8-81ae-7b89dc7d859e"
        ],
        "Cache-Control": [
          "no-cache"
        ],
        "Date": [
          "Fri, 15 Sep 2017 04:38:49 GMT"
        ],
        "Server": [
          "Microsoft-IIS/8.5"
        ],
        "X-Powered-By": [
          "ASP.NET"
        ]
      },
      "StatusCode": 200
    },
    {
      "RequestUri": "/subscriptions/876407bb-5bd3-45c4-9c07-cd74a964b2fc/resourceGroups/onesdk2270/providers/Microsoft.DataFactory/factories/onesdk2509?api-version=2017-09-01-preview",
      "EncodedRequestUri": "L3N1YnNjcmlwdGlvbnMvODc2NDA3YmItNWJkMy00NWM0LTljMDctY2Q3NGE5NjRiMmZjL3Jlc291cmNlR3JvdXBzL29uZXNkazIyNzAvcHJvdmlkZXJzL01pY3Jvc29mdC5EYXRhRmFjdG9yeS9mYWN0b3JpZXMvb25lc2RrMjUwOT9hcGktdmVyc2lvbj0yMDE3LTA5LTAxLXByZXZpZXc=",
      "RequestMethod": "DELETE",
      "RequestBody": "",
      "RequestHeaders": {
        "x-ms-client-request-id": [
          "2ddb9255-beca-41c6-8f55-1c318944059b"
        ],
        "accept-language": [
          "en-US"
        ],
        "User-Agent": [
          "FxVersion/4.7.2102.0",
          "OSName/Windows10Enterprise",
          "OSVersion/6.3.15063",
          "Microsoft.Azure.Management.DataFactory.DataFactoryManagementClient/0.1.0.0"
        ]
      },
      "ResponseBody": "",
      "ResponseHeaders": {
        "Content-Length": [
          "0"
        ],
        "Expires": [
          "-1"
        ],
        "Pragma": [
          "no-cache"
        ],
        "x-ms-request-id": [
          "874fb05e-bb05-488e-815f-0296e1ee4573"
        ],
        "Strict-Transport-Security": [
          "max-age=31536000; includeSubDomains"
        ],
        "X-Content-Type-Options": [
          "nosniff"
        ],
        "x-ms-ratelimit-remaining-subscription-writes": [
          "1029"
        ],
        "x-ms-correlation-request-id": [
          "2da051a7-0000-4bf3-98ca-62bd2cbec40d"
        ],
        "x-ms-routing-request-id": [
          "CENTRALUS:20170915T043851Z:2da051a7-0000-4bf3-98ca-62bd2cbec40d"
        ],
        "Cache-Control": [
          "no-cache"
        ],
        "Date": [
          "Fri, 15 Sep 2017 04:38:51 GMT"
        ],
        "Server": [
          "Microsoft-IIS/8.5"
        ],
        "X-Powered-By": [
          "ASP.NET"
        ]
      },
      "StatusCode": 200
    }
  ],
  "Names": {
    "Test-CreateDataFactory": [
      "onesdk2509",
      "onesdk2270"
    ]
  },
  "Variables": {
    "SubscriptionId": "876407bb-5bd3-45c4-9c07-cd74a964b2fc"
  }
}