{
  "Entries": [
    {
      "RequestUri": "/subscriptions/2295ee31-27e3-4b1d-b5c1-6c73d1265f4e/resourcegroups/onesdk5513?api-version=2014-04-01-preview",
      "EncodedRequestUri": "L3N1YnNjcmlwdGlvbnMvMjI5NWVlMzEtMjdlMy00YjFkLWI1YzEtNmM3M2QxMjY1ZjRlL3Jlc291cmNlZ3JvdXBzL29uZXNkazU1MTM/YXBpLXZlcnNpb249MjAxNC0wNC0wMS1wcmV2aWV3",
      "RequestMethod": "HEAD",
      "RequestBody": "",
      "RequestHeaders": {
        "User-Agent": [
          "Microsoft.Azure.Management.Resources.ResourceManagementClient/2.0.0.0"
        ]
      },
      "ResponseBody": "",
      "ResponseHeaders": {
        "Content-Length": [
          "102"
        ],
        "Content-Type": [
          "application/json; charset=utf-8"
        ],
        "Expires": [
          "-1"
        ],
        "Pragma": [
          "no-cache"
        ],
        "x-ms-failure-cause": [
          "gateway"
        ],
        "x-ms-ratelimit-remaining-subscription-reads": [
          "14939"
        ],
        "x-ms-request-id": [
          "c31e5772-b9fd-4409-a62d-88ccbde9d4ec"
        ],
        "x-ms-correlation-request-id": [
          "c31e5772-b9fd-4409-a62d-88ccbde9d4ec"
        ],
        "x-ms-routing-request-id": [
          "CENTRALUS:20150807T083205Z:c31e5772-b9fd-4409-a62d-88ccbde9d4ec"
        ],
        "Strict-Transport-Security": [
          "max-age=31536000; includeSubDomains"
        ],
        "Cache-Control": [
          "no-cache"
        ],
        "Date": [
          "Fri, 07 Aug 2015 08:32:05 GMT"
        ]
      },
      "StatusCode": 404
    },
    {
      "RequestUri": "/subscriptions/2295ee31-27e3-4b1d-b5c1-6c73d1265f4e/resourcegroups/onesdk5513?api-version=2014-04-01-preview",
      "EncodedRequestUri": "L3N1YnNjcmlwdGlvbnMvMjI5NWVlMzEtMjdlMy00YjFkLWI1YzEtNmM3M2QxMjY1ZjRlL3Jlc291cmNlZ3JvdXBzL29uZXNkazU1MTM/YXBpLXZlcnNpb249MjAxNC0wNC0wMS1wcmV2aWV3",
      "RequestMethod": "HEAD",
      "RequestBody": "",
      "RequestHeaders": {
        "User-Agent": [
          "Microsoft.Azure.Management.Resources.ResourceManagementClient/2.0.0.0"
        ]
      },
      "ResponseBody": "",
      "ResponseHeaders": {
        "Content-Length": [
          "0"
        ],
        "Expires": [
          "-1"
        ],
        "Pragma": [
          "no-cache"
        ],
        "x-ms-ratelimit-remaining-subscription-reads": [
          "14935"
        ],
        "x-ms-request-id": [
          "8f913a24-4e0c-4f85-9ba6-f848bd41babc"
        ],
        "x-ms-correlation-request-id": [
          "8f913a24-4e0c-4f85-9ba6-f848bd41babc"
        ],
        "x-ms-routing-request-id": [
          "CENTRALUS:20150807T083228Z:8f913a24-4e0c-4f85-9ba6-f848bd41babc"
        ],
        "Strict-Transport-Security": [
          "max-age=31536000; includeSubDomains"
        ],
        "Cache-Control": [
          "no-cache"
        ],
        "Date": [
          "Fri, 07 Aug 2015 08:32:28 GMT"
        ]
      },
      "StatusCode": 204
    },
    {
      "RequestUri": "/subscriptions/2295ee31-27e3-4b1d-b5c1-6c73d1265f4e/resourcegroups/onesdk5513?api-version=2014-04-01-preview",
      "EncodedRequestUri": "L3N1YnNjcmlwdGlvbnMvMjI5NWVlMzEtMjdlMy00YjFkLWI1YzEtNmM3M2QxMjY1ZjRlL3Jlc291cmNlZ3JvdXBzL29uZXNkazU1MTM/YXBpLXZlcnNpb249MjAxNC0wNC0wMS1wcmV2aWV3",
      "RequestMethod": "PUT",
      "RequestBody": "{\r\n  \"location\": \"Japan East\"\r\n}",
      "RequestHeaders": {
        "Content-Type": [
          "application/json; charset=utf-8"
        ],
        "Content-Length": [
          "32"
        ],
        "User-Agent": [
          "Microsoft.Azure.Management.Resources.ResourceManagementClient/2.0.0.0"
        ]
      },
      "ResponseBody": "{\r\n  \"id\": \"/subscriptions/2295ee31-27e3-4b1d-b5c1-6c73d1265f4e/resourceGroups/onesdk5513\",\r\n  \"name\": \"onesdk5513\",\r\n  \"location\": \"japaneast\",\r\n  \"properties\": {\r\n    \"provisioningState\": \"Succeeded\"\r\n  }\r\n}",
      "ResponseHeaders": {
        "Content-Length": [
          "176"
        ],
        "Content-Type": [
          "application/json; charset=utf-8"
        ],
        "Expires": [
          "-1"
        ],
        "Pragma": [
          "no-cache"
        ],
        "x-ms-ratelimit-remaining-subscription-writes": [
          "1182"
        ],
        "x-ms-request-id": [
          "c0395fb7-7e63-44fe-b056-942e784492c7"
        ],
        "x-ms-correlation-request-id": [
          "c0395fb7-7e63-44fe-b056-942e784492c7"
        ],
        "x-ms-routing-request-id": [
          "CENTRALUS:20150807T083206Z:c0395fb7-7e63-44fe-b056-942e784492c7"
        ],
        "Strict-Transport-Security": [
          "max-age=31536000; includeSubDomains"
        ],
        "Cache-Control": [
          "no-cache"
        ],
        "Date": [
          "Fri, 07 Aug 2015 08:32:05 GMT"
        ]
      },
      "StatusCode": 201
    },
    {
      "RequestUri": "/subscriptions/2295ee31-27e3-4b1d-b5c1-6c73d1265f4e/resourceGroups/onesdk5513/resources?api-version=2014-04-01-preview",
      "EncodedRequestUri": "L3N1YnNjcmlwdGlvbnMvMjI5NWVlMzEtMjdlMy00YjFkLWI1YzEtNmM3M2QxMjY1ZjRlL3Jlc291cmNlR3JvdXBzL29uZXNkazU1MTMvcmVzb3VyY2VzP2FwaS12ZXJzaW9uPTIwMTQtMDQtMDEtcHJldmlldw==",
      "RequestMethod": "GET",
      "RequestBody": "",
      "RequestHeaders": {
        "User-Agent": [
          "Microsoft.Azure.Management.Resources.ResourceManagementClient/2.0.0.0"
        ]
      },
      "ResponseBody": "{\r\n  \"value\": []\r\n}",
      "ResponseHeaders": {
        "Content-Length": [
          "12"
        ],
        "Content-Type": [
          "application/json; charset=utf-8"
        ],
        "Expires": [
          "-1"
        ],
        "Pragma": [
          "no-cache"
        ],
        "x-ms-ratelimit-remaining-subscription-reads": [
          "14938"
        ],
        "x-ms-request-id": [
          "d56e8da0-9cb4-4844-a13a-ddfb7710439d"
        ],
        "x-ms-correlation-request-id": [
          "d56e8da0-9cb4-4844-a13a-ddfb7710439d"
        ],
        "x-ms-routing-request-id": [
          "CENTRALUS:20150807T083206Z:d56e8da0-9cb4-4844-a13a-ddfb7710439d"
        ],
        "Strict-Transport-Security": [
          "max-age=31536000; includeSubDomains"
        ],
        "Cache-Control": [
          "no-cache"
        ],
        "Date": [
          "Fri, 07 Aug 2015 08:32:05 GMT"
        ]
      },
      "StatusCode": 200
    },
    {
      "RequestUri": "/subscriptions/2295ee31-27e3-4b1d-b5c1-6c73d1265f4e/resourcegroups/onesdk5513/providers/Microsoft.Authorization/permissions?api-version=2014-07-01-preview",
      "EncodedRequestUri": "L3N1YnNjcmlwdGlvbnMvMjI5NWVlMzEtMjdlMy00YjFkLWI1YzEtNmM3M2QxMjY1ZjRlL3Jlc291cmNlZ3JvdXBzL29uZXNkazU1MTMvcHJvdmlkZXJzL01pY3Jvc29mdC5BdXRob3JpemF0aW9uL3Blcm1pc3Npb25zP2FwaS12ZXJzaW9uPTIwMTQtMDctMDEtcHJldmlldw==",
      "RequestMethod": "GET",
      "RequestBody": "",
      "RequestHeaders": {
        "User-Agent": [
          "Microsoft.Azure.Management.Authorization.AuthorizationManagementClient/0.9.0.0"
        ]
      },
      "ResponseBody": "{\r\n  \"value\": [\r\n    {\r\n      \"actions\": [\r\n        \"*\"\r\n      ],\r\n      \"notActions\": []\r\n    }\r\n  ]\r\n}",
      "ResponseHeaders": {
        "Content-Length": [
          "45"
        ],
        "Content-Type": [
          "application/json; charset=utf-8"
        ],
        "Expires": [
          "-1"
        ],
        "Pragma": [
          "no-cache"
        ],
        "Vary": [
          "Accept-Encoding"
        ],
        "x-ms-request-id": [
          "centralus:14ca50da-cebd-4981-9a09-968e085829ab"
        ],
        "x-ms-ratelimit-remaining-subscription-reads": [
          "14962"
        ],
        "x-ms-correlation-request-id": [
          "6915fe6c-dc06-4c17-a3d3-a8a4c4b47d26"
        ],
        "x-ms-routing-request-id": [
          "CENTRALUS:20150807T083206Z:6915fe6c-dc06-4c17-a3d3-a8a4c4b47d26"
        ],
        "Strict-Transport-Security": [
          "max-age=31536000; includeSubDomains"
        ],
        "Cache-Control": [
          "no-cache"
        ],
        "Date": [
          "Fri, 07 Aug 2015 08:32:06 GMT"
        ]
      },
      "StatusCode": 200
    },
    {
      "RequestUri": "/subscriptions/2295ee31-27e3-4b1d-b5c1-6c73d1265f4e/resourceGroups/onesdk5513/providers/Microsoft.Sql/servers/onesdk4931?api-version=2014-04-01",
      "EncodedRequestUri": "L3N1YnNjcmlwdGlvbnMvMjI5NWVlMzEtMjdlMy00YjFkLWI1YzEtNmM3M2QxMjY1ZjRlL3Jlc291cmNlR3JvdXBzL29uZXNkazU1MTMvcHJvdmlkZXJzL01pY3Jvc29mdC5TcWwvc2VydmVycy9vbmVzZGs0OTMxP2FwaS12ZXJzaW9uPTIwMTQtMDQtMDE=",
      "RequestMethod": "GET",
      "RequestBody": "",
      "RequestHeaders": {
        "User-Agent": [
          "Microsoft.Azure.Management.Sql.SqlManagementClient/0.9.0.0"
        ],
        "x-ms-client-request-id": [
          "99f49baa-dc64-40e0-afbc-267d0c3eba5e"
        ]
      },
      "ResponseBody": "{\r\n  \"error\": {\r\n    \"code\": \"ResourceNotFound\",\r\n    \"message\": \"The Resource 'Microsoft.Sql/servers/onesdk4931' under resource group 'onesdk5513' was not found.\"\r\n  }\r\n}",
      "ResponseHeaders": {
        "Content-Length": [
          "146"
        ],
        "Content-Type": [
          "application/json; charset=utf-8"
        ],
        "Expires": [
          "-1"
        ],
        "Pragma": [
          "no-cache"
        ],
        "x-ms-failure-cause": [
          "gateway"
        ],
        "x-ms-request-id": [
          "49b00b7f-9745-4966-b0a7-7dfd7f533dc4"
        ],
        "x-ms-correlation-request-id": [
          "49b00b7f-9745-4966-b0a7-7dfd7f533dc4"
        ],
        "x-ms-routing-request-id": [
          "CENTRALUS:20150807T083206Z:49b00b7f-9745-4966-b0a7-7dfd7f533dc4"
        ],
        "Strict-Transport-Security": [
          "max-age=31536000; includeSubDomains"
        ],
        "Cache-Control": [
          "no-cache"
        ],
        "Date": [
          "Fri, 07 Aug 2015 08:32:06 GMT"
        ]
      },
      "StatusCode": 404
    },
    {
      "RequestUri": "/subscriptions/2295ee31-27e3-4b1d-b5c1-6c73d1265f4e/resourceGroups/onesdk5513/providers/Microsoft.Sql/servers/onesdk4931?api-version=2014-04-01",
      "EncodedRequestUri": "L3N1YnNjcmlwdGlvbnMvMjI5NWVlMzEtMjdlMy00YjFkLWI1YzEtNmM3M2QxMjY1ZjRlL3Jlc291cmNlR3JvdXBzL29uZXNkazU1MTMvcHJvdmlkZXJzL01pY3Jvc29mdC5TcWwvc2VydmVycy9vbmVzZGs0OTMxP2FwaS12ZXJzaW9uPTIwMTQtMDQtMDE=",
      "RequestMethod": "GET",
      "RequestBody": "",
      "RequestHeaders": {
        "User-Agent": [
          "Microsoft.Azure.Management.Sql.SqlManagementClient/0.9.0.0"
        ],
        "x-ms-client-request-id": [
          "e4f2eb11-97b1-4bbb-bd27-f1986b6af7be"
        ]
      },
      "ResponseBody": "{\r\n  \"id\": \"/subscriptions/2295ee31-27e3-4b1d-b5c1-6c73d1265f4e/resourceGroups/onesdk5513/providers/Microsoft.Sql/servers/onesdk4931\",\r\n  \"name\": \"onesdk4931\",\r\n  \"type\": \"Microsoft.Sql/servers\",\r\n  \"location\": \"North Central US\",\r\n  \"kind\": \"v2.0\",\r\n  \"properties\": {\r\n    \"fullyQualifiedDomainName\": \"onesdk4931.sqltest-eg1.mscds.com\",\r\n    \"administratorLogin\": \"testusername\",\r\n    \"administratorLoginPassword\": null,\r\n    \"externalAdministratorLogin\": null,\r\n    \"externalAdministratorSid\": null,\r\n    \"version\": \"2.0\",\r\n    \"state\": \"Ready\"\r\n  }\r\n}",
      "ResponseHeaders": {
        "Content-Length": [
          "469"
        ],
        "Content-Type": [
          "application/json; odata=minimalmetadata; streaming=true; charset=utf-8"
        ],
        "x-ms-request-id": [
          "2947c40b-c19e-46c9-8d76-dfb5119f0b07"
        ],
        "X-Content-Type-Options": [
          "nosniff"
        ],
        "DataServiceVersion": [
          "3.0;"
        ],
        "x-ms-ratelimit-remaining-subscription-reads": [
          "14959"
        ],
        "x-ms-correlation-request-id": [
          "279fb4ce-f619-4f5b-b1a2-980cac8d4640"
        ],
        "x-ms-routing-request-id": [
          "CENTRALUS:20150807T083212Z:279fb4ce-f619-4f5b-b1a2-980cac8d4640"
        ],
        "Strict-Transport-Security": [
          "max-age=31536000; includeSubDomains"
        ],
        "Cache-Control": [
          "no-store, no-cache"
        ],
        "Date": [
          "Fri, 07 Aug 2015 08:32:12 GMT"
        ],
        "Server": [
          "Microsoft-HTTPAPI/2.0"
        ]
      },
      "StatusCode": 200
    },
    {
      "RequestUri": "/subscriptions/2295ee31-27e3-4b1d-b5c1-6c73d1265f4e/resourceGroups/onesdk5513/providers/Microsoft.Sql/servers/onesdk4931?api-version=2014-04-01",
      "EncodedRequestUri": "L3N1YnNjcmlwdGlvbnMvMjI5NWVlMzEtMjdlMy00YjFkLWI1YzEtNmM3M2QxMjY1ZjRlL3Jlc291cmNlR3JvdXBzL29uZXNkazU1MTMvcHJvdmlkZXJzL01pY3Jvc29mdC5TcWwvc2VydmVycy9vbmVzZGs0OTMxP2FwaS12ZXJzaW9uPTIwMTQtMDQtMDE=",
      "RequestMethod": "PUT",
      "RequestBody": "{\r\n  \"properties\": {\r\n    \"version\": \"2.0\",\r\n    \"administratorLogin\": \"testusername\",\r\n    \"administratorLoginPassword\": \"t357ingP@s5w0rd!\"\r\n  },\r\n  \"location\": \"North Central US\"\r\n}",
      "RequestHeaders": {
        "Content-Type": [
          "application/json; charset=utf-8"
        ],
        "Content-Length": [
          "183"
        ],
        "User-Agent": [
          "Microsoft.Azure.Management.Sql.SqlManagementClient/0.9.0.0"
        ],
        "x-ms-client-request-id": [
          "12c6ae65-be42-4fbd-aee3-61e757a6a2e0"
        ]
      },
      "ResponseBody": "{\r\n  \"id\": \"/subscriptions/2295ee31-27e3-4b1d-b5c1-6c73d1265f4e/resourceGroups/onesdk5513/providers/Microsoft.Sql/servers/onesdk4931\",\r\n  \"name\": \"onesdk4931\",\r\n  \"type\": \"Microsoft.Sql/servers\",\r\n  \"location\": \"North Central US\",\r\n  \"kind\": \"v2.0\",\r\n  \"properties\": {\r\n    \"fullyQualifiedDomainName\": \"onesdk4931.sqltest-eg1.mscds.com\",\r\n    \"administratorLogin\": \"testusername\",\r\n    \"administratorLoginPassword\": \"t357ingP@s5w0rd!\",\r\n    \"externalAdministratorLogin\": null,\r\n    \"externalAdministratorSid\": null,\r\n    \"version\": \"2.0\",\r\n    \"state\": \"Ready\"\r\n  }\r\n}",
      "ResponseHeaders": {
        "Content-Length": [
          "483"
        ],
        "Content-Type": [
          "application/json; odata=minimalmetadata; streaming=true; charset=utf-8"
        ],
        "x-ms-request-id": [
          "b36c318f-f356-49ed-8a7d-b398ddd8b9ee"
        ],
        "X-Content-Type-Options": [
          "nosniff"
        ],
        "Preference-Applied": [
          "return-content"
        ],
        "DataServiceVersion": [
          "3.0;"
        ],
        "x-ms-ratelimit-remaining-subscription-writes": [
          "1190"
        ],
        "x-ms-correlation-request-id": [
          "316b9dca-6362-4b04-988c-944705b63e27"
        ],
        "x-ms-routing-request-id": [
          "CENTRALUS:20150807T083212Z:316b9dca-6362-4b04-988c-944705b63e27"
        ],
        "Strict-Transport-Security": [
          "max-age=31536000; includeSubDomains"
        ],
        "Cache-Control": [
          "no-store, no-cache"
        ],
        "Date": [
          "Fri, 07 Aug 2015 08:32:12 GMT"
        ],
        "Server": [
          "Microsoft-HTTPAPI/2.0"
        ]
      },
      "StatusCode": 201
    },
    {
      "RequestUri": "/subscriptions/2295ee31-27e3-4b1d-b5c1-6c73d1265f4e/resourceGroups/onesdk5513/providers/Microsoft.Sql/servers/onesdk4931/databases/onesdk1223?api-version=2014-04-01",
      "EncodedRequestUri": "L3N1YnNjcmlwdGlvbnMvMjI5NWVlMzEtMjdlMy00YjFkLWI1YzEtNmM3M2QxMjY1ZjRlL3Jlc291cmNlR3JvdXBzL29uZXNkazU1MTMvcHJvdmlkZXJzL01pY3Jvc29mdC5TcWwvc2VydmVycy9vbmVzZGs0OTMxL2RhdGFiYXNlcy9vbmVzZGsxMjIzP2FwaS12ZXJzaW9uPTIwMTQtMDQtMDE=",
      "RequestMethod": "GET",
      "RequestBody": "",
      "RequestHeaders": {
        "User-Agent": [
          "Microsoft.Azure.Management.Sql.SqlManagementClient/0.9.0.0"
        ],
        "x-ms-client-request-id": [
          "e0b894bc-dd32-41a4-8a16-1d1717a97ff0"
        ]
      },
      "ResponseBody": "{\r\n  \"error\": {\r\n    \"code\": \"ResourceNotFound\",\r\n    \"message\": \"The Resource 'Microsoft.Sql/servers/onesdk4931/databases/onesdk1223' under resource group 'onesdk5513' was not found.\"\r\n  }\r\n}",
      "ResponseHeaders": {
        "Content-Length": [
          "167"
        ],
        "Content-Type": [
          "application/json; charset=utf-8"
        ],
        "Expires": [
          "-1"
        ],
        "Pragma": [
          "no-cache"
        ],
        "x-ms-failure-cause": [
          "gateway"
        ],
        "x-ms-request-id": [
          "e03dbc9c-eef9-4ee1-bdea-c5ee232f844b"
        ],
        "x-ms-correlation-request-id": [
          "e03dbc9c-eef9-4ee1-bdea-c5ee232f844b"
        ],
        "x-ms-routing-request-id": [
          "CENTRALUS:20150807T083212Z:e03dbc9c-eef9-4ee1-bdea-c5ee232f844b"
        ],
        "Strict-Transport-Security": [
          "max-age=31536000; includeSubDomains"
        ],
        "Cache-Control": [
          "no-cache"
        ],
        "Date": [
          "Fri, 07 Aug 2015 08:32:12 GMT"
        ]
      },
      "StatusCode": 404
    },
    {
      "RequestUri": "/subscriptions/2295ee31-27e3-4b1d-b5c1-6c73d1265f4e/resourceGroups/onesdk5513/providers/Microsoft.Sql/servers/onesdk4931/databases/onesdk1223?api-version=2014-04-01",
      "EncodedRequestUri": "L3N1YnNjcmlwdGlvbnMvMjI5NWVlMzEtMjdlMy00YjFkLWI1YzEtNmM3M2QxMjY1ZjRlL3Jlc291cmNlR3JvdXBzL29uZXNkazU1MTMvcHJvdmlkZXJzL01pY3Jvc29mdC5TcWwvc2VydmVycy9vbmVzZGs0OTMxL2RhdGFiYXNlcy9vbmVzZGsxMjIzP2FwaS12ZXJzaW9uPTIwMTQtMDQtMDE=",
      "RequestMethod": "PUT",
      "RequestBody": "{\r\n  \"properties\": {\r\n    \"edition\": \"Standard\",\r\n    \"maxSizeBytes\": \"104857600\"\r\n  },\r\n  \"location\": \"North Central US\",\r\n  \"tags\": {}\r\n}",
      "RequestHeaders": {
        "Content-Type": [
          "application/json; charset=utf-8"
        ],
        "Content-Length": [
          "139"
        ],
        "User-Agent": [
          "Microsoft.Azure.Management.Sql.SqlManagementClient/0.9.0.0"
        ],
        "x-ms-client-request-id": [
          "bab674d4-6084-4802-b9a3-80225807242e"
        ]
      },
      "ResponseBody": "{\r\n  \"tags\": {},\r\n  \"id\": \"/subscriptions/2295ee31-27e3-4b1d-b5c1-6c73d1265f4e/resourceGroups/onesdk5513/providers/Microsoft.Sql/servers/onesdk4931/databases/onesdk1223\",\r\n  \"name\": \"onesdk1223\",\r\n  \"type\": \"Microsoft.Sql/servers/databases\",\r\n  \"location\": \"North Central US\",\r\n  \"kind\": \"v2.0,user\",\r\n  \"properties\": {\r\n    \"databaseId\": \"a2c46ffd-44fb-4fee-b049-92a0f05cfa84\",\r\n    \"edition\": \"Standard\",\r\n    \"status\": \"Online\",\r\n    \"serviceLevelObjective\": \"S0\",\r\n    \"collation\": \"SQL_Latin1_General_CP1_CI_AS\",\r\n    \"maxSizeBytes\": \"104857600\",\r\n    \"creationDate\": \"2015-08-07T08:32:20.327Z\",\r\n    \"currentServiceObjectiveId\": \"f1173c43-91bd-4aaa-973c-54e79e15235b\",\r\n    \"requestedServiceObjectiveId\": \"f1173c43-91bd-4aaa-973c-54e79e15235b\",\r\n    \"requestedServiceObjectiveName\": null,\r\n    \"defaultSecondaryLocation\": \"West US\",\r\n    \"earliestRestoreDate\": \"2015-08-07T08:33:20.327Z\"\r\n  }\r\n}",
      "ResponseHeaders": {
        "Content-Length": [
          "776"
        ],
        "Content-Type": [
          "application/json; odata=minimalmetadata; streaming=true; charset=utf-8"
        ],
        "x-ms-request-id": [
          "db7f5f36-65cc-4181-99e3-d2c95cfa2cd0"
        ],
        "X-Content-Type-Options": [
          "nosniff"
        ],
        "Preference-Applied": [
          "return-content"
        ],
        "DataServiceVersion": [
          "3.0;"
        ],
        "x-ms-ratelimit-remaining-subscription-writes": [
          "1189"
        ],
        "x-ms-correlation-request-id": [
          "27d01519-703f-4d22-88f3-c1b9fe6925c5"
        ],
        "x-ms-routing-request-id": [
          "CENTRALUS:20150807T083222Z:27d01519-703f-4d22-88f3-c1b9fe6925c5"
        ],
        "Strict-Transport-Security": [
          "max-age=31536000; includeSubDomains"
        ],
        "Cache-Control": [
          "no-store, no-cache"
        ],
        "Date": [
          "Fri, 07 Aug 2015 08:32:22 GMT"
        ],
        "Server": [
          "Microsoft-HTTPAPI/2.0"
        ]
      },
      "StatusCode": 201
    },
    {
      "RequestUri": "/subscriptions/2295ee31-27e3-4b1d-b5c1-6c73d1265f4e/resourcegroups/onesdk2941?api-version=2014-04-01-preview",
      "EncodedRequestUri": "L3N1YnNjcmlwdGlvbnMvMjI5NWVlMzEtMjdlMy00YjFkLWI1YzEtNmM3M2QxMjY1ZjRlL3Jlc291cmNlZ3JvdXBzL29uZXNkazI5NDE/YXBpLXZlcnNpb249MjAxNC0wNC0wMS1wcmV2aWV3",
      "RequestMethod": "HEAD",
      "RequestBody": "",
      "RequestHeaders": {
        "User-Agent": [
          "Microsoft.Azure.Management.Resources.ResourceManagementClient/2.0.0.0"
        ]
      },
      "ResponseBody": "",
      "ResponseHeaders": {
        "Content-Length": [
          "102"
        ],
        "Content-Type": [
          "application/json; charset=utf-8"
        ],
        "Expires": [
          "-1"
        ],
        "Pragma": [
          "no-cache"
        ],
        "x-ms-failure-cause": [
          "gateway"
        ],
        "x-ms-ratelimit-remaining-subscription-reads": [
          "14937"
        ],
        "x-ms-request-id": [
          "11e20198-7198-4b93-8101-7738f9f05096"
        ],
        "x-ms-correlation-request-id": [
          "11e20198-7198-4b93-8101-7738f9f05096"
        ],
        "x-ms-routing-request-id": [
          "CENTRALUS:20150807T083222Z:11e20198-7198-4b93-8101-7738f9f05096"
        ],
        "Strict-Transport-Security": [
          "max-age=31536000; includeSubDomains"
        ],
        "Cache-Control": [
          "no-cache"
        ],
        "Date": [
          "Fri, 07 Aug 2015 08:32:21 GMT"
        ]
      },
      "StatusCode": 404
    },
    {
      "RequestUri": "/subscriptions/2295ee31-27e3-4b1d-b5c1-6c73d1265f4e/resourcegroups/onesdk2941?api-version=2014-04-01-preview",
      "EncodedRequestUri": "L3N1YnNjcmlwdGlvbnMvMjI5NWVlMzEtMjdlMy00YjFkLWI1YzEtNmM3M2QxMjY1ZjRlL3Jlc291cmNlZ3JvdXBzL29uZXNkazI5NDE/YXBpLXZlcnNpb249MjAxNC0wNC0wMS1wcmV2aWV3",
      "RequestMethod": "HEAD",
      "RequestBody": "",
      "RequestHeaders": {
        "User-Agent": [
          "Microsoft.Azure.Management.Resources.ResourceManagementClient/2.0.0.0"
        ]
      },
      "ResponseBody": "",
      "ResponseHeaders": {
        "Content-Length": [
          "0"
        ],
        "Expires": [
          "-1"
        ],
        "Pragma": [
          "no-cache"
        ],
        "x-ms-ratelimit-remaining-subscription-reads": [
          "14926"
        ],
        "x-ms-request-id": [
          "42ac2e67-52e6-4844-b3a1-451e4d9d8fd1"
        ],
        "x-ms-correlation-request-id": [
          "42ac2e67-52e6-4844-b3a1-451e4d9d8fd1"
        ],
        "x-ms-routing-request-id": [
          "CENTRALUS:20150807T083414Z:42ac2e67-52e6-4844-b3a1-451e4d9d8fd1"
        ],
        "Strict-Transport-Security": [
          "max-age=31536000; includeSubDomains"
        ],
        "Cache-Control": [
          "no-cache"
        ],
        "Date": [
          "Fri, 07 Aug 2015 08:34:14 GMT"
        ]
      },
      "StatusCode": 204
    },
    {
      "RequestUri": "/subscriptions/2295ee31-27e3-4b1d-b5c1-6c73d1265f4e/resourcegroups/onesdk2941?api-version=2014-04-01-preview",
      "EncodedRequestUri": "L3N1YnNjcmlwdGlvbnMvMjI5NWVlMzEtMjdlMy00YjFkLWI1YzEtNmM3M2QxMjY1ZjRlL3Jlc291cmNlZ3JvdXBzL29uZXNkazI5NDE/YXBpLXZlcnNpb249MjAxNC0wNC0wMS1wcmV2aWV3",
      "RequestMethod": "PUT",
      "RequestBody": "{\r\n  \"location\": \"Japan East\"\r\n}",
      "RequestHeaders": {
        "Content-Type": [
          "application/json; charset=utf-8"
        ],
        "Content-Length": [
          "32"
        ],
        "User-Agent": [
          "Microsoft.Azure.Management.Resources.ResourceManagementClient/2.0.0.0"
        ]
      },
      "ResponseBody": "{\r\n  \"id\": \"/subscriptions/2295ee31-27e3-4b1d-b5c1-6c73d1265f4e/resourceGroups/onesdk2941\",\r\n  \"name\": \"onesdk2941\",\r\n  \"location\": \"japaneast\",\r\n  \"properties\": {\r\n    \"provisioningState\": \"Succeeded\"\r\n  }\r\n}",
      "ResponseHeaders": {
        "Content-Length": [
          "176"
        ],
        "Content-Type": [
          "application/json; charset=utf-8"
        ],
        "Expires": [
          "-1"
        ],
        "Pragma": [
          "no-cache"
        ],
        "x-ms-ratelimit-remaining-subscription-writes": [
          "1181"
        ],
        "x-ms-request-id": [
          "2ce40db1-5c67-421f-9622-caad59d59ec3"
        ],
        "x-ms-correlation-request-id": [
          "2ce40db1-5c67-421f-9622-caad59d59ec3"
        ],
        "x-ms-routing-request-id": [
          "CENTRALUS:20150807T083222Z:2ce40db1-5c67-421f-9622-caad59d59ec3"
        ],
        "Strict-Transport-Security": [
          "max-age=31536000; includeSubDomains"
        ],
        "Cache-Control": [
          "no-cache"
        ],
        "Date": [
          "Fri, 07 Aug 2015 08:32:22 GMT"
        ]
      },
      "StatusCode": 201
    },
    {
      "RequestUri": "/subscriptions/2295ee31-27e3-4b1d-b5c1-6c73d1265f4e/resourceGroups/onesdk2941/resources?api-version=2014-04-01-preview",
      "EncodedRequestUri": "L3N1YnNjcmlwdGlvbnMvMjI5NWVlMzEtMjdlMy00YjFkLWI1YzEtNmM3M2QxMjY1ZjRlL3Jlc291cmNlR3JvdXBzL29uZXNkazI5NDEvcmVzb3VyY2VzP2FwaS12ZXJzaW9uPTIwMTQtMDQtMDEtcHJldmlldw==",
      "RequestMethod": "GET",
      "RequestBody": "",
      "RequestHeaders": {
        "User-Agent": [
          "Microsoft.Azure.Management.Resources.ResourceManagementClient/2.0.0.0"
        ]
      },
      "ResponseBody": "{\r\n  \"value\": []\r\n}",
      "ResponseHeaders": {
        "Content-Length": [
          "12"
        ],
        "Content-Type": [
          "application/json; charset=utf-8"
        ],
        "Expires": [
          "-1"
        ],
        "Pragma": [
          "no-cache"
        ],
        "x-ms-ratelimit-remaining-subscription-reads": [
          "14936"
        ],
        "x-ms-request-id": [
          "0e381d25-27d1-427a-bd9b-23019babc3a8"
        ],
        "x-ms-correlation-request-id": [
          "0e381d25-27d1-427a-bd9b-23019babc3a8"
        ],
        "x-ms-routing-request-id": [
          "CENTRALUS:20150807T083222Z:0e381d25-27d1-427a-bd9b-23019babc3a8"
        ],
        "Strict-Transport-Security": [
          "max-age=31536000; includeSubDomains"
        ],
        "Cache-Control": [
          "no-cache"
        ],
        "Date": [
          "Fri, 07 Aug 2015 08:32:22 GMT"
        ]
      },
      "StatusCode": 200
    },
    {
      "RequestUri": "/subscriptions/2295ee31-27e3-4b1d-b5c1-6c73d1265f4e/resourcegroups/onesdk2941/providers/Microsoft.Authorization/permissions?api-version=2014-07-01-preview",
      "EncodedRequestUri": "L3N1YnNjcmlwdGlvbnMvMjI5NWVlMzEtMjdlMy00YjFkLWI1YzEtNmM3M2QxMjY1ZjRlL3Jlc291cmNlZ3JvdXBzL29uZXNkazI5NDEvcHJvdmlkZXJzL01pY3Jvc29mdC5BdXRob3JpemF0aW9uL3Blcm1pc3Npb25zP2FwaS12ZXJzaW9uPTIwMTQtMDctMDEtcHJldmlldw==",
      "RequestMethod": "GET",
      "RequestBody": "",
      "RequestHeaders": {
        "User-Agent": [
          "Microsoft.Azure.Management.Authorization.AuthorizationManagementClient/0.9.0.0"
        ]
      },
      "ResponseBody": "{\r\n  \"value\": [\r\n    {\r\n      \"actions\": [\r\n        \"*\"\r\n      ],\r\n      \"notActions\": []\r\n    }\r\n  ]\r\n}",
      "ResponseHeaders": {
        "Content-Length": [
          "45"
        ],
        "Content-Type": [
          "application/json; charset=utf-8"
        ],
        "Expires": [
          "-1"
        ],
        "Pragma": [
          "no-cache"
        ],
        "Vary": [
          "Accept-Encoding"
        ],
        "x-ms-request-id": [
          "centralus:9619eb3d-f248-45d1-95b3-e1a21b3968a9"
        ],
        "x-ms-ratelimit-remaining-subscription-reads": [
          "14958"
        ],
        "x-ms-correlation-request-id": [
          "560fd6b4-616e-4e4c-a5ce-b26a6dc04730"
        ],
        "x-ms-routing-request-id": [
          "CENTRALUS:20150807T083222Z:560fd6b4-616e-4e4c-a5ce-b26a6dc04730"
        ],
        "Strict-Transport-Security": [
          "max-age=31536000; includeSubDomains"
        ],
        "Cache-Control": [
          "no-cache"
        ],
        "Date": [
          "Fri, 07 Aug 2015 08:32:22 GMT"
        ]
      },
      "StatusCode": 200
    },
    {
      "RequestUri": "/subscriptions/2295ee31-27e3-4b1d-b5c1-6c73d1265f4e/resourceGroups/onesdk2941/providers/Microsoft.Sql/servers/onesdk8396?api-version=2014-04-01",
      "EncodedRequestUri": "L3N1YnNjcmlwdGlvbnMvMjI5NWVlMzEtMjdlMy00YjFkLWI1YzEtNmM3M2QxMjY1ZjRlL3Jlc291cmNlR3JvdXBzL29uZXNkazI5NDEvcHJvdmlkZXJzL01pY3Jvc29mdC5TcWwvc2VydmVycy9vbmVzZGs4Mzk2P2FwaS12ZXJzaW9uPTIwMTQtMDQtMDE=",
      "RequestMethod": "GET",
      "RequestBody": "",
      "RequestHeaders": {
        "User-Agent": [
          "Microsoft.Azure.Management.Sql.SqlManagementClient/0.9.0.0"
        ],
        "x-ms-client-request-id": [
          "82c32c06-810a-4ca6-91f5-ab1ccca217c0"
        ]
      },
      "ResponseBody": "{\r\n  \"error\": {\r\n    \"code\": \"ResourceNotFound\",\r\n    \"message\": \"The Resource 'Microsoft.Sql/servers/onesdk8396' under resource group 'onesdk2941' was not found.\"\r\n  }\r\n}",
      "ResponseHeaders": {
        "Content-Length": [
          "146"
        ],
        "Content-Type": [
          "application/json; charset=utf-8"
        ],
        "Expires": [
          "-1"
        ],
        "Pragma": [
          "no-cache"
        ],
        "x-ms-failure-cause": [
          "gateway"
        ],
        "x-ms-request-id": [
          "a00b2cd3-80e7-46e4-a11d-0f879c9841c0"
        ],
        "x-ms-correlation-request-id": [
          "a00b2cd3-80e7-46e4-a11d-0f879c9841c0"
        ],
        "x-ms-routing-request-id": [
          "CENTRALUS:20150807T083223Z:a00b2cd3-80e7-46e4-a11d-0f879c9841c0"
        ],
        "Strict-Transport-Security": [
          "max-age=31536000; includeSubDomains"
        ],
        "Cache-Control": [
          "no-cache"
        ],
        "Date": [
          "Fri, 07 Aug 2015 08:32:22 GMT"
        ]
      },
      "StatusCode": 404
    },
    {
      "RequestUri": "/subscriptions/2295ee31-27e3-4b1d-b5c1-6c73d1265f4e/resourceGroups/onesdk2941/providers/Microsoft.Sql/servers/onesdk8396?api-version=2014-04-01",
      "EncodedRequestUri": "L3N1YnNjcmlwdGlvbnMvMjI5NWVlMzEtMjdlMy00YjFkLWI1YzEtNmM3M2QxMjY1ZjRlL3Jlc291cmNlR3JvdXBzL29uZXNkazI5NDEvcHJvdmlkZXJzL01pY3Jvc29mdC5TcWwvc2VydmVycy9vbmVzZGs4Mzk2P2FwaS12ZXJzaW9uPTIwMTQtMDQtMDE=",
      "RequestMethod": "GET",
      "RequestBody": "",
      "RequestHeaders": {
        "User-Agent": [
          "Microsoft.Azure.Management.Sql.SqlManagementClient/0.9.0.0"
        ],
        "x-ms-client-request-id": [
          "b2c520d1-b729-44aa-b6a7-db58744c42fa"
        ]
      },
      "ResponseBody": "{\r\n  \"id\": \"/subscriptions/2295ee31-27e3-4b1d-b5c1-6c73d1265f4e/resourceGroups/onesdk2941/providers/Microsoft.Sql/servers/onesdk8396\",\r\n  \"name\": \"onesdk8396\",\r\n  \"type\": \"Microsoft.Sql/servers\",\r\n  \"location\": \"North Central US\",\r\n  \"kind\": \"v2.0\",\r\n  \"properties\": {\r\n    \"fullyQualifiedDomainName\": \"onesdk8396.sqltest-eg1.mscds.com\",\r\n    \"administratorLogin\": \"testusername\",\r\n    \"administratorLoginPassword\": null,\r\n    \"externalAdministratorLogin\": null,\r\n    \"externalAdministratorSid\": null,\r\n    \"version\": \"2.0\",\r\n    \"state\": \"Ready\"\r\n  }\r\n}",
      "ResponseHeaders": {
        "Content-Length": [
          "469"
        ],
        "Content-Type": [
          "application/json; odata=minimalmetadata; streaming=true; charset=utf-8"
        ],
        "x-ms-request-id": [
          "73bf797c-057a-47fc-a520-92d4f62873e6"
        ],
        "X-Content-Type-Options": [
          "nosniff"
        ],
        "DataServiceVersion": [
          "3.0;"
        ],
        "x-ms-ratelimit-remaining-subscription-reads": [
          "14955"
        ],
        "x-ms-correlation-request-id": [
          "2f42047d-dd26-484e-9658-f5769ef449b4"
        ],
        "x-ms-routing-request-id": [
          "CENTRALUS:20150807T083227Z:2f42047d-dd26-484e-9658-f5769ef449b4"
        ],
        "Strict-Transport-Security": [
          "max-age=31536000; includeSubDomains"
        ],
        "Cache-Control": [
          "no-store, no-cache"
        ],
        "Date": [
          "Fri, 07 Aug 2015 08:32:27 GMT"
        ],
        "Server": [
          "Microsoft-HTTPAPI/2.0"
        ]
      },
      "StatusCode": 200
    },
    {
      "RequestUri": "/subscriptions/2295ee31-27e3-4b1d-b5c1-6c73d1265f4e/resourceGroups/onesdk2941/providers/Microsoft.Sql/servers/onesdk8396?api-version=2014-04-01",
      "EncodedRequestUri": "L3N1YnNjcmlwdGlvbnMvMjI5NWVlMzEtMjdlMy00YjFkLWI1YzEtNmM3M2QxMjY1ZjRlL3Jlc291cmNlR3JvdXBzL29uZXNkazI5NDEvcHJvdmlkZXJzL01pY3Jvc29mdC5TcWwvc2VydmVycy9vbmVzZGs4Mzk2P2FwaS12ZXJzaW9uPTIwMTQtMDQtMDE=",
      "RequestMethod": "PUT",
      "RequestBody": "{\r\n  \"properties\": {\r\n    \"version\": \"2.0\",\r\n    \"administratorLogin\": \"testusername\",\r\n    \"administratorLoginPassword\": \"t357ingP@s5w0rd!\"\r\n  },\r\n  \"location\": \"North Central US\"\r\n}",
      "RequestHeaders": {
        "Content-Type": [
          "application/json; charset=utf-8"
        ],
        "Content-Length": [
          "183"
        ],
        "User-Agent": [
          "Microsoft.Azure.Management.Sql.SqlManagementClient/0.9.0.0"
        ],
        "x-ms-client-request-id": [
          "535181da-0bce-47b4-8008-cc0642cd2b73"
        ]
      },
      "ResponseBody": "{\r\n  \"id\": \"/subscriptions/2295ee31-27e3-4b1d-b5c1-6c73d1265f4e/resourceGroups/onesdk2941/providers/Microsoft.Sql/servers/onesdk8396\",\r\n  \"name\": \"onesdk8396\",\r\n  \"type\": \"Microsoft.Sql/servers\",\r\n  \"location\": \"North Central US\",\r\n  \"kind\": \"v2.0\",\r\n  \"properties\": {\r\n    \"fullyQualifiedDomainName\": \"onesdk8396.sqltest-eg1.mscds.com\",\r\n    \"administratorLogin\": \"testusername\",\r\n    \"administratorLoginPassword\": \"t357ingP@s5w0rd!\",\r\n    \"externalAdministratorLogin\": null,\r\n    \"externalAdministratorSid\": null,\r\n    \"version\": \"2.0\",\r\n    \"state\": \"Ready\"\r\n  }\r\n}",
      "ResponseHeaders": {
        "Content-Length": [
          "483"
        ],
        "Content-Type": [
          "application/json; odata=minimalmetadata; streaming=true; charset=utf-8"
        ],
        "x-ms-request-id": [
          "d45e2c2e-ac2f-4e9c-b881-ce97871b5e2d"
        ],
        "X-Content-Type-Options": [
          "nosniff"
        ],
        "Preference-Applied": [
          "return-content"
        ],
        "DataServiceVersion": [
          "3.0;"
        ],
        "x-ms-ratelimit-remaining-subscription-writes": [
          "1188"
        ],
        "x-ms-correlation-request-id": [
          "25803adf-0501-434b-85d6-678a73d3c495"
        ],
        "x-ms-routing-request-id": [
          "CENTRALUS:20150807T083227Z:25803adf-0501-434b-85d6-678a73d3c495"
        ],
        "Strict-Transport-Security": [
          "max-age=31536000; includeSubDomains"
        ],
        "Cache-Control": [
          "no-store, no-cache"
        ],
        "Date": [
          "Fri, 07 Aug 2015 08:32:27 GMT"
        ],
        "Server": [
          "Microsoft-HTTPAPI/2.0"
        ]
      },
      "StatusCode": 201
    },
    {
      "RequestUri": "/subscriptions/2295ee31-27e3-4b1d-b5c1-6c73d1265f4e/resourceGroups/onesdk2941/providers/Microsoft.Sql/servers/onesdk8396/databases/onesdk1223?api-version=2014-04-01",
      "EncodedRequestUri": "L3N1YnNjcmlwdGlvbnMvMjI5NWVlMzEtMjdlMy00YjFkLWI1YzEtNmM3M2QxMjY1ZjRlL3Jlc291cmNlR3JvdXBzL29uZXNkazI5NDEvcHJvdmlkZXJzL01pY3Jvc29mdC5TcWwvc2VydmVycy9vbmVzZGs4Mzk2L2RhdGFiYXNlcy9vbmVzZGsxMjIzP2FwaS12ZXJzaW9uPTIwMTQtMDQtMDE=",
      "RequestMethod": "GET",
      "RequestBody": "",
      "RequestHeaders": {
        "User-Agent": [
          "Microsoft.Azure.Management.Sql.SqlManagementClient/0.9.0.0"
        ],
        "x-ms-client-request-id": [
          "19256a53-8f1f-467e-886a-6dbc48be859f"
        ]
      },
      "ResponseBody": "{\r\n  \"error\": {\r\n    \"code\": \"ResourceNotFound\",\r\n    \"message\": \"The Resource 'Microsoft.Sql/servers/onesdk8396/databases/onesdk1223' under resource group 'onesdk2941' was not found.\"\r\n  }\r\n}",
      "ResponseHeaders": {
        "Content-Length": [
          "167"
        ],
        "Content-Type": [
          "application/json; charset=utf-8"
        ],
        "Expires": [
          "-1"
        ],
        "Pragma": [
          "no-cache"
        ],
        "x-ms-failure-cause": [
          "gateway"
        ],
        "x-ms-request-id": [
          "c1cab79b-571b-4f45-8d40-51be40dc4fcf"
        ],
        "x-ms-correlation-request-id": [
          "c1cab79b-571b-4f45-8d40-51be40dc4fcf"
        ],
        "x-ms-routing-request-id": [
          "CENTRALUS:20150807T083227Z:c1cab79b-571b-4f45-8d40-51be40dc4fcf"
        ],
        "Strict-Transport-Security": [
          "max-age=31536000; includeSubDomains"
        ],
        "Cache-Control": [
          "no-cache"
        ],
        "Date": [
          "Fri, 07 Aug 2015 08:32:27 GMT"
        ]
      },
      "StatusCode": 404
    },
    {
      "RequestUri": "/subscriptions/2295ee31-27e3-4b1d-b5c1-6c73d1265f4e/resourceGroups/onesdk2941/providers/Microsoft.Sql/servers/onesdk8396/databases/onesdk1223?api-version=2014-04-01",
      "EncodedRequestUri": "L3N1YnNjcmlwdGlvbnMvMjI5NWVlMzEtMjdlMy00YjFkLWI1YzEtNmM3M2QxMjY1ZjRlL3Jlc291cmNlR3JvdXBzL29uZXNkazI5NDEvcHJvdmlkZXJzL01pY3Jvc29mdC5TcWwvc2VydmVycy9vbmVzZGs4Mzk2L2RhdGFiYXNlcy9vbmVzZGsxMjIzP2FwaS12ZXJzaW9uPTIwMTQtMDQtMDE=",
      "RequestMethod": "PUT",
      "RequestBody": "{\r\n  \"properties\": {\r\n    \"sourceDatabaseId\": \"/subscriptions/2295ee31-27e3-4b1d-b5c1-6c73d1265f4e/resourceGroups/onesdk5513/providers/Microsoft.Sql/Servers/onesdk4931/databases/onesdk1223\",\r\n    \"createMode\": \"NonReadableSecondary\"\r\n  },\r\n  \"location\": \"North Central US\",\r\n  \"tags\": {}\r\n}",
      "RequestHeaders": {
        "Content-Type": [
          "application/json; charset=utf-8"
        ],
        "Content-Length": [
          "290"
        ],
        "User-Agent": [
          "Microsoft.Azure.Management.Sql.SqlManagementClient/0.9.0.0"
        ],
        "x-ms-client-request-id": [
          "e1688ae6-e0bf-4796-8b57-a728ba4b5ce7"
        ]
      },
      "ResponseBody": "{\r\n  \"code\": \"40619\",\r\n  \"message\": \"The edition 'Standard' does not support the database max size '-1'.\",\r\n  \"target\": null,\r\n  \"details\": [\r\n    {\r\n      \"code\": \"40619\",\r\n      \"message\": \"The edition 'Standard' does not support the database max size '-1'.\",\r\n      \"target\": null,\r\n      \"severity\": \"16\"\r\n    }\r\n  ],\r\n  \"innererror\": []\r\n}",
      "ResponseHeaders": {
        "Content-Length": [
          "305"
        ],
        "Content-Type": [
          "application/json; odata=minimalmetadata; streaming=true; charset=utf-8"
        ],
        "x-ms-request-id": [
          "d1af2273-bf08-4b15-84ab-501f63a0edae"
        ],
        "X-Content-Type-Options": [
          "nosniff"
        ],
        "Preference-Applied": [
          "return-content"
        ],
        "DataServiceVersion": [
          "3.0;"
        ],
        "x-ms-ratelimit-remaining-subscription-writes": [
          "1187"
        ],
        "x-ms-correlation-request-id": [
          "2a551a3a-75f0-4977-a14c-64b75585e10f"
        ],
        "x-ms-routing-request-id": [
          "CENTRALUS:20150807T083228Z:2a551a3a-75f0-4977-a14c-64b75585e10f"
        ],
        "Strict-Transport-Security": [
          "max-age=31536000; includeSubDomains"
        ],
        "Cache-Control": [
          "no-store, no-cache"
        ],
        "Date": [
          "Fri, 07 Aug 2015 08:32:28 GMT"
        ],
        "Server": [
          "Microsoft-HTTPAPI/2.0"
        ]
      },
      "StatusCode": 400
    },
    {
      "RequestUri": "/subscriptions/2295ee31-27e3-4b1d-b5c1-6c73d1265f4e/resourcegroups/onesdk5513?api-version=2014-04-01-preview",
      "EncodedRequestUri": "L3N1YnNjcmlwdGlvbnMvMjI5NWVlMzEtMjdlMy00YjFkLWI1YzEtNmM3M2QxMjY1ZjRlL3Jlc291cmNlZ3JvdXBzL29uZXNkazU1MTM/YXBpLXZlcnNpb249MjAxNC0wNC0wMS1wcmV2aWV3",
      "RequestMethod": "DELETE",
      "RequestBody": "",
      "RequestHeaders": {
        "User-Agent": [
          "Microsoft.Azure.Management.Resources.ResourceManagementClient/2.0.0.0"
        ]
      },
      "ResponseBody": "",
      "ResponseHeaders": {
        "Content-Length": [
          "0"
        ],
        "Expires": [
          "-1"
        ],
        "Pragma": [
          "no-cache"
        ],
        "Retry-After": [
          "15"
        ],
        "x-ms-ratelimit-remaining-subscription-writes": [
          "1180"
        ],
        "x-ms-request-id": [
          "d1df68cb-20b1-4d9a-90f5-a14d7238b72c"
        ],
        "x-ms-correlation-request-id": [
          "d1df68cb-20b1-4d9a-90f5-a14d7238b72c"
        ],
        "x-ms-routing-request-id": [
          "CENTRALUS:20150807T083229Z:d1df68cb-20b1-4d9a-90f5-a14d7238b72c"
        ],
        "Strict-Transport-Security": [
          "max-age=31536000; includeSubDomains"
        ],
        "Cache-Control": [
          "no-cache"
        ],
        "Date": [
          "Fri, 07 Aug 2015 08:32:28 GMT"
        ],
        "Location": [
          "https://api-dogfood.resources.windows-int.net/subscriptions/2295ee31-27e3-4b1d-b5c1-6c73d1265f4e/operationresults/eyJqb2JJZCI6IlJFU09VUkNFR1JPVVBERUxFVElPTkpPQi1PTkVTREs1NTEzLUpBUEFORUFTVCIsImpvYkxvY2F0aW9uIjoiamFwYW5lYXN0In0?api-version=2014-04-01-preview"
        ]
      },
      "StatusCode": 202
    },
    {
      "RequestUri": "/subscriptions/2295ee31-27e3-4b1d-b5c1-6c73d1265f4e/operationresults/eyJqb2JJZCI6IlJFU09VUkNFR1JPVVBERUxFVElPTkpPQi1PTkVTREs1NTEzLUpBUEFORUFTVCIsImpvYkxvY2F0aW9uIjoiamFwYW5lYXN0In0?api-version=2014-04-01-preview",
      "EncodedRequestUri": "L3N1YnNjcmlwdGlvbnMvMjI5NWVlMzEtMjdlMy00YjFkLWI1YzEtNmM3M2QxMjY1ZjRlL29wZXJhdGlvbnJlc3VsdHMvZXlKcWIySkpaQ0k2SWxKRlUwOVZVa05GUjFKUFZWQkVSVXhGVkVsUFRrcFBRaTFQVGtWVFJFczFOVEV6TFVwQlVFRk9SVUZUVkNJc0ltcHZZa3h2WTJGMGFXOXVJam9pYW1Gd1lXNWxZWE4wSW4wP2FwaS12ZXJzaW9uPTIwMTQtMDQtMDEtcHJldmlldw==",
      "RequestMethod": "GET",
      "RequestBody": "",
      "RequestHeaders": {
        "x-ms-version": [
          "2014-04-01-preview"
        ],
        "User-Agent": [
          "Microsoft.Azure.Management.Resources.ResourceManagementClient/2.0.0.0"
        ]
      },
      "ResponseBody": "",
      "ResponseHeaders": {
        "Content-Length": [
          "0"
        ],
        "Expires": [
          "-1"
        ],
        "Pragma": [
          "no-cache"
        ],
        "Retry-After": [
          "15"
        ],
        "x-ms-ratelimit-remaining-subscription-reads": [
          "14934"
        ],
        "x-ms-request-id": [
          "7814fe18-f483-4e01-988e-21aaef29735f"
        ],
        "x-ms-correlation-request-id": [
          "7814fe18-f483-4e01-988e-21aaef29735f"
        ],
        "x-ms-routing-request-id": [
          "CENTRALUS:20150807T083229Z:7814fe18-f483-4e01-988e-21aaef29735f"
        ],
        "Strict-Transport-Security": [
          "max-age=31536000; includeSubDomains"
        ],
        "Cache-Control": [
          "no-cache"
        ],
        "Date": [
          "Fri, 07 Aug 2015 08:32:28 GMT"
        ],
        "Location": [
          "https://api-dogfood.resources.windows-int.net/subscriptions/2295ee31-27e3-4b1d-b5c1-6c73d1265f4e/operationresults/eyJqb2JJZCI6IlJFU09VUkNFR1JPVVBERUxFVElPTkpPQi1PTkVTREs1NTEzLUpBUEFORUFTVCIsImpvYkxvY2F0aW9uIjoiamFwYW5lYXN0In0?api-version=2014-04-01-preview"
        ]
      },
      "StatusCode": 202
    },
    {
      "RequestUri": "/subscriptions/2295ee31-27e3-4b1d-b5c1-6c73d1265f4e/operationresults/eyJqb2JJZCI6IlJFU09VUkNFR1JPVVBERUxFVElPTkpPQi1PTkVTREs1NTEzLUpBUEFORUFTVCIsImpvYkxvY2F0aW9uIjoiamFwYW5lYXN0In0?api-version=2014-04-01-preview",
      "EncodedRequestUri": "L3N1YnNjcmlwdGlvbnMvMjI5NWVlMzEtMjdlMy00YjFkLWI1YzEtNmM3M2QxMjY1ZjRlL29wZXJhdGlvbnJlc3VsdHMvZXlKcWIySkpaQ0k2SWxKRlUwOVZVa05GUjFKUFZWQkVSVXhGVkVsUFRrcFBRaTFQVGtWVFJFczFOVEV6TFVwQlVFRk9SVUZUVkNJc0ltcHZZa3h2WTJGMGFXOXVJam9pYW1Gd1lXNWxZWE4wSW4wP2FwaS12ZXJzaW9uPTIwMTQtMDQtMDEtcHJldmlldw==",
      "RequestMethod": "GET",
      "RequestBody": "",
      "RequestHeaders": {
        "x-ms-version": [
          "2014-04-01-preview"
        ],
        "User-Agent": [
          "Microsoft.Azure.Management.Resources.ResourceManagementClient/2.0.0.0"
        ]
      },
      "ResponseBody": "",
      "ResponseHeaders": {
        "Content-Length": [
          "0"
        ],
        "Expires": [
          "-1"
        ],
        "Pragma": [
          "no-cache"
        ],
        "Retry-After": [
          "15"
        ],
        "x-ms-ratelimit-remaining-subscription-reads": [
          "14933"
        ],
        "x-ms-request-id": [
          "5ab6fc45-3260-4394-bf94-1b72942cc0ad"
        ],
        "x-ms-correlation-request-id": [
          "5ab6fc45-3260-4394-bf94-1b72942cc0ad"
        ],
        "x-ms-routing-request-id": [
          "CENTRALUS:20150807T083244Z:5ab6fc45-3260-4394-bf94-1b72942cc0ad"
        ],
        "Strict-Transport-Security": [
          "max-age=31536000; includeSubDomains"
        ],
        "Cache-Control": [
          "no-cache"
        ],
        "Date": [
          "Fri, 07 Aug 2015 08:32:43 GMT"
        ],
        "Location": [
          "https://api-dogfood.resources.windows-int.net/subscriptions/2295ee31-27e3-4b1d-b5c1-6c73d1265f4e/operationresults/eyJqb2JJZCI6IlJFU09VUkNFR1JPVVBERUxFVElPTkpPQi1PTkVTREs1NTEzLUpBUEFORUFTVCIsImpvYkxvY2F0aW9uIjoiamFwYW5lYXN0In0?api-version=2014-04-01-preview"
        ]
      },
      "StatusCode": 202
    },
    {
      "RequestUri": "/subscriptions/2295ee31-27e3-4b1d-b5c1-6c73d1265f4e/operationresults/eyJqb2JJZCI6IlJFU09VUkNFR1JPVVBERUxFVElPTkpPQi1PTkVTREs1NTEzLUpBUEFORUFTVCIsImpvYkxvY2F0aW9uIjoiamFwYW5lYXN0In0?api-version=2014-04-01-preview",
      "EncodedRequestUri": "L3N1YnNjcmlwdGlvbnMvMjI5NWVlMzEtMjdlMy00YjFkLWI1YzEtNmM3M2QxMjY1ZjRlL29wZXJhdGlvbnJlc3VsdHMvZXlKcWIySkpaQ0k2SWxKRlUwOVZVa05GUjFKUFZWQkVSVXhGVkVsUFRrcFBRaTFQVGtWVFJFczFOVEV6TFVwQlVFRk9SVUZUVkNJc0ltcHZZa3h2WTJGMGFXOXVJam9pYW1Gd1lXNWxZWE4wSW4wP2FwaS12ZXJzaW9uPTIwMTQtMDQtMDEtcHJldmlldw==",
      "RequestMethod": "GET",
      "RequestBody": "",
      "RequestHeaders": {
        "x-ms-version": [
          "2014-04-01-preview"
        ],
        "User-Agent": [
          "Microsoft.Azure.Management.Resources.ResourceManagementClient/2.0.0.0"
        ]
      },
      "ResponseBody": "",
      "ResponseHeaders": {
        "Content-Length": [
          "0"
        ],
        "Expires": [
          "-1"
        ],
        "Pragma": [
          "no-cache"
        ],
        "Retry-After": [
          "15"
        ],
        "x-ms-ratelimit-remaining-subscription-reads": [
          "14932"
        ],
        "x-ms-request-id": [
          "0e9f4d41-f179-4e86-81bd-4d8c685b7145"
        ],
        "x-ms-correlation-request-id": [
          "0e9f4d41-f179-4e86-81bd-4d8c685b7145"
        ],
        "x-ms-routing-request-id": [
          "CENTRALUS:20150807T083259Z:0e9f4d41-f179-4e86-81bd-4d8c685b7145"
        ],
        "Strict-Transport-Security": [
          "max-age=31536000; includeSubDomains"
        ],
        "Cache-Control": [
          "no-cache"
        ],
        "Date": [
          "Fri, 07 Aug 2015 08:32:59 GMT"
        ],
        "Location": [
          "https://api-dogfood.resources.windows-int.net/subscriptions/2295ee31-27e3-4b1d-b5c1-6c73d1265f4e/operationresults/eyJqb2JJZCI6IlJFU09VUkNFR1JPVVBERUxFVElPTkpPQi1PTkVTREs1NTEzLUpBUEFORUFTVCIsImpvYkxvY2F0aW9uIjoiamFwYW5lYXN0In0?api-version=2014-04-01-preview"
        ]
      },
      "StatusCode": 202
    },
    {
      "RequestUri": "/subscriptions/2295ee31-27e3-4b1d-b5c1-6c73d1265f4e/operationresults/eyJqb2JJZCI6IlJFU09VUkNFR1JPVVBERUxFVElPTkpPQi1PTkVTREs1NTEzLUpBUEFORUFTVCIsImpvYkxvY2F0aW9uIjoiamFwYW5lYXN0In0?api-version=2014-04-01-preview",
      "EncodedRequestUri": "L3N1YnNjcmlwdGlvbnMvMjI5NWVlMzEtMjdlMy00YjFkLWI1YzEtNmM3M2QxMjY1ZjRlL29wZXJhdGlvbnJlc3VsdHMvZXlKcWIySkpaQ0k2SWxKRlUwOVZVa05GUjFKUFZWQkVSVXhGVkVsUFRrcFBRaTFQVGtWVFJFczFOVEV6TFVwQlVFRk9SVUZUVkNJc0ltcHZZa3h2WTJGMGFXOXVJam9pYW1Gd1lXNWxZWE4wSW4wP2FwaS12ZXJzaW9uPTIwMTQtMDQtMDEtcHJldmlldw==",
      "RequestMethod": "GET",
      "RequestBody": "",
      "RequestHeaders": {
        "x-ms-version": [
          "2014-04-01-preview"
        ],
        "User-Agent": [
          "Microsoft.Azure.Management.Resources.ResourceManagementClient/2.0.0.0"
        ]
      },
      "ResponseBody": "",
      "ResponseHeaders": {
        "Content-Length": [
          "0"
        ],
        "Expires": [
          "-1"
        ],
        "Pragma": [
          "no-cache"
        ],
        "Retry-After": [
          "15"
        ],
        "x-ms-ratelimit-remaining-subscription-reads": [
          "14931"
        ],
        "x-ms-request-id": [
          "6dd84448-7491-48be-ba4f-1fde1b61c92d"
        ],
        "x-ms-correlation-request-id": [
          "6dd84448-7491-48be-ba4f-1fde1b61c92d"
        ],
        "x-ms-routing-request-id": [
          "CENTRALUS:20150807T083314Z:6dd84448-7491-48be-ba4f-1fde1b61c92d"
        ],
        "Strict-Transport-Security": [
          "max-age=31536000; includeSubDomains"
        ],
        "Cache-Control": [
          "no-cache"
        ],
        "Date": [
          "Fri, 07 Aug 2015 08:33:14 GMT"
        ],
        "Location": [
          "https://api-dogfood.resources.windows-int.net/subscriptions/2295ee31-27e3-4b1d-b5c1-6c73d1265f4e/operationresults/eyJqb2JJZCI6IlJFU09VUkNFR1JPVVBERUxFVElPTkpPQi1PTkVTREs1NTEzLUpBUEFORUFTVCIsImpvYkxvY2F0aW9uIjoiamFwYW5lYXN0In0?api-version=2014-04-01-preview"
        ]
      },
      "StatusCode": 202
    },
    {
      "RequestUri": "/subscriptions/2295ee31-27e3-4b1d-b5c1-6c73d1265f4e/operationresults/eyJqb2JJZCI6IlJFU09VUkNFR1JPVVBERUxFVElPTkpPQi1PTkVTREs1NTEzLUpBUEFORUFTVCIsImpvYkxvY2F0aW9uIjoiamFwYW5lYXN0In0?api-version=2014-04-01-preview",
      "EncodedRequestUri": "L3N1YnNjcmlwdGlvbnMvMjI5NWVlMzEtMjdlMy00YjFkLWI1YzEtNmM3M2QxMjY1ZjRlL29wZXJhdGlvbnJlc3VsdHMvZXlKcWIySkpaQ0k2SWxKRlUwOVZVa05GUjFKUFZWQkVSVXhGVkVsUFRrcFBRaTFQVGtWVFJFczFOVEV6TFVwQlVFRk9SVUZUVkNJc0ltcHZZa3h2WTJGMGFXOXVJam9pYW1Gd1lXNWxZWE4wSW4wP2FwaS12ZXJzaW9uPTIwMTQtMDQtMDEtcHJldmlldw==",
      "RequestMethod": "GET",
      "RequestBody": "",
      "RequestHeaders": {
        "x-ms-version": [
          "2014-04-01-preview"
        ],
        "User-Agent": [
          "Microsoft.Azure.Management.Resources.ResourceManagementClient/2.0.0.0"
        ]
      },
      "ResponseBody": "",
      "ResponseHeaders": {
        "Content-Length": [
          "0"
        ],
        "Expires": [
          "-1"
        ],
        "Pragma": [
          "no-cache"
        ],
        "Retry-After": [
          "15"
        ],
        "x-ms-ratelimit-remaining-subscription-reads": [
          "14930"
        ],
        "x-ms-request-id": [
          "e8d2cb6a-c9a9-4200-b445-29e0cc9cfc8d"
        ],
        "x-ms-correlation-request-id": [
          "e8d2cb6a-c9a9-4200-b445-29e0cc9cfc8d"
        ],
        "x-ms-routing-request-id": [
          "CENTRALUS:20150807T083329Z:e8d2cb6a-c9a9-4200-b445-29e0cc9cfc8d"
        ],
        "Strict-Transport-Security": [
          "max-age=31536000; includeSubDomains"
        ],
        "Cache-Control": [
          "no-cache"
        ],
        "Date": [
          "Fri, 07 Aug 2015 08:33:28 GMT"
        ],
        "Location": [
          "https://api-dogfood.resources.windows-int.net/subscriptions/2295ee31-27e3-4b1d-b5c1-6c73d1265f4e/operationresults/eyJqb2JJZCI6IlJFU09VUkNFR1JPVVBERUxFVElPTkpPQi1PTkVTREs1NTEzLUpBUEFORUFTVCIsImpvYkxvY2F0aW9uIjoiamFwYW5lYXN0In0?api-version=2014-04-01-preview"
        ]
      },
      "StatusCode": 202
    },
    {
      "RequestUri": "/subscriptions/2295ee31-27e3-4b1d-b5c1-6c73d1265f4e/operationresults/eyJqb2JJZCI6IlJFU09VUkNFR1JPVVBERUxFVElPTkpPQi1PTkVTREs1NTEzLUpBUEFORUFTVCIsImpvYkxvY2F0aW9uIjoiamFwYW5lYXN0In0?api-version=2014-04-01-preview",
      "EncodedRequestUri": "L3N1YnNjcmlwdGlvbnMvMjI5NWVlMzEtMjdlMy00YjFkLWI1YzEtNmM3M2QxMjY1ZjRlL29wZXJhdGlvbnJlc3VsdHMvZXlKcWIySkpaQ0k2SWxKRlUwOVZVa05GUjFKUFZWQkVSVXhGVkVsUFRrcFBRaTFQVGtWVFJFczFOVEV6TFVwQlVFRk9SVUZUVkNJc0ltcHZZa3h2WTJGMGFXOXVJam9pYW1Gd1lXNWxZWE4wSW4wP2FwaS12ZXJzaW9uPTIwMTQtMDQtMDEtcHJldmlldw==",
      "RequestMethod": "GET",
      "RequestBody": "",
      "RequestHeaders": {
        "x-ms-version": [
          "2014-04-01-preview"
        ],
        "User-Agent": [
          "Microsoft.Azure.Management.Resources.ResourceManagementClient/2.0.0.0"
        ]
      },
      "ResponseBody": "",
      "ResponseHeaders": {
        "Content-Length": [
          "0"
        ],
        "Expires": [
          "-1"
        ],
        "Pragma": [
          "no-cache"
        ],
        "Retry-After": [
          "15"
        ],
        "x-ms-ratelimit-remaining-subscription-reads": [
          "14929"
        ],
        "x-ms-request-id": [
          "c1df8ff5-20f1-4fc2-9943-97cee2d84d27"
        ],
        "x-ms-correlation-request-id": [
          "c1df8ff5-20f1-4fc2-9943-97cee2d84d27"
        ],
        "x-ms-routing-request-id": [
          "CENTRALUS:20150807T083344Z:c1df8ff5-20f1-4fc2-9943-97cee2d84d27"
        ],
        "Strict-Transport-Security": [
          "max-age=31536000; includeSubDomains"
        ],
        "Cache-Control": [
          "no-cache"
        ],
        "Date": [
          "Fri, 07 Aug 2015 08:33:44 GMT"
        ],
        "Location": [
          "https://api-dogfood.resources.windows-int.net/subscriptions/2295ee31-27e3-4b1d-b5c1-6c73d1265f4e/operationresults/eyJqb2JJZCI6IlJFU09VUkNFR1JPVVBERUxFVElPTkpPQi1PTkVTREs1NTEzLUpBUEFORUFTVCIsImpvYkxvY2F0aW9uIjoiamFwYW5lYXN0In0?api-version=2014-04-01-preview"
        ]
      },
      "StatusCode": 202
    },
    {
      "RequestUri": "/subscriptions/2295ee31-27e3-4b1d-b5c1-6c73d1265f4e/operationresults/eyJqb2JJZCI6IlJFU09VUkNFR1JPVVBERUxFVElPTkpPQi1PTkVTREs1NTEzLUpBUEFORUFTVCIsImpvYkxvY2F0aW9uIjoiamFwYW5lYXN0In0?api-version=2014-04-01-preview",
      "EncodedRequestUri": "L3N1YnNjcmlwdGlvbnMvMjI5NWVlMzEtMjdlMy00YjFkLWI1YzEtNmM3M2QxMjY1ZjRlL29wZXJhdGlvbnJlc3VsdHMvZXlKcWIySkpaQ0k2SWxKRlUwOVZVa05GUjFKUFZWQkVSVXhGVkVsUFRrcFBRaTFQVGtWVFJFczFOVEV6TFVwQlVFRk9SVUZUVkNJc0ltcHZZa3h2WTJGMGFXOXVJam9pYW1Gd1lXNWxZWE4wSW4wP2FwaS12ZXJzaW9uPTIwMTQtMDQtMDEtcHJldmlldw==",
      "RequestMethod": "GET",
      "RequestBody": "",
      "RequestHeaders": {
        "x-ms-version": [
          "2014-04-01-preview"
        ],
        "User-Agent": [
          "Microsoft.Azure.Management.Resources.ResourceManagementClient/2.0.0.0"
        ]
      },
      "ResponseBody": "",
      "ResponseHeaders": {
        "Content-Length": [
          "0"
        ],
        "Expires": [
          "-1"
        ],
        "Pragma": [
          "no-cache"
        ],
        "Retry-After": [
          "15"
        ],
        "x-ms-ratelimit-remaining-subscription-reads": [
          "14928"
        ],
        "x-ms-request-id": [
          "911a2075-46f5-43f2-a152-7807c44e7c62"
        ],
        "x-ms-correlation-request-id": [
          "911a2075-46f5-43f2-a152-7807c44e7c62"
        ],
        "x-ms-routing-request-id": [
          "CENTRALUS:20150807T083359Z:911a2075-46f5-43f2-a152-7807c44e7c62"
        ],
        "Strict-Transport-Security": [
          "max-age=31536000; includeSubDomains"
        ],
        "Cache-Control": [
          "no-cache"
        ],
        "Date": [
          "Fri, 07 Aug 2015 08:33:59 GMT"
        ],
        "Location": [
          "https://api-dogfood.resources.windows-int.net/subscriptions/2295ee31-27e3-4b1d-b5c1-6c73d1265f4e/operationresults/eyJqb2JJZCI6IlJFU09VUkNFR1JPVVBERUxFVElPTkpPQi1PTkVTREs1NTEzLUpBUEFORUFTVCIsImpvYkxvY2F0aW9uIjoiamFwYW5lYXN0In0?api-version=2014-04-01-preview"
        ]
      },
      "StatusCode": 202
    },
    {
      "RequestUri": "/subscriptions/2295ee31-27e3-4b1d-b5c1-6c73d1265f4e/operationresults/eyJqb2JJZCI6IlJFU09VUkNFR1JPVVBERUxFVElPTkpPQi1PTkVTREs1NTEzLUpBUEFORUFTVCIsImpvYkxvY2F0aW9uIjoiamFwYW5lYXN0In0?api-version=2014-04-01-preview",
      "EncodedRequestUri": "L3N1YnNjcmlwdGlvbnMvMjI5NWVlMzEtMjdlMy00YjFkLWI1YzEtNmM3M2QxMjY1ZjRlL29wZXJhdGlvbnJlc3VsdHMvZXlKcWIySkpaQ0k2SWxKRlUwOVZVa05GUjFKUFZWQkVSVXhGVkVsUFRrcFBRaTFQVGtWVFJFczFOVEV6TFVwQlVFRk9SVUZUVkNJc0ltcHZZa3h2WTJGMGFXOXVJam9pYW1Gd1lXNWxZWE4wSW4wP2FwaS12ZXJzaW9uPTIwMTQtMDQtMDEtcHJldmlldw==",
      "RequestMethod": "GET",
      "RequestBody": "",
      "RequestHeaders": {
        "x-ms-version": [
          "2014-04-01-preview"
        ],
        "User-Agent": [
          "Microsoft.Azure.Management.Resources.ResourceManagementClient/2.0.0.0"
        ]
      },
      "ResponseBody": "",
      "ResponseHeaders": {
        "Content-Length": [
          "0"
        ],
        "Expires": [
          "-1"
        ],
        "Pragma": [
          "no-cache"
        ],
        "x-ms-ratelimit-remaining-subscription-reads": [
          "14927"
        ],
        "x-ms-request-id": [
          "8e136e6a-e0cb-40e4-ba4d-42ed084bfaad"
        ],
        "x-ms-correlation-request-id": [
          "8e136e6a-e0cb-40e4-ba4d-42ed084bfaad"
        ],
        "x-ms-routing-request-id": [
          "CENTRALUS:20150807T083414Z:8e136e6a-e0cb-40e4-ba4d-42ed084bfaad"
        ],
        "Strict-Transport-Security": [
          "max-age=31536000; includeSubDomains"
        ],
        "Cache-Control": [
          "no-cache"
        ],
        "Date": [
          "Fri, 07 Aug 2015 08:34:14 GMT"
        ]
      },
      "StatusCode": 200
    },
    {
      "RequestUri": "/subscriptions/2295ee31-27e3-4b1d-b5c1-6c73d1265f4e/resourcegroups/onesdk2941?api-version=2014-04-01-preview",
      "EncodedRequestUri": "L3N1YnNjcmlwdGlvbnMvMjI5NWVlMzEtMjdlMy00YjFkLWI1YzEtNmM3M2QxMjY1ZjRlL3Jlc291cmNlZ3JvdXBzL29uZXNkazI5NDE/YXBpLXZlcnNpb249MjAxNC0wNC0wMS1wcmV2aWV3",
      "RequestMethod": "DELETE",
      "RequestBody": "",
      "RequestHeaders": {
        "User-Agent": [
          "Microsoft.Azure.Management.Resources.ResourceManagementClient/2.0.0.0"
        ]
      },
      "ResponseBody": "",
      "ResponseHeaders": {
        "Content-Length": [
          "0"
        ],
        "Expires": [
          "-1"
        ],
        "Pragma": [
          "no-cache"
        ],
        "Retry-After": [
          "15"
        ],
        "x-ms-ratelimit-remaining-subscription-writes": [
          "1179"
        ],
        "x-ms-request-id": [
          "512ebb58-9194-483d-ad4a-eaf0f3d6bbe6"
        ],
        "x-ms-correlation-request-id": [
          "512ebb58-9194-483d-ad4a-eaf0f3d6bbe6"
        ],
        "x-ms-routing-request-id": [
          "CENTRALUS:20150807T083415Z:512ebb58-9194-483d-ad4a-eaf0f3d6bbe6"
        ],
        "Strict-Transport-Security": [
          "max-age=31536000; includeSubDomains"
        ],
        "Cache-Control": [
          "no-cache"
        ],
        "Date": [
          "Fri, 07 Aug 2015 08:34:15 GMT"
        ],
        "Location": [
          "https://api-dogfood.resources.windows-int.net/subscriptions/2295ee31-27e3-4b1d-b5c1-6c73d1265f4e/operationresults/eyJqb2JJZCI6IlJFU09VUkNFR1JPVVBERUxFVElPTkpPQi1PTkVTREsyOTQxLUpBUEFORUFTVCIsImpvYkxvY2F0aW9uIjoiamFwYW5lYXN0In0?api-version=2014-04-01-preview"
        ]
      },
      "StatusCode": 202
    },
    {
      "RequestUri": "/subscriptions/2295ee31-27e3-4b1d-b5c1-6c73d1265f4e/operationresults/eyJqb2JJZCI6IlJFU09VUkNFR1JPVVBERUxFVElPTkpPQi1PTkVTREsyOTQxLUpBUEFORUFTVCIsImpvYkxvY2F0aW9uIjoiamFwYW5lYXN0In0?api-version=2014-04-01-preview",
      "EncodedRequestUri": "L3N1YnNjcmlwdGlvbnMvMjI5NWVlMzEtMjdlMy00YjFkLWI1YzEtNmM3M2QxMjY1ZjRlL29wZXJhdGlvbnJlc3VsdHMvZXlKcWIySkpaQ0k2SWxKRlUwOVZVa05GUjFKUFZWQkVSVXhGVkVsUFRrcFBRaTFQVGtWVFJFc3lPVFF4TFVwQlVFRk9SVUZUVkNJc0ltcHZZa3h2WTJGMGFXOXVJam9pYW1Gd1lXNWxZWE4wSW4wP2FwaS12ZXJzaW9uPTIwMTQtMDQtMDEtcHJldmlldw==",
      "RequestMethod": "GET",
      "RequestBody": "",
      "RequestHeaders": {
        "x-ms-version": [
          "2014-04-01-preview"
        ],
        "User-Agent": [
          "Microsoft.Azure.Management.Resources.ResourceManagementClient/2.0.0.0"
        ]
      },
      "ResponseBody": "",
      "ResponseHeaders": {
        "Content-Length": [
          "0"
        ],
        "Expires": [
          "-1"
        ],
        "Pragma": [
          "no-cache"
        ],
        "Retry-After": [
          "15"
        ],
        "x-ms-ratelimit-remaining-subscription-reads": [
          "14925"
        ],
        "x-ms-request-id": [
          "6837e622-9f69-4166-904c-5f9367b039ea"
        ],
        "x-ms-correlation-request-id": [
          "6837e622-9f69-4166-904c-5f9367b039ea"
        ],
        "x-ms-routing-request-id": [
          "CENTRALUS:20150807T083415Z:6837e622-9f69-4166-904c-5f9367b039ea"
        ],
        "Strict-Transport-Security": [
          "max-age=31536000; includeSubDomains"
        ],
        "Cache-Control": [
          "no-cache"
        ],
        "Date": [
          "Fri, 07 Aug 2015 08:34:15 GMT"
        ],
        "Location": [
          "https://api-dogfood.resources.windows-int.net/subscriptions/2295ee31-27e3-4b1d-b5c1-6c73d1265f4e/operationresults/eyJqb2JJZCI6IlJFU09VUkNFR1JPVVBERUxFVElPTkpPQi1PTkVTREsyOTQxLUpBUEFORUFTVCIsImpvYkxvY2F0aW9uIjoiamFwYW5lYXN0In0?api-version=2014-04-01-preview"
        ]
      },
      "StatusCode": 202
    },
    {
      "RequestUri": "/subscriptions/2295ee31-27e3-4b1d-b5c1-6c73d1265f4e/operationresults/eyJqb2JJZCI6IlJFU09VUkNFR1JPVVBERUxFVElPTkpPQi1PTkVTREsyOTQxLUpBUEFORUFTVCIsImpvYkxvY2F0aW9uIjoiamFwYW5lYXN0In0?api-version=2014-04-01-preview",
      "EncodedRequestUri": "L3N1YnNjcmlwdGlvbnMvMjI5NWVlMzEtMjdlMy00YjFkLWI1YzEtNmM3M2QxMjY1ZjRlL29wZXJhdGlvbnJlc3VsdHMvZXlKcWIySkpaQ0k2SWxKRlUwOVZVa05GUjFKUFZWQkVSVXhGVkVsUFRrcFBRaTFQVGtWVFJFc3lPVFF4TFVwQlVFRk9SVUZUVkNJc0ltcHZZa3h2WTJGMGFXOXVJam9pYW1Gd1lXNWxZWE4wSW4wP2FwaS12ZXJzaW9uPTIwMTQtMDQtMDEtcHJldmlldw==",
      "RequestMethod": "GET",
      "RequestBody": "",
      "RequestHeaders": {
        "x-ms-version": [
          "2014-04-01-preview"
        ],
        "User-Agent": [
          "Microsoft.Azure.Management.Resources.ResourceManagementClient/2.0.0.0"
        ]
      },
      "ResponseBody": "",
      "ResponseHeaders": {
        "Content-Length": [
          "0"
        ],
        "Expires": [
          "-1"
        ],
        "Pragma": [
          "no-cache"
        ],
        "Retry-After": [
          "15"
        ],
        "x-ms-ratelimit-remaining-subscription-reads": [
          "14924"
        ],
        "x-ms-request-id": [
          "15c5accf-237d-4a77-80f2-1435efb166ff"
        ],
        "x-ms-correlation-request-id": [
          "15c5accf-237d-4a77-80f2-1435efb166ff"
        ],
        "x-ms-routing-request-id": [
          "CENTRALUS:20150807T083430Z:15c5accf-237d-4a77-80f2-1435efb166ff"
        ],
        "Strict-Transport-Security": [
          "max-age=31536000; includeSubDomains"
        ],
        "Cache-Control": [
          "no-cache"
        ],
        "Date": [
          "Fri, 07 Aug 2015 08:34:30 GMT"
        ],
        "Location": [
          "https://api-dogfood.resources.windows-int.net/subscriptions/2295ee31-27e3-4b1d-b5c1-6c73d1265f4e/operationresults/eyJqb2JJZCI6IlJFU09VUkNFR1JPVVBERUxFVElPTkpPQi1PTkVTREsyOTQxLUpBUEFORUFTVCIsImpvYkxvY2F0aW9uIjoiamFwYW5lYXN0In0?api-version=2014-04-01-preview"
        ]
      },
      "StatusCode": 202
    },
    {
      "RequestUri": "/subscriptions/2295ee31-27e3-4b1d-b5c1-6c73d1265f4e/operationresults/eyJqb2JJZCI6IlJFU09VUkNFR1JPVVBERUxFVElPTkpPQi1PTkVTREsyOTQxLUpBUEFORUFTVCIsImpvYkxvY2F0aW9uIjoiamFwYW5lYXN0In0?api-version=2014-04-01-preview",
      "EncodedRequestUri": "L3N1YnNjcmlwdGlvbnMvMjI5NWVlMzEtMjdlMy00YjFkLWI1YzEtNmM3M2QxMjY1ZjRlL29wZXJhdGlvbnJlc3VsdHMvZXlKcWIySkpaQ0k2SWxKRlUwOVZVa05GUjFKUFZWQkVSVXhGVkVsUFRrcFBRaTFQVGtWVFJFc3lPVFF4TFVwQlVFRk9SVUZUVkNJc0ltcHZZa3h2WTJGMGFXOXVJam9pYW1Gd1lXNWxZWE4wSW4wP2FwaS12ZXJzaW9uPTIwMTQtMDQtMDEtcHJldmlldw==",
      "RequestMethod": "GET",
      "RequestBody": "",
      "RequestHeaders": {
        "x-ms-version": [
          "2014-04-01-preview"
        ],
        "User-Agent": [
          "Microsoft.Azure.Management.Resources.ResourceManagementClient/2.0.0.0"
        ]
      },
      "ResponseBody": "",
      "ResponseHeaders": {
        "Content-Length": [
          "0"
        ],
        "Expires": [
          "-1"
        ],
        "Pragma": [
          "no-cache"
        ],
        "Retry-After": [
          "15"
        ],
        "x-ms-ratelimit-remaining-subscription-reads": [
          "14923"
        ],
        "x-ms-request-id": [
          "a0d72c81-9c25-4796-925a-7247b4de5e68"
        ],
        "x-ms-correlation-request-id": [
          "a0d72c81-9c25-4796-925a-7247b4de5e68"
        ],
        "x-ms-routing-request-id": [
          "CENTRALUS:20150807T083445Z:a0d72c81-9c25-4796-925a-7247b4de5e68"
        ],
        "Strict-Transport-Security": [
          "max-age=31536000; includeSubDomains"
        ],
        "Cache-Control": [
          "no-cache"
        ],
        "Date": [
          "Fri, 07 Aug 2015 08:34:44 GMT"
        ],
        "Location": [
          "https://api-dogfood.resources.windows-int.net/subscriptions/2295ee31-27e3-4b1d-b5c1-6c73d1265f4e/operationresults/eyJqb2JJZCI6IlJFU09VUkNFR1JPVVBERUxFVElPTkpPQi1PTkVTREsyOTQxLUpBUEFORUFTVCIsImpvYkxvY2F0aW9uIjoiamFwYW5lYXN0In0?api-version=2014-04-01-preview"
        ]
      },
      "StatusCode": 202
    },
    {
      "RequestUri": "/subscriptions/2295ee31-27e3-4b1d-b5c1-6c73d1265f4e/operationresults/eyJqb2JJZCI6IlJFU09VUkNFR1JPVVBERUxFVElPTkpPQi1PTkVTREsyOTQxLUpBUEFORUFTVCIsImpvYkxvY2F0aW9uIjoiamFwYW5lYXN0In0?api-version=2014-04-01-preview",
      "EncodedRequestUri": "L3N1YnNjcmlwdGlvbnMvMjI5NWVlMzEtMjdlMy00YjFkLWI1YzEtNmM3M2QxMjY1ZjRlL29wZXJhdGlvbnJlc3VsdHMvZXlKcWIySkpaQ0k2SWxKRlUwOVZVa05GUjFKUFZWQkVSVXhGVkVsUFRrcFBRaTFQVGtWVFJFc3lPVFF4TFVwQlVFRk9SVUZUVkNJc0ltcHZZa3h2WTJGMGFXOXVJam9pYW1Gd1lXNWxZWE4wSW4wP2FwaS12ZXJzaW9uPTIwMTQtMDQtMDEtcHJldmlldw==",
      "RequestMethod": "GET",
      "RequestBody": "",
      "RequestHeaders": {
        "x-ms-version": [
          "2014-04-01-preview"
        ],
        "User-Agent": [
          "Microsoft.Azure.Management.Resources.ResourceManagementClient/2.0.0.0"
        ]
      },
      "ResponseBody": "",
      "ResponseHeaders": {
        "Content-Length": [
          "0"
        ],
        "Expires": [
          "-1"
        ],
        "Pragma": [
          "no-cache"
        ],
        "Retry-After": [
          "15"
        ],
        "x-ms-ratelimit-remaining-subscription-reads": [
          "14923"
        ],
        "x-ms-request-id": [
          "93fc3c4a-02f3-42ff-ae8c-58015ee3253c"
        ],
        "x-ms-correlation-request-id": [
          "93fc3c4a-02f3-42ff-ae8c-58015ee3253c"
        ],
        "x-ms-routing-request-id": [
          "CENTRALUS:20150807T083500Z:93fc3c4a-02f3-42ff-ae8c-58015ee3253c"
        ],
        "Strict-Transport-Security": [
          "max-age=31536000; includeSubDomains"
        ],
        "Cache-Control": [
          "no-cache"
        ],
        "Date": [
          "Fri, 07 Aug 2015 08:35:00 GMT"
        ],
        "Location": [
          "https://api-dogfood.resources.windows-int.net/subscriptions/2295ee31-27e3-4b1d-b5c1-6c73d1265f4e/operationresults/eyJqb2JJZCI6IlJFU09VUkNFR1JPVVBERUxFVElPTkpPQi1PTkVTREsyOTQxLUpBUEFORUFTVCIsImpvYkxvY2F0aW9uIjoiamFwYW5lYXN0In0?api-version=2014-04-01-preview"
        ]
      },
      "StatusCode": 202
    },
    {
      "RequestUri": "/subscriptions/2295ee31-27e3-4b1d-b5c1-6c73d1265f4e/operationresults/eyJqb2JJZCI6IlJFU09VUkNFR1JPVVBERUxFVElPTkpPQi1PTkVTREsyOTQxLUpBUEFORUFTVCIsImpvYkxvY2F0aW9uIjoiamFwYW5lYXN0In0?api-version=2014-04-01-preview",
      "EncodedRequestUri": "L3N1YnNjcmlwdGlvbnMvMjI5NWVlMzEtMjdlMy00YjFkLWI1YzEtNmM3M2QxMjY1ZjRlL29wZXJhdGlvbnJlc3VsdHMvZXlKcWIySkpaQ0k2SWxKRlUwOVZVa05GUjFKUFZWQkVSVXhGVkVsUFRrcFBRaTFQVGtWVFJFc3lPVFF4TFVwQlVFRk9SVUZUVkNJc0ltcHZZa3h2WTJGMGFXOXVJam9pYW1Gd1lXNWxZWE4wSW4wP2FwaS12ZXJzaW9uPTIwMTQtMDQtMDEtcHJldmlldw==",
      "RequestMethod": "GET",
      "RequestBody": "",
      "RequestHeaders": {
        "x-ms-version": [
          "2014-04-01-preview"
        ],
        "User-Agent": [
          "Microsoft.Azure.Management.Resources.ResourceManagementClient/2.0.0.0"
        ]
      },
      "ResponseBody": "",
      "ResponseHeaders": {
        "Content-Length": [
          "0"
        ],
        "Expires": [
          "-1"
        ],
        "Pragma": [
          "no-cache"
        ],
        "Retry-After": [
          "15"
        ],
        "x-ms-ratelimit-remaining-subscription-reads": [
          "14922"
        ],
        "x-ms-request-id": [
          "03f0e006-aabd-489d-9acf-9c43f45618a3"
        ],
        "x-ms-correlation-request-id": [
          "03f0e006-aabd-489d-9acf-9c43f45618a3"
        ],
        "x-ms-routing-request-id": [
          "CENTRALUS:20150807T083515Z:03f0e006-aabd-489d-9acf-9c43f45618a3"
        ],
        "Strict-Transport-Security": [
          "max-age=31536000; includeSubDomains"
        ],
        "Cache-Control": [
          "no-cache"
        ],
        "Date": [
          "Fri, 07 Aug 2015 08:35:15 GMT"
        ],
        "Location": [
          "https://api-dogfood.resources.windows-int.net/subscriptions/2295ee31-27e3-4b1d-b5c1-6c73d1265f4e/operationresults/eyJqb2JJZCI6IlJFU09VUkNFR1JPVVBERUxFVElPTkpPQi1PTkVTREsyOTQxLUpBUEFORUFTVCIsImpvYkxvY2F0aW9uIjoiamFwYW5lYXN0In0?api-version=2014-04-01-preview"
        ]
      },
      "StatusCode": 202
    },
    {
      "RequestUri": "/subscriptions/2295ee31-27e3-4b1d-b5c1-6c73d1265f4e/operationresults/eyJqb2JJZCI6IlJFU09VUkNFR1JPVVBERUxFVElPTkpPQi1PTkVTREsyOTQxLUpBUEFORUFTVCIsImpvYkxvY2F0aW9uIjoiamFwYW5lYXN0In0?api-version=2014-04-01-preview",
      "EncodedRequestUri": "L3N1YnNjcmlwdGlvbnMvMjI5NWVlMzEtMjdlMy00YjFkLWI1YzEtNmM3M2QxMjY1ZjRlL29wZXJhdGlvbnJlc3VsdHMvZXlKcWIySkpaQ0k2SWxKRlUwOVZVa05GUjFKUFZWQkVSVXhGVkVsUFRrcFBRaTFQVGtWVFJFc3lPVFF4TFVwQlVFRk9SVUZUVkNJc0ltcHZZa3h2WTJGMGFXOXVJam9pYW1Gd1lXNWxZWE4wSW4wP2FwaS12ZXJzaW9uPTIwMTQtMDQtMDEtcHJldmlldw==",
      "RequestMethod": "GET",
      "RequestBody": "",
      "RequestHeaders": {
        "x-ms-version": [
          "2014-04-01-preview"
        ],
        "User-Agent": [
          "Microsoft.Azure.Management.Resources.ResourceManagementClient/2.0.0.0"
        ]
      },
      "ResponseBody": "",
      "ResponseHeaders": {
        "Content-Length": [
          "0"
        ],
        "Expires": [
          "-1"
        ],
        "Pragma": [
          "no-cache"
        ],
        "Retry-After": [
          "15"
        ],
        "x-ms-ratelimit-remaining-subscription-reads": [
          "14921"
        ],
        "x-ms-request-id": [
          "1f5b6de1-c4ee-4219-98d0-ab3423acbeb4"
        ],
        "x-ms-correlation-request-id": [
          "1f5b6de1-c4ee-4219-98d0-ab3423acbeb4"
        ],
        "x-ms-routing-request-id": [
          "CENTRALUS:20150807T083530Z:1f5b6de1-c4ee-4219-98d0-ab3423acbeb4"
        ],
        "Strict-Transport-Security": [
          "max-age=31536000; includeSubDomains"
        ],
        "Cache-Control": [
          "no-cache"
        ],
        "Date": [
          "Fri, 07 Aug 2015 08:35:30 GMT"
        ],
        "Location": [
          "https://api-dogfood.resources.windows-int.net/subscriptions/2295ee31-27e3-4b1d-b5c1-6c73d1265f4e/operationresults/eyJqb2JJZCI6IlJFU09VUkNFR1JPVVBERUxFVElPTkpPQi1PTkVTREsyOTQxLUpBUEFORUFTVCIsImpvYkxvY2F0aW9uIjoiamFwYW5lYXN0In0?api-version=2014-04-01-preview"
        ]
      },
      "StatusCode": 202
    },
    {
      "RequestUri": "/subscriptions/2295ee31-27e3-4b1d-b5c1-6c73d1265f4e/operationresults/eyJqb2JJZCI6IlJFU09VUkNFR1JPVVBERUxFVElPTkpPQi1PTkVTREsyOTQxLUpBUEFORUFTVCIsImpvYkxvY2F0aW9uIjoiamFwYW5lYXN0In0?api-version=2014-04-01-preview",
      "EncodedRequestUri": "L3N1YnNjcmlwdGlvbnMvMjI5NWVlMzEtMjdlMy00YjFkLWI1YzEtNmM3M2QxMjY1ZjRlL29wZXJhdGlvbnJlc3VsdHMvZXlKcWIySkpaQ0k2SWxKRlUwOVZVa05GUjFKUFZWQkVSVXhGVkVsUFRrcFBRaTFQVGtWVFJFc3lPVFF4TFVwQlVFRk9SVUZUVkNJc0ltcHZZa3h2WTJGMGFXOXVJam9pYW1Gd1lXNWxZWE4wSW4wP2FwaS12ZXJzaW9uPTIwMTQtMDQtMDEtcHJldmlldw==",
      "RequestMethod": "GET",
      "RequestBody": "",
      "RequestHeaders": {
        "x-ms-version": [
          "2014-04-01-preview"
        ],
        "User-Agent": [
          "Microsoft.Azure.Management.Resources.ResourceManagementClient/2.0.0.0"
        ]
      },
      "ResponseBody": "",
      "ResponseHeaders": {
        "Content-Length": [
          "0"
        ],
        "Expires": [
          "-1"
        ],
        "Pragma": [
          "no-cache"
        ],
        "Retry-After": [
          "15"
        ],
        "x-ms-ratelimit-remaining-subscription-reads": [
          "14920"
        ],
        "x-ms-request-id": [
          "ec92ae72-72b1-4ca9-9dd1-95dece0219be"
        ],
        "x-ms-correlation-request-id": [
          "ec92ae72-72b1-4ca9-9dd1-95dece0219be"
        ],
        "x-ms-routing-request-id": [
          "CENTRALUS:20150807T083545Z:ec92ae72-72b1-4ca9-9dd1-95dece0219be"
        ],
        "Strict-Transport-Security": [
          "max-age=31536000; includeSubDomains"
        ],
        "Cache-Control": [
          "no-cache"
        ],
        "Date": [
          "Fri, 07 Aug 2015 08:35:44 GMT"
        ],
        "Location": [
          "https://api-dogfood.resources.windows-int.net/subscriptions/2295ee31-27e3-4b1d-b5c1-6c73d1265f4e/operationresults/eyJqb2JJZCI6IlJFU09VUkNFR1JPVVBERUxFVElPTkpPQi1PTkVTREsyOTQxLUpBUEFORUFTVCIsImpvYkxvY2F0aW9uIjoiamFwYW5lYXN0In0?api-version=2014-04-01-preview"
        ]
      },
      "StatusCode": 202
    },
    {
      "RequestUri": "/subscriptions/2295ee31-27e3-4b1d-b5c1-6c73d1265f4e/operationresults/eyJqb2JJZCI6IlJFU09VUkNFR1JPVVBERUxFVElPTkpPQi1PTkVTREsyOTQxLUpBUEFORUFTVCIsImpvYkxvY2F0aW9uIjoiamFwYW5lYXN0In0?api-version=2014-04-01-preview",
      "EncodedRequestUri": "L3N1YnNjcmlwdGlvbnMvMjI5NWVlMzEtMjdlMy00YjFkLWI1YzEtNmM3M2QxMjY1ZjRlL29wZXJhdGlvbnJlc3VsdHMvZXlKcWIySkpaQ0k2SWxKRlUwOVZVa05GUjFKUFZWQkVSVXhGVkVsUFRrcFBRaTFQVGtWVFJFc3lPVFF4TFVwQlVFRk9SVUZUVkNJc0ltcHZZa3h2WTJGMGFXOXVJam9pYW1Gd1lXNWxZWE4wSW4wP2FwaS12ZXJzaW9uPTIwMTQtMDQtMDEtcHJldmlldw==",
      "RequestMethod": "GET",
      "RequestBody": "",
      "RequestHeaders": {
        "x-ms-version": [
          "2014-04-01-preview"
        ],
        "User-Agent": [
          "Microsoft.Azure.Management.Resources.ResourceManagementClient/2.0.0.0"
        ]
      },
      "ResponseBody": "",
      "ResponseHeaders": {
        "Content-Length": [
          "0"
        ],
        "Expires": [
          "-1"
        ],
        "Pragma": [
          "no-cache"
        ],
        "x-ms-ratelimit-remaining-subscription-reads": [
          "14919"
        ],
        "x-ms-request-id": [
          "e72d44eb-577b-4e09-a48a-2e5dc8e814cf"
        ],
        "x-ms-correlation-request-id": [
          "e72d44eb-577b-4e09-a48a-2e5dc8e814cf"
        ],
        "x-ms-routing-request-id": [
          "CENTRALUS:20150807T083600Z:e72d44eb-577b-4e09-a48a-2e5dc8e814cf"
        ],
        "Strict-Transport-Security": [
          "max-age=31536000; includeSubDomains"
        ],
        "Cache-Control": [
          "no-cache"
        ],
        "Date": [
          "Fri, 07 Aug 2015 08:36:00 GMT"
        ]
      },
      "StatusCode": 200
    }
  ],
  "Names": {
    "Test-CreateSecondaryDatabaseV2": [
      "onesdk5513",
      "onesdk4931",
      "onesdk1223",
      "onesdk2941",
      "onesdk8396"
    ]
  },
  "Variables": {
    "SubscriptionId": "2295ee31-27e3-4b1d-b5c1-6c73d1265f4e"
  }
}