{
  "Entries": [
    {
      "RequestUri": "/subscriptions/aeb5b02a-0f18-45a4-86d6-81808115cacf/resourcegroups/ps9490?api-version=2016-09-01",
      "EncodedRequestUri": "L3N1YnNjcmlwdGlvbnMvYWViNWIwMmEtMGYxOC00NWE0LTg2ZDYtODE4MDgxMTVjYWNmL3Jlc291cmNlZ3JvdXBzL3BzOTQ5MD9hcGktdmVyc2lvbj0yMDE2LTA5LTAx",
      "RequestMethod": "PUT",
      "RequestHeaders": {
        "x-ms-client-request-id": [
          "fc99a34b-d273-4f86-8d74-132418beeeb5"
        ],
        "Accept-Language": [
          "en-US"
        ],
        "User-Agent": [
          "FxVersion/4.700.22.55902",
          "OSName/Windows",
          "OSVersion/Microsoft.Windows.10.0.22621",
          "Microsoft.Azure.Management.Internal.Resources.ResourceManagementClient/1.3.68"
        ],
        "Content-Type": [
          "application/json; charset=utf-8"
        ],
        "Content-Length": [
          "74"
        ]
      },
      "RequestBody": "{\r\n  \"location\": \"westus2\",\r\n  \"tags\": {\r\n    \"testtag\": \"testval\"\r\n  }\r\n}",
      "ResponseHeaders": {
        "Cache-Control": [
          "no-cache"
        ],
        "Pragma": [
          "no-cache"
        ],
        "x-ms-ratelimit-remaining-subscription-writes": [
          "1198"
        ],
        "x-ms-request-id": [
          "a910b21d-ca9f-4e16-b42d-0b175db044da"
        ],
        "x-ms-correlation-request-id": [
          "a910b21d-ca9f-4e16-b42d-0b175db044da"
        ],
        "x-ms-routing-request-id": [
          "SOUTHCENTRALUS:20230303T024129Z:a910b21d-ca9f-4e16-b42d-0b175db044da"
        ],
        "Strict-Transport-Security": [
          "max-age=31536000; includeSubDomains"
        ],
        "X-Content-Type-Options": [
          "nosniff"
        ],
        "Date": [
          "Fri, 03 Mar 2023 02:41:29 GMT"
        ],
        "Content-Length": [
          "377"
        ],
        "Content-Type": [
          "application/json; charset=utf-8"
        ],
        "Expires": [
          "-1"
        ]
      },
      "ResponseBody": "{\r\n  \"id\": \"/subscriptions/aeb5b02a-0f18-45a4-86d6-81808115cacf/resourceGroups/ps9490\",\r\n  \"name\": \"ps9490\",\r\n  \"location\": \"westus2\",\r\n  \"tags\": {\r\n    \"testtag\": \"testval\",\r\n    \"AdminEmail\": \"cnfwoncall@microsoft.com\",\r\n    \"AlertDaysBeforeDeletion\": \"5\",\r\n    \"Created\": \"2023-03-03T02:41:29.1698513Z\",\r\n    \"CreationDate\": \"2023-03-03T02:41:29.1698414Z\",\r\n    \"DaysUntilDeletion\": \"20\"\r\n  },\r\n  \"properties\": {\r\n    \"provisioningState\": \"Succeeded\"\r\n  }\r\n}",
      "StatusCode": 201
    },
    {
      "RequestUri": "/subscriptions/aeb5b02a-0f18-45a4-86d6-81808115cacf/resourceGroups/ps9490/providers/Microsoft.Network/firewallPolicies/ps3876?api-version=2022-07-01",
      "EncodedRequestUri": "L3N1YnNjcmlwdGlvbnMvYWViNWIwMmEtMGYxOC00NWE0LTg2ZDYtODE4MDgxMTVjYWNmL3Jlc291cmNlR3JvdXBzL3BzOTQ5MC9wcm92aWRlcnMvTWljcm9zb2Z0Lk5ldHdvcmsvZmlyZXdhbGxQb2xpY2llcy9wczM4NzY/YXBpLXZlcnNpb249MjAyMi0wNy0wMQ==",
      "RequestMethod": "GET",
      "RequestHeaders": {
        "x-ms-client-request-id": [
          "0fd71d44-b2bb-4ca2-b004-d3b4995a1b60"
        ],
        "Accept-Language": [
          "en-US"
        ],
        "User-Agent": [
          "FxVersion/4.700.22.55902",
          "OSName/Windows",
          "OSVersion/Microsoft.Windows.10.0.22621",
          "Microsoft.Azure.Management.Network.NetworkManagementClient/25.0.0.0"
        ]
      },
      "RequestBody": "",
      "ResponseHeaders": {
        "Cache-Control": [
          "no-cache"
        ],
        "Pragma": [
          "no-cache"
        ],
        "x-ms-failure-cause": [
          "gateway"
        ],
        "x-ms-request-id": [
          "569509b6-ff9f-4cbc-898a-c48aca3b3722"
        ],
        "x-ms-correlation-request-id": [
          "569509b6-ff9f-4cbc-898a-c48aca3b3722"
        ],
        "x-ms-routing-request-id": [
          "SOUTHCENTRALUS:20230303T024131Z:569509b6-ff9f-4cbc-898a-c48aca3b3722"
        ],
        "Strict-Transport-Security": [
          "max-age=31536000; includeSubDomains"
        ],
        "X-Content-Type-Options": [
          "nosniff"
        ],
        "Date": [
          "Fri, 03 Mar 2023 02:41:30 GMT"
        ],
        "Content-Type": [
          "application/json; charset=utf-8"
        ],
        "Expires": [
          "-1"
        ],
        "Content-Length": [
          "219"
        ]
      },
      "ResponseBody": "{\r\n  \"error\": {\r\n    \"code\": \"ResourceNotFound\",\r\n    \"message\": \"The Resource 'Microsoft.Network/firewallPolicies/ps3876' under resource group 'ps9490' was not found. For more details please go to https://aka.ms/ARMResourceNotFoundFix\"\r\n  }\r\n}",
      "StatusCode": 404
    },
    {
      "RequestUri": "/subscriptions/aeb5b02a-0f18-45a4-86d6-81808115cacf/resourceGroups/ps9490/providers/Microsoft.Network/firewallPolicies/ps3876?api-version=2022-07-01",
      "EncodedRequestUri": "L3N1YnNjcmlwdGlvbnMvYWViNWIwMmEtMGYxOC00NWE0LTg2ZDYtODE4MDgxMTVjYWNmL3Jlc291cmNlR3JvdXBzL3BzOTQ5MC9wcm92aWRlcnMvTWljcm9zb2Z0Lk5ldHdvcmsvZmlyZXdhbGxQb2xpY2llcy9wczM4NzY/YXBpLXZlcnNpb249MjAyMi0wNy0wMQ==",
      "RequestMethod": "GET",
      "RequestHeaders": {
        "x-ms-client-request-id": [
          "0fd71d44-b2bb-4ca2-b004-d3b4995a1b60"
        ],
        "User-Agent": [
          "FxVersion/4.700.22.55902",
          "OSName/Windows",
          "OSVersion/Microsoft.Windows.10.0.22621",
          "Microsoft.Azure.Management.Network.NetworkManagementClient/25.0.0.0"
        ]
      },
      "RequestBody": "",
      "ResponseHeaders": {
        "Cache-Control": [
          "no-cache"
        ],
        "Pragma": [
          "no-cache"
        ],
        "ETag": [
          "\"2ed912b1-817c-478e-8dbd-25d9dd49c3d8\""
        ],
        "Server": [
          "Microsoft-HTTPAPI/2.0"
        ],
        "x-ms-ratelimit-remaining-subscription-reads": [
          "11997"
        ],
        "x-ms-request-id": [
          "933acabf-eb7e-4ad6-baf6-87aa6c175b9b"
        ],
        "x-ms-correlation-request-id": [
          "933acabf-eb7e-4ad6-baf6-87aa6c175b9b"
        ],
        "x-ms-routing-request-id": [
          "SOUTHCENTRALUS:20230303T024159Z:933acabf-eb7e-4ad6-baf6-87aa6c175b9b"
        ],
        "Strict-Transport-Security": [
          "max-age=31536000; includeSubDomains"
        ],
        "X-Content-Type-Options": [
          "nosniff"
        ],
        "Date": [
          "Fri, 03 Mar 2023 02:41:59 GMT"
        ],
        "Content-Length": [
          "567"
        ],
        "Content-Type": [
          "application/json; charset=utf-8"
        ],
        "Expires": [
          "-1"
        ]
      },
      "ResponseBody": "{\r\n  \"properties\": {\r\n    \"sku\": {\r\n      \"tier\": \"Standard\"\r\n    },\r\n    \"childPolicies\": [],\r\n    \"ruleCollectionGroups\": [],\r\n    \"firewalls\": [],\r\n    \"threatIntelMode\": \"Alert\",\r\n    \"sql\": {\r\n      \"allowSqlRedirect\": true\r\n    },\r\n    \"provisioningState\": \"Succeeded\"\r\n  },\r\n  \"id\": \"/subscriptions/aeb5b02a-0f18-45a4-86d6-81808115cacf/resourceGroups/ps9490/providers/Microsoft.Network/firewallPolicies/ps3876\",\r\n  \"name\": \"ps3876\",\r\n  \"type\": \"Microsoft.Network/FirewallPolicies\",\r\n  \"etag\": \"2ed912b1-817c-478e-8dbd-25d9dd49c3d8\",\r\n  \"location\": \"westus2\"\r\n}",
      "StatusCode": 200
    },
    {
      "RequestUri": "/subscriptions/aeb5b02a-0f18-45a4-86d6-81808115cacf/resourceGroups/ps9490/providers/Microsoft.Network/firewallPolicies/ps3876?api-version=2022-07-01",
      "EncodedRequestUri": "L3N1YnNjcmlwdGlvbnMvYWViNWIwMmEtMGYxOC00NWE0LTg2ZDYtODE4MDgxMTVjYWNmL3Jlc291cmNlR3JvdXBzL3BzOTQ5MC9wcm92aWRlcnMvTWljcm9zb2Z0Lk5ldHdvcmsvZmlyZXdhbGxQb2xpY2llcy9wczM4NzY/YXBpLXZlcnNpb249MjAyMi0wNy0wMQ==",
      "RequestMethod": "GET",
      "RequestHeaders": {
        "x-ms-client-request-id": [
          "0fd71d44-b2bb-4ca2-b004-d3b4995a1b60"
        ],
        "Accept-Language": [
          "en-US"
        ],
        "User-Agent": [
          "FxVersion/4.700.22.55902",
          "OSName/Windows",
          "OSVersion/Microsoft.Windows.10.0.22621",
          "Microsoft.Azure.Management.Network.NetworkManagementClient/25.0.0.0"
        ]
      },
      "RequestBody": "",
      "ResponseHeaders": {
        "Cache-Control": [
          "no-cache"
        ],
        "Pragma": [
          "no-cache"
        ],
        "ETag": [
          "\"2ed912b1-817c-478e-8dbd-25d9dd49c3d8\""
        ],
        "Server": [
          "Microsoft-HTTPAPI/2.0"
        ],
        "x-ms-ratelimit-remaining-subscription-reads": [
          "11996"
        ],
        "x-ms-request-id": [
          "d8245fe1-ec54-43dc-ae00-9389d289898f"
        ],
        "x-ms-correlation-request-id": [
          "d8245fe1-ec54-43dc-ae00-9389d289898f"
        ],
        "x-ms-routing-request-id": [
          "SOUTHCENTRALUS:20230303T024204Z:d8245fe1-ec54-43dc-ae00-9389d289898f"
        ],
        "Strict-Transport-Security": [
          "max-age=31536000; includeSubDomains"
        ],
        "X-Content-Type-Options": [
          "nosniff"
        ],
        "Date": [
          "Fri, 03 Mar 2023 02:42:04 GMT"
        ],
        "Content-Length": [
          "567"
        ],
        "Content-Type": [
          "application/json; charset=utf-8"
        ],
        "Expires": [
          "-1"
        ]
      },
      "ResponseBody": "{\r\n  \"properties\": {\r\n    \"sku\": {\r\n      \"tier\": \"Standard\"\r\n    },\r\n    \"childPolicies\": [],\r\n    \"ruleCollectionGroups\": [],\r\n    \"firewalls\": [],\r\n    \"threatIntelMode\": \"Alert\",\r\n    \"sql\": {\r\n      \"allowSqlRedirect\": true\r\n    },\r\n    \"provisioningState\": \"Succeeded\"\r\n  },\r\n  \"id\": \"/subscriptions/aeb5b02a-0f18-45a4-86d6-81808115cacf/resourceGroups/ps9490/providers/Microsoft.Network/firewallPolicies/ps3876\",\r\n  \"name\": \"ps3876\",\r\n  \"type\": \"Microsoft.Network/FirewallPolicies\",\r\n  \"etag\": \"2ed912b1-817c-478e-8dbd-25d9dd49c3d8\",\r\n  \"location\": \"westus2\"\r\n}",
      "StatusCode": 200
    },
    {
      "RequestUri": "/subscriptions/aeb5b02a-0f18-45a4-86d6-81808115cacf/resourceGroups/ps9490/providers/Microsoft.Network/firewallPolicies/ps3876?api-version=2022-07-01",
      "EncodedRequestUri": "L3N1YnNjcmlwdGlvbnMvYWViNWIwMmEtMGYxOC00NWE0LTg2ZDYtODE4MDgxMTVjYWNmL3Jlc291cmNlR3JvdXBzL3BzOTQ5MC9wcm92aWRlcnMvTWljcm9zb2Z0Lk5ldHdvcmsvZmlyZXdhbGxQb2xpY2llcy9wczM4NzY/YXBpLXZlcnNpb249MjAyMi0wNy0wMQ==",
      "RequestMethod": "GET",
      "RequestHeaders": {
        "x-ms-client-request-id": [
          "180af667-13cd-4336-bdfc-fdc7c69d7587"
        ],
        "Accept-Language": [
          "en-US"
        ],
        "User-Agent": [
          "FxVersion/4.700.22.55902",
          "OSName/Windows",
          "OSVersion/Microsoft.Windows.10.0.22621",
          "Microsoft.Azure.Management.Network.NetworkManagementClient/25.0.0.0"
        ]
      },
      "RequestBody": "",
      "ResponseHeaders": {
        "Cache-Control": [
          "no-cache"
        ],
        "Pragma": [
          "no-cache"
        ],
        "ETag": [
          "\"2ed912b1-817c-478e-8dbd-25d9dd49c3d8\""
        ],
        "Server": [
          "Microsoft-HTTPAPI/2.0"
        ],
        "x-ms-ratelimit-remaining-subscription-reads": [
          "11999"
        ],
        "x-ms-request-id": [
          "3973abaa-5a44-4f53-b8a8-05d3b124226a"
        ],
        "x-ms-correlation-request-id": [
          "3973abaa-5a44-4f53-b8a8-05d3b124226a"
        ],
        "x-ms-routing-request-id": [
          "SOUTHCENTRALUS:20230303T024205Z:3973abaa-5a44-4f53-b8a8-05d3b124226a"
        ],
        "Strict-Transport-Security": [
          "max-age=31536000; includeSubDomains"
        ],
        "X-Content-Type-Options": [
          "nosniff"
        ],
        "Date": [
          "Fri, 03 Mar 2023 02:42:05 GMT"
        ],
        "Content-Length": [
          "567"
        ],
        "Content-Type": [
          "application/json; charset=utf-8"
        ],
        "Expires": [
          "-1"
        ]
      },
      "ResponseBody": "{\r\n  \"properties\": {\r\n    \"sku\": {\r\n      \"tier\": \"Standard\"\r\n    },\r\n    \"childPolicies\": [],\r\n    \"ruleCollectionGroups\": [],\r\n    \"firewalls\": [],\r\n    \"threatIntelMode\": \"Alert\",\r\n    \"sql\": {\r\n      \"allowSqlRedirect\": true\r\n    },\r\n    \"provisioningState\": \"Succeeded\"\r\n  },\r\n  \"id\": \"/subscriptions/aeb5b02a-0f18-45a4-86d6-81808115cacf/resourceGroups/ps9490/providers/Microsoft.Network/firewallPolicies/ps3876\",\r\n  \"name\": \"ps3876\",\r\n  \"type\": \"Microsoft.Network/FirewallPolicies\",\r\n  \"etag\": \"2ed912b1-817c-478e-8dbd-25d9dd49c3d8\",\r\n  \"location\": \"westus2\"\r\n}",
      "StatusCode": 200
    },
    {
      "RequestUri": "/subscriptions/aeb5b02a-0f18-45a4-86d6-81808115cacf/resourceGroups/ps9490/providers/Microsoft.Network/firewallPolicies/ps3876?api-version=2022-07-01",
      "EncodedRequestUri": "L3N1YnNjcmlwdGlvbnMvYWViNWIwMmEtMGYxOC00NWE0LTg2ZDYtODE4MDgxMTVjYWNmL3Jlc291cmNlR3JvdXBzL3BzOTQ5MC9wcm92aWRlcnMvTWljcm9zb2Z0Lk5ldHdvcmsvZmlyZXdhbGxQb2xpY2llcy9wczM4NzY/YXBpLXZlcnNpb249MjAyMi0wNy0wMQ==",
      "RequestMethod": "GET",
      "RequestHeaders": {
        "x-ms-client-request-id": [
          "dbd9eb58-c64f-40c1-8cfa-ca60ccae3472"
        ],
        "Accept-Language": [
          "en-US"
        ],
        "User-Agent": [
          "FxVersion/4.700.22.55902",
          "OSName/Windows",
          "OSVersion/Microsoft.Windows.10.0.22621",
          "Microsoft.Azure.Management.Network.NetworkManagementClient/25.0.0.0"
        ]
      },
      "RequestBody": "",
      "ResponseHeaders": {
        "Cache-Control": [
          "no-cache"
        ],
        "Pragma": [
          "no-cache"
        ],
        "ETag": [
          "\"2ed912b1-817c-478e-8dbd-25d9dd49c3d8\""
        ],
        "Server": [
          "Microsoft-HTTPAPI/2.0"
        ],
        "x-ms-ratelimit-remaining-subscription-reads": [
          "11999"
        ],
        "x-ms-request-id": [
          "c1e04ec7-8586-4689-8f55-963fa5608012"
        ],
        "x-ms-correlation-request-id": [
          "c1e04ec7-8586-4689-8f55-963fa5608012"
        ],
        "x-ms-routing-request-id": [
          "SOUTHCENTRALUS:20230303T024207Z:c1e04ec7-8586-4689-8f55-963fa5608012"
        ],
        "Strict-Transport-Security": [
          "max-age=31536000; includeSubDomains"
        ],
        "X-Content-Type-Options": [
          "nosniff"
        ],
        "Date": [
          "Fri, 03 Mar 2023 02:42:07 GMT"
        ],
        "Content-Length": [
          "567"
        ],
        "Content-Type": [
          "application/json; charset=utf-8"
        ],
        "Expires": [
          "-1"
        ]
      },
      "ResponseBody": "{\r\n  \"properties\": {\r\n    \"sku\": {\r\n      \"tier\": \"Standard\"\r\n    },\r\n    \"childPolicies\": [],\r\n    \"ruleCollectionGroups\": [],\r\n    \"firewalls\": [],\r\n    \"threatIntelMode\": \"Alert\",\r\n    \"sql\": {\r\n      \"allowSqlRedirect\": true\r\n    },\r\n    \"provisioningState\": \"Succeeded\"\r\n  },\r\n  \"id\": \"/subscriptions/aeb5b02a-0f18-45a4-86d6-81808115cacf/resourceGroups/ps9490/providers/Microsoft.Network/firewallPolicies/ps3876\",\r\n  \"name\": \"ps3876\",\r\n  \"type\": \"Microsoft.Network/FirewallPolicies\",\r\n  \"etag\": \"2ed912b1-817c-478e-8dbd-25d9dd49c3d8\",\r\n  \"location\": \"westus2\"\r\n}",
      "StatusCode": 200
    },
    {
      "RequestUri": "/subscriptions/aeb5b02a-0f18-45a4-86d6-81808115cacf/resourceGroups/ps9490/providers/Microsoft.Network/firewallPolicies/ps3876?api-version=2022-07-01",
      "EncodedRequestUri": "L3N1YnNjcmlwdGlvbnMvYWViNWIwMmEtMGYxOC00NWE0LTg2ZDYtODE4MDgxMTVjYWNmL3Jlc291cmNlR3JvdXBzL3BzOTQ5MC9wcm92aWRlcnMvTWljcm9zb2Z0Lk5ldHdvcmsvZmlyZXdhbGxQb2xpY2llcy9wczM4NzY/YXBpLXZlcnNpb249MjAyMi0wNy0wMQ==",
      "RequestMethod": "GET",
      "RequestHeaders": {
        "x-ms-client-request-id": [
          "dbd9eb58-c64f-40c1-8cfa-ca60ccae3472"
        ],
        "User-Agent": [
          "FxVersion/4.700.22.55902",
          "OSName/Windows",
          "OSVersion/Microsoft.Windows.10.0.22621",
          "Microsoft.Azure.Management.Network.NetworkManagementClient/25.0.0.0"
        ]
      },
      "RequestBody": "",
      "ResponseHeaders": {
        "Cache-Control": [
          "no-cache"
        ],
        "Pragma": [
          "no-cache"
        ],
        "ETag": [
          "\"d9946328-a3d7-489e-90ec-597dcf076433\""
        ],
        "Server": [
          "Microsoft-HTTPAPI/2.0"
        ],
        "x-ms-ratelimit-remaining-subscription-reads": [
          "11997"
        ],
        "x-ms-request-id": [
          "8971c912-93c1-4aeb-a695-17c16466ad3f"
        ],
        "x-ms-correlation-request-id": [
          "8971c912-93c1-4aeb-a695-17c16466ad3f"
        ],
        "x-ms-routing-request-id": [
          "SOUTHCENTRALUS:20230303T024218Z:8971c912-93c1-4aeb-a695-17c16466ad3f"
        ],
        "Strict-Transport-Security": [
          "max-age=31536000; includeSubDomains"
        ],
        "X-Content-Type-Options": [
          "nosniff"
        ],
        "Date": [
          "Fri, 03 Mar 2023 02:42:18 GMT"
        ],
        "Content-Length": [
          "568"
        ],
        "Content-Type": [
          "application/json; charset=utf-8"
        ],
        "Expires": [
          "-1"
        ]
      },
      "ResponseBody": "{\r\n  \"properties\": {\r\n    \"sku\": {\r\n      \"tier\": \"Standard\"\r\n    },\r\n    \"childPolicies\": [],\r\n    \"ruleCollectionGroups\": [],\r\n    \"firewalls\": [],\r\n    \"threatIntelMode\": \"Alert\",\r\n    \"sql\": {\r\n      \"allowSqlRedirect\": false\r\n    },\r\n    \"provisioningState\": \"Succeeded\"\r\n  },\r\n  \"id\": \"/subscriptions/aeb5b02a-0f18-45a4-86d6-81808115cacf/resourceGroups/ps9490/providers/Microsoft.Network/firewallPolicies/ps3876\",\r\n  \"name\": \"ps3876\",\r\n  \"type\": \"Microsoft.Network/FirewallPolicies\",\r\n  \"etag\": \"d9946328-a3d7-489e-90ec-597dcf076433\",\r\n  \"location\": \"westus2\"\r\n}",
      "StatusCode": 200
    },
    {
      "RequestUri": "/subscriptions/aeb5b02a-0f18-45a4-86d6-81808115cacf/resourceGroups/ps9490/providers/Microsoft.Network/firewallPolicies/ps3876?api-version=2022-07-01",
      "EncodedRequestUri": "L3N1YnNjcmlwdGlvbnMvYWViNWIwMmEtMGYxOC00NWE0LTg2ZDYtODE4MDgxMTVjYWNmL3Jlc291cmNlR3JvdXBzL3BzOTQ5MC9wcm92aWRlcnMvTWljcm9zb2Z0Lk5ldHdvcmsvZmlyZXdhbGxQb2xpY2llcy9wczM4NzY/YXBpLXZlcnNpb249MjAyMi0wNy0wMQ==",
      "RequestMethod": "GET",
      "RequestHeaders": {
        "x-ms-client-request-id": [
          "dbd9eb58-c64f-40c1-8cfa-ca60ccae3472"
        ],
        "Accept-Language": [
          "en-US"
        ],
        "User-Agent": [
          "FxVersion/4.700.22.55902",
          "OSName/Windows",
          "OSVersion/Microsoft.Windows.10.0.22621",
          "Microsoft.Azure.Management.Network.NetworkManagementClient/25.0.0.0"
        ]
      },
      "RequestBody": "",
      "ResponseHeaders": {
        "Cache-Control": [
          "no-cache"
        ],
        "Pragma": [
          "no-cache"
        ],
        "ETag": [
          "\"d9946328-a3d7-489e-90ec-597dcf076433\""
        ],
        "Server": [
          "Microsoft-HTTPAPI/2.0"
        ],
        "x-ms-ratelimit-remaining-subscription-reads": [
          "11996"
        ],
        "x-ms-request-id": [
          "3d22a826-2faa-46d6-b5ef-bdf347873a14"
        ],
        "x-ms-correlation-request-id": [
          "3d22a826-2faa-46d6-b5ef-bdf347873a14"
        ],
        "x-ms-routing-request-id": [
          "SOUTHCENTRALUS:20230303T024219Z:3d22a826-2faa-46d6-b5ef-bdf347873a14"
        ],
        "Strict-Transport-Security": [
          "max-age=31536000; includeSubDomains"
        ],
        "X-Content-Type-Options": [
          "nosniff"
        ],
        "Date": [
          "Fri, 03 Mar 2023 02:42:19 GMT"
        ],
        "Content-Length": [
          "568"
        ],
        "Content-Type": [
          "application/json; charset=utf-8"
        ],
        "Expires": [
          "-1"
        ]
      },
      "ResponseBody": "{\r\n  \"properties\": {\r\n    \"sku\": {\r\n      \"tier\": \"Standard\"\r\n    },\r\n    \"childPolicies\": [],\r\n    \"ruleCollectionGroups\": [],\r\n    \"firewalls\": [],\r\n    \"threatIntelMode\": \"Alert\",\r\n    \"sql\": {\r\n      \"allowSqlRedirect\": false\r\n    },\r\n    \"provisioningState\": \"Succeeded\"\r\n  },\r\n  \"id\": \"/subscriptions/aeb5b02a-0f18-45a4-86d6-81808115cacf/resourceGroups/ps9490/providers/Microsoft.Network/firewallPolicies/ps3876\",\r\n  \"name\": \"ps3876\",\r\n  \"type\": \"Microsoft.Network/FirewallPolicies\",\r\n  \"etag\": \"d9946328-a3d7-489e-90ec-597dcf076433\",\r\n  \"location\": \"westus2\"\r\n}",
      "StatusCode": 200
    },
    {
      "RequestUri": "/subscriptions/aeb5b02a-0f18-45a4-86d6-81808115cacf/resourceGroups/ps9490/providers/Microsoft.Network/firewallPolicies/ps3876?api-version=2022-07-01",
      "EncodedRequestUri": "L3N1YnNjcmlwdGlvbnMvYWViNWIwMmEtMGYxOC00NWE0LTg2ZDYtODE4MDgxMTVjYWNmL3Jlc291cmNlR3JvdXBzL3BzOTQ5MC9wcm92aWRlcnMvTWljcm9zb2Z0Lk5ldHdvcmsvZmlyZXdhbGxQb2xpY2llcy9wczM4NzY/YXBpLXZlcnNpb249MjAyMi0wNy0wMQ==",
      "RequestMethod": "GET",
      "RequestHeaders": {
        "x-ms-client-request-id": [
          "9ff93968-720f-4dac-b93c-ed45768f9fb4"
        ],
        "Accept-Language": [
          "en-US"
        ],
        "User-Agent": [
          "FxVersion/4.700.22.55902",
          "OSName/Windows",
          "OSVersion/Microsoft.Windows.10.0.22621",
          "Microsoft.Azure.Management.Network.NetworkManagementClient/25.0.0.0"
        ]
      },
      "RequestBody": "",
      "ResponseHeaders": {
        "Cache-Control": [
          "no-cache"
        ],
        "Pragma": [
          "no-cache"
        ],
        "ETag": [
          "\"d9946328-a3d7-489e-90ec-597dcf076433\""
        ],
        "Server": [
          "Microsoft-HTTPAPI/2.0"
        ],
        "x-ms-ratelimit-remaining-subscription-reads": [
          "11992"
        ],
        "x-ms-request-id": [
          "435dedf0-6734-4364-a138-fe930c650fab"
        ],
        "x-ms-correlation-request-id": [
          "435dedf0-6734-4364-a138-fe930c650fab"
        ],
        "x-ms-routing-request-id": [
          "SOUTHCENTRALUS:20230303T024233Z:435dedf0-6734-4364-a138-fe930c650fab"
        ],
        "Strict-Transport-Security": [
          "max-age=31536000; includeSubDomains"
        ],
        "X-Content-Type-Options": [
          "nosniff"
        ],
        "Date": [
          "Fri, 03 Mar 2023 02:42:32 GMT"
        ],
        "Content-Length": [
          "568"
        ],
        "Content-Type": [
          "application/json; charset=utf-8"
        ],
        "Expires": [
          "-1"
        ]
      },
      "ResponseBody": "{\r\n  \"properties\": {\r\n    \"sku\": {\r\n      \"tier\": \"Standard\"\r\n    },\r\n    \"childPolicies\": [],\r\n    \"ruleCollectionGroups\": [],\r\n    \"firewalls\": [],\r\n    \"threatIntelMode\": \"Alert\",\r\n    \"sql\": {\r\n      \"allowSqlRedirect\": false\r\n    },\r\n    \"provisioningState\": \"Succeeded\"\r\n  },\r\n  \"id\": \"/subscriptions/aeb5b02a-0f18-45a4-86d6-81808115cacf/resourceGroups/ps9490/providers/Microsoft.Network/firewallPolicies/ps3876\",\r\n  \"name\": \"ps3876\",\r\n  \"type\": \"Microsoft.Network/FirewallPolicies\",\r\n  \"etag\": \"d9946328-a3d7-489e-90ec-597dcf076433\",\r\n  \"location\": \"westus2\"\r\n}",
      "StatusCode": 200
    },
    {
      "RequestUri": "/subscriptions/aeb5b02a-0f18-45a4-86d6-81808115cacf/resourceGroups/ps9490/providers/Microsoft.Network/firewallPolicies/ps3876?api-version=2022-07-01",
      "EncodedRequestUri": "L3N1YnNjcmlwdGlvbnMvYWViNWIwMmEtMGYxOC00NWE0LTg2ZDYtODE4MDgxMTVjYWNmL3Jlc291cmNlR3JvdXBzL3BzOTQ5MC9wcm92aWRlcnMvTWljcm9zb2Z0Lk5ldHdvcmsvZmlyZXdhbGxQb2xpY2llcy9wczM4NzY/YXBpLXZlcnNpb249MjAyMi0wNy0wMQ==",
      "RequestMethod": "GET",
      "RequestHeaders": {
        "x-ms-client-request-id": [
          "57c55eb3-d6b0-4f05-951e-914260088869"
        ],
        "Accept-Language": [
          "en-US"
        ],
        "User-Agent": [
          "FxVersion/4.700.22.55902",
          "OSName/Windows",
          "OSVersion/Microsoft.Windows.10.0.22621",
          "Microsoft.Azure.Management.Network.NetworkManagementClient/25.0.0.0"
        ]
      },
      "RequestBody": "",
      "ResponseHeaders": {
        "Cache-Control": [
          "no-cache"
        ],
        "Pragma": [
          "no-cache"
        ],
        "ETag": [
          "\"d9946328-a3d7-489e-90ec-597dcf076433\""
        ],
        "Server": [
          "Microsoft-HTTPAPI/2.0"
        ],
        "x-ms-ratelimit-remaining-subscription-reads": [
          "11999"
        ],
        "x-ms-request-id": [
          "f6610909-c2fe-4a5d-86bc-b3b061b26d1d"
        ],
        "x-ms-correlation-request-id": [
          "f6610909-c2fe-4a5d-86bc-b3b061b26d1d"
        ],
        "x-ms-routing-request-id": [
          "SOUTHCENTRALUS:20230303T024234Z:f6610909-c2fe-4a5d-86bc-b3b061b26d1d"
        ],
        "Strict-Transport-Security": [
          "max-age=31536000; includeSubDomains"
        ],
        "X-Content-Type-Options": [
          "nosniff"
        ],
        "Date": [
          "Fri, 03 Mar 2023 02:42:33 GMT"
        ],
        "Content-Length": [
          "568"
        ],
        "Content-Type": [
          "application/json; charset=utf-8"
        ],
        "Expires": [
          "-1"
        ]
      },
      "ResponseBody": "{\r\n  \"properties\": {\r\n    \"sku\": {\r\n      \"tier\": \"Standard\"\r\n    },\r\n    \"childPolicies\": [],\r\n    \"ruleCollectionGroups\": [],\r\n    \"firewalls\": [],\r\n    \"threatIntelMode\": \"Alert\",\r\n    \"sql\": {\r\n      \"allowSqlRedirect\": false\r\n    },\r\n    \"provisioningState\": \"Succeeded\"\r\n  },\r\n  \"id\": \"/subscriptions/aeb5b02a-0f18-45a4-86d6-81808115cacf/resourceGroups/ps9490/providers/Microsoft.Network/firewallPolicies/ps3876\",\r\n  \"name\": \"ps3876\",\r\n  \"type\": \"Microsoft.Network/FirewallPolicies\",\r\n  \"etag\": \"d9946328-a3d7-489e-90ec-597dcf076433\",\r\n  \"location\": \"westus2\"\r\n}",
      "StatusCode": 200
    },
    {
      "RequestUri": "/subscriptions/aeb5b02a-0f18-45a4-86d6-81808115cacf/resourceGroups/ps9490/providers/Microsoft.Network/firewallPolicies/ps3876?api-version=2022-07-01",
      "EncodedRequestUri": "L3N1YnNjcmlwdGlvbnMvYWViNWIwMmEtMGYxOC00NWE0LTg2ZDYtODE4MDgxMTVjYWNmL3Jlc291cmNlR3JvdXBzL3BzOTQ5MC9wcm92aWRlcnMvTWljcm9zb2Z0Lk5ldHdvcmsvZmlyZXdhbGxQb2xpY2llcy9wczM4NzY/YXBpLXZlcnNpb249MjAyMi0wNy0wMQ==",
      "RequestMethod": "GET",
      "RequestHeaders": {
        "x-ms-client-request-id": [
          "57c55eb3-d6b0-4f05-951e-914260088869"
        ],
        "User-Agent": [
          "FxVersion/4.700.22.55902",
          "OSName/Windows",
          "OSVersion/Microsoft.Windows.10.0.22621",
          "Microsoft.Azure.Management.Network.NetworkManagementClient/25.0.0.0"
        ]
      },
      "RequestBody": "",
      "ResponseHeaders": {
        "Cache-Control": [
          "no-cache"
        ],
        "Pragma": [
          "no-cache"
        ],
        "ETag": [
          "\"b55d79f2-2559-4114-a1ee-22983105cc48\""
        ],
        "Server": [
          "Microsoft-HTTPAPI/2.0"
        ],
        "x-ms-ratelimit-remaining-subscription-reads": [
          "11997"
        ],
        "x-ms-request-id": [
          "9ab0836d-6e78-41a6-92b2-6abdc20e7337"
        ],
        "x-ms-correlation-request-id": [
          "9ab0836d-6e78-41a6-92b2-6abdc20e7337"
        ],
        "x-ms-routing-request-id": [
          "SOUTHCENTRALUS:20230303T024246Z:9ab0836d-6e78-41a6-92b2-6abdc20e7337"
        ],
        "Strict-Transport-Security": [
          "max-age=31536000; includeSubDomains"
        ],
        "X-Content-Type-Options": [
          "nosniff"
        ],
        "Date": [
          "Fri, 03 Mar 2023 02:42:45 GMT"
        ],
        "Content-Length": [
          "567"
        ],
        "Content-Type": [
          "application/json; charset=utf-8"
        ],
        "Expires": [
          "-1"
        ]
      },
      "ResponseBody": "{\r\n  \"properties\": {\r\n    \"sku\": {\r\n      \"tier\": \"Standard\"\r\n    },\r\n    \"childPolicies\": [],\r\n    \"ruleCollectionGroups\": [],\r\n    \"firewalls\": [],\r\n    \"threatIntelMode\": \"Alert\",\r\n    \"sql\": {\r\n      \"allowSqlRedirect\": true\r\n    },\r\n    \"provisioningState\": \"Succeeded\"\r\n  },\r\n  \"id\": \"/subscriptions/aeb5b02a-0f18-45a4-86d6-81808115cacf/resourceGroups/ps9490/providers/Microsoft.Network/firewallPolicies/ps3876\",\r\n  \"name\": \"ps3876\",\r\n  \"type\": \"Microsoft.Network/FirewallPolicies\",\r\n  \"etag\": \"b55d79f2-2559-4114-a1ee-22983105cc48\",\r\n  \"location\": \"westus2\"\r\n}",
      "StatusCode": 200
    },
    {
      "RequestUri": "/subscriptions/aeb5b02a-0f18-45a4-86d6-81808115cacf/resourceGroups/ps9490/providers/Microsoft.Network/firewallPolicies/ps3876?api-version=2022-07-01",
      "EncodedRequestUri": "L3N1YnNjcmlwdGlvbnMvYWViNWIwMmEtMGYxOC00NWE0LTg2ZDYtODE4MDgxMTVjYWNmL3Jlc291cmNlR3JvdXBzL3BzOTQ5MC9wcm92aWRlcnMvTWljcm9zb2Z0Lk5ldHdvcmsvZmlyZXdhbGxQb2xpY2llcy9wczM4NzY/YXBpLXZlcnNpb249MjAyMi0wNy0wMQ==",
      "RequestMethod": "GET",
      "RequestHeaders": {
        "x-ms-client-request-id": [
          "57c55eb3-d6b0-4f05-951e-914260088869"
        ],
        "Accept-Language": [
          "en-US"
        ],
        "User-Agent": [
          "FxVersion/4.700.22.55902",
          "OSName/Windows",
          "OSVersion/Microsoft.Windows.10.0.22621",
          "Microsoft.Azure.Management.Network.NetworkManagementClient/25.0.0.0"
        ]
      },
      "RequestBody": "",
      "ResponseHeaders": {
        "Cache-Control": [
          "no-cache"
        ],
        "Pragma": [
          "no-cache"
        ],
        "ETag": [
          "\"b55d79f2-2559-4114-a1ee-22983105cc48\""
        ],
        "Server": [
          "Microsoft-HTTPAPI/2.0"
        ],
        "x-ms-ratelimit-remaining-subscription-reads": [
          "11996"
        ],
        "x-ms-request-id": [
          "177c7709-6eb7-48b3-8aec-35263f9c0aa6"
        ],
        "x-ms-correlation-request-id": [
          "177c7709-6eb7-48b3-8aec-35263f9c0aa6"
        ],
        "x-ms-routing-request-id": [
          "SOUTHCENTRALUS:20230303T024246Z:177c7709-6eb7-48b3-8aec-35263f9c0aa6"
        ],
        "Strict-Transport-Security": [
          "max-age=31536000; includeSubDomains"
        ],
        "X-Content-Type-Options": [
          "nosniff"
        ],
        "Date": [
          "Fri, 03 Mar 2023 02:42:45 GMT"
        ],
        "Content-Length": [
          "567"
        ],
        "Content-Type": [
          "application/json; charset=utf-8"
        ],
        "Expires": [
          "-1"
        ]
      },
      "ResponseBody": "{\r\n  \"properties\": {\r\n    \"sku\": {\r\n      \"tier\": \"Standard\"\r\n    },\r\n    \"childPolicies\": [],\r\n    \"ruleCollectionGroups\": [],\r\n    \"firewalls\": [],\r\n    \"threatIntelMode\": \"Alert\",\r\n    \"sql\": {\r\n      \"allowSqlRedirect\": true\r\n    },\r\n    \"provisioningState\": \"Succeeded\"\r\n  },\r\n  \"id\": \"/subscriptions/aeb5b02a-0f18-45a4-86d6-81808115cacf/resourceGroups/ps9490/providers/Microsoft.Network/firewallPolicies/ps3876\",\r\n  \"name\": \"ps3876\",\r\n  \"type\": \"Microsoft.Network/FirewallPolicies\",\r\n  \"etag\": \"b55d79f2-2559-4114-a1ee-22983105cc48\",\r\n  \"location\": \"westus2\"\r\n}",
      "StatusCode": 200
    },
    {
      "RequestUri": "/subscriptions/aeb5b02a-0f18-45a4-86d6-81808115cacf/resourceGroups/ps9490/providers/Microsoft.Network/firewallPolicies/ps3876?api-version=2022-07-01",
      "EncodedRequestUri": "L3N1YnNjcmlwdGlvbnMvYWViNWIwMmEtMGYxOC00NWE0LTg2ZDYtODE4MDgxMTVjYWNmL3Jlc291cmNlR3JvdXBzL3BzOTQ5MC9wcm92aWRlcnMvTWljcm9zb2Z0Lk5ldHdvcmsvZmlyZXdhbGxQb2xpY2llcy9wczM4NzY/YXBpLXZlcnNpb249MjAyMi0wNy0wMQ==",
      "RequestMethod": "GET",
      "RequestHeaders": {
        "x-ms-client-request-id": [
          "b0cb78e9-71a6-43e5-9d72-d70790281972"
        ],
        "Accept-Language": [
          "en-US"
        ],
        "User-Agent": [
          "FxVersion/4.700.22.55902",
          "OSName/Windows",
          "OSVersion/Microsoft.Windows.10.0.22621",
          "Microsoft.Azure.Management.Network.NetworkManagementClient/25.0.0.0"
        ]
      },
      "RequestBody": "",
      "ResponseHeaders": {
        "Cache-Control": [
          "no-cache"
        ],
        "Pragma": [
          "no-cache"
        ],
        "ETag": [
          "\"b55d79f2-2559-4114-a1ee-22983105cc48\""
        ],
        "Server": [
          "Microsoft-HTTPAPI/2.0"
        ],
        "x-ms-ratelimit-remaining-subscription-reads": [
          "11999"
        ],
        "x-ms-request-id": [
          "b2ad5ad8-4452-4f42-abc9-a1d150bf3840"
        ],
        "x-ms-correlation-request-id": [
          "b2ad5ad8-4452-4f42-abc9-a1d150bf3840"
        ],
        "x-ms-routing-request-id": [
          "SOUTHCENTRALUS:20230303T024253Z:b2ad5ad8-4452-4f42-abc9-a1d150bf3840"
        ],
        "Strict-Transport-Security": [
          "max-age=31536000; includeSubDomains"
        ],
        "X-Content-Type-Options": [
          "nosniff"
        ],
        "Date": [
          "Fri, 03 Mar 2023 02:42:53 GMT"
        ],
        "Content-Length": [
          "567"
        ],
        "Content-Type": [
          "application/json; charset=utf-8"
        ],
        "Expires": [
          "-1"
        ]
      },
      "ResponseBody": "{\r\n  \"properties\": {\r\n    \"sku\": {\r\n      \"tier\": \"Standard\"\r\n    },\r\n    \"childPolicies\": [],\r\n    \"ruleCollectionGroups\": [],\r\n    \"firewalls\": [],\r\n    \"threatIntelMode\": \"Alert\",\r\n    \"sql\": {\r\n      \"allowSqlRedirect\": true\r\n    },\r\n    \"provisioningState\": \"Succeeded\"\r\n  },\r\n  \"id\": \"/subscriptions/aeb5b02a-0f18-45a4-86d6-81808115cacf/resourceGroups/ps9490/providers/Microsoft.Network/firewallPolicies/ps3876\",\r\n  \"name\": \"ps3876\",\r\n  \"type\": \"Microsoft.Network/FirewallPolicies\",\r\n  \"etag\": \"b55d79f2-2559-4114-a1ee-22983105cc48\",\r\n  \"location\": \"westus2\"\r\n}",
      "StatusCode": 200
    },
    {
      "RequestUri": "/subscriptions/aeb5b02a-0f18-45a4-86d6-81808115cacf/resourceGroups/ps9490/providers/Microsoft.Network/firewallPolicies/ps3876?api-version=2022-07-01",
      "EncodedRequestUri": "L3N1YnNjcmlwdGlvbnMvYWViNWIwMmEtMGYxOC00NWE0LTg2ZDYtODE4MDgxMTVjYWNmL3Jlc291cmNlR3JvdXBzL3BzOTQ5MC9wcm92aWRlcnMvTWljcm9zb2Z0Lk5ldHdvcmsvZmlyZXdhbGxQb2xpY2llcy9wczM4NzY/YXBpLXZlcnNpb249MjAyMi0wNy0wMQ==",
      "RequestMethod": "PUT",
      "RequestHeaders": {
        "x-ms-client-request-id": [
          "0fd71d44-b2bb-4ca2-b004-d3b4995a1b60"
        ],
        "Accept-Language": [
          "en-US"
        ],
        "User-Agent": [
          "FxVersion/4.700.22.55902",
          "OSName/Windows",
          "OSVersion/Microsoft.Windows.10.0.22621",
          "Microsoft.Azure.Management.Network.NetworkManagementClient/25.0.0.0"
        ],
        "Content-Type": [
          "application/json; charset=utf-8"
        ],
        "Content-Length": [
          "188"
        ]
      },
      "RequestBody": "{\r\n  \"properties\": {\r\n    \"threatIntelMode\": \"Alert\",\r\n    \"sql\": {\r\n      \"allowSqlRedirect\": true\r\n    },\r\n    \"sku\": {\r\n      \"tier\": \"Standard\"\r\n    }\r\n  },\r\n  \"location\": \"westus2\"\r\n}",
      "ResponseHeaders": {
        "Cache-Control": [
          "no-cache"
        ],
        "Pragma": [
          "no-cache"
        ],
        "Retry-After": [
          "10"
        ],
        "x-ms-request-id": [
          "3b81558a-399c-4221-8c66-8307ab8051a2",
          "3b81558a-399c-4221-8c66-8307ab8051a2"
        ],
        "x-ms-correlation-request-id": [
          "e55bd63e-7772-49b0-bfd1-adca0945f2ee"
        ],
        "Azure-AsyncOperation": [
          "https://management.azure.com/subscriptions/aeb5b02a-0f18-45a4-86d6-81808115cacf/providers/Microsoft.Network/locations/westus2/nfvOperations/3b81558a-399c-4221-8c66-8307ab8051a2?api-version=2022-07-01"
        ],
        "Server": [
          "Microsoft-HTTPAPI/2.0"
        ],
        "x-ms-ratelimit-remaining-subscription-writes": [
          "1199"
        ],
        "x-ms-routing-request-id": [
          "SOUTHCENTRALUS:20230303T024148Z:e55bd63e-7772-49b0-bfd1-adca0945f2ee"
        ],
        "Strict-Transport-Security": [
          "max-age=31536000; includeSubDomains"
        ],
        "X-Content-Type-Options": [
          "nosniff"
        ],
        "Date": [
          "Fri, 03 Mar 2023 02:41:47 GMT"
        ],
        "Content-Length": [
          "566"
        ],
        "Content-Type": [
          "application/json; charset=utf-8"
        ],
        "Expires": [
          "-1"
        ]
      },
      "ResponseBody": "{\r\n  \"properties\": {\r\n    \"sku\": {\r\n      \"tier\": \"Standard\"\r\n    },\r\n    \"childPolicies\": [],\r\n    \"ruleCollectionGroups\": [],\r\n    \"firewalls\": [],\r\n    \"threatIntelMode\": \"Alert\",\r\n    \"sql\": {\r\n      \"allowSqlRedirect\": true\r\n    },\r\n    \"provisioningState\": \"Updating\"\r\n  },\r\n  \"id\": \"/subscriptions/aeb5b02a-0f18-45a4-86d6-81808115cacf/resourceGroups/ps9490/providers/Microsoft.Network/firewallPolicies/ps3876\",\r\n  \"name\": \"ps3876\",\r\n  \"type\": \"Microsoft.Network/FirewallPolicies\",\r\n  \"etag\": \"2ed912b1-817c-478e-8dbd-25d9dd49c3d8\",\r\n  \"location\": \"westus2\"\r\n}",
      "StatusCode": 201
    },
    {
      "RequestUri": "/subscriptions/aeb5b02a-0f18-45a4-86d6-81808115cacf/resourceGroups/ps9490/providers/Microsoft.Network/firewallPolicies/ps3876?api-version=2022-07-01",
      "EncodedRequestUri": "L3N1YnNjcmlwdGlvbnMvYWViNWIwMmEtMGYxOC00NWE0LTg2ZDYtODE4MDgxMTVjYWNmL3Jlc291cmNlR3JvdXBzL3BzOTQ5MC9wcm92aWRlcnMvTWljcm9zb2Z0Lk5ldHdvcmsvZmlyZXdhbGxQb2xpY2llcy9wczM4NzY/YXBpLXZlcnNpb249MjAyMi0wNy0wMQ==",
      "RequestMethod": "PUT",
      "RequestHeaders": {
        "x-ms-client-request-id": [
          "dbd9eb58-c64f-40c1-8cfa-ca60ccae3472"
        ],
        "Accept-Language": [
          "en-US"
        ],
        "User-Agent": [
          "FxVersion/4.700.22.55902",
          "OSName/Windows",
          "OSVersion/Microsoft.Windows.10.0.22621",
          "Microsoft.Azure.Management.Network.NetworkManagementClient/25.0.0.0"
        ],
        "Content-Type": [
          "application/json; charset=utf-8"
        ],
        "Content-Length": [
          "150"
        ]
      },
      "RequestBody": "{\r\n  \"properties\": {\r\n    \"threatIntelMode\": \"Alert\",\r\n    \"sql\": {},\r\n    \"sku\": {\r\n      \"tier\": \"Standard\"\r\n    }\r\n  },\r\n  \"location\": \"westus2\"\r\n}",
      "ResponseHeaders": {
        "Cache-Control": [
          "no-cache"
        ],
        "Pragma": [
          "no-cache"
        ],
        "Retry-After": [
          "10"
        ],
        "x-ms-request-id": [
          "2cee59a8-338f-44ac-b5ff-91a5ca92a22f",
          "2cee59a8-338f-44ac-b5ff-91a5ca92a22f"
        ],
        "x-ms-correlation-request-id": [
          "48f3bcf6-8cb3-4a46-aa8e-55fa5c384121"
        ],
        "Azure-AsyncOperation": [
          "https://management.azure.com/subscriptions/aeb5b02a-0f18-45a4-86d6-81808115cacf/providers/Microsoft.Network/locations/westus2/nfvOperations/2cee59a8-338f-44ac-b5ff-91a5ca92a22f?api-version=2022-07-01"
        ],
        "Server": [
          "Microsoft-HTTPAPI/2.0"
        ],
        "x-ms-ratelimit-remaining-subscription-writes": [
          "1198"
        ],
        "x-ms-routing-request-id": [
          "SOUTHCENTRALUS:20230303T024207Z:48f3bcf6-8cb3-4a46-aa8e-55fa5c384121"
        ],
        "Strict-Transport-Security": [
          "max-age=31536000; includeSubDomains"
        ],
        "X-Content-Type-Options": [
          "nosniff"
        ],
        "Date": [
          "Fri, 03 Mar 2023 02:42:07 GMT"
        ],
        "Content-Length": [
          "567"
        ],
        "Content-Type": [
          "application/json; charset=utf-8"
        ],
        "Expires": [
          "-1"
        ]
      },
      "ResponseBody": "{\r\n  \"properties\": {\r\n    \"sku\": {\r\n      \"tier\": \"Standard\"\r\n    },\r\n    \"childPolicies\": [],\r\n    \"ruleCollectionGroups\": [],\r\n    \"firewalls\": [],\r\n    \"threatIntelMode\": \"Alert\",\r\n    \"sql\": {\r\n      \"allowSqlRedirect\": false\r\n    },\r\n    \"provisioningState\": \"Updating\"\r\n  },\r\n  \"id\": \"/subscriptions/aeb5b02a-0f18-45a4-86d6-81808115cacf/resourceGroups/ps9490/providers/Microsoft.Network/firewallPolicies/ps3876\",\r\n  \"name\": \"ps3876\",\r\n  \"type\": \"Microsoft.Network/FirewallPolicies\",\r\n  \"etag\": \"d9946328-a3d7-489e-90ec-597dcf076433\",\r\n  \"location\": \"westus2\"\r\n}",
      "StatusCode": 200
    },
    {
      "RequestUri": "/subscriptions/aeb5b02a-0f18-45a4-86d6-81808115cacf/resourceGroups/ps9490/providers/Microsoft.Network/firewallPolicies/ps3876?api-version=2022-07-01",
      "EncodedRequestUri": "L3N1YnNjcmlwdGlvbnMvYWViNWIwMmEtMGYxOC00NWE0LTg2ZDYtODE4MDgxMTVjYWNmL3Jlc291cmNlR3JvdXBzL3BzOTQ5MC9wcm92aWRlcnMvTWljcm9zb2Z0Lk5ldHdvcmsvZmlyZXdhbGxQb2xpY2llcy9wczM4NzY/YXBpLXZlcnNpb249MjAyMi0wNy0wMQ==",
      "RequestMethod": "PUT",
      "RequestHeaders": {
        "x-ms-client-request-id": [
          "57c55eb3-d6b0-4f05-951e-914260088869"
        ],
        "Accept-Language": [
          "en-US"
        ],
        "User-Agent": [
          "FxVersion/4.700.22.55902",
          "OSName/Windows",
          "OSVersion/Microsoft.Windows.10.0.22621",
          "Microsoft.Azure.Management.Network.NetworkManagementClient/25.0.0.0"
        ],
        "Content-Type": [
          "application/json; charset=utf-8"
        ],
        "Content-Length": [
          "188"
        ]
      },
      "RequestBody": "{\r\n  \"properties\": {\r\n    \"threatIntelMode\": \"Alert\",\r\n    \"sql\": {\r\n      \"allowSqlRedirect\": true\r\n    },\r\n    \"sku\": {\r\n      \"tier\": \"Standard\"\r\n    }\r\n  },\r\n  \"location\": \"westus2\"\r\n}",
      "ResponseHeaders": {
        "Cache-Control": [
          "no-cache"
        ],
        "Pragma": [
          "no-cache"
        ],
        "Retry-After": [
          "10"
        ],
        "x-ms-request-id": [
          "68e84640-6534-4f0d-9f05-5919cac97d33",
          "68e84640-6534-4f0d-9f05-5919cac97d33"
        ],
        "x-ms-correlation-request-id": [
          "4bd556d9-e1e4-4382-ae7b-545ff5c1d57e"
        ],
        "Azure-AsyncOperation": [
          "https://management.azure.com/subscriptions/aeb5b02a-0f18-45a4-86d6-81808115cacf/providers/Microsoft.Network/locations/westus2/nfvOperations/68e84640-6534-4f0d-9f05-5919cac97d33?api-version=2022-07-01"
        ],
        "Server": [
          "Microsoft-HTTPAPI/2.0"
        ],
        "x-ms-ratelimit-remaining-subscription-writes": [
          "1199"
        ],
        "x-ms-routing-request-id": [
          "SOUTHCENTRALUS:20230303T024235Z:4bd556d9-e1e4-4382-ae7b-545ff5c1d57e"
        ],
        "Strict-Transport-Security": [
          "max-age=31536000; includeSubDomains"
        ],
        "X-Content-Type-Options": [
          "nosniff"
        ],
        "Date": [
          "Fri, 03 Mar 2023 02:42:34 GMT"
        ],
        "Content-Length": [
          "566"
        ],
        "Content-Type": [
          "application/json; charset=utf-8"
        ],
        "Expires": [
          "-1"
        ]
      },
      "ResponseBody": "{\r\n  \"properties\": {\r\n    \"sku\": {\r\n      \"tier\": \"Standard\"\r\n    },\r\n    \"childPolicies\": [],\r\n    \"ruleCollectionGroups\": [],\r\n    \"firewalls\": [],\r\n    \"threatIntelMode\": \"Alert\",\r\n    \"sql\": {\r\n      \"allowSqlRedirect\": true\r\n    },\r\n    \"provisioningState\": \"Updating\"\r\n  },\r\n  \"id\": \"/subscriptions/aeb5b02a-0f18-45a4-86d6-81808115cacf/resourceGroups/ps9490/providers/Microsoft.Network/firewallPolicies/ps3876\",\r\n  \"name\": \"ps3876\",\r\n  \"type\": \"Microsoft.Network/FirewallPolicies\",\r\n  \"etag\": \"b55d79f2-2559-4114-a1ee-22983105cc48\",\r\n  \"location\": \"westus2\"\r\n}",
      "StatusCode": 200
    },
    {
      "RequestUri": "/subscriptions/aeb5b02a-0f18-45a4-86d6-81808115cacf/providers/Microsoft.Network/locations/westus2/nfvOperations/3b81558a-399c-4221-8c66-8307ab8051a2?api-version=2022-07-01",
      "EncodedRequestUri": "L3N1YnNjcmlwdGlvbnMvYWViNWIwMmEtMGYxOC00NWE0LTg2ZDYtODE4MDgxMTVjYWNmL3Byb3ZpZGVycy9NaWNyb3NvZnQuTmV0d29yay9sb2NhdGlvbnMvd2VzdHVzMi9uZnZPcGVyYXRpb25zLzNiODE1NThhLTM5OWMtNDIyMS04YzY2LTgzMDdhYjgwNTFhMj9hcGktdmVyc2lvbj0yMDIyLTA3LTAx",
      "RequestMethod": "GET",
      "RequestHeaders": {
        "x-ms-client-request-id": [
          "0fd71d44-b2bb-4ca2-b004-d3b4995a1b60"
        ],
        "User-Agent": [
          "FxVersion/4.700.22.55902",
          "OSName/Windows",
          "OSVersion/Microsoft.Windows.10.0.22621",
          "Microsoft.Azure.Management.Network.NetworkManagementClient/25.0.0.0"
        ]
      },
      "RequestBody": "",
      "ResponseHeaders": {
        "Cache-Control": [
          "no-cache"
        ],
        "Pragma": [
          "no-cache"
        ],
        "x-ms-request-id": [
          "357a67ef-c817-41b5-881f-a33ca94dcb1c",
          "357a67ef-c817-41b5-881f-a33ca94dcb1c"
        ],
        "x-ms-correlation-request-id": [
          "916fd4c3-cbe2-49f8-9918-9971d4fe6145"
        ],
        "Server": [
          "Microsoft-HTTPAPI/2.0"
        ],
        "x-ms-ratelimit-remaining-subscription-reads": [
          "11998"
        ],
        "x-ms-routing-request-id": [
          "SOUTHCENTRALUS:20230303T024159Z:916fd4c3-cbe2-49f8-9918-9971d4fe6145"
        ],
        "Strict-Transport-Security": [
          "max-age=31536000; includeSubDomains"
        ],
        "X-Content-Type-Options": [
          "nosniff"
        ],
        "Date": [
          "Fri, 03 Mar 2023 02:41:59 GMT"
        ],
        "Content-Length": [
          "29"
        ],
        "Content-Type": [
          "application/json; charset=utf-8"
        ],
        "Expires": [
          "-1"
        ]
      },
      "ResponseBody": "{\r\n  \"status\": \"Succeeded\"\r\n}",
      "StatusCode": 200
    },
    {
      "RequestUri": "/subscriptions/aeb5b02a-0f18-45a4-86d6-81808115cacf/providers/Microsoft.Network/locations/westus2/nfvOperations/2cee59a8-338f-44ac-b5ff-91a5ca92a22f?api-version=2022-07-01",
      "EncodedRequestUri": "L3N1YnNjcmlwdGlvbnMvYWViNWIwMmEtMGYxOC00NWE0LTg2ZDYtODE4MDgxMTVjYWNmL3Byb3ZpZGVycy9NaWNyb3NvZnQuTmV0d29yay9sb2NhdGlvbnMvd2VzdHVzMi9uZnZPcGVyYXRpb25zLzJjZWU1OWE4LTMzOGYtNDRhYy1iNWZmLTkxYTVjYTkyYTIyZj9hcGktdmVyc2lvbj0yMDIyLTA3LTAx",
      "RequestMethod": "GET",
      "RequestHeaders": {
        "x-ms-client-request-id": [
          "dbd9eb58-c64f-40c1-8cfa-ca60ccae3472"
        ],
        "User-Agent": [
          "FxVersion/4.700.22.55902",
          "OSName/Windows",
          "OSVersion/Microsoft.Windows.10.0.22621",
          "Microsoft.Azure.Management.Network.NetworkManagementClient/25.0.0.0"
        ]
      },
      "RequestBody": "",
      "ResponseHeaders": {
        "Cache-Control": [
          "no-cache"
        ],
        "Pragma": [
          "no-cache"
        ],
        "x-ms-request-id": [
          "efecba23-2b22-4940-963e-8dcd8c97789b",
          "efecba23-2b22-4940-963e-8dcd8c97789b"
        ],
        "x-ms-correlation-request-id": [
          "38acf40f-b23d-4f49-aedd-b75a1c74531f"
        ],
        "Server": [
          "Microsoft-HTTPAPI/2.0"
        ],
        "x-ms-ratelimit-remaining-subscription-reads": [
          "11998"
        ],
        "x-ms-routing-request-id": [
          "SOUTHCENTRALUS:20230303T024218Z:38acf40f-b23d-4f49-aedd-b75a1c74531f"
        ],
        "Strict-Transport-Security": [
          "max-age=31536000; includeSubDomains"
        ],
        "X-Content-Type-Options": [
          "nosniff"
        ],
        "Date": [
          "Fri, 03 Mar 2023 02:42:18 GMT"
        ],
        "Content-Length": [
          "29"
        ],
        "Content-Type": [
          "application/json; charset=utf-8"
        ],
        "Expires": [
          "-1"
        ]
      },
      "ResponseBody": "{\r\n  \"status\": \"Succeeded\"\r\n}",
      "StatusCode": 200
    },
    {
      "RequestUri": "/subscriptions/aeb5b02a-0f18-45a4-86d6-81808115cacf/providers/Microsoft.Network/locations/westus2/nfvOperations/68e84640-6534-4f0d-9f05-5919cac97d33?api-version=2022-07-01",
      "EncodedRequestUri": "L3N1YnNjcmlwdGlvbnMvYWViNWIwMmEtMGYxOC00NWE0LTg2ZDYtODE4MDgxMTVjYWNmL3Byb3ZpZGVycy9NaWNyb3NvZnQuTmV0d29yay9sb2NhdGlvbnMvd2VzdHVzMi9uZnZPcGVyYXRpb25zLzY4ZTg0NjQwLTY1MzQtNGYwZC05ZjA1LTU5MTljYWM5N2QzMz9hcGktdmVyc2lvbj0yMDIyLTA3LTAx",
      "RequestMethod": "GET",
      "RequestHeaders": {
        "x-ms-client-request-id": [
          "57c55eb3-d6b0-4f05-951e-914260088869"
        ],
        "User-Agent": [
          "FxVersion/4.700.22.55902",
          "OSName/Windows",
          "OSVersion/Microsoft.Windows.10.0.22621",
          "Microsoft.Azure.Management.Network.NetworkManagementClient/25.0.0.0"
        ]
      },
      "RequestBody": "",
      "ResponseHeaders": {
        "Cache-Control": [
          "no-cache"
        ],
        "Pragma": [
          "no-cache"
        ],
        "x-ms-request-id": [
          "83b3738f-870e-47f1-8df8-fb946bbce2c7",
          "83b3738f-870e-47f1-8df8-fb946bbce2c7"
        ],
        "x-ms-correlation-request-id": [
          "1b8ee136-f687-48ba-b416-9d8d10b37c23"
        ],
        "Server": [
          "Microsoft-HTTPAPI/2.0"
        ],
        "x-ms-ratelimit-remaining-subscription-reads": [
          "11998"
        ],
        "x-ms-routing-request-id": [
          "SOUTHCENTRALUS:20230303T024245Z:1b8ee136-f687-48ba-b416-9d8d10b37c23"
        ],
        "Strict-Transport-Security": [
          "max-age=31536000; includeSubDomains"
        ],
        "X-Content-Type-Options": [
          "nosniff"
        ],
        "Date": [
          "Fri, 03 Mar 2023 02:42:44 GMT"
        ],
        "Content-Length": [
          "29"
        ],
        "Content-Type": [
          "application/json; charset=utf-8"
        ],
        "Expires": [
          "-1"
        ]
      },
      "ResponseBody": "{\r\n  \"status\": \"Succeeded\"\r\n}",
      "StatusCode": 200
    },
    {
      "RequestUri": "/subscriptions/aeb5b02a-0f18-45a4-86d6-81808115cacf/resourceGroups/ps9490/providers/Microsoft.Network/firewallPolicies/ps3915?api-version=2022-07-01",
      "EncodedRequestUri": "L3N1YnNjcmlwdGlvbnMvYWViNWIwMmEtMGYxOC00NWE0LTg2ZDYtODE4MDgxMTVjYWNmL3Jlc291cmNlR3JvdXBzL3BzOTQ5MC9wcm92aWRlcnMvTWljcm9zb2Z0Lk5ldHdvcmsvZmlyZXdhbGxQb2xpY2llcy9wczM5MTU/YXBpLXZlcnNpb249MjAyMi0wNy0wMQ==",
      "RequestMethod": "GET",
      "RequestHeaders": {
        "x-ms-client-request-id": [
          "21ad1002-2caf-4b82-970c-d98740f41704"
        ],
        "Accept-Language": [
          "en-US"
        ],
        "User-Agent": [
          "FxVersion/4.700.22.55902",
          "OSName/Windows",
          "OSVersion/Microsoft.Windows.10.0.22621",
          "Microsoft.Azure.Management.Network.NetworkManagementClient/25.0.0.0"
        ]
      },
      "RequestBody": "",
      "ResponseHeaders": {
        "Cache-Control": [
          "no-cache"
        ],
        "Pragma": [
          "no-cache"
        ],
        "x-ms-failure-cause": [
          "gateway"
        ],
        "x-ms-request-id": [
          "f3e0931b-dcf7-484c-ad26-3eddaa043c78"
        ],
        "x-ms-correlation-request-id": [
          "f3e0931b-dcf7-484c-ad26-3eddaa043c78"
        ],
        "x-ms-routing-request-id": [
          "SOUTHCENTRALUS:20230303T024254Z:f3e0931b-dcf7-484c-ad26-3eddaa043c78"
        ],
        "Strict-Transport-Security": [
          "max-age=31536000; includeSubDomains"
        ],
        "X-Content-Type-Options": [
          "nosniff"
        ],
        "Date": [
          "Fri, 03 Mar 2023 02:42:54 GMT"
        ],
        "Content-Type": [
          "application/json; charset=utf-8"
        ],
        "Expires": [
          "-1"
        ],
        "Content-Length": [
          "219"
        ]
      },
      "ResponseBody": "{\r\n  \"error\": {\r\n    \"code\": \"ResourceNotFound\",\r\n    \"message\": \"The Resource 'Microsoft.Network/firewallPolicies/ps3915' under resource group 'ps9490' was not found. For more details please go to https://aka.ms/ARMResourceNotFoundFix\"\r\n  }\r\n}",
      "StatusCode": 404
    },
    {
      "RequestUri": "/subscriptions/aeb5b02a-0f18-45a4-86d6-81808115cacf/resourceGroups/ps9490/providers/Microsoft.Network/firewallPolicies/ps3915?api-version=2022-07-01",
      "EncodedRequestUri": "L3N1YnNjcmlwdGlvbnMvYWViNWIwMmEtMGYxOC00NWE0LTg2ZDYtODE4MDgxMTVjYWNmL3Jlc291cmNlR3JvdXBzL3BzOTQ5MC9wcm92aWRlcnMvTWljcm9zb2Z0Lk5ldHdvcmsvZmlyZXdhbGxQb2xpY2llcy9wczM5MTU/YXBpLXZlcnNpb249MjAyMi0wNy0wMQ==",
      "RequestMethod": "GET",
      "RequestHeaders": {
        "x-ms-client-request-id": [
          "21ad1002-2caf-4b82-970c-d98740f41704"
        ],
        "User-Agent": [
          "FxVersion/4.700.22.55902",
          "OSName/Windows",
          "OSVersion/Microsoft.Windows.10.0.22621",
          "Microsoft.Azure.Management.Network.NetworkManagementClient/25.0.0.0"
        ]
      },
      "RequestBody": "",
      "ResponseHeaders": {
        "Cache-Control": [
          "no-cache"
        ],
        "Pragma": [
          "no-cache"
        ],
        "ETag": [
          "\"b5728db2-352f-489a-b5aa-df70b448caea\""
        ],
        "Server": [
          "Microsoft-HTTPAPI/2.0"
        ],
        "x-ms-ratelimit-remaining-subscription-reads": [
          "11997"
        ],
        "x-ms-request-id": [
          "930b21b0-7120-44e6-bb17-ce0ddb226417"
        ],
        "x-ms-correlation-request-id": [
          "930b21b0-7120-44e6-bb17-ce0ddb226417"
        ],
        "x-ms-routing-request-id": [
          "SOUTHCENTRALUS:20230303T024309Z:930b21b0-7120-44e6-bb17-ce0ddb226417"
        ],
        "Strict-Transport-Security": [
          "max-age=31536000; includeSubDomains"
        ],
        "X-Content-Type-Options": [
          "nosniff"
        ],
        "Date": [
          "Fri, 03 Mar 2023 02:43:09 GMT"
        ],
        "Content-Length": [
          "513"
        ],
        "Content-Type": [
          "application/json; charset=utf-8"
        ],
        "Expires": [
          "-1"
        ]
      },
      "ResponseBody": "{\r\n  \"properties\": {\r\n    \"sku\": {\r\n      \"tier\": \"Standard\"\r\n    },\r\n    \"childPolicies\": [],\r\n    \"ruleCollectionGroups\": [],\r\n    \"firewalls\": [],\r\n    \"threatIntelMode\": \"Alert\",\r\n    \"provisioningState\": \"Succeeded\"\r\n  },\r\n  \"id\": \"/subscriptions/aeb5b02a-0f18-45a4-86d6-81808115cacf/resourceGroups/ps9490/providers/Microsoft.Network/firewallPolicies/ps3915\",\r\n  \"name\": \"ps3915\",\r\n  \"type\": \"Microsoft.Network/FirewallPolicies\",\r\n  \"etag\": \"b5728db2-352f-489a-b5aa-df70b448caea\",\r\n  \"location\": \"westus2\"\r\n}",
      "StatusCode": 200
    },
    {
      "RequestUri": "/subscriptions/aeb5b02a-0f18-45a4-86d6-81808115cacf/resourceGroups/ps9490/providers/Microsoft.Network/firewallPolicies/ps3915?api-version=2022-07-01",
      "EncodedRequestUri": "L3N1YnNjcmlwdGlvbnMvYWViNWIwMmEtMGYxOC00NWE0LTg2ZDYtODE4MDgxMTVjYWNmL3Jlc291cmNlR3JvdXBzL3BzOTQ5MC9wcm92aWRlcnMvTWljcm9zb2Z0Lk5ldHdvcmsvZmlyZXdhbGxQb2xpY2llcy9wczM5MTU/YXBpLXZlcnNpb249MjAyMi0wNy0wMQ==",
      "RequestMethod": "GET",
      "RequestHeaders": {
        "x-ms-client-request-id": [
          "21ad1002-2caf-4b82-970c-d98740f41704"
        ],
        "Accept-Language": [
          "en-US"
        ],
        "User-Agent": [
          "FxVersion/4.700.22.55902",
          "OSName/Windows",
          "OSVersion/Microsoft.Windows.10.0.22621",
          "Microsoft.Azure.Management.Network.NetworkManagementClient/25.0.0.0"
        ]
      },
      "RequestBody": "",
      "ResponseHeaders": {
        "Cache-Control": [
          "no-cache"
        ],
        "Pragma": [
          "no-cache"
        ],
        "ETag": [
          "\"b5728db2-352f-489a-b5aa-df70b448caea\""
        ],
        "Server": [
          "Microsoft-HTTPAPI/2.0"
        ],
        "x-ms-ratelimit-remaining-subscription-reads": [
          "11996"
        ],
        "x-ms-request-id": [
          "eb57ccc9-f04d-4986-84f9-b6237a559432"
        ],
        "x-ms-correlation-request-id": [
          "eb57ccc9-f04d-4986-84f9-b6237a559432"
        ],
        "x-ms-routing-request-id": [
          "SOUTHCENTRALUS:20230303T024312Z:eb57ccc9-f04d-4986-84f9-b6237a559432"
        ],
        "Strict-Transport-Security": [
          "max-age=31536000; includeSubDomains"
        ],
        "X-Content-Type-Options": [
          "nosniff"
        ],
        "Date": [
          "Fri, 03 Mar 2023 02:43:11 GMT"
        ],
        "Content-Length": [
          "513"
        ],
        "Content-Type": [
          "application/json; charset=utf-8"
        ],
        "Expires": [
          "-1"
        ]
      },
      "ResponseBody": "{\r\n  \"properties\": {\r\n    \"sku\": {\r\n      \"tier\": \"Standard\"\r\n    },\r\n    \"childPolicies\": [],\r\n    \"ruleCollectionGroups\": [],\r\n    \"firewalls\": [],\r\n    \"threatIntelMode\": \"Alert\",\r\n    \"provisioningState\": \"Succeeded\"\r\n  },\r\n  \"id\": \"/subscriptions/aeb5b02a-0f18-45a4-86d6-81808115cacf/resourceGroups/ps9490/providers/Microsoft.Network/firewallPolicies/ps3915\",\r\n  \"name\": \"ps3915\",\r\n  \"type\": \"Microsoft.Network/FirewallPolicies\",\r\n  \"etag\": \"b5728db2-352f-489a-b5aa-df70b448caea\",\r\n  \"location\": \"westus2\"\r\n}",
      "StatusCode": 200
    },
    {
      "RequestUri": "/subscriptions/aeb5b02a-0f18-45a4-86d6-81808115cacf/resourceGroups/ps9490/providers/Microsoft.Network/firewallPolicies/ps3915?api-version=2022-07-01",
      "EncodedRequestUri": "L3N1YnNjcmlwdGlvbnMvYWViNWIwMmEtMGYxOC00NWE0LTg2ZDYtODE4MDgxMTVjYWNmL3Jlc291cmNlR3JvdXBzL3BzOTQ5MC9wcm92aWRlcnMvTWljcm9zb2Z0Lk5ldHdvcmsvZmlyZXdhbGxQb2xpY2llcy9wczM5MTU/YXBpLXZlcnNpb249MjAyMi0wNy0wMQ==",
      "RequestMethod": "GET",
      "RequestHeaders": {
        "x-ms-client-request-id": [
          "3c5909ab-acb7-4b02-a5f5-1c21c44699f3"
        ],
        "Accept-Language": [
          "en-US"
        ],
        "User-Agent": [
          "FxVersion/4.700.22.55902",
          "OSName/Windows",
          "OSVersion/Microsoft.Windows.10.0.22621",
          "Microsoft.Azure.Management.Network.NetworkManagementClient/25.0.0.0"
        ]
      },
      "RequestBody": "",
      "ResponseHeaders": {
        "Cache-Control": [
          "no-cache"
        ],
        "Pragma": [
          "no-cache"
        ],
        "ETag": [
          "\"b5728db2-352f-489a-b5aa-df70b448caea\""
        ],
        "Server": [
          "Microsoft-HTTPAPI/2.0"
        ],
        "x-ms-ratelimit-remaining-subscription-reads": [
          "11999"
        ],
        "x-ms-request-id": [
          "04e3184f-e30a-49ac-99e2-282aa9d86efa"
        ],
        "x-ms-correlation-request-id": [
          "04e3184f-e30a-49ac-99e2-282aa9d86efa"
        ],
        "x-ms-routing-request-id": [
          "SOUTHCENTRALUS:20230303T024313Z:04e3184f-e30a-49ac-99e2-282aa9d86efa"
        ],
        "Strict-Transport-Security": [
          "max-age=31536000; includeSubDomains"
        ],
        "X-Content-Type-Options": [
          "nosniff"
        ],
        "Date": [
          "Fri, 03 Mar 2023 02:43:12 GMT"
        ],
        "Content-Length": [
          "513"
        ],
        "Content-Type": [
          "application/json; charset=utf-8"
        ],
        "Expires": [
          "-1"
        ]
      },
      "ResponseBody": "{\r\n  \"properties\": {\r\n    \"sku\": {\r\n      \"tier\": \"Standard\"\r\n    },\r\n    \"childPolicies\": [],\r\n    \"ruleCollectionGroups\": [],\r\n    \"firewalls\": [],\r\n    \"threatIntelMode\": \"Alert\",\r\n    \"provisioningState\": \"Succeeded\"\r\n  },\r\n  \"id\": \"/subscriptions/aeb5b02a-0f18-45a4-86d6-81808115cacf/resourceGroups/ps9490/providers/Microsoft.Network/firewallPolicies/ps3915\",\r\n  \"name\": \"ps3915\",\r\n  \"type\": \"Microsoft.Network/FirewallPolicies\",\r\n  \"etag\": \"b5728db2-352f-489a-b5aa-df70b448caea\",\r\n  \"location\": \"westus2\"\r\n}",
      "StatusCode": 200
    },
    {
      "RequestUri": "/subscriptions/aeb5b02a-0f18-45a4-86d6-81808115cacf/resourceGroups/ps9490/providers/Microsoft.Network/firewallPolicies/ps3915?api-version=2022-07-01",
      "EncodedRequestUri": "L3N1YnNjcmlwdGlvbnMvYWViNWIwMmEtMGYxOC00NWE0LTg2ZDYtODE4MDgxMTVjYWNmL3Jlc291cmNlR3JvdXBzL3BzOTQ5MC9wcm92aWRlcnMvTWljcm9zb2Z0Lk5ldHdvcmsvZmlyZXdhbGxQb2xpY2llcy9wczM5MTU/YXBpLXZlcnNpb249MjAyMi0wNy0wMQ==",
      "RequestMethod": "PUT",
      "RequestHeaders": {
        "x-ms-client-request-id": [
          "21ad1002-2caf-4b82-970c-d98740f41704"
        ],
        "Accept-Language": [
          "en-US"
        ],
        "User-Agent": [
          "FxVersion/4.700.22.55902",
          "OSName/Windows",
          "OSVersion/Microsoft.Windows.10.0.22621",
          "Microsoft.Azure.Management.Network.NetworkManagementClient/25.0.0.0"
        ],
        "Content-Type": [
          "application/json; charset=utf-8"
        ],
        "Content-Length": [
          "134"
        ]
      },
      "RequestBody": "{\r\n  \"properties\": {\r\n    \"threatIntelMode\": \"Alert\",\r\n    \"sku\": {\r\n      \"tier\": \"Standard\"\r\n    }\r\n  },\r\n  \"location\": \"westus2\"\r\n}",
      "ResponseHeaders": {
        "Cache-Control": [
          "no-cache"
        ],
        "Pragma": [
          "no-cache"
        ],
        "Retry-After": [
          "10"
        ],
        "x-ms-request-id": [
          "eefc4f39-d161-42f6-baa9-887042dca40a",
          "eefc4f39-d161-42f6-baa9-887042dca40a"
        ],
        "x-ms-correlation-request-id": [
          "73863542-93f5-484f-9102-cb649fd34383"
        ],
        "Azure-AsyncOperation": [
          "https://management.azure.com/subscriptions/aeb5b02a-0f18-45a4-86d6-81808115cacf/providers/Microsoft.Network/locations/westus2/nfvOperations/eefc4f39-d161-42f6-baa9-887042dca40a?api-version=2022-07-01"
        ],
        "Server": [
          "Microsoft-HTTPAPI/2.0"
        ],
        "x-ms-ratelimit-remaining-subscription-writes": [
          "1199"
        ],
        "x-ms-routing-request-id": [
          "SOUTHCENTRALUS:20230303T024258Z:73863542-93f5-484f-9102-cb649fd34383"
        ],
        "Strict-Transport-Security": [
          "max-age=31536000; includeSubDomains"
        ],
        "X-Content-Type-Options": [
          "nosniff"
        ],
        "Date": [
          "Fri, 03 Mar 2023 02:42:58 GMT"
        ],
        "Content-Length": [
          "512"
        ],
        "Content-Type": [
          "application/json; charset=utf-8"
        ],
        "Expires": [
          "-1"
        ]
      },
      "ResponseBody": "{\r\n  \"properties\": {\r\n    \"sku\": {\r\n      \"tier\": \"Standard\"\r\n    },\r\n    \"childPolicies\": [],\r\n    \"ruleCollectionGroups\": [],\r\n    \"firewalls\": [],\r\n    \"threatIntelMode\": \"Alert\",\r\n    \"provisioningState\": \"Updating\"\r\n  },\r\n  \"id\": \"/subscriptions/aeb5b02a-0f18-45a4-86d6-81808115cacf/resourceGroups/ps9490/providers/Microsoft.Network/firewallPolicies/ps3915\",\r\n  \"name\": \"ps3915\",\r\n  \"type\": \"Microsoft.Network/FirewallPolicies\",\r\n  \"etag\": \"b5728db2-352f-489a-b5aa-df70b448caea\",\r\n  \"location\": \"westus2\"\r\n}",
      "StatusCode": 201
    },
    {
      "RequestUri": "/subscriptions/aeb5b02a-0f18-45a4-86d6-81808115cacf/providers/Microsoft.Network/locations/westus2/nfvOperations/eefc4f39-d161-42f6-baa9-887042dca40a?api-version=2022-07-01",
      "EncodedRequestUri": "L3N1YnNjcmlwdGlvbnMvYWViNWIwMmEtMGYxOC00NWE0LTg2ZDYtODE4MDgxMTVjYWNmL3Byb3ZpZGVycy9NaWNyb3NvZnQuTmV0d29yay9sb2NhdGlvbnMvd2VzdHVzMi9uZnZPcGVyYXRpb25zL2VlZmM0ZjM5LWQxNjEtNDJmNi1iYWE5LTg4NzA0MmRjYTQwYT9hcGktdmVyc2lvbj0yMDIyLTA3LTAx",
      "RequestMethod": "GET",
      "RequestHeaders": {
        "x-ms-client-request-id": [
          "21ad1002-2caf-4b82-970c-d98740f41704"
        ],
        "User-Agent": [
          "FxVersion/4.700.22.55902",
          "OSName/Windows",
          "OSVersion/Microsoft.Windows.10.0.22621",
          "Microsoft.Azure.Management.Network.NetworkManagementClient/25.0.0.0"
        ]
      },
      "RequestBody": "",
      "ResponseHeaders": {
        "Cache-Control": [
          "no-cache"
        ],
        "Pragma": [
          "no-cache"
        ],
        "x-ms-request-id": [
          "4c5dffe8-629f-4bc6-8925-4f4b5244665d",
          "4c5dffe8-629f-4bc6-8925-4f4b5244665d"
        ],
        "x-ms-correlation-request-id": [
          "434f67f9-c5df-4d26-a40a-5c311891e171"
        ],
        "Server": [
          "Microsoft-HTTPAPI/2.0"
        ],
        "x-ms-ratelimit-remaining-subscription-reads": [
          "11998"
        ],
        "x-ms-routing-request-id": [
          "SOUTHCENTRALUS:20230303T024309Z:434f67f9-c5df-4d26-a40a-5c311891e171"
        ],
        "Strict-Transport-Security": [
          "max-age=31536000; includeSubDomains"
        ],
        "X-Content-Type-Options": [
          "nosniff"
        ],
        "Date": [
          "Fri, 03 Mar 2023 02:43:08 GMT"
        ],
        "Content-Length": [
          "29"
        ],
        "Content-Type": [
          "application/json; charset=utf-8"
        ],
        "Expires": [
          "-1"
        ]
      },
      "ResponseBody": "{\r\n  \"status\": \"Succeeded\"\r\n}",
      "StatusCode": 200
    },
    {
      "RequestUri": "/subscriptions/aeb5b02a-0f18-45a4-86d6-81808115cacf/resourcegroups/ps9490?api-version=2016-09-01",
      "EncodedRequestUri": "L3N1YnNjcmlwdGlvbnMvYWViNWIwMmEtMGYxOC00NWE0LTg2ZDYtODE4MDgxMTVjYWNmL3Jlc291cmNlZ3JvdXBzL3BzOTQ5MD9hcGktdmVyc2lvbj0yMDE2LTA5LTAx",
      "RequestMethod": "DELETE",
      "RequestHeaders": {
        "x-ms-client-request-id": [
          "dc0d9d4d-dd31-4091-9780-459e70091c58"
        ],
        "Accept-Language": [
          "en-US"
        ],
        "User-Agent": [
          "FxVersion/4.700.22.55902",
          "OSName/Windows",
          "OSVersion/Microsoft.Windows.10.0.22621",
          "Microsoft.Azure.Management.Internal.Resources.ResourceManagementClient/1.3.68"
        ]
      },
      "RequestBody": "",
      "ResponseHeaders": {
        "Cache-Control": [
          "no-cache"
        ],
        "Pragma": [
          "no-cache"
        ],
        "Location": [
          "https://management.azure.com/subscriptions/aeb5b02a-0f18-45a4-86d6-81808115cacf/operationresults/eyJqb2JJZCI6IlJFU09VUkNFR1JPVVBERUxFVElPTkpPQi1QUzk0OTAtV0VTVFVTMiIsImpvYkxvY2F0aW9uIjoid2VzdHVzMiJ9?api-version=2016-09-01"
        ],
        "Retry-After": [
          "15"
        ],
        "x-ms-ratelimit-remaining-subscription-deletes": [
          "14999"
        ],
        "x-ms-request-id": [
          "948e1368-9250-4e22-a154-14bad623abad"
        ],
        "x-ms-correlation-request-id": [
          "948e1368-9250-4e22-a154-14bad623abad"
        ],
        "x-ms-routing-request-id": [
          "SOUTHCENTRALUS:20230303T024315Z:948e1368-9250-4e22-a154-14bad623abad"
        ],
        "Strict-Transport-Security": [
          "max-age=31536000; includeSubDomains"
        ],
        "X-Content-Type-Options": [
          "nosniff"
        ],
        "Date": [
          "Fri, 03 Mar 2023 02:43:15 GMT"
        ],
        "Expires": [
          "-1"
        ],
        "Content-Length": [
          "0"
        ]
      },
      "ResponseBody": "",
      "StatusCode": 202
    },
    {
      "RequestUri": "/subscriptions/aeb5b02a-0f18-45a4-86d6-81808115cacf/operationresults/eyJqb2JJZCI6IlJFU09VUkNFR1JPVVBERUxFVElPTkpPQi1QUzk0OTAtV0VTVFVTMiIsImpvYkxvY2F0aW9uIjoid2VzdHVzMiJ9?api-version=2016-09-01",
      "EncodedRequestUri": "L3N1YnNjcmlwdGlvbnMvYWViNWIwMmEtMGYxOC00NWE0LTg2ZDYtODE4MDgxMTVjYWNmL29wZXJhdGlvbnJlc3VsdHMvZXlKcWIySkpaQ0k2SWxKRlUwOVZVa05GUjFKUFZWQkVSVXhGVkVsUFRrcFBRaTFRVXprME9UQXRWMFZUVkZWVE1pSXNJbXB2WWt4dlkyRjBhVzl1SWpvaWQyVnpkSFZ6TWlKOT9hcGktdmVyc2lvbj0yMDE2LTA5LTAx",
      "RequestMethod": "GET",
      "RequestHeaders": {
        "User-Agent": [
          "FxVersion/4.700.22.55902",
          "OSName/Windows",
          "OSVersion/Microsoft.Windows.10.0.22621",
          "Microsoft.Azure.Management.Internal.Resources.ResourceManagementClient/1.3.68"
        ]
      },
      "RequestBody": "",
      "ResponseHeaders": {
        "Cache-Control": [
          "no-cache"
        ],
        "Pragma": [
          "no-cache"
        ],
        "Location": [
          "https://management.azure.com/subscriptions/aeb5b02a-0f18-45a4-86d6-81808115cacf/operationresults/eyJqb2JJZCI6IlJFU09VUkNFR1JPVVBERUxFVElPTkpPQi1QUzk0OTAtV0VTVFVTMiIsImpvYkxvY2F0aW9uIjoid2VzdHVzMiJ9?api-version=2016-09-01"
        ],
        "Retry-After": [
          "15"
        ],
        "x-ms-ratelimit-remaining-subscription-reads": [
          "11999"
        ],
        "x-ms-request-id": [
          "4122a807-8fa1-4b7a-838f-46200f0a9e52"
        ],
        "x-ms-correlation-request-id": [
          "4122a807-8fa1-4b7a-838f-46200f0a9e52"
        ],
        "x-ms-routing-request-id": [
          "SOUTHCENTRALUS:20230303T024331Z:4122a807-8fa1-4b7a-838f-46200f0a9e52"
        ],
        "Strict-Transport-Security": [
          "max-age=31536000; includeSubDomains"
        ],
        "X-Content-Type-Options": [
          "nosniff"
        ],
        "Date": [
          "Fri, 03 Mar 2023 02:43:30 GMT"
        ],
        "Expires": [
          "-1"
        ],
        "Content-Length": [
          "0"
        ]
      },
      "ResponseBody": "",
      "StatusCode": 202
    },
    {
      "RequestUri": "/subscriptions/aeb5b02a-0f18-45a4-86d6-81808115cacf/operationresults/eyJqb2JJZCI6IlJFU09VUkNFR1JPVVBERUxFVElPTkpPQi1QUzk0OTAtV0VTVFVTMiIsImpvYkxvY2F0aW9uIjoid2VzdHVzMiJ9?api-version=2016-09-01",
      "EncodedRequestUri": "L3N1YnNjcmlwdGlvbnMvYWViNWIwMmEtMGYxOC00NWE0LTg2ZDYtODE4MDgxMTVjYWNmL29wZXJhdGlvbnJlc3VsdHMvZXlKcWIySkpaQ0k2SWxKRlUwOVZVa05GUjFKUFZWQkVSVXhGVkVsUFRrcFBRaTFRVXprME9UQXRWMFZUVkZWVE1pSXNJbXB2WWt4dlkyRjBhVzl1SWpvaWQyVnpkSFZ6TWlKOT9hcGktdmVyc2lvbj0yMDE2LTA5LTAx",
      "RequestMethod": "GET",
      "RequestHeaders": {
        "User-Agent": [
          "FxVersion/4.700.22.55902",
          "OSName/Windows",
          "OSVersion/Microsoft.Windows.10.0.22621",
          "Microsoft.Azure.Management.Internal.Resources.ResourceManagementClient/1.3.68"
        ]
      },
      "RequestBody": "",
      "ResponseHeaders": {
        "Cache-Control": [
          "no-cache"
        ],
        "Pragma": [
          "no-cache"
        ],
        "Location": [
          "https://management.azure.com/subscriptions/aeb5b02a-0f18-45a4-86d6-81808115cacf/operationresults/eyJqb2JJZCI6IlJFU09VUkNFR1JPVVBERUxFVElPTkpPQi1QUzk0OTAtV0VTVFVTMiIsImpvYkxvY2F0aW9uIjoid2VzdHVzMiJ9?api-version=2016-09-01"
        ],
        "Retry-After": [
          "15"
        ],
        "x-ms-ratelimit-remaining-subscription-reads": [
          "11998"
        ],
        "x-ms-request-id": [
          "0af3527b-e274-4694-95fb-ed9efb457b46"
        ],
        "x-ms-correlation-request-id": [
          "0af3527b-e274-4694-95fb-ed9efb457b46"
        ],
        "x-ms-routing-request-id": [
          "SOUTHCENTRALUS:20230303T024346Z:0af3527b-e274-4694-95fb-ed9efb457b46"
        ],
        "Strict-Transport-Security": [
          "max-age=31536000; includeSubDomains"
        ],
        "X-Content-Type-Options": [
          "nosniff"
        ],
        "Date": [
          "Fri, 03 Mar 2023 02:43:46 GMT"
        ],
        "Expires": [
          "-1"
        ],
        "Content-Length": [
          "0"
        ]
      },
      "ResponseBody": "",
      "StatusCode": 202
    },
    {
      "RequestUri": "/subscriptions/aeb5b02a-0f18-45a4-86d6-81808115cacf/operationresults/eyJqb2JJZCI6IlJFU09VUkNFR1JPVVBERUxFVElPTkpPQi1QUzk0OTAtV0VTVFVTMiIsImpvYkxvY2F0aW9uIjoid2VzdHVzMiJ9?api-version=2016-09-01",
      "EncodedRequestUri": "L3N1YnNjcmlwdGlvbnMvYWViNWIwMmEtMGYxOC00NWE0LTg2ZDYtODE4MDgxMTVjYWNmL29wZXJhdGlvbnJlc3VsdHMvZXlKcWIySkpaQ0k2SWxKRlUwOVZVa05GUjFKUFZWQkVSVXhGVkVsUFRrcFBRaTFRVXprME9UQXRWMFZUVkZWVE1pSXNJbXB2WWt4dlkyRjBhVzl1SWpvaWQyVnpkSFZ6TWlKOT9hcGktdmVyc2lvbj0yMDE2LTA5LTAx",
      "RequestMethod": "GET",
      "RequestHeaders": {
        "User-Agent": [
          "FxVersion/4.700.22.55902",
          "OSName/Windows",
          "OSVersion/Microsoft.Windows.10.0.22621",
          "Microsoft.Azure.Management.Internal.Resources.ResourceManagementClient/1.3.68"
        ]
      },
      "RequestBody": "",
      "ResponseHeaders": {
        "Cache-Control": [
          "no-cache"
        ],
        "Pragma": [
          "no-cache"
        ],
        "Location": [
          "https://management.azure.com/subscriptions/aeb5b02a-0f18-45a4-86d6-81808115cacf/operationresults/eyJqb2JJZCI6IlJFU09VUkNFR1JPVVBERUxFVElPTkpPQi1QUzk0OTAtV0VTVFVTMiIsImpvYkxvY2F0aW9uIjoid2VzdHVzMiJ9?api-version=2016-09-01"
        ],
        "Retry-After": [
          "15"
        ],
        "x-ms-ratelimit-remaining-subscription-reads": [
          "11997"
        ],
        "x-ms-request-id": [
          "5bd40850-2edd-4ba5-b377-8c0764293f68"
        ],
        "x-ms-correlation-request-id": [
          "5bd40850-2edd-4ba5-b377-8c0764293f68"
        ],
        "x-ms-routing-request-id": [
          "SOUTHCENTRALUS:20230303T024402Z:5bd40850-2edd-4ba5-b377-8c0764293f68"
        ],
        "Strict-Transport-Security": [
          "max-age=31536000; includeSubDomains"
        ],
        "X-Content-Type-Options": [
          "nosniff"
        ],
        "Date": [
          "Fri, 03 Mar 2023 02:44:01 GMT"
        ],
        "Expires": [
          "-1"
        ],
        "Content-Length": [
          "0"
        ]
      },
      "ResponseBody": "",
      "StatusCode": 202
    },
    {
      "RequestUri": "/subscriptions/aeb5b02a-0f18-45a4-86d6-81808115cacf/operationresults/eyJqb2JJZCI6IlJFU09VUkNFR1JPVVBERUxFVElPTkpPQi1QUzk0OTAtV0VTVFVTMiIsImpvYkxvY2F0aW9uIjoid2VzdHVzMiJ9?api-version=2016-09-01",
      "EncodedRequestUri": "L3N1YnNjcmlwdGlvbnMvYWViNWIwMmEtMGYxOC00NWE0LTg2ZDYtODE4MDgxMTVjYWNmL29wZXJhdGlvbnJlc3VsdHMvZXlKcWIySkpaQ0k2SWxKRlUwOVZVa05GUjFKUFZWQkVSVXhGVkVsUFRrcFBRaTFRVXprME9UQXRWMFZUVkZWVE1pSXNJbXB2WWt4dlkyRjBhVzl1SWpvaWQyVnpkSFZ6TWlKOT9hcGktdmVyc2lvbj0yMDE2LTA5LTAx",
      "RequestMethod": "GET",
      "RequestHeaders": {
        "User-Agent": [
          "FxVersion/4.700.22.55902",
          "OSName/Windows",
          "OSVersion/Microsoft.Windows.10.0.22621",
          "Microsoft.Azure.Management.Internal.Resources.ResourceManagementClient/1.3.68"
        ]
      },
      "RequestBody": "",
      "ResponseHeaders": {
        "Cache-Control": [
          "no-cache"
        ],
        "Pragma": [
          "no-cache"
        ],
        "Location": [
          "https://management.azure.com/subscriptions/aeb5b02a-0f18-45a4-86d6-81808115cacf/operationresults/eyJqb2JJZCI6IlJFU09VUkNFR1JPVVBERUxFVElPTkpPQi1QUzk0OTAtV0VTVFVTMiIsImpvYkxvY2F0aW9uIjoid2VzdHVzMiJ9?api-version=2016-09-01"
        ],
        "Retry-After": [
          "15"
        ],
        "x-ms-ratelimit-remaining-subscription-reads": [
          "11996"
        ],
        "x-ms-request-id": [
          "4608b63b-4a51-477c-8e00-25bed6ab20c6"
        ],
        "x-ms-correlation-request-id": [
          "4608b63b-4a51-477c-8e00-25bed6ab20c6"
        ],
        "x-ms-routing-request-id": [
          "SOUTHCENTRALUS:20230303T024417Z:4608b63b-4a51-477c-8e00-25bed6ab20c6"
        ],
        "Strict-Transport-Security": [
          "max-age=31536000; includeSubDomains"
        ],
        "X-Content-Type-Options": [
          "nosniff"
        ],
        "Date": [
          "Fri, 03 Mar 2023 02:44:16 GMT"
        ],
        "Expires": [
          "-1"
        ],
        "Content-Length": [
          "0"
        ]
      },
      "ResponseBody": "",
      "StatusCode": 202
    },
    {
      "RequestUri": "/subscriptions/aeb5b02a-0f18-45a4-86d6-81808115cacf/operationresults/eyJqb2JJZCI6IlJFU09VUkNFR1JPVVBERUxFVElPTkpPQi1QUzk0OTAtV0VTVFVTMiIsImpvYkxvY2F0aW9uIjoid2VzdHVzMiJ9?api-version=2016-09-01",
      "EncodedRequestUri": "L3N1YnNjcmlwdGlvbnMvYWViNWIwMmEtMGYxOC00NWE0LTg2ZDYtODE4MDgxMTVjYWNmL29wZXJhdGlvbnJlc3VsdHMvZXlKcWIySkpaQ0k2SWxKRlUwOVZVa05GUjFKUFZWQkVSVXhGVkVsUFRrcFBRaTFRVXprME9UQXRWMFZUVkZWVE1pSXNJbXB2WWt4dlkyRjBhVzl1SWpvaWQyVnpkSFZ6TWlKOT9hcGktdmVyc2lvbj0yMDE2LTA5LTAx",
      "RequestMethod": "GET",
      "RequestHeaders": {
        "User-Agent": [
          "FxVersion/4.700.22.55902",
          "OSName/Windows",
          "OSVersion/Microsoft.Windows.10.0.22621",
          "Microsoft.Azure.Management.Internal.Resources.ResourceManagementClient/1.3.68"
        ]
      },
      "RequestBody": "",
      "ResponseHeaders": {
        "Cache-Control": [
          "no-cache"
        ],
        "Pragma": [
          "no-cache"
        ],
        "x-ms-ratelimit-remaining-subscription-reads": [
          "11995"
        ],
        "x-ms-request-id": [
          "3955360f-5d5e-4008-8a99-f733ee75b3bb"
        ],
        "x-ms-correlation-request-id": [
          "3955360f-5d5e-4008-8a99-f733ee75b3bb"
        ],
        "x-ms-routing-request-id": [
          "SOUTHCENTRALUS:20230303T024432Z:3955360f-5d5e-4008-8a99-f733ee75b3bb"
        ],
        "Strict-Transport-Security": [
          "max-age=31536000; includeSubDomains"
        ],
        "X-Content-Type-Options": [
          "nosniff"
        ],
        "Date": [
          "Fri, 03 Mar 2023 02:44:31 GMT"
        ],
        "Expires": [
          "-1"
        ],
        "Content-Length": [
          "0"
        ]
      },
      "ResponseBody": "",
      "StatusCode": 200
    },
    {
      "RequestUri": "/subscriptions/aeb5b02a-0f18-45a4-86d6-81808115cacf/operationresults/eyJqb2JJZCI6IlJFU09VUkNFR1JPVVBERUxFVElPTkpPQi1QUzk0OTAtV0VTVFVTMiIsImpvYkxvY2F0aW9uIjoid2VzdHVzMiJ9?api-version=2016-09-01",
      "EncodedRequestUri": "L3N1YnNjcmlwdGlvbnMvYWViNWIwMmEtMGYxOC00NWE0LTg2ZDYtODE4MDgxMTVjYWNmL29wZXJhdGlvbnJlc3VsdHMvZXlKcWIySkpaQ0k2SWxKRlUwOVZVa05GUjFKUFZWQkVSVXhGVkVsUFRrcFBRaTFRVXprME9UQXRWMFZUVkZWVE1pSXNJbXB2WWt4dlkyRjBhVzl1SWpvaWQyVnpkSFZ6TWlKOT9hcGktdmVyc2lvbj0yMDE2LTA5LTAx",
      "RequestMethod": "GET",
      "RequestHeaders": {
        "User-Agent": [
          "FxVersion/4.700.22.55902",
          "OSName/Windows",
          "OSVersion/Microsoft.Windows.10.0.22621",
          "Microsoft.Azure.Management.Internal.Resources.ResourceManagementClient/1.3.68"
        ]
      },
      "RequestBody": "",
      "ResponseHeaders": {
        "Cache-Control": [
          "no-cache"
        ],
        "Pragma": [
          "no-cache"
        ],
        "x-ms-ratelimit-remaining-subscription-reads": [
          "11994"
        ],
        "x-ms-request-id": [
          "04ec7797-fc40-47ae-9d56-5f721ca9cac7"
        ],
        "x-ms-correlation-request-id": [
          "04ec7797-fc40-47ae-9d56-5f721ca9cac7"
        ],
        "x-ms-routing-request-id": [
          "SOUTHCENTRALUS:20230303T024433Z:04ec7797-fc40-47ae-9d56-5f721ca9cac7"
        ],
        "Strict-Transport-Security": [
          "max-age=31536000; includeSubDomains"
        ],
        "X-Content-Type-Options": [
          "nosniff"
        ],
        "Date": [
          "Fri, 03 Mar 2023 02:44:32 GMT"
        ],
        "Expires": [
          "-1"
        ],
        "Content-Length": [
          "0"
        ]
      },
      "ResponseBody": "",
      "StatusCode": 200
    }
  ],
  "Names": {
    "Test-AzureFirewallPolicyWithSQLSetting": [
      "ps9490",
      "ps3876",
      "ps3915"
    ]
  },
  "Variables": {
    "SubscriptionId": "aeb5b02a-0f18-45a4-86d6-81808115cacf"
  }
}