{
  "Entries": [
    {
      "RequestUri": "/subscriptions/66de82f3-ad93-4605-bbdb-237fe7ef3a06/resourcegroups/ps1518?api-version=2016-09-01",
      "EncodedRequestUri": "L3N1YnNjcmlwdGlvbnMvNjZkZTgyZjMtYWQ5My00NjA1LWJiZGItMjM3ZmU3ZWYzYTA2L3Jlc291cmNlZ3JvdXBzL3BzMTUxOD9hcGktdmVyc2lvbj0yMDE2LTA5LTAx",
      "RequestMethod": "PUT",
      "RequestHeaders": {
        "x-ms-client-request-id": [
          "3c80cece-a575-4ae4-86da-2674896c42b5"
        ],
        "Accept-Language": [
          "en-US"
        ],
        "User-Agent": [
          "FxVersion/6.0.2423.51814",
          "OSName/Windows",
          "OSVersion/Microsoft.Windows.10.0.22631",
          "Microsoft.Azure.Management.Internal.Resources.ResourceManagementClient/1.3.86"
        ],
        "Content-Type": [
          "application/json; charset=utf-8"
        ],
        "Content-Length": [
          "74"
        ]
      },
      "RequestBody": "{\r\n  \"location\": \"westus2\",\r\n  \"tags\": {\r\n    \"testtag\": \"testval\"\r\n  }\r\n}",
      "ResponseHeaders": {
        "Cache-Control": [
          "no-cache"
        ],
        "Pragma": [
          "no-cache"
        ],
        "x-ms-ratelimit-remaining-subscription-writes": [
          "1199"
        ],
        "x-ms-request-id": [
          "93b3e6a3-048c-4f65-b33f-72ead758bd7e"
        ],
        "x-ms-correlation-request-id": [
          "93b3e6a3-048c-4f65-b33f-72ead758bd7e"
        ],
        "x-ms-routing-request-id": [
          "WESTUS2:20231114T173557Z:93b3e6a3-048c-4f65-b33f-72ead758bd7e"
        ],
        "Strict-Transport-Security": [
          "max-age=31536000; includeSubDomains"
        ],
        "X-Content-Type-Options": [
          "nosniff"
        ],
        "Date": [
          "Tue, 14 Nov 2023 17:35:57 GMT"
        ],
        "Content-Length": [
          "370"
        ],
        "Content-Type": [
          "application/json; charset=utf-8"
        ],
        "Expires": [
          "-1"
        ]
      },
      "ResponseBody": "{\r\n  \"id\": \"/subscriptions/66de82f3-ad93-4605-bbdb-237fe7ef3a06/resourceGroups/ps1518\",\r\n  \"name\": \"ps1518\",\r\n  \"location\": \"westus2\",\r\n  \"tags\": {\r\n    \"testtag\": \"testval\",\r\n    \"AdminEmail\": \"isgu@microsoft.com\",\r\n    \"AlertDaysBeforeDeletion\": \"1\",\r\n    \"Created\": \"2023-11-14T17:35:57.4147821Z\",\r\n    \"CreationDate\": \"2023-11-14T17:35:57.4147943Z\",\r\n    \"DaysUntilDeletion\": \"2\"\r\n  },\r\n  \"properties\": {\r\n    \"provisioningState\": \"Succeeded\"\r\n  }\r\n}",
      "StatusCode": 201
    },
    {
      "RequestUri": "/subscriptions/66de82f3-ad93-4605-bbdb-237fe7ef3a06/resourceGroups/ps1518/providers/Microsoft.Network/firewallPolicies/ps7223?api-version=2023-05-01",
      "EncodedRequestUri": "L3N1YnNjcmlwdGlvbnMvNjZkZTgyZjMtYWQ5My00NjA1LWJiZGItMjM3ZmU3ZWYzYTA2L3Jlc291cmNlR3JvdXBzL3BzMTUxOC9wcm92aWRlcnMvTWljcm9zb2Z0Lk5ldHdvcmsvZmlyZXdhbGxQb2xpY2llcy9wczcyMjM/YXBpLXZlcnNpb249MjAyMy0wNS0wMQ==",
      "RequestMethod": "GET",
      "RequestHeaders": {
        "x-ms-client-request-id": [
          "d8c2bc93-7c12-42f8-ae39-1f1b9c27ef20"
        ],
        "Accept-Language": [
          "en-US"
        ],
        "User-Agent": [
          "FxVersion/6.0.2423.51814",
          "OSName/Windows",
          "OSVersion/Microsoft.Windows.10.0.22631",
          "Microsoft.Azure.Management.Network.NetworkManagementClient/27.0.0.0"
        ]
      },
      "RequestBody": "",
      "ResponseHeaders": {
        "Cache-Control": [
          "no-cache"
        ],
        "Pragma": [
          "no-cache"
        ],
        "x-ms-failure-cause": [
          "gateway"
        ],
        "x-ms-request-id": [
          "b2e729e6-7799-4b8d-951b-aca619df01ca"
        ],
        "x-ms-correlation-request-id": [
          "b2e729e6-7799-4b8d-951b-aca619df01ca"
        ],
        "x-ms-routing-request-id": [
          "WESTUS2:20231114T173558Z:b2e729e6-7799-4b8d-951b-aca619df01ca"
        ],
        "Strict-Transport-Security": [
          "max-age=31536000; includeSubDomains"
        ],
        "X-Content-Type-Options": [
          "nosniff"
        ],
        "Date": [
          "Tue, 14 Nov 2023 17:35:57 GMT"
        ],
        "Content-Type": [
          "application/json; charset=utf-8"
        ],
        "Expires": [
          "-1"
        ],
        "Content-Length": [
          "219"
        ]
      },
      "ResponseBody": "{\r\n  \"error\": {\r\n    \"code\": \"ResourceNotFound\",\r\n    \"message\": \"The Resource 'Microsoft.Network/firewallPolicies/ps7223' under resource group 'ps1518' was not found. For more details please go to https://aka.ms/ARMResourceNotFoundFix\"\r\n  }\r\n}",
      "StatusCode": 404
    },
    {
      "RequestUri": "/subscriptions/66de82f3-ad93-4605-bbdb-237fe7ef3a06/resourceGroups/ps1518/providers/Microsoft.Network/firewallPolicies/ps7223?api-version=2023-05-01",
      "EncodedRequestUri": "L3N1YnNjcmlwdGlvbnMvNjZkZTgyZjMtYWQ5My00NjA1LWJiZGItMjM3ZmU3ZWYzYTA2L3Jlc291cmNlR3JvdXBzL3BzMTUxOC9wcm92aWRlcnMvTWljcm9zb2Z0Lk5ldHdvcmsvZmlyZXdhbGxQb2xpY2llcy9wczcyMjM/YXBpLXZlcnNpb249MjAyMy0wNS0wMQ==",
      "RequestMethod": "GET",
      "RequestHeaders": {
        "x-ms-client-request-id": [
          "d8c2bc93-7c12-42f8-ae39-1f1b9c27ef20"
        ],
        "User-Agent": [
          "FxVersion/6.0.2423.51814",
          "OSName/Windows",
          "OSVersion/Microsoft.Windows.10.0.22631",
          "Microsoft.Azure.Management.Network.NetworkManagementClient/27.0.0.0"
        ]
      },
      "RequestBody": "",
      "ResponseHeaders": {
        "Cache-Control": [
          "no-cache"
        ],
        "Pragma": [
          "no-cache"
        ],
        "ETag": [
          "\"79a3ad75-2983-4346-b139-1ff69ddb08a1\""
        ],
        "Server": [
          "Microsoft-HTTPAPI/2.0"
        ],
        "x-ms-ratelimit-remaining-subscription-reads": [
          "11997"
        ],
        "x-ms-request-id": [
          "3b49b083-015a-45c1-ad05-ce6ee7a3f35b"
        ],
        "x-ms-correlation-request-id": [
          "3b49b083-015a-45c1-ad05-ce6ee7a3f35b"
        ],
        "x-ms-routing-request-id": [
          "WESTUS2:20231114T173611Z:3b49b083-015a-45c1-ad05-ce6ee7a3f35b"
        ],
        "Strict-Transport-Security": [
          "max-age=31536000; includeSubDomains"
        ],
        "X-Content-Type-Options": [
          "nosniff"
        ],
        "Date": [
          "Tue, 14 Nov 2023 17:36:10 GMT"
        ],
        "Content-Length": [
          "545"
        ],
        "Content-Type": [
          "application/json; charset=utf-8"
        ],
        "Expires": [
          "-1"
        ]
      },
      "ResponseBody": "{\r\n  \"properties\": {\r\n    \"size\": \"0.0008831024 MB\",\r\n    \"sku\": {\r\n      \"tier\": \"Standard\"\r\n    },\r\n    \"childPolicies\": [],\r\n    \"ruleCollectionGroups\": [],\r\n    \"firewalls\": [],\r\n    \"threatIntelMode\": \"Alert\",\r\n    \"provisioningState\": \"Succeeded\"\r\n  },\r\n  \"id\": \"/subscriptions/66de82f3-ad93-4605-bbdb-237fe7ef3a06/resourceGroups/ps1518/providers/Microsoft.Network/firewallPolicies/ps7223\",\r\n  \"name\": \"ps7223\",\r\n  \"type\": \"Microsoft.Network/FirewallPolicies\",\r\n  \"etag\": \"79a3ad75-2983-4346-b139-1ff69ddb08a1\",\r\n  \"location\": \"westus2\"\r\n}",
      "StatusCode": 200
    },
    {
      "RequestUri": "/subscriptions/66de82f3-ad93-4605-bbdb-237fe7ef3a06/resourceGroups/ps1518/providers/Microsoft.Network/firewallPolicies/ps7223?api-version=2023-05-01",
      "EncodedRequestUri": "L3N1YnNjcmlwdGlvbnMvNjZkZTgyZjMtYWQ5My00NjA1LWJiZGItMjM3ZmU3ZWYzYTA2L3Jlc291cmNlR3JvdXBzL3BzMTUxOC9wcm92aWRlcnMvTWljcm9zb2Z0Lk5ldHdvcmsvZmlyZXdhbGxQb2xpY2llcy9wczcyMjM/YXBpLXZlcnNpb249MjAyMy0wNS0wMQ==",
      "RequestMethod": "GET",
      "RequestHeaders": {
        "x-ms-client-request-id": [
          "d8c2bc93-7c12-42f8-ae39-1f1b9c27ef20"
        ],
        "Accept-Language": [
          "en-US"
        ],
        "User-Agent": [
          "FxVersion/6.0.2423.51814",
          "OSName/Windows",
          "OSVersion/Microsoft.Windows.10.0.22631",
          "Microsoft.Azure.Management.Network.NetworkManagementClient/27.0.0.0"
        ]
      },
      "RequestBody": "",
      "ResponseHeaders": {
        "Cache-Control": [
          "no-cache"
        ],
        "Pragma": [
          "no-cache"
        ],
        "ETag": [
          "\"79a3ad75-2983-4346-b139-1ff69ddb08a1\""
        ],
        "Server": [
          "Microsoft-HTTPAPI/2.0"
        ],
        "x-ms-ratelimit-remaining-subscription-reads": [
          "11996"
        ],
        "x-ms-request-id": [
          "c14a1363-ddb2-4b8c-bdc0-aa4a382dfa0d"
        ],
        "x-ms-correlation-request-id": [
          "c14a1363-ddb2-4b8c-bdc0-aa4a382dfa0d"
        ],
        "x-ms-routing-request-id": [
          "WESTUS2:20231114T173611Z:c14a1363-ddb2-4b8c-bdc0-aa4a382dfa0d"
        ],
        "Strict-Transport-Security": [
          "max-age=31536000; includeSubDomains"
        ],
        "X-Content-Type-Options": [
          "nosniff"
        ],
        "Date": [
          "Tue, 14 Nov 2023 17:36:10 GMT"
        ],
        "Content-Length": [
          "545"
        ],
        "Content-Type": [
          "application/json; charset=utf-8"
        ],
        "Expires": [
          "-1"
        ]
      },
      "ResponseBody": "{\r\n  \"properties\": {\r\n    \"size\": \"0.0008831024 MB\",\r\n    \"sku\": {\r\n      \"tier\": \"Standard\"\r\n    },\r\n    \"childPolicies\": [],\r\n    \"ruleCollectionGroups\": [],\r\n    \"firewalls\": [],\r\n    \"threatIntelMode\": \"Alert\",\r\n    \"provisioningState\": \"Succeeded\"\r\n  },\r\n  \"id\": \"/subscriptions/66de82f3-ad93-4605-bbdb-237fe7ef3a06/resourceGroups/ps1518/providers/Microsoft.Network/firewallPolicies/ps7223\",\r\n  \"name\": \"ps7223\",\r\n  \"type\": \"Microsoft.Network/FirewallPolicies\",\r\n  \"etag\": \"79a3ad75-2983-4346-b139-1ff69ddb08a1\",\r\n  \"location\": \"westus2\"\r\n}",
      "StatusCode": 200
    },
    {
      "RequestUri": "/subscriptions/66de82f3-ad93-4605-bbdb-237fe7ef3a06/resourceGroups/ps1518/providers/Microsoft.Network/firewallPolicies/ps7223?api-version=2023-05-01",
      "EncodedRequestUri": "L3N1YnNjcmlwdGlvbnMvNjZkZTgyZjMtYWQ5My00NjA1LWJiZGItMjM3ZmU3ZWYzYTA2L3Jlc291cmNlR3JvdXBzL3BzMTUxOC9wcm92aWRlcnMvTWljcm9zb2Z0Lk5ldHdvcmsvZmlyZXdhbGxQb2xpY2llcy9wczcyMjM/YXBpLXZlcnNpb249MjAyMy0wNS0wMQ==",
      "RequestMethod": "GET",
      "RequestHeaders": {
        "x-ms-client-request-id": [
          "ee2d104b-f354-4f42-8e5b-6ad1c2917792"
        ],
        "Accept-Language": [
          "en-US"
        ],
        "User-Agent": [
          "FxVersion/6.0.2423.51814",
          "OSName/Windows",
          "OSVersion/Microsoft.Windows.10.0.22631",
          "Microsoft.Azure.Management.Network.NetworkManagementClient/27.0.0.0"
        ]
      },
      "RequestBody": "",
      "ResponseHeaders": {
        "Cache-Control": [
          "no-cache"
        ],
        "Pragma": [
          "no-cache"
        ],
        "ETag": [
          "\"79a3ad75-2983-4346-b139-1ff69ddb08a1\""
        ],
        "Server": [
          "Microsoft-HTTPAPI/2.0"
        ],
        "x-ms-ratelimit-remaining-subscription-reads": [
          "11999"
        ],
        "x-ms-request-id": [
          "9f44f723-cfca-4524-8552-47ab06353aa6"
        ],
        "x-ms-correlation-request-id": [
          "9f44f723-cfca-4524-8552-47ab06353aa6"
        ],
        "x-ms-routing-request-id": [
          "WESTUS2:20231114T173611Z:9f44f723-cfca-4524-8552-47ab06353aa6"
        ],
        "Strict-Transport-Security": [
          "max-age=31536000; includeSubDomains"
        ],
        "X-Content-Type-Options": [
          "nosniff"
        ],
        "Date": [
          "Tue, 14 Nov 2023 17:36:11 GMT"
        ],
        "Content-Length": [
          "545"
        ],
        "Content-Type": [
          "application/json; charset=utf-8"
        ],
        "Expires": [
          "-1"
        ]
      },
      "ResponseBody": "{\r\n  \"properties\": {\r\n    \"size\": \"0.0008831024 MB\",\r\n    \"sku\": {\r\n      \"tier\": \"Standard\"\r\n    },\r\n    \"childPolicies\": [],\r\n    \"ruleCollectionGroups\": [],\r\n    \"firewalls\": [],\r\n    \"threatIntelMode\": \"Alert\",\r\n    \"provisioningState\": \"Succeeded\"\r\n  },\r\n  \"id\": \"/subscriptions/66de82f3-ad93-4605-bbdb-237fe7ef3a06/resourceGroups/ps1518/providers/Microsoft.Network/firewallPolicies/ps7223\",\r\n  \"name\": \"ps7223\",\r\n  \"type\": \"Microsoft.Network/FirewallPolicies\",\r\n  \"etag\": \"79a3ad75-2983-4346-b139-1ff69ddb08a1\",\r\n  \"location\": \"westus2\"\r\n}",
      "StatusCode": 200
    },
    {
      "RequestUri": "/subscriptions/66de82f3-ad93-4605-bbdb-237fe7ef3a06/resourceGroups/ps1518/providers/Microsoft.Network/firewallPolicies/ps7223?api-version=2023-05-01",
      "EncodedRequestUri": "L3N1YnNjcmlwdGlvbnMvNjZkZTgyZjMtYWQ5My00NjA1LWJiZGItMjM3ZmU3ZWYzYTA2L3Jlc291cmNlR3JvdXBzL3BzMTUxOC9wcm92aWRlcnMvTWljcm9zb2Z0Lk5ldHdvcmsvZmlyZXdhbGxQb2xpY2llcy9wczcyMjM/YXBpLXZlcnNpb249MjAyMy0wNS0wMQ==",
      "RequestMethod": "GET",
      "RequestHeaders": {
        "x-ms-client-request-id": [
          "a647aea1-bd43-4730-a21d-4122904b420b"
        ],
        "Accept-Language": [
          "en-US"
        ],
        "User-Agent": [
          "FxVersion/6.0.2423.51814",
          "OSName/Windows",
          "OSVersion/Microsoft.Windows.10.0.22631",
          "Microsoft.Azure.Management.Network.NetworkManagementClient/27.0.0.0"
        ]
      },
      "RequestBody": "",
      "ResponseHeaders": {
        "Cache-Control": [
          "no-cache"
        ],
        "Pragma": [
          "no-cache"
        ],
        "ETag": [
          "\"3cee2c2f-1087-4b65-8579-6f334702bb76\""
        ],
        "Server": [
          "Microsoft-HTTPAPI/2.0"
        ],
        "x-ms-ratelimit-remaining-subscription-reads": [
          "11999"
        ],
        "x-ms-request-id": [
          "9155e395-49e7-4176-8b8d-5db4d3fbb5e7"
        ],
        "x-ms-correlation-request-id": [
          "9155e395-49e7-4176-8b8d-5db4d3fbb5e7"
        ],
        "x-ms-routing-request-id": [
          "WESTUS2:20231114T173624Z:9155e395-49e7-4176-8b8d-5db4d3fbb5e7"
        ],
        "Strict-Transport-Security": [
          "max-age=31536000; includeSubDomains"
        ],
        "X-Content-Type-Options": [
          "nosniff"
        ],
        "Date": [
          "Tue, 14 Nov 2023 17:36:24 GMT"
        ],
        "Content-Length": [
          "740"
        ],
        "Content-Type": [
          "application/json; charset=utf-8"
        ],
        "Expires": [
          "-1"
        ]
      },
      "ResponseBody": "{\r\n  \"properties\": {\r\n    \"size\": \"0.0008831024 MB\",\r\n    \"sku\": {\r\n      \"tier\": \"Standard\"\r\n    },\r\n    \"childPolicies\": [],\r\n    \"ruleCollectionGroups\": [\r\n      {\r\n        \"id\": \"/subscriptions/66de82f3-ad93-4605-bbdb-237fe7ef3a06/resourceGroups/ps1518/providers/Microsoft.Network/firewallPolicies/ps7223/ruleCollectionGroups/ps1324\"\r\n      }\r\n    ],\r\n    \"firewalls\": [],\r\n    \"threatIntelMode\": \"Alert\",\r\n    \"provisioningState\": \"Succeeded\"\r\n  },\r\n  \"id\": \"/subscriptions/66de82f3-ad93-4605-bbdb-237fe7ef3a06/resourceGroups/ps1518/providers/Microsoft.Network/firewallPolicies/ps7223\",\r\n  \"name\": \"ps7223\",\r\n  \"type\": \"Microsoft.Network/FirewallPolicies\",\r\n  \"etag\": \"3cee2c2f-1087-4b65-8579-6f334702bb76\",\r\n  \"location\": \"westus2\"\r\n}",
      "StatusCode": 200
    },
    {
      "RequestUri": "/subscriptions/66de82f3-ad93-4605-bbdb-237fe7ef3a06/resourceGroups/ps1518/providers/Microsoft.Network/firewallPolicies/ps7223?api-version=2023-05-01",
      "EncodedRequestUri": "L3N1YnNjcmlwdGlvbnMvNjZkZTgyZjMtYWQ5My00NjA1LWJiZGItMjM3ZmU3ZWYzYTA2L3Jlc291cmNlR3JvdXBzL3BzMTUxOC9wcm92aWRlcnMvTWljcm9zb2Z0Lk5ldHdvcmsvZmlyZXdhbGxQb2xpY2llcy9wczcyMjM/YXBpLXZlcnNpb249MjAyMy0wNS0wMQ==",
      "RequestMethod": "GET",
      "RequestHeaders": {
        "x-ms-client-request-id": [
          "a647aea1-bd43-4730-a21d-4122904b420b"
        ],
        "User-Agent": [
          "FxVersion/6.0.2423.51814",
          "OSName/Windows",
          "OSVersion/Microsoft.Windows.10.0.22631",
          "Microsoft.Azure.Management.Network.NetworkManagementClient/27.0.0.0"
        ]
      },
      "RequestBody": "",
      "ResponseHeaders": {
        "Cache-Control": [
          "no-cache"
        ],
        "Pragma": [
          "no-cache"
        ],
        "ETag": [
          "\"a88519ec-e34f-4ae1-bd85-239dd513d75a\""
        ],
        "Server": [
          "Microsoft-HTTPAPI/2.0"
        ],
        "x-ms-ratelimit-remaining-subscription-reads": [
          "11997"
        ],
        "x-ms-request-id": [
          "ca040b9b-83fb-4b8b-aec0-a422fdd24a97"
        ],
        "x-ms-correlation-request-id": [
          "ca040b9b-83fb-4b8b-aec0-a422fdd24a97"
        ],
        "x-ms-routing-request-id": [
          "WESTUS2:20231114T173635Z:ca040b9b-83fb-4b8b-aec0-a422fdd24a97"
        ],
        "Strict-Transport-Security": [
          "max-age=31536000; includeSubDomains"
        ],
        "X-Content-Type-Options": [
          "nosniff"
        ],
        "Date": [
          "Tue, 14 Nov 2023 17:36:34 GMT"
        ],
        "Content-Length": [
          "738"
        ],
        "Content-Type": [
          "application/json; charset=utf-8"
        ],
        "Expires": [
          "-1"
        ]
      },
      "ResponseBody": "{\r\n  \"properties\": {\r\n    \"size\": \"0.001223564 MB\",\r\n    \"sku\": {\r\n      \"tier\": \"Standard\"\r\n    },\r\n    \"childPolicies\": [],\r\n    \"ruleCollectionGroups\": [\r\n      {\r\n        \"id\": \"/subscriptions/66de82f3-ad93-4605-bbdb-237fe7ef3a06/resourceGroups/ps1518/providers/Microsoft.Network/firewallPolicies/ps7223/ruleCollectionGroups/ps1324\"\r\n      }\r\n    ],\r\n    \"firewalls\": [],\r\n    \"threatIntelMode\": \"Deny\",\r\n    \"provisioningState\": \"Succeeded\"\r\n  },\r\n  \"id\": \"/subscriptions/66de82f3-ad93-4605-bbdb-237fe7ef3a06/resourceGroups/ps1518/providers/Microsoft.Network/firewallPolicies/ps7223\",\r\n  \"name\": \"ps7223\",\r\n  \"type\": \"Microsoft.Network/FirewallPolicies\",\r\n  \"etag\": \"a88519ec-e34f-4ae1-bd85-239dd513d75a\",\r\n  \"location\": \"westus2\"\r\n}",
      "StatusCode": 200
    },
    {
      "RequestUri": "/subscriptions/66de82f3-ad93-4605-bbdb-237fe7ef3a06/resourceGroups/ps1518/providers/Microsoft.Network/firewallPolicies/ps7223?api-version=2023-05-01",
      "EncodedRequestUri": "L3N1YnNjcmlwdGlvbnMvNjZkZTgyZjMtYWQ5My00NjA1LWJiZGItMjM3ZmU3ZWYzYTA2L3Jlc291cmNlR3JvdXBzL3BzMTUxOC9wcm92aWRlcnMvTWljcm9zb2Z0Lk5ldHdvcmsvZmlyZXdhbGxQb2xpY2llcy9wczcyMjM/YXBpLXZlcnNpb249MjAyMy0wNS0wMQ==",
      "RequestMethod": "GET",
      "RequestHeaders": {
        "x-ms-client-request-id": [
          "a647aea1-bd43-4730-a21d-4122904b420b"
        ],
        "Accept-Language": [
          "en-US"
        ],
        "User-Agent": [
          "FxVersion/6.0.2423.51814",
          "OSName/Windows",
          "OSVersion/Microsoft.Windows.10.0.22631",
          "Microsoft.Azure.Management.Network.NetworkManagementClient/27.0.0.0"
        ]
      },
      "RequestBody": "",
      "ResponseHeaders": {
        "Cache-Control": [
          "no-cache"
        ],
        "Pragma": [
          "no-cache"
        ],
        "ETag": [
          "\"a88519ec-e34f-4ae1-bd85-239dd513d75a\""
        ],
        "Server": [
          "Microsoft-HTTPAPI/2.0"
        ],
        "x-ms-ratelimit-remaining-subscription-reads": [
          "11996"
        ],
        "x-ms-request-id": [
          "58709789-589a-4318-851f-a02f8f1e4f50"
        ],
        "x-ms-correlation-request-id": [
          "58709789-589a-4318-851f-a02f8f1e4f50"
        ],
        "x-ms-routing-request-id": [
          "WESTUS2:20231114T173635Z:58709789-589a-4318-851f-a02f8f1e4f50"
        ],
        "Strict-Transport-Security": [
          "max-age=31536000; includeSubDomains"
        ],
        "X-Content-Type-Options": [
          "nosniff"
        ],
        "Date": [
          "Tue, 14 Nov 2023 17:36:34 GMT"
        ],
        "Content-Length": [
          "738"
        ],
        "Content-Type": [
          "application/json; charset=utf-8"
        ],
        "Expires": [
          "-1"
        ]
      },
      "ResponseBody": "{\r\n  \"properties\": {\r\n    \"size\": \"0.001223564 MB\",\r\n    \"sku\": {\r\n      \"tier\": \"Standard\"\r\n    },\r\n    \"childPolicies\": [],\r\n    \"ruleCollectionGroups\": [\r\n      {\r\n        \"id\": \"/subscriptions/66de82f3-ad93-4605-bbdb-237fe7ef3a06/resourceGroups/ps1518/providers/Microsoft.Network/firewallPolicies/ps7223/ruleCollectionGroups/ps1324\"\r\n      }\r\n    ],\r\n    \"firewalls\": [],\r\n    \"threatIntelMode\": \"Deny\",\r\n    \"provisioningState\": \"Succeeded\"\r\n  },\r\n  \"id\": \"/subscriptions/66de82f3-ad93-4605-bbdb-237fe7ef3a06/resourceGroups/ps1518/providers/Microsoft.Network/firewallPolicies/ps7223\",\r\n  \"name\": \"ps7223\",\r\n  \"type\": \"Microsoft.Network/FirewallPolicies\",\r\n  \"etag\": \"a88519ec-e34f-4ae1-bd85-239dd513d75a\",\r\n  \"location\": \"westus2\"\r\n}",
      "StatusCode": 200
    },
    {
      "RequestUri": "/subscriptions/66de82f3-ad93-4605-bbdb-237fe7ef3a06/resourceGroups/ps1518/providers/Microsoft.Network/firewallPolicies/ps7223?api-version=2023-05-01",
      "EncodedRequestUri": "L3N1YnNjcmlwdGlvbnMvNjZkZTgyZjMtYWQ5My00NjA1LWJiZGItMjM3ZmU3ZWYzYTA2L3Jlc291cmNlR3JvdXBzL3BzMTUxOC9wcm92aWRlcnMvTWljcm9zb2Z0Lk5ldHdvcmsvZmlyZXdhbGxQb2xpY2llcy9wczcyMjM/YXBpLXZlcnNpb249MjAyMy0wNS0wMQ==",
      "RequestMethod": "GET",
      "RequestHeaders": {
        "x-ms-client-request-id": [
          "43fecfc8-899d-447b-bfc7-1657cf25ea3c"
        ],
        "Accept-Language": [
          "en-US"
        ],
        "User-Agent": [
          "FxVersion/6.0.2423.51814",
          "OSName/Windows",
          "OSVersion/Microsoft.Windows.10.0.22631",
          "Microsoft.Azure.Management.Network.NetworkManagementClient/27.0.0.0"
        ]
      },
      "RequestBody": "",
      "ResponseHeaders": {
        "Cache-Control": [
          "no-cache"
        ],
        "Pragma": [
          "no-cache"
        ],
        "ETag": [
          "\"a88519ec-e34f-4ae1-bd85-239dd513d75a\""
        ],
        "Server": [
          "Microsoft-HTTPAPI/2.0"
        ],
        "x-ms-ratelimit-remaining-subscription-reads": [
          "11999"
        ],
        "x-ms-request-id": [
          "b383ae44-5c03-4a89-89d6-a2fdc96fa7dd"
        ],
        "x-ms-correlation-request-id": [
          "b383ae44-5c03-4a89-89d6-a2fdc96fa7dd"
        ],
        "x-ms-routing-request-id": [
          "WESTUS2:20231114T173635Z:b383ae44-5c03-4a89-89d6-a2fdc96fa7dd"
        ],
        "Strict-Transport-Security": [
          "max-age=31536000; includeSubDomains"
        ],
        "X-Content-Type-Options": [
          "nosniff"
        ],
        "Date": [
          "Tue, 14 Nov 2023 17:36:35 GMT"
        ],
        "Content-Length": [
          "738"
        ],
        "Content-Type": [
          "application/json; charset=utf-8"
        ],
        "Expires": [
          "-1"
        ]
      },
      "ResponseBody": "{\r\n  \"properties\": {\r\n    \"size\": \"0.001223564 MB\",\r\n    \"sku\": {\r\n      \"tier\": \"Standard\"\r\n    },\r\n    \"childPolicies\": [],\r\n    \"ruleCollectionGroups\": [\r\n      {\r\n        \"id\": \"/subscriptions/66de82f3-ad93-4605-bbdb-237fe7ef3a06/resourceGroups/ps1518/providers/Microsoft.Network/firewallPolicies/ps7223/ruleCollectionGroups/ps1324\"\r\n      }\r\n    ],\r\n    \"firewalls\": [],\r\n    \"threatIntelMode\": \"Deny\",\r\n    \"provisioningState\": \"Succeeded\"\r\n  },\r\n  \"id\": \"/subscriptions/66de82f3-ad93-4605-bbdb-237fe7ef3a06/resourceGroups/ps1518/providers/Microsoft.Network/firewallPolicies/ps7223\",\r\n  \"name\": \"ps7223\",\r\n  \"type\": \"Microsoft.Network/FirewallPolicies\",\r\n  \"etag\": \"a88519ec-e34f-4ae1-bd85-239dd513d75a\",\r\n  \"location\": \"westus2\"\r\n}",
      "StatusCode": 200
    },
    {
      "RequestUri": "/subscriptions/66de82f3-ad93-4605-bbdb-237fe7ef3a06/resourceGroups/ps1518/providers/Microsoft.Network/firewallPolicies/ps7223?api-version=2023-05-01",
      "EncodedRequestUri": "L3N1YnNjcmlwdGlvbnMvNjZkZTgyZjMtYWQ5My00NjA1LWJiZGItMjM3ZmU3ZWYzYTA2L3Jlc291cmNlR3JvdXBzL3BzMTUxOC9wcm92aWRlcnMvTWljcm9zb2Z0Lk5ldHdvcmsvZmlyZXdhbGxQb2xpY2llcy9wczcyMjM/YXBpLXZlcnNpb249MjAyMy0wNS0wMQ==",
      "RequestMethod": "PUT",
      "RequestHeaders": {
        "x-ms-client-request-id": [
          "d8c2bc93-7c12-42f8-ae39-1f1b9c27ef20"
        ],
        "Accept-Language": [
          "en-US"
        ],
        "User-Agent": [
          "FxVersion/6.0.2423.51814",
          "OSName/Windows",
          "OSVersion/Microsoft.Windows.10.0.22631",
          "Microsoft.Azure.Management.Network.NetworkManagementClient/27.0.0.0"
        ],
        "Content-Type": [
          "application/json; charset=utf-8"
        ],
        "Content-Length": [
          "134"
        ]
      },
      "RequestBody": "{\r\n  \"properties\": {\r\n    \"threatIntelMode\": \"Alert\",\r\n    \"sku\": {\r\n      \"tier\": \"Standard\"\r\n    }\r\n  },\r\n  \"location\": \"westus2\"\r\n}",
      "ResponseHeaders": {
        "Cache-Control": [
          "no-cache"
        ],
        "Pragma": [
          "no-cache"
        ],
        "Retry-After": [
          "10"
        ],
        "x-ms-request-id": [
          "af95aca7-a15b-4414-98eb-4f9a3f05f798",
          "af95aca7-a15b-4414-98eb-4f9a3f05f798"
        ],
        "x-ms-correlation-request-id": [
          "b5878f0a-f15e-4438-aed7-f28f8c83fca9"
        ],
        "Azure-AsyncOperation": [
          "https://management.azure.com/subscriptions/66de82f3-ad93-4605-bbdb-237fe7ef3a06/providers/Microsoft.Network/locations/westus2/nfvOperations/af95aca7-a15b-4414-98eb-4f9a3f05f798?api-version=2023-05-01"
        ],
        "Server": [
          "Microsoft-HTTPAPI/2.0"
        ],
        "x-ms-ratelimit-remaining-subscription-writes": [
          "1199"
        ],
        "x-ms-routing-request-id": [
          "WESTUS2:20231114T173600Z:b5878f0a-f15e-4438-aed7-f28f8c83fca9"
        ],
        "Strict-Transport-Security": [
          "max-age=31536000; includeSubDomains"
        ],
        "X-Content-Type-Options": [
          "nosniff"
        ],
        "Date": [
          "Tue, 14 Nov 2023 17:36:00 GMT"
        ],
        "Content-Length": [
          "544"
        ],
        "Content-Type": [
          "application/json; charset=utf-8"
        ],
        "Expires": [
          "-1"
        ]
      },
      "ResponseBody": "{\r\n  \"properties\": {\r\n    \"size\": \"0.0008831024 MB\",\r\n    \"sku\": {\r\n      \"tier\": \"Standard\"\r\n    },\r\n    \"childPolicies\": [],\r\n    \"ruleCollectionGroups\": [],\r\n    \"firewalls\": [],\r\n    \"threatIntelMode\": \"Alert\",\r\n    \"provisioningState\": \"Updating\"\r\n  },\r\n  \"id\": \"/subscriptions/66de82f3-ad93-4605-bbdb-237fe7ef3a06/resourceGroups/ps1518/providers/Microsoft.Network/firewallPolicies/ps7223\",\r\n  \"name\": \"ps7223\",\r\n  \"type\": \"Microsoft.Network/FirewallPolicies\",\r\n  \"etag\": \"79a3ad75-2983-4346-b139-1ff69ddb08a1\",\r\n  \"location\": \"westus2\"\r\n}",
      "StatusCode": 201
    },
    {
      "RequestUri": "/subscriptions/66de82f3-ad93-4605-bbdb-237fe7ef3a06/resourceGroups/ps1518/providers/Microsoft.Network/firewallPolicies/ps7223?api-version=2023-05-01",
      "EncodedRequestUri": "L3N1YnNjcmlwdGlvbnMvNjZkZTgyZjMtYWQ5My00NjA1LWJiZGItMjM3ZmU3ZWYzYTA2L3Jlc291cmNlR3JvdXBzL3BzMTUxOC9wcm92aWRlcnMvTWljcm9zb2Z0Lk5ldHdvcmsvZmlyZXdhbGxQb2xpY2llcy9wczcyMjM/YXBpLXZlcnNpb249MjAyMy0wNS0wMQ==",
      "RequestMethod": "PUT",
      "RequestHeaders": {
        "x-ms-client-request-id": [
          "a647aea1-bd43-4730-a21d-4122904b420b"
        ],
        "Accept-Language": [
          "en-US"
        ],
        "User-Agent": [
          "FxVersion/6.0.2423.51814",
          "OSName/Windows",
          "OSVersion/Microsoft.Windows.10.0.22631",
          "Microsoft.Azure.Management.Network.NetworkManagementClient/27.0.0.0"
        ],
        "Content-Type": [
          "application/json; charset=utf-8"
        ],
        "Content-Length": [
          "133"
        ]
      },
      "RequestBody": "{\r\n  \"properties\": {\r\n    \"threatIntelMode\": \"Deny\",\r\n    \"sku\": {\r\n      \"tier\": \"Standard\"\r\n    }\r\n  },\r\n  \"location\": \"westus2\"\r\n}",
      "ResponseHeaders": {
        "Cache-Control": [
          "no-cache"
        ],
        "Pragma": [
          "no-cache"
        ],
        "Retry-After": [
          "10"
        ],
        "x-ms-request-id": [
          "3f9580e2-307e-41f4-a4d9-a27851a37dcd",
          "3f9580e2-307e-41f4-a4d9-a27851a37dcd"
        ],
        "x-ms-correlation-request-id": [
          "76300d58-7aab-47d5-82ab-b81688d74a6a"
        ],
        "Azure-AsyncOperation": [
          "https://management.azure.com/subscriptions/66de82f3-ad93-4605-bbdb-237fe7ef3a06/providers/Microsoft.Network/locations/westus2/nfvOperations/3f9580e2-307e-41f4-a4d9-a27851a37dcd?api-version=2023-05-01"
        ],
        "Server": [
          "Microsoft-HTTPAPI/2.0"
        ],
        "x-ms-ratelimit-remaining-subscription-writes": [
          "1199"
        ],
        "x-ms-routing-request-id": [
          "WESTUS2:20231114T173625Z:76300d58-7aab-47d5-82ab-b81688d74a6a"
        ],
        "Strict-Transport-Security": [
          "max-age=31536000; includeSubDomains"
        ],
        "X-Content-Type-Options": [
          "nosniff"
        ],
        "Date": [
          "Tue, 14 Nov 2023 17:36:24 GMT"
        ],
        "Content-Length": [
          "737"
        ],
        "Content-Type": [
          "application/json; charset=utf-8"
        ],
        "Expires": [
          "-1"
        ]
      },
      "ResponseBody": "{\r\n  \"properties\": {\r\n    \"size\": \"0.001223564 MB\",\r\n    \"sku\": {\r\n      \"tier\": \"Standard\"\r\n    },\r\n    \"childPolicies\": [],\r\n    \"ruleCollectionGroups\": [\r\n      {\r\n        \"id\": \"/subscriptions/66de82f3-ad93-4605-bbdb-237fe7ef3a06/resourceGroups/ps1518/providers/Microsoft.Network/firewallPolicies/ps7223/ruleCollectionGroups/ps1324\"\r\n      }\r\n    ],\r\n    \"firewalls\": [],\r\n    \"threatIntelMode\": \"Deny\",\r\n    \"provisioningState\": \"Updating\"\r\n  },\r\n  \"id\": \"/subscriptions/66de82f3-ad93-4605-bbdb-237fe7ef3a06/resourceGroups/ps1518/providers/Microsoft.Network/firewallPolicies/ps7223\",\r\n  \"name\": \"ps7223\",\r\n  \"type\": \"Microsoft.Network/FirewallPolicies\",\r\n  \"etag\": \"a88519ec-e34f-4ae1-bd85-239dd513d75a\",\r\n  \"location\": \"westus2\"\r\n}",
      "StatusCode": 200
    },
    {
      "RequestUri": "/subscriptions/66de82f3-ad93-4605-bbdb-237fe7ef3a06/providers/Microsoft.Network/locations/westus2/nfvOperations/af95aca7-a15b-4414-98eb-4f9a3f05f798?api-version=2023-05-01",
      "EncodedRequestUri": "L3N1YnNjcmlwdGlvbnMvNjZkZTgyZjMtYWQ5My00NjA1LWJiZGItMjM3ZmU3ZWYzYTA2L3Byb3ZpZGVycy9NaWNyb3NvZnQuTmV0d29yay9sb2NhdGlvbnMvd2VzdHVzMi9uZnZPcGVyYXRpb25zL2FmOTVhY2E3LWExNWItNDQxNC05OGViLTRmOWEzZjA1Zjc5OD9hcGktdmVyc2lvbj0yMDIzLTA1LTAx",
      "RequestMethod": "GET",
      "RequestHeaders": {
        "x-ms-client-request-id": [
          "d8c2bc93-7c12-42f8-ae39-1f1b9c27ef20"
        ],
        "User-Agent": [
          "FxVersion/6.0.2423.51814",
          "OSName/Windows",
          "OSVersion/Microsoft.Windows.10.0.22631",
          "Microsoft.Azure.Management.Network.NetworkManagementClient/27.0.0.0"
        ]
      },
      "RequestBody": "",
      "ResponseHeaders": {
        "Cache-Control": [
          "no-cache"
        ],
        "Pragma": [
          "no-cache"
        ],
        "x-ms-request-id": [
          "f5bcf36b-d2b6-49f6-ae90-db00054da5d3",
          "f5bcf36b-d2b6-49f6-ae90-db00054da5d3"
        ],
        "x-ms-correlation-request-id": [
          "7ce51a29-d7b2-4258-90db-c682c91ce7ac"
        ],
        "Server": [
          "Microsoft-HTTPAPI/2.0"
        ],
        "x-ms-ratelimit-remaining-subscription-reads": [
          "11998"
        ],
        "x-ms-routing-request-id": [
          "WESTUS2:20231114T173611Z:7ce51a29-d7b2-4258-90db-c682c91ce7ac"
        ],
        "Strict-Transport-Security": [
          "max-age=31536000; includeSubDomains"
        ],
        "X-Content-Type-Options": [
          "nosniff"
        ],
        "Date": [
          "Tue, 14 Nov 2023 17:36:10 GMT"
        ],
        "Content-Length": [
          "29"
        ],
        "Content-Type": [
          "application/json; charset=utf-8"
        ],
        "Expires": [
          "-1"
        ]
      },
      "ResponseBody": "{\r\n  \"status\": \"Succeeded\"\r\n}",
      "StatusCode": 200
    },
    {
      "RequestUri": "/subscriptions/66de82f3-ad93-4605-bbdb-237fe7ef3a06/resourceGroups/ps1518/providers/Microsoft.Network/firewallPolicies/ps7223/ruleCollectionGroups/ps1324?api-version=2023-05-01",
      "EncodedRequestUri": "L3N1YnNjcmlwdGlvbnMvNjZkZTgyZjMtYWQ5My00NjA1LWJiZGItMjM3ZmU3ZWYzYTA2L3Jlc291cmNlR3JvdXBzL3BzMTUxOC9wcm92aWRlcnMvTWljcm9zb2Z0Lk5ldHdvcmsvZmlyZXdhbGxQb2xpY2llcy9wczcyMjMvcnVsZUNvbGxlY3Rpb25Hcm91cHMvcHMxMzI0P2FwaS12ZXJzaW9uPTIwMjMtMDUtMDE=",
      "RequestMethod": "PUT",
      "RequestHeaders": {
        "x-ms-client-request-id": [
          "52bb948f-12a1-477b-8097-5532bfe77f2d"
        ],
        "Accept-Language": [
          "en-US"
        ],
        "User-Agent": [
          "FxVersion/6.0.2423.51814",
          "OSName/Windows",
          "OSVersion/Microsoft.Windows.10.0.22631",
          "Microsoft.Azure.Management.Network.NetworkManagementClient/27.0.0.0"
        ],
        "Content-Type": [
          "application/json; charset=utf-8"
        ],
        "Content-Length": [
          "3391"
        ]
      },
      "RequestBody": "{\r\n  \"properties\": {\r\n    \"priority\": 100,\r\n    \"ruleCollections\": [\r\n      {\r\n        \"ruleCollectionType\": \"FirewallPolicyFilterRuleCollection\",\r\n        \"action\": {\r\n          \"type\": \"Allow\"\r\n        },\r\n        \"rules\": [\r\n          {\r\n            \"ruleType\": \"ApplicationRule\",\r\n            \"sourceAddresses\": [\r\n              \"192.168.0.0/16\"\r\n            ],\r\n            \"protocols\": [\r\n              {\r\n                \"protocolType\": \"Http\",\r\n                \"port\": 80\r\n              },\r\n              {\r\n                \"protocolType\": \"Https\",\r\n                \"port\": 443\r\n              }\r\n            ],\r\n            \"targetFqdns\": [\r\n              \"*google.com\",\r\n              \"*microsoft.com\"\r\n            ],\r\n            \"name\": \"appRule\",\r\n            \"description\": \"desc1\"\r\n          },\r\n          {\r\n            \"ruleType\": \"ApplicationRule\",\r\n            \"sourceAddresses\": [\r\n              \"192.168.0.0/16\"\r\n            ],\r\n            \"protocols\": [\r\n              {\r\n                \"protocolType\": \"Http\",\r\n                \"port\": 8080\r\n              },\r\n              {\r\n                \"protocolType\": \"Https\",\r\n                \"port\": 443\r\n              }\r\n            ],\r\n            \"targetFqdns\": [\r\n              \"*bing.com\"\r\n            ],\r\n            \"name\": \"appRule2\",\r\n            \"description\": \"desc1\"\r\n          },\r\n          {\r\n            \"ruleType\": \"ApplicationRule\",\r\n            \"sourceAddresses\": [\r\n              \"192.168.0.0/16\"\r\n            ],\r\n            \"protocols\": [\r\n              {\r\n                \"protocolType\": \"Mssql\",\r\n                \"port\": 1433\r\n              }\r\n            ],\r\n            \"targetFqdns\": [\r\n              \"www.ssllabs.com\"\r\n            ],\r\n            \"name\": \"appRule3\"\r\n          }\r\n        ],\r\n        \"name\": \"appRc\",\r\n        \"priority\": 400\r\n      },\r\n      {\r\n        \"ruleCollectionType\": \"FirewallPolicyFilterRuleCollection\",\r\n        \"action\": {\r\n          \"type\": \"Deny\"\r\n        },\r\n        \"rules\": [\r\n          {\r\n            \"ruleType\": \"NetworkRule\",\r\n            \"ipProtocols\": [\r\n              \"UDP\",\r\n              \"TCP\"\r\n            ],\r\n            \"sourceAddresses\": [\r\n              \"10.0.0.0\",\r\n              \"111.1.0.0/24\"\r\n            ],\r\n            \"destinationAddresses\": [\r\n              \"10.10.10.1\"\r\n            ],\r\n            \"destinationPorts\": [\r\n              \"90\"\r\n            ],\r\n            \"name\": \"networkRule\",\r\n            \"description\": \"desc1\"\r\n          }\r\n        ],\r\n        \"name\": \"networkRc\",\r\n        \"priority\": 200\r\n      },\r\n      {\r\n        \"ruleCollectionType\": \"FirewallPolicyNatRuleCollection\",\r\n        \"action\": {\r\n          \"type\": \"Dnat\"\r\n        },\r\n        \"rules\": [\r\n          {\r\n            \"ruleType\": \"NatRule\",\r\n            \"ipProtocols\": [\r\n              \"UDP\",\r\n              \"TCP\"\r\n            ],\r\n            \"sourceAddresses\": [\r\n              \"10.0.0.0\",\r\n              \"111.1.0.0/24\"\r\n            ],\r\n            \"destinationAddresses\": [\r\n              \"10.10.10.1\"\r\n            ],\r\n            \"destinationPorts\": [\r\n              \"90\"\r\n            ],\r\n            \"translatedAddress\": \"10.1.2.3\",\r\n            \"translatedPort\": \"91\",\r\n            \"name\": \"natRule\",\r\n            \"description\": \"desc1\"\r\n          }\r\n        ],\r\n        \"name\": \"natRc\",\r\n        \"priority\": 100\r\n      }\r\n    ]\r\n  },\r\n  \"name\": \"ps1324\"\r\n}",
      "ResponseHeaders": {
        "Cache-Control": [
          "no-cache"
        ],
        "Pragma": [
          "no-cache"
        ],
        "Retry-After": [
          "10"
        ],
        "x-ms-request-id": [
          "63ddae92-bb18-4124-af90-454bab55bf91",
          "63ddae92-bb18-4124-af90-454bab55bf91"
        ],
        "x-ms-correlation-request-id": [
          "c5fa792a-e0eb-4f55-affe-76385cb32616"
        ],
        "Azure-AsyncOperation": [
          "https://management.azure.com/subscriptions/66de82f3-ad93-4605-bbdb-237fe7ef3a06/providers/Microsoft.Network/locations/westus2/nfvOperations/63ddae92-bb18-4124-af90-454bab55bf91?api-version=2023-05-01"
        ],
        "Server": [
          "Microsoft-HTTPAPI/2.0"
        ],
        "x-ms-ratelimit-remaining-subscription-writes": [
          "1199"
        ],
        "x-ms-routing-request-id": [
          "WESTUS2:20231114T173613Z:c5fa792a-e0eb-4f55-affe-76385cb32616"
        ],
        "Strict-Transport-Security": [
          "max-age=31536000; includeSubDomains"
        ],
        "X-Content-Type-Options": [
          "nosniff"
        ],
        "Date": [
          "Tue, 14 Nov 2023 17:36:13 GMT"
        ],
        "Content-Length": [
          "4690"
        ],
        "Content-Type": [
          "application/json; charset=utf-8"
        ],
        "Expires": [
          "-1"
        ]
      },
      "ResponseBody": "{\r\n  \"properties\": {\r\n    \"size\": \"0.002808571 MB\",\r\n    \"priority\": 100,\r\n    \"ruleCollections\": [\r\n      {\r\n        \"ruleCollectionType\": \"FirewallPolicyFilterRuleCollection\",\r\n        \"action\": {\r\n          \"type\": \"Allow\"\r\n        },\r\n        \"rules\": [\r\n          {\r\n            \"ruleType\": \"ApplicationRule\",\r\n            \"name\": \"appRule\",\r\n            \"description\": \"desc1\",\r\n            \"protocols\": [\r\n              {\r\n                \"protocolType\": \"Http\",\r\n                \"port\": 80\r\n              },\r\n              {\r\n                \"protocolType\": \"Https\",\r\n                \"port\": 443\r\n              }\r\n            ],\r\n            \"fqdnTags\": [],\r\n            \"webCategories\": [],\r\n            \"targetFqdns\": [\r\n              \"*google.com\",\r\n              \"*microsoft.com\"\r\n            ],\r\n            \"targetUrls\": [],\r\n            \"terminateTLS\": false,\r\n            \"sourceAddresses\": [\r\n              \"192.168.0.0/16\"\r\n            ],\r\n            \"destinationAddresses\": [],\r\n            \"sourceIpGroups\": [],\r\n            \"httpHeadersToInsert\": []\r\n          },\r\n          {\r\n            \"ruleType\": \"ApplicationRule\",\r\n            \"name\": \"appRule2\",\r\n            \"description\": \"desc1\",\r\n            \"protocols\": [\r\n              {\r\n                \"protocolType\": \"Http\",\r\n                \"port\": 8080\r\n              },\r\n              {\r\n                \"protocolType\": \"Https\",\r\n                \"port\": 443\r\n              }\r\n            ],\r\n            \"fqdnTags\": [],\r\n            \"webCategories\": [],\r\n            \"targetFqdns\": [\r\n              \"*bing.com\"\r\n            ],\r\n            \"targetUrls\": [],\r\n            \"terminateTLS\": false,\r\n            \"sourceAddresses\": [\r\n              \"192.168.0.0/16\"\r\n            ],\r\n            \"destinationAddresses\": [],\r\n            \"sourceIpGroups\": [],\r\n            \"httpHeadersToInsert\": []\r\n          },\r\n          {\r\n            \"ruleType\": \"ApplicationRule\",\r\n            \"name\": \"appRule3\",\r\n            \"protocols\": [\r\n              {\r\n                \"protocolType\": \"Mssql\",\r\n                \"port\": 1433\r\n              }\r\n            ],\r\n            \"fqdnTags\": [],\r\n            \"webCategories\": [],\r\n            \"targetFqdns\": [\r\n              \"www.ssllabs.com\"\r\n            ],\r\n            \"targetUrls\": [],\r\n            \"terminateTLS\": false,\r\n            \"sourceAddresses\": [\r\n              \"192.168.0.0/16\"\r\n            ],\r\n            \"destinationAddresses\": [],\r\n            \"sourceIpGroups\": [],\r\n            \"httpHeadersToInsert\": []\r\n          }\r\n        ],\r\n        \"name\": \"appRc\",\r\n        \"priority\": 400\r\n      },\r\n      {\r\n        \"ruleCollectionType\": \"FirewallPolicyFilterRuleCollection\",\r\n        \"action\": {\r\n          \"type\": \"Deny\"\r\n        },\r\n        \"rules\": [\r\n          {\r\n            \"ruleType\": \"NetworkRule\",\r\n            \"ipv6Rule\": false,\r\n            \"name\": \"networkRule\",\r\n            \"description\": \"desc1\",\r\n            \"ipProtocols\": [\r\n              \"UDP\",\r\n              \"TCP\"\r\n            ],\r\n            \"sourceAddresses\": [\r\n              \"10.0.0.0\",\r\n              \"111.1.0.0/24\"\r\n            ],\r\n            \"sourceIpGroups\": [],\r\n            \"destinationAddresses\": [\r\n              \"10.10.10.1\"\r\n            ],\r\n            \"destinationIpGroups\": [],\r\n            \"destinationFqdns\": [],\r\n            \"destinationPorts\": [\r\n              \"90\"\r\n            ]\r\n          }\r\n        ],\r\n        \"name\": \"networkRc\",\r\n        \"priority\": 200\r\n      },\r\n      {\r\n        \"ruleCollectionType\": \"FirewallPolicyNatRuleCollection\",\r\n        \"action\": {\r\n          \"type\": \"Dnat\"\r\n        },\r\n        \"rules\": [\r\n          {\r\n            \"ruleType\": \"NatRule\",\r\n            \"name\": \"natRule\",\r\n            \"description\": \"desc1\",\r\n            \"translatedAddress\": \"10.1.2.3\",\r\n            \"translatedPort\": \"91\",\r\n            \"ipProtocols\": [\r\n              \"UDP\",\r\n              \"TCP\"\r\n            ],\r\n            \"sourceAddresses\": [\r\n              \"10.0.0.0\",\r\n              \"111.1.0.0/24\"\r\n            ],\r\n            \"sourceIpGroups\": [],\r\n            \"destinationAddresses\": [\r\n              \"10.10.10.1\"\r\n            ],\r\n            \"destinationPorts\": [\r\n              \"90\"\r\n            ]\r\n          }\r\n        ],\r\n        \"name\": \"natRc\",\r\n        \"priority\": 100\r\n      }\r\n    ],\r\n    \"provisioningState\": \"Updating\"\r\n  },\r\n  \"id\": \"/subscriptions/66de82f3-ad93-4605-bbdb-237fe7ef3a06/resourceGroups/ps1518/providers/Microsoft.Network/firewallPolicies/ps7223/ruleCollectionGroups/ps1324\",\r\n  \"name\": \"ps1324\",\r\n  \"type\": \"Microsoft.Network/FirewallPolicies/RuleCollectionGroups\",\r\n  \"etag\": \"c558c125-c34f-4b1c-8081-6442bb8364b2\",\r\n  \"location\": \"westus2\"\r\n}",
      "StatusCode": 201
    },
    {
      "RequestUri": "/subscriptions/66de82f3-ad93-4605-bbdb-237fe7ef3a06/resourceGroups/ps1518/providers/Microsoft.Network/firewallPolicies/ps7223/ruleCollectionGroups/ps1324?api-version=2023-05-01",
      "EncodedRequestUri": "L3N1YnNjcmlwdGlvbnMvNjZkZTgyZjMtYWQ5My00NjA1LWJiZGItMjM3ZmU3ZWYzYTA2L3Jlc291cmNlR3JvdXBzL3BzMTUxOC9wcm92aWRlcnMvTWljcm9zb2Z0Lk5ldHdvcmsvZmlyZXdhbGxQb2xpY2llcy9wczcyMjMvcnVsZUNvbGxlY3Rpb25Hcm91cHMvcHMxMzI0P2FwaS12ZXJzaW9uPTIwMjMtMDUtMDE=",
      "RequestMethod": "PUT",
      "RequestHeaders": {
        "x-ms-client-request-id": [
          "35b3aaa2-7375-4073-9173-e78571a5168b"
        ],
        "Accept-Language": [
          "en-US"
        ],
        "User-Agent": [
          "FxVersion/6.0.2423.51814",
          "OSName/Windows",
          "OSVersion/Microsoft.Windows.10.0.22631",
          "Microsoft.Azure.Management.Network.NetworkManagementClient/27.0.0.0"
        ],
        "Content-Type": [
          "application/json; charset=utf-8"
        ],
        "Content-Length": [
          "4153"
        ]
      },
      "RequestBody": "{\r\n  \"properties\": {\r\n    \"priority\": 154,\r\n    \"ruleCollections\": [\r\n      {\r\n        \"ruleCollectionType\": \"FirewallPolicyFilterRuleCollection\",\r\n        \"action\": {\r\n          \"type\": \"Allow\"\r\n        },\r\n        \"rules\": [\r\n          {\r\n            \"ruleType\": \"ApplicationRule\",\r\n            \"sourceAddresses\": [\r\n              \"192.168.0.0/16\"\r\n            ],\r\n            \"protocols\": [\r\n              {\r\n                \"protocolType\": \"Http\",\r\n                \"port\": 80\r\n              },\r\n              {\r\n                \"protocolType\": \"Https\",\r\n                \"port\": 443\r\n              }\r\n            ],\r\n            \"targetFqdns\": [\r\n              \"*google.com\",\r\n              \"*microsoft.com\"\r\n            ],\r\n            \"targetUrls\": [],\r\n            \"fqdnTags\": [],\r\n            \"sourceIpGroups\": [],\r\n            \"terminateTLS\": false,\r\n            \"webCategories\": [],\r\n            \"httpHeadersToInsert\": [],\r\n            \"name\": \"appRule\",\r\n            \"description\": \"desc1\"\r\n          },\r\n          {\r\n            \"ruleType\": \"ApplicationRule\",\r\n            \"sourceAddresses\": [\r\n              \"192.168.0.0/16\"\r\n            ],\r\n            \"protocols\": [\r\n              {\r\n                \"protocolType\": \"Http\",\r\n                \"port\": 8080\r\n              },\r\n              {\r\n                \"protocolType\": \"Https\",\r\n                \"port\": 443\r\n              }\r\n            ],\r\n            \"targetFqdns\": [\r\n              \"*bing.com\"\r\n            ],\r\n            \"targetUrls\": [],\r\n            \"fqdnTags\": [],\r\n            \"sourceIpGroups\": [],\r\n            \"terminateTLS\": false,\r\n            \"webCategories\": [],\r\n            \"httpHeadersToInsert\": [],\r\n            \"name\": \"appRule2\",\r\n            \"description\": \"desc1\"\r\n          },\r\n          {\r\n            \"ruleType\": \"ApplicationRule\",\r\n            \"sourceAddresses\": [\r\n              \"192.168.0.0/16\"\r\n            ],\r\n            \"protocols\": [\r\n              {\r\n                \"protocolType\": \"Mssql\",\r\n                \"port\": 1433\r\n              }\r\n            ],\r\n            \"targetFqdns\": [\r\n              \"www.ssllabs.com\"\r\n            ],\r\n            \"targetUrls\": [],\r\n            \"fqdnTags\": [],\r\n            \"sourceIpGroups\": [],\r\n            \"terminateTLS\": false,\r\n            \"webCategories\": [],\r\n            \"httpHeadersToInsert\": [],\r\n            \"name\": \"appRule3\"\r\n          }\r\n        ],\r\n        \"name\": \"appRc\",\r\n        \"priority\": 400\r\n      },\r\n      {\r\n        \"ruleCollectionType\": \"FirewallPolicyFilterRuleCollection\",\r\n        \"action\": {\r\n          \"type\": \"Deny\"\r\n        },\r\n        \"rules\": [\r\n          {\r\n            \"ruleType\": \"NetworkRule\",\r\n            \"ipProtocols\": [\r\n              \"UDP\",\r\n              \"TCP\"\r\n            ],\r\n            \"sourceAddresses\": [\r\n              \"10.0.0.0\",\r\n              \"111.1.0.0/24\"\r\n            ],\r\n            \"destinationAddresses\": [\r\n              \"10.10.10.1\"\r\n            ],\r\n            \"destinationPorts\": [\r\n              \"90\"\r\n            ],\r\n            \"sourceIpGroups\": [],\r\n            \"destinationIpGroups\": [],\r\n            \"destinationFqdns\": [],\r\n            \"name\": \"networkRule\",\r\n            \"description\": \"desc1\"\r\n          }\r\n        ],\r\n        \"name\": \"networkRc\",\r\n        \"priority\": 200\r\n      },\r\n      {\r\n        \"ruleCollectionType\": \"FirewallPolicyNatRuleCollection\",\r\n        \"action\": {\r\n          \"type\": \"Dnat\"\r\n        },\r\n        \"rules\": [\r\n          {\r\n            \"ruleType\": \"NatRule\",\r\n            \"ipProtocols\": [\r\n              \"UDP\",\r\n              \"TCP\"\r\n            ],\r\n            \"sourceAddresses\": [\r\n              \"10.0.0.0\",\r\n              \"111.1.0.0/24\"\r\n            ],\r\n            \"destinationAddresses\": [\r\n              \"10.10.10.1\"\r\n            ],\r\n            \"destinationPorts\": [\r\n              \"90\"\r\n            ],\r\n            \"translatedAddress\": \"10.1.2.3\",\r\n            \"translatedPort\": \"91\",\r\n            \"sourceIpGroups\": [],\r\n            \"name\": \"natRule\",\r\n            \"description\": \"desc1\"\r\n          }\r\n        ],\r\n        \"name\": \"natRc\",\r\n        \"priority\": 100\r\n      }\r\n    ]\r\n  },\r\n  \"name\": \"ps1324\"\r\n}",
      "ResponseHeaders": {
        "Cache-Control": [
          "no-cache"
        ],
        "Pragma": [
          "no-cache"
        ],
        "Retry-After": [
          "10"
        ],
        "x-ms-request-id": [
          "a8322def-0bc0-4654-afb4-6e67cdbb1acd",
          "a8322def-0bc0-4654-afb4-6e67cdbb1acd"
        ],
        "x-ms-correlation-request-id": [
          "cd158753-dec3-4cb1-8f86-27abe16a33a3"
        ],
        "Azure-AsyncOperation": [
          "https://management.azure.com/subscriptions/66de82f3-ad93-4605-bbdb-237fe7ef3a06/providers/Microsoft.Network/locations/westus2/nfvOperations/a8322def-0bc0-4654-afb4-6e67cdbb1acd?api-version=2023-05-01"
        ],
        "Server": [
          "Microsoft-HTTPAPI/2.0"
        ],
        "x-ms-ratelimit-remaining-subscription-writes": [
          "1199"
        ],
        "x-ms-routing-request-id": [
          "WESTUS2:20231114T173638Z:cd158753-dec3-4cb1-8f86-27abe16a33a3"
        ],
        "Strict-Transport-Security": [
          "max-age=31536000; includeSubDomains"
        ],
        "X-Content-Type-Options": [
          "nosniff"
        ],
        "Date": [
          "Tue, 14 Nov 2023 17:36:37 GMT"
        ],
        "Content-Length": [
          "4690"
        ],
        "Content-Type": [
          "application/json; charset=utf-8"
        ],
        "Expires": [
          "-1"
        ]
      },
      "ResponseBody": "{\r\n  \"properties\": {\r\n    \"size\": \"0.002803802 MB\",\r\n    \"priority\": 154,\r\n    \"ruleCollections\": [\r\n      {\r\n        \"ruleCollectionType\": \"FirewallPolicyFilterRuleCollection\",\r\n        \"action\": {\r\n          \"type\": \"Allow\"\r\n        },\r\n        \"rules\": [\r\n          {\r\n            \"ruleType\": \"ApplicationRule\",\r\n            \"name\": \"appRule\",\r\n            \"description\": \"desc1\",\r\n            \"protocols\": [\r\n              {\r\n                \"protocolType\": \"Http\",\r\n                \"port\": 80\r\n              },\r\n              {\r\n                \"protocolType\": \"Https\",\r\n                \"port\": 443\r\n              }\r\n            ],\r\n            \"fqdnTags\": [],\r\n            \"webCategories\": [],\r\n            \"targetFqdns\": [\r\n              \"*google.com\",\r\n              \"*microsoft.com\"\r\n            ],\r\n            \"targetUrls\": [],\r\n            \"terminateTLS\": false,\r\n            \"sourceAddresses\": [\r\n              \"192.168.0.0/16\"\r\n            ],\r\n            \"destinationAddresses\": [],\r\n            \"sourceIpGroups\": [],\r\n            \"httpHeadersToInsert\": []\r\n          },\r\n          {\r\n            \"ruleType\": \"ApplicationRule\",\r\n            \"name\": \"appRule2\",\r\n            \"description\": \"desc1\",\r\n            \"protocols\": [\r\n              {\r\n                \"protocolType\": \"Http\",\r\n                \"port\": 8080\r\n              },\r\n              {\r\n                \"protocolType\": \"Https\",\r\n                \"port\": 443\r\n              }\r\n            ],\r\n            \"fqdnTags\": [],\r\n            \"webCategories\": [],\r\n            \"targetFqdns\": [\r\n              \"*bing.com\"\r\n            ],\r\n            \"targetUrls\": [],\r\n            \"terminateTLS\": false,\r\n            \"sourceAddresses\": [\r\n              \"192.168.0.0/16\"\r\n            ],\r\n            \"destinationAddresses\": [],\r\n            \"sourceIpGroups\": [],\r\n            \"httpHeadersToInsert\": []\r\n          },\r\n          {\r\n            \"ruleType\": \"ApplicationRule\",\r\n            \"name\": \"appRule3\",\r\n            \"protocols\": [\r\n              {\r\n                \"protocolType\": \"Mssql\",\r\n                \"port\": 1433\r\n              }\r\n            ],\r\n            \"fqdnTags\": [],\r\n            \"webCategories\": [],\r\n            \"targetFqdns\": [\r\n              \"www.ssllabs.com\"\r\n            ],\r\n            \"targetUrls\": [],\r\n            \"terminateTLS\": false,\r\n            \"sourceAddresses\": [\r\n              \"192.168.0.0/16\"\r\n            ],\r\n            \"destinationAddresses\": [],\r\n            \"sourceIpGroups\": [],\r\n            \"httpHeadersToInsert\": []\r\n          }\r\n        ],\r\n        \"name\": \"appRc\",\r\n        \"priority\": 400\r\n      },\r\n      {\r\n        \"ruleCollectionType\": \"FirewallPolicyFilterRuleCollection\",\r\n        \"action\": {\r\n          \"type\": \"Deny\"\r\n        },\r\n        \"rules\": [\r\n          {\r\n            \"ruleType\": \"NetworkRule\",\r\n            \"ipv6Rule\": false,\r\n            \"name\": \"networkRule\",\r\n            \"description\": \"desc1\",\r\n            \"ipProtocols\": [\r\n              \"UDP\",\r\n              \"TCP\"\r\n            ],\r\n            \"sourceAddresses\": [\r\n              \"10.0.0.0\",\r\n              \"111.1.0.0/24\"\r\n            ],\r\n            \"sourceIpGroups\": [],\r\n            \"destinationAddresses\": [\r\n              \"10.10.10.1\"\r\n            ],\r\n            \"destinationIpGroups\": [],\r\n            \"destinationFqdns\": [],\r\n            \"destinationPorts\": [\r\n              \"90\"\r\n            ]\r\n          }\r\n        ],\r\n        \"name\": \"networkRc\",\r\n        \"priority\": 200\r\n      },\r\n      {\r\n        \"ruleCollectionType\": \"FirewallPolicyNatRuleCollection\",\r\n        \"action\": {\r\n          \"type\": \"Dnat\"\r\n        },\r\n        \"rules\": [\r\n          {\r\n            \"ruleType\": \"NatRule\",\r\n            \"name\": \"natRule\",\r\n            \"description\": \"desc1\",\r\n            \"translatedAddress\": \"10.1.2.3\",\r\n            \"translatedPort\": \"91\",\r\n            \"ipProtocols\": [\r\n              \"UDP\",\r\n              \"TCP\"\r\n            ],\r\n            \"sourceAddresses\": [\r\n              \"10.0.0.0\",\r\n              \"111.1.0.0/24\"\r\n            ],\r\n            \"sourceIpGroups\": [],\r\n            \"destinationAddresses\": [\r\n              \"10.10.10.1\"\r\n            ],\r\n            \"destinationPorts\": [\r\n              \"90\"\r\n            ]\r\n          }\r\n        ],\r\n        \"name\": \"natRc\",\r\n        \"priority\": 100\r\n      }\r\n    ],\r\n    \"provisioningState\": \"Updating\"\r\n  },\r\n  \"id\": \"/subscriptions/66de82f3-ad93-4605-bbdb-237fe7ef3a06/resourceGroups/ps1518/providers/Microsoft.Network/firewallPolicies/ps7223/ruleCollectionGroups/ps1324\",\r\n  \"name\": \"ps1324\",\r\n  \"type\": \"Microsoft.Network/FirewallPolicies/RuleCollectionGroups\",\r\n  \"etag\": \"997897be-8e7a-46af-9bb4-0e7d5c16a88d\",\r\n  \"location\": \"westus2\"\r\n}",
      "StatusCode": 200
    },
    {
      "RequestUri": "/subscriptions/66de82f3-ad93-4605-bbdb-237fe7ef3a06/providers/Microsoft.Network/locations/westus2/nfvOperations/63ddae92-bb18-4124-af90-454bab55bf91?api-version=2023-05-01",
      "EncodedRequestUri": "L3N1YnNjcmlwdGlvbnMvNjZkZTgyZjMtYWQ5My00NjA1LWJiZGItMjM3ZmU3ZWYzYTA2L3Byb3ZpZGVycy9NaWNyb3NvZnQuTmV0d29yay9sb2NhdGlvbnMvd2VzdHVzMi9uZnZPcGVyYXRpb25zLzYzZGRhZTkyLWJiMTgtNDEyNC1hZjkwLTQ1NGJhYjU1YmY5MT9hcGktdmVyc2lvbj0yMDIzLTA1LTAx",
      "RequestMethod": "GET",
      "RequestHeaders": {
        "x-ms-client-request-id": [
          "52bb948f-12a1-477b-8097-5532bfe77f2d"
        ],
        "User-Agent": [
          "FxVersion/6.0.2423.51814",
          "OSName/Windows",
          "OSVersion/Microsoft.Windows.10.0.22631",
          "Microsoft.Azure.Management.Network.NetworkManagementClient/27.0.0.0"
        ]
      },
      "RequestBody": "",
      "ResponseHeaders": {
        "Cache-Control": [
          "no-cache"
        ],
        "Pragma": [
          "no-cache"
        ],
        "x-ms-request-id": [
          "d3f4dba9-fe96-4d67-b756-4024231db621",
          "d3f4dba9-fe96-4d67-b756-4024231db621"
        ],
        "x-ms-correlation-request-id": [
          "3b7a4012-83a5-4668-abf5-37c87bd9e343"
        ],
        "Server": [
          "Microsoft-HTTPAPI/2.0"
        ],
        "x-ms-ratelimit-remaining-subscription-reads": [
          "11999"
        ],
        "x-ms-routing-request-id": [
          "WESTUS2:20231114T173624Z:3b7a4012-83a5-4668-abf5-37c87bd9e343"
        ],
        "Strict-Transport-Security": [
          "max-age=31536000; includeSubDomains"
        ],
        "X-Content-Type-Options": [
          "nosniff"
        ],
        "Date": [
          "Tue, 14 Nov 2023 17:36:23 GMT"
        ],
        "Content-Length": [
          "29"
        ],
        "Content-Type": [
          "application/json; charset=utf-8"
        ],
        "Expires": [
          "-1"
        ]
      },
      "ResponseBody": "{\r\n  \"status\": \"Succeeded\"\r\n}",
      "StatusCode": 200
    },
    {
      "RequestUri": "/subscriptions/66de82f3-ad93-4605-bbdb-237fe7ef3a06/resourceGroups/ps1518/providers/Microsoft.Network/firewallPolicies/ps7223/ruleCollectionGroups/ps1324?api-version=2023-05-01",
      "EncodedRequestUri": "L3N1YnNjcmlwdGlvbnMvNjZkZTgyZjMtYWQ5My00NjA1LWJiZGItMjM3ZmU3ZWYzYTA2L3Jlc291cmNlR3JvdXBzL3BzMTUxOC9wcm92aWRlcnMvTWljcm9zb2Z0Lk5ldHdvcmsvZmlyZXdhbGxQb2xpY2llcy9wczcyMjMvcnVsZUNvbGxlY3Rpb25Hcm91cHMvcHMxMzI0P2FwaS12ZXJzaW9uPTIwMjMtMDUtMDE=",
      "RequestMethod": "GET",
      "RequestHeaders": {
        "x-ms-client-request-id": [
          "52bb948f-12a1-477b-8097-5532bfe77f2d"
        ],
        "User-Agent": [
          "FxVersion/6.0.2423.51814",
          "OSName/Windows",
          "OSVersion/Microsoft.Windows.10.0.22631",
          "Microsoft.Azure.Management.Network.NetworkManagementClient/27.0.0.0"
        ]
      },
      "RequestBody": "",
      "ResponseHeaders": {
        "Cache-Control": [
          "no-cache"
        ],
        "Pragma": [
          "no-cache"
        ],
        "ETag": [
          "\"57985884-b68d-4d76-af13-80f438391875\""
        ],
        "Server": [
          "Microsoft-HTTPAPI/2.0"
        ],
        "x-ms-ratelimit-remaining-subscription-reads": [
          "11998"
        ],
        "x-ms-request-id": [
          "bf15ec9b-bfae-4a57-ae75-a783e8b15d3d"
        ],
        "x-ms-correlation-request-id": [
          "bf15ec9b-bfae-4a57-ae75-a783e8b15d3d"
        ],
        "x-ms-routing-request-id": [
          "WESTUS2:20231114T173624Z:bf15ec9b-bfae-4a57-ae75-a783e8b15d3d"
        ],
        "Strict-Transport-Security": [
          "max-age=31536000; includeSubDomains"
        ],
        "X-Content-Type-Options": [
          "nosniff"
        ],
        "Date": [
          "Tue, 14 Nov 2023 17:36:23 GMT"
        ],
        "Content-Length": [
          "4691"
        ],
        "Content-Type": [
          "application/json; charset=utf-8"
        ],
        "Expires": [
          "-1"
        ]
      },
      "ResponseBody": "{\r\n  \"properties\": {\r\n    \"size\": \"0.002808571 MB\",\r\n    \"priority\": 100,\r\n    \"ruleCollections\": [\r\n      {\r\n        \"ruleCollectionType\": \"FirewallPolicyFilterRuleCollection\",\r\n        \"action\": {\r\n          \"type\": \"Allow\"\r\n        },\r\n        \"rules\": [\r\n          {\r\n            \"ruleType\": \"ApplicationRule\",\r\n            \"name\": \"appRule\",\r\n            \"description\": \"desc1\",\r\n            \"protocols\": [\r\n              {\r\n                \"protocolType\": \"Http\",\r\n                \"port\": 80\r\n              },\r\n              {\r\n                \"protocolType\": \"Https\",\r\n                \"port\": 443\r\n              }\r\n            ],\r\n            \"fqdnTags\": [],\r\n            \"webCategories\": [],\r\n            \"targetFqdns\": [\r\n              \"*google.com\",\r\n              \"*microsoft.com\"\r\n            ],\r\n            \"targetUrls\": [],\r\n            \"terminateTLS\": false,\r\n            \"sourceAddresses\": [\r\n              \"192.168.0.0/16\"\r\n            ],\r\n            \"destinationAddresses\": [],\r\n            \"sourceIpGroups\": [],\r\n            \"httpHeadersToInsert\": []\r\n          },\r\n          {\r\n            \"ruleType\": \"ApplicationRule\",\r\n            \"name\": \"appRule2\",\r\n            \"description\": \"desc1\",\r\n            \"protocols\": [\r\n              {\r\n                \"protocolType\": \"Http\",\r\n                \"port\": 8080\r\n              },\r\n              {\r\n                \"protocolType\": \"Https\",\r\n                \"port\": 443\r\n              }\r\n            ],\r\n            \"fqdnTags\": [],\r\n            \"webCategories\": [],\r\n            \"targetFqdns\": [\r\n              \"*bing.com\"\r\n            ],\r\n            \"targetUrls\": [],\r\n            \"terminateTLS\": false,\r\n            \"sourceAddresses\": [\r\n              \"192.168.0.0/16\"\r\n            ],\r\n            \"destinationAddresses\": [],\r\n            \"sourceIpGroups\": [],\r\n            \"httpHeadersToInsert\": []\r\n          },\r\n          {\r\n            \"ruleType\": \"ApplicationRule\",\r\n            \"name\": \"appRule3\",\r\n            \"protocols\": [\r\n              {\r\n                \"protocolType\": \"Mssql\",\r\n                \"port\": 1433\r\n              }\r\n            ],\r\n            \"fqdnTags\": [],\r\n            \"webCategories\": [],\r\n            \"targetFqdns\": [\r\n              \"www.ssllabs.com\"\r\n            ],\r\n            \"targetUrls\": [],\r\n            \"terminateTLS\": false,\r\n            \"sourceAddresses\": [\r\n              \"192.168.0.0/16\"\r\n            ],\r\n            \"destinationAddresses\": [],\r\n            \"sourceIpGroups\": [],\r\n            \"httpHeadersToInsert\": []\r\n          }\r\n        ],\r\n        \"name\": \"appRc\",\r\n        \"priority\": 400\r\n      },\r\n      {\r\n        \"ruleCollectionType\": \"FirewallPolicyFilterRuleCollection\",\r\n        \"action\": {\r\n          \"type\": \"Deny\"\r\n        },\r\n        \"rules\": [\r\n          {\r\n            \"ruleType\": \"NetworkRule\",\r\n            \"ipv6Rule\": false,\r\n            \"name\": \"networkRule\",\r\n            \"description\": \"desc1\",\r\n            \"ipProtocols\": [\r\n              \"UDP\",\r\n              \"TCP\"\r\n            ],\r\n            \"sourceAddresses\": [\r\n              \"10.0.0.0\",\r\n              \"111.1.0.0/24\"\r\n            ],\r\n            \"sourceIpGroups\": [],\r\n            \"destinationAddresses\": [\r\n              \"10.10.10.1\"\r\n            ],\r\n            \"destinationIpGroups\": [],\r\n            \"destinationFqdns\": [],\r\n            \"destinationPorts\": [\r\n              \"90\"\r\n            ]\r\n          }\r\n        ],\r\n        \"name\": \"networkRc\",\r\n        \"priority\": 200\r\n      },\r\n      {\r\n        \"ruleCollectionType\": \"FirewallPolicyNatRuleCollection\",\r\n        \"action\": {\r\n          \"type\": \"Dnat\"\r\n        },\r\n        \"rules\": [\r\n          {\r\n            \"ruleType\": \"NatRule\",\r\n            \"name\": \"natRule\",\r\n            \"description\": \"desc1\",\r\n            \"translatedAddress\": \"10.1.2.3\",\r\n            \"translatedPort\": \"91\",\r\n            \"ipProtocols\": [\r\n              \"UDP\",\r\n              \"TCP\"\r\n            ],\r\n            \"sourceAddresses\": [\r\n              \"10.0.0.0\",\r\n              \"111.1.0.0/24\"\r\n            ],\r\n            \"sourceIpGroups\": [],\r\n            \"destinationAddresses\": [\r\n              \"10.10.10.1\"\r\n            ],\r\n            \"destinationPorts\": [\r\n              \"90\"\r\n            ]\r\n          }\r\n        ],\r\n        \"name\": \"natRc\",\r\n        \"priority\": 100\r\n      }\r\n    ],\r\n    \"provisioningState\": \"Succeeded\"\r\n  },\r\n  \"id\": \"/subscriptions/66de82f3-ad93-4605-bbdb-237fe7ef3a06/resourceGroups/ps1518/providers/Microsoft.Network/firewallPolicies/ps7223/ruleCollectionGroups/ps1324\",\r\n  \"name\": \"ps1324\",\r\n  \"type\": \"Microsoft.Network/FirewallPolicies/RuleCollectionGroups\",\r\n  \"etag\": \"57985884-b68d-4d76-af13-80f438391875\",\r\n  \"location\": \"westus2\"\r\n}",
      "StatusCode": 200
    },
    {
      "RequestUri": "/subscriptions/66de82f3-ad93-4605-bbdb-237fe7ef3a06/resourceGroups/ps1518/providers/Microsoft.Network/firewallPolicies/ps7223/ruleCollectionGroups/ps1324?api-version=2023-05-01",
      "EncodedRequestUri": "L3N1YnNjcmlwdGlvbnMvNjZkZTgyZjMtYWQ5My00NjA1LWJiZGItMjM3ZmU3ZWYzYTA2L3Jlc291cmNlR3JvdXBzL3BzMTUxOC9wcm92aWRlcnMvTWljcm9zb2Z0Lk5ldHdvcmsvZmlyZXdhbGxQb2xpY2llcy9wczcyMjMvcnVsZUNvbGxlY3Rpb25Hcm91cHMvcHMxMzI0P2FwaS12ZXJzaW9uPTIwMjMtMDUtMDE=",
      "RequestMethod": "GET",
      "RequestHeaders": {
        "x-ms-client-request-id": [
          "18eae7d0-2a6a-45b6-a627-137d2843e61a"
        ],
        "Accept-Language": [
          "en-US"
        ],
        "User-Agent": [
          "FxVersion/6.0.2423.51814",
          "OSName/Windows",
          "OSVersion/Microsoft.Windows.10.0.22631",
          "Microsoft.Azure.Management.Network.NetworkManagementClient/27.0.0.0"
        ]
      },
      "RequestBody": "",
      "ResponseHeaders": {
        "Cache-Control": [
          "no-cache"
        ],
        "Pragma": [
          "no-cache"
        ],
        "ETag": [
          "\"57985884-b68d-4d76-af13-80f438391875\""
        ],
        "Server": [
          "Microsoft-HTTPAPI/2.0"
        ],
        "x-ms-ratelimit-remaining-subscription-reads": [
          "11999"
        ],
        "x-ms-request-id": [
          "ff82b141-7503-4856-8546-e5b5687e3bcb"
        ],
        "x-ms-correlation-request-id": [
          "ff82b141-7503-4856-8546-e5b5687e3bcb"
        ],
        "x-ms-routing-request-id": [
          "WESTUS2:20231114T173636Z:ff82b141-7503-4856-8546-e5b5687e3bcb"
        ],
        "Strict-Transport-Security": [
          "max-age=31536000; includeSubDomains"
        ],
        "X-Content-Type-Options": [
          "nosniff"
        ],
        "Date": [
          "Tue, 14 Nov 2023 17:36:35 GMT"
        ],
        "Content-Length": [
          "4691"
        ],
        "Content-Type": [
          "application/json; charset=utf-8"
        ],
        "Expires": [
          "-1"
        ]
      },
      "ResponseBody": "{\r\n  \"properties\": {\r\n    \"size\": \"0.002808571 MB\",\r\n    \"priority\": 100,\r\n    \"ruleCollections\": [\r\n      {\r\n        \"ruleCollectionType\": \"FirewallPolicyFilterRuleCollection\",\r\n        \"action\": {\r\n          \"type\": \"Allow\"\r\n        },\r\n        \"rules\": [\r\n          {\r\n            \"ruleType\": \"ApplicationRule\",\r\n            \"name\": \"appRule\",\r\n            \"description\": \"desc1\",\r\n            \"protocols\": [\r\n              {\r\n                \"protocolType\": \"Http\",\r\n                \"port\": 80\r\n              },\r\n              {\r\n                \"protocolType\": \"Https\",\r\n                \"port\": 443\r\n              }\r\n            ],\r\n            \"fqdnTags\": [],\r\n            \"webCategories\": [],\r\n            \"targetFqdns\": [\r\n              \"*google.com\",\r\n              \"*microsoft.com\"\r\n            ],\r\n            \"targetUrls\": [],\r\n            \"terminateTLS\": false,\r\n            \"sourceAddresses\": [\r\n              \"192.168.0.0/16\"\r\n            ],\r\n            \"destinationAddresses\": [],\r\n            \"sourceIpGroups\": [],\r\n            \"httpHeadersToInsert\": []\r\n          },\r\n          {\r\n            \"ruleType\": \"ApplicationRule\",\r\n            \"name\": \"appRule2\",\r\n            \"description\": \"desc1\",\r\n            \"protocols\": [\r\n              {\r\n                \"protocolType\": \"Http\",\r\n                \"port\": 8080\r\n              },\r\n              {\r\n                \"protocolType\": \"Https\",\r\n                \"port\": 443\r\n              }\r\n            ],\r\n            \"fqdnTags\": [],\r\n            \"webCategories\": [],\r\n            \"targetFqdns\": [\r\n              \"*bing.com\"\r\n            ],\r\n            \"targetUrls\": [],\r\n            \"terminateTLS\": false,\r\n            \"sourceAddresses\": [\r\n              \"192.168.0.0/16\"\r\n            ],\r\n            \"destinationAddresses\": [],\r\n            \"sourceIpGroups\": [],\r\n            \"httpHeadersToInsert\": []\r\n          },\r\n          {\r\n            \"ruleType\": \"ApplicationRule\",\r\n            \"name\": \"appRule3\",\r\n            \"protocols\": [\r\n              {\r\n                \"protocolType\": \"Mssql\",\r\n                \"port\": 1433\r\n              }\r\n            ],\r\n            \"fqdnTags\": [],\r\n            \"webCategories\": [],\r\n            \"targetFqdns\": [\r\n              \"www.ssllabs.com\"\r\n            ],\r\n            \"targetUrls\": [],\r\n            \"terminateTLS\": false,\r\n            \"sourceAddresses\": [\r\n              \"192.168.0.0/16\"\r\n            ],\r\n            \"destinationAddresses\": [],\r\n            \"sourceIpGroups\": [],\r\n            \"httpHeadersToInsert\": []\r\n          }\r\n        ],\r\n        \"name\": \"appRc\",\r\n        \"priority\": 400\r\n      },\r\n      {\r\n        \"ruleCollectionType\": \"FirewallPolicyFilterRuleCollection\",\r\n        \"action\": {\r\n          \"type\": \"Deny\"\r\n        },\r\n        \"rules\": [\r\n          {\r\n            \"ruleType\": \"NetworkRule\",\r\n            \"ipv6Rule\": false,\r\n            \"name\": \"networkRule\",\r\n            \"description\": \"desc1\",\r\n            \"ipProtocols\": [\r\n              \"UDP\",\r\n              \"TCP\"\r\n            ],\r\n            \"sourceAddresses\": [\r\n              \"10.0.0.0\",\r\n              \"111.1.0.0/24\"\r\n            ],\r\n            \"sourceIpGroups\": [],\r\n            \"destinationAddresses\": [\r\n              \"10.10.10.1\"\r\n            ],\r\n            \"destinationIpGroups\": [],\r\n            \"destinationFqdns\": [],\r\n            \"destinationPorts\": [\r\n              \"90\"\r\n            ]\r\n          }\r\n        ],\r\n        \"name\": \"networkRc\",\r\n        \"priority\": 200\r\n      },\r\n      {\r\n        \"ruleCollectionType\": \"FirewallPolicyNatRuleCollection\",\r\n        \"action\": {\r\n          \"type\": \"Dnat\"\r\n        },\r\n        \"rules\": [\r\n          {\r\n            \"ruleType\": \"NatRule\",\r\n            \"name\": \"natRule\",\r\n            \"description\": \"desc1\",\r\n            \"translatedAddress\": \"10.1.2.3\",\r\n            \"translatedPort\": \"91\",\r\n            \"ipProtocols\": [\r\n              \"UDP\",\r\n              \"TCP\"\r\n            ],\r\n            \"sourceAddresses\": [\r\n              \"10.0.0.0\",\r\n              \"111.1.0.0/24\"\r\n            ],\r\n            \"sourceIpGroups\": [],\r\n            \"destinationAddresses\": [\r\n              \"10.10.10.1\"\r\n            ],\r\n            \"destinationPorts\": [\r\n              \"90\"\r\n            ]\r\n          }\r\n        ],\r\n        \"name\": \"natRc\",\r\n        \"priority\": 100\r\n      }\r\n    ],\r\n    \"provisioningState\": \"Succeeded\"\r\n  },\r\n  \"id\": \"/subscriptions/66de82f3-ad93-4605-bbdb-237fe7ef3a06/resourceGroups/ps1518/providers/Microsoft.Network/firewallPolicies/ps7223/ruleCollectionGroups/ps1324\",\r\n  \"name\": \"ps1324\",\r\n  \"type\": \"Microsoft.Network/FirewallPolicies/RuleCollectionGroups\",\r\n  \"etag\": \"57985884-b68d-4d76-af13-80f438391875\",\r\n  \"location\": \"westus2\"\r\n}",
      "StatusCode": 200
    },
    {
      "RequestUri": "/subscriptions/66de82f3-ad93-4605-bbdb-237fe7ef3a06/resourceGroups/ps1518/providers/Microsoft.Network/firewallPolicies/ps7223/ruleCollectionGroups/ps1324?api-version=2023-05-01",
      "EncodedRequestUri": "L3N1YnNjcmlwdGlvbnMvNjZkZTgyZjMtYWQ5My00NjA1LWJiZGItMjM3ZmU3ZWYzYTA2L3Jlc291cmNlR3JvdXBzL3BzMTUxOC9wcm92aWRlcnMvTWljcm9zb2Z0Lk5ldHdvcmsvZmlyZXdhbGxQb2xpY2llcy9wczcyMjMvcnVsZUNvbGxlY3Rpb25Hcm91cHMvcHMxMzI0P2FwaS12ZXJzaW9uPTIwMjMtMDUtMDE=",
      "RequestMethod": "GET",
      "RequestHeaders": {
        "x-ms-client-request-id": [
          "707ca54f-a257-4e74-8140-8ac6f46ba40f"
        ],
        "Accept-Language": [
          "en-US"
        ],
        "User-Agent": [
          "FxVersion/6.0.2423.51814",
          "OSName/Windows",
          "OSVersion/Microsoft.Windows.10.0.22631",
          "Microsoft.Azure.Management.Network.NetworkManagementClient/27.0.0.0"
        ]
      },
      "RequestBody": "",
      "ResponseHeaders": {
        "Cache-Control": [
          "no-cache"
        ],
        "Pragma": [
          "no-cache"
        ],
        "ETag": [
          "\"57985884-b68d-4d76-af13-80f438391875\""
        ],
        "Server": [
          "Microsoft-HTTPAPI/2.0"
        ],
        "x-ms-ratelimit-remaining-subscription-reads": [
          "11999"
        ],
        "x-ms-request-id": [
          "fd3b4e12-5e39-42db-a792-d6acf8c1552b"
        ],
        "x-ms-correlation-request-id": [
          "fd3b4e12-5e39-42db-a792-d6acf8c1552b"
        ],
        "x-ms-routing-request-id": [
          "WESTUS2:20231114T173637Z:fd3b4e12-5e39-42db-a792-d6acf8c1552b"
        ],
        "Strict-Transport-Security": [
          "max-age=31536000; includeSubDomains"
        ],
        "X-Content-Type-Options": [
          "nosniff"
        ],
        "Date": [
          "Tue, 14 Nov 2023 17:36:36 GMT"
        ],
        "Content-Length": [
          "4691"
        ],
        "Content-Type": [
          "application/json; charset=utf-8"
        ],
        "Expires": [
          "-1"
        ]
      },
      "ResponseBody": "{\r\n  \"properties\": {\r\n    \"size\": \"0.002808571 MB\",\r\n    \"priority\": 100,\r\n    \"ruleCollections\": [\r\n      {\r\n        \"ruleCollectionType\": \"FirewallPolicyFilterRuleCollection\",\r\n        \"action\": {\r\n          \"type\": \"Allow\"\r\n        },\r\n        \"rules\": [\r\n          {\r\n            \"ruleType\": \"ApplicationRule\",\r\n            \"name\": \"appRule\",\r\n            \"description\": \"desc1\",\r\n            \"protocols\": [\r\n              {\r\n                \"protocolType\": \"Http\",\r\n                \"port\": 80\r\n              },\r\n              {\r\n                \"protocolType\": \"Https\",\r\n                \"port\": 443\r\n              }\r\n            ],\r\n            \"fqdnTags\": [],\r\n            \"webCategories\": [],\r\n            \"targetFqdns\": [\r\n              \"*google.com\",\r\n              \"*microsoft.com\"\r\n            ],\r\n            \"targetUrls\": [],\r\n            \"terminateTLS\": false,\r\n            \"sourceAddresses\": [\r\n              \"192.168.0.0/16\"\r\n            ],\r\n            \"destinationAddresses\": [],\r\n            \"sourceIpGroups\": [],\r\n            \"httpHeadersToInsert\": []\r\n          },\r\n          {\r\n            \"ruleType\": \"ApplicationRule\",\r\n            \"name\": \"appRule2\",\r\n            \"description\": \"desc1\",\r\n            \"protocols\": [\r\n              {\r\n                \"protocolType\": \"Http\",\r\n                \"port\": 8080\r\n              },\r\n              {\r\n                \"protocolType\": \"Https\",\r\n                \"port\": 443\r\n              }\r\n            ],\r\n            \"fqdnTags\": [],\r\n            \"webCategories\": [],\r\n            \"targetFqdns\": [\r\n              \"*bing.com\"\r\n            ],\r\n            \"targetUrls\": [],\r\n            \"terminateTLS\": false,\r\n            \"sourceAddresses\": [\r\n              \"192.168.0.0/16\"\r\n            ],\r\n            \"destinationAddresses\": [],\r\n            \"sourceIpGroups\": [],\r\n            \"httpHeadersToInsert\": []\r\n          },\r\n          {\r\n            \"ruleType\": \"ApplicationRule\",\r\n            \"name\": \"appRule3\",\r\n            \"protocols\": [\r\n              {\r\n                \"protocolType\": \"Mssql\",\r\n                \"port\": 1433\r\n              }\r\n            ],\r\n            \"fqdnTags\": [],\r\n            \"webCategories\": [],\r\n            \"targetFqdns\": [\r\n              \"www.ssllabs.com\"\r\n            ],\r\n            \"targetUrls\": [],\r\n            \"terminateTLS\": false,\r\n            \"sourceAddresses\": [\r\n              \"192.168.0.0/16\"\r\n            ],\r\n            \"destinationAddresses\": [],\r\n            \"sourceIpGroups\": [],\r\n            \"httpHeadersToInsert\": []\r\n          }\r\n        ],\r\n        \"name\": \"appRc\",\r\n        \"priority\": 400\r\n      },\r\n      {\r\n        \"ruleCollectionType\": \"FirewallPolicyFilterRuleCollection\",\r\n        \"action\": {\r\n          \"type\": \"Deny\"\r\n        },\r\n        \"rules\": [\r\n          {\r\n            \"ruleType\": \"NetworkRule\",\r\n            \"ipv6Rule\": false,\r\n            \"name\": \"networkRule\",\r\n            \"description\": \"desc1\",\r\n            \"ipProtocols\": [\r\n              \"UDP\",\r\n              \"TCP\"\r\n            ],\r\n            \"sourceAddresses\": [\r\n              \"10.0.0.0\",\r\n              \"111.1.0.0/24\"\r\n            ],\r\n            \"sourceIpGroups\": [],\r\n            \"destinationAddresses\": [\r\n              \"10.10.10.1\"\r\n            ],\r\n            \"destinationIpGroups\": [],\r\n            \"destinationFqdns\": [],\r\n            \"destinationPorts\": [\r\n              \"90\"\r\n            ]\r\n          }\r\n        ],\r\n        \"name\": \"networkRc\",\r\n        \"priority\": 200\r\n      },\r\n      {\r\n        \"ruleCollectionType\": \"FirewallPolicyNatRuleCollection\",\r\n        \"action\": {\r\n          \"type\": \"Dnat\"\r\n        },\r\n        \"rules\": [\r\n          {\r\n            \"ruleType\": \"NatRule\",\r\n            \"name\": \"natRule\",\r\n            \"description\": \"desc1\",\r\n            \"translatedAddress\": \"10.1.2.3\",\r\n            \"translatedPort\": \"91\",\r\n            \"ipProtocols\": [\r\n              \"UDP\",\r\n              \"TCP\"\r\n            ],\r\n            \"sourceAddresses\": [\r\n              \"10.0.0.0\",\r\n              \"111.1.0.0/24\"\r\n            ],\r\n            \"sourceIpGroups\": [],\r\n            \"destinationAddresses\": [\r\n              \"10.10.10.1\"\r\n            ],\r\n            \"destinationPorts\": [\r\n              \"90\"\r\n            ]\r\n          }\r\n        ],\r\n        \"name\": \"natRc\",\r\n        \"priority\": 100\r\n      }\r\n    ],\r\n    \"provisioningState\": \"Succeeded\"\r\n  },\r\n  \"id\": \"/subscriptions/66de82f3-ad93-4605-bbdb-237fe7ef3a06/resourceGroups/ps1518/providers/Microsoft.Network/firewallPolicies/ps7223/ruleCollectionGroups/ps1324\",\r\n  \"name\": \"ps1324\",\r\n  \"type\": \"Microsoft.Network/FirewallPolicies/RuleCollectionGroups\",\r\n  \"etag\": \"57985884-b68d-4d76-af13-80f438391875\",\r\n  \"location\": \"westus2\"\r\n}",
      "StatusCode": 200
    },
    {
      "RequestUri": "/subscriptions/66de82f3-ad93-4605-bbdb-237fe7ef3a06/resourceGroups/ps1518/providers/Microsoft.Network/firewallPolicies/ps7223/ruleCollectionGroups/ps1324?api-version=2023-05-01",
      "EncodedRequestUri": "L3N1YnNjcmlwdGlvbnMvNjZkZTgyZjMtYWQ5My00NjA1LWJiZGItMjM3ZmU3ZWYzYTA2L3Jlc291cmNlR3JvdXBzL3BzMTUxOC9wcm92aWRlcnMvTWljcm9zb2Z0Lk5ldHdvcmsvZmlyZXdhbGxQb2xpY2llcy9wczcyMjMvcnVsZUNvbGxlY3Rpb25Hcm91cHMvcHMxMzI0P2FwaS12ZXJzaW9uPTIwMjMtMDUtMDE=",
      "RequestMethod": "GET",
      "RequestHeaders": {
        "x-ms-client-request-id": [
          "35b3aaa2-7375-4073-9173-e78571a5168b"
        ],
        "User-Agent": [
          "FxVersion/6.0.2423.51814",
          "OSName/Windows",
          "OSVersion/Microsoft.Windows.10.0.22631",
          "Microsoft.Azure.Management.Network.NetworkManagementClient/27.0.0.0"
        ]
      },
      "RequestBody": "",
      "ResponseHeaders": {
        "Cache-Control": [
          "no-cache"
        ],
        "Pragma": [
          "no-cache"
        ],
        "ETag": [
          "\"542f5cee-a0fa-494a-9abf-af1157a8eb01\""
        ],
        "Server": [
          "Microsoft-HTTPAPI/2.0"
        ],
        "x-ms-ratelimit-remaining-subscription-reads": [
          "11998"
        ],
        "x-ms-request-id": [
          "827d7466-ea8d-44a9-88e2-f29ddb675dec"
        ],
        "x-ms-correlation-request-id": [
          "827d7466-ea8d-44a9-88e2-f29ddb675dec"
        ],
        "x-ms-routing-request-id": [
          "WESTUS2:20231114T173648Z:827d7466-ea8d-44a9-88e2-f29ddb675dec"
        ],
        "Strict-Transport-Security": [
          "max-age=31536000; includeSubDomains"
        ],
        "X-Content-Type-Options": [
          "nosniff"
        ],
        "Date": [
          "Tue, 14 Nov 2023 17:36:48 GMT"
        ],
        "Content-Length": [
          "4691"
        ],
        "Content-Type": [
          "application/json; charset=utf-8"
        ],
        "Expires": [
          "-1"
        ]
      },
      "ResponseBody": "{\r\n  \"properties\": {\r\n    \"size\": \"0.002803802 MB\",\r\n    \"priority\": 154,\r\n    \"ruleCollections\": [\r\n      {\r\n        \"ruleCollectionType\": \"FirewallPolicyFilterRuleCollection\",\r\n        \"action\": {\r\n          \"type\": \"Allow\"\r\n        },\r\n        \"rules\": [\r\n          {\r\n            \"ruleType\": \"ApplicationRule\",\r\n            \"name\": \"appRule\",\r\n            \"description\": \"desc1\",\r\n            \"protocols\": [\r\n              {\r\n                \"protocolType\": \"Http\",\r\n                \"port\": 80\r\n              },\r\n              {\r\n                \"protocolType\": \"Https\",\r\n                \"port\": 443\r\n              }\r\n            ],\r\n            \"fqdnTags\": [],\r\n            \"webCategories\": [],\r\n            \"targetFqdns\": [\r\n              \"*google.com\",\r\n              \"*microsoft.com\"\r\n            ],\r\n            \"targetUrls\": [],\r\n            \"terminateTLS\": false,\r\n            \"sourceAddresses\": [\r\n              \"192.168.0.0/16\"\r\n            ],\r\n            \"destinationAddresses\": [],\r\n            \"sourceIpGroups\": [],\r\n            \"httpHeadersToInsert\": []\r\n          },\r\n          {\r\n            \"ruleType\": \"ApplicationRule\",\r\n            \"name\": \"appRule2\",\r\n            \"description\": \"desc1\",\r\n            \"protocols\": [\r\n              {\r\n                \"protocolType\": \"Http\",\r\n                \"port\": 8080\r\n              },\r\n              {\r\n                \"protocolType\": \"Https\",\r\n                \"port\": 443\r\n              }\r\n            ],\r\n            \"fqdnTags\": [],\r\n            \"webCategories\": [],\r\n            \"targetFqdns\": [\r\n              \"*bing.com\"\r\n            ],\r\n            \"targetUrls\": [],\r\n            \"terminateTLS\": false,\r\n            \"sourceAddresses\": [\r\n              \"192.168.0.0/16\"\r\n            ],\r\n            \"destinationAddresses\": [],\r\n            \"sourceIpGroups\": [],\r\n            \"httpHeadersToInsert\": []\r\n          },\r\n          {\r\n            \"ruleType\": \"ApplicationRule\",\r\n            \"name\": \"appRule3\",\r\n            \"protocols\": [\r\n              {\r\n                \"protocolType\": \"Mssql\",\r\n                \"port\": 1433\r\n              }\r\n            ],\r\n            \"fqdnTags\": [],\r\n            \"webCategories\": [],\r\n            \"targetFqdns\": [\r\n              \"www.ssllabs.com\"\r\n            ],\r\n            \"targetUrls\": [],\r\n            \"terminateTLS\": false,\r\n            \"sourceAddresses\": [\r\n              \"192.168.0.0/16\"\r\n            ],\r\n            \"destinationAddresses\": [],\r\n            \"sourceIpGroups\": [],\r\n            \"httpHeadersToInsert\": []\r\n          }\r\n        ],\r\n        \"name\": \"appRc\",\r\n        \"priority\": 400\r\n      },\r\n      {\r\n        \"ruleCollectionType\": \"FirewallPolicyFilterRuleCollection\",\r\n        \"action\": {\r\n          \"type\": \"Deny\"\r\n        },\r\n        \"rules\": [\r\n          {\r\n            \"ruleType\": \"NetworkRule\",\r\n            \"ipv6Rule\": false,\r\n            \"name\": \"networkRule\",\r\n            \"description\": \"desc1\",\r\n            \"ipProtocols\": [\r\n              \"UDP\",\r\n              \"TCP\"\r\n            ],\r\n            \"sourceAddresses\": [\r\n              \"10.0.0.0\",\r\n              \"111.1.0.0/24\"\r\n            ],\r\n            \"sourceIpGroups\": [],\r\n            \"destinationAddresses\": [\r\n              \"10.10.10.1\"\r\n            ],\r\n            \"destinationIpGroups\": [],\r\n            \"destinationFqdns\": [],\r\n            \"destinationPorts\": [\r\n              \"90\"\r\n            ]\r\n          }\r\n        ],\r\n        \"name\": \"networkRc\",\r\n        \"priority\": 200\r\n      },\r\n      {\r\n        \"ruleCollectionType\": \"FirewallPolicyNatRuleCollection\",\r\n        \"action\": {\r\n          \"type\": \"Dnat\"\r\n        },\r\n        \"rules\": [\r\n          {\r\n            \"ruleType\": \"NatRule\",\r\n            \"name\": \"natRule\",\r\n            \"description\": \"desc1\",\r\n            \"translatedAddress\": \"10.1.2.3\",\r\n            \"translatedPort\": \"91\",\r\n            \"ipProtocols\": [\r\n              \"UDP\",\r\n              \"TCP\"\r\n            ],\r\n            \"sourceAddresses\": [\r\n              \"10.0.0.0\",\r\n              \"111.1.0.0/24\"\r\n            ],\r\n            \"sourceIpGroups\": [],\r\n            \"destinationAddresses\": [\r\n              \"10.10.10.1\"\r\n            ],\r\n            \"destinationPorts\": [\r\n              \"90\"\r\n            ]\r\n          }\r\n        ],\r\n        \"name\": \"natRc\",\r\n        \"priority\": 100\r\n      }\r\n    ],\r\n    \"provisioningState\": \"Succeeded\"\r\n  },\r\n  \"id\": \"/subscriptions/66de82f3-ad93-4605-bbdb-237fe7ef3a06/resourceGroups/ps1518/providers/Microsoft.Network/firewallPolicies/ps7223/ruleCollectionGroups/ps1324\",\r\n  \"name\": \"ps1324\",\r\n  \"type\": \"Microsoft.Network/FirewallPolicies/RuleCollectionGroups\",\r\n  \"etag\": \"542f5cee-a0fa-494a-9abf-af1157a8eb01\",\r\n  \"location\": \"westus2\"\r\n}",
      "StatusCode": 200
    },
    {
      "RequestUri": "/subscriptions/66de82f3-ad93-4605-bbdb-237fe7ef3a06/resourceGroups/ps1518/providers/Microsoft.Network/firewallPolicies/ps7223/ruleCollectionGroups/ps1324?api-version=2023-05-01",
      "EncodedRequestUri": "L3N1YnNjcmlwdGlvbnMvNjZkZTgyZjMtYWQ5My00NjA1LWJiZGItMjM3ZmU3ZWYzYTA2L3Jlc291cmNlR3JvdXBzL3BzMTUxOC9wcm92aWRlcnMvTWljcm9zb2Z0Lk5ldHdvcmsvZmlyZXdhbGxQb2xpY2llcy9wczcyMjMvcnVsZUNvbGxlY3Rpb25Hcm91cHMvcHMxMzI0P2FwaS12ZXJzaW9uPTIwMjMtMDUtMDE=",
      "RequestMethod": "GET",
      "RequestHeaders": {
        "x-ms-client-request-id": [
          "09116790-f97c-4fc0-8bbb-0044d0e83bf0"
        ],
        "Accept-Language": [
          "en-US"
        ],
        "User-Agent": [
          "FxVersion/6.0.2423.51814",
          "OSName/Windows",
          "OSVersion/Microsoft.Windows.10.0.22631",
          "Microsoft.Azure.Management.Network.NetworkManagementClient/27.0.0.0"
        ]
      },
      "RequestBody": "",
      "ResponseHeaders": {
        "Cache-Control": [
          "no-cache"
        ],
        "Pragma": [
          "no-cache"
        ],
        "ETag": [
          "\"542f5cee-a0fa-494a-9abf-af1157a8eb01\""
        ],
        "Server": [
          "Microsoft-HTTPAPI/2.0"
        ],
        "x-ms-ratelimit-remaining-subscription-reads": [
          "11999"
        ],
        "x-ms-request-id": [
          "80689c7d-7378-427c-9488-7e583c5e126e"
        ],
        "x-ms-correlation-request-id": [
          "80689c7d-7378-427c-9488-7e583c5e126e"
        ],
        "x-ms-routing-request-id": [
          "WESTUS2:20231114T173649Z:80689c7d-7378-427c-9488-7e583c5e126e"
        ],
        "Strict-Transport-Security": [
          "max-age=31536000; includeSubDomains"
        ],
        "X-Content-Type-Options": [
          "nosniff"
        ],
        "Date": [
          "Tue, 14 Nov 2023 17:36:48 GMT"
        ],
        "Content-Length": [
          "4691"
        ],
        "Content-Type": [
          "application/json; charset=utf-8"
        ],
        "Expires": [
          "-1"
        ]
      },
      "ResponseBody": "{\r\n  \"properties\": {\r\n    \"size\": \"0.002803802 MB\",\r\n    \"priority\": 154,\r\n    \"ruleCollections\": [\r\n      {\r\n        \"ruleCollectionType\": \"FirewallPolicyFilterRuleCollection\",\r\n        \"action\": {\r\n          \"type\": \"Allow\"\r\n        },\r\n        \"rules\": [\r\n          {\r\n            \"ruleType\": \"ApplicationRule\",\r\n            \"name\": \"appRule\",\r\n            \"description\": \"desc1\",\r\n            \"protocols\": [\r\n              {\r\n                \"protocolType\": \"Http\",\r\n                \"port\": 80\r\n              },\r\n              {\r\n                \"protocolType\": \"Https\",\r\n                \"port\": 443\r\n              }\r\n            ],\r\n            \"fqdnTags\": [],\r\n            \"webCategories\": [],\r\n            \"targetFqdns\": [\r\n              \"*google.com\",\r\n              \"*microsoft.com\"\r\n            ],\r\n            \"targetUrls\": [],\r\n            \"terminateTLS\": false,\r\n            \"sourceAddresses\": [\r\n              \"192.168.0.0/16\"\r\n            ],\r\n            \"destinationAddresses\": [],\r\n            \"sourceIpGroups\": [],\r\n            \"httpHeadersToInsert\": []\r\n          },\r\n          {\r\n            \"ruleType\": \"ApplicationRule\",\r\n            \"name\": \"appRule2\",\r\n            \"description\": \"desc1\",\r\n            \"protocols\": [\r\n              {\r\n                \"protocolType\": \"Http\",\r\n                \"port\": 8080\r\n              },\r\n              {\r\n                \"protocolType\": \"Https\",\r\n                \"port\": 443\r\n              }\r\n            ],\r\n            \"fqdnTags\": [],\r\n            \"webCategories\": [],\r\n            \"targetFqdns\": [\r\n              \"*bing.com\"\r\n            ],\r\n            \"targetUrls\": [],\r\n            \"terminateTLS\": false,\r\n            \"sourceAddresses\": [\r\n              \"192.168.0.0/16\"\r\n            ],\r\n            \"destinationAddresses\": [],\r\n            \"sourceIpGroups\": [],\r\n            \"httpHeadersToInsert\": []\r\n          },\r\n          {\r\n            \"ruleType\": \"ApplicationRule\",\r\n            \"name\": \"appRule3\",\r\n            \"protocols\": [\r\n              {\r\n                \"protocolType\": \"Mssql\",\r\n                \"port\": 1433\r\n              }\r\n            ],\r\n            \"fqdnTags\": [],\r\n            \"webCategories\": [],\r\n            \"targetFqdns\": [\r\n              \"www.ssllabs.com\"\r\n            ],\r\n            \"targetUrls\": [],\r\n            \"terminateTLS\": false,\r\n            \"sourceAddresses\": [\r\n              \"192.168.0.0/16\"\r\n            ],\r\n            \"destinationAddresses\": [],\r\n            \"sourceIpGroups\": [],\r\n            \"httpHeadersToInsert\": []\r\n          }\r\n        ],\r\n        \"name\": \"appRc\",\r\n        \"priority\": 400\r\n      },\r\n      {\r\n        \"ruleCollectionType\": \"FirewallPolicyFilterRuleCollection\",\r\n        \"action\": {\r\n          \"type\": \"Deny\"\r\n        },\r\n        \"rules\": [\r\n          {\r\n            \"ruleType\": \"NetworkRule\",\r\n            \"ipv6Rule\": false,\r\n            \"name\": \"networkRule\",\r\n            \"description\": \"desc1\",\r\n            \"ipProtocols\": [\r\n              \"UDP\",\r\n              \"TCP\"\r\n            ],\r\n            \"sourceAddresses\": [\r\n              \"10.0.0.0\",\r\n              \"111.1.0.0/24\"\r\n            ],\r\n            \"sourceIpGroups\": [],\r\n            \"destinationAddresses\": [\r\n              \"10.10.10.1\"\r\n            ],\r\n            \"destinationIpGroups\": [],\r\n            \"destinationFqdns\": [],\r\n            \"destinationPorts\": [\r\n              \"90\"\r\n            ]\r\n          }\r\n        ],\r\n        \"name\": \"networkRc\",\r\n        \"priority\": 200\r\n      },\r\n      {\r\n        \"ruleCollectionType\": \"FirewallPolicyNatRuleCollection\",\r\n        \"action\": {\r\n          \"type\": \"Dnat\"\r\n        },\r\n        \"rules\": [\r\n          {\r\n            \"ruleType\": \"NatRule\",\r\n            \"name\": \"natRule\",\r\n            \"description\": \"desc1\",\r\n            \"translatedAddress\": \"10.1.2.3\",\r\n            \"translatedPort\": \"91\",\r\n            \"ipProtocols\": [\r\n              \"UDP\",\r\n              \"TCP\"\r\n            ],\r\n            \"sourceAddresses\": [\r\n              \"10.0.0.0\",\r\n              \"111.1.0.0/24\"\r\n            ],\r\n            \"sourceIpGroups\": [],\r\n            \"destinationAddresses\": [\r\n              \"10.10.10.1\"\r\n            ],\r\n            \"destinationPorts\": [\r\n              \"90\"\r\n            ]\r\n          }\r\n        ],\r\n        \"name\": \"natRc\",\r\n        \"priority\": 100\r\n      }\r\n    ],\r\n    \"provisioningState\": \"Succeeded\"\r\n  },\r\n  \"id\": \"/subscriptions/66de82f3-ad93-4605-bbdb-237fe7ef3a06/resourceGroups/ps1518/providers/Microsoft.Network/firewallPolicies/ps7223/ruleCollectionGroups/ps1324\",\r\n  \"name\": \"ps1324\",\r\n  \"type\": \"Microsoft.Network/FirewallPolicies/RuleCollectionGroups\",\r\n  \"etag\": \"542f5cee-a0fa-494a-9abf-af1157a8eb01\",\r\n  \"location\": \"westus2\"\r\n}",
      "StatusCode": 200
    },
    {
      "RequestUri": "/subscriptions/66de82f3-ad93-4605-bbdb-237fe7ef3a06/providers/Microsoft.Network/locations/westus2/nfvOperations/3f9580e2-307e-41f4-a4d9-a27851a37dcd?api-version=2023-05-01",
      "EncodedRequestUri": "L3N1YnNjcmlwdGlvbnMvNjZkZTgyZjMtYWQ5My00NjA1LWJiZGItMjM3ZmU3ZWYzYTA2L3Byb3ZpZGVycy9NaWNyb3NvZnQuTmV0d29yay9sb2NhdGlvbnMvd2VzdHVzMi9uZnZPcGVyYXRpb25zLzNmOTU4MGUyLTMwN2UtNDFmNC1hNGQ5LWEyNzg1MWEzN2RjZD9hcGktdmVyc2lvbj0yMDIzLTA1LTAx",
      "RequestMethod": "GET",
      "RequestHeaders": {
        "x-ms-client-request-id": [
          "a647aea1-bd43-4730-a21d-4122904b420b"
        ],
        "User-Agent": [
          "FxVersion/6.0.2423.51814",
          "OSName/Windows",
          "OSVersion/Microsoft.Windows.10.0.22631",
          "Microsoft.Azure.Management.Network.NetworkManagementClient/27.0.0.0"
        ]
      },
      "RequestBody": "",
      "ResponseHeaders": {
        "Cache-Control": [
          "no-cache"
        ],
        "Pragma": [
          "no-cache"
        ],
        "x-ms-request-id": [
          "92f30fba-a2fb-43c7-b813-ec9bcffca323",
          "92f30fba-a2fb-43c7-b813-ec9bcffca323"
        ],
        "x-ms-correlation-request-id": [
          "5ee92592-aabd-44a1-aa80-780803d930ca"
        ],
        "Server": [
          "Microsoft-HTTPAPI/2.0"
        ],
        "x-ms-ratelimit-remaining-subscription-reads": [
          "11998"
        ],
        "x-ms-routing-request-id": [
          "WESTUS2:20231114T173635Z:5ee92592-aabd-44a1-aa80-780803d930ca"
        ],
        "Strict-Transport-Security": [
          "max-age=31536000; includeSubDomains"
        ],
        "X-Content-Type-Options": [
          "nosniff"
        ],
        "Date": [
          "Tue, 14 Nov 2023 17:36:34 GMT"
        ],
        "Content-Length": [
          "29"
        ],
        "Content-Type": [
          "application/json; charset=utf-8"
        ],
        "Expires": [
          "-1"
        ]
      },
      "ResponseBody": "{\r\n  \"status\": \"Succeeded\"\r\n}",
      "StatusCode": 200
    },
    {
      "RequestUri": "/subscriptions/66de82f3-ad93-4605-bbdb-237fe7ef3a06/providers/Microsoft.Network/locations/westus2/nfvOperations/a8322def-0bc0-4654-afb4-6e67cdbb1acd?api-version=2023-05-01",
      "EncodedRequestUri": "L3N1YnNjcmlwdGlvbnMvNjZkZTgyZjMtYWQ5My00NjA1LWJiZGItMjM3ZmU3ZWYzYTA2L3Byb3ZpZGVycy9NaWNyb3NvZnQuTmV0d29yay9sb2NhdGlvbnMvd2VzdHVzMi9uZnZPcGVyYXRpb25zL2E4MzIyZGVmLTBiYzAtNDY1NC1hZmI0LTZlNjdjZGJiMWFjZD9hcGktdmVyc2lvbj0yMDIzLTA1LTAx",
      "RequestMethod": "GET",
      "RequestHeaders": {
        "x-ms-client-request-id": [
          "35b3aaa2-7375-4073-9173-e78571a5168b"
        ],
        "User-Agent": [
          "FxVersion/6.0.2423.51814",
          "OSName/Windows",
          "OSVersion/Microsoft.Windows.10.0.22631",
          "Microsoft.Azure.Management.Network.NetworkManagementClient/27.0.0.0"
        ]
      },
      "RequestBody": "",
      "ResponseHeaders": {
        "Cache-Control": [
          "no-cache"
        ],
        "Pragma": [
          "no-cache"
        ],
        "x-ms-request-id": [
          "05567419-2b08-4d4f-adc6-f87135566faf",
          "05567419-2b08-4d4f-adc6-f87135566faf"
        ],
        "x-ms-correlation-request-id": [
          "7f701b3a-5886-4996-bf81-c25a17a57836"
        ],
        "Server": [
          "Microsoft-HTTPAPI/2.0"
        ],
        "x-ms-ratelimit-remaining-subscription-reads": [
          "11999"
        ],
        "x-ms-routing-request-id": [
          "WESTUS2:20231114T173648Z:7f701b3a-5886-4996-bf81-c25a17a57836"
        ],
        "Strict-Transport-Security": [
          "max-age=31536000; includeSubDomains"
        ],
        "X-Content-Type-Options": [
          "nosniff"
        ],
        "Date": [
          "Tue, 14 Nov 2023 17:36:47 GMT"
        ],
        "Content-Length": [
          "29"
        ],
        "Content-Type": [
          "application/json; charset=utf-8"
        ],
        "Expires": [
          "-1"
        ]
      },
      "ResponseBody": "{\r\n  \"status\": \"Succeeded\"\r\n}",
      "StatusCode": 200
    },
    {
      "RequestUri": "/subscriptions/66de82f3-ad93-4605-bbdb-237fe7ef3a06/resourceGroups/ps1518/providers/Microsoft.Network/firewallPolicies/ps2473?api-version=2023-05-01",
      "EncodedRequestUri": "L3N1YnNjcmlwdGlvbnMvNjZkZTgyZjMtYWQ5My00NjA1LWJiZGItMjM3ZmU3ZWYzYTA2L3Jlc291cmNlR3JvdXBzL3BzMTUxOC9wcm92aWRlcnMvTWljcm9zb2Z0Lk5ldHdvcmsvZmlyZXdhbGxQb2xpY2llcy9wczI0NzM/YXBpLXZlcnNpb249MjAyMy0wNS0wMQ==",
      "RequestMethod": "GET",
      "RequestHeaders": {
        "x-ms-client-request-id": [
          "44736557-1b57-49dc-a921-d7515f25eeee"
        ],
        "Accept-Language": [
          "en-US"
        ],
        "User-Agent": [
          "FxVersion/6.0.2423.51814",
          "OSName/Windows",
          "OSVersion/Microsoft.Windows.10.0.22631",
          "Microsoft.Azure.Management.Network.NetworkManagementClient/27.0.0.0"
        ]
      },
      "RequestBody": "",
      "ResponseHeaders": {
        "Cache-Control": [
          "no-cache"
        ],
        "Pragma": [
          "no-cache"
        ],
        "x-ms-failure-cause": [
          "gateway"
        ],
        "x-ms-request-id": [
          "b4575d87-4859-44ba-9eda-01831038d17e"
        ],
        "x-ms-correlation-request-id": [
          "b4575d87-4859-44ba-9eda-01831038d17e"
        ],
        "x-ms-routing-request-id": [
          "WESTUS2:20231114T173649Z:b4575d87-4859-44ba-9eda-01831038d17e"
        ],
        "Strict-Transport-Security": [
          "max-age=31536000; includeSubDomains"
        ],
        "X-Content-Type-Options": [
          "nosniff"
        ],
        "Date": [
          "Tue, 14 Nov 2023 17:36:49 GMT"
        ],
        "Content-Type": [
          "application/json; charset=utf-8"
        ],
        "Expires": [
          "-1"
        ],
        "Content-Length": [
          "219"
        ]
      },
      "ResponseBody": "{\r\n  \"error\": {\r\n    \"code\": \"ResourceNotFound\",\r\n    \"message\": \"The Resource 'Microsoft.Network/firewallPolicies/ps2473' under resource group 'ps1518' was not found. For more details please go to https://aka.ms/ARMResourceNotFoundFix\"\r\n  }\r\n}",
      "StatusCode": 404
    },
    {
      "RequestUri": "/subscriptions/66de82f3-ad93-4605-bbdb-237fe7ef3a06/resourceGroups/ps1518/providers/Microsoft.Network/firewallPolicies/ps2473?api-version=2023-05-01",
      "EncodedRequestUri": "L3N1YnNjcmlwdGlvbnMvNjZkZTgyZjMtYWQ5My00NjA1LWJiZGItMjM3ZmU3ZWYzYTA2L3Jlc291cmNlR3JvdXBzL3BzMTUxOC9wcm92aWRlcnMvTWljcm9zb2Z0Lk5ldHdvcmsvZmlyZXdhbGxQb2xpY2llcy9wczI0NzM/YXBpLXZlcnNpb249MjAyMy0wNS0wMQ==",
      "RequestMethod": "GET",
      "RequestHeaders": {
        "User-Agent": [
          "FxVersion/6.0.2423.51814",
          "OSName/Windows",
          "OSVersion/Microsoft.Windows.10.0.22631",
          "Microsoft.Azure.Management.Network.NetworkManagementClient/27.0.0.0"
        ]
      },
      "RequestBody": "",
      "ResponseHeaders": {
        "Cache-Control": [
          "no-cache"
        ],
        "Pragma": [
          "no-cache"
        ],
        "ETag": [
          "\"5f4aad1d-7b1d-4e70-81a9-423cc2017e7e\""
        ],
        "Server": [
          "Microsoft-HTTPAPI/2.0"
        ],
        "x-ms-ratelimit-remaining-subscription-reads": [
          "11997"
        ],
        "x-ms-request-id": [
          "012ccca8-b7df-4709-a35c-06d14597dded"
        ],
        "x-ms-correlation-request-id": [
          "012ccca8-b7df-4709-a35c-06d14597dded"
        ],
        "x-ms-routing-request-id": [
          "WESTUS2:20231114T173700Z:012ccca8-b7df-4709-a35c-06d14597dded"
        ],
        "Strict-Transport-Security": [
          "max-age=31536000; includeSubDomains"
        ],
        "X-Content-Type-Options": [
          "nosniff"
        ],
        "Date": [
          "Tue, 14 Nov 2023 17:37:00 GMT"
        ],
        "Content-Length": [
          "545"
        ],
        "Content-Type": [
          "application/json; charset=utf-8"
        ],
        "Expires": [
          "-1"
        ]
      },
      "ResponseBody": "{\r\n  \"properties\": {\r\n    \"size\": \"0.0008831024 MB\",\r\n    \"sku\": {\r\n      \"tier\": \"Standard\"\r\n    },\r\n    \"childPolicies\": [],\r\n    \"ruleCollectionGroups\": [],\r\n    \"firewalls\": [],\r\n    \"threatIntelMode\": \"Alert\",\r\n    \"provisioningState\": \"Succeeded\"\r\n  },\r\n  \"id\": \"/subscriptions/66de82f3-ad93-4605-bbdb-237fe7ef3a06/resourceGroups/ps1518/providers/Microsoft.Network/firewallPolicies/ps2473\",\r\n  \"name\": \"ps2473\",\r\n  \"type\": \"Microsoft.Network/FirewallPolicies\",\r\n  \"etag\": \"5f4aad1d-7b1d-4e70-81a9-423cc2017e7e\",\r\n  \"location\": \"westus2\"\r\n}",
      "StatusCode": 200
    },
    {
      "RequestUri": "/subscriptions/66de82f3-ad93-4605-bbdb-237fe7ef3a06/resourceGroups/ps1518/providers/Microsoft.Network/firewallPolicies/ps2473?api-version=2023-05-01",
      "EncodedRequestUri": "L3N1YnNjcmlwdGlvbnMvNjZkZTgyZjMtYWQ5My00NjA1LWJiZGItMjM3ZmU3ZWYzYTA2L3Jlc291cmNlR3JvdXBzL3BzMTUxOC9wcm92aWRlcnMvTWljcm9zb2Z0Lk5ldHdvcmsvZmlyZXdhbGxQb2xpY2llcy9wczI0NzM/YXBpLXZlcnNpb249MjAyMy0wNS0wMQ==",
      "RequestMethod": "GET",
      "RequestHeaders": {
        "x-ms-client-request-id": [
          "8faae9f3-657b-4b50-9238-999eb1a7dd82"
        ],
        "Accept-Language": [
          "en-US"
        ],
        "User-Agent": [
          "FxVersion/6.0.2423.51814",
          "OSName/Windows",
          "OSVersion/Microsoft.Windows.10.0.22631",
          "Microsoft.Azure.Management.Network.NetworkManagementClient/27.0.0.0"
        ]
      },
      "RequestBody": "",
      "ResponseHeaders": {
        "Cache-Control": [
          "no-cache"
        ],
        "Pragma": [
          "no-cache"
        ],
        "ETag": [
          "\"5f4aad1d-7b1d-4e70-81a9-423cc2017e7e\""
        ],
        "Server": [
          "Microsoft-HTTPAPI/2.0"
        ],
        "x-ms-ratelimit-remaining-subscription-reads": [
          "11996"
        ],
        "x-ms-request-id": [
          "9b5b1170-7937-4618-a8ac-765c8df3ebd0"
        ],
        "x-ms-correlation-request-id": [
          "9b5b1170-7937-4618-a8ac-765c8df3ebd0"
        ],
        "x-ms-routing-request-id": [
          "WESTUS2:20231114T173701Z:9b5b1170-7937-4618-a8ac-765c8df3ebd0"
        ],
        "Strict-Transport-Security": [
          "max-age=31536000; includeSubDomains"
        ],
        "X-Content-Type-Options": [
          "nosniff"
        ],
        "Date": [
          "Tue, 14 Nov 2023 17:37:00 GMT"
        ],
        "Content-Length": [
          "545"
        ],
        "Content-Type": [
          "application/json; charset=utf-8"
        ],
        "Expires": [
          "-1"
        ]
      },
      "ResponseBody": "{\r\n  \"properties\": {\r\n    \"size\": \"0.0008831024 MB\",\r\n    \"sku\": {\r\n      \"tier\": \"Standard\"\r\n    },\r\n    \"childPolicies\": [],\r\n    \"ruleCollectionGroups\": [],\r\n    \"firewalls\": [],\r\n    \"threatIntelMode\": \"Alert\",\r\n    \"provisioningState\": \"Succeeded\"\r\n  },\r\n  \"id\": \"/subscriptions/66de82f3-ad93-4605-bbdb-237fe7ef3a06/resourceGroups/ps1518/providers/Microsoft.Network/firewallPolicies/ps2473\",\r\n  \"name\": \"ps2473\",\r\n  \"type\": \"Microsoft.Network/FirewallPolicies\",\r\n  \"etag\": \"5f4aad1d-7b1d-4e70-81a9-423cc2017e7e\",\r\n  \"location\": \"westus2\"\r\n}",
      "StatusCode": 200
    },
    {
      "RequestUri": "/subscriptions/66de82f3-ad93-4605-bbdb-237fe7ef3a06/resourceGroups/ps1518/providers/Microsoft.Network/firewallPolicies/ps2473?api-version=2023-05-01",
      "EncodedRequestUri": "L3N1YnNjcmlwdGlvbnMvNjZkZTgyZjMtYWQ5My00NjA1LWJiZGItMjM3ZmU3ZWYzYTA2L3Jlc291cmNlR3JvdXBzL3BzMTUxOC9wcm92aWRlcnMvTWljcm9zb2Z0Lk5ldHdvcmsvZmlyZXdhbGxQb2xpY2llcy9wczI0NzM/YXBpLXZlcnNpb249MjAyMy0wNS0wMQ==",
      "RequestMethod": "PUT",
      "RequestHeaders": {
        "x-ms-client-request-id": [
          "cdd6b839-b8fa-492b-8260-99524e4ffdde"
        ],
        "Accept-Language": [
          "en-US"
        ],
        "User-Agent": [
          "FxVersion/6.0.2423.51814",
          "OSName/Windows",
          "OSVersion/Microsoft.Windows.10.0.22631",
          "Microsoft.Azure.Management.Network.NetworkManagementClient/27.0.0.0"
        ],
        "Content-Type": [
          "application/json; charset=utf-8"
        ],
        "Content-Length": [
          "134"
        ]
      },
      "RequestBody": "{\r\n  \"properties\": {\r\n    \"threatIntelMode\": \"Alert\",\r\n    \"sku\": {\r\n      \"tier\": \"Standard\"\r\n    }\r\n  },\r\n  \"location\": \"westus2\"\r\n}",
      "ResponseHeaders": {
        "Cache-Control": [
          "no-cache"
        ],
        "Pragma": [
          "no-cache"
        ],
        "Retry-After": [
          "10"
        ],
        "x-ms-request-id": [
          "2d05d2de-2f6e-44e4-bc38-976b79962cee",
          "2d05d2de-2f6e-44e4-bc38-976b79962cee"
        ],
        "x-ms-correlation-request-id": [
          "e9e5c1d7-b434-43ca-a8db-5c945e6d7e50"
        ],
        "Azure-AsyncOperation": [
          "https://management.azure.com/subscriptions/66de82f3-ad93-4605-bbdb-237fe7ef3a06/providers/Microsoft.Network/locations/westus2/nfvOperations/2d05d2de-2f6e-44e4-bc38-976b79962cee?api-version=2023-05-01"
        ],
        "Server": [
          "Microsoft-HTTPAPI/2.0"
        ],
        "x-ms-ratelimit-remaining-subscription-writes": [
          "1199"
        ],
        "x-ms-routing-request-id": [
          "WESTUS2:20231114T173650Z:e9e5c1d7-b434-43ca-a8db-5c945e6d7e50"
        ],
        "Strict-Transport-Security": [
          "max-age=31536000; includeSubDomains"
        ],
        "X-Content-Type-Options": [
          "nosniff"
        ],
        "Date": [
          "Tue, 14 Nov 2023 17:36:50 GMT"
        ],
        "Content-Length": [
          "544"
        ],
        "Content-Type": [
          "application/json; charset=utf-8"
        ],
        "Expires": [
          "-1"
        ]
      },
      "ResponseBody": "{\r\n  \"properties\": {\r\n    \"size\": \"0.0008831024 MB\",\r\n    \"sku\": {\r\n      \"tier\": \"Standard\"\r\n    },\r\n    \"childPolicies\": [],\r\n    \"ruleCollectionGroups\": [],\r\n    \"firewalls\": [],\r\n    \"threatIntelMode\": \"Alert\",\r\n    \"provisioningState\": \"Updating\"\r\n  },\r\n  \"id\": \"/subscriptions/66de82f3-ad93-4605-bbdb-237fe7ef3a06/resourceGroups/ps1518/providers/Microsoft.Network/firewallPolicies/ps2473\",\r\n  \"name\": \"ps2473\",\r\n  \"type\": \"Microsoft.Network/FirewallPolicies\",\r\n  \"etag\": \"5f4aad1d-7b1d-4e70-81a9-423cc2017e7e\",\r\n  \"location\": \"westus2\"\r\n}",
      "StatusCode": 201
    },
    {
      "RequestUri": "/subscriptions/66de82f3-ad93-4605-bbdb-237fe7ef3a06/providers/Microsoft.Network/locations/westus2/nfvOperations/2d05d2de-2f6e-44e4-bc38-976b79962cee?api-version=2023-05-01",
      "EncodedRequestUri": "L3N1YnNjcmlwdGlvbnMvNjZkZTgyZjMtYWQ5My00NjA1LWJiZGItMjM3ZmU3ZWYzYTA2L3Byb3ZpZGVycy9NaWNyb3NvZnQuTmV0d29yay9sb2NhdGlvbnMvd2VzdHVzMi9uZnZPcGVyYXRpb25zLzJkMDVkMmRlLTJmNmUtNDRlNC1iYzM4LTk3NmI3OTk2MmNlZT9hcGktdmVyc2lvbj0yMDIzLTA1LTAx",
      "RequestMethod": "GET",
      "RequestHeaders": {
        "User-Agent": [
          "FxVersion/6.0.2423.51814",
          "OSName/Windows",
          "OSVersion/Microsoft.Windows.10.0.22631",
          "Microsoft.Azure.Management.Network.NetworkManagementClient/27.0.0.0"
        ]
      },
      "RequestBody": "",
      "ResponseHeaders": {
        "Cache-Control": [
          "no-cache"
        ],
        "Pragma": [
          "no-cache"
        ],
        "x-ms-request-id": [
          "70904fbd-ed57-4fb2-b1e6-11e4fff38017",
          "70904fbd-ed57-4fb2-b1e6-11e4fff38017"
        ],
        "x-ms-correlation-request-id": [
          "a8f2842d-d9b7-4f46-937c-2fdfd3ece2bb"
        ],
        "Server": [
          "Microsoft-HTTPAPI/2.0"
        ],
        "x-ms-ratelimit-remaining-subscription-reads": [
          "11998"
        ],
        "x-ms-routing-request-id": [
          "WESTUS2:20231114T173700Z:a8f2842d-d9b7-4f46-937c-2fdfd3ece2bb"
        ],
        "Strict-Transport-Security": [
          "max-age=31536000; includeSubDomains"
        ],
        "X-Content-Type-Options": [
          "nosniff"
        ],
        "Date": [
          "Tue, 14 Nov 2023 17:37:00 GMT"
        ],
        "Content-Length": [
          "29"
        ],
        "Content-Type": [
          "application/json; charset=utf-8"
        ],
        "Expires": [
          "-1"
        ]
      },
      "ResponseBody": "{\r\n  \"status\": \"Succeeded\"\r\n}",
      "StatusCode": 200
    },
    {
      "RequestUri": "/subscriptions/66de82f3-ad93-4605-bbdb-237fe7ef3a06/resourcegroups/ps1518?api-version=2016-09-01",
      "EncodedRequestUri": "L3N1YnNjcmlwdGlvbnMvNjZkZTgyZjMtYWQ5My00NjA1LWJiZGItMjM3ZmU3ZWYzYTA2L3Jlc291cmNlZ3JvdXBzL3BzMTUxOD9hcGktdmVyc2lvbj0yMDE2LTA5LTAx",
      "RequestMethod": "DELETE",
      "RequestHeaders": {
        "x-ms-client-request-id": [
          "4bfbae83-9826-41f9-ae70-76b5dbcce948"
        ],
        "Accept-Language": [
          "en-US"
        ],
        "User-Agent": [
          "FxVersion/6.0.2423.51814",
          "OSName/Windows",
          "OSVersion/Microsoft.Windows.10.0.22631",
          "Microsoft.Azure.Management.Internal.Resources.ResourceManagementClient/1.3.86"
        ]
      },
      "RequestBody": "",
      "ResponseHeaders": {
        "Cache-Control": [
          "no-cache"
        ],
        "Pragma": [
          "no-cache"
        ],
        "Location": [
          "https://management.azure.com/subscriptions/66de82f3-ad93-4605-bbdb-237fe7ef3a06/operationresults/eyJqb2JJZCI6IlJFU09VUkNFR1JPVVBERUxFVElPTkpPQi1QUzE1MTgtV0VTVFVTMiIsImpvYkxvY2F0aW9uIjoid2VzdHVzMiJ9?api-version=2016-09-01&t=638355802213911988&c=MIIHHjCCBgagAwIBAgITfwI8ooo2761TEgO3SgAEAjyiijANBgkqhkiG9w0BAQsFADBEMRMwEQYKCZImiZPyLGQBGRYDR0JMMRMwEQYKCZImiZPyLGQBGRYDQU1FMRgwFgYDVQQDEw9BTUUgSW5mcmEgQ0EgMDIwHhcNMjMxMTAxMTc1NTI2WhcNMjQxMDI2MTc1NTI2WjBAMT4wPAYDVQQDEzVhc3luY29wZXJhdGlvbnNpZ25pbmdjZXJ0aWZpY2F0ZS5tYW5hZ2VtZW50LmF6dXJlLmNvbTCCASIwDQYJKoZIhvcNAQEBBQADggEPADCCAQoCggEBAJ0WQLjgbZj70uXwL_AnKvEas1GVvOB7Og4giEY7H0L78RFiY2-CzzgMKyZV8H3ACZxqQoBMWsq9XAf4iUNAer7s23VPyWkoVdr2uTc8SCvur4qja77OTMKiRVU277ViRu_Mb-fJvQKeRO3Q8A4Sg1A63a2VQ_WlyOCHPBj-gUF0zU4SYnlqSYGcNmuhCjtHpVvF_N3CGz0JlGTo3ia0wmks2y95IHeD0lcr0AgP73_eafbKafZn4Z56GdC3lngKdhyEiQi_kPyxaydv1PfV2xX9OLKvB19e9jLB43QA9r5k5DsAhqtv6eqwHBdW07S9MCMu8kwoYUpX1TTGapizc6ECAwEAAaOCBAswggQHMCcGCSsGAQQBgjcVCgQaMBgwCgYIKwYBBQUHAwEwCgYIKwYBBQUHAwIwPQYJKwYBBAGCNxUHBDAwLgYmKwYBBAGCNxUIhpDjDYTVtHiE8Ys-hZvdFs6dEoFggvX2K4Py0SACAWQCAQowggHaBggrBgEFBQcBAQSCAcwwggHIMGYGCCsGAQUFBzAChlpodHRwOi8vY3JsLm1pY3Jvc29mdC5jb20vcGtpaW5mcmEvQ2VydHMvQkwyUEtJSU5UQ0EwMS5BTUUuR0JMX0FNRSUyMEluZnJhJTIwQ0ElMjAwMig0KS5jcnQwVgYIKwYBBQUHMAKGSmh0dHA6Ly9jcmwxLmFtZS5nYmwvYWlhL0JMMlBLSUlOVENBMDEuQU1FLkdCTF9BTUUlMjBJbmZyYSUyMENBJTIwMDIoNCkuY3J0MFYGCCsGAQUFBzAChkpodHRwOi8vY3JsMi5hbWUuZ2JsL2FpYS9CTDJQS0lJTlRDQTAxLkFNRS5HQkxfQU1FJTIwSW5mcmElMjBDQSUyMDAyKDQpLmNydDBWBggrBgEFBQcwAoZKaHR0cDovL2NybDMuYW1lLmdibC9haWEvQkwyUEtJSU5UQ0EwMS5BTUUuR0JMX0FNRSUyMEluZnJhJTIwQ0ElMjAwMig0KS5jcnQwVgYIKwYBBQUHMAKGSmh0dHA6Ly9jcmw0LmFtZS5nYmwvYWlhL0JMMlBLSUlOVENBMDEuQU1FLkdCTF9BTUUlMjBJbmZyYSUyMENBJTIwMDIoNCkuY3J0MB0GA1UdDgQWBBTwk8yVBP3k-Qa8LdSw6mv--mLIvDAOBgNVHQ8BAf8EBAMCBaAwggE1BgNVHR8EggEsMIIBKDCCASSgggEgoIIBHIZCaHR0cDovL2NybC5taWNyb3NvZnQuY29tL3BraWluZnJhL0NSTC9BTUUlMjBJbmZyYSUyMENBJTIwMDIoNCkuY3JshjRodHRwOi8vY3JsMS5hbWUuZ2JsL2NybC9BTUUlMjBJbmZyYSUyMENBJTIwMDIoNCkuY3JshjRodHRwOi8vY3JsMi5hbWUuZ2JsL2NybC9BTUUlMjBJbmZyYSUyMENBJTIwMDIoNCkuY3JshjRodHRwOi8vY3JsMy5hbWUuZ2JsL2NybC9BTUUlMjBJbmZyYSUyMENBJTIwMDIoNCkuY3JshjRodHRwOi8vY3JsNC5hbWUuZ2JsL2NybC9BTUUlMjBJbmZyYSUyMENBJTIwMDIoNCkuY3JsMBcGA1UdIAQQMA4wDAYKKwYBBAGCN3sBATAfBgNVHSMEGDAWgBSuecJrXSWIEwb2BwnDl3x7l48dVTAdBgNVHSUEFjAUBggrBgEFBQcDAQYIKwYBBQUHAwIwDQYJKoZIhvcNAQELBQADggEBAKR8h2puMUi3SGdIfblcEylOBfcaCRtDDIvC64QKLae7vOAe1f8SpXEFfYeIl5xydb8lEUYApxL701SQSy-NPuBuuQ0CIMKjZ-xCj9VbjQIykosQBVJvxp5I0TplyumFiehQP3zZuc1PZ2hg05aq3CKSbJGKFlow_8P9RN66yeKWGE7SWV9NZThEL8VfEXjl_ITgWb-L1SmnFKTdOVNVDQoRjjX-JqVobqh0O4K0dsPapDoAdqjIECodvocGyWtCEwIk-j8yyBxqX_JzzumMzxUMrxCjaosaJVOvoJB7vh6WuiYfHondyzaGqjm9Bjpqj46bQXojx6xALlzNX5x_j_g&s=FNcveOQIUzC6qvZ8oRc8Rip76qpwQcszQk4RoS-DA98idxfPxA8Jp85XAJREiMnDLulcAYhXpceP2FDqHFAetYcJAeb1arChS-N2gcAC6JyJToa0XnONZDgPQtyTf7rvAsIEOTjLkHoyWl4D3B_FT4fakivcFF86khUT0FC7mcWNSW35_mAxHjkcno6mXS7fZI56EcyLESQnVQ225xjvAotO1DcH5STaGPMEWiXnvhYjhS39Z72vnZCAN1HeoEkZDweAEbJF4eeJcvSRN3h7neMWECJj58Q6bpA4qt8YDF_i1VximP_ReaDBh5kkDg9Mi8WEEkqYtYKW8KGQfQT7oA&h=8X5DfSYr09cK563wgIm_GUre0Ja4qigu6dLHmMC_XZc"
        ],
        "Retry-After": [
          "15"
        ],
        "x-ms-ratelimit-remaining-subscription-deletes": [
          "14999"
        ],
        "x-ms-request-id": [
          "d0f03416-23e7-495b-9cdd-47221a51a653"
        ],
        "x-ms-correlation-request-id": [
          "d0f03416-23e7-495b-9cdd-47221a51a653"
        ],
        "x-ms-routing-request-id": [
          "WESTUS2:20231114T173701Z:d0f03416-23e7-495b-9cdd-47221a51a653"
        ],
        "Strict-Transport-Security": [
          "max-age=31536000; includeSubDomains"
        ],
        "X-Content-Type-Options": [
          "nosniff"
        ],
        "Date": [
          "Tue, 14 Nov 2023 17:37:01 GMT"
        ],
        "Expires": [
          "-1"
        ],
        "Content-Length": [
          "0"
        ]
      },
      "ResponseBody": "",
      "StatusCode": 202
    },
    {
      "RequestUri": "/subscriptions/66de82f3-ad93-4605-bbdb-237fe7ef3a06/operationresults/eyJqb2JJZCI6IlJFU09VUkNFR1JPVVBERUxFVElPTkpPQi1QUzE1MTgtV0VTVFVTMiIsImpvYkxvY2F0aW9uIjoid2VzdHVzMiJ9?api-version=2016-09-01&t=638355802213911988&c=MIIHHjCCBgagAwIBAgITfwI8ooo2761TEgO3SgAEAjyiijANBgkqhkiG9w0BAQsFADBEMRMwEQYKCZImiZPyLGQBGRYDR0JMMRMwEQYKCZImiZPyLGQBGRYDQU1FMRgwFgYDVQQDEw9BTUUgSW5mcmEgQ0EgMDIwHhcNMjMxMTAxMTc1NTI2WhcNMjQxMDI2MTc1NTI2WjBAMT4wPAYDVQQDEzVhc3luY29wZXJhdGlvbnNpZ25pbmdjZXJ0aWZpY2F0ZS5tYW5hZ2VtZW50LmF6dXJlLmNvbTCCASIwDQYJKoZIhvcNAQEBBQADggEPADCCAQoCggEBAJ0WQLjgbZj70uXwL_AnKvEas1GVvOB7Og4giEY7H0L78RFiY2-CzzgMKyZV8H3ACZxqQoBMWsq9XAf4iUNAer7s23VPyWkoVdr2uTc8SCvur4qja77OTMKiRVU277ViRu_Mb-fJvQKeRO3Q8A4Sg1A63a2VQ_WlyOCHPBj-gUF0zU4SYnlqSYGcNmuhCjtHpVvF_N3CGz0JlGTo3ia0wmks2y95IHeD0lcr0AgP73_eafbKafZn4Z56GdC3lngKdhyEiQi_kPyxaydv1PfV2xX9OLKvB19e9jLB43QA9r5k5DsAhqtv6eqwHBdW07S9MCMu8kwoYUpX1TTGapizc6ECAwEAAaOCBAswggQHMCcGCSsGAQQBgjcVCgQaMBgwCgYIKwYBBQUHAwEwCgYIKwYBBQUHAwIwPQYJKwYBBAGCNxUHBDAwLgYmKwYBBAGCNxUIhpDjDYTVtHiE8Ys-hZvdFs6dEoFggvX2K4Py0SACAWQCAQowggHaBggrBgEFBQcBAQSCAcwwggHIMGYGCCsGAQUFBzAChlpodHRwOi8vY3JsLm1pY3Jvc29mdC5jb20vcGtpaW5mcmEvQ2VydHMvQkwyUEtJSU5UQ0EwMS5BTUUuR0JMX0FNRSUyMEluZnJhJTIwQ0ElMjAwMig0KS5jcnQwVgYIKwYBBQUHMAKGSmh0dHA6Ly9jcmwxLmFtZS5nYmwvYWlhL0JMMlBLSUlOVENBMDEuQU1FLkdCTF9BTUUlMjBJbmZyYSUyMENBJTIwMDIoNCkuY3J0MFYGCCsGAQUFBzAChkpodHRwOi8vY3JsMi5hbWUuZ2JsL2FpYS9CTDJQS0lJTlRDQTAxLkFNRS5HQkxfQU1FJTIwSW5mcmElMjBDQSUyMDAyKDQpLmNydDBWBggrBgEFBQcwAoZKaHR0cDovL2NybDMuYW1lLmdibC9haWEvQkwyUEtJSU5UQ0EwMS5BTUUuR0JMX0FNRSUyMEluZnJhJTIwQ0ElMjAwMig0KS5jcnQwVgYIKwYBBQUHMAKGSmh0dHA6Ly9jcmw0LmFtZS5nYmwvYWlhL0JMMlBLSUlOVENBMDEuQU1FLkdCTF9BTUUlMjBJbmZyYSUyMENBJTIwMDIoNCkuY3J0MB0GA1UdDgQWBBTwk8yVBP3k-Qa8LdSw6mv--mLIvDAOBgNVHQ8BAf8EBAMCBaAwggE1BgNVHR8EggEsMIIBKDCCASSgggEgoIIBHIZCaHR0cDovL2NybC5taWNyb3NvZnQuY29tL3BraWluZnJhL0NSTC9BTUUlMjBJbmZyYSUyMENBJTIwMDIoNCkuY3JshjRodHRwOi8vY3JsMS5hbWUuZ2JsL2NybC9BTUUlMjBJbmZyYSUyMENBJTIwMDIoNCkuY3JshjRodHRwOi8vY3JsMi5hbWUuZ2JsL2NybC9BTUUlMjBJbmZyYSUyMENBJTIwMDIoNCkuY3JshjRodHRwOi8vY3JsMy5hbWUuZ2JsL2NybC9BTUUlMjBJbmZyYSUyMENBJTIwMDIoNCkuY3JshjRodHRwOi8vY3JsNC5hbWUuZ2JsL2NybC9BTUUlMjBJbmZyYSUyMENBJTIwMDIoNCkuY3JsMBcGA1UdIAQQMA4wDAYKKwYBBAGCN3sBATAfBgNVHSMEGDAWgBSuecJrXSWIEwb2BwnDl3x7l48dVTAdBgNVHSUEFjAUBggrBgEFBQcDAQYIKwYBBQUHAwIwDQYJKoZIhvcNAQELBQADggEBAKR8h2puMUi3SGdIfblcEylOBfcaCRtDDIvC64QKLae7vOAe1f8SpXEFfYeIl5xydb8lEUYApxL701SQSy-NPuBuuQ0CIMKjZ-xCj9VbjQIykosQBVJvxp5I0TplyumFiehQP3zZuc1PZ2hg05aq3CKSbJGKFlow_8P9RN66yeKWGE7SWV9NZThEL8VfEXjl_ITgWb-L1SmnFKTdOVNVDQoRjjX-JqVobqh0O4K0dsPapDoAdqjIECodvocGyWtCEwIk-j8yyBxqX_JzzumMzxUMrxCjaosaJVOvoJB7vh6WuiYfHondyzaGqjm9Bjpqj46bQXojx6xALlzNX5x_j_g&s=FNcveOQIUzC6qvZ8oRc8Rip76qpwQcszQk4RoS-DA98idxfPxA8Jp85XAJREiMnDLulcAYhXpceP2FDqHFAetYcJAeb1arChS-N2gcAC6JyJToa0XnONZDgPQtyTf7rvAsIEOTjLkHoyWl4D3B_FT4fakivcFF86khUT0FC7mcWNSW35_mAxHjkcno6mXS7fZI56EcyLESQnVQ225xjvAotO1DcH5STaGPMEWiXnvhYjhS39Z72vnZCAN1HeoEkZDweAEbJF4eeJcvSRN3h7neMWECJj58Q6bpA4qt8YDF_i1VximP_ReaDBh5kkDg9Mi8WEEkqYtYKW8KGQfQT7oA&h=8X5DfSYr09cK563wgIm_GUre0Ja4qigu6dLHmMC_XZc",
      "EncodedRequestUri": "L3N1YnNjcmlwdGlvbnMvNjZkZTgyZjMtYWQ5My00NjA1LWJiZGItMjM3ZmU3ZWYzYTA2L29wZXJhdGlvbnJlc3VsdHMvZXlKcWIySkpaQ0k2SWxKRlUwOVZVa05GUjFKUFZWQkVSVXhGVkVsUFRrcFBRaTFRVXpFMU1UZ3RWMFZUVkZWVE1pSXNJbXB2WWt4dlkyRjBhVzl1SWpvaWQyVnpkSFZ6TWlKOT9hcGktdmVyc2lvbj0yMDE2LTA5LTAxJnQ9NjM4MzU1ODAyMjEzOTExOTg4JmM9TUlJSEhqQ0NCZ2FnQXdJQkFnSVRmd0k4b29vMjc2MVRFZ08zU2dBRUFqeWlpakFOQmdrcWhraUc5dzBCQVFzRkFEQkVNUk13RVFZS0NaSW1pWlB5TEdRQkdSWURSMEpNTVJNd0VRWUtDWkltaVpQeUxHUUJHUllEUVUxRk1SZ3dGZ1lEVlFRREV3OUJUVVVnU1c1bWNtRWdRMEVnTURJd0hoY05Nak14TVRBeE1UYzFOVEkyV2hjTk1qUXhNREkyTVRjMU5USTJXakJBTVQ0d1BBWURWUVFERXpWaGMzbHVZMjl3WlhKaGRHbHZibk5wWjI1cGJtZGpaWEowYVdacFkyRjBaUzV0WVc1aFoyVnRaVzUwTG1GNmRYSmxMbU52YlRDQ0FTSXdEUVlKS29aSWh2Y05BUUVCQlFBRGdnRVBBRENDQVFvQ2dnRUJBSjBXUUxqZ2JaajcwdVh3TF9Bbkt2RWFzMUdWdk9CN09nNGdpRVk3SDBMNzhSRmlZMi1DenpnTUt5WlY4SDNBQ1p4cVFvQk1Xc3E5WEFmNGlVTkFlcjdzMjNWUHlXa29WZHIydVRjOFNDdnVyNHFqYTc3T1RNS2lSVlUyNzdWaVJ1X01iLWZKdlFLZVJPM1E4QTRTZzFBNjNhMlZRX1dseU9DSFBCai1nVUYwelU0U1lubHFTWUdjTm11aENqdEhwVnZGX04zQ0d6MEpsR1RvM2lhMHdta3MyeTk1SUhlRDBsY3IwQWdQNzNfZWFmYkthZlpuNFo1NkdkQzNsbmdLZGh5RWlRaV9rUHl4YXlkdjFQZlYyeFg5T0xLdkIxOWU5akxCNDNRQTlyNWs1RHNBaHF0djZlcXdIQmRXMDdTOU1DTXU4a3dvWVVwWDFUVEdhcGl6YzZFQ0F3RUFBYU9DQkFzd2dnUUhNQ2NHQ1NzR0FRUUJnamNWQ2dRYU1CZ3dDZ1lJS3dZQkJRVUhBd0V3Q2dZSUt3WUJCUVVIQXdJd1BRWUpLd1lCQkFHQ054VUhCREF3TGdZbUt3WUJCQUdDTnhVSWhwRGpEWVRWdEhpRThZcy1oWnZkRnM2ZEVvRmdndlgySzRQeTBTQUNBV1FDQVFvd2dnSGFCZ2dyQmdFRkJRY0JBUVNDQWN3d2dnSElNR1lHQ0NzR0FRVUZCekFDaGxwb2RIUndPaTh2WTNKc0xtMXBZM0p2YzI5bWRDNWpiMjB2Y0d0cGFXNW1jbUV2UTJWeWRITXZRa3d5VUV0SlNVNVVRMEV3TVM1QlRVVXVSMEpNWDBGTlJTVXlNRWx1Wm5KaEpUSXdRMEVsTWpBd01pZzBLUzVqY25Rd1ZnWUlLd1lCQlFVSE1BS0dTbWgwZEhBNkx5OWpjbXd4TG1GdFpTNW5ZbXd2WVdsaEwwSk1NbEJMU1VsT1ZFTkJNREV1UVUxRkxrZENURjlCVFVVbE1qQkpibVp5WVNVeU1FTkJKVEl3TURJb05Da3VZM0owTUZZR0NDc0dBUVVGQnpBQ2hrcG9kSFJ3T2k4dlkzSnNNaTVoYldVdVoySnNMMkZwWVM5Q1RESlFTMGxKVGxSRFFUQXhMa0ZOUlM1SFFreGZRVTFGSlRJd1NXNW1jbUVsTWpCRFFTVXlNREF5S0RRcExtTnlkREJXQmdnckJnRUZCUWN3QW9aS2FIUjBjRG92TDJOeWJETXVZVzFsTG1kaWJDOWhhV0V2UWt3eVVFdEpTVTVVUTBFd01TNUJUVVV1UjBKTVgwRk5SU1V5TUVsdVpuSmhKVEl3UTBFbE1qQXdNaWcwS1M1amNuUXdWZ1lJS3dZQkJRVUhNQUtHU21oMGRIQTZMeTlqY213MExtRnRaUzVuWW13dllXbGhMMEpNTWxCTFNVbE9WRU5CTURFdVFVMUZMa2RDVEY5QlRVVWxNakJKYm1aeVlTVXlNRU5CSlRJd01ESW9OQ2t1WTNKME1CMEdBMVVkRGdRV0JCVHdrOHlWQlAzay1RYThMZFN3Nm12LS1tTEl2REFPQmdOVkhROEJBZjhFQkFNQ0JhQXdnZ0UxQmdOVkhSOEVnZ0VzTUlJQktEQ0NBU1NnZ2dFZ29JSUJISVpDYUhSMGNEb3ZMMk55YkM1dGFXTnliM052Wm5RdVkyOXRMM0JyYVdsdVpuSmhMME5TVEM5QlRVVWxNakJKYm1aeVlTVXlNRU5CSlRJd01ESW9OQ2t1WTNKc2hqUm9kSFJ3T2k4dlkzSnNNUzVoYldVdVoySnNMMk55YkM5QlRVVWxNakJKYm1aeVlTVXlNRU5CSlRJd01ESW9OQ2t1WTNKc2hqUm9kSFJ3T2k4dlkzSnNNaTVoYldVdVoySnNMMk55YkM5QlRVVWxNakJKYm1aeVlTVXlNRU5CSlRJd01ESW9OQ2t1WTNKc2hqUm9kSFJ3T2k4dlkzSnNNeTVoYldVdVoySnNMMk55YkM5QlRVVWxNakJKYm1aeVlTVXlNRU5CSlRJd01ESW9OQ2t1WTNKc2hqUm9kSFJ3T2k4dlkzSnNOQzVoYldVdVoySnNMMk55YkM5QlRVVWxNakJKYm1aeVlTVXlNRU5CSlRJd01ESW9OQ2t1WTNKc01CY0dBMVVkSUFRUU1BNHdEQVlLS3dZQkJBR0NOM3NCQVRBZkJnTlZIU01FR0RBV2dCU3VlY0pyWFNXSUV3YjJCd25EbDN4N2w0OGRWVEFkQmdOVkhTVUVGakFVQmdnckJnRUZCUWNEQVFZSUt3WUJCUVVIQXdJd0RRWUpLb1pJaHZjTkFRRUxCUUFEZ2dFQkFLUjhoMnB1TVVpM1NHZElmYmxjRXlsT0JmY2FDUnREREl2QzY0UUtMYWU3dk9BZTFmOFNwWEVGZlllSWw1eHlkYjhsRVVZQXB4TDcwMVNRU3ktTlB1QnV1UTBDSU1LaloteENqOVZialFJeWtvc1FCVkp2eHA1STBUcGx5dW1GaWVoUVAzelp1YzFQWjJoZzA1YXEzQ0tTYkpHS0Zsb3dfOFA5Uk42NnllS1dHRTdTV1Y5TlpUaEVMOFZmRVhqbF9JVGdXYi1MMVNtbkZLVGRPVk5WRFFvUmpqWC1KcVZvYnFoME80SzBkc1BhcERvQWRxaklFQ29kdm9jR3lXdENFd0lrLWo4eXlCeHFYX0p6enVtTXp4VU1yeENqYW9zYUpWT3ZvSkI3dmg2V3VpWWZIb25keXphR3FqbTlCanBxajQ2YlFYb2p4NnhBTGx6Tlg1eF9qX2cmcz1GTmN2ZU9RSVV6QzZxdlo4b1JjOFJpcDc2cXB3UWNzelFrNFJvUy1EQTk4aWR4ZlB4QThKcDg1WEFKUkVpTW5ETHVsY0FZaFhwY2VQMkZEcUhGQWV0WWNKQWViMWFyQ2hTLU4yZ2NBQzZKeUpUb2EwWG5PTlpEZ1BRdHlUZjdydkFzSUVPVGpMa0hveVdsNEQzQl9GVDRmYWtpdmNGRjg2a2hVVDBGQzdtY1dOU1czNV9tQXhIamtjbm82bVhTN2ZaSTU2RWN5TEVTUW5WUTIyNXhqdkFvdE8xRGNINVNUYUdQTUVXaVhudmhZamhTMzlaNzJ2blpDQU4xSGVvRWtaRHdlQUViSkY0ZWVKY3ZTUk4zaDduZU1XRUNKajU4UTZicEE0cXQ4WURGX2kxVnhpbVBfUmVhREJoNWtrRGc5TWk4V0VFa3FZdFlLVzhLR1FmUVQ3b0EmaD04WDVEZlNZcjA5Y0s1NjN3Z0ltX0dVcmUwSmE0cWlndTZkTEhtTUNfWFpj",
      "RequestMethod": "GET",
      "RequestHeaders": {
        "User-Agent": [
          "FxVersion/6.0.2423.51814",
          "OSName/Windows",
          "OSVersion/Microsoft.Windows.10.0.22631",
          "Microsoft.Azure.Management.Internal.Resources.ResourceManagementClient/1.3.86"
        ]
      },
      "RequestBody": "",
      "ResponseHeaders": {
        "Cache-Control": [
          "no-cache"
        ],
        "Pragma": [
          "no-cache"
        ],
        "Location": [
          "https://management.azure.com/subscriptions/66de82f3-ad93-4605-bbdb-237fe7ef3a06/operationresults/eyJqb2JJZCI6IlJFU09VUkNFR1JPVVBERUxFVElPTkpPQi1QUzE1MTgtV0VTVFVTMiIsImpvYkxvY2F0aW9uIjoid2VzdHVzMiJ9?api-version=2016-09-01&t=638355802364382139&c=MIIHHjCCBgagAwIBAgITfwI8ooo2761TEgO3SgAEAjyiijANBgkqhkiG9w0BAQsFADBEMRMwEQYKCZImiZPyLGQBGRYDR0JMMRMwEQYKCZImiZPyLGQBGRYDQU1FMRgwFgYDVQQDEw9BTUUgSW5mcmEgQ0EgMDIwHhcNMjMxMTAxMTc1NTI2WhcNMjQxMDI2MTc1NTI2WjBAMT4wPAYDVQQDEzVhc3luY29wZXJhdGlvbnNpZ25pbmdjZXJ0aWZpY2F0ZS5tYW5hZ2VtZW50LmF6dXJlLmNvbTCCASIwDQYJKoZIhvcNAQEBBQADggEPADCCAQoCggEBAJ0WQLjgbZj70uXwL_AnKvEas1GVvOB7Og4giEY7H0L78RFiY2-CzzgMKyZV8H3ACZxqQoBMWsq9XAf4iUNAer7s23VPyWkoVdr2uTc8SCvur4qja77OTMKiRVU277ViRu_Mb-fJvQKeRO3Q8A4Sg1A63a2VQ_WlyOCHPBj-gUF0zU4SYnlqSYGcNmuhCjtHpVvF_N3CGz0JlGTo3ia0wmks2y95IHeD0lcr0AgP73_eafbKafZn4Z56GdC3lngKdhyEiQi_kPyxaydv1PfV2xX9OLKvB19e9jLB43QA9r5k5DsAhqtv6eqwHBdW07S9MCMu8kwoYUpX1TTGapizc6ECAwEAAaOCBAswggQHMCcGCSsGAQQBgjcVCgQaMBgwCgYIKwYBBQUHAwEwCgYIKwYBBQUHAwIwPQYJKwYBBAGCNxUHBDAwLgYmKwYBBAGCNxUIhpDjDYTVtHiE8Ys-hZvdFs6dEoFggvX2K4Py0SACAWQCAQowggHaBggrBgEFBQcBAQSCAcwwggHIMGYGCCsGAQUFBzAChlpodHRwOi8vY3JsLm1pY3Jvc29mdC5jb20vcGtpaW5mcmEvQ2VydHMvQkwyUEtJSU5UQ0EwMS5BTUUuR0JMX0FNRSUyMEluZnJhJTIwQ0ElMjAwMig0KS5jcnQwVgYIKwYBBQUHMAKGSmh0dHA6Ly9jcmwxLmFtZS5nYmwvYWlhL0JMMlBLSUlOVENBMDEuQU1FLkdCTF9BTUUlMjBJbmZyYSUyMENBJTIwMDIoNCkuY3J0MFYGCCsGAQUFBzAChkpodHRwOi8vY3JsMi5hbWUuZ2JsL2FpYS9CTDJQS0lJTlRDQTAxLkFNRS5HQkxfQU1FJTIwSW5mcmElMjBDQSUyMDAyKDQpLmNydDBWBggrBgEFBQcwAoZKaHR0cDovL2NybDMuYW1lLmdibC9haWEvQkwyUEtJSU5UQ0EwMS5BTUUuR0JMX0FNRSUyMEluZnJhJTIwQ0ElMjAwMig0KS5jcnQwVgYIKwYBBQUHMAKGSmh0dHA6Ly9jcmw0LmFtZS5nYmwvYWlhL0JMMlBLSUlOVENBMDEuQU1FLkdCTF9BTUUlMjBJbmZyYSUyMENBJTIwMDIoNCkuY3J0MB0GA1UdDgQWBBTwk8yVBP3k-Qa8LdSw6mv--mLIvDAOBgNVHQ8BAf8EBAMCBaAwggE1BgNVHR8EggEsMIIBKDCCASSgggEgoIIBHIZCaHR0cDovL2NybC5taWNyb3NvZnQuY29tL3BraWluZnJhL0NSTC9BTUUlMjBJbmZyYSUyMENBJTIwMDIoNCkuY3JshjRodHRwOi8vY3JsMS5hbWUuZ2JsL2NybC9BTUUlMjBJbmZyYSUyMENBJTIwMDIoNCkuY3JshjRodHRwOi8vY3JsMi5hbWUuZ2JsL2NybC9BTUUlMjBJbmZyYSUyMENBJTIwMDIoNCkuY3JshjRodHRwOi8vY3JsMy5hbWUuZ2JsL2NybC9BTUUlMjBJbmZyYSUyMENBJTIwMDIoNCkuY3JshjRodHRwOi8vY3JsNC5hbWUuZ2JsL2NybC9BTUUlMjBJbmZyYSUyMENBJTIwMDIoNCkuY3JsMBcGA1UdIAQQMA4wDAYKKwYBBAGCN3sBATAfBgNVHSMEGDAWgBSuecJrXSWIEwb2BwnDl3x7l48dVTAdBgNVHSUEFjAUBggrBgEFBQcDAQYIKwYBBQUHAwIwDQYJKoZIhvcNAQELBQADggEBAKR8h2puMUi3SGdIfblcEylOBfcaCRtDDIvC64QKLae7vOAe1f8SpXEFfYeIl5xydb8lEUYApxL701SQSy-NPuBuuQ0CIMKjZ-xCj9VbjQIykosQBVJvxp5I0TplyumFiehQP3zZuc1PZ2hg05aq3CKSbJGKFlow_8P9RN66yeKWGE7SWV9NZThEL8VfEXjl_ITgWb-L1SmnFKTdOVNVDQoRjjX-JqVobqh0O4K0dsPapDoAdqjIECodvocGyWtCEwIk-j8yyBxqX_JzzumMzxUMrxCjaosaJVOvoJB7vh6WuiYfHondyzaGqjm9Bjpqj46bQXojx6xALlzNX5x_j_g&s=PCc3UYLSlPbJlgW48nO_xN-mIPH5_e3tZ4krrMQo29s6pKnrKyCUMgcADaUi-X_Tx_pdUe66jjSfS4RvwbkE7j2MScbzR8WV21SvLxWIQJOPGJHJjXbRseWHoZq4sqNvzHJuXwsZ7eChbEtt1VwhuhlLfTetvvSrDgxQ3nME8wAnicS-R3MAtBygh2LINdsFqvjlQ-EHFvZbUEKG-RV0v4Y9l3pwcGVdeZR1xCNxYno-r4WbP3hknlPb7jcxuCzuR7fSwM-Ej7hFrFZR02KxQxiokJ75Nvd59iuwuruTA_5kt8gfIISaOvJXvhImb9RNptY3BckSG_hWEx6lZGmvNA&h=UBwQd7KfzVIie2EdBGg9ZNuLi9GMxsPtcqmOdt9b4bk"
        ],
        "Retry-After": [
          "15"
        ],
        "x-ms-ratelimit-remaining-subscription-reads": [
          "11999"
        ],
        "x-ms-request-id": [
          "ea7fd8df-4eea-4b53-966b-d9b27929f0c6"
        ],
        "x-ms-correlation-request-id": [
          "ea7fd8df-4eea-4b53-966b-d9b27929f0c6"
        ],
        "x-ms-routing-request-id": [
          "WESTUS2:20231114T173716Z:ea7fd8df-4eea-4b53-966b-d9b27929f0c6"
        ],
        "Strict-Transport-Security": [
          "max-age=31536000; includeSubDomains"
        ],
        "X-Content-Type-Options": [
          "nosniff"
        ],
        "Date": [
          "Tue, 14 Nov 2023 17:37:16 GMT"
        ],
        "Expires": [
          "-1"
        ],
        "Content-Length": [
          "0"
        ]
      },
      "ResponseBody": "",
      "StatusCode": 202
    },
    {
      "RequestUri": "/subscriptions/66de82f3-ad93-4605-bbdb-237fe7ef3a06/operationresults/eyJqb2JJZCI6IlJFU09VUkNFR1JPVVBERUxFVElPTkpPQi1QUzE1MTgtV0VTVFVTMiIsImpvYkxvY2F0aW9uIjoid2VzdHVzMiJ9?api-version=2016-09-01&t=638355802364382139&c=MIIHHjCCBgagAwIBAgITfwI8ooo2761TEgO3SgAEAjyiijANBgkqhkiG9w0BAQsFADBEMRMwEQYKCZImiZPyLGQBGRYDR0JMMRMwEQYKCZImiZPyLGQBGRYDQU1FMRgwFgYDVQQDEw9BTUUgSW5mcmEgQ0EgMDIwHhcNMjMxMTAxMTc1NTI2WhcNMjQxMDI2MTc1NTI2WjBAMT4wPAYDVQQDEzVhc3luY29wZXJhdGlvbnNpZ25pbmdjZXJ0aWZpY2F0ZS5tYW5hZ2VtZW50LmF6dXJlLmNvbTCCASIwDQYJKoZIhvcNAQEBBQADggEPADCCAQoCggEBAJ0WQLjgbZj70uXwL_AnKvEas1GVvOB7Og4giEY7H0L78RFiY2-CzzgMKyZV8H3ACZxqQoBMWsq9XAf4iUNAer7s23VPyWkoVdr2uTc8SCvur4qja77OTMKiRVU277ViRu_Mb-fJvQKeRO3Q8A4Sg1A63a2VQ_WlyOCHPBj-gUF0zU4SYnlqSYGcNmuhCjtHpVvF_N3CGz0JlGTo3ia0wmks2y95IHeD0lcr0AgP73_eafbKafZn4Z56GdC3lngKdhyEiQi_kPyxaydv1PfV2xX9OLKvB19e9jLB43QA9r5k5DsAhqtv6eqwHBdW07S9MCMu8kwoYUpX1TTGapizc6ECAwEAAaOCBAswggQHMCcGCSsGAQQBgjcVCgQaMBgwCgYIKwYBBQUHAwEwCgYIKwYBBQUHAwIwPQYJKwYBBAGCNxUHBDAwLgYmKwYBBAGCNxUIhpDjDYTVtHiE8Ys-hZvdFs6dEoFggvX2K4Py0SACAWQCAQowggHaBggrBgEFBQcBAQSCAcwwggHIMGYGCCsGAQUFBzAChlpodHRwOi8vY3JsLm1pY3Jvc29mdC5jb20vcGtpaW5mcmEvQ2VydHMvQkwyUEtJSU5UQ0EwMS5BTUUuR0JMX0FNRSUyMEluZnJhJTIwQ0ElMjAwMig0KS5jcnQwVgYIKwYBBQUHMAKGSmh0dHA6Ly9jcmwxLmFtZS5nYmwvYWlhL0JMMlBLSUlOVENBMDEuQU1FLkdCTF9BTUUlMjBJbmZyYSUyMENBJTIwMDIoNCkuY3J0MFYGCCsGAQUFBzAChkpodHRwOi8vY3JsMi5hbWUuZ2JsL2FpYS9CTDJQS0lJTlRDQTAxLkFNRS5HQkxfQU1FJTIwSW5mcmElMjBDQSUyMDAyKDQpLmNydDBWBggrBgEFBQcwAoZKaHR0cDovL2NybDMuYW1lLmdibC9haWEvQkwyUEtJSU5UQ0EwMS5BTUUuR0JMX0FNRSUyMEluZnJhJTIwQ0ElMjAwMig0KS5jcnQwVgYIKwYBBQUHMAKGSmh0dHA6Ly9jcmw0LmFtZS5nYmwvYWlhL0JMMlBLSUlOVENBMDEuQU1FLkdCTF9BTUUlMjBJbmZyYSUyMENBJTIwMDIoNCkuY3J0MB0GA1UdDgQWBBTwk8yVBP3k-Qa8LdSw6mv--mLIvDAOBgNVHQ8BAf8EBAMCBaAwggE1BgNVHR8EggEsMIIBKDCCASSgggEgoIIBHIZCaHR0cDovL2NybC5taWNyb3NvZnQuY29tL3BraWluZnJhL0NSTC9BTUUlMjBJbmZyYSUyMENBJTIwMDIoNCkuY3JshjRodHRwOi8vY3JsMS5hbWUuZ2JsL2NybC9BTUUlMjBJbmZyYSUyMENBJTIwMDIoNCkuY3JshjRodHRwOi8vY3JsMi5hbWUuZ2JsL2NybC9BTUUlMjBJbmZyYSUyMENBJTIwMDIoNCkuY3JshjRodHRwOi8vY3JsMy5hbWUuZ2JsL2NybC9BTUUlMjBJbmZyYSUyMENBJTIwMDIoNCkuY3JshjRodHRwOi8vY3JsNC5hbWUuZ2JsL2NybC9BTUUlMjBJbmZyYSUyMENBJTIwMDIoNCkuY3JsMBcGA1UdIAQQMA4wDAYKKwYBBAGCN3sBATAfBgNVHSMEGDAWgBSuecJrXSWIEwb2BwnDl3x7l48dVTAdBgNVHSUEFjAUBggrBgEFBQcDAQYIKwYBBQUHAwIwDQYJKoZIhvcNAQELBQADggEBAKR8h2puMUi3SGdIfblcEylOBfcaCRtDDIvC64QKLae7vOAe1f8SpXEFfYeIl5xydb8lEUYApxL701SQSy-NPuBuuQ0CIMKjZ-xCj9VbjQIykosQBVJvxp5I0TplyumFiehQP3zZuc1PZ2hg05aq3CKSbJGKFlow_8P9RN66yeKWGE7SWV9NZThEL8VfEXjl_ITgWb-L1SmnFKTdOVNVDQoRjjX-JqVobqh0O4K0dsPapDoAdqjIECodvocGyWtCEwIk-j8yyBxqX_JzzumMzxUMrxCjaosaJVOvoJB7vh6WuiYfHondyzaGqjm9Bjpqj46bQXojx6xALlzNX5x_j_g&s=PCc3UYLSlPbJlgW48nO_xN-mIPH5_e3tZ4krrMQo29s6pKnrKyCUMgcADaUi-X_Tx_pdUe66jjSfS4RvwbkE7j2MScbzR8WV21SvLxWIQJOPGJHJjXbRseWHoZq4sqNvzHJuXwsZ7eChbEtt1VwhuhlLfTetvvSrDgxQ3nME8wAnicS-R3MAtBygh2LINdsFqvjlQ-EHFvZbUEKG-RV0v4Y9l3pwcGVdeZR1xCNxYno-r4WbP3hknlPb7jcxuCzuR7fSwM-Ej7hFrFZR02KxQxiokJ75Nvd59iuwuruTA_5kt8gfIISaOvJXvhImb9RNptY3BckSG_hWEx6lZGmvNA&h=UBwQd7KfzVIie2EdBGg9ZNuLi9GMxsPtcqmOdt9b4bk",
      "EncodedRequestUri": "L3N1YnNjcmlwdGlvbnMvNjZkZTgyZjMtYWQ5My00NjA1LWJiZGItMjM3ZmU3ZWYzYTA2L29wZXJhdGlvbnJlc3VsdHMvZXlKcWIySkpaQ0k2SWxKRlUwOVZVa05GUjFKUFZWQkVSVXhGVkVsUFRrcFBRaTFRVXpFMU1UZ3RWMFZUVkZWVE1pSXNJbXB2WWt4dlkyRjBhVzl1SWpvaWQyVnpkSFZ6TWlKOT9hcGktdmVyc2lvbj0yMDE2LTA5LTAxJnQ9NjM4MzU1ODAyMzY0MzgyMTM5JmM9TUlJSEhqQ0NCZ2FnQXdJQkFnSVRmd0k4b29vMjc2MVRFZ08zU2dBRUFqeWlpakFOQmdrcWhraUc5dzBCQVFzRkFEQkVNUk13RVFZS0NaSW1pWlB5TEdRQkdSWURSMEpNTVJNd0VRWUtDWkltaVpQeUxHUUJHUllEUVUxRk1SZ3dGZ1lEVlFRREV3OUJUVVVnU1c1bWNtRWdRMEVnTURJd0hoY05Nak14TVRBeE1UYzFOVEkyV2hjTk1qUXhNREkyTVRjMU5USTJXakJBTVQ0d1BBWURWUVFERXpWaGMzbHVZMjl3WlhKaGRHbHZibk5wWjI1cGJtZGpaWEowYVdacFkyRjBaUzV0WVc1aFoyVnRaVzUwTG1GNmRYSmxMbU52YlRDQ0FTSXdEUVlKS29aSWh2Y05BUUVCQlFBRGdnRVBBRENDQVFvQ2dnRUJBSjBXUUxqZ2JaajcwdVh3TF9Bbkt2RWFzMUdWdk9CN09nNGdpRVk3SDBMNzhSRmlZMi1DenpnTUt5WlY4SDNBQ1p4cVFvQk1Xc3E5WEFmNGlVTkFlcjdzMjNWUHlXa29WZHIydVRjOFNDdnVyNHFqYTc3T1RNS2lSVlUyNzdWaVJ1X01iLWZKdlFLZVJPM1E4QTRTZzFBNjNhMlZRX1dseU9DSFBCai1nVUYwelU0U1lubHFTWUdjTm11aENqdEhwVnZGX04zQ0d6MEpsR1RvM2lhMHdta3MyeTk1SUhlRDBsY3IwQWdQNzNfZWFmYkthZlpuNFo1NkdkQzNsbmdLZGh5RWlRaV9rUHl4YXlkdjFQZlYyeFg5T0xLdkIxOWU5akxCNDNRQTlyNWs1RHNBaHF0djZlcXdIQmRXMDdTOU1DTXU4a3dvWVVwWDFUVEdhcGl6YzZFQ0F3RUFBYU9DQkFzd2dnUUhNQ2NHQ1NzR0FRUUJnamNWQ2dRYU1CZ3dDZ1lJS3dZQkJRVUhBd0V3Q2dZSUt3WUJCUVVIQXdJd1BRWUpLd1lCQkFHQ054VUhCREF3TGdZbUt3WUJCQUdDTnhVSWhwRGpEWVRWdEhpRThZcy1oWnZkRnM2ZEVvRmdndlgySzRQeTBTQUNBV1FDQVFvd2dnSGFCZ2dyQmdFRkJRY0JBUVNDQWN3d2dnSElNR1lHQ0NzR0FRVUZCekFDaGxwb2RIUndPaTh2WTNKc0xtMXBZM0p2YzI5bWRDNWpiMjB2Y0d0cGFXNW1jbUV2UTJWeWRITXZRa3d5VUV0SlNVNVVRMEV3TVM1QlRVVXVSMEpNWDBGTlJTVXlNRWx1Wm5KaEpUSXdRMEVsTWpBd01pZzBLUzVqY25Rd1ZnWUlLd1lCQlFVSE1BS0dTbWgwZEhBNkx5OWpjbXd4TG1GdFpTNW5ZbXd2WVdsaEwwSk1NbEJMU1VsT1ZFTkJNREV1UVUxRkxrZENURjlCVFVVbE1qQkpibVp5WVNVeU1FTkJKVEl3TURJb05Da3VZM0owTUZZR0NDc0dBUVVGQnpBQ2hrcG9kSFJ3T2k4dlkzSnNNaTVoYldVdVoySnNMMkZwWVM5Q1RESlFTMGxKVGxSRFFUQXhMa0ZOUlM1SFFreGZRVTFGSlRJd1NXNW1jbUVsTWpCRFFTVXlNREF5S0RRcExtTnlkREJXQmdnckJnRUZCUWN3QW9aS2FIUjBjRG92TDJOeWJETXVZVzFsTG1kaWJDOWhhV0V2UWt3eVVFdEpTVTVVUTBFd01TNUJUVVV1UjBKTVgwRk5SU1V5TUVsdVpuSmhKVEl3UTBFbE1qQXdNaWcwS1M1amNuUXdWZ1lJS3dZQkJRVUhNQUtHU21oMGRIQTZMeTlqY213MExtRnRaUzVuWW13dllXbGhMMEpNTWxCTFNVbE9WRU5CTURFdVFVMUZMa2RDVEY5QlRVVWxNakJKYm1aeVlTVXlNRU5CSlRJd01ESW9OQ2t1WTNKME1CMEdBMVVkRGdRV0JCVHdrOHlWQlAzay1RYThMZFN3Nm12LS1tTEl2REFPQmdOVkhROEJBZjhFQkFNQ0JhQXdnZ0UxQmdOVkhSOEVnZ0VzTUlJQktEQ0NBU1NnZ2dFZ29JSUJISVpDYUhSMGNEb3ZMMk55YkM1dGFXTnliM052Wm5RdVkyOXRMM0JyYVdsdVpuSmhMME5TVEM5QlRVVWxNakJKYm1aeVlTVXlNRU5CSlRJd01ESW9OQ2t1WTNKc2hqUm9kSFJ3T2k4dlkzSnNNUzVoYldVdVoySnNMMk55YkM5QlRVVWxNakJKYm1aeVlTVXlNRU5CSlRJd01ESW9OQ2t1WTNKc2hqUm9kSFJ3T2k4dlkzSnNNaTVoYldVdVoySnNMMk55YkM5QlRVVWxNakJKYm1aeVlTVXlNRU5CSlRJd01ESW9OQ2t1WTNKc2hqUm9kSFJ3T2k4dlkzSnNNeTVoYldVdVoySnNMMk55YkM5QlRVVWxNakJKYm1aeVlTVXlNRU5CSlRJd01ESW9OQ2t1WTNKc2hqUm9kSFJ3T2k4dlkzSnNOQzVoYldVdVoySnNMMk55YkM5QlRVVWxNakJKYm1aeVlTVXlNRU5CSlRJd01ESW9OQ2t1WTNKc01CY0dBMVVkSUFRUU1BNHdEQVlLS3dZQkJBR0NOM3NCQVRBZkJnTlZIU01FR0RBV2dCU3VlY0pyWFNXSUV3YjJCd25EbDN4N2w0OGRWVEFkQmdOVkhTVUVGakFVQmdnckJnRUZCUWNEQVFZSUt3WUJCUVVIQXdJd0RRWUpLb1pJaHZjTkFRRUxCUUFEZ2dFQkFLUjhoMnB1TVVpM1NHZElmYmxjRXlsT0JmY2FDUnREREl2QzY0UUtMYWU3dk9BZTFmOFNwWEVGZlllSWw1eHlkYjhsRVVZQXB4TDcwMVNRU3ktTlB1QnV1UTBDSU1LaloteENqOVZialFJeWtvc1FCVkp2eHA1STBUcGx5dW1GaWVoUVAzelp1YzFQWjJoZzA1YXEzQ0tTYkpHS0Zsb3dfOFA5Uk42NnllS1dHRTdTV1Y5TlpUaEVMOFZmRVhqbF9JVGdXYi1MMVNtbkZLVGRPVk5WRFFvUmpqWC1KcVZvYnFoME80SzBkc1BhcERvQWRxaklFQ29kdm9jR3lXdENFd0lrLWo4eXlCeHFYX0p6enVtTXp4VU1yeENqYW9zYUpWT3ZvSkI3dmg2V3VpWWZIb25keXphR3FqbTlCanBxajQ2YlFYb2p4NnhBTGx6Tlg1eF9qX2cmcz1QQ2MzVVlMU2xQYkpsZ1c0OG5PX3hOLW1JUEg1X2UzdFo0a3JyTVFvMjlzNnBLbnJLeUNVTWdjQURhVWktWF9UeF9wZFVlNjZqalNmUzRSdndia0U3ajJNU2NielI4V1YyMVN2THhXSVFKT1BHSkhKalhiUnNlV0hvWnE0c3FOdnpISnVYd3NaN2VDaGJFdHQxVndodWhsTGZUZXR2dlNyRGd4UTNuTUU4d0FuaWNTLVIzTUF0QnlnaDJMSU5kc0ZxdmpsUS1FSEZ2WmJVRUtHLVJWMHY0WTlsM3B3Y0dWZGVaUjF4Q054WW5vLXI0V2JQM2hrbmxQYjdqY3h1Q3p1UjdmU3dNLUVqN2hGckZaUjAyS3hReGlva0o3NU52ZDU5aXV3dXJ1VEFfNWt0OGdmSUlTYU92Slh2aEltYjlSTnB0WTNCY2tTR19oV0V4NmxaR212TkEmaD1VQndRZDdLZnpWSWllMkVkQkdnOVpOdUxpOUdNeHNQdGNxbU9kdDliNGJr",
      "RequestMethod": "GET",
      "RequestHeaders": {
        "User-Agent": [
          "FxVersion/6.0.2423.51814",
          "OSName/Windows",
          "OSVersion/Microsoft.Windows.10.0.22631",
          "Microsoft.Azure.Management.Internal.Resources.ResourceManagementClient/1.3.86"
        ]
      },
      "RequestBody": "",
      "ResponseHeaders": {
        "Cache-Control": [
          "no-cache"
        ],
        "Pragma": [
          "no-cache"
        ],
        "Location": [
          "https://management.azure.com/subscriptions/66de82f3-ad93-4605-bbdb-237fe7ef3a06/operationresults/eyJqb2JJZCI6IlJFU09VUkNFR1JPVVBERUxFVElPTkpPQi1QUzE1MTgtV0VTVFVTMiIsImpvYkxvY2F0aW9uIjoid2VzdHVzMiJ9?api-version=2016-09-01&t=638355802515164854&c=MIIHHjCCBgagAwIBAgITfwI8ooo2761TEgO3SgAEAjyiijANBgkqhkiG9w0BAQsFADBEMRMwEQYKCZImiZPyLGQBGRYDR0JMMRMwEQYKCZImiZPyLGQBGRYDQU1FMRgwFgYDVQQDEw9BTUUgSW5mcmEgQ0EgMDIwHhcNMjMxMTAxMTc1NTI2WhcNMjQxMDI2MTc1NTI2WjBAMT4wPAYDVQQDEzVhc3luY29wZXJhdGlvbnNpZ25pbmdjZXJ0aWZpY2F0ZS5tYW5hZ2VtZW50LmF6dXJlLmNvbTCCASIwDQYJKoZIhvcNAQEBBQADggEPADCCAQoCggEBAJ0WQLjgbZj70uXwL_AnKvEas1GVvOB7Og4giEY7H0L78RFiY2-CzzgMKyZV8H3ACZxqQoBMWsq9XAf4iUNAer7s23VPyWkoVdr2uTc8SCvur4qja77OTMKiRVU277ViRu_Mb-fJvQKeRO3Q8A4Sg1A63a2VQ_WlyOCHPBj-gUF0zU4SYnlqSYGcNmuhCjtHpVvF_N3CGz0JlGTo3ia0wmks2y95IHeD0lcr0AgP73_eafbKafZn4Z56GdC3lngKdhyEiQi_kPyxaydv1PfV2xX9OLKvB19e9jLB43QA9r5k5DsAhqtv6eqwHBdW07S9MCMu8kwoYUpX1TTGapizc6ECAwEAAaOCBAswggQHMCcGCSsGAQQBgjcVCgQaMBgwCgYIKwYBBQUHAwEwCgYIKwYBBQUHAwIwPQYJKwYBBAGCNxUHBDAwLgYmKwYBBAGCNxUIhpDjDYTVtHiE8Ys-hZvdFs6dEoFggvX2K4Py0SACAWQCAQowggHaBggrBgEFBQcBAQSCAcwwggHIMGYGCCsGAQUFBzAChlpodHRwOi8vY3JsLm1pY3Jvc29mdC5jb20vcGtpaW5mcmEvQ2VydHMvQkwyUEtJSU5UQ0EwMS5BTUUuR0JMX0FNRSUyMEluZnJhJTIwQ0ElMjAwMig0KS5jcnQwVgYIKwYBBQUHMAKGSmh0dHA6Ly9jcmwxLmFtZS5nYmwvYWlhL0JMMlBLSUlOVENBMDEuQU1FLkdCTF9BTUUlMjBJbmZyYSUyMENBJTIwMDIoNCkuY3J0MFYGCCsGAQUFBzAChkpodHRwOi8vY3JsMi5hbWUuZ2JsL2FpYS9CTDJQS0lJTlRDQTAxLkFNRS5HQkxfQU1FJTIwSW5mcmElMjBDQSUyMDAyKDQpLmNydDBWBggrBgEFBQcwAoZKaHR0cDovL2NybDMuYW1lLmdibC9haWEvQkwyUEtJSU5UQ0EwMS5BTUUuR0JMX0FNRSUyMEluZnJhJTIwQ0ElMjAwMig0KS5jcnQwVgYIKwYBBQUHMAKGSmh0dHA6Ly9jcmw0LmFtZS5nYmwvYWlhL0JMMlBLSUlOVENBMDEuQU1FLkdCTF9BTUUlMjBJbmZyYSUyMENBJTIwMDIoNCkuY3J0MB0GA1UdDgQWBBTwk8yVBP3k-Qa8LdSw6mv--mLIvDAOBgNVHQ8BAf8EBAMCBaAwggE1BgNVHR8EggEsMIIBKDCCASSgggEgoIIBHIZCaHR0cDovL2NybC5taWNyb3NvZnQuY29tL3BraWluZnJhL0NSTC9BTUUlMjBJbmZyYSUyMENBJTIwMDIoNCkuY3JshjRodHRwOi8vY3JsMS5hbWUuZ2JsL2NybC9BTUUlMjBJbmZyYSUyMENBJTIwMDIoNCkuY3JshjRodHRwOi8vY3JsMi5hbWUuZ2JsL2NybC9BTUUlMjBJbmZyYSUyMENBJTIwMDIoNCkuY3JshjRodHRwOi8vY3JsMy5hbWUuZ2JsL2NybC9BTUUlMjBJbmZyYSUyMENBJTIwMDIoNCkuY3JshjRodHRwOi8vY3JsNC5hbWUuZ2JsL2NybC9BTUUlMjBJbmZyYSUyMENBJTIwMDIoNCkuY3JsMBcGA1UdIAQQMA4wDAYKKwYBBAGCN3sBATAfBgNVHSMEGDAWgBSuecJrXSWIEwb2BwnDl3x7l48dVTAdBgNVHSUEFjAUBggrBgEFBQcDAQYIKwYBBQUHAwIwDQYJKoZIhvcNAQELBQADggEBAKR8h2puMUi3SGdIfblcEylOBfcaCRtDDIvC64QKLae7vOAe1f8SpXEFfYeIl5xydb8lEUYApxL701SQSy-NPuBuuQ0CIMKjZ-xCj9VbjQIykosQBVJvxp5I0TplyumFiehQP3zZuc1PZ2hg05aq3CKSbJGKFlow_8P9RN66yeKWGE7SWV9NZThEL8VfEXjl_ITgWb-L1SmnFKTdOVNVDQoRjjX-JqVobqh0O4K0dsPapDoAdqjIECodvocGyWtCEwIk-j8yyBxqX_JzzumMzxUMrxCjaosaJVOvoJB7vh6WuiYfHondyzaGqjm9Bjpqj46bQXojx6xALlzNX5x_j_g&s=WL3_V91hmmNJmK26o-fSoxySQLDRnWMxEkEbsz_qsLwj13igKANIJcXF3rGh3r005rXqOqipY9A25gGiPBukfBMhJiL1JB-wfVw8nV7XLxws48sqCEE0JRmIRoaJsYWgQP-7H8rO0xucfe6KtTPcMvTgXuyD4p25OJ6g2vBhDUrLqB4ubWw75CoT_FVhSAQwfGzDoh5Fw-9EvAx3lHvPqptRRiIp-7-8PK91g0065-CWRzqEXzTARNzIDBiJNCqrdIKNUwR9E1HJtX_BCZ-GXmcmNpq6W1hUtaO53K0IseSp6Kq0vnLgScRtg2KdfY4sMOzrAIx4iL0ynqCg-Fr26w&h=XFRFjmPRGPvrN3N8QOXs1vj6lMkQGoAj8jEibAWzXW8"
        ],
        "Retry-After": [
          "15"
        ],
        "x-ms-ratelimit-remaining-subscription-reads": [
          "11998"
        ],
        "x-ms-request-id": [
          "57bb3829-b7cb-4b10-98eb-1bddbca71804"
        ],
        "x-ms-correlation-request-id": [
          "57bb3829-b7cb-4b10-98eb-1bddbca71804"
        ],
        "x-ms-routing-request-id": [
          "WESTUS2:20231114T173731Z:57bb3829-b7cb-4b10-98eb-1bddbca71804"
        ],
        "Strict-Transport-Security": [
          "max-age=31536000; includeSubDomains"
        ],
        "X-Content-Type-Options": [
          "nosniff"
        ],
        "Date": [
          "Tue, 14 Nov 2023 17:37:31 GMT"
        ],
        "Expires": [
          "-1"
        ],
        "Content-Length": [
          "0"
        ]
      },
      "ResponseBody": "",
      "StatusCode": 202
    },
    {
      "RequestUri": "/subscriptions/66de82f3-ad93-4605-bbdb-237fe7ef3a06/operationresults/eyJqb2JJZCI6IlJFU09VUkNFR1JPVVBERUxFVElPTkpPQi1QUzE1MTgtV0VTVFVTMiIsImpvYkxvY2F0aW9uIjoid2VzdHVzMiJ9?api-version=2016-09-01&t=638355802515164854&c=MIIHHjCCBgagAwIBAgITfwI8ooo2761TEgO3SgAEAjyiijANBgkqhkiG9w0BAQsFADBEMRMwEQYKCZImiZPyLGQBGRYDR0JMMRMwEQYKCZImiZPyLGQBGRYDQU1FMRgwFgYDVQQDEw9BTUUgSW5mcmEgQ0EgMDIwHhcNMjMxMTAxMTc1NTI2WhcNMjQxMDI2MTc1NTI2WjBAMT4wPAYDVQQDEzVhc3luY29wZXJhdGlvbnNpZ25pbmdjZXJ0aWZpY2F0ZS5tYW5hZ2VtZW50LmF6dXJlLmNvbTCCASIwDQYJKoZIhvcNAQEBBQADggEPADCCAQoCggEBAJ0WQLjgbZj70uXwL_AnKvEas1GVvOB7Og4giEY7H0L78RFiY2-CzzgMKyZV8H3ACZxqQoBMWsq9XAf4iUNAer7s23VPyWkoVdr2uTc8SCvur4qja77OTMKiRVU277ViRu_Mb-fJvQKeRO3Q8A4Sg1A63a2VQ_WlyOCHPBj-gUF0zU4SYnlqSYGcNmuhCjtHpVvF_N3CGz0JlGTo3ia0wmks2y95IHeD0lcr0AgP73_eafbKafZn4Z56GdC3lngKdhyEiQi_kPyxaydv1PfV2xX9OLKvB19e9jLB43QA9r5k5DsAhqtv6eqwHBdW07S9MCMu8kwoYUpX1TTGapizc6ECAwEAAaOCBAswggQHMCcGCSsGAQQBgjcVCgQaMBgwCgYIKwYBBQUHAwEwCgYIKwYBBQUHAwIwPQYJKwYBBAGCNxUHBDAwLgYmKwYBBAGCNxUIhpDjDYTVtHiE8Ys-hZvdFs6dEoFggvX2K4Py0SACAWQCAQowggHaBggrBgEFBQcBAQSCAcwwggHIMGYGCCsGAQUFBzAChlpodHRwOi8vY3JsLm1pY3Jvc29mdC5jb20vcGtpaW5mcmEvQ2VydHMvQkwyUEtJSU5UQ0EwMS5BTUUuR0JMX0FNRSUyMEluZnJhJTIwQ0ElMjAwMig0KS5jcnQwVgYIKwYBBQUHMAKGSmh0dHA6Ly9jcmwxLmFtZS5nYmwvYWlhL0JMMlBLSUlOVENBMDEuQU1FLkdCTF9BTUUlMjBJbmZyYSUyMENBJTIwMDIoNCkuY3J0MFYGCCsGAQUFBzAChkpodHRwOi8vY3JsMi5hbWUuZ2JsL2FpYS9CTDJQS0lJTlRDQTAxLkFNRS5HQkxfQU1FJTIwSW5mcmElMjBDQSUyMDAyKDQpLmNydDBWBggrBgEFBQcwAoZKaHR0cDovL2NybDMuYW1lLmdibC9haWEvQkwyUEtJSU5UQ0EwMS5BTUUuR0JMX0FNRSUyMEluZnJhJTIwQ0ElMjAwMig0KS5jcnQwVgYIKwYBBQUHMAKGSmh0dHA6Ly9jcmw0LmFtZS5nYmwvYWlhL0JMMlBLSUlOVENBMDEuQU1FLkdCTF9BTUUlMjBJbmZyYSUyMENBJTIwMDIoNCkuY3J0MB0GA1UdDgQWBBTwk8yVBP3k-Qa8LdSw6mv--mLIvDAOBgNVHQ8BAf8EBAMCBaAwggE1BgNVHR8EggEsMIIBKDCCASSgggEgoIIBHIZCaHR0cDovL2NybC5taWNyb3NvZnQuY29tL3BraWluZnJhL0NSTC9BTUUlMjBJbmZyYSUyMENBJTIwMDIoNCkuY3JshjRodHRwOi8vY3JsMS5hbWUuZ2JsL2NybC9BTUUlMjBJbmZyYSUyMENBJTIwMDIoNCkuY3JshjRodHRwOi8vY3JsMi5hbWUuZ2JsL2NybC9BTUUlMjBJbmZyYSUyMENBJTIwMDIoNCkuY3JshjRodHRwOi8vY3JsMy5hbWUuZ2JsL2NybC9BTUUlMjBJbmZyYSUyMENBJTIwMDIoNCkuY3JshjRodHRwOi8vY3JsNC5hbWUuZ2JsL2NybC9BTUUlMjBJbmZyYSUyMENBJTIwMDIoNCkuY3JsMBcGA1UdIAQQMA4wDAYKKwYBBAGCN3sBATAfBgNVHSMEGDAWgBSuecJrXSWIEwb2BwnDl3x7l48dVTAdBgNVHSUEFjAUBggrBgEFBQcDAQYIKwYBBQUHAwIwDQYJKoZIhvcNAQELBQADggEBAKR8h2puMUi3SGdIfblcEylOBfcaCRtDDIvC64QKLae7vOAe1f8SpXEFfYeIl5xydb8lEUYApxL701SQSy-NPuBuuQ0CIMKjZ-xCj9VbjQIykosQBVJvxp5I0TplyumFiehQP3zZuc1PZ2hg05aq3CKSbJGKFlow_8P9RN66yeKWGE7SWV9NZThEL8VfEXjl_ITgWb-L1SmnFKTdOVNVDQoRjjX-JqVobqh0O4K0dsPapDoAdqjIECodvocGyWtCEwIk-j8yyBxqX_JzzumMzxUMrxCjaosaJVOvoJB7vh6WuiYfHondyzaGqjm9Bjpqj46bQXojx6xALlzNX5x_j_g&s=WL3_V91hmmNJmK26o-fSoxySQLDRnWMxEkEbsz_qsLwj13igKANIJcXF3rGh3r005rXqOqipY9A25gGiPBukfBMhJiL1JB-wfVw8nV7XLxws48sqCEE0JRmIRoaJsYWgQP-7H8rO0xucfe6KtTPcMvTgXuyD4p25OJ6g2vBhDUrLqB4ubWw75CoT_FVhSAQwfGzDoh5Fw-9EvAx3lHvPqptRRiIp-7-8PK91g0065-CWRzqEXzTARNzIDBiJNCqrdIKNUwR9E1HJtX_BCZ-GXmcmNpq6W1hUtaO53K0IseSp6Kq0vnLgScRtg2KdfY4sMOzrAIx4iL0ynqCg-Fr26w&h=XFRFjmPRGPvrN3N8QOXs1vj6lMkQGoAj8jEibAWzXW8",
      "EncodedRequestUri": "L3N1YnNjcmlwdGlvbnMvNjZkZTgyZjMtYWQ5My00NjA1LWJiZGItMjM3ZmU3ZWYzYTA2L29wZXJhdGlvbnJlc3VsdHMvZXlKcWIySkpaQ0k2SWxKRlUwOVZVa05GUjFKUFZWQkVSVXhGVkVsUFRrcFBRaTFRVXpFMU1UZ3RWMFZUVkZWVE1pSXNJbXB2WWt4dlkyRjBhVzl1SWpvaWQyVnpkSFZ6TWlKOT9hcGktdmVyc2lvbj0yMDE2LTA5LTAxJnQ9NjM4MzU1ODAyNTE1MTY0ODU0JmM9TUlJSEhqQ0NCZ2FnQXdJQkFnSVRmd0k4b29vMjc2MVRFZ08zU2dBRUFqeWlpakFOQmdrcWhraUc5dzBCQVFzRkFEQkVNUk13RVFZS0NaSW1pWlB5TEdRQkdSWURSMEpNTVJNd0VRWUtDWkltaVpQeUxHUUJHUllEUVUxRk1SZ3dGZ1lEVlFRREV3OUJUVVVnU1c1bWNtRWdRMEVnTURJd0hoY05Nak14TVRBeE1UYzFOVEkyV2hjTk1qUXhNREkyTVRjMU5USTJXakJBTVQ0d1BBWURWUVFERXpWaGMzbHVZMjl3WlhKaGRHbHZibk5wWjI1cGJtZGpaWEowYVdacFkyRjBaUzV0WVc1aFoyVnRaVzUwTG1GNmRYSmxMbU52YlRDQ0FTSXdEUVlKS29aSWh2Y05BUUVCQlFBRGdnRVBBRENDQVFvQ2dnRUJBSjBXUUxqZ2JaajcwdVh3TF9Bbkt2RWFzMUdWdk9CN09nNGdpRVk3SDBMNzhSRmlZMi1DenpnTUt5WlY4SDNBQ1p4cVFvQk1Xc3E5WEFmNGlVTkFlcjdzMjNWUHlXa29WZHIydVRjOFNDdnVyNHFqYTc3T1RNS2lSVlUyNzdWaVJ1X01iLWZKdlFLZVJPM1E4QTRTZzFBNjNhMlZRX1dseU9DSFBCai1nVUYwelU0U1lubHFTWUdjTm11aENqdEhwVnZGX04zQ0d6MEpsR1RvM2lhMHdta3MyeTk1SUhlRDBsY3IwQWdQNzNfZWFmYkthZlpuNFo1NkdkQzNsbmdLZGh5RWlRaV9rUHl4YXlkdjFQZlYyeFg5T0xLdkIxOWU5akxCNDNRQTlyNWs1RHNBaHF0djZlcXdIQmRXMDdTOU1DTXU4a3dvWVVwWDFUVEdhcGl6YzZFQ0F3RUFBYU9DQkFzd2dnUUhNQ2NHQ1NzR0FRUUJnamNWQ2dRYU1CZ3dDZ1lJS3dZQkJRVUhBd0V3Q2dZSUt3WUJCUVVIQXdJd1BRWUpLd1lCQkFHQ054VUhCREF3TGdZbUt3WUJCQUdDTnhVSWhwRGpEWVRWdEhpRThZcy1oWnZkRnM2ZEVvRmdndlgySzRQeTBTQUNBV1FDQVFvd2dnSGFCZ2dyQmdFRkJRY0JBUVNDQWN3d2dnSElNR1lHQ0NzR0FRVUZCekFDaGxwb2RIUndPaTh2WTNKc0xtMXBZM0p2YzI5bWRDNWpiMjB2Y0d0cGFXNW1jbUV2UTJWeWRITXZRa3d5VUV0SlNVNVVRMEV3TVM1QlRVVXVSMEpNWDBGTlJTVXlNRWx1Wm5KaEpUSXdRMEVsTWpBd01pZzBLUzVqY25Rd1ZnWUlLd1lCQlFVSE1BS0dTbWgwZEhBNkx5OWpjbXd4TG1GdFpTNW5ZbXd2WVdsaEwwSk1NbEJMU1VsT1ZFTkJNREV1UVUxRkxrZENURjlCVFVVbE1qQkpibVp5WVNVeU1FTkJKVEl3TURJb05Da3VZM0owTUZZR0NDc0dBUVVGQnpBQ2hrcG9kSFJ3T2k4dlkzSnNNaTVoYldVdVoySnNMMkZwWVM5Q1RESlFTMGxKVGxSRFFUQXhMa0ZOUlM1SFFreGZRVTFGSlRJd1NXNW1jbUVsTWpCRFFTVXlNREF5S0RRcExtTnlkREJXQmdnckJnRUZCUWN3QW9aS2FIUjBjRG92TDJOeWJETXVZVzFsTG1kaWJDOWhhV0V2UWt3eVVFdEpTVTVVUTBFd01TNUJUVVV1UjBKTVgwRk5SU1V5TUVsdVpuSmhKVEl3UTBFbE1qQXdNaWcwS1M1amNuUXdWZ1lJS3dZQkJRVUhNQUtHU21oMGRIQTZMeTlqY213MExtRnRaUzVuWW13dllXbGhMMEpNTWxCTFNVbE9WRU5CTURFdVFVMUZMa2RDVEY5QlRVVWxNakJKYm1aeVlTVXlNRU5CSlRJd01ESW9OQ2t1WTNKME1CMEdBMVVkRGdRV0JCVHdrOHlWQlAzay1RYThMZFN3Nm12LS1tTEl2REFPQmdOVkhROEJBZjhFQkFNQ0JhQXdnZ0UxQmdOVkhSOEVnZ0VzTUlJQktEQ0NBU1NnZ2dFZ29JSUJISVpDYUhSMGNEb3ZMMk55YkM1dGFXTnliM052Wm5RdVkyOXRMM0JyYVdsdVpuSmhMME5TVEM5QlRVVWxNakJKYm1aeVlTVXlNRU5CSlRJd01ESW9OQ2t1WTNKc2hqUm9kSFJ3T2k4dlkzSnNNUzVoYldVdVoySnNMMk55YkM5QlRVVWxNakJKYm1aeVlTVXlNRU5CSlRJd01ESW9OQ2t1WTNKc2hqUm9kSFJ3T2k4dlkzSnNNaTVoYldVdVoySnNMMk55YkM5QlRVVWxNakJKYm1aeVlTVXlNRU5CSlRJd01ESW9OQ2t1WTNKc2hqUm9kSFJ3T2k4dlkzSnNNeTVoYldVdVoySnNMMk55YkM5QlRVVWxNakJKYm1aeVlTVXlNRU5CSlRJd01ESW9OQ2t1WTNKc2hqUm9kSFJ3T2k4dlkzSnNOQzVoYldVdVoySnNMMk55YkM5QlRVVWxNakJKYm1aeVlTVXlNRU5CSlRJd01ESW9OQ2t1WTNKc01CY0dBMVVkSUFRUU1BNHdEQVlLS3dZQkJBR0NOM3NCQVRBZkJnTlZIU01FR0RBV2dCU3VlY0pyWFNXSUV3YjJCd25EbDN4N2w0OGRWVEFkQmdOVkhTVUVGakFVQmdnckJnRUZCUWNEQVFZSUt3WUJCUVVIQXdJd0RRWUpLb1pJaHZjTkFRRUxCUUFEZ2dFQkFLUjhoMnB1TVVpM1NHZElmYmxjRXlsT0JmY2FDUnREREl2QzY0UUtMYWU3dk9BZTFmOFNwWEVGZlllSWw1eHlkYjhsRVVZQXB4TDcwMVNRU3ktTlB1QnV1UTBDSU1LaloteENqOVZialFJeWtvc1FCVkp2eHA1STBUcGx5dW1GaWVoUVAzelp1YzFQWjJoZzA1YXEzQ0tTYkpHS0Zsb3dfOFA5Uk42NnllS1dHRTdTV1Y5TlpUaEVMOFZmRVhqbF9JVGdXYi1MMVNtbkZLVGRPVk5WRFFvUmpqWC1KcVZvYnFoME80SzBkc1BhcERvQWRxaklFQ29kdm9jR3lXdENFd0lrLWo4eXlCeHFYX0p6enVtTXp4VU1yeENqYW9zYUpWT3ZvSkI3dmg2V3VpWWZIb25keXphR3FqbTlCanBxajQ2YlFYb2p4NnhBTGx6Tlg1eF9qX2cmcz1XTDNfVjkxaG1tTkptSzI2by1mU294eVNRTERSbldNeEVrRWJzel9xc0x3ajEzaWdLQU5JSmNYRjNyR2gzcjAwNXJYcU9xaXBZOUEyNWdHaVBCdWtmQk1oSmlMMUpCLXdmVnc4blY3WEx4d3M0OHNxQ0VFMEpSbUlSb2FKc1lXZ1FQLTdIOHJPMHh1Y2ZlNkt0VFBjTXZUZ1h1eUQ0cDI1T0o2ZzJ2QmhEVXJMcUI0dWJXdzc1Q29UX0ZWaFNBUXdmR3pEb2g1RnctOUV2QXgzbEh2UHFwdFJSaUlwLTctOFBLOTFnMDA2NS1DV1J6cUVYelRBUk56SURCaUpOQ3FyZElLTlV3UjlFMUhKdFhfQkNaLUdYbWNtTnBxNlcxaFV0YU81M0swSXNlU3A2S3Ewdm5MZ1NjUnRnMktkZlk0c01PenJBSXg0aUwweW5xQ2ctRnIyNncmaD1YRlJGam1QUkdQdnJOM044UU9YczF2ajZsTWtRR29BajhqRWliQVd6WFc4",
      "RequestMethod": "GET",
      "RequestHeaders": {
        "User-Agent": [
          "FxVersion/6.0.2423.51814",
          "OSName/Windows",
          "OSVersion/Microsoft.Windows.10.0.22631",
          "Microsoft.Azure.Management.Internal.Resources.ResourceManagementClient/1.3.86"
        ]
      },
      "RequestBody": "",
      "ResponseHeaders": {
        "Cache-Control": [
          "no-cache"
        ],
        "Pragma": [
          "no-cache"
        ],
        "Location": [
          "https://management.azure.com/subscriptions/66de82f3-ad93-4605-bbdb-237fe7ef3a06/operationresults/eyJqb2JJZCI6IlJFU09VUkNFR1JPVVBERUxFVElPTkpPQi1QUzE1MTgtV0VTVFVTMiIsImpvYkxvY2F0aW9uIjoid2VzdHVzMiJ9?api-version=2016-09-01&t=638355802665791256&c=MIIHHjCCBgagAwIBAgITfwI8ooo2761TEgO3SgAEAjyiijANBgkqhkiG9w0BAQsFADBEMRMwEQYKCZImiZPyLGQBGRYDR0JMMRMwEQYKCZImiZPyLGQBGRYDQU1FMRgwFgYDVQQDEw9BTUUgSW5mcmEgQ0EgMDIwHhcNMjMxMTAxMTc1NTI2WhcNMjQxMDI2MTc1NTI2WjBAMT4wPAYDVQQDEzVhc3luY29wZXJhdGlvbnNpZ25pbmdjZXJ0aWZpY2F0ZS5tYW5hZ2VtZW50LmF6dXJlLmNvbTCCASIwDQYJKoZIhvcNAQEBBQADggEPADCCAQoCggEBAJ0WQLjgbZj70uXwL_AnKvEas1GVvOB7Og4giEY7H0L78RFiY2-CzzgMKyZV8H3ACZxqQoBMWsq9XAf4iUNAer7s23VPyWkoVdr2uTc8SCvur4qja77OTMKiRVU277ViRu_Mb-fJvQKeRO3Q8A4Sg1A63a2VQ_WlyOCHPBj-gUF0zU4SYnlqSYGcNmuhCjtHpVvF_N3CGz0JlGTo3ia0wmks2y95IHeD0lcr0AgP73_eafbKafZn4Z56GdC3lngKdhyEiQi_kPyxaydv1PfV2xX9OLKvB19e9jLB43QA9r5k5DsAhqtv6eqwHBdW07S9MCMu8kwoYUpX1TTGapizc6ECAwEAAaOCBAswggQHMCcGCSsGAQQBgjcVCgQaMBgwCgYIKwYBBQUHAwEwCgYIKwYBBQUHAwIwPQYJKwYBBAGCNxUHBDAwLgYmKwYBBAGCNxUIhpDjDYTVtHiE8Ys-hZvdFs6dEoFggvX2K4Py0SACAWQCAQowggHaBggrBgEFBQcBAQSCAcwwggHIMGYGCCsGAQUFBzAChlpodHRwOi8vY3JsLm1pY3Jvc29mdC5jb20vcGtpaW5mcmEvQ2VydHMvQkwyUEtJSU5UQ0EwMS5BTUUuR0JMX0FNRSUyMEluZnJhJTIwQ0ElMjAwMig0KS5jcnQwVgYIKwYBBQUHMAKGSmh0dHA6Ly9jcmwxLmFtZS5nYmwvYWlhL0JMMlBLSUlOVENBMDEuQU1FLkdCTF9BTUUlMjBJbmZyYSUyMENBJTIwMDIoNCkuY3J0MFYGCCsGAQUFBzAChkpodHRwOi8vY3JsMi5hbWUuZ2JsL2FpYS9CTDJQS0lJTlRDQTAxLkFNRS5HQkxfQU1FJTIwSW5mcmElMjBDQSUyMDAyKDQpLmNydDBWBggrBgEFBQcwAoZKaHR0cDovL2NybDMuYW1lLmdibC9haWEvQkwyUEtJSU5UQ0EwMS5BTUUuR0JMX0FNRSUyMEluZnJhJTIwQ0ElMjAwMig0KS5jcnQwVgYIKwYBBQUHMAKGSmh0dHA6Ly9jcmw0LmFtZS5nYmwvYWlhL0JMMlBLSUlOVENBMDEuQU1FLkdCTF9BTUUlMjBJbmZyYSUyMENBJTIwMDIoNCkuY3J0MB0GA1UdDgQWBBTwk8yVBP3k-Qa8LdSw6mv--mLIvDAOBgNVHQ8BAf8EBAMCBaAwggE1BgNVHR8EggEsMIIBKDCCASSgggEgoIIBHIZCaHR0cDovL2NybC5taWNyb3NvZnQuY29tL3BraWluZnJhL0NSTC9BTUUlMjBJbmZyYSUyMENBJTIwMDIoNCkuY3JshjRodHRwOi8vY3JsMS5hbWUuZ2JsL2NybC9BTUUlMjBJbmZyYSUyMENBJTIwMDIoNCkuY3JshjRodHRwOi8vY3JsMi5hbWUuZ2JsL2NybC9BTUUlMjBJbmZyYSUyMENBJTIwMDIoNCkuY3JshjRodHRwOi8vY3JsMy5hbWUuZ2JsL2NybC9BTUUlMjBJbmZyYSUyMENBJTIwMDIoNCkuY3JshjRodHRwOi8vY3JsNC5hbWUuZ2JsL2NybC9BTUUlMjBJbmZyYSUyMENBJTIwMDIoNCkuY3JsMBcGA1UdIAQQMA4wDAYKKwYBBAGCN3sBATAfBgNVHSMEGDAWgBSuecJrXSWIEwb2BwnDl3x7l48dVTAdBgNVHSUEFjAUBggrBgEFBQcDAQYIKwYBBQUHAwIwDQYJKoZIhvcNAQELBQADggEBAKR8h2puMUi3SGdIfblcEylOBfcaCRtDDIvC64QKLae7vOAe1f8SpXEFfYeIl5xydb8lEUYApxL701SQSy-NPuBuuQ0CIMKjZ-xCj9VbjQIykosQBVJvxp5I0TplyumFiehQP3zZuc1PZ2hg05aq3CKSbJGKFlow_8P9RN66yeKWGE7SWV9NZThEL8VfEXjl_ITgWb-L1SmnFKTdOVNVDQoRjjX-JqVobqh0O4K0dsPapDoAdqjIECodvocGyWtCEwIk-j8yyBxqX_JzzumMzxUMrxCjaosaJVOvoJB7vh6WuiYfHondyzaGqjm9Bjpqj46bQXojx6xALlzNX5x_j_g&s=QmvOdlrS-mmvIb2dRDawEWmeADqqSDjkGqWmOeRqul3jmyq_bF08J4j-c_5PI5JQiZP6_IDkWxHfeU7cs3lTrbUfRwXh5UGyKvfycP3zKx62u_HFvHTuotB7d9kuI6MWY6DVYfhGEApVCZq8usu1zVwAUJcJH8CA0QuSMK81dZVUdIR3cdlMp2UdZFQVKQTMgd7jYAdwIxMU-hUFEzXfP3zgQzHnH-3KYFJP_X9SaEFodce9pyPd3XD-SCmTAXZS7qtz9r1pJ9M6UiUQqIJ0dNzgNKj3dPY4fp82w2yxx0i7FwHauVaezgjlHtlxI8CalZw_r08S36v6sJPddslyKw&h=lx3T6zX605iahYvMa_XPTiaLmBb29COwSxrbu6P0lbs"
        ],
        "Retry-After": [
          "15"
        ],
        "x-ms-ratelimit-remaining-subscription-reads": [
          "11997"
        ],
        "x-ms-request-id": [
          "dc28b97c-9a8b-4978-8ae4-1ff106c1205c"
        ],
        "x-ms-correlation-request-id": [
          "dc28b97c-9a8b-4978-8ae4-1ff106c1205c"
        ],
        "x-ms-routing-request-id": [
          "WESTUS2:20231114T173746Z:dc28b97c-9a8b-4978-8ae4-1ff106c1205c"
        ],
        "Strict-Transport-Security": [
          "max-age=31536000; includeSubDomains"
        ],
        "X-Content-Type-Options": [
          "nosniff"
        ],
        "Date": [
          "Tue, 14 Nov 2023 17:37:46 GMT"
        ],
        "Expires": [
          "-1"
        ],
        "Content-Length": [
          "0"
        ]
      },
      "ResponseBody": "",
      "StatusCode": 202
    },
    {
      "RequestUri": "/subscriptions/66de82f3-ad93-4605-bbdb-237fe7ef3a06/operationresults/eyJqb2JJZCI6IlJFU09VUkNFR1JPVVBERUxFVElPTkpPQi1QUzE1MTgtV0VTVFVTMiIsImpvYkxvY2F0aW9uIjoid2VzdHVzMiJ9?api-version=2016-09-01&t=638355802665791256&c=MIIHHjCCBgagAwIBAgITfwI8ooo2761TEgO3SgAEAjyiijANBgkqhkiG9w0BAQsFADBEMRMwEQYKCZImiZPyLGQBGRYDR0JMMRMwEQYKCZImiZPyLGQBGRYDQU1FMRgwFgYDVQQDEw9BTUUgSW5mcmEgQ0EgMDIwHhcNMjMxMTAxMTc1NTI2WhcNMjQxMDI2MTc1NTI2WjBAMT4wPAYDVQQDEzVhc3luY29wZXJhdGlvbnNpZ25pbmdjZXJ0aWZpY2F0ZS5tYW5hZ2VtZW50LmF6dXJlLmNvbTCCASIwDQYJKoZIhvcNAQEBBQADggEPADCCAQoCggEBAJ0WQLjgbZj70uXwL_AnKvEas1GVvOB7Og4giEY7H0L78RFiY2-CzzgMKyZV8H3ACZxqQoBMWsq9XAf4iUNAer7s23VPyWkoVdr2uTc8SCvur4qja77OTMKiRVU277ViRu_Mb-fJvQKeRO3Q8A4Sg1A63a2VQ_WlyOCHPBj-gUF0zU4SYnlqSYGcNmuhCjtHpVvF_N3CGz0JlGTo3ia0wmks2y95IHeD0lcr0AgP73_eafbKafZn4Z56GdC3lngKdhyEiQi_kPyxaydv1PfV2xX9OLKvB19e9jLB43QA9r5k5DsAhqtv6eqwHBdW07S9MCMu8kwoYUpX1TTGapizc6ECAwEAAaOCBAswggQHMCcGCSsGAQQBgjcVCgQaMBgwCgYIKwYBBQUHAwEwCgYIKwYBBQUHAwIwPQYJKwYBBAGCNxUHBDAwLgYmKwYBBAGCNxUIhpDjDYTVtHiE8Ys-hZvdFs6dEoFggvX2K4Py0SACAWQCAQowggHaBggrBgEFBQcBAQSCAcwwggHIMGYGCCsGAQUFBzAChlpodHRwOi8vY3JsLm1pY3Jvc29mdC5jb20vcGtpaW5mcmEvQ2VydHMvQkwyUEtJSU5UQ0EwMS5BTUUuR0JMX0FNRSUyMEluZnJhJTIwQ0ElMjAwMig0KS5jcnQwVgYIKwYBBQUHMAKGSmh0dHA6Ly9jcmwxLmFtZS5nYmwvYWlhL0JMMlBLSUlOVENBMDEuQU1FLkdCTF9BTUUlMjBJbmZyYSUyMENBJTIwMDIoNCkuY3J0MFYGCCsGAQUFBzAChkpodHRwOi8vY3JsMi5hbWUuZ2JsL2FpYS9CTDJQS0lJTlRDQTAxLkFNRS5HQkxfQU1FJTIwSW5mcmElMjBDQSUyMDAyKDQpLmNydDBWBggrBgEFBQcwAoZKaHR0cDovL2NybDMuYW1lLmdibC9haWEvQkwyUEtJSU5UQ0EwMS5BTUUuR0JMX0FNRSUyMEluZnJhJTIwQ0ElMjAwMig0KS5jcnQwVgYIKwYBBQUHMAKGSmh0dHA6Ly9jcmw0LmFtZS5nYmwvYWlhL0JMMlBLSUlOVENBMDEuQU1FLkdCTF9BTUUlMjBJbmZyYSUyMENBJTIwMDIoNCkuY3J0MB0GA1UdDgQWBBTwk8yVBP3k-Qa8LdSw6mv--mLIvDAOBgNVHQ8BAf8EBAMCBaAwggE1BgNVHR8EggEsMIIBKDCCASSgggEgoIIBHIZCaHR0cDovL2NybC5taWNyb3NvZnQuY29tL3BraWluZnJhL0NSTC9BTUUlMjBJbmZyYSUyMENBJTIwMDIoNCkuY3JshjRodHRwOi8vY3JsMS5hbWUuZ2JsL2NybC9BTUUlMjBJbmZyYSUyMENBJTIwMDIoNCkuY3JshjRodHRwOi8vY3JsMi5hbWUuZ2JsL2NybC9BTUUlMjBJbmZyYSUyMENBJTIwMDIoNCkuY3JshjRodHRwOi8vY3JsMy5hbWUuZ2JsL2NybC9BTUUlMjBJbmZyYSUyMENBJTIwMDIoNCkuY3JshjRodHRwOi8vY3JsNC5hbWUuZ2JsL2NybC9BTUUlMjBJbmZyYSUyMENBJTIwMDIoNCkuY3JsMBcGA1UdIAQQMA4wDAYKKwYBBAGCN3sBATAfBgNVHSMEGDAWgBSuecJrXSWIEwb2BwnDl3x7l48dVTAdBgNVHSUEFjAUBggrBgEFBQcDAQYIKwYBBQUHAwIwDQYJKoZIhvcNAQELBQADggEBAKR8h2puMUi3SGdIfblcEylOBfcaCRtDDIvC64QKLae7vOAe1f8SpXEFfYeIl5xydb8lEUYApxL701SQSy-NPuBuuQ0CIMKjZ-xCj9VbjQIykosQBVJvxp5I0TplyumFiehQP3zZuc1PZ2hg05aq3CKSbJGKFlow_8P9RN66yeKWGE7SWV9NZThEL8VfEXjl_ITgWb-L1SmnFKTdOVNVDQoRjjX-JqVobqh0O4K0dsPapDoAdqjIECodvocGyWtCEwIk-j8yyBxqX_JzzumMzxUMrxCjaosaJVOvoJB7vh6WuiYfHondyzaGqjm9Bjpqj46bQXojx6xALlzNX5x_j_g&s=QmvOdlrS-mmvIb2dRDawEWmeADqqSDjkGqWmOeRqul3jmyq_bF08J4j-c_5PI5JQiZP6_IDkWxHfeU7cs3lTrbUfRwXh5UGyKvfycP3zKx62u_HFvHTuotB7d9kuI6MWY6DVYfhGEApVCZq8usu1zVwAUJcJH8CA0QuSMK81dZVUdIR3cdlMp2UdZFQVKQTMgd7jYAdwIxMU-hUFEzXfP3zgQzHnH-3KYFJP_X9SaEFodce9pyPd3XD-SCmTAXZS7qtz9r1pJ9M6UiUQqIJ0dNzgNKj3dPY4fp82w2yxx0i7FwHauVaezgjlHtlxI8CalZw_r08S36v6sJPddslyKw&h=lx3T6zX605iahYvMa_XPTiaLmBb29COwSxrbu6P0lbs",
      "EncodedRequestUri": "L3N1YnNjcmlwdGlvbnMvNjZkZTgyZjMtYWQ5My00NjA1LWJiZGItMjM3ZmU3ZWYzYTA2L29wZXJhdGlvbnJlc3VsdHMvZXlKcWIySkpaQ0k2SWxKRlUwOVZVa05GUjFKUFZWQkVSVXhGVkVsUFRrcFBRaTFRVXpFMU1UZ3RWMFZUVkZWVE1pSXNJbXB2WWt4dlkyRjBhVzl1SWpvaWQyVnpkSFZ6TWlKOT9hcGktdmVyc2lvbj0yMDE2LTA5LTAxJnQ9NjM4MzU1ODAyNjY1NzkxMjU2JmM9TUlJSEhqQ0NCZ2FnQXdJQkFnSVRmd0k4b29vMjc2MVRFZ08zU2dBRUFqeWlpakFOQmdrcWhraUc5dzBCQVFzRkFEQkVNUk13RVFZS0NaSW1pWlB5TEdRQkdSWURSMEpNTVJNd0VRWUtDWkltaVpQeUxHUUJHUllEUVUxRk1SZ3dGZ1lEVlFRREV3OUJUVVVnU1c1bWNtRWdRMEVnTURJd0hoY05Nak14TVRBeE1UYzFOVEkyV2hjTk1qUXhNREkyTVRjMU5USTJXakJBTVQ0d1BBWURWUVFERXpWaGMzbHVZMjl3WlhKaGRHbHZibk5wWjI1cGJtZGpaWEowYVdacFkyRjBaUzV0WVc1aFoyVnRaVzUwTG1GNmRYSmxMbU52YlRDQ0FTSXdEUVlKS29aSWh2Y05BUUVCQlFBRGdnRVBBRENDQVFvQ2dnRUJBSjBXUUxqZ2JaajcwdVh3TF9Bbkt2RWFzMUdWdk9CN09nNGdpRVk3SDBMNzhSRmlZMi1DenpnTUt5WlY4SDNBQ1p4cVFvQk1Xc3E5WEFmNGlVTkFlcjdzMjNWUHlXa29WZHIydVRjOFNDdnVyNHFqYTc3T1RNS2lSVlUyNzdWaVJ1X01iLWZKdlFLZVJPM1E4QTRTZzFBNjNhMlZRX1dseU9DSFBCai1nVUYwelU0U1lubHFTWUdjTm11aENqdEhwVnZGX04zQ0d6MEpsR1RvM2lhMHdta3MyeTk1SUhlRDBsY3IwQWdQNzNfZWFmYkthZlpuNFo1NkdkQzNsbmdLZGh5RWlRaV9rUHl4YXlkdjFQZlYyeFg5T0xLdkIxOWU5akxCNDNRQTlyNWs1RHNBaHF0djZlcXdIQmRXMDdTOU1DTXU4a3dvWVVwWDFUVEdhcGl6YzZFQ0F3RUFBYU9DQkFzd2dnUUhNQ2NHQ1NzR0FRUUJnamNWQ2dRYU1CZ3dDZ1lJS3dZQkJRVUhBd0V3Q2dZSUt3WUJCUVVIQXdJd1BRWUpLd1lCQkFHQ054VUhCREF3TGdZbUt3WUJCQUdDTnhVSWhwRGpEWVRWdEhpRThZcy1oWnZkRnM2ZEVvRmdndlgySzRQeTBTQUNBV1FDQVFvd2dnSGFCZ2dyQmdFRkJRY0JBUVNDQWN3d2dnSElNR1lHQ0NzR0FRVUZCekFDaGxwb2RIUndPaTh2WTNKc0xtMXBZM0p2YzI5bWRDNWpiMjB2Y0d0cGFXNW1jbUV2UTJWeWRITXZRa3d5VUV0SlNVNVVRMEV3TVM1QlRVVXVSMEpNWDBGTlJTVXlNRWx1Wm5KaEpUSXdRMEVsTWpBd01pZzBLUzVqY25Rd1ZnWUlLd1lCQlFVSE1BS0dTbWgwZEhBNkx5OWpjbXd4TG1GdFpTNW5ZbXd2WVdsaEwwSk1NbEJMU1VsT1ZFTkJNREV1UVUxRkxrZENURjlCVFVVbE1qQkpibVp5WVNVeU1FTkJKVEl3TURJb05Da3VZM0owTUZZR0NDc0dBUVVGQnpBQ2hrcG9kSFJ3T2k4dlkzSnNNaTVoYldVdVoySnNMMkZwWVM5Q1RESlFTMGxKVGxSRFFUQXhMa0ZOUlM1SFFreGZRVTFGSlRJd1NXNW1jbUVsTWpCRFFTVXlNREF5S0RRcExtTnlkREJXQmdnckJnRUZCUWN3QW9aS2FIUjBjRG92TDJOeWJETXVZVzFsTG1kaWJDOWhhV0V2UWt3eVVFdEpTVTVVUTBFd01TNUJUVVV1UjBKTVgwRk5SU1V5TUVsdVpuSmhKVEl3UTBFbE1qQXdNaWcwS1M1amNuUXdWZ1lJS3dZQkJRVUhNQUtHU21oMGRIQTZMeTlqY213MExtRnRaUzVuWW13dllXbGhMMEpNTWxCTFNVbE9WRU5CTURFdVFVMUZMa2RDVEY5QlRVVWxNakJKYm1aeVlTVXlNRU5CSlRJd01ESW9OQ2t1WTNKME1CMEdBMVVkRGdRV0JCVHdrOHlWQlAzay1RYThMZFN3Nm12LS1tTEl2REFPQmdOVkhROEJBZjhFQkFNQ0JhQXdnZ0UxQmdOVkhSOEVnZ0VzTUlJQktEQ0NBU1NnZ2dFZ29JSUJISVpDYUhSMGNEb3ZMMk55YkM1dGFXTnliM052Wm5RdVkyOXRMM0JyYVdsdVpuSmhMME5TVEM5QlRVVWxNakJKYm1aeVlTVXlNRU5CSlRJd01ESW9OQ2t1WTNKc2hqUm9kSFJ3T2k4dlkzSnNNUzVoYldVdVoySnNMMk55YkM5QlRVVWxNakJKYm1aeVlTVXlNRU5CSlRJd01ESW9OQ2t1WTNKc2hqUm9kSFJ3T2k4dlkzSnNNaTVoYldVdVoySnNMMk55YkM5QlRVVWxNakJKYm1aeVlTVXlNRU5CSlRJd01ESW9OQ2t1WTNKc2hqUm9kSFJ3T2k4dlkzSnNNeTVoYldVdVoySnNMMk55YkM5QlRVVWxNakJKYm1aeVlTVXlNRU5CSlRJd01ESW9OQ2t1WTNKc2hqUm9kSFJ3T2k4dlkzSnNOQzVoYldVdVoySnNMMk55YkM5QlRVVWxNakJKYm1aeVlTVXlNRU5CSlRJd01ESW9OQ2t1WTNKc01CY0dBMVVkSUFRUU1BNHdEQVlLS3dZQkJBR0NOM3NCQVRBZkJnTlZIU01FR0RBV2dCU3VlY0pyWFNXSUV3YjJCd25EbDN4N2w0OGRWVEFkQmdOVkhTVUVGakFVQmdnckJnRUZCUWNEQVFZSUt3WUJCUVVIQXdJd0RRWUpLb1pJaHZjTkFRRUxCUUFEZ2dFQkFLUjhoMnB1TVVpM1NHZElmYmxjRXlsT0JmY2FDUnREREl2QzY0UUtMYWU3dk9BZTFmOFNwWEVGZlllSWw1eHlkYjhsRVVZQXB4TDcwMVNRU3ktTlB1QnV1UTBDSU1LaloteENqOVZialFJeWtvc1FCVkp2eHA1STBUcGx5dW1GaWVoUVAzelp1YzFQWjJoZzA1YXEzQ0tTYkpHS0Zsb3dfOFA5Uk42NnllS1dHRTdTV1Y5TlpUaEVMOFZmRVhqbF9JVGdXYi1MMVNtbkZLVGRPVk5WRFFvUmpqWC1KcVZvYnFoME80SzBkc1BhcERvQWRxaklFQ29kdm9jR3lXdENFd0lrLWo4eXlCeHFYX0p6enVtTXp4VU1yeENqYW9zYUpWT3ZvSkI3dmg2V3VpWWZIb25keXphR3FqbTlCanBxajQ2YlFYb2p4NnhBTGx6Tlg1eF9qX2cmcz1RbXZPZGxyUy1tbXZJYjJkUkRhd0VXbWVBRHFxU0Rqa0dxV21PZVJxdWwzam15cV9iRjA4SjRqLWNfNVBJNUpRaVpQNl9JRGtXeEhmZVU3Y3MzbFRyYlVmUndYaDVVR3lLdmZ5Y1Azekt4NjJ1X0hGdkhUdW90QjdkOWt1STZNV1k2RFZZZmhHRUFwVkNacTh1c3UxelZ3QVVKY0pIOENBMFF1U01LODFkWlZVZElSM2NkbE1wMlVkWkZRVktRVE1nZDdqWUFkd0l4TVUtaFVGRXpYZlAzemdRekhuSC0zS1lGSlBfWDlTYUVGb2RjZTlweVBkM1hELVNDbVRBWFpTN3F0ejlyMXBKOU02VWlVUXFJSjBkTnpnTktqM2RQWTRmcDgydzJ5eHgwaTdGd0hhdVZhZXpnamxIdGx4SThDYWxad19yMDhTMzZ2NnNKUGRkc2x5S3cmaD1seDNUNnpYNjA1aWFoWXZNYV9YUFRpYUxtQmIyOUNPd1N4cmJ1NlAwbGJz",
      "RequestMethod": "GET",
      "RequestHeaders": {
        "User-Agent": [
          "FxVersion/6.0.2423.51814",
          "OSName/Windows",
          "OSVersion/Microsoft.Windows.10.0.22631",
          "Microsoft.Azure.Management.Internal.Resources.ResourceManagementClient/1.3.86"
        ]
      },
      "RequestBody": "",
      "ResponseHeaders": {
        "Cache-Control": [
          "no-cache"
        ],
        "Pragma": [
          "no-cache"
        ],
        "Location": [
          "https://management.azure.com/subscriptions/66de82f3-ad93-4605-bbdb-237fe7ef3a06/operationresults/eyJqb2JJZCI6IlJFU09VUkNFR1JPVVBERUxFVElPTkpPQi1QUzE1MTgtV0VTVFVTMiIsImpvYkxvY2F0aW9uIjoid2VzdHVzMiJ9?api-version=2016-09-01&t=638355802816417704&c=MIIHHjCCBgagAwIBAgITfwI8ooo2761TEgO3SgAEAjyiijANBgkqhkiG9w0BAQsFADBEMRMwEQYKCZImiZPyLGQBGRYDR0JMMRMwEQYKCZImiZPyLGQBGRYDQU1FMRgwFgYDVQQDEw9BTUUgSW5mcmEgQ0EgMDIwHhcNMjMxMTAxMTc1NTI2WhcNMjQxMDI2MTc1NTI2WjBAMT4wPAYDVQQDEzVhc3luY29wZXJhdGlvbnNpZ25pbmdjZXJ0aWZpY2F0ZS5tYW5hZ2VtZW50LmF6dXJlLmNvbTCCASIwDQYJKoZIhvcNAQEBBQADggEPADCCAQoCggEBAJ0WQLjgbZj70uXwL_AnKvEas1GVvOB7Og4giEY7H0L78RFiY2-CzzgMKyZV8H3ACZxqQoBMWsq9XAf4iUNAer7s23VPyWkoVdr2uTc8SCvur4qja77OTMKiRVU277ViRu_Mb-fJvQKeRO3Q8A4Sg1A63a2VQ_WlyOCHPBj-gUF0zU4SYnlqSYGcNmuhCjtHpVvF_N3CGz0JlGTo3ia0wmks2y95IHeD0lcr0AgP73_eafbKafZn4Z56GdC3lngKdhyEiQi_kPyxaydv1PfV2xX9OLKvB19e9jLB43QA9r5k5DsAhqtv6eqwHBdW07S9MCMu8kwoYUpX1TTGapizc6ECAwEAAaOCBAswggQHMCcGCSsGAQQBgjcVCgQaMBgwCgYIKwYBBQUHAwEwCgYIKwYBBQUHAwIwPQYJKwYBBAGCNxUHBDAwLgYmKwYBBAGCNxUIhpDjDYTVtHiE8Ys-hZvdFs6dEoFggvX2K4Py0SACAWQCAQowggHaBggrBgEFBQcBAQSCAcwwggHIMGYGCCsGAQUFBzAChlpodHRwOi8vY3JsLm1pY3Jvc29mdC5jb20vcGtpaW5mcmEvQ2VydHMvQkwyUEtJSU5UQ0EwMS5BTUUuR0JMX0FNRSUyMEluZnJhJTIwQ0ElMjAwMig0KS5jcnQwVgYIKwYBBQUHMAKGSmh0dHA6Ly9jcmwxLmFtZS5nYmwvYWlhL0JMMlBLSUlOVENBMDEuQU1FLkdCTF9BTUUlMjBJbmZyYSUyMENBJTIwMDIoNCkuY3J0MFYGCCsGAQUFBzAChkpodHRwOi8vY3JsMi5hbWUuZ2JsL2FpYS9CTDJQS0lJTlRDQTAxLkFNRS5HQkxfQU1FJTIwSW5mcmElMjBDQSUyMDAyKDQpLmNydDBWBggrBgEFBQcwAoZKaHR0cDovL2NybDMuYW1lLmdibC9haWEvQkwyUEtJSU5UQ0EwMS5BTUUuR0JMX0FNRSUyMEluZnJhJTIwQ0ElMjAwMig0KS5jcnQwVgYIKwYBBQUHMAKGSmh0dHA6Ly9jcmw0LmFtZS5nYmwvYWlhL0JMMlBLSUlOVENBMDEuQU1FLkdCTF9BTUUlMjBJbmZyYSUyMENBJTIwMDIoNCkuY3J0MB0GA1UdDgQWBBTwk8yVBP3k-Qa8LdSw6mv--mLIvDAOBgNVHQ8BAf8EBAMCBaAwggE1BgNVHR8EggEsMIIBKDCCASSgggEgoIIBHIZCaHR0cDovL2NybC5taWNyb3NvZnQuY29tL3BraWluZnJhL0NSTC9BTUUlMjBJbmZyYSUyMENBJTIwMDIoNCkuY3JshjRodHRwOi8vY3JsMS5hbWUuZ2JsL2NybC9BTUUlMjBJbmZyYSUyMENBJTIwMDIoNCkuY3JshjRodHRwOi8vY3JsMi5hbWUuZ2JsL2NybC9BTUUlMjBJbmZyYSUyMENBJTIwMDIoNCkuY3JshjRodHRwOi8vY3JsMy5hbWUuZ2JsL2NybC9BTUUlMjBJbmZyYSUyMENBJTIwMDIoNCkuY3JshjRodHRwOi8vY3JsNC5hbWUuZ2JsL2NybC9BTUUlMjBJbmZyYSUyMENBJTIwMDIoNCkuY3JsMBcGA1UdIAQQMA4wDAYKKwYBBAGCN3sBATAfBgNVHSMEGDAWgBSuecJrXSWIEwb2BwnDl3x7l48dVTAdBgNVHSUEFjAUBggrBgEFBQcDAQYIKwYBBQUHAwIwDQYJKoZIhvcNAQELBQADggEBAKR8h2puMUi3SGdIfblcEylOBfcaCRtDDIvC64QKLae7vOAe1f8SpXEFfYeIl5xydb8lEUYApxL701SQSy-NPuBuuQ0CIMKjZ-xCj9VbjQIykosQBVJvxp5I0TplyumFiehQP3zZuc1PZ2hg05aq3CKSbJGKFlow_8P9RN66yeKWGE7SWV9NZThEL8VfEXjl_ITgWb-L1SmnFKTdOVNVDQoRjjX-JqVobqh0O4K0dsPapDoAdqjIECodvocGyWtCEwIk-j8yyBxqX_JzzumMzxUMrxCjaosaJVOvoJB7vh6WuiYfHondyzaGqjm9Bjpqj46bQXojx6xALlzNX5x_j_g&s=KgKZDuBSHBF2k7dV_kRtFvLMROJyCKsNzaw6WzLu0E_upt1Y_-s3AMzhBh0wro5t19Px78yu88LUcPFNDJ5iKEo-yw8mwbEc7c0B35YvefmztLrL4f7vg7FQFufk6XsZUcJUyzsOyLCJv_gts4pB7z3Ct0k-CrvexfaO-COf1sylwXq4cMqIbPLHC6n7NvLSBGM0fRIiIqBTAsSzQC4TNYW8ctjw45YDJG2IO2xEolXL6dJLxRrEk6aCsHUh37kEmx3nIsp7EgxKefC12Whtzg11JDuc5nsljFUX1qh9QX_BdNJu_8QG2Bd5Jh6y-e3DxmffnYaDnJfre4q09-mmYQ&h=7COWT9ygtisok6pvwYRy6q5S9ymo-xOkX6qfZa6iaPs"
        ],
        "Retry-After": [
          "15"
        ],
        "x-ms-ratelimit-remaining-subscription-reads": [
          "11996"
        ],
        "x-ms-request-id": [
          "5385a379-2275-445e-8479-0bc35f8ec3b1"
        ],
        "x-ms-correlation-request-id": [
          "5385a379-2275-445e-8479-0bc35f8ec3b1"
        ],
        "x-ms-routing-request-id": [
          "WESTUS2:20231114T173801Z:5385a379-2275-445e-8479-0bc35f8ec3b1"
        ],
        "Strict-Transport-Security": [
          "max-age=31536000; includeSubDomains"
        ],
        "X-Content-Type-Options": [
          "nosniff"
        ],
        "Date": [
          "Tue, 14 Nov 2023 17:38:01 GMT"
        ],
        "Expires": [
          "-1"
        ],
        "Content-Length": [
          "0"
        ]
      },
      "ResponseBody": "",
      "StatusCode": 202
    },
    {
      "RequestUri": "/subscriptions/66de82f3-ad93-4605-bbdb-237fe7ef3a06/operationresults/eyJqb2JJZCI6IlJFU09VUkNFR1JPVVBERUxFVElPTkpPQi1QUzE1MTgtV0VTVFVTMiIsImpvYkxvY2F0aW9uIjoid2VzdHVzMiJ9?api-version=2016-09-01&t=638355802816417704&c=MIIHHjCCBgagAwIBAgITfwI8ooo2761TEgO3SgAEAjyiijANBgkqhkiG9w0BAQsFADBEMRMwEQYKCZImiZPyLGQBGRYDR0JMMRMwEQYKCZImiZPyLGQBGRYDQU1FMRgwFgYDVQQDEw9BTUUgSW5mcmEgQ0EgMDIwHhcNMjMxMTAxMTc1NTI2WhcNMjQxMDI2MTc1NTI2WjBAMT4wPAYDVQQDEzVhc3luY29wZXJhdGlvbnNpZ25pbmdjZXJ0aWZpY2F0ZS5tYW5hZ2VtZW50LmF6dXJlLmNvbTCCASIwDQYJKoZIhvcNAQEBBQADggEPADCCAQoCggEBAJ0WQLjgbZj70uXwL_AnKvEas1GVvOB7Og4giEY7H0L78RFiY2-CzzgMKyZV8H3ACZxqQoBMWsq9XAf4iUNAer7s23VPyWkoVdr2uTc8SCvur4qja77OTMKiRVU277ViRu_Mb-fJvQKeRO3Q8A4Sg1A63a2VQ_WlyOCHPBj-gUF0zU4SYnlqSYGcNmuhCjtHpVvF_N3CGz0JlGTo3ia0wmks2y95IHeD0lcr0AgP73_eafbKafZn4Z56GdC3lngKdhyEiQi_kPyxaydv1PfV2xX9OLKvB19e9jLB43QA9r5k5DsAhqtv6eqwHBdW07S9MCMu8kwoYUpX1TTGapizc6ECAwEAAaOCBAswggQHMCcGCSsGAQQBgjcVCgQaMBgwCgYIKwYBBQUHAwEwCgYIKwYBBQUHAwIwPQYJKwYBBAGCNxUHBDAwLgYmKwYBBAGCNxUIhpDjDYTVtHiE8Ys-hZvdFs6dEoFggvX2K4Py0SACAWQCAQowggHaBggrBgEFBQcBAQSCAcwwggHIMGYGCCsGAQUFBzAChlpodHRwOi8vY3JsLm1pY3Jvc29mdC5jb20vcGtpaW5mcmEvQ2VydHMvQkwyUEtJSU5UQ0EwMS5BTUUuR0JMX0FNRSUyMEluZnJhJTIwQ0ElMjAwMig0KS5jcnQwVgYIKwYBBQUHMAKGSmh0dHA6Ly9jcmwxLmFtZS5nYmwvYWlhL0JMMlBLSUlOVENBMDEuQU1FLkdCTF9BTUUlMjBJbmZyYSUyMENBJTIwMDIoNCkuY3J0MFYGCCsGAQUFBzAChkpodHRwOi8vY3JsMi5hbWUuZ2JsL2FpYS9CTDJQS0lJTlRDQTAxLkFNRS5HQkxfQU1FJTIwSW5mcmElMjBDQSUyMDAyKDQpLmNydDBWBggrBgEFBQcwAoZKaHR0cDovL2NybDMuYW1lLmdibC9haWEvQkwyUEtJSU5UQ0EwMS5BTUUuR0JMX0FNRSUyMEluZnJhJTIwQ0ElMjAwMig0KS5jcnQwVgYIKwYBBQUHMAKGSmh0dHA6Ly9jcmw0LmFtZS5nYmwvYWlhL0JMMlBLSUlOVENBMDEuQU1FLkdCTF9BTUUlMjBJbmZyYSUyMENBJTIwMDIoNCkuY3J0MB0GA1UdDgQWBBTwk8yVBP3k-Qa8LdSw6mv--mLIvDAOBgNVHQ8BAf8EBAMCBaAwggE1BgNVHR8EggEsMIIBKDCCASSgggEgoIIBHIZCaHR0cDovL2NybC5taWNyb3NvZnQuY29tL3BraWluZnJhL0NSTC9BTUUlMjBJbmZyYSUyMENBJTIwMDIoNCkuY3JshjRodHRwOi8vY3JsMS5hbWUuZ2JsL2NybC9BTUUlMjBJbmZyYSUyMENBJTIwMDIoNCkuY3JshjRodHRwOi8vY3JsMi5hbWUuZ2JsL2NybC9BTUUlMjBJbmZyYSUyMENBJTIwMDIoNCkuY3JshjRodHRwOi8vY3JsMy5hbWUuZ2JsL2NybC9BTUUlMjBJbmZyYSUyMENBJTIwMDIoNCkuY3JshjRodHRwOi8vY3JsNC5hbWUuZ2JsL2NybC9BTUUlMjBJbmZyYSUyMENBJTIwMDIoNCkuY3JsMBcGA1UdIAQQMA4wDAYKKwYBBAGCN3sBATAfBgNVHSMEGDAWgBSuecJrXSWIEwb2BwnDl3x7l48dVTAdBgNVHSUEFjAUBggrBgEFBQcDAQYIKwYBBQUHAwIwDQYJKoZIhvcNAQELBQADggEBAKR8h2puMUi3SGdIfblcEylOBfcaCRtDDIvC64QKLae7vOAe1f8SpXEFfYeIl5xydb8lEUYApxL701SQSy-NPuBuuQ0CIMKjZ-xCj9VbjQIykosQBVJvxp5I0TplyumFiehQP3zZuc1PZ2hg05aq3CKSbJGKFlow_8P9RN66yeKWGE7SWV9NZThEL8VfEXjl_ITgWb-L1SmnFKTdOVNVDQoRjjX-JqVobqh0O4K0dsPapDoAdqjIECodvocGyWtCEwIk-j8yyBxqX_JzzumMzxUMrxCjaosaJVOvoJB7vh6WuiYfHondyzaGqjm9Bjpqj46bQXojx6xALlzNX5x_j_g&s=KgKZDuBSHBF2k7dV_kRtFvLMROJyCKsNzaw6WzLu0E_upt1Y_-s3AMzhBh0wro5t19Px78yu88LUcPFNDJ5iKEo-yw8mwbEc7c0B35YvefmztLrL4f7vg7FQFufk6XsZUcJUyzsOyLCJv_gts4pB7z3Ct0k-CrvexfaO-COf1sylwXq4cMqIbPLHC6n7NvLSBGM0fRIiIqBTAsSzQC4TNYW8ctjw45YDJG2IO2xEolXL6dJLxRrEk6aCsHUh37kEmx3nIsp7EgxKefC12Whtzg11JDuc5nsljFUX1qh9QX_BdNJu_8QG2Bd5Jh6y-e3DxmffnYaDnJfre4q09-mmYQ&h=7COWT9ygtisok6pvwYRy6q5S9ymo-xOkX6qfZa6iaPs",
      "EncodedRequestUri": "L3N1YnNjcmlwdGlvbnMvNjZkZTgyZjMtYWQ5My00NjA1LWJiZGItMjM3ZmU3ZWYzYTA2L29wZXJhdGlvbnJlc3VsdHMvZXlKcWIySkpaQ0k2SWxKRlUwOVZVa05GUjFKUFZWQkVSVXhGVkVsUFRrcFBRaTFRVXpFMU1UZ3RWMFZUVkZWVE1pSXNJbXB2WWt4dlkyRjBhVzl1SWpvaWQyVnpkSFZ6TWlKOT9hcGktdmVyc2lvbj0yMDE2LTA5LTAxJnQ9NjM4MzU1ODAyODE2NDE3NzA0JmM9TUlJSEhqQ0NCZ2FnQXdJQkFnSVRmd0k4b29vMjc2MVRFZ08zU2dBRUFqeWlpakFOQmdrcWhraUc5dzBCQVFzRkFEQkVNUk13RVFZS0NaSW1pWlB5TEdRQkdSWURSMEpNTVJNd0VRWUtDWkltaVpQeUxHUUJHUllEUVUxRk1SZ3dGZ1lEVlFRREV3OUJUVVVnU1c1bWNtRWdRMEVnTURJd0hoY05Nak14TVRBeE1UYzFOVEkyV2hjTk1qUXhNREkyTVRjMU5USTJXakJBTVQ0d1BBWURWUVFERXpWaGMzbHVZMjl3WlhKaGRHbHZibk5wWjI1cGJtZGpaWEowYVdacFkyRjBaUzV0WVc1aFoyVnRaVzUwTG1GNmRYSmxMbU52YlRDQ0FTSXdEUVlKS29aSWh2Y05BUUVCQlFBRGdnRVBBRENDQVFvQ2dnRUJBSjBXUUxqZ2JaajcwdVh3TF9Bbkt2RWFzMUdWdk9CN09nNGdpRVk3SDBMNzhSRmlZMi1DenpnTUt5WlY4SDNBQ1p4cVFvQk1Xc3E5WEFmNGlVTkFlcjdzMjNWUHlXa29WZHIydVRjOFNDdnVyNHFqYTc3T1RNS2lSVlUyNzdWaVJ1X01iLWZKdlFLZVJPM1E4QTRTZzFBNjNhMlZRX1dseU9DSFBCai1nVUYwelU0U1lubHFTWUdjTm11aENqdEhwVnZGX04zQ0d6MEpsR1RvM2lhMHdta3MyeTk1SUhlRDBsY3IwQWdQNzNfZWFmYkthZlpuNFo1NkdkQzNsbmdLZGh5RWlRaV9rUHl4YXlkdjFQZlYyeFg5T0xLdkIxOWU5akxCNDNRQTlyNWs1RHNBaHF0djZlcXdIQmRXMDdTOU1DTXU4a3dvWVVwWDFUVEdhcGl6YzZFQ0F3RUFBYU9DQkFzd2dnUUhNQ2NHQ1NzR0FRUUJnamNWQ2dRYU1CZ3dDZ1lJS3dZQkJRVUhBd0V3Q2dZSUt3WUJCUVVIQXdJd1BRWUpLd1lCQkFHQ054VUhCREF3TGdZbUt3WUJCQUdDTnhVSWhwRGpEWVRWdEhpRThZcy1oWnZkRnM2ZEVvRmdndlgySzRQeTBTQUNBV1FDQVFvd2dnSGFCZ2dyQmdFRkJRY0JBUVNDQWN3d2dnSElNR1lHQ0NzR0FRVUZCekFDaGxwb2RIUndPaTh2WTNKc0xtMXBZM0p2YzI5bWRDNWpiMjB2Y0d0cGFXNW1jbUV2UTJWeWRITXZRa3d5VUV0SlNVNVVRMEV3TVM1QlRVVXVSMEpNWDBGTlJTVXlNRWx1Wm5KaEpUSXdRMEVsTWpBd01pZzBLUzVqY25Rd1ZnWUlLd1lCQlFVSE1BS0dTbWgwZEhBNkx5OWpjbXd4TG1GdFpTNW5ZbXd2WVdsaEwwSk1NbEJMU1VsT1ZFTkJNREV1UVUxRkxrZENURjlCVFVVbE1qQkpibVp5WVNVeU1FTkJKVEl3TURJb05Da3VZM0owTUZZR0NDc0dBUVVGQnpBQ2hrcG9kSFJ3T2k4dlkzSnNNaTVoYldVdVoySnNMMkZwWVM5Q1RESlFTMGxKVGxSRFFUQXhMa0ZOUlM1SFFreGZRVTFGSlRJd1NXNW1jbUVsTWpCRFFTVXlNREF5S0RRcExtTnlkREJXQmdnckJnRUZCUWN3QW9aS2FIUjBjRG92TDJOeWJETXVZVzFsTG1kaWJDOWhhV0V2UWt3eVVFdEpTVTVVUTBFd01TNUJUVVV1UjBKTVgwRk5SU1V5TUVsdVpuSmhKVEl3UTBFbE1qQXdNaWcwS1M1amNuUXdWZ1lJS3dZQkJRVUhNQUtHU21oMGRIQTZMeTlqY213MExtRnRaUzVuWW13dllXbGhMMEpNTWxCTFNVbE9WRU5CTURFdVFVMUZMa2RDVEY5QlRVVWxNakJKYm1aeVlTVXlNRU5CSlRJd01ESW9OQ2t1WTNKME1CMEdBMVVkRGdRV0JCVHdrOHlWQlAzay1RYThMZFN3Nm12LS1tTEl2REFPQmdOVkhROEJBZjhFQkFNQ0JhQXdnZ0UxQmdOVkhSOEVnZ0VzTUlJQktEQ0NBU1NnZ2dFZ29JSUJISVpDYUhSMGNEb3ZMMk55YkM1dGFXTnliM052Wm5RdVkyOXRMM0JyYVdsdVpuSmhMME5TVEM5QlRVVWxNakJKYm1aeVlTVXlNRU5CSlRJd01ESW9OQ2t1WTNKc2hqUm9kSFJ3T2k4dlkzSnNNUzVoYldVdVoySnNMMk55YkM5QlRVVWxNakJKYm1aeVlTVXlNRU5CSlRJd01ESW9OQ2t1WTNKc2hqUm9kSFJ3T2k4dlkzSnNNaTVoYldVdVoySnNMMk55YkM5QlRVVWxNakJKYm1aeVlTVXlNRU5CSlRJd01ESW9OQ2t1WTNKc2hqUm9kSFJ3T2k4dlkzSnNNeTVoYldVdVoySnNMMk55YkM5QlRVVWxNakJKYm1aeVlTVXlNRU5CSlRJd01ESW9OQ2t1WTNKc2hqUm9kSFJ3T2k4dlkzSnNOQzVoYldVdVoySnNMMk55YkM5QlRVVWxNakJKYm1aeVlTVXlNRU5CSlRJd01ESW9OQ2t1WTNKc01CY0dBMVVkSUFRUU1BNHdEQVlLS3dZQkJBR0NOM3NCQVRBZkJnTlZIU01FR0RBV2dCU3VlY0pyWFNXSUV3YjJCd25EbDN4N2w0OGRWVEFkQmdOVkhTVUVGakFVQmdnckJnRUZCUWNEQVFZSUt3WUJCUVVIQXdJd0RRWUpLb1pJaHZjTkFRRUxCUUFEZ2dFQkFLUjhoMnB1TVVpM1NHZElmYmxjRXlsT0JmY2FDUnREREl2QzY0UUtMYWU3dk9BZTFmOFNwWEVGZlllSWw1eHlkYjhsRVVZQXB4TDcwMVNRU3ktTlB1QnV1UTBDSU1LaloteENqOVZialFJeWtvc1FCVkp2eHA1STBUcGx5dW1GaWVoUVAzelp1YzFQWjJoZzA1YXEzQ0tTYkpHS0Zsb3dfOFA5Uk42NnllS1dHRTdTV1Y5TlpUaEVMOFZmRVhqbF9JVGdXYi1MMVNtbkZLVGRPVk5WRFFvUmpqWC1KcVZvYnFoME80SzBkc1BhcERvQWRxaklFQ29kdm9jR3lXdENFd0lrLWo4eXlCeHFYX0p6enVtTXp4VU1yeENqYW9zYUpWT3ZvSkI3dmg2V3VpWWZIb25keXphR3FqbTlCanBxajQ2YlFYb2p4NnhBTGx6Tlg1eF9qX2cmcz1LZ0taRHVCU0hCRjJrN2RWX2tSdEZ2TE1ST0p5Q0tzTnphdzZXekx1MEVfdXB0MVlfLXMzQU16aEJoMHdybzV0MTlQeDc4eXU4OExVY1BGTkRKNWlLRW8teXc4bXdiRWM3YzBCMzVZdmVmbXp0THJMNGY3dmc3RlFGdWZrNlhzWlVjSlV5enNPeUxDSnZfZ3RzNHBCN3ozQ3Qway1DcnZleGZhTy1DT2Yxc3lsd1hxNGNNcUliUExIQzZuN052TFNCR00wZlJJaUlxQlRBc1N6UUM0VE5ZVzhjdGp3NDVZREpHMklPMnhFb2xYTDZkSkx4UnJFazZhQ3NIVWgzN2tFbXgzbklzcDdFZ3hLZWZDMTJXaHR6ZzExSkR1YzVuc2xqRlVYMXFoOVFYX0JkTkp1XzhRRzJCZDVKaDZ5LWUzRHhtZmZuWWFEbkpmcmU0cTA5LW1tWVEmaD03Q09XVDl5Z3Rpc29rNnB2d1lSeTZxNVM5eW1vLXhPa1g2cWZaYTZpYVBz",
      "RequestMethod": "GET",
      "RequestHeaders": {
        "User-Agent": [
          "FxVersion/6.0.2423.51814",
          "OSName/Windows",
          "OSVersion/Microsoft.Windows.10.0.22631",
          "Microsoft.Azure.Management.Internal.Resources.ResourceManagementClient/1.3.86"
        ]
      },
      "RequestBody": "",
      "ResponseHeaders": {
        "Cache-Control": [
          "no-cache"
        ],
        "Pragma": [
          "no-cache"
        ],
        "x-ms-ratelimit-remaining-subscription-reads": [
          "11995"
        ],
        "x-ms-request-id": [
          "43efa3b0-f7a8-43fd-bfa0-6283926235af"
        ],
        "x-ms-correlation-request-id": [
          "43efa3b0-f7a8-43fd-bfa0-6283926235af"
        ],
        "x-ms-routing-request-id": [
          "WESTUS2:20231114T173816Z:43efa3b0-f7a8-43fd-bfa0-6283926235af"
        ],
        "Strict-Transport-Security": [
          "max-age=31536000; includeSubDomains"
        ],
        "X-Content-Type-Options": [
          "nosniff"
        ],
        "Date": [
          "Tue, 14 Nov 2023 17:38:16 GMT"
        ],
        "Expires": [
          "-1"
        ],
        "Content-Length": [
          "0"
        ]
      },
      "ResponseBody": "",
      "StatusCode": 200
    },
    {
      "RequestUri": "/subscriptions/66de82f3-ad93-4605-bbdb-237fe7ef3a06/operationresults/eyJqb2JJZCI6IlJFU09VUkNFR1JPVVBERUxFVElPTkpPQi1QUzE1MTgtV0VTVFVTMiIsImpvYkxvY2F0aW9uIjoid2VzdHVzMiJ9?api-version=2016-09-01&t=638355802816417704&c=MIIHHjCCBgagAwIBAgITfwI8ooo2761TEgO3SgAEAjyiijANBgkqhkiG9w0BAQsFADBEMRMwEQYKCZImiZPyLGQBGRYDR0JMMRMwEQYKCZImiZPyLGQBGRYDQU1FMRgwFgYDVQQDEw9BTUUgSW5mcmEgQ0EgMDIwHhcNMjMxMTAxMTc1NTI2WhcNMjQxMDI2MTc1NTI2WjBAMT4wPAYDVQQDEzVhc3luY29wZXJhdGlvbnNpZ25pbmdjZXJ0aWZpY2F0ZS5tYW5hZ2VtZW50LmF6dXJlLmNvbTCCASIwDQYJKoZIhvcNAQEBBQADggEPADCCAQoCggEBAJ0WQLjgbZj70uXwL_AnKvEas1GVvOB7Og4giEY7H0L78RFiY2-CzzgMKyZV8H3ACZxqQoBMWsq9XAf4iUNAer7s23VPyWkoVdr2uTc8SCvur4qja77OTMKiRVU277ViRu_Mb-fJvQKeRO3Q8A4Sg1A63a2VQ_WlyOCHPBj-gUF0zU4SYnlqSYGcNmuhCjtHpVvF_N3CGz0JlGTo3ia0wmks2y95IHeD0lcr0AgP73_eafbKafZn4Z56GdC3lngKdhyEiQi_kPyxaydv1PfV2xX9OLKvB19e9jLB43QA9r5k5DsAhqtv6eqwHBdW07S9MCMu8kwoYUpX1TTGapizc6ECAwEAAaOCBAswggQHMCcGCSsGAQQBgjcVCgQaMBgwCgYIKwYBBQUHAwEwCgYIKwYBBQUHAwIwPQYJKwYBBAGCNxUHBDAwLgYmKwYBBAGCNxUIhpDjDYTVtHiE8Ys-hZvdFs6dEoFggvX2K4Py0SACAWQCAQowggHaBggrBgEFBQcBAQSCAcwwggHIMGYGCCsGAQUFBzAChlpodHRwOi8vY3JsLm1pY3Jvc29mdC5jb20vcGtpaW5mcmEvQ2VydHMvQkwyUEtJSU5UQ0EwMS5BTUUuR0JMX0FNRSUyMEluZnJhJTIwQ0ElMjAwMig0KS5jcnQwVgYIKwYBBQUHMAKGSmh0dHA6Ly9jcmwxLmFtZS5nYmwvYWlhL0JMMlBLSUlOVENBMDEuQU1FLkdCTF9BTUUlMjBJbmZyYSUyMENBJTIwMDIoNCkuY3J0MFYGCCsGAQUFBzAChkpodHRwOi8vY3JsMi5hbWUuZ2JsL2FpYS9CTDJQS0lJTlRDQTAxLkFNRS5HQkxfQU1FJTIwSW5mcmElMjBDQSUyMDAyKDQpLmNydDBWBggrBgEFBQcwAoZKaHR0cDovL2NybDMuYW1lLmdibC9haWEvQkwyUEtJSU5UQ0EwMS5BTUUuR0JMX0FNRSUyMEluZnJhJTIwQ0ElMjAwMig0KS5jcnQwVgYIKwYBBQUHMAKGSmh0dHA6Ly9jcmw0LmFtZS5nYmwvYWlhL0JMMlBLSUlOVENBMDEuQU1FLkdCTF9BTUUlMjBJbmZyYSUyMENBJTIwMDIoNCkuY3J0MB0GA1UdDgQWBBTwk8yVBP3k-Qa8LdSw6mv--mLIvDAOBgNVHQ8BAf8EBAMCBaAwggE1BgNVHR8EggEsMIIBKDCCASSgggEgoIIBHIZCaHR0cDovL2NybC5taWNyb3NvZnQuY29tL3BraWluZnJhL0NSTC9BTUUlMjBJbmZyYSUyMENBJTIwMDIoNCkuY3JshjRodHRwOi8vY3JsMS5hbWUuZ2JsL2NybC9BTUUlMjBJbmZyYSUyMENBJTIwMDIoNCkuY3JshjRodHRwOi8vY3JsMi5hbWUuZ2JsL2NybC9BTUUlMjBJbmZyYSUyMENBJTIwMDIoNCkuY3JshjRodHRwOi8vY3JsMy5hbWUuZ2JsL2NybC9BTUUlMjBJbmZyYSUyMENBJTIwMDIoNCkuY3JshjRodHRwOi8vY3JsNC5hbWUuZ2JsL2NybC9BTUUlMjBJbmZyYSUyMENBJTIwMDIoNCkuY3JsMBcGA1UdIAQQMA4wDAYKKwYBBAGCN3sBATAfBgNVHSMEGDAWgBSuecJrXSWIEwb2BwnDl3x7l48dVTAdBgNVHSUEFjAUBggrBgEFBQcDAQYIKwYBBQUHAwIwDQYJKoZIhvcNAQELBQADggEBAKR8h2puMUi3SGdIfblcEylOBfcaCRtDDIvC64QKLae7vOAe1f8SpXEFfYeIl5xydb8lEUYApxL701SQSy-NPuBuuQ0CIMKjZ-xCj9VbjQIykosQBVJvxp5I0TplyumFiehQP3zZuc1PZ2hg05aq3CKSbJGKFlow_8P9RN66yeKWGE7SWV9NZThEL8VfEXjl_ITgWb-L1SmnFKTdOVNVDQoRjjX-JqVobqh0O4K0dsPapDoAdqjIECodvocGyWtCEwIk-j8yyBxqX_JzzumMzxUMrxCjaosaJVOvoJB7vh6WuiYfHondyzaGqjm9Bjpqj46bQXojx6xALlzNX5x_j_g&s=KgKZDuBSHBF2k7dV_kRtFvLMROJyCKsNzaw6WzLu0E_upt1Y_-s3AMzhBh0wro5t19Px78yu88LUcPFNDJ5iKEo-yw8mwbEc7c0B35YvefmztLrL4f7vg7FQFufk6XsZUcJUyzsOyLCJv_gts4pB7z3Ct0k-CrvexfaO-COf1sylwXq4cMqIbPLHC6n7NvLSBGM0fRIiIqBTAsSzQC4TNYW8ctjw45YDJG2IO2xEolXL6dJLxRrEk6aCsHUh37kEmx3nIsp7EgxKefC12Whtzg11JDuc5nsljFUX1qh9QX_BdNJu_8QG2Bd5Jh6y-e3DxmffnYaDnJfre4q09-mmYQ&h=7COWT9ygtisok6pvwYRy6q5S9ymo-xOkX6qfZa6iaPs",
      "EncodedRequestUri": "L3N1YnNjcmlwdGlvbnMvNjZkZTgyZjMtYWQ5My00NjA1LWJiZGItMjM3ZmU3ZWYzYTA2L29wZXJhdGlvbnJlc3VsdHMvZXlKcWIySkpaQ0k2SWxKRlUwOVZVa05GUjFKUFZWQkVSVXhGVkVsUFRrcFBRaTFRVXpFMU1UZ3RWMFZUVkZWVE1pSXNJbXB2WWt4dlkyRjBhVzl1SWpvaWQyVnpkSFZ6TWlKOT9hcGktdmVyc2lvbj0yMDE2LTA5LTAxJnQ9NjM4MzU1ODAyODE2NDE3NzA0JmM9TUlJSEhqQ0NCZ2FnQXdJQkFnSVRmd0k4b29vMjc2MVRFZ08zU2dBRUFqeWlpakFOQmdrcWhraUc5dzBCQVFzRkFEQkVNUk13RVFZS0NaSW1pWlB5TEdRQkdSWURSMEpNTVJNd0VRWUtDWkltaVpQeUxHUUJHUllEUVUxRk1SZ3dGZ1lEVlFRREV3OUJUVVVnU1c1bWNtRWdRMEVnTURJd0hoY05Nak14TVRBeE1UYzFOVEkyV2hjTk1qUXhNREkyTVRjMU5USTJXakJBTVQ0d1BBWURWUVFERXpWaGMzbHVZMjl3WlhKaGRHbHZibk5wWjI1cGJtZGpaWEowYVdacFkyRjBaUzV0WVc1aFoyVnRaVzUwTG1GNmRYSmxMbU52YlRDQ0FTSXdEUVlKS29aSWh2Y05BUUVCQlFBRGdnRVBBRENDQVFvQ2dnRUJBSjBXUUxqZ2JaajcwdVh3TF9Bbkt2RWFzMUdWdk9CN09nNGdpRVk3SDBMNzhSRmlZMi1DenpnTUt5WlY4SDNBQ1p4cVFvQk1Xc3E5WEFmNGlVTkFlcjdzMjNWUHlXa29WZHIydVRjOFNDdnVyNHFqYTc3T1RNS2lSVlUyNzdWaVJ1X01iLWZKdlFLZVJPM1E4QTRTZzFBNjNhMlZRX1dseU9DSFBCai1nVUYwelU0U1lubHFTWUdjTm11aENqdEhwVnZGX04zQ0d6MEpsR1RvM2lhMHdta3MyeTk1SUhlRDBsY3IwQWdQNzNfZWFmYkthZlpuNFo1NkdkQzNsbmdLZGh5RWlRaV9rUHl4YXlkdjFQZlYyeFg5T0xLdkIxOWU5akxCNDNRQTlyNWs1RHNBaHF0djZlcXdIQmRXMDdTOU1DTXU4a3dvWVVwWDFUVEdhcGl6YzZFQ0F3RUFBYU9DQkFzd2dnUUhNQ2NHQ1NzR0FRUUJnamNWQ2dRYU1CZ3dDZ1lJS3dZQkJRVUhBd0V3Q2dZSUt3WUJCUVVIQXdJd1BRWUpLd1lCQkFHQ054VUhCREF3TGdZbUt3WUJCQUdDTnhVSWhwRGpEWVRWdEhpRThZcy1oWnZkRnM2ZEVvRmdndlgySzRQeTBTQUNBV1FDQVFvd2dnSGFCZ2dyQmdFRkJRY0JBUVNDQWN3d2dnSElNR1lHQ0NzR0FRVUZCekFDaGxwb2RIUndPaTh2WTNKc0xtMXBZM0p2YzI5bWRDNWpiMjB2Y0d0cGFXNW1jbUV2UTJWeWRITXZRa3d5VUV0SlNVNVVRMEV3TVM1QlRVVXVSMEpNWDBGTlJTVXlNRWx1Wm5KaEpUSXdRMEVsTWpBd01pZzBLUzVqY25Rd1ZnWUlLd1lCQlFVSE1BS0dTbWgwZEhBNkx5OWpjbXd4TG1GdFpTNW5ZbXd2WVdsaEwwSk1NbEJMU1VsT1ZFTkJNREV1UVUxRkxrZENURjlCVFVVbE1qQkpibVp5WVNVeU1FTkJKVEl3TURJb05Da3VZM0owTUZZR0NDc0dBUVVGQnpBQ2hrcG9kSFJ3T2k4dlkzSnNNaTVoYldVdVoySnNMMkZwWVM5Q1RESlFTMGxKVGxSRFFUQXhMa0ZOUlM1SFFreGZRVTFGSlRJd1NXNW1jbUVsTWpCRFFTVXlNREF5S0RRcExtTnlkREJXQmdnckJnRUZCUWN3QW9aS2FIUjBjRG92TDJOeWJETXVZVzFsTG1kaWJDOWhhV0V2UWt3eVVFdEpTVTVVUTBFd01TNUJUVVV1UjBKTVgwRk5SU1V5TUVsdVpuSmhKVEl3UTBFbE1qQXdNaWcwS1M1amNuUXdWZ1lJS3dZQkJRVUhNQUtHU21oMGRIQTZMeTlqY213MExtRnRaUzVuWW13dllXbGhMMEpNTWxCTFNVbE9WRU5CTURFdVFVMUZMa2RDVEY5QlRVVWxNakJKYm1aeVlTVXlNRU5CSlRJd01ESW9OQ2t1WTNKME1CMEdBMVVkRGdRV0JCVHdrOHlWQlAzay1RYThMZFN3Nm12LS1tTEl2REFPQmdOVkhROEJBZjhFQkFNQ0JhQXdnZ0UxQmdOVkhSOEVnZ0VzTUlJQktEQ0NBU1NnZ2dFZ29JSUJISVpDYUhSMGNEb3ZMMk55YkM1dGFXTnliM052Wm5RdVkyOXRMM0JyYVdsdVpuSmhMME5TVEM5QlRVVWxNakJKYm1aeVlTVXlNRU5CSlRJd01ESW9OQ2t1WTNKc2hqUm9kSFJ3T2k4dlkzSnNNUzVoYldVdVoySnNMMk55YkM5QlRVVWxNakJKYm1aeVlTVXlNRU5CSlRJd01ESW9OQ2t1WTNKc2hqUm9kSFJ3T2k4dlkzSnNNaTVoYldVdVoySnNMMk55YkM5QlRVVWxNakJKYm1aeVlTVXlNRU5CSlRJd01ESW9OQ2t1WTNKc2hqUm9kSFJ3T2k4dlkzSnNNeTVoYldVdVoySnNMMk55YkM5QlRVVWxNakJKYm1aeVlTVXlNRU5CSlRJd01ESW9OQ2t1WTNKc2hqUm9kSFJ3T2k4dlkzSnNOQzVoYldVdVoySnNMMk55YkM5QlRVVWxNakJKYm1aeVlTVXlNRU5CSlRJd01ESW9OQ2t1WTNKc01CY0dBMVVkSUFRUU1BNHdEQVlLS3dZQkJBR0NOM3NCQVRBZkJnTlZIU01FR0RBV2dCU3VlY0pyWFNXSUV3YjJCd25EbDN4N2w0OGRWVEFkQmdOVkhTVUVGakFVQmdnckJnRUZCUWNEQVFZSUt3WUJCUVVIQXdJd0RRWUpLb1pJaHZjTkFRRUxCUUFEZ2dFQkFLUjhoMnB1TVVpM1NHZElmYmxjRXlsT0JmY2FDUnREREl2QzY0UUtMYWU3dk9BZTFmOFNwWEVGZlllSWw1eHlkYjhsRVVZQXB4TDcwMVNRU3ktTlB1QnV1UTBDSU1LaloteENqOVZialFJeWtvc1FCVkp2eHA1STBUcGx5dW1GaWVoUVAzelp1YzFQWjJoZzA1YXEzQ0tTYkpHS0Zsb3dfOFA5Uk42NnllS1dHRTdTV1Y5TlpUaEVMOFZmRVhqbF9JVGdXYi1MMVNtbkZLVGRPVk5WRFFvUmpqWC1KcVZvYnFoME80SzBkc1BhcERvQWRxaklFQ29kdm9jR3lXdENFd0lrLWo4eXlCeHFYX0p6enVtTXp4VU1yeENqYW9zYUpWT3ZvSkI3dmg2V3VpWWZIb25keXphR3FqbTlCanBxajQ2YlFYb2p4NnhBTGx6Tlg1eF9qX2cmcz1LZ0taRHVCU0hCRjJrN2RWX2tSdEZ2TE1ST0p5Q0tzTnphdzZXekx1MEVfdXB0MVlfLXMzQU16aEJoMHdybzV0MTlQeDc4eXU4OExVY1BGTkRKNWlLRW8teXc4bXdiRWM3YzBCMzVZdmVmbXp0THJMNGY3dmc3RlFGdWZrNlhzWlVjSlV5enNPeUxDSnZfZ3RzNHBCN3ozQ3Qway1DcnZleGZhTy1DT2Yxc3lsd1hxNGNNcUliUExIQzZuN052TFNCR00wZlJJaUlxQlRBc1N6UUM0VE5ZVzhjdGp3NDVZREpHMklPMnhFb2xYTDZkSkx4UnJFazZhQ3NIVWgzN2tFbXgzbklzcDdFZ3hLZWZDMTJXaHR6ZzExSkR1YzVuc2xqRlVYMXFoOVFYX0JkTkp1XzhRRzJCZDVKaDZ5LWUzRHhtZmZuWWFEbkpmcmU0cTA5LW1tWVEmaD03Q09XVDl5Z3Rpc29rNnB2d1lSeTZxNVM5eW1vLXhPa1g2cWZaYTZpYVBz",
      "RequestMethod": "GET",
      "RequestHeaders": {
        "User-Agent": [
          "FxVersion/6.0.2423.51814",
          "OSName/Windows",
          "OSVersion/Microsoft.Windows.10.0.22631",
          "Microsoft.Azure.Management.Internal.Resources.ResourceManagementClient/1.3.86"
        ]
      },
      "RequestBody": "",
      "ResponseHeaders": {
        "Cache-Control": [
          "no-cache"
        ],
        "Pragma": [
          "no-cache"
        ],
        "x-ms-ratelimit-remaining-subscription-reads": [
          "11994"
        ],
        "x-ms-request-id": [
          "e5e24123-bb66-4dea-9c65-bd1f393e6add"
        ],
        "x-ms-correlation-request-id": [
          "e5e24123-bb66-4dea-9c65-bd1f393e6add"
        ],
        "x-ms-routing-request-id": [
          "WESTUS2:20231114T173816Z:e5e24123-bb66-4dea-9c65-bd1f393e6add"
        ],
        "Strict-Transport-Security": [
          "max-age=31536000; includeSubDomains"
        ],
        "X-Content-Type-Options": [
          "nosniff"
        ],
        "Date": [
          "Tue, 14 Nov 2023 17:38:16 GMT"
        ],
        "Expires": [
          "-1"
        ],
        "Content-Length": [
          "0"
        ]
      },
      "ResponseBody": "",
      "StatusCode": 200
    }
  ],
  "Names": {
    "Test-AzureFirewallPolicyCRUD": [
      "ps1518",
      "ps7223",
      "ps2473",
      "ps1324"
    ]
  },
  "Variables": {
    "SubscriptionId": "66de82f3-ad93-4605-bbdb-237fe7ef3a06"
  }
}