{
  "Invoke-AzResourceMoverInitiateMove+[NoContext]+InitiateExpanded+$POST+https://management.azure.com/subscriptions/e80eb9fa-c996-4435-aa32-5af6f3d3077c/resourceGroups/MoveCollection-RG-rms/providers/Microsoft.Migrate/moveCollections/MoveCollection-rms/initiateMove?api-version=2023-08-01+1": {
    "Request": {
      "Method": "POST",
      "RequestUri": "https://management.azure.com/subscriptions/e80eb9fa-c996-4435-aa32-5af6f3d3077c/resourceGroups/MoveCollection-RG-rms/providers/Microsoft.Migrate/moveCollections/MoveCollection-rms/initiateMove?api-version=2023-08-01",
      "Content": "{\n  \"moveResources\": [ \"/subscriptions/e80eb9fa-c996-4435-aa32-5af6f3d3077c/resourcegroups/demo-RG-rms/providers/Microsoft.Network/networkSecurityGroups/demo-NSG-rms\" ],\n  \"moveResourceInputType\": \"MoveResourceSourceId\"\n}",
      "isContentBase64": false,
      "Headers": {
      },
      "ContentHeaders": {
        "Content-Type": [ "application/json" ],
        "Content-Length": [ "221" ]
      }
    },
    "Response": {
      "StatusCode": 202,
      "Headers": {
        "Cache-Control": [ "no-cache" ],
        "Pragma": [ "no-cache" ],
        "Retry-After": [ "15" ],
        "Strict-Transport-Security": [ "max-age=31536000; includeSubDomains" ],
        "x-ms-request-id": [ "9337a3f0-a51c-43ea-937c-e94afb9cb371" ],
        "Azure-AsyncOperation": [ "https://management.azure.com/subscriptions/e80eb9fa-c996-4435-aa32-5af6f3d3077c/resourceGroups/MoveCollection-RG-rms/providers/Microsoft.Migrate/moveCollections/MoveCollection-rms/operations/c173519a-12ca-4aa0-9266-11ce3503d6bd?api-version=2023-08-01" ],
        "X-Content-Type-Options": [ "nosniff" ],
        "x-ms-ratelimit-remaining-subscription-writes": [ "1199" ],
        "x-ms-correlation-request-id": [ "05dfe1ae-e50f-4bbf-a652-7f9cf6c5e0bd" ],
        "x-ms-routing-request-id": [ "WESTINDIA:20230828T195523Z:05dfe1ae-e50f-4bbf-a652-7f9cf6c5e0bd" ],
        "Date": [ "Mon, 28 Aug 2023 19:55:22 GMT" ]
      },
      "ContentHeaders": {
        "Content-Length": [ "4" ],
        "Content-Type": [ "application/json; charset=utf-8" ],
        "Expires": [ "-1" ]
      },
      "Content": "bnVsbA==",
      "isContentBase64": false
    }
  },
  "Invoke-AzResourceMoverInitiateMove+[NoContext]+InitiateExpanded+$GET+https://management.azure.com/subscriptions/e80eb9fa-c996-4435-aa32-5af6f3d3077c/resourceGroups/MoveCollection-RG-rms/providers/Microsoft.Migrate/moveCollections/MoveCollection-rms/operations/c173519a-12ca-4aa0-9266-11ce3503d6bd?api-version=2023-08-01+2": {
    "Request": {
      "Method": "GET",
      "RequestUri": "https://management.azure.com/subscriptions/e80eb9fa-c996-4435-aa32-5af6f3d3077c/resourceGroups/MoveCollection-RG-rms/providers/Microsoft.Migrate/moveCollections/MoveCollection-rms/operations/c173519a-12ca-4aa0-9266-11ce3503d6bd?api-version=2023-08-01",
      "Content": null,
      "isContentBase64": false,
      "Headers": {
        "Authorization": [ "[Filtered]" ],
        "x-ms-unique-id": [ "2" ],
        "x-ms-client-request-id": [ "cab4caf9-ada7-4855-9e02-da6967d044f1" ],
        "CommandName": [ "Invoke-AzResourceMoverInitiateMove" ],
        "FullCommandName": [ "Invoke-AzResourceMoverInitiateMove_InitiateExpanded" ],
        "ParameterSetName": [ "__AllParameterSets" ],
        "User-Agent": [ "AzurePowershell/v0.0.0", "PSVersion/v7.1.3", "Az.ResourceMover/1.0.0" ]
      },
      "ContentHeaders": {
      }
    },
    "Response": {
      "StatusCode": 200,
      "Headers": {
        "Cache-Control": [ "no-cache" ],
        "Pragma": [ "no-cache" ],
        "Retry-After": [ "15" ],
        "Strict-Transport-Security": [ "max-age=31536000; includeSubDomains" ],
        "x-ms-request-id": [ "151f8a01-f70c-4fea-8e9f-c842d92176d8" ],
        "Azure-AsyncOperation": [ "https://management.azure.com/subscriptions/e80eb9fa-c996-4435-aa32-5af6f3d3077c/resourceGroups/MoveCollection-RG-rms/providers/Microsoft.Migrate/moveCollections/MoveCollection-rms/operations/c173519a-12ca-4aa0-9266-11ce3503d6bd?api-version=2023-08-01" ],
        "X-Content-Type-Options": [ "nosniff" ],
        "x-ms-ratelimit-remaining-subscription-reads": [ "11999" ],
        "x-ms-correlation-request-id": [ "5eaa47d8-9637-4884-a171-73efbfbbca1b" ],
        "x-ms-routing-request-id": [ "WESTINDIA:20230828T195538Z:5eaa47d8-9637-4884-a171-73efbfbbca1b" ],
        "Date": [ "Mon, 28 Aug 2023 19:55:38 GMT" ]
      },
      "ContentHeaders": {
        "Content-Length": [ "352" ],
        "Content-Type": [ "application/json; charset=utf-8" ],
        "Expires": [ "-1" ]
      },
      "Content": "{\"id\":\"/subscriptions/e80eb9fa-c996-4435-aa32-5af6f3d3077c/resourceGroups/MoveCollection-RG-rms/providers/Microsoft.Migrate/moveCollections/MoveCollection-rms/operations/c173519a-12ca-4aa0-9266-11ce3503d6bd\",\"name\":\"c173519a-12ca-4aa0-9266-11ce3503d6bd\",\"status\":\"Running\",\"startTime\":\"8/28/2023 7:55:22 PM\",\"endTime\":null,\"error\":null,\"properties\":{}}",
      "isContentBase64": false
    }
  },
  "Invoke-AzResourceMoverInitiateMove+[NoContext]+InitiateExpanded+$GET+https://management.azure.com/subscriptions/e80eb9fa-c996-4435-aa32-5af6f3d3077c/resourceGroups/MoveCollection-RG-rms/providers/Microsoft.Migrate/moveCollections/MoveCollection-rms/operations/c173519a-12ca-4aa0-9266-11ce3503d6bd?api-version=2023-08-01+3": {
    "Request": {
      "Method": "GET",
      "RequestUri": "https://management.azure.com/subscriptions/e80eb9fa-c996-4435-aa32-5af6f3d3077c/resourceGroups/MoveCollection-RG-rms/providers/Microsoft.Migrate/moveCollections/MoveCollection-rms/operations/c173519a-12ca-4aa0-9266-11ce3503d6bd?api-version=2023-08-01",
      "Content": null,
      "isContentBase64": false,
      "Headers": {
        "Authorization": [ "[Filtered]" ],
        "x-ms-unique-id": [ "3" ],
        "x-ms-client-request-id": [ "cab4caf9-ada7-4855-9e02-da6967d044f1" ],
        "CommandName": [ "Invoke-AzResourceMoverInitiateMove" ],
        "FullCommandName": [ "Invoke-AzResourceMoverInitiateMove_InitiateExpanded" ],
        "ParameterSetName": [ "__AllParameterSets" ],
        "User-Agent": [ "AzurePowershell/v0.0.0", "PSVersion/v7.1.3", "Az.ResourceMover/1.0.0" ]
      },
      "ContentHeaders": {
      }
    },
    "Response": {
      "StatusCode": 200,
      "Headers": {
        "Cache-Control": [ "no-cache" ],
        "Pragma": [ "no-cache" ],
        "Retry-After": [ "15" ],
        "Strict-Transport-Security": [ "max-age=31536000; includeSubDomains" ],
        "x-ms-request-id": [ "4a01458f-de27-4a08-8cb5-2d29954d4ebc" ],
        "Azure-AsyncOperation": [ "https://management.azure.com/subscriptions/e80eb9fa-c996-4435-aa32-5af6f3d3077c/resourceGroups/MoveCollection-RG-rms/providers/Microsoft.Migrate/moveCollections/MoveCollection-rms/operations/c173519a-12ca-4aa0-9266-11ce3503d6bd?api-version=2023-08-01" ],
        "X-Content-Type-Options": [ "nosniff" ],
        "x-ms-ratelimit-remaining-subscription-reads": [ "11998" ],
        "x-ms-correlation-request-id": [ "84910234-af9d-4ca7-9143-1e9082f37604" ],
        "x-ms-routing-request-id": [ "WESTINDIA:20230828T195554Z:84910234-af9d-4ca7-9143-1e9082f37604" ],
        "Date": [ "Mon, 28 Aug 2023 19:55:54 GMT" ]
      },
      "ContentHeaders": {
        "Content-Length": [ "352" ],
        "Content-Type": [ "application/json; charset=utf-8" ],
        "Expires": [ "-1" ]
      },
      "Content": "{\"id\":\"/subscriptions/e80eb9fa-c996-4435-aa32-5af6f3d3077c/resourceGroups/MoveCollection-RG-rms/providers/Microsoft.Migrate/moveCollections/MoveCollection-rms/operations/c173519a-12ca-4aa0-9266-11ce3503d6bd\",\"name\":\"c173519a-12ca-4aa0-9266-11ce3503d6bd\",\"status\":\"Running\",\"startTime\":\"8/28/2023 7:55:22 PM\",\"endTime\":null,\"error\":null,\"properties\":{}}",
      "isContentBase64": false
    }
  },
  "Invoke-AzResourceMoverInitiateMove+[NoContext]+InitiateExpanded+$GET+https://management.azure.com/subscriptions/e80eb9fa-c996-4435-aa32-5af6f3d3077c/resourceGroups/MoveCollection-RG-rms/providers/Microsoft.Migrate/moveCollections/MoveCollection-rms/operations/c173519a-12ca-4aa0-9266-11ce3503d6bd?api-version=2023-08-01+4": {
    "Request": {
      "Method": "GET",
      "RequestUri": "https://management.azure.com/subscriptions/e80eb9fa-c996-4435-aa32-5af6f3d3077c/resourceGroups/MoveCollection-RG-rms/providers/Microsoft.Migrate/moveCollections/MoveCollection-rms/operations/c173519a-12ca-4aa0-9266-11ce3503d6bd?api-version=2023-08-01",
      "Content": null,
      "isContentBase64": false,
      "Headers": {
        "Authorization": [ "[Filtered]" ],
        "x-ms-unique-id": [ "4" ],
        "x-ms-client-request-id": [ "cab4caf9-ada7-4855-9e02-da6967d044f1" ],
        "CommandName": [ "Invoke-AzResourceMoverInitiateMove" ],
        "FullCommandName": [ "Invoke-AzResourceMoverInitiateMove_InitiateExpanded" ],
        "ParameterSetName": [ "__AllParameterSets" ],
        "User-Agent": [ "AzurePowershell/v0.0.0", "PSVersion/v7.1.3", "Az.ResourceMover/1.0.0" ]
      },
      "ContentHeaders": {
      }
    },
    "Response": {
      "StatusCode": 200,
      "Headers": {
        "Cache-Control": [ "no-cache" ],
        "Pragma": [ "no-cache" ],
        "Retry-After": [ "15" ],
        "Strict-Transport-Security": [ "max-age=31536000; includeSubDomains" ],
        "x-ms-request-id": [ "07652bb0-9ae3-4a0c-91f8-c8215660e0f4" ],
        "Azure-AsyncOperation": [ "https://management.azure.com/subscriptions/e80eb9fa-c996-4435-aa32-5af6f3d3077c/resourceGroups/MoveCollection-RG-rms/providers/Microsoft.Migrate/moveCollections/MoveCollection-rms/operations/c173519a-12ca-4aa0-9266-11ce3503d6bd?api-version=2023-08-01" ],
        "X-Content-Type-Options": [ "nosniff" ],
        "x-ms-ratelimit-remaining-subscription-reads": [ "11997" ],
        "x-ms-correlation-request-id": [ "c59250d3-c2ed-4b9d-932c-66d02a23a901" ],
        "x-ms-routing-request-id": [ "WESTINDIA:20230828T195609Z:c59250d3-c2ed-4b9d-932c-66d02a23a901" ],
        "Date": [ "Mon, 28 Aug 2023 19:56:09 GMT" ]
      },
      "ContentHeaders": {
        "Content-Length": [ "352" ],
        "Content-Type": [ "application/json; charset=utf-8" ],
        "Expires": [ "-1" ]
      },
      "Content": "{\"id\":\"/subscriptions/e80eb9fa-c996-4435-aa32-5af6f3d3077c/resourceGroups/MoveCollection-RG-rms/providers/Microsoft.Migrate/moveCollections/MoveCollection-rms/operations/c173519a-12ca-4aa0-9266-11ce3503d6bd\",\"name\":\"c173519a-12ca-4aa0-9266-11ce3503d6bd\",\"status\":\"Running\",\"startTime\":\"8/28/2023 7:55:22 PM\",\"endTime\":null,\"error\":null,\"properties\":{}}",
      "isContentBase64": false
    }
  },
  "Invoke-AzResourceMoverInitiateMove+[NoContext]+InitiateExpanded+$GET+https://management.azure.com/subscriptions/e80eb9fa-c996-4435-aa32-5af6f3d3077c/resourceGroups/MoveCollection-RG-rms/providers/Microsoft.Migrate/moveCollections/MoveCollection-rms/operations/c173519a-12ca-4aa0-9266-11ce3503d6bd?api-version=2023-08-01+5": {
    "Request": {
      "Method": "GET",
      "RequestUri": "https://management.azure.com/subscriptions/e80eb9fa-c996-4435-aa32-5af6f3d3077c/resourceGroups/MoveCollection-RG-rms/providers/Microsoft.Migrate/moveCollections/MoveCollection-rms/operations/c173519a-12ca-4aa0-9266-11ce3503d6bd?api-version=2023-08-01",
      "Content": null,
      "isContentBase64": false,
      "Headers": {
        "Authorization": [ "[Filtered]" ],
        "x-ms-unique-id": [ "5" ],
        "x-ms-client-request-id": [ "cab4caf9-ada7-4855-9e02-da6967d044f1" ],
        "CommandName": [ "Invoke-AzResourceMoverInitiateMove" ],
        "FullCommandName": [ "Invoke-AzResourceMoverInitiateMove_InitiateExpanded" ],
        "ParameterSetName": [ "__AllParameterSets" ],
        "User-Agent": [ "AzurePowershell/v0.0.0", "PSVersion/v7.1.3", "Az.ResourceMover/1.0.0" ]
      },
      "ContentHeaders": {
      }
    },
    "Response": {
      "StatusCode": 200,
      "Headers": {
        "Cache-Control": [ "no-cache" ],
        "Pragma": [ "no-cache" ],
        "Retry-After": [ "15" ],
        "Strict-Transport-Security": [ "max-age=31536000; includeSubDomains" ],
        "x-ms-request-id": [ "fe2a255a-e2ec-4896-bf35-013feca40ca5" ],
        "Azure-AsyncOperation": [ "https://management.azure.com/subscriptions/e80eb9fa-c996-4435-aa32-5af6f3d3077c/resourceGroups/MoveCollection-RG-rms/providers/Microsoft.Migrate/moveCollections/MoveCollection-rms/operations/c173519a-12ca-4aa0-9266-11ce3503d6bd?api-version=2023-08-01" ],
        "X-Content-Type-Options": [ "nosniff" ],
        "x-ms-ratelimit-remaining-subscription-reads": [ "11996" ],
        "x-ms-correlation-request-id": [ "12d5e29e-760c-4641-9ca5-2078fd684b87" ],
        "x-ms-routing-request-id": [ "WESTINDIA:20230828T195625Z:12d5e29e-760c-4641-9ca5-2078fd684b87" ],
        "Date": [ "Mon, 28 Aug 2023 19:56:25 GMT" ]
      },
      "ContentHeaders": {
        "Content-Length": [ "352" ],
        "Content-Type": [ "application/json; charset=utf-8" ],
        "Expires": [ "-1" ]
      },
      "Content": "{\"id\":\"/subscriptions/e80eb9fa-c996-4435-aa32-5af6f3d3077c/resourceGroups/MoveCollection-RG-rms/providers/Microsoft.Migrate/moveCollections/MoveCollection-rms/operations/c173519a-12ca-4aa0-9266-11ce3503d6bd\",\"name\":\"c173519a-12ca-4aa0-9266-11ce3503d6bd\",\"status\":\"Running\",\"startTime\":\"8/28/2023 7:55:22 PM\",\"endTime\":null,\"error\":null,\"properties\":{}}",
      "isContentBase64": false
    }
  },
  "Invoke-AzResourceMoverInitiateMove+[NoContext]+InitiateExpanded+$GET+https://management.azure.com/subscriptions/e80eb9fa-c996-4435-aa32-5af6f3d3077c/resourceGroups/MoveCollection-RG-rms/providers/Microsoft.Migrate/moveCollections/MoveCollection-rms/operations/c173519a-12ca-4aa0-9266-11ce3503d6bd?api-version=2023-08-01+6": {
    "Request": {
      "Method": "GET",
      "RequestUri": "https://management.azure.com/subscriptions/e80eb9fa-c996-4435-aa32-5af6f3d3077c/resourceGroups/MoveCollection-RG-rms/providers/Microsoft.Migrate/moveCollections/MoveCollection-rms/operations/c173519a-12ca-4aa0-9266-11ce3503d6bd?api-version=2023-08-01",
      "Content": null,
      "isContentBase64": false,
      "Headers": {
        "Authorization": [ "[Filtered]" ],
        "x-ms-unique-id": [ "6" ],
        "x-ms-client-request-id": [ "cab4caf9-ada7-4855-9e02-da6967d044f1" ],
        "CommandName": [ "Invoke-AzResourceMoverInitiateMove" ],
        "FullCommandName": [ "Invoke-AzResourceMoverInitiateMove_InitiateExpanded" ],
        "ParameterSetName": [ "__AllParameterSets" ],
        "User-Agent": [ "AzurePowershell/v0.0.0", "PSVersion/v7.1.3", "Az.ResourceMover/1.0.0" ]
      },
      "ContentHeaders": {
      }
    },
    "Response": {
      "StatusCode": 200,
      "Headers": {
        "Cache-Control": [ "no-cache" ],
        "Pragma": [ "no-cache" ],
        "Strict-Transport-Security": [ "max-age=31536000; includeSubDomains" ],
        "x-ms-request-id": [ "e0149af1-2564-4bf1-90b1-8a0821599af7" ],
        "X-Content-Type-Options": [ "nosniff" ],
        "x-ms-ratelimit-remaining-subscription-reads": [ "11995" ],
        "x-ms-correlation-request-id": [ "e167fe06-f0fd-4737-9363-74d5524dcb75" ],
        "x-ms-routing-request-id": [ "WESTINDIA:20230828T195641Z:e167fe06-f0fd-4737-9363-74d5524dcb75" ],
        "Date": [ "Mon, 28 Aug 2023 19:56:40 GMT" ]
      },
      "ContentHeaders": {
        "Content-Length": [ "372" ],
        "Content-Type": [ "application/json; charset=utf-8" ],
        "Expires": [ "-1" ]
      },
      "Content": "{\"id\":\"/subscriptions/e80eb9fa-c996-4435-aa32-5af6f3d3077c/resourceGroups/MoveCollection-RG-rms/providers/Microsoft.Migrate/moveCollections/MoveCollection-rms/operations/c173519a-12ca-4aa0-9266-11ce3503d6bd\",\"name\":\"c173519a-12ca-4aa0-9266-11ce3503d6bd\",\"status\":\"Succeeded\",\"startTime\":\"8/28/2023 7:55:22 PM\",\"endTime\":\"8/28/2023 7:56:29 PM\",\"error\":null,\"properties\":{}}",
      "isContentBase64": false
    }
  },
  "Invoke-AzResourceMoverInitiateMove+[NoContext]+InitiateExpanded+$GET+https://management.azure.com/subscriptions/e80eb9fa-c996-4435-aa32-5af6f3d3077c/resourceGroups/MoveCollection-RG-rms/providers/Microsoft.Migrate/moveCollections/MoveCollection-rms/operations/c173519a-12ca-4aa0-9266-11ce3503d6bd?api-version=2023-08-01+7": {
    "Request": {
      "Method": "GET",
      "RequestUri": "https://management.azure.com/subscriptions/e80eb9fa-c996-4435-aa32-5af6f3d3077c/resourceGroups/MoveCollection-RG-rms/providers/Microsoft.Migrate/moveCollections/MoveCollection-rms/operations/c173519a-12ca-4aa0-9266-11ce3503d6bd?api-version=2023-08-01",
      "Content": null,
      "isContentBase64": false,
      "Headers": {
        "Authorization": [ "[Filtered]" ],
        "x-ms-unique-id": [ "7" ],
        "x-ms-client-request-id": [ "cab4caf9-ada7-4855-9e02-da6967d044f1" ],
        "CommandName": [ "Invoke-AzResourceMoverInitiateMove" ],
        "FullCommandName": [ "Invoke-AzResourceMoverInitiateMove_InitiateExpanded" ],
        "ParameterSetName": [ "__AllParameterSets" ],
        "User-Agent": [ "AzurePowershell/v0.0.0", "PSVersion/v7.1.3", "Az.ResourceMover/1.0.0" ]
      },
      "ContentHeaders": {
      }
    },
    "Response": {
      "StatusCode": 200,
      "Headers": {
        "Cache-Control": [ "no-cache" ],
        "Pragma": [ "no-cache" ],
        "Strict-Transport-Security": [ "max-age=31536000; includeSubDomains" ],
        "x-ms-request-id": [ "2a25df74-c481-434c-a14d-cfc280b36cef" ],
        "X-Content-Type-Options": [ "nosniff" ],
        "x-ms-ratelimit-remaining-subscription-reads": [ "11994" ],
        "x-ms-correlation-request-id": [ "f7780f41-5272-4d08-93d5-9667f74d3c43" ],
        "x-ms-routing-request-id": [ "WESTINDIA:20230828T195641Z:f7780f41-5272-4d08-93d5-9667f74d3c43" ],
        "Date": [ "Mon, 28 Aug 2023 19:56:41 GMT" ]
      },
      "ContentHeaders": {
        "Content-Length": [ "372" ],
        "Content-Type": [ "application/json; charset=utf-8" ],
        "Expires": [ "-1" ]
      },
      "Content": "{\"id\":\"/subscriptions/e80eb9fa-c996-4435-aa32-5af6f3d3077c/resourceGroups/MoveCollection-RG-rms/providers/Microsoft.Migrate/moveCollections/MoveCollection-rms/operations/c173519a-12ca-4aa0-9266-11ce3503d6bd\",\"name\":\"c173519a-12ca-4aa0-9266-11ce3503d6bd\",\"status\":\"Succeeded\",\"startTime\":\"8/28/2023 7:55:22 PM\",\"endTime\":\"8/28/2023 7:56:29 PM\",\"error\":null,\"properties\":{}}",
      "isContentBase64": false
    }
  }
}