{
  "Invoke-AzResourceMoverBulkRemove+[NoContext]+BulkExpanded+$POST+https://management.azure.com/subscriptions/e80eb9fa-c996-4435-aa32-5af6f3d3077c/resourceGroups/MoveCollection-RG-rms/providers/Microsoft.Migrate/moveCollections/MoveCollection-rms/bulkRemove?api-version=2023-08-01+1": {
    "Request": {
      "Method": "POST",
      "RequestUri": "https://management.azure.com/subscriptions/e80eb9fa-c996-4435-aa32-5af6f3d3077c/resourceGroups/MoveCollection-RG-rms/providers/Microsoft.Migrate/moveCollections/MoveCollection-rms/bulkRemove?api-version=2023-08-01",
      "Content": "{\n  \"moveResources\": [ \"/subscriptions/e80eb9fa-c996-4435-aa32-5af6f3d3077c/resourcegroups/demo-RG-rms/providers/Microsoft.Network/networkSecurityGroups/demo-NSG-rms\" ],\n  \"moveResourceInputType\": \"MoveResourceSourceId\"\n}",
      "isContentBase64": false,
      "Headers": {
      },
      "ContentHeaders": {
        "Content-Type": [ "application/json" ],
        "Content-Length": [ "221" ]
      }
    },
    "Response": {
      "StatusCode": 202,
      "Headers": {
        "Cache-Control": [ "no-cache" ],
        "Pragma": [ "no-cache" ],
        "Retry-After": [ "15" ],
        "Strict-Transport-Security": [ "max-age=31536000; includeSubDomains" ],
        "x-ms-request-id": [ "5ae89d5f-1f97-460a-b216-c15269814436" ],
        "Azure-AsyncOperation": [ "https://management.azure.com/subscriptions/e80eb9fa-c996-4435-aa32-5af6f3d3077c/resourceGroups/MoveCollection-RG-rms/providers/Microsoft.Migrate/moveCollections/MoveCollection-rms/operations/4e04e340-2ecd-40f5-9e27-f93aaa61e706?api-version=2023-08-01" ],
        "X-Content-Type-Options": [ "nosniff" ],
        "x-ms-ratelimit-remaining-subscription-writes": [ "1199" ],
        "x-ms-correlation-request-id": [ "54b94343-7aa6-437e-930f-ddea2d3340a4" ],
        "x-ms-routing-request-id": [ "WESTINDIA:20230828T201416Z:54b94343-7aa6-437e-930f-ddea2d3340a4" ],
        "Date": [ "Mon, 28 Aug 2023 20:14:16 GMT" ]
      },
      "ContentHeaders": {
        "Content-Length": [ "4" ],
        "Content-Type": [ "application/json; charset=utf-8" ],
        "Expires": [ "-1" ]
      },
      "Content": "bnVsbA==",
      "isContentBase64": false
    }
  },
  "Invoke-AzResourceMoverBulkRemove+[NoContext]+BulkExpanded+$GET+https://management.azure.com/subscriptions/e80eb9fa-c996-4435-aa32-5af6f3d3077c/resourceGroups/MoveCollection-RG-rms/providers/Microsoft.Migrate/moveCollections/MoveCollection-rms/operations/4e04e340-2ecd-40f5-9e27-f93aaa61e706?api-version=2023-08-01+2": {
    "Request": {
      "Method": "GET",
      "RequestUri": "https://management.azure.com/subscriptions/e80eb9fa-c996-4435-aa32-5af6f3d3077c/resourceGroups/MoveCollection-RG-rms/providers/Microsoft.Migrate/moveCollections/MoveCollection-rms/operations/4e04e340-2ecd-40f5-9e27-f93aaa61e706?api-version=2023-08-01",
      "Content": null,
      "isContentBase64": false,
      "Headers": {
        "Authorization": [ "[Filtered]" ],
        "x-ms-unique-id": [ "6" ],
        "x-ms-client-request-id": [ "5e6f8b98-d8b2-42ea-aa6b-efee4b12a85b" ],
        "CommandName": [ "Invoke-AzResourceMoverBulkRemove" ],
        "FullCommandName": [ "Invoke-AzResourceMoverBulkRemove_BulkExpanded" ],
        "ParameterSetName": [ "__AllParameterSets" ],
        "User-Agent": [ "AzurePowershell/v0.0.0", "PSVersion/v7.1.3", "Az.ResourceMover/1.0.0" ]
      },
      "ContentHeaders": {
      }
    },
    "Response": {
      "StatusCode": 200,
      "Headers": {
        "Cache-Control": [ "no-cache" ],
        "Pragma": [ "no-cache" ],
        "Strict-Transport-Security": [ "max-age=31536000; includeSubDomains" ],
        "x-ms-request-id": [ "fd19c67b-e56a-4ae7-9528-e6a5e5d10259" ],
        "X-Content-Type-Options": [ "nosniff" ],
        "x-ms-ratelimit-remaining-subscription-reads": [ "11997" ],
        "x-ms-correlation-request-id": [ "6c0411db-9865-43c7-9cea-33b4b9d16931" ],
        "x-ms-routing-request-id": [ "WESTINDIA:20230828T201432Z:6c0411db-9865-43c7-9cea-33b4b9d16931" ],
        "Date": [ "Mon, 28 Aug 2023 20:14:31 GMT" ]
      },
      "ContentHeaders": {
        "Content-Length": [ "372" ],
        "Content-Type": [ "application/json; charset=utf-8" ],
        "Expires": [ "-1" ]
      },
      "Content": "{\"id\":\"/subscriptions/e80eb9fa-c996-4435-aa32-5af6f3d3077c/resourceGroups/MoveCollection-RG-rms/providers/Microsoft.Migrate/moveCollections/MoveCollection-rms/operations/4e04e340-2ecd-40f5-9e27-f93aaa61e706\",\"name\":\"4e04e340-2ecd-40f5-9e27-f93aaa61e706\",\"status\":\"Succeeded\",\"startTime\":\"8/28/2023 8:14:16 PM\",\"endTime\":\"8/28/2023 8:14:19 PM\",\"error\":null,\"properties\":{}}",
      "isContentBase64": false
    }
  },
  "Invoke-AzResourceMoverBulkRemove+[NoContext]+BulkExpanded+$GET+https://management.azure.com/subscriptions/e80eb9fa-c996-4435-aa32-5af6f3d3077c/resourceGroups/MoveCollection-RG-rms/providers/Microsoft.Migrate/moveCollections/MoveCollection-rms/operations/4e04e340-2ecd-40f5-9e27-f93aaa61e706?api-version=2023-08-01+3": {
    "Request": {
      "Method": "GET",
      "RequestUri": "https://management.azure.com/subscriptions/e80eb9fa-c996-4435-aa32-5af6f3d3077c/resourceGroups/MoveCollection-RG-rms/providers/Microsoft.Migrate/moveCollections/MoveCollection-rms/operations/4e04e340-2ecd-40f5-9e27-f93aaa61e706?api-version=2023-08-01",
      "Content": null,
      "isContentBase64": false,
      "Headers": {
        "Authorization": [ "[Filtered]" ],
        "x-ms-unique-id": [ "7" ],
        "x-ms-client-request-id": [ "5e6f8b98-d8b2-42ea-aa6b-efee4b12a85b" ],
        "CommandName": [ "Invoke-AzResourceMoverBulkRemove" ],
        "FullCommandName": [ "Invoke-AzResourceMoverBulkRemove_BulkExpanded" ],
        "ParameterSetName": [ "__AllParameterSets" ],
        "User-Agent": [ "AzurePowershell/v0.0.0", "PSVersion/v7.1.3", "Az.ResourceMover/1.0.0" ]
      },
      "ContentHeaders": {
      }
    },
    "Response": {
      "StatusCode": 200,
      "Headers": {
        "Cache-Control": [ "no-cache" ],
        "Pragma": [ "no-cache" ],
        "Strict-Transport-Security": [ "max-age=31536000; includeSubDomains" ],
        "x-ms-request-id": [ "912bfc3c-59f6-4370-bfa9-bc27be86790e" ],
        "X-Content-Type-Options": [ "nosniff" ],
        "x-ms-ratelimit-remaining-subscription-reads": [ "11996" ],
        "x-ms-correlation-request-id": [ "90bd9a8f-aa91-4639-a4c3-0c0b3e1e0726" ],
        "x-ms-routing-request-id": [ "WESTINDIA:20230828T201432Z:90bd9a8f-aa91-4639-a4c3-0c0b3e1e0726" ],
        "Date": [ "Mon, 28 Aug 2023 20:14:32 GMT" ]
      },
      "ContentHeaders": {
        "Content-Length": [ "372" ],
        "Content-Type": [ "application/json; charset=utf-8" ],
        "Expires": [ "-1" ]
      },
      "Content": "{\"id\":\"/subscriptions/e80eb9fa-c996-4435-aa32-5af6f3d3077c/resourceGroups/MoveCollection-RG-rms/providers/Microsoft.Migrate/moveCollections/MoveCollection-rms/operations/4e04e340-2ecd-40f5-9e27-f93aaa61e706\",\"name\":\"4e04e340-2ecd-40f5-9e27-f93aaa61e706\",\"status\":\"Succeeded\",\"startTime\":\"8/28/2023 8:14:16 PM\",\"endTime\":\"8/28/2023 8:14:19 PM\",\"error\":null,\"properties\":{}}",
      "isContentBase64": false
    }
  }
}