{
  "Resolve-AzResourceMoverMoveCollectionDependency+[NoContext]+Resolve+$POST+https://management.azure.com/subscriptions/e80eb9fa-c996-4435-aa32-5af6f3d3077c/resourceGroups/MoveCollection-RG-rms/providers/Microsoft.Migrate/moveCollections/MoveCollection-rms/resolveDependencies?api-version=2023-08-01+1": {
    "Request": {
      "Method": "POST",
      "RequestUri": "https://management.azure.com/subscriptions/e80eb9fa-c996-4435-aa32-5af6f3d3077c/resourceGroups/MoveCollection-RG-rms/providers/Microsoft.Migrate/moveCollections/MoveCollection-rms/resolveDependencies?api-version=2023-08-01",
      "Content": null,
      "isContentBase64": false,
      "Headers": {
        "x-ms-unique-id": [ "25" ],
        "x-ms-client-request-id": [ "bdefda4e-c75d-46f8-83a4-b39a3eaf7e0d" ],
        "CommandName": [ "Resolve-AzResourceMoverMoveCollectionDependency" ],
        "FullCommandName": [ "Resolve-AzResourceMoverMoveCollectionDependency_Resolve" ],
        "ParameterSetName": [ "__AllParameterSets" ],
        "User-Agent": [ "AzurePowershell/v0.0.0", "PSVersion/v7.1.3", "Az.ResourceMover/1.0.0" ],
        "Authorization": [ "[Filtered]" ]
      },
      "ContentHeaders": {
      }
    },
    "Response": {
      "StatusCode": 202,
      "Headers": {
        "Cache-Control": [ "no-cache" ],
        "Pragma": [ "no-cache" ],
        "Retry-After": [ "15" ],
        "Strict-Transport-Security": [ "max-age=31536000; includeSubDomains" ],
        "x-ms-request-id": [ "eed39f13-5ea4-468e-bf57-3c332176078b" ],
        "Azure-AsyncOperation": [ "https://management.azure.com/subscriptions/e80eb9fa-c996-4435-aa32-5af6f3d3077c/resourceGroups/MoveCollection-RG-rms/providers/Microsoft.Migrate/moveCollections/MoveCollection-rms/operations/0adff273-5fd8-4954-88e0-57833f0842b8?api-version=2023-08-01" ],
        "X-Content-Type-Options": [ "nosniff" ],
        "x-ms-ratelimit-remaining-subscription-writes": [ "1197" ],
        "x-ms-correlation-request-id": [ "2fc33e14-d735-4e84-bb3b-9db74a3eabb6" ],
        "x-ms-routing-request-id": [ "WESTINDIA:20230828T194939Z:2fc33e14-d735-4e84-bb3b-9db74a3eabb6" ],
        "Date": [ "Mon, 28 Aug 2023 19:49:38 GMT" ]
      },
      "ContentHeaders": {
        "Content-Length": [ "4" ],
        "Content-Type": [ "application/json; charset=utf-8" ],
        "Expires": [ "-1" ]
      },
      "Content": "bnVsbA==",
      "isContentBase64": false
    }
  },
  "Resolve-AzResourceMoverMoveCollectionDependency+[NoContext]+Resolve+$GET+https://management.azure.com/subscriptions/e80eb9fa-c996-4435-aa32-5af6f3d3077c/resourceGroups/MoveCollection-RG-rms/providers/Microsoft.Migrate/moveCollections/MoveCollection-rms/operations/0adff273-5fd8-4954-88e0-57833f0842b8?api-version=2023-08-01+2": {
    "Request": {
      "Method": "GET",
      "RequestUri": "https://management.azure.com/subscriptions/e80eb9fa-c996-4435-aa32-5af6f3d3077c/resourceGroups/MoveCollection-RG-rms/providers/Microsoft.Migrate/moveCollections/MoveCollection-rms/operations/0adff273-5fd8-4954-88e0-57833f0842b8?api-version=2023-08-01",
      "Content": null,
      "isContentBase64": false,
      "Headers": {
        "Authorization": [ "[Filtered]" ],
        "x-ms-unique-id": [ "26" ],
        "x-ms-client-request-id": [ "bdefda4e-c75d-46f8-83a4-b39a3eaf7e0d" ],
        "CommandName": [ "Resolve-AzResourceMoverMoveCollectionDependency" ],
        "FullCommandName": [ "Resolve-AzResourceMoverMoveCollectionDependency_Resolve" ],
        "ParameterSetName": [ "__AllParameterSets" ],
        "User-Agent": [ "AzurePowershell/v0.0.0", "PSVersion/v7.1.3", "Az.ResourceMover/1.0.0" ]
      },
      "ContentHeaders": {
      }
    },
    "Response": {
      "StatusCode": 200,
      "Headers": {
        "Cache-Control": [ "no-cache" ],
        "Pragma": [ "no-cache" ],
        "Strict-Transport-Security": [ "max-age=31536000; includeSubDomains" ],
        "x-ms-request-id": [ "3195ca72-aaa1-4287-ab44-8b9dc98eb232" ],
        "X-Content-Type-Options": [ "nosniff" ],
        "x-ms-ratelimit-remaining-subscription-reads": [ "11980" ],
        "x-ms-correlation-request-id": [ "178dd7b3-c153-448c-b80f-05075a4fe782" ],
        "x-ms-routing-request-id": [ "WESTINDIA:20230828T194954Z:178dd7b3-c153-448c-b80f-05075a4fe782" ],
        "Date": [ "Mon, 28 Aug 2023 19:49:54 GMT" ]
      },
      "ContentHeaders": {
        "Content-Length": [ "372" ],
        "Content-Type": [ "application/json; charset=utf-8" ],
        "Expires": [ "-1" ]
      },
      "Content": "{\"id\":\"/subscriptions/e80eb9fa-c996-4435-aa32-5af6f3d3077c/resourceGroups/MoveCollection-RG-rms/providers/Microsoft.Migrate/moveCollections/MoveCollection-rms/operations/0adff273-5fd8-4954-88e0-57833f0842b8\",\"name\":\"0adff273-5fd8-4954-88e0-57833f0842b8\",\"status\":\"Succeeded\",\"startTime\":\"8/28/2023 7:49:38 PM\",\"endTime\":\"8/28/2023 7:49:40 PM\",\"error\":null,\"properties\":{}}",
      "isContentBase64": false
    }
  },
  "Resolve-AzResourceMoverMoveCollectionDependency+[NoContext]+Resolve+$GET+https://management.azure.com/subscriptions/e80eb9fa-c996-4435-aa32-5af6f3d3077c/resourceGroups/MoveCollection-RG-rms/providers/Microsoft.Migrate/moveCollections/MoveCollection-rms/operations/0adff273-5fd8-4954-88e0-57833f0842b8?api-version=2023-08-01+3": {
    "Request": {
      "Method": "GET",
      "RequestUri": "https://management.azure.com/subscriptions/e80eb9fa-c996-4435-aa32-5af6f3d3077c/resourceGroups/MoveCollection-RG-rms/providers/Microsoft.Migrate/moveCollections/MoveCollection-rms/operations/0adff273-5fd8-4954-88e0-57833f0842b8?api-version=2023-08-01",
      "Content": null,
      "isContentBase64": false,
      "Headers": {
        "Authorization": [ "[Filtered]" ],
        "x-ms-unique-id": [ "27" ],
        "x-ms-client-request-id": [ "bdefda4e-c75d-46f8-83a4-b39a3eaf7e0d" ],
        "CommandName": [ "Resolve-AzResourceMoverMoveCollectionDependency" ],
        "FullCommandName": [ "Resolve-AzResourceMoverMoveCollectionDependency_Resolve" ],
        "ParameterSetName": [ "__AllParameterSets" ],
        "User-Agent": [ "AzurePowershell/v0.0.0", "PSVersion/v7.1.3", "Az.ResourceMover/1.0.0" ]
      },
      "ContentHeaders": {
      }
    },
    "Response": {
      "StatusCode": 200,
      "Headers": {
        "Cache-Control": [ "no-cache" ],
        "Pragma": [ "no-cache" ],
        "Strict-Transport-Security": [ "max-age=31536000; includeSubDomains" ],
        "x-ms-request-id": [ "a2860785-a552-4e8d-b484-78bf7cb78def" ],
        "X-Content-Type-Options": [ "nosniff" ],
        "x-ms-ratelimit-remaining-subscription-reads": [ "11979" ],
        "x-ms-correlation-request-id": [ "27dce289-3e26-438a-9284-18311d6a9c8f" ],
        "x-ms-routing-request-id": [ "WESTINDIA:20230828T194955Z:27dce289-3e26-438a-9284-18311d6a9c8f" ],
        "Date": [ "Mon, 28 Aug 2023 19:49:55 GMT" ]
      },
      "ContentHeaders": {
        "Content-Length": [ "372" ],
        "Content-Type": [ "application/json; charset=utf-8" ],
        "Expires": [ "-1" ]
      },
      "Content": "{\"id\":\"/subscriptions/e80eb9fa-c996-4435-aa32-5af6f3d3077c/resourceGroups/MoveCollection-RG-rms/providers/Microsoft.Migrate/moveCollections/MoveCollection-rms/operations/0adff273-5fd8-4954-88e0-57833f0842b8\",\"name\":\"0adff273-5fd8-4954-88e0-57833f0842b8\",\"status\":\"Succeeded\",\"startTime\":\"8/28/2023 7:49:38 PM\",\"endTime\":\"8/28/2023 7:49:40 PM\",\"error\":null,\"properties\":{}}",
      "isContentBase64": false
    }
  }
}