{
  "Entries": [
    {
      "RequestUri": "/subscriptions/23587e98-b6ac-4328-a753-03bcd3c8e744/resourcegroups/CosmosDBResourceGroup75?api-version=2016-09-01",
      "EncodedRequestUri": "L3N1YnNjcmlwdGlvbnMvMjM1ODdlOTgtYjZhYy00MzI4LWE3NTMtMDNiY2QzYzhlNzQ0L3Jlc291cmNlZ3JvdXBzL0Nvc21vc0RCUmVzb3VyY2VHcm91cDc1P2FwaS12ZXJzaW9uPTIwMTYtMDktMDE=",
      "RequestMethod": "PUT",
      "RequestHeaders": {
        "x-ms-client-request-id": [
          "0d1e8539-8635-4c37-9739-58eddd8e59b3"
        ],
        "Accept-Language": [
          "en-US"
        ],
        "User-Agent": [
          "FxVersion/4.700.22.55902",
          "OSName/Windows",
          "OSVersion/Microsoft.Windows.10.0.22621",
          "Microsoft.Azure.Management.Internal.Resources.ResourceManagementClient/1.3.73"
        ],
        "Content-Type": [
          "application/json; charset=utf-8"
        ],
        "Content-Length": [
          "29"
        ]
      },
      "RequestBody": "{\r\n  \"location\": \"East US\"\r\n}",
      "ResponseHeaders": {
        "Cache-Control": [
          "no-cache"
        ],
        "Pragma": [
          "no-cache"
        ],
        "x-ms-ratelimit-remaining-subscription-writes": [
          "1196"
        ],
        "x-ms-request-id": [
          "dc9110c1-27e9-45c2-b157-b2bb8dc962b4"
        ],
        "x-ms-correlation-request-id": [
          "dc9110c1-27e9-45c2-b157-b2bb8dc962b4"
        ],
        "x-ms-routing-request-id": [
          "EASTUS2EUAP:20230411T134639Z:dc9110c1-27e9-45c2-b157-b2bb8dc962b4"
        ],
        "Strict-Transport-Security": [
          "max-age=31536000; includeSubDomains"
        ],
        "X-Content-Type-Options": [
          "nosniff"
        ],
        "Date": [
          "Tue, 11 Apr 2023 13:46:39 GMT"
        ],
        "Content-Length": [
          "199"
        ],
        "Content-Type": [
          "application/json; charset=utf-8"
        ],
        "Expires": [
          "-1"
        ]
      },
      "ResponseBody": "{\r\n  \"id\": \"/subscriptions/23587e98-b6ac-4328-a753-03bcd3c8e744/resourceGroups/CosmosDBResourceGroup75\",\r\n  \"name\": \"CosmosDBResourceGroup75\",\r\n  \"location\": \"eastus\",\r\n  \"properties\": {\r\n    \"provisioningState\": \"Succeeded\"\r\n  }\r\n}",
      "StatusCode": 201
    },
    {
      "RequestUri": "/subscriptions/23587e98-b6ac-4328-a753-03bcd3c8e744/resourceGroups/CosmosDBResourceGroup75/providers/Microsoft.DocumentDB/databaseAccounts/mongo-continuous-1474?api-version=2022-11-15-preview",
      "EncodedRequestUri": "L3N1YnNjcmlwdGlvbnMvMjM1ODdlOTgtYjZhYy00MzI4LWE3NTMtMDNiY2QzYzhlNzQ0L3Jlc291cmNlR3JvdXBzL0Nvc21vc0RCUmVzb3VyY2VHcm91cDc1L3Byb3ZpZGVycy9NaWNyb3NvZnQuRG9jdW1lbnREQi9kYXRhYmFzZUFjY291bnRzL21vbmdvLWNvbnRpbnVvdXMtMTQ3ND9hcGktdmVyc2lvbj0yMDIyLTExLTE1LXByZXZpZXc=",
      "RequestMethod": "GET",
      "RequestHeaders": {
        "x-ms-client-request-id": [
          "d1f5da46-a3fa-46ab-bfb0-2ca048900334"
        ],
        "Accept-Language": [
          "en-US"
        ],
        "User-Agent": [
          "FxVersion/4.700.22.55902",
          "OSName/Windows",
          "OSVersion/Microsoft.Windows.10.0.22621",
          "Microsoft.Azure.Management.CosmosDB.CosmosDBManagementClient/3.9.1.1"
        ]
      },
      "RequestBody": "",
      "ResponseHeaders": {
        "Cache-Control": [
          "no-cache"
        ],
        "Pragma": [
          "no-cache"
        ],
        "x-ms-failure-cause": [
          "gateway"
        ],
        "x-ms-request-id": [
          "e58ea83b-ea44-49f4-b320-ef04c98cdbcc"
        ],
        "x-ms-correlation-request-id": [
          "e58ea83b-ea44-49f4-b320-ef04c98cdbcc"
        ],
        "x-ms-routing-request-id": [
          "EASTUS2EUAP:20230411T134639Z:e58ea83b-ea44-49f4-b320-ef04c98cdbcc"
        ],
        "Strict-Transport-Security": [
          "max-age=31536000; includeSubDomains"
        ],
        "X-Content-Type-Options": [
          "nosniff"
        ],
        "Date": [
          "Tue, 11 Apr 2023 13:46:38 GMT"
        ],
        "Content-Type": [
          "application/json; charset=utf-8"
        ],
        "Expires": [
          "-1"
        ],
        "Content-Length": [
          "254"
        ]
      },
      "ResponseBody": "{\r\n  \"error\": {\r\n    \"code\": \"ResourceNotFound\",\r\n    \"message\": \"The Resource 'Microsoft.DocumentDB/databaseAccounts/mongo-continuous-1474' under resource group 'CosmosDBResourceGroup75' was not found. For more details please go to https://aka.ms/ARMResourceNotFoundFix\"\r\n  }\r\n}",
      "StatusCode": 404
    },
    {
      "RequestUri": "/subscriptions/23587e98-b6ac-4328-a753-03bcd3c8e744/resourceGroups/CosmosDBResourceGroup75/providers/Microsoft.DocumentDB/databaseAccounts/mongo-continuous-1474?api-version=2022-11-15-preview",
      "EncodedRequestUri": "L3N1YnNjcmlwdGlvbnMvMjM1ODdlOTgtYjZhYy00MzI4LWE3NTMtMDNiY2QzYzhlNzQ0L3Jlc291cmNlR3JvdXBzL0Nvc21vc0RCUmVzb3VyY2VHcm91cDc1L3Byb3ZpZGVycy9NaWNyb3NvZnQuRG9jdW1lbnREQi9kYXRhYmFzZUFjY291bnRzL21vbmdvLWNvbnRpbnVvdXMtMTQ3ND9hcGktdmVyc2lvbj0yMDIyLTExLTE1LXByZXZpZXc=",
      "RequestMethod": "GET",
      "RequestHeaders": {
        "x-ms-client-request-id": [
          "d1f5da46-a3fa-46ab-bfb0-2ca048900334"
        ],
        "User-Agent": [
          "FxVersion/4.700.22.55902",
          "OSName/Windows",
          "OSVersion/Microsoft.Windows.10.0.22621",
          "Microsoft.Azure.Management.CosmosDB.CosmosDBManagementClient/3.9.1.1"
        ]
      },
      "RequestBody": "",
      "ResponseHeaders": {
        "Cache-Control": [
          "no-store, no-cache"
        ],
        "Pragma": [
          "no-cache"
        ],
        "Strict-Transport-Security": [
          "max-age=31536000; includeSubDomains"
        ],
        "x-ms-gatewayversion": [
          "version=2.14.0"
        ],
        "Server": [
          "Microsoft-HTTPAPI/2.0"
        ],
        "x-ms-ratelimit-remaining-subscription-reads": [
          "11966"
        ],
        "x-ms-request-id": [
          "ab447d3c-d181-42e8-a0c1-3e463ce797b2"
        ],
        "x-ms-correlation-request-id": [
          "ab447d3c-d181-42e8-a0c1-3e463ce797b2"
        ],
        "x-ms-routing-request-id": [
          "EASTUS2EUAP:20230411T135044Z:ab447d3c-d181-42e8-a0c1-3e463ce797b2"
        ],
        "X-Content-Type-Options": [
          "nosniff"
        ],
        "Date": [
          "Tue, 11 Apr 2023 13:50:43 GMT"
        ],
        "Content-Length": [
          "2939"
        ],
        "Content-Type": [
          "application/json"
        ]
      },
      "ResponseBody": "{\r\n  \"id\": \"/subscriptions/23587e98-b6ac-4328-a753-03bcd3c8e744/resourceGroups/CosmosDBResourceGroup75/providers/Microsoft.DocumentDB/databaseAccounts/mongo-continuous-1474\",\r\n  \"name\": \"mongo-continuous-1474\",\r\n  \"location\": \"East US\",\r\n  \"type\": \"Microsoft.DocumentDB/databaseAccounts\",\r\n  \"kind\": \"MongoDB\",\r\n  \"tags\": {},\r\n  \"systemData\": {\r\n    \"createdAt\": \"2023-04-11T13:49:43.8550581Z\"\r\n  },\r\n  \"properties\": {\r\n    \"provisioningState\": \"Succeeded\",\r\n    \"documentEndpoint\": \"https://mongo-continuous-1474.documents.azure.com:443/\",\r\n    \"sqlEndpoint\": \"https://mongo-continuous-1474.documents.azure.com:443/\",\r\n    \"mongoEndpoint\": \"https://mongo-continuous-1474.mongo.cosmos.azure.com:443/\",\r\n    \"publicNetworkAccess\": \"Enabled\",\r\n    \"enableAutomaticFailover\": false,\r\n    \"enableMultipleWriteLocations\": false,\r\n    \"enablePartitionKeyMonitor\": false,\r\n    \"isVirtualNetworkFilterEnabled\": false,\r\n    \"virtualNetworkRules\": [],\r\n    \"EnabledApiTypes\": \"MongoDB\",\r\n    \"disableKeyBasedMetadataWriteAccess\": false,\r\n    \"enableFreeTier\": false,\r\n    \"enableAnalyticalStorage\": false,\r\n    \"analyticalStorageConfiguration\": {\r\n      \"schemaType\": \"FullFidelity\"\r\n    },\r\n    \"instanceId\": \"21c67b74-2ecc-4dbf-9ab3-78e0b8ccbc8d\",\r\n    \"createMode\": \"Default\",\r\n    \"databaseAccountOfferType\": \"Standard\",\r\n    \"enableMaterializedViews\": false,\r\n    \"defaultIdentity\": \"FirstPartyIdentity\",\r\n    \"networkAclBypass\": \"None\",\r\n    \"disableLocalAuth\": false,\r\n    \"enablePartitionMerge\": false,\r\n    \"enableBurstCapacity\": false,\r\n    \"minimalTlsVersion\": \"Tls12\",\r\n    \"consistencyPolicy\": {\r\n      \"defaultConsistencyLevel\": \"Session\",\r\n      \"maxIntervalInSeconds\": 5,\r\n      \"maxStalenessPrefix\": 100\r\n    },\r\n    \"apiProperties\": {\r\n      \"serverVersion\": \"3.6\"\r\n    },\r\n    \"configurationOverrides\": {\r\n      \"EnableBsonSchema\": \"True\"\r\n    },\r\n    \"writeLocations\": [\r\n      {\r\n        \"id\": \"mongo-continuous-1474-eastus\",\r\n        \"locationName\": \"East US\",\r\n        \"documentEndpoint\": \"https://mongo-continuous-1474-eastus.documents.azure.com:443/\",\r\n        \"provisioningState\": \"Succeeded\",\r\n        \"failoverPriority\": 0,\r\n        \"isZoneRedundant\": false\r\n      }\r\n    ],\r\n    \"readLocations\": [\r\n      {\r\n        \"id\": \"mongo-continuous-1474-eastus\",\r\n        \"locationName\": \"East US\",\r\n        \"documentEndpoint\": \"https://mongo-continuous-1474-eastus.documents.azure.com:443/\",\r\n        \"provisioningState\": \"Succeeded\",\r\n        \"failoverPriority\": 0,\r\n        \"isZoneRedundant\": false\r\n      }\r\n    ],\r\n    \"locations\": [\r\n      {\r\n        \"id\": \"mongo-continuous-1474-eastus\",\r\n        \"locationName\": \"East US\",\r\n        \"documentEndpoint\": \"https://mongo-continuous-1474-eastus.documents.azure.com:443/\",\r\n        \"provisioningState\": \"Succeeded\",\r\n        \"failoverPriority\": 0,\r\n        \"isZoneRedundant\": false\r\n      }\r\n    ],\r\n    \"failoverPolicies\": [\r\n      {\r\n        \"id\": \"mongo-continuous-1474-eastus\",\r\n        \"locationName\": \"East US\",\r\n        \"failoverPriority\": 0\r\n      }\r\n    ],\r\n    \"cors\": [],\r\n    \"capabilities\": [\r\n      {\r\n        \"name\": \"EnableMongo\"\r\n      }\r\n    ],\r\n    \"ipRules\": [],\r\n    \"backupPolicy\": {\r\n      \"type\": \"Continuous\",\r\n      \"continuousModeProperties\": {\r\n        \"tier\": \"Continuous30Days\"\r\n      }\r\n    },\r\n    \"networkAclBypassResourceIds\": [],\r\n    \"diagnosticLogSettings\": {\r\n      \"enableFullTextQuery\": \"None\"\r\n    },\r\n    \"keysMetadata\": {\r\n      \"primaryMasterKey\": {\r\n        \"generationTime\": \"2023-04-11T13:49:43.8550581Z\"\r\n      },\r\n      \"secondaryMasterKey\": {\r\n        \"generationTime\": \"2023-04-11T13:49:43.8550581Z\"\r\n      },\r\n      \"primaryReadonlyMasterKey\": {\r\n        \"generationTime\": \"2023-04-11T13:49:43.8550581Z\"\r\n      },\r\n      \"secondaryReadonlyMasterKey\": {\r\n        \"generationTime\": \"2023-04-11T13:49:43.8550581Z\"\r\n      }\r\n    }\r\n  },\r\n  \"identity\": {\r\n    \"type\": \"None\"\r\n  }\r\n}",
      "StatusCode": 200
    },
    {
      "RequestUri": "/subscriptions/23587e98-b6ac-4328-a753-03bcd3c8e744/resourceGroups/CosmosDBResourceGroup75/providers/Microsoft.DocumentDB/databaseAccounts/mongo-continuous-1474?api-version=2022-11-15-preview",
      "EncodedRequestUri": "L3N1YnNjcmlwdGlvbnMvMjM1ODdlOTgtYjZhYy00MzI4LWE3NTMtMDNiY2QzYzhlNzQ0L3Jlc291cmNlR3JvdXBzL0Nvc21vc0RCUmVzb3VyY2VHcm91cDc1L3Byb3ZpZGVycy9NaWNyb3NvZnQuRG9jdW1lbnREQi9kYXRhYmFzZUFjY291bnRzL21vbmdvLWNvbnRpbnVvdXMtMTQ3ND9hcGktdmVyc2lvbj0yMDIyLTExLTE1LXByZXZpZXc=",
      "RequestMethod": "GET",
      "RequestHeaders": {
        "x-ms-client-request-id": [
          "e4a7d4d0-65e7-4050-9ff0-b9e9c118c0e7"
        ],
        "Accept-Language": [
          "en-US"
        ],
        "User-Agent": [
          "FxVersion/4.700.22.55902",
          "OSName/Windows",
          "OSVersion/Microsoft.Windows.10.0.22621",
          "Microsoft.Azure.Management.CosmosDB.CosmosDBManagementClient/3.9.1.1"
        ]
      },
      "RequestBody": "",
      "ResponseHeaders": {
        "Cache-Control": [
          "no-store, no-cache"
        ],
        "Pragma": [
          "no-cache"
        ],
        "Strict-Transport-Security": [
          "max-age=31536000; includeSubDomains"
        ],
        "x-ms-gatewayversion": [
          "version=2.14.0"
        ],
        "Server": [
          "Microsoft-HTTPAPI/2.0"
        ],
        "x-ms-ratelimit-remaining-subscription-reads": [
          "11965"
        ],
        "x-ms-request-id": [
          "1478c464-6650-4384-9044-bd4ae9a19754"
        ],
        "x-ms-correlation-request-id": [
          "1478c464-6650-4384-9044-bd4ae9a19754"
        ],
        "x-ms-routing-request-id": [
          "EASTUS2EUAP:20230411T135044Z:1478c464-6650-4384-9044-bd4ae9a19754"
        ],
        "X-Content-Type-Options": [
          "nosniff"
        ],
        "Date": [
          "Tue, 11 Apr 2023 13:50:44 GMT"
        ],
        "Content-Length": [
          "2939"
        ],
        "Content-Type": [
          "application/json"
        ]
      },
      "ResponseBody": "{\r\n  \"id\": \"/subscriptions/23587e98-b6ac-4328-a753-03bcd3c8e744/resourceGroups/CosmosDBResourceGroup75/providers/Microsoft.DocumentDB/databaseAccounts/mongo-continuous-1474\",\r\n  \"name\": \"mongo-continuous-1474\",\r\n  \"location\": \"East US\",\r\n  \"type\": \"Microsoft.DocumentDB/databaseAccounts\",\r\n  \"kind\": \"MongoDB\",\r\n  \"tags\": {},\r\n  \"systemData\": {\r\n    \"createdAt\": \"2023-04-11T13:49:43.8550581Z\"\r\n  },\r\n  \"properties\": {\r\n    \"provisioningState\": \"Succeeded\",\r\n    \"documentEndpoint\": \"https://mongo-continuous-1474.documents.azure.com:443/\",\r\n    \"sqlEndpoint\": \"https://mongo-continuous-1474.documents.azure.com:443/\",\r\n    \"mongoEndpoint\": \"https://mongo-continuous-1474.mongo.cosmos.azure.com:443/\",\r\n    \"publicNetworkAccess\": \"Enabled\",\r\n    \"enableAutomaticFailover\": false,\r\n    \"enableMultipleWriteLocations\": false,\r\n    \"enablePartitionKeyMonitor\": false,\r\n    \"isVirtualNetworkFilterEnabled\": false,\r\n    \"virtualNetworkRules\": [],\r\n    \"EnabledApiTypes\": \"MongoDB\",\r\n    \"disableKeyBasedMetadataWriteAccess\": false,\r\n    \"enableFreeTier\": false,\r\n    \"enableAnalyticalStorage\": false,\r\n    \"analyticalStorageConfiguration\": {\r\n      \"schemaType\": \"FullFidelity\"\r\n    },\r\n    \"instanceId\": \"21c67b74-2ecc-4dbf-9ab3-78e0b8ccbc8d\",\r\n    \"createMode\": \"Default\",\r\n    \"databaseAccountOfferType\": \"Standard\",\r\n    \"enableMaterializedViews\": false,\r\n    \"defaultIdentity\": \"FirstPartyIdentity\",\r\n    \"networkAclBypass\": \"None\",\r\n    \"disableLocalAuth\": false,\r\n    \"enablePartitionMerge\": false,\r\n    \"enableBurstCapacity\": false,\r\n    \"minimalTlsVersion\": \"Tls12\",\r\n    \"consistencyPolicy\": {\r\n      \"defaultConsistencyLevel\": \"Session\",\r\n      \"maxIntervalInSeconds\": 5,\r\n      \"maxStalenessPrefix\": 100\r\n    },\r\n    \"apiProperties\": {\r\n      \"serverVersion\": \"3.6\"\r\n    },\r\n    \"configurationOverrides\": {\r\n      \"EnableBsonSchema\": \"True\"\r\n    },\r\n    \"writeLocations\": [\r\n      {\r\n        \"id\": \"mongo-continuous-1474-eastus\",\r\n        \"locationName\": \"East US\",\r\n        \"documentEndpoint\": \"https://mongo-continuous-1474-eastus.documents.azure.com:443/\",\r\n        \"provisioningState\": \"Succeeded\",\r\n        \"failoverPriority\": 0,\r\n        \"isZoneRedundant\": false\r\n      }\r\n    ],\r\n    \"readLocations\": [\r\n      {\r\n        \"id\": \"mongo-continuous-1474-eastus\",\r\n        \"locationName\": \"East US\",\r\n        \"documentEndpoint\": \"https://mongo-continuous-1474-eastus.documents.azure.com:443/\",\r\n        \"provisioningState\": \"Succeeded\",\r\n        \"failoverPriority\": 0,\r\n        \"isZoneRedundant\": false\r\n      }\r\n    ],\r\n    \"locations\": [\r\n      {\r\n        \"id\": \"mongo-continuous-1474-eastus\",\r\n        \"locationName\": \"East US\",\r\n        \"documentEndpoint\": \"https://mongo-continuous-1474-eastus.documents.azure.com:443/\",\r\n        \"provisioningState\": \"Succeeded\",\r\n        \"failoverPriority\": 0,\r\n        \"isZoneRedundant\": false\r\n      }\r\n    ],\r\n    \"failoverPolicies\": [\r\n      {\r\n        \"id\": \"mongo-continuous-1474-eastus\",\r\n        \"locationName\": \"East US\",\r\n        \"failoverPriority\": 0\r\n      }\r\n    ],\r\n    \"cors\": [],\r\n    \"capabilities\": [\r\n      {\r\n        \"name\": \"EnableMongo\"\r\n      }\r\n    ],\r\n    \"ipRules\": [],\r\n    \"backupPolicy\": {\r\n      \"type\": \"Continuous\",\r\n      \"continuousModeProperties\": {\r\n        \"tier\": \"Continuous30Days\"\r\n      }\r\n    },\r\n    \"networkAclBypassResourceIds\": [],\r\n    \"diagnosticLogSettings\": {\r\n      \"enableFullTextQuery\": \"None\"\r\n    },\r\n    \"keysMetadata\": {\r\n      \"primaryMasterKey\": {\r\n        \"generationTime\": \"2023-04-11T13:49:43.8550581Z\"\r\n      },\r\n      \"secondaryMasterKey\": {\r\n        \"generationTime\": \"2023-04-11T13:49:43.8550581Z\"\r\n      },\r\n      \"primaryReadonlyMasterKey\": {\r\n        \"generationTime\": \"2023-04-11T13:49:43.8550581Z\"\r\n      },\r\n      \"secondaryReadonlyMasterKey\": {\r\n        \"generationTime\": \"2023-04-11T13:49:43.8550581Z\"\r\n      }\r\n    }\r\n  },\r\n  \"identity\": {\r\n    \"type\": \"None\"\r\n  }\r\n}",
      "StatusCode": 200
    },
    {
      "RequestUri": "/subscriptions/23587e98-b6ac-4328-a753-03bcd3c8e744/resourceGroups/CosmosDBResourceGroup75/providers/Microsoft.DocumentDB/databaseAccounts/mongo-continuous-1474?api-version=2022-11-15-preview",
      "EncodedRequestUri": "L3N1YnNjcmlwdGlvbnMvMjM1ODdlOTgtYjZhYy00MzI4LWE3NTMtMDNiY2QzYzhlNzQ0L3Jlc291cmNlR3JvdXBzL0Nvc21vc0RCUmVzb3VyY2VHcm91cDc1L3Byb3ZpZGVycy9NaWNyb3NvZnQuRG9jdW1lbnREQi9kYXRhYmFzZUFjY291bnRzL21vbmdvLWNvbnRpbnVvdXMtMTQ3ND9hcGktdmVyc2lvbj0yMDIyLTExLTE1LXByZXZpZXc=",
      "RequestMethod": "PUT",
      "RequestHeaders": {
        "x-ms-client-request-id": [
          "d1f5da46-a3fa-46ab-bfb0-2ca048900334"
        ],
        "Accept-Language": [
          "en-US"
        ],
        "User-Agent": [
          "FxVersion/4.700.22.55902",
          "OSName/Windows",
          "OSVersion/Microsoft.Windows.10.0.22621",
          "Microsoft.Azure.Management.CosmosDB.CosmosDBManagementClient/3.9.1.1"
        ],
        "Content-Type": [
          "application/json; charset=utf-8"
        ],
        "Content-Length": [
          "711"
        ]
      },
      "RequestBody": "{\r\n  \"kind\": \"MongoDB\",\r\n  \"properties\": {\r\n    \"consistencyPolicy\": {\r\n      \"defaultConsistencyLevel\": \"Session\"\r\n    },\r\n    \"locations\": [\r\n      {\r\n        \"locationName\": \"East Us\",\r\n        \"failoverPriority\": 0,\r\n        \"isZoneRedundant\": false\r\n      }\r\n    ],\r\n    \"isVirtualNetworkFilterEnabled\": false,\r\n    \"enableAutomaticFailover\": false,\r\n    \"virtualNetworkRules\": [],\r\n    \"enableMultipleWriteLocations\": false,\r\n    \"disableKeyBasedMetadataWriteAccess\": false,\r\n    \"backupPolicy\": {\r\n      \"type\": \"Continuous\",\r\n      \"continuousModeProperties\": {}\r\n    },\r\n    \"networkAclBypassResourceIds\": [],\r\n    \"databaseAccountOfferType\": \"Standard\"\r\n  },\r\n  \"location\": \"East Us\",\r\n  \"tags\": {}\r\n}",
      "ResponseHeaders": {
        "Cache-Control": [
          "no-store, no-cache"
        ],
        "Pragma": [
          "no-cache"
        ],
        "Location": [
          "https://eastus2euap.management.azure.com/subscriptions/23587e98-b6ac-4328-a753-03bcd3c8e744/resourceGroups/CosmosDBResourceGroup75/providers/Microsoft.DocumentDB/databaseAccounts/mongo-continuous-1474/operationResults/7159f67b-f13d-4a9e-9f17-33d42137e4f1?api-version=2022-11-15-preview"
        ],
        "x-ms-request-id": [
          "7159f67b-f13d-4a9e-9f17-33d42137e4f1"
        ],
        "Azure-AsyncOperation": [
          "https://eastus2euap.management.azure.com/subscriptions/23587e98-b6ac-4328-a753-03bcd3c8e744/providers/Microsoft.DocumentDB/locations/eastus/operationsStatus/7159f67b-f13d-4a9e-9f17-33d42137e4f1?api-version=2022-11-15-preview"
        ],
        "Strict-Transport-Security": [
          "max-age=31536000; includeSubDomains"
        ],
        "x-ms-gatewayversion": [
          "version=2.14.0"
        ],
        "Server": [
          "Microsoft-HTTPAPI/2.0"
        ],
        "x-ms-ratelimit-remaining-subscription-writes": [
          "1197"
        ],
        "x-ms-correlation-request-id": [
          "78afa191-9c6f-4186-81f1-89302f6daf7c"
        ],
        "x-ms-routing-request-id": [
          "EASTUS2EUAP:20230411T134642Z:78afa191-9c6f-4186-81f1-89302f6daf7c"
        ],
        "X-Content-Type-Options": [
          "nosniff"
        ],
        "Date": [
          "Tue, 11 Apr 2023 13:46:42 GMT"
        ],
        "Content-Length": [
          "2420"
        ],
        "Content-Type": [
          "application/json"
        ]
      },
      "ResponseBody": "{\r\n  \"id\": \"/subscriptions/23587e98-b6ac-4328-a753-03bcd3c8e744/resourceGroups/CosmosDBResourceGroup75/providers/Microsoft.DocumentDB/databaseAccounts/mongo-continuous-1474\",\r\n  \"name\": \"mongo-continuous-1474\",\r\n  \"location\": \"East US\",\r\n  \"type\": \"Microsoft.DocumentDB/databaseAccounts\",\r\n  \"kind\": \"MongoDB\",\r\n  \"tags\": {},\r\n  \"systemData\": {\r\n    \"createdAt\": \"2023-04-11T13:46:41.3276927Z\"\r\n  },\r\n  \"properties\": {\r\n    \"provisioningState\": \"Creating\",\r\n    \"publicNetworkAccess\": \"Enabled\",\r\n    \"enableAutomaticFailover\": false,\r\n    \"enableMultipleWriteLocations\": false,\r\n    \"enablePartitionKeyMonitor\": false,\r\n    \"isVirtualNetworkFilterEnabled\": false,\r\n    \"virtualNetworkRules\": [],\r\n    \"EnabledApiTypes\": \"MongoDB\",\r\n    \"disableKeyBasedMetadataWriteAccess\": false,\r\n    \"enableFreeTier\": false,\r\n    \"enableAnalyticalStorage\": false,\r\n    \"analyticalStorageConfiguration\": {\r\n      \"schemaType\": \"FullFidelity\"\r\n    },\r\n    \"instanceId\": \"21c67b74-2ecc-4dbf-9ab3-78e0b8ccbc8d\",\r\n    \"createMode\": \"Default\",\r\n    \"databaseAccountOfferType\": \"Standard\",\r\n    \"enableMaterializedViews\": false,\r\n    \"defaultIdentity\": \"\",\r\n    \"networkAclBypass\": \"None\",\r\n    \"disableLocalAuth\": false,\r\n    \"enablePartitionMerge\": false,\r\n    \"enableBurstCapacity\": false,\r\n    \"minimalTlsVersion\": \"Tls12\",\r\n    \"consistencyPolicy\": {\r\n      \"defaultConsistencyLevel\": \"Session\",\r\n      \"maxIntervalInSeconds\": 5,\r\n      \"maxStalenessPrefix\": 100\r\n    },\r\n    \"apiProperties\": {\r\n      \"serverVersion\": \"3.6\"\r\n    },\r\n    \"configurationOverrides\": {},\r\n    \"writeLocations\": [\r\n      {\r\n        \"id\": \"mongo-continuous-1474-eastus\",\r\n        \"locationName\": \"East US\",\r\n        \"provisioningState\": \"Creating\",\r\n        \"failoverPriority\": 0,\r\n        \"isZoneRedundant\": false\r\n      }\r\n    ],\r\n    \"readLocations\": [\r\n      {\r\n        \"id\": \"mongo-continuous-1474-eastus\",\r\n        \"locationName\": \"East US\",\r\n        \"provisioningState\": \"Creating\",\r\n        \"failoverPriority\": 0,\r\n        \"isZoneRedundant\": false\r\n      }\r\n    ],\r\n    \"locations\": [\r\n      {\r\n        \"id\": \"mongo-continuous-1474-eastus\",\r\n        \"locationName\": \"East US\",\r\n        \"provisioningState\": \"Creating\",\r\n        \"failoverPriority\": 0,\r\n        \"isZoneRedundant\": false\r\n      }\r\n    ],\r\n    \"failoverPolicies\": [\r\n      {\r\n        \"id\": \"mongo-continuous-1474-eastus\",\r\n        \"locationName\": \"East US\",\r\n        \"failoverPriority\": 0\r\n      }\r\n    ],\r\n    \"cors\": [],\r\n    \"capabilities\": [\r\n      {\r\n        \"name\": \"EnableMongo\"\r\n      }\r\n    ],\r\n    \"ipRules\": [],\r\n    \"backupPolicy\": {\r\n      \"type\": \"Continuous\",\r\n      \"continuousModeProperties\": {\r\n        \"tier\": \"Continuous30Days\"\r\n      }\r\n    },\r\n    \"networkAclBypassResourceIds\": [],\r\n    \"diagnosticLogSettings\": {\r\n      \"enableFullTextQuery\": \"None\"\r\n    },\r\n    \"keysMetadata\": {\r\n      \"primaryMasterKey\": {\r\n        \"generationTime\": \"2023-04-11T13:46:41.3276927Z\"\r\n      },\r\n      \"secondaryMasterKey\": {\r\n        \"generationTime\": \"2023-04-11T13:46:41.3276927Z\"\r\n      },\r\n      \"primaryReadonlyMasterKey\": {\r\n        \"generationTime\": \"2023-04-11T13:46:41.3276927Z\"\r\n      },\r\n      \"secondaryReadonlyMasterKey\": {\r\n        \"generationTime\": \"2023-04-11T13:46:41.3276927Z\"\r\n      }\r\n    }\r\n  },\r\n  \"identity\": {\r\n    \"type\": \"None\"\r\n  }\r\n}",
      "StatusCode": 200
    },
    {
      "RequestUri": "/subscriptions/23587e98-b6ac-4328-a753-03bcd3c8e744/providers/Microsoft.DocumentDB/locations/eastus/operationsStatus/7159f67b-f13d-4a9e-9f17-33d42137e4f1?api-version=2022-11-15-preview",
      "EncodedRequestUri": "L3N1YnNjcmlwdGlvbnMvMjM1ODdlOTgtYjZhYy00MzI4LWE3NTMtMDNiY2QzYzhlNzQ0L3Byb3ZpZGVycy9NaWNyb3NvZnQuRG9jdW1lbnREQi9sb2NhdGlvbnMvZWFzdHVzL29wZXJhdGlvbnNTdGF0dXMvNzE1OWY2N2ItZjEzZC00YTllLTlmMTctMzNkNDIxMzdlNGYxP2FwaS12ZXJzaW9uPTIwMjItMTEtMTUtcHJldmlldw==",
      "RequestMethod": "GET",
      "RequestHeaders": {
        "x-ms-client-request-id": [
          "d1f5da46-a3fa-46ab-bfb0-2ca048900334"
        ],
        "User-Agent": [
          "FxVersion/4.700.22.55902",
          "OSName/Windows",
          "OSVersion/Microsoft.Windows.10.0.22621",
          "Microsoft.Azure.Management.CosmosDB.CosmosDBManagementClient/3.9.1.1"
        ]
      },
      "RequestBody": "",
      "ResponseHeaders": {
        "Cache-Control": [
          "no-store, no-cache"
        ],
        "Pragma": [
          "no-cache"
        ],
        "Strict-Transport-Security": [
          "max-age=31536000; includeSubDomains"
        ],
        "x-ms-gatewayversion": [
          "version=2.14.0"
        ],
        "Server": [
          "Microsoft-HTTPAPI/2.0"
        ],
        "x-ms-ratelimit-remaining-subscription-reads": [
          "11964"
        ],
        "x-ms-request-id": [
          "d262a93a-51e3-43c3-9bcd-2fdf0b537888"
        ],
        "x-ms-correlation-request-id": [
          "d262a93a-51e3-43c3-9bcd-2fdf0b537888"
        ],
        "x-ms-routing-request-id": [
          "EASTUS2EUAP:20230411T134713Z:d262a93a-51e3-43c3-9bcd-2fdf0b537888"
        ],
        "X-Content-Type-Options": [
          "nosniff"
        ],
        "Date": [
          "Tue, 11 Apr 2023 13:47:13 GMT"
        ],
        "Content-Length": [
          "21"
        ],
        "Content-Type": [
          "application/json"
        ]
      },
      "ResponseBody": "{\r\n  \"status\": \"Dequeued\"\r\n}",
      "StatusCode": 200
    },
    {
      "RequestUri": "/subscriptions/23587e98-b6ac-4328-a753-03bcd3c8e744/providers/Microsoft.DocumentDB/locations/eastus/operationsStatus/7159f67b-f13d-4a9e-9f17-33d42137e4f1?api-version=2022-11-15-preview",
      "EncodedRequestUri": "L3N1YnNjcmlwdGlvbnMvMjM1ODdlOTgtYjZhYy00MzI4LWE3NTMtMDNiY2QzYzhlNzQ0L3Byb3ZpZGVycy9NaWNyb3NvZnQuRG9jdW1lbnREQi9sb2NhdGlvbnMvZWFzdHVzL29wZXJhdGlvbnNTdGF0dXMvNzE1OWY2N2ItZjEzZC00YTllLTlmMTctMzNkNDIxMzdlNGYxP2FwaS12ZXJzaW9uPTIwMjItMTEtMTUtcHJldmlldw==",
      "RequestMethod": "GET",
      "RequestHeaders": {
        "x-ms-client-request-id": [
          "d1f5da46-a3fa-46ab-bfb0-2ca048900334"
        ],
        "User-Agent": [
          "FxVersion/4.700.22.55902",
          "OSName/Windows",
          "OSVersion/Microsoft.Windows.10.0.22621",
          "Microsoft.Azure.Management.CosmosDB.CosmosDBManagementClient/3.9.1.1"
        ]
      },
      "RequestBody": "",
      "ResponseHeaders": {
        "Cache-Control": [
          "no-store, no-cache"
        ],
        "Pragma": [
          "no-cache"
        ],
        "Strict-Transport-Security": [
          "max-age=31536000; includeSubDomains"
        ],
        "x-ms-gatewayversion": [
          "version=2.14.0"
        ],
        "Server": [
          "Microsoft-HTTPAPI/2.0"
        ],
        "x-ms-ratelimit-remaining-subscription-reads": [
          "11963"
        ],
        "x-ms-request-id": [
          "fa436549-82b4-41f6-941b-c702b653bc06"
        ],
        "x-ms-correlation-request-id": [
          "fa436549-82b4-41f6-941b-c702b653bc06"
        ],
        "x-ms-routing-request-id": [
          "EASTUS2EUAP:20230411T134743Z:fa436549-82b4-41f6-941b-c702b653bc06"
        ],
        "X-Content-Type-Options": [
          "nosniff"
        ],
        "Date": [
          "Tue, 11 Apr 2023 13:47:42 GMT"
        ],
        "Content-Length": [
          "21"
        ],
        "Content-Type": [
          "application/json"
        ]
      },
      "ResponseBody": "{\r\n  \"status\": \"Dequeued\"\r\n}",
      "StatusCode": 200
    },
    {
      "RequestUri": "/subscriptions/23587e98-b6ac-4328-a753-03bcd3c8e744/providers/Microsoft.DocumentDB/locations/eastus/operationsStatus/7159f67b-f13d-4a9e-9f17-33d42137e4f1?api-version=2022-11-15-preview",
      "EncodedRequestUri": "L3N1YnNjcmlwdGlvbnMvMjM1ODdlOTgtYjZhYy00MzI4LWE3NTMtMDNiY2QzYzhlNzQ0L3Byb3ZpZGVycy9NaWNyb3NvZnQuRG9jdW1lbnREQi9sb2NhdGlvbnMvZWFzdHVzL29wZXJhdGlvbnNTdGF0dXMvNzE1OWY2N2ItZjEzZC00YTllLTlmMTctMzNkNDIxMzdlNGYxP2FwaS12ZXJzaW9uPTIwMjItMTEtMTUtcHJldmlldw==",
      "RequestMethod": "GET",
      "RequestHeaders": {
        "x-ms-client-request-id": [
          "d1f5da46-a3fa-46ab-bfb0-2ca048900334"
        ],
        "User-Agent": [
          "FxVersion/4.700.22.55902",
          "OSName/Windows",
          "OSVersion/Microsoft.Windows.10.0.22621",
          "Microsoft.Azure.Management.CosmosDB.CosmosDBManagementClient/3.9.1.1"
        ]
      },
      "RequestBody": "",
      "ResponseHeaders": {
        "Cache-Control": [
          "no-store, no-cache"
        ],
        "Pragma": [
          "no-cache"
        ],
        "Strict-Transport-Security": [
          "max-age=31536000; includeSubDomains"
        ],
        "x-ms-gatewayversion": [
          "version=2.14.0"
        ],
        "Server": [
          "Microsoft-HTTPAPI/2.0"
        ],
        "x-ms-ratelimit-remaining-subscription-reads": [
          "11962"
        ],
        "x-ms-request-id": [
          "f66e453e-bcb1-4b7f-a148-fc0bc201c912"
        ],
        "x-ms-correlation-request-id": [
          "f66e453e-bcb1-4b7f-a148-fc0bc201c912"
        ],
        "x-ms-routing-request-id": [
          "EASTUS2EUAP:20230411T134813Z:f66e453e-bcb1-4b7f-a148-fc0bc201c912"
        ],
        "X-Content-Type-Options": [
          "nosniff"
        ],
        "Date": [
          "Tue, 11 Apr 2023 13:48:12 GMT"
        ],
        "Content-Length": [
          "21"
        ],
        "Content-Type": [
          "application/json"
        ]
      },
      "ResponseBody": "{\r\n  \"status\": \"Dequeued\"\r\n}",
      "StatusCode": 200
    },
    {
      "RequestUri": "/subscriptions/23587e98-b6ac-4328-a753-03bcd3c8e744/providers/Microsoft.DocumentDB/locations/eastus/operationsStatus/7159f67b-f13d-4a9e-9f17-33d42137e4f1?api-version=2022-11-15-preview",
      "EncodedRequestUri": "L3N1YnNjcmlwdGlvbnMvMjM1ODdlOTgtYjZhYy00MzI4LWE3NTMtMDNiY2QzYzhlNzQ0L3Byb3ZpZGVycy9NaWNyb3NvZnQuRG9jdW1lbnREQi9sb2NhdGlvbnMvZWFzdHVzL29wZXJhdGlvbnNTdGF0dXMvNzE1OWY2N2ItZjEzZC00YTllLTlmMTctMzNkNDIxMzdlNGYxP2FwaS12ZXJzaW9uPTIwMjItMTEtMTUtcHJldmlldw==",
      "RequestMethod": "GET",
      "RequestHeaders": {
        "x-ms-client-request-id": [
          "d1f5da46-a3fa-46ab-bfb0-2ca048900334"
        ],
        "User-Agent": [
          "FxVersion/4.700.22.55902",
          "OSName/Windows",
          "OSVersion/Microsoft.Windows.10.0.22621",
          "Microsoft.Azure.Management.CosmosDB.CosmosDBManagementClient/3.9.1.1"
        ]
      },
      "RequestBody": "",
      "ResponseHeaders": {
        "Cache-Control": [
          "no-store, no-cache"
        ],
        "Pragma": [
          "no-cache"
        ],
        "Strict-Transport-Security": [
          "max-age=31536000; includeSubDomains"
        ],
        "x-ms-gatewayversion": [
          "version=2.14.0"
        ],
        "Server": [
          "Microsoft-HTTPAPI/2.0"
        ],
        "x-ms-ratelimit-remaining-subscription-reads": [
          "11961"
        ],
        "x-ms-request-id": [
          "7aeee09b-93fd-4522-9120-4905046b32e2"
        ],
        "x-ms-correlation-request-id": [
          "7aeee09b-93fd-4522-9120-4905046b32e2"
        ],
        "x-ms-routing-request-id": [
          "EASTUS2EUAP:20230411T134843Z:7aeee09b-93fd-4522-9120-4905046b32e2"
        ],
        "X-Content-Type-Options": [
          "nosniff"
        ],
        "Date": [
          "Tue, 11 Apr 2023 13:48:43 GMT"
        ],
        "Content-Length": [
          "21"
        ],
        "Content-Type": [
          "application/json"
        ]
      },
      "ResponseBody": "{\r\n  \"status\": \"Dequeued\"\r\n}",
      "StatusCode": 200
    },
    {
      "RequestUri": "/subscriptions/23587e98-b6ac-4328-a753-03bcd3c8e744/providers/Microsoft.DocumentDB/locations/eastus/operationsStatus/7159f67b-f13d-4a9e-9f17-33d42137e4f1?api-version=2022-11-15-preview",
      "EncodedRequestUri": "L3N1YnNjcmlwdGlvbnMvMjM1ODdlOTgtYjZhYy00MzI4LWE3NTMtMDNiY2QzYzhlNzQ0L3Byb3ZpZGVycy9NaWNyb3NvZnQuRG9jdW1lbnREQi9sb2NhdGlvbnMvZWFzdHVzL29wZXJhdGlvbnNTdGF0dXMvNzE1OWY2N2ItZjEzZC00YTllLTlmMTctMzNkNDIxMzdlNGYxP2FwaS12ZXJzaW9uPTIwMjItMTEtMTUtcHJldmlldw==",
      "RequestMethod": "GET",
      "RequestHeaders": {
        "x-ms-client-request-id": [
          "d1f5da46-a3fa-46ab-bfb0-2ca048900334"
        ],
        "User-Agent": [
          "FxVersion/4.700.22.55902",
          "OSName/Windows",
          "OSVersion/Microsoft.Windows.10.0.22621",
          "Microsoft.Azure.Management.CosmosDB.CosmosDBManagementClient/3.9.1.1"
        ]
      },
      "RequestBody": "",
      "ResponseHeaders": {
        "Cache-Control": [
          "no-store, no-cache"
        ],
        "Pragma": [
          "no-cache"
        ],
        "Strict-Transport-Security": [
          "max-age=31536000; includeSubDomains"
        ],
        "x-ms-gatewayversion": [
          "version=2.14.0"
        ],
        "Server": [
          "Microsoft-HTTPAPI/2.0"
        ],
        "x-ms-ratelimit-remaining-subscription-reads": [
          "11960"
        ],
        "x-ms-request-id": [
          "19cecfa1-ca04-4eca-9f91-d122c60c1a60"
        ],
        "x-ms-correlation-request-id": [
          "19cecfa1-ca04-4eca-9f91-d122c60c1a60"
        ],
        "x-ms-routing-request-id": [
          "EASTUS2EUAP:20230411T134913Z:19cecfa1-ca04-4eca-9f91-d122c60c1a60"
        ],
        "X-Content-Type-Options": [
          "nosniff"
        ],
        "Date": [
          "Tue, 11 Apr 2023 13:49:13 GMT"
        ],
        "Content-Length": [
          "21"
        ],
        "Content-Type": [
          "application/json"
        ]
      },
      "ResponseBody": "{\r\n  \"status\": \"Dequeued\"\r\n}",
      "StatusCode": 200
    },
    {
      "RequestUri": "/subscriptions/23587e98-b6ac-4328-a753-03bcd3c8e744/providers/Microsoft.DocumentDB/locations/eastus/operationsStatus/7159f67b-f13d-4a9e-9f17-33d42137e4f1?api-version=2022-11-15-preview",
      "EncodedRequestUri": "L3N1YnNjcmlwdGlvbnMvMjM1ODdlOTgtYjZhYy00MzI4LWE3NTMtMDNiY2QzYzhlNzQ0L3Byb3ZpZGVycy9NaWNyb3NvZnQuRG9jdW1lbnREQi9sb2NhdGlvbnMvZWFzdHVzL29wZXJhdGlvbnNTdGF0dXMvNzE1OWY2N2ItZjEzZC00YTllLTlmMTctMzNkNDIxMzdlNGYxP2FwaS12ZXJzaW9uPTIwMjItMTEtMTUtcHJldmlldw==",
      "RequestMethod": "GET",
      "RequestHeaders": {
        "x-ms-client-request-id": [
          "d1f5da46-a3fa-46ab-bfb0-2ca048900334"
        ],
        "User-Agent": [
          "FxVersion/4.700.22.55902",
          "OSName/Windows",
          "OSVersion/Microsoft.Windows.10.0.22621",
          "Microsoft.Azure.Management.CosmosDB.CosmosDBManagementClient/3.9.1.1"
        ]
      },
      "RequestBody": "",
      "ResponseHeaders": {
        "Cache-Control": [
          "no-store, no-cache"
        ],
        "Pragma": [
          "no-cache"
        ],
        "Strict-Transport-Security": [
          "max-age=31536000; includeSubDomains"
        ],
        "x-ms-gatewayversion": [
          "version=2.14.0"
        ],
        "Server": [
          "Microsoft-HTTPAPI/2.0"
        ],
        "x-ms-ratelimit-remaining-subscription-reads": [
          "11959"
        ],
        "x-ms-request-id": [
          "37b4dd72-0809-4284-84ac-02aede0a2b54"
        ],
        "x-ms-correlation-request-id": [
          "37b4dd72-0809-4284-84ac-02aede0a2b54"
        ],
        "x-ms-routing-request-id": [
          "EASTUS2EUAP:20230411T134943Z:37b4dd72-0809-4284-84ac-02aede0a2b54"
        ],
        "X-Content-Type-Options": [
          "nosniff"
        ],
        "Date": [
          "Tue, 11 Apr 2023 13:49:43 GMT"
        ],
        "Content-Length": [
          "21"
        ],
        "Content-Type": [
          "application/json"
        ]
      },
      "ResponseBody": "{\r\n  \"status\": \"Dequeued\"\r\n}",
      "StatusCode": 200
    },
    {
      "RequestUri": "/subscriptions/23587e98-b6ac-4328-a753-03bcd3c8e744/providers/Microsoft.DocumentDB/locations/eastus/operationsStatus/7159f67b-f13d-4a9e-9f17-33d42137e4f1?api-version=2022-11-15-preview",
      "EncodedRequestUri": "L3N1YnNjcmlwdGlvbnMvMjM1ODdlOTgtYjZhYy00MzI4LWE3NTMtMDNiY2QzYzhlNzQ0L3Byb3ZpZGVycy9NaWNyb3NvZnQuRG9jdW1lbnREQi9sb2NhdGlvbnMvZWFzdHVzL29wZXJhdGlvbnNTdGF0dXMvNzE1OWY2N2ItZjEzZC00YTllLTlmMTctMzNkNDIxMzdlNGYxP2FwaS12ZXJzaW9uPTIwMjItMTEtMTUtcHJldmlldw==",
      "RequestMethod": "GET",
      "RequestHeaders": {
        "x-ms-client-request-id": [
          "d1f5da46-a3fa-46ab-bfb0-2ca048900334"
        ],
        "User-Agent": [
          "FxVersion/4.700.22.55902",
          "OSName/Windows",
          "OSVersion/Microsoft.Windows.10.0.22621",
          "Microsoft.Azure.Management.CosmosDB.CosmosDBManagementClient/3.9.1.1"
        ]
      },
      "RequestBody": "",
      "ResponseHeaders": {
        "Cache-Control": [
          "no-store, no-cache"
        ],
        "Pragma": [
          "no-cache"
        ],
        "Strict-Transport-Security": [
          "max-age=31536000; includeSubDomains"
        ],
        "x-ms-gatewayversion": [
          "version=2.14.0"
        ],
        "Server": [
          "Microsoft-HTTPAPI/2.0"
        ],
        "x-ms-ratelimit-remaining-subscription-reads": [
          "11968"
        ],
        "x-ms-request-id": [
          "d98c0b3c-5cc9-4715-94e9-6f73c9822894"
        ],
        "x-ms-correlation-request-id": [
          "d98c0b3c-5cc9-4715-94e9-6f73c9822894"
        ],
        "x-ms-routing-request-id": [
          "EASTUS2EUAP:20230411T135013Z:d98c0b3c-5cc9-4715-94e9-6f73c9822894"
        ],
        "X-Content-Type-Options": [
          "nosniff"
        ],
        "Date": [
          "Tue, 11 Apr 2023 13:50:13 GMT"
        ],
        "Content-Length": [
          "21"
        ],
        "Content-Type": [
          "application/json"
        ]
      },
      "ResponseBody": "{\r\n  \"status\": \"Dequeued\"\r\n}",
      "StatusCode": 200
    },
    {
      "RequestUri": "/subscriptions/23587e98-b6ac-4328-a753-03bcd3c8e744/providers/Microsoft.DocumentDB/locations/eastus/operationsStatus/7159f67b-f13d-4a9e-9f17-33d42137e4f1?api-version=2022-11-15-preview",
      "EncodedRequestUri": "L3N1YnNjcmlwdGlvbnMvMjM1ODdlOTgtYjZhYy00MzI4LWE3NTMtMDNiY2QzYzhlNzQ0L3Byb3ZpZGVycy9NaWNyb3NvZnQuRG9jdW1lbnREQi9sb2NhdGlvbnMvZWFzdHVzL29wZXJhdGlvbnNTdGF0dXMvNzE1OWY2N2ItZjEzZC00YTllLTlmMTctMzNkNDIxMzdlNGYxP2FwaS12ZXJzaW9uPTIwMjItMTEtMTUtcHJldmlldw==",
      "RequestMethod": "GET",
      "RequestHeaders": {
        "x-ms-client-request-id": [
          "d1f5da46-a3fa-46ab-bfb0-2ca048900334"
        ],
        "User-Agent": [
          "FxVersion/4.700.22.55902",
          "OSName/Windows",
          "OSVersion/Microsoft.Windows.10.0.22621",
          "Microsoft.Azure.Management.CosmosDB.CosmosDBManagementClient/3.9.1.1"
        ]
      },
      "RequestBody": "",
      "ResponseHeaders": {
        "Cache-Control": [
          "no-store, no-cache"
        ],
        "Pragma": [
          "no-cache"
        ],
        "Strict-Transport-Security": [
          "max-age=31536000; includeSubDomains"
        ],
        "x-ms-gatewayversion": [
          "version=2.14.0"
        ],
        "Server": [
          "Microsoft-HTTPAPI/2.0"
        ],
        "x-ms-ratelimit-remaining-subscription-reads": [
          "11967"
        ],
        "x-ms-request-id": [
          "4c204699-353a-432d-bcc7-a034a2c7ccb8"
        ],
        "x-ms-correlation-request-id": [
          "4c204699-353a-432d-bcc7-a034a2c7ccb8"
        ],
        "x-ms-routing-request-id": [
          "EASTUS2EUAP:20230411T135044Z:4c204699-353a-432d-bcc7-a034a2c7ccb8"
        ],
        "X-Content-Type-Options": [
          "nosniff"
        ],
        "Date": [
          "Tue, 11 Apr 2023 13:50:43 GMT"
        ],
        "Content-Length": [
          "22"
        ],
        "Content-Type": [
          "application/json"
        ]
      },
      "ResponseBody": "{\r\n  \"status\": \"Succeeded\"\r\n}",
      "StatusCode": 200
    },
    {
      "RequestUri": "/subscriptions/23587e98-b6ac-4328-a753-03bcd3c8e744/providers/Microsoft.DocumentDB/locations/East%20US/restorableDatabaseAccounts/21c67b74-2ecc-4dbf-9ab3-78e0b8ccbc8d?api-version=2022-11-15-preview",
      "EncodedRequestUri": "L3N1YnNjcmlwdGlvbnMvMjM1ODdlOTgtYjZhYy00MzI4LWE3NTMtMDNiY2QzYzhlNzQ0L3Byb3ZpZGVycy9NaWNyb3NvZnQuRG9jdW1lbnREQi9sb2NhdGlvbnMvRWFzdCUyMFVTL3Jlc3RvcmFibGVEYXRhYmFzZUFjY291bnRzLzIxYzY3Yjc0LTJlY2MtNGRiZi05YWIzLTc4ZTBiOGNjYmM4ZD9hcGktdmVyc2lvbj0yMDIyLTExLTE1LXByZXZpZXc=",
      "RequestMethod": "GET",
      "RequestHeaders": {
        "x-ms-client-request-id": [
          "f7832fbb-716a-4eee-a238-018bbc41ec8f"
        ],
        "Accept-Language": [
          "en-US"
        ],
        "User-Agent": [
          "FxVersion/4.700.22.55902",
          "OSName/Windows",
          "OSVersion/Microsoft.Windows.10.0.22621",
          "Microsoft.Azure.Management.CosmosDB.CosmosDBManagementClient/3.9.1.1"
        ]
      },
      "RequestBody": "",
      "ResponseHeaders": {
        "Cache-Control": [
          "no-store, no-cache"
        ],
        "Pragma": [
          "no-cache"
        ],
        "Strict-Transport-Security": [
          "max-age=31536000; includeSubDomains"
        ],
        "x-ms-gatewayversion": [
          "version=2.14.0"
        ],
        "Server": [
          "Microsoft-HTTPAPI/2.0"
        ],
        "x-ms-ratelimit-remaining-subscription-reads": [
          "11958"
        ],
        "x-ms-request-id": [
          "adba5385-8822-490d-8762-344a7bbcebf8"
        ],
        "x-ms-correlation-request-id": [
          "adba5385-8822-490d-8762-344a7bbcebf8"
        ],
        "x-ms-routing-request-id": [
          "EASTUS2EUAP:20230411T135045Z:adba5385-8822-490d-8762-344a7bbcebf8"
        ],
        "X-Content-Type-Options": [
          "nosniff"
        ],
        "Date": [
          "Tue, 11 Apr 2023 13:50:44 GMT"
        ],
        "Content-Length": [
          "627"
        ],
        "Content-Type": [
          "application/json"
        ]
      },
      "ResponseBody": "{\r\n  \"name\": \"21c67b74-2ecc-4dbf-9ab3-78e0b8ccbc8d\",\r\n  \"location\": \"East US\",\r\n  \"type\": \"Microsoft.DocumentDB/locations/restorableDatabaseAccounts\",\r\n  \"id\": \"/subscriptions/23587e98-b6ac-4328-a753-03bcd3c8e744/providers/Microsoft.DocumentDB/locations/eastus/restorableDatabaseAccounts/21c67b74-2ecc-4dbf-9ab3-78e0b8ccbc8d\",\r\n  \"properties\": {\r\n    \"accountName\": \"mongo-continuous-1474\",\r\n    \"apiType\": \"MongoDB\",\r\n    \"creationTime\": \"2023-04-11T13:49:44Z\",\r\n    \"oldestRestorableTime\": \"2023-04-11T13:49:44Z\",\r\n    \"restorableLocations\": [\r\n      {\r\n        \"locationName\": \"East US\",\r\n        \"regionalDatabaseAccountInstanceId\": \"13933255-917a-42cd-adbd-952bb9d26906\",\r\n        \"creationTime\": \"2023-04-11T13:49:45Z\"\r\n      }\r\n    ]\r\n  }\r\n}",
      "StatusCode": 200
    },
    {
      "RequestUri": "/subscriptions/23587e98-b6ac-4328-a753-03bcd3c8e744/resourceGroups/CosmosDBResourceGroup75/providers/Microsoft.DocumentDB/databaseAccounts/mongo-continuous-1474/mongodbDatabases/TestDB1?api-version=2022-11-15-preview",
      "EncodedRequestUri": "L3N1YnNjcmlwdGlvbnMvMjM1ODdlOTgtYjZhYy00MzI4LWE3NTMtMDNiY2QzYzhlNzQ0L3Jlc291cmNlR3JvdXBzL0Nvc21vc0RCUmVzb3VyY2VHcm91cDc1L3Byb3ZpZGVycy9NaWNyb3NvZnQuRG9jdW1lbnREQi9kYXRhYmFzZUFjY291bnRzL21vbmdvLWNvbnRpbnVvdXMtMTQ3NC9tb25nb2RiRGF0YWJhc2VzL1Rlc3REQjE/YXBpLXZlcnNpb249MjAyMi0xMS0xNS1wcmV2aWV3",
      "RequestMethod": "GET",
      "RequestHeaders": {
        "x-ms-client-request-id": [
          "a6a3141a-daa1-45ec-ad3f-83c5bd083d34"
        ],
        "Accept-Language": [
          "en-US"
        ],
        "User-Agent": [
          "FxVersion/4.700.22.55902",
          "OSName/Windows",
          "OSVersion/Microsoft.Windows.10.0.22621",
          "Microsoft.Azure.Management.CosmosDB.CosmosDBManagementClient/3.9.1.1"
        ]
      },
      "RequestBody": "",
      "ResponseHeaders": {
        "Cache-Control": [
          "no-store, no-cache"
        ],
        "Pragma": [
          "no-cache"
        ],
        "Strict-Transport-Security": [
          "max-age=31536000; includeSubDomains"
        ],
        "x-ms-gatewayversion": [
          "version=2.14.0"
        ],
        "Server": [
          "Microsoft-HTTPAPI/2.0"
        ],
        "x-ms-ratelimit-remaining-subscription-reads": [
          "11970"
        ],
        "x-ms-request-id": [
          "25ed521d-d75f-4460-8471-584a258eeac9"
        ],
        "x-ms-correlation-request-id": [
          "25ed521d-d75f-4460-8471-584a258eeac9"
        ],
        "x-ms-routing-request-id": [
          "EASTUS2EUAP:20230411T135046Z:25ed521d-d75f-4460-8471-584a258eeac9"
        ],
        "X-Content-Type-Options": [
          "nosniff"
        ],
        "Date": [
          "Tue, 11 Apr 2023 13:50:45 GMT"
        ],
        "Content-Length": [
          "160"
        ],
        "Content-Type": [
          "application/json"
        ]
      },
      "ResponseBody": "{\r\n  \"code\": \"NotFound\",\r\n  \"message\": \"the database TestDB1 doesn't exist.\\r\\nActivityId: a6a3141a-daa1-45ec-ad3f-83c5bd083d34, Microsoft.Azure.Documents.Common/2.14.0\"\r\n}",
      "StatusCode": 404
    },
    {
      "RequestUri": "/subscriptions/23587e98-b6ac-4328-a753-03bcd3c8e744/resourceGroups/CosmosDBResourceGroup75/providers/Microsoft.DocumentDB/databaseAccounts/mongo-continuous-1474/mongodbDatabases/TestDB1?api-version=2022-11-15-preview",
      "EncodedRequestUri": "L3N1YnNjcmlwdGlvbnMvMjM1ODdlOTgtYjZhYy00MzI4LWE3NTMtMDNiY2QzYzhlNzQ0L3Jlc291cmNlR3JvdXBzL0Nvc21vc0RCUmVzb3VyY2VHcm91cDc1L3Byb3ZpZGVycy9NaWNyb3NvZnQuRG9jdW1lbnREQi9kYXRhYmFzZUFjY291bnRzL21vbmdvLWNvbnRpbnVvdXMtMTQ3NC9tb25nb2RiRGF0YWJhc2VzL1Rlc3REQjE/YXBpLXZlcnNpb249MjAyMi0xMS0xNS1wcmV2aWV3",
      "RequestMethod": "GET",
      "RequestHeaders": {
        "x-ms-client-request-id": [
          "a6a3141a-daa1-45ec-ad3f-83c5bd083d34"
        ],
        "User-Agent": [
          "FxVersion/4.700.22.55902",
          "OSName/Windows",
          "OSVersion/Microsoft.Windows.10.0.22621",
          "Microsoft.Azure.Management.CosmosDB.CosmosDBManagementClient/3.9.1.1"
        ]
      },
      "RequestBody": "",
      "ResponseHeaders": {
        "Cache-Control": [
          "no-store, no-cache"
        ],
        "Pragma": [
          "no-cache"
        ],
        "Strict-Transport-Security": [
          "max-age=31536000; includeSubDomains"
        ],
        "x-ms-gatewayversion": [
          "version=2.14.0"
        ],
        "Server": [
          "Microsoft-HTTPAPI/2.0"
        ],
        "x-ms-ratelimit-remaining-subscription-reads": [
          "11968"
        ],
        "x-ms-request-id": [
          "85691519-343f-4587-b27f-9079dd389fc4"
        ],
        "x-ms-correlation-request-id": [
          "85691519-343f-4587-b27f-9079dd389fc4"
        ],
        "x-ms-routing-request-id": [
          "EASTUS2EUAP:20230411T135117Z:85691519-343f-4587-b27f-9079dd389fc4"
        ],
        "X-Content-Type-Options": [
          "nosniff"
        ],
        "Date": [
          "Tue, 11 Apr 2023 13:51:16 GMT"
        ],
        "Content-Length": [
          "318"
        ],
        "Content-Type": [
          "application/json"
        ]
      },
      "ResponseBody": "{\r\n  \"id\": \"/subscriptions/23587e98-b6ac-4328-a753-03bcd3c8e744/resourceGroups/CosmosDBResourceGroup75/providers/Microsoft.DocumentDB/databaseAccounts/mongo-continuous-1474/mongodbDatabases/TestDB1\",\r\n  \"type\": \"Microsoft.DocumentDB/databaseAccounts/mongodbDatabases\",\r\n  \"name\": \"TestDB1\",\r\n  \"properties\": {\r\n    \"resource\": {\r\n      \"id\": \"TestDB1\"\r\n    }\r\n  }\r\n}",
      "StatusCode": 200
    },
    {
      "RequestUri": "/subscriptions/23587e98-b6ac-4328-a753-03bcd3c8e744/resourceGroups/CosmosDBResourceGroup75/providers/Microsoft.DocumentDB/databaseAccounts/mongo-continuous-1474/mongodbDatabases/TestDB1?api-version=2022-11-15-preview",
      "EncodedRequestUri": "L3N1YnNjcmlwdGlvbnMvMjM1ODdlOTgtYjZhYy00MzI4LWE3NTMtMDNiY2QzYzhlNzQ0L3Jlc291cmNlR3JvdXBzL0Nvc21vc0RCUmVzb3VyY2VHcm91cDc1L3Byb3ZpZGVycy9NaWNyb3NvZnQuRG9jdW1lbnREQi9kYXRhYmFzZUFjY291bnRzL21vbmdvLWNvbnRpbnVvdXMtMTQ3NC9tb25nb2RiRGF0YWJhc2VzL1Rlc3REQjE/YXBpLXZlcnNpb249MjAyMi0xMS0xNS1wcmV2aWV3",
      "RequestMethod": "PUT",
      "RequestHeaders": {
        "x-ms-client-request-id": [
          "a6a3141a-daa1-45ec-ad3f-83c5bd083d34"
        ],
        "Accept-Language": [
          "en-US"
        ],
        "User-Agent": [
          "FxVersion/4.700.22.55902",
          "OSName/Windows",
          "OSVersion/Microsoft.Windows.10.0.22621",
          "Microsoft.Azure.Management.CosmosDB.CosmosDBManagementClient/3.9.1.1"
        ],
        "Content-Type": [
          "application/json; charset=utf-8"
        ],
        "Content-Length": [
          "129"
        ]
      },
      "RequestBody": "{\r\n  \"properties\": {\r\n    \"resource\": {\r\n      \"id\": \"TestDB1\"\r\n    },\r\n    \"options\": {\r\n      \"throughput\": 1200\r\n    }\r\n  }\r\n}",
      "ResponseHeaders": {
        "Cache-Control": [
          "no-store, no-cache"
        ],
        "Pragma": [
          "no-cache"
        ],
        "Location": [
          "https://eastus2euap.management.azure.com/subscriptions/23587e98-b6ac-4328-a753-03bcd3c8e744/resourceGroups/CosmosDBResourceGroup75/providers/Microsoft.DocumentDB/databaseAccounts/mongo-continuous-1474/mongodbDatabases/TestDB1/operationResults/66af7baf-980a-4113-a93a-1c54c0b74376?api-version=2022-11-15-preview"
        ],
        "Azure-AsyncOperation": [
          "https://eastus2euap.management.azure.com/subscriptions/23587e98-b6ac-4328-a753-03bcd3c8e744/providers/Microsoft.DocumentDB/locations/eastus/operationsStatus/66af7baf-980a-4113-a93a-1c54c0b74376?api-version=2022-11-15-preview"
        ],
        "x-ms-request-id": [
          "66af7baf-980a-4113-a93a-1c54c0b74376"
        ],
        "Strict-Transport-Security": [
          "max-age=31536000; includeSubDomains"
        ],
        "x-ms-gatewayversion": [
          "version=2.14.0"
        ],
        "Server": [
          "Microsoft-HTTPAPI/2.0"
        ],
        "x-ms-ratelimit-remaining-subscription-writes": [
          "1197"
        ],
        "x-ms-correlation-request-id": [
          "5ee74916-f9b5-4c9b-8c67-6990842d07e4"
        ],
        "x-ms-routing-request-id": [
          "EASTUS2EUAP:20230411T135047Z:5ee74916-f9b5-4c9b-8c67-6990842d07e4"
        ],
        "X-Content-Type-Options": [
          "nosniff"
        ],
        "Date": [
          "Tue, 11 Apr 2023 13:50:46 GMT"
        ],
        "Content-Length": [
          "21"
        ],
        "Content-Type": [
          "application/json"
        ]
      },
      "ResponseBody": "{\r\n  \"status\": \"Enqueued\"\r\n}",
      "StatusCode": 202
    },
    {
      "RequestUri": "/subscriptions/23587e98-b6ac-4328-a753-03bcd3c8e744/providers/Microsoft.DocumentDB/locations/eastus/operationsStatus/66af7baf-980a-4113-a93a-1c54c0b74376?api-version=2022-11-15-preview",
      "EncodedRequestUri": "L3N1YnNjcmlwdGlvbnMvMjM1ODdlOTgtYjZhYy00MzI4LWE3NTMtMDNiY2QzYzhlNzQ0L3Byb3ZpZGVycy9NaWNyb3NvZnQuRG9jdW1lbnREQi9sb2NhdGlvbnMvZWFzdHVzL29wZXJhdGlvbnNTdGF0dXMvNjZhZjdiYWYtOTgwYS00MTEzLWE5M2EtMWM1NGMwYjc0Mzc2P2FwaS12ZXJzaW9uPTIwMjItMTEtMTUtcHJldmlldw==",
      "RequestMethod": "GET",
      "RequestHeaders": {
        "x-ms-client-request-id": [
          "a6a3141a-daa1-45ec-ad3f-83c5bd083d34"
        ],
        "User-Agent": [
          "FxVersion/4.700.22.55902",
          "OSName/Windows",
          "OSVersion/Microsoft.Windows.10.0.22621",
          "Microsoft.Azure.Management.CosmosDB.CosmosDBManagementClient/3.9.1.1"
        ]
      },
      "RequestBody": "",
      "ResponseHeaders": {
        "Cache-Control": [
          "no-store, no-cache"
        ],
        "Pragma": [
          "no-cache"
        ],
        "Strict-Transport-Security": [
          "max-age=31536000; includeSubDomains"
        ],
        "x-ms-gatewayversion": [
          "version=2.14.0"
        ],
        "Server": [
          "Microsoft-HTTPAPI/2.0"
        ],
        "x-ms-ratelimit-remaining-subscription-reads": [
          "11969"
        ],
        "x-ms-request-id": [
          "3c74b826-ef15-4620-882c-5fd84ec25fc3"
        ],
        "x-ms-correlation-request-id": [
          "3c74b826-ef15-4620-882c-5fd84ec25fc3"
        ],
        "x-ms-routing-request-id": [
          "EASTUS2EUAP:20230411T135117Z:3c74b826-ef15-4620-882c-5fd84ec25fc3"
        ],
        "X-Content-Type-Options": [
          "nosniff"
        ],
        "Date": [
          "Tue, 11 Apr 2023 13:51:16 GMT"
        ],
        "Content-Length": [
          "22"
        ],
        "Content-Type": [
          "application/json"
        ]
      },
      "ResponseBody": "{\r\n  \"status\": \"Succeeded\"\r\n}",
      "StatusCode": 200
    },
    {
      "RequestUri": "/subscriptions/23587e98-b6ac-4328-a753-03bcd3c8e744/resourceGroups/CosmosDBResourceGroup75/providers/Microsoft.DocumentDB/databaseAccounts/mongo-continuous-1474/mongodbDatabases/TestDB1/collections/TestCollection1?api-version=2022-11-15-preview",
      "EncodedRequestUri": "L3N1YnNjcmlwdGlvbnMvMjM1ODdlOTgtYjZhYy00MzI4LWE3NTMtMDNiY2QzYzhlNzQ0L3Jlc291cmNlR3JvdXBzL0Nvc21vc0RCUmVzb3VyY2VHcm91cDc1L3Byb3ZpZGVycy9NaWNyb3NvZnQuRG9jdW1lbnREQi9kYXRhYmFzZUFjY291bnRzL21vbmdvLWNvbnRpbnVvdXMtMTQ3NC9tb25nb2RiRGF0YWJhc2VzL1Rlc3REQjEvY29sbGVjdGlvbnMvVGVzdENvbGxlY3Rpb24xP2FwaS12ZXJzaW9uPTIwMjItMTEtMTUtcHJldmlldw==",
      "RequestMethod": "GET",
      "RequestHeaders": {
        "x-ms-client-request-id": [
          "366ea948-026b-438b-a3b7-e944a73fdd0f"
        ],
        "Accept-Language": [
          "en-US"
        ],
        "User-Agent": [
          "FxVersion/4.700.22.55902",
          "OSName/Windows",
          "OSVersion/Microsoft.Windows.10.0.22621",
          "Microsoft.Azure.Management.CosmosDB.CosmosDBManagementClient/3.9.1.1"
        ]
      },
      "RequestBody": "",
      "ResponseHeaders": {
        "Cache-Control": [
          "no-store, no-cache"
        ],
        "Pragma": [
          "no-cache"
        ],
        "Strict-Transport-Security": [
          "max-age=31536000; includeSubDomains"
        ],
        "x-ms-gatewayversion": [
          "version=2.14.0"
        ],
        "Server": [
          "Microsoft-HTTPAPI/2.0"
        ],
        "x-ms-ratelimit-remaining-subscription-reads": [
          "11981"
        ],
        "x-ms-request-id": [
          "4d768d91-04af-40cc-adc3-2bb163c8d240"
        ],
        "x-ms-correlation-request-id": [
          "4d768d91-04af-40cc-adc3-2bb163c8d240"
        ],
        "x-ms-routing-request-id": [
          "EASTUS2EUAP:20230411T135118Z:4d768d91-04af-40cc-adc3-2bb163c8d240"
        ],
        "X-Content-Type-Options": [
          "nosniff"
        ],
        "Date": [
          "Tue, 11 Apr 2023 13:51:18 GMT"
        ],
        "Content-Length": [
          "182"
        ],
        "Content-Type": [
          "application/json"
        ]
      },
      "ResponseBody": "{\r\n  \"code\": \"NotFound\",\r\n  \"message\": \"The collection 'TestDB1'.'TestCollection1' doesn't exist.\\r\\nActivityId: 366ea948-026b-438b-a3b7-e944a73fdd0f, Microsoft.Azure.Documents.Common/2.14.0\"\r\n}",
      "StatusCode": 404
    },
    {
      "RequestUri": "/subscriptions/23587e98-b6ac-4328-a753-03bcd3c8e744/resourceGroups/CosmosDBResourceGroup75/providers/Microsoft.DocumentDB/databaseAccounts/mongo-continuous-1474/mongodbDatabases/TestDB1/collections/TestCollection1?api-version=2022-11-15-preview",
      "EncodedRequestUri": "L3N1YnNjcmlwdGlvbnMvMjM1ODdlOTgtYjZhYy00MzI4LWE3NTMtMDNiY2QzYzhlNzQ0L3Jlc291cmNlR3JvdXBzL0Nvc21vc0RCUmVzb3VyY2VHcm91cDc1L3Byb3ZpZGVycy9NaWNyb3NvZnQuRG9jdW1lbnREQi9kYXRhYmFzZUFjY291bnRzL21vbmdvLWNvbnRpbnVvdXMtMTQ3NC9tb25nb2RiRGF0YWJhc2VzL1Rlc3REQjEvY29sbGVjdGlvbnMvVGVzdENvbGxlY3Rpb24xP2FwaS12ZXJzaW9uPTIwMjItMTEtMTUtcHJldmlldw==",
      "RequestMethod": "GET",
      "RequestHeaders": {
        "x-ms-client-request-id": [
          "366ea948-026b-438b-a3b7-e944a73fdd0f"
        ],
        "User-Agent": [
          "FxVersion/4.700.22.55902",
          "OSName/Windows",
          "OSVersion/Microsoft.Windows.10.0.22621",
          "Microsoft.Azure.Management.CosmosDB.CosmosDBManagementClient/3.9.1.1"
        ]
      },
      "RequestBody": "",
      "ResponseHeaders": {
        "Cache-Control": [
          "no-store, no-cache"
        ],
        "Pragma": [
          "no-cache"
        ],
        "Strict-Transport-Security": [
          "max-age=31536000; includeSubDomains"
        ],
        "x-ms-gatewayversion": [
          "version=2.14.0"
        ],
        "Server": [
          "Microsoft-HTTPAPI/2.0"
        ],
        "x-ms-ratelimit-remaining-subscription-reads": [
          "11979"
        ],
        "x-ms-request-id": [
          "fe6e6f7e-a78c-4304-85be-e7b1ed896d74"
        ],
        "x-ms-correlation-request-id": [
          "fe6e6f7e-a78c-4304-85be-e7b1ed896d74"
        ],
        "x-ms-routing-request-id": [
          "EASTUS2EUAP:20230411T135149Z:fe6e6f7e-a78c-4304-85be-e7b1ed896d74"
        ],
        "X-Content-Type-Options": [
          "nosniff"
        ],
        "Date": [
          "Tue, 11 Apr 2023 13:51:48 GMT"
        ],
        "Content-Length": [
          "446"
        ],
        "Content-Type": [
          "application/json"
        ]
      },
      "ResponseBody": "{\r\n  \"id\": \"/subscriptions/23587e98-b6ac-4328-a753-03bcd3c8e744/resourceGroups/CosmosDBResourceGroup75/providers/Microsoft.DocumentDB/databaseAccounts/mongo-continuous-1474/mongodbDatabases/TestDB1/collections/TestCollection1\",\r\n  \"type\": \"Microsoft.DocumentDB/databaseAccounts/mongodbDatabases/collections\",\r\n  \"name\": \"TestCollection1\",\r\n  \"properties\": {\r\n    \"resource\": {\r\n      \"id\": \"TestCollection1\",\r\n      \"shardKey\": {\r\n        \"shardKeyPath\": \"Hash\"\r\n      },\r\n      \"indexes\": [\r\n        {\r\n          \"key\": {\r\n            \"keys\": [\r\n              \"_id\"\r\n            ]\r\n          }\r\n        }\r\n      ]\r\n    }\r\n  }\r\n}",
      "StatusCode": 200
    },
    {
      "RequestUri": "/subscriptions/23587e98-b6ac-4328-a753-03bcd3c8e744/resourceGroups/CosmosDBResourceGroup75/providers/Microsoft.DocumentDB/databaseAccounts/mongo-continuous-1474/mongodbDatabases/TestDB1/collections/TestCollection1?api-version=2022-11-15-preview",
      "EncodedRequestUri": "L3N1YnNjcmlwdGlvbnMvMjM1ODdlOTgtYjZhYy00MzI4LWE3NTMtMDNiY2QzYzhlNzQ0L3Jlc291cmNlR3JvdXBzL0Nvc21vc0RCUmVzb3VyY2VHcm91cDc1L3Byb3ZpZGVycy9NaWNyb3NvZnQuRG9jdW1lbnREQi9kYXRhYmFzZUFjY291bnRzL21vbmdvLWNvbnRpbnVvdXMtMTQ3NC9tb25nb2RiRGF0YWJhc2VzL1Rlc3REQjEvY29sbGVjdGlvbnMvVGVzdENvbGxlY3Rpb24xP2FwaS12ZXJzaW9uPTIwMjItMTEtMTUtcHJldmlldw==",
      "RequestMethod": "PUT",
      "RequestHeaders": {
        "x-ms-client-request-id": [
          "366ea948-026b-438b-a3b7-e944a73fdd0f"
        ],
        "Accept-Language": [
          "en-US"
        ],
        "User-Agent": [
          "FxVersion/4.700.22.55902",
          "OSName/Windows",
          "OSVersion/Microsoft.Windows.10.0.22621",
          "Microsoft.Azure.Management.CosmosDB.CosmosDBManagementClient/3.9.1.1"
        ],
        "Content-Type": [
          "application/json; charset=utf-8"
        ],
        "Content-Length": [
          "199"
        ]
      },
      "RequestBody": "{\r\n  \"properties\": {\r\n    \"resource\": {\r\n      \"id\": \"TestCollection1\",\r\n      \"shardKey\": {\r\n        \"shardKeyPath\": \"Hash\"\r\n      }\r\n    },\r\n    \"options\": {\r\n      \"throughput\": 800\r\n    }\r\n  }\r\n}",
      "ResponseHeaders": {
        "Cache-Control": [
          "no-store, no-cache"
        ],
        "Pragma": [
          "no-cache"
        ],
        "Location": [
          "https://eastus2euap.management.azure.com/subscriptions/23587e98-b6ac-4328-a753-03bcd3c8e744/resourceGroups/CosmosDBResourceGroup75/providers/Microsoft.DocumentDB/databaseAccounts/mongo-continuous-1474/mongodbDatabases/TestDB1/collections/TestCollection1/operationResults/bdaae9db-132e-4684-b019-5fc67ce8d313?api-version=2022-11-15-preview"
        ],
        "Azure-AsyncOperation": [
          "https://eastus2euap.management.azure.com/subscriptions/23587e98-b6ac-4328-a753-03bcd3c8e744/providers/Microsoft.DocumentDB/locations/eastus/operationsStatus/bdaae9db-132e-4684-b019-5fc67ce8d313?api-version=2022-11-15-preview"
        ],
        "x-ms-request-id": [
          "bdaae9db-132e-4684-b019-5fc67ce8d313"
        ],
        "Strict-Transport-Security": [
          "max-age=31536000; includeSubDomains"
        ],
        "x-ms-gatewayversion": [
          "version=2.14.0"
        ],
        "Server": [
          "Microsoft-HTTPAPI/2.0"
        ],
        "x-ms-ratelimit-remaining-subscription-writes": [
          "1194"
        ],
        "x-ms-correlation-request-id": [
          "496ab92b-23f9-4f65-a2bf-78a9ce173061"
        ],
        "x-ms-routing-request-id": [
          "EASTUS2EUAP:20230411T135119Z:496ab92b-23f9-4f65-a2bf-78a9ce173061"
        ],
        "X-Content-Type-Options": [
          "nosniff"
        ],
        "Date": [
          "Tue, 11 Apr 2023 13:51:18 GMT"
        ],
        "Content-Length": [
          "21"
        ],
        "Content-Type": [
          "application/json"
        ]
      },
      "ResponseBody": "{\r\n  \"status\": \"Enqueued\"\r\n}",
      "StatusCode": 202
    },
    {
      "RequestUri": "/subscriptions/23587e98-b6ac-4328-a753-03bcd3c8e744/providers/Microsoft.DocumentDB/locations/eastus/operationsStatus/bdaae9db-132e-4684-b019-5fc67ce8d313?api-version=2022-11-15-preview",
      "EncodedRequestUri": "L3N1YnNjcmlwdGlvbnMvMjM1ODdlOTgtYjZhYy00MzI4LWE3NTMtMDNiY2QzYzhlNzQ0L3Byb3ZpZGVycy9NaWNyb3NvZnQuRG9jdW1lbnREQi9sb2NhdGlvbnMvZWFzdHVzL29wZXJhdGlvbnNTdGF0dXMvYmRhYWU5ZGItMTMyZS00Njg0LWIwMTktNWZjNjdjZThkMzEzP2FwaS12ZXJzaW9uPTIwMjItMTEtMTUtcHJldmlldw==",
      "RequestMethod": "GET",
      "RequestHeaders": {
        "x-ms-client-request-id": [
          "366ea948-026b-438b-a3b7-e944a73fdd0f"
        ],
        "User-Agent": [
          "FxVersion/4.700.22.55902",
          "OSName/Windows",
          "OSVersion/Microsoft.Windows.10.0.22621",
          "Microsoft.Azure.Management.CosmosDB.CosmosDBManagementClient/3.9.1.1"
        ]
      },
      "RequestBody": "",
      "ResponseHeaders": {
        "Cache-Control": [
          "no-store, no-cache"
        ],
        "Pragma": [
          "no-cache"
        ],
        "Strict-Transport-Security": [
          "max-age=31536000; includeSubDomains"
        ],
        "x-ms-gatewayversion": [
          "version=2.14.0"
        ],
        "Server": [
          "Microsoft-HTTPAPI/2.0"
        ],
        "x-ms-ratelimit-remaining-subscription-reads": [
          "11980"
        ],
        "x-ms-request-id": [
          "71ae31b7-265c-43e4-868e-2dd1db80099b"
        ],
        "x-ms-correlation-request-id": [
          "71ae31b7-265c-43e4-868e-2dd1db80099b"
        ],
        "x-ms-routing-request-id": [
          "EASTUS2EUAP:20230411T135149Z:71ae31b7-265c-43e4-868e-2dd1db80099b"
        ],
        "X-Content-Type-Options": [
          "nosniff"
        ],
        "Date": [
          "Tue, 11 Apr 2023 13:51:48 GMT"
        ],
        "Content-Length": [
          "22"
        ],
        "Content-Type": [
          "application/json"
        ]
      },
      "ResponseBody": "{\r\n  \"status\": \"Succeeded\"\r\n}",
      "StatusCode": 200
    },
    {
      "RequestUri": "/subscriptions/23587e98-b6ac-4328-a753-03bcd3c8e744/providers/Microsoft.DocumentDB/locations/East%20US/restorableDatabaseAccounts/21c67b74-2ecc-4dbf-9ab3-78e0b8ccbc8d/restorableMongodbDatabases?api-version=2022-11-15-preview",
      "EncodedRequestUri": "L3N1YnNjcmlwdGlvbnMvMjM1ODdlOTgtYjZhYy00MzI4LWE3NTMtMDNiY2QzYzhlNzQ0L3Byb3ZpZGVycy9NaWNyb3NvZnQuRG9jdW1lbnREQi9sb2NhdGlvbnMvRWFzdCUyMFVTL3Jlc3RvcmFibGVEYXRhYmFzZUFjY291bnRzLzIxYzY3Yjc0LTJlY2MtNGRiZi05YWIzLTc4ZTBiOGNjYmM4ZC9yZXN0b3JhYmxlTW9uZ29kYkRhdGFiYXNlcz9hcGktdmVyc2lvbj0yMDIyLTExLTE1LXByZXZpZXc=",
      "RequestMethod": "GET",
      "RequestHeaders": {
        "x-ms-client-request-id": [
          "c9c626b6-3b20-4866-ad74-e681d8daec68"
        ],
        "Accept-Language": [
          "en-US"
        ],
        "User-Agent": [
          "FxVersion/4.700.22.55902",
          "OSName/Windows",
          "OSVersion/Microsoft.Windows.10.0.22621",
          "Microsoft.Azure.Management.CosmosDB.CosmosDBManagementClient/3.9.1.1"
        ]
      },
      "RequestBody": "",
      "ResponseHeaders": {
        "Cache-Control": [
          "no-store, no-cache"
        ],
        "Pragma": [
          "no-cache"
        ],
        "Strict-Transport-Security": [
          "max-age=31536000; includeSubDomains"
        ],
        "x-ms-gatewayversion": [
          "version=2.14.0"
        ],
        "Server": [
          "Microsoft-HTTPAPI/2.0"
        ],
        "x-ms-ratelimit-remaining-subscription-reads": [
          "11987"
        ],
        "x-ms-request-id": [
          "b1edb090-22d0-4023-9cbd-04498f89125b"
        ],
        "x-ms-correlation-request-id": [
          "b1edb090-22d0-4023-9cbd-04498f89125b"
        ],
        "x-ms-routing-request-id": [
          "EASTUS2EUAP:20230411T135150Z:b1edb090-22d0-4023-9cbd-04498f89125b"
        ],
        "X-Content-Type-Options": [
          "nosniff"
        ],
        "Date": [
          "Tue, 11 Apr 2023 13:51:50 GMT"
        ],
        "Content-Length": [
          "579"
        ],
        "Content-Type": [
          "application/json"
        ]
      },
      "ResponseBody": "{\r\n  \"value\": [\r\n    {\r\n      \"id\": \"/subscriptions/23587e98-b6ac-4328-a753-03bcd3c8e744/providers/Microsoft.DocumentDB/locations/East%20US/restorableDatabaseAccounts/21c67b74-2ecc-4dbf-9ab3-78e0b8ccbc8d/restorableMongodbDatabases/dc39ac82-864c-4d6b-b178-19039f6b66aa\",\r\n      \"type\": \"Microsoft.DocumentDB/locations/restorableDatabaseAccounts/restorableMongodbDatabases\",\r\n      \"name\": \"dc39ac82-864c-4d6b-b178-19039f6b66aa\",\r\n      \"properties\": {\r\n        \"resource\": {\r\n          \"_rid\": \"WqkCYQAAAA==\",\r\n          \"eventTimestamp\": \"2023-04-11T13:50:52Z\",\r\n          \"ownerId\": \"TestDB1\",\r\n          \"ownerResourceId\": \"gw4QAA==\",\r\n          \"operationType\": \"Create\",\r\n          \"CanUndelete\": \"invalid\"\r\n        }\r\n      }\r\n    }\r\n  ]\r\n}",
      "StatusCode": 200
    },
    {
      "RequestUri": "/subscriptions/23587e98-b6ac-4328-a753-03bcd3c8e744/providers/Microsoft.DocumentDB/locations/East%20US/restorableDatabaseAccounts/21c67b74-2ecc-4dbf-9ab3-78e0b8ccbc8d/restorableMongodbCollections?api-version=2022-11-15-preview&restorableMongodbDatabaseRid=gw4QAA%3D%3D",
      "EncodedRequestUri": "L3N1YnNjcmlwdGlvbnMvMjM1ODdlOTgtYjZhYy00MzI4LWE3NTMtMDNiY2QzYzhlNzQ0L3Byb3ZpZGVycy9NaWNyb3NvZnQuRG9jdW1lbnREQi9sb2NhdGlvbnMvRWFzdCUyMFVTL3Jlc3RvcmFibGVEYXRhYmFzZUFjY291bnRzLzIxYzY3Yjc0LTJlY2MtNGRiZi05YWIzLTc4ZTBiOGNjYmM4ZC9yZXN0b3JhYmxlTW9uZ29kYkNvbGxlY3Rpb25zP2FwaS12ZXJzaW9uPTIwMjItMTEtMTUtcHJldmlldyZyZXN0b3JhYmxlTW9uZ29kYkRhdGFiYXNlUmlkPWd3NFFBQSUzRCUzRA==",
      "RequestMethod": "GET",
      "RequestHeaders": {
        "x-ms-client-request-id": [
          "0be0c420-e15d-4067-91a2-cba2e704df02"
        ],
        "Accept-Language": [
          "en-US"
        ],
        "User-Agent": [
          "FxVersion/4.700.22.55902",
          "OSName/Windows",
          "OSVersion/Microsoft.Windows.10.0.22621",
          "Microsoft.Azure.Management.CosmosDB.CosmosDBManagementClient/3.9.1.1"
        ]
      },
      "RequestBody": "",
      "ResponseHeaders": {
        "Cache-Control": [
          "no-store, no-cache"
        ],
        "Pragma": [
          "no-cache"
        ],
        "Strict-Transport-Security": [
          "max-age=31536000; includeSubDomains"
        ],
        "x-ms-gatewayversion": [
          "version=2.14.0"
        ],
        "Server": [
          "Microsoft-HTTPAPI/2.0"
        ],
        "x-ms-ratelimit-remaining-subscription-reads": [
          "11982"
        ],
        "x-ms-request-id": [
          "9cf569a7-d431-4c59-b20e-fbbf6cebeee1"
        ],
        "x-ms-correlation-request-id": [
          "9cf569a7-d431-4c59-b20e-fbbf6cebeee1"
        ],
        "x-ms-routing-request-id": [
          "EASTUS2EUAP:20230411T135151Z:9cf569a7-d431-4c59-b20e-fbbf6cebeee1"
        ],
        "X-Content-Type-Options": [
          "nosniff"
        ],
        "Date": [
          "Tue, 11 Apr 2023 13:51:51 GMT"
        ],
        "Content-Length": [
          "595"
        ],
        "Content-Type": [
          "application/json"
        ]
      },
      "ResponseBody": "{\r\n  \"value\": [\r\n    {\r\n      \"id\": \"/subscriptions/23587e98-b6ac-4328-a753-03bcd3c8e744/providers/Microsoft.DocumentDB/locations/East%20US/restorableDatabaseAccounts/21c67b74-2ecc-4dbf-9ab3-78e0b8ccbc8d/restorableMongodbCollections/54152c17-849e-4316-8ecb-ba0aa784549c\",\r\n      \"type\": \"Microsoft.DocumentDB/locations/restorableDatabaseAccounts/restorableMongodbCollections\",\r\n      \"name\": \"54152c17-849e-4316-8ecb-ba0aa784549c\",\r\n      \"properties\": {\r\n        \"resource\": {\r\n          \"_rid\": \"HJ7tZgAAAA==\",\r\n          \"eventTimestamp\": \"2023-04-11T13:51:24Z\",\r\n          \"ownerId\": \"TestCollection1\",\r\n          \"ownerResourceId\": \"gw4QAJDcJLw=\",\r\n          \"operationType\": \"Create\",\r\n          \"CanUndelete\": \"invalid\"\r\n        }\r\n      }\r\n    }\r\n  ]\r\n}",
      "StatusCode": 200
    },
    {
      "RequestUri": "/subscriptions/23587e98-b6ac-4328-a753-03bcd3c8e744/resourceGroups/CosmosDBResourceGroup75/providers/Microsoft.DocumentDB/databaseAccounts/mongo-continuous-1474-res?api-version=2022-11-15-preview",
      "EncodedRequestUri": "L3N1YnNjcmlwdGlvbnMvMjM1ODdlOTgtYjZhYy00MzI4LWE3NTMtMDNiY2QzYzhlNzQ0L3Jlc291cmNlR3JvdXBzL0Nvc21vc0RCUmVzb3VyY2VHcm91cDc1L3Byb3ZpZGVycy9NaWNyb3NvZnQuRG9jdW1lbnREQi9kYXRhYmFzZUFjY291bnRzL21vbmdvLWNvbnRpbnVvdXMtMTQ3NC1yZXM/YXBpLXZlcnNpb249MjAyMi0xMS0xNS1wcmV2aWV3",
      "RequestMethod": "GET",
      "RequestHeaders": {
        "x-ms-client-request-id": [
          "71bd9685-8086-47b8-8b78-85fcea0d2eb2"
        ],
        "Accept-Language": [
          "en-US"
        ],
        "User-Agent": [
          "FxVersion/4.700.22.55902",
          "OSName/Windows",
          "OSVersion/Microsoft.Windows.10.0.22621",
          "Microsoft.Azure.Management.CosmosDB.CosmosDBManagementClient/3.9.1.1"
        ]
      },
      "RequestBody": "",
      "ResponseHeaders": {
        "Cache-Control": [
          "no-cache"
        ],
        "Pragma": [
          "no-cache"
        ],
        "x-ms-failure-cause": [
          "gateway"
        ],
        "x-ms-request-id": [
          "89791b09-41c5-4d70-ac7a-f9e35a72d78f"
        ],
        "x-ms-correlation-request-id": [
          "89791b09-41c5-4d70-ac7a-f9e35a72d78f"
        ],
        "x-ms-routing-request-id": [
          "EASTUS2EUAP:20230411T135152Z:89791b09-41c5-4d70-ac7a-f9e35a72d78f"
        ],
        "Strict-Transport-Security": [
          "max-age=31536000; includeSubDomains"
        ],
        "X-Content-Type-Options": [
          "nosniff"
        ],
        "Date": [
          "Tue, 11 Apr 2023 13:51:51 GMT"
        ],
        "Content-Type": [
          "application/json; charset=utf-8"
        ],
        "Expires": [
          "-1"
        ],
        "Content-Length": [
          "258"
        ]
      },
      "ResponseBody": "{\r\n  \"error\": {\r\n    \"code\": \"ResourceNotFound\",\r\n    \"message\": \"The Resource 'Microsoft.DocumentDB/databaseAccounts/mongo-continuous-1474-res' under resource group 'CosmosDBResourceGroup75' was not found. For more details please go to https://aka.ms/ARMResourceNotFoundFix\"\r\n  }\r\n}",
      "StatusCode": 404
    },
    {
      "RequestUri": "/subscriptions/23587e98-b6ac-4328-a753-03bcd3c8e744/resourceGroups/CosmosDBResourceGroup75/providers/Microsoft.DocumentDB/databaseAccounts/mongo-continuous-1474-res?api-version=2022-11-15-preview",
      "EncodedRequestUri": "L3N1YnNjcmlwdGlvbnMvMjM1ODdlOTgtYjZhYy00MzI4LWE3NTMtMDNiY2QzYzhlNzQ0L3Jlc291cmNlR3JvdXBzL0Nvc21vc0RCUmVzb3VyY2VHcm91cDc1L3Byb3ZpZGVycy9NaWNyb3NvZnQuRG9jdW1lbnREQi9kYXRhYmFzZUFjY291bnRzL21vbmdvLWNvbnRpbnVvdXMtMTQ3NC1yZXM/YXBpLXZlcnNpb249MjAyMi0xMS0xNS1wcmV2aWV3",
      "RequestMethod": "GET",
      "RequestHeaders": {
        "x-ms-client-request-id": [
          "71bd9685-8086-47b8-8b78-85fcea0d2eb2"
        ],
        "User-Agent": [
          "FxVersion/4.700.22.55902",
          "OSName/Windows",
          "OSVersion/Microsoft.Windows.10.0.22621",
          "Microsoft.Azure.Management.CosmosDB.CosmosDBManagementClient/3.9.1.1"
        ]
      },
      "RequestBody": "",
      "ResponseHeaders": {
        "Cache-Control": [
          "no-store, no-cache"
        ],
        "Pragma": [
          "no-cache"
        ],
        "Strict-Transport-Security": [
          "max-age=31536000; includeSubDomains"
        ],
        "x-ms-gatewayversion": [
          "version=2.14.0"
        ],
        "Server": [
          "Microsoft-HTTPAPI/2.0"
        ],
        "x-ms-ratelimit-remaining-subscription-reads": [
          "11931"
        ],
        "x-ms-request-id": [
          "c32de57f-cf8c-4633-bad4-8fc78dbd660c"
        ],
        "x-ms-correlation-request-id": [
          "c32de57f-cf8c-4633-bad4-8fc78dbd660c"
        ],
        "x-ms-routing-request-id": [
          "EASTUS2EUAP:20230411T140529Z:c32de57f-cf8c-4633-bad4-8fc78dbd660c"
        ],
        "X-Content-Type-Options": [
          "nosniff"
        ],
        "Date": [
          "Tue, 11 Apr 2023 14:05:29 GMT"
        ],
        "Content-Length": [
          "3397"
        ],
        "Content-Type": [
          "application/json"
        ]
      },
      "ResponseBody": "{\r\n  \"id\": \"/subscriptions/23587e98-b6ac-4328-a753-03bcd3c8e744/resourceGroups/CosmosDBResourceGroup75/providers/Microsoft.DocumentDB/databaseAccounts/mongo-continuous-1474-res\",\r\n  \"name\": \"mongo-continuous-1474-res\",\r\n  \"location\": \"East US\",\r\n  \"type\": \"Microsoft.DocumentDB/databaseAccounts\",\r\n  \"kind\": \"MongoDB\",\r\n  \"tags\": {},\r\n  \"systemData\": {\r\n    \"createdAt\": \"2023-04-11T14:05:06.0313379Z\"\r\n  },\r\n  \"properties\": {\r\n    \"provisioningState\": \"Succeeded\",\r\n    \"documentEndpoint\": \"https://mongo-continuous-1474-res.documents.azure.com:443/\",\r\n    \"sqlEndpoint\": \"https://mongo-continuous-1474-res.documents.azure.com:443/\",\r\n    \"mongoEndpoint\": \"https://mongo-continuous-1474-res.mongo.cosmos.azure.com:443/\",\r\n    \"publicNetworkAccess\": \"Enabled\",\r\n    \"enableAutomaticFailover\": false,\r\n    \"enableMultipleWriteLocations\": false,\r\n    \"enablePartitionKeyMonitor\": false,\r\n    \"isVirtualNetworkFilterEnabled\": false,\r\n    \"virtualNetworkRules\": [],\r\n    \"EnabledApiTypes\": \"MongoDB\",\r\n    \"disableKeyBasedMetadataWriteAccess\": false,\r\n    \"enableFreeTier\": false,\r\n    \"enableAnalyticalStorage\": false,\r\n    \"analyticalStorageConfiguration\": {},\r\n    \"instanceId\": \"838a7784-a466-4b80-b8f1-b5082fe7c0ee\",\r\n    \"createMode\": \"Restore\",\r\n    \"databaseAccountOfferType\": \"Standard\",\r\n    \"enableMaterializedViews\": false,\r\n    \"defaultIdentity\": \"FirstPartyIdentity\",\r\n    \"networkAclBypass\": \"None\",\r\n    \"disableLocalAuth\": false,\r\n    \"enablePartitionMerge\": false,\r\n    \"enableBurstCapacity\": false,\r\n    \"minimalTlsVersion\": \"Tls\",\r\n    \"consistencyPolicy\": {\r\n      \"defaultConsistencyLevel\": \"Session\",\r\n      \"maxIntervalInSeconds\": 5,\r\n      \"maxStalenessPrefix\": 100\r\n    },\r\n    \"apiProperties\": {\r\n      \"serverVersion\": \"3.6\"\r\n    },\r\n    \"configurationOverrides\": {\r\n      \"EnableBsonSchema\": \"True\"\r\n    },\r\n    \"writeLocations\": [\r\n      {\r\n        \"id\": \"mongo-continuous-1474-res-eastus\",\r\n        \"locationName\": \"East US\",\r\n        \"documentEndpoint\": \"https://mongo-continuous-1474-res-eastus.documents.azure.com:443/\",\r\n        \"provisioningState\": \"Succeeded\",\r\n        \"failoverPriority\": 0,\r\n        \"isZoneRedundant\": false\r\n      }\r\n    ],\r\n    \"readLocations\": [\r\n      {\r\n        \"id\": \"mongo-continuous-1474-res-eastus\",\r\n        \"locationName\": \"East US\",\r\n        \"documentEndpoint\": \"https://mongo-continuous-1474-res-eastus.documents.azure.com:443/\",\r\n        \"provisioningState\": \"Succeeded\",\r\n        \"failoverPriority\": 0,\r\n        \"isZoneRedundant\": false\r\n      }\r\n    ],\r\n    \"locations\": [\r\n      {\r\n        \"id\": \"mongo-continuous-1474-res-eastus\",\r\n        \"locationName\": \"East US\",\r\n        \"documentEndpoint\": \"https://mongo-continuous-1474-res-eastus.documents.azure.com:443/\",\r\n        \"provisioningState\": \"Succeeded\",\r\n        \"failoverPriority\": 0,\r\n        \"isZoneRedundant\": false\r\n      }\r\n    ],\r\n    \"failoverPolicies\": [\r\n      {\r\n        \"id\": \"mongo-continuous-1474-res-eastus\",\r\n        \"locationName\": \"East US\",\r\n        \"failoverPriority\": 0\r\n      }\r\n    ],\r\n    \"cors\": [],\r\n    \"capabilities\": [\r\n      {\r\n        \"name\": \"EnableMongo\"\r\n      }\r\n    ],\r\n    \"ipRules\": [],\r\n    \"backupPolicy\": {\r\n      \"type\": \"Continuous\",\r\n      \"continuousModeProperties\": {\r\n        \"tier\": \"Continuous30Days\"\r\n      }\r\n    },\r\n    \"restoreParameters\": {\r\n      \"restoreMode\": \"PointInTime\",\r\n      \"restoreSource\": \"/subscriptions/23587e98-b6ac-4328-a753-03bcd3c8e744/providers/Microsoft.DocumentDB/locations/eastus/restorableDatabaseAccounts/21c67b74-2ecc-4dbf-9ab3-78e0b8ccbc8d\",\r\n      \"restoreTimestampInUtc\": \"2023-04-11T13:51:51Z\",\r\n      \"sourceBackupLocation\": \"East US\",\r\n      \"databasesToRestore\": [\r\n        {\r\n          \"databaseName\": \"TestDB1\",\r\n          \"collectionNames\": [\r\n            \"TestCollection1\"\r\n          ]\r\n        }\r\n      ]\r\n    },\r\n    \"networkAclBypassResourceIds\": [],\r\n    \"diagnosticLogSettings\": {\r\n      \"enableFullTextQuery\": \"None\"\r\n    },\r\n    \"capacity\": {\r\n      \"totalThroughputLimit\": -1\r\n    },\r\n    \"keysMetadata\": {\r\n      \"primaryMasterKey\": {\r\n        \"generationTime\": \"2023-04-11T14:05:06.0313379Z\"\r\n      },\r\n      \"secondaryMasterKey\": {\r\n        \"generationTime\": \"2023-04-11T14:05:06.0313379Z\"\r\n      },\r\n      \"primaryReadonlyMasterKey\": {\r\n        \"generationTime\": \"2023-04-11T14:05:06.0313379Z\"\r\n      },\r\n      \"secondaryReadonlyMasterKey\": {\r\n        \"generationTime\": \"2023-04-11T14:05:06.0313379Z\"\r\n      }\r\n    }\r\n  },\r\n  \"identity\": {\r\n    \"type\": \"None\"\r\n  }\r\n}",
      "StatusCode": 200
    },
    {
      "RequestUri": "/subscriptions/23587e98-b6ac-4328-a753-03bcd3c8e744/resourceGroups/CosmosDBResourceGroup75/providers/Microsoft.DocumentDB/databaseAccounts/mongo-continuous-1474-res?api-version=2022-11-15-preview",
      "EncodedRequestUri": "L3N1YnNjcmlwdGlvbnMvMjM1ODdlOTgtYjZhYy00MzI4LWE3NTMtMDNiY2QzYzhlNzQ0L3Jlc291cmNlR3JvdXBzL0Nvc21vc0RCUmVzb3VyY2VHcm91cDc1L3Byb3ZpZGVycy9NaWNyb3NvZnQuRG9jdW1lbnREQi9kYXRhYmFzZUFjY291bnRzL21vbmdvLWNvbnRpbnVvdXMtMTQ3NC1yZXM/YXBpLXZlcnNpb249MjAyMi0xMS0xNS1wcmV2aWV3",
      "RequestMethod": "PUT",
      "RequestHeaders": {
        "x-ms-client-request-id": [
          "71bd9685-8086-47b8-8b78-85fcea0d2eb2"
        ],
        "Accept-Language": [
          "en-US"
        ],
        "User-Agent": [
          "FxVersion/4.700.22.55902",
          "OSName/Windows",
          "OSVersion/Microsoft.Windows.10.0.22621",
          "Microsoft.Azure.Management.CosmosDB.CosmosDBManagementClient/3.9.1.1"
        ],
        "Content-Type": [
          "application/json; charset=utf-8"
        ],
        "Content-Length": [
          "1113"
        ]
      },
      "RequestBody": "{\r\n  \"kind\": \"GlobalDocumentDB\",\r\n  \"properties\": {\r\n    \"consistencyPolicy\": {\r\n      \"defaultConsistencyLevel\": \"Session\"\r\n    },\r\n    \"locations\": [\r\n      {\r\n        \"locationName\": \"East US\",\r\n        \"failoverPriority\": 0\r\n      }\r\n    ],\r\n    \"isVirtualNetworkFilterEnabled\": false,\r\n    \"enableAutomaticFailover\": false,\r\n    \"virtualNetworkRules\": [],\r\n    \"enableMultipleWriteLocations\": false,\r\n    \"disableKeyBasedMetadataWriteAccess\": false,\r\n    \"createMode\": \"Restore\",\r\n    \"networkAclBypassResourceIds\": [],\r\n    \"restoreParameters\": {\r\n      \"restoreMode\": \"PointInTime\",\r\n      \"databasesToRestore\": [\r\n        {\r\n          \"databaseName\": \"TestDB1\",\r\n          \"collectionNames\": [\r\n            \"TestCollection1\"\r\n          ]\r\n        }\r\n      ],\r\n      \"restoreSource\": \"/subscriptions/23587e98-b6ac-4328-a753-03bcd3c8e744/providers/Microsoft.DocumentDB/locations/eastus/restorableDatabaseAccounts/21c67b74-2ecc-4dbf-9ab3-78e0b8ccbc8d\",\r\n      \"restoreTimestampInUtc\": \"2023-04-11T13:51:51Z\"\r\n    },\r\n    \"databaseAccountOfferType\": \"Standard\"\r\n  },\r\n  \"location\": \"East US\",\r\n  \"tags\": {}\r\n}",
      "ResponseHeaders": {
        "Cache-Control": [
          "no-store, no-cache"
        ],
        "Pragma": [
          "no-cache"
        ],
        "Location": [
          "https://eastus2euap.management.azure.com/subscriptions/23587e98-b6ac-4328-a753-03bcd3c8e744/resourceGroups/CosmosDBResourceGroup75/providers/Microsoft.DocumentDB/databaseAccounts/mongo-continuous-1474-res/operationResults/5735b202-188d-438d-9737-acc638e31ea9?api-version=2022-11-15-preview"
        ],
        "x-ms-request-id": [
          "5735b202-188d-438d-9737-acc638e31ea9"
        ],
        "Azure-AsyncOperation": [
          "https://eastus2euap.management.azure.com/subscriptions/23587e98-b6ac-4328-a753-03bcd3c8e744/providers/Microsoft.DocumentDB/locations/eastus/operationsStatus/5735b202-188d-438d-9737-acc638e31ea9?api-version=2022-11-15-preview"
        ],
        "Strict-Transport-Security": [
          "max-age=31536000; includeSubDomains"
        ],
        "x-ms-gatewayversion": [
          "version=2.14.0"
        ],
        "Server": [
          "Microsoft-HTTPAPI/2.0"
        ],
        "x-ms-ratelimit-remaining-subscription-writes": [
          "1192"
        ],
        "x-ms-correlation-request-id": [
          "bcaa56c2-2c8e-40cc-8a9c-a3ec39886649"
        ],
        "x-ms-routing-request-id": [
          "EASTUS2EUAP:20230411T135155Z:bcaa56c2-2c8e-40cc-8a9c-a3ec39886649"
        ],
        "X-Content-Type-Options": [
          "nosniff"
        ],
        "Date": [
          "Tue, 11 Apr 2023 13:51:55 GMT"
        ],
        "Content-Length": [
          "3146"
        ],
        "Content-Type": [
          "application/json"
        ]
      },
      "ResponseBody": "{\r\n  \"id\": \"/subscriptions/23587e98-b6ac-4328-a753-03bcd3c8e744/resourceGroups/CosmosDBResourceGroup75/providers/Microsoft.DocumentDB/databaseAccounts/mongo-continuous-1474-res\",\r\n  \"name\": \"mongo-continuous-1474-res\",\r\n  \"location\": \"East US\",\r\n  \"type\": \"Microsoft.DocumentDB/databaseAccounts\",\r\n  \"kind\": \"MongoDB\",\r\n  \"tags\": {},\r\n  \"systemData\": {\r\n    \"createdAt\": \"2023-04-11T13:51:53.6630715Z\"\r\n  },\r\n  \"properties\": {\r\n    \"provisioningState\": \"Creating\",\r\n    \"publicNetworkAccess\": \"Enabled\",\r\n    \"enableAutomaticFailover\": false,\r\n    \"enableMultipleWriteLocations\": false,\r\n    \"enablePartitionKeyMonitor\": false,\r\n    \"isVirtualNetworkFilterEnabled\": false,\r\n    \"virtualNetworkRules\": [],\r\n    \"EnabledApiTypes\": \"MongoDB\",\r\n    \"disableKeyBasedMetadataWriteAccess\": false,\r\n    \"enableFreeTier\": false,\r\n    \"enableAnalyticalStorage\": false,\r\n    \"analyticalStorageConfiguration\": {},\r\n    \"instanceId\": \"838a7784-a466-4b80-b8f1-b5082fe7c0ee\",\r\n    \"createMode\": \"Restore\",\r\n    \"databaseAccountOfferType\": \"Standard\",\r\n    \"enableMaterializedViews\": false,\r\n    \"defaultIdentity\": \"FirstPartyIdentity\",\r\n    \"networkAclBypass\": \"None\",\r\n    \"disableLocalAuth\": false,\r\n    \"enablePartitionMerge\": false,\r\n    \"enableBurstCapacity\": false,\r\n    \"minimalTlsVersion\": \"Tls\",\r\n    \"consistencyPolicy\": {\r\n      \"defaultConsistencyLevel\": \"Session\",\r\n      \"maxIntervalInSeconds\": 5,\r\n      \"maxStalenessPrefix\": 100\r\n    },\r\n    \"apiProperties\": {\r\n      \"serverVersion\": \"3.6\"\r\n    },\r\n    \"configurationOverrides\": {\r\n      \"EnableBsonSchema\": \"True\"\r\n    },\r\n    \"writeLocations\": [\r\n      {\r\n        \"id\": \"mongo-continuous-1474-res-eastus\",\r\n        \"locationName\": \"East US\",\r\n        \"documentEndpoint\": \"https://mongo-continuous-1474-eastus.documents.azure.com:443/\",\r\n        \"provisioningState\": \"Creating\",\r\n        \"failoverPriority\": 0,\r\n        \"isZoneRedundant\": false\r\n      }\r\n    ],\r\n    \"readLocations\": [\r\n      {\r\n        \"id\": \"mongo-continuous-1474-res-eastus\",\r\n        \"locationName\": \"East US\",\r\n        \"documentEndpoint\": \"https://mongo-continuous-1474-eastus.documents.azure.com:443/\",\r\n        \"provisioningState\": \"Creating\",\r\n        \"failoverPriority\": 0,\r\n        \"isZoneRedundant\": false\r\n      }\r\n    ],\r\n    \"locations\": [\r\n      {\r\n        \"id\": \"mongo-continuous-1474-res-eastus\",\r\n        \"locationName\": \"East US\",\r\n        \"documentEndpoint\": \"https://mongo-continuous-1474-eastus.documents.azure.com:443/\",\r\n        \"provisioningState\": \"Creating\",\r\n        \"failoverPriority\": 0,\r\n        \"isZoneRedundant\": false\r\n      }\r\n    ],\r\n    \"failoverPolicies\": [\r\n      {\r\n        \"id\": \"mongo-continuous-1474-res-eastus\",\r\n        \"locationName\": \"East US\",\r\n        \"failoverPriority\": 0\r\n      }\r\n    ],\r\n    \"cors\": [],\r\n    \"capabilities\": [\r\n      {\r\n        \"name\": \"EnableMongo\"\r\n      }\r\n    ],\r\n    \"ipRules\": [],\r\n    \"backupPolicy\": {\r\n      \"type\": \"Continuous\",\r\n      \"continuousModeProperties\": {\r\n        \"tier\": \"Continuous30Days\"\r\n      }\r\n    },\r\n    \"restoreParameters\": {\r\n      \"restoreMode\": \"PointInTime\",\r\n      \"restoreSource\": \"/subscriptions/23587e98-b6ac-4328-a753-03bcd3c8e744/providers/Microsoft.DocumentDB/locations/eastus/restorableDatabaseAccounts/21c67b74-2ecc-4dbf-9ab3-78e0b8ccbc8d\",\r\n      \"restoreTimestampInUtc\": \"2023-04-11T13:51:51Z\",\r\n      \"sourceBackupLocation\": \"East US\",\r\n      \"databasesToRestore\": [\r\n        {\r\n          \"databaseName\": \"TestDB1\",\r\n          \"collectionNames\": [\r\n            \"TestCollection1\"\r\n          ]\r\n        }\r\n      ]\r\n    },\r\n    \"networkAclBypassResourceIds\": [],\r\n    \"diagnosticLogSettings\": {\r\n      \"enableFullTextQuery\": \"None\"\r\n    },\r\n    \"capacity\": {\r\n      \"totalThroughputLimit\": -1\r\n    },\r\n    \"keysMetadata\": {\r\n      \"primaryMasterKey\": {\r\n        \"generationTime\": \"2023-04-11T13:51:53.6630715Z\"\r\n      },\r\n      \"secondaryMasterKey\": {\r\n        \"generationTime\": \"2023-04-11T13:51:53.6630715Z\"\r\n      },\r\n      \"primaryReadonlyMasterKey\": {\r\n        \"generationTime\": \"2023-04-11T13:51:53.6630715Z\"\r\n      },\r\n      \"secondaryReadonlyMasterKey\": {\r\n        \"generationTime\": \"2023-04-11T13:51:53.6630715Z\"\r\n      }\r\n    }\r\n  },\r\n  \"identity\": {\r\n    \"type\": \"None\"\r\n  }\r\n}",
      "StatusCode": 200
    },
    {
      "RequestUri": "/subscriptions/23587e98-b6ac-4328-a753-03bcd3c8e744/providers/Microsoft.DocumentDB/locations/eastus/operationsStatus/5735b202-188d-438d-9737-acc638e31ea9?api-version=2022-11-15-preview",
      "EncodedRequestUri": "L3N1YnNjcmlwdGlvbnMvMjM1ODdlOTgtYjZhYy00MzI4LWE3NTMtMDNiY2QzYzhlNzQ0L3Byb3ZpZGVycy9NaWNyb3NvZnQuRG9jdW1lbnREQi9sb2NhdGlvbnMvZWFzdHVzL29wZXJhdGlvbnNTdGF0dXMvNTczNWIyMDItMTg4ZC00MzhkLTk3MzctYWNjNjM4ZTMxZWE5P2FwaS12ZXJzaW9uPTIwMjItMTEtMTUtcHJldmlldw==",
      "RequestMethod": "GET",
      "RequestHeaders": {
        "x-ms-client-request-id": [
          "71bd9685-8086-47b8-8b78-85fcea0d2eb2"
        ],
        "User-Agent": [
          "FxVersion/4.700.22.55902",
          "OSName/Windows",
          "OSVersion/Microsoft.Windows.10.0.22621",
          "Microsoft.Azure.Management.CosmosDB.CosmosDBManagementClient/3.9.1.1"
        ]
      },
      "RequestBody": "",
      "ResponseHeaders": {
        "Cache-Control": [
          "no-store, no-cache"
        ],
        "Pragma": [
          "no-cache"
        ],
        "Strict-Transport-Security": [
          "max-age=31536000; includeSubDomains"
        ],
        "x-ms-gatewayversion": [
          "version=2.14.0"
        ],
        "Server": [
          "Microsoft-HTTPAPI/2.0"
        ],
        "x-ms-ratelimit-remaining-subscription-reads": [
          "11956"
        ],
        "x-ms-request-id": [
          "ce4e7ea7-4dd6-4c00-9e17-d3d76ab99475"
        ],
        "x-ms-correlation-request-id": [
          "ce4e7ea7-4dd6-4c00-9e17-d3d76ab99475"
        ],
        "x-ms-routing-request-id": [
          "EASTUS2EUAP:20230411T135225Z:ce4e7ea7-4dd6-4c00-9e17-d3d76ab99475"
        ],
        "X-Content-Type-Options": [
          "nosniff"
        ],
        "Date": [
          "Tue, 11 Apr 2023 13:52:25 GMT"
        ],
        "Content-Length": [
          "21"
        ],
        "Content-Type": [
          "application/json"
        ]
      },
      "ResponseBody": "{\r\n  \"status\": \"Dequeued\"\r\n}",
      "StatusCode": 200
    },
    {
      "RequestUri": "/subscriptions/23587e98-b6ac-4328-a753-03bcd3c8e744/providers/Microsoft.DocumentDB/locations/eastus/operationsStatus/5735b202-188d-438d-9737-acc638e31ea9?api-version=2022-11-15-preview",
      "EncodedRequestUri": "L3N1YnNjcmlwdGlvbnMvMjM1ODdlOTgtYjZhYy00MzI4LWE3NTMtMDNiY2QzYzhlNzQ0L3Byb3ZpZGVycy9NaWNyb3NvZnQuRG9jdW1lbnREQi9sb2NhdGlvbnMvZWFzdHVzL29wZXJhdGlvbnNTdGF0dXMvNTczNWIyMDItMTg4ZC00MzhkLTk3MzctYWNjNjM4ZTMxZWE5P2FwaS12ZXJzaW9uPTIwMjItMTEtMTUtcHJldmlldw==",
      "RequestMethod": "GET",
      "RequestHeaders": {
        "x-ms-client-request-id": [
          "71bd9685-8086-47b8-8b78-85fcea0d2eb2"
        ],
        "User-Agent": [
          "FxVersion/4.700.22.55902",
          "OSName/Windows",
          "OSVersion/Microsoft.Windows.10.0.22621",
          "Microsoft.Azure.Management.CosmosDB.CosmosDBManagementClient/3.9.1.1"
        ]
      },
      "RequestBody": "",
      "ResponseHeaders": {
        "Cache-Control": [
          "no-store, no-cache"
        ],
        "Pragma": [
          "no-cache"
        ],
        "Strict-Transport-Security": [
          "max-age=31536000; includeSubDomains"
        ],
        "x-ms-gatewayversion": [
          "version=2.14.0"
        ],
        "Server": [
          "Microsoft-HTTPAPI/2.0"
        ],
        "x-ms-ratelimit-remaining-subscription-reads": [
          "11955"
        ],
        "x-ms-request-id": [
          "387e81b2-4485-44c9-abd2-6458d514b578"
        ],
        "x-ms-correlation-request-id": [
          "387e81b2-4485-44c9-abd2-6458d514b578"
        ],
        "x-ms-routing-request-id": [
          "EASTUS2EUAP:20230411T135256Z:387e81b2-4485-44c9-abd2-6458d514b578"
        ],
        "X-Content-Type-Options": [
          "nosniff"
        ],
        "Date": [
          "Tue, 11 Apr 2023 13:52:56 GMT"
        ],
        "Content-Length": [
          "21"
        ],
        "Content-Type": [
          "application/json"
        ]
      },
      "ResponseBody": "{\r\n  \"status\": \"Dequeued\"\r\n}",
      "StatusCode": 200
    },
    {
      "RequestUri": "/subscriptions/23587e98-b6ac-4328-a753-03bcd3c8e744/providers/Microsoft.DocumentDB/locations/eastus/operationsStatus/5735b202-188d-438d-9737-acc638e31ea9?api-version=2022-11-15-preview",
      "EncodedRequestUri": "L3N1YnNjcmlwdGlvbnMvMjM1ODdlOTgtYjZhYy00MzI4LWE3NTMtMDNiY2QzYzhlNzQ0L3Byb3ZpZGVycy9NaWNyb3NvZnQuRG9jdW1lbnREQi9sb2NhdGlvbnMvZWFzdHVzL29wZXJhdGlvbnNTdGF0dXMvNTczNWIyMDItMTg4ZC00MzhkLTk3MzctYWNjNjM4ZTMxZWE5P2FwaS12ZXJzaW9uPTIwMjItMTEtMTUtcHJldmlldw==",
      "RequestMethod": "GET",
      "RequestHeaders": {
        "x-ms-client-request-id": [
          "71bd9685-8086-47b8-8b78-85fcea0d2eb2"
        ],
        "User-Agent": [
          "FxVersion/4.700.22.55902",
          "OSName/Windows",
          "OSVersion/Microsoft.Windows.10.0.22621",
          "Microsoft.Azure.Management.CosmosDB.CosmosDBManagementClient/3.9.1.1"
        ]
      },
      "RequestBody": "",
      "ResponseHeaders": {
        "Cache-Control": [
          "no-store, no-cache"
        ],
        "Pragma": [
          "no-cache"
        ],
        "Strict-Transport-Security": [
          "max-age=31536000; includeSubDomains"
        ],
        "x-ms-gatewayversion": [
          "version=2.14.0"
        ],
        "Server": [
          "Microsoft-HTTPAPI/2.0"
        ],
        "x-ms-ratelimit-remaining-subscription-reads": [
          "11954"
        ],
        "x-ms-request-id": [
          "6767e21d-835a-4d89-986f-347c3c7f763a"
        ],
        "x-ms-correlation-request-id": [
          "6767e21d-835a-4d89-986f-347c3c7f763a"
        ],
        "x-ms-routing-request-id": [
          "EASTUS2EUAP:20230411T135326Z:6767e21d-835a-4d89-986f-347c3c7f763a"
        ],
        "X-Content-Type-Options": [
          "nosniff"
        ],
        "Date": [
          "Tue, 11 Apr 2023 13:53:25 GMT"
        ],
        "Content-Length": [
          "21"
        ],
        "Content-Type": [
          "application/json"
        ]
      },
      "ResponseBody": "{\r\n  \"status\": \"Dequeued\"\r\n}",
      "StatusCode": 200
    },
    {
      "RequestUri": "/subscriptions/23587e98-b6ac-4328-a753-03bcd3c8e744/providers/Microsoft.DocumentDB/locations/eastus/operationsStatus/5735b202-188d-438d-9737-acc638e31ea9?api-version=2022-11-15-preview",
      "EncodedRequestUri": "L3N1YnNjcmlwdGlvbnMvMjM1ODdlOTgtYjZhYy00MzI4LWE3NTMtMDNiY2QzYzhlNzQ0L3Byb3ZpZGVycy9NaWNyb3NvZnQuRG9jdW1lbnREQi9sb2NhdGlvbnMvZWFzdHVzL29wZXJhdGlvbnNTdGF0dXMvNTczNWIyMDItMTg4ZC00MzhkLTk3MzctYWNjNjM4ZTMxZWE5P2FwaS12ZXJzaW9uPTIwMjItMTEtMTUtcHJldmlldw==",
      "RequestMethod": "GET",
      "RequestHeaders": {
        "x-ms-client-request-id": [
          "71bd9685-8086-47b8-8b78-85fcea0d2eb2"
        ],
        "User-Agent": [
          "FxVersion/4.700.22.55902",
          "OSName/Windows",
          "OSVersion/Microsoft.Windows.10.0.22621",
          "Microsoft.Azure.Management.CosmosDB.CosmosDBManagementClient/3.9.1.1"
        ]
      },
      "RequestBody": "",
      "ResponseHeaders": {
        "Cache-Control": [
          "no-store, no-cache"
        ],
        "Pragma": [
          "no-cache"
        ],
        "Strict-Transport-Security": [
          "max-age=31536000; includeSubDomains"
        ],
        "x-ms-gatewayversion": [
          "version=2.14.0"
        ],
        "Server": [
          "Microsoft-HTTPAPI/2.0"
        ],
        "x-ms-ratelimit-remaining-subscription-reads": [
          "11953"
        ],
        "x-ms-request-id": [
          "8db71ced-86de-4024-a32a-93843a8d7745"
        ],
        "x-ms-correlation-request-id": [
          "8db71ced-86de-4024-a32a-93843a8d7745"
        ],
        "x-ms-routing-request-id": [
          "EASTUS2EUAP:20230411T135356Z:8db71ced-86de-4024-a32a-93843a8d7745"
        ],
        "X-Content-Type-Options": [
          "nosniff"
        ],
        "Date": [
          "Tue, 11 Apr 2023 13:53:56 GMT"
        ],
        "Content-Length": [
          "21"
        ],
        "Content-Type": [
          "application/json"
        ]
      },
      "ResponseBody": "{\r\n  \"status\": \"Dequeued\"\r\n}",
      "StatusCode": 200
    },
    {
      "RequestUri": "/subscriptions/23587e98-b6ac-4328-a753-03bcd3c8e744/providers/Microsoft.DocumentDB/locations/eastus/operationsStatus/5735b202-188d-438d-9737-acc638e31ea9?api-version=2022-11-15-preview",
      "EncodedRequestUri": "L3N1YnNjcmlwdGlvbnMvMjM1ODdlOTgtYjZhYy00MzI4LWE3NTMtMDNiY2QzYzhlNzQ0L3Byb3ZpZGVycy9NaWNyb3NvZnQuRG9jdW1lbnREQi9sb2NhdGlvbnMvZWFzdHVzL29wZXJhdGlvbnNTdGF0dXMvNTczNWIyMDItMTg4ZC00MzhkLTk3MzctYWNjNjM4ZTMxZWE5P2FwaS12ZXJzaW9uPTIwMjItMTEtMTUtcHJldmlldw==",
      "RequestMethod": "GET",
      "RequestHeaders": {
        "x-ms-client-request-id": [
          "71bd9685-8086-47b8-8b78-85fcea0d2eb2"
        ],
        "User-Agent": [
          "FxVersion/4.700.22.55902",
          "OSName/Windows",
          "OSVersion/Microsoft.Windows.10.0.22621",
          "Microsoft.Azure.Management.CosmosDB.CosmosDBManagementClient/3.9.1.1"
        ]
      },
      "RequestBody": "",
      "ResponseHeaders": {
        "Cache-Control": [
          "no-store, no-cache"
        ],
        "Pragma": [
          "no-cache"
        ],
        "Strict-Transport-Security": [
          "max-age=31536000; includeSubDomains"
        ],
        "x-ms-gatewayversion": [
          "version=2.14.0"
        ],
        "Server": [
          "Microsoft-HTTPAPI/2.0"
        ],
        "x-ms-ratelimit-remaining-subscription-reads": [
          "11952"
        ],
        "x-ms-request-id": [
          "d7998542-5128-4425-bb45-b666a546e789"
        ],
        "x-ms-correlation-request-id": [
          "d7998542-5128-4425-bb45-b666a546e789"
        ],
        "x-ms-routing-request-id": [
          "EASTUS2EUAP:20230411T135426Z:d7998542-5128-4425-bb45-b666a546e789"
        ],
        "X-Content-Type-Options": [
          "nosniff"
        ],
        "Date": [
          "Tue, 11 Apr 2023 13:54:25 GMT"
        ],
        "Content-Length": [
          "21"
        ],
        "Content-Type": [
          "application/json"
        ]
      },
      "ResponseBody": "{\r\n  \"status\": \"Dequeued\"\r\n}",
      "StatusCode": 200
    },
    {
      "RequestUri": "/subscriptions/23587e98-b6ac-4328-a753-03bcd3c8e744/providers/Microsoft.DocumentDB/locations/eastus/operationsStatus/5735b202-188d-438d-9737-acc638e31ea9?api-version=2022-11-15-preview",
      "EncodedRequestUri": "L3N1YnNjcmlwdGlvbnMvMjM1ODdlOTgtYjZhYy00MzI4LWE3NTMtMDNiY2QzYzhlNzQ0L3Byb3ZpZGVycy9NaWNyb3NvZnQuRG9jdW1lbnREQi9sb2NhdGlvbnMvZWFzdHVzL29wZXJhdGlvbnNTdGF0dXMvNTczNWIyMDItMTg4ZC00MzhkLTk3MzctYWNjNjM4ZTMxZWE5P2FwaS12ZXJzaW9uPTIwMjItMTEtMTUtcHJldmlldw==",
      "RequestMethod": "GET",
      "RequestHeaders": {
        "x-ms-client-request-id": [
          "71bd9685-8086-47b8-8b78-85fcea0d2eb2"
        ],
        "User-Agent": [
          "FxVersion/4.700.22.55902",
          "OSName/Windows",
          "OSVersion/Microsoft.Windows.10.0.22621",
          "Microsoft.Azure.Management.CosmosDB.CosmosDBManagementClient/3.9.1.1"
        ]
      },
      "RequestBody": "",
      "ResponseHeaders": {
        "Cache-Control": [
          "no-store, no-cache"
        ],
        "Pragma": [
          "no-cache"
        ],
        "Strict-Transport-Security": [
          "max-age=31536000; includeSubDomains"
        ],
        "x-ms-gatewayversion": [
          "version=2.14.0"
        ],
        "Server": [
          "Microsoft-HTTPAPI/2.0"
        ],
        "x-ms-ratelimit-remaining-subscription-reads": [
          "11951"
        ],
        "x-ms-request-id": [
          "ebba1c4a-f953-4987-93bf-fe03cb33a41f"
        ],
        "x-ms-correlation-request-id": [
          "ebba1c4a-f953-4987-93bf-fe03cb33a41f"
        ],
        "x-ms-routing-request-id": [
          "EASTUS2EUAP:20230411T135456Z:ebba1c4a-f953-4987-93bf-fe03cb33a41f"
        ],
        "X-Content-Type-Options": [
          "nosniff"
        ],
        "Date": [
          "Tue, 11 Apr 2023 13:54:55 GMT"
        ],
        "Content-Length": [
          "21"
        ],
        "Content-Type": [
          "application/json"
        ]
      },
      "ResponseBody": "{\r\n  \"status\": \"Dequeued\"\r\n}",
      "StatusCode": 200
    },
    {
      "RequestUri": "/subscriptions/23587e98-b6ac-4328-a753-03bcd3c8e744/providers/Microsoft.DocumentDB/locations/eastus/operationsStatus/5735b202-188d-438d-9737-acc638e31ea9?api-version=2022-11-15-preview",
      "EncodedRequestUri": "L3N1YnNjcmlwdGlvbnMvMjM1ODdlOTgtYjZhYy00MzI4LWE3NTMtMDNiY2QzYzhlNzQ0L3Byb3ZpZGVycy9NaWNyb3NvZnQuRG9jdW1lbnREQi9sb2NhdGlvbnMvZWFzdHVzL29wZXJhdGlvbnNTdGF0dXMvNTczNWIyMDItMTg4ZC00MzhkLTk3MzctYWNjNjM4ZTMxZWE5P2FwaS12ZXJzaW9uPTIwMjItMTEtMTUtcHJldmlldw==",
      "RequestMethod": "GET",
      "RequestHeaders": {
        "x-ms-client-request-id": [
          "71bd9685-8086-47b8-8b78-85fcea0d2eb2"
        ],
        "User-Agent": [
          "FxVersion/4.700.22.55902",
          "OSName/Windows",
          "OSVersion/Microsoft.Windows.10.0.22621",
          "Microsoft.Azure.Management.CosmosDB.CosmosDBManagementClient/3.9.1.1"
        ]
      },
      "RequestBody": "",
      "ResponseHeaders": {
        "Cache-Control": [
          "no-store, no-cache"
        ],
        "Pragma": [
          "no-cache"
        ],
        "Strict-Transport-Security": [
          "max-age=31536000; includeSubDomains"
        ],
        "x-ms-gatewayversion": [
          "version=2.14.0"
        ],
        "Server": [
          "Microsoft-HTTPAPI/2.0"
        ],
        "x-ms-ratelimit-remaining-subscription-reads": [
          "11950"
        ],
        "x-ms-request-id": [
          "499ca28a-f9c9-43bd-9fbd-83f22d2ef9e2"
        ],
        "x-ms-correlation-request-id": [
          "499ca28a-f9c9-43bd-9fbd-83f22d2ef9e2"
        ],
        "x-ms-routing-request-id": [
          "EASTUS2EUAP:20230411T135526Z:499ca28a-f9c9-43bd-9fbd-83f22d2ef9e2"
        ],
        "X-Content-Type-Options": [
          "nosniff"
        ],
        "Date": [
          "Tue, 11 Apr 2023 13:55:26 GMT"
        ],
        "Content-Length": [
          "21"
        ],
        "Content-Type": [
          "application/json"
        ]
      },
      "ResponseBody": "{\r\n  \"status\": \"Dequeued\"\r\n}",
      "StatusCode": 200
    },
    {
      "RequestUri": "/subscriptions/23587e98-b6ac-4328-a753-03bcd3c8e744/providers/Microsoft.DocumentDB/locations/eastus/operationsStatus/5735b202-188d-438d-9737-acc638e31ea9?api-version=2022-11-15-preview",
      "EncodedRequestUri": "L3N1YnNjcmlwdGlvbnMvMjM1ODdlOTgtYjZhYy00MzI4LWE3NTMtMDNiY2QzYzhlNzQ0L3Byb3ZpZGVycy9NaWNyb3NvZnQuRG9jdW1lbnREQi9sb2NhdGlvbnMvZWFzdHVzL29wZXJhdGlvbnNTdGF0dXMvNTczNWIyMDItMTg4ZC00MzhkLTk3MzctYWNjNjM4ZTMxZWE5P2FwaS12ZXJzaW9uPTIwMjItMTEtMTUtcHJldmlldw==",
      "RequestMethod": "GET",
      "RequestHeaders": {
        "x-ms-client-request-id": [
          "71bd9685-8086-47b8-8b78-85fcea0d2eb2"
        ],
        "User-Agent": [
          "FxVersion/4.700.22.55902",
          "OSName/Windows",
          "OSVersion/Microsoft.Windows.10.0.22621",
          "Microsoft.Azure.Management.CosmosDB.CosmosDBManagementClient/3.9.1.1"
        ]
      },
      "RequestBody": "",
      "ResponseHeaders": {
        "Cache-Control": [
          "no-store, no-cache"
        ],
        "Pragma": [
          "no-cache"
        ],
        "Strict-Transport-Security": [
          "max-age=31536000; includeSubDomains"
        ],
        "x-ms-gatewayversion": [
          "version=2.14.0"
        ],
        "Server": [
          "Microsoft-HTTPAPI/2.0"
        ],
        "x-ms-ratelimit-remaining-subscription-reads": [
          "11949"
        ],
        "x-ms-request-id": [
          "676381c3-eef3-488d-bfda-b9fcaffba453"
        ],
        "x-ms-correlation-request-id": [
          "676381c3-eef3-488d-bfda-b9fcaffba453"
        ],
        "x-ms-routing-request-id": [
          "EASTUS2EUAP:20230411T135556Z:676381c3-eef3-488d-bfda-b9fcaffba453"
        ],
        "X-Content-Type-Options": [
          "nosniff"
        ],
        "Date": [
          "Tue, 11 Apr 2023 13:55:55 GMT"
        ],
        "Content-Length": [
          "21"
        ],
        "Content-Type": [
          "application/json"
        ]
      },
      "ResponseBody": "{\r\n  \"status\": \"Dequeued\"\r\n}",
      "StatusCode": 200
    },
    {
      "RequestUri": "/subscriptions/23587e98-b6ac-4328-a753-03bcd3c8e744/providers/Microsoft.DocumentDB/locations/eastus/operationsStatus/5735b202-188d-438d-9737-acc638e31ea9?api-version=2022-11-15-preview",
      "EncodedRequestUri": "L3N1YnNjcmlwdGlvbnMvMjM1ODdlOTgtYjZhYy00MzI4LWE3NTMtMDNiY2QzYzhlNzQ0L3Byb3ZpZGVycy9NaWNyb3NvZnQuRG9jdW1lbnREQi9sb2NhdGlvbnMvZWFzdHVzL29wZXJhdGlvbnNTdGF0dXMvNTczNWIyMDItMTg4ZC00MzhkLTk3MzctYWNjNjM4ZTMxZWE5P2FwaS12ZXJzaW9uPTIwMjItMTEtMTUtcHJldmlldw==",
      "RequestMethod": "GET",
      "RequestHeaders": {
        "x-ms-client-request-id": [
          "71bd9685-8086-47b8-8b78-85fcea0d2eb2"
        ],
        "User-Agent": [
          "FxVersion/4.700.22.55902",
          "OSName/Windows",
          "OSVersion/Microsoft.Windows.10.0.22621",
          "Microsoft.Azure.Management.CosmosDB.CosmosDBManagementClient/3.9.1.1"
        ]
      },
      "RequestBody": "",
      "ResponseHeaders": {
        "Cache-Control": [
          "no-store, no-cache"
        ],
        "Pragma": [
          "no-cache"
        ],
        "Strict-Transport-Security": [
          "max-age=31536000; includeSubDomains"
        ],
        "x-ms-gatewayversion": [
          "version=2.14.0"
        ],
        "Server": [
          "Microsoft-HTTPAPI/2.0"
        ],
        "x-ms-ratelimit-remaining-subscription-reads": [
          "11948"
        ],
        "x-ms-request-id": [
          "f3b6823d-aeaf-4459-8372-41a975d33d99"
        ],
        "x-ms-correlation-request-id": [
          "f3b6823d-aeaf-4459-8372-41a975d33d99"
        ],
        "x-ms-routing-request-id": [
          "EASTUS2EUAP:20230411T135626Z:f3b6823d-aeaf-4459-8372-41a975d33d99"
        ],
        "X-Content-Type-Options": [
          "nosniff"
        ],
        "Date": [
          "Tue, 11 Apr 2023 13:56:26 GMT"
        ],
        "Content-Length": [
          "21"
        ],
        "Content-Type": [
          "application/json"
        ]
      },
      "ResponseBody": "{\r\n  \"status\": \"Dequeued\"\r\n}",
      "StatusCode": 200
    },
    {
      "RequestUri": "/subscriptions/23587e98-b6ac-4328-a753-03bcd3c8e744/providers/Microsoft.DocumentDB/locations/eastus/operationsStatus/5735b202-188d-438d-9737-acc638e31ea9?api-version=2022-11-15-preview",
      "EncodedRequestUri": "L3N1YnNjcmlwdGlvbnMvMjM1ODdlOTgtYjZhYy00MzI4LWE3NTMtMDNiY2QzYzhlNzQ0L3Byb3ZpZGVycy9NaWNyb3NvZnQuRG9jdW1lbnREQi9sb2NhdGlvbnMvZWFzdHVzL29wZXJhdGlvbnNTdGF0dXMvNTczNWIyMDItMTg4ZC00MzhkLTk3MzctYWNjNjM4ZTMxZWE5P2FwaS12ZXJzaW9uPTIwMjItMTEtMTUtcHJldmlldw==",
      "RequestMethod": "GET",
      "RequestHeaders": {
        "x-ms-client-request-id": [
          "71bd9685-8086-47b8-8b78-85fcea0d2eb2"
        ],
        "User-Agent": [
          "FxVersion/4.700.22.55902",
          "OSName/Windows",
          "OSVersion/Microsoft.Windows.10.0.22621",
          "Microsoft.Azure.Management.CosmosDB.CosmosDBManagementClient/3.9.1.1"
        ]
      },
      "RequestBody": "",
      "ResponseHeaders": {
        "Cache-Control": [
          "no-store, no-cache"
        ],
        "Pragma": [
          "no-cache"
        ],
        "Strict-Transport-Security": [
          "max-age=31536000; includeSubDomains"
        ],
        "x-ms-gatewayversion": [
          "version=2.14.0"
        ],
        "Server": [
          "Microsoft-HTTPAPI/2.0"
        ],
        "x-ms-ratelimit-remaining-subscription-reads": [
          "11947"
        ],
        "x-ms-request-id": [
          "496c6e36-428b-49ba-ba73-3ce885b3a929"
        ],
        "x-ms-correlation-request-id": [
          "496c6e36-428b-49ba-ba73-3ce885b3a929"
        ],
        "x-ms-routing-request-id": [
          "EASTUS2EUAP:20230411T135657Z:496c6e36-428b-49ba-ba73-3ce885b3a929"
        ],
        "X-Content-Type-Options": [
          "nosniff"
        ],
        "Date": [
          "Tue, 11 Apr 2023 13:56:57 GMT"
        ],
        "Content-Length": [
          "21"
        ],
        "Content-Type": [
          "application/json"
        ]
      },
      "ResponseBody": "{\r\n  \"status\": \"Dequeued\"\r\n}",
      "StatusCode": 200
    },
    {
      "RequestUri": "/subscriptions/23587e98-b6ac-4328-a753-03bcd3c8e744/providers/Microsoft.DocumentDB/locations/eastus/operationsStatus/5735b202-188d-438d-9737-acc638e31ea9?api-version=2022-11-15-preview",
      "EncodedRequestUri": "L3N1YnNjcmlwdGlvbnMvMjM1ODdlOTgtYjZhYy00MzI4LWE3NTMtMDNiY2QzYzhlNzQ0L3Byb3ZpZGVycy9NaWNyb3NvZnQuRG9jdW1lbnREQi9sb2NhdGlvbnMvZWFzdHVzL29wZXJhdGlvbnNTdGF0dXMvNTczNWIyMDItMTg4ZC00MzhkLTk3MzctYWNjNjM4ZTMxZWE5P2FwaS12ZXJzaW9uPTIwMjItMTEtMTUtcHJldmlldw==",
      "RequestMethod": "GET",
      "RequestHeaders": {
        "x-ms-client-request-id": [
          "71bd9685-8086-47b8-8b78-85fcea0d2eb2"
        ],
        "User-Agent": [
          "FxVersion/4.700.22.55902",
          "OSName/Windows",
          "OSVersion/Microsoft.Windows.10.0.22621",
          "Microsoft.Azure.Management.CosmosDB.CosmosDBManagementClient/3.9.1.1"
        ]
      },
      "RequestBody": "",
      "ResponseHeaders": {
        "Cache-Control": [
          "no-store, no-cache"
        ],
        "Pragma": [
          "no-cache"
        ],
        "Strict-Transport-Security": [
          "max-age=31536000; includeSubDomains"
        ],
        "x-ms-gatewayversion": [
          "version=2.14.0"
        ],
        "Server": [
          "Microsoft-HTTPAPI/2.0"
        ],
        "x-ms-ratelimit-remaining-subscription-reads": [
          "11946"
        ],
        "x-ms-request-id": [
          "c25406bf-f09c-4266-a011-763777528bbf"
        ],
        "x-ms-correlation-request-id": [
          "c25406bf-f09c-4266-a011-763777528bbf"
        ],
        "x-ms-routing-request-id": [
          "EASTUS2EUAP:20230411T135727Z:c25406bf-f09c-4266-a011-763777528bbf"
        ],
        "X-Content-Type-Options": [
          "nosniff"
        ],
        "Date": [
          "Tue, 11 Apr 2023 13:57:27 GMT"
        ],
        "Content-Length": [
          "21"
        ],
        "Content-Type": [
          "application/json"
        ]
      },
      "ResponseBody": "{\r\n  \"status\": \"Dequeued\"\r\n}",
      "StatusCode": 200
    },
    {
      "RequestUri": "/subscriptions/23587e98-b6ac-4328-a753-03bcd3c8e744/providers/Microsoft.DocumentDB/locations/eastus/operationsStatus/5735b202-188d-438d-9737-acc638e31ea9?api-version=2022-11-15-preview",
      "EncodedRequestUri": "L3N1YnNjcmlwdGlvbnMvMjM1ODdlOTgtYjZhYy00MzI4LWE3NTMtMDNiY2QzYzhlNzQ0L3Byb3ZpZGVycy9NaWNyb3NvZnQuRG9jdW1lbnREQi9sb2NhdGlvbnMvZWFzdHVzL29wZXJhdGlvbnNTdGF0dXMvNTczNWIyMDItMTg4ZC00MzhkLTk3MzctYWNjNjM4ZTMxZWE5P2FwaS12ZXJzaW9uPTIwMjItMTEtMTUtcHJldmlldw==",
      "RequestMethod": "GET",
      "RequestHeaders": {
        "x-ms-client-request-id": [
          "71bd9685-8086-47b8-8b78-85fcea0d2eb2"
        ],
        "User-Agent": [
          "FxVersion/4.700.22.55902",
          "OSName/Windows",
          "OSVersion/Microsoft.Windows.10.0.22621",
          "Microsoft.Azure.Management.CosmosDB.CosmosDBManagementClient/3.9.1.1"
        ]
      },
      "RequestBody": "",
      "ResponseHeaders": {
        "Cache-Control": [
          "no-store, no-cache"
        ],
        "Pragma": [
          "no-cache"
        ],
        "Strict-Transport-Security": [
          "max-age=31536000; includeSubDomains"
        ],
        "x-ms-gatewayversion": [
          "version=2.14.0"
        ],
        "Server": [
          "Microsoft-HTTPAPI/2.0"
        ],
        "x-ms-ratelimit-remaining-subscription-reads": [
          "11945"
        ],
        "x-ms-request-id": [
          "7cac7bdb-8fde-4659-ba53-693b9a9332d7"
        ],
        "x-ms-correlation-request-id": [
          "7cac7bdb-8fde-4659-ba53-693b9a9332d7"
        ],
        "x-ms-routing-request-id": [
          "EASTUS2EUAP:20230411T135757Z:7cac7bdb-8fde-4659-ba53-693b9a9332d7"
        ],
        "X-Content-Type-Options": [
          "nosniff"
        ],
        "Date": [
          "Tue, 11 Apr 2023 13:57:57 GMT"
        ],
        "Content-Length": [
          "21"
        ],
        "Content-Type": [
          "application/json"
        ]
      },
      "ResponseBody": "{\r\n  \"status\": \"Dequeued\"\r\n}",
      "StatusCode": 200
    },
    {
      "RequestUri": "/subscriptions/23587e98-b6ac-4328-a753-03bcd3c8e744/providers/Microsoft.DocumentDB/locations/eastus/operationsStatus/5735b202-188d-438d-9737-acc638e31ea9?api-version=2022-11-15-preview",
      "EncodedRequestUri": "L3N1YnNjcmlwdGlvbnMvMjM1ODdlOTgtYjZhYy00MzI4LWE3NTMtMDNiY2QzYzhlNzQ0L3Byb3ZpZGVycy9NaWNyb3NvZnQuRG9jdW1lbnREQi9sb2NhdGlvbnMvZWFzdHVzL29wZXJhdGlvbnNTdGF0dXMvNTczNWIyMDItMTg4ZC00MzhkLTk3MzctYWNjNjM4ZTMxZWE5P2FwaS12ZXJzaW9uPTIwMjItMTEtMTUtcHJldmlldw==",
      "RequestMethod": "GET",
      "RequestHeaders": {
        "x-ms-client-request-id": [
          "71bd9685-8086-47b8-8b78-85fcea0d2eb2"
        ],
        "User-Agent": [
          "FxVersion/4.700.22.55902",
          "OSName/Windows",
          "OSVersion/Microsoft.Windows.10.0.22621",
          "Microsoft.Azure.Management.CosmosDB.CosmosDBManagementClient/3.9.1.1"
        ]
      },
      "RequestBody": "",
      "ResponseHeaders": {
        "Cache-Control": [
          "no-store, no-cache"
        ],
        "Pragma": [
          "no-cache"
        ],
        "Strict-Transport-Security": [
          "max-age=31536000; includeSubDomains"
        ],
        "x-ms-gatewayversion": [
          "version=2.14.0"
        ],
        "Server": [
          "Microsoft-HTTPAPI/2.0"
        ],
        "x-ms-ratelimit-remaining-subscription-reads": [
          "11944"
        ],
        "x-ms-request-id": [
          "8a5c2c51-8d52-473e-b914-a1773b108b62"
        ],
        "x-ms-correlation-request-id": [
          "8a5c2c51-8d52-473e-b914-a1773b108b62"
        ],
        "x-ms-routing-request-id": [
          "EASTUS2EUAP:20230411T135827Z:8a5c2c51-8d52-473e-b914-a1773b108b62"
        ],
        "X-Content-Type-Options": [
          "nosniff"
        ],
        "Date": [
          "Tue, 11 Apr 2023 13:58:27 GMT"
        ],
        "Content-Length": [
          "21"
        ],
        "Content-Type": [
          "application/json"
        ]
      },
      "ResponseBody": "{\r\n  \"status\": \"Dequeued\"\r\n}",
      "StatusCode": 200
    },
    {
      "RequestUri": "/subscriptions/23587e98-b6ac-4328-a753-03bcd3c8e744/providers/Microsoft.DocumentDB/locations/eastus/operationsStatus/5735b202-188d-438d-9737-acc638e31ea9?api-version=2022-11-15-preview",
      "EncodedRequestUri": "L3N1YnNjcmlwdGlvbnMvMjM1ODdlOTgtYjZhYy00MzI4LWE3NTMtMDNiY2QzYzhlNzQ0L3Byb3ZpZGVycy9NaWNyb3NvZnQuRG9jdW1lbnREQi9sb2NhdGlvbnMvZWFzdHVzL29wZXJhdGlvbnNTdGF0dXMvNTczNWIyMDItMTg4ZC00MzhkLTk3MzctYWNjNjM4ZTMxZWE5P2FwaS12ZXJzaW9uPTIwMjItMTEtMTUtcHJldmlldw==",
      "RequestMethod": "GET",
      "RequestHeaders": {
        "x-ms-client-request-id": [
          "71bd9685-8086-47b8-8b78-85fcea0d2eb2"
        ],
        "User-Agent": [
          "FxVersion/4.700.22.55902",
          "OSName/Windows",
          "OSVersion/Microsoft.Windows.10.0.22621",
          "Microsoft.Azure.Management.CosmosDB.CosmosDBManagementClient/3.9.1.1"
        ]
      },
      "RequestBody": "",
      "ResponseHeaders": {
        "Cache-Control": [
          "no-store, no-cache"
        ],
        "Pragma": [
          "no-cache"
        ],
        "Strict-Transport-Security": [
          "max-age=31536000; includeSubDomains"
        ],
        "x-ms-gatewayversion": [
          "version=2.14.0"
        ],
        "Server": [
          "Microsoft-HTTPAPI/2.0"
        ],
        "x-ms-ratelimit-remaining-subscription-reads": [
          "11943"
        ],
        "x-ms-request-id": [
          "ab10a29c-5e53-42f8-8df7-1daab219b72a"
        ],
        "x-ms-correlation-request-id": [
          "ab10a29c-5e53-42f8-8df7-1daab219b72a"
        ],
        "x-ms-routing-request-id": [
          "EASTUS2EUAP:20230411T135857Z:ab10a29c-5e53-42f8-8df7-1daab219b72a"
        ],
        "X-Content-Type-Options": [
          "nosniff"
        ],
        "Date": [
          "Tue, 11 Apr 2023 13:58:57 GMT"
        ],
        "Content-Length": [
          "21"
        ],
        "Content-Type": [
          "application/json"
        ]
      },
      "ResponseBody": "{\r\n  \"status\": \"Dequeued\"\r\n}",
      "StatusCode": 200
    },
    {
      "RequestUri": "/subscriptions/23587e98-b6ac-4328-a753-03bcd3c8e744/providers/Microsoft.DocumentDB/locations/eastus/operationsStatus/5735b202-188d-438d-9737-acc638e31ea9?api-version=2022-11-15-preview",
      "EncodedRequestUri": "L3N1YnNjcmlwdGlvbnMvMjM1ODdlOTgtYjZhYy00MzI4LWE3NTMtMDNiY2QzYzhlNzQ0L3Byb3ZpZGVycy9NaWNyb3NvZnQuRG9jdW1lbnREQi9sb2NhdGlvbnMvZWFzdHVzL29wZXJhdGlvbnNTdGF0dXMvNTczNWIyMDItMTg4ZC00MzhkLTk3MzctYWNjNjM4ZTMxZWE5P2FwaS12ZXJzaW9uPTIwMjItMTEtMTUtcHJldmlldw==",
      "RequestMethod": "GET",
      "RequestHeaders": {
        "x-ms-client-request-id": [
          "71bd9685-8086-47b8-8b78-85fcea0d2eb2"
        ],
        "User-Agent": [
          "FxVersion/4.700.22.55902",
          "OSName/Windows",
          "OSVersion/Microsoft.Windows.10.0.22621",
          "Microsoft.Azure.Management.CosmosDB.CosmosDBManagementClient/3.9.1.1"
        ]
      },
      "RequestBody": "",
      "ResponseHeaders": {
        "Cache-Control": [
          "no-store, no-cache"
        ],
        "Pragma": [
          "no-cache"
        ],
        "Strict-Transport-Security": [
          "max-age=31536000; includeSubDomains"
        ],
        "x-ms-gatewayversion": [
          "version=2.14.0"
        ],
        "Server": [
          "Microsoft-HTTPAPI/2.0"
        ],
        "x-ms-ratelimit-remaining-subscription-reads": [
          "11942"
        ],
        "x-ms-request-id": [
          "4167f0e2-15de-4227-abfa-45c510d460b3"
        ],
        "x-ms-correlation-request-id": [
          "4167f0e2-15de-4227-abfa-45c510d460b3"
        ],
        "x-ms-routing-request-id": [
          "EASTUS2EUAP:20230411T135927Z:4167f0e2-15de-4227-abfa-45c510d460b3"
        ],
        "X-Content-Type-Options": [
          "nosniff"
        ],
        "Date": [
          "Tue, 11 Apr 2023 13:59:27 GMT"
        ],
        "Content-Length": [
          "21"
        ],
        "Content-Type": [
          "application/json"
        ]
      },
      "ResponseBody": "{\r\n  \"status\": \"Dequeued\"\r\n}",
      "StatusCode": 200
    },
    {
      "RequestUri": "/subscriptions/23587e98-b6ac-4328-a753-03bcd3c8e744/providers/Microsoft.DocumentDB/locations/eastus/operationsStatus/5735b202-188d-438d-9737-acc638e31ea9?api-version=2022-11-15-preview",
      "EncodedRequestUri": "L3N1YnNjcmlwdGlvbnMvMjM1ODdlOTgtYjZhYy00MzI4LWE3NTMtMDNiY2QzYzhlNzQ0L3Byb3ZpZGVycy9NaWNyb3NvZnQuRG9jdW1lbnREQi9sb2NhdGlvbnMvZWFzdHVzL29wZXJhdGlvbnNTdGF0dXMvNTczNWIyMDItMTg4ZC00MzhkLTk3MzctYWNjNjM4ZTMxZWE5P2FwaS12ZXJzaW9uPTIwMjItMTEtMTUtcHJldmlldw==",
      "RequestMethod": "GET",
      "RequestHeaders": {
        "x-ms-client-request-id": [
          "71bd9685-8086-47b8-8b78-85fcea0d2eb2"
        ],
        "User-Agent": [
          "FxVersion/4.700.22.55902",
          "OSName/Windows",
          "OSVersion/Microsoft.Windows.10.0.22621",
          "Microsoft.Azure.Management.CosmosDB.CosmosDBManagementClient/3.9.1.1"
        ]
      },
      "RequestBody": "",
      "ResponseHeaders": {
        "Cache-Control": [
          "no-store, no-cache"
        ],
        "Pragma": [
          "no-cache"
        ],
        "Strict-Transport-Security": [
          "max-age=31536000; includeSubDomains"
        ],
        "x-ms-gatewayversion": [
          "version=2.14.0"
        ],
        "Server": [
          "Microsoft-HTTPAPI/2.0"
        ],
        "x-ms-ratelimit-remaining-subscription-reads": [
          "11941"
        ],
        "x-ms-request-id": [
          "2a44c0cb-f8b9-4981-ad8a-3bef2cfd2708"
        ],
        "x-ms-correlation-request-id": [
          "2a44c0cb-f8b9-4981-ad8a-3bef2cfd2708"
        ],
        "x-ms-routing-request-id": [
          "EASTUS2EUAP:20230411T135957Z:2a44c0cb-f8b9-4981-ad8a-3bef2cfd2708"
        ],
        "X-Content-Type-Options": [
          "nosniff"
        ],
        "Date": [
          "Tue, 11 Apr 2023 13:59:57 GMT"
        ],
        "Content-Length": [
          "21"
        ],
        "Content-Type": [
          "application/json"
        ]
      },
      "ResponseBody": "{\r\n  \"status\": \"Dequeued\"\r\n}",
      "StatusCode": 200
    },
    {
      "RequestUri": "/subscriptions/23587e98-b6ac-4328-a753-03bcd3c8e744/providers/Microsoft.DocumentDB/locations/eastus/operationsStatus/5735b202-188d-438d-9737-acc638e31ea9?api-version=2022-11-15-preview",
      "EncodedRequestUri": "L3N1YnNjcmlwdGlvbnMvMjM1ODdlOTgtYjZhYy00MzI4LWE3NTMtMDNiY2QzYzhlNzQ0L3Byb3ZpZGVycy9NaWNyb3NvZnQuRG9jdW1lbnREQi9sb2NhdGlvbnMvZWFzdHVzL29wZXJhdGlvbnNTdGF0dXMvNTczNWIyMDItMTg4ZC00MzhkLTk3MzctYWNjNjM4ZTMxZWE5P2FwaS12ZXJzaW9uPTIwMjItMTEtMTUtcHJldmlldw==",
      "RequestMethod": "GET",
      "RequestHeaders": {
        "x-ms-client-request-id": [
          "71bd9685-8086-47b8-8b78-85fcea0d2eb2"
        ],
        "User-Agent": [
          "FxVersion/4.700.22.55902",
          "OSName/Windows",
          "OSVersion/Microsoft.Windows.10.0.22621",
          "Microsoft.Azure.Management.CosmosDB.CosmosDBManagementClient/3.9.1.1"
        ]
      },
      "RequestBody": "",
      "ResponseHeaders": {
        "Cache-Control": [
          "no-store, no-cache"
        ],
        "Pragma": [
          "no-cache"
        ],
        "Strict-Transport-Security": [
          "max-age=31536000; includeSubDomains"
        ],
        "x-ms-gatewayversion": [
          "version=2.14.0"
        ],
        "Server": [
          "Microsoft-HTTPAPI/2.0"
        ],
        "x-ms-ratelimit-remaining-subscription-reads": [
          "11940"
        ],
        "x-ms-request-id": [
          "f56b9da2-5751-4975-a9c6-40d4fba2a61e"
        ],
        "x-ms-correlation-request-id": [
          "f56b9da2-5751-4975-a9c6-40d4fba2a61e"
        ],
        "x-ms-routing-request-id": [
          "EASTUS2EUAP:20230411T140027Z:f56b9da2-5751-4975-a9c6-40d4fba2a61e"
        ],
        "X-Content-Type-Options": [
          "nosniff"
        ],
        "Date": [
          "Tue, 11 Apr 2023 14:00:27 GMT"
        ],
        "Content-Length": [
          "21"
        ],
        "Content-Type": [
          "application/json"
        ]
      },
      "ResponseBody": "{\r\n  \"status\": \"Dequeued\"\r\n}",
      "StatusCode": 200
    },
    {
      "RequestUri": "/subscriptions/23587e98-b6ac-4328-a753-03bcd3c8e744/providers/Microsoft.DocumentDB/locations/eastus/operationsStatus/5735b202-188d-438d-9737-acc638e31ea9?api-version=2022-11-15-preview",
      "EncodedRequestUri": "L3N1YnNjcmlwdGlvbnMvMjM1ODdlOTgtYjZhYy00MzI4LWE3NTMtMDNiY2QzYzhlNzQ0L3Byb3ZpZGVycy9NaWNyb3NvZnQuRG9jdW1lbnREQi9sb2NhdGlvbnMvZWFzdHVzL29wZXJhdGlvbnNTdGF0dXMvNTczNWIyMDItMTg4ZC00MzhkLTk3MzctYWNjNjM4ZTMxZWE5P2FwaS12ZXJzaW9uPTIwMjItMTEtMTUtcHJldmlldw==",
      "RequestMethod": "GET",
      "RequestHeaders": {
        "x-ms-client-request-id": [
          "71bd9685-8086-47b8-8b78-85fcea0d2eb2"
        ],
        "User-Agent": [
          "FxVersion/4.700.22.55902",
          "OSName/Windows",
          "OSVersion/Microsoft.Windows.10.0.22621",
          "Microsoft.Azure.Management.CosmosDB.CosmosDBManagementClient/3.9.1.1"
        ]
      },
      "RequestBody": "",
      "ResponseHeaders": {
        "Cache-Control": [
          "no-store, no-cache"
        ],
        "Pragma": [
          "no-cache"
        ],
        "Strict-Transport-Security": [
          "max-age=31536000; includeSubDomains"
        ],
        "x-ms-gatewayversion": [
          "version=2.14.0"
        ],
        "Server": [
          "Microsoft-HTTPAPI/2.0"
        ],
        "x-ms-ratelimit-remaining-subscription-reads": [
          "11939"
        ],
        "x-ms-request-id": [
          "72cf30ba-c882-44be-94f9-f767c1e08ac8"
        ],
        "x-ms-correlation-request-id": [
          "72cf30ba-c882-44be-94f9-f767c1e08ac8"
        ],
        "x-ms-routing-request-id": [
          "EASTUS2EUAP:20230411T140058Z:72cf30ba-c882-44be-94f9-f767c1e08ac8"
        ],
        "X-Content-Type-Options": [
          "nosniff"
        ],
        "Date": [
          "Tue, 11 Apr 2023 14:00:57 GMT"
        ],
        "Content-Length": [
          "21"
        ],
        "Content-Type": [
          "application/json"
        ]
      },
      "ResponseBody": "{\r\n  \"status\": \"Dequeued\"\r\n}",
      "StatusCode": 200
    },
    {
      "RequestUri": "/subscriptions/23587e98-b6ac-4328-a753-03bcd3c8e744/providers/Microsoft.DocumentDB/locations/eastus/operationsStatus/5735b202-188d-438d-9737-acc638e31ea9?api-version=2022-11-15-preview",
      "EncodedRequestUri": "L3N1YnNjcmlwdGlvbnMvMjM1ODdlOTgtYjZhYy00MzI4LWE3NTMtMDNiY2QzYzhlNzQ0L3Byb3ZpZGVycy9NaWNyb3NvZnQuRG9jdW1lbnREQi9sb2NhdGlvbnMvZWFzdHVzL29wZXJhdGlvbnNTdGF0dXMvNTczNWIyMDItMTg4ZC00MzhkLTk3MzctYWNjNjM4ZTMxZWE5P2FwaS12ZXJzaW9uPTIwMjItMTEtMTUtcHJldmlldw==",
      "RequestMethod": "GET",
      "RequestHeaders": {
        "x-ms-client-request-id": [
          "71bd9685-8086-47b8-8b78-85fcea0d2eb2"
        ],
        "User-Agent": [
          "FxVersion/4.700.22.55902",
          "OSName/Windows",
          "OSVersion/Microsoft.Windows.10.0.22621",
          "Microsoft.Azure.Management.CosmosDB.CosmosDBManagementClient/3.9.1.1"
        ]
      },
      "RequestBody": "",
      "ResponseHeaders": {
        "Cache-Control": [
          "no-store, no-cache"
        ],
        "Pragma": [
          "no-cache"
        ],
        "Strict-Transport-Security": [
          "max-age=31536000; includeSubDomains"
        ],
        "x-ms-gatewayversion": [
          "version=2.14.0"
        ],
        "Server": [
          "Microsoft-HTTPAPI/2.0"
        ],
        "x-ms-ratelimit-remaining-subscription-reads": [
          "11938"
        ],
        "x-ms-request-id": [
          "4debe2ab-4cf1-42f4-ba6f-865bcd3e9ff7"
        ],
        "x-ms-correlation-request-id": [
          "4debe2ab-4cf1-42f4-ba6f-865bcd3e9ff7"
        ],
        "x-ms-routing-request-id": [
          "EASTUS2EUAP:20230411T140128Z:4debe2ab-4cf1-42f4-ba6f-865bcd3e9ff7"
        ],
        "X-Content-Type-Options": [
          "nosniff"
        ],
        "Date": [
          "Tue, 11 Apr 2023 14:01:27 GMT"
        ],
        "Content-Length": [
          "21"
        ],
        "Content-Type": [
          "application/json"
        ]
      },
      "ResponseBody": "{\r\n  \"status\": \"Dequeued\"\r\n}",
      "StatusCode": 200
    },
    {
      "RequestUri": "/subscriptions/23587e98-b6ac-4328-a753-03bcd3c8e744/providers/Microsoft.DocumentDB/locations/eastus/operationsStatus/5735b202-188d-438d-9737-acc638e31ea9?api-version=2022-11-15-preview",
      "EncodedRequestUri": "L3N1YnNjcmlwdGlvbnMvMjM1ODdlOTgtYjZhYy00MzI4LWE3NTMtMDNiY2QzYzhlNzQ0L3Byb3ZpZGVycy9NaWNyb3NvZnQuRG9jdW1lbnREQi9sb2NhdGlvbnMvZWFzdHVzL29wZXJhdGlvbnNTdGF0dXMvNTczNWIyMDItMTg4ZC00MzhkLTk3MzctYWNjNjM4ZTMxZWE5P2FwaS12ZXJzaW9uPTIwMjItMTEtMTUtcHJldmlldw==",
      "RequestMethod": "GET",
      "RequestHeaders": {
        "x-ms-client-request-id": [
          "71bd9685-8086-47b8-8b78-85fcea0d2eb2"
        ],
        "User-Agent": [
          "FxVersion/4.700.22.55902",
          "OSName/Windows",
          "OSVersion/Microsoft.Windows.10.0.22621",
          "Microsoft.Azure.Management.CosmosDB.CosmosDBManagementClient/3.9.1.1"
        ]
      },
      "RequestBody": "",
      "ResponseHeaders": {
        "Cache-Control": [
          "no-store, no-cache"
        ],
        "Pragma": [
          "no-cache"
        ],
        "Strict-Transport-Security": [
          "max-age=31536000; includeSubDomains"
        ],
        "x-ms-gatewayversion": [
          "version=2.14.0"
        ],
        "Server": [
          "Microsoft-HTTPAPI/2.0"
        ],
        "x-ms-ratelimit-remaining-subscription-reads": [
          "11937"
        ],
        "x-ms-request-id": [
          "d6b8d088-a950-4e52-97a7-3f36cb753ee5"
        ],
        "x-ms-correlation-request-id": [
          "d6b8d088-a950-4e52-97a7-3f36cb753ee5"
        ],
        "x-ms-routing-request-id": [
          "EASTUS2EUAP:20230411T140158Z:d6b8d088-a950-4e52-97a7-3f36cb753ee5"
        ],
        "X-Content-Type-Options": [
          "nosniff"
        ],
        "Date": [
          "Tue, 11 Apr 2023 14:01:58 GMT"
        ],
        "Content-Length": [
          "21"
        ],
        "Content-Type": [
          "application/json"
        ]
      },
      "ResponseBody": "{\r\n  \"status\": \"Dequeued\"\r\n}",
      "StatusCode": 200
    },
    {
      "RequestUri": "/subscriptions/23587e98-b6ac-4328-a753-03bcd3c8e744/providers/Microsoft.DocumentDB/locations/eastus/operationsStatus/5735b202-188d-438d-9737-acc638e31ea9?api-version=2022-11-15-preview",
      "EncodedRequestUri": "L3N1YnNjcmlwdGlvbnMvMjM1ODdlOTgtYjZhYy00MzI4LWE3NTMtMDNiY2QzYzhlNzQ0L3Byb3ZpZGVycy9NaWNyb3NvZnQuRG9jdW1lbnREQi9sb2NhdGlvbnMvZWFzdHVzL29wZXJhdGlvbnNTdGF0dXMvNTczNWIyMDItMTg4ZC00MzhkLTk3MzctYWNjNjM4ZTMxZWE5P2FwaS12ZXJzaW9uPTIwMjItMTEtMTUtcHJldmlldw==",
      "RequestMethod": "GET",
      "RequestHeaders": {
        "x-ms-client-request-id": [
          "71bd9685-8086-47b8-8b78-85fcea0d2eb2"
        ],
        "User-Agent": [
          "FxVersion/4.700.22.55902",
          "OSName/Windows",
          "OSVersion/Microsoft.Windows.10.0.22621",
          "Microsoft.Azure.Management.CosmosDB.CosmosDBManagementClient/3.9.1.1"
        ]
      },
      "RequestBody": "",
      "ResponseHeaders": {
        "Cache-Control": [
          "no-store, no-cache"
        ],
        "Pragma": [
          "no-cache"
        ],
        "Strict-Transport-Security": [
          "max-age=31536000; includeSubDomains"
        ],
        "x-ms-gatewayversion": [
          "version=2.14.0"
        ],
        "Server": [
          "Microsoft-HTTPAPI/2.0"
        ],
        "x-ms-ratelimit-remaining-subscription-reads": [
          "11936"
        ],
        "x-ms-request-id": [
          "a3e38ec9-5b1f-4cc8-adac-d1b41f0ceb30"
        ],
        "x-ms-correlation-request-id": [
          "a3e38ec9-5b1f-4cc8-adac-d1b41f0ceb30"
        ],
        "x-ms-routing-request-id": [
          "EASTUS2EUAP:20230411T140228Z:a3e38ec9-5b1f-4cc8-adac-d1b41f0ceb30"
        ],
        "X-Content-Type-Options": [
          "nosniff"
        ],
        "Date": [
          "Tue, 11 Apr 2023 14:02:28 GMT"
        ],
        "Content-Length": [
          "21"
        ],
        "Content-Type": [
          "application/json"
        ]
      },
      "ResponseBody": "{\r\n  \"status\": \"Dequeued\"\r\n}",
      "StatusCode": 200
    },
    {
      "RequestUri": "/subscriptions/23587e98-b6ac-4328-a753-03bcd3c8e744/providers/Microsoft.DocumentDB/locations/eastus/operationsStatus/5735b202-188d-438d-9737-acc638e31ea9?api-version=2022-11-15-preview",
      "EncodedRequestUri": "L3N1YnNjcmlwdGlvbnMvMjM1ODdlOTgtYjZhYy00MzI4LWE3NTMtMDNiY2QzYzhlNzQ0L3Byb3ZpZGVycy9NaWNyb3NvZnQuRG9jdW1lbnREQi9sb2NhdGlvbnMvZWFzdHVzL29wZXJhdGlvbnNTdGF0dXMvNTczNWIyMDItMTg4ZC00MzhkLTk3MzctYWNjNjM4ZTMxZWE5P2FwaS12ZXJzaW9uPTIwMjItMTEtMTUtcHJldmlldw==",
      "RequestMethod": "GET",
      "RequestHeaders": {
        "x-ms-client-request-id": [
          "71bd9685-8086-47b8-8b78-85fcea0d2eb2"
        ],
        "User-Agent": [
          "FxVersion/4.700.22.55902",
          "OSName/Windows",
          "OSVersion/Microsoft.Windows.10.0.22621",
          "Microsoft.Azure.Management.CosmosDB.CosmosDBManagementClient/3.9.1.1"
        ]
      },
      "RequestBody": "",
      "ResponseHeaders": {
        "Cache-Control": [
          "no-store, no-cache"
        ],
        "Pragma": [
          "no-cache"
        ],
        "Strict-Transport-Security": [
          "max-age=31536000; includeSubDomains"
        ],
        "x-ms-gatewayversion": [
          "version=2.14.0"
        ],
        "Server": [
          "Microsoft-HTTPAPI/2.0"
        ],
        "x-ms-ratelimit-remaining-subscription-reads": [
          "11935"
        ],
        "x-ms-request-id": [
          "fa6c8760-c654-4ff4-829e-29f8ea28b826"
        ],
        "x-ms-correlation-request-id": [
          "fa6c8760-c654-4ff4-829e-29f8ea28b826"
        ],
        "x-ms-routing-request-id": [
          "EASTUS2EUAP:20230411T140258Z:fa6c8760-c654-4ff4-829e-29f8ea28b826"
        ],
        "X-Content-Type-Options": [
          "nosniff"
        ],
        "Date": [
          "Tue, 11 Apr 2023 14:02:58 GMT"
        ],
        "Content-Length": [
          "21"
        ],
        "Content-Type": [
          "application/json"
        ]
      },
      "ResponseBody": "{\r\n  \"status\": \"Dequeued\"\r\n}",
      "StatusCode": 200
    },
    {
      "RequestUri": "/subscriptions/23587e98-b6ac-4328-a753-03bcd3c8e744/providers/Microsoft.DocumentDB/locations/eastus/operationsStatus/5735b202-188d-438d-9737-acc638e31ea9?api-version=2022-11-15-preview",
      "EncodedRequestUri": "L3N1YnNjcmlwdGlvbnMvMjM1ODdlOTgtYjZhYy00MzI4LWE3NTMtMDNiY2QzYzhlNzQ0L3Byb3ZpZGVycy9NaWNyb3NvZnQuRG9jdW1lbnREQi9sb2NhdGlvbnMvZWFzdHVzL29wZXJhdGlvbnNTdGF0dXMvNTczNWIyMDItMTg4ZC00MzhkLTk3MzctYWNjNjM4ZTMxZWE5P2FwaS12ZXJzaW9uPTIwMjItMTEtMTUtcHJldmlldw==",
      "RequestMethod": "GET",
      "RequestHeaders": {
        "x-ms-client-request-id": [
          "71bd9685-8086-47b8-8b78-85fcea0d2eb2"
        ],
        "User-Agent": [
          "FxVersion/4.700.22.55902",
          "OSName/Windows",
          "OSVersion/Microsoft.Windows.10.0.22621",
          "Microsoft.Azure.Management.CosmosDB.CosmosDBManagementClient/3.9.1.1"
        ]
      },
      "RequestBody": "",
      "ResponseHeaders": {
        "Cache-Control": [
          "no-store, no-cache"
        ],
        "Pragma": [
          "no-cache"
        ],
        "Strict-Transport-Security": [
          "max-age=31536000; includeSubDomains"
        ],
        "x-ms-gatewayversion": [
          "version=2.14.0"
        ],
        "Server": [
          "Microsoft-HTTPAPI/2.0"
        ],
        "x-ms-ratelimit-remaining-subscription-reads": [
          "11934"
        ],
        "x-ms-request-id": [
          "5559b8e8-4909-4684-8489-2a11d116b5f1"
        ],
        "x-ms-correlation-request-id": [
          "5559b8e8-4909-4684-8489-2a11d116b5f1"
        ],
        "x-ms-routing-request-id": [
          "EASTUS2EUAP:20230411T140328Z:5559b8e8-4909-4684-8489-2a11d116b5f1"
        ],
        "X-Content-Type-Options": [
          "nosniff"
        ],
        "Date": [
          "Tue, 11 Apr 2023 14:03:28 GMT"
        ],
        "Content-Length": [
          "21"
        ],
        "Content-Type": [
          "application/json"
        ]
      },
      "ResponseBody": "{\r\n  \"status\": \"Dequeued\"\r\n}",
      "StatusCode": 200
    },
    {
      "RequestUri": "/subscriptions/23587e98-b6ac-4328-a753-03bcd3c8e744/providers/Microsoft.DocumentDB/locations/eastus/operationsStatus/5735b202-188d-438d-9737-acc638e31ea9?api-version=2022-11-15-preview",
      "EncodedRequestUri": "L3N1YnNjcmlwdGlvbnMvMjM1ODdlOTgtYjZhYy00MzI4LWE3NTMtMDNiY2QzYzhlNzQ0L3Byb3ZpZGVycy9NaWNyb3NvZnQuRG9jdW1lbnREQi9sb2NhdGlvbnMvZWFzdHVzL29wZXJhdGlvbnNTdGF0dXMvNTczNWIyMDItMTg4ZC00MzhkLTk3MzctYWNjNjM4ZTMxZWE5P2FwaS12ZXJzaW9uPTIwMjItMTEtMTUtcHJldmlldw==",
      "RequestMethod": "GET",
      "RequestHeaders": {
        "x-ms-client-request-id": [
          "71bd9685-8086-47b8-8b78-85fcea0d2eb2"
        ],
        "User-Agent": [
          "FxVersion/4.700.22.55902",
          "OSName/Windows",
          "OSVersion/Microsoft.Windows.10.0.22621",
          "Microsoft.Azure.Management.CosmosDB.CosmosDBManagementClient/3.9.1.1"
        ]
      },
      "RequestBody": "",
      "ResponseHeaders": {
        "Cache-Control": [
          "no-store, no-cache"
        ],
        "Pragma": [
          "no-cache"
        ],
        "Strict-Transport-Security": [
          "max-age=31536000; includeSubDomains"
        ],
        "x-ms-gatewayversion": [
          "version=2.14.0"
        ],
        "Server": [
          "Microsoft-HTTPAPI/2.0"
        ],
        "x-ms-ratelimit-remaining-subscription-reads": [
          "11933"
        ],
        "x-ms-request-id": [
          "86ae8071-9382-42c0-9312-943e8566c6c1"
        ],
        "x-ms-correlation-request-id": [
          "86ae8071-9382-42c0-9312-943e8566c6c1"
        ],
        "x-ms-routing-request-id": [
          "EASTUS2EUAP:20230411T140358Z:86ae8071-9382-42c0-9312-943e8566c6c1"
        ],
        "X-Content-Type-Options": [
          "nosniff"
        ],
        "Date": [
          "Tue, 11 Apr 2023 14:03:58 GMT"
        ],
        "Content-Length": [
          "21"
        ],
        "Content-Type": [
          "application/json"
        ]
      },
      "ResponseBody": "{\r\n  \"status\": \"Dequeued\"\r\n}",
      "StatusCode": 200
    },
    {
      "RequestUri": "/subscriptions/23587e98-b6ac-4328-a753-03bcd3c8e744/providers/Microsoft.DocumentDB/locations/eastus/operationsStatus/5735b202-188d-438d-9737-acc638e31ea9?api-version=2022-11-15-preview",
      "EncodedRequestUri": "L3N1YnNjcmlwdGlvbnMvMjM1ODdlOTgtYjZhYy00MzI4LWE3NTMtMDNiY2QzYzhlNzQ0L3Byb3ZpZGVycy9NaWNyb3NvZnQuRG9jdW1lbnREQi9sb2NhdGlvbnMvZWFzdHVzL29wZXJhdGlvbnNTdGF0dXMvNTczNWIyMDItMTg4ZC00MzhkLTk3MzctYWNjNjM4ZTMxZWE5P2FwaS12ZXJzaW9uPTIwMjItMTEtMTUtcHJldmlldw==",
      "RequestMethod": "GET",
      "RequestHeaders": {
        "x-ms-client-request-id": [
          "71bd9685-8086-47b8-8b78-85fcea0d2eb2"
        ],
        "User-Agent": [
          "FxVersion/4.700.22.55902",
          "OSName/Windows",
          "OSVersion/Microsoft.Windows.10.0.22621",
          "Microsoft.Azure.Management.CosmosDB.CosmosDBManagementClient/3.9.1.1"
        ]
      },
      "RequestBody": "",
      "ResponseHeaders": {
        "Cache-Control": [
          "no-store, no-cache"
        ],
        "Pragma": [
          "no-cache"
        ],
        "Strict-Transport-Security": [
          "max-age=31536000; includeSubDomains"
        ],
        "x-ms-gatewayversion": [
          "version=2.14.0"
        ],
        "Server": [
          "Microsoft-HTTPAPI/2.0"
        ],
        "x-ms-ratelimit-remaining-subscription-reads": [
          "11932"
        ],
        "x-ms-request-id": [
          "85f8ed8a-5072-436b-a40e-16c7635d405f"
        ],
        "x-ms-correlation-request-id": [
          "85f8ed8a-5072-436b-a40e-16c7635d405f"
        ],
        "x-ms-routing-request-id": [
          "EASTUS2EUAP:20230411T140428Z:85f8ed8a-5072-436b-a40e-16c7635d405f"
        ],
        "X-Content-Type-Options": [
          "nosniff"
        ],
        "Date": [
          "Tue, 11 Apr 2023 14:04:28 GMT"
        ],
        "Content-Length": [
          "21"
        ],
        "Content-Type": [
          "application/json"
        ]
      },
      "ResponseBody": "{\r\n  \"status\": \"Dequeued\"\r\n}",
      "StatusCode": 200
    },
    {
      "RequestUri": "/subscriptions/23587e98-b6ac-4328-a753-03bcd3c8e744/providers/Microsoft.DocumentDB/locations/eastus/operationsStatus/5735b202-188d-438d-9737-acc638e31ea9?api-version=2022-11-15-preview",
      "EncodedRequestUri": "L3N1YnNjcmlwdGlvbnMvMjM1ODdlOTgtYjZhYy00MzI4LWE3NTMtMDNiY2QzYzhlNzQ0L3Byb3ZpZGVycy9NaWNyb3NvZnQuRG9jdW1lbnREQi9sb2NhdGlvbnMvZWFzdHVzL29wZXJhdGlvbnNTdGF0dXMvNTczNWIyMDItMTg4ZC00MzhkLTk3MzctYWNjNjM4ZTMxZWE5P2FwaS12ZXJzaW9uPTIwMjItMTEtMTUtcHJldmlldw==",
      "RequestMethod": "GET",
      "RequestHeaders": {
        "x-ms-client-request-id": [
          "71bd9685-8086-47b8-8b78-85fcea0d2eb2"
        ],
        "User-Agent": [
          "FxVersion/4.700.22.55902",
          "OSName/Windows",
          "OSVersion/Microsoft.Windows.10.0.22621",
          "Microsoft.Azure.Management.CosmosDB.CosmosDBManagementClient/3.9.1.1"
        ]
      },
      "RequestBody": "",
      "ResponseHeaders": {
        "Cache-Control": [
          "no-store, no-cache"
        ],
        "Pragma": [
          "no-cache"
        ],
        "Strict-Transport-Security": [
          "max-age=31536000; includeSubDomains"
        ],
        "x-ms-gatewayversion": [
          "version=2.14.0"
        ],
        "Server": [
          "Microsoft-HTTPAPI/2.0"
        ],
        "x-ms-ratelimit-remaining-subscription-reads": [
          "11931"
        ],
        "x-ms-request-id": [
          "90aacd7b-f0b5-449c-b46a-153e1259d9e6"
        ],
        "x-ms-correlation-request-id": [
          "90aacd7b-f0b5-449c-b46a-153e1259d9e6"
        ],
        "x-ms-routing-request-id": [
          "EASTUS2EUAP:20230411T140459Z:90aacd7b-f0b5-449c-b46a-153e1259d9e6"
        ],
        "X-Content-Type-Options": [
          "nosniff"
        ],
        "Date": [
          "Tue, 11 Apr 2023 14:04:58 GMT"
        ],
        "Content-Length": [
          "21"
        ],
        "Content-Type": [
          "application/json"
        ]
      },
      "ResponseBody": "{\r\n  \"status\": \"Dequeued\"\r\n}",
      "StatusCode": 200
    },
    {
      "RequestUri": "/subscriptions/23587e98-b6ac-4328-a753-03bcd3c8e744/providers/Microsoft.DocumentDB/locations/eastus/operationsStatus/5735b202-188d-438d-9737-acc638e31ea9?api-version=2022-11-15-preview",
      "EncodedRequestUri": "L3N1YnNjcmlwdGlvbnMvMjM1ODdlOTgtYjZhYy00MzI4LWE3NTMtMDNiY2QzYzhlNzQ0L3Byb3ZpZGVycy9NaWNyb3NvZnQuRG9jdW1lbnREQi9sb2NhdGlvbnMvZWFzdHVzL29wZXJhdGlvbnNTdGF0dXMvNTczNWIyMDItMTg4ZC00MzhkLTk3MzctYWNjNjM4ZTMxZWE5P2FwaS12ZXJzaW9uPTIwMjItMTEtMTUtcHJldmlldw==",
      "RequestMethod": "GET",
      "RequestHeaders": {
        "x-ms-client-request-id": [
          "71bd9685-8086-47b8-8b78-85fcea0d2eb2"
        ],
        "User-Agent": [
          "FxVersion/4.700.22.55902",
          "OSName/Windows",
          "OSVersion/Microsoft.Windows.10.0.22621",
          "Microsoft.Azure.Management.CosmosDB.CosmosDBManagementClient/3.9.1.1"
        ]
      },
      "RequestBody": "",
      "ResponseHeaders": {
        "Cache-Control": [
          "no-store, no-cache"
        ],
        "Pragma": [
          "no-cache"
        ],
        "Strict-Transport-Security": [
          "max-age=31536000; includeSubDomains"
        ],
        "x-ms-gatewayversion": [
          "version=2.14.0"
        ],
        "Server": [
          "Microsoft-HTTPAPI/2.0"
        ],
        "x-ms-ratelimit-remaining-subscription-reads": [
          "11932"
        ],
        "x-ms-request-id": [
          "a8aa9760-9429-4b10-9284-5f61c4177cf0"
        ],
        "x-ms-correlation-request-id": [
          "a8aa9760-9429-4b10-9284-5f61c4177cf0"
        ],
        "x-ms-routing-request-id": [
          "EASTUS2EUAP:20230411T140529Z:a8aa9760-9429-4b10-9284-5f61c4177cf0"
        ],
        "X-Content-Type-Options": [
          "nosniff"
        ],
        "Date": [
          "Tue, 11 Apr 2023 14:05:29 GMT"
        ],
        "Content-Length": [
          "22"
        ],
        "Content-Type": [
          "application/json"
        ]
      },
      "ResponseBody": "{\r\n  \"status\": \"Succeeded\"\r\n}",
      "StatusCode": 200
    }
  ],
  "Names": {},
  "Variables": {
    "SubscriptionId": "23587e98-b6ac-4328-a753-03bcd3c8e744"
  }
}