{
  "Entries": [
    {
      "RequestUri": "/subscriptions/12053b8f-cab5-4f5c-9c1a-870580142abd/resourcegroups/CosmosDBResourceGroup84?api-version=2016-09-01",
      "EncodedRequestUri": "L3N1YnNjcmlwdGlvbnMvMTIwNTNiOGYtY2FiNS00ZjVjLTljMWEtODcwNTgwMTQyYWJkL3Jlc291cmNlZ3JvdXBzL0Nvc21vc0RCUmVzb3VyY2VHcm91cDg0P2FwaS12ZXJzaW9uPTIwMTYtMDktMDE=",
      "RequestMethod": "PUT",
      "RequestHeaders": {
        "x-ms-client-request-id": [
          "a1f8d815-423c-4aa6-982a-8f4378ce9369"
        ],
        "Accept-Language": [
          "en-US"
        ],
        "User-Agent": [
          "FxVersion/4.700.22.55902",
          "OSName/Windows",
          "OSVersion/Microsoft.Windows.10.0.22621",
          "Microsoft.Azure.Management.Internal.Resources.ResourceManagementClient/1.3.73"
        ],
        "Content-Type": [
          "application/json; charset=utf-8"
        ],
        "Content-Length": [
          "29"
        ]
      },
      "RequestBody": "{\r\n  \"location\": \"East US\"\r\n}",
      "ResponseHeaders": {
        "Cache-Control": [
          "no-cache"
        ],
        "Pragma": [
          "no-cache"
        ],
        "x-ms-ratelimit-remaining-subscription-writes": [
          "1199"
        ],
        "x-ms-request-id": [
          "b31a27d3-b6b2-4804-8017-55e213345ab4"
        ],
        "x-ms-correlation-request-id": [
          "b31a27d3-b6b2-4804-8017-55e213345ab4"
        ],
        "x-ms-routing-request-id": [
          "EASTUS:20230413T074540Z:b31a27d3-b6b2-4804-8017-55e213345ab4"
        ],
        "Strict-Transport-Security": [
          "max-age=31536000; includeSubDomains"
        ],
        "X-Content-Type-Options": [
          "nosniff"
        ],
        "Date": [
          "Thu, 13 Apr 2023 07:45:39 GMT"
        ],
        "Content-Length": [
          "199"
        ],
        "Content-Type": [
          "application/json; charset=utf-8"
        ],
        "Expires": [
          "-1"
        ]
      },
      "ResponseBody": "{\r\n  \"id\": \"/subscriptions/12053b8f-cab5-4f5c-9c1a-870580142abd/resourceGroups/CosmosDBResourceGroup84\",\r\n  \"name\": \"CosmosDBResourceGroup84\",\r\n  \"location\": \"eastus\",\r\n  \"properties\": {\r\n    \"provisioningState\": \"Succeeded\"\r\n  }\r\n}",
      "StatusCode": 201
    },
    {
      "RequestUri": "/subscriptions/12053b8f-cab5-4f5c-9c1a-870580142abd/resourceGroups/CosmosDBResourceGroup84/providers/Microsoft.DocumentDB/databaseAccounts/cosmosdb-1917?api-version=2022-11-15-preview",
      "EncodedRequestUri": "L3N1YnNjcmlwdGlvbnMvMTIwNTNiOGYtY2FiNS00ZjVjLTljMWEtODcwNTgwMTQyYWJkL3Jlc291cmNlR3JvdXBzL0Nvc21vc0RCUmVzb3VyY2VHcm91cDg0L3Byb3ZpZGVycy9NaWNyb3NvZnQuRG9jdW1lbnREQi9kYXRhYmFzZUFjY291bnRzL2Nvc21vc2RiLTE5MTc/YXBpLXZlcnNpb249MjAyMi0xMS0xNS1wcmV2aWV3",
      "RequestMethod": "GET",
      "RequestHeaders": {
        "x-ms-client-request-id": [
          "f49aa4e5-537c-423d-a557-9ca556611ba1"
        ],
        "Accept-Language": [
          "en-US"
        ],
        "User-Agent": [
          "FxVersion/4.700.22.55902",
          "OSName/Windows",
          "OSVersion/Microsoft.Windows.10.0.22621",
          "Microsoft.Azure.Management.CosmosDB.CosmosDBManagementClient/1.9.1"
        ]
      },
      "RequestBody": "",
      "ResponseHeaders": {
        "Cache-Control": [
          "no-cache"
        ],
        "Pragma": [
          "no-cache"
        ],
        "x-ms-failure-cause": [
          "gateway"
        ],
        "x-ms-request-id": [
          "7ea68d53-27fc-4308-8aac-9e238dff0ff0"
        ],
        "x-ms-correlation-request-id": [
          "7ea68d53-27fc-4308-8aac-9e238dff0ff0"
        ],
        "x-ms-routing-request-id": [
          "EASTUS:20230413T074540Z:7ea68d53-27fc-4308-8aac-9e238dff0ff0"
        ],
        "Strict-Transport-Security": [
          "max-age=31536000; includeSubDomains"
        ],
        "X-Content-Type-Options": [
          "nosniff"
        ],
        "Date": [
          "Thu, 13 Apr 2023 07:45:40 GMT"
        ],
        "Content-Type": [
          "application/json; charset=utf-8"
        ],
        "Expires": [
          "-1"
        ],
        "Content-Length": [
          "246"
        ]
      },
      "ResponseBody": "{\r\n  \"error\": {\r\n    \"code\": \"ResourceNotFound\",\r\n    \"message\": \"The Resource 'Microsoft.DocumentDB/databaseAccounts/cosmosdb-1917' under resource group 'CosmosDBResourceGroup84' was not found. For more details please go to https://aka.ms/ARMResourceNotFoundFix\"\r\n  }\r\n}",
      "StatusCode": 404
    },
    {
      "RequestUri": "/subscriptions/12053b8f-cab5-4f5c-9c1a-870580142abd/resourceGroups/CosmosDBResourceGroup84/providers/Microsoft.DocumentDB/databaseAccounts/cosmosdb-1917?api-version=2022-11-15-preview",
      "EncodedRequestUri": "L3N1YnNjcmlwdGlvbnMvMTIwNTNiOGYtY2FiNS00ZjVjLTljMWEtODcwNTgwMTQyYWJkL3Jlc291cmNlR3JvdXBzL0Nvc21vc0RCUmVzb3VyY2VHcm91cDg0L3Byb3ZpZGVycy9NaWNyb3NvZnQuRG9jdW1lbnREQi9kYXRhYmFzZUFjY291bnRzL2Nvc21vc2RiLTE5MTc/YXBpLXZlcnNpb249MjAyMi0xMS0xNS1wcmV2aWV3",
      "RequestMethod": "GET",
      "RequestHeaders": {
        "x-ms-client-request-id": [
          "f49aa4e5-537c-423d-a557-9ca556611ba1"
        ],
        "User-Agent": [
          "FxVersion/4.700.22.55902",
          "OSName/Windows",
          "OSVersion/Microsoft.Windows.10.0.22621",
          "Microsoft.Azure.Management.CosmosDB.CosmosDBManagementClient/1.9.1"
        ]
      },
      "RequestBody": "",
      "ResponseHeaders": {
        "Cache-Control": [
          "no-store, no-cache"
        ],
        "Pragma": [
          "no-cache"
        ],
        "Strict-Transport-Security": [
          "max-age=31536000; includeSubDomains"
        ],
        "x-ms-gatewayversion": [
          "version=2.14.0"
        ],
        "Server": [
          "Microsoft-HTTPAPI/2.0"
        ],
        "x-ms-ratelimit-remaining-subscription-reads": [
          "11990"
        ],
        "x-ms-request-id": [
          "dfd6858b-689f-4f86-8c2f-154577d4d506"
        ],
        "x-ms-correlation-request-id": [
          "dfd6858b-689f-4f86-8c2f-154577d4d506"
        ],
        "x-ms-routing-request-id": [
          "EASTUS:20230413T074913Z:dfd6858b-689f-4f86-8c2f-154577d4d506"
        ],
        "X-Content-Type-Options": [
          "nosniff"
        ],
        "Date": [
          "Thu, 13 Apr 2023 07:49:12 GMT"
        ],
        "Content-Length": [
          "2840"
        ],
        "Content-Type": [
          "application/json"
        ]
      },
      "ResponseBody": "{\r\n  \"id\": \"/subscriptions/12053b8f-cab5-4f5c-9c1a-870580142abd/resourceGroups/CosmosDBResourceGroup84/providers/Microsoft.DocumentDB/databaseAccounts/cosmosdb-1917\",\r\n  \"name\": \"cosmosdb-1917\",\r\n  \"location\": \"East US\",\r\n  \"type\": \"Microsoft.DocumentDB/databaseAccounts\",\r\n  \"kind\": \"GlobalDocumentDB\",\r\n  \"tags\": {},\r\n  \"systemData\": {\r\n    \"createdAt\": \"2023-04-13T07:48:40.8049991Z\"\r\n  },\r\n  \"properties\": {\r\n    \"provisioningState\": \"Succeeded\",\r\n    \"documentEndpoint\": \"https://cosmosdb-1917.documents.azure.com:443/\",\r\n    \"tableEndpoint\": \"https://cosmosdb-1917.table.cosmos.azure.com:443/\",\r\n    \"sqlEndpoint\": \"https://cosmosdb-1917.documents.azure.com:443/\",\r\n    \"publicNetworkAccess\": \"Enabled\",\r\n    \"enableAutomaticFailover\": false,\r\n    \"enableMultipleWriteLocations\": false,\r\n    \"enablePartitionKeyMonitor\": false,\r\n    \"isVirtualNetworkFilterEnabled\": false,\r\n    \"virtualNetworkRules\": [],\r\n    \"EnabledApiTypes\": \"Table, Sql\",\r\n    \"disableKeyBasedMetadataWriteAccess\": false,\r\n    \"enableFreeTier\": false,\r\n    \"enableAnalyticalStorage\": false,\r\n    \"analyticalStorageConfiguration\": {\r\n      \"schemaType\": \"WellDefined\"\r\n    },\r\n    \"instanceId\": \"70af04b1-1b2b-4b00-a9cd-7f77956ce3d7\",\r\n    \"createMode\": \"Default\",\r\n    \"databaseAccountOfferType\": \"Standard\",\r\n    \"enableCassandraConnector\": false,\r\n    \"connectorOffer\": \"\",\r\n    \"enableMaterializedViews\": false,\r\n    \"defaultIdentity\": \"FirstPartyIdentity\",\r\n    \"networkAclBypass\": \"None\",\r\n    \"disableLocalAuth\": false,\r\n    \"enablePartitionMerge\": false,\r\n    \"enableBurstCapacity\": false,\r\n    \"minimalTlsVersion\": \"Tls\",\r\n    \"consistencyPolicy\": {\r\n      \"defaultConsistencyLevel\": \"Session\",\r\n      \"maxIntervalInSeconds\": 5,\r\n      \"maxStalenessPrefix\": 100\r\n    },\r\n    \"configurationOverrides\": {},\r\n    \"writeLocations\": [\r\n      {\r\n        \"id\": \"cosmosdb-1917-eastus\",\r\n        \"locationName\": \"East US\",\r\n        \"documentEndpoint\": \"https://cosmosdb-1917-eastus.documents.azure.com:443/\",\r\n        \"provisioningState\": \"Succeeded\",\r\n        \"failoverPriority\": 0,\r\n        \"isZoneRedundant\": false\r\n      }\r\n    ],\r\n    \"readLocations\": [\r\n      {\r\n        \"id\": \"cosmosdb-1917-eastus\",\r\n        \"locationName\": \"East US\",\r\n        \"documentEndpoint\": \"https://cosmosdb-1917-eastus.documents.azure.com:443/\",\r\n        \"provisioningState\": \"Succeeded\",\r\n        \"failoverPriority\": 0,\r\n        \"isZoneRedundant\": false\r\n      }\r\n    ],\r\n    \"locations\": [\r\n      {\r\n        \"id\": \"cosmosdb-1917-eastus\",\r\n        \"locationName\": \"East US\",\r\n        \"documentEndpoint\": \"https://cosmosdb-1917-eastus.documents.azure.com:443/\",\r\n        \"provisioningState\": \"Succeeded\",\r\n        \"failoverPriority\": 0,\r\n        \"isZoneRedundant\": false\r\n      }\r\n    ],\r\n    \"failoverPolicies\": [\r\n      {\r\n        \"id\": \"cosmosdb-1917-eastus\",\r\n        \"locationName\": \"East US\",\r\n        \"failoverPriority\": 0\r\n      }\r\n    ],\r\n    \"cors\": [],\r\n    \"capabilities\": [\r\n      {\r\n        \"name\": \"EnableTable\"\r\n      }\r\n    ],\r\n    \"ipRules\": [],\r\n    \"backupPolicy\": {\r\n      \"type\": \"Continuous\",\r\n      \"continuousModeProperties\": {\r\n        \"tier\": \"Continuous30Days\"\r\n      }\r\n    },\r\n    \"networkAclBypassResourceIds\": [],\r\n    \"diagnosticLogSettings\": {\r\n      \"enableFullTextQuery\": \"None\"\r\n    },\r\n    \"keysMetadata\": {\r\n      \"primaryMasterKey\": {\r\n        \"generationTime\": \"2023-04-13T07:48:40.8049991Z\"\r\n      },\r\n      \"secondaryMasterKey\": {\r\n        \"generationTime\": \"2023-04-13T07:48:40.8049991Z\"\r\n      },\r\n      \"primaryReadonlyMasterKey\": {\r\n        \"generationTime\": \"2023-04-13T07:48:40.8049991Z\"\r\n      },\r\n      \"secondaryReadonlyMasterKey\": {\r\n        \"generationTime\": \"2023-04-13T07:48:40.8049991Z\"\r\n      }\r\n    }\r\n  },\r\n  \"identity\": {\r\n    \"type\": \"None\"\r\n  }\r\n}",
      "StatusCode": 200
    },
    {
      "RequestUri": "/subscriptions/12053b8f-cab5-4f5c-9c1a-870580142abd/resourceGroups/CosmosDBResourceGroup84/providers/Microsoft.DocumentDB/databaseAccounts/cosmosdb-1917?api-version=2022-11-15-preview",
      "EncodedRequestUri": "L3N1YnNjcmlwdGlvbnMvMTIwNTNiOGYtY2FiNS00ZjVjLTljMWEtODcwNTgwMTQyYWJkL3Jlc291cmNlR3JvdXBzL0Nvc21vc0RCUmVzb3VyY2VHcm91cDg0L3Byb3ZpZGVycy9NaWNyb3NvZnQuRG9jdW1lbnREQi9kYXRhYmFzZUFjY291bnRzL2Nvc21vc2RiLTE5MTc/YXBpLXZlcnNpb249MjAyMi0xMS0xNS1wcmV2aWV3",
      "RequestMethod": "GET",
      "RequestHeaders": {
        "x-ms-client-request-id": [
          "655ce15f-d015-4157-93f6-95c0bf7ca504"
        ],
        "Accept-Language": [
          "en-US"
        ],
        "User-Agent": [
          "FxVersion/4.700.22.55902",
          "OSName/Windows",
          "OSVersion/Microsoft.Windows.10.0.22621",
          "Microsoft.Azure.Management.CosmosDB.CosmosDBManagementClient/1.9.1"
        ]
      },
      "RequestBody": "",
      "ResponseHeaders": {
        "Cache-Control": [
          "no-store, no-cache"
        ],
        "Pragma": [
          "no-cache"
        ],
        "Strict-Transport-Security": [
          "max-age=31536000; includeSubDomains"
        ],
        "x-ms-gatewayversion": [
          "version=2.14.0"
        ],
        "Server": [
          "Microsoft-HTTPAPI/2.0"
        ],
        "x-ms-ratelimit-remaining-subscription-reads": [
          "11996"
        ],
        "x-ms-request-id": [
          "1426b42b-cc37-43c7-b04a-d746a5570374"
        ],
        "x-ms-correlation-request-id": [
          "1426b42b-cc37-43c7-b04a-d746a5570374"
        ],
        "x-ms-routing-request-id": [
          "EASTUS:20230413T074944Z:1426b42b-cc37-43c7-b04a-d746a5570374"
        ],
        "X-Content-Type-Options": [
          "nosniff"
        ],
        "Date": [
          "Thu, 13 Apr 2023 07:49:44 GMT"
        ],
        "Content-Length": [
          "2840"
        ],
        "Content-Type": [
          "application/json"
        ]
      },
      "ResponseBody": "{\r\n  \"id\": \"/subscriptions/12053b8f-cab5-4f5c-9c1a-870580142abd/resourceGroups/CosmosDBResourceGroup84/providers/Microsoft.DocumentDB/databaseAccounts/cosmosdb-1917\",\r\n  \"name\": \"cosmosdb-1917\",\r\n  \"location\": \"East US\",\r\n  \"type\": \"Microsoft.DocumentDB/databaseAccounts\",\r\n  \"kind\": \"GlobalDocumentDB\",\r\n  \"tags\": {},\r\n  \"systemData\": {\r\n    \"createdAt\": \"2023-04-13T07:48:40.8049991Z\"\r\n  },\r\n  \"properties\": {\r\n    \"provisioningState\": \"Succeeded\",\r\n    \"documentEndpoint\": \"https://cosmosdb-1917.documents.azure.com:443/\",\r\n    \"tableEndpoint\": \"https://cosmosdb-1917.table.cosmos.azure.com:443/\",\r\n    \"sqlEndpoint\": \"https://cosmosdb-1917.documents.azure.com:443/\",\r\n    \"publicNetworkAccess\": \"Enabled\",\r\n    \"enableAutomaticFailover\": false,\r\n    \"enableMultipleWriteLocations\": false,\r\n    \"enablePartitionKeyMonitor\": false,\r\n    \"isVirtualNetworkFilterEnabled\": false,\r\n    \"virtualNetworkRules\": [],\r\n    \"EnabledApiTypes\": \"Table, Sql\",\r\n    \"disableKeyBasedMetadataWriteAccess\": false,\r\n    \"enableFreeTier\": false,\r\n    \"enableAnalyticalStorage\": false,\r\n    \"analyticalStorageConfiguration\": {\r\n      \"schemaType\": \"WellDefined\"\r\n    },\r\n    \"instanceId\": \"70af04b1-1b2b-4b00-a9cd-7f77956ce3d7\",\r\n    \"createMode\": \"Default\",\r\n    \"databaseAccountOfferType\": \"Standard\",\r\n    \"enableCassandraConnector\": false,\r\n    \"connectorOffer\": \"\",\r\n    \"enableMaterializedViews\": false,\r\n    \"defaultIdentity\": \"FirstPartyIdentity\",\r\n    \"networkAclBypass\": \"None\",\r\n    \"disableLocalAuth\": false,\r\n    \"enablePartitionMerge\": false,\r\n    \"enableBurstCapacity\": false,\r\n    \"minimalTlsVersion\": \"Tls\",\r\n    \"consistencyPolicy\": {\r\n      \"defaultConsistencyLevel\": \"Session\",\r\n      \"maxIntervalInSeconds\": 5,\r\n      \"maxStalenessPrefix\": 100\r\n    },\r\n    \"configurationOverrides\": {},\r\n    \"writeLocations\": [\r\n      {\r\n        \"id\": \"cosmosdb-1917-eastus\",\r\n        \"locationName\": \"East US\",\r\n        \"documentEndpoint\": \"https://cosmosdb-1917-eastus.documents.azure.com:443/\",\r\n        \"provisioningState\": \"Succeeded\",\r\n        \"failoverPriority\": 0,\r\n        \"isZoneRedundant\": false\r\n      }\r\n    ],\r\n    \"readLocations\": [\r\n      {\r\n        \"id\": \"cosmosdb-1917-eastus\",\r\n        \"locationName\": \"East US\",\r\n        \"documentEndpoint\": \"https://cosmosdb-1917-eastus.documents.azure.com:443/\",\r\n        \"provisioningState\": \"Succeeded\",\r\n        \"failoverPriority\": 0,\r\n        \"isZoneRedundant\": false\r\n      }\r\n    ],\r\n    \"locations\": [\r\n      {\r\n        \"id\": \"cosmosdb-1917-eastus\",\r\n        \"locationName\": \"East US\",\r\n        \"documentEndpoint\": \"https://cosmosdb-1917-eastus.documents.azure.com:443/\",\r\n        \"provisioningState\": \"Succeeded\",\r\n        \"failoverPriority\": 0,\r\n        \"isZoneRedundant\": false\r\n      }\r\n    ],\r\n    \"failoverPolicies\": [\r\n      {\r\n        \"id\": \"cosmosdb-1917-eastus\",\r\n        \"locationName\": \"East US\",\r\n        \"failoverPriority\": 0\r\n      }\r\n    ],\r\n    \"cors\": [],\r\n    \"capabilities\": [\r\n      {\r\n        \"name\": \"EnableTable\"\r\n      }\r\n    ],\r\n    \"ipRules\": [],\r\n    \"backupPolicy\": {\r\n      \"type\": \"Continuous\",\r\n      \"continuousModeProperties\": {\r\n        \"tier\": \"Continuous30Days\"\r\n      }\r\n    },\r\n    \"networkAclBypassResourceIds\": [],\r\n    \"diagnosticLogSettings\": {\r\n      \"enableFullTextQuery\": \"None\"\r\n    },\r\n    \"keysMetadata\": {\r\n      \"primaryMasterKey\": {\r\n        \"generationTime\": \"2023-04-13T07:48:40.8049991Z\"\r\n      },\r\n      \"secondaryMasterKey\": {\r\n        \"generationTime\": \"2023-04-13T07:48:40.8049991Z\"\r\n      },\r\n      \"primaryReadonlyMasterKey\": {\r\n        \"generationTime\": \"2023-04-13T07:48:40.8049991Z\"\r\n      },\r\n      \"secondaryReadonlyMasterKey\": {\r\n        \"generationTime\": \"2023-04-13T07:48:40.8049991Z\"\r\n      }\r\n    }\r\n  },\r\n  \"identity\": {\r\n    \"type\": \"None\"\r\n  }\r\n}",
      "StatusCode": 200
    },
    {
      "RequestUri": "/subscriptions/12053b8f-cab5-4f5c-9c1a-870580142abd/resourceGroups/CosmosDBResourceGroup84/providers/Microsoft.DocumentDB/databaseAccounts/cosmosdb-1917?api-version=2022-11-15-preview",
      "EncodedRequestUri": "L3N1YnNjcmlwdGlvbnMvMTIwNTNiOGYtY2FiNS00ZjVjLTljMWEtODcwNTgwMTQyYWJkL3Jlc291cmNlR3JvdXBzL0Nvc21vc0RCUmVzb3VyY2VHcm91cDg0L3Byb3ZpZGVycy9NaWNyb3NvZnQuRG9jdW1lbnREQi9kYXRhYmFzZUFjY291bnRzL2Nvc21vc2RiLTE5MTc/YXBpLXZlcnNpb249MjAyMi0xMS0xNS1wcmV2aWV3",
      "RequestMethod": "PUT",
      "RequestHeaders": {
        "x-ms-client-request-id": [
          "f49aa4e5-537c-423d-a557-9ca556611ba1"
        ],
        "Accept-Language": [
          "en-US"
        ],
        "User-Agent": [
          "FxVersion/4.700.22.55902",
          "OSName/Windows",
          "OSVersion/Microsoft.Windows.10.0.22621",
          "Microsoft.Azure.Management.CosmosDB.CosmosDBManagementClient/1.9.1"
        ],
        "Content-Type": [
          "application/json; charset=utf-8"
        ],
        "Content-Length": [
          "769"
        ]
      },
      "RequestBody": "{\r\n  \"properties\": {\r\n    \"consistencyPolicy\": {\r\n      \"defaultConsistencyLevel\": \"Session\"\r\n    },\r\n    \"locations\": [\r\n      {\r\n        \"locationName\": \"East US\",\r\n        \"failoverPriority\": 0,\r\n        \"isZoneRedundant\": false\r\n      }\r\n    ],\r\n    \"isVirtualNetworkFilterEnabled\": false,\r\n    \"enableAutomaticFailover\": false,\r\n    \"capabilities\": [\r\n      {\r\n        \"name\": \"EnableTable\"\r\n      }\r\n    ],\r\n    \"virtualNetworkRules\": [],\r\n    \"enableMultipleWriteLocations\": false,\r\n    \"disableKeyBasedMetadataWriteAccess\": false,\r\n    \"backupPolicy\": {\r\n      \"type\": \"Continuous\",\r\n      \"continuousModeProperties\": {}\r\n    },\r\n    \"networkAclBypassResourceIds\": [],\r\n    \"databaseAccountOfferType\": \"Standard\"\r\n  },\r\n  \"location\": \"East US\",\r\n  \"tags\": {}\r\n}",
      "ResponseHeaders": {
        "Cache-Control": [
          "no-store, no-cache"
        ],
        "Pragma": [
          "no-cache"
        ],
        "Location": [
          "https://management.azure.com/subscriptions/12053b8f-cab5-4f5c-9c1a-870580142abd/resourceGroups/CosmosDBResourceGroup84/providers/Microsoft.DocumentDB/databaseAccounts/cosmosdb-1917/operationResults/39119979-c2c1-4699-b4d3-a542d8201626?api-version=2022-11-15-preview"
        ],
        "x-ms-request-id": [
          "39119979-c2c1-4699-b4d3-a542d8201626"
        ],
        "Azure-AsyncOperation": [
          "https://management.azure.com/subscriptions/12053b8f-cab5-4f5c-9c1a-870580142abd/providers/Microsoft.DocumentDB/locations/eastus/operationsStatus/39119979-c2c1-4699-b4d3-a542d8201626?api-version=2022-11-15-preview"
        ],
        "Strict-Transport-Security": [
          "max-age=31536000; includeSubDomains"
        ],
        "x-ms-gatewayversion": [
          "version=2.14.0"
        ],
        "Server": [
          "Microsoft-HTTPAPI/2.0"
        ],
        "x-ms-ratelimit-remaining-subscription-writes": [
          "1199"
        ],
        "x-ms-correlation-request-id": [
          "f5382ca3-9b3e-49e7-99aa-0377017f4a98"
        ],
        "x-ms-routing-request-id": [
          "EASTUS:20230413T074543Z:f5382ca3-9b3e-49e7-99aa-0377017f4a98"
        ],
        "X-Content-Type-Options": [
          "nosniff"
        ],
        "Date": [
          "Thu, 13 Apr 2023 07:45:43 GMT"
        ],
        "Content-Length": [
          "2394"
        ],
        "Content-Type": [
          "application/json"
        ]
      },
      "ResponseBody": "{\r\n  \"id\": \"/subscriptions/12053b8f-cab5-4f5c-9c1a-870580142abd/resourceGroups/CosmosDBResourceGroup84/providers/Microsoft.DocumentDB/databaseAccounts/cosmosdb-1917\",\r\n  \"name\": \"cosmosdb-1917\",\r\n  \"location\": \"East US\",\r\n  \"type\": \"Microsoft.DocumentDB/databaseAccounts\",\r\n  \"kind\": \"GlobalDocumentDB\",\r\n  \"tags\": {},\r\n  \"systemData\": {\r\n    \"createdAt\": \"2023-04-13T07:45:41.6965711Z\"\r\n  },\r\n  \"properties\": {\r\n    \"provisioningState\": \"Creating\",\r\n    \"publicNetworkAccess\": \"Enabled\",\r\n    \"enableAutomaticFailover\": false,\r\n    \"enableMultipleWriteLocations\": false,\r\n    \"enablePartitionKeyMonitor\": false,\r\n    \"isVirtualNetworkFilterEnabled\": false,\r\n    \"virtualNetworkRules\": [],\r\n    \"EnabledApiTypes\": \"Table, Sql\",\r\n    \"disableKeyBasedMetadataWriteAccess\": false,\r\n    \"enableFreeTier\": false,\r\n    \"enableAnalyticalStorage\": false,\r\n    \"analyticalStorageConfiguration\": {\r\n      \"schemaType\": \"WellDefined\"\r\n    },\r\n    \"instanceId\": \"70af04b1-1b2b-4b00-a9cd-7f77956ce3d7\",\r\n    \"createMode\": \"Default\",\r\n    \"databaseAccountOfferType\": \"Standard\",\r\n    \"enableCassandraConnector\": false,\r\n    \"connectorOffer\": \"\",\r\n    \"enableMaterializedViews\": false,\r\n    \"defaultIdentity\": \"\",\r\n    \"networkAclBypass\": \"None\",\r\n    \"disableLocalAuth\": false,\r\n    \"enablePartitionMerge\": false,\r\n    \"enableBurstCapacity\": false,\r\n    \"minimalTlsVersion\": \"Tls\",\r\n    \"consistencyPolicy\": {\r\n      \"defaultConsistencyLevel\": \"Session\",\r\n      \"maxIntervalInSeconds\": 5,\r\n      \"maxStalenessPrefix\": 100\r\n    },\r\n    \"configurationOverrides\": {},\r\n    \"writeLocations\": [\r\n      {\r\n        \"id\": \"cosmosdb-1917-eastus\",\r\n        \"locationName\": \"East US\",\r\n        \"provisioningState\": \"Creating\",\r\n        \"failoverPriority\": 0,\r\n        \"isZoneRedundant\": false\r\n      }\r\n    ],\r\n    \"readLocations\": [\r\n      {\r\n        \"id\": \"cosmosdb-1917-eastus\",\r\n        \"locationName\": \"East US\",\r\n        \"provisioningState\": \"Creating\",\r\n        \"failoverPriority\": 0,\r\n        \"isZoneRedundant\": false\r\n      }\r\n    ],\r\n    \"locations\": [\r\n      {\r\n        \"id\": \"cosmosdb-1917-eastus\",\r\n        \"locationName\": \"East US\",\r\n        \"provisioningState\": \"Creating\",\r\n        \"failoverPriority\": 0,\r\n        \"isZoneRedundant\": false\r\n      }\r\n    ],\r\n    \"failoverPolicies\": [\r\n      {\r\n        \"id\": \"cosmosdb-1917-eastus\",\r\n        \"locationName\": \"East US\",\r\n        \"failoverPriority\": 0\r\n      }\r\n    ],\r\n    \"cors\": [],\r\n    \"capabilities\": [\r\n      {\r\n        \"name\": \"EnableTable\"\r\n      }\r\n    ],\r\n    \"ipRules\": [],\r\n    \"backupPolicy\": {\r\n      \"type\": \"Continuous\",\r\n      \"continuousModeProperties\": {\r\n        \"tier\": \"Continuous30Days\"\r\n      }\r\n    },\r\n    \"networkAclBypassResourceIds\": [],\r\n    \"diagnosticLogSettings\": {\r\n      \"enableFullTextQuery\": \"None\"\r\n    },\r\n    \"keysMetadata\": {\r\n      \"primaryMasterKey\": {\r\n        \"generationTime\": \"2023-04-13T07:45:41.6965711Z\"\r\n      },\r\n      \"secondaryMasterKey\": {\r\n        \"generationTime\": \"2023-04-13T07:45:41.6965711Z\"\r\n      },\r\n      \"primaryReadonlyMasterKey\": {\r\n        \"generationTime\": \"2023-04-13T07:45:41.6965711Z\"\r\n      },\r\n      \"secondaryReadonlyMasterKey\": {\r\n        \"generationTime\": \"2023-04-13T07:45:41.6965711Z\"\r\n      }\r\n    }\r\n  },\r\n  \"identity\": {\r\n    \"type\": \"None\"\r\n  }\r\n}",
      "StatusCode": 200
    },
    {
      "RequestUri": "/subscriptions/12053b8f-cab5-4f5c-9c1a-870580142abd/providers/Microsoft.DocumentDB/locations/eastus/operationsStatus/39119979-c2c1-4699-b4d3-a542d8201626?api-version=2022-11-15-preview",
      "EncodedRequestUri": "L3N1YnNjcmlwdGlvbnMvMTIwNTNiOGYtY2FiNS00ZjVjLTljMWEtODcwNTgwMTQyYWJkL3Byb3ZpZGVycy9NaWNyb3NvZnQuRG9jdW1lbnREQi9sb2NhdGlvbnMvZWFzdHVzL29wZXJhdGlvbnNTdGF0dXMvMzkxMTk5NzktYzJjMS00Njk5LWI0ZDMtYTU0MmQ4MjAxNjI2P2FwaS12ZXJzaW9uPTIwMjItMTEtMTUtcHJldmlldw==",
      "RequestMethod": "GET",
      "RequestHeaders": {
        "x-ms-client-request-id": [
          "f49aa4e5-537c-423d-a557-9ca556611ba1"
        ],
        "User-Agent": [
          "FxVersion/4.700.22.55902",
          "OSName/Windows",
          "OSVersion/Microsoft.Windows.10.0.22621",
          "Microsoft.Azure.Management.CosmosDB.CosmosDBManagementClient/1.9.1"
        ]
      },
      "RequestBody": "",
      "ResponseHeaders": {
        "Cache-Control": [
          "no-store, no-cache"
        ],
        "Pragma": [
          "no-cache"
        ],
        "Strict-Transport-Security": [
          "max-age=31536000; includeSubDomains"
        ],
        "x-ms-gatewayversion": [
          "version=2.14.0"
        ],
        "Server": [
          "Microsoft-HTTPAPI/2.0"
        ],
        "x-ms-ratelimit-remaining-subscription-reads": [
          "11997"
        ],
        "x-ms-request-id": [
          "b128bfcc-d35f-44a0-bf03-4797cbeb8b3c"
        ],
        "x-ms-correlation-request-id": [
          "b128bfcc-d35f-44a0-bf03-4797cbeb8b3c"
        ],
        "x-ms-routing-request-id": [
          "EASTUS:20230413T074613Z:b128bfcc-d35f-44a0-bf03-4797cbeb8b3c"
        ],
        "X-Content-Type-Options": [
          "nosniff"
        ],
        "Date": [
          "Thu, 13 Apr 2023 07:46:13 GMT"
        ],
        "Content-Length": [
          "21"
        ],
        "Content-Type": [
          "application/json"
        ]
      },
      "ResponseBody": "{\r\n  \"status\": \"Dequeued\"\r\n}",
      "StatusCode": 200
    },
    {
      "RequestUri": "/subscriptions/12053b8f-cab5-4f5c-9c1a-870580142abd/providers/Microsoft.DocumentDB/locations/eastus/operationsStatus/39119979-c2c1-4699-b4d3-a542d8201626?api-version=2022-11-15-preview",
      "EncodedRequestUri": "L3N1YnNjcmlwdGlvbnMvMTIwNTNiOGYtY2FiNS00ZjVjLTljMWEtODcwNTgwMTQyYWJkL3Byb3ZpZGVycy9NaWNyb3NvZnQuRG9jdW1lbnREQi9sb2NhdGlvbnMvZWFzdHVzL29wZXJhdGlvbnNTdGF0dXMvMzkxMTk5NzktYzJjMS00Njk5LWI0ZDMtYTU0MmQ4MjAxNjI2P2FwaS12ZXJzaW9uPTIwMjItMTEtMTUtcHJldmlldw==",
      "RequestMethod": "GET",
      "RequestHeaders": {
        "x-ms-client-request-id": [
          "f49aa4e5-537c-423d-a557-9ca556611ba1"
        ],
        "User-Agent": [
          "FxVersion/4.700.22.55902",
          "OSName/Windows",
          "OSVersion/Microsoft.Windows.10.0.22621",
          "Microsoft.Azure.Management.CosmosDB.CosmosDBManagementClient/1.9.1"
        ]
      },
      "RequestBody": "",
      "ResponseHeaders": {
        "Cache-Control": [
          "no-store, no-cache"
        ],
        "Pragma": [
          "no-cache"
        ],
        "Strict-Transport-Security": [
          "max-age=31536000; includeSubDomains"
        ],
        "x-ms-gatewayversion": [
          "version=2.14.0"
        ],
        "Server": [
          "Microsoft-HTTPAPI/2.0"
        ],
        "x-ms-ratelimit-remaining-subscription-reads": [
          "11996"
        ],
        "x-ms-request-id": [
          "1b8c8202-3b7b-4d7a-aef4-8e22ec0f5194"
        ],
        "x-ms-correlation-request-id": [
          "1b8c8202-3b7b-4d7a-aef4-8e22ec0f5194"
        ],
        "x-ms-routing-request-id": [
          "EASTUS:20230413T074643Z:1b8c8202-3b7b-4d7a-aef4-8e22ec0f5194"
        ],
        "X-Content-Type-Options": [
          "nosniff"
        ],
        "Date": [
          "Thu, 13 Apr 2023 07:46:43 GMT"
        ],
        "Content-Length": [
          "21"
        ],
        "Content-Type": [
          "application/json"
        ]
      },
      "ResponseBody": "{\r\n  \"status\": \"Dequeued\"\r\n}",
      "StatusCode": 200
    },
    {
      "RequestUri": "/subscriptions/12053b8f-cab5-4f5c-9c1a-870580142abd/providers/Microsoft.DocumentDB/locations/eastus/operationsStatus/39119979-c2c1-4699-b4d3-a542d8201626?api-version=2022-11-15-preview",
      "EncodedRequestUri": "L3N1YnNjcmlwdGlvbnMvMTIwNTNiOGYtY2FiNS00ZjVjLTljMWEtODcwNTgwMTQyYWJkL3Byb3ZpZGVycy9NaWNyb3NvZnQuRG9jdW1lbnREQi9sb2NhdGlvbnMvZWFzdHVzL29wZXJhdGlvbnNTdGF0dXMvMzkxMTk5NzktYzJjMS00Njk5LWI0ZDMtYTU0MmQ4MjAxNjI2P2FwaS12ZXJzaW9uPTIwMjItMTEtMTUtcHJldmlldw==",
      "RequestMethod": "GET",
      "RequestHeaders": {
        "x-ms-client-request-id": [
          "f49aa4e5-537c-423d-a557-9ca556611ba1"
        ],
        "User-Agent": [
          "FxVersion/4.700.22.55902",
          "OSName/Windows",
          "OSVersion/Microsoft.Windows.10.0.22621",
          "Microsoft.Azure.Management.CosmosDB.CosmosDBManagementClient/1.9.1"
        ]
      },
      "RequestBody": "",
      "ResponseHeaders": {
        "Cache-Control": [
          "no-store, no-cache"
        ],
        "Pragma": [
          "no-cache"
        ],
        "Strict-Transport-Security": [
          "max-age=31536000; includeSubDomains"
        ],
        "x-ms-gatewayversion": [
          "version=2.14.0"
        ],
        "Server": [
          "Microsoft-HTTPAPI/2.0"
        ],
        "x-ms-ratelimit-remaining-subscription-reads": [
          "11995"
        ],
        "x-ms-request-id": [
          "75bfda53-f34d-4759-b71e-2937c2482058"
        ],
        "x-ms-correlation-request-id": [
          "75bfda53-f34d-4759-b71e-2937c2482058"
        ],
        "x-ms-routing-request-id": [
          "EASTUS:20230413T074713Z:75bfda53-f34d-4759-b71e-2937c2482058"
        ],
        "X-Content-Type-Options": [
          "nosniff"
        ],
        "Date": [
          "Thu, 13 Apr 2023 07:47:12 GMT"
        ],
        "Content-Length": [
          "21"
        ],
        "Content-Type": [
          "application/json"
        ]
      },
      "ResponseBody": "{\r\n  \"status\": \"Dequeued\"\r\n}",
      "StatusCode": 200
    },
    {
      "RequestUri": "/subscriptions/12053b8f-cab5-4f5c-9c1a-870580142abd/providers/Microsoft.DocumentDB/locations/eastus/operationsStatus/39119979-c2c1-4699-b4d3-a542d8201626?api-version=2022-11-15-preview",
      "EncodedRequestUri": "L3N1YnNjcmlwdGlvbnMvMTIwNTNiOGYtY2FiNS00ZjVjLTljMWEtODcwNTgwMTQyYWJkL3Byb3ZpZGVycy9NaWNyb3NvZnQuRG9jdW1lbnREQi9sb2NhdGlvbnMvZWFzdHVzL29wZXJhdGlvbnNTdGF0dXMvMzkxMTk5NzktYzJjMS00Njk5LWI0ZDMtYTU0MmQ4MjAxNjI2P2FwaS12ZXJzaW9uPTIwMjItMTEtMTUtcHJldmlldw==",
      "RequestMethod": "GET",
      "RequestHeaders": {
        "x-ms-client-request-id": [
          "f49aa4e5-537c-423d-a557-9ca556611ba1"
        ],
        "User-Agent": [
          "FxVersion/4.700.22.55902",
          "OSName/Windows",
          "OSVersion/Microsoft.Windows.10.0.22621",
          "Microsoft.Azure.Management.CosmosDB.CosmosDBManagementClient/1.9.1"
        ]
      },
      "RequestBody": "",
      "ResponseHeaders": {
        "Cache-Control": [
          "no-store, no-cache"
        ],
        "Pragma": [
          "no-cache"
        ],
        "Strict-Transport-Security": [
          "max-age=31536000; includeSubDomains"
        ],
        "x-ms-gatewayversion": [
          "version=2.14.0"
        ],
        "Server": [
          "Microsoft-HTTPAPI/2.0"
        ],
        "x-ms-ratelimit-remaining-subscription-reads": [
          "11994"
        ],
        "x-ms-request-id": [
          "2e47e79d-9584-4056-8cc2-c56d79f3d870"
        ],
        "x-ms-correlation-request-id": [
          "2e47e79d-9584-4056-8cc2-c56d79f3d870"
        ],
        "x-ms-routing-request-id": [
          "EASTUS:20230413T074743Z:2e47e79d-9584-4056-8cc2-c56d79f3d870"
        ],
        "X-Content-Type-Options": [
          "nosniff"
        ],
        "Date": [
          "Thu, 13 Apr 2023 07:47:42 GMT"
        ],
        "Content-Length": [
          "21"
        ],
        "Content-Type": [
          "application/json"
        ]
      },
      "ResponseBody": "{\r\n  \"status\": \"Dequeued\"\r\n}",
      "StatusCode": 200
    },
    {
      "RequestUri": "/subscriptions/12053b8f-cab5-4f5c-9c1a-870580142abd/providers/Microsoft.DocumentDB/locations/eastus/operationsStatus/39119979-c2c1-4699-b4d3-a542d8201626?api-version=2022-11-15-preview",
      "EncodedRequestUri": "L3N1YnNjcmlwdGlvbnMvMTIwNTNiOGYtY2FiNS00ZjVjLTljMWEtODcwNTgwMTQyYWJkL3Byb3ZpZGVycy9NaWNyb3NvZnQuRG9jdW1lbnREQi9sb2NhdGlvbnMvZWFzdHVzL29wZXJhdGlvbnNTdGF0dXMvMzkxMTk5NzktYzJjMS00Njk5LWI0ZDMtYTU0MmQ4MjAxNjI2P2FwaS12ZXJzaW9uPTIwMjItMTEtMTUtcHJldmlldw==",
      "RequestMethod": "GET",
      "RequestHeaders": {
        "x-ms-client-request-id": [
          "f49aa4e5-537c-423d-a557-9ca556611ba1"
        ],
        "User-Agent": [
          "FxVersion/4.700.22.55902",
          "OSName/Windows",
          "OSVersion/Microsoft.Windows.10.0.22621",
          "Microsoft.Azure.Management.CosmosDB.CosmosDBManagementClient/1.9.1"
        ]
      },
      "RequestBody": "",
      "ResponseHeaders": {
        "Cache-Control": [
          "no-store, no-cache"
        ],
        "Pragma": [
          "no-cache"
        ],
        "Strict-Transport-Security": [
          "max-age=31536000; includeSubDomains"
        ],
        "x-ms-gatewayversion": [
          "version=2.14.0"
        ],
        "Server": [
          "Microsoft-HTTPAPI/2.0"
        ],
        "x-ms-ratelimit-remaining-subscription-reads": [
          "11993"
        ],
        "x-ms-request-id": [
          "aadf2ff5-c918-4c28-a603-19c3c7e37658"
        ],
        "x-ms-correlation-request-id": [
          "aadf2ff5-c918-4c28-a603-19c3c7e37658"
        ],
        "x-ms-routing-request-id": [
          "EASTUS:20230413T074813Z:aadf2ff5-c918-4c28-a603-19c3c7e37658"
        ],
        "X-Content-Type-Options": [
          "nosniff"
        ],
        "Date": [
          "Thu, 13 Apr 2023 07:48:12 GMT"
        ],
        "Content-Length": [
          "21"
        ],
        "Content-Type": [
          "application/json"
        ]
      },
      "ResponseBody": "{\r\n  \"status\": \"Dequeued\"\r\n}",
      "StatusCode": 200
    },
    {
      "RequestUri": "/subscriptions/12053b8f-cab5-4f5c-9c1a-870580142abd/providers/Microsoft.DocumentDB/locations/eastus/operationsStatus/39119979-c2c1-4699-b4d3-a542d8201626?api-version=2022-11-15-preview",
      "EncodedRequestUri": "L3N1YnNjcmlwdGlvbnMvMTIwNTNiOGYtY2FiNS00ZjVjLTljMWEtODcwNTgwMTQyYWJkL3Byb3ZpZGVycy9NaWNyb3NvZnQuRG9jdW1lbnREQi9sb2NhdGlvbnMvZWFzdHVzL29wZXJhdGlvbnNTdGF0dXMvMzkxMTk5NzktYzJjMS00Njk5LWI0ZDMtYTU0MmQ4MjAxNjI2P2FwaS12ZXJzaW9uPTIwMjItMTEtMTUtcHJldmlldw==",
      "RequestMethod": "GET",
      "RequestHeaders": {
        "x-ms-client-request-id": [
          "f49aa4e5-537c-423d-a557-9ca556611ba1"
        ],
        "User-Agent": [
          "FxVersion/4.700.22.55902",
          "OSName/Windows",
          "OSVersion/Microsoft.Windows.10.0.22621",
          "Microsoft.Azure.Management.CosmosDB.CosmosDBManagementClient/1.9.1"
        ]
      },
      "RequestBody": "",
      "ResponseHeaders": {
        "Cache-Control": [
          "no-store, no-cache"
        ],
        "Pragma": [
          "no-cache"
        ],
        "Strict-Transport-Security": [
          "max-age=31536000; includeSubDomains"
        ],
        "x-ms-gatewayversion": [
          "version=2.14.0"
        ],
        "Server": [
          "Microsoft-HTTPAPI/2.0"
        ],
        "x-ms-ratelimit-remaining-subscription-reads": [
          "11992"
        ],
        "x-ms-request-id": [
          "75c1620e-2822-4b47-b63c-bd34d2aae97f"
        ],
        "x-ms-correlation-request-id": [
          "75c1620e-2822-4b47-b63c-bd34d2aae97f"
        ],
        "x-ms-routing-request-id": [
          "EASTUS:20230413T074843Z:75c1620e-2822-4b47-b63c-bd34d2aae97f"
        ],
        "X-Content-Type-Options": [
          "nosniff"
        ],
        "Date": [
          "Thu, 13 Apr 2023 07:48:42 GMT"
        ],
        "Content-Length": [
          "21"
        ],
        "Content-Type": [
          "application/json"
        ]
      },
      "ResponseBody": "{\r\n  \"status\": \"Dequeued\"\r\n}",
      "StatusCode": 200
    },
    {
      "RequestUri": "/subscriptions/12053b8f-cab5-4f5c-9c1a-870580142abd/providers/Microsoft.DocumentDB/locations/eastus/operationsStatus/39119979-c2c1-4699-b4d3-a542d8201626?api-version=2022-11-15-preview",
      "EncodedRequestUri": "L3N1YnNjcmlwdGlvbnMvMTIwNTNiOGYtY2FiNS00ZjVjLTljMWEtODcwNTgwMTQyYWJkL3Byb3ZpZGVycy9NaWNyb3NvZnQuRG9jdW1lbnREQi9sb2NhdGlvbnMvZWFzdHVzL29wZXJhdGlvbnNTdGF0dXMvMzkxMTk5NzktYzJjMS00Njk5LWI0ZDMtYTU0MmQ4MjAxNjI2P2FwaS12ZXJzaW9uPTIwMjItMTEtMTUtcHJldmlldw==",
      "RequestMethod": "GET",
      "RequestHeaders": {
        "x-ms-client-request-id": [
          "f49aa4e5-537c-423d-a557-9ca556611ba1"
        ],
        "User-Agent": [
          "FxVersion/4.700.22.55902",
          "OSName/Windows",
          "OSVersion/Microsoft.Windows.10.0.22621",
          "Microsoft.Azure.Management.CosmosDB.CosmosDBManagementClient/1.9.1"
        ]
      },
      "RequestBody": "",
      "ResponseHeaders": {
        "Cache-Control": [
          "no-store, no-cache"
        ],
        "Pragma": [
          "no-cache"
        ],
        "Strict-Transport-Security": [
          "max-age=31536000; includeSubDomains"
        ],
        "x-ms-gatewayversion": [
          "version=2.14.0"
        ],
        "Server": [
          "Microsoft-HTTPAPI/2.0"
        ],
        "x-ms-ratelimit-remaining-subscription-reads": [
          "11991"
        ],
        "x-ms-request-id": [
          "b895e068-2816-4dfa-b415-db7f77af1f2e"
        ],
        "x-ms-correlation-request-id": [
          "b895e068-2816-4dfa-b415-db7f77af1f2e"
        ],
        "x-ms-routing-request-id": [
          "EASTUS:20230413T074913Z:b895e068-2816-4dfa-b415-db7f77af1f2e"
        ],
        "X-Content-Type-Options": [
          "nosniff"
        ],
        "Date": [
          "Thu, 13 Apr 2023 07:49:12 GMT"
        ],
        "Content-Length": [
          "22"
        ],
        "Content-Type": [
          "application/json"
        ]
      },
      "ResponseBody": "{\r\n  \"status\": \"Succeeded\"\r\n}",
      "StatusCode": 200
    },
    {
      "RequestUri": "/subscriptions/12053b8f-cab5-4f5c-9c1a-870580142abd/resourceGroups/CosmosDBResourceGroup84/providers/Microsoft.DocumentDB/databaseAccounts/cosmosdb-1917/tables/TestGraph1?api-version=2022-11-15-preview",
      "EncodedRequestUri": "L3N1YnNjcmlwdGlvbnMvMTIwNTNiOGYtY2FiNS00ZjVjLTljMWEtODcwNTgwMTQyYWJkL3Jlc291cmNlR3JvdXBzL0Nvc21vc0RCUmVzb3VyY2VHcm91cDg0L3Byb3ZpZGVycy9NaWNyb3NvZnQuRG9jdW1lbnREQi9kYXRhYmFzZUFjY291bnRzL2Nvc21vc2RiLTE5MTcvdGFibGVzL1Rlc3RHcmFwaDE/YXBpLXZlcnNpb249MjAyMi0xMS0xNS1wcmV2aWV3",
      "RequestMethod": "GET",
      "RequestHeaders": {
        "x-ms-client-request-id": [
          "71629e66-9817-4524-a4fa-682b4ddfba97"
        ],
        "Accept-Language": [
          "en-US"
        ],
        "User-Agent": [
          "FxVersion/4.700.22.55902",
          "OSName/Windows",
          "OSVersion/Microsoft.Windows.10.0.22621",
          "Microsoft.Azure.Management.CosmosDB.CosmosDBManagementClient/1.9.1"
        ]
      },
      "RequestBody": "",
      "ResponseHeaders": {
        "Cache-Control": [
          "no-store, no-cache"
        ],
        "Pragma": [
          "no-cache"
        ],
        "Strict-Transport-Security": [
          "max-age=31536000; includeSubDomains"
        ],
        "x-ms-gatewayversion": [
          "version=2.14.0"
        ],
        "Server": [
          "Microsoft-HTTPAPI/2.0"
        ],
        "x-ms-ratelimit-remaining-subscription-reads": [
          "11991"
        ],
        "x-ms-request-id": [
          "9fecf9f8-065e-4b2f-9b83-e43fa0ca5cfb"
        ],
        "x-ms-correlation-request-id": [
          "9fecf9f8-065e-4b2f-9b83-e43fa0ca5cfb"
        ],
        "x-ms-routing-request-id": [
          "EASTUS:20230413T074914Z:9fecf9f8-065e-4b2f-9b83-e43fa0ca5cfb"
        ],
        "X-Content-Type-Options": [
          "nosniff"
        ],
        "Date": [
          "Thu, 13 Apr 2023 07:49:13 GMT"
        ],
        "Content-Length": [
          "6496"
        ],
        "Content-Type": [
          "application/json"
        ]
      },
      "ResponseBody": "{\r\n  \"code\": \"NotFound\",\r\n  \"message\": \"Message: {\\\"code\\\":\\\"NotFound\\\",\\\"message\\\":\\\"Message: {\\\\\\\"Errors\\\\\\\":[\\\\\\\"Owner resource does not exist\\\\\\\"]}\\\\r\\\\nActivityId: 71629e66-9817-4524-a4fa-682b4ddfba97, Request URI: /apps/266c28de-c651-4b00-8557-433edf488623/services/b0ed636b-8884-4c24-bebb-a9638aea8d86/partitions/06832935-2e77-4dd9-83ce-8ad992dfc8b7/replicas/133088156591293621s, RequestStats: \\\\r\\\\nRequestStartTime: 2023-04-13T07:49:14.0829361Z, RequestEndTime: 2023-04-13T07:49:14.0829361Z,  Number of regions attempted:1\\\\r\\\\n{\\\\\\\"systemHistory\\\\\\\":[{\\\\\\\"dateUtc\\\\\\\":\\\\\\\"2023-04-13T07:48:15.6023278Z\\\\\\\",\\\\\\\"cpu\\\\\\\":1.260,\\\\\\\"memory\\\\\\\":486970952.000,\\\\\\\"threadInfo\\\\\\\":{\\\\\\\"isThreadStarving\\\\\\\":\\\\\\\"False\\\\\\\",\\\\\\\"threadWaitIntervalInMs\\\\\\\":0.0325,\\\\\\\"availableThreads\\\\\\\":32763,\\\\\\\"minThreads\\\\\\\":48,\\\\\\\"maxThreads\\\\\\\":32767},\\\\\\\"numberOfOpenTcpConnection\\\\\\\":441},{\\\\\\\"dateUtc\\\\\\\":\\\\\\\"2023-04-13T07:48:25.6124114Z\\\\\\\",\\\\\\\"cpu\\\\\\\":0.752,\\\\\\\"memory\\\\\\\":486950784.000,\\\\\\\"threadInfo\\\\\\\":{\\\\\\\"isThreadStarving\\\\\\\":\\\\\\\"False\\\\\\\",\\\\\\\"threadWaitIntervalInMs\\\\\\\":0.0184,\\\\\\\"availableThreads\\\\\\\":32751,\\\\\\\"minThreads\\\\\\\":48,\\\\\\\"maxThreads\\\\\\\":32767},\\\\\\\"numberOfOpenTcpConnection\\\\\\\":441},{\\\\\\\"dateUtc\\\\\\\":\\\\\\\"2023-04-13T07:48:35.6225976Z\\\\\\\",\\\\\\\"cpu\\\\\\\":1.779,\\\\\\\"memory\\\\\\\":486827464.000,\\\\\\\"threadInfo\\\\\\\":{\\\\\\\"isThreadStarving\\\\\\\":\\\\\\\"False\\\\\\\",\\\\\\\"threadWaitIntervalInMs\\\\\\\":0.0192,\\\\\\\"availableThreads\\\\\\\":32762,\\\\\\\"minThreads\\\\\\\":48,\\\\\\\"maxThreads\\\\\\\":32767},\\\\\\\"numberOfOpenTcpConnection\\\\\\\":441},{\\\\\\\"dateUtc\\\\\\\":\\\\\\\"2023-04-13T07:48:45.6425950Z\\\\\\\",\\\\\\\"cpu\\\\\\\":1.628,\\\\\\\"memory\\\\\\\":486802128.000,\\\\\\\"threadInfo\\\\\\\":{\\\\\\\"isThreadStarving\\\\\\\":\\\\\\\"False\\\\\\\",\\\\\\\"threadWaitIntervalInMs\\\\\\\":0.0488,\\\\\\\"availableThreads\\\\\\\":32760,\\\\\\\"minThreads\\\\\\\":48,\\\\\\\"maxThreads\\\\\\\":32767},\\\\\\\"numberOfOpenTcpConnection\\\\\\\":441},{\\\\\\\"dateUtc\\\\\\\":\\\\\\\"2023-04-13T07:48:55.6527669Z\\\\\\\",\\\\\\\"cpu\\\\\\\":0.761,\\\\\\\"memory\\\\\\\":486787880.000,\\\\\\\"threadInfo\\\\\\\":{\\\\\\\"isThreadStarving\\\\\\\":\\\\\\\"False\\\\\\\",\\\\\\\"threadWaitIntervalInMs\\\\\\\":0.0227,\\\\\\\"availableThreads\\\\\\\":32763,\\\\\\\"minThreads\\\\\\\":48,\\\\\\\"maxThreads\\\\\\\":32767},\\\\\\\"numberOfOpenTcpConnection\\\\\\\":440},{\\\\\\\"dateUtc\\\\\\\":\\\\\\\"2023-04-13T07:49:05.6628281Z\\\\\\\",\\\\\\\"cpu\\\\\\\":0.930,\\\\\\\"memory\\\\\\\":486789744.000,\\\\\\\"threadInfo\\\\\\\":{\\\\\\\"isThreadStarving\\\\\\\":\\\\\\\"False\\\\\\\",\\\\\\\"threadWaitIntervalInMs\\\\\\\":0.0389,\\\\\\\"availableThreads\\\\\\\":32764,\\\\\\\"minThreads\\\\\\\":48,\\\\\\\"maxThreads\\\\\\\":32767},\\\\\\\"numberOfOpenTcpConnection\\\\\\\":440}]}\\\\r\\\\nRequestStart: 2023-04-13T07:49:14.0829361Z; ResponseTime: 2023-04-13T07:49:14.0829361Z; StoreResult: StorePhysicalAddress: rntbd://10.0.0.19:11300/apps/266c28de-c651-4b00-8557-433edf488623/services/b0ed636b-8884-4c24-bebb-a9638aea8d86/partitions/06832935-2e77-4dd9-83ce-8ad992dfc8b7/replicas/133088156591293621s, LSN: 9, GlobalCommittedLsn: 9, PartitionKeyRangeId: , IsValid: True, StatusCode: 404, SubStatusCode: 1003, RequestCharge: 1, ItemLSN: -1, SessionToken: -1#9, UsingLocalLSN: False, TransportException: null, BELatencyMs: 1.241, ActivityId: 71629e66-9817-4524-a4fa-682b4ddfba97, RetryAfterInMs: , TransportRequestTimeline: {\\\\\\\"requestTimeline\\\\\\\":[{\\\\\\\"event\\\\\\\": \\\\\\\"Created\\\\\\\", \\\\\\\"startTimeUtc\\\\\\\": \\\\\\\"2023-04-13T07:49:14.0829361Z\\\\\\\", \\\\\\\"durationInMs\\\\\\\": 0.0255},{\\\\\\\"event\\\\\\\": \\\\\\\"ChannelAcquisitionStarted\\\\\\\", \\\\\\\"startTimeUtc\\\\\\\": \\\\\\\"2023-04-13T07:49:14.0829616Z\\\\\\\", \\\\\\\"durationInMs\\\\\\\": 0.0049},{\\\\\\\"event\\\\\\\": \\\\\\\"Pipelined\\\\\\\", \\\\\\\"startTimeUtc\\\\\\\": \\\\\\\"2023-04-13T07:49:14.0829665Z\\\\\\\", \\\\\\\"durationInMs\\\\\\\": 0.1592},{\\\\\\\"event\\\\\\\": \\\\\\\"Transit Time\\\\\\\", \\\\\\\"startTimeUtc\\\\\\\": \\\\\\\"2023-04-13T07:49:14.0831257Z\\\\\\\", \\\\\\\"durationInMs\\\\\\\": 1.9886},{\\\\\\\"event\\\\\\\": \\\\\\\"Received\\\\\\\", \\\\\\\"startTimeUtc\\\\\\\": \\\\\\\"2023-04-13T07:49:14.0851143Z\\\\\\\", \\\\\\\"durationInMs\\\\\\\": 0.0627},{\\\\\\\"event\\\\\\\": \\\\\\\"Completed\\\\\\\", \\\\\\\"startTimeUtc\\\\\\\": \\\\\\\"2023-04-13T07:49:14.0851770Z\\\\\\\", \\\\\\\"durationInMs\\\\\\\": 0}],\\\\\\\"serviceEndpointStats\\\\\\\":{\\\\\\\"inflightRequests\\\\\\\":1,\\\\\\\"openConnections\\\\\\\":1},\\\\\\\"connectionStats\\\\\\\":{\\\\\\\"waitforConnectionInit\\\\\\\":\\\\\\\"False\\\\\\\",\\\\\\\"callsPendingReceive\\\\\\\":0,\\\\\\\"lastSendAttempt\\\\\\\":\\\\\\\"2023-04-13T07:49:13.9629687Z\\\\\\\",\\\\\\\"lastSend\\\\\\\":\\\\\\\"2023-04-13T07:49:13.9629687Z\\\\\\\",\\\\\\\"lastReceive\\\\\\\":\\\\\\\"2023-04-13T07:49:14.0130271Z\\\\\\\"},\\\\\\\"requestSizeInBytes\\\\\\\":486,\\\\\\\"responseMetadataSizeInBytes\\\\\\\":141,\\\\\\\"responseBodySizeInBytes\\\\\\\":44};\\\\r\\\\n ResourceType: Collection, OperationType: Read\\\\r\\\\nRequestStart: 2023-04-13T07:49:14.0829361Z; ResponseTime: 2023-04-13T07:49:14.0829361Z; StoreResult: StorePhysicalAddress: rntbd://10.0.0.24:11300/apps/266c28de-c651-4b00-8557-433edf488623/services/b0ed636b-8884-4c24-bebb-a9638aea8d86/partitions/06832935-2e77-4dd9-83ce-8ad992dfc8b7/replicas/132869064065309528s, LSN: 9, GlobalCommittedLsn: 9, PartitionKeyRangeId: , IsValid: True, StatusCode: 404, SubStatusCode: 1003, RequestCharge: 1, ItemLSN: -1, SessionToken: -1#9, UsingLocalLSN: False, TransportException: null, BELatencyMs: 1.166, ActivityId: 71629e66-9817-4524-a4fa-682b4ddfba97, RetryAfterInMs: , TransportRequestTimeline: {\\\\\\\"requestTimeline\\\\\\\":[{\\\\\\\"event\\\\\\\": \\\\\\\"Created\\\\\\\", \\\\\\\"startTimeUtc\\\\\\\": \\\\\\\"2023-04-13T07:49:14.0829361Z\\\\\\\", \\\\\\\"durationInMs\\\\\\\": 0.0075},{\\\\\\\"event\\\\\\\": \\\\\\\"ChannelAcquisitionStarted\\\\\\\", \\\\\\\"startTimeUtc\\\\\\\": \\\\\\\"2023-04-13T07:49:14.0829436Z\\\\\\\", \\\\\\\"durationInMs\\\\\\\": 0.0034},{\\\\\\\"event\\\\\\\": \\\\\\\"Pipelined\\\\\\\", \\\\\\\"startTimeUtc\\\\\\\": \\\\\\\"2023-04-13T07:49:14.0829470Z\\\\\\\", \\\\\\\"durationInMs\\\\\\\": 0.1007},{\\\\\\\"event\\\\\\\": \\\\\\\"Transit Time\\\\\\\", \\\\\\\"startTimeUtc\\\\\\\": \\\\\\\"2023-04-13T07:49:14.0830477Z\\\\\\\", \\\\\\\"durationInMs\\\\\\\": 1.7517},{\\\\\\\"event\\\\\\\": \\\\\\\"Received\\\\\\\", \\\\\\\"startTimeUtc\\\\\\\": \\\\\\\"2023-04-13T07:49:14.0847994Z\\\\\\\", \\\\\\\"durationInMs\\\\\\\": 0.0608},{\\\\\\\"event\\\\\\\": \\\\\\\"Completed\\\\\\\", \\\\\\\"startTimeUtc\\\\\\\": \\\\\\\"2023-04-13T07:49:14.0848602Z\\\\\\\", \\\\\\\"durationInMs\\\\\\\": 0}],\\\\\\\"serviceEndpointStats\\\\\\\":{\\\\\\\"inflightRequests\\\\\\\":1,\\\\\\\"openConnections\\\\\\\":1},\\\\\\\"connectionStats\\\\\\\":{\\\\\\\"waitforConnectionInit\\\\\\\":\\\\\\\"False\\\\\\\",\\\\\\\"callsPendingReceive\\\\\\\":0,\\\\\\\"lastSendAttempt\\\\\\\":\\\\\\\"2023-04-13T07:49:13.9629687Z\\\\\\\",\\\\\\\"lastSend\\\\\\\":\\\\\\\"2023-04-13T07:49:13.9629687Z\\\\\\\",\\\\\\\"lastReceive\\\\\\\":\\\\\\\"2023-04-13T07:49:14.0029866Z\\\\\\\"},\\\\\\\"requestSizeInBytes\\\\\\\":486,\\\\\\\"responseMetadataSizeInBytes\\\\\\\":141,\\\\\\\"responseBodySizeInBytes\\\\\\\":44};\\\\r\\\\n ResourceType: Collection, OperationType: Read\\\\r\\\\n, SDK: Microsoft.Azure.Documents.Common/2.14.0\\\"}, Request URI: /dbs/TablesDB/colls/TestGraph1, RequestStats: , SDK: Microsoft.Azure.Documents.Common/2.14.0\"\r\n}",
      "StatusCode": 404
    },
    {
      "RequestUri": "/subscriptions/12053b8f-cab5-4f5c-9c1a-870580142abd/resourceGroups/CosmosDBResourceGroup84/providers/Microsoft.DocumentDB/databaseAccounts/cosmosdb-1917/tables/TestGraph1?api-version=2022-11-15-preview",
      "EncodedRequestUri": "L3N1YnNjcmlwdGlvbnMvMTIwNTNiOGYtY2FiNS00ZjVjLTljMWEtODcwNTgwMTQyYWJkL3Jlc291cmNlR3JvdXBzL0Nvc21vc0RCUmVzb3VyY2VHcm91cDg0L3Byb3ZpZGVycy9NaWNyb3NvZnQuRG9jdW1lbnREQi9kYXRhYmFzZUFjY291bnRzL2Nvc21vc2RiLTE5MTcvdGFibGVzL1Rlc3RHcmFwaDE/YXBpLXZlcnNpb249MjAyMi0xMS0xNS1wcmV2aWV3",
      "RequestMethod": "GET",
      "RequestHeaders": {
        "x-ms-client-request-id": [
          "71629e66-9817-4524-a4fa-682b4ddfba97"
        ],
        "User-Agent": [
          "FxVersion/4.700.22.55902",
          "OSName/Windows",
          "OSVersion/Microsoft.Windows.10.0.22621",
          "Microsoft.Azure.Management.CosmosDB.CosmosDBManagementClient/1.9.1"
        ]
      },
      "RequestBody": "",
      "ResponseHeaders": {
        "Cache-Control": [
          "no-store, no-cache"
        ],
        "Pragma": [
          "no-cache"
        ],
        "Strict-Transport-Security": [
          "max-age=31536000; includeSubDomains"
        ],
        "x-ms-gatewayversion": [
          "version=2.14.0"
        ],
        "Server": [
          "Microsoft-HTTPAPI/2.0"
        ],
        "x-ms-ratelimit-remaining-subscription-reads": [
          "11989"
        ],
        "x-ms-request-id": [
          "8499d0f7-2060-4001-b2cd-befeb0b4e0c5"
        ],
        "x-ms-correlation-request-id": [
          "8499d0f7-2060-4001-b2cd-befeb0b4e0c5"
        ],
        "x-ms-routing-request-id": [
          "EASTUS:20230413T074944Z:8499d0f7-2060-4001-b2cd-befeb0b4e0c5"
        ],
        "X-Content-Type-Options": [
          "nosniff"
        ],
        "Date": [
          "Thu, 13 Apr 2023 07:49:44 GMT"
        ],
        "Content-Length": [
          "389"
        ],
        "Content-Type": [
          "application/json"
        ]
      },
      "ResponseBody": "{\r\n  \"id\": \"/subscriptions/12053b8f-cab5-4f5c-9c1a-870580142abd/resourceGroups/CosmosDBResourceGroup84/providers/Microsoft.DocumentDB/databaseAccounts/cosmosdb-1917/tables/TestGraph1\",\r\n  \"type\": \"Microsoft.DocumentDB/databaseAccounts/tables\",\r\n  \"name\": \"TestGraph1\",\r\n  \"properties\": {\r\n    \"resource\": {\r\n      \"id\": \"TestGraph1\",\r\n      \"_rid\": \"oPUwAIKipEU=\",\r\n      \"_etag\": \"\\\"00000000-0000-0000-6ddc-7854e00101d9\\\"\",\r\n      \"_ts\": 1681372166\r\n    }\r\n  }\r\n}",
      "StatusCode": 200
    },
    {
      "RequestUri": "/subscriptions/12053b8f-cab5-4f5c-9c1a-870580142abd/resourceGroups/CosmosDBResourceGroup84/providers/Microsoft.DocumentDB/databaseAccounts/cosmosdb-1917/tables/TestGraph1?api-version=2022-11-15-preview",
      "EncodedRequestUri": "L3N1YnNjcmlwdGlvbnMvMTIwNTNiOGYtY2FiNS00ZjVjLTljMWEtODcwNTgwMTQyYWJkL3Jlc291cmNlR3JvdXBzL0Nvc21vc0RCUmVzb3VyY2VHcm91cDg0L3Byb3ZpZGVycy9NaWNyb3NvZnQuRG9jdW1lbnREQi9kYXRhYmFzZUFjY291bnRzL2Nvc21vc2RiLTE5MTcvdGFibGVzL1Rlc3RHcmFwaDE/YXBpLXZlcnNpb249MjAyMi0xMS0xNS1wcmV2aWV3",
      "RequestMethod": "GET",
      "RequestHeaders": {
        "x-ms-client-request-id": [
          "655ce15f-d015-4157-93f6-95c0bf7ca504"
        ],
        "Accept-Language": [
          "en-US"
        ],
        "User-Agent": [
          "FxVersion/4.700.22.55902",
          "OSName/Windows",
          "OSVersion/Microsoft.Windows.10.0.22621",
          "Microsoft.Azure.Management.CosmosDB.CosmosDBManagementClient/1.9.1"
        ]
      },
      "RequestBody": "",
      "ResponseHeaders": {
        "Cache-Control": [
          "no-store, no-cache"
        ],
        "Pragma": [
          "no-cache"
        ],
        "Strict-Transport-Security": [
          "max-age=31536000; includeSubDomains"
        ],
        "x-ms-gatewayversion": [
          "version=2.14.0"
        ],
        "Server": [
          "Microsoft-HTTPAPI/2.0"
        ],
        "x-ms-ratelimit-remaining-subscription-reads": [
          "11995"
        ],
        "x-ms-request-id": [
          "5bfdbc53-aa51-4e0c-bac9-eb8399372f95"
        ],
        "x-ms-correlation-request-id": [
          "5bfdbc53-aa51-4e0c-bac9-eb8399372f95"
        ],
        "x-ms-routing-request-id": [
          "EASTUS:20230413T074945Z:5bfdbc53-aa51-4e0c-bac9-eb8399372f95"
        ],
        "X-Content-Type-Options": [
          "nosniff"
        ],
        "Date": [
          "Thu, 13 Apr 2023 07:49:45 GMT"
        ],
        "Content-Length": [
          "389"
        ],
        "Content-Type": [
          "application/json"
        ]
      },
      "ResponseBody": "{\r\n  \"id\": \"/subscriptions/12053b8f-cab5-4f5c-9c1a-870580142abd/resourceGroups/CosmosDBResourceGroup84/providers/Microsoft.DocumentDB/databaseAccounts/cosmosdb-1917/tables/TestGraph1\",\r\n  \"type\": \"Microsoft.DocumentDB/databaseAccounts/tables\",\r\n  \"name\": \"TestGraph1\",\r\n  \"properties\": {\r\n    \"resource\": {\r\n      \"id\": \"TestGraph1\",\r\n      \"_rid\": \"oPUwAIKipEU=\",\r\n      \"_etag\": \"\\\"00000000-0000-0000-6ddc-7854e00101d9\\\"\",\r\n      \"_ts\": 1681372166\r\n    }\r\n  }\r\n}",
      "StatusCode": 200
    },
    {
      "RequestUri": "/subscriptions/12053b8f-cab5-4f5c-9c1a-870580142abd/resourceGroups/CosmosDBResourceGroup84/providers/Microsoft.DocumentDB/databaseAccounts/cosmosdb-1917/tables/TestGraph1?api-version=2022-11-15-preview",
      "EncodedRequestUri": "L3N1YnNjcmlwdGlvbnMvMTIwNTNiOGYtY2FiNS00ZjVjLTljMWEtODcwNTgwMTQyYWJkL3Jlc291cmNlR3JvdXBzL0Nvc21vc0RCUmVzb3VyY2VHcm91cDg0L3Byb3ZpZGVycy9NaWNyb3NvZnQuRG9jdW1lbnREQi9kYXRhYmFzZUFjY291bnRzL2Nvc21vc2RiLTE5MTcvdGFibGVzL1Rlc3RHcmFwaDE/YXBpLXZlcnNpb249MjAyMi0xMS0xNS1wcmV2aWV3",
      "RequestMethod": "PUT",
      "RequestHeaders": {
        "x-ms-client-request-id": [
          "71629e66-9817-4524-a4fa-682b4ddfba97"
        ],
        "Accept-Language": [
          "en-US"
        ],
        "User-Agent": [
          "FxVersion/4.700.22.55902",
          "OSName/Windows",
          "OSVersion/Microsoft.Windows.10.0.22621",
          "Microsoft.Azure.Management.CosmosDB.CosmosDBManagementClient/1.9.1"
        ],
        "Content-Type": [
          "application/json; charset=utf-8"
        ],
        "Content-Length": [
          "131"
        ]
      },
      "RequestBody": "{\r\n  \"properties\": {\r\n    \"resource\": {\r\n      \"id\": \"TestGraph1\"\r\n    },\r\n    \"options\": {\r\n      \"throughput\": 600\r\n    }\r\n  }\r\n}",
      "ResponseHeaders": {
        "Cache-Control": [
          "no-store, no-cache"
        ],
        "Pragma": [
          "no-cache"
        ],
        "Location": [
          "https://management.azure.com/subscriptions/12053b8f-cab5-4f5c-9c1a-870580142abd/resourceGroups/CosmosDBResourceGroup84/providers/Microsoft.DocumentDB/databaseAccounts/cosmosdb-1917/tables/TestGraph1/operationResults/91e4521d-1fd7-4a75-86df-da2568471546?api-version=2022-11-15-preview"
        ],
        "Azure-AsyncOperation": [
          "https://management.azure.com/subscriptions/12053b8f-cab5-4f5c-9c1a-870580142abd/providers/Microsoft.DocumentDB/locations/eastus/operationsStatus/91e4521d-1fd7-4a75-86df-da2568471546?api-version=2022-11-15-preview"
        ],
        "x-ms-request-id": [
          "91e4521d-1fd7-4a75-86df-da2568471546"
        ],
        "Strict-Transport-Security": [
          "max-age=31536000; includeSubDomains"
        ],
        "x-ms-gatewayversion": [
          "version=2.14.0"
        ],
        "Server": [
          "Microsoft-HTTPAPI/2.0"
        ],
        "x-ms-ratelimit-remaining-subscription-writes": [
          "1196"
        ],
        "x-ms-correlation-request-id": [
          "6b84860b-be2b-4431-b2d0-eec92988bf3c"
        ],
        "x-ms-routing-request-id": [
          "EASTUS:20230413T074914Z:6b84860b-be2b-4431-b2d0-eec92988bf3c"
        ],
        "X-Content-Type-Options": [
          "nosniff"
        ],
        "Date": [
          "Thu, 13 Apr 2023 07:49:13 GMT"
        ],
        "Content-Length": [
          "21"
        ],
        "Content-Type": [
          "application/json"
        ]
      },
      "ResponseBody": "{\r\n  \"status\": \"Enqueued\"\r\n}",
      "StatusCode": 202
    },
    {
      "RequestUri": "/subscriptions/12053b8f-cab5-4f5c-9c1a-870580142abd/providers/Microsoft.DocumentDB/locations/eastus/operationsStatus/91e4521d-1fd7-4a75-86df-da2568471546?api-version=2022-11-15-preview",
      "EncodedRequestUri": "L3N1YnNjcmlwdGlvbnMvMTIwNTNiOGYtY2FiNS00ZjVjLTljMWEtODcwNTgwMTQyYWJkL3Byb3ZpZGVycy9NaWNyb3NvZnQuRG9jdW1lbnREQi9sb2NhdGlvbnMvZWFzdHVzL29wZXJhdGlvbnNTdGF0dXMvOTFlNDUyMWQtMWZkNy00YTc1LTg2ZGYtZGEyNTY4NDcxNTQ2P2FwaS12ZXJzaW9uPTIwMjItMTEtMTUtcHJldmlldw==",
      "RequestMethod": "GET",
      "RequestHeaders": {
        "x-ms-client-request-id": [
          "71629e66-9817-4524-a4fa-682b4ddfba97"
        ],
        "User-Agent": [
          "FxVersion/4.700.22.55902",
          "OSName/Windows",
          "OSVersion/Microsoft.Windows.10.0.22621",
          "Microsoft.Azure.Management.CosmosDB.CosmosDBManagementClient/1.9.1"
        ]
      },
      "RequestBody": "",
      "ResponseHeaders": {
        "Cache-Control": [
          "no-store, no-cache"
        ],
        "Pragma": [
          "no-cache"
        ],
        "Strict-Transport-Security": [
          "max-age=31536000; includeSubDomains"
        ],
        "x-ms-gatewayversion": [
          "version=2.14.0"
        ],
        "Server": [
          "Microsoft-HTTPAPI/2.0"
        ],
        "x-ms-ratelimit-remaining-subscription-reads": [
          "11990"
        ],
        "x-ms-request-id": [
          "66cde53e-b05c-4a84-aa70-11d0afd151ae"
        ],
        "x-ms-correlation-request-id": [
          "66cde53e-b05c-4a84-aa70-11d0afd151ae"
        ],
        "x-ms-routing-request-id": [
          "EASTUS:20230413T074944Z:66cde53e-b05c-4a84-aa70-11d0afd151ae"
        ],
        "X-Content-Type-Options": [
          "nosniff"
        ],
        "Date": [
          "Thu, 13 Apr 2023 07:49:43 GMT"
        ],
        "Content-Length": [
          "22"
        ],
        "Content-Type": [
          "application/json"
        ]
      },
      "ResponseBody": "{\r\n  \"status\": \"Succeeded\"\r\n}",
      "StatusCode": 200
    },
    {
      "RequestUri": "/subscriptions/12053b8f-cab5-4f5c-9c1a-870580142abd/resourceGroups/CosmosDBResourceGroup84/providers/Microsoft.DocumentDB/databaseAccounts/cosmosdb-1917/tables/TestGraph1/retrieveContinuousBackupInformation?api-version=2022-11-15-preview",
      "EncodedRequestUri": "L3N1YnNjcmlwdGlvbnMvMTIwNTNiOGYtY2FiNS00ZjVjLTljMWEtODcwNTgwMTQyYWJkL3Jlc291cmNlR3JvdXBzL0Nvc21vc0RCUmVzb3VyY2VHcm91cDg0L3Byb3ZpZGVycy9NaWNyb3NvZnQuRG9jdW1lbnREQi9kYXRhYmFzZUFjY291bnRzL2Nvc21vc2RiLTE5MTcvdGFibGVzL1Rlc3RHcmFwaDEvcmV0cmlldmVDb250aW51b3VzQmFja3VwSW5mb3JtYXRpb24/YXBpLXZlcnNpb249MjAyMi0xMS0xNS1wcmV2aWV3",
      "RequestMethod": "POST",
      "RequestHeaders": {
        "x-ms-client-request-id": [
          "655ce15f-d015-4157-93f6-95c0bf7ca504"
        ],
        "Accept-Language": [
          "en-US"
        ],
        "User-Agent": [
          "FxVersion/4.700.22.55902",
          "OSName/Windows",
          "OSVersion/Microsoft.Windows.10.0.22621",
          "Microsoft.Azure.Management.CosmosDB.CosmosDBManagementClient/1.9.1"
        ],
        "Content-Type": [
          "application/json; charset=utf-8"
        ],
        "Content-Length": [
          "29"
        ]
      },
      "RequestBody": "{\r\n  \"location\": \"East US\"\r\n}",
      "ResponseHeaders": {
        "Cache-Control": [
          "no-store, no-cache"
        ],
        "Pragma": [
          "no-cache"
        ],
        "Location": [
          "https://management.azure.com/subscriptions/12053b8f-cab5-4f5c-9c1a-870580142abd/resourceGroups/CosmosDBResourceGroup84/providers/Microsoft.DocumentDB/databaseAccounts/cosmosdb-1917/tables/TestGraph1/retrieveContinuousBackupInformation/operationResults/b995f949-c40b-49fd-a556-2d0bdc0f2a87?api-version=2022-11-15-preview"
        ],
        "x-ms-request-id": [
          "b995f949-c40b-49fd-a556-2d0bdc0f2a87"
        ],
        "Strict-Transport-Security": [
          "max-age=31536000; includeSubDomains"
        ],
        "x-ms-gatewayversion": [
          "version=2.14.0"
        ],
        "Server": [
          "Microsoft-HTTPAPI/2.0"
        ],
        "x-ms-ratelimit-remaining-subscription-writes": [
          "1199"
        ],
        "x-ms-correlation-request-id": [
          "c81775bc-694e-49e8-bdbb-40c1b49d8782"
        ],
        "x-ms-routing-request-id": [
          "EASTUS:20230413T074945Z:c81775bc-694e-49e8-bdbb-40c1b49d8782"
        ],
        "X-Content-Type-Options": [
          "nosniff"
        ],
        "Date": [
          "Thu, 13 Apr 2023 07:49:45 GMT"
        ],
        "Content-Length": [
          "21"
        ],
        "Content-Type": [
          "application/json"
        ]
      },
      "ResponseBody": "{\r\n  \"status\": \"Enqueued\"\r\n}",
      "StatusCode": 202
    },
    {
      "RequestUri": "/subscriptions/12053b8f-cab5-4f5c-9c1a-870580142abd/resourceGroups/CosmosDBResourceGroup84/providers/Microsoft.DocumentDB/databaseAccounts/cosmosdb-1917/tables/TestGraph1/retrieveContinuousBackupInformation/operationResults/b995f949-c40b-49fd-a556-2d0bdc0f2a87?api-version=2022-11-15-preview",
      "EncodedRequestUri": "L3N1YnNjcmlwdGlvbnMvMTIwNTNiOGYtY2FiNS00ZjVjLTljMWEtODcwNTgwMTQyYWJkL3Jlc291cmNlR3JvdXBzL0Nvc21vc0RCUmVzb3VyY2VHcm91cDg0L3Byb3ZpZGVycy9NaWNyb3NvZnQuRG9jdW1lbnREQi9kYXRhYmFzZUFjY291bnRzL2Nvc21vc2RiLTE5MTcvdGFibGVzL1Rlc3RHcmFwaDEvcmV0cmlldmVDb250aW51b3VzQmFja3VwSW5mb3JtYXRpb24vb3BlcmF0aW9uUmVzdWx0cy9iOTk1Zjk0OS1jNDBiLTQ5ZmQtYTU1Ni0yZDBiZGMwZjJhODc/YXBpLXZlcnNpb249MjAyMi0xMS0xNS1wcmV2aWV3",
      "RequestMethod": "GET",
      "RequestHeaders": {
        "x-ms-client-request-id": [
          "655ce15f-d015-4157-93f6-95c0bf7ca504"
        ],
        "User-Agent": [
          "FxVersion/4.700.22.55902",
          "OSName/Windows",
          "OSVersion/Microsoft.Windows.10.0.22621",
          "Microsoft.Azure.Management.CosmosDB.CosmosDBManagementClient/1.9.1"
        ]
      },
      "RequestBody": "",
      "ResponseHeaders": {
        "Cache-Control": [
          "no-store, no-cache"
        ],
        "Pragma": [
          "no-cache"
        ],
        "Strict-Transport-Security": [
          "max-age=31536000; includeSubDomains"
        ],
        "x-ms-gatewayversion": [
          "version=2.14.0"
        ],
        "Server": [
          "Microsoft-HTTPAPI/2.0"
        ],
        "x-ms-ratelimit-remaining-subscription-reads": [
          "11994"
        ],
        "x-ms-request-id": [
          "90ebf88b-88f8-4a5b-bc7b-5a4716f651e9"
        ],
        "x-ms-correlation-request-id": [
          "90ebf88b-88f8-4a5b-bc7b-5a4716f651e9"
        ],
        "x-ms-routing-request-id": [
          "EASTUS:20230413T075015Z:90ebf88b-88f8-4a5b-bc7b-5a4716f651e9"
        ],
        "X-Content-Type-Options": [
          "nosniff"
        ],
        "Date": [
          "Thu, 13 Apr 2023 07:50:15 GMT"
        ],
        "Content-Length": [
          "84"
        ],
        "Content-Type": [
          "application/json"
        ]
      },
      "ResponseBody": "{\r\n  \"continuousBackupInformation\": {\r\n    \"latestRestorableTimestamp\": \"4/13/2023 7:49:50 AM\"\r\n  }\r\n}",
      "StatusCode": 200
    },
    {
      "RequestUri": "/subscriptions/12053b8f-cab5-4f5c-9c1a-870580142abd/resourceGroups/CosmosDBResourceGroup84/providers/Microsoft.DocumentDB/databaseAccounts/cosmosdb-1917/tables/TestGraph1/retrieveContinuousBackupInformation/operationResults/b995f949-c40b-49fd-a556-2d0bdc0f2a87?api-version=2022-11-15-preview",
      "EncodedRequestUri": "L3N1YnNjcmlwdGlvbnMvMTIwNTNiOGYtY2FiNS00ZjVjLTljMWEtODcwNTgwMTQyYWJkL3Jlc291cmNlR3JvdXBzL0Nvc21vc0RCUmVzb3VyY2VHcm91cDg0L3Byb3ZpZGVycy9NaWNyb3NvZnQuRG9jdW1lbnREQi9kYXRhYmFzZUFjY291bnRzL2Nvc21vc2RiLTE5MTcvdGFibGVzL1Rlc3RHcmFwaDEvcmV0cmlldmVDb250aW51b3VzQmFja3VwSW5mb3JtYXRpb24vb3BlcmF0aW9uUmVzdWx0cy9iOTk1Zjk0OS1jNDBiLTQ5ZmQtYTU1Ni0yZDBiZGMwZjJhODc/YXBpLXZlcnNpb249MjAyMi0xMS0xNS1wcmV2aWV3",
      "RequestMethod": "GET",
      "RequestHeaders": {
        "x-ms-client-request-id": [
          "655ce15f-d015-4157-93f6-95c0bf7ca504"
        ],
        "User-Agent": [
          "FxVersion/4.700.22.55902",
          "OSName/Windows",
          "OSVersion/Microsoft.Windows.10.0.22621",
          "Microsoft.Azure.Management.CosmosDB.CosmosDBManagementClient/1.9.1"
        ]
      },
      "RequestBody": "",
      "ResponseHeaders": {
        "Cache-Control": [
          "no-store, no-cache"
        ],
        "Pragma": [
          "no-cache"
        ],
        "Strict-Transport-Security": [
          "max-age=31536000; includeSubDomains"
        ],
        "x-ms-gatewayversion": [
          "version=2.14.0"
        ],
        "Server": [
          "Microsoft-HTTPAPI/2.0"
        ],
        "x-ms-ratelimit-remaining-subscription-reads": [
          "11993"
        ],
        "x-ms-request-id": [
          "5672ea5c-0892-4656-b089-988d3631f930"
        ],
        "x-ms-correlation-request-id": [
          "5672ea5c-0892-4656-b089-988d3631f930"
        ],
        "x-ms-routing-request-id": [
          "EASTUS:20230413T075016Z:5672ea5c-0892-4656-b089-988d3631f930"
        ],
        "X-Content-Type-Options": [
          "nosniff"
        ],
        "Date": [
          "Thu, 13 Apr 2023 07:50:15 GMT"
        ],
        "Content-Length": [
          "84"
        ],
        "Content-Type": [
          "application/json"
        ]
      },
      "ResponseBody": "{\r\n  \"continuousBackupInformation\": {\r\n    \"latestRestorableTimestamp\": \"4/13/2023 7:49:50 AM\"\r\n  }\r\n}",
      "StatusCode": 200
    }
  ],
  "Names": {},
  "Variables": {
    "SubscriptionId": "12053b8f-cab5-4f5c-9c1a-870580142abd"
  }
}