{
  "Entries": [
    {
      "RequestUri": "/subscriptions/259fbb24-9bcd-4cfc-865c-fc33b22fe38a/resourcegroups/CosmosDBResourceGroup18?api-version=2016-09-01",
      "EncodedRequestUri": "L3N1YnNjcmlwdGlvbnMvMjU5ZmJiMjQtOWJjZC00Y2ZjLTg2NWMtZmMzM2IyMmZlMzhhL3Jlc291cmNlZ3JvdXBzL0Nvc21vc0RCUmVzb3VyY2VHcm91cDE4P2FwaS12ZXJzaW9uPTIwMTYtMDktMDE=",
      "RequestMethod": "PUT",
      "RequestHeaders": {
        "x-ms-client-request-id": [
          "c1d3c270-649f-4689-8665-8ecddea5e652"
        ],
        "Accept-Language": [
          "en-US"
        ],
        "User-Agent": [
          "FxVersion/4.700.22.55902",
          "OSName/Windows",
          "OSVersion/Microsoft.Windows.10.0.22621",
          "Microsoft.Azure.Management.Internal.Resources.ResourceManagementClient/1.3.73"
        ],
        "Content-Type": [
          "application/json; charset=utf-8"
        ],
        "Content-Length": [
          "29"
        ]
      },
      "RequestBody": "{\r\n  \"location\": \"East US\"\r\n}",
      "ResponseHeaders": {
        "Cache-Control": [
          "no-cache"
        ],
        "Pragma": [
          "no-cache"
        ],
        "x-ms-ratelimit-remaining-subscription-writes": [
          "1198"
        ],
        "x-ms-request-id": [
          "6e2641e1-fdbe-4540-b53d-d879f86366f2"
        ],
        "x-ms-correlation-request-id": [
          "6e2641e1-fdbe-4540-b53d-d879f86366f2"
        ],
        "x-ms-routing-request-id": [
          "WESTUS2:20230314T183634Z:6e2641e1-fdbe-4540-b53d-d879f86366f2"
        ],
        "Strict-Transport-Security": [
          "max-age=31536000; includeSubDomains"
        ],
        "X-Content-Type-Options": [
          "nosniff"
        ],
        "Date": [
          "Tue, 14 Mar 2023 18:36:33 GMT"
        ],
        "Content-Length": [
          "199"
        ],
        "Content-Type": [
          "application/json; charset=utf-8"
        ],
        "Expires": [
          "-1"
        ]
      },
      "ResponseBody": "{\r\n  \"id\": \"/subscriptions/259fbb24-9bcd-4cfc-865c-fc33b22fe38a/resourceGroups/CosmosDBResourceGroup18\",\r\n  \"name\": \"CosmosDBResourceGroup18\",\r\n  \"location\": \"eastus\",\r\n  \"properties\": {\r\n    \"provisioningState\": \"Succeeded\"\r\n  }\r\n}",
      "StatusCode": 201
    },
    {
      "RequestUri": "/subscriptions/259fbb24-9bcd-4cfc-865c-fc33b22fe38a/resourceGroups/CosmosDBResourceGroup18/providers/Microsoft.DocumentDB/databaseAccounts/cosmosdb-1414?api-version=2022-08-15-preview",
      "EncodedRequestUri": "L3N1YnNjcmlwdGlvbnMvMjU5ZmJiMjQtOWJjZC00Y2ZjLTg2NWMtZmMzM2IyMmZlMzhhL3Jlc291cmNlR3JvdXBzL0Nvc21vc0RCUmVzb3VyY2VHcm91cDE4L3Byb3ZpZGVycy9NaWNyb3NvZnQuRG9jdW1lbnREQi9kYXRhYmFzZUFjY291bnRzL2Nvc21vc2RiLTE0MTQ/YXBpLXZlcnNpb249MjAyMi0wOC0xNS1wcmV2aWV3",
      "RequestMethod": "GET",
      "RequestHeaders": {
        "x-ms-client-request-id": [
          "b580a1ac-65db-44f1-8251-f388d5c8225d"
        ],
        "Accept-Language": [
          "en-US"
        ],
        "User-Agent": [
          "FxVersion/4.700.22.55902",
          "OSName/Windows",
          "OSVersion/Microsoft.Windows.10.0.22621",
          "Microsoft.Azure.Management.CosmosDB.CosmosDBManagementClient/3.9.1.0"
        ]
      },
      "RequestBody": "",
      "ResponseHeaders": {
        "Cache-Control": [
          "no-cache"
        ],
        "Pragma": [
          "no-cache"
        ],
        "x-ms-failure-cause": [
          "gateway"
        ],
        "x-ms-request-id": [
          "bf1ca169-9c21-442d-9048-e815f5407e63"
        ],
        "x-ms-correlation-request-id": [
          "bf1ca169-9c21-442d-9048-e815f5407e63"
        ],
        "x-ms-routing-request-id": [
          "WESTUS2:20230314T183634Z:bf1ca169-9c21-442d-9048-e815f5407e63"
        ],
        "Strict-Transport-Security": [
          "max-age=31536000; includeSubDomains"
        ],
        "X-Content-Type-Options": [
          "nosniff"
        ],
        "Date": [
          "Tue, 14 Mar 2023 18:36:34 GMT"
        ],
        "Content-Type": [
          "application/json; charset=utf-8"
        ],
        "Expires": [
          "-1"
        ],
        "Content-Length": [
          "246"
        ]
      },
      "ResponseBody": "{\r\n  \"error\": {\r\n    \"code\": \"ResourceNotFound\",\r\n    \"message\": \"The Resource 'Microsoft.DocumentDB/databaseAccounts/cosmosdb-1414' under resource group 'CosmosDBResourceGroup18' was not found. For more details please go to https://aka.ms/ARMResourceNotFoundFix\"\r\n  }\r\n}",
      "StatusCode": 404
    },
    {
      "RequestUri": "/subscriptions/259fbb24-9bcd-4cfc-865c-fc33b22fe38a/resourceGroups/CosmosDBResourceGroup18/providers/Microsoft.DocumentDB/databaseAccounts/cosmosdb-1414?api-version=2022-08-15-preview",
      "EncodedRequestUri": "L3N1YnNjcmlwdGlvbnMvMjU5ZmJiMjQtOWJjZC00Y2ZjLTg2NWMtZmMzM2IyMmZlMzhhL3Jlc291cmNlR3JvdXBzL0Nvc21vc0RCUmVzb3VyY2VHcm91cDE4L3Byb3ZpZGVycy9NaWNyb3NvZnQuRG9jdW1lbnREQi9kYXRhYmFzZUFjY291bnRzL2Nvc21vc2RiLTE0MTQ/YXBpLXZlcnNpb249MjAyMi0wOC0xNS1wcmV2aWV3",
      "RequestMethod": "GET",
      "RequestHeaders": {
        "x-ms-client-request-id": [
          "b580a1ac-65db-44f1-8251-f388d5c8225d"
        ],
        "User-Agent": [
          "FxVersion/4.700.22.55902",
          "OSName/Windows",
          "OSVersion/Microsoft.Windows.10.0.22621",
          "Microsoft.Azure.Management.CosmosDB.CosmosDBManagementClient/3.9.1.0"
        ]
      },
      "RequestBody": "",
      "ResponseHeaders": {
        "Cache-Control": [
          "no-store, no-cache"
        ],
        "Pragma": [
          "no-cache"
        ],
        "Strict-Transport-Security": [
          "max-age=31536000; includeSubDomains"
        ],
        "x-ms-gatewayversion": [
          "version=2.14.0"
        ],
        "Server": [
          "Microsoft-HTTPAPI/2.0"
        ],
        "x-ms-ratelimit-remaining-subscription-reads": [
          "11993"
        ],
        "x-ms-request-id": [
          "4cbc51d3-56df-47ba-b03f-4da861f4a987"
        ],
        "x-ms-correlation-request-id": [
          "4cbc51d3-56df-47ba-b03f-4da861f4a987"
        ],
        "x-ms-routing-request-id": [
          "WESTUS2:20230314T183909Z:4cbc51d3-56df-47ba-b03f-4da861f4a987"
        ],
        "X-Content-Type-Options": [
          "nosniff"
        ],
        "Date": [
          "Tue, 14 Mar 2023 18:39:08 GMT"
        ],
        "Content-Length": [
          "2636"
        ],
        "Content-Type": [
          "application/json"
        ]
      },
      "ResponseBody": "{\r\n  \"id\": \"/subscriptions/259fbb24-9bcd-4cfc-865c-fc33b22fe38a/resourceGroups/CosmosDBResourceGroup18/providers/Microsoft.DocumentDB/databaseAccounts/cosmosdb-1414\",\r\n  \"name\": \"cosmosdb-1414\",\r\n  \"location\": \"East US\",\r\n  \"type\": \"Microsoft.DocumentDB/databaseAccounts\",\r\n  \"kind\": \"GlobalDocumentDB\",\r\n  \"tags\": {},\r\n  \"systemData\": {\r\n    \"createdAt\": \"2023-03-14T18:38:36.5565499Z\"\r\n  },\r\n  \"properties\": {\r\n    \"provisioningState\": \"Succeeded\",\r\n    \"documentEndpoint\": \"https://cosmosdb-1414.documents.azure.com:443/\",\r\n    \"sqlEndpoint\": \"https://cosmosdb-1414.documents.azure.com:443/\",\r\n    \"publicNetworkAccess\": \"Enabled\",\r\n    \"enableAutomaticFailover\": false,\r\n    \"enableMultipleWriteLocations\": false,\r\n    \"enablePartitionKeyMonitor\": false,\r\n    \"isVirtualNetworkFilterEnabled\": false,\r\n    \"virtualNetworkRules\": [],\r\n    \"EnabledApiTypes\": \"Sql\",\r\n    \"disableKeyBasedMetadataWriteAccess\": false,\r\n    \"enableFreeTier\": false,\r\n    \"enableAnalyticalStorage\": false,\r\n    \"analyticalStorageConfiguration\": {\r\n      \"schemaType\": \"WellDefined\"\r\n    },\r\n    \"instanceId\": \"dd83b268-ed3d-4acc-9c25-e210d4c274d2\",\r\n    \"createMode\": \"Default\",\r\n    \"databaseAccountOfferType\": \"Standard\",\r\n    \"enableMaterializedViews\": false,\r\n    \"defaultIdentity\": \"FirstPartyIdentity\",\r\n    \"networkAclBypass\": \"None\",\r\n    \"disableLocalAuth\": false,\r\n    \"enablePartitionMerge\": false,\r\n    \"consistencyPolicy\": {\r\n      \"defaultConsistencyLevel\": \"Session\",\r\n      \"maxIntervalInSeconds\": 5,\r\n      \"maxStalenessPrefix\": 100\r\n    },\r\n    \"configurationOverrides\": {},\r\n    \"writeLocations\": [\r\n      {\r\n        \"id\": \"cosmosdb-1414-eastus\",\r\n        \"locationName\": \"East US\",\r\n        \"documentEndpoint\": \"https://cosmosdb-1414-eastus.documents.azure.com:443/\",\r\n        \"provisioningState\": \"Succeeded\",\r\n        \"failoverPriority\": 0,\r\n        \"isZoneRedundant\": false\r\n      }\r\n    ],\r\n    \"readLocations\": [\r\n      {\r\n        \"id\": \"cosmosdb-1414-eastus\",\r\n        \"locationName\": \"East US\",\r\n        \"documentEndpoint\": \"https://cosmosdb-1414-eastus.documents.azure.com:443/\",\r\n        \"provisioningState\": \"Succeeded\",\r\n        \"failoverPriority\": 0,\r\n        \"isZoneRedundant\": false\r\n      }\r\n    ],\r\n    \"locations\": [\r\n      {\r\n        \"id\": \"cosmosdb-1414-eastus\",\r\n        \"locationName\": \"East US\",\r\n        \"documentEndpoint\": \"https://cosmosdb-1414-eastus.documents.azure.com:443/\",\r\n        \"provisioningState\": \"Succeeded\",\r\n        \"failoverPriority\": 0,\r\n        \"isZoneRedundant\": false\r\n      }\r\n    ],\r\n    \"failoverPolicies\": [\r\n      {\r\n        \"id\": \"cosmosdb-1414-eastus\",\r\n        \"locationName\": \"East US\",\r\n        \"failoverPriority\": 0\r\n      }\r\n    ],\r\n    \"cors\": [],\r\n    \"capabilities\": [],\r\n    \"ipRules\": [],\r\n    \"backupPolicy\": {\r\n      \"type\": \"Continuous\",\r\n      \"continuousModeProperties\": {\r\n        \"tier\": \"Continuous30Days\"\r\n      }\r\n    },\r\n    \"networkAclBypassResourceIds\": [],\r\n    \"diagnosticLogSettings\": {\r\n      \"enableFullTextQuery\": \"None\"\r\n    },\r\n    \"keysMetadata\": {\r\n      \"primaryMasterKey\": {\r\n        \"generationTime\": \"2023-03-14T18:38:36.5565499Z\"\r\n      },\r\n      \"secondaryMasterKey\": {\r\n        \"generationTime\": \"2023-03-14T18:38:36.5565499Z\"\r\n      },\r\n      \"primaryReadonlyMasterKey\": {\r\n        \"generationTime\": \"2023-03-14T18:38:36.5565499Z\"\r\n      },\r\n      \"secondaryReadonlyMasterKey\": {\r\n        \"generationTime\": \"2023-03-14T18:38:36.5565499Z\"\r\n      }\r\n    }\r\n  },\r\n  \"identity\": {\r\n    \"type\": \"None\"\r\n  }\r\n}",
      "StatusCode": 200
    },
    {
      "RequestUri": "/subscriptions/259fbb24-9bcd-4cfc-865c-fc33b22fe38a/resourceGroups/CosmosDBResourceGroup18/providers/Microsoft.DocumentDB/databaseAccounts/cosmosdb-1414?api-version=2022-08-15-preview",
      "EncodedRequestUri": "L3N1YnNjcmlwdGlvbnMvMjU5ZmJiMjQtOWJjZC00Y2ZjLTg2NWMtZmMzM2IyMmZlMzhhL3Jlc291cmNlR3JvdXBzL0Nvc21vc0RCUmVzb3VyY2VHcm91cDE4L3Byb3ZpZGVycy9NaWNyb3NvZnQuRG9jdW1lbnREQi9kYXRhYmFzZUFjY291bnRzL2Nvc21vc2RiLTE0MTQ/YXBpLXZlcnNpb249MjAyMi0wOC0xNS1wcmV2aWV3",
      "RequestMethod": "GET",
      "RequestHeaders": {
        "x-ms-client-request-id": [
          "79bed966-4d84-4b7b-a5d5-93064c15af40"
        ],
        "Accept-Language": [
          "en-US"
        ],
        "User-Agent": [
          "FxVersion/4.700.22.55902",
          "OSName/Windows",
          "OSVersion/Microsoft.Windows.10.0.22621",
          "Microsoft.Azure.Management.CosmosDB.CosmosDBManagementClient/3.9.1.0"
        ]
      },
      "RequestBody": "",
      "ResponseHeaders": {
        "Cache-Control": [
          "no-store, no-cache"
        ],
        "Pragma": [
          "no-cache"
        ],
        "Strict-Transport-Security": [
          "max-age=31536000; includeSubDomains"
        ],
        "x-ms-gatewayversion": [
          "version=2.14.0"
        ],
        "Server": [
          "Microsoft-HTTPAPI/2.0"
        ],
        "x-ms-ratelimit-remaining-subscription-reads": [
          "11999"
        ],
        "x-ms-request-id": [
          "9bc3dbad-7ce4-44ba-a97c-f50710eaf1d8"
        ],
        "x-ms-correlation-request-id": [
          "9bc3dbad-7ce4-44ba-a97c-f50710eaf1d8"
        ],
        "x-ms-routing-request-id": [
          "WESTUS2:20230314T184013Z:9bc3dbad-7ce4-44ba-a97c-f50710eaf1d8"
        ],
        "X-Content-Type-Options": [
          "nosniff"
        ],
        "Date": [
          "Tue, 14 Mar 2023 18:40:13 GMT"
        ],
        "Content-Length": [
          "2636"
        ],
        "Content-Type": [
          "application/json"
        ]
      },
      "ResponseBody": "{\r\n  \"id\": \"/subscriptions/259fbb24-9bcd-4cfc-865c-fc33b22fe38a/resourceGroups/CosmosDBResourceGroup18/providers/Microsoft.DocumentDB/databaseAccounts/cosmosdb-1414\",\r\n  \"name\": \"cosmosdb-1414\",\r\n  \"location\": \"East US\",\r\n  \"type\": \"Microsoft.DocumentDB/databaseAccounts\",\r\n  \"kind\": \"GlobalDocumentDB\",\r\n  \"tags\": {},\r\n  \"systemData\": {\r\n    \"createdAt\": \"2023-03-14T18:38:36.5565499Z\"\r\n  },\r\n  \"properties\": {\r\n    \"provisioningState\": \"Succeeded\",\r\n    \"documentEndpoint\": \"https://cosmosdb-1414.documents.azure.com:443/\",\r\n    \"sqlEndpoint\": \"https://cosmosdb-1414.documents.azure.com:443/\",\r\n    \"publicNetworkAccess\": \"Enabled\",\r\n    \"enableAutomaticFailover\": false,\r\n    \"enableMultipleWriteLocations\": false,\r\n    \"enablePartitionKeyMonitor\": false,\r\n    \"isVirtualNetworkFilterEnabled\": false,\r\n    \"virtualNetworkRules\": [],\r\n    \"EnabledApiTypes\": \"Sql\",\r\n    \"disableKeyBasedMetadataWriteAccess\": false,\r\n    \"enableFreeTier\": false,\r\n    \"enableAnalyticalStorage\": false,\r\n    \"analyticalStorageConfiguration\": {\r\n      \"schemaType\": \"WellDefined\"\r\n    },\r\n    \"instanceId\": \"dd83b268-ed3d-4acc-9c25-e210d4c274d2\",\r\n    \"createMode\": \"Default\",\r\n    \"databaseAccountOfferType\": \"Standard\",\r\n    \"enableMaterializedViews\": false,\r\n    \"defaultIdentity\": \"FirstPartyIdentity\",\r\n    \"networkAclBypass\": \"None\",\r\n    \"disableLocalAuth\": false,\r\n    \"enablePartitionMerge\": false,\r\n    \"consistencyPolicy\": {\r\n      \"defaultConsistencyLevel\": \"Session\",\r\n      \"maxIntervalInSeconds\": 5,\r\n      \"maxStalenessPrefix\": 100\r\n    },\r\n    \"configurationOverrides\": {},\r\n    \"writeLocations\": [\r\n      {\r\n        \"id\": \"cosmosdb-1414-eastus\",\r\n        \"locationName\": \"East US\",\r\n        \"documentEndpoint\": \"https://cosmosdb-1414-eastus.documents.azure.com:443/\",\r\n        \"provisioningState\": \"Succeeded\",\r\n        \"failoverPriority\": 0,\r\n        \"isZoneRedundant\": false\r\n      }\r\n    ],\r\n    \"readLocations\": [\r\n      {\r\n        \"id\": \"cosmosdb-1414-eastus\",\r\n        \"locationName\": \"East US\",\r\n        \"documentEndpoint\": \"https://cosmosdb-1414-eastus.documents.azure.com:443/\",\r\n        \"provisioningState\": \"Succeeded\",\r\n        \"failoverPriority\": 0,\r\n        \"isZoneRedundant\": false\r\n      }\r\n    ],\r\n    \"locations\": [\r\n      {\r\n        \"id\": \"cosmosdb-1414-eastus\",\r\n        \"locationName\": \"East US\",\r\n        \"documentEndpoint\": \"https://cosmosdb-1414-eastus.documents.azure.com:443/\",\r\n        \"provisioningState\": \"Succeeded\",\r\n        \"failoverPriority\": 0,\r\n        \"isZoneRedundant\": false\r\n      }\r\n    ],\r\n    \"failoverPolicies\": [\r\n      {\r\n        \"id\": \"cosmosdb-1414-eastus\",\r\n        \"locationName\": \"East US\",\r\n        \"failoverPriority\": 0\r\n      }\r\n    ],\r\n    \"cors\": [],\r\n    \"capabilities\": [],\r\n    \"ipRules\": [],\r\n    \"backupPolicy\": {\r\n      \"type\": \"Continuous\",\r\n      \"continuousModeProperties\": {\r\n        \"tier\": \"Continuous30Days\"\r\n      }\r\n    },\r\n    \"networkAclBypassResourceIds\": [],\r\n    \"diagnosticLogSettings\": {\r\n      \"enableFullTextQuery\": \"None\"\r\n    },\r\n    \"keysMetadata\": {\r\n      \"primaryMasterKey\": {\r\n        \"generationTime\": \"2023-03-14T18:38:36.5565499Z\"\r\n      },\r\n      \"secondaryMasterKey\": {\r\n        \"generationTime\": \"2023-03-14T18:38:36.5565499Z\"\r\n      },\r\n      \"primaryReadonlyMasterKey\": {\r\n        \"generationTime\": \"2023-03-14T18:38:36.5565499Z\"\r\n      },\r\n      \"secondaryReadonlyMasterKey\": {\r\n        \"generationTime\": \"2023-03-14T18:38:36.5565499Z\"\r\n      }\r\n    }\r\n  },\r\n  \"identity\": {\r\n    \"type\": \"None\"\r\n  }\r\n}",
      "StatusCode": 200
    },
    {
      "RequestUri": "/subscriptions/259fbb24-9bcd-4cfc-865c-fc33b22fe38a/resourceGroups/CosmosDBResourceGroup18/providers/Microsoft.DocumentDB/databaseAccounts/cosmosdb-1414?api-version=2022-08-15-preview",
      "EncodedRequestUri": "L3N1YnNjcmlwdGlvbnMvMjU5ZmJiMjQtOWJjZC00Y2ZjLTg2NWMtZmMzM2IyMmZlMzhhL3Jlc291cmNlR3JvdXBzL0Nvc21vc0RCUmVzb3VyY2VHcm91cDE4L3Byb3ZpZGVycy9NaWNyb3NvZnQuRG9jdW1lbnREQi9kYXRhYmFzZUFjY291bnRzL2Nvc21vc2RiLTE0MTQ/YXBpLXZlcnNpb249MjAyMi0wOC0xNS1wcmV2aWV3",
      "RequestMethod": "PUT",
      "RequestHeaders": {
        "x-ms-client-request-id": [
          "b580a1ac-65db-44f1-8251-f388d5c8225d"
        ],
        "Accept-Language": [
          "en-US"
        ],
        "User-Agent": [
          "FxVersion/4.700.22.55902",
          "OSName/Windows",
          "OSVersion/Microsoft.Windows.10.0.22621",
          "Microsoft.Azure.Management.CosmosDB.CosmosDBManagementClient/3.9.1.0"
        ],
        "Content-Type": [
          "application/json; charset=utf-8"
        ],
        "Content-Length": [
          "650"
        ]
      },
      "RequestBody": "{\r\n  \"properties\": {\r\n    \"consistencyPolicy\": {\r\n      \"defaultConsistencyLevel\": \"Session\"\r\n    },\r\n    \"locations\": [\r\n      {\r\n        \"locationName\": \"East US\",\r\n        \"failoverPriority\": 0,\r\n        \"isZoneRedundant\": false\r\n      }\r\n    ],\r\n    \"isVirtualNetworkFilterEnabled\": false,\r\n    \"enableAutomaticFailover\": false,\r\n    \"virtualNetworkRules\": [],\r\n    \"enableMultipleWriteLocations\": false,\r\n    \"disableKeyBasedMetadataWriteAccess\": false,\r\n    \"backupPolicy\": {\r\n      \"type\": \"Continuous\"\r\n    },\r\n    \"networkAclBypassResourceIds\": [],\r\n    \"databaseAccountOfferType\": \"Standard\"\r\n  },\r\n  \"location\": \"East US\",\r\n  \"tags\": {}\r\n}",
      "ResponseHeaders": {
        "Cache-Control": [
          "no-store, no-cache"
        ],
        "Pragma": [
          "no-cache"
        ],
        "Location": [
          "https://management.azure.com/subscriptions/259fbb24-9bcd-4cfc-865c-fc33b22fe38a/resourceGroups/CosmosDBResourceGroup18/providers/Microsoft.DocumentDB/databaseAccounts/cosmosdb-1414/operationResults/48b3a8be-945b-4879-bba3-3d5ee6e0ca61?api-version=2022-08-15-preview"
        ],
        "x-ms-request-id": [
          "48b3a8be-945b-4879-bba3-3d5ee6e0ca61"
        ],
        "Azure-AsyncOperation": [
          "https://management.azure.com/subscriptions/259fbb24-9bcd-4cfc-865c-fc33b22fe38a/providers/Microsoft.DocumentDB/locations/eastus/operationsStatus/48b3a8be-945b-4879-bba3-3d5ee6e0ca61?api-version=2022-08-15-preview"
        ],
        "Strict-Transport-Security": [
          "max-age=31536000; includeSubDomains"
        ],
        "x-ms-gatewayversion": [
          "version=2.14.0"
        ],
        "Server": [
          "Microsoft-HTTPAPI/2.0"
        ],
        "x-ms-ratelimit-remaining-subscription-writes": [
          "1199"
        ],
        "x-ms-correlation-request-id": [
          "29fad148-a65c-4723-adec-afb7d536a04a"
        ],
        "x-ms-routing-request-id": [
          "WESTUS2:20230314T183638Z:29fad148-a65c-4723-adec-afb7d536a04a"
        ],
        "X-Content-Type-Options": [
          "nosniff"
        ],
        "Date": [
          "Tue, 14 Mar 2023 18:36:38 GMT"
        ],
        "Content-Length": [
          "2258"
        ],
        "Content-Type": [
          "application/json"
        ]
      },
      "ResponseBody": "{\r\n  \"id\": \"/subscriptions/259fbb24-9bcd-4cfc-865c-fc33b22fe38a/resourceGroups/CosmosDBResourceGroup18/providers/Microsoft.DocumentDB/databaseAccounts/cosmosdb-1414\",\r\n  \"name\": \"cosmosdb-1414\",\r\n  \"location\": \"East US\",\r\n  \"type\": \"Microsoft.DocumentDB/databaseAccounts\",\r\n  \"kind\": \"GlobalDocumentDB\",\r\n  \"tags\": {},\r\n  \"systemData\": {\r\n    \"createdAt\": \"2023-03-14T18:36:36.9714007Z\"\r\n  },\r\n  \"properties\": {\r\n    \"provisioningState\": \"Creating\",\r\n    \"publicNetworkAccess\": \"Enabled\",\r\n    \"enableAutomaticFailover\": false,\r\n    \"enableMultipleWriteLocations\": false,\r\n    \"enablePartitionKeyMonitor\": false,\r\n    \"isVirtualNetworkFilterEnabled\": false,\r\n    \"virtualNetworkRules\": [],\r\n    \"EnabledApiTypes\": \"Sql\",\r\n    \"disableKeyBasedMetadataWriteAccess\": false,\r\n    \"enableFreeTier\": false,\r\n    \"enableAnalyticalStorage\": false,\r\n    \"analyticalStorageConfiguration\": {\r\n      \"schemaType\": \"WellDefined\"\r\n    },\r\n    \"instanceId\": \"dd83b268-ed3d-4acc-9c25-e210d4c274d2\",\r\n    \"createMode\": \"Default\",\r\n    \"databaseAccountOfferType\": \"Standard\",\r\n    \"enableMaterializedViews\": false,\r\n    \"defaultIdentity\": \"\",\r\n    \"networkAclBypass\": \"None\",\r\n    \"disableLocalAuth\": false,\r\n    \"enablePartitionMerge\": false,\r\n    \"consistencyPolicy\": {\r\n      \"defaultConsistencyLevel\": \"Session\",\r\n      \"maxIntervalInSeconds\": 5,\r\n      \"maxStalenessPrefix\": 100\r\n    },\r\n    \"configurationOverrides\": {},\r\n    \"writeLocations\": [\r\n      {\r\n        \"id\": \"cosmosdb-1414-eastus\",\r\n        \"locationName\": \"East US\",\r\n        \"provisioningState\": \"Creating\",\r\n        \"failoverPriority\": 0,\r\n        \"isZoneRedundant\": false\r\n      }\r\n    ],\r\n    \"readLocations\": [\r\n      {\r\n        \"id\": \"cosmosdb-1414-eastus\",\r\n        \"locationName\": \"East US\",\r\n        \"provisioningState\": \"Creating\",\r\n        \"failoverPriority\": 0,\r\n        \"isZoneRedundant\": false\r\n      }\r\n    ],\r\n    \"locations\": [\r\n      {\r\n        \"id\": \"cosmosdb-1414-eastus\",\r\n        \"locationName\": \"East US\",\r\n        \"provisioningState\": \"Creating\",\r\n        \"failoverPriority\": 0,\r\n        \"isZoneRedundant\": false\r\n      }\r\n    ],\r\n    \"failoverPolicies\": [\r\n      {\r\n        \"id\": \"cosmosdb-1414-eastus\",\r\n        \"locationName\": \"East US\",\r\n        \"failoverPriority\": 0\r\n      }\r\n    ],\r\n    \"cors\": [],\r\n    \"capabilities\": [],\r\n    \"ipRules\": [],\r\n    \"backupPolicy\": {\r\n      \"type\": \"Continuous\",\r\n      \"continuousModeProperties\": {\r\n        \"tier\": \"Continuous30Days\"\r\n      }\r\n    },\r\n    \"networkAclBypassResourceIds\": [],\r\n    \"diagnosticLogSettings\": {\r\n      \"enableFullTextQuery\": \"None\"\r\n    },\r\n    \"keysMetadata\": {\r\n      \"primaryMasterKey\": {\r\n        \"generationTime\": \"2023-03-14T18:36:36.9714007Z\"\r\n      },\r\n      \"secondaryMasterKey\": {\r\n        \"generationTime\": \"2023-03-14T18:36:36.9714007Z\"\r\n      },\r\n      \"primaryReadonlyMasterKey\": {\r\n        \"generationTime\": \"2023-03-14T18:36:36.9714007Z\"\r\n      },\r\n      \"secondaryReadonlyMasterKey\": {\r\n        \"generationTime\": \"2023-03-14T18:36:36.9714007Z\"\r\n      }\r\n    }\r\n  },\r\n  \"identity\": {\r\n    \"type\": \"None\"\r\n  }\r\n}",
      "StatusCode": 200
    },
    {
      "RequestUri": "/subscriptions/259fbb24-9bcd-4cfc-865c-fc33b22fe38a/providers/Microsoft.DocumentDB/locations/eastus/operationsStatus/48b3a8be-945b-4879-bba3-3d5ee6e0ca61?api-version=2022-08-15-preview",
      "EncodedRequestUri": "L3N1YnNjcmlwdGlvbnMvMjU5ZmJiMjQtOWJjZC00Y2ZjLTg2NWMtZmMzM2IyMmZlMzhhL3Byb3ZpZGVycy9NaWNyb3NvZnQuRG9jdW1lbnREQi9sb2NhdGlvbnMvZWFzdHVzL29wZXJhdGlvbnNTdGF0dXMvNDhiM2E4YmUtOTQ1Yi00ODc5LWJiYTMtM2Q1ZWU2ZTBjYTYxP2FwaS12ZXJzaW9uPTIwMjItMDgtMTUtcHJldmlldw==",
      "RequestMethod": "GET",
      "RequestHeaders": {
        "x-ms-client-request-id": [
          "b580a1ac-65db-44f1-8251-f388d5c8225d"
        ],
        "User-Agent": [
          "FxVersion/4.700.22.55902",
          "OSName/Windows",
          "OSVersion/Microsoft.Windows.10.0.22621",
          "Microsoft.Azure.Management.CosmosDB.CosmosDBManagementClient/3.9.1.0"
        ]
      },
      "RequestBody": "",
      "ResponseHeaders": {
        "Cache-Control": [
          "no-store, no-cache"
        ],
        "Pragma": [
          "no-cache"
        ],
        "Strict-Transport-Security": [
          "max-age=31536000; includeSubDomains"
        ],
        "x-ms-gatewayversion": [
          "version=2.14.0"
        ],
        "Server": [
          "Microsoft-HTTPAPI/2.0"
        ],
        "x-ms-ratelimit-remaining-subscription-reads": [
          "11998"
        ],
        "x-ms-request-id": [
          "f406f371-3bd5-413f-9872-cb07a34b0100"
        ],
        "x-ms-correlation-request-id": [
          "f406f371-3bd5-413f-9872-cb07a34b0100"
        ],
        "x-ms-routing-request-id": [
          "WESTUS2:20230314T183709Z:f406f371-3bd5-413f-9872-cb07a34b0100"
        ],
        "X-Content-Type-Options": [
          "nosniff"
        ],
        "Date": [
          "Tue, 14 Mar 2023 18:37:08 GMT"
        ],
        "Content-Length": [
          "21"
        ],
        "Content-Type": [
          "application/json"
        ]
      },
      "ResponseBody": "{\r\n  \"status\": \"Dequeued\"\r\n}",
      "StatusCode": 200
    },
    {
      "RequestUri": "/subscriptions/259fbb24-9bcd-4cfc-865c-fc33b22fe38a/providers/Microsoft.DocumentDB/locations/eastus/operationsStatus/48b3a8be-945b-4879-bba3-3d5ee6e0ca61?api-version=2022-08-15-preview",
      "EncodedRequestUri": "L3N1YnNjcmlwdGlvbnMvMjU5ZmJiMjQtOWJjZC00Y2ZjLTg2NWMtZmMzM2IyMmZlMzhhL3Byb3ZpZGVycy9NaWNyb3NvZnQuRG9jdW1lbnREQi9sb2NhdGlvbnMvZWFzdHVzL29wZXJhdGlvbnNTdGF0dXMvNDhiM2E4YmUtOTQ1Yi00ODc5LWJiYTMtM2Q1ZWU2ZTBjYTYxP2FwaS12ZXJzaW9uPTIwMjItMDgtMTUtcHJldmlldw==",
      "RequestMethod": "GET",
      "RequestHeaders": {
        "x-ms-client-request-id": [
          "b580a1ac-65db-44f1-8251-f388d5c8225d"
        ],
        "User-Agent": [
          "FxVersion/4.700.22.55902",
          "OSName/Windows",
          "OSVersion/Microsoft.Windows.10.0.22621",
          "Microsoft.Azure.Management.CosmosDB.CosmosDBManagementClient/3.9.1.0"
        ]
      },
      "RequestBody": "",
      "ResponseHeaders": {
        "Cache-Control": [
          "no-store, no-cache"
        ],
        "Pragma": [
          "no-cache"
        ],
        "Strict-Transport-Security": [
          "max-age=31536000; includeSubDomains"
        ],
        "x-ms-gatewayversion": [
          "version=2.14.0"
        ],
        "Server": [
          "Microsoft-HTTPAPI/2.0"
        ],
        "x-ms-ratelimit-remaining-subscription-reads": [
          "11997"
        ],
        "x-ms-request-id": [
          "8b2f3c2b-e976-421d-932a-21c2cc8145d8"
        ],
        "x-ms-correlation-request-id": [
          "8b2f3c2b-e976-421d-932a-21c2cc8145d8"
        ],
        "x-ms-routing-request-id": [
          "WESTUS2:20230314T183739Z:8b2f3c2b-e976-421d-932a-21c2cc8145d8"
        ],
        "X-Content-Type-Options": [
          "nosniff"
        ],
        "Date": [
          "Tue, 14 Mar 2023 18:37:38 GMT"
        ],
        "Content-Length": [
          "21"
        ],
        "Content-Type": [
          "application/json"
        ]
      },
      "ResponseBody": "{\r\n  \"status\": \"Dequeued\"\r\n}",
      "StatusCode": 200
    },
    {
      "RequestUri": "/subscriptions/259fbb24-9bcd-4cfc-865c-fc33b22fe38a/providers/Microsoft.DocumentDB/locations/eastus/operationsStatus/48b3a8be-945b-4879-bba3-3d5ee6e0ca61?api-version=2022-08-15-preview",
      "EncodedRequestUri": "L3N1YnNjcmlwdGlvbnMvMjU5ZmJiMjQtOWJjZC00Y2ZjLTg2NWMtZmMzM2IyMmZlMzhhL3Byb3ZpZGVycy9NaWNyb3NvZnQuRG9jdW1lbnREQi9sb2NhdGlvbnMvZWFzdHVzL29wZXJhdGlvbnNTdGF0dXMvNDhiM2E4YmUtOTQ1Yi00ODc5LWJiYTMtM2Q1ZWU2ZTBjYTYxP2FwaS12ZXJzaW9uPTIwMjItMDgtMTUtcHJldmlldw==",
      "RequestMethod": "GET",
      "RequestHeaders": {
        "x-ms-client-request-id": [
          "b580a1ac-65db-44f1-8251-f388d5c8225d"
        ],
        "User-Agent": [
          "FxVersion/4.700.22.55902",
          "OSName/Windows",
          "OSVersion/Microsoft.Windows.10.0.22621",
          "Microsoft.Azure.Management.CosmosDB.CosmosDBManagementClient/3.9.1.0"
        ]
      },
      "RequestBody": "",
      "ResponseHeaders": {
        "Cache-Control": [
          "no-store, no-cache"
        ],
        "Pragma": [
          "no-cache"
        ],
        "Strict-Transport-Security": [
          "max-age=31536000; includeSubDomains"
        ],
        "x-ms-gatewayversion": [
          "version=2.14.0"
        ],
        "Server": [
          "Microsoft-HTTPAPI/2.0"
        ],
        "x-ms-ratelimit-remaining-subscription-reads": [
          "11996"
        ],
        "x-ms-request-id": [
          "ed7b9dea-f0cd-452d-a982-9a964a144348"
        ],
        "x-ms-correlation-request-id": [
          "ed7b9dea-f0cd-452d-a982-9a964a144348"
        ],
        "x-ms-routing-request-id": [
          "WESTUS2:20230314T183809Z:ed7b9dea-f0cd-452d-a982-9a964a144348"
        ],
        "X-Content-Type-Options": [
          "nosniff"
        ],
        "Date": [
          "Tue, 14 Mar 2023 18:38:09 GMT"
        ],
        "Content-Length": [
          "21"
        ],
        "Content-Type": [
          "application/json"
        ]
      },
      "ResponseBody": "{\r\n  \"status\": \"Dequeued\"\r\n}",
      "StatusCode": 200
    },
    {
      "RequestUri": "/subscriptions/259fbb24-9bcd-4cfc-865c-fc33b22fe38a/providers/Microsoft.DocumentDB/locations/eastus/operationsStatus/48b3a8be-945b-4879-bba3-3d5ee6e0ca61?api-version=2022-08-15-preview",
      "EncodedRequestUri": "L3N1YnNjcmlwdGlvbnMvMjU5ZmJiMjQtOWJjZC00Y2ZjLTg2NWMtZmMzM2IyMmZlMzhhL3Byb3ZpZGVycy9NaWNyb3NvZnQuRG9jdW1lbnREQi9sb2NhdGlvbnMvZWFzdHVzL29wZXJhdGlvbnNTdGF0dXMvNDhiM2E4YmUtOTQ1Yi00ODc5LWJiYTMtM2Q1ZWU2ZTBjYTYxP2FwaS12ZXJzaW9uPTIwMjItMDgtMTUtcHJldmlldw==",
      "RequestMethod": "GET",
      "RequestHeaders": {
        "x-ms-client-request-id": [
          "b580a1ac-65db-44f1-8251-f388d5c8225d"
        ],
        "User-Agent": [
          "FxVersion/4.700.22.55902",
          "OSName/Windows",
          "OSVersion/Microsoft.Windows.10.0.22621",
          "Microsoft.Azure.Management.CosmosDB.CosmosDBManagementClient/3.9.1.0"
        ]
      },
      "RequestBody": "",
      "ResponseHeaders": {
        "Cache-Control": [
          "no-store, no-cache"
        ],
        "Pragma": [
          "no-cache"
        ],
        "Strict-Transport-Security": [
          "max-age=31536000; includeSubDomains"
        ],
        "x-ms-gatewayversion": [
          "version=2.14.0"
        ],
        "Server": [
          "Microsoft-HTTPAPI/2.0"
        ],
        "x-ms-ratelimit-remaining-subscription-reads": [
          "11995"
        ],
        "x-ms-request-id": [
          "5b4477a8-0aef-440d-a719-1a3f6b79b7d7"
        ],
        "x-ms-correlation-request-id": [
          "5b4477a8-0aef-440d-a719-1a3f6b79b7d7"
        ],
        "x-ms-routing-request-id": [
          "WESTUS2:20230314T183839Z:5b4477a8-0aef-440d-a719-1a3f6b79b7d7"
        ],
        "X-Content-Type-Options": [
          "nosniff"
        ],
        "Date": [
          "Tue, 14 Mar 2023 18:38:38 GMT"
        ],
        "Content-Length": [
          "21"
        ],
        "Content-Type": [
          "application/json"
        ]
      },
      "ResponseBody": "{\r\n  \"status\": \"Dequeued\"\r\n}",
      "StatusCode": 200
    },
    {
      "RequestUri": "/subscriptions/259fbb24-9bcd-4cfc-865c-fc33b22fe38a/providers/Microsoft.DocumentDB/locations/eastus/operationsStatus/48b3a8be-945b-4879-bba3-3d5ee6e0ca61?api-version=2022-08-15-preview",
      "EncodedRequestUri": "L3N1YnNjcmlwdGlvbnMvMjU5ZmJiMjQtOWJjZC00Y2ZjLTg2NWMtZmMzM2IyMmZlMzhhL3Byb3ZpZGVycy9NaWNyb3NvZnQuRG9jdW1lbnREQi9sb2NhdGlvbnMvZWFzdHVzL29wZXJhdGlvbnNTdGF0dXMvNDhiM2E4YmUtOTQ1Yi00ODc5LWJiYTMtM2Q1ZWU2ZTBjYTYxP2FwaS12ZXJzaW9uPTIwMjItMDgtMTUtcHJldmlldw==",
      "RequestMethod": "GET",
      "RequestHeaders": {
        "x-ms-client-request-id": [
          "b580a1ac-65db-44f1-8251-f388d5c8225d"
        ],
        "User-Agent": [
          "FxVersion/4.700.22.55902",
          "OSName/Windows",
          "OSVersion/Microsoft.Windows.10.0.22621",
          "Microsoft.Azure.Management.CosmosDB.CosmosDBManagementClient/3.9.1.0"
        ]
      },
      "RequestBody": "",
      "ResponseHeaders": {
        "Cache-Control": [
          "no-store, no-cache"
        ],
        "Pragma": [
          "no-cache"
        ],
        "Strict-Transport-Security": [
          "max-age=31536000; includeSubDomains"
        ],
        "x-ms-gatewayversion": [
          "version=2.14.0"
        ],
        "Server": [
          "Microsoft-HTTPAPI/2.0"
        ],
        "x-ms-ratelimit-remaining-subscription-reads": [
          "11994"
        ],
        "x-ms-request-id": [
          "7ef51e4d-9144-40fe-bdbf-32247492d37a"
        ],
        "x-ms-correlation-request-id": [
          "7ef51e4d-9144-40fe-bdbf-32247492d37a"
        ],
        "x-ms-routing-request-id": [
          "WESTUS2:20230314T183909Z:7ef51e4d-9144-40fe-bdbf-32247492d37a"
        ],
        "X-Content-Type-Options": [
          "nosniff"
        ],
        "Date": [
          "Tue, 14 Mar 2023 18:39:08 GMT"
        ],
        "Content-Length": [
          "22"
        ],
        "Content-Type": [
          "application/json"
        ]
      },
      "ResponseBody": "{\r\n  \"status\": \"Succeeded\"\r\n}",
      "StatusCode": 200
    },
    {
      "RequestUri": "/subscriptions/259fbb24-9bcd-4cfc-865c-fc33b22fe38a/resourceGroups/CosmosDBResourceGroup18/providers/Microsoft.DocumentDB/databaseAccounts/cosmosdb-1414/sqlDatabases/TestDB1?api-version=2022-08-15-preview",
      "EncodedRequestUri": "L3N1YnNjcmlwdGlvbnMvMjU5ZmJiMjQtOWJjZC00Y2ZjLTg2NWMtZmMzM2IyMmZlMzhhL3Jlc291cmNlR3JvdXBzL0Nvc21vc0RCUmVzb3VyY2VHcm91cDE4L3Byb3ZpZGVycy9NaWNyb3NvZnQuRG9jdW1lbnREQi9kYXRhYmFzZUFjY291bnRzL2Nvc21vc2RiLTE0MTQvc3FsRGF0YWJhc2VzL1Rlc3REQjE/YXBpLXZlcnNpb249MjAyMi0wOC0xNS1wcmV2aWV3",
      "RequestMethod": "GET",
      "RequestHeaders": {
        "x-ms-client-request-id": [
          "44f2aa26-678b-405c-b1f6-f9603c83f900"
        ],
        "Accept-Language": [
          "en-US"
        ],
        "User-Agent": [
          "FxVersion/4.700.22.55902",
          "OSName/Windows",
          "OSVersion/Microsoft.Windows.10.0.22621",
          "Microsoft.Azure.Management.CosmosDB.CosmosDBManagementClient/3.9.1.0"
        ]
      },
      "RequestBody": "",
      "ResponseHeaders": {
        "Cache-Control": [
          "no-store, no-cache"
        ],
        "Pragma": [
          "no-cache"
        ],
        "Strict-Transport-Security": [
          "max-age=31536000; includeSubDomains"
        ],
        "x-ms-gatewayversion": [
          "version=2.14.0"
        ],
        "Server": [
          "Microsoft-HTTPAPI/2.0"
        ],
        "x-ms-ratelimit-remaining-subscription-reads": [
          "11999"
        ],
        "x-ms-request-id": [
          "bd918dd4-7558-4c5a-b065-dcb771cff6a6"
        ],
        "x-ms-correlation-request-id": [
          "bd918dd4-7558-4c5a-b065-dcb771cff6a6"
        ],
        "x-ms-routing-request-id": [
          "WESTUS2:20230314T183910Z:bd918dd4-7558-4c5a-b065-dcb771cff6a6"
        ],
        "X-Content-Type-Options": [
          "nosniff"
        ],
        "Date": [
          "Tue, 14 Mar 2023 18:39:09 GMT"
        ],
        "Content-Length": [
          "6518"
        ],
        "Content-Type": [
          "application/json"
        ]
      },
      "ResponseBody": "{\r\n  \"code\": \"NotFound\",\r\n  \"message\": \"Message: {\\\"code\\\":\\\"NotFound\\\",\\\"message\\\":\\\"Message: {\\\\\\\"Errors\\\\\\\":[\\\\\\\"Resource Not Found. Learn more: https:\\\\\\\\/\\\\\\\\/aka.ms\\\\\\\\/cosmosdb-tsg-not-found\\\\\\\"]}\\\\r\\\\nActivityId: 44f2aa26-678b-405c-b1f6-f9603c83f900, Request URI: /apps/39e9bce6-9a91-4bd4-a9d6-a4572fbc856a/services/217788bf-5720-4dcd-aebe-3e6a4053859b/partitions/94958542-8258-4863-abac-af99d53f2412/replicas/133232894808309217s, RequestStats: \\\\r\\\\nRequestStartTime: 2023-03-14T18:39:10.2804772Z, RequestEndTime: 2023-03-14T18:39:10.2804772Z,  Number of regions attempted:1\\\\r\\\\n{\\\\\\\"systemHistory\\\\\\\":[{\\\\\\\"dateUtc\\\\\\\":\\\\\\\"2023-03-14T18:38:02.4512904Z\\\\\\\",\\\\\\\"cpu\\\\\\\":1.252,\\\\\\\"memory\\\\\\\":640476676.000,\\\\\\\"threadInfo\\\\\\\":{\\\\\\\"isThreadStarving\\\\\\\":\\\\\\\"False\\\\\\\",\\\\\\\"threadWaitIntervalInMs\\\\\\\":0.0075,\\\\\\\"availableThreads\\\\\\\":32763,\\\\\\\"minThreads\\\\\\\":64,\\\\\\\"maxThreads\\\\\\\":32767},\\\\\\\"numberOfOpenTcpConnection\\\\\\\":402},{\\\\\\\"dateUtc\\\\\\\":\\\\\\\"2023-03-14T18:38:12.4607467Z\\\\\\\",\\\\\\\"cpu\\\\\\\":0.939,\\\\\\\"memory\\\\\\\":640481532.000,\\\\\\\"threadInfo\\\\\\\":{\\\\\\\"isThreadStarving\\\\\\\":\\\\\\\"False\\\\\\\",\\\\\\\"threadWaitIntervalInMs\\\\\\\":0.0204,\\\\\\\"availableThreads\\\\\\\":32764,\\\\\\\"minThreads\\\\\\\":64,\\\\\\\"maxThreads\\\\\\\":32767},\\\\\\\"numberOfOpenTcpConnection\\\\\\\":402},{\\\\\\\"dateUtc\\\\\\\":\\\\\\\"2023-03-14T18:38:22.4707789Z\\\\\\\",\\\\\\\"cpu\\\\\\\":0.812,\\\\\\\"memory\\\\\\\":640478984.000,\\\\\\\"threadInfo\\\\\\\":{\\\\\\\"isThreadStarving\\\\\\\":\\\\\\\"False\\\\\\\",\\\\\\\"threadWaitIntervalInMs\\\\\\\":0.0144,\\\\\\\"availableThreads\\\\\\\":32763,\\\\\\\"minThreads\\\\\\\":64,\\\\\\\"maxThreads\\\\\\\":32767},\\\\\\\"numberOfOpenTcpConnection\\\\\\\":401},{\\\\\\\"dateUtc\\\\\\\":\\\\\\\"2023-03-14T18:38:32.4806711Z\\\\\\\",\\\\\\\"cpu\\\\\\\":0.965,\\\\\\\"memory\\\\\\\":640446228.000,\\\\\\\"threadInfo\\\\\\\":{\\\\\\\"isThreadStarving\\\\\\\":\\\\\\\"False\\\\\\\",\\\\\\\"threadWaitIntervalInMs\\\\\\\":0.0177,\\\\\\\"availableThreads\\\\\\\":32763,\\\\\\\"minThreads\\\\\\\":64,\\\\\\\"maxThreads\\\\\\\":32767},\\\\\\\"numberOfOpenTcpConnection\\\\\\\":401},{\\\\\\\"dateUtc\\\\\\\":\\\\\\\"2023-03-14T18:38:42.4907196Z\\\\\\\",\\\\\\\"cpu\\\\\\\":1.393,\\\\\\\"memory\\\\\\\":640470628.000,\\\\\\\"threadInfo\\\\\\\":{\\\\\\\"isThreadStarving\\\\\\\":\\\\\\\"False\\\\\\\",\\\\\\\"threadWaitIntervalInMs\\\\\\\":0.0184,\\\\\\\"availableThreads\\\\\\\":32763,\\\\\\\"minThreads\\\\\\\":64,\\\\\\\"maxThreads\\\\\\\":32767},\\\\\\\"numberOfOpenTcpConnection\\\\\\\":401},{\\\\\\\"dateUtc\\\\\\\":\\\\\\\"2023-03-14T18:38:52.4905729Z\\\\\\\",\\\\\\\"cpu\\\\\\\":1.416,\\\\\\\"memory\\\\\\\":640504368.000,\\\\\\\"threadInfo\\\\\\\":{\\\\\\\"isThreadStarving\\\\\\\":\\\\\\\"False\\\\\\\",\\\\\\\"threadWaitIntervalInMs\\\\\\\":0.0178,\\\\\\\"availableThreads\\\\\\\":32762,\\\\\\\"minThreads\\\\\\\":64,\\\\\\\"maxThreads\\\\\\\":32767},\\\\\\\"numberOfOpenTcpConnection\\\\\\\":408}]}\\\\r\\\\nRequestStart: 2023-03-14T18:39:10.2804772Z; ResponseTime: 2023-03-14T18:39:10.2804772Z; StoreResult: StorePhysicalAddress: rntbd://10.0.0.25:11300/apps/39e9bce6-9a91-4bd4-a9d6-a4572fbc856a/services/217788bf-5720-4dcd-aebe-3e6a4053859b/partitions/94958542-8258-4863-abac-af99d53f2412/replicas/133232894808309217s, LSN: 9, GlobalCommittedLsn: 9, PartitionKeyRangeId: , IsValid: True, StatusCode: 404, SubStatusCode: 0, RequestCharge: 1, ItemLSN: -1, SessionToken: -1#9, UsingLocalLSN: False, TransportException: null, BELatencyMs: 0.842, ActivityId: 44f2aa26-678b-405c-b1f6-f9603c83f900, RetryAfterInMs: , TransportRequestTimeline: {\\\\\\\"requestTimeline\\\\\\\":[{\\\\\\\"event\\\\\\\": \\\\\\\"Created\\\\\\\", \\\\\\\"startTimeUtc\\\\\\\": \\\\\\\"2023-03-14T18:39:10.2804772Z\\\\\\\", \\\\\\\"durationInMs\\\\\\\": 0.0066},{\\\\\\\"event\\\\\\\": \\\\\\\"ChannelAcquisitionStarted\\\\\\\", \\\\\\\"startTimeUtc\\\\\\\": \\\\\\\"2023-03-14T18:39:10.2804838Z\\\\\\\", \\\\\\\"durationInMs\\\\\\\": 0.002},{\\\\\\\"event\\\\\\\": \\\\\\\"Pipelined\\\\\\\", \\\\\\\"startTimeUtc\\\\\\\": \\\\\\\"2023-03-14T18:39:10.2804858Z\\\\\\\", \\\\\\\"durationInMs\\\\\\\": 0.0771},{\\\\\\\"event\\\\\\\": \\\\\\\"Transit Time\\\\\\\", \\\\\\\"startTimeUtc\\\\\\\": \\\\\\\"2023-03-14T18:39:10.2805629Z\\\\\\\", \\\\\\\"durationInMs\\\\\\\": 1.2804},{\\\\\\\"event\\\\\\\": \\\\\\\"Received\\\\\\\", \\\\\\\"startTimeUtc\\\\\\\": \\\\\\\"2023-03-14T18:39:10.2818433Z\\\\\\\", \\\\\\\"durationInMs\\\\\\\": 0.263},{\\\\\\\"event\\\\\\\": \\\\\\\"Completed\\\\\\\", \\\\\\\"startTimeUtc\\\\\\\": \\\\\\\"2023-03-14T18:39:10.2821063Z\\\\\\\", \\\\\\\"durationInMs\\\\\\\": 0}],\\\\\\\"serviceEndpointStats\\\\\\\":{\\\\\\\"inflightRequests\\\\\\\":1,\\\\\\\"openConnections\\\\\\\":1},\\\\\\\"connectionStats\\\\\\\":{\\\\\\\"waitforConnectionInit\\\\\\\":\\\\\\\"False\\\\\\\",\\\\\\\"callsPendingReceive\\\\\\\":0,\\\\\\\"lastSendAttempt\\\\\\\":\\\\\\\"2023-03-14T18:39:10.2204697Z\\\\\\\",\\\\\\\"lastSend\\\\\\\":\\\\\\\"2023-03-14T18:39:10.2204697Z\\\\\\\",\\\\\\\"lastReceive\\\\\\\":\\\\\\\"2023-03-14T18:39:10.2504671Z\\\\\\\"},\\\\\\\"requestSizeInBytes\\\\\\\":454,\\\\\\\"responseMetadataSizeInBytes\\\\\\\":134,\\\\\\\"responseBodySizeInBytes\\\\\\\":87};\\\\r\\\\n ResourceType: Database, OperationType: Read\\\\r\\\\nRequestStart: 2023-03-14T18:39:10.2804772Z; ResponseTime: 2023-03-14T18:39:10.2804772Z; StoreResult: StorePhysicalAddress: rntbd://10.0.0.24:11300/apps/39e9bce6-9a91-4bd4-a9d6-a4572fbc856a/services/217788bf-5720-4dcd-aebe-3e6a4053859b/partitions/94958542-8258-4863-abac-af99d53f2412/replicas/133226082231270825s, LSN: 9, GlobalCommittedLsn: 9, PartitionKeyRangeId: , IsValid: True, StatusCode: 404, SubStatusCode: 0, RequestCharge: 1, ItemLSN: -1, SessionToken: -1#9, UsingLocalLSN: False, TransportException: null, BELatencyMs: 1.117, ActivityId: 44f2aa26-678b-405c-b1f6-f9603c83f900, RetryAfterInMs: , TransportRequestTimeline: {\\\\\\\"requestTimeline\\\\\\\":[{\\\\\\\"event\\\\\\\": \\\\\\\"Created\\\\\\\", \\\\\\\"startTimeUtc\\\\\\\": \\\\\\\"2023-03-14T18:39:10.2804772Z\\\\\\\", \\\\\\\"durationInMs\\\\\\\": 0.0029},{\\\\\\\"event\\\\\\\": \\\\\\\"ChannelAcquisitionStarted\\\\\\\", \\\\\\\"startTimeUtc\\\\\\\": \\\\\\\"2023-03-14T18:39:10.2804801Z\\\\\\\", \\\\\\\"durationInMs\\\\\\\": 0.0062},{\\\\\\\"event\\\\\\\": \\\\\\\"Pipelined\\\\\\\", \\\\\\\"startTimeUtc\\\\\\\": \\\\\\\"2023-03-14T18:39:10.2804863Z\\\\\\\", \\\\\\\"durationInMs\\\\\\\": 0.0477},{\\\\\\\"event\\\\\\\": \\\\\\\"Transit Time\\\\\\\", \\\\\\\"startTimeUtc\\\\\\\": \\\\\\\"2023-03-14T18:39:10.2805340Z\\\\\\\", \\\\\\\"durationInMs\\\\\\\": 1.4745},{\\\\\\\"event\\\\\\\": \\\\\\\"Received\\\\\\\", \\\\\\\"startTimeUtc\\\\\\\": \\\\\\\"2023-03-14T18:39:10.2820085Z\\\\\\\", \\\\\\\"durationInMs\\\\\\\": 0.1234},{\\\\\\\"event\\\\\\\": \\\\\\\"Completed\\\\\\\", \\\\\\\"startTimeUtc\\\\\\\": \\\\\\\"2023-03-14T18:39:10.2821319Z\\\\\\\", \\\\\\\"durationInMs\\\\\\\": 0}],\\\\\\\"serviceEndpointStats\\\\\\\":{\\\\\\\"inflightRequests\\\\\\\":1,\\\\\\\"openConnections\\\\\\\":1},\\\\\\\"connectionStats\\\\\\\":{\\\\\\\"waitforConnectionInit\\\\\\\":\\\\\\\"False\\\\\\\",\\\\\\\"callsPendingReceive\\\\\\\":0,\\\\\\\"lastSendAttempt\\\\\\\":\\\\\\\"2023-03-14T18:39:06.9805046Z\\\\\\\",\\\\\\\"lastSend\\\\\\\":\\\\\\\"2023-03-14T18:39:06.9805046Z\\\\\\\",\\\\\\\"lastReceive\\\\\\\":\\\\\\\"2023-03-14T18:39:06.9805046Z\\\\\\\"},\\\\\\\"requestSizeInBytes\\\\\\\":454,\\\\\\\"responseMetadataSizeInBytes\\\\\\\":134,\\\\\\\"responseBodySizeInBytes\\\\\\\":87};\\\\r\\\\n ResourceType: Database, OperationType: Read\\\\r\\\\n, SDK: Microsoft.Azure.Documents.Common/2.14.0\\\"}, Request URI: /dbs/TestDB1, RequestStats: , SDK: Microsoft.Azure.Documents.Common/2.14.0\"\r\n}",
      "StatusCode": 404
    },
    {
      "RequestUri": "/subscriptions/259fbb24-9bcd-4cfc-865c-fc33b22fe38a/resourceGroups/CosmosDBResourceGroup18/providers/Microsoft.DocumentDB/databaseAccounts/cosmosdb-1414/sqlDatabases/TestDB1?api-version=2022-08-15-preview",
      "EncodedRequestUri": "L3N1YnNjcmlwdGlvbnMvMjU5ZmJiMjQtOWJjZC00Y2ZjLTg2NWMtZmMzM2IyMmZlMzhhL3Jlc291cmNlR3JvdXBzL0Nvc21vc0RCUmVzb3VyY2VHcm91cDE4L3Byb3ZpZGVycy9NaWNyb3NvZnQuRG9jdW1lbnREQi9kYXRhYmFzZUFjY291bnRzL2Nvc21vc2RiLTE0MTQvc3FsRGF0YWJhc2VzL1Rlc3REQjE/YXBpLXZlcnNpb249MjAyMi0wOC0xNS1wcmV2aWV3",
      "RequestMethod": "GET",
      "RequestHeaders": {
        "x-ms-client-request-id": [
          "44f2aa26-678b-405c-b1f6-f9603c83f900"
        ],
        "User-Agent": [
          "FxVersion/4.700.22.55902",
          "OSName/Windows",
          "OSVersion/Microsoft.Windows.10.0.22621",
          "Microsoft.Azure.Management.CosmosDB.CosmosDBManagementClient/3.9.1.0"
        ]
      },
      "RequestBody": "",
      "ResponseHeaders": {
        "Cache-Control": [
          "no-store, no-cache"
        ],
        "Pragma": [
          "no-cache"
        ],
        "Strict-Transport-Security": [
          "max-age=31536000; includeSubDomains"
        ],
        "x-ms-gatewayversion": [
          "version=2.14.0"
        ],
        "Server": [
          "Microsoft-HTTPAPI/2.0"
        ],
        "x-ms-ratelimit-remaining-subscription-reads": [
          "11997"
        ],
        "x-ms-request-id": [
          "a852328d-f8b3-4830-a7d0-a751aac72e11"
        ],
        "x-ms-correlation-request-id": [
          "a852328d-f8b3-4830-a7d0-a751aac72e11"
        ],
        "x-ms-routing-request-id": [
          "WESTUS2:20230314T183941Z:a852328d-f8b3-4830-a7d0-a751aac72e11"
        ],
        "X-Content-Type-Options": [
          "nosniff"
        ],
        "Date": [
          "Tue, 14 Mar 2023 18:39:40 GMT"
        ],
        "Content-Length": [
          "448"
        ],
        "Content-Type": [
          "application/json"
        ]
      },
      "ResponseBody": "{\r\n  \"id\": \"/subscriptions/259fbb24-9bcd-4cfc-865c-fc33b22fe38a/resourceGroups/CosmosDBResourceGroup18/providers/Microsoft.DocumentDB/databaseAccounts/cosmosdb-1414/sqlDatabases/TestDB1\",\r\n  \"type\": \"Microsoft.DocumentDB/databaseAccounts/sqlDatabases\",\r\n  \"name\": \"TestDB1\",\r\n  \"properties\": {\r\n    \"resource\": {\r\n      \"id\": \"TestDB1\",\r\n      \"_rid\": \"ND0yAA==\",\r\n      \"_self\": \"dbs/ND0yAA==/\",\r\n      \"_etag\": \"\\\"00000a00-0000-0100-0000-6410bf530000\\\"\",\r\n      \"_colls\": \"colls/\",\r\n      \"_users\": \"users/\",\r\n      \"_ts\": 1678819155\r\n    }\r\n  }\r\n}",
      "StatusCode": 200
    },
    {
      "RequestUri": "/subscriptions/259fbb24-9bcd-4cfc-865c-fc33b22fe38a/resourceGroups/CosmosDBResourceGroup18/providers/Microsoft.DocumentDB/databaseAccounts/cosmosdb-1414/sqlDatabases/TestDB1?api-version=2022-08-15-preview",
      "EncodedRequestUri": "L3N1YnNjcmlwdGlvbnMvMjU5ZmJiMjQtOWJjZC00Y2ZjLTg2NWMtZmMzM2IyMmZlMzhhL3Jlc291cmNlR3JvdXBzL0Nvc21vc0RCUmVzb3VyY2VHcm91cDE4L3Byb3ZpZGVycy9NaWNyb3NvZnQuRG9jdW1lbnREQi9kYXRhYmFzZUFjY291bnRzL2Nvc21vc2RiLTE0MTQvc3FsRGF0YWJhc2VzL1Rlc3REQjE/YXBpLXZlcnNpb249MjAyMi0wOC0xNS1wcmV2aWV3",
      "RequestMethod": "GET",
      "RequestHeaders": {
        "x-ms-client-request-id": [
          "79bed966-4d84-4b7b-a5d5-93064c15af40"
        ],
        "Accept-Language": [
          "en-US"
        ],
        "User-Agent": [
          "FxVersion/4.700.22.55902",
          "OSName/Windows",
          "OSVersion/Microsoft.Windows.10.0.22621",
          "Microsoft.Azure.Management.CosmosDB.CosmosDBManagementClient/3.9.1.0"
        ]
      },
      "RequestBody": "",
      "ResponseHeaders": {
        "Cache-Control": [
          "no-store, no-cache"
        ],
        "Pragma": [
          "no-cache"
        ],
        "Strict-Transport-Security": [
          "max-age=31536000; includeSubDomains"
        ],
        "x-ms-gatewayversion": [
          "version=2.14.0"
        ],
        "Server": [
          "Microsoft-HTTPAPI/2.0"
        ],
        "x-ms-ratelimit-remaining-subscription-reads": [
          "11998"
        ],
        "x-ms-request-id": [
          "d153b0b5-f930-475c-b1df-82e63c397264"
        ],
        "x-ms-correlation-request-id": [
          "d153b0b5-f930-475c-b1df-82e63c397264"
        ],
        "x-ms-routing-request-id": [
          "WESTUS2:20230314T184014Z:d153b0b5-f930-475c-b1df-82e63c397264"
        ],
        "X-Content-Type-Options": [
          "nosniff"
        ],
        "Date": [
          "Tue, 14 Mar 2023 18:40:13 GMT"
        ],
        "Content-Length": [
          "448"
        ],
        "Content-Type": [
          "application/json"
        ]
      },
      "ResponseBody": "{\r\n  \"id\": \"/subscriptions/259fbb24-9bcd-4cfc-865c-fc33b22fe38a/resourceGroups/CosmosDBResourceGroup18/providers/Microsoft.DocumentDB/databaseAccounts/cosmosdb-1414/sqlDatabases/TestDB1\",\r\n  \"type\": \"Microsoft.DocumentDB/databaseAccounts/sqlDatabases\",\r\n  \"name\": \"TestDB1\",\r\n  \"properties\": {\r\n    \"resource\": {\r\n      \"id\": \"TestDB1\",\r\n      \"_rid\": \"ND0yAA==\",\r\n      \"_self\": \"dbs/ND0yAA==/\",\r\n      \"_etag\": \"\\\"00000a00-0000-0100-0000-6410bf530000\\\"\",\r\n      \"_colls\": \"colls/\",\r\n      \"_users\": \"users/\",\r\n      \"_ts\": 1678819155\r\n    }\r\n  }\r\n}",
      "StatusCode": 200
    },
    {
      "RequestUri": "/subscriptions/259fbb24-9bcd-4cfc-865c-fc33b22fe38a/resourceGroups/CosmosDBResourceGroup18/providers/Microsoft.DocumentDB/databaseAccounts/cosmosdb-1414/sqlDatabases/TestDB1?api-version=2022-08-15-preview",
      "EncodedRequestUri": "L3N1YnNjcmlwdGlvbnMvMjU5ZmJiMjQtOWJjZC00Y2ZjLTg2NWMtZmMzM2IyMmZlMzhhL3Jlc291cmNlR3JvdXBzL0Nvc21vc0RCUmVzb3VyY2VHcm91cDE4L3Byb3ZpZGVycy9NaWNyb3NvZnQuRG9jdW1lbnREQi9kYXRhYmFzZUFjY291bnRzL2Nvc21vc2RiLTE0MTQvc3FsRGF0YWJhc2VzL1Rlc3REQjE/YXBpLXZlcnNpb249MjAyMi0wOC0xNS1wcmV2aWV3",
      "RequestMethod": "PUT",
      "RequestHeaders": {
        "x-ms-client-request-id": [
          "44f2aa26-678b-405c-b1f6-f9603c83f900"
        ],
        "Accept-Language": [
          "en-US"
        ],
        "User-Agent": [
          "FxVersion/4.700.22.55902",
          "OSName/Windows",
          "OSVersion/Microsoft.Windows.10.0.22621",
          "Microsoft.Azure.Management.CosmosDB.CosmosDBManagementClient/3.9.1.0"
        ],
        "Content-Type": [
          "application/json; charset=utf-8"
        ],
        "Content-Length": [
          "97"
        ]
      },
      "RequestBody": "{\r\n  \"properties\": {\r\n    \"resource\": {\r\n      \"id\": \"TestDB1\"\r\n    },\r\n    \"options\": {}\r\n  }\r\n}",
      "ResponseHeaders": {
        "Cache-Control": [
          "no-store, no-cache"
        ],
        "Pragma": [
          "no-cache"
        ],
        "Location": [
          "https://management.azure.com/subscriptions/259fbb24-9bcd-4cfc-865c-fc33b22fe38a/resourceGroups/CosmosDBResourceGroup18/providers/Microsoft.DocumentDB/databaseAccounts/cosmosdb-1414/sqlDatabases/TestDB1/operationResults/48cd794a-301b-4a58-a9ba-96a410f99d92?api-version=2022-08-15-preview"
        ],
        "Azure-AsyncOperation": [
          "https://management.azure.com/subscriptions/259fbb24-9bcd-4cfc-865c-fc33b22fe38a/providers/Microsoft.DocumentDB/locations/eastus/operationsStatus/48cd794a-301b-4a58-a9ba-96a410f99d92?api-version=2022-08-15-preview"
        ],
        "x-ms-request-id": [
          "48cd794a-301b-4a58-a9ba-96a410f99d92"
        ],
        "Strict-Transport-Security": [
          "max-age=31536000; includeSubDomains"
        ],
        "x-ms-gatewayversion": [
          "version=2.14.0"
        ],
        "Server": [
          "Microsoft-HTTPAPI/2.0"
        ],
        "x-ms-ratelimit-remaining-subscription-writes": [
          "1199"
        ],
        "x-ms-correlation-request-id": [
          "820265be-36f2-499c-8b15-82a7756838ef"
        ],
        "x-ms-routing-request-id": [
          "WESTUS2:20230314T183910Z:820265be-36f2-499c-8b15-82a7756838ef"
        ],
        "X-Content-Type-Options": [
          "nosniff"
        ],
        "Date": [
          "Tue, 14 Mar 2023 18:39:10 GMT"
        ],
        "Content-Length": [
          "21"
        ],
        "Content-Type": [
          "application/json"
        ]
      },
      "ResponseBody": "{\r\n  \"status\": \"Enqueued\"\r\n}",
      "StatusCode": 202
    },
    {
      "RequestUri": "/subscriptions/259fbb24-9bcd-4cfc-865c-fc33b22fe38a/providers/Microsoft.DocumentDB/locations/eastus/operationsStatus/48cd794a-301b-4a58-a9ba-96a410f99d92?api-version=2022-08-15-preview",
      "EncodedRequestUri": "L3N1YnNjcmlwdGlvbnMvMjU5ZmJiMjQtOWJjZC00Y2ZjLTg2NWMtZmMzM2IyMmZlMzhhL3Byb3ZpZGVycy9NaWNyb3NvZnQuRG9jdW1lbnREQi9sb2NhdGlvbnMvZWFzdHVzL29wZXJhdGlvbnNTdGF0dXMvNDhjZDc5NGEtMzAxYi00YTU4LWE5YmEtOTZhNDEwZjk5ZDkyP2FwaS12ZXJzaW9uPTIwMjItMDgtMTUtcHJldmlldw==",
      "RequestMethod": "GET",
      "RequestHeaders": {
        "x-ms-client-request-id": [
          "44f2aa26-678b-405c-b1f6-f9603c83f900"
        ],
        "User-Agent": [
          "FxVersion/4.700.22.55902",
          "OSName/Windows",
          "OSVersion/Microsoft.Windows.10.0.22621",
          "Microsoft.Azure.Management.CosmosDB.CosmosDBManagementClient/3.9.1.0"
        ]
      },
      "RequestBody": "",
      "ResponseHeaders": {
        "Cache-Control": [
          "no-store, no-cache"
        ],
        "Pragma": [
          "no-cache"
        ],
        "Strict-Transport-Security": [
          "max-age=31536000; includeSubDomains"
        ],
        "x-ms-gatewayversion": [
          "version=2.14.0"
        ],
        "Server": [
          "Microsoft-HTTPAPI/2.0"
        ],
        "x-ms-ratelimit-remaining-subscription-reads": [
          "11998"
        ],
        "x-ms-request-id": [
          "cd93248c-f975-48da-8f9a-8f81a8327392"
        ],
        "x-ms-correlation-request-id": [
          "cd93248c-f975-48da-8f9a-8f81a8327392"
        ],
        "x-ms-routing-request-id": [
          "WESTUS2:20230314T183941Z:cd93248c-f975-48da-8f9a-8f81a8327392"
        ],
        "X-Content-Type-Options": [
          "nosniff"
        ],
        "Date": [
          "Tue, 14 Mar 2023 18:39:40 GMT"
        ],
        "Content-Length": [
          "22"
        ],
        "Content-Type": [
          "application/json"
        ]
      },
      "ResponseBody": "{\r\n  \"status\": \"Succeeded\"\r\n}",
      "StatusCode": 200
    },
    {
      "RequestUri": "/subscriptions/259fbb24-9bcd-4cfc-865c-fc33b22fe38a/resourceGroups/CosmosDBResourceGroup18/providers/Microsoft.DocumentDB/databaseAccounts/cosmosdb-1414/sqlDatabases/TestDB1/containers/TestCollectionInDB1?api-version=2022-08-15-preview",
      "EncodedRequestUri": "L3N1YnNjcmlwdGlvbnMvMjU5ZmJiMjQtOWJjZC00Y2ZjLTg2NWMtZmMzM2IyMmZlMzhhL3Jlc291cmNlR3JvdXBzL0Nvc21vc0RCUmVzb3VyY2VHcm91cDE4L3Byb3ZpZGVycy9NaWNyb3NvZnQuRG9jdW1lbnREQi9kYXRhYmFzZUFjY291bnRzL2Nvc21vc2RiLTE0MTQvc3FsRGF0YWJhc2VzL1Rlc3REQjEvY29udGFpbmVycy9UZXN0Q29sbGVjdGlvbkluREIxP2FwaS12ZXJzaW9uPTIwMjItMDgtMTUtcHJldmlldw==",
      "RequestMethod": "GET",
      "RequestHeaders": {
        "x-ms-client-request-id": [
          "1bc0797c-7ab5-4e73-85c1-5f23b4481a0b"
        ],
        "Accept-Language": [
          "en-US"
        ],
        "User-Agent": [
          "FxVersion/4.700.22.55902",
          "OSName/Windows",
          "OSVersion/Microsoft.Windows.10.0.22621",
          "Microsoft.Azure.Management.CosmosDB.CosmosDBManagementClient/3.9.1.0"
        ]
      },
      "RequestBody": "",
      "ResponseHeaders": {
        "Cache-Control": [
          "no-store, no-cache"
        ],
        "Pragma": [
          "no-cache"
        ],
        "Strict-Transport-Security": [
          "max-age=31536000; includeSubDomains"
        ],
        "x-ms-gatewayversion": [
          "version=2.14.0"
        ],
        "Server": [
          "Microsoft-HTTPAPI/2.0"
        ],
        "x-ms-ratelimit-remaining-subscription-reads": [
          "11999"
        ],
        "x-ms-request-id": [
          "476f0133-b122-428f-a3a9-0431d2581f35"
        ],
        "x-ms-correlation-request-id": [
          "476f0133-b122-428f-a3a9-0431d2581f35"
        ],
        "x-ms-routing-request-id": [
          "WESTUS2:20230314T183941Z:476f0133-b122-428f-a3a9-0431d2581f35"
        ],
        "X-Content-Type-Options": [
          "nosniff"
        ],
        "Date": [
          "Tue, 14 Mar 2023 18:39:41 GMT"
        ],
        "Content-Length": [
          "6555"
        ],
        "Content-Type": [
          "application/json"
        ]
      },
      "ResponseBody": "{\r\n  \"code\": \"NotFound\",\r\n  \"message\": \"Message: {\\\"code\\\":\\\"NotFound\\\",\\\"message\\\":\\\"Message: {\\\\\\\"Errors\\\\\\\":[\\\\\\\"Resource Not Found. Learn more: https:\\\\\\\\/\\\\\\\\/aka.ms\\\\\\\\/cosmosdb-tsg-not-found\\\\\\\"]}\\\\r\\\\nActivityId: 1bc0797c-7ab5-4e73-85c1-5f23b4481a0b, Request URI: /apps/39e9bce6-9a91-4bd4-a9d6-a4572fbc856a/services/217788bf-5720-4dcd-aebe-3e6a4053859b/partitions/94958542-8258-4863-abac-af99d53f2412/replicas/133232894808309217s, RequestStats: \\\\r\\\\nRequestStartTime: 2023-03-14T18:39:41.8926474Z, RequestEndTime: 2023-03-14T18:39:41.8926474Z,  Number of regions attempted:1\\\\r\\\\n{\\\\\\\"systemHistory\\\\\\\":[{\\\\\\\"dateUtc\\\\\\\":\\\\\\\"2023-03-14T18:38:47.4434219Z\\\\\\\",\\\\\\\"cpu\\\\\\\":0.329,\\\\\\\"memory\\\\\\\":677472612.000,\\\\\\\"threadInfo\\\\\\\":{\\\\\\\"isThreadStarving\\\\\\\":\\\\\\\"False\\\\\\\",\\\\\\\"threadWaitIntervalInMs\\\\\\\":0.0148,\\\\\\\"availableThreads\\\\\\\":32764,\\\\\\\"minThreads\\\\\\\":64,\\\\\\\"maxThreads\\\\\\\":32767},\\\\\\\"numberOfOpenTcpConnection\\\\\\\":405},{\\\\\\\"dateUtc\\\\\\\":\\\\\\\"2023-03-14T18:38:57.4533047Z\\\\\\\",\\\\\\\"cpu\\\\\\\":0.371,\\\\\\\"memory\\\\\\\":677471452.000,\\\\\\\"threadInfo\\\\\\\":{\\\\\\\"isThreadStarving\\\\\\\":\\\\\\\"False\\\\\\\",\\\\\\\"threadWaitIntervalInMs\\\\\\\":0.0143,\\\\\\\"availableThreads\\\\\\\":32764,\\\\\\\"minThreads\\\\\\\":64,\\\\\\\"maxThreads\\\\\\\":32767},\\\\\\\"numberOfOpenTcpConnection\\\\\\\":426},{\\\\\\\"dateUtc\\\\\\\":\\\\\\\"2023-03-14T18:39:07.4631053Z\\\\\\\",\\\\\\\"cpu\\\\\\\":0.908,\\\\\\\"memory\\\\\\\":677439288.000,\\\\\\\"threadInfo\\\\\\\":{\\\\\\\"isThreadStarving\\\\\\\":\\\\\\\"False\\\\\\\",\\\\\\\"threadWaitIntervalInMs\\\\\\\":0.0165,\\\\\\\"availableThreads\\\\\\\":32764,\\\\\\\"minThreads\\\\\\\":64,\\\\\\\"maxThreads\\\\\\\":32767},\\\\\\\"numberOfOpenTcpConnection\\\\\\\":426},{\\\\\\\"dateUtc\\\\\\\":\\\\\\\"2023-03-14T18:39:17.4729132Z\\\\\\\",\\\\\\\"cpu\\\\\\\":0.519,\\\\\\\"memory\\\\\\\":677434472.000,\\\\\\\"threadInfo\\\\\\\":{\\\\\\\"isThreadStarving\\\\\\\":\\\\\\\"False\\\\\\\",\\\\\\\"threadWaitIntervalInMs\\\\\\\":0.0176,\\\\\\\"availableThreads\\\\\\\":32764,\\\\\\\"minThreads\\\\\\\":64,\\\\\\\"maxThreads\\\\\\\":32767},\\\\\\\"numberOfOpenTcpConnection\\\\\\\":426},{\\\\\\\"dateUtc\\\\\\\":\\\\\\\"2023-03-14T18:39:27.4827915Z\\\\\\\",\\\\\\\"cpu\\\\\\\":0.337,\\\\\\\"memory\\\\\\\":677440104.000,\\\\\\\"threadInfo\\\\\\\":{\\\\\\\"isThreadStarving\\\\\\\":\\\\\\\"False\\\\\\\",\\\\\\\"threadWaitIntervalInMs\\\\\\\":0.0154,\\\\\\\"availableThreads\\\\\\\":32764,\\\\\\\"minThreads\\\\\\\":64,\\\\\\\"maxThreads\\\\\\\":32767},\\\\\\\"numberOfOpenTcpConnection\\\\\\\":428},{\\\\\\\"dateUtc\\\\\\\":\\\\\\\"2023-03-14T18:39:37.4926768Z\\\\\\\",\\\\\\\"cpu\\\\\\\":0.327,\\\\\\\"memory\\\\\\\":677437628.000,\\\\\\\"threadInfo\\\\\\\":{\\\\\\\"isThreadStarving\\\\\\\":\\\\\\\"False\\\\\\\",\\\\\\\"threadWaitIntervalInMs\\\\\\\":0.0163,\\\\\\\"availableThreads\\\\\\\":32763,\\\\\\\"minThreads\\\\\\\":64,\\\\\\\"maxThreads\\\\\\\":32767},\\\\\\\"numberOfOpenTcpConnection\\\\\\\":418}]}\\\\r\\\\nRequestStart: 2023-03-14T18:39:41.8926474Z; ResponseTime: 2023-03-14T18:39:41.8926474Z; StoreResult: StorePhysicalAddress: rntbd://10.0.0.25:11300/apps/39e9bce6-9a91-4bd4-a9d6-a4572fbc856a/services/217788bf-5720-4dcd-aebe-3e6a4053859b/partitions/94958542-8258-4863-abac-af99d53f2412/replicas/133232894808309217s, LSN: 10, GlobalCommittedLsn: 10, PartitionKeyRangeId: , IsValid: True, StatusCode: 404, SubStatusCode: 0, RequestCharge: 1, ItemLSN: -1, SessionToken: -1#10, UsingLocalLSN: False, TransportException: null, BELatencyMs: 0.795, ActivityId: 1bc0797c-7ab5-4e73-85c1-5f23b4481a0b, RetryAfterInMs: , TransportRequestTimeline: {\\\\\\\"requestTimeline\\\\\\\":[{\\\\\\\"event\\\\\\\": \\\\\\\"Created\\\\\\\", \\\\\\\"startTimeUtc\\\\\\\": \\\\\\\"2023-03-14T18:39:41.8926474Z\\\\\\\", \\\\\\\"durationInMs\\\\\\\": 0.014},{\\\\\\\"event\\\\\\\": \\\\\\\"ChannelAcquisitionStarted\\\\\\\", \\\\\\\"startTimeUtc\\\\\\\": \\\\\\\"2023-03-14T18:39:41.8926614Z\\\\\\\", \\\\\\\"durationInMs\\\\\\\": 0.0029},{\\\\\\\"event\\\\\\\": \\\\\\\"Pipelined\\\\\\\", \\\\\\\"startTimeUtc\\\\\\\": \\\\\\\"2023-03-14T18:39:41.8926643Z\\\\\\\", \\\\\\\"durationInMs\\\\\\\": 0.0915},{\\\\\\\"event\\\\\\\": \\\\\\\"Transit Time\\\\\\\", \\\\\\\"startTimeUtc\\\\\\\": \\\\\\\"2023-03-14T18:39:41.8927558Z\\\\\\\", \\\\\\\"durationInMs\\\\\\\": 1.0679},{\\\\\\\"event\\\\\\\": \\\\\\\"Received\\\\\\\", \\\\\\\"startTimeUtc\\\\\\\": \\\\\\\"2023-03-14T18:39:41.8938237Z\\\\\\\", \\\\\\\"durationInMs\\\\\\\": 0.0663},{\\\\\\\"event\\\\\\\": \\\\\\\"Completed\\\\\\\", \\\\\\\"startTimeUtc\\\\\\\": \\\\\\\"2023-03-14T18:39:41.8938900Z\\\\\\\", \\\\\\\"durationInMs\\\\\\\": 0}],\\\\\\\"serviceEndpointStats\\\\\\\":{\\\\\\\"inflightRequests\\\\\\\":1,\\\\\\\"openConnections\\\\\\\":1},\\\\\\\"connectionStats\\\\\\\":{\\\\\\\"waitforConnectionInit\\\\\\\":\\\\\\\"False\\\\\\\",\\\\\\\"callsPendingReceive\\\\\\\":0,\\\\\\\"lastSendAttempt\\\\\\\":\\\\\\\"2023-03-14T18:39:41.3226543Z\\\\\\\",\\\\\\\"lastSend\\\\\\\":\\\\\\\"2023-03-14T18:39:41.3226543Z\\\\\\\",\\\\\\\"lastReceive\\\\\\\":\\\\\\\"2023-03-14T18:39:41.3226543Z\\\\\\\"},\\\\\\\"requestSizeInBytes\\\\\\\":492,\\\\\\\"responseMetadataSizeInBytes\\\\\\\":135,\\\\\\\"responseBodySizeInBytes\\\\\\\":87};\\\\r\\\\n ResourceType: Collection, OperationType: Read\\\\r\\\\nRequestStart: 2023-03-14T18:39:41.8926474Z; ResponseTime: 2023-03-14T18:39:41.8926474Z; StoreResult: StorePhysicalAddress: rntbd://10.0.0.23:11300/apps/39e9bce6-9a91-4bd4-a9d6-a4572fbc856a/services/217788bf-5720-4dcd-aebe-3e6a4053859b/partitions/94958542-8258-4863-abac-af99d53f2412/replicas/133226082231270824s, LSN: 10, GlobalCommittedLsn: 10, PartitionKeyRangeId: , IsValid: True, StatusCode: 404, SubStatusCode: 0, RequestCharge: 1, ItemLSN: -1, SessionToken: -1#10, UsingLocalLSN: False, TransportException: null, BELatencyMs: 1.274, ActivityId: 1bc0797c-7ab5-4e73-85c1-5f23b4481a0b, RetryAfterInMs: , TransportRequestTimeline: {\\\\\\\"requestTimeline\\\\\\\":[{\\\\\\\"event\\\\\\\": \\\\\\\"Created\\\\\\\", \\\\\\\"startTimeUtc\\\\\\\": \\\\\\\"2023-03-14T18:39:41.8926474Z\\\\\\\", \\\\\\\"durationInMs\\\\\\\": 0.0034},{\\\\\\\"event\\\\\\\": \\\\\\\"ChannelAcquisitionStarted\\\\\\\", \\\\\\\"startTimeUtc\\\\\\\": \\\\\\\"2023-03-14T18:39:41.8926508Z\\\\\\\", \\\\\\\"durationInMs\\\\\\\": 0.0012},{\\\\\\\"event\\\\\\\": \\\\\\\"Pipelined\\\\\\\", \\\\\\\"startTimeUtc\\\\\\\": \\\\\\\"2023-03-14T18:39:41.8926520Z\\\\\\\", \\\\\\\"durationInMs\\\\\\\": 0.0525},{\\\\\\\"event\\\\\\\": \\\\\\\"Transit Time\\\\\\\", \\\\\\\"startTimeUtc\\\\\\\": \\\\\\\"2023-03-14T18:39:41.8927045Z\\\\\\\", \\\\\\\"durationInMs\\\\\\\": 1.7898},{\\\\\\\"event\\\\\\\": \\\\\\\"Received\\\\\\\", \\\\\\\"startTimeUtc\\\\\\\": \\\\\\\"2023-03-14T18:39:41.8944943Z\\\\\\\", \\\\\\\"durationInMs\\\\\\\": 0.0583},{\\\\\\\"event\\\\\\\": \\\\\\\"Completed\\\\\\\", \\\\\\\"startTimeUtc\\\\\\\": \\\\\\\"2023-03-14T18:39:41.8945526Z\\\\\\\", \\\\\\\"durationInMs\\\\\\\": 0}],\\\\\\\"serviceEndpointStats\\\\\\\":{\\\\\\\"inflightRequests\\\\\\\":1,\\\\\\\"openConnections\\\\\\\":1},\\\\\\\"connectionStats\\\\\\\":{\\\\\\\"waitforConnectionInit\\\\\\\":\\\\\\\"False\\\\\\\",\\\\\\\"callsPendingReceive\\\\\\\":0,\\\\\\\"lastSendAttempt\\\\\\\":\\\\\\\"2023-03-14T18:39:41.8326360Z\\\\\\\",\\\\\\\"lastSend\\\\\\\":\\\\\\\"2023-03-14T18:39:41.8326360Z\\\\\\\",\\\\\\\"lastReceive\\\\\\\":\\\\\\\"2023-03-14T18:39:41.8626348Z\\\\\\\"},\\\\\\\"requestSizeInBytes\\\\\\\":492,\\\\\\\"responseMetadataSizeInBytes\\\\\\\":135,\\\\\\\"responseBodySizeInBytes\\\\\\\":87};\\\\r\\\\n ResourceType: Collection, OperationType: Read\\\\r\\\\n, SDK: Microsoft.Azure.Documents.Common/2.14.0\\\"}, Request URI: /dbs/TestDB1/colls/TestCollectionInDB1, RequestStats: , SDK: Microsoft.Azure.Documents.Common/2.14.0\"\r\n}",
      "StatusCode": 404
    },
    {
      "RequestUri": "/subscriptions/259fbb24-9bcd-4cfc-865c-fc33b22fe38a/resourceGroups/CosmosDBResourceGroup18/providers/Microsoft.DocumentDB/databaseAccounts/cosmosdb-1414/sqlDatabases/TestDB1/containers/TestCollectionInDB1?api-version=2022-08-15-preview",
      "EncodedRequestUri": "L3N1YnNjcmlwdGlvbnMvMjU5ZmJiMjQtOWJjZC00Y2ZjLTg2NWMtZmMzM2IyMmZlMzhhL3Jlc291cmNlR3JvdXBzL0Nvc21vc0RCUmVzb3VyY2VHcm91cDE4L3Byb3ZpZGVycy9NaWNyb3NvZnQuRG9jdW1lbnREQi9kYXRhYmFzZUFjY291bnRzL2Nvc21vc2RiLTE0MTQvc3FsRGF0YWJhc2VzL1Rlc3REQjEvY29udGFpbmVycy9UZXN0Q29sbGVjdGlvbkluREIxP2FwaS12ZXJzaW9uPTIwMjItMDgtMTUtcHJldmlldw==",
      "RequestMethod": "GET",
      "RequestHeaders": {
        "x-ms-client-request-id": [
          "1bc0797c-7ab5-4e73-85c1-5f23b4481a0b"
        ],
        "User-Agent": [
          "FxVersion/4.700.22.55902",
          "OSName/Windows",
          "OSVersion/Microsoft.Windows.10.0.22621",
          "Microsoft.Azure.Management.CosmosDB.CosmosDBManagementClient/3.9.1.0"
        ]
      },
      "RequestBody": "",
      "ResponseHeaders": {
        "Cache-Control": [
          "no-store, no-cache"
        ],
        "Pragma": [
          "no-cache"
        ],
        "Strict-Transport-Security": [
          "max-age=31536000; includeSubDomains"
        ],
        "x-ms-gatewayversion": [
          "version=2.14.0"
        ],
        "Server": [
          "Microsoft-HTTPAPI/2.0"
        ],
        "x-ms-ratelimit-remaining-subscription-reads": [
          "11997"
        ],
        "x-ms-request-id": [
          "20082fdd-5e63-4815-81c7-5f51141e62e2"
        ],
        "x-ms-correlation-request-id": [
          "20082fdd-5e63-4815-81c7-5f51141e62e2"
        ],
        "x-ms-routing-request-id": [
          "WESTUS2:20230314T184013Z:20082fdd-5e63-4815-81c7-5f51141e62e2"
        ],
        "X-Content-Type-Options": [
          "nosniff"
        ],
        "Date": [
          "Tue, 14 Mar 2023 18:40:12 GMT"
        ],
        "Content-Length": [
          "1224"
        ],
        "Content-Type": [
          "application/json"
        ]
      },
      "ResponseBody": "{\r\n  \"id\": \"/subscriptions/259fbb24-9bcd-4cfc-865c-fc33b22fe38a/resourceGroups/CosmosDBResourceGroup18/providers/Microsoft.DocumentDB/databaseAccounts/cosmosdb-1414/sqlDatabases/TestDB1/containers/TestCollectionInDB1\",\r\n  \"type\": \"Microsoft.DocumentDB/databaseAccounts/sqlDatabases/containers\",\r\n  \"name\": \"TestCollectionInDB1\",\r\n  \"properties\": {\r\n    \"resource\": {\r\n      \"id\": \"TestCollectionInDB1\",\r\n      \"indexingPolicy\": {\r\n        \"indexingMode\": \"consistent\",\r\n        \"automatic\": true,\r\n        \"includedPaths\": [\r\n          {\r\n            \"path\": \"/*\"\r\n          }\r\n        ],\r\n        \"excludedPaths\": [\r\n          {\r\n            \"path\": \"/\\\"_etag\\\"/?\"\r\n          }\r\n        ]\r\n      },\r\n      \"partitionKey\": {\r\n        \"paths\": [\r\n          \"/foo/bar\"\r\n        ],\r\n        \"kind\": \"Hash\"\r\n      },\r\n      \"uniqueKeyPolicy\": {\r\n        \"uniqueKeys\": []\r\n      },\r\n      \"conflictResolutionPolicy\": {\r\n        \"mode\": \"LastWriterWins\",\r\n        \"conflictResolutionPath\": \"/_ts\",\r\n        \"conflictResolutionProcedure\": \"\"\r\n      },\r\n      \"backupPolicy\": {\r\n        \"type\": 1\r\n      },\r\n      \"geospatialConfig\": {\r\n        \"type\": \"Geography\"\r\n      },\r\n      \"_rid\": \"ND0yAKtgRjQ=\",\r\n      \"_ts\": 1678819189,\r\n      \"_self\": \"dbs/ND0yAA==/colls/ND0yAKtgRjQ=/\",\r\n      \"_etag\": \"\\\"00000d00-0000-0100-0000-6410bf750000\\\"\",\r\n      \"_docs\": \"docs/\",\r\n      \"_sprocs\": \"sprocs/\",\r\n      \"_triggers\": \"triggers/\",\r\n      \"_udfs\": \"udfs/\",\r\n      \"_conflicts\": \"conflicts/\",\r\n      \"statistics\": [\r\n        {\r\n          \"id\": \"1\",\r\n          \"sizeInKB\": 0,\r\n          \"documentCount\": 0,\r\n          \"sampledDistinctPartitionKeyCount\": 0,\r\n          \"partitionKeys\": []\r\n        },\r\n        {\r\n          \"id\": \"0\",\r\n          \"sizeInKB\": 0,\r\n          \"documentCount\": 0,\r\n          \"sampledDistinctPartitionKeyCount\": 0,\r\n          \"partitionKeys\": []\r\n        }\r\n      ]\r\n    }\r\n  }\r\n}",
      "StatusCode": 200
    },
    {
      "RequestUri": "/subscriptions/259fbb24-9bcd-4cfc-865c-fc33b22fe38a/resourceGroups/CosmosDBResourceGroup18/providers/Microsoft.DocumentDB/databaseAccounts/cosmosdb-1414/sqlDatabases/TestDB1/containers/TestCollectionInDB1?api-version=2022-08-15-preview",
      "EncodedRequestUri": "L3N1YnNjcmlwdGlvbnMvMjU5ZmJiMjQtOWJjZC00Y2ZjLTg2NWMtZmMzM2IyMmZlMzhhL3Jlc291cmNlR3JvdXBzL0Nvc21vc0RCUmVzb3VyY2VHcm91cDE4L3Byb3ZpZGVycy9NaWNyb3NvZnQuRG9jdW1lbnREQi9kYXRhYmFzZUFjY291bnRzL2Nvc21vc2RiLTE0MTQvc3FsRGF0YWJhc2VzL1Rlc3REQjEvY29udGFpbmVycy9UZXN0Q29sbGVjdGlvbkluREIxP2FwaS12ZXJzaW9uPTIwMjItMDgtMTUtcHJldmlldw==",
      "RequestMethod": "GET",
      "RequestHeaders": {
        "x-ms-client-request-id": [
          "79bed966-4d84-4b7b-a5d5-93064c15af40"
        ],
        "Accept-Language": [
          "en-US"
        ],
        "User-Agent": [
          "FxVersion/4.700.22.55902",
          "OSName/Windows",
          "OSVersion/Microsoft.Windows.10.0.22621",
          "Microsoft.Azure.Management.CosmosDB.CosmosDBManagementClient/3.9.1.0"
        ]
      },
      "RequestBody": "",
      "ResponseHeaders": {
        "Cache-Control": [
          "no-store, no-cache"
        ],
        "Pragma": [
          "no-cache"
        ],
        "Strict-Transport-Security": [
          "max-age=31536000; includeSubDomains"
        ],
        "x-ms-gatewayversion": [
          "version=2.14.0"
        ],
        "Server": [
          "Microsoft-HTTPAPI/2.0"
        ],
        "x-ms-ratelimit-remaining-subscription-reads": [
          "11997"
        ],
        "x-ms-request-id": [
          "9bd49c76-424e-42b7-92f9-5973a086f291"
        ],
        "x-ms-correlation-request-id": [
          "9bd49c76-424e-42b7-92f9-5973a086f291"
        ],
        "x-ms-routing-request-id": [
          "WESTUS2:20230314T184014Z:9bd49c76-424e-42b7-92f9-5973a086f291"
        ],
        "X-Content-Type-Options": [
          "nosniff"
        ],
        "Date": [
          "Tue, 14 Mar 2023 18:40:13 GMT"
        ],
        "Content-Length": [
          "1224"
        ],
        "Content-Type": [
          "application/json"
        ]
      },
      "ResponseBody": "{\r\n  \"id\": \"/subscriptions/259fbb24-9bcd-4cfc-865c-fc33b22fe38a/resourceGroups/CosmosDBResourceGroup18/providers/Microsoft.DocumentDB/databaseAccounts/cosmosdb-1414/sqlDatabases/TestDB1/containers/TestCollectionInDB1\",\r\n  \"type\": \"Microsoft.DocumentDB/databaseAccounts/sqlDatabases/containers\",\r\n  \"name\": \"TestCollectionInDB1\",\r\n  \"properties\": {\r\n    \"resource\": {\r\n      \"id\": \"TestCollectionInDB1\",\r\n      \"indexingPolicy\": {\r\n        \"indexingMode\": \"consistent\",\r\n        \"automatic\": true,\r\n        \"includedPaths\": [\r\n          {\r\n            \"path\": \"/*\"\r\n          }\r\n        ],\r\n        \"excludedPaths\": [\r\n          {\r\n            \"path\": \"/\\\"_etag\\\"/?\"\r\n          }\r\n        ]\r\n      },\r\n      \"partitionKey\": {\r\n        \"paths\": [\r\n          \"/foo/bar\"\r\n        ],\r\n        \"kind\": \"Hash\"\r\n      },\r\n      \"uniqueKeyPolicy\": {\r\n        \"uniqueKeys\": []\r\n      },\r\n      \"conflictResolutionPolicy\": {\r\n        \"mode\": \"LastWriterWins\",\r\n        \"conflictResolutionPath\": \"/_ts\",\r\n        \"conflictResolutionProcedure\": \"\"\r\n      },\r\n      \"backupPolicy\": {\r\n        \"type\": 1\r\n      },\r\n      \"geospatialConfig\": {\r\n        \"type\": \"Geography\"\r\n      },\r\n      \"_rid\": \"ND0yAKtgRjQ=\",\r\n      \"_ts\": 1678819189,\r\n      \"_self\": \"dbs/ND0yAA==/colls/ND0yAKtgRjQ=/\",\r\n      \"_etag\": \"\\\"00000d00-0000-0100-0000-6410bf750000\\\"\",\r\n      \"_docs\": \"docs/\",\r\n      \"_sprocs\": \"sprocs/\",\r\n      \"_triggers\": \"triggers/\",\r\n      \"_udfs\": \"udfs/\",\r\n      \"_conflicts\": \"conflicts/\",\r\n      \"statistics\": [\r\n        {\r\n          \"id\": \"1\",\r\n          \"sizeInKB\": 0,\r\n          \"documentCount\": 0,\r\n          \"sampledDistinctPartitionKeyCount\": 0,\r\n          \"partitionKeys\": []\r\n        },\r\n        {\r\n          \"id\": \"0\",\r\n          \"sizeInKB\": 0,\r\n          \"documentCount\": 0,\r\n          \"sampledDistinctPartitionKeyCount\": 0,\r\n          \"partitionKeys\": []\r\n        }\r\n      ]\r\n    }\r\n  }\r\n}",
      "StatusCode": 200
    },
    {
      "RequestUri": "/subscriptions/259fbb24-9bcd-4cfc-865c-fc33b22fe38a/resourceGroups/CosmosDBResourceGroup18/providers/Microsoft.DocumentDB/databaseAccounts/cosmosdb-1414/sqlDatabases/TestDB1/containers/TestCollectionInDB1?api-version=2022-08-15-preview",
      "EncodedRequestUri": "L3N1YnNjcmlwdGlvbnMvMjU5ZmJiMjQtOWJjZC00Y2ZjLTg2NWMtZmMzM2IyMmZlMzhhL3Jlc291cmNlR3JvdXBzL0Nvc21vc0RCUmVzb3VyY2VHcm91cDE4L3Byb3ZpZGVycy9NaWNyb3NvZnQuRG9jdW1lbnREQi9kYXRhYmFzZUFjY291bnRzL2Nvc21vc2RiLTE0MTQvc3FsRGF0YWJhc2VzL1Rlc3REQjEvY29udGFpbmVycy9UZXN0Q29sbGVjdGlvbkluREIxP2FwaS12ZXJzaW9uPTIwMjItMDgtMTUtcHJldmlldw==",
      "RequestMethod": "PUT",
      "RequestHeaders": {
        "x-ms-client-request-id": [
          "1bc0797c-7ab5-4e73-85c1-5f23b4481a0b"
        ],
        "Accept-Language": [
          "en-US"
        ],
        "User-Agent": [
          "FxVersion/4.700.22.55902",
          "OSName/Windows",
          "OSVersion/Microsoft.Windows.10.0.22621",
          "Microsoft.Azure.Management.CosmosDB.CosmosDBManagementClient/3.9.1.0"
        ],
        "Content-Type": [
          "application/json; charset=utf-8"
        ],
        "Content-Length": [
          "255"
        ]
      },
      "RequestBody": "{\r\n  \"properties\": {\r\n    \"resource\": {\r\n      \"id\": \"TestCollectionInDB1\",\r\n      \"partitionKey\": {\r\n        \"paths\": [\r\n          \"/foo/bar\"\r\n        ],\r\n        \"kind\": \"Hash\"\r\n      }\r\n    },\r\n    \"options\": {\r\n      \"throughput\": 10000\r\n    }\r\n  }\r\n}",
      "ResponseHeaders": {
        "Cache-Control": [
          "no-store, no-cache"
        ],
        "Pragma": [
          "no-cache"
        ],
        "Location": [
          "https://management.azure.com/subscriptions/259fbb24-9bcd-4cfc-865c-fc33b22fe38a/resourceGroups/CosmosDBResourceGroup18/providers/Microsoft.DocumentDB/databaseAccounts/cosmosdb-1414/sqlDatabases/TestDB1/containers/TestCollectionInDB1/operationResults/d06a6614-068c-40c4-a37f-bc70be426256?api-version=2022-08-15-preview"
        ],
        "Azure-AsyncOperation": [
          "https://management.azure.com/subscriptions/259fbb24-9bcd-4cfc-865c-fc33b22fe38a/providers/Microsoft.DocumentDB/locations/eastus/operationsStatus/d06a6614-068c-40c4-a37f-bc70be426256?api-version=2022-08-15-preview"
        ],
        "x-ms-request-id": [
          "d06a6614-068c-40c4-a37f-bc70be426256"
        ],
        "Strict-Transport-Security": [
          "max-age=31536000; includeSubDomains"
        ],
        "x-ms-gatewayversion": [
          "version=2.14.0"
        ],
        "Server": [
          "Microsoft-HTTPAPI/2.0"
        ],
        "x-ms-ratelimit-remaining-subscription-writes": [
          "1199"
        ],
        "x-ms-correlation-request-id": [
          "391d9a6d-9a4a-4ba6-af9d-dd24485fe8a8"
        ],
        "x-ms-routing-request-id": [
          "WESTUS2:20230314T183942Z:391d9a6d-9a4a-4ba6-af9d-dd24485fe8a8"
        ],
        "X-Content-Type-Options": [
          "nosniff"
        ],
        "Date": [
          "Tue, 14 Mar 2023 18:39:41 GMT"
        ],
        "Content-Length": [
          "21"
        ],
        "Content-Type": [
          "application/json"
        ]
      },
      "ResponseBody": "{\r\n  \"status\": \"Enqueued\"\r\n}",
      "StatusCode": 202
    },
    {
      "RequestUri": "/subscriptions/259fbb24-9bcd-4cfc-865c-fc33b22fe38a/providers/Microsoft.DocumentDB/locations/eastus/operationsStatus/d06a6614-068c-40c4-a37f-bc70be426256?api-version=2022-08-15-preview",
      "EncodedRequestUri": "L3N1YnNjcmlwdGlvbnMvMjU5ZmJiMjQtOWJjZC00Y2ZjLTg2NWMtZmMzM2IyMmZlMzhhL3Byb3ZpZGVycy9NaWNyb3NvZnQuRG9jdW1lbnREQi9sb2NhdGlvbnMvZWFzdHVzL29wZXJhdGlvbnNTdGF0dXMvZDA2YTY2MTQtMDY4Yy00MGM0LWEzN2YtYmM3MGJlNDI2MjU2P2FwaS12ZXJzaW9uPTIwMjItMDgtMTUtcHJldmlldw==",
      "RequestMethod": "GET",
      "RequestHeaders": {
        "x-ms-client-request-id": [
          "1bc0797c-7ab5-4e73-85c1-5f23b4481a0b"
        ],
        "User-Agent": [
          "FxVersion/4.700.22.55902",
          "OSName/Windows",
          "OSVersion/Microsoft.Windows.10.0.22621",
          "Microsoft.Azure.Management.CosmosDB.CosmosDBManagementClient/3.9.1.0"
        ]
      },
      "RequestBody": "",
      "ResponseHeaders": {
        "Cache-Control": [
          "no-store, no-cache"
        ],
        "Pragma": [
          "no-cache"
        ],
        "Strict-Transport-Security": [
          "max-age=31536000; includeSubDomains"
        ],
        "x-ms-gatewayversion": [
          "version=2.14.0"
        ],
        "Server": [
          "Microsoft-HTTPAPI/2.0"
        ],
        "x-ms-ratelimit-remaining-subscription-reads": [
          "11998"
        ],
        "x-ms-request-id": [
          "00a0aab4-30e1-4135-989c-629b1e7bfe39"
        ],
        "x-ms-correlation-request-id": [
          "00a0aab4-30e1-4135-989c-629b1e7bfe39"
        ],
        "x-ms-routing-request-id": [
          "WESTUS2:20230314T184012Z:00a0aab4-30e1-4135-989c-629b1e7bfe39"
        ],
        "X-Content-Type-Options": [
          "nosniff"
        ],
        "Date": [
          "Tue, 14 Mar 2023 18:40:12 GMT"
        ],
        "Content-Length": [
          "22"
        ],
        "Content-Type": [
          "application/json"
        ]
      },
      "ResponseBody": "{\r\n  \"status\": \"Succeeded\"\r\n}",
      "StatusCode": 200
    },
    {
      "RequestUri": "/subscriptions/259fbb24-9bcd-4cfc-865c-fc33b22fe38a/resourceGroups/CosmosDBResourceGroup18/providers/Microsoft.DocumentDB/databaseAccounts/cosmosdb-1414/sqlDatabases/TestDB1/containers/TestCollectionInDB1/retrieveContinuousBackupInformation?api-version=2022-08-15-preview",
      "EncodedRequestUri": "L3N1YnNjcmlwdGlvbnMvMjU5ZmJiMjQtOWJjZC00Y2ZjLTg2NWMtZmMzM2IyMmZlMzhhL3Jlc291cmNlR3JvdXBzL0Nvc21vc0RCUmVzb3VyY2VHcm91cDE4L3Byb3ZpZGVycy9NaWNyb3NvZnQuRG9jdW1lbnREQi9kYXRhYmFzZUFjY291bnRzL2Nvc21vc2RiLTE0MTQvc3FsRGF0YWJhc2VzL1Rlc3REQjEvY29udGFpbmVycy9UZXN0Q29sbGVjdGlvbkluREIxL3JldHJpZXZlQ29udGludW91c0JhY2t1cEluZm9ybWF0aW9uP2FwaS12ZXJzaW9uPTIwMjItMDgtMTUtcHJldmlldw==",
      "RequestMethod": "POST",
      "RequestHeaders": {
        "x-ms-client-request-id": [
          "79bed966-4d84-4b7b-a5d5-93064c15af40"
        ],
        "Accept-Language": [
          "en-US"
        ],
        "User-Agent": [
          "FxVersion/4.700.22.55902",
          "OSName/Windows",
          "OSVersion/Microsoft.Windows.10.0.22621",
          "Microsoft.Azure.Management.CosmosDB.CosmosDBManagementClient/3.9.1.0"
        ],
        "Content-Type": [
          "application/json; charset=utf-8"
        ],
        "Content-Length": [
          "29"
        ]
      },
      "RequestBody": "{\r\n  \"location\": \"East US\"\r\n}",
      "ResponseHeaders": {
        "Cache-Control": [
          "no-store, no-cache"
        ],
        "Pragma": [
          "no-cache"
        ],
        "Location": [
          "https://management.azure.com/subscriptions/259fbb24-9bcd-4cfc-865c-fc33b22fe38a/resourceGroups/CosmosDBResourceGroup18/providers/Microsoft.DocumentDB/databaseAccounts/cosmosdb-1414/sqlDatabases/TestDB1/containers/TestCollectionInDB1/retrieveContinuousBackupInformation/operationResults/352a2cf3-7f28-4100-b1cb-afcbe578685b?api-version=2022-08-15-preview"
        ],
        "x-ms-request-id": [
          "352a2cf3-7f28-4100-b1cb-afcbe578685b"
        ],
        "Strict-Transport-Security": [
          "max-age=31536000; includeSubDomains"
        ],
        "x-ms-gatewayversion": [
          "version=2.14.0"
        ],
        "Server": [
          "Microsoft-HTTPAPI/2.0"
        ],
        "x-ms-ratelimit-remaining-subscription-writes": [
          "1199"
        ],
        "x-ms-correlation-request-id": [
          "39f0a31d-698a-4454-ac4f-11f43f4462ce"
        ],
        "x-ms-routing-request-id": [
          "WESTUS2:20230314T184014Z:39f0a31d-698a-4454-ac4f-11f43f4462ce"
        ],
        "X-Content-Type-Options": [
          "nosniff"
        ],
        "Date": [
          "Tue, 14 Mar 2023 18:40:14 GMT"
        ],
        "Content-Length": [
          "21"
        ],
        "Content-Type": [
          "application/json"
        ]
      },
      "ResponseBody": "{\r\n  \"status\": \"Enqueued\"\r\n}",
      "StatusCode": 202
    },
    {
      "RequestUri": "/subscriptions/259fbb24-9bcd-4cfc-865c-fc33b22fe38a/resourceGroups/CosmosDBResourceGroup18/providers/Microsoft.DocumentDB/databaseAccounts/cosmosdb-1414/sqlDatabases/TestDB1/containers/TestCollectionInDB1/retrieveContinuousBackupInformation/operationResults/352a2cf3-7f28-4100-b1cb-afcbe578685b?api-version=2022-08-15-preview",
      "EncodedRequestUri": "L3N1YnNjcmlwdGlvbnMvMjU5ZmJiMjQtOWJjZC00Y2ZjLTg2NWMtZmMzM2IyMmZlMzhhL3Jlc291cmNlR3JvdXBzL0Nvc21vc0RCUmVzb3VyY2VHcm91cDE4L3Byb3ZpZGVycy9NaWNyb3NvZnQuRG9jdW1lbnREQi9kYXRhYmFzZUFjY291bnRzL2Nvc21vc2RiLTE0MTQvc3FsRGF0YWJhc2VzL1Rlc3REQjEvY29udGFpbmVycy9UZXN0Q29sbGVjdGlvbkluREIxL3JldHJpZXZlQ29udGludW91c0JhY2t1cEluZm9ybWF0aW9uL29wZXJhdGlvblJlc3VsdHMvMzUyYTJjZjMtN2YyOC00MTAwLWIxY2ItYWZjYmU1Nzg2ODViP2FwaS12ZXJzaW9uPTIwMjItMDgtMTUtcHJldmlldw==",
      "RequestMethod": "GET",
      "RequestHeaders": {
        "x-ms-client-request-id": [
          "79bed966-4d84-4b7b-a5d5-93064c15af40"
        ],
        "User-Agent": [
          "FxVersion/4.700.22.55902",
          "OSName/Windows",
          "OSVersion/Microsoft.Windows.10.0.22621",
          "Microsoft.Azure.Management.CosmosDB.CosmosDBManagementClient/3.9.1.0"
        ]
      },
      "RequestBody": "",
      "ResponseHeaders": {
        "Cache-Control": [
          "no-store, no-cache"
        ],
        "Pragma": [
          "no-cache"
        ],
        "Strict-Transport-Security": [
          "max-age=31536000; includeSubDomains"
        ],
        "x-ms-gatewayversion": [
          "version=2.14.0"
        ],
        "Server": [
          "Microsoft-HTTPAPI/2.0"
        ],
        "x-ms-ratelimit-remaining-subscription-reads": [
          "11996"
        ],
        "x-ms-request-id": [
          "2e7287ba-a51b-4ff4-93c2-b5b418f11c95"
        ],
        "x-ms-correlation-request-id": [
          "2e7287ba-a51b-4ff4-93c2-b5b418f11c95"
        ],
        "x-ms-routing-request-id": [
          "WESTUS2:20230314T184045Z:2e7287ba-a51b-4ff4-93c2-b5b418f11c95"
        ],
        "X-Content-Type-Options": [
          "nosniff"
        ],
        "Date": [
          "Tue, 14 Mar 2023 18:40:44 GMT"
        ],
        "Content-Length": [
          "84"
        ],
        "Content-Type": [
          "application/json"
        ]
      },
      "ResponseBody": "{\r\n  \"continuousBackupInformation\": {\r\n    \"latestRestorableTimestamp\": \"3/14/2023 6:40:19 PM\"\r\n  }\r\n}",
      "StatusCode": 200
    },
    {
      "RequestUri": "/subscriptions/259fbb24-9bcd-4cfc-865c-fc33b22fe38a/resourceGroups/CosmosDBResourceGroup18/providers/Microsoft.DocumentDB/databaseAccounts/cosmosdb-1414/sqlDatabases/TestDB1/containers/TestCollectionInDB1/retrieveContinuousBackupInformation/operationResults/352a2cf3-7f28-4100-b1cb-afcbe578685b?api-version=2022-08-15-preview",
      "EncodedRequestUri": "L3N1YnNjcmlwdGlvbnMvMjU5ZmJiMjQtOWJjZC00Y2ZjLTg2NWMtZmMzM2IyMmZlMzhhL3Jlc291cmNlR3JvdXBzL0Nvc21vc0RCUmVzb3VyY2VHcm91cDE4L3Byb3ZpZGVycy9NaWNyb3NvZnQuRG9jdW1lbnREQi9kYXRhYmFzZUFjY291bnRzL2Nvc21vc2RiLTE0MTQvc3FsRGF0YWJhc2VzL1Rlc3REQjEvY29udGFpbmVycy9UZXN0Q29sbGVjdGlvbkluREIxL3JldHJpZXZlQ29udGludW91c0JhY2t1cEluZm9ybWF0aW9uL29wZXJhdGlvblJlc3VsdHMvMzUyYTJjZjMtN2YyOC00MTAwLWIxY2ItYWZjYmU1Nzg2ODViP2FwaS12ZXJzaW9uPTIwMjItMDgtMTUtcHJldmlldw==",
      "RequestMethod": "GET",
      "RequestHeaders": {
        "x-ms-client-request-id": [
          "79bed966-4d84-4b7b-a5d5-93064c15af40"
        ],
        "User-Agent": [
          "FxVersion/4.700.22.55902",
          "OSName/Windows",
          "OSVersion/Microsoft.Windows.10.0.22621",
          "Microsoft.Azure.Management.CosmosDB.CosmosDBManagementClient/3.9.1.0"
        ]
      },
      "RequestBody": "",
      "ResponseHeaders": {
        "Cache-Control": [
          "no-store, no-cache"
        ],
        "Pragma": [
          "no-cache"
        ],
        "Strict-Transport-Security": [
          "max-age=31536000; includeSubDomains"
        ],
        "x-ms-gatewayversion": [
          "version=2.14.0"
        ],
        "Server": [
          "Microsoft-HTTPAPI/2.0"
        ],
        "x-ms-ratelimit-remaining-subscription-reads": [
          "11995"
        ],
        "x-ms-request-id": [
          "6340bdcf-33b7-4205-9f7a-626600e0f4ee"
        ],
        "x-ms-correlation-request-id": [
          "6340bdcf-33b7-4205-9f7a-626600e0f4ee"
        ],
        "x-ms-routing-request-id": [
          "WESTUS2:20230314T184045Z:6340bdcf-33b7-4205-9f7a-626600e0f4ee"
        ],
        "X-Content-Type-Options": [
          "nosniff"
        ],
        "Date": [
          "Tue, 14 Mar 2023 18:40:45 GMT"
        ],
        "Content-Length": [
          "84"
        ],
        "Content-Type": [
          "application/json"
        ]
      },
      "ResponseBody": "{\r\n  \"continuousBackupInformation\": {\r\n    \"latestRestorableTimestamp\": \"3/14/2023 6:40:19 PM\"\r\n  }\r\n}",
      "StatusCode": 200
    }
  ],
  "Names": {},
  "Variables": {
    "SubscriptionId": "259fbb24-9bcd-4cfc-865c-fc33b22fe38a"
  }
}