{
  "Entries": [
    {
      "RequestUri": "/subscriptions/12053b8f-cab5-4f5c-9c1a-870580142abd/resourcegroups/CosmosDBResourceGroup14?api-version=2016-09-01",
      "EncodedRequestUri": "L3N1YnNjcmlwdGlvbnMvMTIwNTNiOGYtY2FiNS00ZjVjLTljMWEtODcwNTgwMTQyYWJkL3Jlc291cmNlZ3JvdXBzL0Nvc21vc0RCUmVzb3VyY2VHcm91cDE0P2FwaS12ZXJzaW9uPTIwMTYtMDktMDE=",
      "RequestMethod": "PUT",
      "RequestHeaders": {
        "x-ms-client-request-id": [
          "230fb142-da2a-4e80-8cd8-490a81a2932e"
        ],
        "Accept-Language": [
          "en-US"
        ],
        "User-Agent": [
          "FxVersion/4.700.22.41602",
          "OSName/Windows",
          "OSVersion/Microsoft.Windows.10.0.19044",
          "Microsoft.Azure.Management.Internal.Resources.ResourceManagementClient/1.3.61"
        ],
        "Content-Type": [
          "application/json; charset=utf-8"
        ],
        "Content-Length": [
          "32"
        ]
      },
      "RequestBody": "{\r\n  \"location\": \"Central US\"\r\n}",
      "ResponseHeaders": {
        "Cache-Control": [
          "no-cache"
        ],
        "Pragma": [
          "no-cache"
        ],
        "x-ms-ratelimit-remaining-subscription-writes": [
          "1199"
        ],
        "x-ms-request-id": [
          "e0f496c7-743f-4508-b34a-70f6969808b6"
        ],
        "x-ms-correlation-request-id": [
          "e0f496c7-743f-4508-b34a-70f6969808b6"
        ],
        "x-ms-routing-request-id": [
          "WESTCENTRALUS:20220923T190347Z:e0f496c7-743f-4508-b34a-70f6969808b6"
        ],
        "Strict-Transport-Security": [
          "max-age=31536000; includeSubDomains"
        ],
        "X-Content-Type-Options": [
          "nosniff"
        ],
        "Date": [
          "Fri, 23 Sep 2022 19:03:46 GMT"
        ],
        "Content-Length": [
          "202"
        ],
        "Content-Type": [
          "application/json; charset=utf-8"
        ],
        "Expires": [
          "-1"
        ]
      },
      "ResponseBody": "{\r\n  \"id\": \"/subscriptions/12053b8f-cab5-4f5c-9c1a-870580142abd/resourceGroups/CosmosDBResourceGroup14\",\r\n  \"name\": \"CosmosDBResourceGroup14\",\r\n  \"location\": \"centralus\",\r\n  \"properties\": {\r\n    \"provisioningState\": \"Succeeded\"\r\n  }\r\n}",
      "StatusCode": 201
    },
    {
      "RequestUri": "/subscriptions/12053b8f-cab5-4f5c-9c1a-870580142abd/resourceGroups/CosmosDBResourceGroup14/providers/Microsoft.DocumentDB/databaseAccounts/cosmosdb-1214?api-version=2022-08-15-preview",
      "EncodedRequestUri": "L3N1YnNjcmlwdGlvbnMvMTIwNTNiOGYtY2FiNS00ZjVjLTljMWEtODcwNTgwMTQyYWJkL3Jlc291cmNlR3JvdXBzL0Nvc21vc0RCUmVzb3VyY2VHcm91cDE0L3Byb3ZpZGVycy9NaWNyb3NvZnQuRG9jdW1lbnREQi9kYXRhYmFzZUFjY291bnRzL2Nvc21vc2RiLTEyMTQ/YXBpLXZlcnNpb249MjAyMi0wOC0xNS1wcmV2aWV3",
      "RequestMethod": "GET",
      "RequestHeaders": {
        "x-ms-client-request-id": [
          "2189bd20-cfad-4d83-afd0-7e354f4f2630"
        ],
        "Accept-Language": [
          "en-US"
        ],
        "User-Agent": [
          "FxVersion/4.700.22.41602",
          "OSName/Windows",
          "OSVersion/Microsoft.Windows.10.0.19044",
          "Microsoft.Azure.Management.CosmosDB.CosmosDBManagementClient/1.8.2"
        ]
      },
      "RequestBody": "",
      "ResponseHeaders": {
        "Cache-Control": [
          "no-cache"
        ],
        "Pragma": [
          "no-cache"
        ],
        "x-ms-failure-cause": [
          "gateway"
        ],
        "x-ms-request-id": [
          "d240e9a5-7f22-4b5d-8726-10cfe1263bc2"
        ],
        "x-ms-correlation-request-id": [
          "d240e9a5-7f22-4b5d-8726-10cfe1263bc2"
        ],
        "x-ms-routing-request-id": [
          "WESTCENTRALUS:20220923T190347Z:d240e9a5-7f22-4b5d-8726-10cfe1263bc2"
        ],
        "Strict-Transport-Security": [
          "max-age=31536000; includeSubDomains"
        ],
        "X-Content-Type-Options": [
          "nosniff"
        ],
        "Date": [
          "Fri, 23 Sep 2022 19:03:47 GMT"
        ],
        "Content-Type": [
          "application/json; charset=utf-8"
        ],
        "Expires": [
          "-1"
        ],
        "Content-Length": [
          "246"
        ]
      },
      "ResponseBody": "{\r\n  \"error\": {\r\n    \"code\": \"ResourceNotFound\",\r\n    \"message\": \"The Resource 'Microsoft.DocumentDB/databaseAccounts/cosmosdb-1214' under resource group 'CosmosDBResourceGroup14' was not found. For more details please go to https://aka.ms/ARMResourceNotFoundFix\"\r\n  }\r\n}",
      "StatusCode": 404
    },
    {
      "RequestUri": "/subscriptions/12053b8f-cab5-4f5c-9c1a-870580142abd/resourceGroups/CosmosDBResourceGroup14/providers/Microsoft.DocumentDB/databaseAccounts/cosmosdb-1214?api-version=2022-08-15-preview",
      "EncodedRequestUri": "L3N1YnNjcmlwdGlvbnMvMTIwNTNiOGYtY2FiNS00ZjVjLTljMWEtODcwNTgwMTQyYWJkL3Jlc291cmNlR3JvdXBzL0Nvc21vc0RCUmVzb3VyY2VHcm91cDE0L3Byb3ZpZGVycy9NaWNyb3NvZnQuRG9jdW1lbnREQi9kYXRhYmFzZUFjY291bnRzL2Nvc21vc2RiLTEyMTQ/YXBpLXZlcnNpb249MjAyMi0wOC0xNS1wcmV2aWV3",
      "RequestMethod": "GET",
      "RequestHeaders": {
        "x-ms-client-request-id": [
          "2189bd20-cfad-4d83-afd0-7e354f4f2630"
        ],
        "User-Agent": [
          "FxVersion/4.700.22.41602",
          "OSName/Windows",
          "OSVersion/Microsoft.Windows.10.0.19044",
          "Microsoft.Azure.Management.CosmosDB.CosmosDBManagementClient/1.8.2"
        ]
      },
      "RequestBody": "",
      "ResponseHeaders": {
        "Cache-Control": [
          "no-store, no-cache"
        ],
        "Pragma": [
          "no-cache"
        ],
        "Strict-Transport-Security": [
          "max-age=31536000; includeSubDomains"
        ],
        "x-ms-gatewayversion": [
          "version=2.14.0"
        ],
        "Server": [
          "Microsoft-HTTPAPI/2.0"
        ],
        "x-ms-ratelimit-remaining-subscription-reads": [
          "11990"
        ],
        "x-ms-request-id": [
          "34b89f71-f5b8-47a2-8141-f7030ee5bd6f"
        ],
        "x-ms-correlation-request-id": [
          "34b89f71-f5b8-47a2-8141-f7030ee5bd6f"
        ],
        "x-ms-routing-request-id": [
          "WESTCENTRALUS:20220923T190754Z:34b89f71-f5b8-47a2-8141-f7030ee5bd6f"
        ],
        "X-Content-Type-Options": [
          "nosniff"
        ],
        "Date": [
          "Fri, 23 Sep 2022 19:07:54 GMT"
        ],
        "Content-Length": [
          "2662"
        ],
        "Content-Type": [
          "application/json"
        ]
      },
      "ResponseBody": "{\r\n  \"id\": \"/subscriptions/12053b8f-cab5-4f5c-9c1a-870580142abd/resourceGroups/CosmosDBResourceGroup14/providers/Microsoft.DocumentDB/databaseAccounts/cosmosdb-1214\",\r\n  \"name\": \"cosmosdb-1214\",\r\n  \"location\": \"Central US\",\r\n  \"type\": \"Microsoft.DocumentDB/databaseAccounts\",\r\n  \"kind\": \"GlobalDocumentDB\",\r\n  \"tags\": {},\r\n  \"systemData\": {\r\n    \"createdAt\": \"2022-09-23T19:06:54.2118556Z\"\r\n  },\r\n  \"properties\": {\r\n    \"provisioningState\": \"Succeeded\",\r\n    \"documentEndpoint\": \"https://cosmosdb-1214.documents.azure.com:443/\",\r\n    \"publicNetworkAccess\": \"Enabled\",\r\n    \"enableAutomaticFailover\": false,\r\n    \"enableMultipleWriteLocations\": false,\r\n    \"enablePartitionKeyMonitor\": false,\r\n    \"isVirtualNetworkFilterEnabled\": false,\r\n    \"virtualNetworkRules\": [],\r\n    \"EnabledApiTypes\": \"Sql\",\r\n    \"disableKeyBasedMetadataWriteAccess\": false,\r\n    \"enableFreeTier\": false,\r\n    \"enableAnalyticalStorage\": false,\r\n    \"analyticalStorageConfiguration\": {\r\n      \"schemaType\": \"WellDefined\"\r\n    },\r\n    \"instanceId\": \"17ca6fca-283d-45ae-967e-255b06504aca\",\r\n    \"createMode\": \"Default\",\r\n    \"databaseAccountOfferType\": \"Standard\",\r\n    \"enableCassandraConnector\": false,\r\n    \"connectorOffer\": \"\",\r\n    \"enableMaterializedViews\": false,\r\n    \"defaultIdentity\": \"FirstPartyIdentity\",\r\n    \"networkAclBypass\": \"None\",\r\n    \"disableLocalAuth\": false,\r\n    \"enablePartitionMerge\": false,\r\n    \"consistencyPolicy\": {\r\n      \"defaultConsistencyLevel\": \"Session\",\r\n      \"maxIntervalInSeconds\": 5,\r\n      \"maxStalenessPrefix\": 100\r\n    },\r\n    \"configurationOverrides\": {},\r\n    \"writeLocations\": [\r\n      {\r\n        \"id\": \"cosmosdb-1214-centralus\",\r\n        \"locationName\": \"Central US\",\r\n        \"documentEndpoint\": \"https://cosmosdb-1214-centralus.documents.azure.com:443/\",\r\n        \"provisioningState\": \"Succeeded\",\r\n        \"failoverPriority\": 0,\r\n        \"isZoneRedundant\": false\r\n      }\r\n    ],\r\n    \"readLocations\": [\r\n      {\r\n        \"id\": \"cosmosdb-1214-centralus\",\r\n        \"locationName\": \"Central US\",\r\n        \"documentEndpoint\": \"https://cosmosdb-1214-centralus.documents.azure.com:443/\",\r\n        \"provisioningState\": \"Succeeded\",\r\n        \"failoverPriority\": 0,\r\n        \"isZoneRedundant\": false\r\n      }\r\n    ],\r\n    \"locations\": [\r\n      {\r\n        \"id\": \"cosmosdb-1214-centralus\",\r\n        \"locationName\": \"Central US\",\r\n        \"documentEndpoint\": \"https://cosmosdb-1214-centralus.documents.azure.com:443/\",\r\n        \"provisioningState\": \"Succeeded\",\r\n        \"failoverPriority\": 0,\r\n        \"isZoneRedundant\": false\r\n      }\r\n    ],\r\n    \"failoverPolicies\": [\r\n      {\r\n        \"id\": \"cosmosdb-1214-centralus\",\r\n        \"locationName\": \"Central US\",\r\n        \"failoverPriority\": 0\r\n      }\r\n    ],\r\n    \"cors\": [],\r\n    \"capabilities\": [],\r\n    \"ipRules\": [],\r\n    \"backupPolicy\": {\r\n      \"type\": \"Continuous\",\r\n      \"continuousModeProperties\": {\r\n        \"tier\": \"Continuous30Days\"\r\n      }\r\n    },\r\n    \"networkAclBypassResourceIds\": [],\r\n    \"diagnosticLogSettings\": {\r\n      \"enableFullTextQuery\": \"None\"\r\n    },\r\n    \"keysMetadata\": {\r\n      \"primaryMasterKey\": {\r\n        \"generationTime\": \"2022-09-23T19:06:54.2118556Z\"\r\n      },\r\n      \"secondaryMasterKey\": {\r\n        \"generationTime\": \"2022-09-23T19:06:54.2118556Z\"\r\n      },\r\n      \"primaryReadonlyMasterKey\": {\r\n        \"generationTime\": \"2022-09-23T19:06:54.2118556Z\"\r\n      },\r\n      \"secondaryReadonlyMasterKey\": {\r\n        \"generationTime\": \"2022-09-23T19:06:54.2118556Z\"\r\n      }\r\n    }\r\n  },\r\n  \"identity\": {\r\n    \"type\": \"None\"\r\n  }\r\n}",
      "StatusCode": 200
    },
    {
      "RequestUri": "/subscriptions/12053b8f-cab5-4f5c-9c1a-870580142abd/resourceGroups/CosmosDBResourceGroup14/providers/Microsoft.DocumentDB/databaseAccounts/cosmosdb-1214?api-version=2022-08-15-preview",
      "EncodedRequestUri": "L3N1YnNjcmlwdGlvbnMvMTIwNTNiOGYtY2FiNS00ZjVjLTljMWEtODcwNTgwMTQyYWJkL3Jlc291cmNlR3JvdXBzL0Nvc21vc0RCUmVzb3VyY2VHcm91cDE0L3Byb3ZpZGVycy9NaWNyb3NvZnQuRG9jdW1lbnREQi9kYXRhYmFzZUFjY291bnRzL2Nvc21vc2RiLTEyMTQ/YXBpLXZlcnNpb249MjAyMi0wOC0xNS1wcmV2aWV3",
      "RequestMethod": "GET",
      "RequestHeaders": {
        "x-ms-client-request-id": [
          "ecf0e491-1e84-4419-a7b2-50fa54ad1ea5"
        ],
        "Accept-Language": [
          "en-US"
        ],
        "User-Agent": [
          "FxVersion/4.700.22.41602",
          "OSName/Windows",
          "OSVersion/Microsoft.Windows.10.0.19044",
          "Microsoft.Azure.Management.CosmosDB.CosmosDBManagementClient/1.8.2"
        ]
      },
      "RequestBody": "",
      "ResponseHeaders": {
        "Cache-Control": [
          "no-store, no-cache"
        ],
        "Pragma": [
          "no-cache"
        ],
        "Strict-Transport-Security": [
          "max-age=31536000; includeSubDomains"
        ],
        "x-ms-gatewayversion": [
          "version=2.14.0"
        ],
        "Server": [
          "Microsoft-HTTPAPI/2.0"
        ],
        "x-ms-ratelimit-remaining-subscription-reads": [
          "11999"
        ],
        "x-ms-request-id": [
          "6972461f-18bd-4e9d-85c3-a7f1ebf56eb0"
        ],
        "x-ms-correlation-request-id": [
          "6972461f-18bd-4e9d-85c3-a7f1ebf56eb0"
        ],
        "x-ms-routing-request-id": [
          "WESTCENTRALUS:20220923T190859Z:6972461f-18bd-4e9d-85c3-a7f1ebf56eb0"
        ],
        "X-Content-Type-Options": [
          "nosniff"
        ],
        "Date": [
          "Fri, 23 Sep 2022 19:08:59 GMT"
        ],
        "Content-Length": [
          "2662"
        ],
        "Content-Type": [
          "application/json"
        ]
      },
      "ResponseBody": "{\r\n  \"id\": \"/subscriptions/12053b8f-cab5-4f5c-9c1a-870580142abd/resourceGroups/CosmosDBResourceGroup14/providers/Microsoft.DocumentDB/databaseAccounts/cosmosdb-1214\",\r\n  \"name\": \"cosmosdb-1214\",\r\n  \"location\": \"Central US\",\r\n  \"type\": \"Microsoft.DocumentDB/databaseAccounts\",\r\n  \"kind\": \"GlobalDocumentDB\",\r\n  \"tags\": {},\r\n  \"systemData\": {\r\n    \"createdAt\": \"2022-09-23T19:06:54.2118556Z\"\r\n  },\r\n  \"properties\": {\r\n    \"provisioningState\": \"Succeeded\",\r\n    \"documentEndpoint\": \"https://cosmosdb-1214.documents.azure.com:443/\",\r\n    \"publicNetworkAccess\": \"Enabled\",\r\n    \"enableAutomaticFailover\": false,\r\n    \"enableMultipleWriteLocations\": false,\r\n    \"enablePartitionKeyMonitor\": false,\r\n    \"isVirtualNetworkFilterEnabled\": false,\r\n    \"virtualNetworkRules\": [],\r\n    \"EnabledApiTypes\": \"Sql\",\r\n    \"disableKeyBasedMetadataWriteAccess\": false,\r\n    \"enableFreeTier\": false,\r\n    \"enableAnalyticalStorage\": false,\r\n    \"analyticalStorageConfiguration\": {\r\n      \"schemaType\": \"WellDefined\"\r\n    },\r\n    \"instanceId\": \"17ca6fca-283d-45ae-967e-255b06504aca\",\r\n    \"createMode\": \"Default\",\r\n    \"databaseAccountOfferType\": \"Standard\",\r\n    \"enableCassandraConnector\": false,\r\n    \"connectorOffer\": \"\",\r\n    \"enableMaterializedViews\": false,\r\n    \"defaultIdentity\": \"FirstPartyIdentity\",\r\n    \"networkAclBypass\": \"None\",\r\n    \"disableLocalAuth\": false,\r\n    \"enablePartitionMerge\": false,\r\n    \"consistencyPolicy\": {\r\n      \"defaultConsistencyLevel\": \"Session\",\r\n      \"maxIntervalInSeconds\": 5,\r\n      \"maxStalenessPrefix\": 100\r\n    },\r\n    \"configurationOverrides\": {},\r\n    \"writeLocations\": [\r\n      {\r\n        \"id\": \"cosmosdb-1214-centralus\",\r\n        \"locationName\": \"Central US\",\r\n        \"documentEndpoint\": \"https://cosmosdb-1214-centralus.documents.azure.com:443/\",\r\n        \"provisioningState\": \"Succeeded\",\r\n        \"failoverPriority\": 0,\r\n        \"isZoneRedundant\": false\r\n      }\r\n    ],\r\n    \"readLocations\": [\r\n      {\r\n        \"id\": \"cosmosdb-1214-centralus\",\r\n        \"locationName\": \"Central US\",\r\n        \"documentEndpoint\": \"https://cosmosdb-1214-centralus.documents.azure.com:443/\",\r\n        \"provisioningState\": \"Succeeded\",\r\n        \"failoverPriority\": 0,\r\n        \"isZoneRedundant\": false\r\n      }\r\n    ],\r\n    \"locations\": [\r\n      {\r\n        \"id\": \"cosmosdb-1214-centralus\",\r\n        \"locationName\": \"Central US\",\r\n        \"documentEndpoint\": \"https://cosmosdb-1214-centralus.documents.azure.com:443/\",\r\n        \"provisioningState\": \"Succeeded\",\r\n        \"failoverPriority\": 0,\r\n        \"isZoneRedundant\": false\r\n      }\r\n    ],\r\n    \"failoverPolicies\": [\r\n      {\r\n        \"id\": \"cosmosdb-1214-centralus\",\r\n        \"locationName\": \"Central US\",\r\n        \"failoverPriority\": 0\r\n      }\r\n    ],\r\n    \"cors\": [],\r\n    \"capabilities\": [],\r\n    \"ipRules\": [],\r\n    \"backupPolicy\": {\r\n      \"type\": \"Continuous\",\r\n      \"continuousModeProperties\": {\r\n        \"tier\": \"Continuous30Days\"\r\n      }\r\n    },\r\n    \"networkAclBypassResourceIds\": [],\r\n    \"diagnosticLogSettings\": {\r\n      \"enableFullTextQuery\": \"None\"\r\n    },\r\n    \"keysMetadata\": {\r\n      \"primaryMasterKey\": {\r\n        \"generationTime\": \"2022-09-23T19:06:54.2118556Z\"\r\n      },\r\n      \"secondaryMasterKey\": {\r\n        \"generationTime\": \"2022-09-23T19:06:54.2118556Z\"\r\n      },\r\n      \"primaryReadonlyMasterKey\": {\r\n        \"generationTime\": \"2022-09-23T19:06:54.2118556Z\"\r\n      },\r\n      \"secondaryReadonlyMasterKey\": {\r\n        \"generationTime\": \"2022-09-23T19:06:54.2118556Z\"\r\n      }\r\n    }\r\n  },\r\n  \"identity\": {\r\n    \"type\": \"None\"\r\n  }\r\n}",
      "StatusCode": 200
    },
    {
      "RequestUri": "/subscriptions/12053b8f-cab5-4f5c-9c1a-870580142abd/resourceGroups/CosmosDBResourceGroup14/providers/Microsoft.DocumentDB/databaseAccounts/cosmosdb-1214?api-version=2022-08-15-preview",
      "EncodedRequestUri": "L3N1YnNjcmlwdGlvbnMvMTIwNTNiOGYtY2FiNS00ZjVjLTljMWEtODcwNTgwMTQyYWJkL3Jlc291cmNlR3JvdXBzL0Nvc21vc0RCUmVzb3VyY2VHcm91cDE0L3Byb3ZpZGVycy9NaWNyb3NvZnQuRG9jdW1lbnREQi9kYXRhYmFzZUFjY291bnRzL2Nvc21vc2RiLTEyMTQ/YXBpLXZlcnNpb249MjAyMi0wOC0xNS1wcmV2aWV3",
      "RequestMethod": "PUT",
      "RequestHeaders": {
        "x-ms-client-request-id": [
          "2189bd20-cfad-4d83-afd0-7e354f4f2630"
        ],
        "Accept-Language": [
          "en-US"
        ],
        "User-Agent": [
          "FxVersion/4.700.22.41602",
          "OSName/Windows",
          "OSVersion/Microsoft.Windows.10.0.19044",
          "Microsoft.Azure.Management.CosmosDB.CosmosDBManagementClient/1.8.2"
        ],
        "Content-Type": [
          "application/json; charset=utf-8"
        ],
        "Content-Length": [
          "656"
        ]
      },
      "RequestBody": "{\r\n  \"properties\": {\r\n    \"consistencyPolicy\": {\r\n      \"defaultConsistencyLevel\": \"Session\"\r\n    },\r\n    \"locations\": [\r\n      {\r\n        \"locationName\": \"Central US\",\r\n        \"failoverPriority\": 0,\r\n        \"isZoneRedundant\": false\r\n      }\r\n    ],\r\n    \"isVirtualNetworkFilterEnabled\": false,\r\n    \"enableAutomaticFailover\": false,\r\n    \"virtualNetworkRules\": [],\r\n    \"enableMultipleWriteLocations\": false,\r\n    \"disableKeyBasedMetadataWriteAccess\": false,\r\n    \"backupPolicy\": {\r\n      \"type\": \"Continuous\"\r\n    },\r\n    \"networkAclBypassResourceIds\": [],\r\n    \"databaseAccountOfferType\": \"Standard\"\r\n  },\r\n  \"location\": \"Central US\",\r\n  \"tags\": {}\r\n}",
      "ResponseHeaders": {
        "Cache-Control": [
          "no-store, no-cache"
        ],
        "Pragma": [
          "no-cache"
        ],
        "Location": [
          "https://management.azure.com/subscriptions/12053b8f-cab5-4f5c-9c1a-870580142abd/resourceGroups/CosmosDBResourceGroup14/providers/Microsoft.DocumentDB/databaseAccounts/cosmosdb-1214/operationResults/9f474494-ac28-487b-8298-473b8d6901ef?api-version=2022-08-15-preview"
        ],
        "x-ms-request-id": [
          "9f474494-ac28-487b-8298-473b8d6901ef"
        ],
        "Azure-AsyncOperation": [
          "https://management.azure.com/subscriptions/12053b8f-cab5-4f5c-9c1a-870580142abd/providers/Microsoft.DocumentDB/locations/centralus/operationsStatus/9f474494-ac28-487b-8298-473b8d6901ef?api-version=2022-08-15-preview"
        ],
        "Strict-Transport-Security": [
          "max-age=31536000; includeSubDomains"
        ],
        "x-ms-gatewayversion": [
          "version=2.14.0"
        ],
        "Server": [
          "Microsoft-HTTPAPI/2.0"
        ],
        "x-ms-ratelimit-remaining-subscription-writes": [
          "1199"
        ],
        "x-ms-correlation-request-id": [
          "3744727c-990d-4731-9db6-3a073a2c3e62"
        ],
        "x-ms-routing-request-id": [
          "WESTCENTRALUS:20220923T190353Z:3744727c-990d-4731-9db6-3a073a2c3e62"
        ],
        "X-Content-Type-Options": [
          "nosniff"
        ],
        "Date": [
          "Fri, 23 Sep 2022 19:03:52 GMT"
        ],
        "Content-Length": [
          "2338"
        ],
        "Content-Type": [
          "application/json"
        ]
      },
      "ResponseBody": "{\r\n  \"id\": \"/subscriptions/12053b8f-cab5-4f5c-9c1a-870580142abd/resourceGroups/CosmosDBResourceGroup14/providers/Microsoft.DocumentDB/databaseAccounts/cosmosdb-1214\",\r\n  \"name\": \"cosmosdb-1214\",\r\n  \"location\": \"Central US\",\r\n  \"type\": \"Microsoft.DocumentDB/databaseAccounts\",\r\n  \"kind\": \"GlobalDocumentDB\",\r\n  \"tags\": {},\r\n  \"systemData\": {\r\n    \"createdAt\": \"2022-09-23T19:03:51.3827513Z\"\r\n  },\r\n  \"properties\": {\r\n    \"provisioningState\": \"Creating\",\r\n    \"publicNetworkAccess\": \"Enabled\",\r\n    \"enableAutomaticFailover\": false,\r\n    \"enableMultipleWriteLocations\": false,\r\n    \"enablePartitionKeyMonitor\": false,\r\n    \"isVirtualNetworkFilterEnabled\": false,\r\n    \"virtualNetworkRules\": [],\r\n    \"EnabledApiTypes\": \"Sql\",\r\n    \"disableKeyBasedMetadataWriteAccess\": false,\r\n    \"enableFreeTier\": false,\r\n    \"enableAnalyticalStorage\": false,\r\n    \"analyticalStorageConfiguration\": {\r\n      \"schemaType\": \"WellDefined\"\r\n    },\r\n    \"instanceId\": \"17ca6fca-283d-45ae-967e-255b06504aca\",\r\n    \"createMode\": \"Default\",\r\n    \"databaseAccountOfferType\": \"Standard\",\r\n    \"enableCassandraConnector\": false,\r\n    \"connectorOffer\": \"\",\r\n    \"enableMaterializedViews\": false,\r\n    \"defaultIdentity\": \"\",\r\n    \"networkAclBypass\": \"None\",\r\n    \"disableLocalAuth\": false,\r\n    \"enablePartitionMerge\": false,\r\n    \"consistencyPolicy\": {\r\n      \"defaultConsistencyLevel\": \"Session\",\r\n      \"maxIntervalInSeconds\": 5,\r\n      \"maxStalenessPrefix\": 100\r\n    },\r\n    \"configurationOverrides\": {},\r\n    \"writeLocations\": [\r\n      {\r\n        \"id\": \"cosmosdb-1214-centralus\",\r\n        \"locationName\": \"Central US\",\r\n        \"provisioningState\": \"Creating\",\r\n        \"failoverPriority\": 0,\r\n        \"isZoneRedundant\": false\r\n      }\r\n    ],\r\n    \"readLocations\": [\r\n      {\r\n        \"id\": \"cosmosdb-1214-centralus\",\r\n        \"locationName\": \"Central US\",\r\n        \"provisioningState\": \"Creating\",\r\n        \"failoverPriority\": 0,\r\n        \"isZoneRedundant\": false\r\n      }\r\n    ],\r\n    \"locations\": [\r\n      {\r\n        \"id\": \"cosmosdb-1214-centralus\",\r\n        \"locationName\": \"Central US\",\r\n        \"provisioningState\": \"Creating\",\r\n        \"failoverPriority\": 0,\r\n        \"isZoneRedundant\": false\r\n      }\r\n    ],\r\n    \"failoverPolicies\": [\r\n      {\r\n        \"id\": \"cosmosdb-1214-centralus\",\r\n        \"locationName\": \"Central US\",\r\n        \"failoverPriority\": 0\r\n      }\r\n    ],\r\n    \"cors\": [],\r\n    \"capabilities\": [],\r\n    \"ipRules\": [],\r\n    \"backupPolicy\": {\r\n      \"type\": \"Continuous\",\r\n      \"continuousModeProperties\": {\r\n        \"tier\": \"Continuous30Days\"\r\n      }\r\n    },\r\n    \"networkAclBypassResourceIds\": [],\r\n    \"diagnosticLogSettings\": {\r\n      \"enableFullTextQuery\": \"None\"\r\n    },\r\n    \"keysMetadata\": {\r\n      \"primaryMasterKey\": {\r\n        \"generationTime\": \"2022-09-23T19:03:51.3827513Z\"\r\n      },\r\n      \"secondaryMasterKey\": {\r\n        \"generationTime\": \"2022-09-23T19:03:51.3827513Z\"\r\n      },\r\n      \"primaryReadonlyMasterKey\": {\r\n        \"generationTime\": \"2022-09-23T19:03:51.3827513Z\"\r\n      },\r\n      \"secondaryReadonlyMasterKey\": {\r\n        \"generationTime\": \"2022-09-23T19:03:51.3827513Z\"\r\n      }\r\n    }\r\n  },\r\n  \"identity\": {\r\n    \"type\": \"None\"\r\n  }\r\n}",
      "StatusCode": 200
    },
    {
      "RequestUri": "/subscriptions/12053b8f-cab5-4f5c-9c1a-870580142abd/providers/Microsoft.DocumentDB/locations/centralus/operationsStatus/9f474494-ac28-487b-8298-473b8d6901ef?api-version=2022-08-15-preview",
      "EncodedRequestUri": "L3N1YnNjcmlwdGlvbnMvMTIwNTNiOGYtY2FiNS00ZjVjLTljMWEtODcwNTgwMTQyYWJkL3Byb3ZpZGVycy9NaWNyb3NvZnQuRG9jdW1lbnREQi9sb2NhdGlvbnMvY2VudHJhbHVzL29wZXJhdGlvbnNTdGF0dXMvOWY0NzQ0OTQtYWMyOC00ODdiLTgyOTgtNDczYjhkNjkwMWVmP2FwaS12ZXJzaW9uPTIwMjItMDgtMTUtcHJldmlldw==",
      "RequestMethod": "GET",
      "RequestHeaders": {
        "x-ms-client-request-id": [
          "2189bd20-cfad-4d83-afd0-7e354f4f2630"
        ],
        "User-Agent": [
          "FxVersion/4.700.22.41602",
          "OSName/Windows",
          "OSVersion/Microsoft.Windows.10.0.19044",
          "Microsoft.Azure.Management.CosmosDB.CosmosDBManagementClient/1.8.2"
        ]
      },
      "RequestBody": "",
      "ResponseHeaders": {
        "Cache-Control": [
          "no-store, no-cache"
        ],
        "Pragma": [
          "no-cache"
        ],
        "Strict-Transport-Security": [
          "max-age=31536000; includeSubDomains"
        ],
        "x-ms-gatewayversion": [
          "version=2.14.0"
        ],
        "Server": [
          "Microsoft-HTTPAPI/2.0"
        ],
        "x-ms-ratelimit-remaining-subscription-reads": [
          "11998"
        ],
        "x-ms-request-id": [
          "e5128a1a-8d60-498e-98c6-e2d844198399"
        ],
        "x-ms-correlation-request-id": [
          "e5128a1a-8d60-498e-98c6-e2d844198399"
        ],
        "x-ms-routing-request-id": [
          "WESTCENTRALUS:20220923T190423Z:e5128a1a-8d60-498e-98c6-e2d844198399"
        ],
        "X-Content-Type-Options": [
          "nosniff"
        ],
        "Date": [
          "Fri, 23 Sep 2022 19:04:22 GMT"
        ],
        "Content-Length": [
          "21"
        ],
        "Content-Type": [
          "application/json"
        ]
      },
      "ResponseBody": "{\r\n  \"status\": \"Dequeued\"\r\n}",
      "StatusCode": 200
    },
    {
      "RequestUri": "/subscriptions/12053b8f-cab5-4f5c-9c1a-870580142abd/providers/Microsoft.DocumentDB/locations/centralus/operationsStatus/9f474494-ac28-487b-8298-473b8d6901ef?api-version=2022-08-15-preview",
      "EncodedRequestUri": "L3N1YnNjcmlwdGlvbnMvMTIwNTNiOGYtY2FiNS00ZjVjLTljMWEtODcwNTgwMTQyYWJkL3Byb3ZpZGVycy9NaWNyb3NvZnQuRG9jdW1lbnREQi9sb2NhdGlvbnMvY2VudHJhbHVzL29wZXJhdGlvbnNTdGF0dXMvOWY0NzQ0OTQtYWMyOC00ODdiLTgyOTgtNDczYjhkNjkwMWVmP2FwaS12ZXJzaW9uPTIwMjItMDgtMTUtcHJldmlldw==",
      "RequestMethod": "GET",
      "RequestHeaders": {
        "x-ms-client-request-id": [
          "2189bd20-cfad-4d83-afd0-7e354f4f2630"
        ],
        "User-Agent": [
          "FxVersion/4.700.22.41602",
          "OSName/Windows",
          "OSVersion/Microsoft.Windows.10.0.19044",
          "Microsoft.Azure.Management.CosmosDB.CosmosDBManagementClient/1.8.2"
        ]
      },
      "RequestBody": "",
      "ResponseHeaders": {
        "Cache-Control": [
          "no-store, no-cache"
        ],
        "Pragma": [
          "no-cache"
        ],
        "Strict-Transport-Security": [
          "max-age=31536000; includeSubDomains"
        ],
        "x-ms-gatewayversion": [
          "version=2.14.0"
        ],
        "Server": [
          "Microsoft-HTTPAPI/2.0"
        ],
        "x-ms-ratelimit-remaining-subscription-reads": [
          "11997"
        ],
        "x-ms-request-id": [
          "e6f37bb2-cd20-4ccf-9135-4d353c7acc6d"
        ],
        "x-ms-correlation-request-id": [
          "e6f37bb2-cd20-4ccf-9135-4d353c7acc6d"
        ],
        "x-ms-routing-request-id": [
          "WESTCENTRALUS:20220923T190453Z:e6f37bb2-cd20-4ccf-9135-4d353c7acc6d"
        ],
        "X-Content-Type-Options": [
          "nosniff"
        ],
        "Date": [
          "Fri, 23 Sep 2022 19:04:52 GMT"
        ],
        "Content-Length": [
          "21"
        ],
        "Content-Type": [
          "application/json"
        ]
      },
      "ResponseBody": "{\r\n  \"status\": \"Dequeued\"\r\n}",
      "StatusCode": 200
    },
    {
      "RequestUri": "/subscriptions/12053b8f-cab5-4f5c-9c1a-870580142abd/providers/Microsoft.DocumentDB/locations/centralus/operationsStatus/9f474494-ac28-487b-8298-473b8d6901ef?api-version=2022-08-15-preview",
      "EncodedRequestUri": "L3N1YnNjcmlwdGlvbnMvMTIwNTNiOGYtY2FiNS00ZjVjLTljMWEtODcwNTgwMTQyYWJkL3Byb3ZpZGVycy9NaWNyb3NvZnQuRG9jdW1lbnREQi9sb2NhdGlvbnMvY2VudHJhbHVzL29wZXJhdGlvbnNTdGF0dXMvOWY0NzQ0OTQtYWMyOC00ODdiLTgyOTgtNDczYjhkNjkwMWVmP2FwaS12ZXJzaW9uPTIwMjItMDgtMTUtcHJldmlldw==",
      "RequestMethod": "GET",
      "RequestHeaders": {
        "x-ms-client-request-id": [
          "2189bd20-cfad-4d83-afd0-7e354f4f2630"
        ],
        "User-Agent": [
          "FxVersion/4.700.22.41602",
          "OSName/Windows",
          "OSVersion/Microsoft.Windows.10.0.19044",
          "Microsoft.Azure.Management.CosmosDB.CosmosDBManagementClient/1.8.2"
        ]
      },
      "RequestBody": "",
      "ResponseHeaders": {
        "Cache-Control": [
          "no-store, no-cache"
        ],
        "Pragma": [
          "no-cache"
        ],
        "Strict-Transport-Security": [
          "max-age=31536000; includeSubDomains"
        ],
        "x-ms-gatewayversion": [
          "version=2.14.0"
        ],
        "Server": [
          "Microsoft-HTTPAPI/2.0"
        ],
        "x-ms-ratelimit-remaining-subscription-reads": [
          "11996"
        ],
        "x-ms-request-id": [
          "d3b9cdba-3cda-40e1-aa77-d103f6a5d4f1"
        ],
        "x-ms-correlation-request-id": [
          "d3b9cdba-3cda-40e1-aa77-d103f6a5d4f1"
        ],
        "x-ms-routing-request-id": [
          "WESTCENTRALUS:20220923T190523Z:d3b9cdba-3cda-40e1-aa77-d103f6a5d4f1"
        ],
        "X-Content-Type-Options": [
          "nosniff"
        ],
        "Date": [
          "Fri, 23 Sep 2022 19:05:23 GMT"
        ],
        "Content-Length": [
          "21"
        ],
        "Content-Type": [
          "application/json"
        ]
      },
      "ResponseBody": "{\r\n  \"status\": \"Dequeued\"\r\n}",
      "StatusCode": 200
    },
    {
      "RequestUri": "/subscriptions/12053b8f-cab5-4f5c-9c1a-870580142abd/providers/Microsoft.DocumentDB/locations/centralus/operationsStatus/9f474494-ac28-487b-8298-473b8d6901ef?api-version=2022-08-15-preview",
      "EncodedRequestUri": "L3N1YnNjcmlwdGlvbnMvMTIwNTNiOGYtY2FiNS00ZjVjLTljMWEtODcwNTgwMTQyYWJkL3Byb3ZpZGVycy9NaWNyb3NvZnQuRG9jdW1lbnREQi9sb2NhdGlvbnMvY2VudHJhbHVzL29wZXJhdGlvbnNTdGF0dXMvOWY0NzQ0OTQtYWMyOC00ODdiLTgyOTgtNDczYjhkNjkwMWVmP2FwaS12ZXJzaW9uPTIwMjItMDgtMTUtcHJldmlldw==",
      "RequestMethod": "GET",
      "RequestHeaders": {
        "x-ms-client-request-id": [
          "2189bd20-cfad-4d83-afd0-7e354f4f2630"
        ],
        "User-Agent": [
          "FxVersion/4.700.22.41602",
          "OSName/Windows",
          "OSVersion/Microsoft.Windows.10.0.19044",
          "Microsoft.Azure.Management.CosmosDB.CosmosDBManagementClient/1.8.2"
        ]
      },
      "RequestBody": "",
      "ResponseHeaders": {
        "Cache-Control": [
          "no-store, no-cache"
        ],
        "Pragma": [
          "no-cache"
        ],
        "Strict-Transport-Security": [
          "max-age=31536000; includeSubDomains"
        ],
        "x-ms-gatewayversion": [
          "version=2.14.0"
        ],
        "Server": [
          "Microsoft-HTTPAPI/2.0"
        ],
        "x-ms-ratelimit-remaining-subscription-reads": [
          "11995"
        ],
        "x-ms-request-id": [
          "62c8bd2a-1820-43a5-b9ed-10214440057b"
        ],
        "x-ms-correlation-request-id": [
          "62c8bd2a-1820-43a5-b9ed-10214440057b"
        ],
        "x-ms-routing-request-id": [
          "WESTCENTRALUS:20220923T190553Z:62c8bd2a-1820-43a5-b9ed-10214440057b"
        ],
        "X-Content-Type-Options": [
          "nosniff"
        ],
        "Date": [
          "Fri, 23 Sep 2022 19:05:53 GMT"
        ],
        "Content-Length": [
          "21"
        ],
        "Content-Type": [
          "application/json"
        ]
      },
      "ResponseBody": "{\r\n  \"status\": \"Dequeued\"\r\n}",
      "StatusCode": 200
    },
    {
      "RequestUri": "/subscriptions/12053b8f-cab5-4f5c-9c1a-870580142abd/providers/Microsoft.DocumentDB/locations/centralus/operationsStatus/9f474494-ac28-487b-8298-473b8d6901ef?api-version=2022-08-15-preview",
      "EncodedRequestUri": "L3N1YnNjcmlwdGlvbnMvMTIwNTNiOGYtY2FiNS00ZjVjLTljMWEtODcwNTgwMTQyYWJkL3Byb3ZpZGVycy9NaWNyb3NvZnQuRG9jdW1lbnREQi9sb2NhdGlvbnMvY2VudHJhbHVzL29wZXJhdGlvbnNTdGF0dXMvOWY0NzQ0OTQtYWMyOC00ODdiLTgyOTgtNDczYjhkNjkwMWVmP2FwaS12ZXJzaW9uPTIwMjItMDgtMTUtcHJldmlldw==",
      "RequestMethod": "GET",
      "RequestHeaders": {
        "x-ms-client-request-id": [
          "2189bd20-cfad-4d83-afd0-7e354f4f2630"
        ],
        "User-Agent": [
          "FxVersion/4.700.22.41602",
          "OSName/Windows",
          "OSVersion/Microsoft.Windows.10.0.19044",
          "Microsoft.Azure.Management.CosmosDB.CosmosDBManagementClient/1.8.2"
        ]
      },
      "RequestBody": "",
      "ResponseHeaders": {
        "Cache-Control": [
          "no-store, no-cache"
        ],
        "Pragma": [
          "no-cache"
        ],
        "Strict-Transport-Security": [
          "max-age=31536000; includeSubDomains"
        ],
        "x-ms-gatewayversion": [
          "version=2.14.0"
        ],
        "Server": [
          "Microsoft-HTTPAPI/2.0"
        ],
        "x-ms-ratelimit-remaining-subscription-reads": [
          "11994"
        ],
        "x-ms-request-id": [
          "71c80c80-77e3-465d-b4a8-4686777a36bd"
        ],
        "x-ms-correlation-request-id": [
          "71c80c80-77e3-465d-b4a8-4686777a36bd"
        ],
        "x-ms-routing-request-id": [
          "WESTCENTRALUS:20220923T190624Z:71c80c80-77e3-465d-b4a8-4686777a36bd"
        ],
        "X-Content-Type-Options": [
          "nosniff"
        ],
        "Date": [
          "Fri, 23 Sep 2022 19:06:23 GMT"
        ],
        "Content-Length": [
          "21"
        ],
        "Content-Type": [
          "application/json"
        ]
      },
      "ResponseBody": "{\r\n  \"status\": \"Dequeued\"\r\n}",
      "StatusCode": 200
    },
    {
      "RequestUri": "/subscriptions/12053b8f-cab5-4f5c-9c1a-870580142abd/providers/Microsoft.DocumentDB/locations/centralus/operationsStatus/9f474494-ac28-487b-8298-473b8d6901ef?api-version=2022-08-15-preview",
      "EncodedRequestUri": "L3N1YnNjcmlwdGlvbnMvMTIwNTNiOGYtY2FiNS00ZjVjLTljMWEtODcwNTgwMTQyYWJkL3Byb3ZpZGVycy9NaWNyb3NvZnQuRG9jdW1lbnREQi9sb2NhdGlvbnMvY2VudHJhbHVzL29wZXJhdGlvbnNTdGF0dXMvOWY0NzQ0OTQtYWMyOC00ODdiLTgyOTgtNDczYjhkNjkwMWVmP2FwaS12ZXJzaW9uPTIwMjItMDgtMTUtcHJldmlldw==",
      "RequestMethod": "GET",
      "RequestHeaders": {
        "x-ms-client-request-id": [
          "2189bd20-cfad-4d83-afd0-7e354f4f2630"
        ],
        "User-Agent": [
          "FxVersion/4.700.22.41602",
          "OSName/Windows",
          "OSVersion/Microsoft.Windows.10.0.19044",
          "Microsoft.Azure.Management.CosmosDB.CosmosDBManagementClient/1.8.2"
        ]
      },
      "RequestBody": "",
      "ResponseHeaders": {
        "Cache-Control": [
          "no-store, no-cache"
        ],
        "Pragma": [
          "no-cache"
        ],
        "Strict-Transport-Security": [
          "max-age=31536000; includeSubDomains"
        ],
        "x-ms-gatewayversion": [
          "version=2.14.0"
        ],
        "Server": [
          "Microsoft-HTTPAPI/2.0"
        ],
        "x-ms-ratelimit-remaining-subscription-reads": [
          "11993"
        ],
        "x-ms-request-id": [
          "4158d1e6-d34c-4c04-adb9-aad9cc08d3e5"
        ],
        "x-ms-correlation-request-id": [
          "4158d1e6-d34c-4c04-adb9-aad9cc08d3e5"
        ],
        "x-ms-routing-request-id": [
          "WESTCENTRALUS:20220923T190654Z:4158d1e6-d34c-4c04-adb9-aad9cc08d3e5"
        ],
        "X-Content-Type-Options": [
          "nosniff"
        ],
        "Date": [
          "Fri, 23 Sep 2022 19:06:53 GMT"
        ],
        "Content-Length": [
          "21"
        ],
        "Content-Type": [
          "application/json"
        ]
      },
      "ResponseBody": "{\r\n  \"status\": \"Dequeued\"\r\n}",
      "StatusCode": 200
    },
    {
      "RequestUri": "/subscriptions/12053b8f-cab5-4f5c-9c1a-870580142abd/providers/Microsoft.DocumentDB/locations/centralus/operationsStatus/9f474494-ac28-487b-8298-473b8d6901ef?api-version=2022-08-15-preview",
      "EncodedRequestUri": "L3N1YnNjcmlwdGlvbnMvMTIwNTNiOGYtY2FiNS00ZjVjLTljMWEtODcwNTgwMTQyYWJkL3Byb3ZpZGVycy9NaWNyb3NvZnQuRG9jdW1lbnREQi9sb2NhdGlvbnMvY2VudHJhbHVzL29wZXJhdGlvbnNTdGF0dXMvOWY0NzQ0OTQtYWMyOC00ODdiLTgyOTgtNDczYjhkNjkwMWVmP2FwaS12ZXJzaW9uPTIwMjItMDgtMTUtcHJldmlldw==",
      "RequestMethod": "GET",
      "RequestHeaders": {
        "x-ms-client-request-id": [
          "2189bd20-cfad-4d83-afd0-7e354f4f2630"
        ],
        "User-Agent": [
          "FxVersion/4.700.22.41602",
          "OSName/Windows",
          "OSVersion/Microsoft.Windows.10.0.19044",
          "Microsoft.Azure.Management.CosmosDB.CosmosDBManagementClient/1.8.2"
        ]
      },
      "RequestBody": "",
      "ResponseHeaders": {
        "Cache-Control": [
          "no-store, no-cache"
        ],
        "Pragma": [
          "no-cache"
        ],
        "Strict-Transport-Security": [
          "max-age=31536000; includeSubDomains"
        ],
        "x-ms-gatewayversion": [
          "version=2.14.0"
        ],
        "Server": [
          "Microsoft-HTTPAPI/2.0"
        ],
        "x-ms-ratelimit-remaining-subscription-reads": [
          "11992"
        ],
        "x-ms-request-id": [
          "44fcc8f9-813f-4afa-8499-36e3a4c579db"
        ],
        "x-ms-correlation-request-id": [
          "44fcc8f9-813f-4afa-8499-36e3a4c579db"
        ],
        "x-ms-routing-request-id": [
          "WESTCENTRALUS:20220923T190724Z:44fcc8f9-813f-4afa-8499-36e3a4c579db"
        ],
        "X-Content-Type-Options": [
          "nosniff"
        ],
        "Date": [
          "Fri, 23 Sep 2022 19:07:24 GMT"
        ],
        "Content-Length": [
          "21"
        ],
        "Content-Type": [
          "application/json"
        ]
      },
      "ResponseBody": "{\r\n  \"status\": \"Dequeued\"\r\n}",
      "StatusCode": 200
    },
    {
      "RequestUri": "/subscriptions/12053b8f-cab5-4f5c-9c1a-870580142abd/providers/Microsoft.DocumentDB/locations/centralus/operationsStatus/9f474494-ac28-487b-8298-473b8d6901ef?api-version=2022-08-15-preview",
      "EncodedRequestUri": "L3N1YnNjcmlwdGlvbnMvMTIwNTNiOGYtY2FiNS00ZjVjLTljMWEtODcwNTgwMTQyYWJkL3Byb3ZpZGVycy9NaWNyb3NvZnQuRG9jdW1lbnREQi9sb2NhdGlvbnMvY2VudHJhbHVzL29wZXJhdGlvbnNTdGF0dXMvOWY0NzQ0OTQtYWMyOC00ODdiLTgyOTgtNDczYjhkNjkwMWVmP2FwaS12ZXJzaW9uPTIwMjItMDgtMTUtcHJldmlldw==",
      "RequestMethod": "GET",
      "RequestHeaders": {
        "x-ms-client-request-id": [
          "2189bd20-cfad-4d83-afd0-7e354f4f2630"
        ],
        "User-Agent": [
          "FxVersion/4.700.22.41602",
          "OSName/Windows",
          "OSVersion/Microsoft.Windows.10.0.19044",
          "Microsoft.Azure.Management.CosmosDB.CosmosDBManagementClient/1.8.2"
        ]
      },
      "RequestBody": "",
      "ResponseHeaders": {
        "Cache-Control": [
          "no-store, no-cache"
        ],
        "Pragma": [
          "no-cache"
        ],
        "Strict-Transport-Security": [
          "max-age=31536000; includeSubDomains"
        ],
        "x-ms-gatewayversion": [
          "version=2.14.0"
        ],
        "Server": [
          "Microsoft-HTTPAPI/2.0"
        ],
        "x-ms-ratelimit-remaining-subscription-reads": [
          "11991"
        ],
        "x-ms-request-id": [
          "273d2fd5-dcd4-42f7-aab3-ec8874a3fa9b"
        ],
        "x-ms-correlation-request-id": [
          "273d2fd5-dcd4-42f7-aab3-ec8874a3fa9b"
        ],
        "x-ms-routing-request-id": [
          "WESTCENTRALUS:20220923T190754Z:273d2fd5-dcd4-42f7-aab3-ec8874a3fa9b"
        ],
        "X-Content-Type-Options": [
          "nosniff"
        ],
        "Date": [
          "Fri, 23 Sep 2022 19:07:54 GMT"
        ],
        "Content-Length": [
          "22"
        ],
        "Content-Type": [
          "application/json"
        ]
      },
      "ResponseBody": "{\r\n  \"status\": \"Succeeded\"\r\n}",
      "StatusCode": 200
    },
    {
      "RequestUri": "/subscriptions/12053b8f-cab5-4f5c-9c1a-870580142abd/resourceGroups/CosmosDBResourceGroup14/providers/Microsoft.DocumentDB/databaseAccounts/cosmosdb-1214/sqlDatabases/TestDB1?api-version=2022-08-15-preview",
      "EncodedRequestUri": "L3N1YnNjcmlwdGlvbnMvMTIwNTNiOGYtY2FiNS00ZjVjLTljMWEtODcwNTgwMTQyYWJkL3Jlc291cmNlR3JvdXBzL0Nvc21vc0RCUmVzb3VyY2VHcm91cDE0L3Byb3ZpZGVycy9NaWNyb3NvZnQuRG9jdW1lbnREQi9kYXRhYmFzZUFjY291bnRzL2Nvc21vc2RiLTEyMTQvc3FsRGF0YWJhc2VzL1Rlc3REQjE/YXBpLXZlcnNpb249MjAyMi0wOC0xNS1wcmV2aWV3",
      "RequestMethod": "GET",
      "RequestHeaders": {
        "x-ms-client-request-id": [
          "7a58e948-a416-457f-b1d5-eeace4d98fcf"
        ],
        "Accept-Language": [
          "en-US"
        ],
        "User-Agent": [
          "FxVersion/4.700.22.41602",
          "OSName/Windows",
          "OSVersion/Microsoft.Windows.10.0.19044",
          "Microsoft.Azure.Management.CosmosDB.CosmosDBManagementClient/1.8.2"
        ]
      },
      "RequestBody": "",
      "ResponseHeaders": {
        "Cache-Control": [
          "no-store, no-cache"
        ],
        "Pragma": [
          "no-cache"
        ],
        "Strict-Transport-Security": [
          "max-age=31536000; includeSubDomains"
        ],
        "x-ms-gatewayversion": [
          "version=2.14.0"
        ],
        "Server": [
          "Microsoft-HTTPAPI/2.0"
        ],
        "x-ms-ratelimit-remaining-subscription-reads": [
          "11999"
        ],
        "x-ms-request-id": [
          "daf234b0-a0bd-46af-baec-461febe0959c"
        ],
        "x-ms-correlation-request-id": [
          "daf234b0-a0bd-46af-baec-461febe0959c"
        ],
        "x-ms-routing-request-id": [
          "WESTCENTRALUS:20220923T190755Z:daf234b0-a0bd-46af-baec-461febe0959c"
        ],
        "X-Content-Type-Options": [
          "nosniff"
        ],
        "Date": [
          "Fri, 23 Sep 2022 19:07:54 GMT"
        ],
        "Content-Length": [
          "6518"
        ],
        "Content-Type": [
          "application/json"
        ]
      },
      "ResponseBody": "{\r\n  \"code\": \"NotFound\",\r\n  \"message\": \"Message: {\\\"code\\\":\\\"NotFound\\\",\\\"message\\\":\\\"Message: {\\\\\\\"Errors\\\\\\\":[\\\\\\\"Resource Not Found. Learn more: https:\\\\\\\\/\\\\\\\\/aka.ms\\\\\\\\/cosmosdb-tsg-not-found\\\\\\\"]}\\\\r\\\\nActivityId: 7a58e948-a416-457f-b1d5-eeace4d98fcf, Request URI: /apps/563e1f82-6804-471c-9ecf-849abe0b0170/services/7477aaee-4ee8-4b84-929d-bd3bf92b9039/partitions/9c457dd0-48a5-4434-a87d-75955a855939/replicas/133083417043292762s, RequestStats: \\\\r\\\\nRequestStartTime: 2022-09-23T19:07:55.2111367Z, RequestEndTime: 2022-09-23T19:07:55.2111367Z,  Number of regions attempted:1\\\\r\\\\n{\\\\\\\"systemHistory\\\\\\\":[{\\\\\\\"dateUtc\\\\\\\":\\\\\\\"2022-09-23T19:06:56.5603720Z\\\\\\\",\\\\\\\"cpu\\\\\\\":0.232,\\\\\\\"memory\\\\\\\":652946256.000,\\\\\\\"threadInfo\\\\\\\":{\\\\\\\"isThreadStarving\\\\\\\":\\\\\\\"False\\\\\\\",\\\\\\\"threadWaitIntervalInMs\\\\\\\":0.0203,\\\\\\\"availableThreads\\\\\\\":32763,\\\\\\\"minThreads\\\\\\\":64,\\\\\\\"maxThreads\\\\\\\":32767},\\\\\\\"numberOfOpenTcpConnection\\\\\\\":142},{\\\\\\\"dateUtc\\\\\\\":\\\\\\\"2022-09-23T19:07:06.5704991Z\\\\\\\",\\\\\\\"cpu\\\\\\\":0.244,\\\\\\\"memory\\\\\\\":652486956.000,\\\\\\\"threadInfo\\\\\\\":{\\\\\\\"isThreadStarving\\\\\\\":\\\\\\\"False\\\\\\\",\\\\\\\"threadWaitIntervalInMs\\\\\\\":0.0672,\\\\\\\"availableThreads\\\\\\\":32765,\\\\\\\"minThreads\\\\\\\":64,\\\\\\\"maxThreads\\\\\\\":32767},\\\\\\\"numberOfOpenTcpConnection\\\\\\\":142},{\\\\\\\"dateUtc\\\\\\\":\\\\\\\"2022-09-23T19:07:16.5806296Z\\\\\\\",\\\\\\\"cpu\\\\\\\":0.309,\\\\\\\"memory\\\\\\\":651850308.000,\\\\\\\"threadInfo\\\\\\\":{\\\\\\\"isThreadStarving\\\\\\\":\\\\\\\"False\\\\\\\",\\\\\\\"threadWaitIntervalInMs\\\\\\\":0.0239,\\\\\\\"availableThreads\\\\\\\":32765,\\\\\\\"minThreads\\\\\\\":64,\\\\\\\"maxThreads\\\\\\\":32767},\\\\\\\"numberOfOpenTcpConnection\\\\\\\":142},{\\\\\\\"dateUtc\\\\\\\":\\\\\\\"2022-09-23T19:07:26.5907624Z\\\\\\\",\\\\\\\"cpu\\\\\\\":0.122,\\\\\\\"memory\\\\\\\":651729032.000,\\\\\\\"threadInfo\\\\\\\":{\\\\\\\"isThreadStarving\\\\\\\":\\\\\\\"False\\\\\\\",\\\\\\\"threadWaitIntervalInMs\\\\\\\":0.0177,\\\\\\\"availableThreads\\\\\\\":32763,\\\\\\\"minThreads\\\\\\\":64,\\\\\\\"maxThreads\\\\\\\":32767},\\\\\\\"numberOfOpenTcpConnection\\\\\\\":142},{\\\\\\\"dateUtc\\\\\\\":\\\\\\\"2022-09-23T19:07:36.6008950Z\\\\\\\",\\\\\\\"cpu\\\\\\\":0.281,\\\\\\\"memory\\\\\\\":650968756.000,\\\\\\\"threadInfo\\\\\\\":{\\\\\\\"isThreadStarving\\\\\\\":\\\\\\\"False\\\\\\\",\\\\\\\"threadWaitIntervalInMs\\\\\\\":0.028,\\\\\\\"availableThreads\\\\\\\":32765,\\\\\\\"minThreads\\\\\\\":64,\\\\\\\"maxThreads\\\\\\\":32767},\\\\\\\"numberOfOpenTcpConnection\\\\\\\":141},{\\\\\\\"dateUtc\\\\\\\":\\\\\\\"2022-09-23T19:07:46.6110223Z\\\\\\\",\\\\\\\"cpu\\\\\\\":0.578,\\\\\\\"memory\\\\\\\":650288872.000,\\\\\\\"threadInfo\\\\\\\":{\\\\\\\"isThreadStarving\\\\\\\":\\\\\\\"False\\\\\\\",\\\\\\\"threadWaitIntervalInMs\\\\\\\":0.0221,\\\\\\\"availableThreads\\\\\\\":32763,\\\\\\\"minThreads\\\\\\\":64,\\\\\\\"maxThreads\\\\\\\":32767},\\\\\\\"numberOfOpenTcpConnection\\\\\\\":141}]}\\\\r\\\\nRequestStart: 2022-09-23T19:07:55.2111367Z; ResponseTime: 2022-09-23T19:07:55.2111367Z; StoreResult: StorePhysicalAddress: rntbd://10.0.1.7:11300/apps/563e1f82-6804-471c-9ecf-849abe0b0170/services/7477aaee-4ee8-4b84-929d-bd3bf92b9039/partitions/9c457dd0-48a5-4434-a87d-75955a855939/replicas/133083417043292762s, LSN: 9, GlobalCommittedLsn: 9, PartitionKeyRangeId: , IsValid: True, StatusCode: 404, SubStatusCode: 0, RequestCharge: 1, ItemLSN: -1, SessionToken: -1#9, UsingLocalLSN: False, TransportException: null, BELatencyMs: 0.742, ActivityId: 7a58e948-a416-457f-b1d5-eeace4d98fcf, RetryAfterInMs: , TransportRequestTimeline: {\\\\\\\"requestTimeline\\\\\\\":[{\\\\\\\"event\\\\\\\": \\\\\\\"Created\\\\\\\", \\\\\\\"startTimeUtc\\\\\\\": \\\\\\\"2022-09-23T19:07:55.2111367Z\\\\\\\", \\\\\\\"durationInMs\\\\\\\": 0.0094},{\\\\\\\"event\\\\\\\": \\\\\\\"ChannelAcquisitionStarted\\\\\\\", \\\\\\\"startTimeUtc\\\\\\\": \\\\\\\"2022-09-23T19:07:55.2111461Z\\\\\\\", \\\\\\\"durationInMs\\\\\\\": 0.0028},{\\\\\\\"event\\\\\\\": \\\\\\\"Pipelined\\\\\\\", \\\\\\\"startTimeUtc\\\\\\\": \\\\\\\"2022-09-23T19:07:55.2111489Z\\\\\\\", \\\\\\\"durationInMs\\\\\\\": 0.1143},{\\\\\\\"event\\\\\\\": \\\\\\\"Transit Time\\\\\\\", \\\\\\\"startTimeUtc\\\\\\\": \\\\\\\"2022-09-23T19:07:55.2112632Z\\\\\\\", \\\\\\\"durationInMs\\\\\\\": 1.0279},{\\\\\\\"event\\\\\\\": \\\\\\\"Received\\\\\\\", \\\\\\\"startTimeUtc\\\\\\\": \\\\\\\"2022-09-23T19:07:55.2122911Z\\\\\\\", \\\\\\\"durationInMs\\\\\\\": 0.1066},{\\\\\\\"event\\\\\\\": \\\\\\\"Completed\\\\\\\", \\\\\\\"startTimeUtc\\\\\\\": \\\\\\\"2022-09-23T19:07:55.2123977Z\\\\\\\", \\\\\\\"durationInMs\\\\\\\": 0}],\\\\\\\"serviceEndpointStats\\\\\\\":{\\\\\\\"inflightRequests\\\\\\\":1,\\\\\\\"openConnections\\\\\\\":1},\\\\\\\"connectionStats\\\\\\\":{\\\\\\\"waitforConnectionInit\\\\\\\":\\\\\\\"False\\\\\\\",\\\\\\\"callsPendingReceive\\\\\\\":0,\\\\\\\"lastSendAttempt\\\\\\\":\\\\\\\"2022-09-23T19:07:55.1411391Z\\\\\\\",\\\\\\\"lastSend\\\\\\\":\\\\\\\"2022-09-23T19:07:55.1411391Z\\\\\\\",\\\\\\\"lastReceive\\\\\\\":\\\\\\\"2022-09-23T19:07:55.1711407Z\\\\\\\"},\\\\\\\"requestSizeInBytes\\\\\\\":456,\\\\\\\"responseMetadataSizeInBytes\\\\\\\":134,\\\\\\\"responseBodySizeInBytes\\\\\\\":87};\\\\r\\\\n ResourceType: Database, OperationType: Read\\\\r\\\\nRequestStart: 2022-09-23T19:07:55.2111367Z; ResponseTime: 2022-09-23T19:07:55.2111367Z; StoreResult: StorePhysicalAddress: rntbd://10.0.1.10:11000/apps/563e1f82-6804-471c-9ecf-849abe0b0170/services/7477aaee-4ee8-4b84-929d-bd3bf92b9039/partitions/9c457dd0-48a5-4434-a87d-75955a855939/replicas/133083417043292764s, LSN: 9, GlobalCommittedLsn: 9, PartitionKeyRangeId: , IsValid: True, StatusCode: 404, SubStatusCode: 0, RequestCharge: 1, ItemLSN: -1, SessionToken: -1#9, UsingLocalLSN: False, TransportException: null, BELatencyMs: 0.696, ActivityId: 7a58e948-a416-457f-b1d5-eeace4d98fcf, RetryAfterInMs: , TransportRequestTimeline: {\\\\\\\"requestTimeline\\\\\\\":[{\\\\\\\"event\\\\\\\": \\\\\\\"Created\\\\\\\", \\\\\\\"startTimeUtc\\\\\\\": \\\\\\\"2022-09-23T19:07:55.2111367Z\\\\\\\", \\\\\\\"durationInMs\\\\\\\": 0.0038},{\\\\\\\"event\\\\\\\": \\\\\\\"ChannelAcquisitionStarted\\\\\\\", \\\\\\\"startTimeUtc\\\\\\\": \\\\\\\"2022-09-23T19:07:55.2111405Z\\\\\\\", \\\\\\\"durationInMs\\\\\\\": 0.0013},{\\\\\\\"event\\\\\\\": \\\\\\\"Pipelined\\\\\\\", \\\\\\\"startTimeUtc\\\\\\\": \\\\\\\"2022-09-23T19:07:55.2111418Z\\\\\\\", \\\\\\\"durationInMs\\\\\\\": 0.0658},{\\\\\\\"event\\\\\\\": \\\\\\\"Transit Time\\\\\\\", \\\\\\\"startTimeUtc\\\\\\\": \\\\\\\"2022-09-23T19:07:55.2112076Z\\\\\\\", \\\\\\\"durationInMs\\\\\\\": 0.9972},{\\\\\\\"event\\\\\\\": \\\\\\\"Received\\\\\\\", \\\\\\\"startTimeUtc\\\\\\\": \\\\\\\"2022-09-23T19:07:55.2122048Z\\\\\\\", \\\\\\\"durationInMs\\\\\\\": 0.1124},{\\\\\\\"event\\\\\\\": \\\\\\\"Completed\\\\\\\", \\\\\\\"startTimeUtc\\\\\\\": \\\\\\\"2022-09-23T19:07:55.2123172Z\\\\\\\", \\\\\\\"durationInMs\\\\\\\": 0}],\\\\\\\"serviceEndpointStats\\\\\\\":{\\\\\\\"inflightRequests\\\\\\\":1,\\\\\\\"openConnections\\\\\\\":1},\\\\\\\"connectionStats\\\\\\\":{\\\\\\\"waitforConnectionInit\\\\\\\":\\\\\\\"False\\\\\\\",\\\\\\\"callsPendingReceive\\\\\\\":0,\\\\\\\"lastSendAttempt\\\\\\\":\\\\\\\"2022-09-23T19:07:55.1411391Z\\\\\\\",\\\\\\\"lastSend\\\\\\\":\\\\\\\"2022-09-23T19:07:55.1411391Z\\\\\\\",\\\\\\\"lastReceive\\\\\\\":\\\\\\\"2022-09-23T19:07:55.1711407Z\\\\\\\"},\\\\\\\"requestSizeInBytes\\\\\\\":456,\\\\\\\"responseMetadataSizeInBytes\\\\\\\":134,\\\\\\\"responseBodySizeInBytes\\\\\\\":87};\\\\r\\\\n ResourceType: Database, OperationType: Read\\\\r\\\\n, SDK: Microsoft.Azure.Documents.Common/2.14.0\\\"}, Request URI: /dbs/TestDB1, RequestStats: , SDK: Microsoft.Azure.Documents.Common/2.14.0\"\r\n}",
      "StatusCode": 404
    },
    {
      "RequestUri": "/subscriptions/12053b8f-cab5-4f5c-9c1a-870580142abd/resourceGroups/CosmosDBResourceGroup14/providers/Microsoft.DocumentDB/databaseAccounts/cosmosdb-1214/sqlDatabases/TestDB1?api-version=2022-08-15-preview",
      "EncodedRequestUri": "L3N1YnNjcmlwdGlvbnMvMTIwNTNiOGYtY2FiNS00ZjVjLTljMWEtODcwNTgwMTQyYWJkL3Jlc291cmNlR3JvdXBzL0Nvc21vc0RCUmVzb3VyY2VHcm91cDE0L3Byb3ZpZGVycy9NaWNyb3NvZnQuRG9jdW1lbnREQi9kYXRhYmFzZUFjY291bnRzL2Nvc21vc2RiLTEyMTQvc3FsRGF0YWJhc2VzL1Rlc3REQjE/YXBpLXZlcnNpb249MjAyMi0wOC0xNS1wcmV2aWV3",
      "RequestMethod": "GET",
      "RequestHeaders": {
        "x-ms-client-request-id": [
          "7a58e948-a416-457f-b1d5-eeace4d98fcf"
        ],
        "User-Agent": [
          "FxVersion/4.700.22.41602",
          "OSName/Windows",
          "OSVersion/Microsoft.Windows.10.0.19044",
          "Microsoft.Azure.Management.CosmosDB.CosmosDBManagementClient/1.8.2"
        ]
      },
      "RequestBody": "",
      "ResponseHeaders": {
        "Cache-Control": [
          "no-store, no-cache"
        ],
        "Pragma": [
          "no-cache"
        ],
        "Strict-Transport-Security": [
          "max-age=31536000; includeSubDomains"
        ],
        "x-ms-gatewayversion": [
          "version=2.14.0"
        ],
        "Server": [
          "Microsoft-HTTPAPI/2.0"
        ],
        "x-ms-ratelimit-remaining-subscription-reads": [
          "11997"
        ],
        "x-ms-request-id": [
          "212727ae-db68-4240-a6cf-53ceda36cb4e"
        ],
        "x-ms-correlation-request-id": [
          "212727ae-db68-4240-a6cf-53ceda36cb4e"
        ],
        "x-ms-routing-request-id": [
          "WESTCENTRALUS:20220923T190826Z:212727ae-db68-4240-a6cf-53ceda36cb4e"
        ],
        "X-Content-Type-Options": [
          "nosniff"
        ],
        "Date": [
          "Fri, 23 Sep 2022 19:08:26 GMT"
        ],
        "Content-Length": [
          "448"
        ],
        "Content-Type": [
          "application/json"
        ]
      },
      "ResponseBody": "{\r\n  \"id\": \"/subscriptions/12053b8f-cab5-4f5c-9c1a-870580142abd/resourceGroups/CosmosDBResourceGroup14/providers/Microsoft.DocumentDB/databaseAccounts/cosmosdb-1214/sqlDatabases/TestDB1\",\r\n  \"type\": \"Microsoft.DocumentDB/databaseAccounts/sqlDatabases\",\r\n  \"name\": \"TestDB1\",\r\n  \"properties\": {\r\n    \"resource\": {\r\n      \"id\": \"TestDB1\",\r\n      \"_rid\": \"1N0DAA==\",\r\n      \"_self\": \"dbs/1N0DAA==/\",\r\n      \"_etag\": \"\\\"00000704-0000-0300-0000-632e04110000\\\"\",\r\n      \"_colls\": \"colls/\",\r\n      \"_users\": \"users/\",\r\n      \"_ts\": 1663960081\r\n    }\r\n  }\r\n}",
      "StatusCode": 200
    },
    {
      "RequestUri": "/subscriptions/12053b8f-cab5-4f5c-9c1a-870580142abd/resourceGroups/CosmosDBResourceGroup14/providers/Microsoft.DocumentDB/databaseAccounts/cosmosdb-1214/sqlDatabases/TestDB1?api-version=2022-08-15-preview",
      "EncodedRequestUri": "L3N1YnNjcmlwdGlvbnMvMTIwNTNiOGYtY2FiNS00ZjVjLTljMWEtODcwNTgwMTQyYWJkL3Jlc291cmNlR3JvdXBzL0Nvc21vc0RCUmVzb3VyY2VHcm91cDE0L3Byb3ZpZGVycy9NaWNyb3NvZnQuRG9jdW1lbnREQi9kYXRhYmFzZUFjY291bnRzL2Nvc21vc2RiLTEyMTQvc3FsRGF0YWJhc2VzL1Rlc3REQjE/YXBpLXZlcnNpb249MjAyMi0wOC0xNS1wcmV2aWV3",
      "RequestMethod": "GET",
      "RequestHeaders": {
        "x-ms-client-request-id": [
          "ecf0e491-1e84-4419-a7b2-50fa54ad1ea5"
        ],
        "Accept-Language": [
          "en-US"
        ],
        "User-Agent": [
          "FxVersion/4.700.22.41602",
          "OSName/Windows",
          "OSVersion/Microsoft.Windows.10.0.19044",
          "Microsoft.Azure.Management.CosmosDB.CosmosDBManagementClient/1.8.2"
        ]
      },
      "RequestBody": "",
      "ResponseHeaders": {
        "Cache-Control": [
          "no-store, no-cache"
        ],
        "Pragma": [
          "no-cache"
        ],
        "Strict-Transport-Security": [
          "max-age=31536000; includeSubDomains"
        ],
        "x-ms-gatewayversion": [
          "version=2.14.0"
        ],
        "Server": [
          "Microsoft-HTTPAPI/2.0"
        ],
        "x-ms-ratelimit-remaining-subscription-reads": [
          "11998"
        ],
        "x-ms-request-id": [
          "dd903e59-7100-4ee7-bd86-57252e8a12f6"
        ],
        "x-ms-correlation-request-id": [
          "dd903e59-7100-4ee7-bd86-57252e8a12f6"
        ],
        "x-ms-routing-request-id": [
          "WESTCENTRALUS:20220923T190900Z:dd903e59-7100-4ee7-bd86-57252e8a12f6"
        ],
        "X-Content-Type-Options": [
          "nosniff"
        ],
        "Date": [
          "Fri, 23 Sep 2022 19:09:00 GMT"
        ],
        "Content-Length": [
          "448"
        ],
        "Content-Type": [
          "application/json"
        ]
      },
      "ResponseBody": "{\r\n  \"id\": \"/subscriptions/12053b8f-cab5-4f5c-9c1a-870580142abd/resourceGroups/CosmosDBResourceGroup14/providers/Microsoft.DocumentDB/databaseAccounts/cosmosdb-1214/sqlDatabases/TestDB1\",\r\n  \"type\": \"Microsoft.DocumentDB/databaseAccounts/sqlDatabases\",\r\n  \"name\": \"TestDB1\",\r\n  \"properties\": {\r\n    \"resource\": {\r\n      \"id\": \"TestDB1\",\r\n      \"_rid\": \"1N0DAA==\",\r\n      \"_self\": \"dbs/1N0DAA==/\",\r\n      \"_etag\": \"\\\"00000704-0000-0300-0000-632e04110000\\\"\",\r\n      \"_colls\": \"colls/\",\r\n      \"_users\": \"users/\",\r\n      \"_ts\": 1663960081\r\n    }\r\n  }\r\n}",
      "StatusCode": 200
    },
    {
      "RequestUri": "/subscriptions/12053b8f-cab5-4f5c-9c1a-870580142abd/resourceGroups/CosmosDBResourceGroup14/providers/Microsoft.DocumentDB/databaseAccounts/cosmosdb-1214/sqlDatabases/TestDB1?api-version=2022-08-15-preview",
      "EncodedRequestUri": "L3N1YnNjcmlwdGlvbnMvMTIwNTNiOGYtY2FiNS00ZjVjLTljMWEtODcwNTgwMTQyYWJkL3Jlc291cmNlR3JvdXBzL0Nvc21vc0RCUmVzb3VyY2VHcm91cDE0L3Byb3ZpZGVycy9NaWNyb3NvZnQuRG9jdW1lbnREQi9kYXRhYmFzZUFjY291bnRzL2Nvc21vc2RiLTEyMTQvc3FsRGF0YWJhc2VzL1Rlc3REQjE/YXBpLXZlcnNpb249MjAyMi0wOC0xNS1wcmV2aWV3",
      "RequestMethod": "PUT",
      "RequestHeaders": {
        "x-ms-client-request-id": [
          "7a58e948-a416-457f-b1d5-eeace4d98fcf"
        ],
        "Accept-Language": [
          "en-US"
        ],
        "User-Agent": [
          "FxVersion/4.700.22.41602",
          "OSName/Windows",
          "OSVersion/Microsoft.Windows.10.0.19044",
          "Microsoft.Azure.Management.CosmosDB.CosmosDBManagementClient/1.8.2"
        ],
        "Content-Type": [
          "application/json; charset=utf-8"
        ],
        "Content-Length": [
          "97"
        ]
      },
      "RequestBody": "{\r\n  \"properties\": {\r\n    \"resource\": {\r\n      \"id\": \"TestDB1\"\r\n    },\r\n    \"options\": {}\r\n  }\r\n}",
      "ResponseHeaders": {
        "Cache-Control": [
          "no-store, no-cache"
        ],
        "Pragma": [
          "no-cache"
        ],
        "Location": [
          "https://management.azure.com/subscriptions/12053b8f-cab5-4f5c-9c1a-870580142abd/resourceGroups/CosmosDBResourceGroup14/providers/Microsoft.DocumentDB/databaseAccounts/cosmosdb-1214/sqlDatabases/TestDB1/operationResults/e9e12437-03c1-4668-8a00-283eae8c3212?api-version=2022-08-15-preview"
        ],
        "Azure-AsyncOperation": [
          "https://management.azure.com/subscriptions/12053b8f-cab5-4f5c-9c1a-870580142abd/providers/Microsoft.DocumentDB/locations/centralus/operationsStatus/e9e12437-03c1-4668-8a00-283eae8c3212?api-version=2022-08-15-preview"
        ],
        "x-ms-request-id": [
          "e9e12437-03c1-4668-8a00-283eae8c3212"
        ],
        "Strict-Transport-Security": [
          "max-age=31536000; includeSubDomains"
        ],
        "x-ms-gatewayversion": [
          "version=2.14.0"
        ],
        "Server": [
          "Microsoft-HTTPAPI/2.0"
        ],
        "x-ms-ratelimit-remaining-subscription-writes": [
          "1199"
        ],
        "x-ms-correlation-request-id": [
          "111ca79f-00b0-4133-b773-22fdcc2d2ad3"
        ],
        "x-ms-routing-request-id": [
          "WESTCENTRALUS:20220923T190756Z:111ca79f-00b0-4133-b773-22fdcc2d2ad3"
        ],
        "X-Content-Type-Options": [
          "nosniff"
        ],
        "Date": [
          "Fri, 23 Sep 2022 19:07:56 GMT"
        ],
        "Content-Length": [
          "21"
        ],
        "Content-Type": [
          "application/json"
        ]
      },
      "ResponseBody": "{\r\n  \"status\": \"Enqueued\"\r\n}",
      "StatusCode": 202
    },
    {
      "RequestUri": "/subscriptions/12053b8f-cab5-4f5c-9c1a-870580142abd/providers/Microsoft.DocumentDB/locations/centralus/operationsStatus/e9e12437-03c1-4668-8a00-283eae8c3212?api-version=2022-08-15-preview",
      "EncodedRequestUri": "L3N1YnNjcmlwdGlvbnMvMTIwNTNiOGYtY2FiNS00ZjVjLTljMWEtODcwNTgwMTQyYWJkL3Byb3ZpZGVycy9NaWNyb3NvZnQuRG9jdW1lbnREQi9sb2NhdGlvbnMvY2VudHJhbHVzL29wZXJhdGlvbnNTdGF0dXMvZTllMTI0MzctMDNjMS00NjY4LThhMDAtMjgzZWFlOGMzMjEyP2FwaS12ZXJzaW9uPTIwMjItMDgtMTUtcHJldmlldw==",
      "RequestMethod": "GET",
      "RequestHeaders": {
        "x-ms-client-request-id": [
          "7a58e948-a416-457f-b1d5-eeace4d98fcf"
        ],
        "User-Agent": [
          "FxVersion/4.700.22.41602",
          "OSName/Windows",
          "OSVersion/Microsoft.Windows.10.0.19044",
          "Microsoft.Azure.Management.CosmosDB.CosmosDBManagementClient/1.8.2"
        ]
      },
      "RequestBody": "",
      "ResponseHeaders": {
        "Cache-Control": [
          "no-store, no-cache"
        ],
        "Pragma": [
          "no-cache"
        ],
        "Strict-Transport-Security": [
          "max-age=31536000; includeSubDomains"
        ],
        "x-ms-gatewayversion": [
          "version=2.14.0"
        ],
        "Server": [
          "Microsoft-HTTPAPI/2.0"
        ],
        "x-ms-ratelimit-remaining-subscription-reads": [
          "11998"
        ],
        "x-ms-request-id": [
          "649b0326-8a86-4cf6-93e8-5bb3cf87492b"
        ],
        "x-ms-correlation-request-id": [
          "649b0326-8a86-4cf6-93e8-5bb3cf87492b"
        ],
        "x-ms-routing-request-id": [
          "WESTCENTRALUS:20220923T190826Z:649b0326-8a86-4cf6-93e8-5bb3cf87492b"
        ],
        "X-Content-Type-Options": [
          "nosniff"
        ],
        "Date": [
          "Fri, 23 Sep 2022 19:08:26 GMT"
        ],
        "Content-Length": [
          "22"
        ],
        "Content-Type": [
          "application/json"
        ]
      },
      "ResponseBody": "{\r\n  \"status\": \"Succeeded\"\r\n}",
      "StatusCode": 200
    },
    {
      "RequestUri": "/subscriptions/12053b8f-cab5-4f5c-9c1a-870580142abd/resourceGroups/CosmosDBResourceGroup14/providers/Microsoft.DocumentDB/databaseAccounts/cosmosdb-1214/sqlDatabases/TestDB1/containers/TestCollectionInDB1?api-version=2022-08-15-preview",
      "EncodedRequestUri": "L3N1YnNjcmlwdGlvbnMvMTIwNTNiOGYtY2FiNS00ZjVjLTljMWEtODcwNTgwMTQyYWJkL3Jlc291cmNlR3JvdXBzL0Nvc21vc0RCUmVzb3VyY2VHcm91cDE0L3Byb3ZpZGVycy9NaWNyb3NvZnQuRG9jdW1lbnREQi9kYXRhYmFzZUFjY291bnRzL2Nvc21vc2RiLTEyMTQvc3FsRGF0YWJhc2VzL1Rlc3REQjEvY29udGFpbmVycy9UZXN0Q29sbGVjdGlvbkluREIxP2FwaS12ZXJzaW9uPTIwMjItMDgtMTUtcHJldmlldw==",
      "RequestMethod": "GET",
      "RequestHeaders": {
        "x-ms-client-request-id": [
          "28d8337c-79d6-4e0a-adc6-ab091792e035"
        ],
        "Accept-Language": [
          "en-US"
        ],
        "User-Agent": [
          "FxVersion/4.700.22.41602",
          "OSName/Windows",
          "OSVersion/Microsoft.Windows.10.0.19044",
          "Microsoft.Azure.Management.CosmosDB.CosmosDBManagementClient/1.8.2"
        ]
      },
      "RequestBody": "",
      "ResponseHeaders": {
        "Cache-Control": [
          "no-store, no-cache"
        ],
        "Pragma": [
          "no-cache"
        ],
        "Strict-Transport-Security": [
          "max-age=31536000; includeSubDomains"
        ],
        "x-ms-gatewayversion": [
          "version=2.14.0"
        ],
        "Server": [
          "Microsoft-HTTPAPI/2.0"
        ],
        "x-ms-ratelimit-remaining-subscription-reads": [
          "11999"
        ],
        "x-ms-request-id": [
          "084faecc-4869-4813-86ce-3dc6c725648c"
        ],
        "x-ms-correlation-request-id": [
          "084faecc-4869-4813-86ce-3dc6c725648c"
        ],
        "x-ms-routing-request-id": [
          "WESTUS:20220923T190827Z:084faecc-4869-4813-86ce-3dc6c725648c"
        ],
        "X-Content-Type-Options": [
          "nosniff"
        ],
        "Date": [
          "Fri, 23 Sep 2022 19:08:27 GMT"
        ],
        "Content-Length": [
          "6552"
        ],
        "Content-Type": [
          "application/json"
        ]
      },
      "ResponseBody": "{\r\n  \"code\": \"NotFound\",\r\n  \"message\": \"Message: {\\\"code\\\":\\\"NotFound\\\",\\\"message\\\":\\\"Message: {\\\\\\\"Errors\\\\\\\":[\\\\\\\"Resource Not Found. Learn more: https:\\\\\\\\/\\\\\\\\/aka.ms\\\\\\\\/cosmosdb-tsg-not-found\\\\\\\"]}\\\\r\\\\nActivityId: 28d8337c-79d6-4e0a-adc6-ab091792e035, Request URI: /apps/563e1f82-6804-471c-9ecf-849abe0b0170/services/7477aaee-4ee8-4b84-929d-bd3bf92b9039/partitions/9c457dd0-48a5-4434-a87d-75955a855939/replicas/133083417043292762s, RequestStats: \\\\r\\\\nRequestStartTime: 2022-09-23T19:08:27.5673310Z, RequestEndTime: 2022-09-23T19:08:27.5673310Z,  Number of regions attempted:1\\\\r\\\\n{\\\\\\\"systemHistory\\\\\\\":[{\\\\\\\"dateUtc\\\\\\\":\\\\\\\"2022-09-23T19:07:35.6771228Z\\\\\\\",\\\\\\\"cpu\\\\\\\":0.212,\\\\\\\"memory\\\\\\\":646002336.000,\\\\\\\"threadInfo\\\\\\\":{\\\\\\\"isThreadStarving\\\\\\\":\\\\\\\"False\\\\\\\",\\\\\\\"threadWaitIntervalInMs\\\\\\\":0.0128,\\\\\\\"availableThreads\\\\\\\":32765,\\\\\\\"minThreads\\\\\\\":64,\\\\\\\"maxThreads\\\\\\\":32767},\\\\\\\"numberOfOpenTcpConnection\\\\\\\":127},{\\\\\\\"dateUtc\\\\\\\":\\\\\\\"2022-09-23T19:07:45.6871647Z\\\\\\\",\\\\\\\"cpu\\\\\\\":0.283,\\\\\\\"memory\\\\\\\":645739936.000,\\\\\\\"threadInfo\\\\\\\":{\\\\\\\"isThreadStarving\\\\\\\":\\\\\\\"False\\\\\\\",\\\\\\\"threadWaitIntervalInMs\\\\\\\":0.0187,\\\\\\\"availableThreads\\\\\\\":32765,\\\\\\\"minThreads\\\\\\\":64,\\\\\\\"maxThreads\\\\\\\":32767},\\\\\\\"numberOfOpenTcpConnection\\\\\\\":127},{\\\\\\\"dateUtc\\\\\\\":\\\\\\\"2022-09-23T19:07:55.6972132Z\\\\\\\",\\\\\\\"cpu\\\\\\\":8.509,\\\\\\\"memory\\\\\\\":647516028.000,\\\\\\\"threadInfo\\\\\\\":{\\\\\\\"isThreadStarving\\\\\\\":\\\\\\\"False\\\\\\\",\\\\\\\"threadWaitIntervalInMs\\\\\\\":0.0201,\\\\\\\"availableThreads\\\\\\\":32764,\\\\\\\"minThreads\\\\\\\":64,\\\\\\\"maxThreads\\\\\\\":32767},\\\\\\\"numberOfOpenTcpConnection\\\\\\\":127},{\\\\\\\"dateUtc\\\\\\\":\\\\\\\"2022-09-23T19:08:05.7072503Z\\\\\\\",\\\\\\\"cpu\\\\\\\":1.661,\\\\\\\"memory\\\\\\\":647376264.000,\\\\\\\"threadInfo\\\\\\\":{\\\\\\\"isThreadStarving\\\\\\\":\\\\\\\"False\\\\\\\",\\\\\\\"threadWaitIntervalInMs\\\\\\\":0.0327,\\\\\\\"availableThreads\\\\\\\":32765,\\\\\\\"minThreads\\\\\\\":64,\\\\\\\"maxThreads\\\\\\\":32767},\\\\\\\"numberOfOpenTcpConnection\\\\\\\":127},{\\\\\\\"dateUtc\\\\\\\":\\\\\\\"2022-09-23T19:08:15.7172882Z\\\\\\\",\\\\\\\"cpu\\\\\\\":1.687,\\\\\\\"memory\\\\\\\":647056672.000,\\\\\\\"threadInfo\\\\\\\":{\\\\\\\"isThreadStarving\\\\\\\":\\\\\\\"False\\\\\\\",\\\\\\\"threadWaitIntervalInMs\\\\\\\":0.0141,\\\\\\\"availableThreads\\\\\\\":32765,\\\\\\\"minThreads\\\\\\\":64,\\\\\\\"maxThreads\\\\\\\":32767},\\\\\\\"numberOfOpenTcpConnection\\\\\\\":127},{\\\\\\\"dateUtc\\\\\\\":\\\\\\\"2022-09-23T19:08:25.7273212Z\\\\\\\",\\\\\\\"cpu\\\\\\\":1.555,\\\\\\\"memory\\\\\\\":647284656.000,\\\\\\\"threadInfo\\\\\\\":{\\\\\\\"isThreadStarving\\\\\\\":\\\\\\\"False\\\\\\\",\\\\\\\"threadWaitIntervalInMs\\\\\\\":0.0142,\\\\\\\"availableThreads\\\\\\\":32763,\\\\\\\"minThreads\\\\\\\":64,\\\\\\\"maxThreads\\\\\\\":32767},\\\\\\\"numberOfOpenTcpConnection\\\\\\\":127}]}\\\\r\\\\nRequestStart: 2022-09-23T19:08:27.5673310Z; ResponseTime: 2022-09-23T19:08:27.5673310Z; StoreResult: StorePhysicalAddress: rntbd://10.0.1.7:11300/apps/563e1f82-6804-471c-9ecf-849abe0b0170/services/7477aaee-4ee8-4b84-929d-bd3bf92b9039/partitions/9c457dd0-48a5-4434-a87d-75955a855939/replicas/133083417043292762s, LSN: 10, GlobalCommittedLsn: 10, PartitionKeyRangeId: , IsValid: True, StatusCode: 404, SubStatusCode: 0, RequestCharge: 1, ItemLSN: -1, SessionToken: -1#10, UsingLocalLSN: False, TransportException: null, BELatencyMs: 0.689, ActivityId: 28d8337c-79d6-4e0a-adc6-ab091792e035, RetryAfterInMs: , TransportRequestTimeline: {\\\\\\\"requestTimeline\\\\\\\":[{\\\\\\\"event\\\\\\\": \\\\\\\"Created\\\\\\\", \\\\\\\"startTimeUtc\\\\\\\": \\\\\\\"2022-09-23T19:08:27.5673310Z\\\\\\\", \\\\\\\"durationInMs\\\\\\\": 0.014},{\\\\\\\"event\\\\\\\": \\\\\\\"ChannelAcquisitionStarted\\\\\\\", \\\\\\\"startTimeUtc\\\\\\\": \\\\\\\"2022-09-23T19:08:27.5673450Z\\\\\\\", \\\\\\\"durationInMs\\\\\\\": 0.0031},{\\\\\\\"event\\\\\\\": \\\\\\\"Pipelined\\\\\\\", \\\\\\\"startTimeUtc\\\\\\\": \\\\\\\"2022-09-23T19:08:27.5673481Z\\\\\\\", \\\\\\\"durationInMs\\\\\\\": 0.1232},{\\\\\\\"event\\\\\\\": \\\\\\\"Transit Time\\\\\\\", \\\\\\\"startTimeUtc\\\\\\\": \\\\\\\"2022-09-23T19:08:27.5674713Z\\\\\\\", \\\\\\\"durationInMs\\\\\\\": 0.9259},{\\\\\\\"event\\\\\\\": \\\\\\\"Received\\\\\\\", \\\\\\\"startTimeUtc\\\\\\\": \\\\\\\"2022-09-23T19:08:27.5683972Z\\\\\\\", \\\\\\\"durationInMs\\\\\\\": 0.0598},{\\\\\\\"event\\\\\\\": \\\\\\\"Completed\\\\\\\", \\\\\\\"startTimeUtc\\\\\\\": \\\\\\\"2022-09-23T19:08:27.5684570Z\\\\\\\", \\\\\\\"durationInMs\\\\\\\": 0}],\\\\\\\"serviceEndpointStats\\\\\\\":{\\\\\\\"inflightRequests\\\\\\\":1,\\\\\\\"openConnections\\\\\\\":1},\\\\\\\"connectionStats\\\\\\\":{\\\\\\\"waitforConnectionInit\\\\\\\":\\\\\\\"False\\\\\\\",\\\\\\\"callsPendingReceive\\\\\\\":0,\\\\\\\"lastSendAttempt\\\\\\\":\\\\\\\"2022-09-23T19:08:27.4973295Z\\\\\\\",\\\\\\\"lastSend\\\\\\\":\\\\\\\"2022-09-23T19:08:27.4973295Z\\\\\\\",\\\\\\\"lastReceive\\\\\\\":\\\\\\\"2022-09-23T19:08:27.5273287Z\\\\\\\"},\\\\\\\"requestSizeInBytes\\\\\\\":486,\\\\\\\"responseMetadataSizeInBytes\\\\\\\":135,\\\\\\\"responseBodySizeInBytes\\\\\\\":87};\\\\r\\\\n ResourceType: Collection, OperationType: Read\\\\r\\\\nRequestStart: 2022-09-23T19:08:27.5673310Z; ResponseTime: 2022-09-23T19:08:27.5673310Z; StoreResult: StorePhysicalAddress: rntbd://10.0.1.4:11000/apps/563e1f82-6804-471c-9ecf-849abe0b0170/services/7477aaee-4ee8-4b84-929d-bd3bf92b9039/partitions/9c457dd0-48a5-4434-a87d-75955a855939/replicas/133083417043292763s, LSN: 10, GlobalCommittedLsn: 10, PartitionKeyRangeId: , IsValid: True, StatusCode: 404, SubStatusCode: 0, RequestCharge: 1, ItemLSN: -1, SessionToken: -1#10, UsingLocalLSN: False, TransportException: null, BELatencyMs: 0.727, ActivityId: 28d8337c-79d6-4e0a-adc6-ab091792e035, RetryAfterInMs: , TransportRequestTimeline: {\\\\\\\"requestTimeline\\\\\\\":[{\\\\\\\"event\\\\\\\": \\\\\\\"Created\\\\\\\", \\\\\\\"startTimeUtc\\\\\\\": \\\\\\\"2022-09-23T19:08:27.5673310Z\\\\\\\", \\\\\\\"durationInMs\\\\\\\": 0.0053},{\\\\\\\"event\\\\\\\": \\\\\\\"ChannelAcquisitionStarted\\\\\\\", \\\\\\\"startTimeUtc\\\\\\\": \\\\\\\"2022-09-23T19:08:27.5673363Z\\\\\\\", \\\\\\\"durationInMs\\\\\\\": 0.007},{\\\\\\\"event\\\\\\\": \\\\\\\"Pipelined\\\\\\\", \\\\\\\"startTimeUtc\\\\\\\": \\\\\\\"2022-09-23T19:08:27.5673433Z\\\\\\\", \\\\\\\"durationInMs\\\\\\\": 0.0735},{\\\\\\\"event\\\\\\\": \\\\\\\"Transit Time\\\\\\\", \\\\\\\"startTimeUtc\\\\\\\": \\\\\\\"2022-09-23T19:08:27.5674168Z\\\\\\\", \\\\\\\"durationInMs\\\\\\\": 1.0927},{\\\\\\\"event\\\\\\\": \\\\\\\"Received\\\\\\\", \\\\\\\"startTimeUtc\\\\\\\": \\\\\\\"2022-09-23T19:08:27.5685095Z\\\\\\\", \\\\\\\"durationInMs\\\\\\\": 0.0297},{\\\\\\\"event\\\\\\\": \\\\\\\"Completed\\\\\\\", \\\\\\\"startTimeUtc\\\\\\\": \\\\\\\"2022-09-23T19:08:27.5685392Z\\\\\\\", \\\\\\\"durationInMs\\\\\\\": 0}],\\\\\\\"serviceEndpointStats\\\\\\\":{\\\\\\\"inflightRequests\\\\\\\":1,\\\\\\\"openConnections\\\\\\\":1},\\\\\\\"connectionStats\\\\\\\":{\\\\\\\"waitforConnectionInit\\\\\\\":\\\\\\\"False\\\\\\\",\\\\\\\"callsPendingReceive\\\\\\\":0,\\\\\\\"lastSendAttempt\\\\\\\":\\\\\\\"2022-09-23T19:08:24.1573217Z\\\\\\\",\\\\\\\"lastSend\\\\\\\":\\\\\\\"2022-09-23T19:08:24.1573217Z\\\\\\\",\\\\\\\"lastReceive\\\\\\\":\\\\\\\"2022-09-23T19:08:24.1573217Z\\\\\\\"},\\\\\\\"requestSizeInBytes\\\\\\\":486,\\\\\\\"responseMetadataSizeInBytes\\\\\\\":135,\\\\\\\"responseBodySizeInBytes\\\\\\\":87};\\\\r\\\\n ResourceType: Collection, OperationType: Read\\\\r\\\\n, SDK: Microsoft.Azure.Documents.Common/2.14.0\\\"}, Request URI: /dbs/TestDB1/colls/TestCollectionInDB1, RequestStats: , SDK: Microsoft.Azure.Documents.Common/2.14.0\"\r\n}",
      "StatusCode": 404
    },
    {
      "RequestUri": "/subscriptions/12053b8f-cab5-4f5c-9c1a-870580142abd/resourceGroups/CosmosDBResourceGroup14/providers/Microsoft.DocumentDB/databaseAccounts/cosmosdb-1214/sqlDatabases/TestDB1/containers/TestCollectionInDB1?api-version=2022-08-15-preview",
      "EncodedRequestUri": "L3N1YnNjcmlwdGlvbnMvMTIwNTNiOGYtY2FiNS00ZjVjLTljMWEtODcwNTgwMTQyYWJkL3Jlc291cmNlR3JvdXBzL0Nvc21vc0RCUmVzb3VyY2VHcm91cDE0L3Byb3ZpZGVycy9NaWNyb3NvZnQuRG9jdW1lbnREQi9kYXRhYmFzZUFjY291bnRzL2Nvc21vc2RiLTEyMTQvc3FsRGF0YWJhc2VzL1Rlc3REQjEvY29udGFpbmVycy9UZXN0Q29sbGVjdGlvbkluREIxP2FwaS12ZXJzaW9uPTIwMjItMDgtMTUtcHJldmlldw==",
      "RequestMethod": "GET",
      "RequestHeaders": {
        "x-ms-client-request-id": [
          "28d8337c-79d6-4e0a-adc6-ab091792e035"
        ],
        "User-Agent": [
          "FxVersion/4.700.22.41602",
          "OSName/Windows",
          "OSVersion/Microsoft.Windows.10.0.19044",
          "Microsoft.Azure.Management.CosmosDB.CosmosDBManagementClient/1.8.2"
        ]
      },
      "RequestBody": "",
      "ResponseHeaders": {
        "Cache-Control": [
          "no-store, no-cache"
        ],
        "Pragma": [
          "no-cache"
        ],
        "Strict-Transport-Security": [
          "max-age=31536000; includeSubDomains"
        ],
        "x-ms-gatewayversion": [
          "version=2.14.0"
        ],
        "Server": [
          "Microsoft-HTTPAPI/2.0"
        ],
        "x-ms-ratelimit-remaining-subscription-reads": [
          "11997"
        ],
        "x-ms-request-id": [
          "8ab19e95-0edf-4274-a06e-3f7660cff986"
        ],
        "x-ms-correlation-request-id": [
          "8ab19e95-0edf-4274-a06e-3f7660cff986"
        ],
        "x-ms-routing-request-id": [
          "WESTUS:20220923T190859Z:8ab19e95-0edf-4274-a06e-3f7660cff986"
        ],
        "X-Content-Type-Options": [
          "nosniff"
        ],
        "Date": [
          "Fri, 23 Sep 2022 19:08:58 GMT"
        ],
        "Content-Length": [
          "1224"
        ],
        "Content-Type": [
          "application/json"
        ]
      },
      "ResponseBody": "{\r\n  \"id\": \"/subscriptions/12053b8f-cab5-4f5c-9c1a-870580142abd/resourceGroups/CosmosDBResourceGroup14/providers/Microsoft.DocumentDB/databaseAccounts/cosmosdb-1214/sqlDatabases/TestDB1/containers/TestCollectionInDB1\",\r\n  \"type\": \"Microsoft.DocumentDB/databaseAccounts/sqlDatabases/containers\",\r\n  \"name\": \"TestCollectionInDB1\",\r\n  \"properties\": {\r\n    \"resource\": {\r\n      \"id\": \"TestCollectionInDB1\",\r\n      \"indexingPolicy\": {\r\n        \"indexingMode\": \"consistent\",\r\n        \"automatic\": true,\r\n        \"includedPaths\": [\r\n          {\r\n            \"path\": \"/*\"\r\n          }\r\n        ],\r\n        \"excludedPaths\": [\r\n          {\r\n            \"path\": \"/\\\"_etag\\\"/?\"\r\n          }\r\n        ]\r\n      },\r\n      \"partitionKey\": {\r\n        \"paths\": [\r\n          \"/foo/bar\"\r\n        ],\r\n        \"kind\": \"Hash\"\r\n      },\r\n      \"uniqueKeyPolicy\": {\r\n        \"uniqueKeys\": []\r\n      },\r\n      \"conflictResolutionPolicy\": {\r\n        \"mode\": \"LastWriterWins\",\r\n        \"conflictResolutionPath\": \"/_ts\",\r\n        \"conflictResolutionProcedure\": \"\"\r\n      },\r\n      \"backupPolicy\": {\r\n        \"type\": 1\r\n      },\r\n      \"geospatialConfig\": {\r\n        \"type\": \"Geography\"\r\n      },\r\n      \"_rid\": \"1N0DAMxnP8c=\",\r\n      \"_ts\": 1663960115,\r\n      \"_self\": \"dbs/1N0DAA==/colls/1N0DAMxnP8c=/\",\r\n      \"_etag\": \"\\\"00000a04-0000-0300-0000-632e04330000\\\"\",\r\n      \"_docs\": \"docs/\",\r\n      \"_sprocs\": \"sprocs/\",\r\n      \"_triggers\": \"triggers/\",\r\n      \"_udfs\": \"udfs/\",\r\n      \"_conflicts\": \"conflicts/\",\r\n      \"statistics\": [\r\n        {\r\n          \"id\": \"0\",\r\n          \"sizeInKB\": 0,\r\n          \"documentCount\": 0,\r\n          \"sampledDistinctPartitionKeyCount\": 0,\r\n          \"partitionKeys\": []\r\n        },\r\n        {\r\n          \"id\": \"1\",\r\n          \"sizeInKB\": 0,\r\n          \"documentCount\": 0,\r\n          \"sampledDistinctPartitionKeyCount\": 0,\r\n          \"partitionKeys\": []\r\n        }\r\n      ]\r\n    }\r\n  }\r\n}",
      "StatusCode": 200
    },
    {
      "RequestUri": "/subscriptions/12053b8f-cab5-4f5c-9c1a-870580142abd/resourceGroups/CosmosDBResourceGroup14/providers/Microsoft.DocumentDB/databaseAccounts/cosmosdb-1214/sqlDatabases/TestDB1/containers/TestCollectionInDB1?api-version=2022-08-15-preview",
      "EncodedRequestUri": "L3N1YnNjcmlwdGlvbnMvMTIwNTNiOGYtY2FiNS00ZjVjLTljMWEtODcwNTgwMTQyYWJkL3Jlc291cmNlR3JvdXBzL0Nvc21vc0RCUmVzb3VyY2VHcm91cDE0L3Byb3ZpZGVycy9NaWNyb3NvZnQuRG9jdW1lbnREQi9kYXRhYmFzZUFjY291bnRzL2Nvc21vc2RiLTEyMTQvc3FsRGF0YWJhc2VzL1Rlc3REQjEvY29udGFpbmVycy9UZXN0Q29sbGVjdGlvbkluREIxP2FwaS12ZXJzaW9uPTIwMjItMDgtMTUtcHJldmlldw==",
      "RequestMethod": "GET",
      "RequestHeaders": {
        "x-ms-client-request-id": [
          "ecf0e491-1e84-4419-a7b2-50fa54ad1ea5"
        ],
        "Accept-Language": [
          "en-US"
        ],
        "User-Agent": [
          "FxVersion/4.700.22.41602",
          "OSName/Windows",
          "OSVersion/Microsoft.Windows.10.0.19044",
          "Microsoft.Azure.Management.CosmosDB.CosmosDBManagementClient/1.8.2"
        ]
      },
      "RequestBody": "",
      "ResponseHeaders": {
        "Cache-Control": [
          "no-store, no-cache"
        ],
        "Pragma": [
          "no-cache"
        ],
        "Strict-Transport-Security": [
          "max-age=31536000; includeSubDomains"
        ],
        "x-ms-gatewayversion": [
          "version=2.14.0"
        ],
        "Server": [
          "Microsoft-HTTPAPI/2.0"
        ],
        "x-ms-ratelimit-remaining-subscription-reads": [
          "11997"
        ],
        "x-ms-request-id": [
          "a2bffac7-1968-43f3-b8cf-122d3e574aa8"
        ],
        "x-ms-correlation-request-id": [
          "a2bffac7-1968-43f3-b8cf-122d3e574aa8"
        ],
        "x-ms-routing-request-id": [
          "WESTCENTRALUS:20220923T190900Z:a2bffac7-1968-43f3-b8cf-122d3e574aa8"
        ],
        "X-Content-Type-Options": [
          "nosniff"
        ],
        "Date": [
          "Fri, 23 Sep 2022 19:09:00 GMT"
        ],
        "Content-Length": [
          "1224"
        ],
        "Content-Type": [
          "application/json"
        ]
      },
      "ResponseBody": "{\r\n  \"id\": \"/subscriptions/12053b8f-cab5-4f5c-9c1a-870580142abd/resourceGroups/CosmosDBResourceGroup14/providers/Microsoft.DocumentDB/databaseAccounts/cosmosdb-1214/sqlDatabases/TestDB1/containers/TestCollectionInDB1\",\r\n  \"type\": \"Microsoft.DocumentDB/databaseAccounts/sqlDatabases/containers\",\r\n  \"name\": \"TestCollectionInDB1\",\r\n  \"properties\": {\r\n    \"resource\": {\r\n      \"id\": \"TestCollectionInDB1\",\r\n      \"indexingPolicy\": {\r\n        \"indexingMode\": \"consistent\",\r\n        \"automatic\": true,\r\n        \"includedPaths\": [\r\n          {\r\n            \"path\": \"/*\"\r\n          }\r\n        ],\r\n        \"excludedPaths\": [\r\n          {\r\n            \"path\": \"/\\\"_etag\\\"/?\"\r\n          }\r\n        ]\r\n      },\r\n      \"partitionKey\": {\r\n        \"paths\": [\r\n          \"/foo/bar\"\r\n        ],\r\n        \"kind\": \"Hash\"\r\n      },\r\n      \"uniqueKeyPolicy\": {\r\n        \"uniqueKeys\": []\r\n      },\r\n      \"conflictResolutionPolicy\": {\r\n        \"mode\": \"LastWriterWins\",\r\n        \"conflictResolutionPath\": \"/_ts\",\r\n        \"conflictResolutionProcedure\": \"\"\r\n      },\r\n      \"backupPolicy\": {\r\n        \"type\": 1\r\n      },\r\n      \"geospatialConfig\": {\r\n        \"type\": \"Geography\"\r\n      },\r\n      \"_rid\": \"1N0DAMxnP8c=\",\r\n      \"_ts\": 1663960115,\r\n      \"_self\": \"dbs/1N0DAA==/colls/1N0DAMxnP8c=/\",\r\n      \"_etag\": \"\\\"00000a04-0000-0300-0000-632e04330000\\\"\",\r\n      \"_docs\": \"docs/\",\r\n      \"_sprocs\": \"sprocs/\",\r\n      \"_triggers\": \"triggers/\",\r\n      \"_udfs\": \"udfs/\",\r\n      \"_conflicts\": \"conflicts/\",\r\n      \"statistics\": [\r\n        {\r\n          \"id\": \"0\",\r\n          \"sizeInKB\": 0,\r\n          \"documentCount\": 0,\r\n          \"sampledDistinctPartitionKeyCount\": 0,\r\n          \"partitionKeys\": []\r\n        },\r\n        {\r\n          \"id\": \"1\",\r\n          \"sizeInKB\": 0,\r\n          \"documentCount\": 0,\r\n          \"sampledDistinctPartitionKeyCount\": 0,\r\n          \"partitionKeys\": []\r\n        }\r\n      ]\r\n    }\r\n  }\r\n}",
      "StatusCode": 200
    },
    {
      "RequestUri": "/subscriptions/12053b8f-cab5-4f5c-9c1a-870580142abd/resourceGroups/CosmosDBResourceGroup14/providers/Microsoft.DocumentDB/databaseAccounts/cosmosdb-1214/sqlDatabases/TestDB1/containers/TestCollectionInDB1?api-version=2022-08-15-preview",
      "EncodedRequestUri": "L3N1YnNjcmlwdGlvbnMvMTIwNTNiOGYtY2FiNS00ZjVjLTljMWEtODcwNTgwMTQyYWJkL3Jlc291cmNlR3JvdXBzL0Nvc21vc0RCUmVzb3VyY2VHcm91cDE0L3Byb3ZpZGVycy9NaWNyb3NvZnQuRG9jdW1lbnREQi9kYXRhYmFzZUFjY291bnRzL2Nvc21vc2RiLTEyMTQvc3FsRGF0YWJhc2VzL1Rlc3REQjEvY29udGFpbmVycy9UZXN0Q29sbGVjdGlvbkluREIxP2FwaS12ZXJzaW9uPTIwMjItMDgtMTUtcHJldmlldw==",
      "RequestMethod": "PUT",
      "RequestHeaders": {
        "x-ms-client-request-id": [
          "28d8337c-79d6-4e0a-adc6-ab091792e035"
        ],
        "Accept-Language": [
          "en-US"
        ],
        "User-Agent": [
          "FxVersion/4.700.22.41602",
          "OSName/Windows",
          "OSVersion/Microsoft.Windows.10.0.19044",
          "Microsoft.Azure.Management.CosmosDB.CosmosDBManagementClient/1.8.2"
        ],
        "Content-Type": [
          "application/json; charset=utf-8"
        ],
        "Content-Length": [
          "255"
        ]
      },
      "RequestBody": "{\r\n  \"properties\": {\r\n    \"resource\": {\r\n      \"id\": \"TestCollectionInDB1\",\r\n      \"partitionKey\": {\r\n        \"paths\": [\r\n          \"/foo/bar\"\r\n        ],\r\n        \"kind\": \"Hash\"\r\n      }\r\n    },\r\n    \"options\": {\r\n      \"throughput\": 10000\r\n    }\r\n  }\r\n}",
      "ResponseHeaders": {
        "Cache-Control": [
          "no-store, no-cache"
        ],
        "Pragma": [
          "no-cache"
        ],
        "Location": [
          "https://management.azure.com/subscriptions/12053b8f-cab5-4f5c-9c1a-870580142abd/resourceGroups/CosmosDBResourceGroup14/providers/Microsoft.DocumentDB/databaseAccounts/cosmosdb-1214/sqlDatabases/TestDB1/containers/TestCollectionInDB1/operationResults/7fc65796-863a-491a-88ee-c3b0f8d5f070?api-version=2022-08-15-preview"
        ],
        "Azure-AsyncOperation": [
          "https://management.azure.com/subscriptions/12053b8f-cab5-4f5c-9c1a-870580142abd/providers/Microsoft.DocumentDB/locations/centralus/operationsStatus/7fc65796-863a-491a-88ee-c3b0f8d5f070?api-version=2022-08-15-preview"
        ],
        "x-ms-request-id": [
          "7fc65796-863a-491a-88ee-c3b0f8d5f070"
        ],
        "Strict-Transport-Security": [
          "max-age=31536000; includeSubDomains"
        ],
        "x-ms-gatewayversion": [
          "version=2.14.0"
        ],
        "Server": [
          "Microsoft-HTTPAPI/2.0"
        ],
        "x-ms-ratelimit-remaining-subscription-writes": [
          "1199"
        ],
        "x-ms-correlation-request-id": [
          "99dd1064-0bdf-4fd1-94ad-7267c86facd4"
        ],
        "x-ms-routing-request-id": [
          "WESTUS:20220923T190828Z:99dd1064-0bdf-4fd1-94ad-7267c86facd4"
        ],
        "X-Content-Type-Options": [
          "nosniff"
        ],
        "Date": [
          "Fri, 23 Sep 2022 19:08:28 GMT"
        ],
        "Content-Length": [
          "21"
        ],
        "Content-Type": [
          "application/json"
        ]
      },
      "ResponseBody": "{\r\n  \"status\": \"Enqueued\"\r\n}",
      "StatusCode": 202
    },
    {
      "RequestUri": "/subscriptions/12053b8f-cab5-4f5c-9c1a-870580142abd/providers/Microsoft.DocumentDB/locations/centralus/operationsStatus/7fc65796-863a-491a-88ee-c3b0f8d5f070?api-version=2022-08-15-preview",
      "EncodedRequestUri": "L3N1YnNjcmlwdGlvbnMvMTIwNTNiOGYtY2FiNS00ZjVjLTljMWEtODcwNTgwMTQyYWJkL3Byb3ZpZGVycy9NaWNyb3NvZnQuRG9jdW1lbnREQi9sb2NhdGlvbnMvY2VudHJhbHVzL29wZXJhdGlvbnNTdGF0dXMvN2ZjNjU3OTYtODYzYS00OTFhLTg4ZWUtYzNiMGY4ZDVmMDcwP2FwaS12ZXJzaW9uPTIwMjItMDgtMTUtcHJldmlldw==",
      "RequestMethod": "GET",
      "RequestHeaders": {
        "x-ms-client-request-id": [
          "28d8337c-79d6-4e0a-adc6-ab091792e035"
        ],
        "User-Agent": [
          "FxVersion/4.700.22.41602",
          "OSName/Windows",
          "OSVersion/Microsoft.Windows.10.0.19044",
          "Microsoft.Azure.Management.CosmosDB.CosmosDBManagementClient/1.8.2"
        ]
      },
      "RequestBody": "",
      "ResponseHeaders": {
        "Cache-Control": [
          "no-store, no-cache"
        ],
        "Pragma": [
          "no-cache"
        ],
        "Strict-Transport-Security": [
          "max-age=31536000; includeSubDomains"
        ],
        "x-ms-gatewayversion": [
          "version=2.14.0"
        ],
        "Server": [
          "Microsoft-HTTPAPI/2.0"
        ],
        "x-ms-ratelimit-remaining-subscription-reads": [
          "11998"
        ],
        "x-ms-request-id": [
          "3d7a9da2-496e-4992-9af5-bb1656c067d2"
        ],
        "x-ms-correlation-request-id": [
          "3d7a9da2-496e-4992-9af5-bb1656c067d2"
        ],
        "x-ms-routing-request-id": [
          "WESTUS:20220923T190859Z:3d7a9da2-496e-4992-9af5-bb1656c067d2"
        ],
        "X-Content-Type-Options": [
          "nosniff"
        ],
        "Date": [
          "Fri, 23 Sep 2022 19:08:58 GMT"
        ],
        "Content-Length": [
          "22"
        ],
        "Content-Type": [
          "application/json"
        ]
      },
      "ResponseBody": "{\r\n  \"status\": \"Succeeded\"\r\n}",
      "StatusCode": 200
    },
    {
      "RequestUri": "/subscriptions/12053b8f-cab5-4f5c-9c1a-870580142abd/resourceGroups/CosmosDBResourceGroup14/providers/Microsoft.DocumentDB/databaseAccounts/cosmosdb-1214/sqlDatabases/TestDB1/containers/TestCollectionInDB1/retrieveContinuousBackupInformation?api-version=2022-08-15-preview",
      "EncodedRequestUri": "L3N1YnNjcmlwdGlvbnMvMTIwNTNiOGYtY2FiNS00ZjVjLTljMWEtODcwNTgwMTQyYWJkL3Jlc291cmNlR3JvdXBzL0Nvc21vc0RCUmVzb3VyY2VHcm91cDE0L3Byb3ZpZGVycy9NaWNyb3NvZnQuRG9jdW1lbnREQi9kYXRhYmFzZUFjY291bnRzL2Nvc21vc2RiLTEyMTQvc3FsRGF0YWJhc2VzL1Rlc3REQjEvY29udGFpbmVycy9UZXN0Q29sbGVjdGlvbkluREIxL3JldHJpZXZlQ29udGludW91c0JhY2t1cEluZm9ybWF0aW9uP2FwaS12ZXJzaW9uPTIwMjItMDgtMTUtcHJldmlldw==",
      "RequestMethod": "POST",
      "RequestHeaders": {
        "x-ms-client-request-id": [
          "ecf0e491-1e84-4419-a7b2-50fa54ad1ea5"
        ],
        "Accept-Language": [
          "en-US"
        ],
        "User-Agent": [
          "FxVersion/4.700.22.41602",
          "OSName/Windows",
          "OSVersion/Microsoft.Windows.10.0.19044",
          "Microsoft.Azure.Management.CosmosDB.CosmosDBManagementClient/1.8.2"
        ],
        "Content-Type": [
          "application/json; charset=utf-8"
        ],
        "Content-Length": [
          "32"
        ]
      },
      "RequestBody": "{\r\n  \"location\": \"Central US\"\r\n}",
      "ResponseHeaders": {
        "Cache-Control": [
          "no-store, no-cache"
        ],
        "Pragma": [
          "no-cache"
        ],
        "Location": [
          "https://management.azure.com/subscriptions/12053b8f-cab5-4f5c-9c1a-870580142abd/resourceGroups/CosmosDBResourceGroup14/providers/Microsoft.DocumentDB/databaseAccounts/cosmosdb-1214/sqlDatabases/TestDB1/containers/TestCollectionInDB1/retrieveContinuousBackupInformation/operationResults/4fdd91d8-f979-495e-a18f-930a053a2023?api-version=2022-08-15-preview"
        ],
        "x-ms-request-id": [
          "4fdd91d8-f979-495e-a18f-930a053a2023"
        ],
        "Strict-Transport-Security": [
          "max-age=31536000; includeSubDomains"
        ],
        "x-ms-gatewayversion": [
          "version=2.14.0"
        ],
        "Server": [
          "Microsoft-HTTPAPI/2.0"
        ],
        "x-ms-ratelimit-remaining-subscription-writes": [
          "1199"
        ],
        "x-ms-correlation-request-id": [
          "e6b5368b-762a-4aff-a0d2-ad8728bd53d8"
        ],
        "x-ms-routing-request-id": [
          "WESTCENTRALUS:20220923T190901Z:e6b5368b-762a-4aff-a0d2-ad8728bd53d8"
        ],
        "X-Content-Type-Options": [
          "nosniff"
        ],
        "Date": [
          "Fri, 23 Sep 2022 19:09:01 GMT"
        ],
        "Content-Length": [
          "21"
        ],
        "Content-Type": [
          "application/json"
        ]
      },
      "ResponseBody": "{\r\n  \"status\": \"Enqueued\"\r\n}",
      "StatusCode": 202
    },
    {
      "RequestUri": "/subscriptions/12053b8f-cab5-4f5c-9c1a-870580142abd/resourceGroups/CosmosDBResourceGroup14/providers/Microsoft.DocumentDB/databaseAccounts/cosmosdb-1214/sqlDatabases/TestDB1/containers/TestCollectionInDB1/retrieveContinuousBackupInformation/operationResults/4fdd91d8-f979-495e-a18f-930a053a2023?api-version=2022-08-15-preview",
      "EncodedRequestUri": "L3N1YnNjcmlwdGlvbnMvMTIwNTNiOGYtY2FiNS00ZjVjLTljMWEtODcwNTgwMTQyYWJkL3Jlc291cmNlR3JvdXBzL0Nvc21vc0RCUmVzb3VyY2VHcm91cDE0L3Byb3ZpZGVycy9NaWNyb3NvZnQuRG9jdW1lbnREQi9kYXRhYmFzZUFjY291bnRzL2Nvc21vc2RiLTEyMTQvc3FsRGF0YWJhc2VzL1Rlc3REQjEvY29udGFpbmVycy9UZXN0Q29sbGVjdGlvbkluREIxL3JldHJpZXZlQ29udGludW91c0JhY2t1cEluZm9ybWF0aW9uL29wZXJhdGlvblJlc3VsdHMvNGZkZDkxZDgtZjk3OS00OTVlLWExOGYtOTMwYTA1M2EyMDIzP2FwaS12ZXJzaW9uPTIwMjItMDgtMTUtcHJldmlldw==",
      "RequestMethod": "GET",
      "RequestHeaders": {
        "x-ms-client-request-id": [
          "ecf0e491-1e84-4419-a7b2-50fa54ad1ea5"
        ],
        "User-Agent": [
          "FxVersion/4.700.22.41602",
          "OSName/Windows",
          "OSVersion/Microsoft.Windows.10.0.19044",
          "Microsoft.Azure.Management.CosmosDB.CosmosDBManagementClient/1.8.2"
        ]
      },
      "RequestBody": "",
      "ResponseHeaders": {
        "Cache-Control": [
          "no-store, no-cache"
        ],
        "Pragma": [
          "no-cache"
        ],
        "Strict-Transport-Security": [
          "max-age=31536000; includeSubDomains"
        ],
        "x-ms-gatewayversion": [
          "version=2.14.0"
        ],
        "Server": [
          "Microsoft-HTTPAPI/2.0"
        ],
        "x-ms-ratelimit-remaining-subscription-reads": [
          "11996"
        ],
        "x-ms-request-id": [
          "b5a25f8c-441a-440a-bb63-a79c017e5fd0"
        ],
        "x-ms-correlation-request-id": [
          "b5a25f8c-441a-440a-bb63-a79c017e5fd0"
        ],
        "x-ms-routing-request-id": [
          "WESTCENTRALUS:20220923T190931Z:b5a25f8c-441a-440a-bb63-a79c017e5fd0"
        ],
        "X-Content-Type-Options": [
          "nosniff"
        ],
        "Date": [
          "Fri, 23 Sep 2022 19:09:30 GMT"
        ],
        "Content-Length": [
          "84"
        ],
        "Content-Type": [
          "application/json"
        ]
      },
      "ResponseBody": "{\r\n  \"continuousBackupInformation\": {\r\n    \"latestRestorableTimestamp\": \"9/23/2022 7:09:06 PM\"\r\n  }\r\n}",
      "StatusCode": 200
    },
    {
      "RequestUri": "/subscriptions/12053b8f-cab5-4f5c-9c1a-870580142abd/resourceGroups/CosmosDBResourceGroup14/providers/Microsoft.DocumentDB/databaseAccounts/cosmosdb-1214/sqlDatabases/TestDB1/containers/TestCollectionInDB1/retrieveContinuousBackupInformation/operationResults/4fdd91d8-f979-495e-a18f-930a053a2023?api-version=2022-08-15-preview",
      "EncodedRequestUri": "L3N1YnNjcmlwdGlvbnMvMTIwNTNiOGYtY2FiNS00ZjVjLTljMWEtODcwNTgwMTQyYWJkL3Jlc291cmNlR3JvdXBzL0Nvc21vc0RCUmVzb3VyY2VHcm91cDE0L3Byb3ZpZGVycy9NaWNyb3NvZnQuRG9jdW1lbnREQi9kYXRhYmFzZUFjY291bnRzL2Nvc21vc2RiLTEyMTQvc3FsRGF0YWJhc2VzL1Rlc3REQjEvY29udGFpbmVycy9UZXN0Q29sbGVjdGlvbkluREIxL3JldHJpZXZlQ29udGludW91c0JhY2t1cEluZm9ybWF0aW9uL29wZXJhdGlvblJlc3VsdHMvNGZkZDkxZDgtZjk3OS00OTVlLWExOGYtOTMwYTA1M2EyMDIzP2FwaS12ZXJzaW9uPTIwMjItMDgtMTUtcHJldmlldw==",
      "RequestMethod": "GET",
      "RequestHeaders": {
        "x-ms-client-request-id": [
          "ecf0e491-1e84-4419-a7b2-50fa54ad1ea5"
        ],
        "User-Agent": [
          "FxVersion/4.700.22.41602",
          "OSName/Windows",
          "OSVersion/Microsoft.Windows.10.0.19044",
          "Microsoft.Azure.Management.CosmosDB.CosmosDBManagementClient/1.8.2"
        ]
      },
      "RequestBody": "",
      "ResponseHeaders": {
        "Cache-Control": [
          "no-store, no-cache"
        ],
        "Pragma": [
          "no-cache"
        ],
        "Strict-Transport-Security": [
          "max-age=31536000; includeSubDomains"
        ],
        "x-ms-gatewayversion": [
          "version=2.14.0"
        ],
        "Server": [
          "Microsoft-HTTPAPI/2.0"
        ],
        "x-ms-ratelimit-remaining-subscription-reads": [
          "11995"
        ],
        "x-ms-request-id": [
          "e3a8cb20-885f-4742-a33c-7b9e1b15520b"
        ],
        "x-ms-correlation-request-id": [
          "e3a8cb20-885f-4742-a33c-7b9e1b15520b"
        ],
        "x-ms-routing-request-id": [
          "WESTCENTRALUS:20220923T190931Z:e3a8cb20-885f-4742-a33c-7b9e1b15520b"
        ],
        "X-Content-Type-Options": [
          "nosniff"
        ],
        "Date": [
          "Fri, 23 Sep 2022 19:09:30 GMT"
        ],
        "Content-Length": [
          "84"
        ],
        "Content-Type": [
          "application/json"
        ]
      },
      "ResponseBody": "{\r\n  \"continuousBackupInformation\": {\r\n    \"latestRestorableTimestamp\": \"9/23/2022 7:09:06 PM\"\r\n  }\r\n}",
      "StatusCode": 200
    }
  ],
  "Names": {},
  "Variables": {}
}