{
  "Entries": [
    {
      "RequestUri": "/subscriptions/259fbb24-9bcd-4cfc-865c-fc33b22fe38a/resourcegroups/CosmosDBResourceGroup75?api-version=2016-09-01",
      "EncodedRequestUri": "L3N1YnNjcmlwdGlvbnMvMjU5ZmJiMjQtOWJjZC00Y2ZjLTg2NWMtZmMzM2IyMmZlMzhhL3Jlc291cmNlZ3JvdXBzL0Nvc21vc0RCUmVzb3VyY2VHcm91cDc1P2FwaS12ZXJzaW9uPTIwMTYtMDktMDE=",
      "RequestMethod": "PUT",
      "RequestHeaders": {
        "x-ms-client-request-id": [
          "f9001eac-ccf6-46ba-83be-f0f0bb30e962"
        ],
        "Accept-Language": [
          "en-US"
        ],
        "User-Agent": [
          "FxVersion/4.700.22.55902",
          "OSName/Windows",
          "OSVersion/Microsoft.Windows.10.0.22621",
          "Microsoft.Azure.Management.Internal.Resources.ResourceManagementClient/1.3.75"
        ],
        "Content-Type": [
          "application/json; charset=utf-8"
        ],
        "Content-Length": [
          "29"
        ]
      },
      "RequestBody": "{\r\n  \"location\": \"East US\"\r\n}",
      "ResponseHeaders": {
        "Cache-Control": [
          "no-cache"
        ],
        "Pragma": [
          "no-cache"
        ],
        "x-ms-ratelimit-remaining-subscription-writes": [
          "1199"
        ],
        "x-ms-request-id": [
          "cd9bd62a-fbbe-4b9b-8b6a-e7413ded1779"
        ],
        "x-ms-correlation-request-id": [
          "cd9bd62a-fbbe-4b9b-8b6a-e7413ded1779"
        ],
        "x-ms-routing-request-id": [
          "WESTCENTRALUS:20230503T003724Z:cd9bd62a-fbbe-4b9b-8b6a-e7413ded1779"
        ],
        "Strict-Transport-Security": [
          "max-age=31536000; includeSubDomains"
        ],
        "X-Content-Type-Options": [
          "nosniff"
        ],
        "Date": [
          "Wed, 03 May 2023 00:37:24 GMT"
        ],
        "Content-Length": [
          "199"
        ],
        "Content-Type": [
          "application/json; charset=utf-8"
        ],
        "Expires": [
          "-1"
        ]
      },
      "ResponseBody": "{\r\n  \"id\": \"/subscriptions/259fbb24-9bcd-4cfc-865c-fc33b22fe38a/resourceGroups/CosmosDBResourceGroup75\",\r\n  \"name\": \"CosmosDBResourceGroup75\",\r\n  \"location\": \"eastus\",\r\n  \"properties\": {\r\n    \"provisioningState\": \"Succeeded\"\r\n  }\r\n}",
      "StatusCode": 201
    },
    {
      "RequestUri": "/subscriptions/259fbb24-9bcd-4cfc-865c-fc33b22fe38a/resourceGroups/CosmosDBResourceGroup75/providers/Microsoft.DocumentDB/databaseAccounts/mongo-continuous-1474?api-version=2023-04-15",
      "EncodedRequestUri": "L3N1YnNjcmlwdGlvbnMvMjU5ZmJiMjQtOWJjZC00Y2ZjLTg2NWMtZmMzM2IyMmZlMzhhL3Jlc291cmNlR3JvdXBzL0Nvc21vc0RCUmVzb3VyY2VHcm91cDc1L3Byb3ZpZGVycy9NaWNyb3NvZnQuRG9jdW1lbnREQi9kYXRhYmFzZUFjY291bnRzL21vbmdvLWNvbnRpbnVvdXMtMTQ3ND9hcGktdmVyc2lvbj0yMDIzLTA0LTE1",
      "RequestMethod": "GET",
      "RequestHeaders": {
        "x-ms-client-request-id": [
          "c68a9372-641c-47fa-9ca6-351229fac76b"
        ],
        "Accept-Language": [
          "en-US"
        ],
        "User-Agent": [
          "FxVersion/4.700.22.55902",
          "OSName/Windows",
          "OSVersion/Microsoft.Windows.10.0.22621",
          "Microsoft.Azure.Management.CosmosDB.CosmosDBManagementClient/1.10.1"
        ]
      },
      "RequestBody": "",
      "ResponseHeaders": {
        "Cache-Control": [
          "no-cache"
        ],
        "Pragma": [
          "no-cache"
        ],
        "x-ms-failure-cause": [
          "gateway"
        ],
        "x-ms-request-id": [
          "ece3eeac-e989-4dff-a46a-6e2a9c33b236"
        ],
        "x-ms-correlation-request-id": [
          "ece3eeac-e989-4dff-a46a-6e2a9c33b236"
        ],
        "x-ms-routing-request-id": [
          "WESTCENTRALUS:20230503T003724Z:ece3eeac-e989-4dff-a46a-6e2a9c33b236"
        ],
        "Strict-Transport-Security": [
          "max-age=31536000; includeSubDomains"
        ],
        "X-Content-Type-Options": [
          "nosniff"
        ],
        "Date": [
          "Wed, 03 May 2023 00:37:24 GMT"
        ],
        "Content-Type": [
          "application/json; charset=utf-8"
        ],
        "Expires": [
          "-1"
        ],
        "Content-Length": [
          "254"
        ]
      },
      "ResponseBody": "{\r\n  \"error\": {\r\n    \"code\": \"ResourceNotFound\",\r\n    \"message\": \"The Resource 'Microsoft.DocumentDB/databaseAccounts/mongo-continuous-1474' under resource group 'CosmosDBResourceGroup75' was not found. For more details please go to https://aka.ms/ARMResourceNotFoundFix\"\r\n  }\r\n}",
      "StatusCode": 404
    },
    {
      "RequestUri": "/subscriptions/259fbb24-9bcd-4cfc-865c-fc33b22fe38a/resourceGroups/CosmosDBResourceGroup75/providers/Microsoft.DocumentDB/databaseAccounts/mongo-continuous-1474?api-version=2023-04-15",
      "EncodedRequestUri": "L3N1YnNjcmlwdGlvbnMvMjU5ZmJiMjQtOWJjZC00Y2ZjLTg2NWMtZmMzM2IyMmZlMzhhL3Jlc291cmNlR3JvdXBzL0Nvc21vc0RCUmVzb3VyY2VHcm91cDc1L3Byb3ZpZGVycy9NaWNyb3NvZnQuRG9jdW1lbnREQi9kYXRhYmFzZUFjY291bnRzL21vbmdvLWNvbnRpbnVvdXMtMTQ3ND9hcGktdmVyc2lvbj0yMDIzLTA0LTE1",
      "RequestMethod": "GET",
      "RequestHeaders": {
        "x-ms-client-request-id": [
          "c68a9372-641c-47fa-9ca6-351229fac76b"
        ],
        "User-Agent": [
          "FxVersion/4.700.22.55902",
          "OSName/Windows",
          "OSVersion/Microsoft.Windows.10.0.22621",
          "Microsoft.Azure.Management.CosmosDB.CosmosDBManagementClient/1.10.1"
        ]
      },
      "RequestBody": "",
      "ResponseHeaders": {
        "Cache-Control": [
          "no-store, no-cache"
        ],
        "Pragma": [
          "no-cache"
        ],
        "Strict-Transport-Security": [
          "max-age=31536000; includeSubDomains"
        ],
        "x-ms-gatewayversion": [
          "version=2.14.0"
        ],
        "Server": [
          "Microsoft-HTTPAPI/2.0"
        ],
        "x-ms-ratelimit-remaining-subscription-reads": [
          "11991"
        ],
        "x-ms-request-id": [
          "69857688-39e6-4aa6-85a2-c23e4247f843"
        ],
        "x-ms-correlation-request-id": [
          "69857688-39e6-4aa6-85a2-c23e4247f843"
        ],
        "x-ms-routing-request-id": [
          "WESTCENTRALUS:20230503T004100Z:69857688-39e6-4aa6-85a2-c23e4247f843"
        ],
        "X-Content-Type-Options": [
          "nosniff"
        ],
        "Date": [
          "Wed, 03 May 2023 00:41:00 GMT"
        ],
        "Content-Length": [
          "2824"
        ],
        "Content-Type": [
          "application/json"
        ]
      },
      "ResponseBody": "{\r\n  \"id\": \"/subscriptions/259fbb24-9bcd-4cfc-865c-fc33b22fe38a/resourceGroups/CosmosDBResourceGroup75/providers/Microsoft.DocumentDB/databaseAccounts/mongo-continuous-1474\",\r\n  \"name\": \"mongo-continuous-1474\",\r\n  \"location\": \"East US\",\r\n  \"type\": \"Microsoft.DocumentDB/databaseAccounts\",\r\n  \"kind\": \"MongoDB\",\r\n  \"tags\": {},\r\n  \"systemData\": {\r\n    \"createdAt\": \"2023-05-03T00:40:21.4798912Z\"\r\n  },\r\n  \"properties\": {\r\n    \"provisioningState\": \"Succeeded\",\r\n    \"documentEndpoint\": \"https://mongo-continuous-1474.documents.azure.com:443/\",\r\n    \"sqlEndpoint\": \"https://mongo-continuous-1474.documents.azure.com:443/\",\r\n    \"mongoEndpoint\": \"https://mongo-continuous-1474.mongo.cosmos.azure.com:443/\",\r\n    \"publicNetworkAccess\": \"Enabled\",\r\n    \"enableAutomaticFailover\": false,\r\n    \"enableMultipleWriteLocations\": false,\r\n    \"enablePartitionKeyMonitor\": false,\r\n    \"isVirtualNetworkFilterEnabled\": false,\r\n    \"virtualNetworkRules\": [],\r\n    \"EnabledApiTypes\": \"MongoDB\",\r\n    \"disableKeyBasedMetadataWriteAccess\": false,\r\n    \"enableFreeTier\": false,\r\n    \"enableAnalyticalStorage\": false,\r\n    \"analyticalStorageConfiguration\": {\r\n      \"schemaType\": \"FullFidelity\"\r\n    },\r\n    \"instanceId\": \"3e556f1c-b571-4ff1-bd22-5745021b87a2\",\r\n    \"createMode\": \"Default\",\r\n    \"databaseAccountOfferType\": \"Standard\",\r\n    \"defaultIdentity\": \"FirstPartyIdentity\",\r\n    \"networkAclBypass\": \"None\",\r\n    \"disableLocalAuth\": false,\r\n    \"enablePartitionMerge\": false,\r\n    \"minimalTlsVersion\": \"Tls12\",\r\n    \"consistencyPolicy\": {\r\n      \"defaultConsistencyLevel\": \"Session\",\r\n      \"maxIntervalInSeconds\": 5,\r\n      \"maxStalenessPrefix\": 100\r\n    },\r\n    \"apiProperties\": {\r\n      \"serverVersion\": \"3.6\"\r\n    },\r\n    \"configurationOverrides\": {\r\n      \"EnableBsonSchema\": \"True\"\r\n    },\r\n    \"writeLocations\": [\r\n      {\r\n        \"id\": \"mongo-continuous-1474-eastus\",\r\n        \"locationName\": \"East US\",\r\n        \"documentEndpoint\": \"https://mongo-continuous-1474-eastus.documents.azure.com:443/\",\r\n        \"provisioningState\": \"Succeeded\",\r\n        \"failoverPriority\": 0,\r\n        \"isZoneRedundant\": false\r\n      }\r\n    ],\r\n    \"readLocations\": [\r\n      {\r\n        \"id\": \"mongo-continuous-1474-eastus\",\r\n        \"locationName\": \"East US\",\r\n        \"documentEndpoint\": \"https://mongo-continuous-1474-eastus.documents.azure.com:443/\",\r\n        \"provisioningState\": \"Succeeded\",\r\n        \"failoverPriority\": 0,\r\n        \"isZoneRedundant\": false\r\n      }\r\n    ],\r\n    \"locations\": [\r\n      {\r\n        \"id\": \"mongo-continuous-1474-eastus\",\r\n        \"locationName\": \"East US\",\r\n        \"documentEndpoint\": \"https://mongo-continuous-1474-eastus.documents.azure.com:443/\",\r\n        \"provisioningState\": \"Succeeded\",\r\n        \"failoverPriority\": 0,\r\n        \"isZoneRedundant\": false\r\n      }\r\n    ],\r\n    \"failoverPolicies\": [\r\n      {\r\n        \"id\": \"mongo-continuous-1474-eastus\",\r\n        \"locationName\": \"East US\",\r\n        \"failoverPriority\": 0\r\n      }\r\n    ],\r\n    \"cors\": [],\r\n    \"capabilities\": [\r\n      {\r\n        \"name\": \"EnableMongo\"\r\n      }\r\n    ],\r\n    \"ipRules\": [],\r\n    \"backupPolicy\": {\r\n      \"type\": \"Continuous\",\r\n      \"continuousModeProperties\": {\r\n        \"tier\": \"Continuous30Days\"\r\n      }\r\n    },\r\n    \"networkAclBypassResourceIds\": [],\r\n    \"keysMetadata\": {\r\n      \"primaryMasterKey\": {\r\n        \"generationTime\": \"2023-05-03T00:40:21.4798912Z\"\r\n      },\r\n      \"secondaryMasterKey\": {\r\n        \"generationTime\": \"2023-05-03T00:40:21.4798912Z\"\r\n      },\r\n      \"primaryReadonlyMasterKey\": {\r\n        \"generationTime\": \"2023-05-03T00:40:21.4798912Z\"\r\n      },\r\n      \"secondaryReadonlyMasterKey\": {\r\n        \"generationTime\": \"2023-05-03T00:40:21.4798912Z\"\r\n      }\r\n    }\r\n  },\r\n  \"identity\": {\r\n    \"type\": \"None\"\r\n  }\r\n}",
      "StatusCode": 200
    },
    {
      "RequestUri": "/subscriptions/259fbb24-9bcd-4cfc-865c-fc33b22fe38a/resourceGroups/CosmosDBResourceGroup75/providers/Microsoft.DocumentDB/databaseAccounts/mongo-continuous-1474?api-version=2023-04-15",
      "EncodedRequestUri": "L3N1YnNjcmlwdGlvbnMvMjU5ZmJiMjQtOWJjZC00Y2ZjLTg2NWMtZmMzM2IyMmZlMzhhL3Jlc291cmNlR3JvdXBzL0Nvc21vc0RCUmVzb3VyY2VHcm91cDc1L3Byb3ZpZGVycy9NaWNyb3NvZnQuRG9jdW1lbnREQi9kYXRhYmFzZUFjY291bnRzL21vbmdvLWNvbnRpbnVvdXMtMTQ3ND9hcGktdmVyc2lvbj0yMDIzLTA0LTE1",
      "RequestMethod": "GET",
      "RequestHeaders": {
        "x-ms-client-request-id": [
          "7c750be1-d5c5-415b-a8ae-a6d0eca1da94"
        ],
        "Accept-Language": [
          "en-US"
        ],
        "User-Agent": [
          "FxVersion/4.700.22.55902",
          "OSName/Windows",
          "OSVersion/Microsoft.Windows.10.0.22621",
          "Microsoft.Azure.Management.CosmosDB.CosmosDBManagementClient/1.10.1"
        ]
      },
      "RequestBody": "",
      "ResponseHeaders": {
        "Cache-Control": [
          "no-store, no-cache"
        ],
        "Pragma": [
          "no-cache"
        ],
        "Strict-Transport-Security": [
          "max-age=31536000; includeSubDomains"
        ],
        "x-ms-gatewayversion": [
          "version=2.14.0"
        ],
        "Server": [
          "Microsoft-HTTPAPI/2.0"
        ],
        "x-ms-ratelimit-remaining-subscription-reads": [
          "11999"
        ],
        "x-ms-request-id": [
          "cabe9188-0ee8-4496-ad29-4cb0d7fa0417"
        ],
        "x-ms-correlation-request-id": [
          "cabe9188-0ee8-4496-ad29-4cb0d7fa0417"
        ],
        "x-ms-routing-request-id": [
          "WESTCENTRALUS:20230503T004101Z:cabe9188-0ee8-4496-ad29-4cb0d7fa0417"
        ],
        "X-Content-Type-Options": [
          "nosniff"
        ],
        "Date": [
          "Wed, 03 May 2023 00:41:01 GMT"
        ],
        "Content-Length": [
          "2824"
        ],
        "Content-Type": [
          "application/json"
        ]
      },
      "ResponseBody": "{\r\n  \"id\": \"/subscriptions/259fbb24-9bcd-4cfc-865c-fc33b22fe38a/resourceGroups/CosmosDBResourceGroup75/providers/Microsoft.DocumentDB/databaseAccounts/mongo-continuous-1474\",\r\n  \"name\": \"mongo-continuous-1474\",\r\n  \"location\": \"East US\",\r\n  \"type\": \"Microsoft.DocumentDB/databaseAccounts\",\r\n  \"kind\": \"MongoDB\",\r\n  \"tags\": {},\r\n  \"systemData\": {\r\n    \"createdAt\": \"2023-05-03T00:40:21.4798912Z\"\r\n  },\r\n  \"properties\": {\r\n    \"provisioningState\": \"Succeeded\",\r\n    \"documentEndpoint\": \"https://mongo-continuous-1474.documents.azure.com:443/\",\r\n    \"sqlEndpoint\": \"https://mongo-continuous-1474.documents.azure.com:443/\",\r\n    \"mongoEndpoint\": \"https://mongo-continuous-1474.mongo.cosmos.azure.com:443/\",\r\n    \"publicNetworkAccess\": \"Enabled\",\r\n    \"enableAutomaticFailover\": false,\r\n    \"enableMultipleWriteLocations\": false,\r\n    \"enablePartitionKeyMonitor\": false,\r\n    \"isVirtualNetworkFilterEnabled\": false,\r\n    \"virtualNetworkRules\": [],\r\n    \"EnabledApiTypes\": \"MongoDB\",\r\n    \"disableKeyBasedMetadataWriteAccess\": false,\r\n    \"enableFreeTier\": false,\r\n    \"enableAnalyticalStorage\": false,\r\n    \"analyticalStorageConfiguration\": {\r\n      \"schemaType\": \"FullFidelity\"\r\n    },\r\n    \"instanceId\": \"3e556f1c-b571-4ff1-bd22-5745021b87a2\",\r\n    \"createMode\": \"Default\",\r\n    \"databaseAccountOfferType\": \"Standard\",\r\n    \"defaultIdentity\": \"FirstPartyIdentity\",\r\n    \"networkAclBypass\": \"None\",\r\n    \"disableLocalAuth\": false,\r\n    \"enablePartitionMerge\": false,\r\n    \"minimalTlsVersion\": \"Tls12\",\r\n    \"consistencyPolicy\": {\r\n      \"defaultConsistencyLevel\": \"Session\",\r\n      \"maxIntervalInSeconds\": 5,\r\n      \"maxStalenessPrefix\": 100\r\n    },\r\n    \"apiProperties\": {\r\n      \"serverVersion\": \"3.6\"\r\n    },\r\n    \"configurationOverrides\": {\r\n      \"EnableBsonSchema\": \"True\"\r\n    },\r\n    \"writeLocations\": [\r\n      {\r\n        \"id\": \"mongo-continuous-1474-eastus\",\r\n        \"locationName\": \"East US\",\r\n        \"documentEndpoint\": \"https://mongo-continuous-1474-eastus.documents.azure.com:443/\",\r\n        \"provisioningState\": \"Succeeded\",\r\n        \"failoverPriority\": 0,\r\n        \"isZoneRedundant\": false\r\n      }\r\n    ],\r\n    \"readLocations\": [\r\n      {\r\n        \"id\": \"mongo-continuous-1474-eastus\",\r\n        \"locationName\": \"East US\",\r\n        \"documentEndpoint\": \"https://mongo-continuous-1474-eastus.documents.azure.com:443/\",\r\n        \"provisioningState\": \"Succeeded\",\r\n        \"failoverPriority\": 0,\r\n        \"isZoneRedundant\": false\r\n      }\r\n    ],\r\n    \"locations\": [\r\n      {\r\n        \"id\": \"mongo-continuous-1474-eastus\",\r\n        \"locationName\": \"East US\",\r\n        \"documentEndpoint\": \"https://mongo-continuous-1474-eastus.documents.azure.com:443/\",\r\n        \"provisioningState\": \"Succeeded\",\r\n        \"failoverPriority\": 0,\r\n        \"isZoneRedundant\": false\r\n      }\r\n    ],\r\n    \"failoverPolicies\": [\r\n      {\r\n        \"id\": \"mongo-continuous-1474-eastus\",\r\n        \"locationName\": \"East US\",\r\n        \"failoverPriority\": 0\r\n      }\r\n    ],\r\n    \"cors\": [],\r\n    \"capabilities\": [\r\n      {\r\n        \"name\": \"EnableMongo\"\r\n      }\r\n    ],\r\n    \"ipRules\": [],\r\n    \"backupPolicy\": {\r\n      \"type\": \"Continuous\",\r\n      \"continuousModeProperties\": {\r\n        \"tier\": \"Continuous30Days\"\r\n      }\r\n    },\r\n    \"networkAclBypassResourceIds\": [],\r\n    \"keysMetadata\": {\r\n      \"primaryMasterKey\": {\r\n        \"generationTime\": \"2023-05-03T00:40:21.4798912Z\"\r\n      },\r\n      \"secondaryMasterKey\": {\r\n        \"generationTime\": \"2023-05-03T00:40:21.4798912Z\"\r\n      },\r\n      \"primaryReadonlyMasterKey\": {\r\n        \"generationTime\": \"2023-05-03T00:40:21.4798912Z\"\r\n      },\r\n      \"secondaryReadonlyMasterKey\": {\r\n        \"generationTime\": \"2023-05-03T00:40:21.4798912Z\"\r\n      }\r\n    }\r\n  },\r\n  \"identity\": {\r\n    \"type\": \"None\"\r\n  }\r\n}",
      "StatusCode": 200
    },
    {
      "RequestUri": "/subscriptions/259fbb24-9bcd-4cfc-865c-fc33b22fe38a/resourceGroups/CosmosDBResourceGroup75/providers/Microsoft.DocumentDB/databaseAccounts/mongo-continuous-1474?api-version=2023-04-15",
      "EncodedRequestUri": "L3N1YnNjcmlwdGlvbnMvMjU5ZmJiMjQtOWJjZC00Y2ZjLTg2NWMtZmMzM2IyMmZlMzhhL3Jlc291cmNlR3JvdXBzL0Nvc21vc0RCUmVzb3VyY2VHcm91cDc1L3Byb3ZpZGVycy9NaWNyb3NvZnQuRG9jdW1lbnREQi9kYXRhYmFzZUFjY291bnRzL21vbmdvLWNvbnRpbnVvdXMtMTQ3ND9hcGktdmVyc2lvbj0yMDIzLTA0LTE1",
      "RequestMethod": "PUT",
      "RequestHeaders": {
        "x-ms-client-request-id": [
          "c68a9372-641c-47fa-9ca6-351229fac76b"
        ],
        "Accept-Language": [
          "en-US"
        ],
        "User-Agent": [
          "FxVersion/4.700.22.55902",
          "OSName/Windows",
          "OSVersion/Microsoft.Windows.10.0.22621",
          "Microsoft.Azure.Management.CosmosDB.CosmosDBManagementClient/1.10.1"
        ],
        "Content-Type": [
          "application/json; charset=utf-8"
        ],
        "Content-Length": [
          "711"
        ]
      },
      "RequestBody": "{\r\n  \"kind\": \"MongoDB\",\r\n  \"properties\": {\r\n    \"consistencyPolicy\": {\r\n      \"defaultConsistencyLevel\": \"Session\"\r\n    },\r\n    \"locations\": [\r\n      {\r\n        \"locationName\": \"East Us\",\r\n        \"failoverPriority\": 0,\r\n        \"isZoneRedundant\": false\r\n      }\r\n    ],\r\n    \"isVirtualNetworkFilterEnabled\": false,\r\n    \"enableAutomaticFailover\": false,\r\n    \"virtualNetworkRules\": [],\r\n    \"enableMultipleWriteLocations\": false,\r\n    \"disableKeyBasedMetadataWriteAccess\": false,\r\n    \"backupPolicy\": {\r\n      \"type\": \"Continuous\",\r\n      \"continuousModeProperties\": {}\r\n    },\r\n    \"networkAclBypassResourceIds\": [],\r\n    \"databaseAccountOfferType\": \"Standard\"\r\n  },\r\n  \"location\": \"East Us\",\r\n  \"tags\": {}\r\n}",
      "ResponseHeaders": {
        "Cache-Control": [
          "no-store, no-cache"
        ],
        "Pragma": [
          "no-cache"
        ],
        "Location": [
          "https://management.azure.com/subscriptions/259fbb24-9bcd-4cfc-865c-fc33b22fe38a/resourceGroups/CosmosDBResourceGroup75/providers/Microsoft.DocumentDB/databaseAccounts/mongo-continuous-1474/operationResults/79697b45-9caa-4142-bf4e-0ca84cd0c24e?api-version=2023-04-15"
        ],
        "x-ms-request-id": [
          "79697b45-9caa-4142-bf4e-0ca84cd0c24e"
        ],
        "Azure-AsyncOperation": [
          "https://management.azure.com/subscriptions/259fbb24-9bcd-4cfc-865c-fc33b22fe38a/providers/Microsoft.DocumentDB/locations/eastus/operationsStatus/79697b45-9caa-4142-bf4e-0ca84cd0c24e?api-version=2023-04-15"
        ],
        "Strict-Transport-Security": [
          "max-age=31536000; includeSubDomains"
        ],
        "x-ms-gatewayversion": [
          "version=2.14.0"
        ],
        "Server": [
          "Microsoft-HTTPAPI/2.0"
        ],
        "x-ms-ratelimit-remaining-subscription-writes": [
          "1199"
        ],
        "x-ms-correlation-request-id": [
          "5dbc4540-40fa-49a7-8a82-ca5301f45403"
        ],
        "x-ms-routing-request-id": [
          "WESTCENTRALUS:20230503T003729Z:5dbc4540-40fa-49a7-8a82-ca5301f45403"
        ],
        "X-Content-Type-Options": [
          "nosniff"
        ],
        "Date": [
          "Wed, 03 May 2023 00:37:28 GMT"
        ],
        "Content-Length": [
          "2305"
        ],
        "Content-Type": [
          "application/json"
        ]
      },
      "ResponseBody": "{\r\n  \"id\": \"/subscriptions/259fbb24-9bcd-4cfc-865c-fc33b22fe38a/resourceGroups/CosmosDBResourceGroup75/providers/Microsoft.DocumentDB/databaseAccounts/mongo-continuous-1474\",\r\n  \"name\": \"mongo-continuous-1474\",\r\n  \"location\": \"East US\",\r\n  \"type\": \"Microsoft.DocumentDB/databaseAccounts\",\r\n  \"kind\": \"MongoDB\",\r\n  \"tags\": {},\r\n  \"systemData\": {\r\n    \"createdAt\": \"2023-05-03T00:37:28.2939095Z\"\r\n  },\r\n  \"properties\": {\r\n    \"provisioningState\": \"Creating\",\r\n    \"publicNetworkAccess\": \"Enabled\",\r\n    \"enableAutomaticFailover\": false,\r\n    \"enableMultipleWriteLocations\": false,\r\n    \"enablePartitionKeyMonitor\": false,\r\n    \"isVirtualNetworkFilterEnabled\": false,\r\n    \"virtualNetworkRules\": [],\r\n    \"EnabledApiTypes\": \"MongoDB\",\r\n    \"disableKeyBasedMetadataWriteAccess\": false,\r\n    \"enableFreeTier\": false,\r\n    \"enableAnalyticalStorage\": false,\r\n    \"analyticalStorageConfiguration\": {\r\n      \"schemaType\": \"FullFidelity\"\r\n    },\r\n    \"instanceId\": \"3e556f1c-b571-4ff1-bd22-5745021b87a2\",\r\n    \"createMode\": \"Default\",\r\n    \"databaseAccountOfferType\": \"Standard\",\r\n    \"defaultIdentity\": \"\",\r\n    \"networkAclBypass\": \"None\",\r\n    \"disableLocalAuth\": false,\r\n    \"enablePartitionMerge\": false,\r\n    \"minimalTlsVersion\": \"Tls12\",\r\n    \"consistencyPolicy\": {\r\n      \"defaultConsistencyLevel\": \"Session\",\r\n      \"maxIntervalInSeconds\": 5,\r\n      \"maxStalenessPrefix\": 100\r\n    },\r\n    \"apiProperties\": {\r\n      \"serverVersion\": \"3.6\"\r\n    },\r\n    \"configurationOverrides\": {},\r\n    \"writeLocations\": [\r\n      {\r\n        \"id\": \"mongo-continuous-1474-eastus\",\r\n        \"locationName\": \"East US\",\r\n        \"provisioningState\": \"Creating\",\r\n        \"failoverPriority\": 0,\r\n        \"isZoneRedundant\": false\r\n      }\r\n    ],\r\n    \"readLocations\": [\r\n      {\r\n        \"id\": \"mongo-continuous-1474-eastus\",\r\n        \"locationName\": \"East US\",\r\n        \"provisioningState\": \"Creating\",\r\n        \"failoverPriority\": 0,\r\n        \"isZoneRedundant\": false\r\n      }\r\n    ],\r\n    \"locations\": [\r\n      {\r\n        \"id\": \"mongo-continuous-1474-eastus\",\r\n        \"locationName\": \"East US\",\r\n        \"provisioningState\": \"Creating\",\r\n        \"failoverPriority\": 0,\r\n        \"isZoneRedundant\": false\r\n      }\r\n    ],\r\n    \"failoverPolicies\": [\r\n      {\r\n        \"id\": \"mongo-continuous-1474-eastus\",\r\n        \"locationName\": \"East US\",\r\n        \"failoverPriority\": 0\r\n      }\r\n    ],\r\n    \"cors\": [],\r\n    \"capabilities\": [\r\n      {\r\n        \"name\": \"EnableMongo\"\r\n      }\r\n    ],\r\n    \"ipRules\": [],\r\n    \"backupPolicy\": {\r\n      \"type\": \"Continuous\",\r\n      \"continuousModeProperties\": {\r\n        \"tier\": \"Continuous30Days\"\r\n      }\r\n    },\r\n    \"networkAclBypassResourceIds\": [],\r\n    \"keysMetadata\": {\r\n      \"primaryMasterKey\": {\r\n        \"generationTime\": \"2023-05-03T00:37:28.2939095Z\"\r\n      },\r\n      \"secondaryMasterKey\": {\r\n        \"generationTime\": \"2023-05-03T00:37:28.2939095Z\"\r\n      },\r\n      \"primaryReadonlyMasterKey\": {\r\n        \"generationTime\": \"2023-05-03T00:37:28.2939095Z\"\r\n      },\r\n      \"secondaryReadonlyMasterKey\": {\r\n        \"generationTime\": \"2023-05-03T00:37:28.2939095Z\"\r\n      }\r\n    }\r\n  },\r\n  \"identity\": {\r\n    \"type\": \"None\"\r\n  }\r\n}",
      "StatusCode": 200
    },
    {
      "RequestUri": "/subscriptions/259fbb24-9bcd-4cfc-865c-fc33b22fe38a/providers/Microsoft.DocumentDB/locations/eastus/operationsStatus/79697b45-9caa-4142-bf4e-0ca84cd0c24e?api-version=2023-04-15",
      "EncodedRequestUri": "L3N1YnNjcmlwdGlvbnMvMjU5ZmJiMjQtOWJjZC00Y2ZjLTg2NWMtZmMzM2IyMmZlMzhhL3Byb3ZpZGVycy9NaWNyb3NvZnQuRG9jdW1lbnREQi9sb2NhdGlvbnMvZWFzdHVzL29wZXJhdGlvbnNTdGF0dXMvNzk2OTdiNDUtOWNhYS00MTQyLWJmNGUtMGNhODRjZDBjMjRlP2FwaS12ZXJzaW9uPTIwMjMtMDQtMTU=",
      "RequestMethod": "GET",
      "RequestHeaders": {
        "x-ms-client-request-id": [
          "c68a9372-641c-47fa-9ca6-351229fac76b"
        ],
        "User-Agent": [
          "FxVersion/4.700.22.55902",
          "OSName/Windows",
          "OSVersion/Microsoft.Windows.10.0.22621",
          "Microsoft.Azure.Management.CosmosDB.CosmosDBManagementClient/1.10.1"
        ]
      },
      "RequestBody": "",
      "ResponseHeaders": {
        "Cache-Control": [
          "no-store, no-cache"
        ],
        "Pragma": [
          "no-cache"
        ],
        "Strict-Transport-Security": [
          "max-age=31536000; includeSubDomains"
        ],
        "x-ms-gatewayversion": [
          "version=2.14.0"
        ],
        "Server": [
          "Microsoft-HTTPAPI/2.0"
        ],
        "x-ms-ratelimit-remaining-subscription-reads": [
          "11998"
        ],
        "x-ms-request-id": [
          "b952032b-3533-4785-b124-5ef4c7f2da4e"
        ],
        "x-ms-correlation-request-id": [
          "b952032b-3533-4785-b124-5ef4c7f2da4e"
        ],
        "x-ms-routing-request-id": [
          "WESTCENTRALUS:20230503T003800Z:b952032b-3533-4785-b124-5ef4c7f2da4e"
        ],
        "X-Content-Type-Options": [
          "nosniff"
        ],
        "Date": [
          "Wed, 03 May 2023 00:37:59 GMT"
        ],
        "Content-Length": [
          "21"
        ],
        "Content-Type": [
          "application/json"
        ]
      },
      "ResponseBody": "{\r\n  \"status\": \"Dequeued\"\r\n}",
      "StatusCode": 200
    },
    {
      "RequestUri": "/subscriptions/259fbb24-9bcd-4cfc-865c-fc33b22fe38a/providers/Microsoft.DocumentDB/locations/eastus/operationsStatus/79697b45-9caa-4142-bf4e-0ca84cd0c24e?api-version=2023-04-15",
      "EncodedRequestUri": "L3N1YnNjcmlwdGlvbnMvMjU5ZmJiMjQtOWJjZC00Y2ZjLTg2NWMtZmMzM2IyMmZlMzhhL3Byb3ZpZGVycy9NaWNyb3NvZnQuRG9jdW1lbnREQi9sb2NhdGlvbnMvZWFzdHVzL29wZXJhdGlvbnNTdGF0dXMvNzk2OTdiNDUtOWNhYS00MTQyLWJmNGUtMGNhODRjZDBjMjRlP2FwaS12ZXJzaW9uPTIwMjMtMDQtMTU=",
      "RequestMethod": "GET",
      "RequestHeaders": {
        "x-ms-client-request-id": [
          "c68a9372-641c-47fa-9ca6-351229fac76b"
        ],
        "User-Agent": [
          "FxVersion/4.700.22.55902",
          "OSName/Windows",
          "OSVersion/Microsoft.Windows.10.0.22621",
          "Microsoft.Azure.Management.CosmosDB.CosmosDBManagementClient/1.10.1"
        ]
      },
      "RequestBody": "",
      "ResponseHeaders": {
        "Cache-Control": [
          "no-store, no-cache"
        ],
        "Pragma": [
          "no-cache"
        ],
        "Strict-Transport-Security": [
          "max-age=31536000; includeSubDomains"
        ],
        "x-ms-gatewayversion": [
          "version=2.14.0"
        ],
        "Server": [
          "Microsoft-HTTPAPI/2.0"
        ],
        "x-ms-ratelimit-remaining-subscription-reads": [
          "11997"
        ],
        "x-ms-request-id": [
          "782cdd22-3297-4fc2-b19f-7c5e52a66966"
        ],
        "x-ms-correlation-request-id": [
          "782cdd22-3297-4fc2-b19f-7c5e52a66966"
        ],
        "x-ms-routing-request-id": [
          "WESTCENTRALUS:20230503T003830Z:782cdd22-3297-4fc2-b19f-7c5e52a66966"
        ],
        "X-Content-Type-Options": [
          "nosniff"
        ],
        "Date": [
          "Wed, 03 May 2023 00:38:29 GMT"
        ],
        "Content-Length": [
          "21"
        ],
        "Content-Type": [
          "application/json"
        ]
      },
      "ResponseBody": "{\r\n  \"status\": \"Dequeued\"\r\n}",
      "StatusCode": 200
    },
    {
      "RequestUri": "/subscriptions/259fbb24-9bcd-4cfc-865c-fc33b22fe38a/providers/Microsoft.DocumentDB/locations/eastus/operationsStatus/79697b45-9caa-4142-bf4e-0ca84cd0c24e?api-version=2023-04-15",
      "EncodedRequestUri": "L3N1YnNjcmlwdGlvbnMvMjU5ZmJiMjQtOWJjZC00Y2ZjLTg2NWMtZmMzM2IyMmZlMzhhL3Byb3ZpZGVycy9NaWNyb3NvZnQuRG9jdW1lbnREQi9sb2NhdGlvbnMvZWFzdHVzL29wZXJhdGlvbnNTdGF0dXMvNzk2OTdiNDUtOWNhYS00MTQyLWJmNGUtMGNhODRjZDBjMjRlP2FwaS12ZXJzaW9uPTIwMjMtMDQtMTU=",
      "RequestMethod": "GET",
      "RequestHeaders": {
        "x-ms-client-request-id": [
          "c68a9372-641c-47fa-9ca6-351229fac76b"
        ],
        "User-Agent": [
          "FxVersion/4.700.22.55902",
          "OSName/Windows",
          "OSVersion/Microsoft.Windows.10.0.22621",
          "Microsoft.Azure.Management.CosmosDB.CosmosDBManagementClient/1.10.1"
        ]
      },
      "RequestBody": "",
      "ResponseHeaders": {
        "Cache-Control": [
          "no-store, no-cache"
        ],
        "Pragma": [
          "no-cache"
        ],
        "Strict-Transport-Security": [
          "max-age=31536000; includeSubDomains"
        ],
        "x-ms-gatewayversion": [
          "version=2.14.0"
        ],
        "Server": [
          "Microsoft-HTTPAPI/2.0"
        ],
        "x-ms-ratelimit-remaining-subscription-reads": [
          "11996"
        ],
        "x-ms-request-id": [
          "b17256bd-4916-4bdf-b0ec-bb6448f5a7fd"
        ],
        "x-ms-correlation-request-id": [
          "b17256bd-4916-4bdf-b0ec-bb6448f5a7fd"
        ],
        "x-ms-routing-request-id": [
          "WESTCENTRALUS:20230503T003900Z:b17256bd-4916-4bdf-b0ec-bb6448f5a7fd"
        ],
        "X-Content-Type-Options": [
          "nosniff"
        ],
        "Date": [
          "Wed, 03 May 2023 00:38:59 GMT"
        ],
        "Content-Length": [
          "21"
        ],
        "Content-Type": [
          "application/json"
        ]
      },
      "ResponseBody": "{\r\n  \"status\": \"Dequeued\"\r\n}",
      "StatusCode": 200
    },
    {
      "RequestUri": "/subscriptions/259fbb24-9bcd-4cfc-865c-fc33b22fe38a/providers/Microsoft.DocumentDB/locations/eastus/operationsStatus/79697b45-9caa-4142-bf4e-0ca84cd0c24e?api-version=2023-04-15",
      "EncodedRequestUri": "L3N1YnNjcmlwdGlvbnMvMjU5ZmJiMjQtOWJjZC00Y2ZjLTg2NWMtZmMzM2IyMmZlMzhhL3Byb3ZpZGVycy9NaWNyb3NvZnQuRG9jdW1lbnREQi9sb2NhdGlvbnMvZWFzdHVzL29wZXJhdGlvbnNTdGF0dXMvNzk2OTdiNDUtOWNhYS00MTQyLWJmNGUtMGNhODRjZDBjMjRlP2FwaS12ZXJzaW9uPTIwMjMtMDQtMTU=",
      "RequestMethod": "GET",
      "RequestHeaders": {
        "x-ms-client-request-id": [
          "c68a9372-641c-47fa-9ca6-351229fac76b"
        ],
        "User-Agent": [
          "FxVersion/4.700.22.55902",
          "OSName/Windows",
          "OSVersion/Microsoft.Windows.10.0.22621",
          "Microsoft.Azure.Management.CosmosDB.CosmosDBManagementClient/1.10.1"
        ]
      },
      "RequestBody": "",
      "ResponseHeaders": {
        "Cache-Control": [
          "no-store, no-cache"
        ],
        "Pragma": [
          "no-cache"
        ],
        "Strict-Transport-Security": [
          "max-age=31536000; includeSubDomains"
        ],
        "x-ms-gatewayversion": [
          "version=2.14.0"
        ],
        "Server": [
          "Microsoft-HTTPAPI/2.0"
        ],
        "x-ms-ratelimit-remaining-subscription-reads": [
          "11995"
        ],
        "x-ms-request-id": [
          "927d0db4-7f0d-47a8-bc38-d599e611423d"
        ],
        "x-ms-correlation-request-id": [
          "927d0db4-7f0d-47a8-bc38-d599e611423d"
        ],
        "x-ms-routing-request-id": [
          "WESTCENTRALUS:20230503T003930Z:927d0db4-7f0d-47a8-bc38-d599e611423d"
        ],
        "X-Content-Type-Options": [
          "nosniff"
        ],
        "Date": [
          "Wed, 03 May 2023 00:39:29 GMT"
        ],
        "Content-Length": [
          "21"
        ],
        "Content-Type": [
          "application/json"
        ]
      },
      "ResponseBody": "{\r\n  \"status\": \"Dequeued\"\r\n}",
      "StatusCode": 200
    },
    {
      "RequestUri": "/subscriptions/259fbb24-9bcd-4cfc-865c-fc33b22fe38a/providers/Microsoft.DocumentDB/locations/eastus/operationsStatus/79697b45-9caa-4142-bf4e-0ca84cd0c24e?api-version=2023-04-15",
      "EncodedRequestUri": "L3N1YnNjcmlwdGlvbnMvMjU5ZmJiMjQtOWJjZC00Y2ZjLTg2NWMtZmMzM2IyMmZlMzhhL3Byb3ZpZGVycy9NaWNyb3NvZnQuRG9jdW1lbnREQi9sb2NhdGlvbnMvZWFzdHVzL29wZXJhdGlvbnNTdGF0dXMvNzk2OTdiNDUtOWNhYS00MTQyLWJmNGUtMGNhODRjZDBjMjRlP2FwaS12ZXJzaW9uPTIwMjMtMDQtMTU=",
      "RequestMethod": "GET",
      "RequestHeaders": {
        "x-ms-client-request-id": [
          "c68a9372-641c-47fa-9ca6-351229fac76b"
        ],
        "User-Agent": [
          "FxVersion/4.700.22.55902",
          "OSName/Windows",
          "OSVersion/Microsoft.Windows.10.0.22621",
          "Microsoft.Azure.Management.CosmosDB.CosmosDBManagementClient/1.10.1"
        ]
      },
      "RequestBody": "",
      "ResponseHeaders": {
        "Cache-Control": [
          "no-store, no-cache"
        ],
        "Pragma": [
          "no-cache"
        ],
        "Strict-Transport-Security": [
          "max-age=31536000; includeSubDomains"
        ],
        "x-ms-gatewayversion": [
          "version=2.14.0"
        ],
        "Server": [
          "Microsoft-HTTPAPI/2.0"
        ],
        "x-ms-ratelimit-remaining-subscription-reads": [
          "11994"
        ],
        "x-ms-request-id": [
          "d0026450-aed0-4a36-b87e-73455277ccff"
        ],
        "x-ms-correlation-request-id": [
          "d0026450-aed0-4a36-b87e-73455277ccff"
        ],
        "x-ms-routing-request-id": [
          "WESTCENTRALUS:20230503T004000Z:d0026450-aed0-4a36-b87e-73455277ccff"
        ],
        "X-Content-Type-Options": [
          "nosniff"
        ],
        "Date": [
          "Wed, 03 May 2023 00:40:00 GMT"
        ],
        "Content-Length": [
          "21"
        ],
        "Content-Type": [
          "application/json"
        ]
      },
      "ResponseBody": "{\r\n  \"status\": \"Dequeued\"\r\n}",
      "StatusCode": 200
    },
    {
      "RequestUri": "/subscriptions/259fbb24-9bcd-4cfc-865c-fc33b22fe38a/providers/Microsoft.DocumentDB/locations/eastus/operationsStatus/79697b45-9caa-4142-bf4e-0ca84cd0c24e?api-version=2023-04-15",
      "EncodedRequestUri": "L3N1YnNjcmlwdGlvbnMvMjU5ZmJiMjQtOWJjZC00Y2ZjLTg2NWMtZmMzM2IyMmZlMzhhL3Byb3ZpZGVycy9NaWNyb3NvZnQuRG9jdW1lbnREQi9sb2NhdGlvbnMvZWFzdHVzL29wZXJhdGlvbnNTdGF0dXMvNzk2OTdiNDUtOWNhYS00MTQyLWJmNGUtMGNhODRjZDBjMjRlP2FwaS12ZXJzaW9uPTIwMjMtMDQtMTU=",
      "RequestMethod": "GET",
      "RequestHeaders": {
        "x-ms-client-request-id": [
          "c68a9372-641c-47fa-9ca6-351229fac76b"
        ],
        "User-Agent": [
          "FxVersion/4.700.22.55902",
          "OSName/Windows",
          "OSVersion/Microsoft.Windows.10.0.22621",
          "Microsoft.Azure.Management.CosmosDB.CosmosDBManagementClient/1.10.1"
        ]
      },
      "RequestBody": "",
      "ResponseHeaders": {
        "Cache-Control": [
          "no-store, no-cache"
        ],
        "Pragma": [
          "no-cache"
        ],
        "Strict-Transport-Security": [
          "max-age=31536000; includeSubDomains"
        ],
        "x-ms-gatewayversion": [
          "version=2.14.0"
        ],
        "Server": [
          "Microsoft-HTTPAPI/2.0"
        ],
        "x-ms-ratelimit-remaining-subscription-reads": [
          "11993"
        ],
        "x-ms-request-id": [
          "d01d72cb-aa2b-4b54-a021-9083a4e8b7af"
        ],
        "x-ms-correlation-request-id": [
          "d01d72cb-aa2b-4b54-a021-9083a4e8b7af"
        ],
        "x-ms-routing-request-id": [
          "WESTCENTRALUS:20230503T004030Z:d01d72cb-aa2b-4b54-a021-9083a4e8b7af"
        ],
        "X-Content-Type-Options": [
          "nosniff"
        ],
        "Date": [
          "Wed, 03 May 2023 00:40:30 GMT"
        ],
        "Content-Length": [
          "21"
        ],
        "Content-Type": [
          "application/json"
        ]
      },
      "ResponseBody": "{\r\n  \"status\": \"Dequeued\"\r\n}",
      "StatusCode": 200
    },
    {
      "RequestUri": "/subscriptions/259fbb24-9bcd-4cfc-865c-fc33b22fe38a/providers/Microsoft.DocumentDB/locations/eastus/operationsStatus/79697b45-9caa-4142-bf4e-0ca84cd0c24e?api-version=2023-04-15",
      "EncodedRequestUri": "L3N1YnNjcmlwdGlvbnMvMjU5ZmJiMjQtOWJjZC00Y2ZjLTg2NWMtZmMzM2IyMmZlMzhhL3Byb3ZpZGVycy9NaWNyb3NvZnQuRG9jdW1lbnREQi9sb2NhdGlvbnMvZWFzdHVzL29wZXJhdGlvbnNTdGF0dXMvNzk2OTdiNDUtOWNhYS00MTQyLWJmNGUtMGNhODRjZDBjMjRlP2FwaS12ZXJzaW9uPTIwMjMtMDQtMTU=",
      "RequestMethod": "GET",
      "RequestHeaders": {
        "x-ms-client-request-id": [
          "c68a9372-641c-47fa-9ca6-351229fac76b"
        ],
        "User-Agent": [
          "FxVersion/4.700.22.55902",
          "OSName/Windows",
          "OSVersion/Microsoft.Windows.10.0.22621",
          "Microsoft.Azure.Management.CosmosDB.CosmosDBManagementClient/1.10.1"
        ]
      },
      "RequestBody": "",
      "ResponseHeaders": {
        "Cache-Control": [
          "no-store, no-cache"
        ],
        "Pragma": [
          "no-cache"
        ],
        "Strict-Transport-Security": [
          "max-age=31536000; includeSubDomains"
        ],
        "x-ms-gatewayversion": [
          "version=2.14.0"
        ],
        "Server": [
          "Microsoft-HTTPAPI/2.0"
        ],
        "x-ms-ratelimit-remaining-subscription-reads": [
          "11992"
        ],
        "x-ms-request-id": [
          "f9b133d9-d033-44c9-9666-27e67a01917c"
        ],
        "x-ms-correlation-request-id": [
          "f9b133d9-d033-44c9-9666-27e67a01917c"
        ],
        "x-ms-routing-request-id": [
          "WESTCENTRALUS:20230503T004100Z:f9b133d9-d033-44c9-9666-27e67a01917c"
        ],
        "X-Content-Type-Options": [
          "nosniff"
        ],
        "Date": [
          "Wed, 03 May 2023 00:41:00 GMT"
        ],
        "Content-Length": [
          "22"
        ],
        "Content-Type": [
          "application/json"
        ]
      },
      "ResponseBody": "{\r\n  \"status\": \"Succeeded\"\r\n}",
      "StatusCode": 200
    },
    {
      "RequestUri": "/subscriptions/259fbb24-9bcd-4cfc-865c-fc33b22fe38a/providers/Microsoft.DocumentDB/locations/East%20US/restorableDatabaseAccounts/3e556f1c-b571-4ff1-bd22-5745021b87a2?api-version=2023-04-15",
      "EncodedRequestUri": "L3N1YnNjcmlwdGlvbnMvMjU5ZmJiMjQtOWJjZC00Y2ZjLTg2NWMtZmMzM2IyMmZlMzhhL3Byb3ZpZGVycy9NaWNyb3NvZnQuRG9jdW1lbnREQi9sb2NhdGlvbnMvRWFzdCUyMFVTL3Jlc3RvcmFibGVEYXRhYmFzZUFjY291bnRzLzNlNTU2ZjFjLWI1NzEtNGZmMS1iZDIyLTU3NDUwMjFiODdhMj9hcGktdmVyc2lvbj0yMDIzLTA0LTE1",
      "RequestMethod": "GET",
      "RequestHeaders": {
        "x-ms-client-request-id": [
          "e0113284-4db8-46ed-a1a5-2d500457fe43"
        ],
        "Accept-Language": [
          "en-US"
        ],
        "User-Agent": [
          "FxVersion/4.700.22.55902",
          "OSName/Windows",
          "OSVersion/Microsoft.Windows.10.0.22621",
          "Microsoft.Azure.Management.CosmosDB.CosmosDBManagementClient/1.10.1"
        ]
      },
      "RequestBody": "",
      "ResponseHeaders": {
        "Cache-Control": [
          "no-store, no-cache"
        ],
        "Pragma": [
          "no-cache"
        ],
        "Strict-Transport-Security": [
          "max-age=31536000; includeSubDomains"
        ],
        "x-ms-gatewayversion": [
          "version=2.14.0"
        ],
        "Server": [
          "Microsoft-HTTPAPI/2.0"
        ],
        "x-ms-ratelimit-remaining-subscription-reads": [
          "11999"
        ],
        "x-ms-request-id": [
          "711280eb-398d-4a9a-9c48-225b28a23da5"
        ],
        "x-ms-correlation-request-id": [
          "711280eb-398d-4a9a-9c48-225b28a23da5"
        ],
        "x-ms-routing-request-id": [
          "WESTCENTRALUS:20230503T004101Z:711280eb-398d-4a9a-9c48-225b28a23da5"
        ],
        "X-Content-Type-Options": [
          "nosniff"
        ],
        "Date": [
          "Wed, 03 May 2023 00:41:01 GMT"
        ],
        "Content-Length": [
          "627"
        ],
        "Content-Type": [
          "application/json"
        ]
      },
      "ResponseBody": "{\r\n  \"name\": \"3e556f1c-b571-4ff1-bd22-5745021b87a2\",\r\n  \"location\": \"East US\",\r\n  \"type\": \"Microsoft.DocumentDB/locations/restorableDatabaseAccounts\",\r\n  \"id\": \"/subscriptions/259fbb24-9bcd-4cfc-865c-fc33b22fe38a/providers/Microsoft.DocumentDB/locations/eastus/restorableDatabaseAccounts/3e556f1c-b571-4ff1-bd22-5745021b87a2\",\r\n  \"properties\": {\r\n    \"accountName\": \"mongo-continuous-1474\",\r\n    \"apiType\": \"MongoDB\",\r\n    \"creationTime\": \"2023-05-03T00:40:22Z\",\r\n    \"oldestRestorableTime\": \"2023-05-03T00:40:22Z\",\r\n    \"restorableLocations\": [\r\n      {\r\n        \"locationName\": \"East US\",\r\n        \"regionalDatabaseAccountInstanceId\": \"d05d1670-9d2a-45a9-82bd-403250ef2668\",\r\n        \"creationTime\": \"2023-05-03T00:40:23Z\"\r\n      }\r\n    ]\r\n  }\r\n}",
      "StatusCode": 200
    },
    {
      "RequestUri": "/subscriptions/259fbb24-9bcd-4cfc-865c-fc33b22fe38a/resourceGroups/CosmosDBResourceGroup75/providers/Microsoft.DocumentDB/databaseAccounts/mongo-continuous-1474/mongodbDatabases/TestDB1?api-version=2023-04-15",
      "EncodedRequestUri": "L3N1YnNjcmlwdGlvbnMvMjU5ZmJiMjQtOWJjZC00Y2ZjLTg2NWMtZmMzM2IyMmZlMzhhL3Jlc291cmNlR3JvdXBzL0Nvc21vc0RCUmVzb3VyY2VHcm91cDc1L3Byb3ZpZGVycy9NaWNyb3NvZnQuRG9jdW1lbnREQi9kYXRhYmFzZUFjY291bnRzL21vbmdvLWNvbnRpbnVvdXMtMTQ3NC9tb25nb2RiRGF0YWJhc2VzL1Rlc3REQjE/YXBpLXZlcnNpb249MjAyMy0wNC0xNQ==",
      "RequestMethod": "GET",
      "RequestHeaders": {
        "x-ms-client-request-id": [
          "b786bda2-4537-4d85-b6c3-c781fb78d474"
        ],
        "Accept-Language": [
          "en-US"
        ],
        "User-Agent": [
          "FxVersion/4.700.22.55902",
          "OSName/Windows",
          "OSVersion/Microsoft.Windows.10.0.22621",
          "Microsoft.Azure.Management.CosmosDB.CosmosDBManagementClient/1.10.1"
        ]
      },
      "RequestBody": "",
      "ResponseHeaders": {
        "Cache-Control": [
          "no-store, no-cache"
        ],
        "Pragma": [
          "no-cache"
        ],
        "Strict-Transport-Security": [
          "max-age=31536000; includeSubDomains"
        ],
        "x-ms-gatewayversion": [
          "version=2.14.0"
        ],
        "Server": [
          "Microsoft-HTTPAPI/2.0"
        ],
        "x-ms-ratelimit-remaining-subscription-reads": [
          "11999"
        ],
        "x-ms-request-id": [
          "04c4ac9a-395d-49a9-93a9-9620fc254244"
        ],
        "x-ms-correlation-request-id": [
          "04c4ac9a-395d-49a9-93a9-9620fc254244"
        ],
        "x-ms-routing-request-id": [
          "WESTCENTRALUS:20230503T004102Z:04c4ac9a-395d-49a9-93a9-9620fc254244"
        ],
        "X-Content-Type-Options": [
          "nosniff"
        ],
        "Date": [
          "Wed, 03 May 2023 00:41:02 GMT"
        ],
        "Content-Length": [
          "160"
        ],
        "Content-Type": [
          "application/json"
        ]
      },
      "ResponseBody": "{\r\n  \"code\": \"NotFound\",\r\n  \"message\": \"the database TestDB1 doesn't exist.\\r\\nActivityId: b786bda2-4537-4d85-b6c3-c781fb78d474, Microsoft.Azure.Documents.Common/2.14.0\"\r\n}",
      "StatusCode": 404
    },
    {
      "RequestUri": "/subscriptions/259fbb24-9bcd-4cfc-865c-fc33b22fe38a/resourceGroups/CosmosDBResourceGroup75/providers/Microsoft.DocumentDB/databaseAccounts/mongo-continuous-1474/mongodbDatabases/TestDB1?api-version=2023-04-15",
      "EncodedRequestUri": "L3N1YnNjcmlwdGlvbnMvMjU5ZmJiMjQtOWJjZC00Y2ZjLTg2NWMtZmMzM2IyMmZlMzhhL3Jlc291cmNlR3JvdXBzL0Nvc21vc0RCUmVzb3VyY2VHcm91cDc1L3Byb3ZpZGVycy9NaWNyb3NvZnQuRG9jdW1lbnREQi9kYXRhYmFzZUFjY291bnRzL21vbmdvLWNvbnRpbnVvdXMtMTQ3NC9tb25nb2RiRGF0YWJhc2VzL1Rlc3REQjE/YXBpLXZlcnNpb249MjAyMy0wNC0xNQ==",
      "RequestMethod": "GET",
      "RequestHeaders": {
        "x-ms-client-request-id": [
          "b786bda2-4537-4d85-b6c3-c781fb78d474"
        ],
        "User-Agent": [
          "FxVersion/4.700.22.55902",
          "OSName/Windows",
          "OSVersion/Microsoft.Windows.10.0.22621",
          "Microsoft.Azure.Management.CosmosDB.CosmosDBManagementClient/1.10.1"
        ]
      },
      "RequestBody": "",
      "ResponseHeaders": {
        "Cache-Control": [
          "no-store, no-cache"
        ],
        "Pragma": [
          "no-cache"
        ],
        "Strict-Transport-Security": [
          "max-age=31536000; includeSubDomains"
        ],
        "x-ms-gatewayversion": [
          "version=2.14.0"
        ],
        "Server": [
          "Microsoft-HTTPAPI/2.0"
        ],
        "x-ms-ratelimit-remaining-subscription-reads": [
          "11997"
        ],
        "x-ms-request-id": [
          "ccc47894-4954-4992-b152-1aecdd4ecc7a"
        ],
        "x-ms-correlation-request-id": [
          "ccc47894-4954-4992-b152-1aecdd4ecc7a"
        ],
        "x-ms-routing-request-id": [
          "WESTCENTRALUS:20230503T004134Z:ccc47894-4954-4992-b152-1aecdd4ecc7a"
        ],
        "X-Content-Type-Options": [
          "nosniff"
        ],
        "Date": [
          "Wed, 03 May 2023 00:41:33 GMT"
        ],
        "Content-Length": [
          "318"
        ],
        "Content-Type": [
          "application/json"
        ]
      },
      "ResponseBody": "{\r\n  \"id\": \"/subscriptions/259fbb24-9bcd-4cfc-865c-fc33b22fe38a/resourceGroups/CosmosDBResourceGroup75/providers/Microsoft.DocumentDB/databaseAccounts/mongo-continuous-1474/mongodbDatabases/TestDB1\",\r\n  \"type\": \"Microsoft.DocumentDB/databaseAccounts/mongodbDatabases\",\r\n  \"name\": \"TestDB1\",\r\n  \"properties\": {\r\n    \"resource\": {\r\n      \"id\": \"TestDB1\"\r\n    }\r\n  }\r\n}",
      "StatusCode": 200
    },
    {
      "RequestUri": "/subscriptions/259fbb24-9bcd-4cfc-865c-fc33b22fe38a/resourceGroups/CosmosDBResourceGroup75/providers/Microsoft.DocumentDB/databaseAccounts/mongo-continuous-1474/mongodbDatabases/TestDB1?api-version=2023-04-15",
      "EncodedRequestUri": "L3N1YnNjcmlwdGlvbnMvMjU5ZmJiMjQtOWJjZC00Y2ZjLTg2NWMtZmMzM2IyMmZlMzhhL3Jlc291cmNlR3JvdXBzL0Nvc21vc0RCUmVzb3VyY2VHcm91cDc1L3Byb3ZpZGVycy9NaWNyb3NvZnQuRG9jdW1lbnREQi9kYXRhYmFzZUFjY291bnRzL21vbmdvLWNvbnRpbnVvdXMtMTQ3NC9tb25nb2RiRGF0YWJhc2VzL1Rlc3REQjE/YXBpLXZlcnNpb249MjAyMy0wNC0xNQ==",
      "RequestMethod": "PUT",
      "RequestHeaders": {
        "x-ms-client-request-id": [
          "b786bda2-4537-4d85-b6c3-c781fb78d474"
        ],
        "Accept-Language": [
          "en-US"
        ],
        "User-Agent": [
          "FxVersion/4.700.22.55902",
          "OSName/Windows",
          "OSVersion/Microsoft.Windows.10.0.22621",
          "Microsoft.Azure.Management.CosmosDB.CosmosDBManagementClient/1.10.1"
        ],
        "Content-Type": [
          "application/json; charset=utf-8"
        ],
        "Content-Length": [
          "129"
        ]
      },
      "RequestBody": "{\r\n  \"properties\": {\r\n    \"resource\": {\r\n      \"id\": \"TestDB1\"\r\n    },\r\n    \"options\": {\r\n      \"throughput\": 1200\r\n    }\r\n  }\r\n}",
      "ResponseHeaders": {
        "Cache-Control": [
          "no-store, no-cache"
        ],
        "Pragma": [
          "no-cache"
        ],
        "Location": [
          "https://management.azure.com/subscriptions/259fbb24-9bcd-4cfc-865c-fc33b22fe38a/resourceGroups/CosmosDBResourceGroup75/providers/Microsoft.DocumentDB/databaseAccounts/mongo-continuous-1474/mongodbDatabases/TestDB1/operationResults/7067d610-24e6-4549-9866-5af19f7ec186?api-version=2023-04-15"
        ],
        "Azure-AsyncOperation": [
          "https://management.azure.com/subscriptions/259fbb24-9bcd-4cfc-865c-fc33b22fe38a/providers/Microsoft.DocumentDB/locations/eastus/operationsStatus/7067d610-24e6-4549-9866-5af19f7ec186?api-version=2023-04-15"
        ],
        "x-ms-request-id": [
          "7067d610-24e6-4549-9866-5af19f7ec186"
        ],
        "Strict-Transport-Security": [
          "max-age=31536000; includeSubDomains"
        ],
        "x-ms-gatewayversion": [
          "version=2.14.0"
        ],
        "Server": [
          "Microsoft-HTTPAPI/2.0"
        ],
        "x-ms-ratelimit-remaining-subscription-writes": [
          "1199"
        ],
        "x-ms-correlation-request-id": [
          "0e3fce77-1abf-434f-a542-e2ce73777c4a"
        ],
        "x-ms-routing-request-id": [
          "WESTCENTRALUS:20230503T004103Z:0e3fce77-1abf-434f-a542-e2ce73777c4a"
        ],
        "X-Content-Type-Options": [
          "nosniff"
        ],
        "Date": [
          "Wed, 03 May 2023 00:41:03 GMT"
        ],
        "Content-Length": [
          "21"
        ],
        "Content-Type": [
          "application/json"
        ]
      },
      "ResponseBody": "{\r\n  \"status\": \"Enqueued\"\r\n}",
      "StatusCode": 202
    },
    {
      "RequestUri": "/subscriptions/259fbb24-9bcd-4cfc-865c-fc33b22fe38a/providers/Microsoft.DocumentDB/locations/eastus/operationsStatus/7067d610-24e6-4549-9866-5af19f7ec186?api-version=2023-04-15",
      "EncodedRequestUri": "L3N1YnNjcmlwdGlvbnMvMjU5ZmJiMjQtOWJjZC00Y2ZjLTg2NWMtZmMzM2IyMmZlMzhhL3Byb3ZpZGVycy9NaWNyb3NvZnQuRG9jdW1lbnREQi9sb2NhdGlvbnMvZWFzdHVzL29wZXJhdGlvbnNTdGF0dXMvNzA2N2Q2MTAtMjRlNi00NTQ5LTk4NjYtNWFmMTlmN2VjMTg2P2FwaS12ZXJzaW9uPTIwMjMtMDQtMTU=",
      "RequestMethod": "GET",
      "RequestHeaders": {
        "x-ms-client-request-id": [
          "b786bda2-4537-4d85-b6c3-c781fb78d474"
        ],
        "User-Agent": [
          "FxVersion/4.700.22.55902",
          "OSName/Windows",
          "OSVersion/Microsoft.Windows.10.0.22621",
          "Microsoft.Azure.Management.CosmosDB.CosmosDBManagementClient/1.10.1"
        ]
      },
      "RequestBody": "",
      "ResponseHeaders": {
        "Cache-Control": [
          "no-store, no-cache"
        ],
        "Pragma": [
          "no-cache"
        ],
        "Strict-Transport-Security": [
          "max-age=31536000; includeSubDomains"
        ],
        "x-ms-gatewayversion": [
          "version=2.14.0"
        ],
        "Server": [
          "Microsoft-HTTPAPI/2.0"
        ],
        "x-ms-ratelimit-remaining-subscription-reads": [
          "11998"
        ],
        "x-ms-request-id": [
          "11a708f2-6780-495b-9ff8-ee9c8d83199c"
        ],
        "x-ms-correlation-request-id": [
          "11a708f2-6780-495b-9ff8-ee9c8d83199c"
        ],
        "x-ms-routing-request-id": [
          "WESTCENTRALUS:20230503T004134Z:11a708f2-6780-495b-9ff8-ee9c8d83199c"
        ],
        "X-Content-Type-Options": [
          "nosniff"
        ],
        "Date": [
          "Wed, 03 May 2023 00:41:33 GMT"
        ],
        "Content-Length": [
          "22"
        ],
        "Content-Type": [
          "application/json"
        ]
      },
      "ResponseBody": "{\r\n  \"status\": \"Succeeded\"\r\n}",
      "StatusCode": 200
    },
    {
      "RequestUri": "/subscriptions/259fbb24-9bcd-4cfc-865c-fc33b22fe38a/resourceGroups/CosmosDBResourceGroup75/providers/Microsoft.DocumentDB/databaseAccounts/mongo-continuous-1474/mongodbDatabases/TestDB1/collections/TestCollection1?api-version=2023-04-15",
      "EncodedRequestUri": "L3N1YnNjcmlwdGlvbnMvMjU5ZmJiMjQtOWJjZC00Y2ZjLTg2NWMtZmMzM2IyMmZlMzhhL3Jlc291cmNlR3JvdXBzL0Nvc21vc0RCUmVzb3VyY2VHcm91cDc1L3Byb3ZpZGVycy9NaWNyb3NvZnQuRG9jdW1lbnREQi9kYXRhYmFzZUFjY291bnRzL21vbmdvLWNvbnRpbnVvdXMtMTQ3NC9tb25nb2RiRGF0YWJhc2VzL1Rlc3REQjEvY29sbGVjdGlvbnMvVGVzdENvbGxlY3Rpb24xP2FwaS12ZXJzaW9uPTIwMjMtMDQtMTU=",
      "RequestMethod": "GET",
      "RequestHeaders": {
        "x-ms-client-request-id": [
          "0038a177-543a-4557-a7b6-315d11954e2e"
        ],
        "Accept-Language": [
          "en-US"
        ],
        "User-Agent": [
          "FxVersion/4.700.22.55902",
          "OSName/Windows",
          "OSVersion/Microsoft.Windows.10.0.22621",
          "Microsoft.Azure.Management.CosmosDB.CosmosDBManagementClient/1.10.1"
        ]
      },
      "RequestBody": "",
      "ResponseHeaders": {
        "Cache-Control": [
          "no-store, no-cache"
        ],
        "Pragma": [
          "no-cache"
        ],
        "Strict-Transport-Security": [
          "max-age=31536000; includeSubDomains"
        ],
        "x-ms-gatewayversion": [
          "version=2.14.0"
        ],
        "Server": [
          "Microsoft-HTTPAPI/2.0"
        ],
        "x-ms-ratelimit-remaining-subscription-reads": [
          "11998"
        ],
        "x-ms-request-id": [
          "e304a6ed-bdb8-406d-a180-ae6e9c535776"
        ],
        "x-ms-correlation-request-id": [
          "e304a6ed-bdb8-406d-a180-ae6e9c535776"
        ],
        "x-ms-routing-request-id": [
          "WESTCENTRALUS:20230503T004135Z:e304a6ed-bdb8-406d-a180-ae6e9c535776"
        ],
        "X-Content-Type-Options": [
          "nosniff"
        ],
        "Date": [
          "Wed, 03 May 2023 00:41:35 GMT"
        ],
        "Content-Length": [
          "182"
        ],
        "Content-Type": [
          "application/json"
        ]
      },
      "ResponseBody": "{\r\n  \"code\": \"NotFound\",\r\n  \"message\": \"The collection 'TestDB1'.'TestCollection1' doesn't exist.\\r\\nActivityId: 0038a177-543a-4557-a7b6-315d11954e2e, Microsoft.Azure.Documents.Common/2.14.0\"\r\n}",
      "StatusCode": 404
    },
    {
      "RequestUri": "/subscriptions/259fbb24-9bcd-4cfc-865c-fc33b22fe38a/resourceGroups/CosmosDBResourceGroup75/providers/Microsoft.DocumentDB/databaseAccounts/mongo-continuous-1474/mongodbDatabases/TestDB1/collections/TestCollection1?api-version=2023-04-15",
      "EncodedRequestUri": "L3N1YnNjcmlwdGlvbnMvMjU5ZmJiMjQtOWJjZC00Y2ZjLTg2NWMtZmMzM2IyMmZlMzhhL3Jlc291cmNlR3JvdXBzL0Nvc21vc0RCUmVzb3VyY2VHcm91cDc1L3Byb3ZpZGVycy9NaWNyb3NvZnQuRG9jdW1lbnREQi9kYXRhYmFzZUFjY291bnRzL21vbmdvLWNvbnRpbnVvdXMtMTQ3NC9tb25nb2RiRGF0YWJhc2VzL1Rlc3REQjEvY29sbGVjdGlvbnMvVGVzdENvbGxlY3Rpb24xP2FwaS12ZXJzaW9uPTIwMjMtMDQtMTU=",
      "RequestMethod": "GET",
      "RequestHeaders": {
        "x-ms-client-request-id": [
          "0038a177-543a-4557-a7b6-315d11954e2e"
        ],
        "User-Agent": [
          "FxVersion/4.700.22.55902",
          "OSName/Windows",
          "OSVersion/Microsoft.Windows.10.0.22621",
          "Microsoft.Azure.Management.CosmosDB.CosmosDBManagementClient/1.10.1"
        ]
      },
      "RequestBody": "",
      "ResponseHeaders": {
        "Cache-Control": [
          "no-store, no-cache"
        ],
        "Pragma": [
          "no-cache"
        ],
        "Strict-Transport-Security": [
          "max-age=31536000; includeSubDomains"
        ],
        "x-ms-gatewayversion": [
          "version=2.14.0"
        ],
        "Server": [
          "Microsoft-HTTPAPI/2.0"
        ],
        "x-ms-ratelimit-remaining-subscription-reads": [
          "11996"
        ],
        "x-ms-request-id": [
          "57b100d7-6609-4d96-8814-381b9703d9d4"
        ],
        "x-ms-correlation-request-id": [
          "57b100d7-6609-4d96-8814-381b9703d9d4"
        ],
        "x-ms-routing-request-id": [
          "WESTCENTRALUS:20230503T004207Z:57b100d7-6609-4d96-8814-381b9703d9d4"
        ],
        "X-Content-Type-Options": [
          "nosniff"
        ],
        "Date": [
          "Wed, 03 May 2023 00:42:06 GMT"
        ],
        "Content-Length": [
          "446"
        ],
        "Content-Type": [
          "application/json"
        ]
      },
      "ResponseBody": "{\r\n  \"id\": \"/subscriptions/259fbb24-9bcd-4cfc-865c-fc33b22fe38a/resourceGroups/CosmosDBResourceGroup75/providers/Microsoft.DocumentDB/databaseAccounts/mongo-continuous-1474/mongodbDatabases/TestDB1/collections/TestCollection1\",\r\n  \"type\": \"Microsoft.DocumentDB/databaseAccounts/mongodbDatabases/collections\",\r\n  \"name\": \"TestCollection1\",\r\n  \"properties\": {\r\n    \"resource\": {\r\n      \"id\": \"TestCollection1\",\r\n      \"shardKey\": {\r\n        \"shardKeyPath\": \"Hash\"\r\n      },\r\n      \"indexes\": [\r\n        {\r\n          \"key\": {\r\n            \"keys\": [\r\n              \"_id\"\r\n            ]\r\n          }\r\n        }\r\n      ]\r\n    }\r\n  }\r\n}",
      "StatusCode": 200
    },
    {
      "RequestUri": "/subscriptions/259fbb24-9bcd-4cfc-865c-fc33b22fe38a/resourceGroups/CosmosDBResourceGroup75/providers/Microsoft.DocumentDB/databaseAccounts/mongo-continuous-1474/mongodbDatabases/TestDB1/collections/TestCollection1?api-version=2023-04-15",
      "EncodedRequestUri": "L3N1YnNjcmlwdGlvbnMvMjU5ZmJiMjQtOWJjZC00Y2ZjLTg2NWMtZmMzM2IyMmZlMzhhL3Jlc291cmNlR3JvdXBzL0Nvc21vc0RCUmVzb3VyY2VHcm91cDc1L3Byb3ZpZGVycy9NaWNyb3NvZnQuRG9jdW1lbnREQi9kYXRhYmFzZUFjY291bnRzL21vbmdvLWNvbnRpbnVvdXMtMTQ3NC9tb25nb2RiRGF0YWJhc2VzL1Rlc3REQjEvY29sbGVjdGlvbnMvVGVzdENvbGxlY3Rpb24xP2FwaS12ZXJzaW9uPTIwMjMtMDQtMTU=",
      "RequestMethod": "PUT",
      "RequestHeaders": {
        "x-ms-client-request-id": [
          "0038a177-543a-4557-a7b6-315d11954e2e"
        ],
        "Accept-Language": [
          "en-US"
        ],
        "User-Agent": [
          "FxVersion/4.700.22.55902",
          "OSName/Windows",
          "OSVersion/Microsoft.Windows.10.0.22621",
          "Microsoft.Azure.Management.CosmosDB.CosmosDBManagementClient/1.10.1"
        ],
        "Content-Type": [
          "application/json; charset=utf-8"
        ],
        "Content-Length": [
          "199"
        ]
      },
      "RequestBody": "{\r\n  \"properties\": {\r\n    \"resource\": {\r\n      \"id\": \"TestCollection1\",\r\n      \"shardKey\": {\r\n        \"shardKeyPath\": \"Hash\"\r\n      }\r\n    },\r\n    \"options\": {\r\n      \"throughput\": 800\r\n    }\r\n  }\r\n}",
      "ResponseHeaders": {
        "Cache-Control": [
          "no-store, no-cache"
        ],
        "Pragma": [
          "no-cache"
        ],
        "Location": [
          "https://management.azure.com/subscriptions/259fbb24-9bcd-4cfc-865c-fc33b22fe38a/resourceGroups/CosmosDBResourceGroup75/providers/Microsoft.DocumentDB/databaseAccounts/mongo-continuous-1474/mongodbDatabases/TestDB1/collections/TestCollection1/operationResults/47aacf8e-21e0-41a3-95cd-c0149e78ed9a?api-version=2023-04-15"
        ],
        "Azure-AsyncOperation": [
          "https://management.azure.com/subscriptions/259fbb24-9bcd-4cfc-865c-fc33b22fe38a/providers/Microsoft.DocumentDB/locations/eastus/operationsStatus/47aacf8e-21e0-41a3-95cd-c0149e78ed9a?api-version=2023-04-15"
        ],
        "x-ms-request-id": [
          "47aacf8e-21e0-41a3-95cd-c0149e78ed9a"
        ],
        "Strict-Transport-Security": [
          "max-age=31536000; includeSubDomains"
        ],
        "x-ms-gatewayversion": [
          "version=2.14.0"
        ],
        "Server": [
          "Microsoft-HTTPAPI/2.0"
        ],
        "x-ms-ratelimit-remaining-subscription-writes": [
          "1199"
        ],
        "x-ms-correlation-request-id": [
          "913cdf72-42cb-4df5-b8d8-ff7030b5da58"
        ],
        "x-ms-routing-request-id": [
          "WESTCENTRALUS:20230503T004136Z:913cdf72-42cb-4df5-b8d8-ff7030b5da58"
        ],
        "X-Content-Type-Options": [
          "nosniff"
        ],
        "Date": [
          "Wed, 03 May 2023 00:41:35 GMT"
        ],
        "Content-Length": [
          "21"
        ],
        "Content-Type": [
          "application/json"
        ]
      },
      "ResponseBody": "{\r\n  \"status\": \"Enqueued\"\r\n}",
      "StatusCode": 202
    },
    {
      "RequestUri": "/subscriptions/259fbb24-9bcd-4cfc-865c-fc33b22fe38a/providers/Microsoft.DocumentDB/locations/eastus/operationsStatus/47aacf8e-21e0-41a3-95cd-c0149e78ed9a?api-version=2023-04-15",
      "EncodedRequestUri": "L3N1YnNjcmlwdGlvbnMvMjU5ZmJiMjQtOWJjZC00Y2ZjLTg2NWMtZmMzM2IyMmZlMzhhL3Byb3ZpZGVycy9NaWNyb3NvZnQuRG9jdW1lbnREQi9sb2NhdGlvbnMvZWFzdHVzL29wZXJhdGlvbnNTdGF0dXMvNDdhYWNmOGUtMjFlMC00MWEzLTk1Y2QtYzAxNDllNzhlZDlhP2FwaS12ZXJzaW9uPTIwMjMtMDQtMTU=",
      "RequestMethod": "GET",
      "RequestHeaders": {
        "x-ms-client-request-id": [
          "0038a177-543a-4557-a7b6-315d11954e2e"
        ],
        "User-Agent": [
          "FxVersion/4.700.22.55902",
          "OSName/Windows",
          "OSVersion/Microsoft.Windows.10.0.22621",
          "Microsoft.Azure.Management.CosmosDB.CosmosDBManagementClient/1.10.1"
        ]
      },
      "RequestBody": "",
      "ResponseHeaders": {
        "Cache-Control": [
          "no-store, no-cache"
        ],
        "Pragma": [
          "no-cache"
        ],
        "Strict-Transport-Security": [
          "max-age=31536000; includeSubDomains"
        ],
        "x-ms-gatewayversion": [
          "version=2.14.0"
        ],
        "Server": [
          "Microsoft-HTTPAPI/2.0"
        ],
        "x-ms-ratelimit-remaining-subscription-reads": [
          "11997"
        ],
        "x-ms-request-id": [
          "222747ae-04c6-4026-9a4b-e86181ad54bd"
        ],
        "x-ms-correlation-request-id": [
          "222747ae-04c6-4026-9a4b-e86181ad54bd"
        ],
        "x-ms-routing-request-id": [
          "WESTCENTRALUS:20230503T004206Z:222747ae-04c6-4026-9a4b-e86181ad54bd"
        ],
        "X-Content-Type-Options": [
          "nosniff"
        ],
        "Date": [
          "Wed, 03 May 2023 00:42:05 GMT"
        ],
        "Content-Length": [
          "22"
        ],
        "Content-Type": [
          "application/json"
        ]
      },
      "ResponseBody": "{\r\n  \"status\": \"Succeeded\"\r\n}",
      "StatusCode": 200
    },
    {
      "RequestUri": "/subscriptions/259fbb24-9bcd-4cfc-865c-fc33b22fe38a/providers/Microsoft.DocumentDB/locations/East%20US/restorableDatabaseAccounts/3e556f1c-b571-4ff1-bd22-5745021b87a2/restorableMongodbDatabases?api-version=2023-04-15",
      "EncodedRequestUri": "L3N1YnNjcmlwdGlvbnMvMjU5ZmJiMjQtOWJjZC00Y2ZjLTg2NWMtZmMzM2IyMmZlMzhhL3Byb3ZpZGVycy9NaWNyb3NvZnQuRG9jdW1lbnREQi9sb2NhdGlvbnMvRWFzdCUyMFVTL3Jlc3RvcmFibGVEYXRhYmFzZUFjY291bnRzLzNlNTU2ZjFjLWI1NzEtNGZmMS1iZDIyLTU3NDUwMjFiODdhMi9yZXN0b3JhYmxlTW9uZ29kYkRhdGFiYXNlcz9hcGktdmVyc2lvbj0yMDIzLTA0LTE1",
      "RequestMethod": "GET",
      "RequestHeaders": {
        "x-ms-client-request-id": [
          "97482a3c-94e3-4f36-abf6-d4d165e3a756"
        ],
        "Accept-Language": [
          "en-US"
        ],
        "User-Agent": [
          "FxVersion/4.700.22.55902",
          "OSName/Windows",
          "OSVersion/Microsoft.Windows.10.0.22621",
          "Microsoft.Azure.Management.CosmosDB.CosmosDBManagementClient/1.10.1"
        ]
      },
      "RequestBody": "",
      "ResponseHeaders": {
        "Cache-Control": [
          "no-store, no-cache"
        ],
        "Pragma": [
          "no-cache"
        ],
        "Strict-Transport-Security": [
          "max-age=31536000; includeSubDomains"
        ],
        "x-ms-gatewayversion": [
          "version=2.14.0"
        ],
        "Server": [
          "Microsoft-HTTPAPI/2.0"
        ],
        "x-ms-ratelimit-remaining-subscription-reads": [
          "11999"
        ],
        "x-ms-request-id": [
          "26bf9276-9881-4466-89aa-af5f20c62d8d"
        ],
        "x-ms-correlation-request-id": [
          "26bf9276-9881-4466-89aa-af5f20c62d8d"
        ],
        "x-ms-routing-request-id": [
          "WESTUS:20230503T004207Z:26bf9276-9881-4466-89aa-af5f20c62d8d"
        ],
        "X-Content-Type-Options": [
          "nosniff"
        ],
        "Date": [
          "Wed, 03 May 2023 00:42:07 GMT"
        ],
        "Content-Length": [
          "579"
        ],
        "Content-Type": [
          "application/json"
        ]
      },
      "ResponseBody": "{\r\n  \"value\": [\r\n    {\r\n      \"id\": \"/subscriptions/259fbb24-9bcd-4cfc-865c-fc33b22fe38a/providers/Microsoft.DocumentDB/locations/East%20US/restorableDatabaseAccounts/3e556f1c-b571-4ff1-bd22-5745021b87a2/restorableMongodbDatabases/8b628c64-ca69-448d-acd4-528fc505ddb6\",\r\n      \"type\": \"Microsoft.DocumentDB/locations/restorableDatabaseAccounts/restorableMongodbDatabases\",\r\n      \"name\": \"8b628c64-ca69-448d-acd4-528fc505ddb6\",\r\n      \"properties\": {\r\n        \"resource\": {\r\n          \"_rid\": \"YFiHXAAAAA==\",\r\n          \"eventTimestamp\": \"2023-05-03T00:41:09Z\",\r\n          \"ownerId\": \"TestDB1\",\r\n          \"ownerResourceId\": \"iQVpAA==\",\r\n          \"operationType\": \"Create\",\r\n          \"CanUndelete\": \"invalid\"\r\n        }\r\n      }\r\n    }\r\n  ]\r\n}",
      "StatusCode": 200
    },
    {
      "RequestUri": "/subscriptions/259fbb24-9bcd-4cfc-865c-fc33b22fe38a/providers/Microsoft.DocumentDB/locations/East%20US/restorableDatabaseAccounts/3e556f1c-b571-4ff1-bd22-5745021b87a2/restorableMongodbCollections?api-version=2023-04-15&restorableMongodbDatabaseRid=iQVpAA%3D%3D",
      "EncodedRequestUri": "L3N1YnNjcmlwdGlvbnMvMjU5ZmJiMjQtOWJjZC00Y2ZjLTg2NWMtZmMzM2IyMmZlMzhhL3Byb3ZpZGVycy9NaWNyb3NvZnQuRG9jdW1lbnREQi9sb2NhdGlvbnMvRWFzdCUyMFVTL3Jlc3RvcmFibGVEYXRhYmFzZUFjY291bnRzLzNlNTU2ZjFjLWI1NzEtNGZmMS1iZDIyLTU3NDUwMjFiODdhMi9yZXN0b3JhYmxlTW9uZ29kYkNvbGxlY3Rpb25zP2FwaS12ZXJzaW9uPTIwMjMtMDQtMTUmcmVzdG9yYWJsZU1vbmdvZGJEYXRhYmFzZVJpZD1pUVZwQUElM0QlM0Q=",
      "RequestMethod": "GET",
      "RequestHeaders": {
        "x-ms-client-request-id": [
          "18fa7df9-8777-473e-82be-2bcaaad67be8"
        ],
        "Accept-Language": [
          "en-US"
        ],
        "User-Agent": [
          "FxVersion/4.700.22.55902",
          "OSName/Windows",
          "OSVersion/Microsoft.Windows.10.0.22621",
          "Microsoft.Azure.Management.CosmosDB.CosmosDBManagementClient/1.10.1"
        ]
      },
      "RequestBody": "",
      "ResponseHeaders": {
        "Cache-Control": [
          "no-store, no-cache"
        ],
        "Pragma": [
          "no-cache"
        ],
        "Strict-Transport-Security": [
          "max-age=31536000; includeSubDomains"
        ],
        "x-ms-gatewayversion": [
          "version=2.14.0"
        ],
        "Server": [
          "Microsoft-HTTPAPI/2.0"
        ],
        "x-ms-ratelimit-remaining-subscription-reads": [
          "11999"
        ],
        "x-ms-request-id": [
          "875d08cc-0b0e-46c5-8087-1ebebff37e5e"
        ],
        "x-ms-correlation-request-id": [
          "875d08cc-0b0e-46c5-8087-1ebebff37e5e"
        ],
        "x-ms-routing-request-id": [
          "WESTUS:20230503T004208Z:875d08cc-0b0e-46c5-8087-1ebebff37e5e"
        ],
        "X-Content-Type-Options": [
          "nosniff"
        ],
        "Date": [
          "Wed, 03 May 2023 00:42:07 GMT"
        ],
        "Content-Length": [
          "595"
        ],
        "Content-Type": [
          "application/json"
        ]
      },
      "ResponseBody": "{\r\n  \"value\": [\r\n    {\r\n      \"id\": \"/subscriptions/259fbb24-9bcd-4cfc-865c-fc33b22fe38a/providers/Microsoft.DocumentDB/locations/East%20US/restorableDatabaseAccounts/3e556f1c-b571-4ff1-bd22-5745021b87a2/restorableMongodbCollections/ef65fe9c-cbb4-47b6-9b41-04830808ed2e\",\r\n      \"type\": \"Microsoft.DocumentDB/locations/restorableDatabaseAccounts/restorableMongodbCollections\",\r\n      \"name\": \"ef65fe9c-cbb4-47b6-9b41-04830808ed2e\",\r\n      \"properties\": {\r\n        \"resource\": {\r\n          \"_rid\": \"dEFdLwAAAA==\",\r\n          \"eventTimestamp\": \"2023-05-03T00:41:42Z\",\r\n          \"ownerId\": \"TestCollection1\",\r\n          \"ownerResourceId\": \"iQVpAJK9y2I=\",\r\n          \"operationType\": \"Create\",\r\n          \"CanUndelete\": \"invalid\"\r\n        }\r\n      }\r\n    }\r\n  ]\r\n}",
      "StatusCode": 200
    },
    {
      "RequestUri": "/subscriptions/259fbb24-9bcd-4cfc-865c-fc33b22fe38a/resourceGroups/CosmosDBResourceGroup75/providers/Microsoft.DocumentDB/databaseAccounts/mongo-continuous-1474-res?api-version=2023-04-15",
      "EncodedRequestUri": "L3N1YnNjcmlwdGlvbnMvMjU5ZmJiMjQtOWJjZC00Y2ZjLTg2NWMtZmMzM2IyMmZlMzhhL3Jlc291cmNlR3JvdXBzL0Nvc21vc0RCUmVzb3VyY2VHcm91cDc1L3Byb3ZpZGVycy9NaWNyb3NvZnQuRG9jdW1lbnREQi9kYXRhYmFzZUFjY291bnRzL21vbmdvLWNvbnRpbnVvdXMtMTQ3NC1yZXM/YXBpLXZlcnNpb249MjAyMy0wNC0xNQ==",
      "RequestMethod": "GET",
      "RequestHeaders": {
        "x-ms-client-request-id": [
          "e27ca104-71da-489f-a5c3-8621d73c9574"
        ],
        "Accept-Language": [
          "en-US"
        ],
        "User-Agent": [
          "FxVersion/4.700.22.55902",
          "OSName/Windows",
          "OSVersion/Microsoft.Windows.10.0.22621",
          "Microsoft.Azure.Management.CosmosDB.CosmosDBManagementClient/1.10.1"
        ]
      },
      "RequestBody": "",
      "ResponseHeaders": {
        "Cache-Control": [
          "no-cache"
        ],
        "Pragma": [
          "no-cache"
        ],
        "x-ms-failure-cause": [
          "gateway"
        ],
        "x-ms-request-id": [
          "9dbf9f1f-85ae-441e-a3d8-22e022496cc1"
        ],
        "x-ms-correlation-request-id": [
          "9dbf9f1f-85ae-441e-a3d8-22e022496cc1"
        ],
        "x-ms-routing-request-id": [
          "WESTUS:20230503T004208Z:9dbf9f1f-85ae-441e-a3d8-22e022496cc1"
        ],
        "Strict-Transport-Security": [
          "max-age=31536000; includeSubDomains"
        ],
        "X-Content-Type-Options": [
          "nosniff"
        ],
        "Date": [
          "Wed, 03 May 2023 00:42:08 GMT"
        ],
        "Content-Type": [
          "application/json; charset=utf-8"
        ],
        "Expires": [
          "-1"
        ],
        "Content-Length": [
          "258"
        ]
      },
      "ResponseBody": "{\r\n  \"error\": {\r\n    \"code\": \"ResourceNotFound\",\r\n    \"message\": \"The Resource 'Microsoft.DocumentDB/databaseAccounts/mongo-continuous-1474-res' under resource group 'CosmosDBResourceGroup75' was not found. For more details please go to https://aka.ms/ARMResourceNotFoundFix\"\r\n  }\r\n}",
      "StatusCode": 404
    },
    {
      "RequestUri": "/subscriptions/259fbb24-9bcd-4cfc-865c-fc33b22fe38a/resourceGroups/CosmosDBResourceGroup75/providers/Microsoft.DocumentDB/databaseAccounts/mongo-continuous-1474-res?api-version=2023-04-15",
      "EncodedRequestUri": "L3N1YnNjcmlwdGlvbnMvMjU5ZmJiMjQtOWJjZC00Y2ZjLTg2NWMtZmMzM2IyMmZlMzhhL3Jlc291cmNlR3JvdXBzL0Nvc21vc0RCUmVzb3VyY2VHcm91cDc1L3Byb3ZpZGVycy9NaWNyb3NvZnQuRG9jdW1lbnREQi9kYXRhYmFzZUFjY291bnRzL21vbmdvLWNvbnRpbnVvdXMtMTQ3NC1yZXM/YXBpLXZlcnNpb249MjAyMy0wNC0xNQ==",
      "RequestMethod": "GET",
      "RequestHeaders": {
        "x-ms-client-request-id": [
          "e27ca104-71da-489f-a5c3-8621d73c9574"
        ],
        "User-Agent": [
          "FxVersion/4.700.22.55902",
          "OSName/Windows",
          "OSVersion/Microsoft.Windows.10.0.22621",
          "Microsoft.Azure.Management.CosmosDB.CosmosDBManagementClient/1.10.1"
        ]
      },
      "RequestBody": "",
      "ResponseHeaders": {
        "Cache-Control": [
          "no-store, no-cache"
        ],
        "Pragma": [
          "no-cache"
        ],
        "Strict-Transport-Security": [
          "max-age=31536000; includeSubDomains"
        ],
        "x-ms-gatewayversion": [
          "version=2.14.0"
        ],
        "Server": [
          "Microsoft-HTTPAPI/2.0"
        ],
        "x-ms-ratelimit-remaining-subscription-reads": [
          "11970"
        ],
        "x-ms-request-id": [
          "86f5835c-9dda-4ff6-a04c-1d6517001e16"
        ],
        "x-ms-correlation-request-id": [
          "86f5835c-9dda-4ff6-a04c-1d6517001e16"
        ],
        "x-ms-routing-request-id": [
          "WESTUS:20230503T005617Z:86f5835c-9dda-4ff6-a04c-1d6517001e16"
        ],
        "X-Content-Type-Options": [
          "nosniff"
        ],
        "Date": [
          "Wed, 03 May 2023 00:56:17 GMT"
        ],
        "Content-Length": [
          "3282"
        ],
        "Content-Type": [
          "application/json"
        ]
      },
      "ResponseBody": "{\r\n  \"id\": \"/subscriptions/259fbb24-9bcd-4cfc-865c-fc33b22fe38a/resourceGroups/CosmosDBResourceGroup75/providers/Microsoft.DocumentDB/databaseAccounts/mongo-continuous-1474-res\",\r\n  \"name\": \"mongo-continuous-1474-res\",\r\n  \"location\": \"East US\",\r\n  \"type\": \"Microsoft.DocumentDB/databaseAccounts\",\r\n  \"kind\": \"MongoDB\",\r\n  \"tags\": {},\r\n  \"systemData\": {\r\n    \"createdAt\": \"2023-05-03T00:55:43.5236887Z\"\r\n  },\r\n  \"properties\": {\r\n    \"provisioningState\": \"Succeeded\",\r\n    \"documentEndpoint\": \"https://mongo-continuous-1474-res.documents.azure.com:443/\",\r\n    \"sqlEndpoint\": \"https://mongo-continuous-1474-res.documents.azure.com:443/\",\r\n    \"mongoEndpoint\": \"https://mongo-continuous-1474-res.mongo.cosmos.azure.com:443/\",\r\n    \"publicNetworkAccess\": \"Enabled\",\r\n    \"enableAutomaticFailover\": false,\r\n    \"enableMultipleWriteLocations\": false,\r\n    \"enablePartitionKeyMonitor\": false,\r\n    \"isVirtualNetworkFilterEnabled\": false,\r\n    \"virtualNetworkRules\": [],\r\n    \"EnabledApiTypes\": \"MongoDB\",\r\n    \"disableKeyBasedMetadataWriteAccess\": false,\r\n    \"enableFreeTier\": false,\r\n    \"enableAnalyticalStorage\": false,\r\n    \"analyticalStorageConfiguration\": {},\r\n    \"instanceId\": \"7683a12d-ac8f-4f5c-90c9-8ca82147b888\",\r\n    \"createMode\": \"Restore\",\r\n    \"databaseAccountOfferType\": \"Standard\",\r\n    \"defaultIdentity\": \"FirstPartyIdentity\",\r\n    \"networkAclBypass\": \"None\",\r\n    \"disableLocalAuth\": false,\r\n    \"enablePartitionMerge\": false,\r\n    \"minimalTlsVersion\": \"Tls\",\r\n    \"consistencyPolicy\": {\r\n      \"defaultConsistencyLevel\": \"Session\",\r\n      \"maxIntervalInSeconds\": 5,\r\n      \"maxStalenessPrefix\": 100\r\n    },\r\n    \"apiProperties\": {\r\n      \"serverVersion\": \"3.6\"\r\n    },\r\n    \"configurationOverrides\": {\r\n      \"EnableBsonSchema\": \"True\"\r\n    },\r\n    \"writeLocations\": [\r\n      {\r\n        \"id\": \"mongo-continuous-1474-res-eastus\",\r\n        \"locationName\": \"East US\",\r\n        \"documentEndpoint\": \"https://mongo-continuous-1474-res-eastus.documents.azure.com:443/\",\r\n        \"provisioningState\": \"Succeeded\",\r\n        \"failoverPriority\": 0,\r\n        \"isZoneRedundant\": false\r\n      }\r\n    ],\r\n    \"readLocations\": [\r\n      {\r\n        \"id\": \"mongo-continuous-1474-res-eastus\",\r\n        \"locationName\": \"East US\",\r\n        \"documentEndpoint\": \"https://mongo-continuous-1474-res-eastus.documents.azure.com:443/\",\r\n        \"provisioningState\": \"Succeeded\",\r\n        \"failoverPriority\": 0,\r\n        \"isZoneRedundant\": false\r\n      }\r\n    ],\r\n    \"locations\": [\r\n      {\r\n        \"id\": \"mongo-continuous-1474-res-eastus\",\r\n        \"locationName\": \"East US\",\r\n        \"documentEndpoint\": \"https://mongo-continuous-1474-res-eastus.documents.azure.com:443/\",\r\n        \"provisioningState\": \"Succeeded\",\r\n        \"failoverPriority\": 0,\r\n        \"isZoneRedundant\": false\r\n      }\r\n    ],\r\n    \"failoverPolicies\": [\r\n      {\r\n        \"id\": \"mongo-continuous-1474-res-eastus\",\r\n        \"locationName\": \"East US\",\r\n        \"failoverPriority\": 0\r\n      }\r\n    ],\r\n    \"cors\": [],\r\n    \"capabilities\": [\r\n      {\r\n        \"name\": \"EnableMongo\"\r\n      }\r\n    ],\r\n    \"ipRules\": [],\r\n    \"backupPolicy\": {\r\n      \"type\": \"Continuous\",\r\n      \"continuousModeProperties\": {\r\n        \"tier\": \"Continuous30Days\"\r\n      }\r\n    },\r\n    \"restoreParameters\": {\r\n      \"restoreMode\": \"PointInTime\",\r\n      \"restoreSource\": \"/subscriptions/259fbb24-9bcd-4cfc-865c-fc33b22fe38a/providers/Microsoft.DocumentDB/locations/eastus/restorableDatabaseAccounts/3e556f1c-b571-4ff1-bd22-5745021b87a2\",\r\n      \"restoreTimestampInUtc\": \"2023-05-03T00:42:08Z\",\r\n      \"sourceBackupLocation\": \"East US\",\r\n      \"databasesToRestore\": [\r\n        {\r\n          \"databaseName\": \"TestDB1\",\r\n          \"collectionNames\": [\r\n            \"TestCollection1\"\r\n          ]\r\n        }\r\n      ]\r\n    },\r\n    \"networkAclBypassResourceIds\": [],\r\n    \"capacity\": {\r\n      \"totalThroughputLimit\": -1\r\n    },\r\n    \"keysMetadata\": {\r\n      \"primaryMasterKey\": {\r\n        \"generationTime\": \"2023-05-03T00:55:43.5236887Z\"\r\n      },\r\n      \"secondaryMasterKey\": {\r\n        \"generationTime\": \"2023-05-03T00:55:43.5236887Z\"\r\n      },\r\n      \"primaryReadonlyMasterKey\": {\r\n        \"generationTime\": \"2023-05-03T00:55:43.5236887Z\"\r\n      },\r\n      \"secondaryReadonlyMasterKey\": {\r\n        \"generationTime\": \"2023-05-03T00:55:43.5236887Z\"\r\n      }\r\n    }\r\n  },\r\n  \"identity\": {\r\n    \"type\": \"None\"\r\n  }\r\n}",
      "StatusCode": 200
    },
    {
      "RequestUri": "/subscriptions/259fbb24-9bcd-4cfc-865c-fc33b22fe38a/resourceGroups/CosmosDBResourceGroup75/providers/Microsoft.DocumentDB/databaseAccounts/mongo-continuous-1474-res?api-version=2023-04-15",
      "EncodedRequestUri": "L3N1YnNjcmlwdGlvbnMvMjU5ZmJiMjQtOWJjZC00Y2ZjLTg2NWMtZmMzM2IyMmZlMzhhL3Jlc291cmNlR3JvdXBzL0Nvc21vc0RCUmVzb3VyY2VHcm91cDc1L3Byb3ZpZGVycy9NaWNyb3NvZnQuRG9jdW1lbnREQi9kYXRhYmFzZUFjY291bnRzL21vbmdvLWNvbnRpbnVvdXMtMTQ3NC1yZXM/YXBpLXZlcnNpb249MjAyMy0wNC0xNQ==",
      "RequestMethod": "PUT",
      "RequestHeaders": {
        "x-ms-client-request-id": [
          "e27ca104-71da-489f-a5c3-8621d73c9574"
        ],
        "Accept-Language": [
          "en-US"
        ],
        "User-Agent": [
          "FxVersion/4.700.22.55902",
          "OSName/Windows",
          "OSVersion/Microsoft.Windows.10.0.22621",
          "Microsoft.Azure.Management.CosmosDB.CosmosDBManagementClient/1.10.1"
        ],
        "Content-Type": [
          "application/json; charset=utf-8"
        ],
        "Content-Length": [
          "1113"
        ]
      },
      "RequestBody": "{\r\n  \"kind\": \"GlobalDocumentDB\",\r\n  \"properties\": {\r\n    \"consistencyPolicy\": {\r\n      \"defaultConsistencyLevel\": \"Session\"\r\n    },\r\n    \"locations\": [\r\n      {\r\n        \"locationName\": \"East US\",\r\n        \"failoverPriority\": 0\r\n      }\r\n    ],\r\n    \"isVirtualNetworkFilterEnabled\": false,\r\n    \"enableAutomaticFailover\": false,\r\n    \"virtualNetworkRules\": [],\r\n    \"enableMultipleWriteLocations\": false,\r\n    \"disableKeyBasedMetadataWriteAccess\": false,\r\n    \"createMode\": \"Restore\",\r\n    \"networkAclBypassResourceIds\": [],\r\n    \"restoreParameters\": {\r\n      \"restoreMode\": \"PointInTime\",\r\n      \"restoreSource\": \"/subscriptions/259fbb24-9bcd-4cfc-865c-fc33b22fe38a/providers/Microsoft.DocumentDB/locations/eastus/restorableDatabaseAccounts/3e556f1c-b571-4ff1-bd22-5745021b87a2\",\r\n      \"restoreTimestampInUtc\": \"2023-05-03T00:42:08Z\",\r\n      \"databasesToRestore\": [\r\n        {\r\n          \"databaseName\": \"TestDB1\",\r\n          \"collectionNames\": [\r\n            \"TestCollection1\"\r\n          ]\r\n        }\r\n      ]\r\n    },\r\n    \"databaseAccountOfferType\": \"Standard\"\r\n  },\r\n  \"location\": \"East US\",\r\n  \"tags\": {}\r\n}",
      "ResponseHeaders": {
        "Cache-Control": [
          "no-store, no-cache"
        ],
        "Pragma": [
          "no-cache"
        ],
        "Location": [
          "https://management.azure.com/subscriptions/259fbb24-9bcd-4cfc-865c-fc33b22fe38a/resourceGroups/CosmosDBResourceGroup75/providers/Microsoft.DocumentDB/databaseAccounts/mongo-continuous-1474-res/operationResults/59bef4ed-0f7f-4a1e-8495-d0965b9f4a1a?api-version=2023-04-15"
        ],
        "x-ms-request-id": [
          "59bef4ed-0f7f-4a1e-8495-d0965b9f4a1a"
        ],
        "Azure-AsyncOperation": [
          "https://management.azure.com/subscriptions/259fbb24-9bcd-4cfc-865c-fc33b22fe38a/providers/Microsoft.DocumentDB/locations/eastus/operationsStatus/59bef4ed-0f7f-4a1e-8495-d0965b9f4a1a?api-version=2023-04-15"
        ],
        "Strict-Transport-Security": [
          "max-age=31536000; includeSubDomains"
        ],
        "x-ms-gatewayversion": [
          "version=2.14.0"
        ],
        "Server": [
          "Microsoft-HTTPAPI/2.0"
        ],
        "x-ms-ratelimit-remaining-subscription-writes": [
          "1199"
        ],
        "x-ms-correlation-request-id": [
          "fb21ba78-75f0-4fe8-bdd8-7c51397d8585"
        ],
        "x-ms-routing-request-id": [
          "WESTUS:20230503T004212Z:fb21ba78-75f0-4fe8-bdd8-7c51397d8585"
        ],
        "X-Content-Type-Options": [
          "nosniff"
        ],
        "Date": [
          "Wed, 03 May 2023 00:42:12 GMT"
        ],
        "Content-Length": [
          "2848"
        ],
        "Content-Type": [
          "application/json"
        ]
      },
      "ResponseBody": "{\r\n  \"id\": \"/subscriptions/259fbb24-9bcd-4cfc-865c-fc33b22fe38a/resourceGroups/CosmosDBResourceGroup75/providers/Microsoft.DocumentDB/databaseAccounts/mongo-continuous-1474-res\",\r\n  \"name\": \"mongo-continuous-1474-res\",\r\n  \"location\": \"East US\",\r\n  \"type\": \"Microsoft.DocumentDB/databaseAccounts\",\r\n  \"kind\": \"MongoDB\",\r\n  \"tags\": {},\r\n  \"systemData\": {\r\n    \"createdAt\": \"2023-05-03T00:42:10.6162501Z\"\r\n  },\r\n  \"properties\": {\r\n    \"provisioningState\": \"Creating\",\r\n    \"publicNetworkAccess\": \"Enabled\",\r\n    \"enableAutomaticFailover\": false,\r\n    \"enableMultipleWriteLocations\": false,\r\n    \"enablePartitionKeyMonitor\": false,\r\n    \"isVirtualNetworkFilterEnabled\": false,\r\n    \"virtualNetworkRules\": [],\r\n    \"EnabledApiTypes\": \"MongoDB\",\r\n    \"disableKeyBasedMetadataWriteAccess\": false,\r\n    \"enableFreeTier\": false,\r\n    \"enableAnalyticalStorage\": false,\r\n    \"analyticalStorageConfiguration\": {},\r\n    \"instanceId\": \"7683a12d-ac8f-4f5c-90c9-8ca82147b888\",\r\n    \"createMode\": \"Restore\",\r\n    \"databaseAccountOfferType\": \"Standard\",\r\n    \"defaultIdentity\": \"FirstPartyIdentity\",\r\n    \"networkAclBypass\": \"None\",\r\n    \"disableLocalAuth\": false,\r\n    \"enablePartitionMerge\": false,\r\n    \"minimalTlsVersion\": \"Tls\",\r\n    \"consistencyPolicy\": {\r\n      \"defaultConsistencyLevel\": \"Session\",\r\n      \"maxIntervalInSeconds\": 5,\r\n      \"maxStalenessPrefix\": 100\r\n    },\r\n    \"apiProperties\": {\r\n      \"serverVersion\": \"3.6\"\r\n    },\r\n    \"configurationOverrides\": {\r\n      \"EnableBsonSchema\": \"True\"\r\n    },\r\n    \"writeLocations\": [\r\n      {\r\n        \"id\": \"mongo-continuous-1474-res-eastus\",\r\n        \"locationName\": \"East US\",\r\n        \"documentEndpoint\": \"\",\r\n        \"provisioningState\": \"Creating\",\r\n        \"failoverPriority\": 0,\r\n        \"isZoneRedundant\": false\r\n      }\r\n    ],\r\n    \"readLocations\": [\r\n      {\r\n        \"id\": \"mongo-continuous-1474-res-eastus\",\r\n        \"locationName\": \"East US\",\r\n        \"documentEndpoint\": \"\",\r\n        \"provisioningState\": \"Creating\",\r\n        \"failoverPriority\": 0,\r\n        \"isZoneRedundant\": false\r\n      }\r\n    ],\r\n    \"locations\": [\r\n      {\r\n        \"id\": \"mongo-continuous-1474-res-eastus\",\r\n        \"locationName\": \"East US\",\r\n        \"documentEndpoint\": \"\",\r\n        \"provisioningState\": \"Creating\",\r\n        \"failoverPriority\": 0,\r\n        \"isZoneRedundant\": false\r\n      }\r\n    ],\r\n    \"failoverPolicies\": [\r\n      {\r\n        \"id\": \"mongo-continuous-1474-res-eastus\",\r\n        \"locationName\": \"East US\",\r\n        \"failoverPriority\": 0\r\n      }\r\n    ],\r\n    \"cors\": [],\r\n    \"capabilities\": [\r\n      {\r\n        \"name\": \"EnableMongo\"\r\n      }\r\n    ],\r\n    \"ipRules\": [],\r\n    \"backupPolicy\": {\r\n      \"type\": \"Continuous\",\r\n      \"continuousModeProperties\": {\r\n        \"tier\": \"Continuous30Days\"\r\n      }\r\n    },\r\n    \"restoreParameters\": {\r\n      \"restoreMode\": \"PointInTime\",\r\n      \"restoreSource\": \"/subscriptions/259fbb24-9bcd-4cfc-865c-fc33b22fe38a/providers/Microsoft.DocumentDB/locations/eastus/restorableDatabaseAccounts/3e556f1c-b571-4ff1-bd22-5745021b87a2\",\r\n      \"restoreTimestampInUtc\": \"2023-05-03T00:42:08Z\",\r\n      \"sourceBackupLocation\": \"East US\",\r\n      \"databasesToRestore\": [\r\n        {\r\n          \"databaseName\": \"TestDB1\",\r\n          \"collectionNames\": [\r\n            \"TestCollection1\"\r\n          ]\r\n        }\r\n      ]\r\n    },\r\n    \"networkAclBypassResourceIds\": [],\r\n    \"capacity\": {\r\n      \"totalThroughputLimit\": -1\r\n    },\r\n    \"keysMetadata\": {\r\n      \"primaryMasterKey\": {\r\n        \"generationTime\": \"2023-05-03T00:42:10.6162501Z\"\r\n      },\r\n      \"secondaryMasterKey\": {\r\n        \"generationTime\": \"2023-05-03T00:42:10.6162501Z\"\r\n      },\r\n      \"primaryReadonlyMasterKey\": {\r\n        \"generationTime\": \"2023-05-03T00:42:10.6162501Z\"\r\n      },\r\n      \"secondaryReadonlyMasterKey\": {\r\n        \"generationTime\": \"2023-05-03T00:42:10.6162501Z\"\r\n      }\r\n    }\r\n  },\r\n  \"identity\": {\r\n    \"type\": \"None\"\r\n  }\r\n}",
      "StatusCode": 200
    },
    {
      "RequestUri": "/subscriptions/259fbb24-9bcd-4cfc-865c-fc33b22fe38a/providers/Microsoft.DocumentDB/locations/eastus/operationsStatus/59bef4ed-0f7f-4a1e-8495-d0965b9f4a1a?api-version=2023-04-15",
      "EncodedRequestUri": "L3N1YnNjcmlwdGlvbnMvMjU5ZmJiMjQtOWJjZC00Y2ZjLTg2NWMtZmMzM2IyMmZlMzhhL3Byb3ZpZGVycy9NaWNyb3NvZnQuRG9jdW1lbnREQi9sb2NhdGlvbnMvZWFzdHVzL29wZXJhdGlvbnNTdGF0dXMvNTliZWY0ZWQtMGY3Zi00YTFlLTg0OTUtZDA5NjViOWY0YTFhP2FwaS12ZXJzaW9uPTIwMjMtMDQtMTU=",
      "RequestMethod": "GET",
      "RequestHeaders": {
        "x-ms-client-request-id": [
          "e27ca104-71da-489f-a5c3-8621d73c9574"
        ],
        "User-Agent": [
          "FxVersion/4.700.22.55902",
          "OSName/Windows",
          "OSVersion/Microsoft.Windows.10.0.22621",
          "Microsoft.Azure.Management.CosmosDB.CosmosDBManagementClient/1.10.1"
        ]
      },
      "RequestBody": "",
      "ResponseHeaders": {
        "Cache-Control": [
          "no-store, no-cache"
        ],
        "Pragma": [
          "no-cache"
        ],
        "Strict-Transport-Security": [
          "max-age=31536000; includeSubDomains"
        ],
        "x-ms-gatewayversion": [
          "version=2.14.0"
        ],
        "Server": [
          "Microsoft-HTTPAPI/2.0"
        ],
        "x-ms-ratelimit-remaining-subscription-reads": [
          "11998"
        ],
        "x-ms-request-id": [
          "e2034799-a38e-48ed-bf4b-0006d94906c4"
        ],
        "x-ms-correlation-request-id": [
          "e2034799-a38e-48ed-bf4b-0006d94906c4"
        ],
        "x-ms-routing-request-id": [
          "WESTUS:20230503T004243Z:e2034799-a38e-48ed-bf4b-0006d94906c4"
        ],
        "X-Content-Type-Options": [
          "nosniff"
        ],
        "Date": [
          "Wed, 03 May 2023 00:42:43 GMT"
        ],
        "Content-Length": [
          "21"
        ],
        "Content-Type": [
          "application/json"
        ]
      },
      "ResponseBody": "{\r\n  \"status\": \"Dequeued\"\r\n}",
      "StatusCode": 200
    },
    {
      "RequestUri": "/subscriptions/259fbb24-9bcd-4cfc-865c-fc33b22fe38a/providers/Microsoft.DocumentDB/locations/eastus/operationsStatus/59bef4ed-0f7f-4a1e-8495-d0965b9f4a1a?api-version=2023-04-15",
      "EncodedRequestUri": "L3N1YnNjcmlwdGlvbnMvMjU5ZmJiMjQtOWJjZC00Y2ZjLTg2NWMtZmMzM2IyMmZlMzhhL3Byb3ZpZGVycy9NaWNyb3NvZnQuRG9jdW1lbnREQi9sb2NhdGlvbnMvZWFzdHVzL29wZXJhdGlvbnNTdGF0dXMvNTliZWY0ZWQtMGY3Zi00YTFlLTg0OTUtZDA5NjViOWY0YTFhP2FwaS12ZXJzaW9uPTIwMjMtMDQtMTU=",
      "RequestMethod": "GET",
      "RequestHeaders": {
        "x-ms-client-request-id": [
          "e27ca104-71da-489f-a5c3-8621d73c9574"
        ],
        "User-Agent": [
          "FxVersion/4.700.22.55902",
          "OSName/Windows",
          "OSVersion/Microsoft.Windows.10.0.22621",
          "Microsoft.Azure.Management.CosmosDB.CosmosDBManagementClient/1.10.1"
        ]
      },
      "RequestBody": "",
      "ResponseHeaders": {
        "Cache-Control": [
          "no-store, no-cache"
        ],
        "Pragma": [
          "no-cache"
        ],
        "Strict-Transport-Security": [
          "max-age=31536000; includeSubDomains"
        ],
        "x-ms-gatewayversion": [
          "version=2.14.0"
        ],
        "Server": [
          "Microsoft-HTTPAPI/2.0"
        ],
        "x-ms-ratelimit-remaining-subscription-reads": [
          "11997"
        ],
        "x-ms-request-id": [
          "ff3ee35e-bf52-40f4-a720-30569f955258"
        ],
        "x-ms-correlation-request-id": [
          "ff3ee35e-bf52-40f4-a720-30569f955258"
        ],
        "x-ms-routing-request-id": [
          "WESTUS:20230503T004313Z:ff3ee35e-bf52-40f4-a720-30569f955258"
        ],
        "X-Content-Type-Options": [
          "nosniff"
        ],
        "Date": [
          "Wed, 03 May 2023 00:43:12 GMT"
        ],
        "Content-Length": [
          "21"
        ],
        "Content-Type": [
          "application/json"
        ]
      },
      "ResponseBody": "{\r\n  \"status\": \"Dequeued\"\r\n}",
      "StatusCode": 200
    },
    {
      "RequestUri": "/subscriptions/259fbb24-9bcd-4cfc-865c-fc33b22fe38a/providers/Microsoft.DocumentDB/locations/eastus/operationsStatus/59bef4ed-0f7f-4a1e-8495-d0965b9f4a1a?api-version=2023-04-15",
      "EncodedRequestUri": "L3N1YnNjcmlwdGlvbnMvMjU5ZmJiMjQtOWJjZC00Y2ZjLTg2NWMtZmMzM2IyMmZlMzhhL3Byb3ZpZGVycy9NaWNyb3NvZnQuRG9jdW1lbnREQi9sb2NhdGlvbnMvZWFzdHVzL29wZXJhdGlvbnNTdGF0dXMvNTliZWY0ZWQtMGY3Zi00YTFlLTg0OTUtZDA5NjViOWY0YTFhP2FwaS12ZXJzaW9uPTIwMjMtMDQtMTU=",
      "RequestMethod": "GET",
      "RequestHeaders": {
        "x-ms-client-request-id": [
          "e27ca104-71da-489f-a5c3-8621d73c9574"
        ],
        "User-Agent": [
          "FxVersion/4.700.22.55902",
          "OSName/Windows",
          "OSVersion/Microsoft.Windows.10.0.22621",
          "Microsoft.Azure.Management.CosmosDB.CosmosDBManagementClient/1.10.1"
        ]
      },
      "RequestBody": "",
      "ResponseHeaders": {
        "Cache-Control": [
          "no-store, no-cache"
        ],
        "Pragma": [
          "no-cache"
        ],
        "Strict-Transport-Security": [
          "max-age=31536000; includeSubDomains"
        ],
        "x-ms-gatewayversion": [
          "version=2.14.0"
        ],
        "Server": [
          "Microsoft-HTTPAPI/2.0"
        ],
        "x-ms-ratelimit-remaining-subscription-reads": [
          "11996"
        ],
        "x-ms-request-id": [
          "edf80fa5-a4f6-44a5-bd27-e3c00bb19c3f"
        ],
        "x-ms-correlation-request-id": [
          "edf80fa5-a4f6-44a5-bd27-e3c00bb19c3f"
        ],
        "x-ms-routing-request-id": [
          "WESTUS:20230503T004343Z:edf80fa5-a4f6-44a5-bd27-e3c00bb19c3f"
        ],
        "X-Content-Type-Options": [
          "nosniff"
        ],
        "Date": [
          "Wed, 03 May 2023 00:43:42 GMT"
        ],
        "Content-Length": [
          "21"
        ],
        "Content-Type": [
          "application/json"
        ]
      },
      "ResponseBody": "{\r\n  \"status\": \"Dequeued\"\r\n}",
      "StatusCode": 200
    },
    {
      "RequestUri": "/subscriptions/259fbb24-9bcd-4cfc-865c-fc33b22fe38a/providers/Microsoft.DocumentDB/locations/eastus/operationsStatus/59bef4ed-0f7f-4a1e-8495-d0965b9f4a1a?api-version=2023-04-15",
      "EncodedRequestUri": "L3N1YnNjcmlwdGlvbnMvMjU5ZmJiMjQtOWJjZC00Y2ZjLTg2NWMtZmMzM2IyMmZlMzhhL3Byb3ZpZGVycy9NaWNyb3NvZnQuRG9jdW1lbnREQi9sb2NhdGlvbnMvZWFzdHVzL29wZXJhdGlvbnNTdGF0dXMvNTliZWY0ZWQtMGY3Zi00YTFlLTg0OTUtZDA5NjViOWY0YTFhP2FwaS12ZXJzaW9uPTIwMjMtMDQtMTU=",
      "RequestMethod": "GET",
      "RequestHeaders": {
        "x-ms-client-request-id": [
          "e27ca104-71da-489f-a5c3-8621d73c9574"
        ],
        "User-Agent": [
          "FxVersion/4.700.22.55902",
          "OSName/Windows",
          "OSVersion/Microsoft.Windows.10.0.22621",
          "Microsoft.Azure.Management.CosmosDB.CosmosDBManagementClient/1.10.1"
        ]
      },
      "RequestBody": "",
      "ResponseHeaders": {
        "Cache-Control": [
          "no-store, no-cache"
        ],
        "Pragma": [
          "no-cache"
        ],
        "Strict-Transport-Security": [
          "max-age=31536000; includeSubDomains"
        ],
        "x-ms-gatewayversion": [
          "version=2.14.0"
        ],
        "Server": [
          "Microsoft-HTTPAPI/2.0"
        ],
        "x-ms-ratelimit-remaining-subscription-reads": [
          "11995"
        ],
        "x-ms-request-id": [
          "fde81ba4-909e-48ec-95b2-c3cac1049d05"
        ],
        "x-ms-correlation-request-id": [
          "fde81ba4-909e-48ec-95b2-c3cac1049d05"
        ],
        "x-ms-routing-request-id": [
          "WESTUS:20230503T004413Z:fde81ba4-909e-48ec-95b2-c3cac1049d05"
        ],
        "X-Content-Type-Options": [
          "nosniff"
        ],
        "Date": [
          "Wed, 03 May 2023 00:44:12 GMT"
        ],
        "Content-Length": [
          "21"
        ],
        "Content-Type": [
          "application/json"
        ]
      },
      "ResponseBody": "{\r\n  \"status\": \"Dequeued\"\r\n}",
      "StatusCode": 200
    },
    {
      "RequestUri": "/subscriptions/259fbb24-9bcd-4cfc-865c-fc33b22fe38a/providers/Microsoft.DocumentDB/locations/eastus/operationsStatus/59bef4ed-0f7f-4a1e-8495-d0965b9f4a1a?api-version=2023-04-15",
      "EncodedRequestUri": "L3N1YnNjcmlwdGlvbnMvMjU5ZmJiMjQtOWJjZC00Y2ZjLTg2NWMtZmMzM2IyMmZlMzhhL3Byb3ZpZGVycy9NaWNyb3NvZnQuRG9jdW1lbnREQi9sb2NhdGlvbnMvZWFzdHVzL29wZXJhdGlvbnNTdGF0dXMvNTliZWY0ZWQtMGY3Zi00YTFlLTg0OTUtZDA5NjViOWY0YTFhP2FwaS12ZXJzaW9uPTIwMjMtMDQtMTU=",
      "RequestMethod": "GET",
      "RequestHeaders": {
        "x-ms-client-request-id": [
          "e27ca104-71da-489f-a5c3-8621d73c9574"
        ],
        "User-Agent": [
          "FxVersion/4.700.22.55902",
          "OSName/Windows",
          "OSVersion/Microsoft.Windows.10.0.22621",
          "Microsoft.Azure.Management.CosmosDB.CosmosDBManagementClient/1.10.1"
        ]
      },
      "RequestBody": "",
      "ResponseHeaders": {
        "Cache-Control": [
          "no-store, no-cache"
        ],
        "Pragma": [
          "no-cache"
        ],
        "Strict-Transport-Security": [
          "max-age=31536000; includeSubDomains"
        ],
        "x-ms-gatewayversion": [
          "version=2.14.0"
        ],
        "Server": [
          "Microsoft-HTTPAPI/2.0"
        ],
        "x-ms-ratelimit-remaining-subscription-reads": [
          "11994"
        ],
        "x-ms-request-id": [
          "a56f4da7-a407-4206-80f9-95d51134f71a"
        ],
        "x-ms-correlation-request-id": [
          "a56f4da7-a407-4206-80f9-95d51134f71a"
        ],
        "x-ms-routing-request-id": [
          "WESTUS:20230503T004443Z:a56f4da7-a407-4206-80f9-95d51134f71a"
        ],
        "X-Content-Type-Options": [
          "nosniff"
        ],
        "Date": [
          "Wed, 03 May 2023 00:44:43 GMT"
        ],
        "Content-Length": [
          "21"
        ],
        "Content-Type": [
          "application/json"
        ]
      },
      "ResponseBody": "{\r\n  \"status\": \"Dequeued\"\r\n}",
      "StatusCode": 200
    },
    {
      "RequestUri": "/subscriptions/259fbb24-9bcd-4cfc-865c-fc33b22fe38a/providers/Microsoft.DocumentDB/locations/eastus/operationsStatus/59bef4ed-0f7f-4a1e-8495-d0965b9f4a1a?api-version=2023-04-15",
      "EncodedRequestUri": "L3N1YnNjcmlwdGlvbnMvMjU5ZmJiMjQtOWJjZC00Y2ZjLTg2NWMtZmMzM2IyMmZlMzhhL3Byb3ZpZGVycy9NaWNyb3NvZnQuRG9jdW1lbnREQi9sb2NhdGlvbnMvZWFzdHVzL29wZXJhdGlvbnNTdGF0dXMvNTliZWY0ZWQtMGY3Zi00YTFlLTg0OTUtZDA5NjViOWY0YTFhP2FwaS12ZXJzaW9uPTIwMjMtMDQtMTU=",
      "RequestMethod": "GET",
      "RequestHeaders": {
        "x-ms-client-request-id": [
          "e27ca104-71da-489f-a5c3-8621d73c9574"
        ],
        "User-Agent": [
          "FxVersion/4.700.22.55902",
          "OSName/Windows",
          "OSVersion/Microsoft.Windows.10.0.22621",
          "Microsoft.Azure.Management.CosmosDB.CosmosDBManagementClient/1.10.1"
        ]
      },
      "RequestBody": "",
      "ResponseHeaders": {
        "Cache-Control": [
          "no-store, no-cache"
        ],
        "Pragma": [
          "no-cache"
        ],
        "Strict-Transport-Security": [
          "max-age=31536000; includeSubDomains"
        ],
        "x-ms-gatewayversion": [
          "version=2.14.0"
        ],
        "Server": [
          "Microsoft-HTTPAPI/2.0"
        ],
        "x-ms-ratelimit-remaining-subscription-reads": [
          "11993"
        ],
        "x-ms-request-id": [
          "514a6989-8cb7-49eb-b8cd-288683695f48"
        ],
        "x-ms-correlation-request-id": [
          "514a6989-8cb7-49eb-b8cd-288683695f48"
        ],
        "x-ms-routing-request-id": [
          "WESTUS:20230503T004513Z:514a6989-8cb7-49eb-b8cd-288683695f48"
        ],
        "X-Content-Type-Options": [
          "nosniff"
        ],
        "Date": [
          "Wed, 03 May 2023 00:45:13 GMT"
        ],
        "Content-Length": [
          "21"
        ],
        "Content-Type": [
          "application/json"
        ]
      },
      "ResponseBody": "{\r\n  \"status\": \"Dequeued\"\r\n}",
      "StatusCode": 200
    },
    {
      "RequestUri": "/subscriptions/259fbb24-9bcd-4cfc-865c-fc33b22fe38a/providers/Microsoft.DocumentDB/locations/eastus/operationsStatus/59bef4ed-0f7f-4a1e-8495-d0965b9f4a1a?api-version=2023-04-15",
      "EncodedRequestUri": "L3N1YnNjcmlwdGlvbnMvMjU5ZmJiMjQtOWJjZC00Y2ZjLTg2NWMtZmMzM2IyMmZlMzhhL3Byb3ZpZGVycy9NaWNyb3NvZnQuRG9jdW1lbnREQi9sb2NhdGlvbnMvZWFzdHVzL29wZXJhdGlvbnNTdGF0dXMvNTliZWY0ZWQtMGY3Zi00YTFlLTg0OTUtZDA5NjViOWY0YTFhP2FwaS12ZXJzaW9uPTIwMjMtMDQtMTU=",
      "RequestMethod": "GET",
      "RequestHeaders": {
        "x-ms-client-request-id": [
          "e27ca104-71da-489f-a5c3-8621d73c9574"
        ],
        "User-Agent": [
          "FxVersion/4.700.22.55902",
          "OSName/Windows",
          "OSVersion/Microsoft.Windows.10.0.22621",
          "Microsoft.Azure.Management.CosmosDB.CosmosDBManagementClient/1.10.1"
        ]
      },
      "RequestBody": "",
      "ResponseHeaders": {
        "Cache-Control": [
          "no-store, no-cache"
        ],
        "Pragma": [
          "no-cache"
        ],
        "Strict-Transport-Security": [
          "max-age=31536000; includeSubDomains"
        ],
        "x-ms-gatewayversion": [
          "version=2.14.0"
        ],
        "Server": [
          "Microsoft-HTTPAPI/2.0"
        ],
        "x-ms-ratelimit-remaining-subscription-reads": [
          "11992"
        ],
        "x-ms-request-id": [
          "6658567c-5430-44bd-a605-758da6712947"
        ],
        "x-ms-correlation-request-id": [
          "6658567c-5430-44bd-a605-758da6712947"
        ],
        "x-ms-routing-request-id": [
          "WESTUS:20230503T004543Z:6658567c-5430-44bd-a605-758da6712947"
        ],
        "X-Content-Type-Options": [
          "nosniff"
        ],
        "Date": [
          "Wed, 03 May 2023 00:45:42 GMT"
        ],
        "Content-Length": [
          "21"
        ],
        "Content-Type": [
          "application/json"
        ]
      },
      "ResponseBody": "{\r\n  \"status\": \"Dequeued\"\r\n}",
      "StatusCode": 200
    },
    {
      "RequestUri": "/subscriptions/259fbb24-9bcd-4cfc-865c-fc33b22fe38a/providers/Microsoft.DocumentDB/locations/eastus/operationsStatus/59bef4ed-0f7f-4a1e-8495-d0965b9f4a1a?api-version=2023-04-15",
      "EncodedRequestUri": "L3N1YnNjcmlwdGlvbnMvMjU5ZmJiMjQtOWJjZC00Y2ZjLTg2NWMtZmMzM2IyMmZlMzhhL3Byb3ZpZGVycy9NaWNyb3NvZnQuRG9jdW1lbnREQi9sb2NhdGlvbnMvZWFzdHVzL29wZXJhdGlvbnNTdGF0dXMvNTliZWY0ZWQtMGY3Zi00YTFlLTg0OTUtZDA5NjViOWY0YTFhP2FwaS12ZXJzaW9uPTIwMjMtMDQtMTU=",
      "RequestMethod": "GET",
      "RequestHeaders": {
        "x-ms-client-request-id": [
          "e27ca104-71da-489f-a5c3-8621d73c9574"
        ],
        "User-Agent": [
          "FxVersion/4.700.22.55902",
          "OSName/Windows",
          "OSVersion/Microsoft.Windows.10.0.22621",
          "Microsoft.Azure.Management.CosmosDB.CosmosDBManagementClient/1.10.1"
        ]
      },
      "RequestBody": "",
      "ResponseHeaders": {
        "Cache-Control": [
          "no-store, no-cache"
        ],
        "Pragma": [
          "no-cache"
        ],
        "Strict-Transport-Security": [
          "max-age=31536000; includeSubDomains"
        ],
        "x-ms-gatewayversion": [
          "version=2.14.0"
        ],
        "Server": [
          "Microsoft-HTTPAPI/2.0"
        ],
        "x-ms-ratelimit-remaining-subscription-reads": [
          "11991"
        ],
        "x-ms-request-id": [
          "312f413b-6b20-4651-8651-18aae97f9781"
        ],
        "x-ms-correlation-request-id": [
          "312f413b-6b20-4651-8651-18aae97f9781"
        ],
        "x-ms-routing-request-id": [
          "WESTUS:20230503T004614Z:312f413b-6b20-4651-8651-18aae97f9781"
        ],
        "X-Content-Type-Options": [
          "nosniff"
        ],
        "Date": [
          "Wed, 03 May 2023 00:46:13 GMT"
        ],
        "Content-Length": [
          "21"
        ],
        "Content-Type": [
          "application/json"
        ]
      },
      "ResponseBody": "{\r\n  \"status\": \"Dequeued\"\r\n}",
      "StatusCode": 200
    },
    {
      "RequestUri": "/subscriptions/259fbb24-9bcd-4cfc-865c-fc33b22fe38a/providers/Microsoft.DocumentDB/locations/eastus/operationsStatus/59bef4ed-0f7f-4a1e-8495-d0965b9f4a1a?api-version=2023-04-15",
      "EncodedRequestUri": "L3N1YnNjcmlwdGlvbnMvMjU5ZmJiMjQtOWJjZC00Y2ZjLTg2NWMtZmMzM2IyMmZlMzhhL3Byb3ZpZGVycy9NaWNyb3NvZnQuRG9jdW1lbnREQi9sb2NhdGlvbnMvZWFzdHVzL29wZXJhdGlvbnNTdGF0dXMvNTliZWY0ZWQtMGY3Zi00YTFlLTg0OTUtZDA5NjViOWY0YTFhP2FwaS12ZXJzaW9uPTIwMjMtMDQtMTU=",
      "RequestMethod": "GET",
      "RequestHeaders": {
        "x-ms-client-request-id": [
          "e27ca104-71da-489f-a5c3-8621d73c9574"
        ],
        "User-Agent": [
          "FxVersion/4.700.22.55902",
          "OSName/Windows",
          "OSVersion/Microsoft.Windows.10.0.22621",
          "Microsoft.Azure.Management.CosmosDB.CosmosDBManagementClient/1.10.1"
        ]
      },
      "RequestBody": "",
      "ResponseHeaders": {
        "Cache-Control": [
          "no-store, no-cache"
        ],
        "Pragma": [
          "no-cache"
        ],
        "Strict-Transport-Security": [
          "max-age=31536000; includeSubDomains"
        ],
        "x-ms-gatewayversion": [
          "version=2.14.0"
        ],
        "Server": [
          "Microsoft-HTTPAPI/2.0"
        ],
        "x-ms-ratelimit-remaining-subscription-reads": [
          "11990"
        ],
        "x-ms-request-id": [
          "3d5c87a7-3682-4875-8a26-66cb77e4db16"
        ],
        "x-ms-correlation-request-id": [
          "3d5c87a7-3682-4875-8a26-66cb77e4db16"
        ],
        "x-ms-routing-request-id": [
          "WESTUS:20230503T004644Z:3d5c87a7-3682-4875-8a26-66cb77e4db16"
        ],
        "X-Content-Type-Options": [
          "nosniff"
        ],
        "Date": [
          "Wed, 03 May 2023 00:46:43 GMT"
        ],
        "Content-Length": [
          "21"
        ],
        "Content-Type": [
          "application/json"
        ]
      },
      "ResponseBody": "{\r\n  \"status\": \"Dequeued\"\r\n}",
      "StatusCode": 200
    },
    {
      "RequestUri": "/subscriptions/259fbb24-9bcd-4cfc-865c-fc33b22fe38a/providers/Microsoft.DocumentDB/locations/eastus/operationsStatus/59bef4ed-0f7f-4a1e-8495-d0965b9f4a1a?api-version=2023-04-15",
      "EncodedRequestUri": "L3N1YnNjcmlwdGlvbnMvMjU5ZmJiMjQtOWJjZC00Y2ZjLTg2NWMtZmMzM2IyMmZlMzhhL3Byb3ZpZGVycy9NaWNyb3NvZnQuRG9jdW1lbnREQi9sb2NhdGlvbnMvZWFzdHVzL29wZXJhdGlvbnNTdGF0dXMvNTliZWY0ZWQtMGY3Zi00YTFlLTg0OTUtZDA5NjViOWY0YTFhP2FwaS12ZXJzaW9uPTIwMjMtMDQtMTU=",
      "RequestMethod": "GET",
      "RequestHeaders": {
        "x-ms-client-request-id": [
          "e27ca104-71da-489f-a5c3-8621d73c9574"
        ],
        "User-Agent": [
          "FxVersion/4.700.22.55902",
          "OSName/Windows",
          "OSVersion/Microsoft.Windows.10.0.22621",
          "Microsoft.Azure.Management.CosmosDB.CosmosDBManagementClient/1.10.1"
        ]
      },
      "RequestBody": "",
      "ResponseHeaders": {
        "Cache-Control": [
          "no-store, no-cache"
        ],
        "Pragma": [
          "no-cache"
        ],
        "Strict-Transport-Security": [
          "max-age=31536000; includeSubDomains"
        ],
        "x-ms-gatewayversion": [
          "version=2.14.0"
        ],
        "Server": [
          "Microsoft-HTTPAPI/2.0"
        ],
        "x-ms-ratelimit-remaining-subscription-reads": [
          "11989"
        ],
        "x-ms-request-id": [
          "e8b95282-e9ab-4c98-9f42-9707a0ec7297"
        ],
        "x-ms-correlation-request-id": [
          "e8b95282-e9ab-4c98-9f42-9707a0ec7297"
        ],
        "x-ms-routing-request-id": [
          "WESTUS:20230503T004714Z:e8b95282-e9ab-4c98-9f42-9707a0ec7297"
        ],
        "X-Content-Type-Options": [
          "nosniff"
        ],
        "Date": [
          "Wed, 03 May 2023 00:47:14 GMT"
        ],
        "Content-Length": [
          "21"
        ],
        "Content-Type": [
          "application/json"
        ]
      },
      "ResponseBody": "{\r\n  \"status\": \"Dequeued\"\r\n}",
      "StatusCode": 200
    },
    {
      "RequestUri": "/subscriptions/259fbb24-9bcd-4cfc-865c-fc33b22fe38a/providers/Microsoft.DocumentDB/locations/eastus/operationsStatus/59bef4ed-0f7f-4a1e-8495-d0965b9f4a1a?api-version=2023-04-15",
      "EncodedRequestUri": "L3N1YnNjcmlwdGlvbnMvMjU5ZmJiMjQtOWJjZC00Y2ZjLTg2NWMtZmMzM2IyMmZlMzhhL3Byb3ZpZGVycy9NaWNyb3NvZnQuRG9jdW1lbnREQi9sb2NhdGlvbnMvZWFzdHVzL29wZXJhdGlvbnNTdGF0dXMvNTliZWY0ZWQtMGY3Zi00YTFlLTg0OTUtZDA5NjViOWY0YTFhP2FwaS12ZXJzaW9uPTIwMjMtMDQtMTU=",
      "RequestMethod": "GET",
      "RequestHeaders": {
        "x-ms-client-request-id": [
          "e27ca104-71da-489f-a5c3-8621d73c9574"
        ],
        "User-Agent": [
          "FxVersion/4.700.22.55902",
          "OSName/Windows",
          "OSVersion/Microsoft.Windows.10.0.22621",
          "Microsoft.Azure.Management.CosmosDB.CosmosDBManagementClient/1.10.1"
        ]
      },
      "RequestBody": "",
      "ResponseHeaders": {
        "Cache-Control": [
          "no-store, no-cache"
        ],
        "Pragma": [
          "no-cache"
        ],
        "Strict-Transport-Security": [
          "max-age=31536000; includeSubDomains"
        ],
        "x-ms-gatewayversion": [
          "version=2.14.0"
        ],
        "Server": [
          "Microsoft-HTTPAPI/2.0"
        ],
        "x-ms-ratelimit-remaining-subscription-reads": [
          "11988"
        ],
        "x-ms-request-id": [
          "5a328f90-0292-4c30-9743-7b078514b25b"
        ],
        "x-ms-correlation-request-id": [
          "5a328f90-0292-4c30-9743-7b078514b25b"
        ],
        "x-ms-routing-request-id": [
          "WESTUS:20230503T004744Z:5a328f90-0292-4c30-9743-7b078514b25b"
        ],
        "X-Content-Type-Options": [
          "nosniff"
        ],
        "Date": [
          "Wed, 03 May 2023 00:47:43 GMT"
        ],
        "Content-Length": [
          "21"
        ],
        "Content-Type": [
          "application/json"
        ]
      },
      "ResponseBody": "{\r\n  \"status\": \"Dequeued\"\r\n}",
      "StatusCode": 200
    },
    {
      "RequestUri": "/subscriptions/259fbb24-9bcd-4cfc-865c-fc33b22fe38a/providers/Microsoft.DocumentDB/locations/eastus/operationsStatus/59bef4ed-0f7f-4a1e-8495-d0965b9f4a1a?api-version=2023-04-15",
      "EncodedRequestUri": "L3N1YnNjcmlwdGlvbnMvMjU5ZmJiMjQtOWJjZC00Y2ZjLTg2NWMtZmMzM2IyMmZlMzhhL3Byb3ZpZGVycy9NaWNyb3NvZnQuRG9jdW1lbnREQi9sb2NhdGlvbnMvZWFzdHVzL29wZXJhdGlvbnNTdGF0dXMvNTliZWY0ZWQtMGY3Zi00YTFlLTg0OTUtZDA5NjViOWY0YTFhP2FwaS12ZXJzaW9uPTIwMjMtMDQtMTU=",
      "RequestMethod": "GET",
      "RequestHeaders": {
        "x-ms-client-request-id": [
          "e27ca104-71da-489f-a5c3-8621d73c9574"
        ],
        "User-Agent": [
          "FxVersion/4.700.22.55902",
          "OSName/Windows",
          "OSVersion/Microsoft.Windows.10.0.22621",
          "Microsoft.Azure.Management.CosmosDB.CosmosDBManagementClient/1.10.1"
        ]
      },
      "RequestBody": "",
      "ResponseHeaders": {
        "Cache-Control": [
          "no-store, no-cache"
        ],
        "Pragma": [
          "no-cache"
        ],
        "Strict-Transport-Security": [
          "max-age=31536000; includeSubDomains"
        ],
        "x-ms-gatewayversion": [
          "version=2.14.0"
        ],
        "Server": [
          "Microsoft-HTTPAPI/2.0"
        ],
        "x-ms-ratelimit-remaining-subscription-reads": [
          "11987"
        ],
        "x-ms-request-id": [
          "ff7e4035-3763-4710-a453-1edcd1267fb7"
        ],
        "x-ms-correlation-request-id": [
          "ff7e4035-3763-4710-a453-1edcd1267fb7"
        ],
        "x-ms-routing-request-id": [
          "WESTUS:20230503T004814Z:ff7e4035-3763-4710-a453-1edcd1267fb7"
        ],
        "X-Content-Type-Options": [
          "nosniff"
        ],
        "Date": [
          "Wed, 03 May 2023 00:48:14 GMT"
        ],
        "Content-Length": [
          "21"
        ],
        "Content-Type": [
          "application/json"
        ]
      },
      "ResponseBody": "{\r\n  \"status\": \"Dequeued\"\r\n}",
      "StatusCode": 200
    },
    {
      "RequestUri": "/subscriptions/259fbb24-9bcd-4cfc-865c-fc33b22fe38a/providers/Microsoft.DocumentDB/locations/eastus/operationsStatus/59bef4ed-0f7f-4a1e-8495-d0965b9f4a1a?api-version=2023-04-15",
      "EncodedRequestUri": "L3N1YnNjcmlwdGlvbnMvMjU5ZmJiMjQtOWJjZC00Y2ZjLTg2NWMtZmMzM2IyMmZlMzhhL3Byb3ZpZGVycy9NaWNyb3NvZnQuRG9jdW1lbnREQi9sb2NhdGlvbnMvZWFzdHVzL29wZXJhdGlvbnNTdGF0dXMvNTliZWY0ZWQtMGY3Zi00YTFlLTg0OTUtZDA5NjViOWY0YTFhP2FwaS12ZXJzaW9uPTIwMjMtMDQtMTU=",
      "RequestMethod": "GET",
      "RequestHeaders": {
        "x-ms-client-request-id": [
          "e27ca104-71da-489f-a5c3-8621d73c9574"
        ],
        "User-Agent": [
          "FxVersion/4.700.22.55902",
          "OSName/Windows",
          "OSVersion/Microsoft.Windows.10.0.22621",
          "Microsoft.Azure.Management.CosmosDB.CosmosDBManagementClient/1.10.1"
        ]
      },
      "RequestBody": "",
      "ResponseHeaders": {
        "Cache-Control": [
          "no-store, no-cache"
        ],
        "Pragma": [
          "no-cache"
        ],
        "Strict-Transport-Security": [
          "max-age=31536000; includeSubDomains"
        ],
        "x-ms-gatewayversion": [
          "version=2.14.0"
        ],
        "Server": [
          "Microsoft-HTTPAPI/2.0"
        ],
        "x-ms-ratelimit-remaining-subscription-reads": [
          "11986"
        ],
        "x-ms-request-id": [
          "d1e54241-308a-4ba9-a9b6-cc84c18a498a"
        ],
        "x-ms-correlation-request-id": [
          "d1e54241-308a-4ba9-a9b6-cc84c18a498a"
        ],
        "x-ms-routing-request-id": [
          "WESTUS:20230503T004844Z:d1e54241-308a-4ba9-a9b6-cc84c18a498a"
        ],
        "X-Content-Type-Options": [
          "nosniff"
        ],
        "Date": [
          "Wed, 03 May 2023 00:48:44 GMT"
        ],
        "Content-Length": [
          "21"
        ],
        "Content-Type": [
          "application/json"
        ]
      },
      "ResponseBody": "{\r\n  \"status\": \"Dequeued\"\r\n}",
      "StatusCode": 200
    },
    {
      "RequestUri": "/subscriptions/259fbb24-9bcd-4cfc-865c-fc33b22fe38a/providers/Microsoft.DocumentDB/locations/eastus/operationsStatus/59bef4ed-0f7f-4a1e-8495-d0965b9f4a1a?api-version=2023-04-15",
      "EncodedRequestUri": "L3N1YnNjcmlwdGlvbnMvMjU5ZmJiMjQtOWJjZC00Y2ZjLTg2NWMtZmMzM2IyMmZlMzhhL3Byb3ZpZGVycy9NaWNyb3NvZnQuRG9jdW1lbnREQi9sb2NhdGlvbnMvZWFzdHVzL29wZXJhdGlvbnNTdGF0dXMvNTliZWY0ZWQtMGY3Zi00YTFlLTg0OTUtZDA5NjViOWY0YTFhP2FwaS12ZXJzaW9uPTIwMjMtMDQtMTU=",
      "RequestMethod": "GET",
      "RequestHeaders": {
        "x-ms-client-request-id": [
          "e27ca104-71da-489f-a5c3-8621d73c9574"
        ],
        "User-Agent": [
          "FxVersion/4.700.22.55902",
          "OSName/Windows",
          "OSVersion/Microsoft.Windows.10.0.22621",
          "Microsoft.Azure.Management.CosmosDB.CosmosDBManagementClient/1.10.1"
        ]
      },
      "RequestBody": "",
      "ResponseHeaders": {
        "Cache-Control": [
          "no-store, no-cache"
        ],
        "Pragma": [
          "no-cache"
        ],
        "Strict-Transport-Security": [
          "max-age=31536000; includeSubDomains"
        ],
        "x-ms-gatewayversion": [
          "version=2.14.0"
        ],
        "Server": [
          "Microsoft-HTTPAPI/2.0"
        ],
        "x-ms-ratelimit-remaining-subscription-reads": [
          "11985"
        ],
        "x-ms-request-id": [
          "c4c66796-b26e-4ce2-a1d6-0781ba0c1e2f"
        ],
        "x-ms-correlation-request-id": [
          "c4c66796-b26e-4ce2-a1d6-0781ba0c1e2f"
        ],
        "x-ms-routing-request-id": [
          "WESTUS:20230503T004914Z:c4c66796-b26e-4ce2-a1d6-0781ba0c1e2f"
        ],
        "X-Content-Type-Options": [
          "nosniff"
        ],
        "Date": [
          "Wed, 03 May 2023 00:49:14 GMT"
        ],
        "Content-Length": [
          "21"
        ],
        "Content-Type": [
          "application/json"
        ]
      },
      "ResponseBody": "{\r\n  \"status\": \"Dequeued\"\r\n}",
      "StatusCode": 200
    },
    {
      "RequestUri": "/subscriptions/259fbb24-9bcd-4cfc-865c-fc33b22fe38a/providers/Microsoft.DocumentDB/locations/eastus/operationsStatus/59bef4ed-0f7f-4a1e-8495-d0965b9f4a1a?api-version=2023-04-15",
      "EncodedRequestUri": "L3N1YnNjcmlwdGlvbnMvMjU5ZmJiMjQtOWJjZC00Y2ZjLTg2NWMtZmMzM2IyMmZlMzhhL3Byb3ZpZGVycy9NaWNyb3NvZnQuRG9jdW1lbnREQi9sb2NhdGlvbnMvZWFzdHVzL29wZXJhdGlvbnNTdGF0dXMvNTliZWY0ZWQtMGY3Zi00YTFlLTg0OTUtZDA5NjViOWY0YTFhP2FwaS12ZXJzaW9uPTIwMjMtMDQtMTU=",
      "RequestMethod": "GET",
      "RequestHeaders": {
        "x-ms-client-request-id": [
          "e27ca104-71da-489f-a5c3-8621d73c9574"
        ],
        "User-Agent": [
          "FxVersion/4.700.22.55902",
          "OSName/Windows",
          "OSVersion/Microsoft.Windows.10.0.22621",
          "Microsoft.Azure.Management.CosmosDB.CosmosDBManagementClient/1.10.1"
        ]
      },
      "RequestBody": "",
      "ResponseHeaders": {
        "Cache-Control": [
          "no-store, no-cache"
        ],
        "Pragma": [
          "no-cache"
        ],
        "Strict-Transport-Security": [
          "max-age=31536000; includeSubDomains"
        ],
        "x-ms-gatewayversion": [
          "version=2.14.0"
        ],
        "Server": [
          "Microsoft-HTTPAPI/2.0"
        ],
        "x-ms-ratelimit-remaining-subscription-reads": [
          "11984"
        ],
        "x-ms-request-id": [
          "d9ac45d6-69c7-4287-b32a-d34c784d7e6c"
        ],
        "x-ms-correlation-request-id": [
          "d9ac45d6-69c7-4287-b32a-d34c784d7e6c"
        ],
        "x-ms-routing-request-id": [
          "WESTUS:20230503T004944Z:d9ac45d6-69c7-4287-b32a-d34c784d7e6c"
        ],
        "X-Content-Type-Options": [
          "nosniff"
        ],
        "Date": [
          "Wed, 03 May 2023 00:49:44 GMT"
        ],
        "Content-Length": [
          "21"
        ],
        "Content-Type": [
          "application/json"
        ]
      },
      "ResponseBody": "{\r\n  \"status\": \"Dequeued\"\r\n}",
      "StatusCode": 200
    },
    {
      "RequestUri": "/subscriptions/259fbb24-9bcd-4cfc-865c-fc33b22fe38a/providers/Microsoft.DocumentDB/locations/eastus/operationsStatus/59bef4ed-0f7f-4a1e-8495-d0965b9f4a1a?api-version=2023-04-15",
      "EncodedRequestUri": "L3N1YnNjcmlwdGlvbnMvMjU5ZmJiMjQtOWJjZC00Y2ZjLTg2NWMtZmMzM2IyMmZlMzhhL3Byb3ZpZGVycy9NaWNyb3NvZnQuRG9jdW1lbnREQi9sb2NhdGlvbnMvZWFzdHVzL29wZXJhdGlvbnNTdGF0dXMvNTliZWY0ZWQtMGY3Zi00YTFlLTg0OTUtZDA5NjViOWY0YTFhP2FwaS12ZXJzaW9uPTIwMjMtMDQtMTU=",
      "RequestMethod": "GET",
      "RequestHeaders": {
        "x-ms-client-request-id": [
          "e27ca104-71da-489f-a5c3-8621d73c9574"
        ],
        "User-Agent": [
          "FxVersion/4.700.22.55902",
          "OSName/Windows",
          "OSVersion/Microsoft.Windows.10.0.22621",
          "Microsoft.Azure.Management.CosmosDB.CosmosDBManagementClient/1.10.1"
        ]
      },
      "RequestBody": "",
      "ResponseHeaders": {
        "Cache-Control": [
          "no-store, no-cache"
        ],
        "Pragma": [
          "no-cache"
        ],
        "Strict-Transport-Security": [
          "max-age=31536000; includeSubDomains"
        ],
        "x-ms-gatewayversion": [
          "version=2.14.0"
        ],
        "Server": [
          "Microsoft-HTTPAPI/2.0"
        ],
        "x-ms-ratelimit-remaining-subscription-reads": [
          "11983"
        ],
        "x-ms-request-id": [
          "88729680-c979-4b4b-b977-9d84a0ee0165"
        ],
        "x-ms-correlation-request-id": [
          "88729680-c979-4b4b-b977-9d84a0ee0165"
        ],
        "x-ms-routing-request-id": [
          "WESTUS:20230503T005015Z:88729680-c979-4b4b-b977-9d84a0ee0165"
        ],
        "X-Content-Type-Options": [
          "nosniff"
        ],
        "Date": [
          "Wed, 03 May 2023 00:50:14 GMT"
        ],
        "Content-Length": [
          "21"
        ],
        "Content-Type": [
          "application/json"
        ]
      },
      "ResponseBody": "{\r\n  \"status\": \"Dequeued\"\r\n}",
      "StatusCode": 200
    },
    {
      "RequestUri": "/subscriptions/259fbb24-9bcd-4cfc-865c-fc33b22fe38a/providers/Microsoft.DocumentDB/locations/eastus/operationsStatus/59bef4ed-0f7f-4a1e-8495-d0965b9f4a1a?api-version=2023-04-15",
      "EncodedRequestUri": "L3N1YnNjcmlwdGlvbnMvMjU5ZmJiMjQtOWJjZC00Y2ZjLTg2NWMtZmMzM2IyMmZlMzhhL3Byb3ZpZGVycy9NaWNyb3NvZnQuRG9jdW1lbnREQi9sb2NhdGlvbnMvZWFzdHVzL29wZXJhdGlvbnNTdGF0dXMvNTliZWY0ZWQtMGY3Zi00YTFlLTg0OTUtZDA5NjViOWY0YTFhP2FwaS12ZXJzaW9uPTIwMjMtMDQtMTU=",
      "RequestMethod": "GET",
      "RequestHeaders": {
        "x-ms-client-request-id": [
          "e27ca104-71da-489f-a5c3-8621d73c9574"
        ],
        "User-Agent": [
          "FxVersion/4.700.22.55902",
          "OSName/Windows",
          "OSVersion/Microsoft.Windows.10.0.22621",
          "Microsoft.Azure.Management.CosmosDB.CosmosDBManagementClient/1.10.1"
        ]
      },
      "RequestBody": "",
      "ResponseHeaders": {
        "Cache-Control": [
          "no-store, no-cache"
        ],
        "Pragma": [
          "no-cache"
        ],
        "Strict-Transport-Security": [
          "max-age=31536000; includeSubDomains"
        ],
        "x-ms-gatewayversion": [
          "version=2.14.0"
        ],
        "Server": [
          "Microsoft-HTTPAPI/2.0"
        ],
        "x-ms-ratelimit-remaining-subscription-reads": [
          "11982"
        ],
        "x-ms-request-id": [
          "d738a43a-2579-46a7-9920-cbbd24020a2d"
        ],
        "x-ms-correlation-request-id": [
          "d738a43a-2579-46a7-9920-cbbd24020a2d"
        ],
        "x-ms-routing-request-id": [
          "WESTUS:20230503T005045Z:d738a43a-2579-46a7-9920-cbbd24020a2d"
        ],
        "X-Content-Type-Options": [
          "nosniff"
        ],
        "Date": [
          "Wed, 03 May 2023 00:50:45 GMT"
        ],
        "Content-Length": [
          "21"
        ],
        "Content-Type": [
          "application/json"
        ]
      },
      "ResponseBody": "{\r\n  \"status\": \"Dequeued\"\r\n}",
      "StatusCode": 200
    },
    {
      "RequestUri": "/subscriptions/259fbb24-9bcd-4cfc-865c-fc33b22fe38a/providers/Microsoft.DocumentDB/locations/eastus/operationsStatus/59bef4ed-0f7f-4a1e-8495-d0965b9f4a1a?api-version=2023-04-15",
      "EncodedRequestUri": "L3N1YnNjcmlwdGlvbnMvMjU5ZmJiMjQtOWJjZC00Y2ZjLTg2NWMtZmMzM2IyMmZlMzhhL3Byb3ZpZGVycy9NaWNyb3NvZnQuRG9jdW1lbnREQi9sb2NhdGlvbnMvZWFzdHVzL29wZXJhdGlvbnNTdGF0dXMvNTliZWY0ZWQtMGY3Zi00YTFlLTg0OTUtZDA5NjViOWY0YTFhP2FwaS12ZXJzaW9uPTIwMjMtMDQtMTU=",
      "RequestMethod": "GET",
      "RequestHeaders": {
        "x-ms-client-request-id": [
          "e27ca104-71da-489f-a5c3-8621d73c9574"
        ],
        "User-Agent": [
          "FxVersion/4.700.22.55902",
          "OSName/Windows",
          "OSVersion/Microsoft.Windows.10.0.22621",
          "Microsoft.Azure.Management.CosmosDB.CosmosDBManagementClient/1.10.1"
        ]
      },
      "RequestBody": "",
      "ResponseHeaders": {
        "Cache-Control": [
          "no-store, no-cache"
        ],
        "Pragma": [
          "no-cache"
        ],
        "Strict-Transport-Security": [
          "max-age=31536000; includeSubDomains"
        ],
        "x-ms-gatewayversion": [
          "version=2.14.0"
        ],
        "Server": [
          "Microsoft-HTTPAPI/2.0"
        ],
        "x-ms-ratelimit-remaining-subscription-reads": [
          "11981"
        ],
        "x-ms-request-id": [
          "fae49143-57d1-47f7-aa0d-ba93af3a8e7e"
        ],
        "x-ms-correlation-request-id": [
          "fae49143-57d1-47f7-aa0d-ba93af3a8e7e"
        ],
        "x-ms-routing-request-id": [
          "WESTUS:20230503T005115Z:fae49143-57d1-47f7-aa0d-ba93af3a8e7e"
        ],
        "X-Content-Type-Options": [
          "nosniff"
        ],
        "Date": [
          "Wed, 03 May 2023 00:51:15 GMT"
        ],
        "Content-Length": [
          "21"
        ],
        "Content-Type": [
          "application/json"
        ]
      },
      "ResponseBody": "{\r\n  \"status\": \"Dequeued\"\r\n}",
      "StatusCode": 200
    },
    {
      "RequestUri": "/subscriptions/259fbb24-9bcd-4cfc-865c-fc33b22fe38a/providers/Microsoft.DocumentDB/locations/eastus/operationsStatus/59bef4ed-0f7f-4a1e-8495-d0965b9f4a1a?api-version=2023-04-15",
      "EncodedRequestUri": "L3N1YnNjcmlwdGlvbnMvMjU5ZmJiMjQtOWJjZC00Y2ZjLTg2NWMtZmMzM2IyMmZlMzhhL3Byb3ZpZGVycy9NaWNyb3NvZnQuRG9jdW1lbnREQi9sb2NhdGlvbnMvZWFzdHVzL29wZXJhdGlvbnNTdGF0dXMvNTliZWY0ZWQtMGY3Zi00YTFlLTg0OTUtZDA5NjViOWY0YTFhP2FwaS12ZXJzaW9uPTIwMjMtMDQtMTU=",
      "RequestMethod": "GET",
      "RequestHeaders": {
        "x-ms-client-request-id": [
          "e27ca104-71da-489f-a5c3-8621d73c9574"
        ],
        "User-Agent": [
          "FxVersion/4.700.22.55902",
          "OSName/Windows",
          "OSVersion/Microsoft.Windows.10.0.22621",
          "Microsoft.Azure.Management.CosmosDB.CosmosDBManagementClient/1.10.1"
        ]
      },
      "RequestBody": "",
      "ResponseHeaders": {
        "Cache-Control": [
          "no-store, no-cache"
        ],
        "Pragma": [
          "no-cache"
        ],
        "Strict-Transport-Security": [
          "max-age=31536000; includeSubDomains"
        ],
        "x-ms-gatewayversion": [
          "version=2.14.0"
        ],
        "Server": [
          "Microsoft-HTTPAPI/2.0"
        ],
        "x-ms-ratelimit-remaining-subscription-reads": [
          "11980"
        ],
        "x-ms-request-id": [
          "044a9744-e6a2-4a98-8a6d-2ae5b88965ee"
        ],
        "x-ms-correlation-request-id": [
          "044a9744-e6a2-4a98-8a6d-2ae5b88965ee"
        ],
        "x-ms-routing-request-id": [
          "WESTUS:20230503T005145Z:044a9744-e6a2-4a98-8a6d-2ae5b88965ee"
        ],
        "X-Content-Type-Options": [
          "nosniff"
        ],
        "Date": [
          "Wed, 03 May 2023 00:51:44 GMT"
        ],
        "Content-Length": [
          "21"
        ],
        "Content-Type": [
          "application/json"
        ]
      },
      "ResponseBody": "{\r\n  \"status\": \"Dequeued\"\r\n}",
      "StatusCode": 200
    },
    {
      "RequestUri": "/subscriptions/259fbb24-9bcd-4cfc-865c-fc33b22fe38a/providers/Microsoft.DocumentDB/locations/eastus/operationsStatus/59bef4ed-0f7f-4a1e-8495-d0965b9f4a1a?api-version=2023-04-15",
      "EncodedRequestUri": "L3N1YnNjcmlwdGlvbnMvMjU5ZmJiMjQtOWJjZC00Y2ZjLTg2NWMtZmMzM2IyMmZlMzhhL3Byb3ZpZGVycy9NaWNyb3NvZnQuRG9jdW1lbnREQi9sb2NhdGlvbnMvZWFzdHVzL29wZXJhdGlvbnNTdGF0dXMvNTliZWY0ZWQtMGY3Zi00YTFlLTg0OTUtZDA5NjViOWY0YTFhP2FwaS12ZXJzaW9uPTIwMjMtMDQtMTU=",
      "RequestMethod": "GET",
      "RequestHeaders": {
        "x-ms-client-request-id": [
          "e27ca104-71da-489f-a5c3-8621d73c9574"
        ],
        "User-Agent": [
          "FxVersion/4.700.22.55902",
          "OSName/Windows",
          "OSVersion/Microsoft.Windows.10.0.22621",
          "Microsoft.Azure.Management.CosmosDB.CosmosDBManagementClient/1.10.1"
        ]
      },
      "RequestBody": "",
      "ResponseHeaders": {
        "Cache-Control": [
          "no-store, no-cache"
        ],
        "Pragma": [
          "no-cache"
        ],
        "Strict-Transport-Security": [
          "max-age=31536000; includeSubDomains"
        ],
        "x-ms-gatewayversion": [
          "version=2.14.0"
        ],
        "Server": [
          "Microsoft-HTTPAPI/2.0"
        ],
        "x-ms-ratelimit-remaining-subscription-reads": [
          "11979"
        ],
        "x-ms-request-id": [
          "c839918d-7d2d-46a9-b010-32aff2234de8"
        ],
        "x-ms-correlation-request-id": [
          "c839918d-7d2d-46a9-b010-32aff2234de8"
        ],
        "x-ms-routing-request-id": [
          "WESTUS:20230503T005215Z:c839918d-7d2d-46a9-b010-32aff2234de8"
        ],
        "X-Content-Type-Options": [
          "nosniff"
        ],
        "Date": [
          "Wed, 03 May 2023 00:52:15 GMT"
        ],
        "Content-Length": [
          "21"
        ],
        "Content-Type": [
          "application/json"
        ]
      },
      "ResponseBody": "{\r\n  \"status\": \"Dequeued\"\r\n}",
      "StatusCode": 200
    },
    {
      "RequestUri": "/subscriptions/259fbb24-9bcd-4cfc-865c-fc33b22fe38a/providers/Microsoft.DocumentDB/locations/eastus/operationsStatus/59bef4ed-0f7f-4a1e-8495-d0965b9f4a1a?api-version=2023-04-15",
      "EncodedRequestUri": "L3N1YnNjcmlwdGlvbnMvMjU5ZmJiMjQtOWJjZC00Y2ZjLTg2NWMtZmMzM2IyMmZlMzhhL3Byb3ZpZGVycy9NaWNyb3NvZnQuRG9jdW1lbnREQi9sb2NhdGlvbnMvZWFzdHVzL29wZXJhdGlvbnNTdGF0dXMvNTliZWY0ZWQtMGY3Zi00YTFlLTg0OTUtZDA5NjViOWY0YTFhP2FwaS12ZXJzaW9uPTIwMjMtMDQtMTU=",
      "RequestMethod": "GET",
      "RequestHeaders": {
        "x-ms-client-request-id": [
          "e27ca104-71da-489f-a5c3-8621d73c9574"
        ],
        "User-Agent": [
          "FxVersion/4.700.22.55902",
          "OSName/Windows",
          "OSVersion/Microsoft.Windows.10.0.22621",
          "Microsoft.Azure.Management.CosmosDB.CosmosDBManagementClient/1.10.1"
        ]
      },
      "RequestBody": "",
      "ResponseHeaders": {
        "Cache-Control": [
          "no-store, no-cache"
        ],
        "Pragma": [
          "no-cache"
        ],
        "Strict-Transport-Security": [
          "max-age=31536000; includeSubDomains"
        ],
        "x-ms-gatewayversion": [
          "version=2.14.0"
        ],
        "Server": [
          "Microsoft-HTTPAPI/2.0"
        ],
        "x-ms-ratelimit-remaining-subscription-reads": [
          "11978"
        ],
        "x-ms-request-id": [
          "7d5d0d28-2a75-4ef3-9b98-cc609e127773"
        ],
        "x-ms-correlation-request-id": [
          "7d5d0d28-2a75-4ef3-9b98-cc609e127773"
        ],
        "x-ms-routing-request-id": [
          "WESTUS:20230503T005246Z:7d5d0d28-2a75-4ef3-9b98-cc609e127773"
        ],
        "X-Content-Type-Options": [
          "nosniff"
        ],
        "Date": [
          "Wed, 03 May 2023 00:52:45 GMT"
        ],
        "Content-Length": [
          "21"
        ],
        "Content-Type": [
          "application/json"
        ]
      },
      "ResponseBody": "{\r\n  \"status\": \"Dequeued\"\r\n}",
      "StatusCode": 200
    },
    {
      "RequestUri": "/subscriptions/259fbb24-9bcd-4cfc-865c-fc33b22fe38a/providers/Microsoft.DocumentDB/locations/eastus/operationsStatus/59bef4ed-0f7f-4a1e-8495-d0965b9f4a1a?api-version=2023-04-15",
      "EncodedRequestUri": "L3N1YnNjcmlwdGlvbnMvMjU5ZmJiMjQtOWJjZC00Y2ZjLTg2NWMtZmMzM2IyMmZlMzhhL3Byb3ZpZGVycy9NaWNyb3NvZnQuRG9jdW1lbnREQi9sb2NhdGlvbnMvZWFzdHVzL29wZXJhdGlvbnNTdGF0dXMvNTliZWY0ZWQtMGY3Zi00YTFlLTg0OTUtZDA5NjViOWY0YTFhP2FwaS12ZXJzaW9uPTIwMjMtMDQtMTU=",
      "RequestMethod": "GET",
      "RequestHeaders": {
        "x-ms-client-request-id": [
          "e27ca104-71da-489f-a5c3-8621d73c9574"
        ],
        "User-Agent": [
          "FxVersion/4.700.22.55902",
          "OSName/Windows",
          "OSVersion/Microsoft.Windows.10.0.22621",
          "Microsoft.Azure.Management.CosmosDB.CosmosDBManagementClient/1.10.1"
        ]
      },
      "RequestBody": "",
      "ResponseHeaders": {
        "Cache-Control": [
          "no-store, no-cache"
        ],
        "Pragma": [
          "no-cache"
        ],
        "Strict-Transport-Security": [
          "max-age=31536000; includeSubDomains"
        ],
        "x-ms-gatewayversion": [
          "version=2.14.0"
        ],
        "Server": [
          "Microsoft-HTTPAPI/2.0"
        ],
        "x-ms-ratelimit-remaining-subscription-reads": [
          "11977"
        ],
        "x-ms-request-id": [
          "25ee70e8-2590-444e-a476-cb5a93f85a3a"
        ],
        "x-ms-correlation-request-id": [
          "25ee70e8-2590-444e-a476-cb5a93f85a3a"
        ],
        "x-ms-routing-request-id": [
          "WESTUS:20230503T005316Z:25ee70e8-2590-444e-a476-cb5a93f85a3a"
        ],
        "X-Content-Type-Options": [
          "nosniff"
        ],
        "Date": [
          "Wed, 03 May 2023 00:53:15 GMT"
        ],
        "Content-Length": [
          "21"
        ],
        "Content-Type": [
          "application/json"
        ]
      },
      "ResponseBody": "{\r\n  \"status\": \"Dequeued\"\r\n}",
      "StatusCode": 200
    },
    {
      "RequestUri": "/subscriptions/259fbb24-9bcd-4cfc-865c-fc33b22fe38a/providers/Microsoft.DocumentDB/locations/eastus/operationsStatus/59bef4ed-0f7f-4a1e-8495-d0965b9f4a1a?api-version=2023-04-15",
      "EncodedRequestUri": "L3N1YnNjcmlwdGlvbnMvMjU5ZmJiMjQtOWJjZC00Y2ZjLTg2NWMtZmMzM2IyMmZlMzhhL3Byb3ZpZGVycy9NaWNyb3NvZnQuRG9jdW1lbnREQi9sb2NhdGlvbnMvZWFzdHVzL29wZXJhdGlvbnNTdGF0dXMvNTliZWY0ZWQtMGY3Zi00YTFlLTg0OTUtZDA5NjViOWY0YTFhP2FwaS12ZXJzaW9uPTIwMjMtMDQtMTU=",
      "RequestMethod": "GET",
      "RequestHeaders": {
        "x-ms-client-request-id": [
          "e27ca104-71da-489f-a5c3-8621d73c9574"
        ],
        "User-Agent": [
          "FxVersion/4.700.22.55902",
          "OSName/Windows",
          "OSVersion/Microsoft.Windows.10.0.22621",
          "Microsoft.Azure.Management.CosmosDB.CosmosDBManagementClient/1.10.1"
        ]
      },
      "RequestBody": "",
      "ResponseHeaders": {
        "Cache-Control": [
          "no-store, no-cache"
        ],
        "Pragma": [
          "no-cache"
        ],
        "Strict-Transport-Security": [
          "max-age=31536000; includeSubDomains"
        ],
        "x-ms-gatewayversion": [
          "version=2.14.0"
        ],
        "Server": [
          "Microsoft-HTTPAPI/2.0"
        ],
        "x-ms-ratelimit-remaining-subscription-reads": [
          "11976"
        ],
        "x-ms-request-id": [
          "9bc1061d-41e8-4152-8f29-b8b3c363d1a6"
        ],
        "x-ms-correlation-request-id": [
          "9bc1061d-41e8-4152-8f29-b8b3c363d1a6"
        ],
        "x-ms-routing-request-id": [
          "WESTUS:20230503T005346Z:9bc1061d-41e8-4152-8f29-b8b3c363d1a6"
        ],
        "X-Content-Type-Options": [
          "nosniff"
        ],
        "Date": [
          "Wed, 03 May 2023 00:53:46 GMT"
        ],
        "Content-Length": [
          "21"
        ],
        "Content-Type": [
          "application/json"
        ]
      },
      "ResponseBody": "{\r\n  \"status\": \"Dequeued\"\r\n}",
      "StatusCode": 200
    },
    {
      "RequestUri": "/subscriptions/259fbb24-9bcd-4cfc-865c-fc33b22fe38a/providers/Microsoft.DocumentDB/locations/eastus/operationsStatus/59bef4ed-0f7f-4a1e-8495-d0965b9f4a1a?api-version=2023-04-15",
      "EncodedRequestUri": "L3N1YnNjcmlwdGlvbnMvMjU5ZmJiMjQtOWJjZC00Y2ZjLTg2NWMtZmMzM2IyMmZlMzhhL3Byb3ZpZGVycy9NaWNyb3NvZnQuRG9jdW1lbnREQi9sb2NhdGlvbnMvZWFzdHVzL29wZXJhdGlvbnNTdGF0dXMvNTliZWY0ZWQtMGY3Zi00YTFlLTg0OTUtZDA5NjViOWY0YTFhP2FwaS12ZXJzaW9uPTIwMjMtMDQtMTU=",
      "RequestMethod": "GET",
      "RequestHeaders": {
        "x-ms-client-request-id": [
          "e27ca104-71da-489f-a5c3-8621d73c9574"
        ],
        "User-Agent": [
          "FxVersion/4.700.22.55902",
          "OSName/Windows",
          "OSVersion/Microsoft.Windows.10.0.22621",
          "Microsoft.Azure.Management.CosmosDB.CosmosDBManagementClient/1.10.1"
        ]
      },
      "RequestBody": "",
      "ResponseHeaders": {
        "Cache-Control": [
          "no-store, no-cache"
        ],
        "Pragma": [
          "no-cache"
        ],
        "Strict-Transport-Security": [
          "max-age=31536000; includeSubDomains"
        ],
        "x-ms-gatewayversion": [
          "version=2.14.0"
        ],
        "Server": [
          "Microsoft-HTTPAPI/2.0"
        ],
        "x-ms-ratelimit-remaining-subscription-reads": [
          "11975"
        ],
        "x-ms-request-id": [
          "60a5cbca-51bb-4fb2-ac2b-6061c1998d25"
        ],
        "x-ms-correlation-request-id": [
          "60a5cbca-51bb-4fb2-ac2b-6061c1998d25"
        ],
        "x-ms-routing-request-id": [
          "WESTUS:20230503T005416Z:60a5cbca-51bb-4fb2-ac2b-6061c1998d25"
        ],
        "X-Content-Type-Options": [
          "nosniff"
        ],
        "Date": [
          "Wed, 03 May 2023 00:54:15 GMT"
        ],
        "Content-Length": [
          "21"
        ],
        "Content-Type": [
          "application/json"
        ]
      },
      "ResponseBody": "{\r\n  \"status\": \"Dequeued\"\r\n}",
      "StatusCode": 200
    },
    {
      "RequestUri": "/subscriptions/259fbb24-9bcd-4cfc-865c-fc33b22fe38a/providers/Microsoft.DocumentDB/locations/eastus/operationsStatus/59bef4ed-0f7f-4a1e-8495-d0965b9f4a1a?api-version=2023-04-15",
      "EncodedRequestUri": "L3N1YnNjcmlwdGlvbnMvMjU5ZmJiMjQtOWJjZC00Y2ZjLTg2NWMtZmMzM2IyMmZlMzhhL3Byb3ZpZGVycy9NaWNyb3NvZnQuRG9jdW1lbnREQi9sb2NhdGlvbnMvZWFzdHVzL29wZXJhdGlvbnNTdGF0dXMvNTliZWY0ZWQtMGY3Zi00YTFlLTg0OTUtZDA5NjViOWY0YTFhP2FwaS12ZXJzaW9uPTIwMjMtMDQtMTU=",
      "RequestMethod": "GET",
      "RequestHeaders": {
        "x-ms-client-request-id": [
          "e27ca104-71da-489f-a5c3-8621d73c9574"
        ],
        "User-Agent": [
          "FxVersion/4.700.22.55902",
          "OSName/Windows",
          "OSVersion/Microsoft.Windows.10.0.22621",
          "Microsoft.Azure.Management.CosmosDB.CosmosDBManagementClient/1.10.1"
        ]
      },
      "RequestBody": "",
      "ResponseHeaders": {
        "Cache-Control": [
          "no-store, no-cache"
        ],
        "Pragma": [
          "no-cache"
        ],
        "Strict-Transport-Security": [
          "max-age=31536000; includeSubDomains"
        ],
        "x-ms-gatewayversion": [
          "version=2.14.0"
        ],
        "Server": [
          "Microsoft-HTTPAPI/2.0"
        ],
        "x-ms-ratelimit-remaining-subscription-reads": [
          "11974"
        ],
        "x-ms-request-id": [
          "6b8b0acb-9341-48e9-a313-0c6bee902079"
        ],
        "x-ms-correlation-request-id": [
          "6b8b0acb-9341-48e9-a313-0c6bee902079"
        ],
        "x-ms-routing-request-id": [
          "WESTUS:20230503T005446Z:6b8b0acb-9341-48e9-a313-0c6bee902079"
        ],
        "X-Content-Type-Options": [
          "nosniff"
        ],
        "Date": [
          "Wed, 03 May 2023 00:54:46 GMT"
        ],
        "Content-Length": [
          "21"
        ],
        "Content-Type": [
          "application/json"
        ]
      },
      "ResponseBody": "{\r\n  \"status\": \"Dequeued\"\r\n}",
      "StatusCode": 200
    },
    {
      "RequestUri": "/subscriptions/259fbb24-9bcd-4cfc-865c-fc33b22fe38a/providers/Microsoft.DocumentDB/locations/eastus/operationsStatus/59bef4ed-0f7f-4a1e-8495-d0965b9f4a1a?api-version=2023-04-15",
      "EncodedRequestUri": "L3N1YnNjcmlwdGlvbnMvMjU5ZmJiMjQtOWJjZC00Y2ZjLTg2NWMtZmMzM2IyMmZlMzhhL3Byb3ZpZGVycy9NaWNyb3NvZnQuRG9jdW1lbnREQi9sb2NhdGlvbnMvZWFzdHVzL29wZXJhdGlvbnNTdGF0dXMvNTliZWY0ZWQtMGY3Zi00YTFlLTg0OTUtZDA5NjViOWY0YTFhP2FwaS12ZXJzaW9uPTIwMjMtMDQtMTU=",
      "RequestMethod": "GET",
      "RequestHeaders": {
        "x-ms-client-request-id": [
          "e27ca104-71da-489f-a5c3-8621d73c9574"
        ],
        "User-Agent": [
          "FxVersion/4.700.22.55902",
          "OSName/Windows",
          "OSVersion/Microsoft.Windows.10.0.22621",
          "Microsoft.Azure.Management.CosmosDB.CosmosDBManagementClient/1.10.1"
        ]
      },
      "RequestBody": "",
      "ResponseHeaders": {
        "Cache-Control": [
          "no-store, no-cache"
        ],
        "Pragma": [
          "no-cache"
        ],
        "Strict-Transport-Security": [
          "max-age=31536000; includeSubDomains"
        ],
        "x-ms-gatewayversion": [
          "version=2.14.0"
        ],
        "Server": [
          "Microsoft-HTTPAPI/2.0"
        ],
        "x-ms-ratelimit-remaining-subscription-reads": [
          "11973"
        ],
        "x-ms-request-id": [
          "ae3b0c86-4820-41e6-aef3-493fdcad9b79"
        ],
        "x-ms-correlation-request-id": [
          "ae3b0c86-4820-41e6-aef3-493fdcad9b79"
        ],
        "x-ms-routing-request-id": [
          "WESTUS:20230503T005516Z:ae3b0c86-4820-41e6-aef3-493fdcad9b79"
        ],
        "X-Content-Type-Options": [
          "nosniff"
        ],
        "Date": [
          "Wed, 03 May 2023 00:55:16 GMT"
        ],
        "Content-Length": [
          "21"
        ],
        "Content-Type": [
          "application/json"
        ]
      },
      "ResponseBody": "{\r\n  \"status\": \"Dequeued\"\r\n}",
      "StatusCode": 200
    },
    {
      "RequestUri": "/subscriptions/259fbb24-9bcd-4cfc-865c-fc33b22fe38a/providers/Microsoft.DocumentDB/locations/eastus/operationsStatus/59bef4ed-0f7f-4a1e-8495-d0965b9f4a1a?api-version=2023-04-15",
      "EncodedRequestUri": "L3N1YnNjcmlwdGlvbnMvMjU5ZmJiMjQtOWJjZC00Y2ZjLTg2NWMtZmMzM2IyMmZlMzhhL3Byb3ZpZGVycy9NaWNyb3NvZnQuRG9jdW1lbnREQi9sb2NhdGlvbnMvZWFzdHVzL29wZXJhdGlvbnNTdGF0dXMvNTliZWY0ZWQtMGY3Zi00YTFlLTg0OTUtZDA5NjViOWY0YTFhP2FwaS12ZXJzaW9uPTIwMjMtMDQtMTU=",
      "RequestMethod": "GET",
      "RequestHeaders": {
        "x-ms-client-request-id": [
          "e27ca104-71da-489f-a5c3-8621d73c9574"
        ],
        "User-Agent": [
          "FxVersion/4.700.22.55902",
          "OSName/Windows",
          "OSVersion/Microsoft.Windows.10.0.22621",
          "Microsoft.Azure.Management.CosmosDB.CosmosDBManagementClient/1.10.1"
        ]
      },
      "RequestBody": "",
      "ResponseHeaders": {
        "Cache-Control": [
          "no-store, no-cache"
        ],
        "Pragma": [
          "no-cache"
        ],
        "Strict-Transport-Security": [
          "max-age=31536000; includeSubDomains"
        ],
        "x-ms-gatewayversion": [
          "version=2.14.0"
        ],
        "Server": [
          "Microsoft-HTTPAPI/2.0"
        ],
        "x-ms-ratelimit-remaining-subscription-reads": [
          "11972"
        ],
        "x-ms-request-id": [
          "e3a46bdf-cbef-4aa3-ae55-47f79ad66484"
        ],
        "x-ms-correlation-request-id": [
          "e3a46bdf-cbef-4aa3-ae55-47f79ad66484"
        ],
        "x-ms-routing-request-id": [
          "WESTUS:20230503T005546Z:e3a46bdf-cbef-4aa3-ae55-47f79ad66484"
        ],
        "X-Content-Type-Options": [
          "nosniff"
        ],
        "Date": [
          "Wed, 03 May 2023 00:55:46 GMT"
        ],
        "Content-Length": [
          "21"
        ],
        "Content-Type": [
          "application/json"
        ]
      },
      "ResponseBody": "{\r\n  \"status\": \"Dequeued\"\r\n}",
      "StatusCode": 200
    },
    {
      "RequestUri": "/subscriptions/259fbb24-9bcd-4cfc-865c-fc33b22fe38a/providers/Microsoft.DocumentDB/locations/eastus/operationsStatus/59bef4ed-0f7f-4a1e-8495-d0965b9f4a1a?api-version=2023-04-15",
      "EncodedRequestUri": "L3N1YnNjcmlwdGlvbnMvMjU5ZmJiMjQtOWJjZC00Y2ZjLTg2NWMtZmMzM2IyMmZlMzhhL3Byb3ZpZGVycy9NaWNyb3NvZnQuRG9jdW1lbnREQi9sb2NhdGlvbnMvZWFzdHVzL29wZXJhdGlvbnNTdGF0dXMvNTliZWY0ZWQtMGY3Zi00YTFlLTg0OTUtZDA5NjViOWY0YTFhP2FwaS12ZXJzaW9uPTIwMjMtMDQtMTU=",
      "RequestMethod": "GET",
      "RequestHeaders": {
        "x-ms-client-request-id": [
          "e27ca104-71da-489f-a5c3-8621d73c9574"
        ],
        "User-Agent": [
          "FxVersion/4.700.22.55902",
          "OSName/Windows",
          "OSVersion/Microsoft.Windows.10.0.22621",
          "Microsoft.Azure.Management.CosmosDB.CosmosDBManagementClient/1.10.1"
        ]
      },
      "RequestBody": "",
      "ResponseHeaders": {
        "Cache-Control": [
          "no-store, no-cache"
        ],
        "Pragma": [
          "no-cache"
        ],
        "Strict-Transport-Security": [
          "max-age=31536000; includeSubDomains"
        ],
        "x-ms-gatewayversion": [
          "version=2.14.0"
        ],
        "Server": [
          "Microsoft-HTTPAPI/2.0"
        ],
        "x-ms-ratelimit-remaining-subscription-reads": [
          "11971"
        ],
        "x-ms-request-id": [
          "0be855c9-7891-4b0a-9e14-9ff34c084710"
        ],
        "x-ms-correlation-request-id": [
          "0be855c9-7891-4b0a-9e14-9ff34c084710"
        ],
        "x-ms-routing-request-id": [
          "WESTUS:20230503T005616Z:0be855c9-7891-4b0a-9e14-9ff34c084710"
        ],
        "X-Content-Type-Options": [
          "nosniff"
        ],
        "Date": [
          "Wed, 03 May 2023 00:56:16 GMT"
        ],
        "Content-Length": [
          "22"
        ],
        "Content-Type": [
          "application/json"
        ]
      },
      "ResponseBody": "{\r\n  \"status\": \"Succeeded\"\r\n}",
      "StatusCode": 200
    }
  ],
  "Names": {},
  "Variables": {
    "SubscriptionId": "259fbb24-9bcd-4cfc-865c-fc33b22fe38a"
  }
}