{
  "Entries": [
    {
      "RequestUri": "/subscriptions/23587e98-b6ac-4328-a753-03bcd3c8e744/resourcegroups/PSCosmosDBResourceGroup51?api-version=2016-09-01",
      "EncodedRequestUri": "L3N1YnNjcmlwdGlvbnMvMjM1ODdlOTgtYjZhYy00MzI4LWE3NTMtMDNiY2QzYzhlNzQ0L3Jlc291cmNlZ3JvdXBzL1BTQ29zbW9zREJSZXNvdXJjZUdyb3VwNTE/YXBpLXZlcnNpb249MjAxNi0wOS0wMQ==",
      "RequestMethod": "PUT",
      "RequestHeaders": {
        "x-ms-client-request-id": [
          "86f2f334-aeca-418c-a27e-3b650bced947"
        ],
        "Accept-Language": [
          "en-US"
        ],
        "User-Agent": [
          "FxVersion/4.700.22.55902",
          "OSName/Windows",
          "OSVersion/Microsoft.Windows.10.0.22621",
          "Microsoft.Azure.Management.Internal.Resources.ResourceManagementClient/1.3.76"
        ],
        "Content-Type": [
          "application/json; charset=utf-8"
        ],
        "Content-Length": [
          "29"
        ]
      },
      "RequestBody": "{\r\n  \"location\": \"West US\"\r\n}",
      "ResponseHeaders": {
        "Cache-Control": [
          "no-cache"
        ],
        "Pragma": [
          "no-cache"
        ],
        "x-ms-ratelimit-remaining-subscription-writes": [
          "1199"
        ],
        "x-ms-request-id": [
          "5e702ae9-26ac-43bd-823d-65c7932eff57"
        ],
        "x-ms-correlation-request-id": [
          "5e702ae9-26ac-43bd-823d-65c7932eff57"
        ],
        "x-ms-routing-request-id": [
          "NORTHCENTRALUS:20230613T223312Z:5e702ae9-26ac-43bd-823d-65c7932eff57"
        ],
        "Strict-Transport-Security": [
          "max-age=31536000; includeSubDomains"
        ],
        "X-Content-Type-Options": [
          "nosniff"
        ],
        "Date": [
          "Tue, 13 Jun 2023 22:33:12 GMT"
        ],
        "Content-Length": [
          "203"
        ],
        "Content-Type": [
          "application/json; charset=utf-8"
        ],
        "Expires": [
          "-1"
        ]
      },
      "ResponseBody": "{\r\n  \"id\": \"/subscriptions/23587e98-b6ac-4328-a753-03bcd3c8e744/resourceGroups/PSCosmosDBResourceGroup51\",\r\n  \"name\": \"PSCosmosDBResourceGroup51\",\r\n  \"location\": \"westus\",\r\n  \"properties\": {\r\n    \"provisioningState\": \"Succeeded\"\r\n  }\r\n}",
      "StatusCode": 201
    },
    {
      "RequestUri": "/subscriptions/23587e98-b6ac-4328-a753-03bcd3c8e744/resourceGroups/PSCosmosDBResourceGroup51/providers/Microsoft.DocumentDB/databaseAccounts/ps-cosmosdb-1251?api-version=2023-04-15",
      "EncodedRequestUri": "L3N1YnNjcmlwdGlvbnMvMjM1ODdlOTgtYjZhYy00MzI4LWE3NTMtMDNiY2QzYzhlNzQ0L3Jlc291cmNlR3JvdXBzL1BTQ29zbW9zREJSZXNvdXJjZUdyb3VwNTEvcHJvdmlkZXJzL01pY3Jvc29mdC5Eb2N1bWVudERCL2RhdGFiYXNlQWNjb3VudHMvcHMtY29zbW9zZGItMTI1MT9hcGktdmVyc2lvbj0yMDIzLTA0LTE1",
      "RequestMethod": "GET",
      "RequestHeaders": {
        "x-ms-client-request-id": [
          "771cc8fc-0c6a-40a5-a53f-a054c0b49581"
        ],
        "Accept-Language": [
          "en-US"
        ],
        "User-Agent": [
          "FxVersion/4.700.22.55902",
          "OSName/Windows",
          "OSVersion/Microsoft.Windows.10.0.22621",
          "Microsoft.Azure.Management.CosmosDB.CosmosDBManagementClient/1.11.0"
        ]
      },
      "RequestBody": "",
      "ResponseHeaders": {
        "Cache-Control": [
          "no-cache"
        ],
        "Pragma": [
          "no-cache"
        ],
        "x-ms-failure-cause": [
          "gateway"
        ],
        "x-ms-request-id": [
          "c1caa61f-acb3-4c62-bf2e-46f6202c53b3"
        ],
        "x-ms-correlation-request-id": [
          "c1caa61f-acb3-4c62-bf2e-46f6202c53b3"
        ],
        "x-ms-routing-request-id": [
          "NORTHCENTRALUS:20230613T223313Z:c1caa61f-acb3-4c62-bf2e-46f6202c53b3"
        ],
        "Strict-Transport-Security": [
          "max-age=31536000; includeSubDomains"
        ],
        "X-Content-Type-Options": [
          "nosniff"
        ],
        "Date": [
          "Tue, 13 Jun 2023 22:33:12 GMT"
        ],
        "Content-Type": [
          "application/json; charset=utf-8"
        ],
        "Expires": [
          "-1"
        ],
        "Content-Length": [
          "251"
        ]
      },
      "ResponseBody": "{\r\n  \"error\": {\r\n    \"code\": \"ResourceNotFound\",\r\n    \"message\": \"The Resource 'Microsoft.DocumentDB/databaseAccounts/ps-cosmosdb-1251' under resource group 'PSCosmosDBResourceGroup51' was not found. For more details please go to https://aka.ms/ARMResourceNotFoundFix\"\r\n  }\r\n}",
      "StatusCode": 404
    },
    {
      "RequestUri": "/subscriptions/23587e98-b6ac-4328-a753-03bcd3c8e744/resourceGroups/PSCosmosDBResourceGroup51/providers/Microsoft.DocumentDB/databaseAccounts/ps-cosmosdb-1251?api-version=2023-04-15",
      "EncodedRequestUri": "L3N1YnNjcmlwdGlvbnMvMjM1ODdlOTgtYjZhYy00MzI4LWE3NTMtMDNiY2QzYzhlNzQ0L3Jlc291cmNlR3JvdXBzL1BTQ29zbW9zREJSZXNvdXJjZUdyb3VwNTEvcHJvdmlkZXJzL01pY3Jvc29mdC5Eb2N1bWVudERCL2RhdGFiYXNlQWNjb3VudHMvcHMtY29zbW9zZGItMTI1MT9hcGktdmVyc2lvbj0yMDIzLTA0LTE1",
      "RequestMethod": "GET",
      "RequestHeaders": {
        "x-ms-client-request-id": [
          "771cc8fc-0c6a-40a5-a53f-a054c0b49581"
        ],
        "User-Agent": [
          "FxVersion/4.700.22.55902",
          "OSName/Windows",
          "OSVersion/Microsoft.Windows.10.0.22621",
          "Microsoft.Azure.Management.CosmosDB.CosmosDBManagementClient/1.11.0"
        ]
      },
      "RequestBody": "",
      "ResponseHeaders": {
        "Cache-Control": [
          "no-store, no-cache"
        ],
        "Pragma": [
          "no-cache"
        ],
        "Strict-Transport-Security": [
          "max-age=31536000; includeSubDomains"
        ],
        "x-ms-gatewayversion": [
          "version=2.14.0"
        ],
        "Server": [
          "Microsoft-HTTPAPI/2.0"
        ],
        "x-ms-ratelimit-remaining-subscription-reads": [
          "11992"
        ],
        "x-ms-request-id": [
          "1ee994d9-5a21-4856-9a98-e08f1da9b388"
        ],
        "x-ms-correlation-request-id": [
          "1ee994d9-5a21-4856-9a98-e08f1da9b388"
        ],
        "x-ms-routing-request-id": [
          "NORTHCENTRALUS:20230613T223621Z:1ee994d9-5a21-4856-9a98-e08f1da9b388"
        ],
        "X-Content-Type-Options": [
          "nosniff"
        ],
        "Date": [
          "Tue, 13 Jun 2023 22:36:21 GMT"
        ],
        "Content-Length": [
          "2609"
        ],
        "Content-Type": [
          "application/json"
        ]
      },
      "ResponseBody": "{\r\n  \"id\": \"/subscriptions/23587e98-b6ac-4328-a753-03bcd3c8e744/resourceGroups/PSCosmosDBResourceGroup51/providers/Microsoft.DocumentDB/databaseAccounts/ps-cosmosdb-1251\",\r\n  \"name\": \"ps-cosmosdb-1251\",\r\n  \"location\": \"West US\",\r\n  \"type\": \"Microsoft.DocumentDB/databaseAccounts\",\r\n  \"kind\": \"GlobalDocumentDB\",\r\n  \"tags\": {},\r\n  \"systemData\": {\r\n    \"createdAt\": \"2023-06-13T22:35:21.5782785Z\"\r\n  },\r\n  \"properties\": {\r\n    \"provisioningState\": \"Succeeded\",\r\n    \"documentEndpoint\": \"https://ps-cosmosdb-1251.documents.azure.com:443/\",\r\n    \"sqlEndpoint\": \"https://ps-cosmosdb-1251.documents.azure.com:443/\",\r\n    \"publicNetworkAccess\": \"Enabled\",\r\n    \"enableAutomaticFailover\": false,\r\n    \"enableMultipleWriteLocations\": false,\r\n    \"enablePartitionKeyMonitor\": false,\r\n    \"isVirtualNetworkFilterEnabled\": false,\r\n    \"virtualNetworkRules\": [],\r\n    \"EnabledApiTypes\": \"Sql\",\r\n    \"disableKeyBasedMetadataWriteAccess\": false,\r\n    \"enableFreeTier\": false,\r\n    \"enableAnalyticalStorage\": false,\r\n    \"analyticalStorageConfiguration\": {\r\n      \"schemaType\": \"WellDefined\"\r\n    },\r\n    \"instanceId\": \"88f670ba-e5f5-4a43-8a13-61577e68584d\",\r\n    \"createMode\": \"Default\",\r\n    \"databaseAccountOfferType\": \"Standard\",\r\n    \"defaultIdentity\": \"FirstPartyIdentity\",\r\n    \"networkAclBypass\": \"None\",\r\n    \"disableLocalAuth\": false,\r\n    \"enablePartitionMerge\": false,\r\n    \"minimalTlsVersion\": \"Tls\",\r\n    \"consistencyPolicy\": {\r\n      \"defaultConsistencyLevel\": \"Session\",\r\n      \"maxIntervalInSeconds\": 5,\r\n      \"maxStalenessPrefix\": 100\r\n    },\r\n    \"configurationOverrides\": {},\r\n    \"writeLocations\": [\r\n      {\r\n        \"id\": \"ps-cosmosdb-1251-westus\",\r\n        \"locationName\": \"West US\",\r\n        \"documentEndpoint\": \"https://ps-cosmosdb-1251-westus.documents.azure.com:443/\",\r\n        \"provisioningState\": \"Succeeded\",\r\n        \"failoverPriority\": 0,\r\n        \"isZoneRedundant\": false\r\n      }\r\n    ],\r\n    \"readLocations\": [\r\n      {\r\n        \"id\": \"ps-cosmosdb-1251-westus\",\r\n        \"locationName\": \"West US\",\r\n        \"documentEndpoint\": \"https://ps-cosmosdb-1251-westus.documents.azure.com:443/\",\r\n        \"provisioningState\": \"Succeeded\",\r\n        \"failoverPriority\": 0,\r\n        \"isZoneRedundant\": false\r\n      }\r\n    ],\r\n    \"locations\": [\r\n      {\r\n        \"id\": \"ps-cosmosdb-1251-westus\",\r\n        \"locationName\": \"West US\",\r\n        \"documentEndpoint\": \"https://ps-cosmosdb-1251-westus.documents.azure.com:443/\",\r\n        \"provisioningState\": \"Succeeded\",\r\n        \"failoverPriority\": 0,\r\n        \"isZoneRedundant\": false\r\n      }\r\n    ],\r\n    \"failoverPolicies\": [\r\n      {\r\n        \"id\": \"ps-cosmosdb-1251-westus\",\r\n        \"locationName\": \"West US\",\r\n        \"failoverPriority\": 0\r\n      }\r\n    ],\r\n    \"cors\": [],\r\n    \"capabilities\": [],\r\n    \"ipRules\": [],\r\n    \"backupPolicy\": {\r\n      \"type\": \"Continuous\",\r\n      \"continuousModeProperties\": {\r\n        \"tier\": \"Continuous7Days\"\r\n      }\r\n    },\r\n    \"networkAclBypassResourceIds\": [],\r\n    \"keysMetadata\": {\r\n      \"primaryMasterKey\": {\r\n        \"generationTime\": \"2023-06-13T22:35:21.5782785Z\"\r\n      },\r\n      \"secondaryMasterKey\": {\r\n        \"generationTime\": \"2023-06-13T22:35:21.5782785Z\"\r\n      },\r\n      \"primaryReadonlyMasterKey\": {\r\n        \"generationTime\": \"2023-06-13T22:35:21.5782785Z\"\r\n      },\r\n      \"secondaryReadonlyMasterKey\": {\r\n        \"generationTime\": \"2023-06-13T22:35:21.5782785Z\"\r\n      }\r\n    }\r\n  },\r\n  \"identity\": {\r\n    \"type\": \"None\"\r\n  }\r\n}",
      "StatusCode": 200
    },
    {
      "RequestUri": "/subscriptions/23587e98-b6ac-4328-a753-03bcd3c8e744/resourceGroups/PSCosmosDBResourceGroup51/providers/Microsoft.DocumentDB/databaseAccounts/ps-cosmosdb-1251?api-version=2023-04-15",
      "EncodedRequestUri": "L3N1YnNjcmlwdGlvbnMvMjM1ODdlOTgtYjZhYy00MzI4LWE3NTMtMDNiY2QzYzhlNzQ0L3Jlc291cmNlR3JvdXBzL1BTQ29zbW9zREJSZXNvdXJjZUdyb3VwNTEvcHJvdmlkZXJzL01pY3Jvc29mdC5Eb2N1bWVudERCL2RhdGFiYXNlQWNjb3VudHMvcHMtY29zbW9zZGItMTI1MT9hcGktdmVyc2lvbj0yMDIzLTA0LTE1",
      "RequestMethod": "GET",
      "RequestHeaders": {
        "x-ms-client-request-id": [
          "d4b80c1a-5b1c-48a7-9c9b-0ed231427797"
        ],
        "Accept-Language": [
          "en-US"
        ],
        "User-Agent": [
          "FxVersion/4.700.22.55902",
          "OSName/Windows",
          "OSVersion/Microsoft.Windows.10.0.22621",
          "Microsoft.Azure.Management.CosmosDB.CosmosDBManagementClient/1.11.0"
        ]
      },
      "RequestBody": "",
      "ResponseHeaders": {
        "Cache-Control": [
          "no-store, no-cache"
        ],
        "Pragma": [
          "no-cache"
        ],
        "Strict-Transport-Security": [
          "max-age=31536000; includeSubDomains"
        ],
        "x-ms-gatewayversion": [
          "version=2.14.0"
        ],
        "Server": [
          "Microsoft-HTTPAPI/2.0"
        ],
        "x-ms-ratelimit-remaining-subscription-reads": [
          "11999"
        ],
        "x-ms-request-id": [
          "ea05ca6e-a513-49fb-a94f-eb86a7e1a05d"
        ],
        "x-ms-correlation-request-id": [
          "ea05ca6e-a513-49fb-a94f-eb86a7e1a05d"
        ],
        "x-ms-routing-request-id": [
          "NORTHCENTRALUS:20230613T223621Z:ea05ca6e-a513-49fb-a94f-eb86a7e1a05d"
        ],
        "X-Content-Type-Options": [
          "nosniff"
        ],
        "Date": [
          "Tue, 13 Jun 2023 22:36:20 GMT"
        ],
        "Content-Length": [
          "2609"
        ],
        "Content-Type": [
          "application/json"
        ]
      },
      "ResponseBody": "{\r\n  \"id\": \"/subscriptions/23587e98-b6ac-4328-a753-03bcd3c8e744/resourceGroups/PSCosmosDBResourceGroup51/providers/Microsoft.DocumentDB/databaseAccounts/ps-cosmosdb-1251\",\r\n  \"name\": \"ps-cosmosdb-1251\",\r\n  \"location\": \"West US\",\r\n  \"type\": \"Microsoft.DocumentDB/databaseAccounts\",\r\n  \"kind\": \"GlobalDocumentDB\",\r\n  \"tags\": {},\r\n  \"systemData\": {\r\n    \"createdAt\": \"2023-06-13T22:35:21.5782785Z\"\r\n  },\r\n  \"properties\": {\r\n    \"provisioningState\": \"Succeeded\",\r\n    \"documentEndpoint\": \"https://ps-cosmosdb-1251.documents.azure.com:443/\",\r\n    \"sqlEndpoint\": \"https://ps-cosmosdb-1251.documents.azure.com:443/\",\r\n    \"publicNetworkAccess\": \"Enabled\",\r\n    \"enableAutomaticFailover\": false,\r\n    \"enableMultipleWriteLocations\": false,\r\n    \"enablePartitionKeyMonitor\": false,\r\n    \"isVirtualNetworkFilterEnabled\": false,\r\n    \"virtualNetworkRules\": [],\r\n    \"EnabledApiTypes\": \"Sql\",\r\n    \"disableKeyBasedMetadataWriteAccess\": false,\r\n    \"enableFreeTier\": false,\r\n    \"enableAnalyticalStorage\": false,\r\n    \"analyticalStorageConfiguration\": {\r\n      \"schemaType\": \"WellDefined\"\r\n    },\r\n    \"instanceId\": \"88f670ba-e5f5-4a43-8a13-61577e68584d\",\r\n    \"createMode\": \"Default\",\r\n    \"databaseAccountOfferType\": \"Standard\",\r\n    \"defaultIdentity\": \"FirstPartyIdentity\",\r\n    \"networkAclBypass\": \"None\",\r\n    \"disableLocalAuth\": false,\r\n    \"enablePartitionMerge\": false,\r\n    \"minimalTlsVersion\": \"Tls\",\r\n    \"consistencyPolicy\": {\r\n      \"defaultConsistencyLevel\": \"Session\",\r\n      \"maxIntervalInSeconds\": 5,\r\n      \"maxStalenessPrefix\": 100\r\n    },\r\n    \"configurationOverrides\": {},\r\n    \"writeLocations\": [\r\n      {\r\n        \"id\": \"ps-cosmosdb-1251-westus\",\r\n        \"locationName\": \"West US\",\r\n        \"documentEndpoint\": \"https://ps-cosmosdb-1251-westus.documents.azure.com:443/\",\r\n        \"provisioningState\": \"Succeeded\",\r\n        \"failoverPriority\": 0,\r\n        \"isZoneRedundant\": false\r\n      }\r\n    ],\r\n    \"readLocations\": [\r\n      {\r\n        \"id\": \"ps-cosmosdb-1251-westus\",\r\n        \"locationName\": \"West US\",\r\n        \"documentEndpoint\": \"https://ps-cosmosdb-1251-westus.documents.azure.com:443/\",\r\n        \"provisioningState\": \"Succeeded\",\r\n        \"failoverPriority\": 0,\r\n        \"isZoneRedundant\": false\r\n      }\r\n    ],\r\n    \"locations\": [\r\n      {\r\n        \"id\": \"ps-cosmosdb-1251-westus\",\r\n        \"locationName\": \"West US\",\r\n        \"documentEndpoint\": \"https://ps-cosmosdb-1251-westus.documents.azure.com:443/\",\r\n        \"provisioningState\": \"Succeeded\",\r\n        \"failoverPriority\": 0,\r\n        \"isZoneRedundant\": false\r\n      }\r\n    ],\r\n    \"failoverPolicies\": [\r\n      {\r\n        \"id\": \"ps-cosmosdb-1251-westus\",\r\n        \"locationName\": \"West US\",\r\n        \"failoverPriority\": 0\r\n      }\r\n    ],\r\n    \"cors\": [],\r\n    \"capabilities\": [],\r\n    \"ipRules\": [],\r\n    \"backupPolicy\": {\r\n      \"type\": \"Continuous\",\r\n      \"continuousModeProperties\": {\r\n        \"tier\": \"Continuous7Days\"\r\n      }\r\n    },\r\n    \"networkAclBypassResourceIds\": [],\r\n    \"keysMetadata\": {\r\n      \"primaryMasterKey\": {\r\n        \"generationTime\": \"2023-06-13T22:35:21.5782785Z\"\r\n      },\r\n      \"secondaryMasterKey\": {\r\n        \"generationTime\": \"2023-06-13T22:35:21.5782785Z\"\r\n      },\r\n      \"primaryReadonlyMasterKey\": {\r\n        \"generationTime\": \"2023-06-13T22:35:21.5782785Z\"\r\n      },\r\n      \"secondaryReadonlyMasterKey\": {\r\n        \"generationTime\": \"2023-06-13T22:35:21.5782785Z\"\r\n      }\r\n    }\r\n  },\r\n  \"identity\": {\r\n    \"type\": \"None\"\r\n  }\r\n}",
      "StatusCode": 200
    },
    {
      "RequestUri": "/subscriptions/23587e98-b6ac-4328-a753-03bcd3c8e744/resourceGroups/PSCosmosDBResourceGroup51/providers/Microsoft.DocumentDB/databaseAccounts/ps-cosmosdb-1251?api-version=2023-04-15",
      "EncodedRequestUri": "L3N1YnNjcmlwdGlvbnMvMjM1ODdlOTgtYjZhYy00MzI4LWE3NTMtMDNiY2QzYzhlNzQ0L3Jlc291cmNlR3JvdXBzL1BTQ29zbW9zREJSZXNvdXJjZUdyb3VwNTEvcHJvdmlkZXJzL01pY3Jvc29mdC5Eb2N1bWVudERCL2RhdGFiYXNlQWNjb3VudHMvcHMtY29zbW9zZGItMTI1MT9hcGktdmVyc2lvbj0yMDIzLTA0LTE1",
      "RequestMethod": "PUT",
      "RequestHeaders": {
        "x-ms-client-request-id": [
          "771cc8fc-0c6a-40a5-a53f-a054c0b49581"
        ],
        "Accept-Language": [
          "en-US"
        ],
        "User-Agent": [
          "FxVersion/4.700.22.55902",
          "OSName/Windows",
          "OSVersion/Microsoft.Windows.10.0.22621",
          "Microsoft.Azure.Management.CosmosDB.CosmosDBManagementClient/1.11.0"
        ],
        "Content-Type": [
          "application/json; charset=utf-8"
        ],
        "Content-Length": [
          "732"
        ]
      },
      "RequestBody": "{\r\n  \"properties\": {\r\n    \"consistencyPolicy\": {\r\n      \"defaultConsistencyLevel\": \"Session\"\r\n    },\r\n    \"locations\": [\r\n      {\r\n        \"locationName\": \"West Us\",\r\n        \"failoverPriority\": 0,\r\n        \"isZoneRedundant\": false\r\n      }\r\n    ],\r\n    \"isVirtualNetworkFilterEnabled\": false,\r\n    \"enableAutomaticFailover\": false,\r\n    \"virtualNetworkRules\": [],\r\n    \"enableMultipleWriteLocations\": false,\r\n    \"disableKeyBasedMetadataWriteAccess\": false,\r\n    \"backupPolicy\": {\r\n      \"type\": \"Continuous\",\r\n      \"continuousModeProperties\": {\r\n        \"tier\": \"Continuous7Days\"\r\n      }\r\n    },\r\n    \"networkAclBypassResourceIds\": [],\r\n    \"databaseAccountOfferType\": \"Standard\"\r\n  },\r\n  \"location\": \"West Us\",\r\n  \"tags\": {}\r\n}",
      "ResponseHeaders": {
        "Cache-Control": [
          "no-store, no-cache"
        ],
        "Pragma": [
          "no-cache"
        ],
        "Location": [
          "https://management.azure.com/subscriptions/23587e98-b6ac-4328-a753-03bcd3c8e744/resourceGroups/PSCosmosDBResourceGroup51/providers/Microsoft.DocumentDB/databaseAccounts/ps-cosmosdb-1251/operationResults/8aca3509-c721-4943-93b5-2b4e56a25546?api-version=2023-04-15"
        ],
        "x-ms-request-id": [
          "8aca3509-c721-4943-93b5-2b4e56a25546"
        ],
        "Azure-AsyncOperation": [
          "https://management.azure.com/subscriptions/23587e98-b6ac-4328-a753-03bcd3c8e744/providers/Microsoft.DocumentDB/locations/westus/operationsStatus/8aca3509-c721-4943-93b5-2b4e56a25546?api-version=2023-04-15"
        ],
        "Strict-Transport-Security": [
          "max-age=31536000; includeSubDomains"
        ],
        "x-ms-gatewayversion": [
          "version=2.14.0"
        ],
        "Server": [
          "Microsoft-HTTPAPI/2.0"
        ],
        "x-ms-ratelimit-remaining-subscription-writes": [
          "1199"
        ],
        "x-ms-correlation-request-id": [
          "f22f1ea1-451a-436b-ad37-ca3d591327d2"
        ],
        "x-ms-routing-request-id": [
          "NORTHCENTRALUS:20230613T223320Z:f22f1ea1-451a-436b-ad37-ca3d591327d2"
        ],
        "X-Content-Type-Options": [
          "nosniff"
        ],
        "Date": [
          "Tue, 13 Jun 2023 22:33:19 GMT"
        ],
        "Content-Length": [
          "2216"
        ],
        "Content-Type": [
          "application/json"
        ]
      },
      "ResponseBody": "{\r\n  \"id\": \"/subscriptions/23587e98-b6ac-4328-a753-03bcd3c8e744/resourceGroups/PSCosmosDBResourceGroup51/providers/Microsoft.DocumentDB/databaseAccounts/ps-cosmosdb-1251\",\r\n  \"name\": \"ps-cosmosdb-1251\",\r\n  \"location\": \"West US\",\r\n  \"type\": \"Microsoft.DocumentDB/databaseAccounts\",\r\n  \"kind\": \"GlobalDocumentDB\",\r\n  \"tags\": {},\r\n  \"systemData\": {\r\n    \"createdAt\": \"2023-06-13T22:33:18.3607171Z\"\r\n  },\r\n  \"properties\": {\r\n    \"provisioningState\": \"Creating\",\r\n    \"publicNetworkAccess\": \"Enabled\",\r\n    \"enableAutomaticFailover\": false,\r\n    \"enableMultipleWriteLocations\": false,\r\n    \"enablePartitionKeyMonitor\": false,\r\n    \"isVirtualNetworkFilterEnabled\": false,\r\n    \"virtualNetworkRules\": [],\r\n    \"EnabledApiTypes\": \"Sql\",\r\n    \"disableKeyBasedMetadataWriteAccess\": false,\r\n    \"enableFreeTier\": false,\r\n    \"enableAnalyticalStorage\": false,\r\n    \"analyticalStorageConfiguration\": {\r\n      \"schemaType\": \"WellDefined\"\r\n    },\r\n    \"instanceId\": \"88f670ba-e5f5-4a43-8a13-61577e68584d\",\r\n    \"createMode\": \"Default\",\r\n    \"databaseAccountOfferType\": \"Standard\",\r\n    \"defaultIdentity\": \"\",\r\n    \"networkAclBypass\": \"None\",\r\n    \"disableLocalAuth\": false,\r\n    \"enablePartitionMerge\": false,\r\n    \"minimalTlsVersion\": \"Tls\",\r\n    \"consistencyPolicy\": {\r\n      \"defaultConsistencyLevel\": \"Session\",\r\n      \"maxIntervalInSeconds\": 5,\r\n      \"maxStalenessPrefix\": 100\r\n    },\r\n    \"configurationOverrides\": {},\r\n    \"writeLocations\": [\r\n      {\r\n        \"id\": \"ps-cosmosdb-1251-westus\",\r\n        \"locationName\": \"West US\",\r\n        \"provisioningState\": \"Creating\",\r\n        \"failoverPriority\": 0,\r\n        \"isZoneRedundant\": false\r\n      }\r\n    ],\r\n    \"readLocations\": [\r\n      {\r\n        \"id\": \"ps-cosmosdb-1251-westus\",\r\n        \"locationName\": \"West US\",\r\n        \"provisioningState\": \"Creating\",\r\n        \"failoverPriority\": 0,\r\n        \"isZoneRedundant\": false\r\n      }\r\n    ],\r\n    \"locations\": [\r\n      {\r\n        \"id\": \"ps-cosmosdb-1251-westus\",\r\n        \"locationName\": \"West US\",\r\n        \"provisioningState\": \"Creating\",\r\n        \"failoverPriority\": 0,\r\n        \"isZoneRedundant\": false\r\n      }\r\n    ],\r\n    \"failoverPolicies\": [\r\n      {\r\n        \"id\": \"ps-cosmosdb-1251-westus\",\r\n        \"locationName\": \"West US\",\r\n        \"failoverPriority\": 0\r\n      }\r\n    ],\r\n    \"cors\": [],\r\n    \"capabilities\": [],\r\n    \"ipRules\": [],\r\n    \"backupPolicy\": {\r\n      \"type\": \"Continuous\",\r\n      \"continuousModeProperties\": {\r\n        \"tier\": \"Continuous7Days\"\r\n      }\r\n    },\r\n    \"networkAclBypassResourceIds\": [],\r\n    \"keysMetadata\": {\r\n      \"primaryMasterKey\": {\r\n        \"generationTime\": \"2023-06-13T22:33:18.3607171Z\"\r\n      },\r\n      \"secondaryMasterKey\": {\r\n        \"generationTime\": \"2023-06-13T22:33:18.3607171Z\"\r\n      },\r\n      \"primaryReadonlyMasterKey\": {\r\n        \"generationTime\": \"2023-06-13T22:33:18.3607171Z\"\r\n      },\r\n      \"secondaryReadonlyMasterKey\": {\r\n        \"generationTime\": \"2023-06-13T22:33:18.3607171Z\"\r\n      }\r\n    }\r\n  },\r\n  \"identity\": {\r\n    \"type\": \"None\"\r\n  }\r\n}",
      "StatusCode": 200
    },
    {
      "RequestUri": "/subscriptions/23587e98-b6ac-4328-a753-03bcd3c8e744/providers/Microsoft.DocumentDB/locations/westus/operationsStatus/8aca3509-c721-4943-93b5-2b4e56a25546?api-version=2023-04-15",
      "EncodedRequestUri": "L3N1YnNjcmlwdGlvbnMvMjM1ODdlOTgtYjZhYy00MzI4LWE3NTMtMDNiY2QzYzhlNzQ0L3Byb3ZpZGVycy9NaWNyb3NvZnQuRG9jdW1lbnREQi9sb2NhdGlvbnMvd2VzdHVzL29wZXJhdGlvbnNTdGF0dXMvOGFjYTM1MDktYzcyMS00OTQzLTkzYjUtMmI0ZTU2YTI1NTQ2P2FwaS12ZXJzaW9uPTIwMjMtMDQtMTU=",
      "RequestMethod": "GET",
      "RequestHeaders": {
        "x-ms-client-request-id": [
          "771cc8fc-0c6a-40a5-a53f-a054c0b49581"
        ],
        "User-Agent": [
          "FxVersion/4.700.22.55902",
          "OSName/Windows",
          "OSVersion/Microsoft.Windows.10.0.22621",
          "Microsoft.Azure.Management.CosmosDB.CosmosDBManagementClient/1.11.0"
        ]
      },
      "RequestBody": "",
      "ResponseHeaders": {
        "Cache-Control": [
          "no-store, no-cache"
        ],
        "Pragma": [
          "no-cache"
        ],
        "Strict-Transport-Security": [
          "max-age=31536000; includeSubDomains"
        ],
        "x-ms-gatewayversion": [
          "version=2.14.0"
        ],
        "Server": [
          "Microsoft-HTTPAPI/2.0"
        ],
        "x-ms-ratelimit-remaining-subscription-reads": [
          "11998"
        ],
        "x-ms-request-id": [
          "b271943c-f58c-4757-be48-e2c7c375214c"
        ],
        "x-ms-correlation-request-id": [
          "b271943c-f58c-4757-be48-e2c7c375214c"
        ],
        "x-ms-routing-request-id": [
          "NORTHCENTRALUS:20230613T223350Z:b271943c-f58c-4757-be48-e2c7c375214c"
        ],
        "X-Content-Type-Options": [
          "nosniff"
        ],
        "Date": [
          "Tue, 13 Jun 2023 22:33:50 GMT"
        ],
        "Content-Length": [
          "21"
        ],
        "Content-Type": [
          "application/json"
        ]
      },
      "ResponseBody": "{\r\n  \"status\": \"Dequeued\"\r\n}",
      "StatusCode": 200
    },
    {
      "RequestUri": "/subscriptions/23587e98-b6ac-4328-a753-03bcd3c8e744/providers/Microsoft.DocumentDB/locations/westus/operationsStatus/8aca3509-c721-4943-93b5-2b4e56a25546?api-version=2023-04-15",
      "EncodedRequestUri": "L3N1YnNjcmlwdGlvbnMvMjM1ODdlOTgtYjZhYy00MzI4LWE3NTMtMDNiY2QzYzhlNzQ0L3Byb3ZpZGVycy9NaWNyb3NvZnQuRG9jdW1lbnREQi9sb2NhdGlvbnMvd2VzdHVzL29wZXJhdGlvbnNTdGF0dXMvOGFjYTM1MDktYzcyMS00OTQzLTkzYjUtMmI0ZTU2YTI1NTQ2P2FwaS12ZXJzaW9uPTIwMjMtMDQtMTU=",
      "RequestMethod": "GET",
      "RequestHeaders": {
        "x-ms-client-request-id": [
          "771cc8fc-0c6a-40a5-a53f-a054c0b49581"
        ],
        "User-Agent": [
          "FxVersion/4.700.22.55902",
          "OSName/Windows",
          "OSVersion/Microsoft.Windows.10.0.22621",
          "Microsoft.Azure.Management.CosmosDB.CosmosDBManagementClient/1.11.0"
        ]
      },
      "RequestBody": "",
      "ResponseHeaders": {
        "Cache-Control": [
          "no-store, no-cache"
        ],
        "Pragma": [
          "no-cache"
        ],
        "Strict-Transport-Security": [
          "max-age=31536000; includeSubDomains"
        ],
        "x-ms-gatewayversion": [
          "version=2.14.0"
        ],
        "Server": [
          "Microsoft-HTTPAPI/2.0"
        ],
        "x-ms-ratelimit-remaining-subscription-reads": [
          "11997"
        ],
        "x-ms-request-id": [
          "44324d21-cfa7-47ff-8451-6b54f34f098c"
        ],
        "x-ms-correlation-request-id": [
          "44324d21-cfa7-47ff-8451-6b54f34f098c"
        ],
        "x-ms-routing-request-id": [
          "NORTHCENTRALUS:20230613T223420Z:44324d21-cfa7-47ff-8451-6b54f34f098c"
        ],
        "X-Content-Type-Options": [
          "nosniff"
        ],
        "Date": [
          "Tue, 13 Jun 2023 22:34:19 GMT"
        ],
        "Content-Length": [
          "21"
        ],
        "Content-Type": [
          "application/json"
        ]
      },
      "ResponseBody": "{\r\n  \"status\": \"Dequeued\"\r\n}",
      "StatusCode": 200
    },
    {
      "RequestUri": "/subscriptions/23587e98-b6ac-4328-a753-03bcd3c8e744/providers/Microsoft.DocumentDB/locations/westus/operationsStatus/8aca3509-c721-4943-93b5-2b4e56a25546?api-version=2023-04-15",
      "EncodedRequestUri": "L3N1YnNjcmlwdGlvbnMvMjM1ODdlOTgtYjZhYy00MzI4LWE3NTMtMDNiY2QzYzhlNzQ0L3Byb3ZpZGVycy9NaWNyb3NvZnQuRG9jdW1lbnREQi9sb2NhdGlvbnMvd2VzdHVzL29wZXJhdGlvbnNTdGF0dXMvOGFjYTM1MDktYzcyMS00OTQzLTkzYjUtMmI0ZTU2YTI1NTQ2P2FwaS12ZXJzaW9uPTIwMjMtMDQtMTU=",
      "RequestMethod": "GET",
      "RequestHeaders": {
        "x-ms-client-request-id": [
          "771cc8fc-0c6a-40a5-a53f-a054c0b49581"
        ],
        "User-Agent": [
          "FxVersion/4.700.22.55902",
          "OSName/Windows",
          "OSVersion/Microsoft.Windows.10.0.22621",
          "Microsoft.Azure.Management.CosmosDB.CosmosDBManagementClient/1.11.0"
        ]
      },
      "RequestBody": "",
      "ResponseHeaders": {
        "Cache-Control": [
          "no-store, no-cache"
        ],
        "Pragma": [
          "no-cache"
        ],
        "Strict-Transport-Security": [
          "max-age=31536000; includeSubDomains"
        ],
        "x-ms-gatewayversion": [
          "version=2.14.0"
        ],
        "Server": [
          "Microsoft-HTTPAPI/2.0"
        ],
        "x-ms-ratelimit-remaining-subscription-reads": [
          "11996"
        ],
        "x-ms-request-id": [
          "cca8b9a2-8d61-4b4b-afea-bb7eeda7189a"
        ],
        "x-ms-correlation-request-id": [
          "cca8b9a2-8d61-4b4b-afea-bb7eeda7189a"
        ],
        "x-ms-routing-request-id": [
          "NORTHCENTRALUS:20230613T223450Z:cca8b9a2-8d61-4b4b-afea-bb7eeda7189a"
        ],
        "X-Content-Type-Options": [
          "nosniff"
        ],
        "Date": [
          "Tue, 13 Jun 2023 22:34:50 GMT"
        ],
        "Content-Length": [
          "21"
        ],
        "Content-Type": [
          "application/json"
        ]
      },
      "ResponseBody": "{\r\n  \"status\": \"Dequeued\"\r\n}",
      "StatusCode": 200
    },
    {
      "RequestUri": "/subscriptions/23587e98-b6ac-4328-a753-03bcd3c8e744/providers/Microsoft.DocumentDB/locations/westus/operationsStatus/8aca3509-c721-4943-93b5-2b4e56a25546?api-version=2023-04-15",
      "EncodedRequestUri": "L3N1YnNjcmlwdGlvbnMvMjM1ODdlOTgtYjZhYy00MzI4LWE3NTMtMDNiY2QzYzhlNzQ0L3Byb3ZpZGVycy9NaWNyb3NvZnQuRG9jdW1lbnREQi9sb2NhdGlvbnMvd2VzdHVzL29wZXJhdGlvbnNTdGF0dXMvOGFjYTM1MDktYzcyMS00OTQzLTkzYjUtMmI0ZTU2YTI1NTQ2P2FwaS12ZXJzaW9uPTIwMjMtMDQtMTU=",
      "RequestMethod": "GET",
      "RequestHeaders": {
        "x-ms-client-request-id": [
          "771cc8fc-0c6a-40a5-a53f-a054c0b49581"
        ],
        "User-Agent": [
          "FxVersion/4.700.22.55902",
          "OSName/Windows",
          "OSVersion/Microsoft.Windows.10.0.22621",
          "Microsoft.Azure.Management.CosmosDB.CosmosDBManagementClient/1.11.0"
        ]
      },
      "RequestBody": "",
      "ResponseHeaders": {
        "Cache-Control": [
          "no-store, no-cache"
        ],
        "Pragma": [
          "no-cache"
        ],
        "Strict-Transport-Security": [
          "max-age=31536000; includeSubDomains"
        ],
        "x-ms-gatewayversion": [
          "version=2.14.0"
        ],
        "Server": [
          "Microsoft-HTTPAPI/2.0"
        ],
        "x-ms-ratelimit-remaining-subscription-reads": [
          "11995"
        ],
        "x-ms-request-id": [
          "75586b4a-716b-4646-a148-aaf89756e5a1"
        ],
        "x-ms-correlation-request-id": [
          "75586b4a-716b-4646-a148-aaf89756e5a1"
        ],
        "x-ms-routing-request-id": [
          "NORTHCENTRALUS:20230613T223520Z:75586b4a-716b-4646-a148-aaf89756e5a1"
        ],
        "X-Content-Type-Options": [
          "nosniff"
        ],
        "Date": [
          "Tue, 13 Jun 2023 22:35:20 GMT"
        ],
        "Content-Length": [
          "21"
        ],
        "Content-Type": [
          "application/json"
        ]
      },
      "ResponseBody": "{\r\n  \"status\": \"Dequeued\"\r\n}",
      "StatusCode": 200
    },
    {
      "RequestUri": "/subscriptions/23587e98-b6ac-4328-a753-03bcd3c8e744/providers/Microsoft.DocumentDB/locations/westus/operationsStatus/8aca3509-c721-4943-93b5-2b4e56a25546?api-version=2023-04-15",
      "EncodedRequestUri": "L3N1YnNjcmlwdGlvbnMvMjM1ODdlOTgtYjZhYy00MzI4LWE3NTMtMDNiY2QzYzhlNzQ0L3Byb3ZpZGVycy9NaWNyb3NvZnQuRG9jdW1lbnREQi9sb2NhdGlvbnMvd2VzdHVzL29wZXJhdGlvbnNTdGF0dXMvOGFjYTM1MDktYzcyMS00OTQzLTkzYjUtMmI0ZTU2YTI1NTQ2P2FwaS12ZXJzaW9uPTIwMjMtMDQtMTU=",
      "RequestMethod": "GET",
      "RequestHeaders": {
        "x-ms-client-request-id": [
          "771cc8fc-0c6a-40a5-a53f-a054c0b49581"
        ],
        "User-Agent": [
          "FxVersion/4.700.22.55902",
          "OSName/Windows",
          "OSVersion/Microsoft.Windows.10.0.22621",
          "Microsoft.Azure.Management.CosmosDB.CosmosDBManagementClient/1.11.0"
        ]
      },
      "RequestBody": "",
      "ResponseHeaders": {
        "Cache-Control": [
          "no-store, no-cache"
        ],
        "Pragma": [
          "no-cache"
        ],
        "Strict-Transport-Security": [
          "max-age=31536000; includeSubDomains"
        ],
        "x-ms-gatewayversion": [
          "version=2.14.0"
        ],
        "Server": [
          "Microsoft-HTTPAPI/2.0"
        ],
        "x-ms-ratelimit-remaining-subscription-reads": [
          "11994"
        ],
        "x-ms-request-id": [
          "893636ea-3d3f-41a1-9b67-c157d6930d80"
        ],
        "x-ms-correlation-request-id": [
          "893636ea-3d3f-41a1-9b67-c157d6930d80"
        ],
        "x-ms-routing-request-id": [
          "NORTHCENTRALUS:20230613T223551Z:893636ea-3d3f-41a1-9b67-c157d6930d80"
        ],
        "X-Content-Type-Options": [
          "nosniff"
        ],
        "Date": [
          "Tue, 13 Jun 2023 22:35:50 GMT"
        ],
        "Content-Length": [
          "21"
        ],
        "Content-Type": [
          "application/json"
        ]
      },
      "ResponseBody": "{\r\n  \"status\": \"Dequeued\"\r\n}",
      "StatusCode": 200
    },
    {
      "RequestUri": "/subscriptions/23587e98-b6ac-4328-a753-03bcd3c8e744/providers/Microsoft.DocumentDB/locations/westus/operationsStatus/8aca3509-c721-4943-93b5-2b4e56a25546?api-version=2023-04-15",
      "EncodedRequestUri": "L3N1YnNjcmlwdGlvbnMvMjM1ODdlOTgtYjZhYy00MzI4LWE3NTMtMDNiY2QzYzhlNzQ0L3Byb3ZpZGVycy9NaWNyb3NvZnQuRG9jdW1lbnREQi9sb2NhdGlvbnMvd2VzdHVzL29wZXJhdGlvbnNTdGF0dXMvOGFjYTM1MDktYzcyMS00OTQzLTkzYjUtMmI0ZTU2YTI1NTQ2P2FwaS12ZXJzaW9uPTIwMjMtMDQtMTU=",
      "RequestMethod": "GET",
      "RequestHeaders": {
        "x-ms-client-request-id": [
          "771cc8fc-0c6a-40a5-a53f-a054c0b49581"
        ],
        "User-Agent": [
          "FxVersion/4.700.22.55902",
          "OSName/Windows",
          "OSVersion/Microsoft.Windows.10.0.22621",
          "Microsoft.Azure.Management.CosmosDB.CosmosDBManagementClient/1.11.0"
        ]
      },
      "RequestBody": "",
      "ResponseHeaders": {
        "Cache-Control": [
          "no-store, no-cache"
        ],
        "Pragma": [
          "no-cache"
        ],
        "Strict-Transport-Security": [
          "max-age=31536000; includeSubDomains"
        ],
        "x-ms-gatewayversion": [
          "version=2.14.0"
        ],
        "Server": [
          "Microsoft-HTTPAPI/2.0"
        ],
        "x-ms-ratelimit-remaining-subscription-reads": [
          "11993"
        ],
        "x-ms-request-id": [
          "59c7e859-e9af-4afc-bbd3-899bf050fad8"
        ],
        "x-ms-correlation-request-id": [
          "59c7e859-e9af-4afc-bbd3-899bf050fad8"
        ],
        "x-ms-routing-request-id": [
          "NORTHCENTRALUS:20230613T223621Z:59c7e859-e9af-4afc-bbd3-899bf050fad8"
        ],
        "X-Content-Type-Options": [
          "nosniff"
        ],
        "Date": [
          "Tue, 13 Jun 2023 22:36:21 GMT"
        ],
        "Content-Length": [
          "22"
        ],
        "Content-Type": [
          "application/json"
        ]
      },
      "ResponseBody": "{\r\n  \"status\": \"Succeeded\"\r\n}",
      "StatusCode": 200
    },
    {
      "RequestUri": "/subscriptions/23587e98-b6ac-4328-a753-03bcd3c8e744/providers/Microsoft.DocumentDB/locations/West%20US/restorableDatabaseAccounts/88f670ba-e5f5-4a43-8a13-61577e68584d?api-version=2023-04-15",
      "EncodedRequestUri": "L3N1YnNjcmlwdGlvbnMvMjM1ODdlOTgtYjZhYy00MzI4LWE3NTMtMDNiY2QzYzhlNzQ0L3Byb3ZpZGVycy9NaWNyb3NvZnQuRG9jdW1lbnREQi9sb2NhdGlvbnMvV2VzdCUyMFVTL3Jlc3RvcmFibGVEYXRhYmFzZUFjY291bnRzLzg4ZjY3MGJhLWU1ZjUtNGE0My04YTEzLTYxNTc3ZTY4NTg0ZD9hcGktdmVyc2lvbj0yMDIzLTA0LTE1",
      "RequestMethod": "GET",
      "RequestHeaders": {
        "x-ms-client-request-id": [
          "8f2a03f7-6a5d-4120-84b9-b33b598687c2"
        ],
        "Accept-Language": [
          "en-US"
        ],
        "User-Agent": [
          "FxVersion/4.700.22.55902",
          "OSName/Windows",
          "OSVersion/Microsoft.Windows.10.0.22621",
          "Microsoft.Azure.Management.CosmosDB.CosmosDBManagementClient/1.11.0"
        ]
      },
      "RequestBody": "",
      "ResponseHeaders": {
        "Cache-Control": [
          "no-store, no-cache"
        ],
        "Pragma": [
          "no-cache"
        ],
        "Strict-Transport-Security": [
          "max-age=31536000; includeSubDomains"
        ],
        "x-ms-gatewayversion": [
          "version=2.14.0"
        ],
        "Server": [
          "Microsoft-HTTPAPI/2.0"
        ],
        "x-ms-ratelimit-remaining-subscription-reads": [
          "11999"
        ],
        "x-ms-request-id": [
          "7f637a38-1520-427c-a6aa-a505856f3042"
        ],
        "x-ms-correlation-request-id": [
          "7f637a38-1520-427c-a6aa-a505856f3042"
        ],
        "x-ms-routing-request-id": [
          "NORTHCENTRALUS:20230613T223622Z:7f637a38-1520-427c-a6aa-a505856f3042"
        ],
        "X-Content-Type-Options": [
          "nosniff"
        ],
        "Date": [
          "Tue, 13 Jun 2023 22:36:22 GMT"
        ],
        "Content-Length": [
          "618"
        ],
        "Content-Type": [
          "application/json"
        ]
      },
      "ResponseBody": "{\r\n  \"name\": \"88f670ba-e5f5-4a43-8a13-61577e68584d\",\r\n  \"location\": \"West US\",\r\n  \"type\": \"Microsoft.DocumentDB/locations/restorableDatabaseAccounts\",\r\n  \"id\": \"/subscriptions/23587e98-b6ac-4328-a753-03bcd3c8e744/providers/Microsoft.DocumentDB/locations/westus/restorableDatabaseAccounts/88f670ba-e5f5-4a43-8a13-61577e68584d\",\r\n  \"properties\": {\r\n    \"accountName\": \"ps-cosmosdb-1251\",\r\n    \"apiType\": \"Sql\",\r\n    \"creationTime\": \"2023-06-13T22:35:22Z\",\r\n    \"oldestRestorableTime\": \"2023-06-13T22:35:22Z\",\r\n    \"restorableLocations\": [\r\n      {\r\n        \"locationName\": \"West US\",\r\n        \"regionalDatabaseAccountInstanceId\": \"556314da-bc84-4421-a302-2378f5caf216\",\r\n        \"creationTime\": \"2023-06-13T22:35:23Z\"\r\n      }\r\n    ]\r\n  }\r\n}",
      "StatusCode": 200
    }
  ],
  "Names": {},
  "Variables": {
    "SubscriptionId": "23587e98-b6ac-4328-a753-03bcd3c8e744"
  }
}