{
  "Entries": [
    {
      "RequestUri": "/subscriptions/259fbb24-9bcd-4cfc-865c-fc33b22fe38a/resourcegroups/CosmosDBResourceGroup74?api-version=2016-09-01",
      "EncodedRequestUri": "L3N1YnNjcmlwdGlvbnMvMjU5ZmJiMjQtOWJjZC00Y2ZjLTg2NWMtZmMzM2IyMmZlMzhhL3Jlc291cmNlZ3JvdXBzL0Nvc21vc0RCUmVzb3VyY2VHcm91cDc0P2FwaS12ZXJzaW9uPTIwMTYtMDktMDE=",
      "RequestMethod": "PUT",
      "RequestBody": "{\r\n  \"location\": \"East US\"\r\n}",
      "RequestHeaders": {
        "x-ms-client-request-id": [
          "e7afa7e0-0fcc-44b9-979b-56b63d95f894"
        ],
        "Accept-Language": [
          "en-US"
        ],
        "User-Agent": [
          "FxVersion/4.6.28207.03",
          "OSName/Windows",
          "OSVersion/Microsoft.Windows.10.0.19044.",
          "Microsoft.Azure.Management.Internal.Resources.ResourceManagementClient/1.3.54"
        ],
        "Content-Type": [
          "application/json; charset=utf-8"
        ],
        "Content-Length": [
          "29"
        ]
      },
      "ResponseHeaders": {
        "Cache-Control": [
          "no-cache"
        ],
        "Pragma": [
          "no-cache"
        ],
        "x-ms-ratelimit-remaining-subscription-writes": [
          "1199"
        ],
        "x-ms-request-id": [
          "86a410f4-62ec-41cb-a48d-a779831fe6d0"
        ],
        "x-ms-correlation-request-id": [
          "86a410f4-62ec-41cb-a48d-a779831fe6d0"
        ],
        "x-ms-routing-request-id": [
          "WESTUS2:20220215T202650Z:86a410f4-62ec-41cb-a48d-a779831fe6d0"
        ],
        "Strict-Transport-Security": [
          "max-age=31536000; includeSubDomains"
        ],
        "X-Content-Type-Options": [
          "nosniff"
        ],
        "Date": [
          "Tue, 15 Feb 2022 20:26:50 GMT"
        ],
        "Content-Length": [
          "199"
        ],
        "Content-Type": [
          "application/json; charset=utf-8"
        ],
        "Expires": [
          "-1"
        ]
      },
      "ResponseBody": "{\r\n  \"id\": \"/subscriptions/259fbb24-9bcd-4cfc-865c-fc33b22fe38a/resourceGroups/CosmosDBResourceGroup74\",\r\n  \"name\": \"CosmosDBResourceGroup74\",\r\n  \"location\": \"eastus\",\r\n  \"properties\": {\r\n    \"provisioningState\": \"Succeeded\"\r\n  }\r\n}",
      "StatusCode": 201
    },
    {
      "RequestUri": "/subscriptions/259fbb24-9bcd-4cfc-865c-fc33b22fe38a/resourceGroups/CosmosDBResourceGroup74/providers/Microsoft.DocumentDB/databaseAccounts/mongo-continuous-1274?api-version=2021-11-15-preview",
      "EncodedRequestUri": "L3N1YnNjcmlwdGlvbnMvMjU5ZmJiMjQtOWJjZC00Y2ZjLTg2NWMtZmMzM2IyMmZlMzhhL3Jlc291cmNlR3JvdXBzL0Nvc21vc0RCUmVzb3VyY2VHcm91cDc0L3Byb3ZpZGVycy9NaWNyb3NvZnQuRG9jdW1lbnREQi9kYXRhYmFzZUFjY291bnRzL21vbmdvLWNvbnRpbnVvdXMtMTI3ND9hcGktdmVyc2lvbj0yMDIxLTExLTE1LXByZXZpZXc=",
      "RequestMethod": "GET",
      "RequestBody": "",
      "RequestHeaders": {
        "x-ms-client-request-id": [
          "34e4d644-3b3b-4273-8873-63ba6f27c4f5"
        ],
        "Accept-Language": [
          "en-US"
        ],
        "User-Agent": [
          "FxVersion/4.6.28207.03",
          "OSName/Windows",
          "OSVersion/Microsoft.Windows.10.0.19044.",
          "Microsoft.Azure.Management.CosmosDB.CosmosDBManagementClient/3.4.0.0"
        ]
      },
      "ResponseHeaders": {
        "Cache-Control": [
          "no-cache"
        ],
        "Pragma": [
          "no-cache"
        ],
        "x-ms-failure-cause": [
          "gateway"
        ],
        "x-ms-request-id": [
          "d48a050c-7aa2-4249-a1fa-5fae4a098fcd"
        ],
        "x-ms-correlation-request-id": [
          "d48a050c-7aa2-4249-a1fa-5fae4a098fcd"
        ],
        "x-ms-routing-request-id": [
          "WESTUS2:20220215T202651Z:d48a050c-7aa2-4249-a1fa-5fae4a098fcd"
        ],
        "Strict-Transport-Security": [
          "max-age=31536000; includeSubDomains"
        ],
        "X-Content-Type-Options": [
          "nosniff"
        ],
        "Date": [
          "Tue, 15 Feb 2022 20:26:51 GMT"
        ],
        "Content-Type": [
          "application/json; charset=utf-8"
        ],
        "Expires": [
          "-1"
        ],
        "Content-Length": [
          "254"
        ]
      },
      "ResponseBody": "{\r\n  \"error\": {\r\n    \"code\": \"ResourceNotFound\",\r\n    \"message\": \"The Resource 'Microsoft.DocumentDB/databaseAccounts/mongo-continuous-1274' under resource group 'CosmosDBResourceGroup74' was not found. For more details please go to https://aka.ms/ARMResourceNotFoundFix\"\r\n  }\r\n}",
      "StatusCode": 404
    },
    {
      "RequestUri": "/subscriptions/259fbb24-9bcd-4cfc-865c-fc33b22fe38a/resourceGroups/CosmosDBResourceGroup74/providers/Microsoft.DocumentDB/databaseAccounts/mongo-continuous-1274?api-version=2021-11-15-preview",
      "EncodedRequestUri": "L3N1YnNjcmlwdGlvbnMvMjU5ZmJiMjQtOWJjZC00Y2ZjLTg2NWMtZmMzM2IyMmZlMzhhL3Jlc291cmNlR3JvdXBzL0Nvc21vc0RCUmVzb3VyY2VHcm91cDc0L3Byb3ZpZGVycy9NaWNyb3NvZnQuRG9jdW1lbnREQi9kYXRhYmFzZUFjY291bnRzL21vbmdvLWNvbnRpbnVvdXMtMTI3ND9hcGktdmVyc2lvbj0yMDIxLTExLTE1LXByZXZpZXc=",
      "RequestMethod": "GET",
      "RequestBody": "",
      "RequestHeaders": {
        "x-ms-client-request-id": [
          "34e4d644-3b3b-4273-8873-63ba6f27c4f5"
        ],
        "User-Agent": [
          "FxVersion/4.6.28207.03",
          "OSName/Windows",
          "OSVersion/Microsoft.Windows.10.0.19044.",
          "Microsoft.Azure.Management.CosmosDB.CosmosDBManagementClient/3.4.0.0"
        ]
      },
      "ResponseHeaders": {
        "Cache-Control": [
          "no-store, no-cache"
        ],
        "Pragma": [
          "no-cache"
        ],
        "Strict-Transport-Security": [
          "max-age=31536000; includeSubDomains"
        ],
        "x-ms-gatewayversion": [
          "version=2.14.0"
        ],
        "Server": [
          "Microsoft-HTTPAPI/2.0"
        ],
        "x-ms-ratelimit-remaining-subscription-reads": [
          "11991"
        ],
        "x-ms-request-id": [
          "e9acc7c3-0f8f-4135-b15a-7adb75dbee17"
        ],
        "x-ms-correlation-request-id": [
          "e9acc7c3-0f8f-4135-b15a-7adb75dbee17"
        ],
        "x-ms-routing-request-id": [
          "WESTUS2:20220215T203029Z:e9acc7c3-0f8f-4135-b15a-7adb75dbee17"
        ],
        "X-Content-Type-Options": [
          "nosniff"
        ],
        "Date": [
          "Tue, 15 Feb 2022 20:30:28 GMT"
        ],
        "Content-Length": [
          "2383"
        ],
        "Content-Type": [
          "application/json"
        ]
      },
      "ResponseBody": "{\r\n  \"id\": \"/subscriptions/259fbb24-9bcd-4cfc-865c-fc33b22fe38a/resourceGroups/CosmosDBResourceGroup74/providers/Microsoft.DocumentDB/databaseAccounts/mongo-continuous-1274\",\r\n  \"name\": \"mongo-continuous-1274\",\r\n  \"location\": \"East US\",\r\n  \"type\": \"Microsoft.DocumentDB/databaseAccounts\",\r\n  \"kind\": \"MongoDB\",\r\n  \"tags\": {},\r\n  \"systemData\": {\r\n    \"createdAt\": \"2022-02-15T20:29:33.1594943Z\"\r\n  },\r\n  \"properties\": {\r\n    \"provisioningState\": \"Succeeded\",\r\n    \"documentEndpoint\": \"https://mongo-continuous-1274.documents.azure.com:443/\",\r\n    \"mongoEndpoint\": \"https://mongo-continuous-1274.mongo.cosmos.azure.com:443/\",\r\n    \"publicNetworkAccess\": \"Enabled\",\r\n    \"enableAutomaticFailover\": false,\r\n    \"enableMultipleWriteLocations\": false,\r\n    \"enablePartitionKeyMonitor\": false,\r\n    \"isVirtualNetworkFilterEnabled\": false,\r\n    \"virtualNetworkRules\": [],\r\n    \"EnabledApiTypes\": \"MongoDB\",\r\n    \"disableKeyBasedMetadataWriteAccess\": false,\r\n    \"enableFreeTier\": false,\r\n    \"enableAnalyticalStorage\": false,\r\n    \"analyticalStorageConfiguration\": {\r\n      \"schemaType\": \"FullFidelity\"\r\n    },\r\n    \"instanceId\": \"46e02084-32ce-46b4-9bfc-de6425cd3857\",\r\n    \"createMode\": \"Default\",\r\n    \"databaseAccountOfferType\": \"Standard\",\r\n    \"defaultIdentity\": \"FirstPartyIdentity\",\r\n    \"networkAclBypass\": \"None\",\r\n    \"disableLocalAuth\": false,\r\n    \"consistencyPolicy\": {\r\n      \"defaultConsistencyLevel\": \"Session\",\r\n      \"maxIntervalInSeconds\": 5,\r\n      \"maxStalenessPrefix\": 100\r\n    },\r\n    \"apiProperties\": {\r\n      \"serverVersion\": \"3.6\"\r\n    },\r\n    \"configurationOverrides\": {\r\n      \"EnableBsonSchema\": \"True\"\r\n    },\r\n    \"writeLocations\": [\r\n      {\r\n        \"id\": \"mongo-continuous-1274-eastus\",\r\n        \"locationName\": \"East US\",\r\n        \"documentEndpoint\": \"https://mongo-continuous-1274-eastus.documents.azure.com:443/\",\r\n        \"provisioningState\": \"Succeeded\",\r\n        \"failoverPriority\": 0,\r\n        \"isZoneRedundant\": false\r\n      }\r\n    ],\r\n    \"readLocations\": [\r\n      {\r\n        \"id\": \"mongo-continuous-1274-eastus\",\r\n        \"locationName\": \"East US\",\r\n        \"documentEndpoint\": \"https://mongo-continuous-1274-eastus.documents.azure.com:443/\",\r\n        \"provisioningState\": \"Succeeded\",\r\n        \"failoverPriority\": 0,\r\n        \"isZoneRedundant\": false\r\n      }\r\n    ],\r\n    \"locations\": [\r\n      {\r\n        \"id\": \"mongo-continuous-1274-eastus\",\r\n        \"locationName\": \"East US\",\r\n        \"documentEndpoint\": \"https://mongo-continuous-1274-eastus.documents.azure.com:443/\",\r\n        \"provisioningState\": \"Succeeded\",\r\n        \"failoverPriority\": 0,\r\n        \"isZoneRedundant\": false\r\n      }\r\n    ],\r\n    \"failoverPolicies\": [\r\n      {\r\n        \"id\": \"mongo-continuous-1274-eastus\",\r\n        \"locationName\": \"East US\",\r\n        \"failoverPriority\": 0\r\n      }\r\n    ],\r\n    \"cors\": [],\r\n    \"capabilities\": [\r\n      {\r\n        \"name\": \"EnableMongo\"\r\n      }\r\n    ],\r\n    \"ipRules\": [],\r\n    \"backupPolicy\": {\r\n      \"type\": \"Continuous\"\r\n    },\r\n    \"networkAclBypassResourceIds\": [],\r\n    \"diagnosticLogSettings\": {\r\n      \"enableFullTextQuery\": \"None\"\r\n    }\r\n  },\r\n  \"identity\": {\r\n    \"type\": \"None\"\r\n  }\r\n}",
      "StatusCode": 200
    },
    {
      "RequestUri": "/subscriptions/259fbb24-9bcd-4cfc-865c-fc33b22fe38a/resourceGroups/CosmosDBResourceGroup74/providers/Microsoft.DocumentDB/databaseAccounts/mongo-continuous-1274?api-version=2021-11-15-preview",
      "EncodedRequestUri": "L3N1YnNjcmlwdGlvbnMvMjU5ZmJiMjQtOWJjZC00Y2ZjLTg2NWMtZmMzM2IyMmZlMzhhL3Jlc291cmNlR3JvdXBzL0Nvc21vc0RCUmVzb3VyY2VHcm91cDc0L3Byb3ZpZGVycy9NaWNyb3NvZnQuRG9jdW1lbnREQi9kYXRhYmFzZUFjY291bnRzL21vbmdvLWNvbnRpbnVvdXMtMTI3ND9hcGktdmVyc2lvbj0yMDIxLTExLTE1LXByZXZpZXc=",
      "RequestMethod": "GET",
      "RequestBody": "",
      "RequestHeaders": {
        "x-ms-client-request-id": [
          "282e2c08-7913-4f6e-b601-6bbeed94a1f3"
        ],
        "Accept-Language": [
          "en-US"
        ],
        "User-Agent": [
          "FxVersion/4.6.28207.03",
          "OSName/Windows",
          "OSVersion/Microsoft.Windows.10.0.19044.",
          "Microsoft.Azure.Management.CosmosDB.CosmosDBManagementClient/3.4.0.0"
        ]
      },
      "ResponseHeaders": {
        "Cache-Control": [
          "no-store, no-cache"
        ],
        "Pragma": [
          "no-cache"
        ],
        "Strict-Transport-Security": [
          "max-age=31536000; includeSubDomains"
        ],
        "x-ms-gatewayversion": [
          "version=2.14.0"
        ],
        "Server": [
          "Microsoft-HTTPAPI/2.0"
        ],
        "x-ms-ratelimit-remaining-subscription-reads": [
          "11990"
        ],
        "x-ms-request-id": [
          "8cdf4410-6567-4077-9257-88441df2707f"
        ],
        "x-ms-correlation-request-id": [
          "8cdf4410-6567-4077-9257-88441df2707f"
        ],
        "x-ms-routing-request-id": [
          "WESTUS2:20220215T203029Z:8cdf4410-6567-4077-9257-88441df2707f"
        ],
        "X-Content-Type-Options": [
          "nosniff"
        ],
        "Date": [
          "Tue, 15 Feb 2022 20:30:28 GMT"
        ],
        "Content-Length": [
          "2383"
        ],
        "Content-Type": [
          "application/json"
        ]
      },
      "ResponseBody": "{\r\n  \"id\": \"/subscriptions/259fbb24-9bcd-4cfc-865c-fc33b22fe38a/resourceGroups/CosmosDBResourceGroup74/providers/Microsoft.DocumentDB/databaseAccounts/mongo-continuous-1274\",\r\n  \"name\": \"mongo-continuous-1274\",\r\n  \"location\": \"East US\",\r\n  \"type\": \"Microsoft.DocumentDB/databaseAccounts\",\r\n  \"kind\": \"MongoDB\",\r\n  \"tags\": {},\r\n  \"systemData\": {\r\n    \"createdAt\": \"2022-02-15T20:29:33.1594943Z\"\r\n  },\r\n  \"properties\": {\r\n    \"provisioningState\": \"Succeeded\",\r\n    \"documentEndpoint\": \"https://mongo-continuous-1274.documents.azure.com:443/\",\r\n    \"mongoEndpoint\": \"https://mongo-continuous-1274.mongo.cosmos.azure.com:443/\",\r\n    \"publicNetworkAccess\": \"Enabled\",\r\n    \"enableAutomaticFailover\": false,\r\n    \"enableMultipleWriteLocations\": false,\r\n    \"enablePartitionKeyMonitor\": false,\r\n    \"isVirtualNetworkFilterEnabled\": false,\r\n    \"virtualNetworkRules\": [],\r\n    \"EnabledApiTypes\": \"MongoDB\",\r\n    \"disableKeyBasedMetadataWriteAccess\": false,\r\n    \"enableFreeTier\": false,\r\n    \"enableAnalyticalStorage\": false,\r\n    \"analyticalStorageConfiguration\": {\r\n      \"schemaType\": \"FullFidelity\"\r\n    },\r\n    \"instanceId\": \"46e02084-32ce-46b4-9bfc-de6425cd3857\",\r\n    \"createMode\": \"Default\",\r\n    \"databaseAccountOfferType\": \"Standard\",\r\n    \"defaultIdentity\": \"FirstPartyIdentity\",\r\n    \"networkAclBypass\": \"None\",\r\n    \"disableLocalAuth\": false,\r\n    \"consistencyPolicy\": {\r\n      \"defaultConsistencyLevel\": \"Session\",\r\n      \"maxIntervalInSeconds\": 5,\r\n      \"maxStalenessPrefix\": 100\r\n    },\r\n    \"apiProperties\": {\r\n      \"serverVersion\": \"3.6\"\r\n    },\r\n    \"configurationOverrides\": {\r\n      \"EnableBsonSchema\": \"True\"\r\n    },\r\n    \"writeLocations\": [\r\n      {\r\n        \"id\": \"mongo-continuous-1274-eastus\",\r\n        \"locationName\": \"East US\",\r\n        \"documentEndpoint\": \"https://mongo-continuous-1274-eastus.documents.azure.com:443/\",\r\n        \"provisioningState\": \"Succeeded\",\r\n        \"failoverPriority\": 0,\r\n        \"isZoneRedundant\": false\r\n      }\r\n    ],\r\n    \"readLocations\": [\r\n      {\r\n        \"id\": \"mongo-continuous-1274-eastus\",\r\n        \"locationName\": \"East US\",\r\n        \"documentEndpoint\": \"https://mongo-continuous-1274-eastus.documents.azure.com:443/\",\r\n        \"provisioningState\": \"Succeeded\",\r\n        \"failoverPriority\": 0,\r\n        \"isZoneRedundant\": false\r\n      }\r\n    ],\r\n    \"locations\": [\r\n      {\r\n        \"id\": \"mongo-continuous-1274-eastus\",\r\n        \"locationName\": \"East US\",\r\n        \"documentEndpoint\": \"https://mongo-continuous-1274-eastus.documents.azure.com:443/\",\r\n        \"provisioningState\": \"Succeeded\",\r\n        \"failoverPriority\": 0,\r\n        \"isZoneRedundant\": false\r\n      }\r\n    ],\r\n    \"failoverPolicies\": [\r\n      {\r\n        \"id\": \"mongo-continuous-1274-eastus\",\r\n        \"locationName\": \"East US\",\r\n        \"failoverPriority\": 0\r\n      }\r\n    ],\r\n    \"cors\": [],\r\n    \"capabilities\": [\r\n      {\r\n        \"name\": \"EnableMongo\"\r\n      }\r\n    ],\r\n    \"ipRules\": [],\r\n    \"backupPolicy\": {\r\n      \"type\": \"Continuous\"\r\n    },\r\n    \"networkAclBypassResourceIds\": [],\r\n    \"diagnosticLogSettings\": {\r\n      \"enableFullTextQuery\": \"None\"\r\n    }\r\n  },\r\n  \"identity\": {\r\n    \"type\": \"None\"\r\n  }\r\n}",
      "StatusCode": 200
    },
    {
      "RequestUri": "/subscriptions/259fbb24-9bcd-4cfc-865c-fc33b22fe38a/resourceGroups/CosmosDBResourceGroup74/providers/Microsoft.DocumentDB/databaseAccounts/mongo-continuous-1274?api-version=2021-11-15-preview",
      "EncodedRequestUri": "L3N1YnNjcmlwdGlvbnMvMjU5ZmJiMjQtOWJjZC00Y2ZjLTg2NWMtZmMzM2IyMmZlMzhhL3Jlc291cmNlR3JvdXBzL0Nvc21vc0RCUmVzb3VyY2VHcm91cDc0L3Byb3ZpZGVycy9NaWNyb3NvZnQuRG9jdW1lbnREQi9kYXRhYmFzZUFjY291bnRzL21vbmdvLWNvbnRpbnVvdXMtMTI3ND9hcGktdmVyc2lvbj0yMDIxLTExLTE1LXByZXZpZXc=",
      "RequestMethod": "PUT",
      "RequestBody": "{\r\n  \"kind\": \"MongoDB\",\r\n  \"properties\": {\r\n    \"consistencyPolicy\": {\r\n      \"defaultConsistencyLevel\": \"Session\"\r\n    },\r\n    \"locations\": [\r\n      {\r\n        \"locationName\": \"East Us\",\r\n        \"failoverPriority\": 0,\r\n        \"isZoneRedundant\": false\r\n      }\r\n    ],\r\n    \"isVirtualNetworkFilterEnabled\": false,\r\n    \"enableAutomaticFailover\": false,\r\n    \"virtualNetworkRules\": [],\r\n    \"enableMultipleWriteLocations\": false,\r\n    \"disableKeyBasedMetadataWriteAccess\": false,\r\n    \"backupPolicy\": {\r\n      \"type\": \"Continuous\"\r\n    },\r\n    \"networkAclBypassResourceIds\": [],\r\n    \"databaseAccountOfferType\": \"Standard\"\r\n  },\r\n  \"location\": \"East Us\",\r\n  \"tags\": {}\r\n}",
      "RequestHeaders": {
        "x-ms-client-request-id": [
          "34e4d644-3b3b-4273-8873-63ba6f27c4f5"
        ],
        "Accept-Language": [
          "en-US"
        ],
        "User-Agent": [
          "FxVersion/4.6.28207.03",
          "OSName/Windows",
          "OSVersion/Microsoft.Windows.10.0.19044.",
          "Microsoft.Azure.Management.CosmosDB.CosmosDBManagementClient/3.4.0.0"
        ],
        "Content-Type": [
          "application/json; charset=utf-8"
        ],
        "Content-Length": [
          "672"
        ]
      },
      "ResponseHeaders": {
        "Cache-Control": [
          "no-store, no-cache"
        ],
        "Pragma": [
          "no-cache"
        ],
        "Location": [
          "https://management.azure.com/subscriptions/259fbb24-9bcd-4cfc-865c-fc33b22fe38a/resourceGroups/CosmosDBResourceGroup74/providers/Microsoft.DocumentDB/databaseAccounts/mongo-continuous-1274/operationResults/ff4071b5-5c22-417f-8aa1-d935e36aac00?api-version=2021-11-15-preview"
        ],
        "x-ms-request-id": [
          "ff4071b5-5c22-417f-8aa1-d935e36aac00"
        ],
        "Azure-AsyncOperation": [
          "https://management.azure.com/subscriptions/259fbb24-9bcd-4cfc-865c-fc33b22fe38a/providers/Microsoft.DocumentDB/locations/eastus/operationsStatus/ff4071b5-5c22-417f-8aa1-d935e36aac00?api-version=2021-11-15-preview"
        ],
        "Strict-Transport-Security": [
          "max-age=31536000; includeSubDomains"
        ],
        "x-ms-gatewayversion": [
          "version=2.14.0"
        ],
        "Server": [
          "Microsoft-HTTPAPI/2.0"
        ],
        "x-ms-ratelimit-remaining-subscription-writes": [
          "1199"
        ],
        "x-ms-correlation-request-id": [
          "6efbf476-1e39-4e1e-b3cc-f6037aea9dde"
        ],
        "x-ms-routing-request-id": [
          "WESTUS2:20220215T202657Z:6efbf476-1e39-4e1e-b3cc-f6037aea9dde"
        ],
        "X-Content-Type-Options": [
          "nosniff"
        ],
        "Date": [
          "Tue, 15 Feb 2022 20:26:57 GMT"
        ],
        "Content-Length": [
          "1935"
        ],
        "Content-Type": [
          "application/json"
        ]
      },
      "ResponseBody": "{\r\n  \"id\": \"/subscriptions/259fbb24-9bcd-4cfc-865c-fc33b22fe38a/resourceGroups/CosmosDBResourceGroup74/providers/Microsoft.DocumentDB/databaseAccounts/mongo-continuous-1274\",\r\n  \"name\": \"mongo-continuous-1274\",\r\n  \"location\": \"East US\",\r\n  \"type\": \"Microsoft.DocumentDB/databaseAccounts\",\r\n  \"kind\": \"MongoDB\",\r\n  \"tags\": {},\r\n  \"systemData\": {\r\n    \"createdAt\": \"2022-02-15T20:26:55.5307638Z\"\r\n  },\r\n  \"properties\": {\r\n    \"provisioningState\": \"Creating\",\r\n    \"publicNetworkAccess\": \"Enabled\",\r\n    \"enableAutomaticFailover\": false,\r\n    \"enableMultipleWriteLocations\": false,\r\n    \"enablePartitionKeyMonitor\": false,\r\n    \"isVirtualNetworkFilterEnabled\": false,\r\n    \"virtualNetworkRules\": [],\r\n    \"EnabledApiTypes\": \"MongoDB\",\r\n    \"disableKeyBasedMetadataWriteAccess\": false,\r\n    \"enableFreeTier\": false,\r\n    \"enableAnalyticalStorage\": false,\r\n    \"analyticalStorageConfiguration\": {\r\n      \"schemaType\": \"FullFidelity\"\r\n    },\r\n    \"instanceId\": \"46e02084-32ce-46b4-9bfc-de6425cd3857\",\r\n    \"createMode\": \"Default\",\r\n    \"databaseAccountOfferType\": \"Standard\",\r\n    \"defaultIdentity\": \"\",\r\n    \"networkAclBypass\": \"None\",\r\n    \"disableLocalAuth\": false,\r\n    \"consistencyPolicy\": {\r\n      \"defaultConsistencyLevel\": \"Session\",\r\n      \"maxIntervalInSeconds\": 5,\r\n      \"maxStalenessPrefix\": 100\r\n    },\r\n    \"apiProperties\": {\r\n      \"serverVersion\": \"3.6\"\r\n    },\r\n    \"configurationOverrides\": {},\r\n    \"writeLocations\": [\r\n      {\r\n        \"id\": \"mongo-continuous-1274-eastus\",\r\n        \"locationName\": \"East US\",\r\n        \"provisioningState\": \"Creating\",\r\n        \"failoverPriority\": 0,\r\n        \"isZoneRedundant\": false\r\n      }\r\n    ],\r\n    \"readLocations\": [\r\n      {\r\n        \"id\": \"mongo-continuous-1274-eastus\",\r\n        \"locationName\": \"East US\",\r\n        \"provisioningState\": \"Creating\",\r\n        \"failoverPriority\": 0,\r\n        \"isZoneRedundant\": false\r\n      }\r\n    ],\r\n    \"locations\": [\r\n      {\r\n        \"id\": \"mongo-continuous-1274-eastus\",\r\n        \"locationName\": \"East US\",\r\n        \"provisioningState\": \"Creating\",\r\n        \"failoverPriority\": 0,\r\n        \"isZoneRedundant\": false\r\n      }\r\n    ],\r\n    \"failoverPolicies\": [\r\n      {\r\n        \"id\": \"mongo-continuous-1274-eastus\",\r\n        \"locationName\": \"East US\",\r\n        \"failoverPriority\": 0\r\n      }\r\n    ],\r\n    \"cors\": [],\r\n    \"capabilities\": [\r\n      {\r\n        \"name\": \"EnableMongo\"\r\n      }\r\n    ],\r\n    \"ipRules\": [],\r\n    \"backupPolicy\": {\r\n      \"type\": \"Continuous\"\r\n    },\r\n    \"networkAclBypassResourceIds\": [],\r\n    \"diagnosticLogSettings\": {\r\n      \"enableFullTextQuery\": \"None\"\r\n    }\r\n  },\r\n  \"identity\": {\r\n    \"type\": \"None\"\r\n  }\r\n}",
      "StatusCode": 200
    },
    {
      "RequestUri": "/subscriptions/259fbb24-9bcd-4cfc-865c-fc33b22fe38a/providers/Microsoft.DocumentDB/locations/eastus/operationsStatus/ff4071b5-5c22-417f-8aa1-d935e36aac00?api-version=2021-11-15-preview",
      "EncodedRequestUri": "L3N1YnNjcmlwdGlvbnMvMjU5ZmJiMjQtOWJjZC00Y2ZjLTg2NWMtZmMzM2IyMmZlMzhhL3Byb3ZpZGVycy9NaWNyb3NvZnQuRG9jdW1lbnREQi9sb2NhdGlvbnMvZWFzdHVzL29wZXJhdGlvbnNTdGF0dXMvZmY0MDcxYjUtNWMyMi00MTdmLThhYTEtZDkzNWUzNmFhYzAwP2FwaS12ZXJzaW9uPTIwMjEtMTEtMTUtcHJldmlldw==",
      "RequestMethod": "GET",
      "RequestBody": "",
      "RequestHeaders": {
        "x-ms-client-request-id": [
          "34e4d644-3b3b-4273-8873-63ba6f27c4f5"
        ],
        "User-Agent": [
          "FxVersion/4.6.28207.03",
          "OSName/Windows",
          "OSVersion/Microsoft.Windows.10.0.19044.",
          "Microsoft.Azure.Management.CosmosDB.CosmosDBManagementClient/3.4.0.0"
        ]
      },
      "ResponseHeaders": {
        "Cache-Control": [
          "no-store, no-cache"
        ],
        "Pragma": [
          "no-cache"
        ],
        "Strict-Transport-Security": [
          "max-age=31536000; includeSubDomains"
        ],
        "x-ms-gatewayversion": [
          "version=2.14.0"
        ],
        "Server": [
          "Microsoft-HTTPAPI/2.0"
        ],
        "x-ms-ratelimit-remaining-subscription-reads": [
          "11998"
        ],
        "x-ms-request-id": [
          "2776e9cf-fbed-48b0-9fcd-e358e80e035f"
        ],
        "x-ms-correlation-request-id": [
          "2776e9cf-fbed-48b0-9fcd-e358e80e035f"
        ],
        "x-ms-routing-request-id": [
          "WESTUS2:20220215T202728Z:2776e9cf-fbed-48b0-9fcd-e358e80e035f"
        ],
        "X-Content-Type-Options": [
          "nosniff"
        ],
        "Date": [
          "Tue, 15 Feb 2022 20:27:27 GMT"
        ],
        "Content-Length": [
          "21"
        ],
        "Content-Type": [
          "application/json"
        ]
      },
      "ResponseBody": "{\r\n  \"status\": \"Dequeued\"\r\n}",
      "StatusCode": 200
    },
    {
      "RequestUri": "/subscriptions/259fbb24-9bcd-4cfc-865c-fc33b22fe38a/providers/Microsoft.DocumentDB/locations/eastus/operationsStatus/ff4071b5-5c22-417f-8aa1-d935e36aac00?api-version=2021-11-15-preview",
      "EncodedRequestUri": "L3N1YnNjcmlwdGlvbnMvMjU5ZmJiMjQtOWJjZC00Y2ZjLTg2NWMtZmMzM2IyMmZlMzhhL3Byb3ZpZGVycy9NaWNyb3NvZnQuRG9jdW1lbnREQi9sb2NhdGlvbnMvZWFzdHVzL29wZXJhdGlvbnNTdGF0dXMvZmY0MDcxYjUtNWMyMi00MTdmLThhYTEtZDkzNWUzNmFhYzAwP2FwaS12ZXJzaW9uPTIwMjEtMTEtMTUtcHJldmlldw==",
      "RequestMethod": "GET",
      "RequestBody": "",
      "RequestHeaders": {
        "x-ms-client-request-id": [
          "34e4d644-3b3b-4273-8873-63ba6f27c4f5"
        ],
        "User-Agent": [
          "FxVersion/4.6.28207.03",
          "OSName/Windows",
          "OSVersion/Microsoft.Windows.10.0.19044.",
          "Microsoft.Azure.Management.CosmosDB.CosmosDBManagementClient/3.4.0.0"
        ]
      },
      "ResponseHeaders": {
        "Cache-Control": [
          "no-store, no-cache"
        ],
        "Pragma": [
          "no-cache"
        ],
        "Strict-Transport-Security": [
          "max-age=31536000; includeSubDomains"
        ],
        "x-ms-gatewayversion": [
          "version=2.14.0"
        ],
        "Server": [
          "Microsoft-HTTPAPI/2.0"
        ],
        "x-ms-ratelimit-remaining-subscription-reads": [
          "11997"
        ],
        "x-ms-request-id": [
          "26efe987-9d6d-42e5-9546-daee029f22b0"
        ],
        "x-ms-correlation-request-id": [
          "26efe987-9d6d-42e5-9546-daee029f22b0"
        ],
        "x-ms-routing-request-id": [
          "WESTUS2:20220215T202758Z:26efe987-9d6d-42e5-9546-daee029f22b0"
        ],
        "X-Content-Type-Options": [
          "nosniff"
        ],
        "Date": [
          "Tue, 15 Feb 2022 20:27:57 GMT"
        ],
        "Content-Length": [
          "21"
        ],
        "Content-Type": [
          "application/json"
        ]
      },
      "ResponseBody": "{\r\n  \"status\": \"Dequeued\"\r\n}",
      "StatusCode": 200
    },
    {
      "RequestUri": "/subscriptions/259fbb24-9bcd-4cfc-865c-fc33b22fe38a/providers/Microsoft.DocumentDB/locations/eastus/operationsStatus/ff4071b5-5c22-417f-8aa1-d935e36aac00?api-version=2021-11-15-preview",
      "EncodedRequestUri": "L3N1YnNjcmlwdGlvbnMvMjU5ZmJiMjQtOWJjZC00Y2ZjLTg2NWMtZmMzM2IyMmZlMzhhL3Byb3ZpZGVycy9NaWNyb3NvZnQuRG9jdW1lbnREQi9sb2NhdGlvbnMvZWFzdHVzL29wZXJhdGlvbnNTdGF0dXMvZmY0MDcxYjUtNWMyMi00MTdmLThhYTEtZDkzNWUzNmFhYzAwP2FwaS12ZXJzaW9uPTIwMjEtMTEtMTUtcHJldmlldw==",
      "RequestMethod": "GET",
      "RequestBody": "",
      "RequestHeaders": {
        "x-ms-client-request-id": [
          "34e4d644-3b3b-4273-8873-63ba6f27c4f5"
        ],
        "User-Agent": [
          "FxVersion/4.6.28207.03",
          "OSName/Windows",
          "OSVersion/Microsoft.Windows.10.0.19044.",
          "Microsoft.Azure.Management.CosmosDB.CosmosDBManagementClient/3.4.0.0"
        ]
      },
      "ResponseHeaders": {
        "Cache-Control": [
          "no-store, no-cache"
        ],
        "Pragma": [
          "no-cache"
        ],
        "Strict-Transport-Security": [
          "max-age=31536000; includeSubDomains"
        ],
        "x-ms-gatewayversion": [
          "version=2.14.0"
        ],
        "Server": [
          "Microsoft-HTTPAPI/2.0"
        ],
        "x-ms-ratelimit-remaining-subscription-reads": [
          "11996"
        ],
        "x-ms-request-id": [
          "03ce30f9-8538-4a12-84c6-76af3d8b4e7c"
        ],
        "x-ms-correlation-request-id": [
          "03ce30f9-8538-4a12-84c6-76af3d8b4e7c"
        ],
        "x-ms-routing-request-id": [
          "WESTUS2:20220215T202828Z:03ce30f9-8538-4a12-84c6-76af3d8b4e7c"
        ],
        "X-Content-Type-Options": [
          "nosniff"
        ],
        "Date": [
          "Tue, 15 Feb 2022 20:28:27 GMT"
        ],
        "Content-Length": [
          "21"
        ],
        "Content-Type": [
          "application/json"
        ]
      },
      "ResponseBody": "{\r\n  \"status\": \"Dequeued\"\r\n}",
      "StatusCode": 200
    },
    {
      "RequestUri": "/subscriptions/259fbb24-9bcd-4cfc-865c-fc33b22fe38a/providers/Microsoft.DocumentDB/locations/eastus/operationsStatus/ff4071b5-5c22-417f-8aa1-d935e36aac00?api-version=2021-11-15-preview",
      "EncodedRequestUri": "L3N1YnNjcmlwdGlvbnMvMjU5ZmJiMjQtOWJjZC00Y2ZjLTg2NWMtZmMzM2IyMmZlMzhhL3Byb3ZpZGVycy9NaWNyb3NvZnQuRG9jdW1lbnREQi9sb2NhdGlvbnMvZWFzdHVzL29wZXJhdGlvbnNTdGF0dXMvZmY0MDcxYjUtNWMyMi00MTdmLThhYTEtZDkzNWUzNmFhYzAwP2FwaS12ZXJzaW9uPTIwMjEtMTEtMTUtcHJldmlldw==",
      "RequestMethod": "GET",
      "RequestBody": "",
      "RequestHeaders": {
        "x-ms-client-request-id": [
          "34e4d644-3b3b-4273-8873-63ba6f27c4f5"
        ],
        "User-Agent": [
          "FxVersion/4.6.28207.03",
          "OSName/Windows",
          "OSVersion/Microsoft.Windows.10.0.19044.",
          "Microsoft.Azure.Management.CosmosDB.CosmosDBManagementClient/3.4.0.0"
        ]
      },
      "ResponseHeaders": {
        "Cache-Control": [
          "no-store, no-cache"
        ],
        "Pragma": [
          "no-cache"
        ],
        "Strict-Transport-Security": [
          "max-age=31536000; includeSubDomains"
        ],
        "x-ms-gatewayversion": [
          "version=2.14.0"
        ],
        "Server": [
          "Microsoft-HTTPAPI/2.0"
        ],
        "x-ms-ratelimit-remaining-subscription-reads": [
          "11995"
        ],
        "x-ms-request-id": [
          "6b93b6ba-bddf-4db8-a10c-516d03f0df09"
        ],
        "x-ms-correlation-request-id": [
          "6b93b6ba-bddf-4db8-a10c-516d03f0df09"
        ],
        "x-ms-routing-request-id": [
          "WESTUS2:20220215T202858Z:6b93b6ba-bddf-4db8-a10c-516d03f0df09"
        ],
        "X-Content-Type-Options": [
          "nosniff"
        ],
        "Date": [
          "Tue, 15 Feb 2022 20:28:57 GMT"
        ],
        "Content-Length": [
          "21"
        ],
        "Content-Type": [
          "application/json"
        ]
      },
      "ResponseBody": "{\r\n  \"status\": \"Dequeued\"\r\n}",
      "StatusCode": 200
    },
    {
      "RequestUri": "/subscriptions/259fbb24-9bcd-4cfc-865c-fc33b22fe38a/providers/Microsoft.DocumentDB/locations/eastus/operationsStatus/ff4071b5-5c22-417f-8aa1-d935e36aac00?api-version=2021-11-15-preview",
      "EncodedRequestUri": "L3N1YnNjcmlwdGlvbnMvMjU5ZmJiMjQtOWJjZC00Y2ZjLTg2NWMtZmMzM2IyMmZlMzhhL3Byb3ZpZGVycy9NaWNyb3NvZnQuRG9jdW1lbnREQi9sb2NhdGlvbnMvZWFzdHVzL29wZXJhdGlvbnNTdGF0dXMvZmY0MDcxYjUtNWMyMi00MTdmLThhYTEtZDkzNWUzNmFhYzAwP2FwaS12ZXJzaW9uPTIwMjEtMTEtMTUtcHJldmlldw==",
      "RequestMethod": "GET",
      "RequestBody": "",
      "RequestHeaders": {
        "x-ms-client-request-id": [
          "34e4d644-3b3b-4273-8873-63ba6f27c4f5"
        ],
        "User-Agent": [
          "FxVersion/4.6.28207.03",
          "OSName/Windows",
          "OSVersion/Microsoft.Windows.10.0.19044.",
          "Microsoft.Azure.Management.CosmosDB.CosmosDBManagementClient/3.4.0.0"
        ]
      },
      "ResponseHeaders": {
        "Cache-Control": [
          "no-store, no-cache"
        ],
        "Pragma": [
          "no-cache"
        ],
        "Strict-Transport-Security": [
          "max-age=31536000; includeSubDomains"
        ],
        "x-ms-gatewayversion": [
          "version=2.14.0"
        ],
        "Server": [
          "Microsoft-HTTPAPI/2.0"
        ],
        "x-ms-ratelimit-remaining-subscription-reads": [
          "11994"
        ],
        "x-ms-request-id": [
          "f1dcc479-ca8e-4355-9c43-4a59856a768d"
        ],
        "x-ms-correlation-request-id": [
          "f1dcc479-ca8e-4355-9c43-4a59856a768d"
        ],
        "x-ms-routing-request-id": [
          "WESTUS2:20220215T202928Z:f1dcc479-ca8e-4355-9c43-4a59856a768d"
        ],
        "X-Content-Type-Options": [
          "nosniff"
        ],
        "Date": [
          "Tue, 15 Feb 2022 20:29:28 GMT"
        ],
        "Content-Length": [
          "21"
        ],
        "Content-Type": [
          "application/json"
        ]
      },
      "ResponseBody": "{\r\n  \"status\": \"Dequeued\"\r\n}",
      "StatusCode": 200
    },
    {
      "RequestUri": "/subscriptions/259fbb24-9bcd-4cfc-865c-fc33b22fe38a/providers/Microsoft.DocumentDB/locations/eastus/operationsStatus/ff4071b5-5c22-417f-8aa1-d935e36aac00?api-version=2021-11-15-preview",
      "EncodedRequestUri": "L3N1YnNjcmlwdGlvbnMvMjU5ZmJiMjQtOWJjZC00Y2ZjLTg2NWMtZmMzM2IyMmZlMzhhL3Byb3ZpZGVycy9NaWNyb3NvZnQuRG9jdW1lbnREQi9sb2NhdGlvbnMvZWFzdHVzL29wZXJhdGlvbnNTdGF0dXMvZmY0MDcxYjUtNWMyMi00MTdmLThhYTEtZDkzNWUzNmFhYzAwP2FwaS12ZXJzaW9uPTIwMjEtMTEtMTUtcHJldmlldw==",
      "RequestMethod": "GET",
      "RequestBody": "",
      "RequestHeaders": {
        "x-ms-client-request-id": [
          "34e4d644-3b3b-4273-8873-63ba6f27c4f5"
        ],
        "User-Agent": [
          "FxVersion/4.6.28207.03",
          "OSName/Windows",
          "OSVersion/Microsoft.Windows.10.0.19044.",
          "Microsoft.Azure.Management.CosmosDB.CosmosDBManagementClient/3.4.0.0"
        ]
      },
      "ResponseHeaders": {
        "Cache-Control": [
          "no-store, no-cache"
        ],
        "Pragma": [
          "no-cache"
        ],
        "Strict-Transport-Security": [
          "max-age=31536000; includeSubDomains"
        ],
        "x-ms-gatewayversion": [
          "version=2.14.0"
        ],
        "Server": [
          "Microsoft-HTTPAPI/2.0"
        ],
        "x-ms-ratelimit-remaining-subscription-reads": [
          "11993"
        ],
        "x-ms-request-id": [
          "d522686f-df37-4c89-9c9e-6cb5bf0823f6"
        ],
        "x-ms-correlation-request-id": [
          "d522686f-df37-4c89-9c9e-6cb5bf0823f6"
        ],
        "x-ms-routing-request-id": [
          "WESTUS2:20220215T202958Z:d522686f-df37-4c89-9c9e-6cb5bf0823f6"
        ],
        "X-Content-Type-Options": [
          "nosniff"
        ],
        "Date": [
          "Tue, 15 Feb 2022 20:29:58 GMT"
        ],
        "Content-Length": [
          "21"
        ],
        "Content-Type": [
          "application/json"
        ]
      },
      "ResponseBody": "{\r\n  \"status\": \"Dequeued\"\r\n}",
      "StatusCode": 200
    },
    {
      "RequestUri": "/subscriptions/259fbb24-9bcd-4cfc-865c-fc33b22fe38a/providers/Microsoft.DocumentDB/locations/eastus/operationsStatus/ff4071b5-5c22-417f-8aa1-d935e36aac00?api-version=2021-11-15-preview",
      "EncodedRequestUri": "L3N1YnNjcmlwdGlvbnMvMjU5ZmJiMjQtOWJjZC00Y2ZjLTg2NWMtZmMzM2IyMmZlMzhhL3Byb3ZpZGVycy9NaWNyb3NvZnQuRG9jdW1lbnREQi9sb2NhdGlvbnMvZWFzdHVzL29wZXJhdGlvbnNTdGF0dXMvZmY0MDcxYjUtNWMyMi00MTdmLThhYTEtZDkzNWUzNmFhYzAwP2FwaS12ZXJzaW9uPTIwMjEtMTEtMTUtcHJldmlldw==",
      "RequestMethod": "GET",
      "RequestBody": "",
      "RequestHeaders": {
        "x-ms-client-request-id": [
          "34e4d644-3b3b-4273-8873-63ba6f27c4f5"
        ],
        "User-Agent": [
          "FxVersion/4.6.28207.03",
          "OSName/Windows",
          "OSVersion/Microsoft.Windows.10.0.19044.",
          "Microsoft.Azure.Management.CosmosDB.CosmosDBManagementClient/3.4.0.0"
        ]
      },
      "ResponseHeaders": {
        "Cache-Control": [
          "no-store, no-cache"
        ],
        "Pragma": [
          "no-cache"
        ],
        "Strict-Transport-Security": [
          "max-age=31536000; includeSubDomains"
        ],
        "x-ms-gatewayversion": [
          "version=2.14.0"
        ],
        "Server": [
          "Microsoft-HTTPAPI/2.0"
        ],
        "x-ms-ratelimit-remaining-subscription-reads": [
          "11992"
        ],
        "x-ms-request-id": [
          "15bd1f47-964b-44e8-891f-3606627bdcdb"
        ],
        "x-ms-correlation-request-id": [
          "15bd1f47-964b-44e8-891f-3606627bdcdb"
        ],
        "x-ms-routing-request-id": [
          "WESTUS2:20220215T203028Z:15bd1f47-964b-44e8-891f-3606627bdcdb"
        ],
        "X-Content-Type-Options": [
          "nosniff"
        ],
        "Date": [
          "Tue, 15 Feb 2022 20:30:28 GMT"
        ],
        "Content-Length": [
          "22"
        ],
        "Content-Type": [
          "application/json"
        ]
      },
      "ResponseBody": "{\r\n  \"status\": \"Succeeded\"\r\n}",
      "StatusCode": 200
    },
    {
      "RequestUri": "/subscriptions/259fbb24-9bcd-4cfc-865c-fc33b22fe38a/providers/Microsoft.DocumentDB/locations/East%20US/restorableDatabaseAccounts/46e02084-32ce-46b4-9bfc-de6425cd3857?api-version=2021-11-15-preview",
      "EncodedRequestUri": "L3N1YnNjcmlwdGlvbnMvMjU5ZmJiMjQtOWJjZC00Y2ZjLTg2NWMtZmMzM2IyMmZlMzhhL3Byb3ZpZGVycy9NaWNyb3NvZnQuRG9jdW1lbnREQi9sb2NhdGlvbnMvRWFzdCUyMFVTL3Jlc3RvcmFibGVEYXRhYmFzZUFjY291bnRzLzQ2ZTAyMDg0LTMyY2UtNDZiNC05YmZjLWRlNjQyNWNkMzg1Nz9hcGktdmVyc2lvbj0yMDIxLTExLTE1LXByZXZpZXc=",
      "RequestMethod": "GET",
      "RequestBody": "",
      "RequestHeaders": {
        "x-ms-client-request-id": [
          "50c97024-233c-4e80-8276-85655a96f2e1"
        ],
        "Accept-Language": [
          "en-US"
        ],
        "User-Agent": [
          "FxVersion/4.6.28207.03",
          "OSName/Windows",
          "OSVersion/Microsoft.Windows.10.0.19044.",
          "Microsoft.Azure.Management.CosmosDB.CosmosDBManagementClient/3.4.0.0"
        ]
      },
      "ResponseHeaders": {
        "Cache-Control": [
          "no-store, no-cache"
        ],
        "Pragma": [
          "no-cache"
        ],
        "Strict-Transport-Security": [
          "max-age=31536000; includeSubDomains"
        ],
        "x-ms-gatewayversion": [
          "version=2.14.0"
        ],
        "Server": [
          "Microsoft-HTTPAPI/2.0"
        ],
        "x-ms-ratelimit-remaining-subscription-reads": [
          "11989"
        ],
        "x-ms-request-id": [
          "23c29fc9-ee8e-472b-bea6-ecf482ec23a9"
        ],
        "x-ms-correlation-request-id": [
          "23c29fc9-ee8e-472b-bea6-ecf482ec23a9"
        ],
        "x-ms-routing-request-id": [
          "WESTUS2:20220215T203029Z:23c29fc9-ee8e-472b-bea6-ecf482ec23a9"
        ],
        "X-Content-Type-Options": [
          "nosniff"
        ],
        "Date": [
          "Tue, 15 Feb 2022 20:30:28 GMT"
        ],
        "Content-Length": [
          "581"
        ],
        "Content-Type": [
          "application/json"
        ]
      },
      "ResponseBody": "{\r\n  \"name\": \"46e02084-32ce-46b4-9bfc-de6425cd3857\",\r\n  \"location\": \"East US\",\r\n  \"type\": \"Microsoft.DocumentDB/locations/restorableDatabaseAccounts\",\r\n  \"id\": \"/subscriptions/259fbb24-9bcd-4cfc-865c-fc33b22fe38a/providers/Microsoft.DocumentDB/locations/eastus/restorableDatabaseAccounts/46e02084-32ce-46b4-9bfc-de6425cd3857\",\r\n  \"properties\": {\r\n    \"accountName\": \"mongo-continuous-1274\",\r\n    \"apiType\": \"MongoDB\",\r\n    \"creationTime\": \"2022-02-15T20:29:34Z\",\r\n    \"restorableLocations\": [\r\n      {\r\n        \"locationName\": \"East US\",\r\n        \"regionalDatabaseAccountInstanceId\": \"79e87086-650e-4092-9abb-ad795332f35e\",\r\n        \"creationTime\": \"2022-02-15T20:29:35Z\"\r\n      }\r\n    ]\r\n  }\r\n}",
      "StatusCode": 200
    },
    {
      "RequestUri": "/subscriptions/259fbb24-9bcd-4cfc-865c-fc33b22fe38a/resourceGroups/CosmosDBResourceGroup74/providers/Microsoft.DocumentDB/databaseAccounts/mongo-continuous-1274/mongodbDatabases/TestDB1?api-version=2021-11-15-preview",
      "EncodedRequestUri": "L3N1YnNjcmlwdGlvbnMvMjU5ZmJiMjQtOWJjZC00Y2ZjLTg2NWMtZmMzM2IyMmZlMzhhL3Jlc291cmNlR3JvdXBzL0Nvc21vc0RCUmVzb3VyY2VHcm91cDc0L3Byb3ZpZGVycy9NaWNyb3NvZnQuRG9jdW1lbnREQi9kYXRhYmFzZUFjY291bnRzL21vbmdvLWNvbnRpbnVvdXMtMTI3NC9tb25nb2RiRGF0YWJhc2VzL1Rlc3REQjE/YXBpLXZlcnNpb249MjAyMS0xMS0xNS1wcmV2aWV3",
      "RequestMethod": "GET",
      "RequestBody": "",
      "RequestHeaders": {
        "x-ms-client-request-id": [
          "40e5d6a7-6bae-40bc-ae1c-0a147b1703c6"
        ],
        "Accept-Language": [
          "en-US"
        ],
        "User-Agent": [
          "FxVersion/4.6.28207.03",
          "OSName/Windows",
          "OSVersion/Microsoft.Windows.10.0.19044.",
          "Microsoft.Azure.Management.CosmosDB.CosmosDBManagementClient/3.4.0.0"
        ]
      },
      "ResponseHeaders": {
        "Cache-Control": [
          "no-store, no-cache"
        ],
        "Pragma": [
          "no-cache"
        ],
        "Strict-Transport-Security": [
          "max-age=31536000; includeSubDomains"
        ],
        "x-ms-gatewayversion": [
          "version=2.14.0"
        ],
        "Server": [
          "Microsoft-HTTPAPI/2.0"
        ],
        "x-ms-ratelimit-remaining-subscription-reads": [
          "11988"
        ],
        "x-ms-request-id": [
          "05fa11e9-0969-4fbe-a9cb-b0049a61e719"
        ],
        "x-ms-correlation-request-id": [
          "05fa11e9-0969-4fbe-a9cb-b0049a61e719"
        ],
        "x-ms-routing-request-id": [
          "WESTUS2:20220215T203030Z:05fa11e9-0969-4fbe-a9cb-b0049a61e719"
        ],
        "X-Content-Type-Options": [
          "nosniff"
        ],
        "Date": [
          "Tue, 15 Feb 2022 20:30:29 GMT"
        ],
        "Content-Length": [
          "160"
        ],
        "Content-Type": [
          "application/json"
        ]
      },
      "ResponseBody": "{\r\n  \"code\": \"NotFound\",\r\n  \"message\": \"the database TestDB1 doesn't exist.\\r\\nActivityId: 40e5d6a7-6bae-40bc-ae1c-0a147b1703c6, Microsoft.Azure.Documents.Common/2.14.0\"\r\n}",
      "StatusCode": 404
    },
    {
      "RequestUri": "/subscriptions/259fbb24-9bcd-4cfc-865c-fc33b22fe38a/resourceGroups/CosmosDBResourceGroup74/providers/Microsoft.DocumentDB/databaseAccounts/mongo-continuous-1274/mongodbDatabases/TestDB1?api-version=2021-11-15-preview",
      "EncodedRequestUri": "L3N1YnNjcmlwdGlvbnMvMjU5ZmJiMjQtOWJjZC00Y2ZjLTg2NWMtZmMzM2IyMmZlMzhhL3Jlc291cmNlR3JvdXBzL0Nvc21vc0RCUmVzb3VyY2VHcm91cDc0L3Byb3ZpZGVycy9NaWNyb3NvZnQuRG9jdW1lbnREQi9kYXRhYmFzZUFjY291bnRzL21vbmdvLWNvbnRpbnVvdXMtMTI3NC9tb25nb2RiRGF0YWJhc2VzL1Rlc3REQjE/YXBpLXZlcnNpb249MjAyMS0xMS0xNS1wcmV2aWV3",
      "RequestMethod": "GET",
      "RequestBody": "",
      "RequestHeaders": {
        "x-ms-client-request-id": [
          "40e5d6a7-6bae-40bc-ae1c-0a147b1703c6"
        ],
        "User-Agent": [
          "FxVersion/4.6.28207.03",
          "OSName/Windows",
          "OSVersion/Microsoft.Windows.10.0.19044.",
          "Microsoft.Azure.Management.CosmosDB.CosmosDBManagementClient/3.4.0.0"
        ]
      },
      "ResponseHeaders": {
        "Cache-Control": [
          "no-store, no-cache"
        ],
        "Pragma": [
          "no-cache"
        ],
        "Strict-Transport-Security": [
          "max-age=31536000; includeSubDomains"
        ],
        "x-ms-gatewayversion": [
          "version=2.14.0"
        ],
        "Server": [
          "Microsoft-HTTPAPI/2.0"
        ],
        "x-ms-ratelimit-remaining-subscription-reads": [
          "11986"
        ],
        "x-ms-request-id": [
          "c04840dc-174b-4903-8d7f-8e18d08d1a69"
        ],
        "x-ms-correlation-request-id": [
          "c04840dc-174b-4903-8d7f-8e18d08d1a69"
        ],
        "x-ms-routing-request-id": [
          "WESTUS2:20220215T203101Z:c04840dc-174b-4903-8d7f-8e18d08d1a69"
        ],
        "X-Content-Type-Options": [
          "nosniff"
        ],
        "Date": [
          "Tue, 15 Feb 2022 20:31:00 GMT"
        ],
        "Content-Length": [
          "318"
        ],
        "Content-Type": [
          "application/json"
        ]
      },
      "ResponseBody": "{\r\n  \"id\": \"/subscriptions/259fbb24-9bcd-4cfc-865c-fc33b22fe38a/resourceGroups/CosmosDBResourceGroup74/providers/Microsoft.DocumentDB/databaseAccounts/mongo-continuous-1274/mongodbDatabases/TestDB1\",\r\n  \"type\": \"Microsoft.DocumentDB/databaseAccounts/mongodbDatabases\",\r\n  \"name\": \"TestDB1\",\r\n  \"properties\": {\r\n    \"resource\": {\r\n      \"id\": \"TestDB1\"\r\n    }\r\n  }\r\n}",
      "StatusCode": 200
    },
    {
      "RequestUri": "/subscriptions/259fbb24-9bcd-4cfc-865c-fc33b22fe38a/resourceGroups/CosmosDBResourceGroup74/providers/Microsoft.DocumentDB/databaseAccounts/mongo-continuous-1274/mongodbDatabases/TestDB1?api-version=2021-11-15-preview",
      "EncodedRequestUri": "L3N1YnNjcmlwdGlvbnMvMjU5ZmJiMjQtOWJjZC00Y2ZjLTg2NWMtZmMzM2IyMmZlMzhhL3Jlc291cmNlR3JvdXBzL0Nvc21vc0RCUmVzb3VyY2VHcm91cDc0L3Byb3ZpZGVycy9NaWNyb3NvZnQuRG9jdW1lbnREQi9kYXRhYmFzZUFjY291bnRzL21vbmdvLWNvbnRpbnVvdXMtMTI3NC9tb25nb2RiRGF0YWJhc2VzL1Rlc3REQjE/YXBpLXZlcnNpb249MjAyMS0xMS0xNS1wcmV2aWV3",
      "RequestMethod": "PUT",
      "RequestBody": "{\r\n  \"properties\": {\r\n    \"resource\": {\r\n      \"id\": \"TestDB1\"\r\n    },\r\n    \"options\": {\r\n      \"throughput\": 1200\r\n    }\r\n  }\r\n}",
      "RequestHeaders": {
        "x-ms-client-request-id": [
          "40e5d6a7-6bae-40bc-ae1c-0a147b1703c6"
        ],
        "Accept-Language": [
          "en-US"
        ],
        "User-Agent": [
          "FxVersion/4.6.28207.03",
          "OSName/Windows",
          "OSVersion/Microsoft.Windows.10.0.19044.",
          "Microsoft.Azure.Management.CosmosDB.CosmosDBManagementClient/3.4.0.0"
        ],
        "Content-Type": [
          "application/json; charset=utf-8"
        ],
        "Content-Length": [
          "129"
        ]
      },
      "ResponseHeaders": {
        "Cache-Control": [
          "no-store, no-cache"
        ],
        "Pragma": [
          "no-cache"
        ],
        "Location": [
          "https://management.azure.com/subscriptions/259fbb24-9bcd-4cfc-865c-fc33b22fe38a/resourceGroups/CosmosDBResourceGroup74/providers/Microsoft.DocumentDB/databaseAccounts/mongo-continuous-1274/mongodbDatabases/TestDB1/operationResults/cd36a673-5093-4308-898c-55cdd52bc278?api-version=2021-11-15-preview"
        ],
        "Azure-AsyncOperation": [
          "https://management.azure.com/subscriptions/259fbb24-9bcd-4cfc-865c-fc33b22fe38a/providers/Microsoft.DocumentDB/locations/eastus/operationsStatus/cd36a673-5093-4308-898c-55cdd52bc278?api-version=2021-11-15-preview"
        ],
        "x-ms-request-id": [
          "cd36a673-5093-4308-898c-55cdd52bc278"
        ],
        "Strict-Transport-Security": [
          "max-age=31536000; includeSubDomains"
        ],
        "x-ms-gatewayversion": [
          "version=2.14.0"
        ],
        "Server": [
          "Microsoft-HTTPAPI/2.0"
        ],
        "x-ms-ratelimit-remaining-subscription-writes": [
          "1198"
        ],
        "x-ms-correlation-request-id": [
          "4719e0bc-626a-415f-9e20-c49adf8e0c5f"
        ],
        "x-ms-routing-request-id": [
          "WESTUS2:20220215T203030Z:4719e0bc-626a-415f-9e20-c49adf8e0c5f"
        ],
        "X-Content-Type-Options": [
          "nosniff"
        ],
        "Date": [
          "Tue, 15 Feb 2022 20:30:30 GMT"
        ],
        "Content-Length": [
          "21"
        ],
        "Content-Type": [
          "application/json"
        ]
      },
      "ResponseBody": "{\r\n  \"status\": \"Enqueued\"\r\n}",
      "StatusCode": 202
    },
    {
      "RequestUri": "/subscriptions/259fbb24-9bcd-4cfc-865c-fc33b22fe38a/providers/Microsoft.DocumentDB/locations/eastus/operationsStatus/cd36a673-5093-4308-898c-55cdd52bc278?api-version=2021-11-15-preview",
      "EncodedRequestUri": "L3N1YnNjcmlwdGlvbnMvMjU5ZmJiMjQtOWJjZC00Y2ZjLTg2NWMtZmMzM2IyMmZlMzhhL3Byb3ZpZGVycy9NaWNyb3NvZnQuRG9jdW1lbnREQi9sb2NhdGlvbnMvZWFzdHVzL29wZXJhdGlvbnNTdGF0dXMvY2QzNmE2NzMtNTA5My00MzA4LTg5OGMtNTVjZGQ1MmJjMjc4P2FwaS12ZXJzaW9uPTIwMjEtMTEtMTUtcHJldmlldw==",
      "RequestMethod": "GET",
      "RequestBody": "",
      "RequestHeaders": {
        "x-ms-client-request-id": [
          "40e5d6a7-6bae-40bc-ae1c-0a147b1703c6"
        ],
        "User-Agent": [
          "FxVersion/4.6.28207.03",
          "OSName/Windows",
          "OSVersion/Microsoft.Windows.10.0.19044.",
          "Microsoft.Azure.Management.CosmosDB.CosmosDBManagementClient/3.4.0.0"
        ]
      },
      "ResponseHeaders": {
        "Cache-Control": [
          "no-store, no-cache"
        ],
        "Pragma": [
          "no-cache"
        ],
        "Strict-Transport-Security": [
          "max-age=31536000; includeSubDomains"
        ],
        "x-ms-gatewayversion": [
          "version=2.14.0"
        ],
        "Server": [
          "Microsoft-HTTPAPI/2.0"
        ],
        "x-ms-ratelimit-remaining-subscription-reads": [
          "11987"
        ],
        "x-ms-request-id": [
          "7c080dca-d1e4-4aa9-be1d-1670256e94db"
        ],
        "x-ms-correlation-request-id": [
          "7c080dca-d1e4-4aa9-be1d-1670256e94db"
        ],
        "x-ms-routing-request-id": [
          "WESTUS2:20220215T203100Z:7c080dca-d1e4-4aa9-be1d-1670256e94db"
        ],
        "X-Content-Type-Options": [
          "nosniff"
        ],
        "Date": [
          "Tue, 15 Feb 2022 20:31:00 GMT"
        ],
        "Content-Length": [
          "22"
        ],
        "Content-Type": [
          "application/json"
        ]
      },
      "ResponseBody": "{\r\n  \"status\": \"Succeeded\"\r\n}",
      "StatusCode": 200
    },
    {
      "RequestUri": "/subscriptions/259fbb24-9bcd-4cfc-865c-fc33b22fe38a/resourceGroups/CosmosDBResourceGroup74/providers/Microsoft.DocumentDB/databaseAccounts/mongo-continuous-1274/mongodbDatabases/TestDB1/collections/collectionName?api-version=2021-11-15-preview",
      "EncodedRequestUri": "L3N1YnNjcmlwdGlvbnMvMjU5ZmJiMjQtOWJjZC00Y2ZjLTg2NWMtZmMzM2IyMmZlMzhhL3Jlc291cmNlR3JvdXBzL0Nvc21vc0RCUmVzb3VyY2VHcm91cDc0L3Byb3ZpZGVycy9NaWNyb3NvZnQuRG9jdW1lbnREQi9kYXRhYmFzZUFjY291bnRzL21vbmdvLWNvbnRpbnVvdXMtMTI3NC9tb25nb2RiRGF0YWJhc2VzL1Rlc3REQjEvY29sbGVjdGlvbnMvY29sbGVjdGlvbk5hbWU/YXBpLXZlcnNpb249MjAyMS0xMS0xNS1wcmV2aWV3",
      "RequestMethod": "GET",
      "RequestBody": "",
      "RequestHeaders": {
        "x-ms-client-request-id": [
          "e41553eb-6664-4ab8-a3f8-37f00f91be9a"
        ],
        "Accept-Language": [
          "en-US"
        ],
        "User-Agent": [
          "FxVersion/4.6.28207.03",
          "OSName/Windows",
          "OSVersion/Microsoft.Windows.10.0.19044.",
          "Microsoft.Azure.Management.CosmosDB.CosmosDBManagementClient/3.4.0.0"
        ]
      },
      "ResponseHeaders": {
        "Cache-Control": [
          "no-store, no-cache"
        ],
        "Pragma": [
          "no-cache"
        ],
        "Strict-Transport-Security": [
          "max-age=31536000; includeSubDomains"
        ],
        "x-ms-gatewayversion": [
          "version=2.14.0"
        ],
        "Server": [
          "Microsoft-HTTPAPI/2.0"
        ],
        "x-ms-ratelimit-remaining-subscription-reads": [
          "11985"
        ],
        "x-ms-request-id": [
          "e7367283-fe5b-4d11-838b-6a7e95933660"
        ],
        "x-ms-correlation-request-id": [
          "e7367283-fe5b-4d11-838b-6a7e95933660"
        ],
        "x-ms-routing-request-id": [
          "WESTUS2:20220215T203101Z:e7367283-fe5b-4d11-838b-6a7e95933660"
        ],
        "X-Content-Type-Options": [
          "nosniff"
        ],
        "Date": [
          "Tue, 15 Feb 2022 20:31:01 GMT"
        ],
        "Content-Length": [
          "181"
        ],
        "Content-Type": [
          "application/json"
        ]
      },
      "ResponseBody": "{\r\n  \"code\": \"NotFound\",\r\n  \"message\": \"The collection 'TestDB1'.'collectionName' doesn't exist.\\r\\nActivityId: e41553eb-6664-4ab8-a3f8-37f00f91be9a, Microsoft.Azure.Documents.Common/2.14.0\"\r\n}",
      "StatusCode": 404
    },
    {
      "RequestUri": "/subscriptions/259fbb24-9bcd-4cfc-865c-fc33b22fe38a/resourceGroups/CosmosDBResourceGroup74/providers/Microsoft.DocumentDB/databaseAccounts/mongo-continuous-1274/mongodbDatabases/TestDB1/collections/collectionName?api-version=2021-11-15-preview",
      "EncodedRequestUri": "L3N1YnNjcmlwdGlvbnMvMjU5ZmJiMjQtOWJjZC00Y2ZjLTg2NWMtZmMzM2IyMmZlMzhhL3Jlc291cmNlR3JvdXBzL0Nvc21vc0RCUmVzb3VyY2VHcm91cDc0L3Byb3ZpZGVycy9NaWNyb3NvZnQuRG9jdW1lbnREQi9kYXRhYmFzZUFjY291bnRzL21vbmdvLWNvbnRpbnVvdXMtMTI3NC9tb25nb2RiRGF0YWJhc2VzL1Rlc3REQjEvY29sbGVjdGlvbnMvY29sbGVjdGlvbk5hbWU/YXBpLXZlcnNpb249MjAyMS0xMS0xNS1wcmV2aWV3",
      "RequestMethod": "GET",
      "RequestBody": "",
      "RequestHeaders": {
        "x-ms-client-request-id": [
          "e41553eb-6664-4ab8-a3f8-37f00f91be9a"
        ],
        "User-Agent": [
          "FxVersion/4.6.28207.03",
          "OSName/Windows",
          "OSVersion/Microsoft.Windows.10.0.19044.",
          "Microsoft.Azure.Management.CosmosDB.CosmosDBManagementClient/3.4.0.0"
        ]
      },
      "ResponseHeaders": {
        "Cache-Control": [
          "no-store, no-cache"
        ],
        "Pragma": [
          "no-cache"
        ],
        "Strict-Transport-Security": [
          "max-age=31536000; includeSubDomains"
        ],
        "x-ms-gatewayversion": [
          "version=2.14.0"
        ],
        "Server": [
          "Microsoft-HTTPAPI/2.0"
        ],
        "x-ms-ratelimit-remaining-subscription-reads": [
          "11983"
        ],
        "x-ms-request-id": [
          "f2604903-9130-4b23-ad66-94cf4de802a1"
        ],
        "x-ms-correlation-request-id": [
          "f2604903-9130-4b23-ad66-94cf4de802a1"
        ],
        "x-ms-routing-request-id": [
          "WESTUS2:20220215T203133Z:f2604903-9130-4b23-ad66-94cf4de802a1"
        ],
        "X-Content-Type-Options": [
          "nosniff"
        ],
        "Date": [
          "Tue, 15 Feb 2022 20:31:32 GMT"
        ],
        "Content-Length": [
          "443"
        ],
        "Content-Type": [
          "application/json"
        ]
      },
      "ResponseBody": "{\r\n  \"id\": \"/subscriptions/259fbb24-9bcd-4cfc-865c-fc33b22fe38a/resourceGroups/CosmosDBResourceGroup74/providers/Microsoft.DocumentDB/databaseAccounts/mongo-continuous-1274/mongodbDatabases/TestDB1/collections/collectionName\",\r\n  \"type\": \"Microsoft.DocumentDB/databaseAccounts/mongodbDatabases/collections\",\r\n  \"name\": \"collectionName\",\r\n  \"properties\": {\r\n    \"resource\": {\r\n      \"id\": \"collectionName\",\r\n      \"shardKey\": {\r\n        \"shardKeyPath\": \"Hash\"\r\n      },\r\n      \"indexes\": [\r\n        {\r\n          \"key\": {\r\n            \"keys\": [\r\n              \"_id\"\r\n            ]\r\n          }\r\n        }\r\n      ]\r\n    }\r\n  }\r\n}",
      "StatusCode": 200
    },
    {
      "RequestUri": "/subscriptions/259fbb24-9bcd-4cfc-865c-fc33b22fe38a/resourceGroups/CosmosDBResourceGroup74/providers/Microsoft.DocumentDB/databaseAccounts/mongo-continuous-1274/mongodbDatabases/TestDB1/collections/collectionName?api-version=2021-11-15-preview",
      "EncodedRequestUri": "L3N1YnNjcmlwdGlvbnMvMjU5ZmJiMjQtOWJjZC00Y2ZjLTg2NWMtZmMzM2IyMmZlMzhhL3Jlc291cmNlR3JvdXBzL0Nvc21vc0RCUmVzb3VyY2VHcm91cDc0L3Byb3ZpZGVycy9NaWNyb3NvZnQuRG9jdW1lbnREQi9kYXRhYmFzZUFjY291bnRzL21vbmdvLWNvbnRpbnVvdXMtMTI3NC9tb25nb2RiRGF0YWJhc2VzL1Rlc3REQjEvY29sbGVjdGlvbnMvY29sbGVjdGlvbk5hbWU/YXBpLXZlcnNpb249MjAyMS0xMS0xNS1wcmV2aWV3",
      "RequestMethod": "PUT",
      "RequestBody": "{\r\n  \"properties\": {\r\n    \"resource\": {\r\n      \"id\": \"collectionName\",\r\n      \"shardKey\": {\r\n        \"shardKeyPath\": \"Hash\"\r\n      }\r\n    },\r\n    \"options\": {\r\n      \"throughput\": 800\r\n    }\r\n  }\r\n}",
      "RequestHeaders": {
        "x-ms-client-request-id": [
          "e41553eb-6664-4ab8-a3f8-37f00f91be9a"
        ],
        "Accept-Language": [
          "en-US"
        ],
        "User-Agent": [
          "FxVersion/4.6.28207.03",
          "OSName/Windows",
          "OSVersion/Microsoft.Windows.10.0.19044.",
          "Microsoft.Azure.Management.CosmosDB.CosmosDBManagementClient/3.4.0.0"
        ],
        "Content-Type": [
          "application/json; charset=utf-8"
        ],
        "Content-Length": [
          "198"
        ]
      },
      "ResponseHeaders": {
        "Cache-Control": [
          "no-store, no-cache"
        ],
        "Pragma": [
          "no-cache"
        ],
        "Location": [
          "https://management.azure.com/subscriptions/259fbb24-9bcd-4cfc-865c-fc33b22fe38a/resourceGroups/CosmosDBResourceGroup74/providers/Microsoft.DocumentDB/databaseAccounts/mongo-continuous-1274/mongodbDatabases/TestDB1/collections/collectionName/operationResults/d9bc3dca-629f-41de-873c-9e3ed4bfdc10?api-version=2021-11-15-preview"
        ],
        "Azure-AsyncOperation": [
          "https://management.azure.com/subscriptions/259fbb24-9bcd-4cfc-865c-fc33b22fe38a/providers/Microsoft.DocumentDB/locations/eastus/operationsStatus/d9bc3dca-629f-41de-873c-9e3ed4bfdc10?api-version=2021-11-15-preview"
        ],
        "x-ms-request-id": [
          "d9bc3dca-629f-41de-873c-9e3ed4bfdc10"
        ],
        "Strict-Transport-Security": [
          "max-age=31536000; includeSubDomains"
        ],
        "x-ms-gatewayversion": [
          "version=2.14.0"
        ],
        "Server": [
          "Microsoft-HTTPAPI/2.0"
        ],
        "x-ms-ratelimit-remaining-subscription-writes": [
          "1197"
        ],
        "x-ms-correlation-request-id": [
          "5841cfa0-3bd5-4f34-b7fe-8efc7ea7a47b"
        ],
        "x-ms-routing-request-id": [
          "WESTUS2:20220215T203102Z:5841cfa0-3bd5-4f34-b7fe-8efc7ea7a47b"
        ],
        "X-Content-Type-Options": [
          "nosniff"
        ],
        "Date": [
          "Tue, 15 Feb 2022 20:31:01 GMT"
        ],
        "Content-Length": [
          "21"
        ],
        "Content-Type": [
          "application/json"
        ]
      },
      "ResponseBody": "{\r\n  \"status\": \"Enqueued\"\r\n}",
      "StatusCode": 202
    },
    {
      "RequestUri": "/subscriptions/259fbb24-9bcd-4cfc-865c-fc33b22fe38a/providers/Microsoft.DocumentDB/locations/eastus/operationsStatus/d9bc3dca-629f-41de-873c-9e3ed4bfdc10?api-version=2021-11-15-preview",
      "EncodedRequestUri": "L3N1YnNjcmlwdGlvbnMvMjU5ZmJiMjQtOWJjZC00Y2ZjLTg2NWMtZmMzM2IyMmZlMzhhL3Byb3ZpZGVycy9NaWNyb3NvZnQuRG9jdW1lbnREQi9sb2NhdGlvbnMvZWFzdHVzL29wZXJhdGlvbnNTdGF0dXMvZDliYzNkY2EtNjI5Zi00MWRlLTg3M2MtOWUzZWQ0YmZkYzEwP2FwaS12ZXJzaW9uPTIwMjEtMTEtMTUtcHJldmlldw==",
      "RequestMethod": "GET",
      "RequestBody": "",
      "RequestHeaders": {
        "x-ms-client-request-id": [
          "e41553eb-6664-4ab8-a3f8-37f00f91be9a"
        ],
        "User-Agent": [
          "FxVersion/4.6.28207.03",
          "OSName/Windows",
          "OSVersion/Microsoft.Windows.10.0.19044.",
          "Microsoft.Azure.Management.CosmosDB.CosmosDBManagementClient/3.4.0.0"
        ]
      },
      "ResponseHeaders": {
        "Cache-Control": [
          "no-store, no-cache"
        ],
        "Pragma": [
          "no-cache"
        ],
        "Strict-Transport-Security": [
          "max-age=31536000; includeSubDomains"
        ],
        "x-ms-gatewayversion": [
          "version=2.14.0"
        ],
        "Server": [
          "Microsoft-HTTPAPI/2.0"
        ],
        "x-ms-ratelimit-remaining-subscription-reads": [
          "11984"
        ],
        "x-ms-request-id": [
          "c699179a-8ea6-4513-826a-8989f7a8928f"
        ],
        "x-ms-correlation-request-id": [
          "c699179a-8ea6-4513-826a-8989f7a8928f"
        ],
        "x-ms-routing-request-id": [
          "WESTUS2:20220215T203132Z:c699179a-8ea6-4513-826a-8989f7a8928f"
        ],
        "X-Content-Type-Options": [
          "nosniff"
        ],
        "Date": [
          "Tue, 15 Feb 2022 20:31:31 GMT"
        ],
        "Content-Length": [
          "22"
        ],
        "Content-Type": [
          "application/json"
        ]
      },
      "ResponseBody": "{\r\n  \"status\": \"Succeeded\"\r\n}",
      "StatusCode": 200
    },
    {
      "RequestUri": "/subscriptions/259fbb24-9bcd-4cfc-865c-fc33b22fe38a/providers/Microsoft.DocumentDB/locations/East%20US/restorableDatabaseAccounts/46e02084-32ce-46b4-9bfc-de6425cd3857/restorableMongodbDatabases?api-version=2021-11-15-preview",
      "EncodedRequestUri": "L3N1YnNjcmlwdGlvbnMvMjU5ZmJiMjQtOWJjZC00Y2ZjLTg2NWMtZmMzM2IyMmZlMzhhL3Byb3ZpZGVycy9NaWNyb3NvZnQuRG9jdW1lbnREQi9sb2NhdGlvbnMvRWFzdCUyMFVTL3Jlc3RvcmFibGVEYXRhYmFzZUFjY291bnRzLzQ2ZTAyMDg0LTMyY2UtNDZiNC05YmZjLWRlNjQyNWNkMzg1Ny9yZXN0b3JhYmxlTW9uZ29kYkRhdGFiYXNlcz9hcGktdmVyc2lvbj0yMDIxLTExLTE1LXByZXZpZXc=",
      "RequestMethod": "GET",
      "RequestBody": "",
      "RequestHeaders": {
        "x-ms-client-request-id": [
          "1380c9ba-bc63-4157-9dbe-142e99dc244f"
        ],
        "Accept-Language": [
          "en-US"
        ],
        "User-Agent": [
          "FxVersion/4.6.28207.03",
          "OSName/Windows",
          "OSVersion/Microsoft.Windows.10.0.19044.",
          "Microsoft.Azure.Management.CosmosDB.CosmosDBManagementClient/3.4.0.0"
        ]
      },
      "ResponseHeaders": {
        "Cache-Control": [
          "no-store, no-cache"
        ],
        "Pragma": [
          "no-cache"
        ],
        "Strict-Transport-Security": [
          "max-age=31536000; includeSubDomains"
        ],
        "x-ms-gatewayversion": [
          "version=2.14.0"
        ],
        "Server": [
          "Microsoft-HTTPAPI/2.0"
        ],
        "x-ms-ratelimit-remaining-subscription-reads": [
          "11982"
        ],
        "x-ms-request-id": [
          "ae14980c-b89a-40ff-8ae4-8528bbdf0b8c"
        ],
        "x-ms-correlation-request-id": [
          "ae14980c-b89a-40ff-8ae4-8528bbdf0b8c"
        ],
        "x-ms-routing-request-id": [
          "WESTUS2:20220215T203133Z:ae14980c-b89a-40ff-8ae4-8528bbdf0b8c"
        ],
        "X-Content-Type-Options": [
          "nosniff"
        ],
        "Date": [
          "Tue, 15 Feb 2022 20:31:32 GMT"
        ],
        "Content-Length": [
          "555"
        ],
        "Content-Type": [
          "application/json"
        ]
      },
      "ResponseBody": "{\r\n  \"value\": [\r\n    {\r\n      \"id\": \"/subscriptions/259fbb24-9bcd-4cfc-865c-fc33b22fe38a/providers/Microsoft.DocumentDB/locations/East%20US/restorableDatabaseAccounts/46e02084-32ce-46b4-9bfc-de6425cd3857/restorableMongodbDatabases/c060b6a8-ef9c-45dd-8303-83fe637406d9\",\r\n      \"type\": \"Microsoft.DocumentDB/locations/restorableDatabaseAccounts/restorableMongodbDatabases\",\r\n      \"name\": \"c060b6a8-ef9c-45dd-8303-83fe637406d9\",\r\n      \"properties\": {\r\n        \"resource\": {\r\n          \"_rid\": \"ao3G8wAAAA==\",\r\n          \"eventTimestamp\": \"2022-02-15T20:30:36Z\",\r\n          \"ownerId\": \"TestDB1\",\r\n          \"ownerResourceId\": \"U4wLAA==\",\r\n          \"operationType\": \"Create\"\r\n        }\r\n      }\r\n    }\r\n  ]\r\n}",
      "StatusCode": 200
    },
    {
      "RequestUri": "/subscriptions/259fbb24-9bcd-4cfc-865c-fc33b22fe38a/providers/Microsoft.DocumentDB/locations/East%20US/restorableDatabaseAccounts/46e02084-32ce-46b4-9bfc-de6425cd3857/restorableMongodbCollections?api-version=2021-11-15-preview&restorableMongodbDatabaseRid=U4wLAA%3D%3D",
      "EncodedRequestUri": "L3N1YnNjcmlwdGlvbnMvMjU5ZmJiMjQtOWJjZC00Y2ZjLTg2NWMtZmMzM2IyMmZlMzhhL3Byb3ZpZGVycy9NaWNyb3NvZnQuRG9jdW1lbnREQi9sb2NhdGlvbnMvRWFzdCUyMFVTL3Jlc3RvcmFibGVEYXRhYmFzZUFjY291bnRzLzQ2ZTAyMDg0LTMyY2UtNDZiNC05YmZjLWRlNjQyNWNkMzg1Ny9yZXN0b3JhYmxlTW9uZ29kYkNvbGxlY3Rpb25zP2FwaS12ZXJzaW9uPTIwMjEtMTEtMTUtcHJldmlldyZyZXN0b3JhYmxlTW9uZ29kYkRhdGFiYXNlUmlkPVU0d0xBQSUzRCUzRA==",
      "RequestMethod": "GET",
      "RequestBody": "",
      "RequestHeaders": {
        "x-ms-client-request-id": [
          "71570abf-54a7-485d-b419-23f72619a6a8"
        ],
        "Accept-Language": [
          "en-US"
        ],
        "User-Agent": [
          "FxVersion/4.6.28207.03",
          "OSName/Windows",
          "OSVersion/Microsoft.Windows.10.0.19044.",
          "Microsoft.Azure.Management.CosmosDB.CosmosDBManagementClient/3.4.0.0"
        ]
      },
      "ResponseHeaders": {
        "Cache-Control": [
          "no-store, no-cache"
        ],
        "Pragma": [
          "no-cache"
        ],
        "Strict-Transport-Security": [
          "max-age=31536000; includeSubDomains"
        ],
        "x-ms-gatewayversion": [
          "version=2.14.0"
        ],
        "Server": [
          "Microsoft-HTTPAPI/2.0"
        ],
        "x-ms-ratelimit-remaining-subscription-reads": [
          "11981"
        ],
        "x-ms-request-id": [
          "d092ce01-ca00-4e28-9adb-f73667581d01"
        ],
        "x-ms-correlation-request-id": [
          "d092ce01-ca00-4e28-9adb-f73667581d01"
        ],
        "x-ms-routing-request-id": [
          "WESTUS2:20220215T203133Z:d092ce01-ca00-4e28-9adb-f73667581d01"
        ],
        "X-Content-Type-Options": [
          "nosniff"
        ],
        "Date": [
          "Tue, 15 Feb 2022 20:31:33 GMT"
        ],
        "Content-Length": [
          "570"
        ],
        "Content-Type": [
          "application/json"
        ]
      },
      "ResponseBody": "{\r\n  \"value\": [\r\n    {\r\n      \"id\": \"/subscriptions/259fbb24-9bcd-4cfc-865c-fc33b22fe38a/providers/Microsoft.DocumentDB/locations/East%20US/restorableDatabaseAccounts/46e02084-32ce-46b4-9bfc-de6425cd3857/restorableMongodbCollections/438f5a30-affb-45c4-a93c-610097e64f92\",\r\n      \"type\": \"Microsoft.DocumentDB/locations/restorableDatabaseAccounts/restorableMongodbCollections\",\r\n      \"name\": \"438f5a30-affb-45c4-a93c-610097e64f92\",\r\n      \"properties\": {\r\n        \"resource\": {\r\n          \"_rid\": \"Q1nFXwAAAA==\",\r\n          \"eventTimestamp\": \"2022-02-15T20:31:07Z\",\r\n          \"ownerId\": \"collectionName\",\r\n          \"ownerResourceId\": \"U4wLAIUGcaY=\",\r\n          \"operationType\": \"Create\"\r\n        }\r\n      }\r\n    }\r\n  ]\r\n}",
      "StatusCode": 200
    }
  ],
  "Names": {},
  "Variables": {
    "SubscriptionId": "259fbb24-9bcd-4cfc-865c-fc33b22fe38a"
  }
}