{
  "Entries": [
    {
      "RequestUri": "/subscriptions/23587e98-b6ac-4328-a753-03bcd3c8e744/resourcegroups/CosmosDBResourceGroup18?api-version=2016-09-01",
      "EncodedRequestUri": "L3N1YnNjcmlwdGlvbnMvMjM1ODdlOTgtYjZhYy00MzI4LWE3NTMtMDNiY2QzYzhlNzQ0L3Jlc291cmNlZ3JvdXBzL0Nvc21vc0RCUmVzb3VyY2VHcm91cDE4P2FwaS12ZXJzaW9uPTIwMTYtMDktMDE=",
      "RequestMethod": "PUT",
      "RequestHeaders": {
        "x-ms-client-request-id": [
          "6bbd4178-201f-454d-9a52-63f33734e1e4"
        ],
        "Accept-Language": [
          "en-US"
        ],
        "User-Agent": [
          "FxVersion/4.700.22.55902",
          "OSName/Windows",
          "OSVersion/Microsoft.Windows.10.0.22621",
          "Microsoft.Azure.Management.Internal.Resources.ResourceManagementClient/1.3.73"
        ],
        "Content-Type": [
          "application/json; charset=utf-8"
        ],
        "Content-Length": [
          "29"
        ]
      },
      "RequestBody": "{\r\n  \"location\": \"East US\"\r\n}",
      "ResponseHeaders": {
        "Cache-Control": [
          "no-cache"
        ],
        "Pragma": [
          "no-cache"
        ],
        "x-ms-ratelimit-remaining-subscription-writes": [
          "1195"
        ],
        "x-ms-request-id": [
          "32d14690-9a1e-481f-8de4-f9abe039b834"
        ],
        "x-ms-correlation-request-id": [
          "32d14690-9a1e-481f-8de4-f9abe039b834"
        ],
        "x-ms-routing-request-id": [
          "EASTUS2EUAP:20230328T143846Z:32d14690-9a1e-481f-8de4-f9abe039b834"
        ],
        "Strict-Transport-Security": [
          "max-age=31536000; includeSubDomains"
        ],
        "X-Content-Type-Options": [
          "nosniff"
        ],
        "Date": [
          "Tue, 28 Mar 2023 14:38:46 GMT"
        ],
        "Content-Length": [
          "199"
        ],
        "Content-Type": [
          "application/json; charset=utf-8"
        ],
        "Expires": [
          "-1"
        ]
      },
      "ResponseBody": "{\r\n  \"id\": \"/subscriptions/23587e98-b6ac-4328-a753-03bcd3c8e744/resourceGroups/CosmosDBResourceGroup18\",\r\n  \"name\": \"CosmosDBResourceGroup18\",\r\n  \"location\": \"eastus\",\r\n  \"properties\": {\r\n    \"provisioningState\": \"Succeeded\"\r\n  }\r\n}",
      "StatusCode": 201
    },
    {
      "RequestUri": "/subscriptions/23587e98-b6ac-4328-a753-03bcd3c8e744/resourceGroups/CosmosDBResourceGroup18/providers/Microsoft.DocumentDB/databaseAccounts/cosmosdb-1414?api-version=2022-08-15-preview",
      "EncodedRequestUri": "L3N1YnNjcmlwdGlvbnMvMjM1ODdlOTgtYjZhYy00MzI4LWE3NTMtMDNiY2QzYzhlNzQ0L3Jlc291cmNlR3JvdXBzL0Nvc21vc0RCUmVzb3VyY2VHcm91cDE4L3Byb3ZpZGVycy9NaWNyb3NvZnQuRG9jdW1lbnREQi9kYXRhYmFzZUFjY291bnRzL2Nvc21vc2RiLTE0MTQ/YXBpLXZlcnNpb249MjAyMi0wOC0xNS1wcmV2aWV3",
      "RequestMethod": "GET",
      "RequestHeaders": {
        "x-ms-client-request-id": [
          "9c918526-6704-4459-9534-8a5d1a9599db"
        ],
        "Accept-Language": [
          "en-US"
        ],
        "User-Agent": [
          "FxVersion/4.700.22.55902",
          "OSName/Windows",
          "OSVersion/Microsoft.Windows.10.0.22621",
          "Microsoft.Azure.Management.CosmosDB.CosmosDBManagementClient/3.9.1.0"
        ]
      },
      "RequestBody": "",
      "ResponseHeaders": {
        "Cache-Control": [
          "no-cache"
        ],
        "Pragma": [
          "no-cache"
        ],
        "x-ms-failure-cause": [
          "gateway"
        ],
        "x-ms-request-id": [
          "4fb177b9-69a4-437f-9802-f0c054294fef"
        ],
        "x-ms-correlation-request-id": [
          "4fb177b9-69a4-437f-9802-f0c054294fef"
        ],
        "x-ms-routing-request-id": [
          "EASTUS2EUAP:20230328T143847Z:4fb177b9-69a4-437f-9802-f0c054294fef"
        ],
        "Strict-Transport-Security": [
          "max-age=31536000; includeSubDomains"
        ],
        "X-Content-Type-Options": [
          "nosniff"
        ],
        "Date": [
          "Tue, 28 Mar 2023 14:38:46 GMT"
        ],
        "Content-Type": [
          "application/json; charset=utf-8"
        ],
        "Expires": [
          "-1"
        ],
        "Content-Length": [
          "246"
        ]
      },
      "ResponseBody": "{\r\n  \"error\": {\r\n    \"code\": \"ResourceNotFound\",\r\n    \"message\": \"The Resource 'Microsoft.DocumentDB/databaseAccounts/cosmosdb-1414' under resource group 'CosmosDBResourceGroup18' was not found. For more details please go to https://aka.ms/ARMResourceNotFoundFix\"\r\n  }\r\n}",
      "StatusCode": 404
    },
    {
      "RequestUri": "/subscriptions/23587e98-b6ac-4328-a753-03bcd3c8e744/resourceGroups/CosmosDBResourceGroup18/providers/Microsoft.DocumentDB/databaseAccounts/cosmosdb-1414?api-version=2022-08-15-preview",
      "EncodedRequestUri": "L3N1YnNjcmlwdGlvbnMvMjM1ODdlOTgtYjZhYy00MzI4LWE3NTMtMDNiY2QzYzhlNzQ0L3Jlc291cmNlR3JvdXBzL0Nvc21vc0RCUmVzb3VyY2VHcm91cDE4L3Byb3ZpZGVycy9NaWNyb3NvZnQuRG9jdW1lbnREQi9kYXRhYmFzZUFjY291bnRzL2Nvc21vc2RiLTE0MTQ/YXBpLXZlcnNpb249MjAyMi0wOC0xNS1wcmV2aWV3",
      "RequestMethod": "GET",
      "RequestHeaders": {
        "x-ms-client-request-id": [
          "9c918526-6704-4459-9534-8a5d1a9599db"
        ],
        "User-Agent": [
          "FxVersion/4.700.22.55902",
          "OSName/Windows",
          "OSVersion/Microsoft.Windows.10.0.22621",
          "Microsoft.Azure.Management.CosmosDB.CosmosDBManagementClient/3.9.1.0"
        ]
      },
      "RequestBody": "",
      "ResponseHeaders": {
        "Cache-Control": [
          "no-store, no-cache"
        ],
        "Pragma": [
          "no-cache"
        ],
        "Strict-Transport-Security": [
          "max-age=31536000; includeSubDomains"
        ],
        "x-ms-gatewayversion": [
          "version=2.14.0"
        ],
        "Server": [
          "Microsoft-HTTPAPI/2.0"
        ],
        "x-ms-ratelimit-remaining-subscription-reads": [
          "11989"
        ],
        "x-ms-request-id": [
          "3fd634d4-7fbf-4965-8a82-85547eabf793"
        ],
        "x-ms-correlation-request-id": [
          "3fd634d4-7fbf-4965-8a82-85547eabf793"
        ],
        "x-ms-routing-request-id": [
          "EASTUS2EUAP:20230328T144121Z:3fd634d4-7fbf-4965-8a82-85547eabf793"
        ],
        "X-Content-Type-Options": [
          "nosniff"
        ],
        "Date": [
          "Tue, 28 Mar 2023 14:41:20 GMT"
        ],
        "Content-Length": [
          "2636"
        ],
        "Content-Type": [
          "application/json"
        ]
      },
      "ResponseBody": "{\r\n  \"id\": \"/subscriptions/23587e98-b6ac-4328-a753-03bcd3c8e744/resourceGroups/CosmosDBResourceGroup18/providers/Microsoft.DocumentDB/databaseAccounts/cosmosdb-1414\",\r\n  \"name\": \"cosmosdb-1414\",\r\n  \"location\": \"East US\",\r\n  \"type\": \"Microsoft.DocumentDB/databaseAccounts\",\r\n  \"kind\": \"GlobalDocumentDB\",\r\n  \"tags\": {},\r\n  \"systemData\": {\r\n    \"createdAt\": \"2023-03-28T14:40:34.0574424Z\"\r\n  },\r\n  \"properties\": {\r\n    \"provisioningState\": \"Succeeded\",\r\n    \"documentEndpoint\": \"https://cosmosdb-1414.documents.azure.com:443/\",\r\n    \"sqlEndpoint\": \"https://cosmosdb-1414.documents.azure.com:443/\",\r\n    \"publicNetworkAccess\": \"Enabled\",\r\n    \"enableAutomaticFailover\": false,\r\n    \"enableMultipleWriteLocations\": false,\r\n    \"enablePartitionKeyMonitor\": false,\r\n    \"isVirtualNetworkFilterEnabled\": false,\r\n    \"virtualNetworkRules\": [],\r\n    \"EnabledApiTypes\": \"Sql\",\r\n    \"disableKeyBasedMetadataWriteAccess\": false,\r\n    \"enableFreeTier\": false,\r\n    \"enableAnalyticalStorage\": false,\r\n    \"analyticalStorageConfiguration\": {\r\n      \"schemaType\": \"WellDefined\"\r\n    },\r\n    \"instanceId\": \"a07f2d7e-9bff-49cb-ba70-ac6fcf94fa43\",\r\n    \"createMode\": \"Default\",\r\n    \"databaseAccountOfferType\": \"Standard\",\r\n    \"enableMaterializedViews\": false,\r\n    \"defaultIdentity\": \"FirstPartyIdentity\",\r\n    \"networkAclBypass\": \"None\",\r\n    \"disableLocalAuth\": false,\r\n    \"enablePartitionMerge\": false,\r\n    \"consistencyPolicy\": {\r\n      \"defaultConsistencyLevel\": \"Session\",\r\n      \"maxIntervalInSeconds\": 5,\r\n      \"maxStalenessPrefix\": 100\r\n    },\r\n    \"configurationOverrides\": {},\r\n    \"writeLocations\": [\r\n      {\r\n        \"id\": \"cosmosdb-1414-eastus\",\r\n        \"locationName\": \"East US\",\r\n        \"documentEndpoint\": \"https://cosmosdb-1414-eastus.documents.azure.com:443/\",\r\n        \"provisioningState\": \"Succeeded\",\r\n        \"failoverPriority\": 0,\r\n        \"isZoneRedundant\": false\r\n      }\r\n    ],\r\n    \"readLocations\": [\r\n      {\r\n        \"id\": \"cosmosdb-1414-eastus\",\r\n        \"locationName\": \"East US\",\r\n        \"documentEndpoint\": \"https://cosmosdb-1414-eastus.documents.azure.com:443/\",\r\n        \"provisioningState\": \"Succeeded\",\r\n        \"failoverPriority\": 0,\r\n        \"isZoneRedundant\": false\r\n      }\r\n    ],\r\n    \"locations\": [\r\n      {\r\n        \"id\": \"cosmosdb-1414-eastus\",\r\n        \"locationName\": \"East US\",\r\n        \"documentEndpoint\": \"https://cosmosdb-1414-eastus.documents.azure.com:443/\",\r\n        \"provisioningState\": \"Succeeded\",\r\n        \"failoverPriority\": 0,\r\n        \"isZoneRedundant\": false\r\n      }\r\n    ],\r\n    \"failoverPolicies\": [\r\n      {\r\n        \"id\": \"cosmosdb-1414-eastus\",\r\n        \"locationName\": \"East US\",\r\n        \"failoverPriority\": 0\r\n      }\r\n    ],\r\n    \"cors\": [],\r\n    \"capabilities\": [],\r\n    \"ipRules\": [],\r\n    \"backupPolicy\": {\r\n      \"type\": \"Continuous\",\r\n      \"continuousModeProperties\": {\r\n        \"tier\": \"Continuous30Days\"\r\n      }\r\n    },\r\n    \"networkAclBypassResourceIds\": [],\r\n    \"diagnosticLogSettings\": {\r\n      \"enableFullTextQuery\": \"None\"\r\n    },\r\n    \"keysMetadata\": {\r\n      \"primaryMasterKey\": {\r\n        \"generationTime\": \"2023-03-28T14:40:34.0574424Z\"\r\n      },\r\n      \"secondaryMasterKey\": {\r\n        \"generationTime\": \"2023-03-28T14:40:34.0574424Z\"\r\n      },\r\n      \"primaryReadonlyMasterKey\": {\r\n        \"generationTime\": \"2023-03-28T14:40:34.0574424Z\"\r\n      },\r\n      \"secondaryReadonlyMasterKey\": {\r\n        \"generationTime\": \"2023-03-28T14:40:34.0574424Z\"\r\n      }\r\n    }\r\n  },\r\n  \"identity\": {\r\n    \"type\": \"None\"\r\n  }\r\n}",
      "StatusCode": 200
    },
    {
      "RequestUri": "/subscriptions/23587e98-b6ac-4328-a753-03bcd3c8e744/resourceGroups/CosmosDBResourceGroup18/providers/Microsoft.DocumentDB/databaseAccounts/cosmosdb-1414?api-version=2022-08-15-preview",
      "EncodedRequestUri": "L3N1YnNjcmlwdGlvbnMvMjM1ODdlOTgtYjZhYy00MzI4LWE3NTMtMDNiY2QzYzhlNzQ0L3Jlc291cmNlR3JvdXBzL0Nvc21vc0RCUmVzb3VyY2VHcm91cDE4L3Byb3ZpZGVycy9NaWNyb3NvZnQuRG9jdW1lbnREQi9kYXRhYmFzZUFjY291bnRzL2Nvc21vc2RiLTE0MTQ/YXBpLXZlcnNpb249MjAyMi0wOC0xNS1wcmV2aWV3",
      "RequestMethod": "GET",
      "RequestHeaders": {
        "x-ms-client-request-id": [
          "00c0aa5e-7db8-4415-92de-c7f2f758cb86"
        ],
        "Accept-Language": [
          "en-US"
        ],
        "User-Agent": [
          "FxVersion/4.700.22.55902",
          "OSName/Windows",
          "OSVersion/Microsoft.Windows.10.0.22621",
          "Microsoft.Azure.Management.CosmosDB.CosmosDBManagementClient/3.9.1.0"
        ]
      },
      "RequestBody": "",
      "ResponseHeaders": {
        "Cache-Control": [
          "no-store, no-cache"
        ],
        "Pragma": [
          "no-cache"
        ],
        "Strict-Transport-Security": [
          "max-age=31536000; includeSubDomains"
        ],
        "x-ms-gatewayversion": [
          "version=2.14.0"
        ],
        "Server": [
          "Microsoft-HTTPAPI/2.0"
        ],
        "x-ms-ratelimit-remaining-subscription-reads": [
          "11997"
        ],
        "x-ms-request-id": [
          "0e6c4525-b408-4231-a126-8e18ca4e1e6d"
        ],
        "x-ms-correlation-request-id": [
          "0e6c4525-b408-4231-a126-8e18ca4e1e6d"
        ],
        "x-ms-routing-request-id": [
          "EASTUS2EUAP:20230328T144227Z:0e6c4525-b408-4231-a126-8e18ca4e1e6d"
        ],
        "X-Content-Type-Options": [
          "nosniff"
        ],
        "Date": [
          "Tue, 28 Mar 2023 14:42:26 GMT"
        ],
        "Content-Length": [
          "2636"
        ],
        "Content-Type": [
          "application/json"
        ]
      },
      "ResponseBody": "{\r\n  \"id\": \"/subscriptions/23587e98-b6ac-4328-a753-03bcd3c8e744/resourceGroups/CosmosDBResourceGroup18/providers/Microsoft.DocumentDB/databaseAccounts/cosmosdb-1414\",\r\n  \"name\": \"cosmosdb-1414\",\r\n  \"location\": \"East US\",\r\n  \"type\": \"Microsoft.DocumentDB/databaseAccounts\",\r\n  \"kind\": \"GlobalDocumentDB\",\r\n  \"tags\": {},\r\n  \"systemData\": {\r\n    \"createdAt\": \"2023-03-28T14:40:34.0574424Z\"\r\n  },\r\n  \"properties\": {\r\n    \"provisioningState\": \"Succeeded\",\r\n    \"documentEndpoint\": \"https://cosmosdb-1414.documents.azure.com:443/\",\r\n    \"sqlEndpoint\": \"https://cosmosdb-1414.documents.azure.com:443/\",\r\n    \"publicNetworkAccess\": \"Enabled\",\r\n    \"enableAutomaticFailover\": false,\r\n    \"enableMultipleWriteLocations\": false,\r\n    \"enablePartitionKeyMonitor\": false,\r\n    \"isVirtualNetworkFilterEnabled\": false,\r\n    \"virtualNetworkRules\": [],\r\n    \"EnabledApiTypes\": \"Sql\",\r\n    \"disableKeyBasedMetadataWriteAccess\": false,\r\n    \"enableFreeTier\": false,\r\n    \"enableAnalyticalStorage\": false,\r\n    \"analyticalStorageConfiguration\": {\r\n      \"schemaType\": \"WellDefined\"\r\n    },\r\n    \"instanceId\": \"a07f2d7e-9bff-49cb-ba70-ac6fcf94fa43\",\r\n    \"createMode\": \"Default\",\r\n    \"databaseAccountOfferType\": \"Standard\",\r\n    \"enableMaterializedViews\": false,\r\n    \"defaultIdentity\": \"FirstPartyIdentity\",\r\n    \"networkAclBypass\": \"None\",\r\n    \"disableLocalAuth\": false,\r\n    \"enablePartitionMerge\": false,\r\n    \"consistencyPolicy\": {\r\n      \"defaultConsistencyLevel\": \"Session\",\r\n      \"maxIntervalInSeconds\": 5,\r\n      \"maxStalenessPrefix\": 100\r\n    },\r\n    \"configurationOverrides\": {},\r\n    \"writeLocations\": [\r\n      {\r\n        \"id\": \"cosmosdb-1414-eastus\",\r\n        \"locationName\": \"East US\",\r\n        \"documentEndpoint\": \"https://cosmosdb-1414-eastus.documents.azure.com:443/\",\r\n        \"provisioningState\": \"Succeeded\",\r\n        \"failoverPriority\": 0,\r\n        \"isZoneRedundant\": false\r\n      }\r\n    ],\r\n    \"readLocations\": [\r\n      {\r\n        \"id\": \"cosmosdb-1414-eastus\",\r\n        \"locationName\": \"East US\",\r\n        \"documentEndpoint\": \"https://cosmosdb-1414-eastus.documents.azure.com:443/\",\r\n        \"provisioningState\": \"Succeeded\",\r\n        \"failoverPriority\": 0,\r\n        \"isZoneRedundant\": false\r\n      }\r\n    ],\r\n    \"locations\": [\r\n      {\r\n        \"id\": \"cosmosdb-1414-eastus\",\r\n        \"locationName\": \"East US\",\r\n        \"documentEndpoint\": \"https://cosmosdb-1414-eastus.documents.azure.com:443/\",\r\n        \"provisioningState\": \"Succeeded\",\r\n        \"failoverPriority\": 0,\r\n        \"isZoneRedundant\": false\r\n      }\r\n    ],\r\n    \"failoverPolicies\": [\r\n      {\r\n        \"id\": \"cosmosdb-1414-eastus\",\r\n        \"locationName\": \"East US\",\r\n        \"failoverPriority\": 0\r\n      }\r\n    ],\r\n    \"cors\": [],\r\n    \"capabilities\": [],\r\n    \"ipRules\": [],\r\n    \"backupPolicy\": {\r\n      \"type\": \"Continuous\",\r\n      \"continuousModeProperties\": {\r\n        \"tier\": \"Continuous30Days\"\r\n      }\r\n    },\r\n    \"networkAclBypassResourceIds\": [],\r\n    \"diagnosticLogSettings\": {\r\n      \"enableFullTextQuery\": \"None\"\r\n    },\r\n    \"keysMetadata\": {\r\n      \"primaryMasterKey\": {\r\n        \"generationTime\": \"2023-03-28T14:40:34.0574424Z\"\r\n      },\r\n      \"secondaryMasterKey\": {\r\n        \"generationTime\": \"2023-03-28T14:40:34.0574424Z\"\r\n      },\r\n      \"primaryReadonlyMasterKey\": {\r\n        \"generationTime\": \"2023-03-28T14:40:34.0574424Z\"\r\n      },\r\n      \"secondaryReadonlyMasterKey\": {\r\n        \"generationTime\": \"2023-03-28T14:40:34.0574424Z\"\r\n      }\r\n    }\r\n  },\r\n  \"identity\": {\r\n    \"type\": \"None\"\r\n  }\r\n}",
      "StatusCode": 200
    },
    {
      "RequestUri": "/subscriptions/23587e98-b6ac-4328-a753-03bcd3c8e744/resourceGroups/CosmosDBResourceGroup18/providers/Microsoft.DocumentDB/databaseAccounts/cosmosdb-1414?api-version=2022-08-15-preview",
      "EncodedRequestUri": "L3N1YnNjcmlwdGlvbnMvMjM1ODdlOTgtYjZhYy00MzI4LWE3NTMtMDNiY2QzYzhlNzQ0L3Jlc291cmNlR3JvdXBzL0Nvc21vc0RCUmVzb3VyY2VHcm91cDE4L3Byb3ZpZGVycy9NaWNyb3NvZnQuRG9jdW1lbnREQi9kYXRhYmFzZUFjY291bnRzL2Nvc21vc2RiLTE0MTQ/YXBpLXZlcnNpb249MjAyMi0wOC0xNS1wcmV2aWV3",
      "RequestMethod": "PUT",
      "RequestHeaders": {
        "x-ms-client-request-id": [
          "9c918526-6704-4459-9534-8a5d1a9599db"
        ],
        "Accept-Language": [
          "en-US"
        ],
        "User-Agent": [
          "FxVersion/4.700.22.55902",
          "OSName/Windows",
          "OSVersion/Microsoft.Windows.10.0.22621",
          "Microsoft.Azure.Management.CosmosDB.CosmosDBManagementClient/3.9.1.0"
        ],
        "Content-Type": [
          "application/json; charset=utf-8"
        ],
        "Content-Length": [
          "689"
        ]
      },
      "RequestBody": "{\r\n  \"properties\": {\r\n    \"consistencyPolicy\": {\r\n      \"defaultConsistencyLevel\": \"Session\"\r\n    },\r\n    \"locations\": [\r\n      {\r\n        \"locationName\": \"East US\",\r\n        \"failoverPriority\": 0,\r\n        \"isZoneRedundant\": false\r\n      }\r\n    ],\r\n    \"isVirtualNetworkFilterEnabled\": false,\r\n    \"enableAutomaticFailover\": false,\r\n    \"virtualNetworkRules\": [],\r\n    \"enableMultipleWriteLocations\": false,\r\n    \"disableKeyBasedMetadataWriteAccess\": false,\r\n    \"backupPolicy\": {\r\n      \"type\": \"Continuous\",\r\n      \"continuousModeProperties\": {}\r\n    },\r\n    \"networkAclBypassResourceIds\": [],\r\n    \"databaseAccountOfferType\": \"Standard\"\r\n  },\r\n  \"location\": \"East US\",\r\n  \"tags\": {}\r\n}",
      "ResponseHeaders": {
        "Cache-Control": [
          "no-store, no-cache"
        ],
        "Pragma": [
          "no-cache"
        ],
        "Location": [
          "https://eastus2euap.management.azure.com/subscriptions/23587e98-b6ac-4328-a753-03bcd3c8e744/resourceGroups/CosmosDBResourceGroup18/providers/Microsoft.DocumentDB/databaseAccounts/cosmosdb-1414/operationResults/49fc8c96-72b9-4321-bc07-232d4d3e31c2?api-version=2022-08-15-preview"
        ],
        "x-ms-request-id": [
          "49fc8c96-72b9-4321-bc07-232d4d3e31c2"
        ],
        "Azure-AsyncOperation": [
          "https://eastus2euap.management.azure.com/subscriptions/23587e98-b6ac-4328-a753-03bcd3c8e744/providers/Microsoft.DocumentDB/locations/eastus/operationsStatus/49fc8c96-72b9-4321-bc07-232d4d3e31c2?api-version=2022-08-15-preview"
        ],
        "Strict-Transport-Security": [
          "max-age=31536000; includeSubDomains"
        ],
        "x-ms-gatewayversion": [
          "version=2.14.0"
        ],
        "Server": [
          "Microsoft-HTTPAPI/2.0"
        ],
        "x-ms-ratelimit-remaining-subscription-writes": [
          "1197"
        ],
        "x-ms-correlation-request-id": [
          "6b4f4d4a-8cb0-41c7-97b2-d28d5c27a571"
        ],
        "x-ms-routing-request-id": [
          "EASTUS2EUAP:20230328T143850Z:6b4f4d4a-8cb0-41c7-97b2-d28d5c27a571"
        ],
        "X-Content-Type-Options": [
          "nosniff"
        ],
        "Date": [
          "Tue, 28 Mar 2023 14:38:50 GMT"
        ],
        "Content-Length": [
          "2258"
        ],
        "Content-Type": [
          "application/json"
        ]
      },
      "ResponseBody": "{\r\n  \"id\": \"/subscriptions/23587e98-b6ac-4328-a753-03bcd3c8e744/resourceGroups/CosmosDBResourceGroup18/providers/Microsoft.DocumentDB/databaseAccounts/cosmosdb-1414\",\r\n  \"name\": \"cosmosdb-1414\",\r\n  \"location\": \"East US\",\r\n  \"type\": \"Microsoft.DocumentDB/databaseAccounts\",\r\n  \"kind\": \"GlobalDocumentDB\",\r\n  \"tags\": {},\r\n  \"systemData\": {\r\n    \"createdAt\": \"2023-03-28T14:38:48.6509597Z\"\r\n  },\r\n  \"properties\": {\r\n    \"provisioningState\": \"Creating\",\r\n    \"publicNetworkAccess\": \"Enabled\",\r\n    \"enableAutomaticFailover\": false,\r\n    \"enableMultipleWriteLocations\": false,\r\n    \"enablePartitionKeyMonitor\": false,\r\n    \"isVirtualNetworkFilterEnabled\": false,\r\n    \"virtualNetworkRules\": [],\r\n    \"EnabledApiTypes\": \"Sql\",\r\n    \"disableKeyBasedMetadataWriteAccess\": false,\r\n    \"enableFreeTier\": false,\r\n    \"enableAnalyticalStorage\": false,\r\n    \"analyticalStorageConfiguration\": {\r\n      \"schemaType\": \"WellDefined\"\r\n    },\r\n    \"instanceId\": \"a07f2d7e-9bff-49cb-ba70-ac6fcf94fa43\",\r\n    \"createMode\": \"Default\",\r\n    \"databaseAccountOfferType\": \"Standard\",\r\n    \"enableMaterializedViews\": false,\r\n    \"defaultIdentity\": \"\",\r\n    \"networkAclBypass\": \"None\",\r\n    \"disableLocalAuth\": false,\r\n    \"enablePartitionMerge\": false,\r\n    \"consistencyPolicy\": {\r\n      \"defaultConsistencyLevel\": \"Session\",\r\n      \"maxIntervalInSeconds\": 5,\r\n      \"maxStalenessPrefix\": 100\r\n    },\r\n    \"configurationOverrides\": {},\r\n    \"writeLocations\": [\r\n      {\r\n        \"id\": \"cosmosdb-1414-eastus\",\r\n        \"locationName\": \"East US\",\r\n        \"provisioningState\": \"Creating\",\r\n        \"failoverPriority\": 0,\r\n        \"isZoneRedundant\": false\r\n      }\r\n    ],\r\n    \"readLocations\": [\r\n      {\r\n        \"id\": \"cosmosdb-1414-eastus\",\r\n        \"locationName\": \"East US\",\r\n        \"provisioningState\": \"Creating\",\r\n        \"failoverPriority\": 0,\r\n        \"isZoneRedundant\": false\r\n      }\r\n    ],\r\n    \"locations\": [\r\n      {\r\n        \"id\": \"cosmosdb-1414-eastus\",\r\n        \"locationName\": \"East US\",\r\n        \"provisioningState\": \"Creating\",\r\n        \"failoverPriority\": 0,\r\n        \"isZoneRedundant\": false\r\n      }\r\n    ],\r\n    \"failoverPolicies\": [\r\n      {\r\n        \"id\": \"cosmosdb-1414-eastus\",\r\n        \"locationName\": \"East US\",\r\n        \"failoverPriority\": 0\r\n      }\r\n    ],\r\n    \"cors\": [],\r\n    \"capabilities\": [],\r\n    \"ipRules\": [],\r\n    \"backupPolicy\": {\r\n      \"type\": \"Continuous\",\r\n      \"continuousModeProperties\": {\r\n        \"tier\": \"Continuous30Days\"\r\n      }\r\n    },\r\n    \"networkAclBypassResourceIds\": [],\r\n    \"diagnosticLogSettings\": {\r\n      \"enableFullTextQuery\": \"None\"\r\n    },\r\n    \"keysMetadata\": {\r\n      \"primaryMasterKey\": {\r\n        \"generationTime\": \"2023-03-28T14:38:48.6509597Z\"\r\n      },\r\n      \"secondaryMasterKey\": {\r\n        \"generationTime\": \"2023-03-28T14:38:48.6509597Z\"\r\n      },\r\n      \"primaryReadonlyMasterKey\": {\r\n        \"generationTime\": \"2023-03-28T14:38:48.6509597Z\"\r\n      },\r\n      \"secondaryReadonlyMasterKey\": {\r\n        \"generationTime\": \"2023-03-28T14:38:48.6509597Z\"\r\n      }\r\n    }\r\n  },\r\n  \"identity\": {\r\n    \"type\": \"None\"\r\n  }\r\n}",
      "StatusCode": 200
    },
    {
      "RequestUri": "/subscriptions/23587e98-b6ac-4328-a753-03bcd3c8e744/providers/Microsoft.DocumentDB/locations/eastus/operationsStatus/49fc8c96-72b9-4321-bc07-232d4d3e31c2?api-version=2022-08-15-preview",
      "EncodedRequestUri": "L3N1YnNjcmlwdGlvbnMvMjM1ODdlOTgtYjZhYy00MzI4LWE3NTMtMDNiY2QzYzhlNzQ0L3Byb3ZpZGVycy9NaWNyb3NvZnQuRG9jdW1lbnREQi9sb2NhdGlvbnMvZWFzdHVzL29wZXJhdGlvbnNTdGF0dXMvNDlmYzhjOTYtNzJiOS00MzIxLWJjMDctMjMyZDRkM2UzMWMyP2FwaS12ZXJzaW9uPTIwMjItMDgtMTUtcHJldmlldw==",
      "RequestMethod": "GET",
      "RequestHeaders": {
        "x-ms-client-request-id": [
          "9c918526-6704-4459-9534-8a5d1a9599db"
        ],
        "User-Agent": [
          "FxVersion/4.700.22.55902",
          "OSName/Windows",
          "OSVersion/Microsoft.Windows.10.0.22621",
          "Microsoft.Azure.Management.CosmosDB.CosmosDBManagementClient/3.9.1.0"
        ]
      },
      "RequestBody": "",
      "ResponseHeaders": {
        "Cache-Control": [
          "no-store, no-cache"
        ],
        "Pragma": [
          "no-cache"
        ],
        "Strict-Transport-Security": [
          "max-age=31536000; includeSubDomains"
        ],
        "x-ms-gatewayversion": [
          "version=2.14.0"
        ],
        "Server": [
          "Microsoft-HTTPAPI/2.0"
        ],
        "x-ms-ratelimit-remaining-subscription-reads": [
          "11984"
        ],
        "x-ms-request-id": [
          "078b25c4-ee08-4fe6-ba5d-ffa29c6d5aa6"
        ],
        "x-ms-correlation-request-id": [
          "078b25c4-ee08-4fe6-ba5d-ffa29c6d5aa6"
        ],
        "x-ms-routing-request-id": [
          "EASTUS2EUAP:20230328T143920Z:078b25c4-ee08-4fe6-ba5d-ffa29c6d5aa6"
        ],
        "X-Content-Type-Options": [
          "nosniff"
        ],
        "Date": [
          "Tue, 28 Mar 2023 14:39:20 GMT"
        ],
        "Content-Length": [
          "21"
        ],
        "Content-Type": [
          "application/json"
        ]
      },
      "ResponseBody": "{\r\n  \"status\": \"Dequeued\"\r\n}",
      "StatusCode": 200
    },
    {
      "RequestUri": "/subscriptions/23587e98-b6ac-4328-a753-03bcd3c8e744/providers/Microsoft.DocumentDB/locations/eastus/operationsStatus/49fc8c96-72b9-4321-bc07-232d4d3e31c2?api-version=2022-08-15-preview",
      "EncodedRequestUri": "L3N1YnNjcmlwdGlvbnMvMjM1ODdlOTgtYjZhYy00MzI4LWE3NTMtMDNiY2QzYzhlNzQ0L3Byb3ZpZGVycy9NaWNyb3NvZnQuRG9jdW1lbnREQi9sb2NhdGlvbnMvZWFzdHVzL29wZXJhdGlvbnNTdGF0dXMvNDlmYzhjOTYtNzJiOS00MzIxLWJjMDctMjMyZDRkM2UzMWMyP2FwaS12ZXJzaW9uPTIwMjItMDgtMTUtcHJldmlldw==",
      "RequestMethod": "GET",
      "RequestHeaders": {
        "x-ms-client-request-id": [
          "9c918526-6704-4459-9534-8a5d1a9599db"
        ],
        "User-Agent": [
          "FxVersion/4.700.22.55902",
          "OSName/Windows",
          "OSVersion/Microsoft.Windows.10.0.22621",
          "Microsoft.Azure.Management.CosmosDB.CosmosDBManagementClient/3.9.1.0"
        ]
      },
      "RequestBody": "",
      "ResponseHeaders": {
        "Cache-Control": [
          "no-store, no-cache"
        ],
        "Pragma": [
          "no-cache"
        ],
        "Strict-Transport-Security": [
          "max-age=31536000; includeSubDomains"
        ],
        "x-ms-gatewayversion": [
          "version=2.14.0"
        ],
        "Server": [
          "Microsoft-HTTPAPI/2.0"
        ],
        "x-ms-ratelimit-remaining-subscription-reads": [
          "11983"
        ],
        "x-ms-request-id": [
          "b6216fc3-083c-44f0-ab87-738ad99f2aa9"
        ],
        "x-ms-correlation-request-id": [
          "b6216fc3-083c-44f0-ab87-738ad99f2aa9"
        ],
        "x-ms-routing-request-id": [
          "EASTUS2EUAP:20230328T143950Z:b6216fc3-083c-44f0-ab87-738ad99f2aa9"
        ],
        "X-Content-Type-Options": [
          "nosniff"
        ],
        "Date": [
          "Tue, 28 Mar 2023 14:39:50 GMT"
        ],
        "Content-Length": [
          "21"
        ],
        "Content-Type": [
          "application/json"
        ]
      },
      "ResponseBody": "{\r\n  \"status\": \"Dequeued\"\r\n}",
      "StatusCode": 200
    },
    {
      "RequestUri": "/subscriptions/23587e98-b6ac-4328-a753-03bcd3c8e744/providers/Microsoft.DocumentDB/locations/eastus/operationsStatus/49fc8c96-72b9-4321-bc07-232d4d3e31c2?api-version=2022-08-15-preview",
      "EncodedRequestUri": "L3N1YnNjcmlwdGlvbnMvMjM1ODdlOTgtYjZhYy00MzI4LWE3NTMtMDNiY2QzYzhlNzQ0L3Byb3ZpZGVycy9NaWNyb3NvZnQuRG9jdW1lbnREQi9sb2NhdGlvbnMvZWFzdHVzL29wZXJhdGlvbnNTdGF0dXMvNDlmYzhjOTYtNzJiOS00MzIxLWJjMDctMjMyZDRkM2UzMWMyP2FwaS12ZXJzaW9uPTIwMjItMDgtMTUtcHJldmlldw==",
      "RequestMethod": "GET",
      "RequestHeaders": {
        "x-ms-client-request-id": [
          "9c918526-6704-4459-9534-8a5d1a9599db"
        ],
        "User-Agent": [
          "FxVersion/4.700.22.55902",
          "OSName/Windows",
          "OSVersion/Microsoft.Windows.10.0.22621",
          "Microsoft.Azure.Management.CosmosDB.CosmosDBManagementClient/3.9.1.0"
        ]
      },
      "RequestBody": "",
      "ResponseHeaders": {
        "Cache-Control": [
          "no-store, no-cache"
        ],
        "Pragma": [
          "no-cache"
        ],
        "Strict-Transport-Security": [
          "max-age=31536000; includeSubDomains"
        ],
        "x-ms-gatewayversion": [
          "version=2.14.0"
        ],
        "Server": [
          "Microsoft-HTTPAPI/2.0"
        ],
        "x-ms-ratelimit-remaining-subscription-reads": [
          "11992"
        ],
        "x-ms-request-id": [
          "64d83d9f-49fd-4f11-823e-5b59a8b17f46"
        ],
        "x-ms-correlation-request-id": [
          "64d83d9f-49fd-4f11-823e-5b59a8b17f46"
        ],
        "x-ms-routing-request-id": [
          "EASTUS2EUAP:20230328T144020Z:64d83d9f-49fd-4f11-823e-5b59a8b17f46"
        ],
        "X-Content-Type-Options": [
          "nosniff"
        ],
        "Date": [
          "Tue, 28 Mar 2023 14:40:20 GMT"
        ],
        "Content-Length": [
          "21"
        ],
        "Content-Type": [
          "application/json"
        ]
      },
      "ResponseBody": "{\r\n  \"status\": \"Dequeued\"\r\n}",
      "StatusCode": 200
    },
    {
      "RequestUri": "/subscriptions/23587e98-b6ac-4328-a753-03bcd3c8e744/providers/Microsoft.DocumentDB/locations/eastus/operationsStatus/49fc8c96-72b9-4321-bc07-232d4d3e31c2?api-version=2022-08-15-preview",
      "EncodedRequestUri": "L3N1YnNjcmlwdGlvbnMvMjM1ODdlOTgtYjZhYy00MzI4LWE3NTMtMDNiY2QzYzhlNzQ0L3Byb3ZpZGVycy9NaWNyb3NvZnQuRG9jdW1lbnREQi9sb2NhdGlvbnMvZWFzdHVzL29wZXJhdGlvbnNTdGF0dXMvNDlmYzhjOTYtNzJiOS00MzIxLWJjMDctMjMyZDRkM2UzMWMyP2FwaS12ZXJzaW9uPTIwMjItMDgtMTUtcHJldmlldw==",
      "RequestMethod": "GET",
      "RequestHeaders": {
        "x-ms-client-request-id": [
          "9c918526-6704-4459-9534-8a5d1a9599db"
        ],
        "User-Agent": [
          "FxVersion/4.700.22.55902",
          "OSName/Windows",
          "OSVersion/Microsoft.Windows.10.0.22621",
          "Microsoft.Azure.Management.CosmosDB.CosmosDBManagementClient/3.9.1.0"
        ]
      },
      "RequestBody": "",
      "ResponseHeaders": {
        "Cache-Control": [
          "no-store, no-cache"
        ],
        "Pragma": [
          "no-cache"
        ],
        "Strict-Transport-Security": [
          "max-age=31536000; includeSubDomains"
        ],
        "x-ms-gatewayversion": [
          "version=2.14.0"
        ],
        "Server": [
          "Microsoft-HTTPAPI/2.0"
        ],
        "x-ms-ratelimit-remaining-subscription-reads": [
          "11991"
        ],
        "x-ms-request-id": [
          "5b97dc03-ad69-4b6e-ab82-166128aea1df"
        ],
        "x-ms-correlation-request-id": [
          "5b97dc03-ad69-4b6e-ab82-166128aea1df"
        ],
        "x-ms-routing-request-id": [
          "EASTUS2EUAP:20230328T144050Z:5b97dc03-ad69-4b6e-ab82-166128aea1df"
        ],
        "X-Content-Type-Options": [
          "nosniff"
        ],
        "Date": [
          "Tue, 28 Mar 2023 14:40:50 GMT"
        ],
        "Content-Length": [
          "21"
        ],
        "Content-Type": [
          "application/json"
        ]
      },
      "ResponseBody": "{\r\n  \"status\": \"Dequeued\"\r\n}",
      "StatusCode": 200
    },
    {
      "RequestUri": "/subscriptions/23587e98-b6ac-4328-a753-03bcd3c8e744/providers/Microsoft.DocumentDB/locations/eastus/operationsStatus/49fc8c96-72b9-4321-bc07-232d4d3e31c2?api-version=2022-08-15-preview",
      "EncodedRequestUri": "L3N1YnNjcmlwdGlvbnMvMjM1ODdlOTgtYjZhYy00MzI4LWE3NTMtMDNiY2QzYzhlNzQ0L3Byb3ZpZGVycy9NaWNyb3NvZnQuRG9jdW1lbnREQi9sb2NhdGlvbnMvZWFzdHVzL29wZXJhdGlvbnNTdGF0dXMvNDlmYzhjOTYtNzJiOS00MzIxLWJjMDctMjMyZDRkM2UzMWMyP2FwaS12ZXJzaW9uPTIwMjItMDgtMTUtcHJldmlldw==",
      "RequestMethod": "GET",
      "RequestHeaders": {
        "x-ms-client-request-id": [
          "9c918526-6704-4459-9534-8a5d1a9599db"
        ],
        "User-Agent": [
          "FxVersion/4.700.22.55902",
          "OSName/Windows",
          "OSVersion/Microsoft.Windows.10.0.22621",
          "Microsoft.Azure.Management.CosmosDB.CosmosDBManagementClient/3.9.1.0"
        ]
      },
      "RequestBody": "",
      "ResponseHeaders": {
        "Cache-Control": [
          "no-store, no-cache"
        ],
        "Pragma": [
          "no-cache"
        ],
        "Strict-Transport-Security": [
          "max-age=31536000; includeSubDomains"
        ],
        "x-ms-gatewayversion": [
          "version=2.14.0"
        ],
        "Server": [
          "Microsoft-HTTPAPI/2.0"
        ],
        "x-ms-ratelimit-remaining-subscription-reads": [
          "11990"
        ],
        "x-ms-request-id": [
          "b2f9d51f-504b-4918-8556-be886cc146ba"
        ],
        "x-ms-correlation-request-id": [
          "b2f9d51f-504b-4918-8556-be886cc146ba"
        ],
        "x-ms-routing-request-id": [
          "EASTUS2EUAP:20230328T144120Z:b2f9d51f-504b-4918-8556-be886cc146ba"
        ],
        "X-Content-Type-Options": [
          "nosniff"
        ],
        "Date": [
          "Tue, 28 Mar 2023 14:41:20 GMT"
        ],
        "Content-Length": [
          "22"
        ],
        "Content-Type": [
          "application/json"
        ]
      },
      "ResponseBody": "{\r\n  \"status\": \"Succeeded\"\r\n}",
      "StatusCode": 200
    },
    {
      "RequestUri": "/subscriptions/23587e98-b6ac-4328-a753-03bcd3c8e744/resourceGroups/CosmosDBResourceGroup18/providers/Microsoft.DocumentDB/databaseAccounts/cosmosdb-1414/sqlDatabases/TestDB1?api-version=2022-08-15-preview",
      "EncodedRequestUri": "L3N1YnNjcmlwdGlvbnMvMjM1ODdlOTgtYjZhYy00MzI4LWE3NTMtMDNiY2QzYzhlNzQ0L3Jlc291cmNlR3JvdXBzL0Nvc21vc0RCUmVzb3VyY2VHcm91cDE4L3Byb3ZpZGVycy9NaWNyb3NvZnQuRG9jdW1lbnREQi9kYXRhYmFzZUFjY291bnRzL2Nvc21vc2RiLTE0MTQvc3FsRGF0YWJhc2VzL1Rlc3REQjE/YXBpLXZlcnNpb249MjAyMi0wOC0xNS1wcmV2aWV3",
      "RequestMethod": "GET",
      "RequestHeaders": {
        "x-ms-client-request-id": [
          "e7941275-0cf7-4641-a788-888aa5a745ca"
        ],
        "Accept-Language": [
          "en-US"
        ],
        "User-Agent": [
          "FxVersion/4.700.22.55902",
          "OSName/Windows",
          "OSVersion/Microsoft.Windows.10.0.22621",
          "Microsoft.Azure.Management.CosmosDB.CosmosDBManagementClient/3.9.1.0"
        ]
      },
      "RequestBody": "",
      "ResponseHeaders": {
        "Cache-Control": [
          "no-store, no-cache"
        ],
        "Pragma": [
          "no-cache"
        ],
        "Strict-Transport-Security": [
          "max-age=31536000; includeSubDomains"
        ],
        "x-ms-gatewayversion": [
          "version=2.14.0"
        ],
        "Server": [
          "Microsoft-HTTPAPI/2.0"
        ],
        "x-ms-ratelimit-remaining-subscription-reads": [
          "11958"
        ],
        "x-ms-request-id": [
          "4492c927-5600-4996-ba2e-b1b2ac991296"
        ],
        "x-ms-correlation-request-id": [
          "4492c927-5600-4996-ba2e-b1b2ac991296"
        ],
        "x-ms-routing-request-id": [
          "EASTUS2EUAP:20230328T144124Z:4492c927-5600-4996-ba2e-b1b2ac991296"
        ],
        "X-Content-Type-Options": [
          "nosniff"
        ],
        "Date": [
          "Tue, 28 Mar 2023 14:41:24 GMT"
        ],
        "Content-Length": [
          "6524"
        ],
        "Content-Type": [
          "application/json"
        ]
      },
      "ResponseBody": "{\r\n  \"code\": \"NotFound\",\r\n  \"message\": \"Message: {\\\"code\\\":\\\"NotFound\\\",\\\"message\\\":\\\"Message: {\\\\\\\"Errors\\\\\\\":[\\\\\\\"Resource Not Found. Learn more: https:\\\\\\\\/\\\\\\\\/aka.ms\\\\\\\\/cosmosdb-tsg-not-found\\\\\\\"]}\\\\r\\\\nActivityId: e7941275-0cf7-4641-a788-888aa5a745ca, Request URI: /apps/12932f7f-a330-4524-8699-a0284218ff51/services/ba4ed73e-d6a1-455f-a214-f9261ba231f5/partitions/73043d10-6ff4-4b79-956b-9044221c9c27/replicas/133244589066068458s, RequestStats: \\\\r\\\\nRequestStartTime: 2023-03-28T14:41:23.9591365Z, RequestEndTime: 2023-03-28T14:41:23.9690792Z,  Number of regions attempted:1\\\\r\\\\n{\\\\\\\"systemHistory\\\\\\\":[{\\\\\\\"dateUtc\\\\\\\":\\\\\\\"2023-03-28T14:40:31.1186071Z\\\\\\\",\\\\\\\"cpu\\\\\\\":1.929,\\\\\\\"memory\\\\\\\":434082724.000,\\\\\\\"threadInfo\\\\\\\":{\\\\\\\"isThreadStarving\\\\\\\":\\\\\\\"False\\\\\\\",\\\\\\\"threadWaitIntervalInMs\\\\\\\":0.0281,\\\\\\\"availableThreads\\\\\\\":32764,\\\\\\\"minThreads\\\\\\\":40,\\\\\\\"maxThreads\\\\\\\":32767},\\\\\\\"numberOfOpenTcpConnection\\\\\\\":4609},{\\\\\\\"dateUtc\\\\\\\":\\\\\\\"2023-03-28T14:40:41.1287164Z\\\\\\\",\\\\\\\"cpu\\\\\\\":1.527,\\\\\\\"memory\\\\\\\":434063256.000,\\\\\\\"threadInfo\\\\\\\":{\\\\\\\"isThreadStarving\\\\\\\":\\\\\\\"False\\\\\\\",\\\\\\\"threadWaitIntervalInMs\\\\\\\":0.014,\\\\\\\"availableThreads\\\\\\\":32763,\\\\\\\"minThreads\\\\\\\":40,\\\\\\\"maxThreads\\\\\\\":32767},\\\\\\\"numberOfOpenTcpConnection\\\\\\\":4614},{\\\\\\\"dateUtc\\\\\\\":\\\\\\\"2023-03-28T14:40:51.1387496Z\\\\\\\",\\\\\\\"cpu\\\\\\\":1.140,\\\\\\\"memory\\\\\\\":434072140.000,\\\\\\\"threadInfo\\\\\\\":{\\\\\\\"isThreadStarving\\\\\\\":\\\\\\\"False\\\\\\\",\\\\\\\"threadWaitIntervalInMs\\\\\\\":0.019,\\\\\\\"availableThreads\\\\\\\":32764,\\\\\\\"minThreads\\\\\\\":40,\\\\\\\"maxThreads\\\\\\\":32767},\\\\\\\"numberOfOpenTcpConnection\\\\\\\":4494},{\\\\\\\"dateUtc\\\\\\\":\\\\\\\"2023-03-28T14:41:01.1588475Z\\\\\\\",\\\\\\\"cpu\\\\\\\":1.825,\\\\\\\"memory\\\\\\\":434063440.000,\\\\\\\"threadInfo\\\\\\\":{\\\\\\\"isThreadStarving\\\\\\\":\\\\\\\"False\\\\\\\",\\\\\\\"threadWaitIntervalInMs\\\\\\\":0.0273,\\\\\\\"availableThreads\\\\\\\":32762,\\\\\\\"minThreads\\\\\\\":40,\\\\\\\"maxThreads\\\\\\\":32767},\\\\\\\"numberOfOpenTcpConnection\\\\\\\":4501},{\\\\\\\"dateUtc\\\\\\\":\\\\\\\"2023-03-28T14:41:11.1689294Z\\\\\\\",\\\\\\\"cpu\\\\\\\":3.381,\\\\\\\"memory\\\\\\\":434348980.000,\\\\\\\"threadInfo\\\\\\\":{\\\\\\\"isThreadStarving\\\\\\\":\\\\\\\"False\\\\\\\",\\\\\\\"threadWaitIntervalInMs\\\\\\\":0.0122,\\\\\\\"availableThreads\\\\\\\":32764,\\\\\\\"minThreads\\\\\\\":40,\\\\\\\"maxThreads\\\\\\\":32767},\\\\\\\"numberOfOpenTcpConnection\\\\\\\":4514},{\\\\\\\"dateUtc\\\\\\\":\\\\\\\"2023-03-28T14:41:21.1790250Z\\\\\\\",\\\\\\\"cpu\\\\\\\":1.452,\\\\\\\"memory\\\\\\\":434348360.000,\\\\\\\"threadInfo\\\\\\\":{\\\\\\\"isThreadStarving\\\\\\\":\\\\\\\"False\\\\\\\",\\\\\\\"threadWaitIntervalInMs\\\\\\\":0.0249,\\\\\\\"availableThreads\\\\\\\":32737,\\\\\\\"minThreads\\\\\\\":40,\\\\\\\"maxThreads\\\\\\\":32767},\\\\\\\"numberOfOpenTcpConnection\\\\\\\":4450}]}\\\\r\\\\nRequestStart: 2023-03-28T14:41:23.9591365Z; ResponseTime: 2023-03-28T14:41:23.9690792Z; StoreResult: StorePhysicalAddress: rntbd://10.0.0.30:11300/apps/12932f7f-a330-4524-8699-a0284218ff51/services/ba4ed73e-d6a1-455f-a214-f9261ba231f5/partitions/73043d10-6ff4-4b79-956b-9044221c9c27/replicas/133244589066068458s, LSN: 9, GlobalCommittedLsn: 9, PartitionKeyRangeId: , IsValid: True, StatusCode: 404, SubStatusCode: 0, RequestCharge: 1, ItemLSN: -1, SessionToken: -1#9, UsingLocalLSN: False, TransportException: null, BELatencyMs: 1.213, ActivityId: e7941275-0cf7-4641-a788-888aa5a745ca, RetryAfterInMs: , TransportRequestTimeline: {\\\\\\\"requestTimeline\\\\\\\":[{\\\\\\\"event\\\\\\\": \\\\\\\"Created\\\\\\\", \\\\\\\"startTimeUtc\\\\\\\": \\\\\\\"2023-03-28T14:41:23.9591365Z\\\\\\\", \\\\\\\"durationInMs\\\\\\\": 0.0115},{\\\\\\\"event\\\\\\\": \\\\\\\"ChannelAcquisitionStarted\\\\\\\", \\\\\\\"startTimeUtc\\\\\\\": \\\\\\\"2023-03-28T14:41:23.9591480Z\\\\\\\", \\\\\\\"durationInMs\\\\\\\": 0.0033},{\\\\\\\"event\\\\\\\": \\\\\\\"Pipelined\\\\\\\", \\\\\\\"startTimeUtc\\\\\\\": \\\\\\\"2023-03-28T14:41:23.9591513Z\\\\\\\", \\\\\\\"durationInMs\\\\\\\": 0.1251},{\\\\\\\"event\\\\\\\": \\\\\\\"Transit Time\\\\\\\", \\\\\\\"startTimeUtc\\\\\\\": \\\\\\\"2023-03-28T14:41:23.9592764Z\\\\\\\", \\\\\\\"durationInMs\\\\\\\": 1.7578},{\\\\\\\"event\\\\\\\": \\\\\\\"Received\\\\\\\", \\\\\\\"startTimeUtc\\\\\\\": \\\\\\\"2023-03-28T14:41:23.9610342Z\\\\\\\", \\\\\\\"durationInMs\\\\\\\": 0.0896},{\\\\\\\"event\\\\\\\": \\\\\\\"Completed\\\\\\\", \\\\\\\"startTimeUtc\\\\\\\": \\\\\\\"2023-03-28T14:41:23.9611238Z\\\\\\\", \\\\\\\"durationInMs\\\\\\\": 0}],\\\\\\\"serviceEndpointStats\\\\\\\":{\\\\\\\"inflightRequests\\\\\\\":1,\\\\\\\"openConnections\\\\\\\":1},\\\\\\\"connectionStats\\\\\\\":{\\\\\\\"waitforConnectionInit\\\\\\\":\\\\\\\"False\\\\\\\",\\\\\\\"callsPendingReceive\\\\\\\":0,\\\\\\\"lastSendAttempt\\\\\\\":\\\\\\\"2023-03-28T14:41:23.8490607Z\\\\\\\",\\\\\\\"lastSend\\\\\\\":\\\\\\\"2023-03-28T14:41:23.8490607Z\\\\\\\",\\\\\\\"lastReceive\\\\\\\":\\\\\\\"2023-03-28T14:41:23.8990820Z\\\\\\\"},\\\\\\\"requestSizeInBytes\\\\\\\":460,\\\\\\\"responseMetadataSizeInBytes\\\\\\\":134,\\\\\\\"responseBodySizeInBytes\\\\\\\":87};\\\\r\\\\n ResourceType: Database, OperationType: Read\\\\r\\\\nRequestStart: 2023-03-28T14:41:23.9591365Z; ResponseTime: 2023-03-28T14:41:23.9690792Z; StoreResult: StorePhysicalAddress: rntbd://10.0.0.31:11000/apps/12932f7f-a330-4524-8699-a0284218ff51/services/ba4ed73e-d6a1-455f-a214-f9261ba231f5/partitions/73043d10-6ff4-4b79-956b-9044221c9c27/replicas/133244589066068456s, LSN: 9, GlobalCommittedLsn: 9, PartitionKeyRangeId: , IsValid: True, StatusCode: 404, SubStatusCode: 0, RequestCharge: 1, ItemLSN: -1, SessionToken: -1#9, UsingLocalLSN: False, TransportException: null, BELatencyMs: 1.337, ActivityId: e7941275-0cf7-4641-a788-888aa5a745ca, RetryAfterInMs: , TransportRequestTimeline: {\\\\\\\"requestTimeline\\\\\\\":[{\\\\\\\"event\\\\\\\": \\\\\\\"Created\\\\\\\", \\\\\\\"startTimeUtc\\\\\\\": \\\\\\\"2023-03-28T14:41:23.9591365Z\\\\\\\", \\\\\\\"durationInMs\\\\\\\": 0.0059},{\\\\\\\"event\\\\\\\": \\\\\\\"ChannelAcquisitionStarted\\\\\\\", \\\\\\\"startTimeUtc\\\\\\\": \\\\\\\"2023-03-28T14:41:23.9591424Z\\\\\\\", \\\\\\\"durationInMs\\\\\\\": 0.0024},{\\\\\\\"event\\\\\\\": \\\\\\\"Pipelined\\\\\\\", \\\\\\\"startTimeUtc\\\\\\\": \\\\\\\"2023-03-28T14:41:23.9591448Z\\\\\\\", \\\\\\\"durationInMs\\\\\\\": 0.0771},{\\\\\\\"event\\\\\\\": \\\\\\\"Transit Time\\\\\\\", \\\\\\\"startTimeUtc\\\\\\\": \\\\\\\"2023-03-28T14:41:23.9592219Z\\\\\\\", \\\\\\\"durationInMs\\\\\\\": 2.0313},{\\\\\\\"event\\\\\\\": \\\\\\\"Received\\\\\\\", \\\\\\\"startTimeUtc\\\\\\\": \\\\\\\"2023-03-28T14:41:23.9612532Z\\\\\\\", \\\\\\\"durationInMs\\\\\\\": 0.0593},{\\\\\\\"event\\\\\\\": \\\\\\\"Completed\\\\\\\", \\\\\\\"startTimeUtc\\\\\\\": \\\\\\\"2023-03-28T14:41:23.9613125Z\\\\\\\", \\\\\\\"durationInMs\\\\\\\": 0}],\\\\\\\"serviceEndpointStats\\\\\\\":{\\\\\\\"inflightRequests\\\\\\\":1,\\\\\\\"openConnections\\\\\\\":1},\\\\\\\"connectionStats\\\\\\\":{\\\\\\\"waitforConnectionInit\\\\\\\":\\\\\\\"False\\\\\\\",\\\\\\\"callsPendingReceive\\\\\\\":0,\\\\\\\"lastSendAttempt\\\\\\\":\\\\\\\"2023-03-28T14:41:23.1690556Z\\\\\\\",\\\\\\\"lastSend\\\\\\\":\\\\\\\"2023-03-28T14:41:23.1690556Z\\\\\\\",\\\\\\\"lastReceive\\\\\\\":\\\\\\\"2023-03-28T14:41:23.1690556Z\\\\\\\"},\\\\\\\"requestSizeInBytes\\\\\\\":460,\\\\\\\"responseMetadataSizeInBytes\\\\\\\":134,\\\\\\\"responseBodySizeInBytes\\\\\\\":87};\\\\r\\\\n ResourceType: Database, OperationType: Read\\\\r\\\\n, SDK: Microsoft.Azure.Documents.Common/2.14.0\\\"}, Request URI: /dbs/TestDB1, RequestStats: , SDK: Microsoft.Azure.Documents.Common/2.14.0\"\r\n}",
      "StatusCode": 404
    },
    {
      "RequestUri": "/subscriptions/23587e98-b6ac-4328-a753-03bcd3c8e744/resourceGroups/CosmosDBResourceGroup18/providers/Microsoft.DocumentDB/databaseAccounts/cosmosdb-1414/sqlDatabases/TestDB1?api-version=2022-08-15-preview",
      "EncodedRequestUri": "L3N1YnNjcmlwdGlvbnMvMjM1ODdlOTgtYjZhYy00MzI4LWE3NTMtMDNiY2QzYzhlNzQ0L3Jlc291cmNlR3JvdXBzL0Nvc21vc0RCUmVzb3VyY2VHcm91cDE4L3Byb3ZpZGVycy9NaWNyb3NvZnQuRG9jdW1lbnREQi9kYXRhYmFzZUFjY291bnRzL2Nvc21vc2RiLTE0MTQvc3FsRGF0YWJhc2VzL1Rlc3REQjE/YXBpLXZlcnNpb249MjAyMi0wOC0xNS1wcmV2aWV3",
      "RequestMethod": "GET",
      "RequestHeaders": {
        "x-ms-client-request-id": [
          "e7941275-0cf7-4641-a788-888aa5a745ca"
        ],
        "User-Agent": [
          "FxVersion/4.700.22.55902",
          "OSName/Windows",
          "OSVersion/Microsoft.Windows.10.0.22621",
          "Microsoft.Azure.Management.CosmosDB.CosmosDBManagementClient/3.9.1.0"
        ]
      },
      "RequestBody": "",
      "ResponseHeaders": {
        "Cache-Control": [
          "no-store, no-cache"
        ],
        "Pragma": [
          "no-cache"
        ],
        "Strict-Transport-Security": [
          "max-age=31536000; includeSubDomains"
        ],
        "x-ms-gatewayversion": [
          "version=2.14.0"
        ],
        "Server": [
          "Microsoft-HTTPAPI/2.0"
        ],
        "x-ms-ratelimit-remaining-subscription-reads": [
          "11956"
        ],
        "x-ms-request-id": [
          "5789cc4c-0029-47e8-a9c2-33a684ba2b26"
        ],
        "x-ms-correlation-request-id": [
          "5789cc4c-0029-47e8-a9c2-33a684ba2b26"
        ],
        "x-ms-routing-request-id": [
          "EASTUS2EUAP:20230328T144155Z:5789cc4c-0029-47e8-a9c2-33a684ba2b26"
        ],
        "X-Content-Type-Options": [
          "nosniff"
        ],
        "Date": [
          "Tue, 28 Mar 2023 14:41:54 GMT"
        ],
        "Content-Length": [
          "448"
        ],
        "Content-Type": [
          "application/json"
        ]
      },
      "ResponseBody": "{\r\n  \"id\": \"/subscriptions/23587e98-b6ac-4328-a753-03bcd3c8e744/resourceGroups/CosmosDBResourceGroup18/providers/Microsoft.DocumentDB/databaseAccounts/cosmosdb-1414/sqlDatabases/TestDB1\",\r\n  \"type\": \"Microsoft.DocumentDB/databaseAccounts/sqlDatabases\",\r\n  \"name\": \"TestDB1\",\r\n  \"properties\": {\r\n    \"resource\": {\r\n      \"id\": \"TestDB1\",\r\n      \"_rid\": \"15gmAA==\",\r\n      \"_self\": \"dbs/15gmAA==/\",\r\n      \"_etag\": \"\\\"00000a00-0000-0100-0000-6422fc990000\\\"\",\r\n      \"_colls\": \"colls/\",\r\n      \"_users\": \"users/\",\r\n      \"_ts\": 1680014489\r\n    }\r\n  }\r\n}",
      "StatusCode": 200
    },
    {
      "RequestUri": "/subscriptions/23587e98-b6ac-4328-a753-03bcd3c8e744/resourceGroups/CosmosDBResourceGroup18/providers/Microsoft.DocumentDB/databaseAccounts/cosmosdb-1414/sqlDatabases/TestDB1?api-version=2022-08-15-preview",
      "EncodedRequestUri": "L3N1YnNjcmlwdGlvbnMvMjM1ODdlOTgtYjZhYy00MzI4LWE3NTMtMDNiY2QzYzhlNzQ0L3Jlc291cmNlR3JvdXBzL0Nvc21vc0RCUmVzb3VyY2VHcm91cDE4L3Byb3ZpZGVycy9NaWNyb3NvZnQuRG9jdW1lbnREQi9kYXRhYmFzZUFjY291bnRzL2Nvc21vc2RiLTE0MTQvc3FsRGF0YWJhc2VzL1Rlc3REQjE/YXBpLXZlcnNpb249MjAyMi0wOC0xNS1wcmV2aWV3",
      "RequestMethod": "GET",
      "RequestHeaders": {
        "x-ms-client-request-id": [
          "00c0aa5e-7db8-4415-92de-c7f2f758cb86"
        ],
        "Accept-Language": [
          "en-US"
        ],
        "User-Agent": [
          "FxVersion/4.700.22.55902",
          "OSName/Windows",
          "OSVersion/Microsoft.Windows.10.0.22621",
          "Microsoft.Azure.Management.CosmosDB.CosmosDBManagementClient/3.9.1.0"
        ]
      },
      "RequestBody": "",
      "ResponseHeaders": {
        "Cache-Control": [
          "no-store, no-cache"
        ],
        "Pragma": [
          "no-cache"
        ],
        "Strict-Transport-Security": [
          "max-age=31536000; includeSubDomains"
        ],
        "x-ms-gatewayversion": [
          "version=2.14.0"
        ],
        "Server": [
          "Microsoft-HTTPAPI/2.0"
        ],
        "x-ms-ratelimit-remaining-subscription-reads": [
          "11996"
        ],
        "x-ms-request-id": [
          "4fde0d6a-2195-4e41-a74c-8f7d54b283ce"
        ],
        "x-ms-correlation-request-id": [
          "4fde0d6a-2195-4e41-a74c-8f7d54b283ce"
        ],
        "x-ms-routing-request-id": [
          "EASTUS2EUAP:20230328T144227Z:4fde0d6a-2195-4e41-a74c-8f7d54b283ce"
        ],
        "X-Content-Type-Options": [
          "nosniff"
        ],
        "Date": [
          "Tue, 28 Mar 2023 14:42:27 GMT"
        ],
        "Content-Length": [
          "448"
        ],
        "Content-Type": [
          "application/json"
        ]
      },
      "ResponseBody": "{\r\n  \"id\": \"/subscriptions/23587e98-b6ac-4328-a753-03bcd3c8e744/resourceGroups/CosmosDBResourceGroup18/providers/Microsoft.DocumentDB/databaseAccounts/cosmosdb-1414/sqlDatabases/TestDB1\",\r\n  \"type\": \"Microsoft.DocumentDB/databaseAccounts/sqlDatabases\",\r\n  \"name\": \"TestDB1\",\r\n  \"properties\": {\r\n    \"resource\": {\r\n      \"id\": \"TestDB1\",\r\n      \"_rid\": \"15gmAA==\",\r\n      \"_self\": \"dbs/15gmAA==/\",\r\n      \"_etag\": \"\\\"00000a00-0000-0100-0000-6422fc990000\\\"\",\r\n      \"_colls\": \"colls/\",\r\n      \"_users\": \"users/\",\r\n      \"_ts\": 1680014489\r\n    }\r\n  }\r\n}",
      "StatusCode": 200
    },
    {
      "RequestUri": "/subscriptions/23587e98-b6ac-4328-a753-03bcd3c8e744/resourceGroups/CosmosDBResourceGroup18/providers/Microsoft.DocumentDB/databaseAccounts/cosmosdb-1414/sqlDatabases/TestDB1?api-version=2022-08-15-preview",
      "EncodedRequestUri": "L3N1YnNjcmlwdGlvbnMvMjM1ODdlOTgtYjZhYy00MzI4LWE3NTMtMDNiY2QzYzhlNzQ0L3Jlc291cmNlR3JvdXBzL0Nvc21vc0RCUmVzb3VyY2VHcm91cDE4L3Byb3ZpZGVycy9NaWNyb3NvZnQuRG9jdW1lbnREQi9kYXRhYmFzZUFjY291bnRzL2Nvc21vc2RiLTE0MTQvc3FsRGF0YWJhc2VzL1Rlc3REQjE/YXBpLXZlcnNpb249MjAyMi0wOC0xNS1wcmV2aWV3",
      "RequestMethod": "PUT",
      "RequestHeaders": {
        "x-ms-client-request-id": [
          "e7941275-0cf7-4641-a788-888aa5a745ca"
        ],
        "Accept-Language": [
          "en-US"
        ],
        "User-Agent": [
          "FxVersion/4.700.22.55902",
          "OSName/Windows",
          "OSVersion/Microsoft.Windows.10.0.22621",
          "Microsoft.Azure.Management.CosmosDB.CosmosDBManagementClient/3.9.1.0"
        ],
        "Content-Type": [
          "application/json; charset=utf-8"
        ],
        "Content-Length": [
          "97"
        ]
      },
      "RequestBody": "{\r\n  \"properties\": {\r\n    \"resource\": {\r\n      \"id\": \"TestDB1\"\r\n    },\r\n    \"options\": {}\r\n  }\r\n}",
      "ResponseHeaders": {
        "Cache-Control": [
          "no-store, no-cache"
        ],
        "Pragma": [
          "no-cache"
        ],
        "Location": [
          "https://eastus2euap.management.azure.com/subscriptions/23587e98-b6ac-4328-a753-03bcd3c8e744/resourceGroups/CosmosDBResourceGroup18/providers/Microsoft.DocumentDB/databaseAccounts/cosmosdb-1414/sqlDatabases/TestDB1/operationResults/61406252-5dca-433c-975f-4e4d77450087?api-version=2022-08-15-preview"
        ],
        "Azure-AsyncOperation": [
          "https://eastus2euap.management.azure.com/subscriptions/23587e98-b6ac-4328-a753-03bcd3c8e744/providers/Microsoft.DocumentDB/locations/eastus/operationsStatus/61406252-5dca-433c-975f-4e4d77450087?api-version=2022-08-15-preview"
        ],
        "x-ms-request-id": [
          "61406252-5dca-433c-975f-4e4d77450087"
        ],
        "Strict-Transport-Security": [
          "max-age=31536000; includeSubDomains"
        ],
        "x-ms-gatewayversion": [
          "version=2.14.0"
        ],
        "Server": [
          "Microsoft-HTTPAPI/2.0"
        ],
        "x-ms-ratelimit-remaining-subscription-writes": [
          "1196"
        ],
        "x-ms-correlation-request-id": [
          "62295528-d446-4133-87dd-bb688a269bb7"
        ],
        "x-ms-routing-request-id": [
          "EASTUS2EUAP:20230328T144124Z:62295528-d446-4133-87dd-bb688a269bb7"
        ],
        "X-Content-Type-Options": [
          "nosniff"
        ],
        "Date": [
          "Tue, 28 Mar 2023 14:41:24 GMT"
        ],
        "Content-Length": [
          "21"
        ],
        "Content-Type": [
          "application/json"
        ]
      },
      "ResponseBody": "{\r\n  \"status\": \"Enqueued\"\r\n}",
      "StatusCode": 202
    },
    {
      "RequestUri": "/subscriptions/23587e98-b6ac-4328-a753-03bcd3c8e744/providers/Microsoft.DocumentDB/locations/eastus/operationsStatus/61406252-5dca-433c-975f-4e4d77450087?api-version=2022-08-15-preview",
      "EncodedRequestUri": "L3N1YnNjcmlwdGlvbnMvMjM1ODdlOTgtYjZhYy00MzI4LWE3NTMtMDNiY2QzYzhlNzQ0L3Byb3ZpZGVycy9NaWNyb3NvZnQuRG9jdW1lbnREQi9sb2NhdGlvbnMvZWFzdHVzL29wZXJhdGlvbnNTdGF0dXMvNjE0MDYyNTItNWRjYS00MzNjLTk3NWYtNGU0ZDc3NDUwMDg3P2FwaS12ZXJzaW9uPTIwMjItMDgtMTUtcHJldmlldw==",
      "RequestMethod": "GET",
      "RequestHeaders": {
        "x-ms-client-request-id": [
          "e7941275-0cf7-4641-a788-888aa5a745ca"
        ],
        "User-Agent": [
          "FxVersion/4.700.22.55902",
          "OSName/Windows",
          "OSVersion/Microsoft.Windows.10.0.22621",
          "Microsoft.Azure.Management.CosmosDB.CosmosDBManagementClient/3.9.1.0"
        ]
      },
      "RequestBody": "",
      "ResponseHeaders": {
        "Cache-Control": [
          "no-store, no-cache"
        ],
        "Pragma": [
          "no-cache"
        ],
        "Strict-Transport-Security": [
          "max-age=31536000; includeSubDomains"
        ],
        "x-ms-gatewayversion": [
          "version=2.14.0"
        ],
        "Server": [
          "Microsoft-HTTPAPI/2.0"
        ],
        "x-ms-ratelimit-remaining-subscription-reads": [
          "11957"
        ],
        "x-ms-request-id": [
          "7f37e3a6-aad0-40a7-83a7-550192640a90"
        ],
        "x-ms-correlation-request-id": [
          "7f37e3a6-aad0-40a7-83a7-550192640a90"
        ],
        "x-ms-routing-request-id": [
          "EASTUS2EUAP:20230328T144155Z:7f37e3a6-aad0-40a7-83a7-550192640a90"
        ],
        "X-Content-Type-Options": [
          "nosniff"
        ],
        "Date": [
          "Tue, 28 Mar 2023 14:41:54 GMT"
        ],
        "Content-Length": [
          "22"
        ],
        "Content-Type": [
          "application/json"
        ]
      },
      "ResponseBody": "{\r\n  \"status\": \"Succeeded\"\r\n}",
      "StatusCode": 200
    },
    {
      "RequestUri": "/subscriptions/23587e98-b6ac-4328-a753-03bcd3c8e744/resourceGroups/CosmosDBResourceGroup18/providers/Microsoft.DocumentDB/databaseAccounts/cosmosdb-1414/sqlDatabases/TestDB1/containers/TestCollectionInDB1?api-version=2022-08-15-preview",
      "EncodedRequestUri": "L3N1YnNjcmlwdGlvbnMvMjM1ODdlOTgtYjZhYy00MzI4LWE3NTMtMDNiY2QzYzhlNzQ0L3Jlc291cmNlR3JvdXBzL0Nvc21vc0RCUmVzb3VyY2VHcm91cDE4L3Byb3ZpZGVycy9NaWNyb3NvZnQuRG9jdW1lbnREQi9kYXRhYmFzZUFjY291bnRzL2Nvc21vc2RiLTE0MTQvc3FsRGF0YWJhc2VzL1Rlc3REQjEvY29udGFpbmVycy9UZXN0Q29sbGVjdGlvbkluREIxP2FwaS12ZXJzaW9uPTIwMjItMDgtMTUtcHJldmlldw==",
      "RequestMethod": "GET",
      "RequestHeaders": {
        "x-ms-client-request-id": [
          "caccfc45-8f1d-4e64-b4e9-a41e10c2dbd3"
        ],
        "Accept-Language": [
          "en-US"
        ],
        "User-Agent": [
          "FxVersion/4.700.22.55902",
          "OSName/Windows",
          "OSVersion/Microsoft.Windows.10.0.22621",
          "Microsoft.Azure.Management.CosmosDB.CosmosDBManagementClient/3.9.1.0"
        ]
      },
      "RequestBody": "",
      "ResponseHeaders": {
        "Cache-Control": [
          "no-store, no-cache"
        ],
        "Pragma": [
          "no-cache"
        ],
        "Strict-Transport-Security": [
          "max-age=31536000; includeSubDomains"
        ],
        "x-ms-gatewayversion": [
          "version=2.14.0"
        ],
        "Server": [
          "Microsoft-HTTPAPI/2.0"
        ],
        "x-ms-ratelimit-remaining-subscription-reads": [
          "11955"
        ],
        "x-ms-request-id": [
          "dd8aefda-c6a4-49c3-84e0-ad6dbf5944cb"
        ],
        "x-ms-correlation-request-id": [
          "dd8aefda-c6a4-49c3-84e0-ad6dbf5944cb"
        ],
        "x-ms-routing-request-id": [
          "EASTUS2EUAP:20230328T144155Z:dd8aefda-c6a4-49c3-84e0-ad6dbf5944cb"
        ],
        "X-Content-Type-Options": [
          "nosniff"
        ],
        "Date": [
          "Tue, 28 Mar 2023 14:41:55 GMT"
        ],
        "Content-Length": [
          "6561"
        ],
        "Content-Type": [
          "application/json"
        ]
      },
      "ResponseBody": "{\r\n  \"code\": \"NotFound\",\r\n  \"message\": \"Message: {\\\"code\\\":\\\"NotFound\\\",\\\"message\\\":\\\"Message: {\\\\\\\"Errors\\\\\\\":[\\\\\\\"Resource Not Found. Learn more: https:\\\\\\\\/\\\\\\\\/aka.ms\\\\\\\\/cosmosdb-tsg-not-found\\\\\\\"]}\\\\r\\\\nActivityId: caccfc45-8f1d-4e64-b4e9-a41e10c2dbd3, Request URI: /apps/12932f7f-a330-4524-8699-a0284218ff51/services/ba4ed73e-d6a1-455f-a214-f9261ba231f5/partitions/73043d10-6ff4-4b79-956b-9044221c9c27/replicas/133244589066068458s, RequestStats: \\\\r\\\\nRequestStartTime: 2023-03-28T14:41:55.7293602Z, RequestEndTime: 2023-03-28T14:41:55.7393560Z,  Number of regions attempted:1\\\\r\\\\n{\\\\\\\"systemHistory\\\\\\\":[{\\\\\\\"dateUtc\\\\\\\":\\\\\\\"2023-03-28T14:41:01.1588475Z\\\\\\\",\\\\\\\"cpu\\\\\\\":1.825,\\\\\\\"memory\\\\\\\":434063440.000,\\\\\\\"threadInfo\\\\\\\":{\\\\\\\"isThreadStarving\\\\\\\":\\\\\\\"False\\\\\\\",\\\\\\\"threadWaitIntervalInMs\\\\\\\":0.0273,\\\\\\\"availableThreads\\\\\\\":32762,\\\\\\\"minThreads\\\\\\\":40,\\\\\\\"maxThreads\\\\\\\":32767},\\\\\\\"numberOfOpenTcpConnection\\\\\\\":4501},{\\\\\\\"dateUtc\\\\\\\":\\\\\\\"2023-03-28T14:41:11.1689294Z\\\\\\\",\\\\\\\"cpu\\\\\\\":3.381,\\\\\\\"memory\\\\\\\":434348980.000,\\\\\\\"threadInfo\\\\\\\":{\\\\\\\"isThreadStarving\\\\\\\":\\\\\\\"False\\\\\\\",\\\\\\\"threadWaitIntervalInMs\\\\\\\":0.0122,\\\\\\\"availableThreads\\\\\\\":32764,\\\\\\\"minThreads\\\\\\\":40,\\\\\\\"maxThreads\\\\\\\":32767},\\\\\\\"numberOfOpenTcpConnection\\\\\\\":4514},{\\\\\\\"dateUtc\\\\\\\":\\\\\\\"2023-03-28T14:41:21.1790250Z\\\\\\\",\\\\\\\"cpu\\\\\\\":1.452,\\\\\\\"memory\\\\\\\":434348360.000,\\\\\\\"threadInfo\\\\\\\":{\\\\\\\"isThreadStarving\\\\\\\":\\\\\\\"False\\\\\\\",\\\\\\\"threadWaitIntervalInMs\\\\\\\":0.0249,\\\\\\\"availableThreads\\\\\\\":32737,\\\\\\\"minThreads\\\\\\\":40,\\\\\\\"maxThreads\\\\\\\":32767},\\\\\\\"numberOfOpenTcpConnection\\\\\\\":4450},{\\\\\\\"dateUtc\\\\\\\":\\\\\\\"2023-03-28T14:41:31.1891424Z\\\\\\\",\\\\\\\"cpu\\\\\\\":1.733,\\\\\\\"memory\\\\\\\":434357020.000,\\\\\\\"threadInfo\\\\\\\":{\\\\\\\"isThreadStarving\\\\\\\":\\\\\\\"False\\\\\\\",\\\\\\\"threadWaitIntervalInMs\\\\\\\":0.0209,\\\\\\\"availableThreads\\\\\\\":32764,\\\\\\\"minThreads\\\\\\\":40,\\\\\\\"maxThreads\\\\\\\":32767},\\\\\\\"numberOfOpenTcpConnection\\\\\\\":4454},{\\\\\\\"dateUtc\\\\\\\":\\\\\\\"2023-03-28T14:41:41.1992610Z\\\\\\\",\\\\\\\"cpu\\\\\\\":1.314,\\\\\\\"memory\\\\\\\":434348964.000,\\\\\\\"threadInfo\\\\\\\":{\\\\\\\"isThreadStarving\\\\\\\":\\\\\\\"False\\\\\\\",\\\\\\\"threadWaitIntervalInMs\\\\\\\":0.0166,\\\\\\\"availableThreads\\\\\\\":32764,\\\\\\\"minThreads\\\\\\\":40,\\\\\\\"maxThreads\\\\\\\":32767},\\\\\\\"numberOfOpenTcpConnection\\\\\\\":4456},{\\\\\\\"dateUtc\\\\\\\":\\\\\\\"2023-03-28T14:41:51.2193418Z\\\\\\\",\\\\\\\"cpu\\\\\\\":1.654,\\\\\\\"memory\\\\\\\":434354240.000,\\\\\\\"threadInfo\\\\\\\":{\\\\\\\"isThreadStarving\\\\\\\":\\\\\\\"False\\\\\\\",\\\\\\\"threadWaitIntervalInMs\\\\\\\":0.0131,\\\\\\\"availableThreads\\\\\\\":32764,\\\\\\\"minThreads\\\\\\\":40,\\\\\\\"maxThreads\\\\\\\":32767},\\\\\\\"numberOfOpenTcpConnection\\\\\\\":4415}]}\\\\r\\\\nRequestStart: 2023-03-28T14:41:55.7293602Z; ResponseTime: 2023-03-28T14:41:55.7393560Z; StoreResult: StorePhysicalAddress: rntbd://10.0.0.30:11300/apps/12932f7f-a330-4524-8699-a0284218ff51/services/ba4ed73e-d6a1-455f-a214-f9261ba231f5/partitions/73043d10-6ff4-4b79-956b-9044221c9c27/replicas/133244589066068458s, LSN: 10, GlobalCommittedLsn: 10, PartitionKeyRangeId: , IsValid: True, StatusCode: 404, SubStatusCode: 0, RequestCharge: 1, ItemLSN: -1, SessionToken: -1#10, UsingLocalLSN: False, TransportException: null, BELatencyMs: 1.191, ActivityId: caccfc45-8f1d-4e64-b4e9-a41e10c2dbd3, RetryAfterInMs: , TransportRequestTimeline: {\\\\\\\"requestTimeline\\\\\\\":[{\\\\\\\"event\\\\\\\": \\\\\\\"Created\\\\\\\", \\\\\\\"startTimeUtc\\\\\\\": \\\\\\\"2023-03-28T14:41:55.7293602Z\\\\\\\", \\\\\\\"durationInMs\\\\\\\": 0.0193},{\\\\\\\"event\\\\\\\": \\\\\\\"ChannelAcquisitionStarted\\\\\\\", \\\\\\\"startTimeUtc\\\\\\\": \\\\\\\"2023-03-28T14:41:55.7293795Z\\\\\\\", \\\\\\\"durationInMs\\\\\\\": 0.004},{\\\\\\\"event\\\\\\\": \\\\\\\"Pipelined\\\\\\\", \\\\\\\"startTimeUtc\\\\\\\": \\\\\\\"2023-03-28T14:41:55.7293835Z\\\\\\\", \\\\\\\"durationInMs\\\\\\\": 0.2372},{\\\\\\\"event\\\\\\\": \\\\\\\"Transit Time\\\\\\\", \\\\\\\"startTimeUtc\\\\\\\": \\\\\\\"2023-03-28T14:41:55.7296207Z\\\\\\\", \\\\\\\"durationInMs\\\\\\\": 1.5982},{\\\\\\\"event\\\\\\\": \\\\\\\"Received\\\\\\\", \\\\\\\"startTimeUtc\\\\\\\": \\\\\\\"2023-03-28T14:41:55.7312189Z\\\\\\\", \\\\\\\"durationInMs\\\\\\\": 0.1044},{\\\\\\\"event\\\\\\\": \\\\\\\"Completed\\\\\\\", \\\\\\\"startTimeUtc\\\\\\\": \\\\\\\"2023-03-28T14:41:55.7313233Z\\\\\\\", \\\\\\\"durationInMs\\\\\\\": 0}],\\\\\\\"serviceEndpointStats\\\\\\\":{\\\\\\\"inflightRequests\\\\\\\":1,\\\\\\\"openConnections\\\\\\\":1},\\\\\\\"connectionStats\\\\\\\":{\\\\\\\"waitforConnectionInit\\\\\\\":\\\\\\\"False\\\\\\\",\\\\\\\"callsPendingReceive\\\\\\\":0,\\\\\\\"lastSendAttempt\\\\\\\":\\\\\\\"2023-03-28T14:41:55.3193969Z\\\\\\\",\\\\\\\"lastSend\\\\\\\":\\\\\\\"2023-03-28T14:41:55.3193969Z\\\\\\\",\\\\\\\"lastReceive\\\\\\\":\\\\\\\"2023-03-28T14:41:55.3693443Z\\\\\\\"},\\\\\\\"requestSizeInBytes\\\\\\\":492,\\\\\\\"responseMetadataSizeInBytes\\\\\\\":135,\\\\\\\"responseBodySizeInBytes\\\\\\\":87};\\\\r\\\\n ResourceType: Collection, OperationType: Read\\\\r\\\\nRequestStart: 2023-03-28T14:41:55.7293602Z; ResponseTime: 2023-03-28T14:41:55.7393560Z; StoreResult: StorePhysicalAddress: rntbd://10.0.0.31:11000/apps/12932f7f-a330-4524-8699-a0284218ff51/services/ba4ed73e-d6a1-455f-a214-f9261ba231f5/partitions/73043d10-6ff4-4b79-956b-9044221c9c27/replicas/133244589066068456s, LSN: 10, GlobalCommittedLsn: 10, PartitionKeyRangeId: , IsValid: True, StatusCode: 404, SubStatusCode: 0, RequestCharge: 1, ItemLSN: -1, SessionToken: -1#10, UsingLocalLSN: False, TransportException: null, BELatencyMs: 1.589, ActivityId: caccfc45-8f1d-4e64-b4e9-a41e10c2dbd3, RetryAfterInMs: , TransportRequestTimeline: {\\\\\\\"requestTimeline\\\\\\\":[{\\\\\\\"event\\\\\\\": \\\\\\\"Created\\\\\\\", \\\\\\\"startTimeUtc\\\\\\\": \\\\\\\"2023-03-28T14:41:55.7293602Z\\\\\\\", \\\\\\\"durationInMs\\\\\\\": 0.0062},{\\\\\\\"event\\\\\\\": \\\\\\\"ChannelAcquisitionStarted\\\\\\\", \\\\\\\"startTimeUtc\\\\\\\": \\\\\\\"2023-03-28T14:41:55.7293664Z\\\\\\\", \\\\\\\"durationInMs\\\\\\\": 0.0027},{\\\\\\\"event\\\\\\\": \\\\\\\"Pipelined\\\\\\\", \\\\\\\"startTimeUtc\\\\\\\": \\\\\\\"2023-03-28T14:41:55.7293691Z\\\\\\\", \\\\\\\"durationInMs\\\\\\\": 0.1175},{\\\\\\\"event\\\\\\\": \\\\\\\"Transit Time\\\\\\\", \\\\\\\"startTimeUtc\\\\\\\": \\\\\\\"2023-03-28T14:41:55.7294866Z\\\\\\\", \\\\\\\"durationInMs\\\\\\\": 2.3421},{\\\\\\\"event\\\\\\\": \\\\\\\"Received\\\\\\\", \\\\\\\"startTimeUtc\\\\\\\": \\\\\\\"2023-03-28T14:41:55.7318287Z\\\\\\\", \\\\\\\"durationInMs\\\\\\\": 0.0389},{\\\\\\\"event\\\\\\\": \\\\\\\"Completed\\\\\\\", \\\\\\\"startTimeUtc\\\\\\\": \\\\\\\"2023-03-28T14:41:55.7318676Z\\\\\\\", \\\\\\\"durationInMs\\\\\\\": 0}],\\\\\\\"serviceEndpointStats\\\\\\\":{\\\\\\\"inflightRequests\\\\\\\":1,\\\\\\\"openConnections\\\\\\\":1},\\\\\\\"connectionStats\\\\\\\":{\\\\\\\"waitforConnectionInit\\\\\\\":\\\\\\\"False\\\\\\\",\\\\\\\"callsPendingReceive\\\\\\\":0,\\\\\\\"lastSendAttempt\\\\\\\":\\\\\\\"2023-03-28T14:41:55.3693443Z\\\\\\\",\\\\\\\"lastSend\\\\\\\":\\\\\\\"2023-03-28T14:41:55.3693443Z\\\\\\\",\\\\\\\"lastReceive\\\\\\\":\\\\\\\"2023-03-28T14:41:55.3693443Z\\\\\\\"},\\\\\\\"requestSizeInBytes\\\\\\\":492,\\\\\\\"responseMetadataSizeInBytes\\\\\\\":135,\\\\\\\"responseBodySizeInBytes\\\\\\\":87};\\\\r\\\\n ResourceType: Collection, OperationType: Read\\\\r\\\\n, SDK: Microsoft.Azure.Documents.Common/2.14.0\\\"}, Request URI: /dbs/TestDB1/colls/TestCollectionInDB1, RequestStats: , SDK: Microsoft.Azure.Documents.Common/2.14.0\"\r\n}",
      "StatusCode": 404
    },
    {
      "RequestUri": "/subscriptions/23587e98-b6ac-4328-a753-03bcd3c8e744/resourceGroups/CosmosDBResourceGroup18/providers/Microsoft.DocumentDB/databaseAccounts/cosmosdb-1414/sqlDatabases/TestDB1/containers/TestCollectionInDB1?api-version=2022-08-15-preview",
      "EncodedRequestUri": "L3N1YnNjcmlwdGlvbnMvMjM1ODdlOTgtYjZhYy00MzI4LWE3NTMtMDNiY2QzYzhlNzQ0L3Jlc291cmNlR3JvdXBzL0Nvc21vc0RCUmVzb3VyY2VHcm91cDE4L3Byb3ZpZGVycy9NaWNyb3NvZnQuRG9jdW1lbnREQi9kYXRhYmFzZUFjY291bnRzL2Nvc21vc2RiLTE0MTQvc3FsRGF0YWJhc2VzL1Rlc3REQjEvY29udGFpbmVycy9UZXN0Q29sbGVjdGlvbkluREIxP2FwaS12ZXJzaW9uPTIwMjItMDgtMTUtcHJldmlldw==",
      "RequestMethod": "GET",
      "RequestHeaders": {
        "x-ms-client-request-id": [
          "caccfc45-8f1d-4e64-b4e9-a41e10c2dbd3"
        ],
        "User-Agent": [
          "FxVersion/4.700.22.55902",
          "OSName/Windows",
          "OSVersion/Microsoft.Windows.10.0.22621",
          "Microsoft.Azure.Management.CosmosDB.CosmosDBManagementClient/3.9.1.0"
        ]
      },
      "RequestBody": "",
      "ResponseHeaders": {
        "Cache-Control": [
          "no-store, no-cache"
        ],
        "Pragma": [
          "no-cache"
        ],
        "Strict-Transport-Security": [
          "max-age=31536000; includeSubDomains"
        ],
        "x-ms-gatewayversion": [
          "version=2.14.0"
        ],
        "Server": [
          "Microsoft-HTTPAPI/2.0"
        ],
        "x-ms-ratelimit-remaining-subscription-reads": [
          "11953"
        ],
        "x-ms-request-id": [
          "f2d3b610-7abe-46bf-9903-fae6c85a6c48"
        ],
        "x-ms-correlation-request-id": [
          "f2d3b610-7abe-46bf-9903-fae6c85a6c48"
        ],
        "x-ms-routing-request-id": [
          "EASTUS2EUAP:20230328T144226Z:f2d3b610-7abe-46bf-9903-fae6c85a6c48"
        ],
        "X-Content-Type-Options": [
          "nosniff"
        ],
        "Date": [
          "Tue, 28 Mar 2023 14:42:26 GMT"
        ],
        "Content-Length": [
          "1224"
        ],
        "Content-Type": [
          "application/json"
        ]
      },
      "ResponseBody": "{\r\n  \"id\": \"/subscriptions/23587e98-b6ac-4328-a753-03bcd3c8e744/resourceGroups/CosmosDBResourceGroup18/providers/Microsoft.DocumentDB/databaseAccounts/cosmosdb-1414/sqlDatabases/TestDB1/containers/TestCollectionInDB1\",\r\n  \"type\": \"Microsoft.DocumentDB/databaseAccounts/sqlDatabases/containers\",\r\n  \"name\": \"TestCollectionInDB1\",\r\n  \"properties\": {\r\n    \"resource\": {\r\n      \"id\": \"TestCollectionInDB1\",\r\n      \"indexingPolicy\": {\r\n        \"indexingMode\": \"consistent\",\r\n        \"automatic\": true,\r\n        \"includedPaths\": [\r\n          {\r\n            \"path\": \"/*\"\r\n          }\r\n        ],\r\n        \"excludedPaths\": [\r\n          {\r\n            \"path\": \"/\\\"_etag\\\"/?\"\r\n          }\r\n        ]\r\n      },\r\n      \"partitionKey\": {\r\n        \"paths\": [\r\n          \"/foo/bar\"\r\n        ],\r\n        \"kind\": \"Hash\"\r\n      },\r\n      \"uniqueKeyPolicy\": {\r\n        \"uniqueKeys\": []\r\n      },\r\n      \"conflictResolutionPolicy\": {\r\n        \"mode\": \"LastWriterWins\",\r\n        \"conflictResolutionPath\": \"/_ts\",\r\n        \"conflictResolutionProcedure\": \"\"\r\n      },\r\n      \"backupPolicy\": {\r\n        \"type\": 1\r\n      },\r\n      \"geospatialConfig\": {\r\n        \"type\": \"Geography\"\r\n      },\r\n      \"_rid\": \"15gmAO9WNW0=\",\r\n      \"_ts\": 1680014523,\r\n      \"_self\": \"dbs/15gmAA==/colls/15gmAO9WNW0=/\",\r\n      \"_etag\": \"\\\"00000d00-0000-0100-0000-6422fcbb0000\\\"\",\r\n      \"_docs\": \"docs/\",\r\n      \"_sprocs\": \"sprocs/\",\r\n      \"_triggers\": \"triggers/\",\r\n      \"_udfs\": \"udfs/\",\r\n      \"_conflicts\": \"conflicts/\",\r\n      \"statistics\": [\r\n        {\r\n          \"id\": \"0\",\r\n          \"sizeInKB\": 0,\r\n          \"documentCount\": 0,\r\n          \"sampledDistinctPartitionKeyCount\": 0,\r\n          \"partitionKeys\": []\r\n        },\r\n        {\r\n          \"id\": \"1\",\r\n          \"sizeInKB\": 0,\r\n          \"documentCount\": 0,\r\n          \"sampledDistinctPartitionKeyCount\": 0,\r\n          \"partitionKeys\": []\r\n        }\r\n      ]\r\n    }\r\n  }\r\n}",
      "StatusCode": 200
    },
    {
      "RequestUri": "/subscriptions/23587e98-b6ac-4328-a753-03bcd3c8e744/resourceGroups/CosmosDBResourceGroup18/providers/Microsoft.DocumentDB/databaseAccounts/cosmosdb-1414/sqlDatabases/TestDB1/containers/TestCollectionInDB1?api-version=2022-08-15-preview",
      "EncodedRequestUri": "L3N1YnNjcmlwdGlvbnMvMjM1ODdlOTgtYjZhYy00MzI4LWE3NTMtMDNiY2QzYzhlNzQ0L3Jlc291cmNlR3JvdXBzL0Nvc21vc0RCUmVzb3VyY2VHcm91cDE4L3Byb3ZpZGVycy9NaWNyb3NvZnQuRG9jdW1lbnREQi9kYXRhYmFzZUFjY291bnRzL2Nvc21vc2RiLTE0MTQvc3FsRGF0YWJhc2VzL1Rlc3REQjEvY29udGFpbmVycy9UZXN0Q29sbGVjdGlvbkluREIxP2FwaS12ZXJzaW9uPTIwMjItMDgtMTUtcHJldmlldw==",
      "RequestMethod": "GET",
      "RequestHeaders": {
        "x-ms-client-request-id": [
          "00c0aa5e-7db8-4415-92de-c7f2f758cb86"
        ],
        "Accept-Language": [
          "en-US"
        ],
        "User-Agent": [
          "FxVersion/4.700.22.55902",
          "OSName/Windows",
          "OSVersion/Microsoft.Windows.10.0.22621",
          "Microsoft.Azure.Management.CosmosDB.CosmosDBManagementClient/3.9.1.0"
        ]
      },
      "RequestBody": "",
      "ResponseHeaders": {
        "Cache-Control": [
          "no-store, no-cache"
        ],
        "Pragma": [
          "no-cache"
        ],
        "Strict-Transport-Security": [
          "max-age=31536000; includeSubDomains"
        ],
        "x-ms-gatewayversion": [
          "version=2.14.0"
        ],
        "Server": [
          "Microsoft-HTTPAPI/2.0"
        ],
        "x-ms-ratelimit-remaining-subscription-reads": [
          "11995"
        ],
        "x-ms-request-id": [
          "912c5ac8-7b81-42e6-9337-7409187cc132"
        ],
        "x-ms-correlation-request-id": [
          "912c5ac8-7b81-42e6-9337-7409187cc132"
        ],
        "x-ms-routing-request-id": [
          "EASTUS2EUAP:20230328T144227Z:912c5ac8-7b81-42e6-9337-7409187cc132"
        ],
        "X-Content-Type-Options": [
          "nosniff"
        ],
        "Date": [
          "Tue, 28 Mar 2023 14:42:27 GMT"
        ],
        "Content-Length": [
          "1224"
        ],
        "Content-Type": [
          "application/json"
        ]
      },
      "ResponseBody": "{\r\n  \"id\": \"/subscriptions/23587e98-b6ac-4328-a753-03bcd3c8e744/resourceGroups/CosmosDBResourceGroup18/providers/Microsoft.DocumentDB/databaseAccounts/cosmosdb-1414/sqlDatabases/TestDB1/containers/TestCollectionInDB1\",\r\n  \"type\": \"Microsoft.DocumentDB/databaseAccounts/sqlDatabases/containers\",\r\n  \"name\": \"TestCollectionInDB1\",\r\n  \"properties\": {\r\n    \"resource\": {\r\n      \"id\": \"TestCollectionInDB1\",\r\n      \"indexingPolicy\": {\r\n        \"indexingMode\": \"consistent\",\r\n        \"automatic\": true,\r\n        \"includedPaths\": [\r\n          {\r\n            \"path\": \"/*\"\r\n          }\r\n        ],\r\n        \"excludedPaths\": [\r\n          {\r\n            \"path\": \"/\\\"_etag\\\"/?\"\r\n          }\r\n        ]\r\n      },\r\n      \"partitionKey\": {\r\n        \"paths\": [\r\n          \"/foo/bar\"\r\n        ],\r\n        \"kind\": \"Hash\"\r\n      },\r\n      \"uniqueKeyPolicy\": {\r\n        \"uniqueKeys\": []\r\n      },\r\n      \"conflictResolutionPolicy\": {\r\n        \"mode\": \"LastWriterWins\",\r\n        \"conflictResolutionPath\": \"/_ts\",\r\n        \"conflictResolutionProcedure\": \"\"\r\n      },\r\n      \"backupPolicy\": {\r\n        \"type\": 1\r\n      },\r\n      \"geospatialConfig\": {\r\n        \"type\": \"Geography\"\r\n      },\r\n      \"_rid\": \"15gmAO9WNW0=\",\r\n      \"_ts\": 1680014523,\r\n      \"_self\": \"dbs/15gmAA==/colls/15gmAO9WNW0=/\",\r\n      \"_etag\": \"\\\"00000d00-0000-0100-0000-6422fcbb0000\\\"\",\r\n      \"_docs\": \"docs/\",\r\n      \"_sprocs\": \"sprocs/\",\r\n      \"_triggers\": \"triggers/\",\r\n      \"_udfs\": \"udfs/\",\r\n      \"_conflicts\": \"conflicts/\",\r\n      \"statistics\": [\r\n        {\r\n          \"id\": \"0\",\r\n          \"sizeInKB\": 0,\r\n          \"documentCount\": 0,\r\n          \"sampledDistinctPartitionKeyCount\": 0,\r\n          \"partitionKeys\": []\r\n        },\r\n        {\r\n          \"id\": \"1\",\r\n          \"sizeInKB\": 0,\r\n          \"documentCount\": 0,\r\n          \"sampledDistinctPartitionKeyCount\": 0,\r\n          \"partitionKeys\": []\r\n        }\r\n      ]\r\n    }\r\n  }\r\n}",
      "StatusCode": 200
    },
    {
      "RequestUri": "/subscriptions/23587e98-b6ac-4328-a753-03bcd3c8e744/resourceGroups/CosmosDBResourceGroup18/providers/Microsoft.DocumentDB/databaseAccounts/cosmosdb-1414/sqlDatabases/TestDB1/containers/TestCollectionInDB1?api-version=2022-08-15-preview",
      "EncodedRequestUri": "L3N1YnNjcmlwdGlvbnMvMjM1ODdlOTgtYjZhYy00MzI4LWE3NTMtMDNiY2QzYzhlNzQ0L3Jlc291cmNlR3JvdXBzL0Nvc21vc0RCUmVzb3VyY2VHcm91cDE4L3Byb3ZpZGVycy9NaWNyb3NvZnQuRG9jdW1lbnREQi9kYXRhYmFzZUFjY291bnRzL2Nvc21vc2RiLTE0MTQvc3FsRGF0YWJhc2VzL1Rlc3REQjEvY29udGFpbmVycy9UZXN0Q29sbGVjdGlvbkluREIxP2FwaS12ZXJzaW9uPTIwMjItMDgtMTUtcHJldmlldw==",
      "RequestMethod": "PUT",
      "RequestHeaders": {
        "x-ms-client-request-id": [
          "caccfc45-8f1d-4e64-b4e9-a41e10c2dbd3"
        ],
        "Accept-Language": [
          "en-US"
        ],
        "User-Agent": [
          "FxVersion/4.700.22.55902",
          "OSName/Windows",
          "OSVersion/Microsoft.Windows.10.0.22621",
          "Microsoft.Azure.Management.CosmosDB.CosmosDBManagementClient/3.9.1.0"
        ],
        "Content-Type": [
          "application/json; charset=utf-8"
        ],
        "Content-Length": [
          "255"
        ]
      },
      "RequestBody": "{\r\n  \"properties\": {\r\n    \"resource\": {\r\n      \"id\": \"TestCollectionInDB1\",\r\n      \"partitionKey\": {\r\n        \"paths\": [\r\n          \"/foo/bar\"\r\n        ],\r\n        \"kind\": \"Hash\"\r\n      }\r\n    },\r\n    \"options\": {\r\n      \"throughput\": 10000\r\n    }\r\n  }\r\n}",
      "ResponseHeaders": {
        "Cache-Control": [
          "no-store, no-cache"
        ],
        "Pragma": [
          "no-cache"
        ],
        "Location": [
          "https://eastus2euap.management.azure.com/subscriptions/23587e98-b6ac-4328-a753-03bcd3c8e744/resourceGroups/CosmosDBResourceGroup18/providers/Microsoft.DocumentDB/databaseAccounts/cosmosdb-1414/sqlDatabases/TestDB1/containers/TestCollectionInDB1/operationResults/c1566cce-898d-4db4-aedc-d1d7212fdc99?api-version=2022-08-15-preview"
        ],
        "Azure-AsyncOperation": [
          "https://eastus2euap.management.azure.com/subscriptions/23587e98-b6ac-4328-a753-03bcd3c8e744/providers/Microsoft.DocumentDB/locations/eastus/operationsStatus/c1566cce-898d-4db4-aedc-d1d7212fdc99?api-version=2022-08-15-preview"
        ],
        "x-ms-request-id": [
          "c1566cce-898d-4db4-aedc-d1d7212fdc99"
        ],
        "Strict-Transport-Security": [
          "max-age=31536000; includeSubDomains"
        ],
        "x-ms-gatewayversion": [
          "version=2.14.0"
        ],
        "Server": [
          "Microsoft-HTTPAPI/2.0"
        ],
        "x-ms-ratelimit-remaining-subscription-writes": [
          "1195"
        ],
        "x-ms-correlation-request-id": [
          "c6eee8b4-162b-4987-a725-72b900142ef5"
        ],
        "x-ms-routing-request-id": [
          "EASTUS2EUAP:20230328T144156Z:c6eee8b4-162b-4987-a725-72b900142ef5"
        ],
        "X-Content-Type-Options": [
          "nosniff"
        ],
        "Date": [
          "Tue, 28 Mar 2023 14:41:55 GMT"
        ],
        "Content-Length": [
          "21"
        ],
        "Content-Type": [
          "application/json"
        ]
      },
      "ResponseBody": "{\r\n  \"status\": \"Enqueued\"\r\n}",
      "StatusCode": 202
    },
    {
      "RequestUri": "/subscriptions/23587e98-b6ac-4328-a753-03bcd3c8e744/providers/Microsoft.DocumentDB/locations/eastus/operationsStatus/c1566cce-898d-4db4-aedc-d1d7212fdc99?api-version=2022-08-15-preview",
      "EncodedRequestUri": "L3N1YnNjcmlwdGlvbnMvMjM1ODdlOTgtYjZhYy00MzI4LWE3NTMtMDNiY2QzYzhlNzQ0L3Byb3ZpZGVycy9NaWNyb3NvZnQuRG9jdW1lbnREQi9sb2NhdGlvbnMvZWFzdHVzL29wZXJhdGlvbnNTdGF0dXMvYzE1NjZjY2UtODk4ZC00ZGI0LWFlZGMtZDFkNzIxMmZkYzk5P2FwaS12ZXJzaW9uPTIwMjItMDgtMTUtcHJldmlldw==",
      "RequestMethod": "GET",
      "RequestHeaders": {
        "x-ms-client-request-id": [
          "caccfc45-8f1d-4e64-b4e9-a41e10c2dbd3"
        ],
        "User-Agent": [
          "FxVersion/4.700.22.55902",
          "OSName/Windows",
          "OSVersion/Microsoft.Windows.10.0.22621",
          "Microsoft.Azure.Management.CosmosDB.CosmosDBManagementClient/3.9.1.0"
        ]
      },
      "RequestBody": "",
      "ResponseHeaders": {
        "Cache-Control": [
          "no-store, no-cache"
        ],
        "Pragma": [
          "no-cache"
        ],
        "Strict-Transport-Security": [
          "max-age=31536000; includeSubDomains"
        ],
        "x-ms-gatewayversion": [
          "version=2.14.0"
        ],
        "Server": [
          "Microsoft-HTTPAPI/2.0"
        ],
        "x-ms-ratelimit-remaining-subscription-reads": [
          "11954"
        ],
        "x-ms-request-id": [
          "2e665b02-456e-467b-b708-ead2869c9429"
        ],
        "x-ms-correlation-request-id": [
          "2e665b02-456e-467b-b708-ead2869c9429"
        ],
        "x-ms-routing-request-id": [
          "EASTUS2EUAP:20230328T144226Z:2e665b02-456e-467b-b708-ead2869c9429"
        ],
        "X-Content-Type-Options": [
          "nosniff"
        ],
        "Date": [
          "Tue, 28 Mar 2023 14:42:26 GMT"
        ],
        "Content-Length": [
          "22"
        ],
        "Content-Type": [
          "application/json"
        ]
      },
      "ResponseBody": "{\r\n  \"status\": \"Succeeded\"\r\n}",
      "StatusCode": 200
    },
    {
      "RequestUri": "/subscriptions/23587e98-b6ac-4328-a753-03bcd3c8e744/resourceGroups/CosmosDBResourceGroup18/providers/Microsoft.DocumentDB/databaseAccounts/cosmosdb-1414/sqlDatabases/TestDB1/containers/TestCollectionInDB1/retrieveContinuousBackupInformation?api-version=2022-08-15-preview",
      "EncodedRequestUri": "L3N1YnNjcmlwdGlvbnMvMjM1ODdlOTgtYjZhYy00MzI4LWE3NTMtMDNiY2QzYzhlNzQ0L3Jlc291cmNlR3JvdXBzL0Nvc21vc0RCUmVzb3VyY2VHcm91cDE4L3Byb3ZpZGVycy9NaWNyb3NvZnQuRG9jdW1lbnREQi9kYXRhYmFzZUFjY291bnRzL2Nvc21vc2RiLTE0MTQvc3FsRGF0YWJhc2VzL1Rlc3REQjEvY29udGFpbmVycy9UZXN0Q29sbGVjdGlvbkluREIxL3JldHJpZXZlQ29udGludW91c0JhY2t1cEluZm9ybWF0aW9uP2FwaS12ZXJzaW9uPTIwMjItMDgtMTUtcHJldmlldw==",
      "RequestMethod": "POST",
      "RequestHeaders": {
        "x-ms-client-request-id": [
          "00c0aa5e-7db8-4415-92de-c7f2f758cb86"
        ],
        "Accept-Language": [
          "en-US"
        ],
        "User-Agent": [
          "FxVersion/4.700.22.55902",
          "OSName/Windows",
          "OSVersion/Microsoft.Windows.10.0.22621",
          "Microsoft.Azure.Management.CosmosDB.CosmosDBManagementClient/3.9.1.0"
        ],
        "Content-Type": [
          "application/json; charset=utf-8"
        ],
        "Content-Length": [
          "29"
        ]
      },
      "RequestBody": "{\r\n  \"location\": \"East US\"\r\n}",
      "ResponseHeaders": {
        "Cache-Control": [
          "no-store, no-cache"
        ],
        "Pragma": [
          "no-cache"
        ],
        "Location": [
          "https://eastus2euap.management.azure.com/subscriptions/23587e98-b6ac-4328-a753-03bcd3c8e744/resourceGroups/CosmosDBResourceGroup18/providers/Microsoft.DocumentDB/databaseAccounts/cosmosdb-1414/sqlDatabases/TestDB1/containers/TestCollectionInDB1/retrieveContinuousBackupInformation/operationResults/40b781d4-2f73-4a22-b269-18d7fab1e586?api-version=2022-08-15-preview"
        ],
        "x-ms-request-id": [
          "40b781d4-2f73-4a22-b269-18d7fab1e586"
        ],
        "Strict-Transport-Security": [
          "max-age=31536000; includeSubDomains"
        ],
        "x-ms-gatewayversion": [
          "version=2.14.0"
        ],
        "Server": [
          "Microsoft-HTTPAPI/2.0"
        ],
        "x-ms-ratelimit-remaining-subscription-writes": [
          "1199"
        ],
        "x-ms-correlation-request-id": [
          "9755205c-406e-4451-946b-16eae141d833"
        ],
        "x-ms-routing-request-id": [
          "EASTUS2EUAP:20230328T144228Z:9755205c-406e-4451-946b-16eae141d833"
        ],
        "X-Content-Type-Options": [
          "nosniff"
        ],
        "Date": [
          "Tue, 28 Mar 2023 14:42:27 GMT"
        ],
        "Content-Length": [
          "21"
        ],
        "Content-Type": [
          "application/json"
        ]
      },
      "ResponseBody": "{\r\n  \"status\": \"Enqueued\"\r\n}",
      "StatusCode": 202
    },
    {
      "RequestUri": "/subscriptions/23587e98-b6ac-4328-a753-03bcd3c8e744/resourceGroups/CosmosDBResourceGroup18/providers/Microsoft.DocumentDB/databaseAccounts/cosmosdb-1414/sqlDatabases/TestDB1/containers/TestCollectionInDB1/retrieveContinuousBackupInformation/operationResults/40b781d4-2f73-4a22-b269-18d7fab1e586?api-version=2022-08-15-preview",
      "EncodedRequestUri": "L3N1YnNjcmlwdGlvbnMvMjM1ODdlOTgtYjZhYy00MzI4LWE3NTMtMDNiY2QzYzhlNzQ0L3Jlc291cmNlR3JvdXBzL0Nvc21vc0RCUmVzb3VyY2VHcm91cDE4L3Byb3ZpZGVycy9NaWNyb3NvZnQuRG9jdW1lbnREQi9kYXRhYmFzZUFjY291bnRzL2Nvc21vc2RiLTE0MTQvc3FsRGF0YWJhc2VzL1Rlc3REQjEvY29udGFpbmVycy9UZXN0Q29sbGVjdGlvbkluREIxL3JldHJpZXZlQ29udGludW91c0JhY2t1cEluZm9ybWF0aW9uL29wZXJhdGlvblJlc3VsdHMvNDBiNzgxZDQtMmY3My00YTIyLWIyNjktMThkN2ZhYjFlNTg2P2FwaS12ZXJzaW9uPTIwMjItMDgtMTUtcHJldmlldw==",
      "RequestMethod": "GET",
      "RequestHeaders": {
        "x-ms-client-request-id": [
          "00c0aa5e-7db8-4415-92de-c7f2f758cb86"
        ],
        "User-Agent": [
          "FxVersion/4.700.22.55902",
          "OSName/Windows",
          "OSVersion/Microsoft.Windows.10.0.22621",
          "Microsoft.Azure.Management.CosmosDB.CosmosDBManagementClient/3.9.1.0"
        ]
      },
      "RequestBody": "",
      "ResponseHeaders": {
        "Cache-Control": [
          "no-store, no-cache"
        ],
        "Pragma": [
          "no-cache"
        ],
        "Strict-Transport-Security": [
          "max-age=31536000; includeSubDomains"
        ],
        "x-ms-gatewayversion": [
          "version=2.14.0"
        ],
        "Server": [
          "Microsoft-HTTPAPI/2.0"
        ],
        "x-ms-ratelimit-remaining-subscription-reads": [
          "11994"
        ],
        "x-ms-request-id": [
          "d580b47d-a7c4-4790-891a-e78d7eb4ea23"
        ],
        "x-ms-correlation-request-id": [
          "d580b47d-a7c4-4790-891a-e78d7eb4ea23"
        ],
        "x-ms-routing-request-id": [
          "EASTUS2EUAP:20230328T144258Z:d580b47d-a7c4-4790-891a-e78d7eb4ea23"
        ],
        "X-Content-Type-Options": [
          "nosniff"
        ],
        "Date": [
          "Tue, 28 Mar 2023 14:42:58 GMT"
        ],
        "Content-Length": [
          "84"
        ],
        "Content-Type": [
          "application/json"
        ]
      },
      "ResponseBody": "{\r\n  \"continuousBackupInformation\": {\r\n    \"latestRestorableTimestamp\": \"3/28/2023 2:42:33 PM\"\r\n  }\r\n}",
      "StatusCode": 200
    },
    {
      "RequestUri": "/subscriptions/23587e98-b6ac-4328-a753-03bcd3c8e744/resourceGroups/CosmosDBResourceGroup18/providers/Microsoft.DocumentDB/databaseAccounts/cosmosdb-1414/sqlDatabases/TestDB1/containers/TestCollectionInDB1/retrieveContinuousBackupInformation/operationResults/40b781d4-2f73-4a22-b269-18d7fab1e586?api-version=2022-08-15-preview",
      "EncodedRequestUri": "L3N1YnNjcmlwdGlvbnMvMjM1ODdlOTgtYjZhYy00MzI4LWE3NTMtMDNiY2QzYzhlNzQ0L3Jlc291cmNlR3JvdXBzL0Nvc21vc0RCUmVzb3VyY2VHcm91cDE4L3Byb3ZpZGVycy9NaWNyb3NvZnQuRG9jdW1lbnREQi9kYXRhYmFzZUFjY291bnRzL2Nvc21vc2RiLTE0MTQvc3FsRGF0YWJhc2VzL1Rlc3REQjEvY29udGFpbmVycy9UZXN0Q29sbGVjdGlvbkluREIxL3JldHJpZXZlQ29udGludW91c0JhY2t1cEluZm9ybWF0aW9uL29wZXJhdGlvblJlc3VsdHMvNDBiNzgxZDQtMmY3My00YTIyLWIyNjktMThkN2ZhYjFlNTg2P2FwaS12ZXJzaW9uPTIwMjItMDgtMTUtcHJldmlldw==",
      "RequestMethod": "GET",
      "RequestHeaders": {
        "x-ms-client-request-id": [
          "00c0aa5e-7db8-4415-92de-c7f2f758cb86"
        ],
        "User-Agent": [
          "FxVersion/4.700.22.55902",
          "OSName/Windows",
          "OSVersion/Microsoft.Windows.10.0.22621",
          "Microsoft.Azure.Management.CosmosDB.CosmosDBManagementClient/3.9.1.0"
        ]
      },
      "RequestBody": "",
      "ResponseHeaders": {
        "Cache-Control": [
          "no-store, no-cache"
        ],
        "Pragma": [
          "no-cache"
        ],
        "Strict-Transport-Security": [
          "max-age=31536000; includeSubDomains"
        ],
        "x-ms-gatewayversion": [
          "version=2.14.0"
        ],
        "Server": [
          "Microsoft-HTTPAPI/2.0"
        ],
        "x-ms-ratelimit-remaining-subscription-reads": [
          "11993"
        ],
        "x-ms-request-id": [
          "0a4e5d00-0671-4cee-9de5-722b017a84fc"
        ],
        "x-ms-correlation-request-id": [
          "0a4e5d00-0671-4cee-9de5-722b017a84fc"
        ],
        "x-ms-routing-request-id": [
          "EASTUS2EUAP:20230328T144258Z:0a4e5d00-0671-4cee-9de5-722b017a84fc"
        ],
        "X-Content-Type-Options": [
          "nosniff"
        ],
        "Date": [
          "Tue, 28 Mar 2023 14:42:58 GMT"
        ],
        "Content-Length": [
          "84"
        ],
        "Content-Type": [
          "application/json"
        ]
      },
      "ResponseBody": "{\r\n  \"continuousBackupInformation\": {\r\n    \"latestRestorableTimestamp\": \"3/28/2023 2:42:33 PM\"\r\n  }\r\n}",
      "StatusCode": 200
    }
  ],
  "Names": {},
  "Variables": {
    "SubscriptionId": "23587e98-b6ac-4328-a753-03bcd3c8e744"
  }
}