{
  "Entries": [
    {
      "RequestUri": "/subscriptions/259fbb24-9bcd-4cfc-865c-fc33b22fe38a/resourcegroups/CosmosDBResourceGroup15?api-version=2016-09-01",
      "EncodedRequestUri": "L3N1YnNjcmlwdGlvbnMvMjU5ZmJiMjQtOWJjZC00Y2ZjLTg2NWMtZmMzM2IyMmZlMzhhL3Jlc291cmNlZ3JvdXBzL0Nvc21vc0RCUmVzb3VyY2VHcm91cDE1P2FwaS12ZXJzaW9uPTIwMTYtMDktMDE=",
      "RequestMethod": "PUT",
      "RequestBody": "{\r\n  \"location\": \"Central US\"\r\n}",
      "RequestHeaders": {
        "x-ms-client-request-id": [
          "c44e4928-3f1c-4b28-a54d-d73d935a2405"
        ],
        "Accept-Language": [
          "en-US"
        ],
        "User-Agent": [
          "FxVersion/4.6.28207.03",
          "OSName/Windows",
          "OSVersion/Microsoft.Windows.10.0.19044.",
          "Microsoft.Azure.Management.Internal.Resources.ResourceManagementClient/1.3.54"
        ],
        "Content-Type": [
          "application/json; charset=utf-8"
        ],
        "Content-Length": [
          "32"
        ]
      },
      "ResponseHeaders": {
        "Cache-Control": [
          "no-cache"
        ],
        "Pragma": [
          "no-cache"
        ],
        "x-ms-ratelimit-remaining-subscription-writes": [
          "1199"
        ],
        "x-ms-request-id": [
          "48f7a694-2f49-4b2e-a640-0a704f0a8137"
        ],
        "x-ms-correlation-request-id": [
          "48f7a694-2f49-4b2e-a640-0a704f0a8137"
        ],
        "x-ms-routing-request-id": [
          "WESTUS2:20220215T201146Z:48f7a694-2f49-4b2e-a640-0a704f0a8137"
        ],
        "Strict-Transport-Security": [
          "max-age=31536000; includeSubDomains"
        ],
        "X-Content-Type-Options": [
          "nosniff"
        ],
        "Date": [
          "Tue, 15 Feb 2022 20:11:45 GMT"
        ],
        "Content-Length": [
          "202"
        ],
        "Content-Type": [
          "application/json; charset=utf-8"
        ],
        "Expires": [
          "-1"
        ]
      },
      "ResponseBody": "{\r\n  \"id\": \"/subscriptions/259fbb24-9bcd-4cfc-865c-fc33b22fe38a/resourceGroups/CosmosDBResourceGroup15\",\r\n  \"name\": \"CosmosDBResourceGroup15\",\r\n  \"location\": \"centralus\",\r\n  \"properties\": {\r\n    \"provisioningState\": \"Succeeded\"\r\n  }\r\n}",
      "StatusCode": 201
    },
    {
      "RequestUri": "/subscriptions/259fbb24-9bcd-4cfc-865c-fc33b22fe38a/resourceGroups/CosmosDBResourceGroup15/providers/Microsoft.DocumentDB/databaseAccounts/cosmosdb-1215?api-version=2021-11-15-preview",
      "EncodedRequestUri": "L3N1YnNjcmlwdGlvbnMvMjU5ZmJiMjQtOWJjZC00Y2ZjLTg2NWMtZmMzM2IyMmZlMzhhL3Jlc291cmNlR3JvdXBzL0Nvc21vc0RCUmVzb3VyY2VHcm91cDE1L3Byb3ZpZGVycy9NaWNyb3NvZnQuRG9jdW1lbnREQi9kYXRhYmFzZUFjY291bnRzL2Nvc21vc2RiLTEyMTU/YXBpLXZlcnNpb249MjAyMS0xMS0xNS1wcmV2aWV3",
      "RequestMethod": "GET",
      "RequestBody": "",
      "RequestHeaders": {
        "x-ms-client-request-id": [
          "f1702763-cd3a-42c0-9253-a8906896f5c0"
        ],
        "Accept-Language": [
          "en-US"
        ],
        "User-Agent": [
          "FxVersion/4.6.28207.03",
          "OSName/Windows",
          "OSVersion/Microsoft.Windows.10.0.19044.",
          "Microsoft.Azure.Management.CosmosDB.CosmosDBManagementClient/3.4.0.0"
        ]
      },
      "ResponseHeaders": {
        "Cache-Control": [
          "no-cache"
        ],
        "Pragma": [
          "no-cache"
        ],
        "x-ms-failure-cause": [
          "gateway"
        ],
        "x-ms-request-id": [
          "1021f1f7-1fdb-410f-a062-808652265326"
        ],
        "x-ms-correlation-request-id": [
          "1021f1f7-1fdb-410f-a062-808652265326"
        ],
        "x-ms-routing-request-id": [
          "WESTUS2:20220215T201147Z:1021f1f7-1fdb-410f-a062-808652265326"
        ],
        "Strict-Transport-Security": [
          "max-age=31536000; includeSubDomains"
        ],
        "X-Content-Type-Options": [
          "nosniff"
        ],
        "Date": [
          "Tue, 15 Feb 2022 20:11:46 GMT"
        ],
        "Content-Type": [
          "application/json; charset=utf-8"
        ],
        "Expires": [
          "-1"
        ],
        "Content-Length": [
          "246"
        ]
      },
      "ResponseBody": "{\r\n  \"error\": {\r\n    \"code\": \"ResourceNotFound\",\r\n    \"message\": \"The Resource 'Microsoft.DocumentDB/databaseAccounts/cosmosdb-1215' under resource group 'CosmosDBResourceGroup15' was not found. For more details please go to https://aka.ms/ARMResourceNotFoundFix\"\r\n  }\r\n}",
      "StatusCode": 404
    },
    {
      "RequestUri": "/subscriptions/259fbb24-9bcd-4cfc-865c-fc33b22fe38a/resourceGroups/CosmosDBResourceGroup15/providers/Microsoft.DocumentDB/databaseAccounts/cosmosdb-1215?api-version=2021-11-15-preview",
      "EncodedRequestUri": "L3N1YnNjcmlwdGlvbnMvMjU5ZmJiMjQtOWJjZC00Y2ZjLTg2NWMtZmMzM2IyMmZlMzhhL3Jlc291cmNlR3JvdXBzL0Nvc21vc0RCUmVzb3VyY2VHcm91cDE1L3Byb3ZpZGVycy9NaWNyb3NvZnQuRG9jdW1lbnREQi9kYXRhYmFzZUFjY291bnRzL2Nvc21vc2RiLTEyMTU/YXBpLXZlcnNpb249MjAyMS0xMS0xNS1wcmV2aWV3",
      "RequestMethod": "GET",
      "RequestBody": "",
      "RequestHeaders": {
        "x-ms-client-request-id": [
          "f1702763-cd3a-42c0-9253-a8906896f5c0"
        ],
        "User-Agent": [
          "FxVersion/4.6.28207.03",
          "OSName/Windows",
          "OSVersion/Microsoft.Windows.10.0.19044.",
          "Microsoft.Azure.Management.CosmosDB.CosmosDBManagementClient/3.4.0.0"
        ]
      },
      "ResponseHeaders": {
        "Cache-Control": [
          "no-store, no-cache"
        ],
        "Pragma": [
          "no-cache"
        ],
        "Strict-Transport-Security": [
          "max-age=31536000; includeSubDomains"
        ],
        "x-ms-gatewayversion": [
          "version=2.14.0"
        ],
        "Server": [
          "Microsoft-HTTPAPI/2.0"
        ],
        "x-ms-ratelimit-remaining-subscription-reads": [
          "11990"
        ],
        "x-ms-request-id": [
          "95b06914-e9a8-4cb7-b62a-885f41d32ee2"
        ],
        "x-ms-correlation-request-id": [
          "95b06914-e9a8-4cb7-b62a-885f41d32ee2"
        ],
        "x-ms-routing-request-id": [
          "WESTUS2:20220215T201554Z:95b06914-e9a8-4cb7-b62a-885f41d32ee2"
        ],
        "X-Content-Type-Options": [
          "nosniff"
        ],
        "Date": [
          "Tue, 15 Feb 2022 20:15:53 GMT"
        ],
        "Content-Length": [
          "2331"
        ],
        "Content-Type": [
          "application/json"
        ]
      },
      "ResponseBody": "{\r\n  \"id\": \"/subscriptions/259fbb24-9bcd-4cfc-865c-fc33b22fe38a/resourceGroups/CosmosDBResourceGroup15/providers/Microsoft.DocumentDB/databaseAccounts/cosmosdb-1215\",\r\n  \"name\": \"cosmosdb-1215\",\r\n  \"location\": \"Central US\",\r\n  \"type\": \"Microsoft.DocumentDB/databaseAccounts\",\r\n  \"kind\": \"MongoDB\",\r\n  \"tags\": {},\r\n  \"systemData\": {\r\n    \"createdAt\": \"2022-02-15T20:14:58.7169937Z\"\r\n  },\r\n  \"properties\": {\r\n    \"provisioningState\": \"Succeeded\",\r\n    \"documentEndpoint\": \"https://cosmosdb-1215.documents.azure.com:443/\",\r\n    \"mongoEndpoint\": \"https://cosmosdb-1215.mongo.cosmos.azure.com:443/\",\r\n    \"publicNetworkAccess\": \"Enabled\",\r\n    \"enableAutomaticFailover\": false,\r\n    \"enableMultipleWriteLocations\": false,\r\n    \"enablePartitionKeyMonitor\": false,\r\n    \"isVirtualNetworkFilterEnabled\": false,\r\n    \"virtualNetworkRules\": [],\r\n    \"EnabledApiTypes\": \"MongoDB\",\r\n    \"disableKeyBasedMetadataWriteAccess\": false,\r\n    \"enableFreeTier\": false,\r\n    \"enableAnalyticalStorage\": false,\r\n    \"analyticalStorageConfiguration\": {\r\n      \"schemaType\": \"FullFidelity\"\r\n    },\r\n    \"instanceId\": \"86fe9aef-a9fc-4af2-9b1d-4d5cf7d05548\",\r\n    \"createMode\": \"Default\",\r\n    \"databaseAccountOfferType\": \"Standard\",\r\n    \"defaultIdentity\": \"FirstPartyIdentity\",\r\n    \"networkAclBypass\": \"None\",\r\n    \"disableLocalAuth\": false,\r\n    \"consistencyPolicy\": {\r\n      \"defaultConsistencyLevel\": \"Session\",\r\n      \"maxIntervalInSeconds\": 5,\r\n      \"maxStalenessPrefix\": 100\r\n    },\r\n    \"apiProperties\": {\r\n      \"serverVersion\": \"3.6\"\r\n    },\r\n    \"configurationOverrides\": {\r\n      \"EnableBsonSchema\": \"True\"\r\n    },\r\n    \"writeLocations\": [\r\n      {\r\n        \"id\": \"cosmosdb-1215-centralus\",\r\n        \"locationName\": \"Central US\",\r\n        \"documentEndpoint\": \"https://cosmosdb-1215-centralus.documents.azure.com:443/\",\r\n        \"provisioningState\": \"Succeeded\",\r\n        \"failoverPriority\": 0,\r\n        \"isZoneRedundant\": false\r\n      }\r\n    ],\r\n    \"readLocations\": [\r\n      {\r\n        \"id\": \"cosmosdb-1215-centralus\",\r\n        \"locationName\": \"Central US\",\r\n        \"documentEndpoint\": \"https://cosmosdb-1215-centralus.documents.azure.com:443/\",\r\n        \"provisioningState\": \"Succeeded\",\r\n        \"failoverPriority\": 0,\r\n        \"isZoneRedundant\": false\r\n      }\r\n    ],\r\n    \"locations\": [\r\n      {\r\n        \"id\": \"cosmosdb-1215-centralus\",\r\n        \"locationName\": \"Central US\",\r\n        \"documentEndpoint\": \"https://cosmosdb-1215-centralus.documents.azure.com:443/\",\r\n        \"provisioningState\": \"Succeeded\",\r\n        \"failoverPriority\": 0,\r\n        \"isZoneRedundant\": false\r\n      }\r\n    ],\r\n    \"failoverPolicies\": [\r\n      {\r\n        \"id\": \"cosmosdb-1215-centralus\",\r\n        \"locationName\": \"Central US\",\r\n        \"failoverPriority\": 0\r\n      }\r\n    ],\r\n    \"cors\": [],\r\n    \"capabilities\": [\r\n      {\r\n        \"name\": \"EnableMongo\"\r\n      }\r\n    ],\r\n    \"ipRules\": [],\r\n    \"backupPolicy\": {\r\n      \"type\": \"Continuous\"\r\n    },\r\n    \"networkAclBypassResourceIds\": [],\r\n    \"diagnosticLogSettings\": {\r\n      \"enableFullTextQuery\": \"None\"\r\n    }\r\n  },\r\n  \"identity\": {\r\n    \"type\": \"None\"\r\n  }\r\n}",
      "StatusCode": 200
    },
    {
      "RequestUri": "/subscriptions/259fbb24-9bcd-4cfc-865c-fc33b22fe38a/resourceGroups/CosmosDBResourceGroup15/providers/Microsoft.DocumentDB/databaseAccounts/cosmosdb-1215?api-version=2021-11-15-preview",
      "EncodedRequestUri": "L3N1YnNjcmlwdGlvbnMvMjU5ZmJiMjQtOWJjZC00Y2ZjLTg2NWMtZmMzM2IyMmZlMzhhL3Jlc291cmNlR3JvdXBzL0Nvc21vc0RCUmVzb3VyY2VHcm91cDE1L3Byb3ZpZGVycy9NaWNyb3NvZnQuRG9jdW1lbnREQi9kYXRhYmFzZUFjY291bnRzL2Nvc21vc2RiLTEyMTU/YXBpLXZlcnNpb249MjAyMS0xMS0xNS1wcmV2aWV3",
      "RequestMethod": "GET",
      "RequestBody": "",
      "RequestHeaders": {
        "x-ms-client-request-id": [
          "c23c40ae-36ad-4210-b801-4316cffaa05a"
        ],
        "Accept-Language": [
          "en-US"
        ],
        "User-Agent": [
          "FxVersion/4.6.28207.03",
          "OSName/Windows",
          "OSVersion/Microsoft.Windows.10.0.19044.",
          "Microsoft.Azure.Management.CosmosDB.CosmosDBManagementClient/3.4.0.0"
        ]
      },
      "ResponseHeaders": {
        "Cache-Control": [
          "no-store, no-cache"
        ],
        "Pragma": [
          "no-cache"
        ],
        "Strict-Transport-Security": [
          "max-age=31536000; includeSubDomains"
        ],
        "x-ms-gatewayversion": [
          "version=2.14.0"
        ],
        "Server": [
          "Microsoft-HTTPAPI/2.0"
        ],
        "x-ms-ratelimit-remaining-subscription-reads": [
          "11983"
        ],
        "x-ms-request-id": [
          "7c4d437e-3930-4100-90c8-5dcdf8c70402"
        ],
        "x-ms-correlation-request-id": [
          "7c4d437e-3930-4100-90c8-5dcdf8c70402"
        ],
        "x-ms-routing-request-id": [
          "WESTUS2:20220215T201658Z:7c4d437e-3930-4100-90c8-5dcdf8c70402"
        ],
        "X-Content-Type-Options": [
          "nosniff"
        ],
        "Date": [
          "Tue, 15 Feb 2022 20:16:57 GMT"
        ],
        "Content-Length": [
          "2331"
        ],
        "Content-Type": [
          "application/json"
        ]
      },
      "ResponseBody": "{\r\n  \"id\": \"/subscriptions/259fbb24-9bcd-4cfc-865c-fc33b22fe38a/resourceGroups/CosmosDBResourceGroup15/providers/Microsoft.DocumentDB/databaseAccounts/cosmosdb-1215\",\r\n  \"name\": \"cosmosdb-1215\",\r\n  \"location\": \"Central US\",\r\n  \"type\": \"Microsoft.DocumentDB/databaseAccounts\",\r\n  \"kind\": \"MongoDB\",\r\n  \"tags\": {},\r\n  \"systemData\": {\r\n    \"createdAt\": \"2022-02-15T20:14:58.7169937Z\"\r\n  },\r\n  \"properties\": {\r\n    \"provisioningState\": \"Succeeded\",\r\n    \"documentEndpoint\": \"https://cosmosdb-1215.documents.azure.com:443/\",\r\n    \"mongoEndpoint\": \"https://cosmosdb-1215.mongo.cosmos.azure.com:443/\",\r\n    \"publicNetworkAccess\": \"Enabled\",\r\n    \"enableAutomaticFailover\": false,\r\n    \"enableMultipleWriteLocations\": false,\r\n    \"enablePartitionKeyMonitor\": false,\r\n    \"isVirtualNetworkFilterEnabled\": false,\r\n    \"virtualNetworkRules\": [],\r\n    \"EnabledApiTypes\": \"MongoDB\",\r\n    \"disableKeyBasedMetadataWriteAccess\": false,\r\n    \"enableFreeTier\": false,\r\n    \"enableAnalyticalStorage\": false,\r\n    \"analyticalStorageConfiguration\": {\r\n      \"schemaType\": \"FullFidelity\"\r\n    },\r\n    \"instanceId\": \"86fe9aef-a9fc-4af2-9b1d-4d5cf7d05548\",\r\n    \"createMode\": \"Default\",\r\n    \"databaseAccountOfferType\": \"Standard\",\r\n    \"defaultIdentity\": \"FirstPartyIdentity\",\r\n    \"networkAclBypass\": \"None\",\r\n    \"disableLocalAuth\": false,\r\n    \"consistencyPolicy\": {\r\n      \"defaultConsistencyLevel\": \"Session\",\r\n      \"maxIntervalInSeconds\": 5,\r\n      \"maxStalenessPrefix\": 100\r\n    },\r\n    \"apiProperties\": {\r\n      \"serverVersion\": \"3.6\"\r\n    },\r\n    \"configurationOverrides\": {\r\n      \"EnableBsonSchema\": \"True\"\r\n    },\r\n    \"writeLocations\": [\r\n      {\r\n        \"id\": \"cosmosdb-1215-centralus\",\r\n        \"locationName\": \"Central US\",\r\n        \"documentEndpoint\": \"https://cosmosdb-1215-centralus.documents.azure.com:443/\",\r\n        \"provisioningState\": \"Succeeded\",\r\n        \"failoverPriority\": 0,\r\n        \"isZoneRedundant\": false\r\n      }\r\n    ],\r\n    \"readLocations\": [\r\n      {\r\n        \"id\": \"cosmosdb-1215-centralus\",\r\n        \"locationName\": \"Central US\",\r\n        \"documentEndpoint\": \"https://cosmosdb-1215-centralus.documents.azure.com:443/\",\r\n        \"provisioningState\": \"Succeeded\",\r\n        \"failoverPriority\": 0,\r\n        \"isZoneRedundant\": false\r\n      }\r\n    ],\r\n    \"locations\": [\r\n      {\r\n        \"id\": \"cosmosdb-1215-centralus\",\r\n        \"locationName\": \"Central US\",\r\n        \"documentEndpoint\": \"https://cosmosdb-1215-centralus.documents.azure.com:443/\",\r\n        \"provisioningState\": \"Succeeded\",\r\n        \"failoverPriority\": 0,\r\n        \"isZoneRedundant\": false\r\n      }\r\n    ],\r\n    \"failoverPolicies\": [\r\n      {\r\n        \"id\": \"cosmosdb-1215-centralus\",\r\n        \"locationName\": \"Central US\",\r\n        \"failoverPriority\": 0\r\n      }\r\n    ],\r\n    \"cors\": [],\r\n    \"capabilities\": [\r\n      {\r\n        \"name\": \"EnableMongo\"\r\n      }\r\n    ],\r\n    \"ipRules\": [],\r\n    \"backupPolicy\": {\r\n      \"type\": \"Continuous\"\r\n    },\r\n    \"networkAclBypassResourceIds\": [],\r\n    \"diagnosticLogSettings\": {\r\n      \"enableFullTextQuery\": \"None\"\r\n    }\r\n  },\r\n  \"identity\": {\r\n    \"type\": \"None\"\r\n  }\r\n}",
      "StatusCode": 200
    },
    {
      "RequestUri": "/subscriptions/259fbb24-9bcd-4cfc-865c-fc33b22fe38a/resourceGroups/CosmosDBResourceGroup15/providers/Microsoft.DocumentDB/databaseAccounts/cosmosdb-1215?api-version=2021-11-15-preview",
      "EncodedRequestUri": "L3N1YnNjcmlwdGlvbnMvMjU5ZmJiMjQtOWJjZC00Y2ZjLTg2NWMtZmMzM2IyMmZlMzhhL3Jlc291cmNlR3JvdXBzL0Nvc21vc0RCUmVzb3VyY2VHcm91cDE1L3Byb3ZpZGVycy9NaWNyb3NvZnQuRG9jdW1lbnREQi9kYXRhYmFzZUFjY291bnRzL2Nvc21vc2RiLTEyMTU/YXBpLXZlcnNpb249MjAyMS0xMS0xNS1wcmV2aWV3",
      "RequestMethod": "PUT",
      "RequestBody": "{\r\n  \"kind\": \"MongoDB\",\r\n  \"properties\": {\r\n    \"consistencyPolicy\": {\r\n      \"defaultConsistencyLevel\": \"Session\"\r\n    },\r\n    \"locations\": [\r\n      {\r\n        \"locationName\": \"Central US\",\r\n        \"failoverPriority\": 0,\r\n        \"isZoneRedundant\": false\r\n      }\r\n    ],\r\n    \"isVirtualNetworkFilterEnabled\": false,\r\n    \"enableAutomaticFailover\": false,\r\n    \"virtualNetworkRules\": [],\r\n    \"enableMultipleWriteLocations\": false,\r\n    \"disableKeyBasedMetadataWriteAccess\": false,\r\n    \"backupPolicy\": {\r\n      \"type\": \"Continuous\"\r\n    },\r\n    \"networkAclBypassResourceIds\": [],\r\n    \"databaseAccountOfferType\": \"Standard\"\r\n  },\r\n  \"location\": \"Central US\",\r\n  \"tags\": {}\r\n}",
      "RequestHeaders": {
        "x-ms-client-request-id": [
          "f1702763-cd3a-42c0-9253-a8906896f5c0"
        ],
        "Accept-Language": [
          "en-US"
        ],
        "User-Agent": [
          "FxVersion/4.6.28207.03",
          "OSName/Windows",
          "OSVersion/Microsoft.Windows.10.0.19044.",
          "Microsoft.Azure.Management.CosmosDB.CosmosDBManagementClient/3.4.0.0"
        ],
        "Content-Type": [
          "application/json; charset=utf-8"
        ],
        "Content-Length": [
          "678"
        ]
      },
      "ResponseHeaders": {
        "Cache-Control": [
          "no-store, no-cache"
        ],
        "Pragma": [
          "no-cache"
        ],
        "Location": [
          "https://management.azure.com/subscriptions/259fbb24-9bcd-4cfc-865c-fc33b22fe38a/resourceGroups/CosmosDBResourceGroup15/providers/Microsoft.DocumentDB/databaseAccounts/cosmosdb-1215/operationResults/720af7c6-62a9-4f6d-8b5c-b643dd96c853?api-version=2021-11-15-preview"
        ],
        "x-ms-request-id": [
          "720af7c6-62a9-4f6d-8b5c-b643dd96c853"
        ],
        "Azure-AsyncOperation": [
          "https://management.azure.com/subscriptions/259fbb24-9bcd-4cfc-865c-fc33b22fe38a/providers/Microsoft.DocumentDB/locations/centralus/operationsStatus/720af7c6-62a9-4f6d-8b5c-b643dd96c853?api-version=2021-11-15-preview"
        ],
        "Strict-Transport-Security": [
          "max-age=31536000; includeSubDomains"
        ],
        "x-ms-gatewayversion": [
          "version=2.14.0"
        ],
        "Server": [
          "Microsoft-HTTPAPI/2.0"
        ],
        "x-ms-ratelimit-remaining-subscription-writes": [
          "1199"
        ],
        "x-ms-correlation-request-id": [
          "6e3fa308-ba64-4b77-9f87-19c88c06641f"
        ],
        "x-ms-routing-request-id": [
          "WESTUS2:20220215T201153Z:6e3fa308-ba64-4b77-9f87-19c88c06641f"
        ],
        "X-Content-Type-Options": [
          "nosniff"
        ],
        "Date": [
          "Tue, 15 Feb 2022 20:11:53 GMT"
        ],
        "Content-Length": [
          "1914"
        ],
        "Content-Type": [
          "application/json"
        ]
      },
      "ResponseBody": "{\r\n  \"id\": \"/subscriptions/259fbb24-9bcd-4cfc-865c-fc33b22fe38a/resourceGroups/CosmosDBResourceGroup15/providers/Microsoft.DocumentDB/databaseAccounts/cosmosdb-1215\",\r\n  \"name\": \"cosmosdb-1215\",\r\n  \"location\": \"Central US\",\r\n  \"type\": \"Microsoft.DocumentDB/databaseAccounts\",\r\n  \"kind\": \"MongoDB\",\r\n  \"tags\": {},\r\n  \"systemData\": {\r\n    \"createdAt\": \"2022-02-15T20:11:51.4686285Z\"\r\n  },\r\n  \"properties\": {\r\n    \"provisioningState\": \"Creating\",\r\n    \"publicNetworkAccess\": \"Enabled\",\r\n    \"enableAutomaticFailover\": false,\r\n    \"enableMultipleWriteLocations\": false,\r\n    \"enablePartitionKeyMonitor\": false,\r\n    \"isVirtualNetworkFilterEnabled\": false,\r\n    \"virtualNetworkRules\": [],\r\n    \"EnabledApiTypes\": \"MongoDB\",\r\n    \"disableKeyBasedMetadataWriteAccess\": false,\r\n    \"enableFreeTier\": false,\r\n    \"enableAnalyticalStorage\": false,\r\n    \"analyticalStorageConfiguration\": {\r\n      \"schemaType\": \"FullFidelity\"\r\n    },\r\n    \"instanceId\": \"86fe9aef-a9fc-4af2-9b1d-4d5cf7d05548\",\r\n    \"createMode\": \"Default\",\r\n    \"databaseAccountOfferType\": \"Standard\",\r\n    \"defaultIdentity\": \"\",\r\n    \"networkAclBypass\": \"None\",\r\n    \"disableLocalAuth\": false,\r\n    \"consistencyPolicy\": {\r\n      \"defaultConsistencyLevel\": \"Session\",\r\n      \"maxIntervalInSeconds\": 5,\r\n      \"maxStalenessPrefix\": 100\r\n    },\r\n    \"apiProperties\": {\r\n      \"serverVersion\": \"3.6\"\r\n    },\r\n    \"configurationOverrides\": {},\r\n    \"writeLocations\": [\r\n      {\r\n        \"id\": \"cosmosdb-1215-centralus\",\r\n        \"locationName\": \"Central US\",\r\n        \"provisioningState\": \"Creating\",\r\n        \"failoverPriority\": 0,\r\n        \"isZoneRedundant\": false\r\n      }\r\n    ],\r\n    \"readLocations\": [\r\n      {\r\n        \"id\": \"cosmosdb-1215-centralus\",\r\n        \"locationName\": \"Central US\",\r\n        \"provisioningState\": \"Creating\",\r\n        \"failoverPriority\": 0,\r\n        \"isZoneRedundant\": false\r\n      }\r\n    ],\r\n    \"locations\": [\r\n      {\r\n        \"id\": \"cosmosdb-1215-centralus\",\r\n        \"locationName\": \"Central US\",\r\n        \"provisioningState\": \"Creating\",\r\n        \"failoverPriority\": 0,\r\n        \"isZoneRedundant\": false\r\n      }\r\n    ],\r\n    \"failoverPolicies\": [\r\n      {\r\n        \"id\": \"cosmosdb-1215-centralus\",\r\n        \"locationName\": \"Central US\",\r\n        \"failoverPriority\": 0\r\n      }\r\n    ],\r\n    \"cors\": [],\r\n    \"capabilities\": [\r\n      {\r\n        \"name\": \"EnableMongo\"\r\n      }\r\n    ],\r\n    \"ipRules\": [],\r\n    \"backupPolicy\": {\r\n      \"type\": \"Continuous\"\r\n    },\r\n    \"networkAclBypassResourceIds\": [],\r\n    \"diagnosticLogSettings\": {\r\n      \"enableFullTextQuery\": \"None\"\r\n    }\r\n  },\r\n  \"identity\": {\r\n    \"type\": \"None\"\r\n  }\r\n}",
      "StatusCode": 200
    },
    {
      "RequestUri": "/subscriptions/259fbb24-9bcd-4cfc-865c-fc33b22fe38a/providers/Microsoft.DocumentDB/locations/centralus/operationsStatus/720af7c6-62a9-4f6d-8b5c-b643dd96c853?api-version=2021-11-15-preview",
      "EncodedRequestUri": "L3N1YnNjcmlwdGlvbnMvMjU5ZmJiMjQtOWJjZC00Y2ZjLTg2NWMtZmMzM2IyMmZlMzhhL3Byb3ZpZGVycy9NaWNyb3NvZnQuRG9jdW1lbnREQi9sb2NhdGlvbnMvY2VudHJhbHVzL29wZXJhdGlvbnNTdGF0dXMvNzIwYWY3YzYtNjJhOS00ZjZkLThiNWMtYjY0M2RkOTZjODUzP2FwaS12ZXJzaW9uPTIwMjEtMTEtMTUtcHJldmlldw==",
      "RequestMethod": "GET",
      "RequestBody": "",
      "RequestHeaders": {
        "x-ms-client-request-id": [
          "f1702763-cd3a-42c0-9253-a8906896f5c0"
        ],
        "User-Agent": [
          "FxVersion/4.6.28207.03",
          "OSName/Windows",
          "OSVersion/Microsoft.Windows.10.0.19044.",
          "Microsoft.Azure.Management.CosmosDB.CosmosDBManagementClient/3.4.0.0"
        ]
      },
      "ResponseHeaders": {
        "Cache-Control": [
          "no-store, no-cache"
        ],
        "Pragma": [
          "no-cache"
        ],
        "Strict-Transport-Security": [
          "max-age=31536000; includeSubDomains"
        ],
        "x-ms-gatewayversion": [
          "version=2.14.0"
        ],
        "Server": [
          "Microsoft-HTTPAPI/2.0"
        ],
        "x-ms-ratelimit-remaining-subscription-reads": [
          "11998"
        ],
        "x-ms-request-id": [
          "e58ebf6d-0c6f-4065-b111-4cab6f5256c7"
        ],
        "x-ms-correlation-request-id": [
          "e58ebf6d-0c6f-4065-b111-4cab6f5256c7"
        ],
        "x-ms-routing-request-id": [
          "WESTUS2:20220215T201223Z:e58ebf6d-0c6f-4065-b111-4cab6f5256c7"
        ],
        "X-Content-Type-Options": [
          "nosniff"
        ],
        "Date": [
          "Tue, 15 Feb 2022 20:12:22 GMT"
        ],
        "Content-Length": [
          "21"
        ],
        "Content-Type": [
          "application/json"
        ]
      },
      "ResponseBody": "{\r\n  \"status\": \"Dequeued\"\r\n}",
      "StatusCode": 200
    },
    {
      "RequestUri": "/subscriptions/259fbb24-9bcd-4cfc-865c-fc33b22fe38a/providers/Microsoft.DocumentDB/locations/centralus/operationsStatus/720af7c6-62a9-4f6d-8b5c-b643dd96c853?api-version=2021-11-15-preview",
      "EncodedRequestUri": "L3N1YnNjcmlwdGlvbnMvMjU5ZmJiMjQtOWJjZC00Y2ZjLTg2NWMtZmMzM2IyMmZlMzhhL3Byb3ZpZGVycy9NaWNyb3NvZnQuRG9jdW1lbnREQi9sb2NhdGlvbnMvY2VudHJhbHVzL29wZXJhdGlvbnNTdGF0dXMvNzIwYWY3YzYtNjJhOS00ZjZkLThiNWMtYjY0M2RkOTZjODUzP2FwaS12ZXJzaW9uPTIwMjEtMTEtMTUtcHJldmlldw==",
      "RequestMethod": "GET",
      "RequestBody": "",
      "RequestHeaders": {
        "x-ms-client-request-id": [
          "f1702763-cd3a-42c0-9253-a8906896f5c0"
        ],
        "User-Agent": [
          "FxVersion/4.6.28207.03",
          "OSName/Windows",
          "OSVersion/Microsoft.Windows.10.0.19044.",
          "Microsoft.Azure.Management.CosmosDB.CosmosDBManagementClient/3.4.0.0"
        ]
      },
      "ResponseHeaders": {
        "Cache-Control": [
          "no-store, no-cache"
        ],
        "Pragma": [
          "no-cache"
        ],
        "Strict-Transport-Security": [
          "max-age=31536000; includeSubDomains"
        ],
        "x-ms-gatewayversion": [
          "version=2.14.0"
        ],
        "Server": [
          "Microsoft-HTTPAPI/2.0"
        ],
        "x-ms-ratelimit-remaining-subscription-reads": [
          "11997"
        ],
        "x-ms-request-id": [
          "9d813a5e-bb85-4d0c-87c4-94b223ba5875"
        ],
        "x-ms-correlation-request-id": [
          "9d813a5e-bb85-4d0c-87c4-94b223ba5875"
        ],
        "x-ms-routing-request-id": [
          "WESTUS2:20220215T201253Z:9d813a5e-bb85-4d0c-87c4-94b223ba5875"
        ],
        "X-Content-Type-Options": [
          "nosniff"
        ],
        "Date": [
          "Tue, 15 Feb 2022 20:12:52 GMT"
        ],
        "Content-Length": [
          "21"
        ],
        "Content-Type": [
          "application/json"
        ]
      },
      "ResponseBody": "{\r\n  \"status\": \"Dequeued\"\r\n}",
      "StatusCode": 200
    },
    {
      "RequestUri": "/subscriptions/259fbb24-9bcd-4cfc-865c-fc33b22fe38a/providers/Microsoft.DocumentDB/locations/centralus/operationsStatus/720af7c6-62a9-4f6d-8b5c-b643dd96c853?api-version=2021-11-15-preview",
      "EncodedRequestUri": "L3N1YnNjcmlwdGlvbnMvMjU5ZmJiMjQtOWJjZC00Y2ZjLTg2NWMtZmMzM2IyMmZlMzhhL3Byb3ZpZGVycy9NaWNyb3NvZnQuRG9jdW1lbnREQi9sb2NhdGlvbnMvY2VudHJhbHVzL29wZXJhdGlvbnNTdGF0dXMvNzIwYWY3YzYtNjJhOS00ZjZkLThiNWMtYjY0M2RkOTZjODUzP2FwaS12ZXJzaW9uPTIwMjEtMTEtMTUtcHJldmlldw==",
      "RequestMethod": "GET",
      "RequestBody": "",
      "RequestHeaders": {
        "x-ms-client-request-id": [
          "f1702763-cd3a-42c0-9253-a8906896f5c0"
        ],
        "User-Agent": [
          "FxVersion/4.6.28207.03",
          "OSName/Windows",
          "OSVersion/Microsoft.Windows.10.0.19044.",
          "Microsoft.Azure.Management.CosmosDB.CosmosDBManagementClient/3.4.0.0"
        ]
      },
      "ResponseHeaders": {
        "Cache-Control": [
          "no-store, no-cache"
        ],
        "Pragma": [
          "no-cache"
        ],
        "Strict-Transport-Security": [
          "max-age=31536000; includeSubDomains"
        ],
        "x-ms-gatewayversion": [
          "version=2.14.0"
        ],
        "Server": [
          "Microsoft-HTTPAPI/2.0"
        ],
        "x-ms-ratelimit-remaining-subscription-reads": [
          "11996"
        ],
        "x-ms-request-id": [
          "765db1d0-2c48-4c77-b502-7b4354762a3c"
        ],
        "x-ms-correlation-request-id": [
          "765db1d0-2c48-4c77-b502-7b4354762a3c"
        ],
        "x-ms-routing-request-id": [
          "WESTUS2:20220215T201323Z:765db1d0-2c48-4c77-b502-7b4354762a3c"
        ],
        "X-Content-Type-Options": [
          "nosniff"
        ],
        "Date": [
          "Tue, 15 Feb 2022 20:13:23 GMT"
        ],
        "Content-Length": [
          "21"
        ],
        "Content-Type": [
          "application/json"
        ]
      },
      "ResponseBody": "{\r\n  \"status\": \"Dequeued\"\r\n}",
      "StatusCode": 200
    },
    {
      "RequestUri": "/subscriptions/259fbb24-9bcd-4cfc-865c-fc33b22fe38a/providers/Microsoft.DocumentDB/locations/centralus/operationsStatus/720af7c6-62a9-4f6d-8b5c-b643dd96c853?api-version=2021-11-15-preview",
      "EncodedRequestUri": "L3N1YnNjcmlwdGlvbnMvMjU5ZmJiMjQtOWJjZC00Y2ZjLTg2NWMtZmMzM2IyMmZlMzhhL3Byb3ZpZGVycy9NaWNyb3NvZnQuRG9jdW1lbnREQi9sb2NhdGlvbnMvY2VudHJhbHVzL29wZXJhdGlvbnNTdGF0dXMvNzIwYWY3YzYtNjJhOS00ZjZkLThiNWMtYjY0M2RkOTZjODUzP2FwaS12ZXJzaW9uPTIwMjEtMTEtMTUtcHJldmlldw==",
      "RequestMethod": "GET",
      "RequestBody": "",
      "RequestHeaders": {
        "x-ms-client-request-id": [
          "f1702763-cd3a-42c0-9253-a8906896f5c0"
        ],
        "User-Agent": [
          "FxVersion/4.6.28207.03",
          "OSName/Windows",
          "OSVersion/Microsoft.Windows.10.0.19044.",
          "Microsoft.Azure.Management.CosmosDB.CosmosDBManagementClient/3.4.0.0"
        ]
      },
      "ResponseHeaders": {
        "Cache-Control": [
          "no-store, no-cache"
        ],
        "Pragma": [
          "no-cache"
        ],
        "Strict-Transport-Security": [
          "max-age=31536000; includeSubDomains"
        ],
        "x-ms-gatewayversion": [
          "version=2.14.0"
        ],
        "Server": [
          "Microsoft-HTTPAPI/2.0"
        ],
        "x-ms-ratelimit-remaining-subscription-reads": [
          "11995"
        ],
        "x-ms-request-id": [
          "97125587-574e-455d-883b-63bb710b6f8d"
        ],
        "x-ms-correlation-request-id": [
          "97125587-574e-455d-883b-63bb710b6f8d"
        ],
        "x-ms-routing-request-id": [
          "WESTUS2:20220215T201353Z:97125587-574e-455d-883b-63bb710b6f8d"
        ],
        "X-Content-Type-Options": [
          "nosniff"
        ],
        "Date": [
          "Tue, 15 Feb 2022 20:13:53 GMT"
        ],
        "Content-Length": [
          "21"
        ],
        "Content-Type": [
          "application/json"
        ]
      },
      "ResponseBody": "{\r\n  \"status\": \"Dequeued\"\r\n}",
      "StatusCode": 200
    },
    {
      "RequestUri": "/subscriptions/259fbb24-9bcd-4cfc-865c-fc33b22fe38a/providers/Microsoft.DocumentDB/locations/centralus/operationsStatus/720af7c6-62a9-4f6d-8b5c-b643dd96c853?api-version=2021-11-15-preview",
      "EncodedRequestUri": "L3N1YnNjcmlwdGlvbnMvMjU5ZmJiMjQtOWJjZC00Y2ZjLTg2NWMtZmMzM2IyMmZlMzhhL3Byb3ZpZGVycy9NaWNyb3NvZnQuRG9jdW1lbnREQi9sb2NhdGlvbnMvY2VudHJhbHVzL29wZXJhdGlvbnNTdGF0dXMvNzIwYWY3YzYtNjJhOS00ZjZkLThiNWMtYjY0M2RkOTZjODUzP2FwaS12ZXJzaW9uPTIwMjEtMTEtMTUtcHJldmlldw==",
      "RequestMethod": "GET",
      "RequestBody": "",
      "RequestHeaders": {
        "x-ms-client-request-id": [
          "f1702763-cd3a-42c0-9253-a8906896f5c0"
        ],
        "User-Agent": [
          "FxVersion/4.6.28207.03",
          "OSName/Windows",
          "OSVersion/Microsoft.Windows.10.0.19044.",
          "Microsoft.Azure.Management.CosmosDB.CosmosDBManagementClient/3.4.0.0"
        ]
      },
      "ResponseHeaders": {
        "Cache-Control": [
          "no-store, no-cache"
        ],
        "Pragma": [
          "no-cache"
        ],
        "Strict-Transport-Security": [
          "max-age=31536000; includeSubDomains"
        ],
        "x-ms-gatewayversion": [
          "version=2.14.0"
        ],
        "Server": [
          "Microsoft-HTTPAPI/2.0"
        ],
        "x-ms-ratelimit-remaining-subscription-reads": [
          "11994"
        ],
        "x-ms-request-id": [
          "9e043a07-eee8-4952-bec7-0b78d60c6bc1"
        ],
        "x-ms-correlation-request-id": [
          "9e043a07-eee8-4952-bec7-0b78d60c6bc1"
        ],
        "x-ms-routing-request-id": [
          "WESTUS2:20220215T201423Z:9e043a07-eee8-4952-bec7-0b78d60c6bc1"
        ],
        "X-Content-Type-Options": [
          "nosniff"
        ],
        "Date": [
          "Tue, 15 Feb 2022 20:14:23 GMT"
        ],
        "Content-Length": [
          "21"
        ],
        "Content-Type": [
          "application/json"
        ]
      },
      "ResponseBody": "{\r\n  \"status\": \"Dequeued\"\r\n}",
      "StatusCode": 200
    },
    {
      "RequestUri": "/subscriptions/259fbb24-9bcd-4cfc-865c-fc33b22fe38a/providers/Microsoft.DocumentDB/locations/centralus/operationsStatus/720af7c6-62a9-4f6d-8b5c-b643dd96c853?api-version=2021-11-15-preview",
      "EncodedRequestUri": "L3N1YnNjcmlwdGlvbnMvMjU5ZmJiMjQtOWJjZC00Y2ZjLTg2NWMtZmMzM2IyMmZlMzhhL3Byb3ZpZGVycy9NaWNyb3NvZnQuRG9jdW1lbnREQi9sb2NhdGlvbnMvY2VudHJhbHVzL29wZXJhdGlvbnNTdGF0dXMvNzIwYWY3YzYtNjJhOS00ZjZkLThiNWMtYjY0M2RkOTZjODUzP2FwaS12ZXJzaW9uPTIwMjEtMTEtMTUtcHJldmlldw==",
      "RequestMethod": "GET",
      "RequestBody": "",
      "RequestHeaders": {
        "x-ms-client-request-id": [
          "f1702763-cd3a-42c0-9253-a8906896f5c0"
        ],
        "User-Agent": [
          "FxVersion/4.6.28207.03",
          "OSName/Windows",
          "OSVersion/Microsoft.Windows.10.0.19044.",
          "Microsoft.Azure.Management.CosmosDB.CosmosDBManagementClient/3.4.0.0"
        ]
      },
      "ResponseHeaders": {
        "Cache-Control": [
          "no-store, no-cache"
        ],
        "Pragma": [
          "no-cache"
        ],
        "Strict-Transport-Security": [
          "max-age=31536000; includeSubDomains"
        ],
        "x-ms-gatewayversion": [
          "version=2.14.0"
        ],
        "Server": [
          "Microsoft-HTTPAPI/2.0"
        ],
        "x-ms-ratelimit-remaining-subscription-reads": [
          "11993"
        ],
        "x-ms-request-id": [
          "ac6cc4a4-c10d-47b1-b760-1ae3d2f7b99b"
        ],
        "x-ms-correlation-request-id": [
          "ac6cc4a4-c10d-47b1-b760-1ae3d2f7b99b"
        ],
        "x-ms-routing-request-id": [
          "WESTUS2:20220215T201454Z:ac6cc4a4-c10d-47b1-b760-1ae3d2f7b99b"
        ],
        "X-Content-Type-Options": [
          "nosniff"
        ],
        "Date": [
          "Tue, 15 Feb 2022 20:14:54 GMT"
        ],
        "Content-Length": [
          "21"
        ],
        "Content-Type": [
          "application/json"
        ]
      },
      "ResponseBody": "{\r\n  \"status\": \"Dequeued\"\r\n}",
      "StatusCode": 200
    },
    {
      "RequestUri": "/subscriptions/259fbb24-9bcd-4cfc-865c-fc33b22fe38a/providers/Microsoft.DocumentDB/locations/centralus/operationsStatus/720af7c6-62a9-4f6d-8b5c-b643dd96c853?api-version=2021-11-15-preview",
      "EncodedRequestUri": "L3N1YnNjcmlwdGlvbnMvMjU5ZmJiMjQtOWJjZC00Y2ZjLTg2NWMtZmMzM2IyMmZlMzhhL3Byb3ZpZGVycy9NaWNyb3NvZnQuRG9jdW1lbnREQi9sb2NhdGlvbnMvY2VudHJhbHVzL29wZXJhdGlvbnNTdGF0dXMvNzIwYWY3YzYtNjJhOS00ZjZkLThiNWMtYjY0M2RkOTZjODUzP2FwaS12ZXJzaW9uPTIwMjEtMTEtMTUtcHJldmlldw==",
      "RequestMethod": "GET",
      "RequestBody": "",
      "RequestHeaders": {
        "x-ms-client-request-id": [
          "f1702763-cd3a-42c0-9253-a8906896f5c0"
        ],
        "User-Agent": [
          "FxVersion/4.6.28207.03",
          "OSName/Windows",
          "OSVersion/Microsoft.Windows.10.0.19044.",
          "Microsoft.Azure.Management.CosmosDB.CosmosDBManagementClient/3.4.0.0"
        ]
      },
      "ResponseHeaders": {
        "Cache-Control": [
          "no-store, no-cache"
        ],
        "Pragma": [
          "no-cache"
        ],
        "Strict-Transport-Security": [
          "max-age=31536000; includeSubDomains"
        ],
        "x-ms-gatewayversion": [
          "version=2.14.0"
        ],
        "Server": [
          "Microsoft-HTTPAPI/2.0"
        ],
        "x-ms-ratelimit-remaining-subscription-reads": [
          "11992"
        ],
        "x-ms-request-id": [
          "5bbae45c-4ede-4ee6-ad14-938e7f3a0285"
        ],
        "x-ms-correlation-request-id": [
          "5bbae45c-4ede-4ee6-ad14-938e7f3a0285"
        ],
        "x-ms-routing-request-id": [
          "WESTUS2:20220215T201524Z:5bbae45c-4ede-4ee6-ad14-938e7f3a0285"
        ],
        "X-Content-Type-Options": [
          "nosniff"
        ],
        "Date": [
          "Tue, 15 Feb 2022 20:15:24 GMT"
        ],
        "Content-Length": [
          "21"
        ],
        "Content-Type": [
          "application/json"
        ]
      },
      "ResponseBody": "{\r\n  \"status\": \"Dequeued\"\r\n}",
      "StatusCode": 200
    },
    {
      "RequestUri": "/subscriptions/259fbb24-9bcd-4cfc-865c-fc33b22fe38a/providers/Microsoft.DocumentDB/locations/centralus/operationsStatus/720af7c6-62a9-4f6d-8b5c-b643dd96c853?api-version=2021-11-15-preview",
      "EncodedRequestUri": "L3N1YnNjcmlwdGlvbnMvMjU5ZmJiMjQtOWJjZC00Y2ZjLTg2NWMtZmMzM2IyMmZlMzhhL3Byb3ZpZGVycy9NaWNyb3NvZnQuRG9jdW1lbnREQi9sb2NhdGlvbnMvY2VudHJhbHVzL29wZXJhdGlvbnNTdGF0dXMvNzIwYWY3YzYtNjJhOS00ZjZkLThiNWMtYjY0M2RkOTZjODUzP2FwaS12ZXJzaW9uPTIwMjEtMTEtMTUtcHJldmlldw==",
      "RequestMethod": "GET",
      "RequestBody": "",
      "RequestHeaders": {
        "x-ms-client-request-id": [
          "f1702763-cd3a-42c0-9253-a8906896f5c0"
        ],
        "User-Agent": [
          "FxVersion/4.6.28207.03",
          "OSName/Windows",
          "OSVersion/Microsoft.Windows.10.0.19044.",
          "Microsoft.Azure.Management.CosmosDB.CosmosDBManagementClient/3.4.0.0"
        ]
      },
      "ResponseHeaders": {
        "Cache-Control": [
          "no-store, no-cache"
        ],
        "Pragma": [
          "no-cache"
        ],
        "Strict-Transport-Security": [
          "max-age=31536000; includeSubDomains"
        ],
        "x-ms-gatewayversion": [
          "version=2.14.0"
        ],
        "Server": [
          "Microsoft-HTTPAPI/2.0"
        ],
        "x-ms-ratelimit-remaining-subscription-reads": [
          "11991"
        ],
        "x-ms-request-id": [
          "d2f0c07c-9891-4bd4-a23f-fdf92afa23e6"
        ],
        "x-ms-correlation-request-id": [
          "d2f0c07c-9891-4bd4-a23f-fdf92afa23e6"
        ],
        "x-ms-routing-request-id": [
          "WESTUS2:20220215T201554Z:d2f0c07c-9891-4bd4-a23f-fdf92afa23e6"
        ],
        "X-Content-Type-Options": [
          "nosniff"
        ],
        "Date": [
          "Tue, 15 Feb 2022 20:15:53 GMT"
        ],
        "Content-Length": [
          "22"
        ],
        "Content-Type": [
          "application/json"
        ]
      },
      "ResponseBody": "{\r\n  \"status\": \"Succeeded\"\r\n}",
      "StatusCode": 200
    },
    {
      "RequestUri": "/subscriptions/259fbb24-9bcd-4cfc-865c-fc33b22fe38a/resourceGroups/CosmosDBResourceGroup15/providers/Microsoft.DocumentDB/databaseAccounts/cosmosdb-1215/mongodbDatabases/TestDB1?api-version=2021-11-15-preview",
      "EncodedRequestUri": "L3N1YnNjcmlwdGlvbnMvMjU5ZmJiMjQtOWJjZC00Y2ZjLTg2NWMtZmMzM2IyMmZlMzhhL3Jlc291cmNlR3JvdXBzL0Nvc21vc0RCUmVzb3VyY2VHcm91cDE1L3Byb3ZpZGVycy9NaWNyb3NvZnQuRG9jdW1lbnREQi9kYXRhYmFzZUFjY291bnRzL2Nvc21vc2RiLTEyMTUvbW9uZ29kYkRhdGFiYXNlcy9UZXN0REIxP2FwaS12ZXJzaW9uPTIwMjEtMTEtMTUtcHJldmlldw==",
      "RequestMethod": "GET",
      "RequestBody": "",
      "RequestHeaders": {
        "x-ms-client-request-id": [
          "a3fe7f36-22e7-4574-bca7-3fd58abbe200"
        ],
        "Accept-Language": [
          "en-US"
        ],
        "User-Agent": [
          "FxVersion/4.6.28207.03",
          "OSName/Windows",
          "OSVersion/Microsoft.Windows.10.0.19044.",
          "Microsoft.Azure.Management.CosmosDB.CosmosDBManagementClient/3.4.0.0"
        ]
      },
      "ResponseHeaders": {
        "Cache-Control": [
          "no-store, no-cache"
        ],
        "Pragma": [
          "no-cache"
        ],
        "Strict-Transport-Security": [
          "max-age=31536000; includeSubDomains"
        ],
        "x-ms-gatewayversion": [
          "version=2.14.0"
        ],
        "Server": [
          "Microsoft-HTTPAPI/2.0"
        ],
        "x-ms-ratelimit-remaining-subscription-reads": [
          "11989"
        ],
        "x-ms-request-id": [
          "2e8023d6-20cb-47c9-a3cd-34ca5cb881c4"
        ],
        "x-ms-correlation-request-id": [
          "2e8023d6-20cb-47c9-a3cd-34ca5cb881c4"
        ],
        "x-ms-routing-request-id": [
          "WESTUS2:20220215T201555Z:2e8023d6-20cb-47c9-a3cd-34ca5cb881c4"
        ],
        "X-Content-Type-Options": [
          "nosniff"
        ],
        "Date": [
          "Tue, 15 Feb 2022 20:15:54 GMT"
        ],
        "Content-Length": [
          "160"
        ],
        "Content-Type": [
          "application/json"
        ]
      },
      "ResponseBody": "{\r\n  \"code\": \"NotFound\",\r\n  \"message\": \"the database TestDB1 doesn't exist.\\r\\nActivityId: a3fe7f36-22e7-4574-bca7-3fd58abbe200, Microsoft.Azure.Documents.Common/2.14.0\"\r\n}",
      "StatusCode": 404
    },
    {
      "RequestUri": "/subscriptions/259fbb24-9bcd-4cfc-865c-fc33b22fe38a/resourceGroups/CosmosDBResourceGroup15/providers/Microsoft.DocumentDB/databaseAccounts/cosmosdb-1215/mongodbDatabases/TestDB1?api-version=2021-11-15-preview",
      "EncodedRequestUri": "L3N1YnNjcmlwdGlvbnMvMjU5ZmJiMjQtOWJjZC00Y2ZjLTg2NWMtZmMzM2IyMmZlMzhhL3Jlc291cmNlR3JvdXBzL0Nvc21vc0RCUmVzb3VyY2VHcm91cDE1L3Byb3ZpZGVycy9NaWNyb3NvZnQuRG9jdW1lbnREQi9kYXRhYmFzZUFjY291bnRzL2Nvc21vc2RiLTEyMTUvbW9uZ29kYkRhdGFiYXNlcy9UZXN0REIxP2FwaS12ZXJzaW9uPTIwMjEtMTEtMTUtcHJldmlldw==",
      "RequestMethod": "GET",
      "RequestBody": "",
      "RequestHeaders": {
        "x-ms-client-request-id": [
          "a3fe7f36-22e7-4574-bca7-3fd58abbe200"
        ],
        "User-Agent": [
          "FxVersion/4.6.28207.03",
          "OSName/Windows",
          "OSVersion/Microsoft.Windows.10.0.19044.",
          "Microsoft.Azure.Management.CosmosDB.CosmosDBManagementClient/3.4.0.0"
        ]
      },
      "ResponseHeaders": {
        "Cache-Control": [
          "no-store, no-cache"
        ],
        "Pragma": [
          "no-cache"
        ],
        "Strict-Transport-Security": [
          "max-age=31536000; includeSubDomains"
        ],
        "x-ms-gatewayversion": [
          "version=2.14.0"
        ],
        "Server": [
          "Microsoft-HTTPAPI/2.0"
        ],
        "x-ms-ratelimit-remaining-subscription-reads": [
          "11987"
        ],
        "x-ms-request-id": [
          "0d3a81c5-59a1-4857-90bb-ce4c44e0ff76"
        ],
        "x-ms-correlation-request-id": [
          "0d3a81c5-59a1-4857-90bb-ce4c44e0ff76"
        ],
        "x-ms-routing-request-id": [
          "WESTUS2:20220215T201626Z:0d3a81c5-59a1-4857-90bb-ce4c44e0ff76"
        ],
        "X-Content-Type-Options": [
          "nosniff"
        ],
        "Date": [
          "Tue, 15 Feb 2022 20:16:25 GMT"
        ],
        "Content-Length": [
          "310"
        ],
        "Content-Type": [
          "application/json"
        ]
      },
      "ResponseBody": "{\r\n  \"id\": \"/subscriptions/259fbb24-9bcd-4cfc-865c-fc33b22fe38a/resourceGroups/CosmosDBResourceGroup15/providers/Microsoft.DocumentDB/databaseAccounts/cosmosdb-1215/mongodbDatabases/TestDB1\",\r\n  \"type\": \"Microsoft.DocumentDB/databaseAccounts/mongodbDatabases\",\r\n  \"name\": \"TestDB1\",\r\n  \"properties\": {\r\n    \"resource\": {\r\n      \"id\": \"TestDB1\"\r\n    }\r\n  }\r\n}",
      "StatusCode": 200
    },
    {
      "RequestUri": "/subscriptions/259fbb24-9bcd-4cfc-865c-fc33b22fe38a/resourceGroups/CosmosDBResourceGroup15/providers/Microsoft.DocumentDB/databaseAccounts/cosmosdb-1215/mongodbDatabases/TestDB1?api-version=2021-11-15-preview",
      "EncodedRequestUri": "L3N1YnNjcmlwdGlvbnMvMjU5ZmJiMjQtOWJjZC00Y2ZjLTg2NWMtZmMzM2IyMmZlMzhhL3Jlc291cmNlR3JvdXBzL0Nvc21vc0RCUmVzb3VyY2VHcm91cDE1L3Byb3ZpZGVycy9NaWNyb3NvZnQuRG9jdW1lbnREQi9kYXRhYmFzZUFjY291bnRzL2Nvc21vc2RiLTEyMTUvbW9uZ29kYkRhdGFiYXNlcy9UZXN0REIxP2FwaS12ZXJzaW9uPTIwMjEtMTEtMTUtcHJldmlldw==",
      "RequestMethod": "GET",
      "RequestBody": "",
      "RequestHeaders": {
        "x-ms-client-request-id": [
          "c23c40ae-36ad-4210-b801-4316cffaa05a"
        ],
        "Accept-Language": [
          "en-US"
        ],
        "User-Agent": [
          "FxVersion/4.6.28207.03",
          "OSName/Windows",
          "OSVersion/Microsoft.Windows.10.0.19044.",
          "Microsoft.Azure.Management.CosmosDB.CosmosDBManagementClient/3.4.0.0"
        ]
      },
      "ResponseHeaders": {
        "Cache-Control": [
          "no-store, no-cache"
        ],
        "Pragma": [
          "no-cache"
        ],
        "Strict-Transport-Security": [
          "max-age=31536000; includeSubDomains"
        ],
        "x-ms-gatewayversion": [
          "version=2.14.0"
        ],
        "Server": [
          "Microsoft-HTTPAPI/2.0"
        ],
        "x-ms-ratelimit-remaining-subscription-reads": [
          "11982"
        ],
        "x-ms-request-id": [
          "30fb08c7-5c5a-4844-9ed6-4c2a5b8df4b4"
        ],
        "x-ms-correlation-request-id": [
          "30fb08c7-5c5a-4844-9ed6-4c2a5b8df4b4"
        ],
        "x-ms-routing-request-id": [
          "WESTUS2:20220215T201658Z:30fb08c7-5c5a-4844-9ed6-4c2a5b8df4b4"
        ],
        "X-Content-Type-Options": [
          "nosniff"
        ],
        "Date": [
          "Tue, 15 Feb 2022 20:16:57 GMT"
        ],
        "Content-Length": [
          "310"
        ],
        "Content-Type": [
          "application/json"
        ]
      },
      "ResponseBody": "{\r\n  \"id\": \"/subscriptions/259fbb24-9bcd-4cfc-865c-fc33b22fe38a/resourceGroups/CosmosDBResourceGroup15/providers/Microsoft.DocumentDB/databaseAccounts/cosmosdb-1215/mongodbDatabases/TestDB1\",\r\n  \"type\": \"Microsoft.DocumentDB/databaseAccounts/mongodbDatabases\",\r\n  \"name\": \"TestDB1\",\r\n  \"properties\": {\r\n    \"resource\": {\r\n      \"id\": \"TestDB1\"\r\n    }\r\n  }\r\n}",
      "StatusCode": 200
    },
    {
      "RequestUri": "/subscriptions/259fbb24-9bcd-4cfc-865c-fc33b22fe38a/resourceGroups/CosmosDBResourceGroup15/providers/Microsoft.DocumentDB/databaseAccounts/cosmosdb-1215/mongodbDatabases/TestDB1?api-version=2021-11-15-preview",
      "EncodedRequestUri": "L3N1YnNjcmlwdGlvbnMvMjU5ZmJiMjQtOWJjZC00Y2ZjLTg2NWMtZmMzM2IyMmZlMzhhL3Jlc291cmNlR3JvdXBzL0Nvc21vc0RCUmVzb3VyY2VHcm91cDE1L3Byb3ZpZGVycy9NaWNyb3NvZnQuRG9jdW1lbnREQi9kYXRhYmFzZUFjY291bnRzL2Nvc21vc2RiLTEyMTUvbW9uZ29kYkRhdGFiYXNlcy9UZXN0REIxP2FwaS12ZXJzaW9uPTIwMjEtMTEtMTUtcHJldmlldw==",
      "RequestMethod": "PUT",
      "RequestBody": "{\r\n  \"properties\": {\r\n    \"resource\": {\r\n      \"id\": \"TestDB1\"\r\n    },\r\n    \"options\": {}\r\n  }\r\n}",
      "RequestHeaders": {
        "x-ms-client-request-id": [
          "a3fe7f36-22e7-4574-bca7-3fd58abbe200"
        ],
        "Accept-Language": [
          "en-US"
        ],
        "User-Agent": [
          "FxVersion/4.6.28207.03",
          "OSName/Windows",
          "OSVersion/Microsoft.Windows.10.0.19044.",
          "Microsoft.Azure.Management.CosmosDB.CosmosDBManagementClient/3.4.0.0"
        ],
        "Content-Type": [
          "application/json; charset=utf-8"
        ],
        "Content-Length": [
          "97"
        ]
      },
      "ResponseHeaders": {
        "Cache-Control": [
          "no-store, no-cache"
        ],
        "Pragma": [
          "no-cache"
        ],
        "Location": [
          "https://management.azure.com/subscriptions/259fbb24-9bcd-4cfc-865c-fc33b22fe38a/resourceGroups/CosmosDBResourceGroup15/providers/Microsoft.DocumentDB/databaseAccounts/cosmosdb-1215/mongodbDatabases/TestDB1/operationResults/85770306-452a-4b4e-8f67-df8e2c9c1370?api-version=2021-11-15-preview"
        ],
        "Azure-AsyncOperation": [
          "https://management.azure.com/subscriptions/259fbb24-9bcd-4cfc-865c-fc33b22fe38a/providers/Microsoft.DocumentDB/locations/centralus/operationsStatus/85770306-452a-4b4e-8f67-df8e2c9c1370?api-version=2021-11-15-preview"
        ],
        "x-ms-request-id": [
          "85770306-452a-4b4e-8f67-df8e2c9c1370"
        ],
        "Strict-Transport-Security": [
          "max-age=31536000; includeSubDomains"
        ],
        "x-ms-gatewayversion": [
          "version=2.14.0"
        ],
        "Server": [
          "Microsoft-HTTPAPI/2.0"
        ],
        "x-ms-ratelimit-remaining-subscription-writes": [
          "1198"
        ],
        "x-ms-correlation-request-id": [
          "47013bb3-6b0c-4186-96b9-dced80f21246"
        ],
        "x-ms-routing-request-id": [
          "WESTUS2:20220215T201555Z:47013bb3-6b0c-4186-96b9-dced80f21246"
        ],
        "X-Content-Type-Options": [
          "nosniff"
        ],
        "Date": [
          "Tue, 15 Feb 2022 20:15:55 GMT"
        ],
        "Content-Length": [
          "21"
        ],
        "Content-Type": [
          "application/json"
        ]
      },
      "ResponseBody": "{\r\n  \"status\": \"Enqueued\"\r\n}",
      "StatusCode": 202
    },
    {
      "RequestUri": "/subscriptions/259fbb24-9bcd-4cfc-865c-fc33b22fe38a/providers/Microsoft.DocumentDB/locations/centralus/operationsStatus/85770306-452a-4b4e-8f67-df8e2c9c1370?api-version=2021-11-15-preview",
      "EncodedRequestUri": "L3N1YnNjcmlwdGlvbnMvMjU5ZmJiMjQtOWJjZC00Y2ZjLTg2NWMtZmMzM2IyMmZlMzhhL3Byb3ZpZGVycy9NaWNyb3NvZnQuRG9jdW1lbnREQi9sb2NhdGlvbnMvY2VudHJhbHVzL29wZXJhdGlvbnNTdGF0dXMvODU3NzAzMDYtNDUyYS00YjRlLThmNjctZGY4ZTJjOWMxMzcwP2FwaS12ZXJzaW9uPTIwMjEtMTEtMTUtcHJldmlldw==",
      "RequestMethod": "GET",
      "RequestBody": "",
      "RequestHeaders": {
        "x-ms-client-request-id": [
          "a3fe7f36-22e7-4574-bca7-3fd58abbe200"
        ],
        "User-Agent": [
          "FxVersion/4.6.28207.03",
          "OSName/Windows",
          "OSVersion/Microsoft.Windows.10.0.19044.",
          "Microsoft.Azure.Management.CosmosDB.CosmosDBManagementClient/3.4.0.0"
        ]
      },
      "ResponseHeaders": {
        "Cache-Control": [
          "no-store, no-cache"
        ],
        "Pragma": [
          "no-cache"
        ],
        "Strict-Transport-Security": [
          "max-age=31536000; includeSubDomains"
        ],
        "x-ms-gatewayversion": [
          "version=2.14.0"
        ],
        "Server": [
          "Microsoft-HTTPAPI/2.0"
        ],
        "x-ms-ratelimit-remaining-subscription-reads": [
          "11988"
        ],
        "x-ms-request-id": [
          "6c7d69cd-b720-4508-a8a6-f9763c6d87e9"
        ],
        "x-ms-correlation-request-id": [
          "6c7d69cd-b720-4508-a8a6-f9763c6d87e9"
        ],
        "x-ms-routing-request-id": [
          "WESTUS2:20220215T201626Z:6c7d69cd-b720-4508-a8a6-f9763c6d87e9"
        ],
        "X-Content-Type-Options": [
          "nosniff"
        ],
        "Date": [
          "Tue, 15 Feb 2022 20:16:25 GMT"
        ],
        "Content-Length": [
          "22"
        ],
        "Content-Type": [
          "application/json"
        ]
      },
      "ResponseBody": "{\r\n  \"status\": \"Succeeded\"\r\n}",
      "StatusCode": 200
    },
    {
      "RequestUri": "/subscriptions/259fbb24-9bcd-4cfc-865c-fc33b22fe38a/resourceGroups/CosmosDBResourceGroup15/providers/Microsoft.DocumentDB/databaseAccounts/cosmosdb-1215/mongodbDatabases/TestDB1/collections/TestCollectionInDB1?api-version=2021-11-15-preview",
      "EncodedRequestUri": "L3N1YnNjcmlwdGlvbnMvMjU5ZmJiMjQtOWJjZC00Y2ZjLTg2NWMtZmMzM2IyMmZlMzhhL3Jlc291cmNlR3JvdXBzL0Nvc21vc0RCUmVzb3VyY2VHcm91cDE1L3Byb3ZpZGVycy9NaWNyb3NvZnQuRG9jdW1lbnREQi9kYXRhYmFzZUFjY291bnRzL2Nvc21vc2RiLTEyMTUvbW9uZ29kYkRhdGFiYXNlcy9UZXN0REIxL2NvbGxlY3Rpb25zL1Rlc3RDb2xsZWN0aW9uSW5EQjE/YXBpLXZlcnNpb249MjAyMS0xMS0xNS1wcmV2aWV3",
      "RequestMethod": "GET",
      "RequestBody": "",
      "RequestHeaders": {
        "x-ms-client-request-id": [
          "f71d507a-5e79-450c-abc2-e9096128acd6"
        ],
        "Accept-Language": [
          "en-US"
        ],
        "User-Agent": [
          "FxVersion/4.6.28207.03",
          "OSName/Windows",
          "OSVersion/Microsoft.Windows.10.0.19044.",
          "Microsoft.Azure.Management.CosmosDB.CosmosDBManagementClient/3.4.0.0"
        ]
      },
      "ResponseHeaders": {
        "Cache-Control": [
          "no-store, no-cache"
        ],
        "Pragma": [
          "no-cache"
        ],
        "Strict-Transport-Security": [
          "max-age=31536000; includeSubDomains"
        ],
        "x-ms-gatewayversion": [
          "version=2.14.0"
        ],
        "Server": [
          "Microsoft-HTTPAPI/2.0"
        ],
        "x-ms-ratelimit-remaining-subscription-reads": [
          "11986"
        ],
        "x-ms-request-id": [
          "8a2e5dd3-3a45-4c76-9e62-816e2e138c99"
        ],
        "x-ms-correlation-request-id": [
          "8a2e5dd3-3a45-4c76-9e62-816e2e138c99"
        ],
        "x-ms-routing-request-id": [
          "WESTUS2:20220215T201627Z:8a2e5dd3-3a45-4c76-9e62-816e2e138c99"
        ],
        "X-Content-Type-Options": [
          "nosniff"
        ],
        "Date": [
          "Tue, 15 Feb 2022 20:16:26 GMT"
        ],
        "Content-Length": [
          "186"
        ],
        "Content-Type": [
          "application/json"
        ]
      },
      "ResponseBody": "{\r\n  \"code\": \"NotFound\",\r\n  \"message\": \"The collection 'TestDB1'.'TestCollectionInDB1' doesn't exist.\\r\\nActivityId: f71d507a-5e79-450c-abc2-e9096128acd6, Microsoft.Azure.Documents.Common/2.14.0\"\r\n}",
      "StatusCode": 404
    },
    {
      "RequestUri": "/subscriptions/259fbb24-9bcd-4cfc-865c-fc33b22fe38a/resourceGroups/CosmosDBResourceGroup15/providers/Microsoft.DocumentDB/databaseAccounts/cosmosdb-1215/mongodbDatabases/TestDB1/collections/TestCollectionInDB1?api-version=2021-11-15-preview",
      "EncodedRequestUri": "L3N1YnNjcmlwdGlvbnMvMjU5ZmJiMjQtOWJjZC00Y2ZjLTg2NWMtZmMzM2IyMmZlMzhhL3Jlc291cmNlR3JvdXBzL0Nvc21vc0RCUmVzb3VyY2VHcm91cDE1L3Byb3ZpZGVycy9NaWNyb3NvZnQuRG9jdW1lbnREQi9kYXRhYmFzZUFjY291bnRzL2Nvc21vc2RiLTEyMTUvbW9uZ29kYkRhdGFiYXNlcy9UZXN0REIxL2NvbGxlY3Rpb25zL1Rlc3RDb2xsZWN0aW9uSW5EQjE/YXBpLXZlcnNpb249MjAyMS0xMS0xNS1wcmV2aWV3",
      "RequestMethod": "GET",
      "RequestBody": "",
      "RequestHeaders": {
        "x-ms-client-request-id": [
          "f71d507a-5e79-450c-abc2-e9096128acd6"
        ],
        "User-Agent": [
          "FxVersion/4.6.28207.03",
          "OSName/Windows",
          "OSVersion/Microsoft.Windows.10.0.19044.",
          "Microsoft.Azure.Management.CosmosDB.CosmosDBManagementClient/3.4.0.0"
        ]
      },
      "ResponseHeaders": {
        "Cache-Control": [
          "no-store, no-cache"
        ],
        "Pragma": [
          "no-cache"
        ],
        "Strict-Transport-Security": [
          "max-age=31536000; includeSubDomains"
        ],
        "x-ms-gatewayversion": [
          "version=2.14.0"
        ],
        "Server": [
          "Microsoft-HTTPAPI/2.0"
        ],
        "x-ms-ratelimit-remaining-subscription-reads": [
          "11984"
        ],
        "x-ms-request-id": [
          "7d981294-9349-4959-b530-0f9e688bb24d"
        ],
        "x-ms-correlation-request-id": [
          "7d981294-9349-4959-b530-0f9e688bb24d"
        ],
        "x-ms-routing-request-id": [
          "WESTUS2:20220215T201658Z:7d981294-9349-4959-b530-0f9e688bb24d"
        ],
        "X-Content-Type-Options": [
          "nosniff"
        ],
        "Date": [
          "Tue, 15 Feb 2022 20:16:57 GMT"
        ],
        "Content-Length": [
          "451"
        ],
        "Content-Type": [
          "application/json"
        ]
      },
      "ResponseBody": "{\r\n  \"id\": \"/subscriptions/259fbb24-9bcd-4cfc-865c-fc33b22fe38a/resourceGroups/CosmosDBResourceGroup15/providers/Microsoft.DocumentDB/databaseAccounts/cosmosdb-1215/mongodbDatabases/TestDB1/collections/TestCollectionInDB1\",\r\n  \"type\": \"Microsoft.DocumentDB/databaseAccounts/mongodbDatabases/collections\",\r\n  \"name\": \"TestCollectionInDB1\",\r\n  \"properties\": {\r\n    \"resource\": {\r\n      \"id\": \"TestCollectionInDB1\",\r\n      \"shardKey\": {\r\n        \"partitionkey1\": \"Hash\"\r\n      },\r\n      \"indexes\": [\r\n        {\r\n          \"key\": {\r\n            \"keys\": [\r\n              \"_id\"\r\n            ]\r\n          }\r\n        }\r\n      ]\r\n    }\r\n  }\r\n}",
      "StatusCode": 200
    },
    {
      "RequestUri": "/subscriptions/259fbb24-9bcd-4cfc-865c-fc33b22fe38a/resourceGroups/CosmosDBResourceGroup15/providers/Microsoft.DocumentDB/databaseAccounts/cosmosdb-1215/mongodbDatabases/TestDB1/collections/TestCollectionInDB1?api-version=2021-11-15-preview",
      "EncodedRequestUri": "L3N1YnNjcmlwdGlvbnMvMjU5ZmJiMjQtOWJjZC00Y2ZjLTg2NWMtZmMzM2IyMmZlMzhhL3Jlc291cmNlR3JvdXBzL0Nvc21vc0RCUmVzb3VyY2VHcm91cDE1L3Byb3ZpZGVycy9NaWNyb3NvZnQuRG9jdW1lbnREQi9kYXRhYmFzZUFjY291bnRzL2Nvc21vc2RiLTEyMTUvbW9uZ29kYkRhdGFiYXNlcy9UZXN0REIxL2NvbGxlY3Rpb25zL1Rlc3RDb2xsZWN0aW9uSW5EQjE/YXBpLXZlcnNpb249MjAyMS0xMS0xNS1wcmV2aWV3",
      "RequestMethod": "GET",
      "RequestBody": "",
      "RequestHeaders": {
        "x-ms-client-request-id": [
          "c23c40ae-36ad-4210-b801-4316cffaa05a"
        ],
        "Accept-Language": [
          "en-US"
        ],
        "User-Agent": [
          "FxVersion/4.6.28207.03",
          "OSName/Windows",
          "OSVersion/Microsoft.Windows.10.0.19044.",
          "Microsoft.Azure.Management.CosmosDB.CosmosDBManagementClient/3.4.0.0"
        ]
      },
      "ResponseHeaders": {
        "Cache-Control": [
          "no-store, no-cache"
        ],
        "Pragma": [
          "no-cache"
        ],
        "Strict-Transport-Security": [
          "max-age=31536000; includeSubDomains"
        ],
        "x-ms-gatewayversion": [
          "version=2.14.0"
        ],
        "Server": [
          "Microsoft-HTTPAPI/2.0"
        ],
        "x-ms-ratelimit-remaining-subscription-reads": [
          "11981"
        ],
        "x-ms-request-id": [
          "107ff6c8-67ce-4955-946c-b4090bf6375b"
        ],
        "x-ms-correlation-request-id": [
          "107ff6c8-67ce-4955-946c-b4090bf6375b"
        ],
        "x-ms-routing-request-id": [
          "WESTUS2:20220215T201659Z:107ff6c8-67ce-4955-946c-b4090bf6375b"
        ],
        "X-Content-Type-Options": [
          "nosniff"
        ],
        "Date": [
          "Tue, 15 Feb 2022 20:16:58 GMT"
        ],
        "Content-Length": [
          "451"
        ],
        "Content-Type": [
          "application/json"
        ]
      },
      "ResponseBody": "{\r\n  \"id\": \"/subscriptions/259fbb24-9bcd-4cfc-865c-fc33b22fe38a/resourceGroups/CosmosDBResourceGroup15/providers/Microsoft.DocumentDB/databaseAccounts/cosmosdb-1215/mongodbDatabases/TestDB1/collections/TestCollectionInDB1\",\r\n  \"type\": \"Microsoft.DocumentDB/databaseAccounts/mongodbDatabases/collections\",\r\n  \"name\": \"TestCollectionInDB1\",\r\n  \"properties\": {\r\n    \"resource\": {\r\n      \"id\": \"TestCollectionInDB1\",\r\n      \"shardKey\": {\r\n        \"partitionkey1\": \"Hash\"\r\n      },\r\n      \"indexes\": [\r\n        {\r\n          \"key\": {\r\n            \"keys\": [\r\n              \"_id\"\r\n            ]\r\n          }\r\n        }\r\n      ]\r\n    }\r\n  }\r\n}",
      "StatusCode": 200
    },
    {
      "RequestUri": "/subscriptions/259fbb24-9bcd-4cfc-865c-fc33b22fe38a/resourceGroups/CosmosDBResourceGroup15/providers/Microsoft.DocumentDB/databaseAccounts/cosmosdb-1215/mongodbDatabases/TestDB1/collections/TestCollectionInDB1?api-version=2021-11-15-preview",
      "EncodedRequestUri": "L3N1YnNjcmlwdGlvbnMvMjU5ZmJiMjQtOWJjZC00Y2ZjLTg2NWMtZmMzM2IyMmZlMzhhL3Jlc291cmNlR3JvdXBzL0Nvc21vc0RCUmVzb3VyY2VHcm91cDE1L3Byb3ZpZGVycy9NaWNyb3NvZnQuRG9jdW1lbnREQi9kYXRhYmFzZUFjY291bnRzL2Nvc21vc2RiLTEyMTUvbW9uZ29kYkRhdGFiYXNlcy9UZXN0REIxL2NvbGxlY3Rpb25zL1Rlc3RDb2xsZWN0aW9uSW5EQjE/YXBpLXZlcnNpb249MjAyMS0xMS0xNS1wcmV2aWV3",
      "RequestMethod": "PUT",
      "RequestBody": "{\r\n  \"properties\": {\r\n    \"resource\": {\r\n      \"id\": \"TestCollectionInDB1\",\r\n      \"shardKey\": {\r\n        \"partitionkey1\": \"Hash\"\r\n      }\r\n    },\r\n    \"options\": {\r\n      \"throughput\": 10000\r\n    }\r\n  }\r\n}",
      "RequestHeaders": {
        "x-ms-client-request-id": [
          "f71d507a-5e79-450c-abc2-e9096128acd6"
        ],
        "Accept-Language": [
          "en-US"
        ],
        "User-Agent": [
          "FxVersion/4.6.28207.03",
          "OSName/Windows",
          "OSVersion/Microsoft.Windows.10.0.19044.",
          "Microsoft.Azure.Management.CosmosDB.CosmosDBManagementClient/3.4.0.0"
        ],
        "Content-Type": [
          "application/json; charset=utf-8"
        ],
        "Content-Length": [
          "206"
        ]
      },
      "ResponseHeaders": {
        "Cache-Control": [
          "no-store, no-cache"
        ],
        "Pragma": [
          "no-cache"
        ],
        "Location": [
          "https://management.azure.com/subscriptions/259fbb24-9bcd-4cfc-865c-fc33b22fe38a/resourceGroups/CosmosDBResourceGroup15/providers/Microsoft.DocumentDB/databaseAccounts/cosmosdb-1215/mongodbDatabases/TestDB1/collections/TestCollectionInDB1/operationResults/1cdb50a6-bd69-40c1-bd26-a8b9f57f7328?api-version=2021-11-15-preview"
        ],
        "Azure-AsyncOperation": [
          "https://management.azure.com/subscriptions/259fbb24-9bcd-4cfc-865c-fc33b22fe38a/providers/Microsoft.DocumentDB/locations/centralus/operationsStatus/1cdb50a6-bd69-40c1-bd26-a8b9f57f7328?api-version=2021-11-15-preview"
        ],
        "x-ms-request-id": [
          "1cdb50a6-bd69-40c1-bd26-a8b9f57f7328"
        ],
        "Strict-Transport-Security": [
          "max-age=31536000; includeSubDomains"
        ],
        "x-ms-gatewayversion": [
          "version=2.14.0"
        ],
        "Server": [
          "Microsoft-HTTPAPI/2.0"
        ],
        "x-ms-ratelimit-remaining-subscription-writes": [
          "1197"
        ],
        "x-ms-correlation-request-id": [
          "54cdb558-4933-4657-88ef-2bd439349b87"
        ],
        "x-ms-routing-request-id": [
          "WESTUS2:20220215T201627Z:54cdb558-4933-4657-88ef-2bd439349b87"
        ],
        "X-Content-Type-Options": [
          "nosniff"
        ],
        "Date": [
          "Tue, 15 Feb 2022 20:16:26 GMT"
        ],
        "Content-Length": [
          "21"
        ],
        "Content-Type": [
          "application/json"
        ]
      },
      "ResponseBody": "{\r\n  \"status\": \"Enqueued\"\r\n}",
      "StatusCode": 202
    },
    {
      "RequestUri": "/subscriptions/259fbb24-9bcd-4cfc-865c-fc33b22fe38a/providers/Microsoft.DocumentDB/locations/centralus/operationsStatus/1cdb50a6-bd69-40c1-bd26-a8b9f57f7328?api-version=2021-11-15-preview",
      "EncodedRequestUri": "L3N1YnNjcmlwdGlvbnMvMjU5ZmJiMjQtOWJjZC00Y2ZjLTg2NWMtZmMzM2IyMmZlMzhhL3Byb3ZpZGVycy9NaWNyb3NvZnQuRG9jdW1lbnREQi9sb2NhdGlvbnMvY2VudHJhbHVzL29wZXJhdGlvbnNTdGF0dXMvMWNkYjUwYTYtYmQ2OS00MGMxLWJkMjYtYThiOWY1N2Y3MzI4P2FwaS12ZXJzaW9uPTIwMjEtMTEtMTUtcHJldmlldw==",
      "RequestMethod": "GET",
      "RequestBody": "",
      "RequestHeaders": {
        "x-ms-client-request-id": [
          "f71d507a-5e79-450c-abc2-e9096128acd6"
        ],
        "User-Agent": [
          "FxVersion/4.6.28207.03",
          "OSName/Windows",
          "OSVersion/Microsoft.Windows.10.0.19044.",
          "Microsoft.Azure.Management.CosmosDB.CosmosDBManagementClient/3.4.0.0"
        ]
      },
      "ResponseHeaders": {
        "Cache-Control": [
          "no-store, no-cache"
        ],
        "Pragma": [
          "no-cache"
        ],
        "Strict-Transport-Security": [
          "max-age=31536000; includeSubDomains"
        ],
        "x-ms-gatewayversion": [
          "version=2.14.0"
        ],
        "Server": [
          "Microsoft-HTTPAPI/2.0"
        ],
        "x-ms-ratelimit-remaining-subscription-reads": [
          "11985"
        ],
        "x-ms-request-id": [
          "16351943-a29e-46e4-847e-6368236ec713"
        ],
        "x-ms-correlation-request-id": [
          "16351943-a29e-46e4-847e-6368236ec713"
        ],
        "x-ms-routing-request-id": [
          "WESTUS2:20220215T201657Z:16351943-a29e-46e4-847e-6368236ec713"
        ],
        "X-Content-Type-Options": [
          "nosniff"
        ],
        "Date": [
          "Tue, 15 Feb 2022 20:16:56 GMT"
        ],
        "Content-Length": [
          "22"
        ],
        "Content-Type": [
          "application/json"
        ]
      },
      "ResponseBody": "{\r\n  \"status\": \"Succeeded\"\r\n}",
      "StatusCode": 200
    },
    {
      "RequestUri": "/subscriptions/259fbb24-9bcd-4cfc-865c-fc33b22fe38a/resourceGroups/CosmosDBResourceGroup15/providers/Microsoft.DocumentDB/databaseAccounts/cosmosdb-1215/mongodbDatabases/TestDB1/collections/TestCollectionInDB1/retrieveContinuousBackupInformation?api-version=2021-11-15-preview",
      "EncodedRequestUri": "L3N1YnNjcmlwdGlvbnMvMjU5ZmJiMjQtOWJjZC00Y2ZjLTg2NWMtZmMzM2IyMmZlMzhhL3Jlc291cmNlR3JvdXBzL0Nvc21vc0RCUmVzb3VyY2VHcm91cDE1L3Byb3ZpZGVycy9NaWNyb3NvZnQuRG9jdW1lbnREQi9kYXRhYmFzZUFjY291bnRzL2Nvc21vc2RiLTEyMTUvbW9uZ29kYkRhdGFiYXNlcy9UZXN0REIxL2NvbGxlY3Rpb25zL1Rlc3RDb2xsZWN0aW9uSW5EQjEvcmV0cmlldmVDb250aW51b3VzQmFja3VwSW5mb3JtYXRpb24/YXBpLXZlcnNpb249MjAyMS0xMS0xNS1wcmV2aWV3",
      "RequestMethod": "POST",
      "RequestBody": "{\r\n  \"location\": \"Central US\"\r\n}",
      "RequestHeaders": {
        "x-ms-client-request-id": [
          "c23c40ae-36ad-4210-b801-4316cffaa05a"
        ],
        "Accept-Language": [
          "en-US"
        ],
        "User-Agent": [
          "FxVersion/4.6.28207.03",
          "OSName/Windows",
          "OSVersion/Microsoft.Windows.10.0.19044.",
          "Microsoft.Azure.Management.CosmosDB.CosmosDBManagementClient/3.4.0.0"
        ],
        "Content-Type": [
          "application/json; charset=utf-8"
        ],
        "Content-Length": [
          "32"
        ]
      },
      "ResponseHeaders": {
        "Cache-Control": [
          "no-store, no-cache"
        ],
        "Pragma": [
          "no-cache"
        ],
        "Location": [
          "https://management.azure.com/subscriptions/259fbb24-9bcd-4cfc-865c-fc33b22fe38a/resourceGroups/CosmosDBResourceGroup15/providers/Microsoft.DocumentDB/databaseAccounts/cosmosdb-1215/mongodbDatabases/TestDB1/collections/TestCollectionInDB1/retrieveContinuousBackupInformation/operationResults/1b8c06a0-be0a-4140-a1ba-64b72d9b19c8?api-version=2021-11-15-preview"
        ],
        "x-ms-request-id": [
          "1b8c06a0-be0a-4140-a1ba-64b72d9b19c8"
        ],
        "Strict-Transport-Security": [
          "max-age=31536000; includeSubDomains"
        ],
        "x-ms-gatewayversion": [
          "version=2.14.0"
        ],
        "Server": [
          "Microsoft-HTTPAPI/2.0"
        ],
        "x-ms-ratelimit-remaining-subscription-writes": [
          "1199"
        ],
        "x-ms-correlation-request-id": [
          "e11c428b-849a-4635-a5a0-d4fbbf55a318"
        ],
        "x-ms-routing-request-id": [
          "WESTUS2:20220215T201700Z:e11c428b-849a-4635-a5a0-d4fbbf55a318"
        ],
        "X-Content-Type-Options": [
          "nosniff"
        ],
        "Date": [
          "Tue, 15 Feb 2022 20:16:59 GMT"
        ],
        "Content-Length": [
          "21"
        ],
        "Content-Type": [
          "application/json"
        ]
      },
      "ResponseBody": "{\r\n  \"status\": \"Enqueued\"\r\n}",
      "StatusCode": 202
    },
    {
      "RequestUri": "/subscriptions/259fbb24-9bcd-4cfc-865c-fc33b22fe38a/resourceGroups/CosmosDBResourceGroup15/providers/Microsoft.DocumentDB/databaseAccounts/cosmosdb-1215/mongodbDatabases/TestDB1/collections/TestCollectionInDB1/retrieveContinuousBackupInformation/operationResults/1b8c06a0-be0a-4140-a1ba-64b72d9b19c8?api-version=2021-11-15-preview",
      "EncodedRequestUri": "L3N1YnNjcmlwdGlvbnMvMjU5ZmJiMjQtOWJjZC00Y2ZjLTg2NWMtZmMzM2IyMmZlMzhhL3Jlc291cmNlR3JvdXBzL0Nvc21vc0RCUmVzb3VyY2VHcm91cDE1L3Byb3ZpZGVycy9NaWNyb3NvZnQuRG9jdW1lbnREQi9kYXRhYmFzZUFjY291bnRzL2Nvc21vc2RiLTEyMTUvbW9uZ29kYkRhdGFiYXNlcy9UZXN0REIxL2NvbGxlY3Rpb25zL1Rlc3RDb2xsZWN0aW9uSW5EQjEvcmV0cmlldmVDb250aW51b3VzQmFja3VwSW5mb3JtYXRpb24vb3BlcmF0aW9uUmVzdWx0cy8xYjhjMDZhMC1iZTBhLTQxNDAtYTFiYS02NGI3MmQ5YjE5Yzg/YXBpLXZlcnNpb249MjAyMS0xMS0xNS1wcmV2aWV3",
      "RequestMethod": "GET",
      "RequestBody": "",
      "RequestHeaders": {
        "x-ms-client-request-id": [
          "c23c40ae-36ad-4210-b801-4316cffaa05a"
        ],
        "User-Agent": [
          "FxVersion/4.6.28207.03",
          "OSName/Windows",
          "OSVersion/Microsoft.Windows.10.0.19044.",
          "Microsoft.Azure.Management.CosmosDB.CosmosDBManagementClient/3.4.0.0"
        ]
      },
      "ResponseHeaders": {
        "Cache-Control": [
          "no-store, no-cache"
        ],
        "Pragma": [
          "no-cache"
        ],
        "Strict-Transport-Security": [
          "max-age=31536000; includeSubDomains"
        ],
        "x-ms-gatewayversion": [
          "version=2.14.0"
        ],
        "Server": [
          "Microsoft-HTTPAPI/2.0"
        ],
        "x-ms-ratelimit-remaining-subscription-reads": [
          "11980"
        ],
        "x-ms-request-id": [
          "ad2ec27a-4401-41f4-b8e9-9021610b3ab4"
        ],
        "x-ms-correlation-request-id": [
          "ad2ec27a-4401-41f4-b8e9-9021610b3ab4"
        ],
        "x-ms-routing-request-id": [
          "WESTUS2:20220215T201730Z:ad2ec27a-4401-41f4-b8e9-9021610b3ab4"
        ],
        "X-Content-Type-Options": [
          "nosniff"
        ],
        "Date": [
          "Tue, 15 Feb 2022 20:17:30 GMT"
        ],
        "Content-Length": [
          "84"
        ],
        "Content-Type": [
          "application/json"
        ]
      },
      "ResponseBody": "{\r\n  \"continuousBackupInformation\": {\r\n    \"latestRestorableTimestamp\": \"2/15/2022 8:17:05 PM\"\r\n  }\r\n}",
      "StatusCode": 200
    },
    {
      "RequestUri": "/subscriptions/259fbb24-9bcd-4cfc-865c-fc33b22fe38a/resourceGroups/CosmosDBResourceGroup15/providers/Microsoft.DocumentDB/databaseAccounts/cosmosdb-1215/mongodbDatabases/TestDB1/collections/TestCollectionInDB1/retrieveContinuousBackupInformation/operationResults/1b8c06a0-be0a-4140-a1ba-64b72d9b19c8?api-version=2021-11-15-preview",
      "EncodedRequestUri": "L3N1YnNjcmlwdGlvbnMvMjU5ZmJiMjQtOWJjZC00Y2ZjLTg2NWMtZmMzM2IyMmZlMzhhL3Jlc291cmNlR3JvdXBzL0Nvc21vc0RCUmVzb3VyY2VHcm91cDE1L3Byb3ZpZGVycy9NaWNyb3NvZnQuRG9jdW1lbnREQi9kYXRhYmFzZUFjY291bnRzL2Nvc21vc2RiLTEyMTUvbW9uZ29kYkRhdGFiYXNlcy9UZXN0REIxL2NvbGxlY3Rpb25zL1Rlc3RDb2xsZWN0aW9uSW5EQjEvcmV0cmlldmVDb250aW51b3VzQmFja3VwSW5mb3JtYXRpb24vb3BlcmF0aW9uUmVzdWx0cy8xYjhjMDZhMC1iZTBhLTQxNDAtYTFiYS02NGI3MmQ5YjE5Yzg/YXBpLXZlcnNpb249MjAyMS0xMS0xNS1wcmV2aWV3",
      "RequestMethod": "GET",
      "RequestBody": "",
      "RequestHeaders": {
        "x-ms-client-request-id": [
          "c23c40ae-36ad-4210-b801-4316cffaa05a"
        ],
        "User-Agent": [
          "FxVersion/4.6.28207.03",
          "OSName/Windows",
          "OSVersion/Microsoft.Windows.10.0.19044.",
          "Microsoft.Azure.Management.CosmosDB.CosmosDBManagementClient/3.4.0.0"
        ]
      },
      "ResponseHeaders": {
        "Cache-Control": [
          "no-store, no-cache"
        ],
        "Pragma": [
          "no-cache"
        ],
        "Strict-Transport-Security": [
          "max-age=31536000; includeSubDomains"
        ],
        "x-ms-gatewayversion": [
          "version=2.14.0"
        ],
        "Server": [
          "Microsoft-HTTPAPI/2.0"
        ],
        "x-ms-ratelimit-remaining-subscription-reads": [
          "11979"
        ],
        "x-ms-request-id": [
          "bfe00de1-1c57-4ebd-accc-0904e0c999a7"
        ],
        "x-ms-correlation-request-id": [
          "bfe00de1-1c57-4ebd-accc-0904e0c999a7"
        ],
        "x-ms-routing-request-id": [
          "WESTUS2:20220215T201730Z:bfe00de1-1c57-4ebd-accc-0904e0c999a7"
        ],
        "X-Content-Type-Options": [
          "nosniff"
        ],
        "Date": [
          "Tue, 15 Feb 2022 20:17:30 GMT"
        ],
        "Content-Length": [
          "84"
        ],
        "Content-Type": [
          "application/json"
        ]
      },
      "ResponseBody": "{\r\n  \"continuousBackupInformation\": {\r\n    \"latestRestorableTimestamp\": \"2/15/2022 8:17:05 PM\"\r\n  }\r\n}",
      "StatusCode": 200
    }
  ],
  "Names": {},
  "Variables": {
    "SubscriptionId": "259fbb24-9bcd-4cfc-865c-fc33b22fe38a"
  }
}