{
  "Entries": [
    {
      "RequestUri": "/subscriptions/28d194e0-fa92-40ee-b3e7-2e76df62f16b/resourcegroups/ps9175?api-version=2021-04-01",
      "EncodedRequestUri": "L3N1YnNjcmlwdGlvbnMvMjhkMTk0ZTAtZmE5Mi00MGVlLWIzZTctMmU3NmRmNjJmMTZiL3Jlc291cmNlZ3JvdXBzL3BzOTE3NT9hcGktdmVyc2lvbj0yMDIxLTA0LTAx",
      "RequestMethod": "HEAD",
      "RequestHeaders": {
        "Accept-Language": [
          "en-US"
        ],
        "x-ms-client-request-id": [
          "d3d72028-f08d-4e59-bad6-01ddc90d1d93"
        ],
        "User-Agent": [
          "FxVersion/8.0.1525.16413",
          "OSName/Windows",
          "OSVersion/Microsoft.Windows.10.0.26100",
          "Microsoft.Azure.Management.ResourceManager.ResourceManagementClient/3.17.3.0"
        ]
      },
      "RequestBody": "",
      "ResponseHeaders": {
        "Cache-Control": [
          "no-cache"
        ],
        "Pragma": [
          "no-cache"
        ],
        "x-ms-failure-cause": [
          "gateway"
        ],
        "x-ms-ratelimit-remaining-subscription-reads": [
          "249"
        ],
        "x-ms-ratelimit-remaining-subscription-global-reads": [
          "3749"
        ],
        "x-ms-request-id": [
          "87990de7-6917-4119-ae46-c521a7d2ca37"
        ],
        "x-ms-correlation-request-id": [
          "87990de7-6917-4119-ae46-c521a7d2ca37"
        ],
        "x-ms-routing-request-id": [
          "JAPANWEST:20250427T141347Z:87990de7-6917-4119-ae46-c521a7d2ca37"
        ],
        "Strict-Transport-Security": [
          "max-age=31536000; includeSubDomains"
        ],
        "X-Content-Type-Options": [
          "nosniff"
        ],
        "X-Cache": [
          "CONFIG_NOCACHE"
        ],
        "X-MSEdge-Ref": [
          "Ref A: 052F3A51082C4FF2949468C47E6E52CD Ref B: TYO201151002025 Ref C: 2025-04-27T14:13:47Z"
        ],
        "Date": [
          "Sun, 27 Apr 2025 14:13:46 GMT"
        ],
        "Content-Length": [
          "0"
        ],
        "Expires": [
          "-1"
        ],
        "Retry-After": [
          "0"
        ]
      },
      "ResponseBody": "",
      "StatusCode": 404
    },
    {
      "RequestUri": "/subscriptions/28d194e0-fa92-40ee-b3e7-2e76df62f16b/resourcegroups/ps9175?api-version=2021-04-01",
      "EncodedRequestUri": "L3N1YnNjcmlwdGlvbnMvMjhkMTk0ZTAtZmE5Mi00MGVlLWIzZTctMmU3NmRmNjJmMTZiL3Jlc291cmNlZ3JvdXBzL3BzOTE3NT9hcGktdmVyc2lvbj0yMDIxLTA0LTAx",
      "RequestMethod": "HEAD",
      "RequestHeaders": {
        "Accept-Language": [
          "en-US"
        ],
        "x-ms-client-request-id": [
          "438f42d5-c0c4-439f-90ff-3ab77fa5293d"
        ],
        "User-Agent": [
          "FxVersion/8.0.1525.16413",
          "OSName/Windows",
          "OSVersion/Microsoft.Windows.10.0.26100",
          "Microsoft.Azure.Management.ResourceManager.ResourceManagementClient/3.17.3.0"
        ]
      },
      "RequestBody": "",
      "ResponseHeaders": {
        "Cache-Control": [
          "no-cache"
        ],
        "Pragma": [
          "no-cache"
        ],
        "x-ms-ratelimit-remaining-subscription-reads": [
          "249"
        ],
        "x-ms-ratelimit-remaining-subscription-global-reads": [
          "3749"
        ],
        "x-ms-request-id": [
          "4f22af0a-cb95-4b91-9eb9-1aa5bfeb1220"
        ],
        "x-ms-correlation-request-id": [
          "4f22af0a-cb95-4b91-9eb9-1aa5bfeb1220"
        ],
        "x-ms-routing-request-id": [
          "JAPANEAST:20250427T141413Z:4f22af0a-cb95-4b91-9eb9-1aa5bfeb1220"
        ],
        "Strict-Transport-Security": [
          "max-age=31536000; includeSubDomains"
        ],
        "X-Content-Type-Options": [
          "nosniff"
        ],
        "X-Cache": [
          "CONFIG_NOCACHE"
        ],
        "X-MSEdge-Ref": [
          "Ref A: 69E9B6D234FB41F8B78681CE3448BDE5 Ref B: TYO201100117021 Ref C: 2025-04-27T14:14:12Z"
        ],
        "Date": [
          "Sun, 27 Apr 2025 14:14:12 GMT"
        ],
        "Content-Length": [
          "0"
        ],
        "Expires": [
          "-1"
        ],
        "Retry-After": [
          "0"
        ]
      },
      "ResponseBody": "",
      "StatusCode": 204
    },
    {
      "RequestUri": "/subscriptions/28d194e0-fa92-40ee-b3e7-2e76df62f16b/resourcegroups/ps9175?api-version=2021-04-01",
      "EncodedRequestUri": "L3N1YnNjcmlwdGlvbnMvMjhkMTk0ZTAtZmE5Mi00MGVlLWIzZTctMmU3NmRmNjJmMTZiL3Jlc291cmNlZ3JvdXBzL3BzOTE3NT9hcGktdmVyc2lvbj0yMDIxLTA0LTAx",
      "RequestMethod": "PUT",
      "RequestHeaders": {
        "Accept-Language": [
          "en-US"
        ],
        "x-ms-client-request-id": [
          "d3d72028-f08d-4e59-bad6-01ddc90d1d93"
        ],
        "User-Agent": [
          "FxVersion/8.0.1525.16413",
          "OSName/Windows",
          "OSVersion/Microsoft.Windows.10.0.26100",
          "Microsoft.Azure.Management.ResourceManager.ResourceManagementClient/3.17.3.0"
        ],
        "Content-Type": [
          "application/json; charset=utf-8"
        ],
        "Content-Length": [
          "28"
        ]
      },
      "RequestBody": "{\r\n  \"location\": \"eastus\"\r\n}",
      "ResponseHeaders": {
        "Cache-Control": [
          "no-cache"
        ],
        "Pragma": [
          "no-cache"
        ],
        "x-ms-ratelimit-remaining-subscription-writes": [
          "199"
        ],
        "x-ms-ratelimit-remaining-subscription-global-writes": [
          "2999"
        ],
        "x-ms-request-id": [
          "09aaa690-6154-4001-9fdc-6f46a4f9a309"
        ],
        "x-ms-correlation-request-id": [
          "09aaa690-6154-4001-9fdc-6f46a4f9a309"
        ],
        "x-ms-routing-request-id": [
          "JAPANWEST:20250427T141348Z:09aaa690-6154-4001-9fdc-6f46a4f9a309"
        ],
        "Strict-Transport-Security": [
          "max-age=31536000; includeSubDomains"
        ],
        "X-Content-Type-Options": [
          "nosniff"
        ],
        "X-Cache": [
          "CONFIG_NOCACHE"
        ],
        "X-MSEdge-Ref": [
          "Ref A: FAEC08DB9F4A434DA228B460D846B9EA Ref B: TYO201151002025 Ref C: 2025-04-27T14:13:47Z"
        ],
        "Date": [
          "Sun, 27 Apr 2025 14:13:47 GMT"
        ],
        "Content-Length": [
          "209"
        ],
        "Content-Type": [
          "application/json; charset=utf-8"
        ],
        "Expires": [
          "-1"
        ],
        "Retry-After": [
          "0"
        ]
      },
      "ResponseBody": "{\r\n  \"id\": \"/subscriptions/28d194e0-fa92-40ee-b3e7-2e76df62f16b/resourceGroups/ps9175\",\r\n  \"name\": \"ps9175\",\r\n  \"type\": \"Microsoft.Resources/resourceGroups\",\r\n  \"location\": \"eastus\",\r\n  \"properties\": {\r\n    \"provisioningState\": \"Succeeded\"\r\n  }\r\n}",
      "StatusCode": 201
    },
    {
      "RequestUri": "/subscriptions/28d194e0-fa92-40ee-b3e7-2e76df62f16b/providers/Microsoft.Storage?api-version=2021-04-01",
      "EncodedRequestUri": "L3N1YnNjcmlwdGlvbnMvMjhkMTk0ZTAtZmE5Mi00MGVlLWIzZTctMmU3NmRmNjJmMTZiL3Byb3ZpZGVycy9NaWNyb3NvZnQuU3RvcmFnZT9hcGktdmVyc2lvbj0yMDIxLTA0LTAx",
      "RequestMethod": "GET",
      "RequestHeaders": {
        "Accept-Language": [
          "en-US"
        ],
        "x-ms-client-request-id": [
          "0ed528b3-ee32-44b1-afcc-d19b543f6ed3"
        ],
        "User-Agent": [
          "FxVersion/8.0.1525.16413",
          "OSName/Windows",
          "OSVersion/Microsoft.Windows.10.0.26100",
          "Microsoft.Azure.Management.ResourceManager.ResourceManagementClient/3.17.3.0"
        ]
      },
      "RequestBody": "",
      "ResponseHeaders": {
        "Cache-Control": [
          "no-cache"
        ],
        "Pragma": [
          "no-cache"
        ],
        "x-ms-ratelimit-remaining-subscription-reads": [
          "249"
        ],
        "x-ms-ratelimit-remaining-subscription-global-reads": [
          "3749"
        ],
        "x-ms-request-id": [
          "be10e384-4ad2-415b-80e4-582cdef673ae"
        ],
        "x-ms-correlation-request-id": [
          "be10e384-4ad2-415b-80e4-582cdef673ae"
        ],
        "x-ms-routing-request-id": [
          "JAPANEAST:20250427T141349Z:be10e384-4ad2-415b-80e4-582cdef673ae"
        ],
        "Strict-Transport-Security": [
          "max-age=31536000; includeSubDomains"
        ],
        "X-Content-Type-Options": [
          "nosniff"
        ],
        "X-Cache": [
          "CONFIG_NOCACHE"
        ],
        "X-MSEdge-Ref": [
          "Ref A: B549CF5216C64E3DB9E80074A86395BF Ref B: TYO201100113021 Ref C: 2025-04-27T14:13:49Z"
        ],
        "Date": [
          "Sun, 27 Apr 2025 14:13:48 GMT"
        ],
        "Content-Length": [
          "30040"
        ],
        "Content-Type": [
          "application/json; charset=utf-8"
        ],
        "Expires": [
          "-1"
        ],
        "Retry-After": [
          "0"
        ]
      },
      "ResponseBody": "{\r\n  \"id\": \"/subscriptions/28d194e0-fa92-40ee-b3e7-2e76df62f16b/providers/Microsoft.Storage\",\r\n  \"namespace\": \"Microsoft.Storage\",\r\n  \"authorizations\": [\r\n    {\r\n      \"applicationId\": \"7d3471e1-ec8b-4655-92f3-bb331362b5ae\",\r\n      \"roleDefinitionId\": \"8cf61598-1392-4c3a-b244-9f89bf354940\"\r\n    },\r\n    {\r\n      \"applicationId\": \"a6aa9161-5291-40bb-8c5c-923b567bee3b\",\r\n      \"roleDefinitionId\": \"070ab87f-0efc-4423-b18b-756f3bdb0236\"\r\n    },\r\n    {\r\n      \"applicationId\": \"e406a681-f3d4-42a8-90b6-c2b029497af1\"\r\n    },\r\n    {\r\n      \"applicationId\": \"b15f3d14-f6d1-4c0d-93da-d4136c97f006\",\r\n      \"roleDefinitionId\": \"0ab74188-1a8f-4ea1-b132-5496c2919f3a\"\r\n    },\r\n    {\r\n      \"applicationId\": \"69dda2a9-33ca-4ed0-83fb-a9b7b8973ff4\"\r\n    },\r\n    {\r\n      \"applicationId\": \"3a3b6b87-84e2-4ad2-aa37-d76c339371a4\",\r\n      \"roleDefinitionId\": \"a32d4d4f-8a1a-4d3d-bd91-464e5e31cc0e\"\r\n    }\r\n  ],\r\n  \"resourceTypes\": [\r\n    {\r\n      \"resourceType\": \"storageAccounts/reports\",\r\n      \"locations\": [\r\n        \"West US\",\r\n        \"West Europe\",\r\n        \"Southeast Asia\",\r\n        \"North Central US\",\r\n        \"South Central US\",\r\n        \"Central US\",\r\n        \"North Europe\",\r\n        \"Brazil South\",\r\n        \"Australia East\",\r\n        \"Australia Southeast\",\r\n        \"Central India\",\r\n        \"Canada Central\",\r\n        \"West US 2\",\r\n        \"France Central\",\r\n        \"Switzerland North\",\r\n        \"Germany West Central\",\r\n        \"East Asia\",\r\n        \"Qatar Central\",\r\n        \"Mexico Central\",\r\n        \"East US\",\r\n        \"East US 2\",\r\n        \"Japan East\",\r\n        \"Japan West\",\r\n        \"South India\",\r\n        \"West India\",\r\n        \"Canada East\",\r\n        \"West Central US\",\r\n        \"UK South\",\r\n        \"UK West\",\r\n        \"Korea Central\",\r\n        \"Korea South\",\r\n        \"Australia Central\",\r\n        \"South Africa North\",\r\n        \"UAE North\",\r\n        \"Norway East\",\r\n        \"West US 3\",\r\n        \"Sweden Central\",\r\n        \"Poland Central\",\r\n        \"Italy North\",\r\n        \"Israel Central\",\r\n        \"Spain Central\",\r\n        \"Australia Central 2\",\r\n        \"South Africa West\",\r\n        \"UAE Central\",\r\n        \"Switzerland West\",\r\n        \"Germany North\",\r\n        \"Norway West\",\r\n        \"Brazil Southeast\",\r\n        \"New Zealand North\",\r\n        \"Indonesia Central\",\r\n        \"France South\"\r\n      ],\r\n      \"apiVersions\": [\r\n        \"2024-01-01\",\r\n        \"2023-05-01\",\r\n        \"2023-04-01\",\r\n        \"2023-01-01\",\r\n        \"2022-09-01\",\r\n        \"2022-05-01\",\r\n        \"2021-09-01\"\r\n      ],\r\n      \"defaultApiVersion\": \"2023-01-01\",\r\n      \"capabilities\": \"None\"\r\n    },\r\n    {\r\n      \"resourceType\": \"storageAccounts/storageTaskAssignments\",\r\n      \"locations\": [\r\n        \"West US\",\r\n        \"West Europe\",\r\n        \"Southeast Asia\",\r\n        \"North Central US\",\r\n        \"South Central US\",\r\n        \"Central US\",\r\n        \"North Europe\",\r\n        \"Brazil South\",\r\n        \"Australia East\",\r\n        \"Australia Southeast\",\r\n        \"Central India\",\r\n        \"Canada Central\",\r\n        \"West US 2\",\r\n        \"France Central\",\r\n        \"Switzerland North\",\r\n        \"Germany West Central\",\r\n        \"East Asia\",\r\n        \"Qatar Central\",\r\n        \"Mexico Central\",\r\n        \"East US\",\r\n        \"East US 2\",\r\n        \"Japan East\",\r\n        \"Japan West\",\r\n        \"South India\",\r\n        \"West India\",\r\n        \"Canada East\",\r\n        \"West Central US\",\r\n        \"UK South\",\r\n        \"UK West\",\r\n        \"Korea Central\",\r\n        \"Korea South\",\r\n        \"Australia Central\",\r\n        \"South Africa North\",\r\n        \"UAE North\",\r\n        \"Norway East\",\r\n        \"West US 3\",\r\n        \"Sweden Central\",\r\n        \"Poland Central\",\r\n        \"Italy North\",\r\n        \"Israel Central\",\r\n        \"Spain Central\",\r\n        \"Australia Central 2\",\r\n        \"South Africa West\",\r\n        \"UAE Central\",\r\n        \"Switzerland West\",\r\n        \"Germany North\",\r\n        \"Norway West\",\r\n        \"Brazil Southeast\",\r\n        \"New Zealand North\",\r\n        \"Indonesia Central\",\r\n        \"France South\"\r\n      ],\r\n      \"apiVersions\": [\r\n        \"2024-01-01\",\r\n        \"2023-05-01\",\r\n        \"2023-04-01\",\r\n        \"2023-01-01\",\r\n        \"2022-09-01\",\r\n        \"2022-05-01\",\r\n        \"2021-09-01\"\r\n      ],\r\n      \"defaultApiVersion\": \"2023-01-01\",\r\n      \"capabilities\": \"None\"\r\n    },\r\n    {\r\n      \"resourceType\": \"storageAccounts/storageTaskAssignments/reports\",\r\n      \"locations\": [\r\n        \"West US\",\r\n        \"West Europe\",\r\n        \"Southeast Asia\",\r\n        \"North Central US\",\r\n        \"South Central US\",\r\n        \"Central US\",\r\n        \"North Europe\",\r\n        \"Brazil South\",\r\n        \"Australia East\",\r\n        \"Australia Southeast\",\r\n        \"Central India\",\r\n        \"Canada Central\",\r\n        \"West US 2\",\r\n        \"France Central\",\r\n        \"Switzerland North\",\r\n        \"Germany West Central\",\r\n        \"East Asia\",\r\n        \"Qatar Central\",\r\n        \"Mexico Central\",\r\n        \"East US\",\r\n        \"East US 2\",\r\n        \"Japan East\",\r\n        \"Japan West\",\r\n        \"South India\",\r\n        \"West India\",\r\n        \"Canada East\",\r\n        \"West Central US\",\r\n        \"UK South\",\r\n        \"UK West\",\r\n        \"Korea Central\",\r\n        \"Korea South\",\r\n        \"Australia Central\",\r\n        \"South Africa North\",\r\n        \"UAE North\",\r\n        \"Norway East\",\r\n        \"West US 3\",\r\n        \"Sweden Central\",\r\n        \"Poland Central\",\r\n        \"Italy North\",\r\n        \"Israel Central\",\r\n        \"Spain Central\",\r\n        \"Australia Central 2\",\r\n        \"South Africa West\",\r\n        \"UAE Central\",\r\n        \"Switzerland West\",\r\n        \"Germany North\",\r\n        \"Norway West\",\r\n        \"Brazil Southeast\",\r\n        \"New Zealand North\",\r\n        \"Indonesia Central\",\r\n        \"France South\"\r\n      ],\r\n      \"apiVersions\": [\r\n        \"2024-01-01\",\r\n        \"2023-05-01\",\r\n        \"2023-04-01\",\r\n        \"2023-01-01\",\r\n        \"2022-09-01\",\r\n        \"2022-05-01\",\r\n        \"2021-09-01\"\r\n      ],\r\n      \"defaultApiVersion\": \"2023-01-01\",\r\n      \"capabilities\": \"None\"\r\n    },\r\n    {\r\n      \"resourceType\": \"storageAccounts/encryptionScopes\",\r\n      \"locations\": [\r\n        \"East US\",\r\n        \"East US 2\",\r\n        \"West US\",\r\n        \"West Europe\",\r\n        \"East Asia\",\r\n        \"Southeast Asia\",\r\n        \"Japan East\",\r\n        \"Japan West\",\r\n        \"North Central US\",\r\n        \"South Central US\",\r\n        \"Central US\",\r\n        \"North Europe\",\r\n        \"Brazil South\",\r\n        \"Australia East\",\r\n        \"Australia Southeast\",\r\n        \"South India\",\r\n        \"Central India\",\r\n        \"West India\",\r\n        \"Canada East\",\r\n        \"Canada Central\",\r\n        \"West US 2\",\r\n        \"West Central US\",\r\n        \"UK South\",\r\n        \"UK West\",\r\n        \"Korea Central\",\r\n        \"Korea South\",\r\n        \"France Central\",\r\n        \"Australia Central\",\r\n        \"South Africa North\",\r\n        \"UAE North\",\r\n        \"Switzerland North\",\r\n        \"Germany West Central\",\r\n        \"Norway East\",\r\n        \"West US 3\",\r\n        \"Sweden Central\",\r\n        \"Qatar Central\",\r\n        \"Poland Central\",\r\n        \"Italy North\",\r\n        \"Israel Central\",\r\n        \"Mexico Central\",\r\n        \"Spain Central\",\r\n        \"New Zealand North\",\r\n        \"Indonesia Central\"\r\n      ],\r\n      \"apiVersions\": [\r\n        \"2024-01-01\",\r\n        \"2023-05-01\",\r\n        \"2023-04-01\",\r\n        \"2023-01-01\",\r\n        \"2022-09-01\",\r\n        \"2022-05-01\",\r\n        \"2021-09-01\",\r\n        \"2021-08-01\",\r\n        \"2021-06-01\",\r\n        \"2021-05-01\",\r\n        \"2021-04-01\",\r\n        \"2021-02-01\",\r\n        \"2021-01-01\",\r\n        \"2020-08-01-preview\",\r\n        \"2019-06-01\"\r\n      ],\r\n      \"defaultApiVersion\": \"2024-01-01\",\r\n      \"capabilities\": \"None\"\r\n    },\r\n    {\r\n      \"resourceType\": \"deletedAccounts\",\r\n      \"locations\": [\r\n        \"East US\",\r\n        \"East US 2\",\r\n        \"West US\",\r\n        \"West Europe\",\r\n        \"East Asia\",\r\n        \"Southeast Asia\",\r\n        \"Japan East\",\r\n        \"Japan West\",\r\n        \"North Central US\",\r\n        \"South Central US\",\r\n        \"Central US\",\r\n        \"North Europe\",\r\n        \"Brazil South\",\r\n        \"Australia East\",\r\n        \"Australia Southeast\",\r\n        \"South India\",\r\n        \"Central India\",\r\n        \"West India\",\r\n        \"Canada East\",\r\n        \"Canada Central\",\r\n        \"West US 2\",\r\n        \"West Central US\",\r\n        \"UK South\",\r\n        \"UK West\",\r\n        \"Korea Central\",\r\n        \"Korea South\",\r\n        \"France Central\",\r\n        \"Australia Central\",\r\n        \"South Africa North\",\r\n        \"UAE North\",\r\n        \"Switzerland North\",\r\n        \"Germany West Central\",\r\n        \"Norway East\",\r\n        \"West US 3\",\r\n        \"Sweden Central\",\r\n        \"Qatar Central\",\r\n        \"Poland Central\",\r\n        \"Italy North\",\r\n        \"Israel Central\",\r\n        \"Mexico Central\",\r\n        \"Spain Central\",\r\n        \"New Zealand North\",\r\n        \"Indonesia Central\"\r\n      ],\r\n      \"apiVersions\": [\r\n        \"2024-01-01\",\r\n        \"2023-05-01\",\r\n        \"2023-04-01\",\r\n        \"2023-01-01\",\r\n        \"2022-09-01\",\r\n        \"2022-05-01\",\r\n        \"2021-09-01\",\r\n        \"2021-08-01\",\r\n        \"2021-06-01\",\r\n        \"2021-05-01\",\r\n        \"2021-04-01\",\r\n        \"2021-02-01\",\r\n        \"2021-01-01\",\r\n        \"2020-08-01-preview\",\r\n        \"2019-06-01\"\r\n      ],\r\n      \"defaultApiVersion\": \"2024-01-01\",\r\n      \"capabilities\": \"None\"\r\n    },\r\n    {\r\n      \"resourceType\": \"locations/deletedAccounts\",\r\n      \"locations\": [\r\n        \"East US\",\r\n        \"East US 2\",\r\n        \"West US\",\r\n        \"West Europe\",\r\n        \"East Asia\",\r\n        \"Southeast Asia\",\r\n        \"Japan East\",\r\n        \"Japan West\",\r\n        \"North Central US\",\r\n        \"South Central US\",\r\n        \"Central US\",\r\n        \"North Europe\",\r\n        \"Brazil South\",\r\n        \"Australia East\",\r\n        \"Australia Southeast\",\r\n        \"South India\",\r\n        \"Central India\",\r\n        \"West India\",\r\n        \"Canada East\",\r\n        \"Canada Central\",\r\n        \"West US 2\",\r\n        \"West Central US\",\r\n        \"UK South\",\r\n        \"UK West\",\r\n        \"Korea Central\",\r\n        \"Korea South\",\r\n        \"France Central\",\r\n        \"Australia Central\",\r\n        \"South Africa North\",\r\n        \"UAE North\",\r\n        \"Switzerland North\",\r\n        \"Germany West Central\",\r\n        \"Norway East\",\r\n        \"West US 3\",\r\n        \"Sweden Central\",\r\n        \"Qatar Central\",\r\n        \"Poland Central\",\r\n        \"Italy North\",\r\n        \"Israel Central\",\r\n        \"Mexico Central\",\r\n        \"Spain Central\",\r\n        \"New Zealand North\",\r\n        \"Indonesia Central\"\r\n      ],\r\n      \"apiVersions\": [\r\n        \"2024-01-01\",\r\n        \"2023-05-01\",\r\n        \"2023-04-01\",\r\n        \"2023-01-01\",\r\n        \"2022-09-01\",\r\n        \"2022-05-01\",\r\n        \"2021-09-01\",\r\n        \"2021-08-01\",\r\n        \"2021-06-01\",\r\n        \"2021-05-01\",\r\n        \"2021-04-01\",\r\n        \"2021-02-01\",\r\n        \"2021-01-01\",\r\n        \"2020-08-01-preview\",\r\n        \"2019-06-01\"\r\n      ],\r\n      \"defaultApiVersion\": \"2024-01-01\",\r\n      \"capabilities\": \"None\"\r\n    },\r\n    {\r\n      \"resourceType\": \"storageAccounts\",\r\n      \"locations\": [\r\n        \"East US\",\r\n        \"East US 2\",\r\n        \"West US\",\r\n        \"West Europe\",\r\n        \"East Asia\",\r\n        \"Southeast Asia\",\r\n        \"Japan East\",\r\n        \"Japan West\",\r\n        \"North Central US\",\r\n        \"South Central US\",\r\n        \"Central US\",\r\n        \"North Europe\",\r\n        \"Brazil South\",\r\n        \"Australia East\",\r\n        \"Australia Southeast\",\r\n        \"South India\",\r\n        \"Central India\",\r\n        \"West India\",\r\n        \"Canada East\",\r\n        \"Canada Central\",\r\n        \"West US 2\",\r\n        \"West Central US\",\r\n        \"UK South\",\r\n        \"UK West\",\r\n        \"Korea Central\",\r\n        \"Korea South\",\r\n        \"France Central\",\r\n        \"Australia Central\",\r\n        \"South Africa North\",\r\n        \"UAE North\",\r\n        \"Switzerland North\",\r\n        \"Germany West Central\",\r\n        \"Norway East\",\r\n        \"West US 3\",\r\n        \"Sweden Central\",\r\n        \"Qatar Central\",\r\n        \"Poland Central\",\r\n        \"Italy North\",\r\n        \"Israel Central\",\r\n        \"Mexico Central\",\r\n        \"Spain Central\",\r\n        \"New Zealand North\",\r\n        \"Indonesia Central\"\r\n      ],\r\n      \"apiVersions\": [\r\n        \"2024-01-01\",\r\n        \"2023-05-01\",\r\n        \"2023-04-01\",\r\n        \"2023-01-01\",\r\n        \"2022-09-01\",\r\n        \"2022-05-01\",\r\n        \"2021-09-01\",\r\n        \"2021-08-01\",\r\n        \"2021-06-01\",\r\n        \"2021-05-01\",\r\n        \"2021-04-01\",\r\n        \"2021-02-01\",\r\n        \"2021-01-01\",\r\n        \"2020-08-01-preview\",\r\n        \"2019-06-01\",\r\n        \"2019-04-01\",\r\n        \"2018-11-01\",\r\n        \"2018-07-01\",\r\n        \"2018-03-01-preview\",\r\n        \"2018-02-01\",\r\n        \"2017-10-01\",\r\n        \"2017-06-01\",\r\n        \"2016-12-01\",\r\n        \"2016-05-01\",\r\n        \"2016-01-01\",\r\n        \"2015-06-15\",\r\n        \"2015-05-01-preview\"\r\n      ],\r\n      \"defaultApiVersion\": \"2024-01-01\",\r\n      \"apiProfiles\": [\r\n        {\r\n          \"profileVersion\": \"2019-03-01-hybrid\",\r\n          \"apiVersion\": \"2017-10-01\"\r\n        },\r\n        {\r\n          \"profileVersion\": \"2017-03-09-profile\",\r\n          \"apiVersion\": \"2016-01-01\"\r\n        },\r\n        {\r\n          \"profileVersion\": \"2018-03-01-hybrid\",\r\n          \"apiVersion\": \"2016-01-01\"\r\n        },\r\n        {\r\n          \"profileVersion\": \"2018-06-01-profile\",\r\n          \"apiVersion\": \"2017-10-01\"\r\n        }\r\n      ],\r\n      \"zoneMappings\": [\r\n        {\r\n          \"location\": \"Australia East\",\r\n          \"zones\": [\r\n            \"2\",\r\n            \"3\",\r\n            \"1\"\r\n          ]\r\n        },\r\n        {\r\n          \"location\": \"Brazil South\",\r\n          \"zones\": [\r\n            \"2\",\r\n            \"3\",\r\n            \"1\"\r\n          ]\r\n        },\r\n        {\r\n          \"location\": \"Canada Central\",\r\n          \"zones\": [\r\n            \"2\",\r\n            \"3\",\r\n            \"1\"\r\n          ]\r\n        },\r\n        {\r\n          \"location\": \"Central India\",\r\n          \"zones\": [\r\n            \"2\",\r\n            \"3\",\r\n            \"1\"\r\n          ]\r\n        },\r\n        {\r\n          \"location\": \"Central US\",\r\n          \"zones\": [\r\n            \"2\",\r\n            \"3\",\r\n            \"1\"\r\n          ]\r\n        },\r\n        {\r\n          \"location\": \"East Asia\",\r\n          \"zones\": [\r\n            \"2\",\r\n            \"3\",\r\n            \"1\"\r\n          ]\r\n        },\r\n        {\r\n          \"location\": \"East US\",\r\n          \"zones\": [\r\n            \"2\",\r\n            \"3\",\r\n            \"1\"\r\n          ]\r\n        },\r\n        {\r\n          \"location\": \"East US 2\",\r\n          \"zones\": [\r\n            \"2\",\r\n            \"3\",\r\n            \"1\"\r\n          ]\r\n        },\r\n        {\r\n          \"location\": \"France Central\",\r\n          \"zones\": [\r\n            \"2\",\r\n            \"3\",\r\n            \"1\"\r\n          ]\r\n        },\r\n        {\r\n          \"location\": \"Germany West Central\",\r\n          \"zones\": [\r\n            \"2\",\r\n            \"3\",\r\n            \"1\"\r\n          ]\r\n        },\r\n        {\r\n          \"location\": \"Indonesia Central\",\r\n          \"zones\": [\r\n            \"2\",\r\n            \"3\",\r\n            \"1\"\r\n          ]\r\n        },\r\n        {\r\n          \"location\": \"Israel Central\",\r\n          \"zones\": [\r\n            \"2\",\r\n            \"3\",\r\n            \"1\"\r\n          ]\r\n        },\r\n        {\r\n          \"location\": \"Italy North\",\r\n          \"zones\": [\r\n            \"2\",\r\n            \"3\",\r\n            \"1\"\r\n          ]\r\n        },\r\n        {\r\n          \"location\": \"Japan East\",\r\n          \"zones\": [\r\n            \"2\",\r\n            \"3\",\r\n            \"1\"\r\n          ]\r\n        },\r\n        {\r\n          \"location\": \"Japan West\",\r\n          \"zones\": [\r\n            \"2\",\r\n            \"3\",\r\n            \"1\"\r\n          ]\r\n        },\r\n        {\r\n          \"location\": \"Korea Central\",\r\n          \"zones\": [\r\n            \"2\",\r\n            \"3\",\r\n            \"1\"\r\n          ]\r\n        },\r\n        {\r\n          \"location\": \"Mexico Central\",\r\n          \"zones\": [\r\n            \"2\",\r\n            \"3\",\r\n            \"1\"\r\n          ]\r\n        },\r\n        {\r\n          \"location\": \"New Zealand North\",\r\n          \"zones\": [\r\n            \"2\",\r\n            \"3\",\r\n            \"1\"\r\n          ]\r\n        },\r\n        {\r\n          \"location\": \"North Europe\",\r\n          \"zones\": [\r\n            \"2\",\r\n            \"3\",\r\n            \"1\"\r\n          ]\r\n        },\r\n        {\r\n          \"location\": \"Norway East\",\r\n          \"zones\": [\r\n            \"2\",\r\n            \"3\",\r\n            \"1\"\r\n          ]\r\n        },\r\n        {\r\n          \"location\": \"Poland Central\",\r\n          \"zones\": [\r\n            \"2\",\r\n            \"3\",\r\n            \"1\"\r\n          ]\r\n        },\r\n        {\r\n          \"location\": \"Qatar Central\",\r\n          \"zones\": [\r\n            \"2\",\r\n            \"3\",\r\n            \"1\"\r\n          ]\r\n        },\r\n        {\r\n          \"location\": \"South Africa North\",\r\n          \"zones\": [\r\n            \"2\",\r\n            \"3\",\r\n            \"1\"\r\n          ]\r\n        },\r\n        {\r\n          \"location\": \"South Central US\",\r\n          \"zones\": [\r\n            \"2\",\r\n            \"3\",\r\n            \"1\"\r\n          ]\r\n        },\r\n        {\r\n          \"location\": \"Southeast Asia\",\r\n          \"zones\": [\r\n            \"2\",\r\n            \"3\",\r\n            \"1\"\r\n          ]\r\n        },\r\n        {\r\n          \"location\": \"Spain Central\",\r\n          \"zones\": [\r\n            \"2\",\r\n            \"3\",\r\n            \"1\"\r\n          ]\r\n        },\r\n        {\r\n          \"location\": \"Sweden Central\",\r\n          \"zones\": [\r\n            \"2\",\r\n            \"3\",\r\n            \"1\"\r\n          ]\r\n        },\r\n        {\r\n          \"location\": \"Switzerland North\",\r\n          \"zones\": [\r\n            \"2\",\r\n            \"3\",\r\n            \"1\"\r\n          ]\r\n        },\r\n        {\r\n          \"location\": \"UAE North\",\r\n          \"zones\": [\r\n            \"2\",\r\n            \"3\",\r\n            \"1\"\r\n          ]\r\n        },\r\n        {\r\n          \"location\": \"UK South\",\r\n          \"zones\": [\r\n            \"2\",\r\n            \"3\",\r\n            \"1\"\r\n          ]\r\n        },\r\n        {\r\n          \"location\": \"West Europe\",\r\n          \"zones\": [\r\n            \"2\",\r\n            \"3\",\r\n            \"1\"\r\n          ]\r\n        },\r\n        {\r\n          \"location\": \"West US 2\",\r\n          \"zones\": [\r\n            \"2\",\r\n            \"3\",\r\n            \"1\"\r\n          ]\r\n        },\r\n        {\r\n          \"location\": \"West US 3\",\r\n          \"zones\": [\r\n            \"2\",\r\n            \"3\",\r\n            \"1\"\r\n          ]\r\n        }\r\n      ],\r\n      \"capabilities\": \"CrossResourceGroupResourceMove, CrossSubscriptionResourceMove, SystemAssignedResourceIdentity, SupportsTags, SupportsLocation\"\r\n    },\r\n    {\r\n      \"resourceType\": \"storageTasks\",\r\n      \"locations\": [\r\n        \"East US\",\r\n        \"East US 2\",\r\n        \"West US\",\r\n        \"West Europe\",\r\n        \"East Asia\",\r\n        \"Southeast Asia\",\r\n        \"Japan East\",\r\n        \"Japan West\",\r\n        \"North Central US\",\r\n        \"South Central US\",\r\n        \"Central US\",\r\n        \"North Europe\",\r\n        \"Brazil South\",\r\n        \"Australia East\",\r\n        \"Australia Southeast\",\r\n        \"South India\",\r\n        \"Central India\",\r\n        \"West India\",\r\n        \"Canada East\",\r\n        \"Canada Central\",\r\n        \"West US 2\",\r\n        \"West Central US\",\r\n        \"UK South\",\r\n        \"UK West\",\r\n        \"Korea Central\",\r\n        \"Korea South\",\r\n        \"France Central\",\r\n        \"Australia Central\",\r\n        \"South Africa North\",\r\n        \"UAE North\",\r\n        \"Switzerland North\",\r\n        \"Germany West Central\",\r\n        \"Norway East\",\r\n        \"West US 3\",\r\n        \"Sweden Central\",\r\n        \"Qatar Central\",\r\n        \"Poland Central\",\r\n        \"Italy North\",\r\n        \"Israel Central\",\r\n        \"Mexico Central\",\r\n        \"Spain Central\",\r\n        \"New Zealand North\",\r\n        \"Indonesia Central\"\r\n      ],\r\n      \"apiVersions\": [\r\n        \"2024-01-01\",\r\n        \"2023-05-01\",\r\n        \"2023-04-01\",\r\n        \"2023-01-01\",\r\n        \"2022-09-01\",\r\n        \"2022-05-01\",\r\n        \"2021-09-01\"\r\n      ],\r\n      \"defaultApiVersion\": \"2024-01-01\",\r\n      \"capabilities\": \"SystemAssignedResourceIdentity, SupportsTags, SupportsLocation\"\r\n    },\r\n    {\r\n      \"resourceType\": \"operations\",\r\n      \"locations\": [\r\n        \"East US\",\r\n        \"East US 2\",\r\n        \"West US\",\r\n        \"West Europe\",\r\n        \"East Asia\",\r\n        \"Southeast Asia\",\r\n        \"Japan East\",\r\n        \"Japan West\",\r\n        \"North Central US\",\r\n        \"South Central US\",\r\n        \"Central US\",\r\n        \"North Europe\",\r\n        \"Brazil South\",\r\n        \"Australia East\",\r\n        \"Australia Southeast\",\r\n        \"South India\",\r\n        \"Central India\",\r\n        \"West India\",\r\n        \"Canada East\",\r\n        \"Canada Central\",\r\n        \"West US 2\",\r\n        \"West Central US\",\r\n        \"UK South\",\r\n        \"UK West\",\r\n        \"Korea Central\",\r\n        \"Korea South\",\r\n        \"France Central\",\r\n        \"Australia Central\",\r\n        \"South Africa North\",\r\n        \"UAE North\",\r\n        \"Switzerland North\",\r\n        \"Germany West Central\",\r\n        \"West US 3\",\r\n        \"Sweden Central\",\r\n        \"Qatar Central\",\r\n        \"Poland Central\",\r\n        \"Italy North\",\r\n        \"Israel Central\",\r\n        \"Mexico Central\",\r\n        \"Spain Central\",\r\n        \"New Zealand North\",\r\n        \"Indonesia Central\"\r\n      ],\r\n      \"apiVersions\": [\r\n        \"2024-01-01\",\r\n        \"2023-05-01\",\r\n        \"2023-04-01\",\r\n        \"2023-01-01\",\r\n        \"2022-09-01\",\r\n        \"2022-05-01\",\r\n        \"2021-09-01\",\r\n        \"2021-08-01\",\r\n        \"2021-06-01\",\r\n        \"2021-05-01\",\r\n        \"2021-04-01\",\r\n        \"2021-02-01\",\r\n        \"2021-01-01\",\r\n        \"2020-08-01-preview\",\r\n        \"2019-06-01\",\r\n        \"2019-04-01\",\r\n        \"2018-11-01\",\r\n        \"2018-07-01\",\r\n        \"2018-03-01-preview\",\r\n        \"2018-02-01\",\r\n        \"2017-10-01\",\r\n        \"2017-06-01\",\r\n        \"2016-12-01\",\r\n        \"2016-05-01\",\r\n        \"2016-01-01\",\r\n        \"2015-06-15\",\r\n        \"2015-05-01-preview\"\r\n      ],\r\n      \"defaultApiVersion\": \"2024-01-01\",\r\n      \"apiProfiles\": [\r\n        {\r\n          \"profileVersion\": \"2019-03-01-hybrid\",\r\n          \"apiVersion\": \"2017-10-01\"\r\n        },\r\n        {\r\n          \"profileVersion\": \"2017-03-09-profile\",\r\n          \"apiVersion\": \"2016-01-01\"\r\n        },\r\n        {\r\n          \"profileVersion\": \"2018-03-01-hybrid\",\r\n          \"apiVersion\": \"2016-01-01\"\r\n        },\r\n        {\r\n          \"profileVersion\": \"2018-06-01-profile\",\r\n          \"apiVersion\": \"2017-10-01\"\r\n        }\r\n      ],\r\n      \"capabilities\": \"None\"\r\n    },\r\n    {\r\n      \"resourceType\": \"locations/asyncoperations\",\r\n      \"locations\": [\r\n        \"East US\",\r\n        \"East US 2\",\r\n        \"West US\",\r\n        \"West Europe\",\r\n        \"East Asia\",\r\n        \"Southeast Asia\",\r\n        \"Japan East\",\r\n        \"Japan West\",\r\n        \"North Central US\",\r\n        \"South Central US\",\r\n        \"Central US\",\r\n        \"North Europe\",\r\n        \"Brazil South\",\r\n        \"Australia East\",\r\n        \"Australia Southeast\",\r\n        \"South India\",\r\n        \"Central India\",\r\n        \"West India\",\r\n        \"Canada East\",\r\n        \"Canada Central\",\r\n        \"West US 2\",\r\n        \"West Central US\",\r\n        \"UK South\",\r\n        \"UK West\",\r\n        \"Korea Central\",\r\n        \"Korea South\",\r\n        \"France Central\",\r\n        \"Australia Central\",\r\n        \"South Africa North\",\r\n        \"UAE North\",\r\n        \"Switzerland North\",\r\n        \"Germany West Central\",\r\n        \"Norway East\",\r\n        \"West US 3\",\r\n        \"Sweden Central\",\r\n        \"Qatar Central\",\r\n        \"Poland Central\",\r\n        \"Italy North\",\r\n        \"Israel Central\",\r\n        \"Mexico Central\",\r\n        \"Spain Central\",\r\n        \"New Zealand North\",\r\n        \"Indonesia Central\"\r\n      ],\r\n      \"apiVersions\": [\r\n        \"2024-01-01\",\r\n        \"2023-05-01\",\r\n        \"2023-04-01\",\r\n        \"2023-01-01\",\r\n        \"2022-09-01\",\r\n        \"2022-05-01\",\r\n        \"2021-09-01\",\r\n        \"2021-08-01\",\r\n        \"2021-06-01\",\r\n        \"2021-05-01\",\r\n        \"2021-04-01\",\r\n        \"2021-02-01\",\r\n        \"2021-01-01\",\r\n        \"2020-08-01-preview\",\r\n        \"2019-06-01\",\r\n        \"2019-04-01\",\r\n        \"2018-11-01\",\r\n        \"2018-07-01\",\r\n        \"2018-03-01-preview\",\r\n        \"2018-02-01\",\r\n        \"2017-10-01\",\r\n        \"2017-06-01\",\r\n        \"2016-12-01\",\r\n        \"2016-05-01\",\r\n        \"2016-01-01\",\r\n        \"2015-06-15\",\r\n        \"2015-05-01-preview\"\r\n      ],\r\n      \"defaultApiVersion\": \"2024-01-01\",\r\n      \"apiProfiles\": [\r\n        {\r\n          \"profileVersion\": \"2017-03-09-profile\",\r\n          \"apiVersion\": \"2016-01-01\"\r\n        },\r\n        {\r\n          \"profileVersion\": \"2018-03-01-hybrid\",\r\n          \"apiVersion\": \"2016-01-01\"\r\n        }\r\n      ],\r\n      \"capabilities\": \"None\"\r\n    },\r\n    {\r\n      \"resourceType\": \"storageAccounts/listAccountSas\",\r\n      \"locations\": [\r\n        \"East US\",\r\n        \"East US 2\",\r\n        \"West US\",\r\n        \"West Europe\",\r\n        \"East Asia\",\r\n        \"Southeast Asia\",\r\n        \"Japan East\",\r\n        \"Japan West\",\r\n        \"North Central US\",\r\n        \"South Central US\",\r\n        \"Central US\",\r\n        \"North Europe\",\r\n        \"Brazil South\",\r\n        \"Australia East\",\r\n        \"Australia Southeast\",\r\n        \"South India\",\r\n        \"Central India\",\r\n        \"West India\",\r\n        \"Canada East\",\r\n        \"Canada Central\",\r\n        \"West US 2\",\r\n        \"West Central US\",\r\n        \"UK South\",\r\n        \"UK West\",\r\n        \"Korea Central\",\r\n        \"Korea South\",\r\n        \"France Central\",\r\n        \"Australia Central\",\r\n        \"South Africa North\",\r\n        \"UAE North\",\r\n        \"Switzerland North\",\r\n        \"Germany West Central\",\r\n        \"Norway East\",\r\n        \"West US 3\",\r\n        \"Sweden Central\",\r\n        \"Qatar Central\",\r\n        \"Poland Central\",\r\n        \"Italy North\",\r\n        \"Israel Central\",\r\n        \"Mexico Central\",\r\n        \"Spain Central\",\r\n        \"New Zealand North\",\r\n        \"Indonesia Central\"\r\n      ],\r\n      \"apiVersions\": [\r\n        \"2024-01-01\",\r\n        \"2023-05-01\",\r\n        \"2023-04-01\",\r\n        \"2023-01-01\",\r\n        \"2022-09-01\",\r\n        \"2022-05-01\",\r\n        \"2021-09-01\",\r\n        \"2021-08-01\",\r\n        \"2021-06-01\",\r\n        \"2021-05-01\",\r\n        \"2021-04-01\",\r\n        \"2021-02-01\",\r\n        \"2021-01-01\",\r\n        \"2020-08-01-preview\",\r\n        \"2019-06-01\",\r\n        \"2019-04-01\",\r\n        \"2018-11-01\",\r\n        \"2018-07-01\",\r\n        \"2018-03-01-preview\",\r\n        \"2018-02-01\",\r\n        \"2017-10-01\",\r\n        \"2017-06-01\",\r\n        \"2016-12-01\",\r\n        \"2016-05-01\"\r\n      ],\r\n      \"defaultApiVersion\": \"2024-01-01\",\r\n      \"apiProfiles\": [\r\n        {\r\n          \"profileVersion\": \"2018-06-01-profile\",\r\n          \"apiVersion\": \"2017-10-01\"\r\n        }\r\n      ],\r\n      \"capabilities\": \"None\"\r\n    },\r\n    {\r\n      \"resourceType\": \"storageAccounts/listServiceSas\",\r\n      \"locations\": [\r\n        \"East US\",\r\n        \"East US 2\",\r\n        \"West US\",\r\n        \"West Europe\",\r\n        \"East Asia\",\r\n        \"Southeast Asia\",\r\n        \"Japan East\",\r\n        \"Japan West\",\r\n        \"North Central US\",\r\n        \"South Central US\",\r\n        \"Central US\",\r\n        \"North Europe\",\r\n        \"Brazil South\",\r\n        \"Australia East\",\r\n        \"Australia Southeast\",\r\n        \"South India\",\r\n        \"Central India\",\r\n        \"West India\",\r\n        \"Canada East\",\r\n        \"Canada Central\",\r\n        \"West US 2\",\r\n        \"West Central US\",\r\n        \"UK South\",\r\n        \"UK West\",\r\n        \"Korea Central\",\r\n        \"Korea South\",\r\n        \"France Central\",\r\n        \"Australia Central\",\r\n        \"South Africa North\",\r\n        \"UAE North\",\r\n        \"Switzerland North\",\r\n        \"Germany West Central\",\r\n        \"Norway East\",\r\n        \"West US 3\",\r\n        \"Sweden Central\",\r\n        \"Qatar Central\",\r\n        \"Poland Central\",\r\n        \"Italy North\",\r\n        \"Israel Central\",\r\n        \"Mexico Central\",\r\n        \"Spain Central\",\r\n        \"New Zealand North\",\r\n        \"Indonesia Central\"\r\n      ],\r\n      \"apiVersions\": [\r\n        \"2024-01-01\",\r\n        \"2023-05-01\",\r\n        \"2023-04-01\",\r\n        \"2023-01-01\",\r\n        \"2022-09-01\",\r\n        \"2022-05-01\",\r\n        \"2021-09-01\",\r\n        \"2021-08-01\",\r\n        \"2021-06-01\",\r\n        \"2021-05-01\",\r\n        \"2021-04-01\",\r\n        \"2021-02-01\",\r\n        \"2021-01-01\",\r\n        \"2020-08-01-preview\",\r\n        \"2019-06-01\",\r\n        \"2019-04-01\",\r\n        \"2018-11-01\",\r\n        \"2018-07-01\",\r\n        \"2018-03-01-preview\",\r\n        \"2018-02-01\",\r\n        \"2017-10-01\",\r\n        \"2017-06-01\",\r\n        \"2016-12-01\",\r\n        \"2016-05-01\"\r\n      ],\r\n      \"defaultApiVersion\": \"2024-01-01\",\r\n      \"apiProfiles\": [\r\n        {\r\n          \"profileVersion\": \"2018-06-01-profile\",\r\n          \"apiVersion\": \"2017-10-01\"\r\n        }\r\n      ],\r\n      \"capabilities\": \"None\"\r\n    },\r\n    {\r\n      \"resourceType\": \"storageAccounts/blobServices\",\r\n      \"locations\": [\r\n        \"East US\",\r\n        \"East US 2\",\r\n        \"West US\",\r\n        \"West Europe\",\r\n        \"East Asia\",\r\n        \"Southeast Asia\",\r\n        \"Japan East\",\r\n        \"Japan West\",\r\n        \"North Central US\",\r\n        \"South Central US\",\r\n        \"Central US\",\r\n        \"North Europe\",\r\n        \"Brazil South\",\r\n        \"Australia East\",\r\n        \"Australia Southeast\",\r\n        \"South India\",\r\n        \"Central India\",\r\n        \"West India\",\r\n        \"Canada East\",\r\n        \"Canada Central\",\r\n        \"West US 2\",\r\n        \"West Central US\",\r\n        \"UK South\",\r\n        \"UK West\",\r\n        \"Korea Central\",\r\n        \"Korea South\",\r\n        \"France Central\",\r\n        \"Australia Central\",\r\n        \"South Africa North\",\r\n        \"UAE North\",\r\n        \"Switzerland North\",\r\n        \"Germany West Central\",\r\n        \"Norway East\",\r\n        \"West US 3\",\r\n        \"Sweden Central\",\r\n        \"Qatar Central\",\r\n        \"Poland Central\",\r\n        \"Italy North\",\r\n        \"Israel Central\",\r\n        \"Mexico Central\",\r\n        \"Spain Central\",\r\n        \"New Zealand North\",\r\n        \"Indonesia Central\"\r\n      ],\r\n      \"apiVersions\": [\r\n        \"2024-01-01\",\r\n        \"2023-05-01\",\r\n        \"2023-04-01\",\r\n        \"2023-01-01\",\r\n        \"2022-09-01\",\r\n        \"2022-05-01\",\r\n        \"2021-09-01\",\r\n        \"2021-08-01\",\r\n        \"2021-06-01\",\r\n        \"2021-05-01\",\r\n        \"2021-04-01\",\r\n        \"2021-02-01\",\r\n        \"2021-01-01\",\r\n        \"2020-08-01-preview\",\r\n        \"2019-06-01\",\r\n        \"2019-04-01\",\r\n        \"2018-11-01\",\r\n        \"2018-07-01\",\r\n        \"2018-03-01-preview\",\r\n        \"2018-02-01\",\r\n        \"2017-10-01\",\r\n        \"2017-06-01\",\r\n        \"2016-12-01\",\r\n        \"2016-05-01\"\r\n      ],\r\n      \"defaultApiVersion\": \"2024-01-01\",\r\n      \"apiProfiles\": [\r\n        {\r\n          \"profileVersion\": \"2019-03-01-hybrid\",\r\n          \"apiVersion\": \"2017-10-01\"\r\n        }\r\n      ],\r\n      \"capabilities\": \"None\"\r\n    },\r\n    {\r\n      \"resourceType\": \"storageAccounts/tableServices\",\r\n      \"locations\": [\r\n        \"East US\",\r\n        \"East US 2\",\r\n        \"West US\",\r\n        \"West Europe\",\r\n        \"East Asia\",\r\n        \"Southeast Asia\",\r\n        \"Japan East\",\r\n        \"Japan West\",\r\n        \"North Central US\",\r\n        \"South Central US\",\r\n        \"Central US\",\r\n        \"North Europe\",\r\n        \"Brazil South\",\r\n        \"Australia East\",\r\n        \"Australia Southeast\",\r\n        \"South India\",\r\n        \"Central India\",\r\n        \"West India\",\r\n        \"Canada East\",\r\n        \"Canada Central\",\r\n        \"West US 2\",\r\n        \"West Central US\",\r\n        \"UK South\",\r\n        \"UK West\",\r\n        \"Korea Central\",\r\n        \"Korea South\",\r\n        \"France Central\",\r\n        \"Australia Central\",\r\n        \"South Africa North\",\r\n        \"UAE North\",\r\n        \"Switzerland North\",\r\n        \"Germany West Central\",\r\n        \"Norway East\",\r\n        \"West US 3\",\r\n        \"Sweden Central\",\r\n        \"Qatar Central\",\r\n        \"Poland Central\",\r\n        \"Italy North\",\r\n        \"Israel Central\",\r\n        \"Mexico Central\",\r\n        \"Spain Central\",\r\n        \"New Zealand North\",\r\n        \"Indonesia Central\"\r\n      ],\r\n      \"apiVersions\": [\r\n        \"2024-01-01\",\r\n        \"2023-05-01\",\r\n        \"2023-04-01\",\r\n        \"2023-01-01\",\r\n        \"2022-09-01\",\r\n        \"2022-05-01\",\r\n        \"2021-09-01\",\r\n        \"2021-08-01\",\r\n        \"2021-06-01\",\r\n        \"2021-05-01\",\r\n        \"2021-04-01\",\r\n        \"2021-02-01\",\r\n        \"2021-01-01\",\r\n        \"2020-08-01-preview\",\r\n        \"2019-06-01\",\r\n        \"2019-04-01\",\r\n        \"2018-11-01\",\r\n        \"2018-07-01\",\r\n        \"2018-03-01-preview\",\r\n        \"2018-02-01\",\r\n        \"2017-10-01\",\r\n        \"2017-06-01\",\r\n        \"2016-12-01\",\r\n        \"2016-05-01\"\r\n      ],\r\n      \"defaultApiVersion\": \"2024-01-01\",\r\n      \"apiProfiles\": [\r\n        {\r\n          \"profileVersion\": \"2019-03-01-hybrid\",\r\n          \"apiVersion\": \"2017-10-01\"\r\n        }\r\n      ],\r\n      \"capabilities\": \"None\"\r\n    },\r\n    {\r\n      \"resourceType\": \"storageAccounts/queueServices\",\r\n      \"locations\": [\r\n        \"East US\",\r\n        \"East US 2\",\r\n        \"West US\",\r\n        \"West Europe\",\r\n        \"East Asia\",\r\n        \"Southeast Asia\",\r\n        \"Japan East\",\r\n        \"Japan West\",\r\n        \"North Central US\",\r\n        \"South Central US\",\r\n        \"Central US\",\r\n        \"North Europe\",\r\n        \"Brazil South\",\r\n        \"Australia East\",\r\n        \"Australia Southeast\",\r\n        \"South India\",\r\n        \"Central India\",\r\n        \"West India\",\r\n        \"Canada East\",\r\n        \"Canada Central\",\r\n        \"West US 2\",\r\n        \"West Central US\",\r\n        \"UK South\",\r\n        \"UK West\",\r\n        \"Korea Central\",\r\n        \"Korea South\",\r\n        \"France Central\",\r\n        \"Australia Central\",\r\n        \"South Africa North\",\r\n        \"UAE North\",\r\n        \"Switzerland North\",\r\n        \"Germany West Central\",\r\n        \"Norway East\",\r\n        \"West US 3\",\r\n        \"Sweden Central\",\r\n        \"Qatar Central\",\r\n        \"Poland Central\",\r\n        \"Italy North\",\r\n        \"Israel Central\",\r\n        \"Mexico Central\",\r\n        \"Spain Central\",\r\n        \"New Zealand North\",\r\n        \"Indonesia Central\"\r\n      ],\r\n      \"apiVersions\": [\r\n        \"2024-01-01\",\r\n        \"2023-05-01\",\r\n        \"2023-04-01\",\r\n        \"2023-01-01\",\r\n        \"2022-09-01\",\r\n        \"2022-05-01\",\r\n        \"2021-09-01\",\r\n        \"2021-08-01\",\r\n        \"2021-06-01\",\r\n        \"2021-05-01\",\r\n        \"2021-04-01\",\r\n        \"2021-02-01\",\r\n        \"2021-01-01\",\r\n        \"2020-08-01-preview\",\r\n        \"2019-06-01\",\r\n        \"2019-04-01\",\r\n        \"2018-11-01\",\r\n        \"2018-07-01\",\r\n        \"2018-03-01-preview\",\r\n        \"2018-02-01\",\r\n        \"2017-10-01\",\r\n        \"2017-06-01\",\r\n        \"2016-12-01\",\r\n        \"2016-05-01\"\r\n      ],\r\n      \"defaultApiVersion\": \"2024-01-01\",\r\n      \"apiProfiles\": [\r\n        {\r\n          \"profileVersion\": \"2019-03-01-hybrid\",\r\n          \"apiVersion\": \"2017-10-01\"\r\n        }\r\n      ],\r\n      \"capabilities\": \"None\"\r\n    },\r\n    {\r\n      \"resourceType\": \"storageAccounts/fileServices\",\r\n      \"locations\": [\r\n        \"East US\",\r\n        \"East US 2\",\r\n        \"West US\",\r\n        \"West Europe\",\r\n        \"East Asia\",\r\n        \"Southeast Asia\",\r\n        \"Japan East\",\r\n        \"Japan West\",\r\n        \"North Central US\",\r\n        \"South Central US\",\r\n        \"Central US\",\r\n        \"North Europe\",\r\n        \"Brazil South\",\r\n        \"Australia East\",\r\n        \"Australia Southeast\",\r\n        \"South India\",\r\n        \"Central India\",\r\n        \"West India\",\r\n        \"Canada East\",\r\n        \"Canada Central\",\r\n        \"West US 2\",\r\n        \"West Central US\",\r\n        \"UK South\",\r\n        \"UK West\",\r\n        \"Korea Central\",\r\n        \"Korea South\",\r\n        \"France Central\",\r\n        \"Australia Central\",\r\n        \"South Africa North\",\r\n        \"UAE North\",\r\n        \"Switzerland North\",\r\n        \"Germany West Central\",\r\n        \"Norway East\",\r\n        \"West US 3\",\r\n        \"Sweden Central\",\r\n        \"Qatar Central\",\r\n        \"Poland Central\",\r\n        \"Italy North\",\r\n        \"Israel Central\",\r\n        \"Mexico Central\",\r\n        \"Spain Central\",\r\n        \"New Zealand North\",\r\n        \"Indonesia Central\"\r\n      ],\r\n      \"apiVersions\": [\r\n        \"2024-01-01\",\r\n        \"2023-05-01\",\r\n        \"2023-04-01\",\r\n        \"2023-01-01\",\r\n        \"2022-09-01\",\r\n        \"2022-05-01\",\r\n        \"2021-09-01\",\r\n        \"2021-08-01\",\r\n        \"2021-06-01\",\r\n        \"2021-05-01\",\r\n        \"2021-04-01\",\r\n        \"2021-02-01\",\r\n        \"2021-01-01\",\r\n        \"2020-08-01-preview\",\r\n        \"2019-06-01\",\r\n        \"2019-04-01\",\r\n        \"2018-11-01\",\r\n        \"2018-07-01\",\r\n        \"2018-03-01-preview\",\r\n        \"2018-02-01\",\r\n        \"2017-10-01\",\r\n        \"2017-06-01\",\r\n        \"2016-12-01\",\r\n        \"2016-05-01\"\r\n      ],\r\n      \"defaultApiVersion\": \"2024-01-01\",\r\n      \"capabilities\": \"None\"\r\n    },\r\n    {\r\n      \"resourceType\": \"locations\",\r\n      \"locations\": [],\r\n      \"apiVersions\": [\r\n        \"2024-01-01\",\r\n        \"2023-05-01\",\r\n        \"2023-04-01\",\r\n        \"2023-01-01\",\r\n        \"2022-09-01\",\r\n        \"2022-05-01\",\r\n        \"2021-09-01\",\r\n        \"2021-08-01\",\r\n        \"2021-06-01\",\r\n        \"2021-05-01\",\r\n        \"2021-04-01\",\r\n        \"2021-02-01\",\r\n        \"2021-01-01\",\r\n        \"2020-08-01-preview\",\r\n        \"2019-06-01\",\r\n        \"2019-04-01\",\r\n        \"2018-11-01\",\r\n        \"2018-07-01\",\r\n        \"2018-03-01-preview\",\r\n        \"2018-02-01\",\r\n        \"2017-10-01\",\r\n        \"2017-06-01\",\r\n        \"2016-12-01\",\r\n        \"2016-07-01\",\r\n        \"2016-01-01\"\r\n      ],\r\n      \"defaultApiVersion\": \"2024-01-01\",\r\n      \"apiProfiles\": [\r\n        {\r\n          \"profileVersion\": \"2019-03-01-hybrid\",\r\n          \"apiVersion\": \"2017-10-01\"\r\n        },\r\n        {\r\n          \"profileVersion\": \"2017-03-09-profile\",\r\n          \"apiVersion\": \"2016-01-01\"\r\n        },\r\n        {\r\n          \"profileVersion\": \"2018-03-01-hybrid\",\r\n          \"apiVersion\": \"2016-01-01\"\r\n        }\r\n      ],\r\n      \"capabilities\": \"None\"\r\n    },\r\n    {\r\n      \"resourceType\": \"locations/usages\",\r\n      \"locations\": [\r\n        \"East US\",\r\n        \"East US 2\",\r\n        \"West US\",\r\n        \"West Europe\",\r\n        \"East Asia\",\r\n        \"Southeast Asia\",\r\n        \"Japan East\",\r\n        \"Japan West\",\r\n        \"North Central US\",\r\n        \"South Central US\",\r\n        \"Central US\",\r\n        \"North Europe\",\r\n        \"Brazil South\",\r\n        \"Australia East\",\r\n        \"Australia Southeast\",\r\n        \"South India\",\r\n        \"Central India\",\r\n        \"West India\",\r\n        \"Canada East\",\r\n        \"Canada Central\",\r\n        \"West US 2\",\r\n        \"West Central US\",\r\n        \"UK South\",\r\n        \"UK West\",\r\n        \"Korea Central\",\r\n        \"Korea South\",\r\n        \"France Central\",\r\n        \"Australia Central\",\r\n        \"South Africa North\",\r\n        \"UAE North\",\r\n        \"Switzerland North\",\r\n        \"Germany West Central\",\r\n        \"Norway East\",\r\n        \"West US 3\",\r\n        \"Sweden Central\",\r\n        \"Qatar Central\",\r\n        \"Poland Central\",\r\n        \"Italy North\",\r\n        \"Israel Central\",\r\n        \"Mexico Central\",\r\n        \"Spain Central\",\r\n        \"New Zealand North\",\r\n        \"Indonesia Central\"\r\n      ],\r\n      \"apiVersions\": [\r\n        \"2024-01-01\",\r\n        \"2023-05-01\",\r\n        \"2023-04-01\",\r\n        \"2023-01-01\",\r\n        \"2022-09-01\",\r\n        \"2022-05-01\",\r\n        \"2021-09-01\",\r\n        \"2021-08-01\",\r\n        \"2021-06-01\",\r\n        \"2021-05-01\",\r\n        \"2021-04-01\",\r\n        \"2021-02-01\",\r\n        \"2021-01-01\",\r\n        \"2020-08-01-preview\",\r\n        \"2019-06-01\",\r\n        \"2019-04-01\",\r\n        \"2018-11-01\",\r\n        \"2018-07-01\",\r\n        \"2018-03-01-preview\",\r\n        \"2018-02-01\",\r\n        \"2017-10-01\",\r\n        \"2017-06-01\",\r\n        \"2016-12-01\"\r\n      ],\r\n      \"defaultApiVersion\": \"2024-01-01\",\r\n      \"apiProfiles\": [\r\n        {\r\n          \"profileVersion\": \"2017-03-09-profile\",\r\n          \"apiVersion\": \"2016-01-01\"\r\n        },\r\n        {\r\n          \"profileVersion\": \"2018-03-01-hybrid\",\r\n          \"apiVersion\": \"2016-01-01\"\r\n        }\r\n      ],\r\n      \"capabilities\": \"None\"\r\n    },\r\n    {\r\n      \"resourceType\": \"locations/deleteVirtualNetworkOrSubnets\",\r\n      \"locations\": [\r\n        \"East US\",\r\n        \"East US 2\",\r\n        \"West US\",\r\n        \"West Europe\",\r\n        \"East Asia\",\r\n        \"Southeast Asia\",\r\n        \"Japan East\",\r\n        \"Japan West\",\r\n        \"North Central US\",\r\n        \"South Central US\",\r\n        \"Central US\",\r\n        \"North Europe\",\r\n        \"Brazil South\",\r\n        \"Australia East\",\r\n        \"Australia Southeast\",\r\n        \"South India\",\r\n        \"Central India\",\r\n        \"West India\",\r\n        \"Canada East\",\r\n        \"Canada Central\",\r\n        \"West US 2\",\r\n        \"West Central US\",\r\n        \"UK South\",\r\n        \"UK West\",\r\n        \"Korea Central\",\r\n        \"Korea South\",\r\n        \"France Central\",\r\n        \"Australia Central\",\r\n        \"South Africa North\",\r\n        \"UAE North\",\r\n        \"Switzerland North\",\r\n        \"Germany West Central\",\r\n        \"Norway East\",\r\n        \"West US 3\",\r\n        \"Sweden Central\",\r\n        \"Qatar Central\",\r\n        \"Poland Central\",\r\n        \"Italy North\",\r\n        \"Israel Central\",\r\n        \"Mexico Central\",\r\n        \"Spain Central\",\r\n        \"New Zealand North\",\r\n        \"Indonesia Central\"\r\n      ],\r\n      \"apiVersions\": [\r\n        \"2024-01-01\",\r\n        \"2023-05-01\",\r\n        \"2023-04-01\",\r\n        \"2023-01-01\",\r\n        \"2022-09-01\",\r\n        \"2022-05-01\",\r\n        \"2021-09-01\",\r\n        \"2021-08-01\",\r\n        \"2021-06-01\",\r\n        \"2021-05-01\",\r\n        \"2021-04-01\",\r\n        \"2021-02-01\",\r\n        \"2021-01-01\",\r\n        \"2020-08-01-preview\",\r\n        \"2019-06-01\",\r\n        \"2019-04-01\",\r\n        \"2018-11-01\",\r\n        \"2018-07-01\",\r\n        \"2018-03-01-preview\",\r\n        \"2018-02-01\",\r\n        \"2017-10-01\",\r\n        \"2017-06-01\",\r\n        \"2016-12-01\",\r\n        \"2016-07-01\"\r\n      ],\r\n      \"defaultApiVersion\": \"2024-01-01\",\r\n      \"capabilities\": \"None\"\r\n    },\r\n    {\r\n      \"resourceType\": \"usages\",\r\n      \"locations\": [],\r\n      \"apiVersions\": [\r\n        \"2024-01-01\",\r\n        \"2023-05-01\",\r\n        \"2023-04-01\",\r\n        \"2023-01-01\",\r\n        \"2022-09-01\",\r\n        \"2022-05-01\",\r\n        \"2021-09-01\",\r\n        \"2021-08-01\",\r\n        \"2021-06-01\",\r\n        \"2021-05-01\",\r\n        \"2021-04-01\",\r\n        \"2021-02-01\",\r\n        \"2021-01-01\",\r\n        \"2020-08-01-preview\",\r\n        \"2019-06-01\",\r\n        \"2019-04-01\",\r\n        \"2018-11-01\",\r\n        \"2018-07-01\",\r\n        \"2018-03-01-preview\",\r\n        \"2018-02-01\",\r\n        \"2017-10-01\",\r\n        \"2017-06-01\",\r\n        \"2016-12-01\",\r\n        \"2016-05-01\",\r\n        \"2016-01-01\",\r\n        \"2015-06-15\",\r\n        \"2015-05-01-preview\"\r\n      ],\r\n      \"defaultApiVersion\": \"2024-01-01\",\r\n      \"apiProfiles\": [\r\n        {\r\n          \"profileVersion\": \"2019-03-01-hybrid\",\r\n          \"apiVersion\": \"2017-10-01\"\r\n        },\r\n        {\r\n          \"profileVersion\": \"2017-03-09-profile\",\r\n          \"apiVersion\": \"2016-01-01\"\r\n        },\r\n        {\r\n          \"profileVersion\": \"2018-03-01-hybrid\",\r\n          \"apiVersion\": \"2016-01-01\"\r\n        },\r\n        {\r\n          \"profileVersion\": \"2018-06-01-profile\",\r\n          \"apiVersion\": \"2017-10-01\"\r\n        }\r\n      ],\r\n      \"capabilities\": \"None\"\r\n    },\r\n    {\r\n      \"resourceType\": \"checkNameAvailability\",\r\n      \"locations\": [\r\n        \"East US\",\r\n        \"East US 2\",\r\n        \"West US\",\r\n        \"West Europe\",\r\n        \"East Asia\",\r\n        \"Southeast Asia\",\r\n        \"Japan East\",\r\n        \"Japan West\",\r\n        \"North Central US\",\r\n        \"South Central US\",\r\n        \"Central US\",\r\n        \"North Europe\",\r\n        \"Brazil South\",\r\n        \"Australia East\",\r\n        \"Australia Southeast\",\r\n        \"South India\",\r\n        \"Central India\",\r\n        \"West India\",\r\n        \"Canada East\",\r\n        \"Canada Central\",\r\n        \"West US 2\",\r\n        \"West Central US\",\r\n        \"UK South\",\r\n        \"UK West\",\r\n        \"Korea Central\",\r\n        \"Korea South\",\r\n        \"France Central\",\r\n        \"Australia Central\",\r\n        \"South Africa North\",\r\n        \"UAE North\",\r\n        \"Switzerland North\",\r\n        \"Germany West Central\",\r\n        \"West US 3\",\r\n        \"Sweden Central\",\r\n        \"Qatar Central\",\r\n        \"Poland Central\",\r\n        \"Italy North\",\r\n        \"Israel Central\",\r\n        \"Mexico Central\",\r\n        \"Spain Central\",\r\n        \"New Zealand North\",\r\n        \"Indonesia Central\"\r\n      ],\r\n      \"apiVersions\": [\r\n        \"2024-01-01\",\r\n        \"2023-05-01\",\r\n        \"2023-04-01\",\r\n        \"2023-01-01\",\r\n        \"2022-09-01\",\r\n        \"2022-05-01\",\r\n        \"2021-09-01\",\r\n        \"2021-08-01\",\r\n        \"2021-06-01\",\r\n        \"2021-05-01\",\r\n        \"2021-04-01\",\r\n        \"2021-02-01\",\r\n        \"2021-01-01\",\r\n        \"2020-08-01-preview\",\r\n        \"2019-06-01\",\r\n        \"2019-04-01\",\r\n        \"2018-11-01\",\r\n        \"2018-07-01\",\r\n        \"2018-03-01-preview\",\r\n        \"2018-02-01\",\r\n        \"2017-10-01\",\r\n        \"2017-06-01\",\r\n        \"2016-12-01\",\r\n        \"2016-05-01\",\r\n        \"2016-01-01\",\r\n        \"2015-06-15\",\r\n        \"2015-05-01-preview\"\r\n      ],\r\n      \"defaultApiVersion\": \"2024-01-01\",\r\n      \"apiProfiles\": [\r\n        {\r\n          \"profileVersion\": \"2019-03-01-hybrid\",\r\n          \"apiVersion\": \"2017-10-01\"\r\n        },\r\n        {\r\n          \"profileVersion\": \"2017-03-09-profile\",\r\n          \"apiVersion\": \"2016-01-01\"\r\n        },\r\n        {\r\n          \"profileVersion\": \"2018-03-01-hybrid\",\r\n          \"apiVersion\": \"2016-01-01\"\r\n        },\r\n        {\r\n          \"profileVersion\": \"2018-06-01-profile\",\r\n          \"apiVersion\": \"2017-10-01\"\r\n        }\r\n      ],\r\n      \"capabilities\": \"None\"\r\n    },\r\n    {\r\n      \"resourceType\": \"locations/checkNameAvailability\",\r\n      \"locations\": [\r\n        \"East US\",\r\n        \"East US 2\",\r\n        \"West US\",\r\n        \"West Europe\",\r\n        \"East Asia\",\r\n        \"Southeast Asia\",\r\n        \"Japan East\",\r\n        \"Japan West\",\r\n        \"North Central US\",\r\n        \"South Central US\",\r\n        \"Central US\",\r\n        \"North Europe\",\r\n        \"Brazil South\",\r\n        \"Australia East\",\r\n        \"Australia Southeast\",\r\n        \"South India\",\r\n        \"Central India\",\r\n        \"West India\",\r\n        \"Canada East\",\r\n        \"Canada Central\",\r\n        \"West US 2\",\r\n        \"West Central US\",\r\n        \"UK South\",\r\n        \"UK West\",\r\n        \"Korea Central\",\r\n        \"Korea South\",\r\n        \"France Central\",\r\n        \"Australia Central\",\r\n        \"South Africa North\",\r\n        \"UAE North\",\r\n        \"Switzerland North\",\r\n        \"Germany West Central\",\r\n        \"Norway East\",\r\n        \"West US 3\",\r\n        \"Sweden Central\",\r\n        \"Qatar Central\",\r\n        \"Poland Central\",\r\n        \"Italy North\",\r\n        \"Israel Central\",\r\n        \"Mexico Central\",\r\n        \"Spain Central\",\r\n        \"New Zealand North\",\r\n        \"Indonesia Central\"\r\n      ],\r\n      \"apiVersions\": [\r\n        \"2024-01-01\",\r\n        \"2023-05-01\",\r\n        \"2023-04-01\",\r\n        \"2023-01-01\",\r\n        \"2022-09-01\",\r\n        \"2022-05-01\",\r\n        \"2021-09-01\",\r\n        \"2021-08-01\",\r\n        \"2021-06-01\",\r\n        \"2021-05-01\",\r\n        \"2021-04-01\",\r\n        \"2021-02-01\",\r\n        \"2021-01-01\",\r\n        \"2020-08-01-preview\",\r\n        \"2019-06-01\",\r\n        \"2019-04-01\",\r\n        \"2018-11-01\",\r\n        \"2018-07-01\",\r\n        \"2018-02-01\",\r\n        \"2017-10-01\",\r\n        \"2017-06-01\",\r\n        \"2016-12-01\"\r\n      ],\r\n      \"defaultApiVersion\": \"2024-01-01\",\r\n      \"capabilities\": \"None\"\r\n    },\r\n    {\r\n      \"resourceType\": \"storageAccounts/services\",\r\n      \"locations\": [\r\n        \"East US\",\r\n        \"West US\",\r\n        \"West Europe\",\r\n        \"North Europe\",\r\n        \"East Asia\",\r\n        \"Southeast Asia\",\r\n        \"Japan East\",\r\n        \"Japan West\",\r\n        \"North Central US\",\r\n        \"South Central US\",\r\n        \"East US 2\",\r\n        \"Central US\",\r\n        \"Australia East\",\r\n        \"Australia Southeast\",\r\n        \"Brazil South\",\r\n        \"South India\",\r\n        \"Central India\",\r\n        \"West India\",\r\n        \"Canada East\",\r\n        \"Canada Central\",\r\n        \"West US 2\",\r\n        \"West Central US\",\r\n        \"UK South\",\r\n        \"UK West\",\r\n        \"Korea Central\",\r\n        \"Korea South\",\r\n        \"France Central\",\r\n        \"South Africa North\",\r\n        \"UAE North\",\r\n        \"Switzerland North\",\r\n        \"Germany West Central\",\r\n        \"Norway East\",\r\n        \"West US 3\",\r\n        \"Sweden Central\",\r\n        \"Qatar Central\",\r\n        \"Poland Central\",\r\n        \"Italy North\",\r\n        \"Israel Central\",\r\n        \"Mexico Central\",\r\n        \"Spain Central\",\r\n        \"New Zealand North\",\r\n        \"Indonesia Central\"\r\n      ],\r\n      \"apiVersions\": [\r\n        \"2014-04-01\"\r\n      ],\r\n      \"capabilities\": \"None\"\r\n    },\r\n    {\r\n      \"resourceType\": \"storageAccounts/services/metricDefinitions\",\r\n      \"locations\": [\r\n        \"East US\",\r\n        \"West US\",\r\n        \"West Europe\",\r\n        \"North Europe\",\r\n        \"East Asia\",\r\n        \"Southeast Asia\",\r\n        \"Japan East\",\r\n        \"Japan West\",\r\n        \"North Central US\",\r\n        \"South Central US\",\r\n        \"East US 2\",\r\n        \"Central US\",\r\n        \"Australia East\",\r\n        \"Australia Southeast\",\r\n        \"Brazil South\",\r\n        \"South India\",\r\n        \"Central India\",\r\n        \"West India\",\r\n        \"Canada East\",\r\n        \"Canada Central\",\r\n        \"West US 2\",\r\n        \"West Central US\",\r\n        \"UK South\",\r\n        \"UK West\",\r\n        \"Korea Central\",\r\n        \"Korea South\",\r\n        \"France Central\",\r\n        \"South Africa North\",\r\n        \"UAE North\",\r\n        \"Switzerland North\",\r\n        \"Germany West Central\",\r\n        \"Norway East\",\r\n        \"West US 3\",\r\n        \"Sweden Central\",\r\n        \"Qatar Central\",\r\n        \"Poland Central\",\r\n        \"Italy North\",\r\n        \"Israel Central\",\r\n        \"Mexico Central\",\r\n        \"Spain Central\",\r\n        \"New Zealand North\",\r\n        \"Indonesia Central\"\r\n      ],\r\n      \"apiVersions\": [\r\n        \"2014-04-01\"\r\n      ],\r\n      \"capabilities\": \"None\"\r\n    },\r\n    {\r\n      \"resourceType\": \"locations/notifyNetworkSecurityPerimeterUpdatesAvailable\",\r\n      \"locations\": [\r\n        \"East US\",\r\n        \"East US 2\",\r\n        \"West US\",\r\n        \"West Europe\",\r\n        \"East Asia\",\r\n        \"Southeast Asia\",\r\n        \"Japan East\",\r\n        \"Japan West\",\r\n        \"North Central US\",\r\n        \"South Central US\",\r\n        \"Central US\",\r\n        \"North Europe\",\r\n        \"Brazil South\",\r\n        \"Australia East\",\r\n        \"Australia Southeast\",\r\n        \"South India\",\r\n        \"Central India\",\r\n        \"West India\",\r\n        \"Canada East\",\r\n        \"Canada Central\",\r\n        \"West US 2\",\r\n        \"West Central US\",\r\n        \"UK South\",\r\n        \"UK West\",\r\n        \"Korea Central\",\r\n        \"Korea South\",\r\n        \"East US 2 EUAP\",\r\n        \"Central US EUAP\",\r\n        \"France Central\",\r\n        \"France South\",\r\n        \"Australia Central\",\r\n        \"Australia Central 2\",\r\n        \"South Africa West\",\r\n        \"South Africa North\",\r\n        \"UAE Central\",\r\n        \"UAE North\",\r\n        \"Switzerland North\",\r\n        \"Switzerland West\",\r\n        \"Germany West Central\",\r\n        \"Germany North\",\r\n        \"Norway East\",\r\n        \"Norway West\",\r\n        \"Brazil Southeast\",\r\n        \"West US 3\",\r\n        \"Sweden Central\",\r\n        \"Qatar Central\",\r\n        \"Poland Central\",\r\n        \"Italy North\",\r\n        \"Israel Central\",\r\n        \"Mexico Central\",\r\n        \"Spain Central\",\r\n        \"New Zealand North\",\r\n        \"Indonesia Central\"\r\n      ],\r\n      \"apiVersions\": [\r\n        \"2024-01-01\",\r\n        \"2023-05-01\",\r\n        \"2023-04-01\",\r\n        \"2023-01-01\",\r\n        \"2022-09-01\",\r\n        \"2022-05-01\",\r\n        \"2021-09-01\"\r\n      ],\r\n      \"defaultApiVersion\": \"2024-01-01\",\r\n      \"capabilities\": \"None\"\r\n    }\r\n  ],\r\n  \"registrationState\": \"Registered\",\r\n  \"registrationPolicy\": \"RegistrationRequired\"\r\n}",
      "StatusCode": 200
    },
    {
      "RequestUri": "/subscriptions/28d194e0-fa92-40ee-b3e7-2e76df62f16b/resourceGroups/ps9175/providers/Microsoft.Storage/storageAccounts/ps9434?api-version=2024-01-01",
      "EncodedRequestUri": "L3N1YnNjcmlwdGlvbnMvMjhkMTk0ZTAtZmE5Mi00MGVlLWIzZTctMmU3NmRmNjJmMTZiL3Jlc291cmNlR3JvdXBzL3BzOTE3NS9wcm92aWRlcnMvTWljcm9zb2Z0LlN0b3JhZ2Uvc3RvcmFnZUFjY291bnRzL3BzOTQzND9hcGktdmVyc2lvbj0yMDI0LTAxLTAx",
      "RequestMethod": "PUT",
      "RequestHeaders": {
        "User-Agent": [
          "AzurePowershell/v0.0.0",
          "PSVersion/v7.4.7",
          "Az.Resources/7.10.0"
        ],
        "ParameterSetName": [
          "BySubscriptionLevel"
        ],
        "CommandName": [
          "New-AzResource"
        ],
        "Content-Type": [
          "application/json; charset=utf-8"
        ],
        "Content-Length": [
          "51"
        ]
      },
      "RequestBody": "{\r\n  \"sku\": {\r\n    \"name\": \"Standard_LRS\"\r\n  },\r\n  \"location\": \"eastus\"\r\n}",
      "ResponseHeaders": {
        "Cache-Control": [
          "no-cache"
        ],
        "Pragma": [
          "no-cache"
        ],
        "Location": [
          "https://management.azure.com/subscriptions/28d194e0-fa92-40ee-b3e7-2e76df62f16b/providers/Microsoft.Storage/locations/eastus/asyncoperations/2ee6e946-a4bf-459d-8026-7d2bf76afbad?monitor=true&api-version=2024-01-01&t=638813600335979357&c=MIIHhzCCBm-gAwIBAgITHgbLuWlxY4-k_d1algAABsu5aTANBgkqhkiG9w0BAQsFADBEMRMwEQYKCZImiZPyLGQBGRYDR0JMMRMwEQYKCZImiZPyLGQBGRYDQU1FMRgwFgYDVQQDEw9BTUUgSW5mcmEgQ0EgMDYwHhcNMjUwNDE5MTMxMzMyWhcNMjUxMDE2MTMxMzMyWjBAMT4wPAYDVQQDEzVhc3luY29wZXJhdGlvbnNpZ25pbmdjZXJ0aWZpY2F0ZS5tYW5hZ2VtZW50LmF6dXJlLmNvbTCCASIwDQYJKoZIhvcNAQEBBQADggEPADCCAQoCggEBAMvHJaUg0aA6C-P-W7rBOoZfQCieq667lznMrFDPEeiLJs-W58e8I_jHbBheje2C5g9-qBPHK6VQBBfZrcs9tzrupbS7wUKQvBkbEEqj19vo7jPtiN4hWOYzxijvMpObILP6eyLeXsL3K6b3th6Mzu1YEGETh8Lh9lsKsgT-uiTSC52uYnO63jpJBr83ivLckQDLkpMN21cpEJpaenMoBGBtKAmREs19pJv5r4HQS73KA4NZgjOChwFPAD7cIPY8jFZduW--1Ej4woncGGu117cZcM1yffltg1tqs5vmfgVc4ru4VoMm2UUdWXj6t8VoG1yJ8zasfOiUeO4CjEJgU0ECAwEAAaOCBHQwggRwMCcGCSsGAQQBgjcVCgQaMBgwCgYIKwYBBQUHAwEwCgYIKwYBBQUHAwIwPQYJKwYBBAGCNxUHBDAwLgYmKwYBBAGCNxUIhpDjDYTVtHiE8Ys-hZvdFs6dEoFghfmRS4WsmTQCAWQCAQcwggHLBggrBgEFBQcBAQSCAb0wggG5MGMGCCsGAQUFBzAChldodHRwOi8vY3JsLm1pY3Jvc29mdC5jb20vcGtpaW5mcmEvQ2VydHMvQkwyUEtJSU5UQ0EwMi5BTUUuR0JMX0FNRSUyMEluZnJhJTIwQ0ElMjAwNi5jcnQwUwYIKwYBBQUHMAKGR2h0dHA6Ly9jcmwxLmFtZS5nYmwvYWlhL0JMMlBLSUlOVENBMDIuQU1FLkdCTF9BTUUlMjBJbmZyYSUyMENBJTIwMDYuY3J0MFMGCCsGAQUFBzAChkdodHRwOi8vY3JsMi5hbWUuZ2JsL2FpYS9CTDJQS0lJTlRDQTAyLkFNRS5HQkxfQU1FJTIwSW5mcmElMjBDQSUyMDA2LmNydDBTBggrBgEFBQcwAoZHaHR0cDovL2NybDMuYW1lLmdibC9haWEvQkwyUEtJSU5UQ0EwMi5BTUUuR0JMX0FNRSUyMEluZnJhJTIwQ0ElMjAwNi5jcnQwUwYIKwYBBQUHMAKGR2h0dHA6Ly9jcmw0LmFtZS5nYmwvYWlhL0JMMlBLSUlOVENBMDIuQU1FLkdCTF9BTUUlMjBJbmZyYSUyMENBJTIwMDYuY3J0MB0GA1UdDgQWBBQDmHWGUrNZmFtIfL14RXoPR4LL6zAOBgNVHQ8BAf8EBAMCBaAwggEmBgNVHR8EggEdMIIBGTCCARWgggERoIIBDYY_aHR0cDovL2NybC5taWNyb3NvZnQuY29tL3BraWluZnJhL0NSTC9BTUUlMjBJbmZyYSUyMENBJTIwMDYuY3JshjFodHRwOi8vY3JsMS5hbWUuZ2JsL2NybC9BTUUlMjBJbmZyYSUyMENBJTIwMDYuY3JshjFodHRwOi8vY3JsMi5hbWUuZ2JsL2NybC9BTUUlMjBJbmZyYSUyMENBJTIwMDYuY3JshjFodHRwOi8vY3JsMy5hbWUuZ2JsL2NybC9BTUUlMjBJbmZyYSUyMENBJTIwMDYuY3JshjFodHRwOi8vY3JsNC5hbWUuZ2JsL2NybC9BTUUlMjBJbmZyYSUyMENBJTIwMDYuY3JsMIGdBgNVHSAEgZUwgZIwDAYKKwYBBAGCN3sBATBmBgorBgEEAYI3ewICMFgwVgYIKwYBBQUHAgIwSh5IADMAMwBlADAAMQA5ADIAMQAtADQAZAA2ADQALQA0AGYAOABjAC0AYQAwADUANQAtADUAYgBkAGEAZgBmAGQANQBlADMAMwBkMAwGCisGAQQBgjd7AwIwDAYKKwYBBAGCN3sEAjAfBgNVHSMEGDAWgBTxRmjG8cPwKy19i2rhsvm-NfzRQTAdBgNVHSUEFjAUBggrBgEFBQcDAQYIKwYBBQUHAwIwDQYJKoZIhvcNAQELBQADggEBAJcF-z2HGOD5vBAPAiibLynJVPemcCzI2SbO4rX-E6AhWLEMIGFO4peavwLv9iPrFKY29lbs6SxVSu5q_hj7y932SCf-JNEeue2cfiDCPv3T6f2-EAZTfMXrH_G7MaJXKiT0W9b7aewbcPT4xAGaldOb8n9yZp0vrNp9qEtWLm-_bvUf_3_eHf6Iml0lQ01vTCc-k265OG5t1GXtk819ayqNBui5LchwPrubIwRT_p2bmkDy4M-NKrweDScQY2PyCsUp_kdZXbvXoLWAHVgrY7Jq_YDJtDv71360dQ2_5FYlmToG9vPIsDq3H-rE22IKrM8CQsR3ta6g7CXSflNNquQ&s=Jt7rrYnL0KV9iC8SVoIVTNLL7-WM4ABNMeU8fvufxt38y_R8vUV2oiyY6cWi2OnQQJOF43yeFCShWV4qQGP646fFRE-HYi7EIEUZ40j9MfBR7TcF4cRfGGG2GwkdBGvcQAu7ZqcZPQKrSh1VYVIn09AsS-nm3q-bHA_RFRWA-ONa-hB7Sv402hwFlhKMhADdOqgcZ1IK7u7NjFu9_RyBGt7wZQxLM1dgySrNHayHH_rX9jnO3KMP7Zdwx_xRGUVuLtcBz50ZHaSpch18E6_cvT70n3Ht4biKuYZmlkcWS68j5DsUR5jTbV2LacuNk0bN3B_UmjjEkUPC8IxQ8JrHhA&h=6VzdfxMR7yedl1Rs_0uVwO9IaTA5t2sZ2o0IKuEp9Y0"
        ],
        "Retry-After": [
          "0"
        ],
        "x-ms-request-id": [
          "2ee6e946-a4bf-459d-8026-7d2bf76afbad"
        ],
        "Strict-Transport-Security": [
          "max-age=31536000; includeSubDomains"
        ],
        "x-ms-operation-identifier": [
          "tenantId=b5ee6c06-c2c2-4e3c-8606-5f170cee077a,objectId=d9564619-2901-454a-8053-eaa564100d09/japanwest/b1ded5ab-563b-4d5e-b6d4-c0672c6c4ff3"
        ],
        "x-ms-ratelimit-remaining-subscription-writes": [
          "198"
        ],
        "x-ms-ratelimit-remaining-subscription-global-writes": [
          "2998"
        ],
        "x-ms-correlation-request-id": [
          "52175aa5-c90c-4c14-b3b3-75fbb45fcd1d"
        ],
        "x-ms-routing-request-id": [
          "JAPANWEST:20250427T141353Z:52175aa5-c90c-4c14-b3b3-75fbb45fcd1d"
        ],
        "X-Content-Type-Options": [
          "nosniff"
        ],
        "X-Cache": [
          "CONFIG_NOCACHE"
        ],
        "X-MSEdge-Ref": [
          "Ref A: 9B76D9C1F5804458834C69F6C7B6A04D Ref B: TYO201151003036 Ref C: 2025-04-27T14:13:50Z"
        ],
        "Date": [
          "Sun, 27 Apr 2025 14:13:53 GMT"
        ],
        "Content-Type": [
          "text/plain; charset=utf-8"
        ],
        "Expires": [
          "-1"
        ],
        "Content-Length": [
          "0"
        ]
      },
      "ResponseBody": "",
      "StatusCode": 202
    },
    {
      "RequestUri": "/subscriptions/28d194e0-fa92-40ee-b3e7-2e76df62f16b/providers/Microsoft.Storage/locations/eastus/asyncoperations/2ee6e946-a4bf-459d-8026-7d2bf76afbad?monitor=true&api-version=2024-01-01&t=638813600335979357&c=MIIHhzCCBm-gAwIBAgITHgbLuWlxY4-k_d1algAABsu5aTANBgkqhkiG9w0BAQsFADBEMRMwEQYKCZImiZPyLGQBGRYDR0JMMRMwEQYKCZImiZPyLGQBGRYDQU1FMRgwFgYDVQQDEw9BTUUgSW5mcmEgQ0EgMDYwHhcNMjUwNDE5MTMxMzMyWhcNMjUxMDE2MTMxMzMyWjBAMT4wPAYDVQQDEzVhc3luY29wZXJhdGlvbnNpZ25pbmdjZXJ0aWZpY2F0ZS5tYW5hZ2VtZW50LmF6dXJlLmNvbTCCASIwDQYJKoZIhvcNAQEBBQADggEPADCCAQoCggEBAMvHJaUg0aA6C-P-W7rBOoZfQCieq667lznMrFDPEeiLJs-W58e8I_jHbBheje2C5g9-qBPHK6VQBBfZrcs9tzrupbS7wUKQvBkbEEqj19vo7jPtiN4hWOYzxijvMpObILP6eyLeXsL3K6b3th6Mzu1YEGETh8Lh9lsKsgT-uiTSC52uYnO63jpJBr83ivLckQDLkpMN21cpEJpaenMoBGBtKAmREs19pJv5r4HQS73KA4NZgjOChwFPAD7cIPY8jFZduW--1Ej4woncGGu117cZcM1yffltg1tqs5vmfgVc4ru4VoMm2UUdWXj6t8VoG1yJ8zasfOiUeO4CjEJgU0ECAwEAAaOCBHQwggRwMCcGCSsGAQQBgjcVCgQaMBgwCgYIKwYBBQUHAwEwCgYIKwYBBQUHAwIwPQYJKwYBBAGCNxUHBDAwLgYmKwYBBAGCNxUIhpDjDYTVtHiE8Ys-hZvdFs6dEoFghfmRS4WsmTQCAWQCAQcwggHLBggrBgEFBQcBAQSCAb0wggG5MGMGCCsGAQUFBzAChldodHRwOi8vY3JsLm1pY3Jvc29mdC5jb20vcGtpaW5mcmEvQ2VydHMvQkwyUEtJSU5UQ0EwMi5BTUUuR0JMX0FNRSUyMEluZnJhJTIwQ0ElMjAwNi5jcnQwUwYIKwYBBQUHMAKGR2h0dHA6Ly9jcmwxLmFtZS5nYmwvYWlhL0JMMlBLSUlOVENBMDIuQU1FLkdCTF9BTUUlMjBJbmZyYSUyMENBJTIwMDYuY3J0MFMGCCsGAQUFBzAChkdodHRwOi8vY3JsMi5hbWUuZ2JsL2FpYS9CTDJQS0lJTlRDQTAyLkFNRS5HQkxfQU1FJTIwSW5mcmElMjBDQSUyMDA2LmNydDBTBggrBgEFBQcwAoZHaHR0cDovL2NybDMuYW1lLmdibC9haWEvQkwyUEtJSU5UQ0EwMi5BTUUuR0JMX0FNRSUyMEluZnJhJTIwQ0ElMjAwNi5jcnQwUwYIKwYBBQUHMAKGR2h0dHA6Ly9jcmw0LmFtZS5nYmwvYWlhL0JMMlBLSUlOVENBMDIuQU1FLkdCTF9BTUUlMjBJbmZyYSUyMENBJTIwMDYuY3J0MB0GA1UdDgQWBBQDmHWGUrNZmFtIfL14RXoPR4LL6zAOBgNVHQ8BAf8EBAMCBaAwggEmBgNVHR8EggEdMIIBGTCCARWgggERoIIBDYY_aHR0cDovL2NybC5taWNyb3NvZnQuY29tL3BraWluZnJhL0NSTC9BTUUlMjBJbmZyYSUyMENBJTIwMDYuY3JshjFodHRwOi8vY3JsMS5hbWUuZ2JsL2NybC9BTUUlMjBJbmZyYSUyMENBJTIwMDYuY3JshjFodHRwOi8vY3JsMi5hbWUuZ2JsL2NybC9BTUUlMjBJbmZyYSUyMENBJTIwMDYuY3JshjFodHRwOi8vY3JsMy5hbWUuZ2JsL2NybC9BTUUlMjBJbmZyYSUyMENBJTIwMDYuY3JshjFodHRwOi8vY3JsNC5hbWUuZ2JsL2NybC9BTUUlMjBJbmZyYSUyMENBJTIwMDYuY3JsMIGdBgNVHSAEgZUwgZIwDAYKKwYBBAGCN3sBATBmBgorBgEEAYI3ewICMFgwVgYIKwYBBQUHAgIwSh5IADMAMwBlADAAMQA5ADIAMQAtADQAZAA2ADQALQA0AGYAOABjAC0AYQAwADUANQAtADUAYgBkAGEAZgBmAGQANQBlADMAMwBkMAwGCisGAQQBgjd7AwIwDAYKKwYBBAGCN3sEAjAfBgNVHSMEGDAWgBTxRmjG8cPwKy19i2rhsvm-NfzRQTAdBgNVHSUEFjAUBggrBgEFBQcDAQYIKwYBBQUHAwIwDQYJKoZIhvcNAQELBQADggEBAJcF-z2HGOD5vBAPAiibLynJVPemcCzI2SbO4rX-E6AhWLEMIGFO4peavwLv9iPrFKY29lbs6SxVSu5q_hj7y932SCf-JNEeue2cfiDCPv3T6f2-EAZTfMXrH_G7MaJXKiT0W9b7aewbcPT4xAGaldOb8n9yZp0vrNp9qEtWLm-_bvUf_3_eHf6Iml0lQ01vTCc-k265OG5t1GXtk819ayqNBui5LchwPrubIwRT_p2bmkDy4M-NKrweDScQY2PyCsUp_kdZXbvXoLWAHVgrY7Jq_YDJtDv71360dQ2_5FYlmToG9vPIsDq3H-rE22IKrM8CQsR3ta6g7CXSflNNquQ&s=Jt7rrYnL0KV9iC8SVoIVTNLL7-WM4ABNMeU8fvufxt38y_R8vUV2oiyY6cWi2OnQQJOF43yeFCShWV4qQGP646fFRE-HYi7EIEUZ40j9MfBR7TcF4cRfGGG2GwkdBGvcQAu7ZqcZPQKrSh1VYVIn09AsS-nm3q-bHA_RFRWA-ONa-hB7Sv402hwFlhKMhADdOqgcZ1IK7u7NjFu9_RyBGt7wZQxLM1dgySrNHayHH_rX9jnO3KMP7Zdwx_xRGUVuLtcBz50ZHaSpch18E6_cvT70n3Ht4biKuYZmlkcWS68j5DsUR5jTbV2LacuNk0bN3B_UmjjEkUPC8IxQ8JrHhA&h=6VzdfxMR7yedl1Rs_0uVwO9IaTA5t2sZ2o0IKuEp9Y0",
      "EncodedRequestUri": "L3N1YnNjcmlwdGlvbnMvMjhkMTk0ZTAtZmE5Mi00MGVlLWIzZTctMmU3NmRmNjJmMTZiL3Byb3ZpZGVycy9NaWNyb3NvZnQuU3RvcmFnZS9sb2NhdGlvbnMvZWFzdHVzL2FzeW5jb3BlcmF0aW9ucy8yZWU2ZTk0Ni1hNGJmLTQ1OWQtODAyNi03ZDJiZjc2YWZiYWQ/bW9uaXRvcj10cnVlJmFwaS12ZXJzaW9uPTIwMjQtMDEtMDEmdD02Mzg4MTM2MDAzMzU5NzkzNTcmYz1NSUlIaHpDQ0JtLWdBd0lCQWdJVEhnYkx1V2x4WTQta19kMWFsZ0FBQnN1NWFUQU5CZ2txaGtpRzl3MEJBUXNGQURCRU1STXdFUVlLQ1pJbWlaUHlMR1FCR1JZRFIwSk1NUk13RVFZS0NaSW1pWlB5TEdRQkdSWURRVTFGTVJnd0ZnWURWUVFERXc5QlRVVWdTVzVtY21FZ1EwRWdNRFl3SGhjTk1qVXdOREU1TVRNeE16TXlXaGNOTWpVeE1ERTJNVE14TXpNeVdqQkFNVDR3UEFZRFZRUURFelZoYzNsdVkyOXdaWEpoZEdsdmJuTnBaMjVwYm1kalpYSjBhV1pwWTJGMFpTNXRZVzVoWjJWdFpXNTBMbUY2ZFhKbExtTnZiVENDQVNJd0RRWUpLb1pJaHZjTkFRRUJCUUFEZ2dFUEFEQ0NBUW9DZ2dFQkFNdkhKYVVnMGFBNkMtUC1XN3JCT29aZlFDaWVxNjY3bHpuTXJGRFBFZWlMSnMtVzU4ZThJX2pIYkJoZWplMkM1ZzktcUJQSEs2VlFCQmZacmNzOXR6cnVwYlM3d1VLUXZCa2JFRXFqMTl2bzdqUHRpTjRoV09ZenhpanZNcE9iSUxQNmV5TGVYc0wzSzZiM3RoNk16dTFZRUdFVGg4TGg5bHNLc2dULXVpVFNDNTJ1WW5PNjNqcEpCcjgzaXZMY2tRRExrcE1OMjFjcEVKcGFlbk1vQkdCdEtBbVJFczE5cEp2NXI0SFFTNzNLQTROWmdqT0Nod0ZQQUQ3Y0lQWThqRlpkdVctLTFFajR3b25jR0d1MTE3Y1pjTTF5ZmZsdGcxdHFzNXZtZmdWYzRydTRWb01tMlVVZFdYajZ0OFZvRzF5Sjh6YXNmT2lVZU80Q2pFSmdVMEVDQXdFQUFhT0NCSFF3Z2dSd01DY0dDU3NHQVFRQmdqY1ZDZ1FhTUJnd0NnWUlLd1lCQlFVSEF3RXdDZ1lJS3dZQkJRVUhBd0l3UFFZSkt3WUJCQUdDTnhVSEJEQXdMZ1ltS3dZQkJBR0NOeFVJaHBEakRZVFZ0SGlFOFlzLWhadmRGczZkRW9GZ2hmbVJTNFdzbVRRQ0FXUUNBUWN3Z2dITEJnZ3JCZ0VGQlFjQkFRU0NBYjB3Z2dHNU1HTUdDQ3NHQVFVRkJ6QUNobGRvZEhSd09pOHZZM0pzTG0xcFkzSnZjMjltZEM1amIyMHZjR3RwYVc1bWNtRXZRMlZ5ZEhNdlFrd3lVRXRKU1U1VVEwRXdNaTVCVFVVdVIwSk1YMEZOUlNVeU1FbHVabkpoSlRJd1EwRWxNakF3Tmk1amNuUXdVd1lJS3dZQkJRVUhNQUtHUjJoMGRIQTZMeTlqY213eExtRnRaUzVuWW13dllXbGhMMEpNTWxCTFNVbE9WRU5CTURJdVFVMUZMa2RDVEY5QlRVVWxNakJKYm1aeVlTVXlNRU5CSlRJd01EWXVZM0owTUZNR0NDc0dBUVVGQnpBQ2hrZG9kSFJ3T2k4dlkzSnNNaTVoYldVdVoySnNMMkZwWVM5Q1RESlFTMGxKVGxSRFFUQXlMa0ZOUlM1SFFreGZRVTFGSlRJd1NXNW1jbUVsTWpCRFFTVXlNREEyTG1OeWREQlRCZ2dyQmdFRkJRY3dBb1pIYUhSMGNEb3ZMMk55YkRNdVlXMWxMbWRpYkM5aGFXRXZRa3d5VUV0SlNVNVVRMEV3TWk1QlRVVXVSMEpNWDBGTlJTVXlNRWx1Wm5KaEpUSXdRMEVsTWpBd05pNWpjblF3VXdZSUt3WUJCUVVITUFLR1IyaDBkSEE2THk5amNtdzBMbUZ0WlM1blltd3ZZV2xoTDBKTU1sQkxTVWxPVkVOQk1ESXVRVTFGTGtkQ1RGOUJUVVVsTWpCSmJtWnlZU1V5TUVOQkpUSXdNRFl1WTNKME1CMEdBMVVkRGdRV0JCUURtSFdHVXJOWm1GdElmTDE0UlhvUFI0TEw2ekFPQmdOVkhROEJBZjhFQkFNQ0JhQXdnZ0VtQmdOVkhSOEVnZ0VkTUlJQkdUQ0NBUldnZ2dFUm9JSUJEWVlfYUhSMGNEb3ZMMk55YkM1dGFXTnliM052Wm5RdVkyOXRMM0JyYVdsdVpuSmhMME5TVEM5QlRVVWxNakJKYm1aeVlTVXlNRU5CSlRJd01EWXVZM0pzaGpGb2RIUndPaTh2WTNKc01TNWhiV1V1WjJKc0wyTnliQzlCVFVVbE1qQkpibVp5WVNVeU1FTkJKVEl3TURZdVkzSnNoakZvZEhSd09pOHZZM0pzTWk1aGJXVXVaMkpzTDJOeWJDOUJUVVVsTWpCSmJtWnlZU1V5TUVOQkpUSXdNRFl1WTNKc2hqRm9kSFJ3T2k4dlkzSnNNeTVoYldVdVoySnNMMk55YkM5QlRVVWxNakJKYm1aeVlTVXlNRU5CSlRJd01EWXVZM0pzaGpGb2RIUndPaTh2WTNKc05DNWhiV1V1WjJKc0wyTnliQzlCVFVVbE1qQkpibVp5WVNVeU1FTkJKVEl3TURZdVkzSnNNSUdkQmdOVkhTQUVnWlV3Z1pJd0RBWUtLd1lCQkFHQ04zc0JBVEJtQmdvckJnRUVBWUkzZXdJQ01GZ3dWZ1lJS3dZQkJRVUhBZ0l3U2g1SUFETUFNd0JsQURBQU1RQTVBRElBTVFBdEFEUUFaQUEyQURRQUxRQTBBR1lBT0FCakFDMEFZUUF3QURVQU5RQXRBRFVBWWdCa0FHRUFaZ0JtQUdRQU5RQmxBRE1BTXdCa01Bd0dDaXNHQVFRQmdqZDdBd0l3REFZS0t3WUJCQUdDTjNzRUFqQWZCZ05WSFNNRUdEQVdnQlR4Um1qRzhjUHdLeTE5aTJyaHN2bS1OZnpSUVRBZEJnTlZIU1VFRmpBVUJnZ3JCZ0VGQlFjREFRWUlLd1lCQlFVSEF3SXdEUVlKS29aSWh2Y05BUUVMQlFBRGdnRUJBSmNGLXoySEdPRDV2QkFQQWlpYkx5bkpWUGVtY0N6STJTYk80clgtRTZBaFdMRU1JR0ZPNHBlYXZ3THY5aVByRktZMjlsYnM2U3hWU3U1cV9oajd5OTMyU0NmLUpORWV1ZTJjZmlEQ1B2M1Q2ZjItRUFaVGZNWHJIX0c3TWFKWEtpVDBXOWI3YWV3YmNQVDR4QUdhbGRPYjhuOXlacDB2ck5wOXFFdFdMbS1fYnZVZl8zX2VIZjZJbWwwbFEwMXZUQ2MtazI2NU9HNXQxR1h0azgxOWF5cU5CdWk1TGNod1BydWJJd1JUX3AyYm1rRHk0TS1OS3J3ZURTY1FZMlB5Q3NVcF9rZFpYYnZYb0xXQUhWZ3JZN0pxX1lESnREdjcxMzYwZFEyXzVGWWxtVG9HOXZQSXNEcTNILXJFMjJJS3JNOENRc1IzdGE2ZzdDWFNmbE5OcXVRJnM9SnQ3cnJZbkwwS1Y5aUM4U1ZvSVZUTkxMNy1XTTRBQk5NZVU4ZnZ1Znh0Mzh5X1I4dlVWMm9peVk2Y1dpMk9uUVFKT0Y0M3llRkNTaFdWNHFRR1A2NDZmRlJFLUhZaTdFSUVVWjQwajlNZkJSN1RjRjRjUmZHR0cyR3drZEJHdmNRQXU3WnFjWlBRS3JTaDFWWVZJbjA5QXNTLW5tM3EtYkhBX1JGUldBLU9OYS1oQjdTdjQwMmh3RmxoS01oQURkT3FnY1oxSUs3dTdOakZ1OV9SeUJHdDd3WlF4TE0xZGd5U3JOSGF5SEhfclg5am5PM0tNUDdaZHd4X3hSR1VWdUx0Y0J6NTBaSGFTcGNoMThFNl9jdlQ3MG4zSHQ0YmlLdVlabWxrY1dTNjhqNURzVVI1alRiVjJMYWN1TmswYk4zQl9VbWpqRWtVUEM4SXhROEpySGhBJmg9NlZ6ZGZ4TVI3eWVkbDFSc18wdVZ3TzlJYVRBNXQyc1oybzBJS3VFcDlZMA==",
      "RequestMethod": "GET",
      "RequestHeaders": {
        "User-Agent": [
          "AzurePowershell/v0.0.0",
          "PSVersion/v7.4.7",
          "Az.Resources/7.10.0"
        ],
        "ParameterSetName": [
          "BySubscriptionLevel"
        ],
        "CommandName": [
          "New-AzResource"
        ]
      },
      "RequestBody": "",
      "ResponseHeaders": {
        "Cache-Control": [
          "no-cache"
        ],
        "Pragma": [
          "no-cache"
        ],
        "Location": [
          "https://management.azure.com/subscriptions/28d194e0-fa92-40ee-b3e7-2e76df62f16b/providers/Microsoft.Storage/locations/eastus/asyncoperations/2ee6e946-a4bf-459d-8026-7d2bf76afbad?monitor=true&api-version=2024-01-01&t=638813600344115447&c=MIIHpTCCBo2gAwIBAgITOgWXBJzHWActAOyA9gAEBZcEnDANBgkqhkiG9w0BAQsFADBEMRMwEQYKCZImiZPyLGQBGRYDR0JMMRMwEQYKCZImiZPyLGQBGRYDQU1FMRgwFgYDVQQDEw9BTUUgSU5GUkEgQ0EgMDEwHhcNMjUwNDE4MDkxNjUyWhcNMjUxMDE1MDkxNjUyWjBAMT4wPAYDVQQDEzVhc3luY29wZXJhdGlvbnNpZ25pbmdjZXJ0aWZpY2F0ZS5tYW5hZ2VtZW50LmF6dXJlLmNvbTCCASIwDQYJKoZIhvcNAQEBBQADggEPADCCAQoCggEBALJ4tFzYjQAGXlMN4RVSj_Zp98bnnigeY99sbhZrAOQOjxR_04cAp0TrBwLXaA2b6MkNp3EWrqmwj8LAHlmiUmx_C5YeMG8WQUVkZMbfJNmAjSKJvmH2VO_H9OVOiiWemCFWlBXZMT6O1LsK-KI4EQtlTwXEv4-zXiqUQqjqHZQX6IJGxxcuw3R6KS00hFc9B4Ve9K9uvRk3OzuC_2evEuKFQfmIkhFu9gMtFnEBgp0E5Srek5Sh6WRO2V6wjcdtrFJ2dMStIbypiaJysxjNaLwTxBjKAJiyxkrxbuS0IPj2v4oOwkFSl9khCWu-ivje49N19yGiq_5BL-QYySfUPF0CAwEAAaOCBJIwggSOMCcGCSsGAQQBgjcVCgQaMBgwCgYIKwYBBQUHAwEwCgYIKwYBBQUHAwIwPQYJKwYBBAGCNxUHBDAwLgYmKwYBBAGCNxUIhpDjDYTVtHiE8Ys-hZvdFs6dEoFghfmRS4WsmTQCAWQCAQcwggHaBggrBgEFBQcBAQSCAcwwggHIMGYGCCsGAQUFBzAChlpodHRwOi8vY3JsLm1pY3Jvc29mdC5jb20vcGtpaW5mcmEvQ2VydHMvQlkyUEtJSU5UQ0EwMS5BTUUuR0JMX0FNRSUyMElORlJBJTIwQ0ElMjAwMSg0KS5jcnQwVgYIKwYBBQUHMAKGSmh0dHA6Ly9jcmwxLmFtZS5nYmwvYWlhL0JZMlBLSUlOVENBMDEuQU1FLkdCTF9BTUUlMjBJTkZSQSUyMENBJTIwMDEoNCkuY3J0MFYGCCsGAQUFBzAChkpodHRwOi8vY3JsMi5hbWUuZ2JsL2FpYS9CWTJQS0lJTlRDQTAxLkFNRS5HQkxfQU1FJTIwSU5GUkElMjBDQSUyMDAxKDQpLmNydDBWBggrBgEFBQcwAoZKaHR0cDovL2NybDMuYW1lLmdibC9haWEvQlkyUEtJSU5UQ0EwMS5BTUUuR0JMX0FNRSUyMElORlJBJTIwQ0ElMjAwMSg0KS5jcnQwVgYIKwYBBQUHMAKGSmh0dHA6Ly9jcmw0LmFtZS5nYmwvYWlhL0JZMlBLSUlOVENBMDEuQU1FLkdCTF9BTUUlMjBJTkZSQSUyMENBJTIwMDEoNCkuY3J0MB0GA1UdDgQWBBQpIRfJ6SPCR16Dy9sN1AQtQKjWNDAOBgNVHQ8BAf8EBAMCBaAwggE1BgNVHR8EggEsMIIBKDCCASSgggEgoIIBHIZCaHR0cDovL2NybC5taWNyb3NvZnQuY29tL3BraWluZnJhL0NSTC9BTUUlMjBJTkZSQSUyMENBJTIwMDEoNCkuY3JshjRodHRwOi8vY3JsMS5hbWUuZ2JsL2NybC9BTUUlMjBJTkZSQSUyMENBJTIwMDEoNCkuY3JshjRodHRwOi8vY3JsMi5hbWUuZ2JsL2NybC9BTUUlMjBJTkZSQSUyMENBJTIwMDEoNCkuY3JshjRodHRwOi8vY3JsMy5hbWUuZ2JsL2NybC9BTUUlMjBJTkZSQSUyMENBJTIwMDEoNCkuY3JshjRodHRwOi8vY3JsNC5hbWUuZ2JsL2NybC9BTUUlMjBJTkZSQSUyMENBJTIwMDEoNCkuY3JsMIGdBgNVHSAEgZUwgZIwDAYKKwYBBAGCN3sBATBmBgorBgEEAYI3ewICMFgwVgYIKwYBBQUHAgIwSh5IADMAMwBlADAAMQA5ADIAMQAtADQAZAA2ADQALQA0AGYAOABjAC0AYQAwADUANQAtADUAYgBkAGEAZgBmAGQANQBlADMAMwBkMAwGCisGAQQBgjd7AwIwDAYKKwYBBAGCN3sEAjAfBgNVHSMEGDAWgBTl2Ztn_PjsurvwwKidileIud8-YzAdBgNVHSUEFjAUBggrBgEFBQcDAQYIKwYBBQUHAwIwDQYJKoZIhvcNAQELBQADggEBACBpx57mqT5wt5VuFMhMv-QcXTs5QrWkz021CcXp44eWUSJBLP35O0JDRyA13V3zowD9Dkl6HKRosiwIhfUwb1VWxMZt1K97bfrlhekU_IFyRNImksBTl4Hg5mL7M4PQvDu_hNxb1NW9JnL8B4LEl-FVcKtOFC8R2wp_2vglSGujfVsEzQMXxCECc_j-T0saauGgdaItgRGQ-1JrKdhZ1FvHWU2eeab0zXatBPn7nyaNmU7DK2icP38PQp3g8yPPlpv1joUzz1GMBJXhtHRWCv93tVfT5q9DZQ-_S2H_1Y2raeucg8kUfGEvVuQ27w1bGi2QRDLtEtuNHgzpR3RB7os&s=Fnz5Ts2LxyTHTHJvDFp2CKR1CM_Hoz8335BExEHfBL6c8lLdhafjCPx9y6IudGaIAd91KTA0PSCx01-1gTQOjCMapDbAqGYxclq3avI3xaJwDt3XoinwStL3opbXKQVrVQgmOZdhKBCtNtZwJGPt_yPhELe1E2DSYXP2BW8oyJS4QTBfNhu8JOyx7rWmQGFJLD0wXnllktwBLNYzxRyG1Zlc50IHKrXjeOzQR9VNMtwCUQWjPY1IkHG57G_Qap0JxIJyMUq5TqR6Q3FaGOoSC1JBy76C4_nix0Nkon-P4xrHTCQ8JC0Phzn9C777Ff5fzbtw0DKEnVn764tjRn0hEA&h=779PEI9_8Gdx__iUi_UXYCW5NRRLFYn10cceDquoVrk"
        ],
        "Retry-After": [
          "0"
        ],
        "x-ms-request-id": [
          "f67a5bc4-fab8-4d50-b7ca-9c8fe57621df"
        ],
        "Strict-Transport-Security": [
          "max-age=31536000; includeSubDomains"
        ],
        "x-ms-operation-identifier": [
          "tenantId=b5ee6c06-c2c2-4e3c-8606-5f170cee077a,objectId=d9564619-2901-454a-8053-eaa564100d09/japaneast/447b4b06-d170-4667-bc01-5e26a4dc4c7a"
        ],
        "x-ms-ratelimit-remaining-subscription-reads": [
          "249"
        ],
        "x-ms-ratelimit-remaining-subscription-global-reads": [
          "3749"
        ],
        "x-ms-correlation-request-id": [
          "4207d663-d9df-4113-9a85-3d1496822e27"
        ],
        "x-ms-routing-request-id": [
          "JAPANEAST:20250427T141354Z:4207d663-d9df-4113-9a85-3d1496822e27"
        ],
        "X-Content-Type-Options": [
          "nosniff"
        ],
        "X-Cache": [
          "CONFIG_NOCACHE"
        ],
        "X-MSEdge-Ref": [
          "Ref A: 5BCF8A48731E4E32A32EF9D86FB2493D Ref B: TYO201151004052 Ref C: 2025-04-27T14:13:54Z"
        ],
        "Date": [
          "Sun, 27 Apr 2025 14:13:54 GMT"
        ],
        "Content-Type": [
          "text/plain; charset=utf-8"
        ],
        "Expires": [
          "-1"
        ],
        "Content-Length": [
          "0"
        ]
      },
      "ResponseBody": "",
      "StatusCode": 202
    },
    {
      "RequestUri": "/subscriptions/28d194e0-fa92-40ee-b3e7-2e76df62f16b/providers/Microsoft.Storage/locations/eastus/asyncoperations/2ee6e946-a4bf-459d-8026-7d2bf76afbad?monitor=true&api-version=2024-01-01&t=638813600344115447&c=MIIHpTCCBo2gAwIBAgITOgWXBJzHWActAOyA9gAEBZcEnDANBgkqhkiG9w0BAQsFADBEMRMwEQYKCZImiZPyLGQBGRYDR0JMMRMwEQYKCZImiZPyLGQBGRYDQU1FMRgwFgYDVQQDEw9BTUUgSU5GUkEgQ0EgMDEwHhcNMjUwNDE4MDkxNjUyWhcNMjUxMDE1MDkxNjUyWjBAMT4wPAYDVQQDEzVhc3luY29wZXJhdGlvbnNpZ25pbmdjZXJ0aWZpY2F0ZS5tYW5hZ2VtZW50LmF6dXJlLmNvbTCCASIwDQYJKoZIhvcNAQEBBQADggEPADCCAQoCggEBALJ4tFzYjQAGXlMN4RVSj_Zp98bnnigeY99sbhZrAOQOjxR_04cAp0TrBwLXaA2b6MkNp3EWrqmwj8LAHlmiUmx_C5YeMG8WQUVkZMbfJNmAjSKJvmH2VO_H9OVOiiWemCFWlBXZMT6O1LsK-KI4EQtlTwXEv4-zXiqUQqjqHZQX6IJGxxcuw3R6KS00hFc9B4Ve9K9uvRk3OzuC_2evEuKFQfmIkhFu9gMtFnEBgp0E5Srek5Sh6WRO2V6wjcdtrFJ2dMStIbypiaJysxjNaLwTxBjKAJiyxkrxbuS0IPj2v4oOwkFSl9khCWu-ivje49N19yGiq_5BL-QYySfUPF0CAwEAAaOCBJIwggSOMCcGCSsGAQQBgjcVCgQaMBgwCgYIKwYBBQUHAwEwCgYIKwYBBQUHAwIwPQYJKwYBBAGCNxUHBDAwLgYmKwYBBAGCNxUIhpDjDYTVtHiE8Ys-hZvdFs6dEoFghfmRS4WsmTQCAWQCAQcwggHaBggrBgEFBQcBAQSCAcwwggHIMGYGCCsGAQUFBzAChlpodHRwOi8vY3JsLm1pY3Jvc29mdC5jb20vcGtpaW5mcmEvQ2VydHMvQlkyUEtJSU5UQ0EwMS5BTUUuR0JMX0FNRSUyMElORlJBJTIwQ0ElMjAwMSg0KS5jcnQwVgYIKwYBBQUHMAKGSmh0dHA6Ly9jcmwxLmFtZS5nYmwvYWlhL0JZMlBLSUlOVENBMDEuQU1FLkdCTF9BTUUlMjBJTkZSQSUyMENBJTIwMDEoNCkuY3J0MFYGCCsGAQUFBzAChkpodHRwOi8vY3JsMi5hbWUuZ2JsL2FpYS9CWTJQS0lJTlRDQTAxLkFNRS5HQkxfQU1FJTIwSU5GUkElMjBDQSUyMDAxKDQpLmNydDBWBggrBgEFBQcwAoZKaHR0cDovL2NybDMuYW1lLmdibC9haWEvQlkyUEtJSU5UQ0EwMS5BTUUuR0JMX0FNRSUyMElORlJBJTIwQ0ElMjAwMSg0KS5jcnQwVgYIKwYBBQUHMAKGSmh0dHA6Ly9jcmw0LmFtZS5nYmwvYWlhL0JZMlBLSUlOVENBMDEuQU1FLkdCTF9BTUUlMjBJTkZSQSUyMENBJTIwMDEoNCkuY3J0MB0GA1UdDgQWBBQpIRfJ6SPCR16Dy9sN1AQtQKjWNDAOBgNVHQ8BAf8EBAMCBaAwggE1BgNVHR8EggEsMIIBKDCCASSgggEgoIIBHIZCaHR0cDovL2NybC5taWNyb3NvZnQuY29tL3BraWluZnJhL0NSTC9BTUUlMjBJTkZSQSUyMENBJTIwMDEoNCkuY3JshjRodHRwOi8vY3JsMS5hbWUuZ2JsL2NybC9BTUUlMjBJTkZSQSUyMENBJTIwMDEoNCkuY3JshjRodHRwOi8vY3JsMi5hbWUuZ2JsL2NybC9BTUUlMjBJTkZSQSUyMENBJTIwMDEoNCkuY3JshjRodHRwOi8vY3JsMy5hbWUuZ2JsL2NybC9BTUUlMjBJTkZSQSUyMENBJTIwMDEoNCkuY3JshjRodHRwOi8vY3JsNC5hbWUuZ2JsL2NybC9BTUUlMjBJTkZSQSUyMENBJTIwMDEoNCkuY3JsMIGdBgNVHSAEgZUwgZIwDAYKKwYBBAGCN3sBATBmBgorBgEEAYI3ewICMFgwVgYIKwYBBQUHAgIwSh5IADMAMwBlADAAMQA5ADIAMQAtADQAZAA2ADQALQA0AGYAOABjAC0AYQAwADUANQAtADUAYgBkAGEAZgBmAGQANQBlADMAMwBkMAwGCisGAQQBgjd7AwIwDAYKKwYBBAGCN3sEAjAfBgNVHSMEGDAWgBTl2Ztn_PjsurvwwKidileIud8-YzAdBgNVHSUEFjAUBggrBgEFBQcDAQYIKwYBBQUHAwIwDQYJKoZIhvcNAQELBQADggEBACBpx57mqT5wt5VuFMhMv-QcXTs5QrWkz021CcXp44eWUSJBLP35O0JDRyA13V3zowD9Dkl6HKRosiwIhfUwb1VWxMZt1K97bfrlhekU_IFyRNImksBTl4Hg5mL7M4PQvDu_hNxb1NW9JnL8B4LEl-FVcKtOFC8R2wp_2vglSGujfVsEzQMXxCECc_j-T0saauGgdaItgRGQ-1JrKdhZ1FvHWU2eeab0zXatBPn7nyaNmU7DK2icP38PQp3g8yPPlpv1joUzz1GMBJXhtHRWCv93tVfT5q9DZQ-_S2H_1Y2raeucg8kUfGEvVuQ27w1bGi2QRDLtEtuNHgzpR3RB7os&s=Fnz5Ts2LxyTHTHJvDFp2CKR1CM_Hoz8335BExEHfBL6c8lLdhafjCPx9y6IudGaIAd91KTA0PSCx01-1gTQOjCMapDbAqGYxclq3avI3xaJwDt3XoinwStL3opbXKQVrVQgmOZdhKBCtNtZwJGPt_yPhELe1E2DSYXP2BW8oyJS4QTBfNhu8JOyx7rWmQGFJLD0wXnllktwBLNYzxRyG1Zlc50IHKrXjeOzQR9VNMtwCUQWjPY1IkHG57G_Qap0JxIJyMUq5TqR6Q3FaGOoSC1JBy76C4_nix0Nkon-P4xrHTCQ8JC0Phzn9C777Ff5fzbtw0DKEnVn764tjRn0hEA&h=779PEI9_8Gdx__iUi_UXYCW5NRRLFYn10cceDquoVrk",
      "EncodedRequestUri": "L3N1YnNjcmlwdGlvbnMvMjhkMTk0ZTAtZmE5Mi00MGVlLWIzZTctMmU3NmRmNjJmMTZiL3Byb3ZpZGVycy9NaWNyb3NvZnQuU3RvcmFnZS9sb2NhdGlvbnMvZWFzdHVzL2FzeW5jb3BlcmF0aW9ucy8yZWU2ZTk0Ni1hNGJmLTQ1OWQtODAyNi03ZDJiZjc2YWZiYWQ/bW9uaXRvcj10cnVlJmFwaS12ZXJzaW9uPTIwMjQtMDEtMDEmdD02Mzg4MTM2MDAzNDQxMTU0NDcmYz1NSUlIcFRDQ0JvMmdBd0lCQWdJVE9nV1hCSnpIV0FjdEFPeUE5Z0FFQlpjRW5EQU5CZ2txaGtpRzl3MEJBUXNGQURCRU1STXdFUVlLQ1pJbWlaUHlMR1FCR1JZRFIwSk1NUk13RVFZS0NaSW1pWlB5TEdRQkdSWURRVTFGTVJnd0ZnWURWUVFERXc5QlRVVWdTVTVHVWtFZ1EwRWdNREV3SGhjTk1qVXdOREU0TURreE5qVXlXaGNOTWpVeE1ERTFNRGt4TmpVeVdqQkFNVDR3UEFZRFZRUURFelZoYzNsdVkyOXdaWEpoZEdsdmJuTnBaMjVwYm1kalpYSjBhV1pwWTJGMFpTNXRZVzVoWjJWdFpXNTBMbUY2ZFhKbExtTnZiVENDQVNJd0RRWUpLb1pJaHZjTkFRRUJCUUFEZ2dFUEFEQ0NBUW9DZ2dFQkFMSjR0RnpZalFBR1hsTU40UlZTal9acDk4Ym5uaWdlWTk5c2JoWnJBT1FPanhSXzA0Y0FwMFRyQndMWGFBMmI2TWtOcDNFV3JxbXdqOExBSGxtaVVteF9DNVllTUc4V1FVVmtaTWJmSk5tQWpTS0p2bUgyVk9fSDlPVk9paVdlbUNGV2xCWFpNVDZPMUxzSy1LSTRFUXRsVHdYRXY0LXpYaXFVUXFqcUhaUVg2SUpHeHhjdXczUjZLUzAwaEZjOUI0VmU5Szl1dlJrM096dUNfMmV2RXVLRlFmbUlraEZ1OWdNdEZuRUJncDBFNVNyZWs1U2g2V1JPMlY2d2pjZHRyRkoyZE1TdElieXBpYUp5c3hqTmFMd1R4QmpLQUppeXhrcnhidVMwSVBqMnY0b093a0ZTbDlraENXdS1pdmplNDlOMTl5R2lxXzVCTC1RWXlTZlVQRjBDQXdFQUFhT0NCSkl3Z2dTT01DY0dDU3NHQVFRQmdqY1ZDZ1FhTUJnd0NnWUlLd1lCQlFVSEF3RXdDZ1lJS3dZQkJRVUhBd0l3UFFZSkt3WUJCQUdDTnhVSEJEQXdMZ1ltS3dZQkJBR0NOeFVJaHBEakRZVFZ0SGlFOFlzLWhadmRGczZkRW9GZ2hmbVJTNFdzbVRRQ0FXUUNBUWN3Z2dIYUJnZ3JCZ0VGQlFjQkFRU0NBY3d3Z2dISU1HWUdDQ3NHQVFVRkJ6QUNobHBvZEhSd09pOHZZM0pzTG0xcFkzSnZjMjltZEM1amIyMHZjR3RwYVc1bWNtRXZRMlZ5ZEhNdlFsa3lVRXRKU1U1VVEwRXdNUzVCVFVVdVIwSk1YMEZOUlNVeU1FbE9SbEpCSlRJd1EwRWxNakF3TVNnMEtTNWpjblF3VmdZSUt3WUJCUVVITUFLR1NtaDBkSEE2THk5amNtd3hMbUZ0WlM1blltd3ZZV2xoTDBKWk1sQkxTVWxPVkVOQk1ERXVRVTFGTGtkQ1RGOUJUVVVsTWpCSlRrWlNRU1V5TUVOQkpUSXdNREVvTkNrdVkzSjBNRllHQ0NzR0FRVUZCekFDaGtwb2RIUndPaTh2WTNKc01pNWhiV1V1WjJKc0wyRnBZUzlDV1RKUVMwbEpUbFJEUVRBeExrRk5SUzVIUWt4ZlFVMUZKVEl3U1U1R1VrRWxNakJEUVNVeU1EQXhLRFFwTG1OeWREQldCZ2dyQmdFRkJRY3dBb1pLYUhSMGNEb3ZMMk55YkRNdVlXMWxMbWRpYkM5aGFXRXZRbGt5VUV0SlNVNVVRMEV3TVM1QlRVVXVSMEpNWDBGTlJTVXlNRWxPUmxKQkpUSXdRMEVsTWpBd01TZzBLUzVqY25Rd1ZnWUlLd1lCQlFVSE1BS0dTbWgwZEhBNkx5OWpjbXcwTG1GdFpTNW5ZbXd2WVdsaEwwSlpNbEJMU1VsT1ZFTkJNREV1UVUxRkxrZENURjlCVFVVbE1qQkpUa1pTUVNVeU1FTkJKVEl3TURFb05Da3VZM0owTUIwR0ExVWREZ1FXQkJRcElSZko2U1BDUjE2RHk5c04xQVF0UUtqV05EQU9CZ05WSFE4QkFmOEVCQU1DQmFBd2dnRTFCZ05WSFI4RWdnRXNNSUlCS0RDQ0FTU2dnZ0Vnb0lJQkhJWkNhSFIwY0RvdkwyTnliQzV0YVdOeWIzTnZablF1WTI5dEwzQnJhV2x1Wm5KaEwwTlNUQzlCVFVVbE1qQkpUa1pTUVNVeU1FTkJKVEl3TURFb05Da3VZM0pzaGpSb2RIUndPaTh2WTNKc01TNWhiV1V1WjJKc0wyTnliQzlCVFVVbE1qQkpUa1pTUVNVeU1FTkJKVEl3TURFb05Da3VZM0pzaGpSb2RIUndPaTh2WTNKc01pNWhiV1V1WjJKc0wyTnliQzlCVFVVbE1qQkpUa1pTUVNVeU1FTkJKVEl3TURFb05Da3VZM0pzaGpSb2RIUndPaTh2WTNKc015NWhiV1V1WjJKc0wyTnliQzlCVFVVbE1qQkpUa1pTUVNVeU1FTkJKVEl3TURFb05Da3VZM0pzaGpSb2RIUndPaTh2WTNKc05DNWhiV1V1WjJKc0wyTnliQzlCVFVVbE1qQkpUa1pTUVNVeU1FTkJKVEl3TURFb05Da3VZM0pzTUlHZEJnTlZIU0FFZ1pVd2daSXdEQVlLS3dZQkJBR0NOM3NCQVRCbUJnb3JCZ0VFQVlJM2V3SUNNRmd3VmdZSUt3WUJCUVVIQWdJd1NoNUlBRE1BTXdCbEFEQUFNUUE1QURJQU1RQXRBRFFBWkFBMkFEUUFMUUEwQUdZQU9BQmpBQzBBWVFBd0FEVUFOUUF0QURVQVlnQmtBR0VBWmdCbUFHUUFOUUJsQURNQU13QmtNQXdHQ2lzR0FRUUJnamQ3QXdJd0RBWUtLd1lCQkFHQ04zc0VBakFmQmdOVkhTTUVHREFXZ0JUbDJadG5fUGpzdXJ2d3dLaWRpbGVJdWQ4LVl6QWRCZ05WSFNVRUZqQVVCZ2dyQmdFRkJRY0RBUVlJS3dZQkJRVUhBd0l3RFFZSktvWklodmNOQVFFTEJRQURnZ0VCQUNCcHg1N21xVDV3dDVWdUZNaE12LVFjWFRzNVFyV2t6MDIxQ2NYcDQ0ZVdVU0pCTFAzNU8wSkRSeUExM1Yzem93RDlEa2w2SEtSb3Npd0loZlV3YjFWV3hNWnQxSzk3YmZybGhla1VfSUZ5Uk5JbWtzQlRsNEhnNW1MN000UFF2RHVfaE54YjFOVzlKbkw4QjRMRWwtRlZjS3RPRkM4UjJ3cF8ydmdsU0d1amZWc0V6UU1YeENFQ2Nfai1UMHNhYXVHZ2RhSXRnUkdRLTFKcktkaFoxRnZIV1UyZWVhYjB6WGF0QlBuN255YU5tVTdESzJpY1AzOFBRcDNnOHlQUGxwdjFqb1V6ejFHTUJKWGh0SFJXQ3Y5M3RWZlQ1cTlEWlEtX1MySF8xWTJyYWV1Y2c4a1VmR0V2VnVRMjd3MWJHaTJRUkRMdEV0dU5IZ3pwUjNSQjdvcyZzPUZuejVUczJMeHlUSFRISnZERnAyQ0tSMUNNX0hvejgzMzVCRXhFSGZCTDZjOGxMZGhhZmpDUHg5eTZJdWRHYUlBZDkxS1RBMFBTQ3gwMS0xZ1RRT2pDTWFwRGJBcUdZeGNscTNhdkkzeGFKd0R0M1hvaW53U3RMM29wYlhLUVZyVlFnbU9aZGhLQkN0TnRad0pHUHRfeVBoRUxlMUUyRFNZWFAyQlc4b3lKUzRRVEJmTmh1OEpPeXg3cldtUUdGSkxEMHdYbmxsa3R3QkxOWXp4UnlHMVpsYzUwSUhLclhqZU96UVI5Vk5NdHdDVVFXalBZMUlrSEc1N0dfUWFwMEp4SUp5TVVxNVRxUjZRM0ZhR09vU0MxSkJ5NzZDNF9uaXgwTmtvbi1QNHhySFRDUThKQzBQaHpuOUM3NzdGZjVmemJ0dzBES0VuVm43NjR0alJuMGhFQSZoPTc3OVBFSTlfOEdkeF9faVVpX1VYWUNXNU5SUkxGWW4xMGNjZURxdW9Wcms=",
      "RequestMethod": "GET",
      "RequestHeaders": {
        "User-Agent": [
          "AzurePowershell/v0.0.0",
          "PSVersion/v7.4.7",
          "Az.Resources/7.10.0"
        ],
        "ParameterSetName": [
          "BySubscriptionLevel"
        ],
        "CommandName": [
          "New-AzResource"
        ]
      },
      "RequestBody": "",
      "ResponseHeaders": {
        "Cache-Control": [
          "no-cache"
        ],
        "Pragma": [
          "no-cache"
        ],
        "x-ms-request-id": [
          "354cf33f-93a6-4813-aae5-dba044fdd5f2"
        ],
        "Strict-Transport-Security": [
          "max-age=31536000; includeSubDomains"
        ],
        "x-ms-operation-identifier": [
          "tenantId=b5ee6c06-c2c2-4e3c-8606-5f170cee077a,objectId=d9564619-2901-454a-8053-eaa564100d09/japanwest/41c71d07-7932-498c-8aef-02661cf226b3"
        ],
        "x-ms-ratelimit-remaining-subscription-reads": [
          "249"
        ],
        "x-ms-ratelimit-remaining-subscription-global-reads": [
          "3749"
        ],
        "x-ms-correlation-request-id": [
          "a6617cc7-1002-494c-b389-c2703a438944"
        ],
        "x-ms-routing-request-id": [
          "JAPANWEST:20250427T141412Z:a6617cc7-1002-494c-b389-c2703a438944"
        ],
        "X-Content-Type-Options": [
          "nosniff"
        ],
        "X-Cache": [
          "CONFIG_NOCACHE"
        ],
        "X-MSEdge-Ref": [
          "Ref A: BCFAC5857C724D1A895F19981E344299 Ref B: TYO201151001036 Ref C: 2025-04-27T14:14:11Z"
        ],
        "Date": [
          "Sun, 27 Apr 2025 14:14:11 GMT"
        ],
        "Content-Length": [
          "1269"
        ],
        "Content-Type": [
          "application/json"
        ],
        "Expires": [
          "-1"
        ],
        "Retry-After": [
          "0"
        ]
      },
      "ResponseBody": "{\r\n  \"sku\": {\r\n    \"name\": \"Standard_LRS\",\r\n    \"tier\": \"Standard\"\r\n  },\r\n  \"kind\": \"Storage\",\r\n  \"id\": \"/subscriptions/28d194e0-fa92-40ee-b3e7-2e76df62f16b/resourceGroups/ps9175/providers/Microsoft.Storage/storageAccounts/ps9434\",\r\n  \"name\": \"ps9434\",\r\n  \"type\": \"Microsoft.Storage/storageAccounts\",\r\n  \"location\": \"eastus\",\r\n  \"tags\": {},\r\n  \"properties\": {\r\n    \"keyCreationTime\": {\r\n      \"key1\": \"2025-04-27T14:13:51.9873122Z\",\r\n      \"key2\": \"2025-04-27T14:13:51.9873122Z\"\r\n    },\r\n    \"allowCrossTenantReplication\": false,\r\n    \"privateEndpointConnections\": [],\r\n    \"minimumTlsVersion\": \"TLS1_0\",\r\n    \"allowBlobPublicAccess\": false,\r\n    \"networkAcls\": {\r\n      \"ipv6Rules\": [],\r\n      \"bypass\": \"AzureServices\",\r\n      \"virtualNetworkRules\": [],\r\n      \"ipRules\": [],\r\n      \"defaultAction\": \"Allow\"\r\n    },\r\n    \"supportsHttpsTrafficOnly\": true,\r\n    \"encryption\": {\r\n      \"services\": {\r\n        \"file\": {\r\n          \"keyType\": \"Account\",\r\n          \"enabled\": true,\r\n          \"lastEnabledTime\": \"2025-04-27T14:13:51.9873122Z\"\r\n        },\r\n        \"blob\": {\r\n          \"keyType\": \"Account\",\r\n          \"enabled\": true,\r\n          \"lastEnabledTime\": \"2025-04-27T14:13:51.9873122Z\"\r\n        }\r\n      },\r\n      \"keySource\": \"Microsoft.Storage\"\r\n    },\r\n    \"provisioningState\": \"Succeeded\",\r\n    \"creationTime\": \"2025-04-27T14:13:51.831061Z\",\r\n    \"primaryEndpoints\": {\r\n      \"blob\": \"https://ps9434.blob.core.windows.net/\",\r\n      \"queue\": \"https://ps9434.queue.core.windows.net/\",\r\n      \"table\": \"https://ps9434.table.core.windows.net/\",\r\n      \"file\": \"https://ps9434.file.core.windows.net/\"\r\n    },\r\n    \"primaryLocation\": \"eastus\",\r\n    \"statusOfPrimary\": \"available\"\r\n  }\r\n}",
      "StatusCode": 200
    },
    {
      "RequestUri": "/subscriptions/28d194e0-fa92-40ee-b3e7-2e76df62f16b/providers/Microsoft.FakeProvider?api-version=2021-04-01",
      "EncodedRequestUri": "L3N1YnNjcmlwdGlvbnMvMjhkMTk0ZTAtZmE5Mi00MGVlLWIzZTctMmU3NmRmNjJmMTZiL3Byb3ZpZGVycy9NaWNyb3NvZnQuRmFrZVByb3ZpZGVyP2FwaS12ZXJzaW9uPTIwMjEtMDQtMDE=",
      "RequestMethod": "GET",
      "RequestHeaders": {
        "Accept-Language": [
          "en-US"
        ],
        "x-ms-client-request-id": [
          "00ed60e2-a6df-472c-ad66-3ab6a3eb9dce"
        ],
        "User-Agent": [
          "FxVersion/8.0.1525.16413",
          "OSName/Windows",
          "OSVersion/Microsoft.Windows.10.0.26100",
          "Microsoft.Azure.Management.ResourceManager.ResourceManagementClient/3.17.3.0"
        ]
      },
      "RequestBody": "",
      "ResponseHeaders": {
        "Cache-Control": [
          "no-cache"
        ],
        "Pragma": [
          "no-cache"
        ],
        "x-ms-failure-cause": [
          "gateway"
        ],
        "x-ms-ratelimit-remaining-subscription-reads": [
          "249"
        ],
        "x-ms-ratelimit-remaining-subscription-global-reads": [
          "3749"
        ],
        "x-ms-request-id": [
          "a04a948a-8e2c-4e61-a859-5f295702f35d"
        ],
        "x-ms-correlation-request-id": [
          "a04a948a-8e2c-4e61-a859-5f295702f35d"
        ],
        "x-ms-routing-request-id": [
          "JAPANWEST:20250427T141412Z:a04a948a-8e2c-4e61-a859-5f295702f35d"
        ],
        "Strict-Transport-Security": [
          "max-age=31536000; includeSubDomains"
        ],
        "X-Content-Type-Options": [
          "nosniff"
        ],
        "X-Cache": [
          "CONFIG_NOCACHE"
        ],
        "X-MSEdge-Ref": [
          "Ref A: BC41CA72E98F42EDBDCA0CF7D846608D Ref B: TYO201100117033 Ref C: 2025-04-27T14:14:12Z"
        ],
        "Date": [
          "Sun, 27 Apr 2025 14:14:12 GMT"
        ],
        "Content-Length": [
          "117"
        ],
        "Content-Type": [
          "application/json; charset=utf-8"
        ],
        "Expires": [
          "-1"
        ],
        "Retry-After": [
          "0"
        ]
      },
      "ResponseBody": "{\r\n  \"error\": {\r\n    \"code\": \"InvalidResourceNamespace\",\r\n    \"message\": \"The resource namespace 'Microsoft.FakeProvider' is invalid.\"\r\n  }\r\n}",
      "StatusCode": 404
    },
    {
      "RequestUri": "/subscriptions/28d194e0-fa92-40ee-b3e7-2e76df62f16b/resourcegroups/ps9175?api-version=2021-04-01",
      "EncodedRequestUri": "L3N1YnNjcmlwdGlvbnMvMjhkMTk0ZTAtZmE5Mi00MGVlLWIzZTctMmU3NmRmNjJmMTZiL3Jlc291cmNlZ3JvdXBzL3BzOTE3NT9hcGktdmVyc2lvbj0yMDIxLTA0LTAx",
      "RequestMethod": "DELETE",
      "RequestHeaders": {
        "Accept-Language": [
          "en-US"
        ],
        "x-ms-client-request-id": [
          "438f42d5-c0c4-439f-90ff-3ab77fa5293d"
        ],
        "User-Agent": [
          "FxVersion/8.0.1525.16413",
          "OSName/Windows",
          "OSVersion/Microsoft.Windows.10.0.26100",
          "Microsoft.Azure.Management.ResourceManager.ResourceManagementClient/3.17.3.0"
        ]
      },
      "RequestBody": "",
      "ResponseHeaders": {
        "Cache-Control": [
          "no-cache"
        ],
        "Pragma": [
          "no-cache"
        ],
        "Location": [
          "https://management.azure.com/subscriptions/28d194e0-fa92-40ee-b3e7-2e76df62f16b/operationresults/eyJqb2JJZCI6IlJFU09VUkNFR1JPVVBERUxFVElPTkpPQi1QUzkxNzUtRUFTVFVTIiwiam9iTG9jYXRpb24iOiJlYXN0dXMifQ?api-version=2021-04-01&t=638813600550931850&c=MIIHhzCCBm-gAwIBAgITHgbLuWlxY4-k_d1algAABsu5aTANBgkqhkiG9w0BAQsFADBEMRMwEQYKCZImiZPyLGQBGRYDR0JMMRMwEQYKCZImiZPyLGQBGRYDQU1FMRgwFgYDVQQDEw9BTUUgSW5mcmEgQ0EgMDYwHhcNMjUwNDE5MTMxMzMyWhcNMjUxMDE2MTMxMzMyWjBAMT4wPAYDVQQDEzVhc3luY29wZXJhdGlvbnNpZ25pbmdjZXJ0aWZpY2F0ZS5tYW5hZ2VtZW50LmF6dXJlLmNvbTCCASIwDQYJKoZIhvcNAQEBBQADggEPADCCAQoCggEBAMvHJaUg0aA6C-P-W7rBOoZfQCieq667lznMrFDPEeiLJs-W58e8I_jHbBheje2C5g9-qBPHK6VQBBfZrcs9tzrupbS7wUKQvBkbEEqj19vo7jPtiN4hWOYzxijvMpObILP6eyLeXsL3K6b3th6Mzu1YEGETh8Lh9lsKsgT-uiTSC52uYnO63jpJBr83ivLckQDLkpMN21cpEJpaenMoBGBtKAmREs19pJv5r4HQS73KA4NZgjOChwFPAD7cIPY8jFZduW--1Ej4woncGGu117cZcM1yffltg1tqs5vmfgVc4ru4VoMm2UUdWXj6t8VoG1yJ8zasfOiUeO4CjEJgU0ECAwEAAaOCBHQwggRwMCcGCSsGAQQBgjcVCgQaMBgwCgYIKwYBBQUHAwEwCgYIKwYBBQUHAwIwPQYJKwYBBAGCNxUHBDAwLgYmKwYBBAGCNxUIhpDjDYTVtHiE8Ys-hZvdFs6dEoFghfmRS4WsmTQCAWQCAQcwggHLBggrBgEFBQcBAQSCAb0wggG5MGMGCCsGAQUFBzAChldodHRwOi8vY3JsLm1pY3Jvc29mdC5jb20vcGtpaW5mcmEvQ2VydHMvQkwyUEtJSU5UQ0EwMi5BTUUuR0JMX0FNRSUyMEluZnJhJTIwQ0ElMjAwNi5jcnQwUwYIKwYBBQUHMAKGR2h0dHA6Ly9jcmwxLmFtZS5nYmwvYWlhL0JMMlBLSUlOVENBMDIuQU1FLkdCTF9BTUUlMjBJbmZyYSUyMENBJTIwMDYuY3J0MFMGCCsGAQUFBzAChkdodHRwOi8vY3JsMi5hbWUuZ2JsL2FpYS9CTDJQS0lJTlRDQTAyLkFNRS5HQkxfQU1FJTIwSW5mcmElMjBDQSUyMDA2LmNydDBTBggrBgEFBQcwAoZHaHR0cDovL2NybDMuYW1lLmdibC9haWEvQkwyUEtJSU5UQ0EwMi5BTUUuR0JMX0FNRSUyMEluZnJhJTIwQ0ElMjAwNi5jcnQwUwYIKwYBBQUHMAKGR2h0dHA6Ly9jcmw0LmFtZS5nYmwvYWlhL0JMMlBLSUlOVENBMDIuQU1FLkdCTF9BTUUlMjBJbmZyYSUyMENBJTIwMDYuY3J0MB0GA1UdDgQWBBQDmHWGUrNZmFtIfL14RXoPR4LL6zAOBgNVHQ8BAf8EBAMCBaAwggEmBgNVHR8EggEdMIIBGTCCARWgggERoIIBDYY_aHR0cDovL2NybC5taWNyb3NvZnQuY29tL3BraWluZnJhL0NSTC9BTUUlMjBJbmZyYSUyMENBJTIwMDYuY3JshjFodHRwOi8vY3JsMS5hbWUuZ2JsL2NybC9BTUUlMjBJbmZyYSUyMENBJTIwMDYuY3JshjFodHRwOi8vY3JsMi5hbWUuZ2JsL2NybC9BTUUlMjBJbmZyYSUyMENBJTIwMDYuY3JshjFodHRwOi8vY3JsMy5hbWUuZ2JsL2NybC9BTUUlMjBJbmZyYSUyMENBJTIwMDYuY3JshjFodHRwOi8vY3JsNC5hbWUuZ2JsL2NybC9BTUUlMjBJbmZyYSUyMENBJTIwMDYuY3JsMIGdBgNVHSAEgZUwgZIwDAYKKwYBBAGCN3sBATBmBgorBgEEAYI3ewICMFgwVgYIKwYBBQUHAgIwSh5IADMAMwBlADAAMQA5ADIAMQAtADQAZAA2ADQALQA0AGYAOABjAC0AYQAwADUANQAtADUAYgBkAGEAZgBmAGQANQBlADMAMwBkMAwGCisGAQQBgjd7AwIwDAYKKwYBBAGCN3sEAjAfBgNVHSMEGDAWgBTxRmjG8cPwKy19i2rhsvm-NfzRQTAdBgNVHSUEFjAUBggrBgEFBQcDAQYIKwYBBQUHAwIwDQYJKoZIhvcNAQELBQADggEBAJcF-z2HGOD5vBAPAiibLynJVPemcCzI2SbO4rX-E6AhWLEMIGFO4peavwLv9iPrFKY29lbs6SxVSu5q_hj7y932SCf-JNEeue2cfiDCPv3T6f2-EAZTfMXrH_G7MaJXKiT0W9b7aewbcPT4xAGaldOb8n9yZp0vrNp9qEtWLm-_bvUf_3_eHf6Iml0lQ01vTCc-k265OG5t1GXtk819ayqNBui5LchwPrubIwRT_p2bmkDy4M-NKrweDScQY2PyCsUp_kdZXbvXoLWAHVgrY7Jq_YDJtDv71360dQ2_5FYlmToG9vPIsDq3H-rE22IKrM8CQsR3ta6g7CXSflNNquQ&s=sM27Ic4jMBkE918KsRNh5WUVV9eApM2o-vH5qaYHxEnhtZmcZkWHAJt_YGXf_7suiSfxBAokC8mbkWIUffX3EA3NFfkllGoKiDVrysoo3Ry-llw2b8SJxdlHl1f6RrpzWBwZOwf7wcUcHyMhzpkho0cL8eVvyGMYfjgp8v2VhVlgGFn4HoctYnskkHQ2qzbx23QNgvED9GzbZwbPxCEk7eD7d2Qt0PzMxoVa_v3cudjHUXYtgI4_RNG4aKlt9RxOeyPIltwbz53FWFPQF0njMNv2cFvBOO6N4wKbZ0AgQ1g5jQ7w8bN6iIPmX3PWlOo4DkO06k22YFhGyOO87shGCQ&h=9YjjWAfxspusP_rnmIXnexwroWTX2bQl-C7NUPU4AW0"
        ],
        "Retry-After": [
          "0"
        ],
        "x-ms-ratelimit-remaining-subscription-deletes": [
          "199"
        ],
        "x-ms-ratelimit-remaining-subscription-global-deletes": [
          "2999"
        ],
        "x-ms-request-id": [
          "56daf89b-e76f-4a52-8f42-81207dedc6c6"
        ],
        "x-ms-correlation-request-id": [
          "56daf89b-e76f-4a52-8f42-81207dedc6c6"
        ],
        "x-ms-routing-request-id": [
          "JAPANWEST:20250427T141415Z:56daf89b-e76f-4a52-8f42-81207dedc6c6"
        ],
        "Strict-Transport-Security": [
          "max-age=31536000; includeSubDomains"
        ],
        "X-Content-Type-Options": [
          "nosniff"
        ],
        "X-Cache": [
          "CONFIG_NOCACHE"
        ],
        "X-MSEdge-Ref": [
          "Ref A: 01BF3EDC3E9840E88A68CEC2380F4E1B Ref B: TYO201100117021 Ref C: 2025-04-27T14:14:13Z"
        ],
        "Date": [
          "Sun, 27 Apr 2025 14:14:15 GMT"
        ],
        "Expires": [
          "-1"
        ],
        "Content-Length": [
          "0"
        ]
      },
      "ResponseBody": "",
      "StatusCode": 202
    },
    {
      "RequestUri": "/subscriptions/28d194e0-fa92-40ee-b3e7-2e76df62f16b/operationresults/eyJqb2JJZCI6IlJFU09VUkNFR1JPVVBERUxFVElPTkpPQi1QUzkxNzUtRUFTVFVTIiwiam9iTG9jYXRpb24iOiJlYXN0dXMifQ?api-version=2021-04-01&t=638813600550931850&c=MIIHhzCCBm-gAwIBAgITHgbLuWlxY4-k_d1algAABsu5aTANBgkqhkiG9w0BAQsFADBEMRMwEQYKCZImiZPyLGQBGRYDR0JMMRMwEQYKCZImiZPyLGQBGRYDQU1FMRgwFgYDVQQDEw9BTUUgSW5mcmEgQ0EgMDYwHhcNMjUwNDE5MTMxMzMyWhcNMjUxMDE2MTMxMzMyWjBAMT4wPAYDVQQDEzVhc3luY29wZXJhdGlvbnNpZ25pbmdjZXJ0aWZpY2F0ZS5tYW5hZ2VtZW50LmF6dXJlLmNvbTCCASIwDQYJKoZIhvcNAQEBBQADggEPADCCAQoCggEBAMvHJaUg0aA6C-P-W7rBOoZfQCieq667lznMrFDPEeiLJs-W58e8I_jHbBheje2C5g9-qBPHK6VQBBfZrcs9tzrupbS7wUKQvBkbEEqj19vo7jPtiN4hWOYzxijvMpObILP6eyLeXsL3K6b3th6Mzu1YEGETh8Lh9lsKsgT-uiTSC52uYnO63jpJBr83ivLckQDLkpMN21cpEJpaenMoBGBtKAmREs19pJv5r4HQS73KA4NZgjOChwFPAD7cIPY8jFZduW--1Ej4woncGGu117cZcM1yffltg1tqs5vmfgVc4ru4VoMm2UUdWXj6t8VoG1yJ8zasfOiUeO4CjEJgU0ECAwEAAaOCBHQwggRwMCcGCSsGAQQBgjcVCgQaMBgwCgYIKwYBBQUHAwEwCgYIKwYBBQUHAwIwPQYJKwYBBAGCNxUHBDAwLgYmKwYBBAGCNxUIhpDjDYTVtHiE8Ys-hZvdFs6dEoFghfmRS4WsmTQCAWQCAQcwggHLBggrBgEFBQcBAQSCAb0wggG5MGMGCCsGAQUFBzAChldodHRwOi8vY3JsLm1pY3Jvc29mdC5jb20vcGtpaW5mcmEvQ2VydHMvQkwyUEtJSU5UQ0EwMi5BTUUuR0JMX0FNRSUyMEluZnJhJTIwQ0ElMjAwNi5jcnQwUwYIKwYBBQUHMAKGR2h0dHA6Ly9jcmwxLmFtZS5nYmwvYWlhL0JMMlBLSUlOVENBMDIuQU1FLkdCTF9BTUUlMjBJbmZyYSUyMENBJTIwMDYuY3J0MFMGCCsGAQUFBzAChkdodHRwOi8vY3JsMi5hbWUuZ2JsL2FpYS9CTDJQS0lJTlRDQTAyLkFNRS5HQkxfQU1FJTIwSW5mcmElMjBDQSUyMDA2LmNydDBTBggrBgEFBQcwAoZHaHR0cDovL2NybDMuYW1lLmdibC9haWEvQkwyUEtJSU5UQ0EwMi5BTUUuR0JMX0FNRSUyMEluZnJhJTIwQ0ElMjAwNi5jcnQwUwYIKwYBBQUHMAKGR2h0dHA6Ly9jcmw0LmFtZS5nYmwvYWlhL0JMMlBLSUlOVENBMDIuQU1FLkdCTF9BTUUlMjBJbmZyYSUyMENBJTIwMDYuY3J0MB0GA1UdDgQWBBQDmHWGUrNZmFtIfL14RXoPR4LL6zAOBgNVHQ8BAf8EBAMCBaAwggEmBgNVHR8EggEdMIIBGTCCARWgggERoIIBDYY_aHR0cDovL2NybC5taWNyb3NvZnQuY29tL3BraWluZnJhL0NSTC9BTUUlMjBJbmZyYSUyMENBJTIwMDYuY3JshjFodHRwOi8vY3JsMS5hbWUuZ2JsL2NybC9BTUUlMjBJbmZyYSUyMENBJTIwMDYuY3JshjFodHRwOi8vY3JsMi5hbWUuZ2JsL2NybC9BTUUlMjBJbmZyYSUyMENBJTIwMDYuY3JshjFodHRwOi8vY3JsMy5hbWUuZ2JsL2NybC9BTUUlMjBJbmZyYSUyMENBJTIwMDYuY3JshjFodHRwOi8vY3JsNC5hbWUuZ2JsL2NybC9BTUUlMjBJbmZyYSUyMENBJTIwMDYuY3JsMIGdBgNVHSAEgZUwgZIwDAYKKwYBBAGCN3sBATBmBgorBgEEAYI3ewICMFgwVgYIKwYBBQUHAgIwSh5IADMAMwBlADAAMQA5ADIAMQAtADQAZAA2ADQALQA0AGYAOABjAC0AYQAwADUANQAtADUAYgBkAGEAZgBmAGQANQBlADMAMwBkMAwGCisGAQQBgjd7AwIwDAYKKwYBBAGCN3sEAjAfBgNVHSMEGDAWgBTxRmjG8cPwKy19i2rhsvm-NfzRQTAdBgNVHSUEFjAUBggrBgEFBQcDAQYIKwYBBQUHAwIwDQYJKoZIhvcNAQELBQADggEBAJcF-z2HGOD5vBAPAiibLynJVPemcCzI2SbO4rX-E6AhWLEMIGFO4peavwLv9iPrFKY29lbs6SxVSu5q_hj7y932SCf-JNEeue2cfiDCPv3T6f2-EAZTfMXrH_G7MaJXKiT0W9b7aewbcPT4xAGaldOb8n9yZp0vrNp9qEtWLm-_bvUf_3_eHf6Iml0lQ01vTCc-k265OG5t1GXtk819ayqNBui5LchwPrubIwRT_p2bmkDy4M-NKrweDScQY2PyCsUp_kdZXbvXoLWAHVgrY7Jq_YDJtDv71360dQ2_5FYlmToG9vPIsDq3H-rE22IKrM8CQsR3ta6g7CXSflNNquQ&s=sM27Ic4jMBkE918KsRNh5WUVV9eApM2o-vH5qaYHxEnhtZmcZkWHAJt_YGXf_7suiSfxBAokC8mbkWIUffX3EA3NFfkllGoKiDVrysoo3Ry-llw2b8SJxdlHl1f6RrpzWBwZOwf7wcUcHyMhzpkho0cL8eVvyGMYfjgp8v2VhVlgGFn4HoctYnskkHQ2qzbx23QNgvED9GzbZwbPxCEk7eD7d2Qt0PzMxoVa_v3cudjHUXYtgI4_RNG4aKlt9RxOeyPIltwbz53FWFPQF0njMNv2cFvBOO6N4wKbZ0AgQ1g5jQ7w8bN6iIPmX3PWlOo4DkO06k22YFhGyOO87shGCQ&h=9YjjWAfxspusP_rnmIXnexwroWTX2bQl-C7NUPU4AW0",
      "EncodedRequestUri": "L3N1YnNjcmlwdGlvbnMvMjhkMTk0ZTAtZmE5Mi00MGVlLWIzZTctMmU3NmRmNjJmMTZiL29wZXJhdGlvbnJlc3VsdHMvZXlKcWIySkpaQ0k2SWxKRlUwOVZVa05GUjFKUFZWQkVSVXhGVkVsUFRrcFBRaTFRVXpreE56VXRSVUZUVkZWVElpd2lhbTlpVEc5allYUnBiMjRpT2lKbFlYTjBkWE1pZlE/YXBpLXZlcnNpb249MjAyMS0wNC0wMSZ0PTYzODgxMzYwMDU1MDkzMTg1MCZjPU1JSUhoekNDQm0tZ0F3SUJBZ0lUSGdiTHVXbHhZNC1rX2QxYWxnQUFCc3U1YVRBTkJna3Foa2lHOXcwQkFRc0ZBREJFTVJNd0VRWUtDWkltaVpQeUxHUUJHUllEUjBKTU1STXdFUVlLQ1pJbWlaUHlMR1FCR1JZRFFVMUZNUmd3RmdZRFZRUURFdzlCVFVVZ1NXNW1jbUVnUTBFZ01EWXdIaGNOTWpVd05ERTVNVE14TXpNeVdoY05NalV4TURFMk1UTXhNek15V2pCQU1UNHdQQVlEVlFRREV6VmhjM2x1WTI5d1pYSmhkR2x2Ym5OcFoyNXBibWRqWlhKMGFXWnBZMkYwWlM1dFlXNWhaMlZ0Wlc1MExtRjZkWEpsTG1OdmJUQ0NBU0l3RFFZSktvWklodmNOQVFFQkJRQURnZ0VQQURDQ0FRb0NnZ0VCQU12SEphVWcwYUE2Qy1QLVc3ckJPb1pmUUNpZXE2Njdsem5NckZEUEVlaUxKcy1XNThlOElfakhiQmhlamUyQzVnOS1xQlBISzZWUUJCZlpyY3M5dHpydXBiUzd3VUtRdkJrYkVFcWoxOXZvN2pQdGlONGhXT1l6eGlqdk1wT2JJTFA2ZXlMZVhzTDNLNmIzdGg2TXp1MVlFR0VUaDhMaDlsc0tzZ1QtdWlUU0M1MnVZbk82M2pwSkJyODNpdkxja1FETGtwTU4yMWNwRUpwYWVuTW9CR0J0S0FtUkVzMTlwSnY1cjRIUVM3M0tBNE5aZ2pPQ2h3RlBBRDdjSVBZOGpGWmR1Vy0tMUVqNHdvbmNHR3UxMTdjWmNNMXlmZmx0ZzF0cXM1dm1mZ1ZjNHJ1NFZvTW0yVVVkV1hqNnQ4Vm9HMXlKOHphc2ZPaVVlTzRDakVKZ1UwRUNBd0VBQWFPQ0JIUXdnZ1J3TUNjR0NTc0dBUVFCZ2pjVkNnUWFNQmd3Q2dZSUt3WUJCUVVIQXdFd0NnWUlLd1lCQlFVSEF3SXdQUVlKS3dZQkJBR0NOeFVIQkRBd0xnWW1Ld1lCQkFHQ054VUlocERqRFlUVnRIaUU4WXMtaFp2ZEZzNmRFb0ZnaGZtUlM0V3NtVFFDQVdRQ0FRY3dnZ0hMQmdnckJnRUZCUWNCQVFTQ0FiMHdnZ0c1TUdNR0NDc0dBUVVGQnpBQ2hsZG9kSFJ3T2k4dlkzSnNMbTFwWTNKdmMyOW1kQzVqYjIwdmNHdHBhVzVtY21FdlEyVnlkSE12UWt3eVVFdEpTVTVVUTBFd01pNUJUVVV1UjBKTVgwRk5SU1V5TUVsdVpuSmhKVEl3UTBFbE1qQXdOaTVqY25Rd1V3WUlLd1lCQlFVSE1BS0dSMmgwZEhBNkx5OWpjbXd4TG1GdFpTNW5ZbXd2WVdsaEwwSk1NbEJMU1VsT1ZFTkJNREl1UVUxRkxrZENURjlCVFVVbE1qQkpibVp5WVNVeU1FTkJKVEl3TURZdVkzSjBNRk1HQ0NzR0FRVUZCekFDaGtkb2RIUndPaTh2WTNKc01pNWhiV1V1WjJKc0wyRnBZUzlDVERKUVMwbEpUbFJEUVRBeUxrRk5SUzVIUWt4ZlFVMUZKVEl3U1c1bWNtRWxNakJEUVNVeU1EQTJMbU55ZERCVEJnZ3JCZ0VGQlFjd0FvWkhhSFIwY0RvdkwyTnliRE11WVcxbExtZGliQzloYVdFdlFrd3lVRXRKU1U1VVEwRXdNaTVCVFVVdVIwSk1YMEZOUlNVeU1FbHVabkpoSlRJd1EwRWxNakF3Tmk1amNuUXdVd1lJS3dZQkJRVUhNQUtHUjJoMGRIQTZMeTlqY213MExtRnRaUzVuWW13dllXbGhMMEpNTWxCTFNVbE9WRU5CTURJdVFVMUZMa2RDVEY5QlRVVWxNakJKYm1aeVlTVXlNRU5CSlRJd01EWXVZM0owTUIwR0ExVWREZ1FXQkJRRG1IV0dVck5abUZ0SWZMMTRSWG9QUjRMTDZ6QU9CZ05WSFE4QkFmOEVCQU1DQmFBd2dnRW1CZ05WSFI4RWdnRWRNSUlCR1RDQ0FSV2dnZ0VSb0lJQkRZWV9hSFIwY0RvdkwyTnliQzV0YVdOeWIzTnZablF1WTI5dEwzQnJhV2x1Wm5KaEwwTlNUQzlCVFVVbE1qQkpibVp5WVNVeU1FTkJKVEl3TURZdVkzSnNoakZvZEhSd09pOHZZM0pzTVM1aGJXVXVaMkpzTDJOeWJDOUJUVVVsTWpCSmJtWnlZU1V5TUVOQkpUSXdNRFl1WTNKc2hqRm9kSFJ3T2k4dlkzSnNNaTVoYldVdVoySnNMMk55YkM5QlRVVWxNakJKYm1aeVlTVXlNRU5CSlRJd01EWXVZM0pzaGpGb2RIUndPaTh2WTNKc015NWhiV1V1WjJKc0wyTnliQzlCVFVVbE1qQkpibVp5WVNVeU1FTkJKVEl3TURZdVkzSnNoakZvZEhSd09pOHZZM0pzTkM1aGJXVXVaMkpzTDJOeWJDOUJUVVVsTWpCSmJtWnlZU1V5TUVOQkpUSXdNRFl1WTNKc01JR2RCZ05WSFNBRWdaVXdnWkl3REFZS0t3WUJCQUdDTjNzQkFUQm1CZ29yQmdFRUFZSTNld0lDTUZnd1ZnWUlLd1lCQlFVSEFnSXdTaDVJQURNQU13QmxBREFBTVFBNUFESUFNUUF0QURRQVpBQTJBRFFBTFFBMEFHWUFPQUJqQUMwQVlRQXdBRFVBTlFBdEFEVUFZZ0JrQUdFQVpnQm1BR1FBTlFCbEFETUFNd0JrTUF3R0Npc0dBUVFCZ2pkN0F3SXdEQVlLS3dZQkJBR0NOM3NFQWpBZkJnTlZIU01FR0RBV2dCVHhSbWpHOGNQd0t5MTlpMnJoc3ZtLU5melJRVEFkQmdOVkhTVUVGakFVQmdnckJnRUZCUWNEQVFZSUt3WUJCUVVIQXdJd0RRWUpLb1pJaHZjTkFRRUxCUUFEZ2dFQkFKY0YtejJIR09ENXZCQVBBaWliTHluSlZQZW1jQ3pJMlNiTzRyWC1FNkFoV0xFTUlHRk80cGVhdndMdjlpUHJGS1kyOWxiczZTeFZTdTVxX2hqN3k5MzJTQ2YtSk5FZXVlMmNmaURDUHYzVDZmMi1FQVpUZk1YckhfRzdNYUpYS2lUMFc5YjdhZXdiY1BUNHhBR2FsZE9iOG45eVpwMHZyTnA5cUV0V0xtLV9idlVmXzNfZUhmNkltbDBsUTAxdlRDYy1rMjY1T0c1dDFHWHRrODE5YXlxTkJ1aTVMY2h3UHJ1Ykl3UlRfcDJibWtEeTRNLU5LcndlRFNjUVkyUHlDc1VwX2tkWlhidlhvTFdBSFZnclk3SnFfWURKdER2NzEzNjBkUTJfNUZZbG1Ub0c5dlBJc0RxM0gtckUyMklLck04Q1FzUjN0YTZnN0NYU2ZsTk5xdVEmcz1zTTI3SWM0ak1Ca0U5MThLc1JOaDVXVVZWOWVBcE0yby12SDVxYVlIeEVuaHRabWNaa1dIQUp0X1lHWGZfN3N1aVNmeEJBb2tDOG1ia1dJVWZmWDNFQTNORmZrbGxHb0tpRFZyeXNvbzNSeS1sbHcyYjhTSnhkbEhsMWY2UnJweldCd1pPd2Y3d2NVY0h5TWh6cGtobzBjTDhlVnZ5R01ZZmpncDh2MlZoVmxnR0ZuNEhvY3RZbnNra0hRMnF6YngyM1FOZ3ZFRDlHemJad2JQeENFazdlRDdkMlF0MFB6TXhvVmFfdjNjdWRqSFVYWXRnSTRfUk5HNGFLbHQ5UnhPZXlQSWx0d2J6NTNGV0ZQUUYwbmpNTnYyY0Z2Qk9PNk40d0tiWjBBZ1ExZzVqUTd3OGJONmlJUG1YM1BXbE9vNERrTzA2azIyWUZoR3lPTzg3c2hHQ1EmaD05WWpqV0FmeHNwdXNQX3JubUlYbmV4d3JvV1RYMmJRbC1DN05VUFU0QVcw",
      "RequestMethod": "GET",
      "RequestHeaders": {
        "x-ms-client-request-id": [
          "438f42d5-c0c4-439f-90ff-3ab77fa5293d"
        ],
        "User-Agent": [
          "FxVersion/8.0.1525.16413",
          "OSName/Windows",
          "OSVersion/Microsoft.Windows.10.0.26100",
          "Microsoft.Azure.Management.ResourceManager.ResourceManagementClient/3.17.3.0"
        ]
      },
      "RequestBody": "",
      "ResponseHeaders": {
        "Cache-Control": [
          "no-cache"
        ],
        "Pragma": [
          "no-cache"
        ],
        "Location": [
          "https://management.azure.com/subscriptions/28d194e0-fa92-40ee-b3e7-2e76df62f16b/operationresults/eyJqb2JJZCI6IlJFU09VUkNFR1JPVVBERUxFVElPTkpPQi1QUzkxNzUtRUFTVFVTIiwiam9iTG9jYXRpb24iOiJlYXN0dXMifQ?api-version=2021-04-01&t=638813600711647470&c=MIIHhzCCBm-gAwIBAgITHgbLuWlxY4-k_d1algAABsu5aTANBgkqhkiG9w0BAQsFADBEMRMwEQYKCZImiZPyLGQBGRYDR0JMMRMwEQYKCZImiZPyLGQBGRYDQU1FMRgwFgYDVQQDEw9BTUUgSW5mcmEgQ0EgMDYwHhcNMjUwNDE5MTMxMzMyWhcNMjUxMDE2MTMxMzMyWjBAMT4wPAYDVQQDEzVhc3luY29wZXJhdGlvbnNpZ25pbmdjZXJ0aWZpY2F0ZS5tYW5hZ2VtZW50LmF6dXJlLmNvbTCCASIwDQYJKoZIhvcNAQEBBQADggEPADCCAQoCggEBAMvHJaUg0aA6C-P-W7rBOoZfQCieq667lznMrFDPEeiLJs-W58e8I_jHbBheje2C5g9-qBPHK6VQBBfZrcs9tzrupbS7wUKQvBkbEEqj19vo7jPtiN4hWOYzxijvMpObILP6eyLeXsL3K6b3th6Mzu1YEGETh8Lh9lsKsgT-uiTSC52uYnO63jpJBr83ivLckQDLkpMN21cpEJpaenMoBGBtKAmREs19pJv5r4HQS73KA4NZgjOChwFPAD7cIPY8jFZduW--1Ej4woncGGu117cZcM1yffltg1tqs5vmfgVc4ru4VoMm2UUdWXj6t8VoG1yJ8zasfOiUeO4CjEJgU0ECAwEAAaOCBHQwggRwMCcGCSsGAQQBgjcVCgQaMBgwCgYIKwYBBQUHAwEwCgYIKwYBBQUHAwIwPQYJKwYBBAGCNxUHBDAwLgYmKwYBBAGCNxUIhpDjDYTVtHiE8Ys-hZvdFs6dEoFghfmRS4WsmTQCAWQCAQcwggHLBggrBgEFBQcBAQSCAb0wggG5MGMGCCsGAQUFBzAChldodHRwOi8vY3JsLm1pY3Jvc29mdC5jb20vcGtpaW5mcmEvQ2VydHMvQkwyUEtJSU5UQ0EwMi5BTUUuR0JMX0FNRSUyMEluZnJhJTIwQ0ElMjAwNi5jcnQwUwYIKwYBBQUHMAKGR2h0dHA6Ly9jcmwxLmFtZS5nYmwvYWlhL0JMMlBLSUlOVENBMDIuQU1FLkdCTF9BTUUlMjBJbmZyYSUyMENBJTIwMDYuY3J0MFMGCCsGAQUFBzAChkdodHRwOi8vY3JsMi5hbWUuZ2JsL2FpYS9CTDJQS0lJTlRDQTAyLkFNRS5HQkxfQU1FJTIwSW5mcmElMjBDQSUyMDA2LmNydDBTBggrBgEFBQcwAoZHaHR0cDovL2NybDMuYW1lLmdibC9haWEvQkwyUEtJSU5UQ0EwMi5BTUUuR0JMX0FNRSUyMEluZnJhJTIwQ0ElMjAwNi5jcnQwUwYIKwYBBQUHMAKGR2h0dHA6Ly9jcmw0LmFtZS5nYmwvYWlhL0JMMlBLSUlOVENBMDIuQU1FLkdCTF9BTUUlMjBJbmZyYSUyMENBJTIwMDYuY3J0MB0GA1UdDgQWBBQDmHWGUrNZmFtIfL14RXoPR4LL6zAOBgNVHQ8BAf8EBAMCBaAwggEmBgNVHR8EggEdMIIBGTCCARWgggERoIIBDYY_aHR0cDovL2NybC5taWNyb3NvZnQuY29tL3BraWluZnJhL0NSTC9BTUUlMjBJbmZyYSUyMENBJTIwMDYuY3JshjFodHRwOi8vY3JsMS5hbWUuZ2JsL2NybC9BTUUlMjBJbmZyYSUyMENBJTIwMDYuY3JshjFodHRwOi8vY3JsMi5hbWUuZ2JsL2NybC9BTUUlMjBJbmZyYSUyMENBJTIwMDYuY3JshjFodHRwOi8vY3JsMy5hbWUuZ2JsL2NybC9BTUUlMjBJbmZyYSUyMENBJTIwMDYuY3JshjFodHRwOi8vY3JsNC5hbWUuZ2JsL2NybC9BTUUlMjBJbmZyYSUyMENBJTIwMDYuY3JsMIGdBgNVHSAEgZUwgZIwDAYKKwYBBAGCN3sBATBmBgorBgEEAYI3ewICMFgwVgYIKwYBBQUHAgIwSh5IADMAMwBlADAAMQA5ADIAMQAtADQAZAA2ADQALQA0AGYAOABjAC0AYQAwADUANQAtADUAYgBkAGEAZgBmAGQANQBlADMAMwBkMAwGCisGAQQBgjd7AwIwDAYKKwYBBAGCN3sEAjAfBgNVHSMEGDAWgBTxRmjG8cPwKy19i2rhsvm-NfzRQTAdBgNVHSUEFjAUBggrBgEFBQcDAQYIKwYBBQUHAwIwDQYJKoZIhvcNAQELBQADggEBAJcF-z2HGOD5vBAPAiibLynJVPemcCzI2SbO4rX-E6AhWLEMIGFO4peavwLv9iPrFKY29lbs6SxVSu5q_hj7y932SCf-JNEeue2cfiDCPv3T6f2-EAZTfMXrH_G7MaJXKiT0W9b7aewbcPT4xAGaldOb8n9yZp0vrNp9qEtWLm-_bvUf_3_eHf6Iml0lQ01vTCc-k265OG5t1GXtk819ayqNBui5LchwPrubIwRT_p2bmkDy4M-NKrweDScQY2PyCsUp_kdZXbvXoLWAHVgrY7Jq_YDJtDv71360dQ2_5FYlmToG9vPIsDq3H-rE22IKrM8CQsR3ta6g7CXSflNNquQ&s=fa6t4l8c-ZuCUk93iT9LSwsAZoCoxqyKWxnx_r_AV77ByGOHW4djjR8HNl59QRoSkwQel65mH33cPm8CK1CZr-St88BmN-cvniHQFsJ4TqxwOVHzTKJwsxoKPPpbDGJk-AQE1xifdOaAH0dQJ3LVIz068ubRvXuHRuMJbP0uPJqyJHPKGNUUK4AYefMk_BgFfmaRjtr1YjnVCEsEPPzu04UTny5t2NJu9HniQZXNSstytXb4U5LkfOp_W5Z1kw4f0E7r5a0BrUDZ86qBWZ4OP_18Ec2IIlOxQp4FJ4aF1ArYO60tXB87LofgAIaGM3F0TOhwj8GKli6au2TizXMWDw&h=10yHzh3FnIfj3VoK_0mCR0gUz-Vv-OD2A4L-sX_aE88"
        ],
        "Retry-After": [
          "0"
        ],
        "x-ms-ratelimit-remaining-subscription-reads": [
          "249"
        ],
        "x-ms-ratelimit-remaining-subscription-global-reads": [
          "3749"
        ],
        "x-ms-request-id": [
          "3b9a8a02-52da-4abc-b1a6-6e70323dd57d"
        ],
        "x-ms-correlation-request-id": [
          "3b9a8a02-52da-4abc-b1a6-6e70323dd57d"
        ],
        "x-ms-routing-request-id": [
          "JAPANWEST:20250427T141431Z:3b9a8a02-52da-4abc-b1a6-6e70323dd57d"
        ],
        "Strict-Transport-Security": [
          "max-age=31536000; includeSubDomains"
        ],
        "X-Content-Type-Options": [
          "nosniff"
        ],
        "X-Cache": [
          "CONFIG_NOCACHE"
        ],
        "X-MSEdge-Ref": [
          "Ref A: 0D993B0BDC454DBAA9C0233F86E1A823 Ref B: TYO201100117021 Ref C: 2025-04-27T14:14:30Z"
        ],
        "Date": [
          "Sun, 27 Apr 2025 14:14:31 GMT"
        ],
        "Expires": [
          "-1"
        ],
        "Content-Length": [
          "0"
        ]
      },
      "ResponseBody": "",
      "StatusCode": 202
    },
    {
      "RequestUri": "/subscriptions/28d194e0-fa92-40ee-b3e7-2e76df62f16b/operationresults/eyJqb2JJZCI6IlJFU09VUkNFR1JPVVBERUxFVElPTkpPQi1QUzkxNzUtRUFTVFVTIiwiam9iTG9jYXRpb24iOiJlYXN0dXMifQ?api-version=2021-04-01&t=638813600711647470&c=MIIHhzCCBm-gAwIBAgITHgbLuWlxY4-k_d1algAABsu5aTANBgkqhkiG9w0BAQsFADBEMRMwEQYKCZImiZPyLGQBGRYDR0JMMRMwEQYKCZImiZPyLGQBGRYDQU1FMRgwFgYDVQQDEw9BTUUgSW5mcmEgQ0EgMDYwHhcNMjUwNDE5MTMxMzMyWhcNMjUxMDE2MTMxMzMyWjBAMT4wPAYDVQQDEzVhc3luY29wZXJhdGlvbnNpZ25pbmdjZXJ0aWZpY2F0ZS5tYW5hZ2VtZW50LmF6dXJlLmNvbTCCASIwDQYJKoZIhvcNAQEBBQADggEPADCCAQoCggEBAMvHJaUg0aA6C-P-W7rBOoZfQCieq667lznMrFDPEeiLJs-W58e8I_jHbBheje2C5g9-qBPHK6VQBBfZrcs9tzrupbS7wUKQvBkbEEqj19vo7jPtiN4hWOYzxijvMpObILP6eyLeXsL3K6b3th6Mzu1YEGETh8Lh9lsKsgT-uiTSC52uYnO63jpJBr83ivLckQDLkpMN21cpEJpaenMoBGBtKAmREs19pJv5r4HQS73KA4NZgjOChwFPAD7cIPY8jFZduW--1Ej4woncGGu117cZcM1yffltg1tqs5vmfgVc4ru4VoMm2UUdWXj6t8VoG1yJ8zasfOiUeO4CjEJgU0ECAwEAAaOCBHQwggRwMCcGCSsGAQQBgjcVCgQaMBgwCgYIKwYBBQUHAwEwCgYIKwYBBQUHAwIwPQYJKwYBBAGCNxUHBDAwLgYmKwYBBAGCNxUIhpDjDYTVtHiE8Ys-hZvdFs6dEoFghfmRS4WsmTQCAWQCAQcwggHLBggrBgEFBQcBAQSCAb0wggG5MGMGCCsGAQUFBzAChldodHRwOi8vY3JsLm1pY3Jvc29mdC5jb20vcGtpaW5mcmEvQ2VydHMvQkwyUEtJSU5UQ0EwMi5BTUUuR0JMX0FNRSUyMEluZnJhJTIwQ0ElMjAwNi5jcnQwUwYIKwYBBQUHMAKGR2h0dHA6Ly9jcmwxLmFtZS5nYmwvYWlhL0JMMlBLSUlOVENBMDIuQU1FLkdCTF9BTUUlMjBJbmZyYSUyMENBJTIwMDYuY3J0MFMGCCsGAQUFBzAChkdodHRwOi8vY3JsMi5hbWUuZ2JsL2FpYS9CTDJQS0lJTlRDQTAyLkFNRS5HQkxfQU1FJTIwSW5mcmElMjBDQSUyMDA2LmNydDBTBggrBgEFBQcwAoZHaHR0cDovL2NybDMuYW1lLmdibC9haWEvQkwyUEtJSU5UQ0EwMi5BTUUuR0JMX0FNRSUyMEluZnJhJTIwQ0ElMjAwNi5jcnQwUwYIKwYBBQUHMAKGR2h0dHA6Ly9jcmw0LmFtZS5nYmwvYWlhL0JMMlBLSUlOVENBMDIuQU1FLkdCTF9BTUUlMjBJbmZyYSUyMENBJTIwMDYuY3J0MB0GA1UdDgQWBBQDmHWGUrNZmFtIfL14RXoPR4LL6zAOBgNVHQ8BAf8EBAMCBaAwggEmBgNVHR8EggEdMIIBGTCCARWgggERoIIBDYY_aHR0cDovL2NybC5taWNyb3NvZnQuY29tL3BraWluZnJhL0NSTC9BTUUlMjBJbmZyYSUyMENBJTIwMDYuY3JshjFodHRwOi8vY3JsMS5hbWUuZ2JsL2NybC9BTUUlMjBJbmZyYSUyMENBJTIwMDYuY3JshjFodHRwOi8vY3JsMi5hbWUuZ2JsL2NybC9BTUUlMjBJbmZyYSUyMENBJTIwMDYuY3JshjFodHRwOi8vY3JsMy5hbWUuZ2JsL2NybC9BTUUlMjBJbmZyYSUyMENBJTIwMDYuY3JshjFodHRwOi8vY3JsNC5hbWUuZ2JsL2NybC9BTUUlMjBJbmZyYSUyMENBJTIwMDYuY3JsMIGdBgNVHSAEgZUwgZIwDAYKKwYBBAGCN3sBATBmBgorBgEEAYI3ewICMFgwVgYIKwYBBQUHAgIwSh5IADMAMwBlADAAMQA5ADIAMQAtADQAZAA2ADQALQA0AGYAOABjAC0AYQAwADUANQAtADUAYgBkAGEAZgBmAGQANQBlADMAMwBkMAwGCisGAQQBgjd7AwIwDAYKKwYBBAGCN3sEAjAfBgNVHSMEGDAWgBTxRmjG8cPwKy19i2rhsvm-NfzRQTAdBgNVHSUEFjAUBggrBgEFBQcDAQYIKwYBBQUHAwIwDQYJKoZIhvcNAQELBQADggEBAJcF-z2HGOD5vBAPAiibLynJVPemcCzI2SbO4rX-E6AhWLEMIGFO4peavwLv9iPrFKY29lbs6SxVSu5q_hj7y932SCf-JNEeue2cfiDCPv3T6f2-EAZTfMXrH_G7MaJXKiT0W9b7aewbcPT4xAGaldOb8n9yZp0vrNp9qEtWLm-_bvUf_3_eHf6Iml0lQ01vTCc-k265OG5t1GXtk819ayqNBui5LchwPrubIwRT_p2bmkDy4M-NKrweDScQY2PyCsUp_kdZXbvXoLWAHVgrY7Jq_YDJtDv71360dQ2_5FYlmToG9vPIsDq3H-rE22IKrM8CQsR3ta6g7CXSflNNquQ&s=fa6t4l8c-ZuCUk93iT9LSwsAZoCoxqyKWxnx_r_AV77ByGOHW4djjR8HNl59QRoSkwQel65mH33cPm8CK1CZr-St88BmN-cvniHQFsJ4TqxwOVHzTKJwsxoKPPpbDGJk-AQE1xifdOaAH0dQJ3LVIz068ubRvXuHRuMJbP0uPJqyJHPKGNUUK4AYefMk_BgFfmaRjtr1YjnVCEsEPPzu04UTny5t2NJu9HniQZXNSstytXb4U5LkfOp_W5Z1kw4f0E7r5a0BrUDZ86qBWZ4OP_18Ec2IIlOxQp4FJ4aF1ArYO60tXB87LofgAIaGM3F0TOhwj8GKli6au2TizXMWDw&h=10yHzh3FnIfj3VoK_0mCR0gUz-Vv-OD2A4L-sX_aE88",
      "EncodedRequestUri": "L3N1YnNjcmlwdGlvbnMvMjhkMTk0ZTAtZmE5Mi00MGVlLWIzZTctMmU3NmRmNjJmMTZiL29wZXJhdGlvbnJlc3VsdHMvZXlKcWIySkpaQ0k2SWxKRlUwOVZVa05GUjFKUFZWQkVSVXhGVkVsUFRrcFBRaTFRVXpreE56VXRSVUZUVkZWVElpd2lhbTlpVEc5allYUnBiMjRpT2lKbFlYTjBkWE1pZlE/YXBpLXZlcnNpb249MjAyMS0wNC0wMSZ0PTYzODgxMzYwMDcxMTY0NzQ3MCZjPU1JSUhoekNDQm0tZ0F3SUJBZ0lUSGdiTHVXbHhZNC1rX2QxYWxnQUFCc3U1YVRBTkJna3Foa2lHOXcwQkFRc0ZBREJFTVJNd0VRWUtDWkltaVpQeUxHUUJHUllEUjBKTU1STXdFUVlLQ1pJbWlaUHlMR1FCR1JZRFFVMUZNUmd3RmdZRFZRUURFdzlCVFVVZ1NXNW1jbUVnUTBFZ01EWXdIaGNOTWpVd05ERTVNVE14TXpNeVdoY05NalV4TURFMk1UTXhNek15V2pCQU1UNHdQQVlEVlFRREV6VmhjM2x1WTI5d1pYSmhkR2x2Ym5OcFoyNXBibWRqWlhKMGFXWnBZMkYwWlM1dFlXNWhaMlZ0Wlc1MExtRjZkWEpsTG1OdmJUQ0NBU0l3RFFZSktvWklodmNOQVFFQkJRQURnZ0VQQURDQ0FRb0NnZ0VCQU12SEphVWcwYUE2Qy1QLVc3ckJPb1pmUUNpZXE2Njdsem5NckZEUEVlaUxKcy1XNThlOElfakhiQmhlamUyQzVnOS1xQlBISzZWUUJCZlpyY3M5dHpydXBiUzd3VUtRdkJrYkVFcWoxOXZvN2pQdGlONGhXT1l6eGlqdk1wT2JJTFA2ZXlMZVhzTDNLNmIzdGg2TXp1MVlFR0VUaDhMaDlsc0tzZ1QtdWlUU0M1MnVZbk82M2pwSkJyODNpdkxja1FETGtwTU4yMWNwRUpwYWVuTW9CR0J0S0FtUkVzMTlwSnY1cjRIUVM3M0tBNE5aZ2pPQ2h3RlBBRDdjSVBZOGpGWmR1Vy0tMUVqNHdvbmNHR3UxMTdjWmNNMXlmZmx0ZzF0cXM1dm1mZ1ZjNHJ1NFZvTW0yVVVkV1hqNnQ4Vm9HMXlKOHphc2ZPaVVlTzRDakVKZ1UwRUNBd0VBQWFPQ0JIUXdnZ1J3TUNjR0NTc0dBUVFCZ2pjVkNnUWFNQmd3Q2dZSUt3WUJCUVVIQXdFd0NnWUlLd1lCQlFVSEF3SXdQUVlKS3dZQkJBR0NOeFVIQkRBd0xnWW1Ld1lCQkFHQ054VUlocERqRFlUVnRIaUU4WXMtaFp2ZEZzNmRFb0ZnaGZtUlM0V3NtVFFDQVdRQ0FRY3dnZ0hMQmdnckJnRUZCUWNCQVFTQ0FiMHdnZ0c1TUdNR0NDc0dBUVVGQnpBQ2hsZG9kSFJ3T2k4dlkzSnNMbTFwWTNKdmMyOW1kQzVqYjIwdmNHdHBhVzVtY21FdlEyVnlkSE12UWt3eVVFdEpTVTVVUTBFd01pNUJUVVV1UjBKTVgwRk5SU1V5TUVsdVpuSmhKVEl3UTBFbE1qQXdOaTVqY25Rd1V3WUlLd1lCQlFVSE1BS0dSMmgwZEhBNkx5OWpjbXd4TG1GdFpTNW5ZbXd2WVdsaEwwSk1NbEJMU1VsT1ZFTkJNREl1UVUxRkxrZENURjlCVFVVbE1qQkpibVp5WVNVeU1FTkJKVEl3TURZdVkzSjBNRk1HQ0NzR0FRVUZCekFDaGtkb2RIUndPaTh2WTNKc01pNWhiV1V1WjJKc0wyRnBZUzlDVERKUVMwbEpUbFJEUVRBeUxrRk5SUzVIUWt4ZlFVMUZKVEl3U1c1bWNtRWxNakJEUVNVeU1EQTJMbU55ZERCVEJnZ3JCZ0VGQlFjd0FvWkhhSFIwY0RvdkwyTnliRE11WVcxbExtZGliQzloYVdFdlFrd3lVRXRKU1U1VVEwRXdNaTVCVFVVdVIwSk1YMEZOUlNVeU1FbHVabkpoSlRJd1EwRWxNakF3Tmk1amNuUXdVd1lJS3dZQkJRVUhNQUtHUjJoMGRIQTZMeTlqY213MExtRnRaUzVuWW13dllXbGhMMEpNTWxCTFNVbE9WRU5CTURJdVFVMUZMa2RDVEY5QlRVVWxNakJKYm1aeVlTVXlNRU5CSlRJd01EWXVZM0owTUIwR0ExVWREZ1FXQkJRRG1IV0dVck5abUZ0SWZMMTRSWG9QUjRMTDZ6QU9CZ05WSFE4QkFmOEVCQU1DQmFBd2dnRW1CZ05WSFI4RWdnRWRNSUlCR1RDQ0FSV2dnZ0VSb0lJQkRZWV9hSFIwY0RvdkwyTnliQzV0YVdOeWIzTnZablF1WTI5dEwzQnJhV2x1Wm5KaEwwTlNUQzlCVFVVbE1qQkpibVp5WVNVeU1FTkJKVEl3TURZdVkzSnNoakZvZEhSd09pOHZZM0pzTVM1aGJXVXVaMkpzTDJOeWJDOUJUVVVsTWpCSmJtWnlZU1V5TUVOQkpUSXdNRFl1WTNKc2hqRm9kSFJ3T2k4dlkzSnNNaTVoYldVdVoySnNMMk55YkM5QlRVVWxNakJKYm1aeVlTVXlNRU5CSlRJd01EWXVZM0pzaGpGb2RIUndPaTh2WTNKc015NWhiV1V1WjJKc0wyTnliQzlCVFVVbE1qQkpibVp5WVNVeU1FTkJKVEl3TURZdVkzSnNoakZvZEhSd09pOHZZM0pzTkM1aGJXVXVaMkpzTDJOeWJDOUJUVVVsTWpCSmJtWnlZU1V5TUVOQkpUSXdNRFl1WTNKc01JR2RCZ05WSFNBRWdaVXdnWkl3REFZS0t3WUJCQUdDTjNzQkFUQm1CZ29yQmdFRUFZSTNld0lDTUZnd1ZnWUlLd1lCQlFVSEFnSXdTaDVJQURNQU13QmxBREFBTVFBNUFESUFNUUF0QURRQVpBQTJBRFFBTFFBMEFHWUFPQUJqQUMwQVlRQXdBRFVBTlFBdEFEVUFZZ0JrQUdFQVpnQm1BR1FBTlFCbEFETUFNd0JrTUF3R0Npc0dBUVFCZ2pkN0F3SXdEQVlLS3dZQkJBR0NOM3NFQWpBZkJnTlZIU01FR0RBV2dCVHhSbWpHOGNQd0t5MTlpMnJoc3ZtLU5melJRVEFkQmdOVkhTVUVGakFVQmdnckJnRUZCUWNEQVFZSUt3WUJCUVVIQXdJd0RRWUpLb1pJaHZjTkFRRUxCUUFEZ2dFQkFKY0YtejJIR09ENXZCQVBBaWliTHluSlZQZW1jQ3pJMlNiTzRyWC1FNkFoV0xFTUlHRk80cGVhdndMdjlpUHJGS1kyOWxiczZTeFZTdTVxX2hqN3k5MzJTQ2YtSk5FZXVlMmNmaURDUHYzVDZmMi1FQVpUZk1YckhfRzdNYUpYS2lUMFc5YjdhZXdiY1BUNHhBR2FsZE9iOG45eVpwMHZyTnA5cUV0V0xtLV9idlVmXzNfZUhmNkltbDBsUTAxdlRDYy1rMjY1T0c1dDFHWHRrODE5YXlxTkJ1aTVMY2h3UHJ1Ykl3UlRfcDJibWtEeTRNLU5LcndlRFNjUVkyUHlDc1VwX2tkWlhidlhvTFdBSFZnclk3SnFfWURKdER2NzEzNjBkUTJfNUZZbG1Ub0c5dlBJc0RxM0gtckUyMklLck04Q1FzUjN0YTZnN0NYU2ZsTk5xdVEmcz1mYTZ0NGw4Yy1adUNVazkzaVQ5TFN3c0Fab0NveHF5S1d4bnhfcl9BVjc3QnlHT0hXNGRqalI4SE5sNTlRUm9Ta3dRZWw2NW1IMzNjUG04Q0sxQ1pyLVN0ODhCbU4tY3ZuaUhRRnNKNFRxeHdPVkh6VEtKd3N4b0tQUHBiREdKay1BUUUxeGlmZE9hQUgwZFFKM0xWSXowNjh1YlJ2WHVIUnVNSmJQMHVQSnF5SkhQS0dOVVVLNEFZZWZNa19CZ0ZmbWFSanRyMVlqblZDRXNFUFB6dTA0VVRueTV0Mk5KdTlIbmlRWlhOU3N0eXRYYjRVNUxrZk9wX1c1WjFrdzRmMEU3cjVhMEJyVURaODZxQldaNE9QXzE4RWMySUlsT3hRcDRGSjRhRjFBcllPNjB0WEI4N0xvZmdBSWFHTTNGMFRPaHdqOEdLbGk2YXUyVGl6WE1XRHcmaD0xMHlIemgzRm5JZmozVm9LXzBtQ1IwZ1V6LVZ2LU9EMkE0TC1zWF9hRTg4",
      "RequestMethod": "GET",
      "RequestHeaders": {
        "x-ms-client-request-id": [
          "438f42d5-c0c4-439f-90ff-3ab77fa5293d"
        ],
        "User-Agent": [
          "FxVersion/8.0.1525.16413",
          "OSName/Windows",
          "OSVersion/Microsoft.Windows.10.0.26100",
          "Microsoft.Azure.Management.ResourceManager.ResourceManagementClient/3.17.3.0"
        ]
      },
      "RequestBody": "",
      "ResponseHeaders": {
        "Cache-Control": [
          "no-cache"
        ],
        "Pragma": [
          "no-cache"
        ],
        "Location": [
          "https://management.azure.com/subscriptions/28d194e0-fa92-40ee-b3e7-2e76df62f16b/operationresults/eyJqb2JJZCI6IlJFU09VUkNFR1JPVVBERUxFVElPTkpPQi1QUzkxNzUtRUFTVFVTIiwiam9iTG9jYXRpb24iOiJlYXN0dXMifQ?api-version=2021-04-01&t=638813600868592622&c=MIIHhzCCBm-gAwIBAgITHgbLuWlxY4-k_d1algAABsu5aTANBgkqhkiG9w0BAQsFADBEMRMwEQYKCZImiZPyLGQBGRYDR0JMMRMwEQYKCZImiZPyLGQBGRYDQU1FMRgwFgYDVQQDEw9BTUUgSW5mcmEgQ0EgMDYwHhcNMjUwNDE5MTMxMzMyWhcNMjUxMDE2MTMxMzMyWjBAMT4wPAYDVQQDEzVhc3luY29wZXJhdGlvbnNpZ25pbmdjZXJ0aWZpY2F0ZS5tYW5hZ2VtZW50LmF6dXJlLmNvbTCCASIwDQYJKoZIhvcNAQEBBQADggEPADCCAQoCggEBAMvHJaUg0aA6C-P-W7rBOoZfQCieq667lznMrFDPEeiLJs-W58e8I_jHbBheje2C5g9-qBPHK6VQBBfZrcs9tzrupbS7wUKQvBkbEEqj19vo7jPtiN4hWOYzxijvMpObILP6eyLeXsL3K6b3th6Mzu1YEGETh8Lh9lsKsgT-uiTSC52uYnO63jpJBr83ivLckQDLkpMN21cpEJpaenMoBGBtKAmREs19pJv5r4HQS73KA4NZgjOChwFPAD7cIPY8jFZduW--1Ej4woncGGu117cZcM1yffltg1tqs5vmfgVc4ru4VoMm2UUdWXj6t8VoG1yJ8zasfOiUeO4CjEJgU0ECAwEAAaOCBHQwggRwMCcGCSsGAQQBgjcVCgQaMBgwCgYIKwYBBQUHAwEwCgYIKwYBBQUHAwIwPQYJKwYBBAGCNxUHBDAwLgYmKwYBBAGCNxUIhpDjDYTVtHiE8Ys-hZvdFs6dEoFghfmRS4WsmTQCAWQCAQcwggHLBggrBgEFBQcBAQSCAb0wggG5MGMGCCsGAQUFBzAChldodHRwOi8vY3JsLm1pY3Jvc29mdC5jb20vcGtpaW5mcmEvQ2VydHMvQkwyUEtJSU5UQ0EwMi5BTUUuR0JMX0FNRSUyMEluZnJhJTIwQ0ElMjAwNi5jcnQwUwYIKwYBBQUHMAKGR2h0dHA6Ly9jcmwxLmFtZS5nYmwvYWlhL0JMMlBLSUlOVENBMDIuQU1FLkdCTF9BTUUlMjBJbmZyYSUyMENBJTIwMDYuY3J0MFMGCCsGAQUFBzAChkdodHRwOi8vY3JsMi5hbWUuZ2JsL2FpYS9CTDJQS0lJTlRDQTAyLkFNRS5HQkxfQU1FJTIwSW5mcmElMjBDQSUyMDA2LmNydDBTBggrBgEFBQcwAoZHaHR0cDovL2NybDMuYW1lLmdibC9haWEvQkwyUEtJSU5UQ0EwMi5BTUUuR0JMX0FNRSUyMEluZnJhJTIwQ0ElMjAwNi5jcnQwUwYIKwYBBQUHMAKGR2h0dHA6Ly9jcmw0LmFtZS5nYmwvYWlhL0JMMlBLSUlOVENBMDIuQU1FLkdCTF9BTUUlMjBJbmZyYSUyMENBJTIwMDYuY3J0MB0GA1UdDgQWBBQDmHWGUrNZmFtIfL14RXoPR4LL6zAOBgNVHQ8BAf8EBAMCBaAwggEmBgNVHR8EggEdMIIBGTCCARWgggERoIIBDYY_aHR0cDovL2NybC5taWNyb3NvZnQuY29tL3BraWluZnJhL0NSTC9BTUUlMjBJbmZyYSUyMENBJTIwMDYuY3JshjFodHRwOi8vY3JsMS5hbWUuZ2JsL2NybC9BTUUlMjBJbmZyYSUyMENBJTIwMDYuY3JshjFodHRwOi8vY3JsMi5hbWUuZ2JsL2NybC9BTUUlMjBJbmZyYSUyMENBJTIwMDYuY3JshjFodHRwOi8vY3JsMy5hbWUuZ2JsL2NybC9BTUUlMjBJbmZyYSUyMENBJTIwMDYuY3JshjFodHRwOi8vY3JsNC5hbWUuZ2JsL2NybC9BTUUlMjBJbmZyYSUyMENBJTIwMDYuY3JsMIGdBgNVHSAEgZUwgZIwDAYKKwYBBAGCN3sBATBmBgorBgEEAYI3ewICMFgwVgYIKwYBBQUHAgIwSh5IADMAMwBlADAAMQA5ADIAMQAtADQAZAA2ADQALQA0AGYAOABjAC0AYQAwADUANQAtADUAYgBkAGEAZgBmAGQANQBlADMAMwBkMAwGCisGAQQBgjd7AwIwDAYKKwYBBAGCN3sEAjAfBgNVHSMEGDAWgBTxRmjG8cPwKy19i2rhsvm-NfzRQTAdBgNVHSUEFjAUBggrBgEFBQcDAQYIKwYBBQUHAwIwDQYJKoZIhvcNAQELBQADggEBAJcF-z2HGOD5vBAPAiibLynJVPemcCzI2SbO4rX-E6AhWLEMIGFO4peavwLv9iPrFKY29lbs6SxVSu5q_hj7y932SCf-JNEeue2cfiDCPv3T6f2-EAZTfMXrH_G7MaJXKiT0W9b7aewbcPT4xAGaldOb8n9yZp0vrNp9qEtWLm-_bvUf_3_eHf6Iml0lQ01vTCc-k265OG5t1GXtk819ayqNBui5LchwPrubIwRT_p2bmkDy4M-NKrweDScQY2PyCsUp_kdZXbvXoLWAHVgrY7Jq_YDJtDv71360dQ2_5FYlmToG9vPIsDq3H-rE22IKrM8CQsR3ta6g7CXSflNNquQ&s=QDSh4g-1yXfUcHV6ASb9J1HAzLsy_5DRMZ5nR25CTpFbNw-fR35fkr_g-mbIJ93BWg2nTb5DqB8w3lJq-0MGyiFpIWBsmbcxXJf6My6I-awkZwZfERDL4Im4GXd6UMbXtkJxCPZUcrGMaB9aS0ljeetenCoZdje4idZgLJDAzWQ4KADEefusqcDMLtqyBAGZ0bR5xBJOkvu-vKodCDeGLr8kDo0DWUGAnYhulP8SXLMKNw_RH7bVS-ap-ar2k6ZIBIi0h8CgwDF4TbbmQ_8DTKurHTP0aPVSKDN3g-uAkSH_VkV3yZ-CID9pkkPRcs4zfKD0uzb13q9kQR0L57CcSg&h=F_6TTkYog7XJpPVGhfpKs4kluuf0nhL8Pue37QbvIUg"
        ],
        "Retry-After": [
          "0"
        ],
        "x-ms-ratelimit-remaining-subscription-reads": [
          "249"
        ],
        "x-ms-ratelimit-remaining-subscription-global-reads": [
          "3749"
        ],
        "x-ms-request-id": [
          "fae663c0-ccf6-41f2-a9a0-ff8c62966b44"
        ],
        "x-ms-correlation-request-id": [
          "fae663c0-ccf6-41f2-a9a0-ff8c62966b44"
        ],
        "x-ms-routing-request-id": [
          "JAPANWEST:20250427T141446Z:fae663c0-ccf6-41f2-a9a0-ff8c62966b44"
        ],
        "Strict-Transport-Security": [
          "max-age=31536000; includeSubDomains"
        ],
        "X-Content-Type-Options": [
          "nosniff"
        ],
        "X-Cache": [
          "CONFIG_NOCACHE"
        ],
        "X-MSEdge-Ref": [
          "Ref A: F1231ACDFBFA420E868888107B5C03C0 Ref B: TYO201100117021 Ref C: 2025-04-27T14:14:46Z"
        ],
        "Date": [
          "Sun, 27 Apr 2025 14:14:46 GMT"
        ],
        "Expires": [
          "-1"
        ],
        "Content-Length": [
          "0"
        ]
      },
      "ResponseBody": "",
      "StatusCode": 202
    },
    {
      "RequestUri": "/subscriptions/28d194e0-fa92-40ee-b3e7-2e76df62f16b/operationresults/eyJqb2JJZCI6IlJFU09VUkNFR1JPVVBERUxFVElPTkpPQi1QUzkxNzUtRUFTVFVTIiwiam9iTG9jYXRpb24iOiJlYXN0dXMifQ?api-version=2021-04-01&t=638813600868592622&c=MIIHhzCCBm-gAwIBAgITHgbLuWlxY4-k_d1algAABsu5aTANBgkqhkiG9w0BAQsFADBEMRMwEQYKCZImiZPyLGQBGRYDR0JMMRMwEQYKCZImiZPyLGQBGRYDQU1FMRgwFgYDVQQDEw9BTUUgSW5mcmEgQ0EgMDYwHhcNMjUwNDE5MTMxMzMyWhcNMjUxMDE2MTMxMzMyWjBAMT4wPAYDVQQDEzVhc3luY29wZXJhdGlvbnNpZ25pbmdjZXJ0aWZpY2F0ZS5tYW5hZ2VtZW50LmF6dXJlLmNvbTCCASIwDQYJKoZIhvcNAQEBBQADggEPADCCAQoCggEBAMvHJaUg0aA6C-P-W7rBOoZfQCieq667lznMrFDPEeiLJs-W58e8I_jHbBheje2C5g9-qBPHK6VQBBfZrcs9tzrupbS7wUKQvBkbEEqj19vo7jPtiN4hWOYzxijvMpObILP6eyLeXsL3K6b3th6Mzu1YEGETh8Lh9lsKsgT-uiTSC52uYnO63jpJBr83ivLckQDLkpMN21cpEJpaenMoBGBtKAmREs19pJv5r4HQS73KA4NZgjOChwFPAD7cIPY8jFZduW--1Ej4woncGGu117cZcM1yffltg1tqs5vmfgVc4ru4VoMm2UUdWXj6t8VoG1yJ8zasfOiUeO4CjEJgU0ECAwEAAaOCBHQwggRwMCcGCSsGAQQBgjcVCgQaMBgwCgYIKwYBBQUHAwEwCgYIKwYBBQUHAwIwPQYJKwYBBAGCNxUHBDAwLgYmKwYBBAGCNxUIhpDjDYTVtHiE8Ys-hZvdFs6dEoFghfmRS4WsmTQCAWQCAQcwggHLBggrBgEFBQcBAQSCAb0wggG5MGMGCCsGAQUFBzAChldodHRwOi8vY3JsLm1pY3Jvc29mdC5jb20vcGtpaW5mcmEvQ2VydHMvQkwyUEtJSU5UQ0EwMi5BTUUuR0JMX0FNRSUyMEluZnJhJTIwQ0ElMjAwNi5jcnQwUwYIKwYBBQUHMAKGR2h0dHA6Ly9jcmwxLmFtZS5nYmwvYWlhL0JMMlBLSUlOVENBMDIuQU1FLkdCTF9BTUUlMjBJbmZyYSUyMENBJTIwMDYuY3J0MFMGCCsGAQUFBzAChkdodHRwOi8vY3JsMi5hbWUuZ2JsL2FpYS9CTDJQS0lJTlRDQTAyLkFNRS5HQkxfQU1FJTIwSW5mcmElMjBDQSUyMDA2LmNydDBTBggrBgEFBQcwAoZHaHR0cDovL2NybDMuYW1lLmdibC9haWEvQkwyUEtJSU5UQ0EwMi5BTUUuR0JMX0FNRSUyMEluZnJhJTIwQ0ElMjAwNi5jcnQwUwYIKwYBBQUHMAKGR2h0dHA6Ly9jcmw0LmFtZS5nYmwvYWlhL0JMMlBLSUlOVENBMDIuQU1FLkdCTF9BTUUlMjBJbmZyYSUyMENBJTIwMDYuY3J0MB0GA1UdDgQWBBQDmHWGUrNZmFtIfL14RXoPR4LL6zAOBgNVHQ8BAf8EBAMCBaAwggEmBgNVHR8EggEdMIIBGTCCARWgggERoIIBDYY_aHR0cDovL2NybC5taWNyb3NvZnQuY29tL3BraWluZnJhL0NSTC9BTUUlMjBJbmZyYSUyMENBJTIwMDYuY3JshjFodHRwOi8vY3JsMS5hbWUuZ2JsL2NybC9BTUUlMjBJbmZyYSUyMENBJTIwMDYuY3JshjFodHRwOi8vY3JsMi5hbWUuZ2JsL2NybC9BTUUlMjBJbmZyYSUyMENBJTIwMDYuY3JshjFodHRwOi8vY3JsMy5hbWUuZ2JsL2NybC9BTUUlMjBJbmZyYSUyMENBJTIwMDYuY3JshjFodHRwOi8vY3JsNC5hbWUuZ2JsL2NybC9BTUUlMjBJbmZyYSUyMENBJTIwMDYuY3JsMIGdBgNVHSAEgZUwgZIwDAYKKwYBBAGCN3sBATBmBgorBgEEAYI3ewICMFgwVgYIKwYBBQUHAgIwSh5IADMAMwBlADAAMQA5ADIAMQAtADQAZAA2ADQALQA0AGYAOABjAC0AYQAwADUANQAtADUAYgBkAGEAZgBmAGQANQBlADMAMwBkMAwGCisGAQQBgjd7AwIwDAYKKwYBBAGCN3sEAjAfBgNVHSMEGDAWgBTxRmjG8cPwKy19i2rhsvm-NfzRQTAdBgNVHSUEFjAUBggrBgEFBQcDAQYIKwYBBQUHAwIwDQYJKoZIhvcNAQELBQADggEBAJcF-z2HGOD5vBAPAiibLynJVPemcCzI2SbO4rX-E6AhWLEMIGFO4peavwLv9iPrFKY29lbs6SxVSu5q_hj7y932SCf-JNEeue2cfiDCPv3T6f2-EAZTfMXrH_G7MaJXKiT0W9b7aewbcPT4xAGaldOb8n9yZp0vrNp9qEtWLm-_bvUf_3_eHf6Iml0lQ01vTCc-k265OG5t1GXtk819ayqNBui5LchwPrubIwRT_p2bmkDy4M-NKrweDScQY2PyCsUp_kdZXbvXoLWAHVgrY7Jq_YDJtDv71360dQ2_5FYlmToG9vPIsDq3H-rE22IKrM8CQsR3ta6g7CXSflNNquQ&s=QDSh4g-1yXfUcHV6ASb9J1HAzLsy_5DRMZ5nR25CTpFbNw-fR35fkr_g-mbIJ93BWg2nTb5DqB8w3lJq-0MGyiFpIWBsmbcxXJf6My6I-awkZwZfERDL4Im4GXd6UMbXtkJxCPZUcrGMaB9aS0ljeetenCoZdje4idZgLJDAzWQ4KADEefusqcDMLtqyBAGZ0bR5xBJOkvu-vKodCDeGLr8kDo0DWUGAnYhulP8SXLMKNw_RH7bVS-ap-ar2k6ZIBIi0h8CgwDF4TbbmQ_8DTKurHTP0aPVSKDN3g-uAkSH_VkV3yZ-CID9pkkPRcs4zfKD0uzb13q9kQR0L57CcSg&h=F_6TTkYog7XJpPVGhfpKs4kluuf0nhL8Pue37QbvIUg",
      "EncodedRequestUri": "L3N1YnNjcmlwdGlvbnMvMjhkMTk0ZTAtZmE5Mi00MGVlLWIzZTctMmU3NmRmNjJmMTZiL29wZXJhdGlvbnJlc3VsdHMvZXlKcWIySkpaQ0k2SWxKRlUwOVZVa05GUjFKUFZWQkVSVXhGVkVsUFRrcFBRaTFRVXpreE56VXRSVUZUVkZWVElpd2lhbTlpVEc5allYUnBiMjRpT2lKbFlYTjBkWE1pZlE/YXBpLXZlcnNpb249MjAyMS0wNC0wMSZ0PTYzODgxMzYwMDg2ODU5MjYyMiZjPU1JSUhoekNDQm0tZ0F3SUJBZ0lUSGdiTHVXbHhZNC1rX2QxYWxnQUFCc3U1YVRBTkJna3Foa2lHOXcwQkFRc0ZBREJFTVJNd0VRWUtDWkltaVpQeUxHUUJHUllEUjBKTU1STXdFUVlLQ1pJbWlaUHlMR1FCR1JZRFFVMUZNUmd3RmdZRFZRUURFdzlCVFVVZ1NXNW1jbUVnUTBFZ01EWXdIaGNOTWpVd05ERTVNVE14TXpNeVdoY05NalV4TURFMk1UTXhNek15V2pCQU1UNHdQQVlEVlFRREV6VmhjM2x1WTI5d1pYSmhkR2x2Ym5OcFoyNXBibWRqWlhKMGFXWnBZMkYwWlM1dFlXNWhaMlZ0Wlc1MExtRjZkWEpsTG1OdmJUQ0NBU0l3RFFZSktvWklodmNOQVFFQkJRQURnZ0VQQURDQ0FRb0NnZ0VCQU12SEphVWcwYUE2Qy1QLVc3ckJPb1pmUUNpZXE2Njdsem5NckZEUEVlaUxKcy1XNThlOElfakhiQmhlamUyQzVnOS1xQlBISzZWUUJCZlpyY3M5dHpydXBiUzd3VUtRdkJrYkVFcWoxOXZvN2pQdGlONGhXT1l6eGlqdk1wT2JJTFA2ZXlMZVhzTDNLNmIzdGg2TXp1MVlFR0VUaDhMaDlsc0tzZ1QtdWlUU0M1MnVZbk82M2pwSkJyODNpdkxja1FETGtwTU4yMWNwRUpwYWVuTW9CR0J0S0FtUkVzMTlwSnY1cjRIUVM3M0tBNE5aZ2pPQ2h3RlBBRDdjSVBZOGpGWmR1Vy0tMUVqNHdvbmNHR3UxMTdjWmNNMXlmZmx0ZzF0cXM1dm1mZ1ZjNHJ1NFZvTW0yVVVkV1hqNnQ4Vm9HMXlKOHphc2ZPaVVlTzRDakVKZ1UwRUNBd0VBQWFPQ0JIUXdnZ1J3TUNjR0NTc0dBUVFCZ2pjVkNnUWFNQmd3Q2dZSUt3WUJCUVVIQXdFd0NnWUlLd1lCQlFVSEF3SXdQUVlKS3dZQkJBR0NOeFVIQkRBd0xnWW1Ld1lCQkFHQ054VUlocERqRFlUVnRIaUU4WXMtaFp2ZEZzNmRFb0ZnaGZtUlM0V3NtVFFDQVdRQ0FRY3dnZ0hMQmdnckJnRUZCUWNCQVFTQ0FiMHdnZ0c1TUdNR0NDc0dBUVVGQnpBQ2hsZG9kSFJ3T2k4dlkzSnNMbTFwWTNKdmMyOW1kQzVqYjIwdmNHdHBhVzVtY21FdlEyVnlkSE12UWt3eVVFdEpTVTVVUTBFd01pNUJUVVV1UjBKTVgwRk5SU1V5TUVsdVpuSmhKVEl3UTBFbE1qQXdOaTVqY25Rd1V3WUlLd1lCQlFVSE1BS0dSMmgwZEhBNkx5OWpjbXd4TG1GdFpTNW5ZbXd2WVdsaEwwSk1NbEJMU1VsT1ZFTkJNREl1UVUxRkxrZENURjlCVFVVbE1qQkpibVp5WVNVeU1FTkJKVEl3TURZdVkzSjBNRk1HQ0NzR0FRVUZCekFDaGtkb2RIUndPaTh2WTNKc01pNWhiV1V1WjJKc0wyRnBZUzlDVERKUVMwbEpUbFJEUVRBeUxrRk5SUzVIUWt4ZlFVMUZKVEl3U1c1bWNtRWxNakJEUVNVeU1EQTJMbU55ZERCVEJnZ3JCZ0VGQlFjd0FvWkhhSFIwY0RvdkwyTnliRE11WVcxbExtZGliQzloYVdFdlFrd3lVRXRKU1U1VVEwRXdNaTVCVFVVdVIwSk1YMEZOUlNVeU1FbHVabkpoSlRJd1EwRWxNakF3Tmk1amNuUXdVd1lJS3dZQkJRVUhNQUtHUjJoMGRIQTZMeTlqY213MExtRnRaUzVuWW13dllXbGhMMEpNTWxCTFNVbE9WRU5CTURJdVFVMUZMa2RDVEY5QlRVVWxNakJKYm1aeVlTVXlNRU5CSlRJd01EWXVZM0owTUIwR0ExVWREZ1FXQkJRRG1IV0dVck5abUZ0SWZMMTRSWG9QUjRMTDZ6QU9CZ05WSFE4QkFmOEVCQU1DQmFBd2dnRW1CZ05WSFI4RWdnRWRNSUlCR1RDQ0FSV2dnZ0VSb0lJQkRZWV9hSFIwY0RvdkwyTnliQzV0YVdOeWIzTnZablF1WTI5dEwzQnJhV2x1Wm5KaEwwTlNUQzlCVFVVbE1qQkpibVp5WVNVeU1FTkJKVEl3TURZdVkzSnNoakZvZEhSd09pOHZZM0pzTVM1aGJXVXVaMkpzTDJOeWJDOUJUVVVsTWpCSmJtWnlZU1V5TUVOQkpUSXdNRFl1WTNKc2hqRm9kSFJ3T2k4dlkzSnNNaTVoYldVdVoySnNMMk55YkM5QlRVVWxNakJKYm1aeVlTVXlNRU5CSlRJd01EWXVZM0pzaGpGb2RIUndPaTh2WTNKc015NWhiV1V1WjJKc0wyTnliQzlCVFVVbE1qQkpibVp5WVNVeU1FTkJKVEl3TURZdVkzSnNoakZvZEhSd09pOHZZM0pzTkM1aGJXVXVaMkpzTDJOeWJDOUJUVVVsTWpCSmJtWnlZU1V5TUVOQkpUSXdNRFl1WTNKc01JR2RCZ05WSFNBRWdaVXdnWkl3REFZS0t3WUJCQUdDTjNzQkFUQm1CZ29yQmdFRUFZSTNld0lDTUZnd1ZnWUlLd1lCQlFVSEFnSXdTaDVJQURNQU13QmxBREFBTVFBNUFESUFNUUF0QURRQVpBQTJBRFFBTFFBMEFHWUFPQUJqQUMwQVlRQXdBRFVBTlFBdEFEVUFZZ0JrQUdFQVpnQm1BR1FBTlFCbEFETUFNd0JrTUF3R0Npc0dBUVFCZ2pkN0F3SXdEQVlLS3dZQkJBR0NOM3NFQWpBZkJnTlZIU01FR0RBV2dCVHhSbWpHOGNQd0t5MTlpMnJoc3ZtLU5melJRVEFkQmdOVkhTVUVGakFVQmdnckJnRUZCUWNEQVFZSUt3WUJCUVVIQXdJd0RRWUpLb1pJaHZjTkFRRUxCUUFEZ2dFQkFKY0YtejJIR09ENXZCQVBBaWliTHluSlZQZW1jQ3pJMlNiTzRyWC1FNkFoV0xFTUlHRk80cGVhdndMdjlpUHJGS1kyOWxiczZTeFZTdTVxX2hqN3k5MzJTQ2YtSk5FZXVlMmNmaURDUHYzVDZmMi1FQVpUZk1YckhfRzdNYUpYS2lUMFc5YjdhZXdiY1BUNHhBR2FsZE9iOG45eVpwMHZyTnA5cUV0V0xtLV9idlVmXzNfZUhmNkltbDBsUTAxdlRDYy1rMjY1T0c1dDFHWHRrODE5YXlxTkJ1aTVMY2h3UHJ1Ykl3UlRfcDJibWtEeTRNLU5LcndlRFNjUVkyUHlDc1VwX2tkWlhidlhvTFdBSFZnclk3SnFfWURKdER2NzEzNjBkUTJfNUZZbG1Ub0c5dlBJc0RxM0gtckUyMklLck04Q1FzUjN0YTZnN0NYU2ZsTk5xdVEmcz1RRFNoNGctMXlYZlVjSFY2QVNiOUoxSEF6THN5XzVEUk1aNW5SMjVDVHBGYk53LWZSMzVma3JfZy1tYklKOTNCV2cyblRiNURxQjh3M2xKcS0wTUd5aUZwSVdCc21iY3hYSmY2TXk2SS1hd2tad1pmRVJETDRJbTRHWGQ2VU1iWHRrSnhDUFpVY3JHTWFCOWFTMGxqZWV0ZW5Db1pkamU0aWRaZ0xKREF6V1E0S0FERWVmdXNxY0RNTHRxeUJBR1owYlI1eEJKT2t2dS12S29kQ0RlR0xyOGtEbzBEV1VHQW5ZaHVsUDhTWExNS053X1JIN2JWUy1hcC1hcjJrNlpJQklpMGg4Q2d3REY0VGJibVFfOERUS3VySFRQMGFQVlNLRE4zZy11QWtTSF9Wa1YzeVotQ0lEOXBra1BSY3M0emZLRDB1emIxM3E5a1FSMEw1N0NjU2cmaD1GXzZUVGtZb2c3WEpwUFZHaGZwS3M0a2x1dWYwbmhMOFB1ZTM3UWJ2SVVn",
      "RequestMethod": "GET",
      "RequestHeaders": {
        "x-ms-client-request-id": [
          "438f42d5-c0c4-439f-90ff-3ab77fa5293d"
        ],
        "User-Agent": [
          "FxVersion/8.0.1525.16413",
          "OSName/Windows",
          "OSVersion/Microsoft.Windows.10.0.26100",
          "Microsoft.Azure.Management.ResourceManager.ResourceManagementClient/3.17.3.0"
        ]
      },
      "RequestBody": "",
      "ResponseHeaders": {
        "Cache-Control": [
          "no-cache"
        ],
        "Pragma": [
          "no-cache"
        ],
        "Location": [
          "https://management.azure.com/subscriptions/28d194e0-fa92-40ee-b3e7-2e76df62f16b/operationresults/eyJqb2JJZCI6IlJFU09VUkNFR1JPVVBERUxFVElPTkpPQi1QUzkxNzUtRUFTVFVTIiwiam9iTG9jYXRpb24iOiJlYXN0dXMifQ?api-version=2021-04-01&t=638813601028534404&c=MIIHhzCCBm-gAwIBAgITHgbLuWlxY4-k_d1algAABsu5aTANBgkqhkiG9w0BAQsFADBEMRMwEQYKCZImiZPyLGQBGRYDR0JMMRMwEQYKCZImiZPyLGQBGRYDQU1FMRgwFgYDVQQDEw9BTUUgSW5mcmEgQ0EgMDYwHhcNMjUwNDE5MTMxMzMyWhcNMjUxMDE2MTMxMzMyWjBAMT4wPAYDVQQDEzVhc3luY29wZXJhdGlvbnNpZ25pbmdjZXJ0aWZpY2F0ZS5tYW5hZ2VtZW50LmF6dXJlLmNvbTCCASIwDQYJKoZIhvcNAQEBBQADggEPADCCAQoCggEBAMvHJaUg0aA6C-P-W7rBOoZfQCieq667lznMrFDPEeiLJs-W58e8I_jHbBheje2C5g9-qBPHK6VQBBfZrcs9tzrupbS7wUKQvBkbEEqj19vo7jPtiN4hWOYzxijvMpObILP6eyLeXsL3K6b3th6Mzu1YEGETh8Lh9lsKsgT-uiTSC52uYnO63jpJBr83ivLckQDLkpMN21cpEJpaenMoBGBtKAmREs19pJv5r4HQS73KA4NZgjOChwFPAD7cIPY8jFZduW--1Ej4woncGGu117cZcM1yffltg1tqs5vmfgVc4ru4VoMm2UUdWXj6t8VoG1yJ8zasfOiUeO4CjEJgU0ECAwEAAaOCBHQwggRwMCcGCSsGAQQBgjcVCgQaMBgwCgYIKwYBBQUHAwEwCgYIKwYBBQUHAwIwPQYJKwYBBAGCNxUHBDAwLgYmKwYBBAGCNxUIhpDjDYTVtHiE8Ys-hZvdFs6dEoFghfmRS4WsmTQCAWQCAQcwggHLBggrBgEFBQcBAQSCAb0wggG5MGMGCCsGAQUFBzAChldodHRwOi8vY3JsLm1pY3Jvc29mdC5jb20vcGtpaW5mcmEvQ2VydHMvQkwyUEtJSU5UQ0EwMi5BTUUuR0JMX0FNRSUyMEluZnJhJTIwQ0ElMjAwNi5jcnQwUwYIKwYBBQUHMAKGR2h0dHA6Ly9jcmwxLmFtZS5nYmwvYWlhL0JMMlBLSUlOVENBMDIuQU1FLkdCTF9BTUUlMjBJbmZyYSUyMENBJTIwMDYuY3J0MFMGCCsGAQUFBzAChkdodHRwOi8vY3JsMi5hbWUuZ2JsL2FpYS9CTDJQS0lJTlRDQTAyLkFNRS5HQkxfQU1FJTIwSW5mcmElMjBDQSUyMDA2LmNydDBTBggrBgEFBQcwAoZHaHR0cDovL2NybDMuYW1lLmdibC9haWEvQkwyUEtJSU5UQ0EwMi5BTUUuR0JMX0FNRSUyMEluZnJhJTIwQ0ElMjAwNi5jcnQwUwYIKwYBBQUHMAKGR2h0dHA6Ly9jcmw0LmFtZS5nYmwvYWlhL0JMMlBLSUlOVENBMDIuQU1FLkdCTF9BTUUlMjBJbmZyYSUyMENBJTIwMDYuY3J0MB0GA1UdDgQWBBQDmHWGUrNZmFtIfL14RXoPR4LL6zAOBgNVHQ8BAf8EBAMCBaAwggEmBgNVHR8EggEdMIIBGTCCARWgggERoIIBDYY_aHR0cDovL2NybC5taWNyb3NvZnQuY29tL3BraWluZnJhL0NSTC9BTUUlMjBJbmZyYSUyMENBJTIwMDYuY3JshjFodHRwOi8vY3JsMS5hbWUuZ2JsL2NybC9BTUUlMjBJbmZyYSUyMENBJTIwMDYuY3JshjFodHRwOi8vY3JsMi5hbWUuZ2JsL2NybC9BTUUlMjBJbmZyYSUyMENBJTIwMDYuY3JshjFodHRwOi8vY3JsMy5hbWUuZ2JsL2NybC9BTUUlMjBJbmZyYSUyMENBJTIwMDYuY3JshjFodHRwOi8vY3JsNC5hbWUuZ2JsL2NybC9BTUUlMjBJbmZyYSUyMENBJTIwMDYuY3JsMIGdBgNVHSAEgZUwgZIwDAYKKwYBBAGCN3sBATBmBgorBgEEAYI3ewICMFgwVgYIKwYBBQUHAgIwSh5IADMAMwBlADAAMQA5ADIAMQAtADQAZAA2ADQALQA0AGYAOABjAC0AYQAwADUANQAtADUAYgBkAGEAZgBmAGQANQBlADMAMwBkMAwGCisGAQQBgjd7AwIwDAYKKwYBBAGCN3sEAjAfBgNVHSMEGDAWgBTxRmjG8cPwKy19i2rhsvm-NfzRQTAdBgNVHSUEFjAUBggrBgEFBQcDAQYIKwYBBQUHAwIwDQYJKoZIhvcNAQELBQADggEBAJcF-z2HGOD5vBAPAiibLynJVPemcCzI2SbO4rX-E6AhWLEMIGFO4peavwLv9iPrFKY29lbs6SxVSu5q_hj7y932SCf-JNEeue2cfiDCPv3T6f2-EAZTfMXrH_G7MaJXKiT0W9b7aewbcPT4xAGaldOb8n9yZp0vrNp9qEtWLm-_bvUf_3_eHf6Iml0lQ01vTCc-k265OG5t1GXtk819ayqNBui5LchwPrubIwRT_p2bmkDy4M-NKrweDScQY2PyCsUp_kdZXbvXoLWAHVgrY7Jq_YDJtDv71360dQ2_5FYlmToG9vPIsDq3H-rE22IKrM8CQsR3ta6g7CXSflNNquQ&s=xn5iomkpd0KTXDEFuziPXC7_MpPdJ0Fv27PKEKV59qNgIecq0jxs-_ErYMdMbEpKNsbNbNYrX5Ra20TiYy5C4dS6cfL-mxo9MaMIxXlAg7C98kELayRjH9ql9zvG344nueQtEqGkO-Xg1vT-r7rYKwIOmZ45Zt18uWj4-N4X2IwN9kTT5fv5sVsFyvZKJuPu2UYhwDRqr5kr6e65kBh97NkwT-GSpc_1qLOU1Y48y_4c1BhoVRgwE7W4t668XurPOtM8drTPPISquo280kBGsvGIECLra7NOJXRcsg652jqtrq4vfC_V-PvkQ0TzQl-cMl8X9ii37J09hflOndP0yw&h=4p0xJU0JozXCkXJV2nNvQcxNu9JLCZhcYQgBmXwyq5M"
        ],
        "Retry-After": [
          "0"
        ],
        "x-ms-ratelimit-remaining-subscription-reads": [
          "249"
        ],
        "x-ms-ratelimit-remaining-subscription-global-reads": [
          "3749"
        ],
        "x-ms-request-id": [
          "cb2bd0ff-0000-4b11-9596-90779f1991d4"
        ],
        "x-ms-correlation-request-id": [
          "cb2bd0ff-0000-4b11-9596-90779f1991d4"
        ],
        "x-ms-routing-request-id": [
          "JAPANWEST:20250427T141502Z:cb2bd0ff-0000-4b11-9596-90779f1991d4"
        ],
        "Strict-Transport-Security": [
          "max-age=31536000; includeSubDomains"
        ],
        "X-Content-Type-Options": [
          "nosniff"
        ],
        "X-Cache": [
          "CONFIG_NOCACHE"
        ],
        "X-MSEdge-Ref": [
          "Ref A: F060344D375D4E779B0A6A55BEEE72C5 Ref B: TYO201100117021 Ref C: 2025-04-27T14:15:02Z"
        ],
        "Date": [
          "Sun, 27 Apr 2025 14:15:02 GMT"
        ],
        "Expires": [
          "-1"
        ],
        "Content-Length": [
          "0"
        ]
      },
      "ResponseBody": "",
      "StatusCode": 202
    },
    {
      "RequestUri": "/subscriptions/28d194e0-fa92-40ee-b3e7-2e76df62f16b/operationresults/eyJqb2JJZCI6IlJFU09VUkNFR1JPVVBERUxFVElPTkpPQi1QUzkxNzUtRUFTVFVTIiwiam9iTG9jYXRpb24iOiJlYXN0dXMifQ?api-version=2021-04-01&t=638813601028534404&c=MIIHhzCCBm-gAwIBAgITHgbLuWlxY4-k_d1algAABsu5aTANBgkqhkiG9w0BAQsFADBEMRMwEQYKCZImiZPyLGQBGRYDR0JMMRMwEQYKCZImiZPyLGQBGRYDQU1FMRgwFgYDVQQDEw9BTUUgSW5mcmEgQ0EgMDYwHhcNMjUwNDE5MTMxMzMyWhcNMjUxMDE2MTMxMzMyWjBAMT4wPAYDVQQDEzVhc3luY29wZXJhdGlvbnNpZ25pbmdjZXJ0aWZpY2F0ZS5tYW5hZ2VtZW50LmF6dXJlLmNvbTCCASIwDQYJKoZIhvcNAQEBBQADggEPADCCAQoCggEBAMvHJaUg0aA6C-P-W7rBOoZfQCieq667lznMrFDPEeiLJs-W58e8I_jHbBheje2C5g9-qBPHK6VQBBfZrcs9tzrupbS7wUKQvBkbEEqj19vo7jPtiN4hWOYzxijvMpObILP6eyLeXsL3K6b3th6Mzu1YEGETh8Lh9lsKsgT-uiTSC52uYnO63jpJBr83ivLckQDLkpMN21cpEJpaenMoBGBtKAmREs19pJv5r4HQS73KA4NZgjOChwFPAD7cIPY8jFZduW--1Ej4woncGGu117cZcM1yffltg1tqs5vmfgVc4ru4VoMm2UUdWXj6t8VoG1yJ8zasfOiUeO4CjEJgU0ECAwEAAaOCBHQwggRwMCcGCSsGAQQBgjcVCgQaMBgwCgYIKwYBBQUHAwEwCgYIKwYBBQUHAwIwPQYJKwYBBAGCNxUHBDAwLgYmKwYBBAGCNxUIhpDjDYTVtHiE8Ys-hZvdFs6dEoFghfmRS4WsmTQCAWQCAQcwggHLBggrBgEFBQcBAQSCAb0wggG5MGMGCCsGAQUFBzAChldodHRwOi8vY3JsLm1pY3Jvc29mdC5jb20vcGtpaW5mcmEvQ2VydHMvQkwyUEtJSU5UQ0EwMi5BTUUuR0JMX0FNRSUyMEluZnJhJTIwQ0ElMjAwNi5jcnQwUwYIKwYBBQUHMAKGR2h0dHA6Ly9jcmwxLmFtZS5nYmwvYWlhL0JMMlBLSUlOVENBMDIuQU1FLkdCTF9BTUUlMjBJbmZyYSUyMENBJTIwMDYuY3J0MFMGCCsGAQUFBzAChkdodHRwOi8vY3JsMi5hbWUuZ2JsL2FpYS9CTDJQS0lJTlRDQTAyLkFNRS5HQkxfQU1FJTIwSW5mcmElMjBDQSUyMDA2LmNydDBTBggrBgEFBQcwAoZHaHR0cDovL2NybDMuYW1lLmdibC9haWEvQkwyUEtJSU5UQ0EwMi5BTUUuR0JMX0FNRSUyMEluZnJhJTIwQ0ElMjAwNi5jcnQwUwYIKwYBBQUHMAKGR2h0dHA6Ly9jcmw0LmFtZS5nYmwvYWlhL0JMMlBLSUlOVENBMDIuQU1FLkdCTF9BTUUlMjBJbmZyYSUyMENBJTIwMDYuY3J0MB0GA1UdDgQWBBQDmHWGUrNZmFtIfL14RXoPR4LL6zAOBgNVHQ8BAf8EBAMCBaAwggEmBgNVHR8EggEdMIIBGTCCARWgggERoIIBDYY_aHR0cDovL2NybC5taWNyb3NvZnQuY29tL3BraWluZnJhL0NSTC9BTUUlMjBJbmZyYSUyMENBJTIwMDYuY3JshjFodHRwOi8vY3JsMS5hbWUuZ2JsL2NybC9BTUUlMjBJbmZyYSUyMENBJTIwMDYuY3JshjFodHRwOi8vY3JsMi5hbWUuZ2JsL2NybC9BTUUlMjBJbmZyYSUyMENBJTIwMDYuY3JshjFodHRwOi8vY3JsMy5hbWUuZ2JsL2NybC9BTUUlMjBJbmZyYSUyMENBJTIwMDYuY3JshjFodHRwOi8vY3JsNC5hbWUuZ2JsL2NybC9BTUUlMjBJbmZyYSUyMENBJTIwMDYuY3JsMIGdBgNVHSAEgZUwgZIwDAYKKwYBBAGCN3sBATBmBgorBgEEAYI3ewICMFgwVgYIKwYBBQUHAgIwSh5IADMAMwBlADAAMQA5ADIAMQAtADQAZAA2ADQALQA0AGYAOABjAC0AYQAwADUANQAtADUAYgBkAGEAZgBmAGQANQBlADMAMwBkMAwGCisGAQQBgjd7AwIwDAYKKwYBBAGCN3sEAjAfBgNVHSMEGDAWgBTxRmjG8cPwKy19i2rhsvm-NfzRQTAdBgNVHSUEFjAUBggrBgEFBQcDAQYIKwYBBQUHAwIwDQYJKoZIhvcNAQELBQADggEBAJcF-z2HGOD5vBAPAiibLynJVPemcCzI2SbO4rX-E6AhWLEMIGFO4peavwLv9iPrFKY29lbs6SxVSu5q_hj7y932SCf-JNEeue2cfiDCPv3T6f2-EAZTfMXrH_G7MaJXKiT0W9b7aewbcPT4xAGaldOb8n9yZp0vrNp9qEtWLm-_bvUf_3_eHf6Iml0lQ01vTCc-k265OG5t1GXtk819ayqNBui5LchwPrubIwRT_p2bmkDy4M-NKrweDScQY2PyCsUp_kdZXbvXoLWAHVgrY7Jq_YDJtDv71360dQ2_5FYlmToG9vPIsDq3H-rE22IKrM8CQsR3ta6g7CXSflNNquQ&s=xn5iomkpd0KTXDEFuziPXC7_MpPdJ0Fv27PKEKV59qNgIecq0jxs-_ErYMdMbEpKNsbNbNYrX5Ra20TiYy5C4dS6cfL-mxo9MaMIxXlAg7C98kELayRjH9ql9zvG344nueQtEqGkO-Xg1vT-r7rYKwIOmZ45Zt18uWj4-N4X2IwN9kTT5fv5sVsFyvZKJuPu2UYhwDRqr5kr6e65kBh97NkwT-GSpc_1qLOU1Y48y_4c1BhoVRgwE7W4t668XurPOtM8drTPPISquo280kBGsvGIECLra7NOJXRcsg652jqtrq4vfC_V-PvkQ0TzQl-cMl8X9ii37J09hflOndP0yw&h=4p0xJU0JozXCkXJV2nNvQcxNu9JLCZhcYQgBmXwyq5M",
      "EncodedRequestUri": "L3N1YnNjcmlwdGlvbnMvMjhkMTk0ZTAtZmE5Mi00MGVlLWIzZTctMmU3NmRmNjJmMTZiL29wZXJhdGlvbnJlc3VsdHMvZXlKcWIySkpaQ0k2SWxKRlUwOVZVa05GUjFKUFZWQkVSVXhGVkVsUFRrcFBRaTFRVXpreE56VXRSVUZUVkZWVElpd2lhbTlpVEc5allYUnBiMjRpT2lKbFlYTjBkWE1pZlE/YXBpLXZlcnNpb249MjAyMS0wNC0wMSZ0PTYzODgxMzYwMTAyODUzNDQwNCZjPU1JSUhoekNDQm0tZ0F3SUJBZ0lUSGdiTHVXbHhZNC1rX2QxYWxnQUFCc3U1YVRBTkJna3Foa2lHOXcwQkFRc0ZBREJFTVJNd0VRWUtDWkltaVpQeUxHUUJHUllEUjBKTU1STXdFUVlLQ1pJbWlaUHlMR1FCR1JZRFFVMUZNUmd3RmdZRFZRUURFdzlCVFVVZ1NXNW1jbUVnUTBFZ01EWXdIaGNOTWpVd05ERTVNVE14TXpNeVdoY05NalV4TURFMk1UTXhNek15V2pCQU1UNHdQQVlEVlFRREV6VmhjM2x1WTI5d1pYSmhkR2x2Ym5OcFoyNXBibWRqWlhKMGFXWnBZMkYwWlM1dFlXNWhaMlZ0Wlc1MExtRjZkWEpsTG1OdmJUQ0NBU0l3RFFZSktvWklodmNOQVFFQkJRQURnZ0VQQURDQ0FRb0NnZ0VCQU12SEphVWcwYUE2Qy1QLVc3ckJPb1pmUUNpZXE2Njdsem5NckZEUEVlaUxKcy1XNThlOElfakhiQmhlamUyQzVnOS1xQlBISzZWUUJCZlpyY3M5dHpydXBiUzd3VUtRdkJrYkVFcWoxOXZvN2pQdGlONGhXT1l6eGlqdk1wT2JJTFA2ZXlMZVhzTDNLNmIzdGg2TXp1MVlFR0VUaDhMaDlsc0tzZ1QtdWlUU0M1MnVZbk82M2pwSkJyODNpdkxja1FETGtwTU4yMWNwRUpwYWVuTW9CR0J0S0FtUkVzMTlwSnY1cjRIUVM3M0tBNE5aZ2pPQ2h3RlBBRDdjSVBZOGpGWmR1Vy0tMUVqNHdvbmNHR3UxMTdjWmNNMXlmZmx0ZzF0cXM1dm1mZ1ZjNHJ1NFZvTW0yVVVkV1hqNnQ4Vm9HMXlKOHphc2ZPaVVlTzRDakVKZ1UwRUNBd0VBQWFPQ0JIUXdnZ1J3TUNjR0NTc0dBUVFCZ2pjVkNnUWFNQmd3Q2dZSUt3WUJCUVVIQXdFd0NnWUlLd1lCQlFVSEF3SXdQUVlKS3dZQkJBR0NOeFVIQkRBd0xnWW1Ld1lCQkFHQ054VUlocERqRFlUVnRIaUU4WXMtaFp2ZEZzNmRFb0ZnaGZtUlM0V3NtVFFDQVdRQ0FRY3dnZ0hMQmdnckJnRUZCUWNCQVFTQ0FiMHdnZ0c1TUdNR0NDc0dBUVVGQnpBQ2hsZG9kSFJ3T2k4dlkzSnNMbTFwWTNKdmMyOW1kQzVqYjIwdmNHdHBhVzVtY21FdlEyVnlkSE12UWt3eVVFdEpTVTVVUTBFd01pNUJUVVV1UjBKTVgwRk5SU1V5TUVsdVpuSmhKVEl3UTBFbE1qQXdOaTVqY25Rd1V3WUlLd1lCQlFVSE1BS0dSMmgwZEhBNkx5OWpjbXd4TG1GdFpTNW5ZbXd2WVdsaEwwSk1NbEJMU1VsT1ZFTkJNREl1UVUxRkxrZENURjlCVFVVbE1qQkpibVp5WVNVeU1FTkJKVEl3TURZdVkzSjBNRk1HQ0NzR0FRVUZCekFDaGtkb2RIUndPaTh2WTNKc01pNWhiV1V1WjJKc0wyRnBZUzlDVERKUVMwbEpUbFJEUVRBeUxrRk5SUzVIUWt4ZlFVMUZKVEl3U1c1bWNtRWxNakJEUVNVeU1EQTJMbU55ZERCVEJnZ3JCZ0VGQlFjd0FvWkhhSFIwY0RvdkwyTnliRE11WVcxbExtZGliQzloYVdFdlFrd3lVRXRKU1U1VVEwRXdNaTVCVFVVdVIwSk1YMEZOUlNVeU1FbHVabkpoSlRJd1EwRWxNakF3Tmk1amNuUXdVd1lJS3dZQkJRVUhNQUtHUjJoMGRIQTZMeTlqY213MExtRnRaUzVuWW13dllXbGhMMEpNTWxCTFNVbE9WRU5CTURJdVFVMUZMa2RDVEY5QlRVVWxNakJKYm1aeVlTVXlNRU5CSlRJd01EWXVZM0owTUIwR0ExVWREZ1FXQkJRRG1IV0dVck5abUZ0SWZMMTRSWG9QUjRMTDZ6QU9CZ05WSFE4QkFmOEVCQU1DQmFBd2dnRW1CZ05WSFI4RWdnRWRNSUlCR1RDQ0FSV2dnZ0VSb0lJQkRZWV9hSFIwY0RvdkwyTnliQzV0YVdOeWIzTnZablF1WTI5dEwzQnJhV2x1Wm5KaEwwTlNUQzlCVFVVbE1qQkpibVp5WVNVeU1FTkJKVEl3TURZdVkzSnNoakZvZEhSd09pOHZZM0pzTVM1aGJXVXVaMkpzTDJOeWJDOUJUVVVsTWpCSmJtWnlZU1V5TUVOQkpUSXdNRFl1WTNKc2hqRm9kSFJ3T2k4dlkzSnNNaTVoYldVdVoySnNMMk55YkM5QlRVVWxNakJKYm1aeVlTVXlNRU5CSlRJd01EWXVZM0pzaGpGb2RIUndPaTh2WTNKc015NWhiV1V1WjJKc0wyTnliQzlCVFVVbE1qQkpibVp5WVNVeU1FTkJKVEl3TURZdVkzSnNoakZvZEhSd09pOHZZM0pzTkM1aGJXVXVaMkpzTDJOeWJDOUJUVVVsTWpCSmJtWnlZU1V5TUVOQkpUSXdNRFl1WTNKc01JR2RCZ05WSFNBRWdaVXdnWkl3REFZS0t3WUJCQUdDTjNzQkFUQm1CZ29yQmdFRUFZSTNld0lDTUZnd1ZnWUlLd1lCQlFVSEFnSXdTaDVJQURNQU13QmxBREFBTVFBNUFESUFNUUF0QURRQVpBQTJBRFFBTFFBMEFHWUFPQUJqQUMwQVlRQXdBRFVBTlFBdEFEVUFZZ0JrQUdFQVpnQm1BR1FBTlFCbEFETUFNd0JrTUF3R0Npc0dBUVFCZ2pkN0F3SXdEQVlLS3dZQkJBR0NOM3NFQWpBZkJnTlZIU01FR0RBV2dCVHhSbWpHOGNQd0t5MTlpMnJoc3ZtLU5melJRVEFkQmdOVkhTVUVGakFVQmdnckJnRUZCUWNEQVFZSUt3WUJCUVVIQXdJd0RRWUpLb1pJaHZjTkFRRUxCUUFEZ2dFQkFKY0YtejJIR09ENXZCQVBBaWliTHluSlZQZW1jQ3pJMlNiTzRyWC1FNkFoV0xFTUlHRk80cGVhdndMdjlpUHJGS1kyOWxiczZTeFZTdTVxX2hqN3k5MzJTQ2YtSk5FZXVlMmNmaURDUHYzVDZmMi1FQVpUZk1YckhfRzdNYUpYS2lUMFc5YjdhZXdiY1BUNHhBR2FsZE9iOG45eVpwMHZyTnA5cUV0V0xtLV9idlVmXzNfZUhmNkltbDBsUTAxdlRDYy1rMjY1T0c1dDFHWHRrODE5YXlxTkJ1aTVMY2h3UHJ1Ykl3UlRfcDJibWtEeTRNLU5LcndlRFNjUVkyUHlDc1VwX2tkWlhidlhvTFdBSFZnclk3SnFfWURKdER2NzEzNjBkUTJfNUZZbG1Ub0c5dlBJc0RxM0gtckUyMklLck04Q1FzUjN0YTZnN0NYU2ZsTk5xdVEmcz14bjVpb21rcGQwS1RYREVGdXppUFhDN19NcFBkSjBGdjI3UEtFS1Y1OXFOZ0llY3EwanhzLV9FcllNZE1iRXBLTnNiTmJOWXJYNVJhMjBUaVl5NUM0ZFM2Y2ZMLW14bzlNYU1JeFhsQWc3Qzk4a0VMYXlSakg5cWw5enZHMzQ0bnVlUXRFcUdrTy1YZzF2VC1yN3JZS3dJT21aNDVadDE4dVdqNC1ONFgySXdOOWtUVDVmdjVzVnNGeXZaS0p1UHUyVVlod0RScXI1a3I2ZTY1a0JoOTdOa3dULUdTcGNfMXFMT1UxWTQ4eV80YzFCaG9WUmd3RTdXNHQ2NjhYdXJQT3RNOGRyVFBQSVNxdW8yODBrQkdzdkdJRUNMcmE3Tk9KWFJjc2c2NTJqcXRycTR2ZkNfVi1QdmtRMFR6UWwtY01sOFg5aWkzN0owOWhmbE9uZFAweXcmaD00cDB4SlUwSm96WENrWEpWMm5OdlFjeE51OUpMQ1poY1lRZ0JtWHd5cTVN",
      "RequestMethod": "GET",
      "RequestHeaders": {
        "x-ms-client-request-id": [
          "438f42d5-c0c4-439f-90ff-3ab77fa5293d"
        ],
        "User-Agent": [
          "FxVersion/8.0.1525.16413",
          "OSName/Windows",
          "OSVersion/Microsoft.Windows.10.0.26100",
          "Microsoft.Azure.Management.ResourceManager.ResourceManagementClient/3.17.3.0"
        ]
      },
      "RequestBody": "",
      "ResponseHeaders": {
        "Cache-Control": [
          "no-cache"
        ],
        "Pragma": [
          "no-cache"
        ],
        "x-ms-ratelimit-remaining-subscription-reads": [
          "249"
        ],
        "x-ms-ratelimit-remaining-subscription-global-reads": [
          "3749"
        ],
        "x-ms-request-id": [
          "72bf3474-f51c-4d0a-bbc4-6ba280f5ded8"
        ],
        "x-ms-correlation-request-id": [
          "72bf3474-f51c-4d0a-bbc4-6ba280f5ded8"
        ],
        "x-ms-routing-request-id": [
          "JAPANWEST:20250427T141518Z:72bf3474-f51c-4d0a-bbc4-6ba280f5ded8"
        ],
        "Strict-Transport-Security": [
          "max-age=31536000; includeSubDomains"
        ],
        "X-Content-Type-Options": [
          "nosniff"
        ],
        "X-Cache": [
          "CONFIG_NOCACHE"
        ],
        "X-MSEdge-Ref": [
          "Ref A: D45E1107C1684A51863FB72218CE15E9 Ref B: TYO201100117021 Ref C: 2025-04-27T14:15:18Z"
        ],
        "Date": [
          "Sun, 27 Apr 2025 14:15:18 GMT"
        ],
        "Expires": [
          "-1"
        ],
        "Content-Length": [
          "0"
        ],
        "Retry-After": [
          "0"
        ]
      },
      "ResponseBody": "",
      "StatusCode": 200
    },
    {
      "RequestUri": "/subscriptions/28d194e0-fa92-40ee-b3e7-2e76df62f16b/operationresults/eyJqb2JJZCI6IlJFU09VUkNFR1JPVVBERUxFVElPTkpPQi1QUzkxNzUtRUFTVFVTIiwiam9iTG9jYXRpb24iOiJlYXN0dXMifQ?api-version=2021-04-01&t=638813601028534404&c=MIIHhzCCBm-gAwIBAgITHgbLuWlxY4-k_d1algAABsu5aTANBgkqhkiG9w0BAQsFADBEMRMwEQYKCZImiZPyLGQBGRYDR0JMMRMwEQYKCZImiZPyLGQBGRYDQU1FMRgwFgYDVQQDEw9BTUUgSW5mcmEgQ0EgMDYwHhcNMjUwNDE5MTMxMzMyWhcNMjUxMDE2MTMxMzMyWjBAMT4wPAYDVQQDEzVhc3luY29wZXJhdGlvbnNpZ25pbmdjZXJ0aWZpY2F0ZS5tYW5hZ2VtZW50LmF6dXJlLmNvbTCCASIwDQYJKoZIhvcNAQEBBQADggEPADCCAQoCggEBAMvHJaUg0aA6C-P-W7rBOoZfQCieq667lznMrFDPEeiLJs-W58e8I_jHbBheje2C5g9-qBPHK6VQBBfZrcs9tzrupbS7wUKQvBkbEEqj19vo7jPtiN4hWOYzxijvMpObILP6eyLeXsL3K6b3th6Mzu1YEGETh8Lh9lsKsgT-uiTSC52uYnO63jpJBr83ivLckQDLkpMN21cpEJpaenMoBGBtKAmREs19pJv5r4HQS73KA4NZgjOChwFPAD7cIPY8jFZduW--1Ej4woncGGu117cZcM1yffltg1tqs5vmfgVc4ru4VoMm2UUdWXj6t8VoG1yJ8zasfOiUeO4CjEJgU0ECAwEAAaOCBHQwggRwMCcGCSsGAQQBgjcVCgQaMBgwCgYIKwYBBQUHAwEwCgYIKwYBBQUHAwIwPQYJKwYBBAGCNxUHBDAwLgYmKwYBBAGCNxUIhpDjDYTVtHiE8Ys-hZvdFs6dEoFghfmRS4WsmTQCAWQCAQcwggHLBggrBgEFBQcBAQSCAb0wggG5MGMGCCsGAQUFBzAChldodHRwOi8vY3JsLm1pY3Jvc29mdC5jb20vcGtpaW5mcmEvQ2VydHMvQkwyUEtJSU5UQ0EwMi5BTUUuR0JMX0FNRSUyMEluZnJhJTIwQ0ElMjAwNi5jcnQwUwYIKwYBBQUHMAKGR2h0dHA6Ly9jcmwxLmFtZS5nYmwvYWlhL0JMMlBLSUlOVENBMDIuQU1FLkdCTF9BTUUlMjBJbmZyYSUyMENBJTIwMDYuY3J0MFMGCCsGAQUFBzAChkdodHRwOi8vY3JsMi5hbWUuZ2JsL2FpYS9CTDJQS0lJTlRDQTAyLkFNRS5HQkxfQU1FJTIwSW5mcmElMjBDQSUyMDA2LmNydDBTBggrBgEFBQcwAoZHaHR0cDovL2NybDMuYW1lLmdibC9haWEvQkwyUEtJSU5UQ0EwMi5BTUUuR0JMX0FNRSUyMEluZnJhJTIwQ0ElMjAwNi5jcnQwUwYIKwYBBQUHMAKGR2h0dHA6Ly9jcmw0LmFtZS5nYmwvYWlhL0JMMlBLSUlOVENBMDIuQU1FLkdCTF9BTUUlMjBJbmZyYSUyMENBJTIwMDYuY3J0MB0GA1UdDgQWBBQDmHWGUrNZmFtIfL14RXoPR4LL6zAOBgNVHQ8BAf8EBAMCBaAwggEmBgNVHR8EggEdMIIBGTCCARWgggERoIIBDYY_aHR0cDovL2NybC5taWNyb3NvZnQuY29tL3BraWluZnJhL0NSTC9BTUUlMjBJbmZyYSUyMENBJTIwMDYuY3JshjFodHRwOi8vY3JsMS5hbWUuZ2JsL2NybC9BTUUlMjBJbmZyYSUyMENBJTIwMDYuY3JshjFodHRwOi8vY3JsMi5hbWUuZ2JsL2NybC9BTUUlMjBJbmZyYSUyMENBJTIwMDYuY3JshjFodHRwOi8vY3JsMy5hbWUuZ2JsL2NybC9BTUUlMjBJbmZyYSUyMENBJTIwMDYuY3JshjFodHRwOi8vY3JsNC5hbWUuZ2JsL2NybC9BTUUlMjBJbmZyYSUyMENBJTIwMDYuY3JsMIGdBgNVHSAEgZUwgZIwDAYKKwYBBAGCN3sBATBmBgorBgEEAYI3ewICMFgwVgYIKwYBBQUHAgIwSh5IADMAMwBlADAAMQA5ADIAMQAtADQAZAA2ADQALQA0AGYAOABjAC0AYQAwADUANQAtADUAYgBkAGEAZgBmAGQANQBlADMAMwBkMAwGCisGAQQBgjd7AwIwDAYKKwYBBAGCN3sEAjAfBgNVHSMEGDAWgBTxRmjG8cPwKy19i2rhsvm-NfzRQTAdBgNVHSUEFjAUBggrBgEFBQcDAQYIKwYBBQUHAwIwDQYJKoZIhvcNAQELBQADggEBAJcF-z2HGOD5vBAPAiibLynJVPemcCzI2SbO4rX-E6AhWLEMIGFO4peavwLv9iPrFKY29lbs6SxVSu5q_hj7y932SCf-JNEeue2cfiDCPv3T6f2-EAZTfMXrH_G7MaJXKiT0W9b7aewbcPT4xAGaldOb8n9yZp0vrNp9qEtWLm-_bvUf_3_eHf6Iml0lQ01vTCc-k265OG5t1GXtk819ayqNBui5LchwPrubIwRT_p2bmkDy4M-NKrweDScQY2PyCsUp_kdZXbvXoLWAHVgrY7Jq_YDJtDv71360dQ2_5FYlmToG9vPIsDq3H-rE22IKrM8CQsR3ta6g7CXSflNNquQ&s=xn5iomkpd0KTXDEFuziPXC7_MpPdJ0Fv27PKEKV59qNgIecq0jxs-_ErYMdMbEpKNsbNbNYrX5Ra20TiYy5C4dS6cfL-mxo9MaMIxXlAg7C98kELayRjH9ql9zvG344nueQtEqGkO-Xg1vT-r7rYKwIOmZ45Zt18uWj4-N4X2IwN9kTT5fv5sVsFyvZKJuPu2UYhwDRqr5kr6e65kBh97NkwT-GSpc_1qLOU1Y48y_4c1BhoVRgwE7W4t668XurPOtM8drTPPISquo280kBGsvGIECLra7NOJXRcsg652jqtrq4vfC_V-PvkQ0TzQl-cMl8X9ii37J09hflOndP0yw&h=4p0xJU0JozXCkXJV2nNvQcxNu9JLCZhcYQgBmXwyq5M",
      "EncodedRequestUri": "L3N1YnNjcmlwdGlvbnMvMjhkMTk0ZTAtZmE5Mi00MGVlLWIzZTctMmU3NmRmNjJmMTZiL29wZXJhdGlvbnJlc3VsdHMvZXlKcWIySkpaQ0k2SWxKRlUwOVZVa05GUjFKUFZWQkVSVXhGVkVsUFRrcFBRaTFRVXpreE56VXRSVUZUVkZWVElpd2lhbTlpVEc5allYUnBiMjRpT2lKbFlYTjBkWE1pZlE/YXBpLXZlcnNpb249MjAyMS0wNC0wMSZ0PTYzODgxMzYwMTAyODUzNDQwNCZjPU1JSUhoekNDQm0tZ0F3SUJBZ0lUSGdiTHVXbHhZNC1rX2QxYWxnQUFCc3U1YVRBTkJna3Foa2lHOXcwQkFRc0ZBREJFTVJNd0VRWUtDWkltaVpQeUxHUUJHUllEUjBKTU1STXdFUVlLQ1pJbWlaUHlMR1FCR1JZRFFVMUZNUmd3RmdZRFZRUURFdzlCVFVVZ1NXNW1jbUVnUTBFZ01EWXdIaGNOTWpVd05ERTVNVE14TXpNeVdoY05NalV4TURFMk1UTXhNek15V2pCQU1UNHdQQVlEVlFRREV6VmhjM2x1WTI5d1pYSmhkR2x2Ym5OcFoyNXBibWRqWlhKMGFXWnBZMkYwWlM1dFlXNWhaMlZ0Wlc1MExtRjZkWEpsTG1OdmJUQ0NBU0l3RFFZSktvWklodmNOQVFFQkJRQURnZ0VQQURDQ0FRb0NnZ0VCQU12SEphVWcwYUE2Qy1QLVc3ckJPb1pmUUNpZXE2Njdsem5NckZEUEVlaUxKcy1XNThlOElfakhiQmhlamUyQzVnOS1xQlBISzZWUUJCZlpyY3M5dHpydXBiUzd3VUtRdkJrYkVFcWoxOXZvN2pQdGlONGhXT1l6eGlqdk1wT2JJTFA2ZXlMZVhzTDNLNmIzdGg2TXp1MVlFR0VUaDhMaDlsc0tzZ1QtdWlUU0M1MnVZbk82M2pwSkJyODNpdkxja1FETGtwTU4yMWNwRUpwYWVuTW9CR0J0S0FtUkVzMTlwSnY1cjRIUVM3M0tBNE5aZ2pPQ2h3RlBBRDdjSVBZOGpGWmR1Vy0tMUVqNHdvbmNHR3UxMTdjWmNNMXlmZmx0ZzF0cXM1dm1mZ1ZjNHJ1NFZvTW0yVVVkV1hqNnQ4Vm9HMXlKOHphc2ZPaVVlTzRDakVKZ1UwRUNBd0VBQWFPQ0JIUXdnZ1J3TUNjR0NTc0dBUVFCZ2pjVkNnUWFNQmd3Q2dZSUt3WUJCUVVIQXdFd0NnWUlLd1lCQlFVSEF3SXdQUVlKS3dZQkJBR0NOeFVIQkRBd0xnWW1Ld1lCQkFHQ054VUlocERqRFlUVnRIaUU4WXMtaFp2ZEZzNmRFb0ZnaGZtUlM0V3NtVFFDQVdRQ0FRY3dnZ0hMQmdnckJnRUZCUWNCQVFTQ0FiMHdnZ0c1TUdNR0NDc0dBUVVGQnpBQ2hsZG9kSFJ3T2k4dlkzSnNMbTFwWTNKdmMyOW1kQzVqYjIwdmNHdHBhVzVtY21FdlEyVnlkSE12UWt3eVVFdEpTVTVVUTBFd01pNUJUVVV1UjBKTVgwRk5SU1V5TUVsdVpuSmhKVEl3UTBFbE1qQXdOaTVqY25Rd1V3WUlLd1lCQlFVSE1BS0dSMmgwZEhBNkx5OWpjbXd4TG1GdFpTNW5ZbXd2WVdsaEwwSk1NbEJMU1VsT1ZFTkJNREl1UVUxRkxrZENURjlCVFVVbE1qQkpibVp5WVNVeU1FTkJKVEl3TURZdVkzSjBNRk1HQ0NzR0FRVUZCekFDaGtkb2RIUndPaTh2WTNKc01pNWhiV1V1WjJKc0wyRnBZUzlDVERKUVMwbEpUbFJEUVRBeUxrRk5SUzVIUWt4ZlFVMUZKVEl3U1c1bWNtRWxNakJEUVNVeU1EQTJMbU55ZERCVEJnZ3JCZ0VGQlFjd0FvWkhhSFIwY0RvdkwyTnliRE11WVcxbExtZGliQzloYVdFdlFrd3lVRXRKU1U1VVEwRXdNaTVCVFVVdVIwSk1YMEZOUlNVeU1FbHVabkpoSlRJd1EwRWxNakF3Tmk1amNuUXdVd1lJS3dZQkJRVUhNQUtHUjJoMGRIQTZMeTlqY213MExtRnRaUzVuWW13dllXbGhMMEpNTWxCTFNVbE9WRU5CTURJdVFVMUZMa2RDVEY5QlRVVWxNakJKYm1aeVlTVXlNRU5CSlRJd01EWXVZM0owTUIwR0ExVWREZ1FXQkJRRG1IV0dVck5abUZ0SWZMMTRSWG9QUjRMTDZ6QU9CZ05WSFE4QkFmOEVCQU1DQmFBd2dnRW1CZ05WSFI4RWdnRWRNSUlCR1RDQ0FSV2dnZ0VSb0lJQkRZWV9hSFIwY0RvdkwyTnliQzV0YVdOeWIzTnZablF1WTI5dEwzQnJhV2x1Wm5KaEwwTlNUQzlCVFVVbE1qQkpibVp5WVNVeU1FTkJKVEl3TURZdVkzSnNoakZvZEhSd09pOHZZM0pzTVM1aGJXVXVaMkpzTDJOeWJDOUJUVVVsTWpCSmJtWnlZU1V5TUVOQkpUSXdNRFl1WTNKc2hqRm9kSFJ3T2k4dlkzSnNNaTVoYldVdVoySnNMMk55YkM5QlRVVWxNakJKYm1aeVlTVXlNRU5CSlRJd01EWXVZM0pzaGpGb2RIUndPaTh2WTNKc015NWhiV1V1WjJKc0wyTnliQzlCVFVVbE1qQkpibVp5WVNVeU1FTkJKVEl3TURZdVkzSnNoakZvZEhSd09pOHZZM0pzTkM1aGJXVXVaMkpzTDJOeWJDOUJUVVVsTWpCSmJtWnlZU1V5TUVOQkpUSXdNRFl1WTNKc01JR2RCZ05WSFNBRWdaVXdnWkl3REFZS0t3WUJCQUdDTjNzQkFUQm1CZ29yQmdFRUFZSTNld0lDTUZnd1ZnWUlLd1lCQlFVSEFnSXdTaDVJQURNQU13QmxBREFBTVFBNUFESUFNUUF0QURRQVpBQTJBRFFBTFFBMEFHWUFPQUJqQUMwQVlRQXdBRFVBTlFBdEFEVUFZZ0JrQUdFQVpnQm1BR1FBTlFCbEFETUFNd0JrTUF3R0Npc0dBUVFCZ2pkN0F3SXdEQVlLS3dZQkJBR0NOM3NFQWpBZkJnTlZIU01FR0RBV2dCVHhSbWpHOGNQd0t5MTlpMnJoc3ZtLU5melJRVEFkQmdOVkhTVUVGakFVQmdnckJnRUZCUWNEQVFZSUt3WUJCUVVIQXdJd0RRWUpLb1pJaHZjTkFRRUxCUUFEZ2dFQkFKY0YtejJIR09ENXZCQVBBaWliTHluSlZQZW1jQ3pJMlNiTzRyWC1FNkFoV0xFTUlHRk80cGVhdndMdjlpUHJGS1kyOWxiczZTeFZTdTVxX2hqN3k5MzJTQ2YtSk5FZXVlMmNmaURDUHYzVDZmMi1FQVpUZk1YckhfRzdNYUpYS2lUMFc5YjdhZXdiY1BUNHhBR2FsZE9iOG45eVpwMHZyTnA5cUV0V0xtLV9idlVmXzNfZUhmNkltbDBsUTAxdlRDYy1rMjY1T0c1dDFHWHRrODE5YXlxTkJ1aTVMY2h3UHJ1Ykl3UlRfcDJibWtEeTRNLU5LcndlRFNjUVkyUHlDc1VwX2tkWlhidlhvTFdBSFZnclk3SnFfWURKdER2NzEzNjBkUTJfNUZZbG1Ub0c5dlBJc0RxM0gtckUyMklLck04Q1FzUjN0YTZnN0NYU2ZsTk5xdVEmcz14bjVpb21rcGQwS1RYREVGdXppUFhDN19NcFBkSjBGdjI3UEtFS1Y1OXFOZ0llY3EwanhzLV9FcllNZE1iRXBLTnNiTmJOWXJYNVJhMjBUaVl5NUM0ZFM2Y2ZMLW14bzlNYU1JeFhsQWc3Qzk4a0VMYXlSakg5cWw5enZHMzQ0bnVlUXRFcUdrTy1YZzF2VC1yN3JZS3dJT21aNDVadDE4dVdqNC1ONFgySXdOOWtUVDVmdjVzVnNGeXZaS0p1UHUyVVlod0RScXI1a3I2ZTY1a0JoOTdOa3dULUdTcGNfMXFMT1UxWTQ4eV80YzFCaG9WUmd3RTdXNHQ2NjhYdXJQT3RNOGRyVFBQSVNxdW8yODBrQkdzdkdJRUNMcmE3Tk9KWFJjc2c2NTJqcXRycTR2ZkNfVi1QdmtRMFR6UWwtY01sOFg5aWkzN0owOWhmbE9uZFAweXcmaD00cDB4SlUwSm96WENrWEpWMm5OdlFjeE51OUpMQ1poY1lRZ0JtWHd5cTVN",
      "RequestMethod": "GET",
      "RequestHeaders": {
        "x-ms-client-request-id": [
          "438f42d5-c0c4-439f-90ff-3ab77fa5293d"
        ],
        "User-Agent": [
          "FxVersion/8.0.1525.16413",
          "OSName/Windows",
          "OSVersion/Microsoft.Windows.10.0.26100",
          "Microsoft.Azure.Management.ResourceManager.ResourceManagementClient/3.17.3.0"
        ]
      },
      "RequestBody": "",
      "ResponseHeaders": {
        "Cache-Control": [
          "no-cache"
        ],
        "Pragma": [
          "no-cache"
        ],
        "x-ms-ratelimit-remaining-subscription-reads": [
          "249"
        ],
        "x-ms-ratelimit-remaining-subscription-global-reads": [
          "3749"
        ],
        "x-ms-request-id": [
          "48421a6d-3094-4939-9d83-4fd066f7f3db"
        ],
        "x-ms-correlation-request-id": [
          "48421a6d-3094-4939-9d83-4fd066f7f3db"
        ],
        "x-ms-routing-request-id": [
          "JAPANWEST:20250427T141519Z:48421a6d-3094-4939-9d83-4fd066f7f3db"
        ],
        "Strict-Transport-Security": [
          "max-age=31536000; includeSubDomains"
        ],
        "X-Content-Type-Options": [
          "nosniff"
        ],
        "X-Cache": [
          "CONFIG_NOCACHE"
        ],
        "X-MSEdge-Ref": [
          "Ref A: BB686F4385F34C668545B247EF361F3A Ref B: TYO201100117021 Ref C: 2025-04-27T14:15:18Z"
        ],
        "Date": [
          "Sun, 27 Apr 2025 14:15:19 GMT"
        ],
        "Expires": [
          "-1"
        ],
        "Content-Length": [
          "0"
        ],
        "Retry-After": [
          "0"
        ]
      },
      "ResponseBody": "",
      "StatusCode": 200
    }
  ],
  "Names": {
    "Test-SetAzResourceForNonExistingResourceType": [
      "ps9175",
      "ps9434"
    ]
  },
  "Variables": {
    "SubscriptionId": "28d194e0-fa92-40ee-b3e7-2e76df62f16b"
  }
}