{
  "Get-AzSentinelEntity+[NoContext]+List+$GET+https://management.azure.com/subscriptions/51a36d38-3b14-471f-8dde-a5867f5e51eb/resourceGroups/aspstestt6jdws/providers/Microsoft.OperationalInsights/workspaces/asptest1qlb2s/providers/Microsoft.SecurityInsights/entities?api-version=2021-09-01-preview+1": {
    "Request": {
      "Method": "GET",
      "RequestUri": "https://management.azure.com/subscriptions/51a36d38-3b14-471f-8dde-a5867f5e51eb/resourceGroups/aspstestt6jdws/providers/Microsoft.OperationalInsights/workspaces/asptest1qlb2s/providers/Microsoft.SecurityInsights/entities?api-version=2021-09-01-preview",
      "Content": null,
      "isContentBase64": false,
      "Headers": {
        "x-ms-unique-id": [ "190" ],
        "x-ms-client-request-id": [ "484b44a2-7a87-4eeb-be91-e117c8c05e65" ],
        "CommandName": [ "Get-AzSentinelentity" ],
        "FullCommandName": [ "Get-AzSentinelEntity_List" ],
        "ParameterSetName": [ "__AllParameterSets" ],
        "User-Agent": [ "AzurePowershell/v0.0.0", "PSVersion/v7.1.3", "Az.SecurityInsights/1.2.0" ],
        "Authorization": [ "[Filtered]" ]
      },
      "ContentHeaders": {
      }
    },
    "Response": {
      "StatusCode": 200,
      "Headers": {
        "Cache-Control": [ "no-cache" ],
        "Pragma": [ "no-cache" ],
        "Server": [ "Kestrel" ],
        "x-ms-ratelimit-remaining-subscription-reads": [ "11977" ],
        "x-ms-request-id": [ "d8862eed-373d-4d86-8e82-c0228549c30e" ],
        "x-ms-correlation-request-id": [ "d8862eed-373d-4d86-8e82-c0228549c30e" ],
        "x-ms-routing-request-id": [ "EASTUS2:20220729T183125Z:d8862eed-373d-4d86-8e82-c0228549c30e" ],
        "Strict-Transport-Security": [ "max-age=31536000; includeSubDomains" ],
        "X-Content-Type-Options": [ "nosniff" ],
        "Date": [ "Fri, 29 Jul 2022 18:31:25 GMT" ]
      },
      "ContentHeaders": {
        "Content-Length": [ "461" ],
        "Content-Type": [ "application/json; charset=utf-8" ],
        "Expires": [ "-1" ]
      },
      "Content": "{\"value\":[{\"id\":\"/subscriptions/51a36d38-3b14-471f-8dde-a5867f5e51eb/resourceGroups/aspstestt6jdws/providers/Microsoft.OperationalInsights/workspaces/asptest1qlb2s/providers/Microsoft.SecurityInsights/entities/f76e8451-9f40-544f-61e4-33a50dca269d\",\"name\":\"f76e8451-9f40-544f-61e4-33a50dca269d\",\"type\":\"Microsoft.SecurityInsights/entities\",\"kind\":\"Ip\",\"properties\":{\"address\":\"175.45.176.99\",\"additionalData\":{\"AlertCount\":\"6\"},\"friendlyName\":\"175.45.176.99\"}}]}",
      "isContentBase64": false
    }
  },
  "Get-AzSentinelEntity+[NoContext]+Get+$GET+https://management.azure.com/subscriptions/51a36d38-3b14-471f-8dde-a5867f5e51eb/resourceGroups/aspstestt6jdws/providers/Microsoft.OperationalInsights/workspaces/asptest1qlb2s/providers/Microsoft.SecurityInsights/entities?api-version=2021-09-01-preview+1": {
    "Request": {
      "Method": "GET",
      "RequestUri": "https://management.azure.com/subscriptions/51a36d38-3b14-471f-8dde-a5867f5e51eb/resourceGroups/aspstestt6jdws/providers/Microsoft.OperationalInsights/workspaces/asptest1qlb2s/providers/Microsoft.SecurityInsights/entities?api-version=2021-09-01-preview",
      "Content": null,
      "isContentBase64": false,
      "Headers": {
        "x-ms-unique-id": [ "191" ],
        "x-ms-client-request-id": [ "5b12f79a-13e7-4e55-bf13-c57c555a3029" ],
        "CommandName": [ "Get-AzSentinelentity" ],
        "FullCommandName": [ "Get-AzSentinelEntity_List" ],
        "ParameterSetName": [ "__AllParameterSets" ],
        "User-Agent": [ "AzurePowershell/v0.0.0", "PSVersion/v7.1.3", "Az.SecurityInsights/1.2.0" ],
        "Authorization": [ "[Filtered]" ]
      },
      "ContentHeaders": {
      }
    },
    "Response": {
      "StatusCode": 200,
      "Headers": {
        "Cache-Control": [ "no-cache" ],
        "Pragma": [ "no-cache" ],
        "Server": [ "Kestrel" ],
        "x-ms-ratelimit-remaining-subscription-reads": [ "11976" ],
        "x-ms-request-id": [ "409cbd21-a823-4ff3-afc1-c5d676b27496" ],
        "x-ms-correlation-request-id": [ "409cbd21-a823-4ff3-afc1-c5d676b27496" ],
        "x-ms-routing-request-id": [ "EASTUS2:20220729T183125Z:409cbd21-a823-4ff3-afc1-c5d676b27496" ],
        "Strict-Transport-Security": [ "max-age=31536000; includeSubDomains" ],
        "X-Content-Type-Options": [ "nosniff" ],
        "Date": [ "Fri, 29 Jul 2022 18:31:25 GMT" ]
      },
      "ContentHeaders": {
        "Content-Length": [ "461" ],
        "Content-Type": [ "application/json; charset=utf-8" ],
        "Expires": [ "-1" ]
      },
      "Content": "{\"value\":[{\"id\":\"/subscriptions/51a36d38-3b14-471f-8dde-a5867f5e51eb/resourceGroups/aspstestt6jdws/providers/Microsoft.OperationalInsights/workspaces/asptest1qlb2s/providers/Microsoft.SecurityInsights/entities/f76e8451-9f40-544f-61e4-33a50dca269d\",\"name\":\"f76e8451-9f40-544f-61e4-33a50dca269d\",\"type\":\"Microsoft.SecurityInsights/entities\",\"kind\":\"Ip\",\"properties\":{\"address\":\"175.45.176.99\",\"additionalData\":{\"AlertCount\":\"6\"},\"friendlyName\":\"175.45.176.99\"}}]}",
      "isContentBase64": false
    }
  },
  "Get-AzSentinelEntity+[NoContext]+Get+$GET+https://management.azure.com/subscriptions/51a36d38-3b14-471f-8dde-a5867f5e51eb/resourceGroups/aspstestt6jdws/providers/Microsoft.OperationalInsights/workspaces/asptest1qlb2s/providers/Microsoft.SecurityInsights/entities/f76e8451-9f40-544f-61e4-33a50dca269d?api-version=2021-09-01-preview+2": {
    "Request": {
      "Method": "GET",
      "RequestUri": "https://management.azure.com/subscriptions/51a36d38-3b14-471f-8dde-a5867f5e51eb/resourceGroups/aspstestt6jdws/providers/Microsoft.OperationalInsights/workspaces/asptest1qlb2s/providers/Microsoft.SecurityInsights/entities/f76e8451-9f40-544f-61e4-33a50dca269d?api-version=2021-09-01-preview",
      "Content": null,
      "isContentBase64": false,
      "Headers": {
        "x-ms-unique-id": [ "192" ],
        "x-ms-client-request-id": [ "48423662-7c77-4fec-9bea-e567a8df0432" ],
        "CommandName": [ "Get-AzSentinelentity" ],
        "FullCommandName": [ "Get-AzSentinelEntity_Get" ],
        "ParameterSetName": [ "__AllParameterSets" ],
        "User-Agent": [ "AzurePowershell/v0.0.0", "PSVersion/v7.1.3", "Az.SecurityInsights/1.2.0" ],
        "Authorization": [ "[Filtered]" ]
      },
      "ContentHeaders": {
      }
    },
    "Response": {
      "StatusCode": 200,
      "Headers": {
        "Cache-Control": [ "no-cache" ],
        "Pragma": [ "no-cache" ],
        "Server": [ "Kestrel" ],
        "x-ms-ratelimit-remaining-subscription-reads": [ "11975" ],
        "x-ms-request-id": [ "17e0f0f0-34b8-4666-b216-40deb881e509" ],
        "x-ms-correlation-request-id": [ "17e0f0f0-34b8-4666-b216-40deb881e509" ],
        "x-ms-routing-request-id": [ "EASTUS2:20220729T183126Z:17e0f0f0-34b8-4666-b216-40deb881e509" ],
        "Strict-Transport-Security": [ "max-age=31536000; includeSubDomains" ],
        "X-Content-Type-Options": [ "nosniff" ],
        "Date": [ "Fri, 29 Jul 2022 18:31:26 GMT" ]
      },
      "ContentHeaders": {
        "Content-Length": [ "413" ],
        "Content-Type": [ "application/json; charset=utf-8" ],
        "Expires": [ "-1" ]
      },
      "Content": "{\"id\":\"/subscriptions/51a36d38-3b14-471f-8dde-a5867f5e51eb/resourceGroups/aspstestt6jdws/providers/Microsoft.OperationalInsights/workspaces/asptest1qlb2s/providers/Microsoft.SecurityInsights/entities/f76e8451-9f40-544f-61e4-33a50dca269d\",\"name\":\"f76e8451-9f40-544f-61e4-33a50dca269d\",\"type\":\"Microsoft.SecurityInsights/entities\",\"kind\":\"Ip\",\"properties\":{\"address\":\"175.45.176.99\",\"friendlyName\":\"175.45.176.99\"}}",
      "isContentBase64": false
    }
  },
  "Get-AzSentinelEntity+[NoContext]+GetViaIdentity+$GET+https://management.azure.com/subscriptions/51a36d38-3b14-471f-8dde-a5867f5e51eb/resourceGroups/aspstestt6jdws/providers/Microsoft.OperationalInsights/workspaces/asptest1qlb2s/providers/Microsoft.SecurityInsights/entities?api-version=2021-09-01-preview+1": {
    "Request": {
      "Method": "GET",
      "RequestUri": "https://management.azure.com/subscriptions/51a36d38-3b14-471f-8dde-a5867f5e51eb/resourceGroups/aspstestt6jdws/providers/Microsoft.OperationalInsights/workspaces/asptest1qlb2s/providers/Microsoft.SecurityInsights/entities?api-version=2021-09-01-preview",
      "Content": null,
      "isContentBase64": false,
      "Headers": {
        "x-ms-unique-id": [ "193" ],
        "x-ms-client-request-id": [ "f876cb3e-bce4-490b-b25f-bf6d90c82030" ],
        "CommandName": [ "Get-AzSentinelentity" ],
        "FullCommandName": [ "Get-AzSentinelEntity_List" ],
        "ParameterSetName": [ "__AllParameterSets" ],
        "User-Agent": [ "AzurePowershell/v0.0.0", "PSVersion/v7.1.3", "Az.SecurityInsights/1.2.0" ],
        "Authorization": [ "[Filtered]" ]
      },
      "ContentHeaders": {
      }
    },
    "Response": {
      "StatusCode": 200,
      "Headers": {
        "Cache-Control": [ "no-cache" ],
        "Pragma": [ "no-cache" ],
        "Server": [ "Kestrel" ],
        "x-ms-ratelimit-remaining-subscription-reads": [ "11974" ],
        "x-ms-request-id": [ "645e5bd4-0485-47fc-a961-cfaa70723375" ],
        "x-ms-correlation-request-id": [ "645e5bd4-0485-47fc-a961-cfaa70723375" ],
        "x-ms-routing-request-id": [ "EASTUS2:20220729T183126Z:645e5bd4-0485-47fc-a961-cfaa70723375" ],
        "Strict-Transport-Security": [ "max-age=31536000; includeSubDomains" ],
        "X-Content-Type-Options": [ "nosniff" ],
        "Date": [ "Fri, 29 Jul 2022 18:31:26 GMT" ]
      },
      "ContentHeaders": {
        "Content-Length": [ "461" ],
        "Content-Type": [ "application/json; charset=utf-8" ],
        "Expires": [ "-1" ]
      },
      "Content": "{\"value\":[{\"id\":\"/subscriptions/51a36d38-3b14-471f-8dde-a5867f5e51eb/resourceGroups/aspstestt6jdws/providers/Microsoft.OperationalInsights/workspaces/asptest1qlb2s/providers/Microsoft.SecurityInsights/entities/f76e8451-9f40-544f-61e4-33a50dca269d\",\"name\":\"f76e8451-9f40-544f-61e4-33a50dca269d\",\"type\":\"Microsoft.SecurityInsights/entities\",\"kind\":\"Ip\",\"properties\":{\"address\":\"175.45.176.99\",\"additionalData\":{\"AlertCount\":\"6\"},\"friendlyName\":\"175.45.176.99\"}}]}",
      "isContentBase64": false
    }
  },
  "Get-AzSentinelEntity+[NoContext]+GetViaIdentity+$GET+https://management.azure.com/subscriptions/51a36d38-3b14-471f-8dde-a5867f5e51eb/resourceGroups/aspstestt6jdws/providers/Microsoft.OperationalInsights/workspaces/asptest1qlb2s/providers/Microsoft.SecurityInsights/entities/f76e8451-9f40-544f-61e4-33a50dca269d?api-version=2021-09-01-preview+2": {
    "Request": {
      "Method": "GET",
      "RequestUri": "https://management.azure.com/subscriptions/51a36d38-3b14-471f-8dde-a5867f5e51eb/resourceGroups/aspstestt6jdws/providers/Microsoft.OperationalInsights/workspaces/asptest1qlb2s/providers/Microsoft.SecurityInsights/entities/f76e8451-9f40-544f-61e4-33a50dca269d?api-version=2021-09-01-preview",
      "Content": null,
      "isContentBase64": false,
      "Headers": {
        "x-ms-unique-id": [ "194" ],
        "x-ms-client-request-id": [ "5a0d9eab-13c4-4113-a579-bd0ea3b6b08d" ],
        "CommandName": [ "Get-AzSentinelentity" ],
        "FullCommandName": [ "Get-AzSentinelEntity_Get" ],
        "ParameterSetName": [ "__AllParameterSets" ],
        "User-Agent": [ "AzurePowershell/v0.0.0", "PSVersion/v7.1.3", "Az.SecurityInsights/1.2.0" ],
        "Authorization": [ "[Filtered]" ]
      },
      "ContentHeaders": {
      }
    },
    "Response": {
      "StatusCode": 200,
      "Headers": {
        "Cache-Control": [ "no-cache" ],
        "Pragma": [ "no-cache" ],
        "Server": [ "Kestrel" ],
        "x-ms-ratelimit-remaining-subscription-reads": [ "11973" ],
        "x-ms-request-id": [ "bfca1590-fe6d-43c6-adec-58eead231d44" ],
        "x-ms-correlation-request-id": [ "bfca1590-fe6d-43c6-adec-58eead231d44" ],
        "x-ms-routing-request-id": [ "EASTUS2:20220729T183127Z:bfca1590-fe6d-43c6-adec-58eead231d44" ],
        "Strict-Transport-Security": [ "max-age=31536000; includeSubDomains" ],
        "X-Content-Type-Options": [ "nosniff" ],
        "Date": [ "Fri, 29 Jul 2022 18:31:26 GMT" ]
      },
      "ContentHeaders": {
        "Content-Length": [ "413" ],
        "Content-Type": [ "application/json; charset=utf-8" ],
        "Expires": [ "-1" ]
      },
      "Content": "{\"id\":\"/subscriptions/51a36d38-3b14-471f-8dde-a5867f5e51eb/resourceGroups/aspstestt6jdws/providers/Microsoft.OperationalInsights/workspaces/asptest1qlb2s/providers/Microsoft.SecurityInsights/entities/f76e8451-9f40-544f-61e4-33a50dca269d\",\"name\":\"f76e8451-9f40-544f-61e4-33a50dca269d\",\"type\":\"Microsoft.SecurityInsights/entities\",\"kind\":\"Ip\",\"properties\":{\"address\":\"175.45.176.99\",\"friendlyName\":\"175.45.176.99\"}}",
      "isContentBase64": false
    }
  },
  "Get-AzSentinelEntity+[NoContext]+GetViaIdentity+$GET+https://management.azure.com/subscriptions/51a36d38-3b14-471f-8dde-a5867f5e51eb/resourceGroups/aspstestt6jdws/providers/Microsoft.OperationalInsights/workspaces/asptest1qlb2s/providers/Microsoft.SecurityInsights/entities/f76e8451-9f40-544f-61e4-33a50dca269d?api-version=2021-09-01-preview+3": {
    "Request": {
      "Method": "GET",
      "RequestUri": "https://management.azure.com/subscriptions/51a36d38-3b14-471f-8dde-a5867f5e51eb/resourceGroups/aspstestt6jdws/providers/Microsoft.OperationalInsights/workspaces/asptest1qlb2s/providers/Microsoft.SecurityInsights/entities/f76e8451-9f40-544f-61e4-33a50dca269d?api-version=2021-09-01-preview",
      "Content": null,
      "isContentBase64": false,
      "Headers": {
        "x-ms-unique-id": [ "195" ],
        "x-ms-client-request-id": [ "706d4b7a-d46e-4ef2-8c28-ce6fec044bc7" ],
        "CommandName": [ "Get-AzSentinelentity" ],
        "FullCommandName": [ "Get-AzSentinelEntity_GetViaIdentity" ],
        "ParameterSetName": [ "__AllParameterSets" ],
        "User-Agent": [ "AzurePowershell/v0.0.0", "PSVersion/v7.1.3", "Az.SecurityInsights/1.2.0" ],
        "Authorization": [ "[Filtered]" ]
      },
      "ContentHeaders": {
      }
    },
    "Response": {
      "StatusCode": 200,
      "Headers": {
        "Cache-Control": [ "no-cache" ],
        "Pragma": [ "no-cache" ],
        "Server": [ "Kestrel" ],
        "x-ms-ratelimit-remaining-subscription-reads": [ "11972" ],
        "x-ms-request-id": [ "a32df2cc-93ab-4063-9521-4d262c7fb624" ],
        "x-ms-correlation-request-id": [ "a32df2cc-93ab-4063-9521-4d262c7fb624" ],
        "x-ms-routing-request-id": [ "EASTUS2:20220729T183127Z:a32df2cc-93ab-4063-9521-4d262c7fb624" ],
        "Strict-Transport-Security": [ "max-age=31536000; includeSubDomains" ],
        "X-Content-Type-Options": [ "nosniff" ],
        "Date": [ "Fri, 29 Jul 2022 18:31:26 GMT" ]
      },
      "ContentHeaders": {
        "Content-Length": [ "413" ],
        "Content-Type": [ "application/json; charset=utf-8" ],
        "Expires": [ "-1" ]
      },
      "Content": "{\"id\":\"/subscriptions/51a36d38-3b14-471f-8dde-a5867f5e51eb/resourceGroups/aspstestt6jdws/providers/Microsoft.OperationalInsights/workspaces/asptest1qlb2s/providers/Microsoft.SecurityInsights/entities/f76e8451-9f40-544f-61e4-33a50dca269d\",\"name\":\"f76e8451-9f40-544f-61e4-33a50dca269d\",\"type\":\"Microsoft.SecurityInsights/entities\",\"kind\":\"Ip\",\"properties\":{\"address\":\"175.45.176.99\",\"friendlyName\":\"175.45.176.99\"}}",
      "isContentBase64": false
    }
  }
}