{
  "Update-AzSentinelSetting+[NoContext]+UpdateExpanded+$GET+https://management.azure.com/subscriptions/51a36d38-3b14-471f-8dde-a5867f5e51eb/resourceGroups/aspstestt6jdws/providers/Microsoft.OperationalInsights/workspaces/asptest1qlb2s/providers/Microsoft.SecurityInsights/settings?api-version=2021-09-01-preview+1": {
    "Request": {
      "Method": "GET",
      "RequestUri": "https://management.azure.com/subscriptions/51a36d38-3b14-471f-8dde-a5867f5e51eb/resourceGroups/aspstestt6jdws/providers/Microsoft.OperationalInsights/workspaces/asptest1qlb2s/providers/Microsoft.SecurityInsights/settings?api-version=2021-09-01-preview",
      "Content": null,
      "isContentBase64": false,
      "Headers": {
        "x-ms-unique-id": [ "327" ],
        "x-ms-client-request-id": [ "1ece0edd-f135-4f0f-aa0f-dc3693e69543" ],
        "CommandName": [ "get-AzSentinelSetting" ],
        "FullCommandName": [ "Get-AzSentinelSetting_List" ],
        "ParameterSetName": [ "__AllParameterSets" ],
        "User-Agent": [ "AzurePowershell/v0.0.0", "PSVersion/v7.1.3", "Az.SecurityInsights/1.2.0" ],
        "Authorization": [ "[Filtered]" ]
      },
      "ContentHeaders": {
      }
    },
    "Response": {
      "StatusCode": 200,
      "Headers": {
        "Cache-Control": [ "no-cache" ],
        "Pragma": [ "no-cache" ],
        "Server": [ "Kestrel" ],
        "x-ms-ratelimit-remaining-subscription-reads": [ "11928" ],
        "x-ms-request-id": [ "bc546fa4-894c-4437-aab4-dfb7c037bbaf" ],
        "x-ms-correlation-request-id": [ "bc546fa4-894c-4437-aab4-dfb7c037bbaf" ],
        "x-ms-routing-request-id": [ "EASTUS2:20220729T183342Z:bc546fa4-894c-4437-aab4-dfb7c037bbaf" ],
        "Strict-Transport-Security": [ "max-age=31536000; includeSubDomains" ],
        "X-Content-Type-Options": [ "nosniff" ],
        "Date": [ "Fri, 29 Jul 2022 18:33:42 GMT" ]
      },
      "ContentHeaders": {
        "Content-Length": [ "785" ],
        "Content-Type": [ "application/json; charset=utf-8" ],
        "Expires": [ "-1" ]
      },
      "Content": "{\"value\":[{\"id\":\"/subscriptions/51a36d38-3b14-471f-8dde-a5867f5e51eb/resourceGroups/aspstestt6jdws/providers/Microsoft.OperationalInsights/workspaces/asptest1qlb2s/providers/Microsoft.SecurityInsights/settings/EyesOn\",\"name\":\"EyesOn\",\"etag\":\"\\\"10001a5a-0000-0300-0000-62e41cb50000\\\"\",\"type\":\"Microsoft.SecurityInsights/settings\",\"kind\":\"EyesOn\",\"systemData\":{},\"properties\":{\"isEnabled\":true}},{\"id\":\"/subscriptions/51a36d38-3b14-471f-8dde-a5867f5e51eb/resourceGroups/aspstestt6jdws/providers/Microsoft.OperationalInsights/workspaces/asptest1qlb2s/providers/Microsoft.SecurityInsights/settings/IPSyncer\",\"name\":\"IPSyncer\",\"etag\":\"\\\"1000155a-0000-0300-0000-62e41cb50000\\\"\",\"type\":\"Microsoft.SecurityInsights/settings\",\"kind\":\"IPSyncer\",\"systemData\":{},\"properties\":{\"isEnabled\":true}}]}",
      "isContentBase64": false
    }
  },
  "Update-AzSentinelSetting+[NoContext]+UpdateViaIdentityExpanded+$GET+https://management.azure.com/subscriptions/51a36d38-3b14-471f-8dde-a5867f5e51eb/resourceGroups/aspstestt6jdws/providers/Microsoft.OperationalInsights/workspaces/asptest1qlb2s/providers/Microsoft.SecurityInsights/settings/EyesOn?api-version=2021-09-01-preview+1": {
    "Request": {
      "Method": "GET",
      "RequestUri": "https://management.azure.com/subscriptions/51a36d38-3b14-471f-8dde-a5867f5e51eb/resourceGroups/aspstestt6jdws/providers/Microsoft.OperationalInsights/workspaces/asptest1qlb2s/providers/Microsoft.SecurityInsights/settings/EyesOn?api-version=2021-09-01-preview",
      "Content": null,
      "isContentBase64": false,
      "Headers": {
        "x-ms-unique-id": [ "328" ],
        "x-ms-client-request-id": [ "e3f536b7-01e8-4f0c-8044-922d995ea1ac" ],
        "CommandName": [ "Get-AzSentinelSetting" ],
        "FullCommandName": [ "Get-AzSentinelSetting_Get" ],
        "ParameterSetName": [ "__AllParameterSets" ],
        "User-Agent": [ "AzurePowershell/v0.0.0", "PSVersion/v7.1.3", "Az.SecurityInsights/1.2.0" ],
        "Authorization": [ "[Filtered]" ]
      },
      "ContentHeaders": {
      }
    },
    "Response": {
      "StatusCode": 200,
      "Headers": {
        "Cache-Control": [ "no-cache" ],
        "Pragma": [ "no-cache" ],
        "Server": [ "Kestrel" ],
        "x-ms-ratelimit-remaining-subscription-reads": [ "11927" ],
        "x-ms-request-id": [ "01d5e178-8826-4968-bef3-81ee57d98191" ],
        "x-ms-correlation-request-id": [ "01d5e178-8826-4968-bef3-81ee57d98191" ],
        "x-ms-routing-request-id": [ "EASTUS2:20220729T183343Z:01d5e178-8826-4968-bef3-81ee57d98191" ],
        "Strict-Transport-Security": [ "max-age=31536000; includeSubDomains" ],
        "X-Content-Type-Options": [ "nosniff" ],
        "Date": [ "Fri, 29 Jul 2022 18:33:42 GMT" ]
      },
      "ContentHeaders": {
        "Content-Length": [ "383" ],
        "Content-Type": [ "application/json; charset=utf-8" ],
        "Expires": [ "-1" ]
      },
      "Content": "{\"id\":\"/subscriptions/51a36d38-3b14-471f-8dde-a5867f5e51eb/resourceGroups/aspstestt6jdws/providers/Microsoft.OperationalInsights/workspaces/asptest1qlb2s/providers/Microsoft.SecurityInsights/settings/EyesOn\",\"name\":\"EyesOn\",\"etag\":\"\\\"10001a5a-0000-0300-0000-62e41cb50000\\\"\",\"type\":\"Microsoft.SecurityInsights/settings\",\"kind\":\"EyesOn\",\"systemData\":{},\"properties\":{\"isEnabled\":true}}",
      "isContentBase64": false
    }
  },
  "Update-AzSentinelSetting+[NoContext]+UpdateViaIdentityExpanded+$GET+https://management.azure.com/subscriptions/51a36d38-3b14-471f-8dde-a5867f5e51eb/resourceGroups/aspstestt6jdws/providers/Microsoft.OperationalInsights/workspaces/asptest1qlb2s/providers/Microsoft.SecurityInsights/settings?api-version=2021-09-01-preview+2": {
    "Request": {
      "Method": "GET",
      "RequestUri": "https://management.azure.com/subscriptions/51a36d38-3b14-471f-8dde-a5867f5e51eb/resourceGroups/aspstestt6jdws/providers/Microsoft.OperationalInsights/workspaces/asptest1qlb2s/providers/Microsoft.SecurityInsights/settings?api-version=2021-09-01-preview",
      "Content": null,
      "isContentBase64": false,
      "Headers": {
        "x-ms-unique-id": [ "331" ],
        "x-ms-client-request-id": [ "2dbc230b-8823-4010-8f7d-5809fcf0e952" ],
        "CommandName": [ "get-AzSentinelSetting" ],
        "FullCommandName": [ "Get-AzSentinelSetting_List" ],
        "ParameterSetName": [ "__AllParameterSets" ],
        "User-Agent": [ "AzurePowershell/v0.0.0", "PSVersion/v7.1.3", "Az.SecurityInsights/1.2.0" ],
        "Authorization": [ "[Filtered]" ]
      },
      "ContentHeaders": {
      }
    },
    "Response": {
      "StatusCode": 200,
      "Headers": {
        "Cache-Control": [ "no-cache" ],
        "Pragma": [ "no-cache" ],
        "Server": [ "Kestrel" ],
        "x-ms-ratelimit-remaining-subscription-reads": [ "11925" ],
        "x-ms-request-id": [ "adb5a825-d88c-4d43-bfd2-8dba814ac337" ],
        "x-ms-correlation-request-id": [ "adb5a825-d88c-4d43-bfd2-8dba814ac337" ],
        "x-ms-routing-request-id": [ "EASTUS2:20220729T183344Z:adb5a825-d88c-4d43-bfd2-8dba814ac337" ],
        "Strict-Transport-Security": [ "max-age=31536000; includeSubDomains" ],
        "X-Content-Type-Options": [ "nosniff" ],
        "Date": [ "Fri, 29 Jul 2022 18:33:43 GMT" ]
      },
      "ContentHeaders": {
        "Content-Length": [ "401" ],
        "Content-Type": [ "application/json; charset=utf-8" ],
        "Expires": [ "-1" ]
      },
      "Content": "{\"value\":[{\"id\":\"/subscriptions/51a36d38-3b14-471f-8dde-a5867f5e51eb/resourceGroups/aspstestt6jdws/providers/Microsoft.OperationalInsights/workspaces/asptest1qlb2s/providers/Microsoft.SecurityInsights/settings/IPSyncer\",\"name\":\"IPSyncer\",\"etag\":\"\\\"1000155a-0000-0300-0000-62e41cb50000\\\"\",\"type\":\"Microsoft.SecurityInsights/settings\",\"kind\":\"IPSyncer\",\"systemData\":{},\"properties\":{\"isEnabled\":true}}]}",
      "isContentBase64": false
    }
  }
}